4/28 18:34:18.543  COMBAT_LOG_VERSION,9,ADVANCED_LOG_ENABLED,1,BUILD_VERSION,1.13.4,PROJECT_ID,2
4/28 18:48:29.036  ENCOUNTER_START,1084,"Onyxia",9,40,249
4/28 18:48:29.036  COMBATANT_INFO,Player-4755-020BD78D,66,426,370,193,172,0,0,0,0,0,0,0,0,0,0,0,0,0,0,0,0,3628,0,(),(0,0,0,0),[],[(16939,76,(2586,0,0),(),()),(18404,74,(),(),()),(16937,76,(),(),()),(10055,47,(),(),()),(16942,76,(1891,0,0),(),()),(16936,76,(),(),()),(16938,76,(),(),()),(16849,66,(1887,0,0),(),()),(16935,76,(1883,0,0),(),()),(16940,76,(1887,0,0),(),()),(19325,65,(),(),()),(18500,61,(),(),()),(19991,52,(),(),()),(13965,63,(),(),()),(13340,63,(849,0,0),(),()),(13036,57,(2564,0,0),(),()),(13036,57,(2564,0,0),(),()),(18713,75,(664,0,0),(),()),(5976,1,(),(),())],[]
4/28 18:48:29.036  COMBATANT_INFO,Player-4755-01F36B30,52,51,320,275,204,0,0,0,0,0,0,0,0,0,0,0,0,0,0,0,0,1307,0,(),(0,0,0,0),[],[(16929,76,(2544,0,0),(),()),(18814,78,(),(),()),(16932,76,(),(),()),(0,0,(),(),()),(19682,65,(1891,0,0),(),()),(16933,76,(),(),()),(19683,65,(),(),()),(19684,65,(911,0,0),(),()),(16804,66,(1883,0,0),(),()),(18407,62,(930,0,0),(),()),(7553,48,(),(),()),(12545,60,(),(),()),(13968,63,(),(),()),(18467,62,(),(),()),(17078,72,(1888,0,0),(),()),(17103,71,(2504,0,0),(),()),(15988,63,(),(),()),(15281,57,(),(),()),(5976,1,(),(),())],[]
4/28 18:48:29.036  COMBATANT_INFO,Player-4755-0178F416,254,159,317,29,91,0,0,0,0,0,0,0,0,0,0,0,0,0,0,0,0,3662,0,(),(0,0,0,0),[],[(12640,61,(1506,0,0),(),()),(18404,74,(),(),()),(15051,60,(2483,0,0),(),()),(10055,47,(),(),()),(11726,57,(1891,0,0),(),()),(19823,61,(),(),()),(15052,62,(),(),()),(19387,77,(911,0,0),(),()),(19824,61,(1885,0,0),(),()),(19143,69,(927,0,0),(),()),(19325,65,(),(),()),(19384,83,(),(),()),(13965,63,(),(),()),(11815,58,(),(),()),(13340,63,(849,0,0),(),()),(17182,80,(1900,0,0),(),()),(0,0,(),(),()),(18323,58,(664,0,0),(),()),(5976,1,(),(),())],[]
4/28 18:48:29.036  COMBATANT_INFO,Player-4755-01804B95,92,56,292,258,210,0,0,0,0,0,0,0,0,0,0,0,0,0,0,0,0,4864,0,(),(0,0,0,0),[],[(16947,76,(),(),()),(18723,62,(),(),()),(18810,71,(),(),()),(5107,14,(),(),()),(15047,61,(1891,0,0),(),()),(18327,59,(),(),()),(16946,76,(),(),()),(19391,77,(911,0,0),(),()),(13969,61,(2566,0,0),(),()),(16839,66,(),(),()),(16058,63,(),(),()),(18103,63,(),(),()),(11819,59,(),(),()),(18471,62,(),(),()),(18510,62,(1888,0,0),(),()),(19890,66,(),(),()),(17106,75,(929,0,0),(),()),(0,0,(),(),()),(23192,1,(),(),())],[]
4/28 18:48:29.036  COMBATANT_INFO,Player-4755-01840577,120,168,381,170,156,0,0,0,0,0,0,0,0,0,0,0,0,0,0,0,0,2577,0,(),(0,0,0,0),[],[(18817,76,(2543,0,0),(),()),(18404,74,(),(),()),(15051,60,(),(),()),(10055,47,(),(),()),(15050,58,(1891,0,0),(),()),(20216,70,(),(),()),(19887,71,(2543,0,0),(),()),(19144,68,(1887,0,0),(),()),(18812,71,(1885,0,0),(),()),(11814,58,(931,0,0),(),()),(19384,83,(),(),()),(18821,67,(),(),()),(19120,51,(),(),()),(13965,63,(),(),()),(17102,74,(849,0,0),(),()),(19169,70,(1900,1669,0),(),()),(0,0,(),(),()),(0,0,(),(),()),(5976,1,(),(),())],[]
4/28 18:48:29.036  COMBATANT_INFO,Player-4755-01BC57A3,38,42,324,364,323,0,0,0,0,0,0,0,0,0,0,0,0,0,0,0,0,2132,0,(),(0,0,0,0),[],[(16921,76,(),(),()),(18723,62,(),(),()),(16924,76,(2483,0,0),(),()),(4333,31,(),(),()),(14154,62,(1891,0,0),(),()),(16925,76,(),(),()),(16814,66,(),(),()),(16811,66,(911,0,0),(),()),(19843,61,(2566,0,0),(),()),(16812,66,(930,0,0),(),()),(16058,63,(),(),()),(19140,71,(),(),()),(17064,71,(),(),()),(18469,62,(),(),()),(18510,62,(1888,0,0),(),()),(18608,75,(2505,0,0),(),()),(0,0,(),(),()),(19367,75,(),(),()),(0,0,(),(),())],[]
4/28 18:48:29.036  COMBATANT_INFO,Player-4755-01ED7A64,38,42,268,367,312,0,0,0,0,0,0,0,0,0,0,0,0,0,0,0,0,2159,0,(),(0,0,0,0),[],[(16921,76,(),(),()),(18723,62,(),(),()),(16816,66,(),(),()),(53,1,(),(),()),(16923,76,(1891,0,0),(),()),(16817,66,(),(),()),(19385,77,(2544,0,0),(),()),(16811,66,(911,0,0),(),()),(16819,66,(2566,0,0),(),()),(16920,76,(909,0,0),(),()),(16058,63,(),(),()),(13178,60,(),(),()),(18469,62,(),(),()),(11819,59,(),(),()),(18510,62,(1888,0,0),(),()),(18608,75,(2505,0,0),(),()),(0,0,(),(),()),(16997,62,(),(),()),(0,0,(),(),())],[]
4/28 18:48:29.036  COMBATANT_INFO,Player-4755-0220BD00,321,180,480,27,60,0,0,0,0,0,0,0,0,0,0,0,0,0,0,0,0,5565,0,(),(0,0,0,0),[],[(12640,61,(2583,0,0),(),()),(18404,74,(),(),()),(16868,66,(2483,0,0),(),()),(0,0,(),(),()),(16865,66,(),(),()),(16864,66,(),(),()),(16962,76,(2583,0,0),(),()),(19387,77,(911,0,0),(),()),(16861,66,(1886,0,0),(),()),(16863,66,(1887,0,0),(),()),(19432,75,(),(),()),(19376,83,(),(),()),(20130,52,(),(),()),(13965,63,(),(),()),(22712,68,(849,0,0),(),()),(811,57,(1900,0,0),(),()),(19103,65,(1900,0,0),(),()),(17069,69,(664,0,0),(),()),(23192,1,(),(),())],[]
4/28 18:48:29.036  COMBATANT_INFO,Player-4755-01AC9FD9,207,359,326,67,97,0,0,0,0,0,0,0,0,0,0,0,0,0,0,0,0,1908,0,(),(0,0,0,0),[],[(16908,76,(),(),()),(18404,74,(),(),()),(19835,61,(),(),()),(2105,1,(),(),()),(16905,76,(1891,0,0),(),()),(16827,66,(),(),()),(15062,60,(),(),()),(19906,68,(911,0,0),(),()),(19836,61,(1886,0,0),(),()),(16826,66,(1887,0,0),(),()),(19325,65,(),(),()),(19925,68,(),(),()),(13965,63,(),(),()),(11815,58,(),(),()),(13340,63,(849,0,0),(),()),(19365,75,(1900,0,0),(),()),(15806,61,(1900,625,0),(),()),(17072,70,(664,0,0),(),()),(5976,1,(),(),())],[]
4/28 18:48:29.036  COMBATANT_INFO,Player-4755-01802FE5,33,37,211,340,215,0,0,0,0,0,0,0,0,0,0,0,0,0,0,0,0,684,0,(),(0,0,0,0),[],[(16795,66,(2544,0,0),(),()),(17109,65,(),(),()),(11782,57,(2483,0,0),(),()),(0,0,(),(),()),(19682,65,(1891,0,0),(),()),(19136,71,(),(),()),(19683,65,(2588,0,0),(),()),(19684,65,(911,0,0),(),()),(16799,66,(1883,0,0),(),()),(16801,66,(),(),()),(13001,61,(),(),()),(12545,60,(),(),()),(19339,76,(),(),()),(12930,60,(),(),()),(19378,83,(1888,0,0),(),()),(17103,71,(2504,0,0),(),()),(19310,65,(),(),()),(19108,63,(),(),()),(0,0,(),(),())],[]
4/28 18:48:29.036  COMBATANT_INFO,Player-4755-01B60A5F,63,298,292,149,141,0,0,0,0,0,0,0,0,0,0,0,0,0,0,0,0,2603,0,(),(0,0,0,0),[],[(18421,63,(),(),()),(19095,60,(),(),()),(16848,66,(),(),()),(0,0,(),(),()),(16674,63,(908,0,0),(),()),(16851,66,(),(),()),(15062,60,(1843,0,0),(),()),(19919,68,(911,0,0),(),()),(19833,61,(1886,0,0),(),()),(15063,58,(904,0,0),(),()),(18500,61,(),(),()),(17713,54,(),(),()),(19991,52,(),(),()),(13965,63,(),(),()),(13340,63,(247,0,0),(),()),(18725,59,(),(),()),(0,0,(),(),()),(19853,68,(664,0,0),(),()),(15197,20,(),(),())],[]
4/28 18:48:29.036  COMBATANT_INFO,Player-4755-015FEBD5,29,33,250,311,236,0,0,0,0,0,0,0,0,0,0,0,0,0,0,0,0,1386,0,(),(0,0,0,0),[],[(18727,59,(),(),()),(17109,65,(),(),()),(18681,61,(),(),()),(2575,10,(),(),()),(14340,62,(),(),()),(16818,76,(),(),()),(16796,66,(1503,0,0),(),()),(16912,76,(911,0,0),(),()),(16799,66,(1883,0,0),(),()),(16801,66,(930,0,0),(),()),(17045,61,(),(),()),(12545,60,(),(),()),(13968,63,(),(),()),(18468,62,(),(),()),(19085,60,(),(),()),(19884,66,(2504,0,0),(),()),(0,0,(),(),()),(19108,63,(),(),()),(5976,1,(),(),())],[]
4/28 18:48:29.036  COMBATANT_INFO,Player-4755-01F21AE6,300,137,556,56,59,0,0,0,0,0,0,0,0,0,0,0,0,0,0,0,0,5401,0,(),(0,0,0,0),[],[(16963,76,(2583,0,0),(),()),(18404,74,(),(),()),(16961,76,(2483,0,0),(),()),(6125,1,(),(),()),(16966,76,(1892,0,0),(),()),(20216,70,(),(),()),(16962,76,(2583,0,0),(),()),(16862,66,(911,0,0),(),()),(16959,76,(1885,0,0),(),()),(18823,69,(1887,0,0),(),()),(19325,65,(),(),()),(19384,83,(),(),()),(19120,51,(),(),()),(13965,63,(),(),()),(17107,73,(1889,0,0),(),()),(19335,73,(1900,0,0),(),()),(19324,65,(1900,0,0),(),()),(18323,58,(),(),()),(0,0,(),(),())],[]
4/28 18:48:29.036  COMBATANT_INFO,Player-4755-0178F576,60,438,318,155,155,0,0,0,0,0,0,0,0,0,0,0,0,0,0,0,0,3348,0,(),(0,0,0,0),[],[(16846,66,(1508,0,0),(),()),(18404,74,(),(),()),(16848,66,(),(),()),(127,1,(),(),()),(16845,66,(1891,0,0),(),()),(16851,66,(),(),()),(16847,66,(1508,0,0),(),()),(16849,66,(1887,0,0),(),()),(16850,66,(1883,0,0),(),()),(16852,66,(1887,0,0),(),()),(19325,65,(),(),()),(18500,61,(),(),()),(19991,52,(),(),()),(13965,63,(),(),()),(13340,63,(849,0,0),(),()),(19865,68,(2564,0,0),(),()),(18737,62,(2564,0,0),(),()),(18713,75,(664,0,0),(),()),(15199,40,(),(),())],[]
4/28 18:48:29.036  COMBATANT_INFO,Player-4755-0160BD13,281,196,330,41,92,0,0,0,0,0,0,0,0,0,0,0,0,0,0,0,0,3969,0,(),(0,0,0,0),[],[(12640,61,(1506,0,0),(),()),(18404,74,(),(),()),(16868,66,(2483,0,0),(),()),(6125,1,(),(),()),(11726,57,(1891,0,0),(),()),(19823,61,(),(),()),(18380,62,(1843,0,0),(),()),(14616,61,(911,0,0),(),()),(19824,61,(1885,0,0),(),()),(19143,69,(927,0,0),(),()),(19325,65,(),(),()),(18500,61,(),(),()),(13965,63,(),(),()),(11815,58,(),(),()),(13340,63,(849,0,0),(),()),(19353,75,(1900,0,0),(),()),(0,0,(),(),()),(17072,70,(),(),()),(23192,1,(),(),())],[]
4/28 18:48:29.036  COMBATANT_INFO,Player-4755-01E83279,60,442,360,168,163,0,0,0,0,0,0,0,0,0,0,0,0,0,0,0,0,3595,0,(),(0,0,0,0),[],[(16939,76,(1508,0,0),(),()),(19377,83,(),(),()),(16848,66,(2483,0,0),(),()),(10055,47,(),(),()),(16845,66,(1891,0,0),(),()),(16936,76,(),(),()),(16938,76,(18,0,0),(),()),(16941,76,(1887,0,0),(),()),(16935,76,(1886,0,0),(),()),(16852,66,(1887,0,0),(),()),(19898,68,(),(),()),(19925,68,(),(),()),(19991,52,(),(),()),(13965,63,(),(),()),(22712,68,(849,0,0),(),()),(19896,65,(2564,0,0),(),()),(18737,62,(2564,0,0),(),()),(18713,75,(664,0,0),(),()),(23192,1,(),(),())],[]
4/28 18:48:29.036  COMBATANT_INFO,Player-4755-016DF694,174,149,308,164,172,0,0,0,0,0,0,0,0,0,0,0,0,0,0,0,0,2670,0,(),(0,0,0,0),[],[(18817,76,(2543,0,0),(),()),(18404,74,(),(),()),(15051,60,(2483,0,0),(),()),(18231,1,(),(),()),(15050,58,(1891,0,0),(),()),(18393,61,(),(),()),(15052,62,(1843,0,0),(),()),(19381,83,(1887,0,0),(),()),(18812,71,(1885,0,0),(),()),(19157,70,(931,0,0),(),()),(18821,67,(),(),()),(19325,65,(),(),()),(11815,58,(),(),()),(13965,63,(),(),()),(13340,63,(849,0,0),(),()),(19357,75,(1900,1669,0),(),()),(0,0,(),(),()),(0,0,(),(),()),(5976,1,(),(),())],[]
4/28 18:48:29.036  COMBATANT_INFO,Player-4755-021D6506,33,37,240,358,215,0,0,0,0,0,0,0,0,0,0,0,0,0,0,0,0,917,0,(),(0,0,0,0),[],[(16914,76,(2544,0,0),(),()),(18814,78,(),(),()),(19370,73,(2483,0,0),(),()),(6096,1,(),(),()),(16916,76,(1891,0,0),(),()),(11662,54,(),(),()),(16915,76,(2544,0,0),(),()),(19438,71,(911,0,0),(),()),(19374,75,(1883,0,0),(),()),(13253,60,(909,0,0),(),()),(19147,66,(),(),()),(13001,61,(),(),()),(19339,76,(),(),()),(12930,60,(),(),()),(22711,68,(1888,0,0),(),()),(18842,70,(2504,0,0),(),()),(0,0,(),(),()),(19108,63,(),(),()),(19031,20,(),(),())],[]
4/28 18:48:29.036  COMBATANT_INFO,Player-4755-0163DD9D,29,33,197,332,205,0,0,0,0,0,0,0,0,0,0,0,0,0,0,0,0,834,0,(),(0,0,0,0),[],[(16795,66,(2544,0,0),(),()),(17109,65,(),(),()),(11782,57,(),(),()),(0,0,(),(),()),(19682,65,(),(),()),(19136,71,(),(),()),(19683,65,(),(),()),(19684,65,(911,0,0),(),()),(16799,66,(1883,0,0),(),()),(16801,66,(930,0,0),(),()),(19397,75,(),(),()),(12545,60,(),(),()),(19950,68,(),(),()),(13968,63,(),(),()),(17078,72,(1888,0,0),(),()),(17103,71,(2504,0,0),(),()),(19310,65,(),(),()),(19108,63,(),(),()),(0,0,(),(),())],[]
4/28 18:48:29.036  COMBATANT_INFO,Player-4755-01A6B139,161,359,335,68,99,0,0,0,0,0,0,0,0,0,0,0,0,0,0,0,0,1969,0,(),(0,0,0,0),[],[(16908,76,(2543,0,0),(),()),(18404,74,(),(),()),(16832,76,(),(),()),(2105,1,(),(),()),(16820,66,(1891,0,0),(),()),(16827,66,(),(),()),(16822,66,(2543,0,0),(),()),(16824,66,(1887,0,0),(),()),(16911,76,(1885,0,0),(),()),(18823,69,(1887,0,0),(),()),(19384,83,(),(),()),(19325,65,(),(),()),(11815,58,(),(),()),(13965,63,(),(),()),(13340,63,(849,0,0),(),()),(19859,68,(1897,0,0),(),()),(17071,69,(1900,625,0),(),()),(18323,58,(664,0,0),(),()),(0,0,(),(),())],[]
4/28 18:48:29.036  COMBATANT_INFO,Player-4755-0210153A,38,42,263,376,310,0,0,0,0,0,0,0,0,0,0,0,0,0,0,0,0,2138,0,(),(0,0,0,0),[],[(16921,76,(),(),()),(18723,62,(),(),()),(16816,66,(),(),()),(4334,34,(),(),()),(16923,76,(1891,0,0),(),()),(16817,66,(),(),()),(16814,66,(),(),()),(16919,76,(911,0,0),(),()),(11962,55,(905,0,0),(),()),(16812,66,(),(),()),(16058,63,(),(),()),(19038,48,(),(),()),(13968,63,(),(),()),(18469,62,(),(),()),(19870,71,(903,0,0),(),()),(18608,75,(2505,0,0),(),()),(0,0,(),(),()),(19118,50,(),(),()),(23192,1,(),(),())],[]
4/28 18:48:29.036  COMBATANT_INFO,Player-4755-01FA8D0D,47,51,424,352,214,0,0,0,0,0,0,0,0,0,0,0,0,0,0,0,0,1349,0,(),(0,0,0,0),[],[(16929,76,(2544,0,0),(),()),(19876,68,(),(),()),(16807,66,(),(),()),(10056,43,(),(),()),(16809,66,(928,0,0),(),()),(16933,76,(),(),()),(16930,76,(2544,0,0),(),()),(16803,66,(911,0,0),(),()),(16934,76,(1883,0,0),(),()),(16805,66,(930,0,0),(),()),(12545,60,(),(),()),(19403,75,(),(),()),(19950,68,(),(),()),(18852,1,(),(),()),(17078,72,(1888,0,0),(),()),(18842,70,(2504,0,0),(),()),(0,0,(),(),()),(19861,68,(),(),()),(15199,40,(),(),())],[]
4/28 18:48:29.036  COMBATANT_INFO,Player-4755-016296D3,92,56,314,307,234,0,0,0,0,0,0,0,0,0,0,0,0,0,0,0,0,4947,0,(),(0,0,0,0),[],[(16947,76,(2587,0,0),(),()),(19371,74,(),(),()),(18810,71,(),(),()),(0,0,(),(),()),(13346,63,(1891,0,0),(),()),(16838,66,(),(),()),(16946,76,(),(),()),(19892,71,(911,0,0),(),()),(19830,61,(2566,0,0),(),()),(16948,76,(),(),()),(16058,63,(),(),()),(13178,60,(),(),()),(11832,58,(),(),()),(17064,71,(),(),()),(19430,75,(1888,0,0),(),()),(22713,68,(0,1669,0),(),()),(17106,75,(929,0,0),(),()),(0,0,(),(),()),(5976,1,(),(),())],[]
4/28 18:48:29.036  COMBATANT_INFO,Player-4755-01733879,381,212,458,57,86,0,0,0,0,0,0,0,0,0,0,0,0,0,0,0,0,6462,0,(),(0,0,0,0),[],[(19372,74,(2583,0,0),(),()),(18404,74,(),(),()),(16961,76,(2483,0,0),(),()),(4334,34,(),(),()),(19822,65,(1892,0,0),(),()),(16864,66,(),(),()),(16962,76,(2583,0,0),(),()),(19387,77,(911,0,0),(),()),(16959,76,(1886,0,0),(),()),(18823,69,(1887,0,0),(),()),(19325,65,(),(),()),(19384,83,(),(),()),(20130,52,(),(),()),(13965,63,(),(),()),(17102,74,(),(),()),(18816,77,(1900,0,0),(),()),(18805,70,(1900,1643,0),(),()),(18323,58,(),(),()),(23192,1,(),(),())],[]
4/28 18:48:29.036  COMBATANT_INFO,Player-4755-01637B0A,174,352,287,64,95,0,0,0,0,0,0,0,0,0,0,0,0,0,0,0,0,1902,0,(),(0,0,0,0),[],[(16821,66,(1505,0,0),(),()),(18404,74,(),(),()),(19835,61,(2483,0,0),(),()),(18231,1,(),(),()),(16820,66,(),(),()),(16910,76,(),(),()),(16909,76,(1508,0,0),(),()),(16711,59,(911,0,0),(),()),(19836,61,(1885,0,0),(),()),(18823,69,(1887,0,0),(),()),(18500,61,(),(),()),(19325,65,(),(),()),(11815,58,(),(),()),(13965,63,(),(),()),(13340,63,(849,0,0),(),()),(17071,69,(1900,0,0),(),()),(13368,62,(1900,625,0),(),()),(18323,58,(),(),()),(0,0,(),(),())],[]
4/28 18:48:29.036  COMBATANT_INFO,Player-4755-01FA8DD8,38,42,267,376,323,0,0,0,0,0,0,0,0,0,0,0,0,0,0,0,0,731,0,(),(0,0,0,0),[],[(22720,68,(),(),()),(19371,74,(),(),()),(18681,61,(2483,0,0),(),()),(53,1,(),(),()),(16923,76,(1891,0,0),(),()),(16925,76,(),(),()),(16922,76,(2544,0,0),(),()),(16811,66,(911,0,0),(),()),(19843,61,(),(),()),(16812,66,(),(),()),(19140,71,(),(),()),(19382,83,(),(),()),(13968,63,(),(),()),(18469,62,(),(),()),(18510,62,(1888,0,0),(),()),(18608,75,(2505,0,0),(),()),(0,0,(),(),()),(13938,62,(),(),()),(5976,1,(),(),())],[]
4/28 18:48:29.036  COMBATANT_INFO,Player-4755-01617EEE,40,46,304,310,298,0,0,0,0,0,0,0,0,0,0,0,0,0,0,0,0,729,0,(),(0,0,0,0),[],[(18727,59,(),(),()),(17109,65,(),(),()),(16816,66,(2483,0,0),(),()),(53,1,(),(),()),(14154,62,(1891,0,0),(),()),(18809,71,(),(),()),(16922,76,(),(),()),(16919,76,(911,0,0),(),()),(16819,66,(2566,0,0),(),()),(16812,66,(),(),()),(13178,60,(),(),()),(16058,63,(),(),()),(12930,60,(),(),()),(18469,62,(),(),()),(18510,62,(1888,0,0),(),()),(18608,75,(2505,0,0),(),()),(0,0,(),(),()),(17077,63,(),(),()),(0,0,(),(),())],[]
4/28 18:48:29.036  COMBATANT_INFO,Player-4755-01614AC7,48,52,304,267,189,0,0,0,0,0,0,0,0,0,0,0,0,0,0,0,0,1308,0,(),(0,0,0,0),[],[(19999,65,(),(),()),(18814,78,(),(),()),(16932,76,(),(),()),(10054,46,(),(),()),(19682,65,(1891,0,0),(),()),(19388,77,(),(),()),(19683,65,(),(),()),(19684,65,(911,0,0),(),()),(16934,76,(1883,0,0),(),()),(19407,75,(),(),()),(19147,66,(),(),()),(19147,66,(),(),()),(18467,62,(),(),()),(13968,63,(),(),()),(18509,62,(1888,0,0),(),()),(19864,68,(2504,0,0),(),()),(19922,68,(),(),()),(13938,62,(),(),()),(5976,1,(),(),())],[]
4/28 18:48:29.036  COMBATANT_INFO,Player-4755-02045EF4,34,38,359,329,193,0,0,0,0,0,0,0,0,0,0,0,0,0,0,0,0,2855,0,(),(0,0,0,0),[],[(23261,71,(),(),()),(18814,78,(),(),()),(23262,71,(),(),()),(18231,1,(),(),()),(22885,68,(1892,0,0),(),()),(19400,75,(),(),()),(17625,71,(),(),()),(17618,71,(911,0,0),(),()),(19595,65,(1883,0,0),(),()),(17620,71,(930,0,0),(),()),(18103,63,(),(),()),(12545,60,(),(),()),(12930,60,(),(),()),(18820,66,(),(),()),(22711,68,(),(),()),(18608,75,(2504,0,0),(),()),(0,0,(),(),()),(16997,62,(),(),()),(0,0,(),(),())],[]
4/28 18:48:29.202  SPELL_AURA_APPLIED,Player-4755-01733879,"Hocwar-Dreadmist",0x40514,0x0,Player-4755-01733879,"Hocwar-Dreadmist",0x40514,0x0,29131,"Bloodrage",0x1,BUFF
4/28 18:48:29.202  SPELL_CAST_SUCCESS,Player-4755-01733879,"Hocwar-Dreadmist",0x40514,0x0,0000000000000000,nil,0x80000000,0x80000000,2687,"Bloodrage",0x1,Player-4755-01733879,0000000000000000,90,100,0,0,0,-1,0,0,0,-62.18,-215.91,0,6.2380,71
4/28 18:48:29.441  SPELL_ENERGIZE,Player-4755-01733879,"Hocwar-Dreadmist",0x40514,0x0,Player-4755-01733879,"Hocwar-Dreadmist",0x40514,0x0,2687,"Bloodrage",0x1,Player-4755-01733879,0000000000000000,85,100,0,0,0,-1,0,0,0,-60.30,-215.99,0,6.2459,71,15.0000,0.0000,1,1000
4/28 18:48:29.480  SPELL_PERIODIC_ENERGIZE,Player-4755-01F21AE6,"Blahu-Dreadmist",0x40514,0x0,Player-4755-01F21AE6,"Blahu-Dreadmist",0x40514,0x0,29131,"Bloodrage",0x1,Player-4755-01F21AE6,0000000000000000,96,100,0,0,0,-1,0,0,0,-69.70,-194.72,0,6.2220,70,1.0000,0.0000,1,1000
4/28 18:48:30.122  SPELL_PERIODIC_HEAL,Player-4755-01617EEE,"Fenix-Dreadmist",0x512,0x0,Player-4755-0160BD13,"Mafkees-Dreadmist",0x514,0x0,10929,"Renew",0x2,Player-4755-0160BD13,0000000000000000,100,100,0,0,0,-1,0,0,0,-65.58,-198.45,0,0.3244,64,330,330,330,0,nil
4/28 18:48:30.204  SPELL_PERIODIC_ENERGIZE,Player-4755-01E83279,"Nlmasters-Dreadmist",0x514,0x8,Pet-0-4457-249-1045-7432-01002D8BC6,"Cat",0x1114,0x0,1539,"Feed Pet Effect",0x1,Pet-0-4457-249-1045-7432-01002D8BC6,Player-4755-01E83279,100,100,0,0,0,-1,0,0,0,-62.75,-191.74,0,0.0979,70,35.0000,0.0000,4,1000000
4/28 18:48:30.204  SPELL_PERIODIC_ENERGIZE,Player-4755-01733879,"Hocwar-Dreadmist",0x40514,0x0,Player-4755-01733879,"Hocwar-Dreadmist",0x40514,0x0,29131,"Bloodrage",0x1,Player-4755-01733879,0000000000000000,85,100,0,0,0,-1,0,0,0,-54.59,-216.14,0,0.0094,71,1.0000,0.0000,1,1000
4/28 18:48:30.366  SPELL_AURA_REFRESH,Player-4755-015FEBD5,"Sauvage-Dreadmist",0x514,0x0,Player-4755-015FEBD5,"Sauvage-Dreadmist",0x514,0x0,10193,"Mana Shield",0x40,BUFF
4/28 18:48:30.367  SPELL_CAST_SUCCESS,Player-4755-015FEBD5,"Sauvage-Dreadmist",0x514,0x0,0000000000000000,nil,0x80000000,0x80000000,10193,"Mana Shield",0x40,Player-4755-015FEBD5,0000000000000000,100,100,0,0,0,-1,0,0,0,-77.30,-194.24,0,0.1751,64
4/28 18:48:30.463  SPELL_AURA_APPLIED,Player-4755-01FA8DD8,"Roackerita-Dreadmist",0x514,0x0,Player-4755-01FA8DD8,"Roackerita-Dreadmist",0x514,0x0,10899,"Power Word: Shield",0x2,BUFF
4/28 18:48:30.463  SPELL_CAST_SUCCESS,Player-4755-01FA8DD8,"Roackerita-Dreadmist",0x514,0x0,Player-4755-01FA8DD8,"Roackerita-Dreadmist",0x514,0x0,10899,"Power Word: Shield",0x2,Player-4755-01FA8DD8,0000000000000000,100,100,0,0,0,-1,0,0,0,-75.44,-194.01,0,0.9687,69
4/28 18:48:30.491  SPELL_PERIODIC_ENERGIZE,Player-4755-01F21AE6,"Blahu-Dreadmist",0x40514,0x0,Player-4755-01F21AE6,"Blahu-Dreadmist",0x40514,0x0,29131,"Bloodrage",0x1,Player-4755-01F21AE6,0000000000000000,96,100,0,0,0,-1,0,0,0,-64.17,-190.32,0,5.8241,70,1.0000,0.0000,1,1000
4/28 18:48:30.660  SPELL_AURA_APPLIED,Player-4755-01FA8DD8,"Roackerita-Dreadmist",0x514,0x0,Player-4755-01FA8DD8,"Roackerita-Dreadmist",0x514,0x0,6788,"Weakened Soul",0x2,DEBUFF
4/28 18:48:30.920  SPELL_CAST_SUCCESS,Player-4755-01733879,"Hocwar-Dreadmist",0x40514,0x0,Creature-0-4457-249-1045-10184-000028665C,"Onyxia",0xa48,0x0,11597,"Sunder Armor",0x1,Player-4755-01733879,0000000000000000,85,100,0,0,0,-1,0,0,0,-49.11,-216.05,0,6.2771,71
4/28 18:48:30.920  SPELL_MISSED,Player-4755-01733879,"Hocwar-Dreadmist",0x40514,0x0,Creature-0-4457-249-1045-10184-000028665C,"Onyxia",0xa48,0x0,23267,"Firebolt",0x4,IMMUNE,nil
4/28 18:48:30.978  SWING_DAMAGE,Player-4755-01733879,"Hocwar-Dreadmist",0x40514,0x0,Creature-0-4457-249-1045-10184-000028665C,"Onyxia",0xa48,0x0,Player-4755-01733879,0000000000000000,85,100,0,0,0,-1,0,0,0,-48.78,-216.06,0,6.2770,71,55,115,-1,1,0,0,0,nil,1,nil
4/28 18:48:31.074  SPELL_AURA_APPLIED,Player-4755-01733879,"Hocwar-Dreadmist",0x40514,0x0,Creature-0-4457-249-1045-10184-000028665C,"Onyxia",0xa48,0x0,11597,"Sunder Armor",0x1,DEBUFF
4/28 18:48:31.074  SWING_DAMAGE_LANDED,Player-4755-01733879,"Hocwar-Dreadmist",0x40514,0x0,Creature-0-4457-249-1045-10184-000028665C,"Onyxia",0xa48,0x0,Creature-0-4457-249-1045-10184-000028665C,0000000000000000,100,100,0,0,0,-1,0,0,0,-23.04,-216.87,0,3.1046,63,55,115,-1,1,0,0,0,nil,1,nil
4/28 18:48:31.168  SWING_DAMAGE,Player-4755-01733879,"Hocwar-Dreadmist",0x40514,0x0,Creature-0-4457-249-1045-10184-000028665C,"Onyxia",0xa48,0x0,Player-4755-01733879,0000000000000000,85,100,0,0,0,-1,0,0,0,-47.25,-216.07,0,6.2742,71,262,209,-1,1,0,0,0,1,nil,nil
4/28 18:48:31.197  SPELL_PERIODIC_ENERGIZE,Player-4755-01733879,"Hocwar-Dreadmist",0x40514,0x0,Player-4755-01733879,"Hocwar-Dreadmist",0x40514,0x0,29131,"Bloodrage",0x1,Player-4755-01733879,0000000000000000,85,100,0,0,0,-1,0,0,0,-47.07,-216.07,0,6.2742,71,1.0000,0.0000,1,1000
4/28 18:48:31.247  SPELL_CAST_SUCCESS,Player-4755-01BC57A3,"Saintis-Dreadmist",0x511,0x0,Player-4755-01733879,"Hocwar-Dreadmist",0x40514,0x0,10929,"Renew",0x2,Player-4755-01BC57A3,0000000000000000,100,100,0,0,0,-1,0,0,0,-63.18,-190.43,0,0.0326,68
4/28 18:48:31.454  SWING_MISSED,Creature-0-4457-249-1045-10184-000028665C,"Onyxia",0xa48,0x0,Player-4755-01733879,"Hocwar-Dreadmist",0x40514,0x0,PARRY,nil
4/28 18:48:31.480  SWING_DAMAGE_LANDED,Player-4755-01733879,"Hocwar-Dreadmist",0x40514,0x0,Creature-0-4457-249-1045-10184-000028665C,"Onyxia",0xa48,0x0,Creature-0-4457-249-1045-10184-000028665C,0000000000000000,100,100,0,0,0,-1,0,0,0,-26.45,-216.74,0,3.1046,63,262,209,-1,1,0,0,0,1,nil,nil
4/28 18:48:31.480  SPELL_AURA_APPLIED,Player-4755-01BC57A3,"Saintis-Dreadmist",0x511,0x0,Player-4755-01733879,"Hocwar-Dreadmist",0x40514,0x0,10929,"Renew",0x2,BUFF
4/28 18:48:31.480  SPELL_PERIODIC_ENERGIZE,Player-4755-01F21AE6,"Blahu-Dreadmist",0x40514,0x0,Player-4755-01F21AE6,"Blahu-Dreadmist",0x40514,0x0,29131,"Bloodrage",0x1,Player-4755-01F21AE6,0000000000000000,96,100,0,0,0,-1,0,0,0,-56.97,-188.26,0,5.7769,70,1.0000,0.0000,1,1000
4/28 18:48:31.480  SPELL_AURA_REMOVED,Player-4755-01F21AE6,"Blahu-Dreadmist",0x40514,0x0,Player-4755-01F21AE6,"Blahu-Dreadmist",0x40514,0x0,29131,"Bloodrage",0x1,BUFF
4/28 18:48:31.897  SPELL_ENERGIZE,Player-4755-01733879,"Hocwar-Dreadmist",0x40514,0x0,Player-4755-01733879,"Hocwar-Dreadmist",0x40514,0x0,12964,"Unbridled Wrath",0x1,Player-4755-01733879,0000000000000000,85,100,0,0,0,-1,0,0,0,-41.72,-216.11,0,6.2767,71,1.0000,0.0000,1,1000
4/28 18:48:31.898  SPELL_AURA_APPLIED,Player-4755-01733879,"Hocwar-Dreadmist",0x40514,0x0,Player-4755-01733879,"Hocwar-Dreadmist",0x40514,0x0,12970,"Flurry",0x1,BUFF
4/28 18:48:31.969  SPELL_AURA_APPLIED,Player-4755-0178F416,"Eltorero-Dreadmist",0x514,0x0,Player-4755-0178F416,"Eltorero-Dreadmist",0x514,0x0,29131,"Bloodrage",0x1,BUFF
4/28 18:48:31.969  SPELL_CAST_SUCCESS,Player-4755-0178F416,"Eltorero-Dreadmist",0x514,0x0,0000000000000000,nil,0x80000000,0x80000000,2687,"Bloodrage",0x1,Player-4755-0178F416,0000000000000000,100,100,0,0,0,-1,0,0,0,-47.91,-187.66,0,5.8816,67
4/28 18:48:32.207  SPELL_PERIODIC_ENERGIZE,Player-4755-01E83279,"Nlmasters-Dreadmist",0x514,0x8,Pet-0-4457-249-1045-7432-01002D8BC6,"Cat",0x1114,0x0,1539,"Feed Pet Effect",0x1,Pet-0-4457-249-1045-7432-01002D8BC6,Player-4755-01E83279,100,100,0,0,0,-1,0,0,0,-49.55,-186.72,0,0.9421,70,35.0000,0.0000,4,1000000
4/28 18:48:32.207  SPELL_PERIODIC_ENERGIZE,Player-4755-01733879,"Hocwar-Dreadmist",0x40514,0x0,Player-4755-01733879,"Hocwar-Dreadmist",0x40514,0x0,29131,"Bloodrage",0x1,Player-4755-01733879,0000000000000000,84,100,0,0,0,-1,0,0,0,-39.41,-216.13,0,6.2768,71,1.0000,0.0000,1,1000
4/28 18:48:32.314  SPELL_ENERGIZE,Player-4755-0178F416,"Eltorero-Dreadmist",0x514,0x0,Player-4755-0178F416,"Eltorero-Dreadmist",0x514,0x0,2687,"Bloodrage",0x1,Player-4755-0178F416,0000000000000000,93,100,0,0,0,-1,0,0,0,-45.54,-188.69,0,5.7323,67,10.0000,0.0000,1,1000
4/28 18:48:32.328  SPELL_CAST_SUCCESS,Player-4755-01B60A5F,"Zurok-Dreadmist",0x514,0x0,Creature-0-4457-249-1045-10184-000028665C,"Onyxia",0xa48,0x0,13555,"Serpent Sting",0x8,Player-4755-01B60A5F,0000000000000000,100,100,0,0,0,-1,0,0,0,-50.34,-185.71,0,6.2164,62
4/28 18:48:32.977  SPELL_PERIODIC_ENERGIZE,Player-4755-0178F416,"Eltorero-Dreadmist",0x514,0x0,Player-4755-0178F416,"Eltorero-Dreadmist",0x514,0x0,29131,"Bloodrage",0x1,Player-4755-0178F416,0000000000000000,93,100,0,0,0,-1,0,0,0,-41.24,-189.46,0,5.1236,67,1.0000,0.0000,1,1000
4/28 18:48:32.977  SWING_DAMAGE,Player-4755-01733879,"Hocwar-Dreadmist",0x40514,0x0,Creature-0-4457-249-1045-10184-000028665C,"Onyxia",0xa48,0x0,Player-4755-01733879,0000000000000000,84,100,0,0,0,-1,0,0,0,-33.66,-216.15,0,0.0019,70,129,232,-1,1,0,0,0,nil,1,nil
4/28 18:48:32.977  SPELL_CAST_SUCCESS,Player-4755-01733879,"Hocwar-Dreadmist",0x40514,0x0,Creature-0-4457-249-1045-10184-000028665C,"Onyxia",0xa48,0x0,11601,"Revenge",0x1,Player-4755-01733879,0000000000000000,84,100,0,0,0,-1,0,0,0,-33.56,-216.15,0,0.0030,70
4/28 18:48:33.090  SWING_DAMAGE_LANDED,Player-4755-01733879,"Hocwar-Dreadmist",0x40514,0x0,Creature-0-4457-249-1045-10184-000028665C,"Onyxia",0xa48,0x0,Creature-0-4457-249-1045-10184-000028665C,0000000000000000,100,100,0,0,0,-1,0,0,0,-26.45,-216.74,0,3.1046,63,129,232,-1,1,0,0,0,nil,1,nil
4/28 18:48:33.090  SPELL_DAMAGE,Player-4755-01733879,"Hocwar-Dreadmist",0x40514,0x0,Creature-0-4457-249-1045-10184-000028665C,"Onyxia",0xa48,0x0,11601,"Revenge",0x1,Creature-0-4457-249-1045-10184-000028665C,0000000000000000,100,100,0,0,0,-1,0,0,0,-26.45,-216.74,0,3.1046,63,43,67,-1,1,0,0,0,nil,nil,nil
4/28 18:48:33.118  SPELL_PERIODIC_HEAL,Player-4755-01617EEE,"Fenix-Dreadmist",0x512,0x0,Player-4755-0160BD13,"Mafkees-Dreadmist",0x514,0x0,10929,"Renew",0x2,Player-4755-0160BD13,0000000000000000,100,100,0,0,0,-1,0,0,0,-46.89,-193.29,0,5.7200,64,331,331,331,0,nil
4/28 18:48:33.118  SPELL_AURA_REMOVED,Player-4755-01617EEE,"Fenix-Dreadmist",0x512,0x0,Player-4755-0160BD13,"Mafkees-Dreadmist",0x514,0x0,10929,"Renew",0x2,BUFF
4/28 18:48:33.225  SPELL_PERIODIC_ENERGIZE,Player-4755-01733879,"Hocwar-Dreadmist",0x40514,0x0,Player-4755-01733879,"Hocwar-Dreadmist",0x40514,0x0,29131,"Bloodrage",0x1,Player-4755-01733879,0000000000000000,84,100,0,0,0,-1,0,0,0,-31.79,-216.13,0,0.0228,70,1.0000,0.0000,1,1000
4/28 18:48:33.318  SPELL_AURA_APPLIED,Player-4755-01B60A5F,"Zurok-Dreadmist",0x514,0x0,Creature-0-4457-249-1045-10184-000028665C,"Onyxia",0xa48,0x0,13555,"Serpent Sting",0x8,DEBUFF
4/28 18:48:33.468  SPELL_CAST_SUCCESS,Creature-0-4457-249-1045-10184-000028665C,"Onyxia",0xa48,0x0,Player-4755-01733879,"Hocwar-Dreadmist",0x40514,0x0,19983,"Cleave",0x1,Creature-0-4457-249-1045-10184-000028665C,0000000000000000,100,100,0,0,0,-1,0,0,0,-26.45,-216.74,0,3.1046,63
4/28 18:48:33.495  SPELL_AURA_REMOVED_DOSE,Player-4755-01733879,"Hocwar-Dreadmist",0x40514,0x0,Player-4755-01733879,"Hocwar-Dreadmist",0x40514,0x0,12970,"Flurry",0x1,BUFF,2
4/28 18:48:33.495  SPELL_DAMAGE,Creature-0-4457-249-1045-10184-000028665C,"Onyxia",0xa48,0x0,Player-4755-01733879,"Hocwar-Dreadmist",0x40514,0x0,19983,"Cleave",0x1,Player-4755-01733879,0000000000000000,71,100,0,0,0,-1,0,0,0,-29.77,-215.93,0,0.0187,70,811,2438,-1,1,0,0,0,nil,nil,nil
4/28 18:48:33.907  SPELL_ENERGIZE,Player-4755-01733879,"Hocwar-Dreadmist",0x40514,0x0,Player-4755-01733879,"Hocwar-Dreadmist",0x40514,0x0,12964,"Unbridled Wrath",0x1,Player-4755-01733879,0000000000000000,71,100,0,0,0,-1,0,0,0,-26.92,-215.36,0,5.0209,70,1.0000,0.0000,1,1000
4/28 18:48:33.907  SPELL_PERIODIC_HEAL,Player-4755-01733879,"Hocwar-Dreadmist",0x40514,0x0,Player-4755-01733879,"Hocwar-Dreadmist",0x40514,0x0,24427,"Diamond Flask",0x8,Player-4755-01733879,0000000000000000,76,100,0,0,0,-1,0,0,0,-26.92,-215.36,0,5.0209,70,301,301,0,0,nil
4/28 18:48:33.907  SPELL_CAST_SUCCESS,Player-4755-01F36B30,"Rectumqeef-Dreadmist",0x514,0x0,Creature-0-4457-249-1045-10184-000028665C,"Onyxia",0xa48,0x0,17937,"Curse of Shadow",0x20,Player-4755-01F36B30,0000000000000000,100,100,0,0,0,-1,0,0,0,-54.12,-190.54,0,0.0399,66
4/28 18:48:33.907  SPELL_MISSED,Player-4755-01F36B30,"Rectumqeef-Dreadmist",0x514,0x0,Creature-0-4457-249-1045-10184-000028665C,"Onyxia",0xa48,0x0,17937,"Curse of Shadow",0x20,RESIST,nil,0
4/28 18:48:33.978  SPELL_PERIODIC_ENERGIZE,Player-4755-0178F416,"Eltorero-Dreadmist",0x514,0x0,Player-4755-0178F416,"Eltorero-Dreadmist",0x514,0x0,29131,"Bloodrage",0x1,Player-4755-0178F416,0000000000000000,93,100,0,0,0,-1,0,0,0,-34.25,-190.31,0,5.1119,67,1.0000,0.0000,1,1000
4/28 18:48:34.099  SPELL_PERIODIC_ENERGIZE,Player-4755-01BC57A3,"Saintis-Dreadmist",0x511,0x0,Player-4755-01BC57A3,"Saintis-Dreadmist",0x511,0x0,18194,"Mana Regeneration",0x1,Player-4755-01BC57A3,0000000000000000,100,100,0,0,0,-1,0,0,0,-41.59,-190.04,0,6.2324,68,8.0000,0.0000,0,7212
4/28 18:48:34.208  SPELL_PERIODIC_ENERGIZE,Player-4755-01E83279,"Nlmasters-Dreadmist",0x514,0x8,Pet-0-4457-249-1045-7432-01002D8BC6,"Cat",0x1114,0x0,1539,"Feed Pet Effect",0x1,Pet-0-4457-249-1045-7432-01002D8BC6,Player-4755-01E83279,100,100,0,0,0,-1,0,0,0,-38.47,-187.09,0,0.3200,70,35.0000,0.0000,4,1000000
4/28 18:48:34.208  SPELL_PERIODIC_ENERGIZE,Player-4755-01733879,"Hocwar-Dreadmist",0x40514,0x0,Player-4755-01733879,"Hocwar-Dreadmist",0x40514,0x0,29131,"Bloodrage",0x1,Player-4755-01733879,0000000000000000,76,100,0,0,0,-1,0,0,0,-24.71,-215.21,0,4.4448,70,1.0000,0.0000,1,1000
4/28 18:48:34.319  SPELL_AURA_REMOVED,Player-4755-015FEBD5,"Sauvage-Dreadmist",0x514,0x0,Player-4755-01733879,"Hocwar-Dreadmist",0x40514,0x0,23028,"Arcane Brilliance",0x40,BUFF
4/28 18:48:34.319  SPELL_AURA_REMOVED,Player-4755-01BC57A3,"Saintis-Dreadmist",0x511,0x0,Player-4755-01733879,"Hocwar-Dreadmist",0x40514,0x0,27681,"Prayer of Spirit",0x2,BUFF
4/28 18:48:34.320  SPELL_AURA_REMOVED,Player-4755-01BC57A3,"Saintis-Dreadmist",0x511,0x0,Player-4755-01733879,"Hocwar-Dreadmist",0x40514,0x0,10929,"Renew",0x2,BUFF
4/28 18:48:34.361  SWING_MISSED,Player-4755-01733879,"Hocwar-Dreadmist",0x40514,0x0,Creature-0-4457-249-1045-10184-000028665C,"Onyxia",0xa48,0x0,PARRY,nil
4/28 18:48:34.657  SWING_DAMAGE,Player-4755-01F21AE6,"Blahu-Dreadmist",0x40514,0x0,Creature-0-4457-249-1045-10184-000028665C,"Onyxia",0xa48,0x0,Player-4755-01F21AE6,0000000000000000,96,100,0,0,0,-1,0,0,0,-35.72,-191.05,0,5.7324,70,73,133,-1,1,0,0,0,nil,1,nil
4/28 18:48:34.657  SPELL_CAST_START,Player-4755-020BD78D,"Lonehunter-Dreadmist",0x514,0x0,0000000000000000,nil,0x80000000,0x80000000,75,"Auto Shot",0x1
4/28 18:48:34.717  SWING_DAMAGE_LANDED,Player-4755-01F21AE6,"Blahu-Dreadmist",0x40514,0x0,Creature-0-4457-249-1045-10184-000028665C,"Onyxia",0xa48,0x0,Creature-0-4457-249-1045-10184-000028665C,0000000000000000,100,100,0,0,0,-1,0,0,0,-26.45,-216.74,0,3.1046,63,73,133,-1,1,0,0,0,nil,1,nil
4/28 18:48:34.743  SPELL_AURA_REMOVED,Player-4755-01804B95,"Moymoy-Dreadmist",0x514,0x0,Player-4755-01733879,"Hocwar-Dreadmist",0x40514,0x0,16237,"Ancestral Fortitude",0x2,BUFF
4/28 18:48:34.743  SWING_DAMAGE,Player-4755-01F21AE6,"Blahu-Dreadmist",0x40514,0x0,Creature-0-4457-249-1045-10184-000028665C,"Onyxia",0xa48,0x0,Player-4755-01F21AE6,0000000000000000,96,100,0,0,0,-1,0,0,0,-35.19,-191.20,0,5.6922,70,130,369,-1,1,0,0,0,nil,1,nil
4/28 18:48:34.771  SWING_DAMAGE,Creature-0-4457-249-1045-10184-000028665C,"Onyxia",0xa48,0x0,Player-4755-01733879,"Hocwar-Dreadmist",0x40514,0x0,Creature-0-4457-249-1045-10184-000028665C,0000000000000000,100,100,0,0,0,-1,0,0,0,-26.45,-216.74,0,3.1046,63,652,1712,-1,1,0,0,0,nil,nil,nil
4/28 18:48:34.947  SPELL_CAST_SUCCESS,Player-4755-01FA8DD8,"Roackerita-Dreadmist",0x514,0x0,Player-4755-01F21AE6,"Blahu-Dreadmist",0x40514,0x0,6078,"Renew",0x2,Player-4755-01FA8DD8,0000000000000000,100,100,0,0,0,-1,0,0,0,-47.67,-182.54,0,0.0525,69
4/28 18:48:34.961  SPELL_PERIODIC_ENERGIZE,Player-4755-0178F416,"Eltorero-Dreadmist",0x514,0x0,Player-4755-0178F416,"Eltorero-Dreadmist",0x514,0x0,29131,"Bloodrage",0x1,Player-4755-0178F416,0000000000000000,93,100,0,0,0,-1,0,0,0,-28.67,-194.47,0,5.0805,67,1.0000,0.0000,1,1000
4/28 18:48:35.054  SPELL_CAST_SUCCESS,Player-4755-0178F416,"Eltorero-Dreadmist",0x514,0x0,0000000000000000,nil,0x80000000,0x80000000,11556,"Demoralizing Shout",0x1,Player-4755-0178F416,0000000000000000,93,100,0,0,0,-1,0,0,0,-28.03,-194.76,0,5.0805,67
4/28 18:48:35.096  SPELL_CAST_SUCCESS,Player-4755-020BD78D,"Lonehunter-Dreadmist",0x514,0x0,Creature-0-4457-249-1045-10184-000028665C,"Onyxia",0xa48,0x0,75,"Auto Shot",0x1,Player-4755-020BD78D,0000000000000000,100,100,0,0,0,-1,0,0,0,-42.66,-184.59,0,6.1537,70
4/28 18:48:35.111  SPELL_AURA_REMOVED_DOSE,Player-4755-01733879,"Hocwar-Dreadmist",0x40514,0x0,Player-4755-01733879,"Hocwar-Dreadmist",0x40514,0x0,12970,"Flurry",0x1,BUFF,1
4/28 18:48:35.111  SWING_DAMAGE_LANDED,Player-4755-01F21AE6,"Blahu-Dreadmist",0x40514,0x0,Creature-0-4457-249-1045-10184-000028665C,"Onyxia",0xa48,0x0,Creature-0-4457-249-1045-10184-000028665C,0000000000000000,100,100,0,0,0,-1,0,0,0,-26.45,-216.74,0,3.1046,63,130,369,-1,1,0,0,0,nil,1,nil
4/28 18:48:35.111  SWING_DAMAGE_LANDED,Creature-0-4457-249-1045-10184-000028665C,"Onyxia",0xa48,0x0,Player-4755-01733879,"Hocwar-Dreadmist",0x40514,0x0,Player-4755-01733879,0000000000000000,65,100,0,0,0,-1,0,0,0,-20.44,-215.95,0,3.1775,70,652,1712,-1,1,0,0,0,nil,nil,nil
4/28 18:48:35.111  SPELL_AURA_APPLIED,Player-4755-01FA8DD8,"Roackerita-Dreadmist",0x514,0x0,Player-4755-01F21AE6,"Blahu-Dreadmist",0x40514,0x0,6078,"Renew",0x2,BUFF
4/28 18:48:35.111  SPELL_AURA_APPLIED,Player-4755-0178F416,"Eltorero-Dreadmist",0x514,0x0,Creature-0-4457-249-1045-10184-000028665C,"Onyxia",0xa48,0x0,11556,"Demoralizing Shout",0x1,DEBUFF
4/28 18:48:35.168  SWING_DAMAGE,Player-4755-0160BD13,"Mafkees-Dreadmist",0x514,0x0,Creature-0-4457-249-1045-10184-000028665C,"Onyxia",0xa48,0x0,Player-4755-0160BD13,0000000000000000,100,100,0,0,0,-1,0,0,0,-35.37,-195.85,0,5.3470,64,679,541,-1,1,0,0,0,1,nil,nil
4/28 18:48:35.198  SPELL_PERIODIC_ENERGIZE,Player-4755-01733879,"Hocwar-Dreadmist",0x40514,0x0,Player-4755-01733879,"Hocwar-Dreadmist",0x40514,0x0,29131,"Bloodrage",0x1,Player-4755-01733879,0000000000000000,65,100,0,0,0,-1,0,0,0,-19.99,-215.94,0,3.1731,70,1.0000,0.0000,1,1000
4/28 18:48:35.305  SPELL_CAST_SUCCESS,Player-4755-01733879,"Hocwar-Dreadmist",0x40514,0x0,Creature-0-4457-249-1045-10184-000028665C,"Onyxia",0xa48,0x0,23881,"Bloodthirst",0x1,Player-4755-01733879,0000000000000000,65,100,0,0,0,-1,0,0,0,-19.56,-215.87,0,3.2287,70
4/28 18:48:35.428  SPELL_CAST_SUCCESS,Player-4755-01F36B30,"Rectumqeef-Dreadmist",0x514,0x0,Creature-0-4457-249-1045-10184-000028665C,"Onyxia",0xa48,0x0,17937,"Curse of Shadow",0x20,Player-4755-01F36B30,0000000000000000,100,100,0,0,0,-1,0,0,0,-42.64,-190.00,0,0.0518,66
4/28 18:48:35.514  SPELL_AURA_APPLIED,Pet-0-4457-249-1045-7456-03003178E8,"Owl",0x1114,0x0,Pet-0-4457-249-1045-7456-03003178E8,"Owl",0x1114,0x0,23148,"Dive",0x1,BUFF
4/28 18:48:35.514  SPELL_CAST_SUCCESS,Pet-0-4457-249-1045-7456-03003178E8,"Owl",0x1114,0x0,0000000000000000,nil,0x80000000,0x80000000,23148,"Dive",0x1,Pet-0-4457-249-1045-7456-03003178E8,Player-4755-01B60A5F,100,100,0,0,0,-1,0,0,0,-30.06,-181.83,0,0.3395,62
4/28 18:48:35.514  SPELL_ENERGIZE,Player-4755-01F21AE6,"Blahu-Dreadmist",0x40514,0x0,Player-4755-01F21AE6,"Blahu-Dreadmist",0x40514,0x0,12964,"Unbridled Wrath",0x1,Player-4755-01F21AE6,0000000000000000,96,100,0,0,0,-1,0,0,0,-29.62,-191.31,0,4.1005,70,1.0000,0.0000,1,1000
4/28 18:48:35.514  SWING_DAMAGE_LANDED,Player-4755-0160BD13,"Mafkees-Dreadmist",0x514,0x0,Creature-0-4457-249-1045-10184-000028665C,"Onyxia",0xa48,0x0,Creature-0-4457-249-1045-10184-000028665C,0000000000000000,100,100,0,0,0,-1,0,0,0,-26.45,-216.74,0,3.1046,63,679,541,-1,1,0,0,0,1,nil,nil
4/28 18:48:35.514  SPELL_DAMAGE,Player-4755-01733879,"Hocwar-Dreadmist",0x40514,0x0,Creature-0-4457-249-1045-10184-000028665C,"Onyxia",0xa48,0x0,23881,"Bloodthirst",0x1,Creature-0-4457-249-1045-10184-000028665C,0000000000000000,100,100,0,0,0,-1,0,0,0,-26.45,-216.74,0,3.1046,63,275,439,-1,1,0,0,0,nil,nil,nil
4/28 18:48:35.514  SPELL_AURA_APPLIED,Player-4755-01733879,"Hocwar-Dreadmist",0x40514,0x0,Player-4755-01733879,"Hocwar-Dreadmist",0x40514,0x0,23885,"Bloodthirst",0x1,BUFF
4/28 18:48:35.514  SPELL_AURA_APPLIED,Player-4755-01F36B30,"Rectumqeef-Dreadmist",0x514,0x0,Creature-0-4457-249-1045-10184-000028665C,"Onyxia",0xa48,0x0,17937,"Curse of Shadow",0x20,DEBUFF
4/28 18:48:35.641  SPELL_AURA_REMOVED,Player-4755-01733879,"Hocwar-Dreadmist",0x40514,0x0,Player-4755-01733879,"Hocwar-Dreadmist",0x40514,0x0,23885,"Bloodthirst",0x1,BUFF
4/28 18:48:35.749  SWING_DAMAGE,Player-4755-01733879,"Hocwar-Dreadmist",0x40514,0x0,Creature-0-4457-249-1045-10184-000028665C,"Onyxia",0xa48,0x0,Player-4755-01733879,0000000000000000,65,100,0,0,0,-1,0,0,0,-17.51,-215.65,0,3.2394,70,248,198,-1,1,0,0,0,1,nil,nil
4/28 18:48:35.931  SPELL_AURA_APPLIED,Player-4755-0160BD13,"Mafkees-Dreadmist",0x514,0x0,Player-4755-0160BD13,"Mafkees-Dreadmist",0x514,0x0,12970,"Flurry",0x1,BUFF
4/28 18:48:35.931  SWING_DAMAGE_LANDED,Player-4755-01733879,"Hocwar-Dreadmist",0x40514,0x0,Creature-0-4457-249-1045-10184-000028665C,"Onyxia",0xa48,0x0,Creature-0-4457-249-1045-10184-000028665C,0000000000000000,100,100,0,0,0,-1,0,0,0,-26.45,-216.74,0,3.1046,63,248,198,-1,1,0,0,0,1,nil,nil
4/28 18:48:35.965  SPELL_PERIODIC_ENERGIZE,Player-4755-0178F416,"Eltorero-Dreadmist",0x514,0x0,Player-4755-0178F416,"Eltorero-Dreadmist",0x514,0x0,29131,"Bloodrage",0x1,Player-4755-0178F416,0000000000000000,93,100,0,0,0,-1,0,0,0,-21.95,-193.95,0,4.9783,67,1.0000,0.0000,1,1000
4/28 18:48:35.996  SPELL_AURA_APPLIED,Player-4755-015FEBD5,"Sauvage-Dreadmist",0x514,0x0,Player-4755-015FEBD5,"Sauvage-Dreadmist",0x514,0x0,1953,"Blink",0x40,BUFF
4/28 18:48:35.996  SPELL_CAST_SUCCESS,Player-4755-015FEBD5,"Sauvage-Dreadmist",0x514,0x0,0000000000000000,nil,0x80000000,0x80000000,1953,"Blink",0x40,Player-4755-015FEBD5,0000000000000000,100,100,0,0,0,-1,0,0,0,-39.06,-182.72,0,0.1005,64
4/28 18:48:36.013  RANGE_DAMAGE,Player-4755-020BD78D,"Lonehunter-Dreadmist",0x514,0x0,Creature-0-4457-249-1045-10184-000028665C,"Onyxia",0xa48,0x0,75,"Auto Shot",0x1,Creature-0-4457-249-1045-10184-000028665C,0000000000000000,100,100,0,0,0,-1,0,0,0,-26.45,-216.74,0,3.1046,63,314,502,-1,1,0,0,0,nil,nil,nil
4/28 18:48:36.067  SWING_DAMAGE,Player-4755-01637B0A,"Pindle-Dreadmist",0x514,0x0,Creature-0-4457-249-1045-10184-000028665C,"Onyxia",0xa48,0x0,Player-4755-01637B0A,0000000000000000,100,100,0,0,0,-1,0,0,0,-34.35,-192.34,0,5.2930,65,123,199,-1,1,0,0,0,nil,1,nil
4/28 18:48:36.193  SPELL_CAST_START,Player-4755-021D6506,"Bloodlady-Dreadmist",0x514,0x0,0000000000000000,nil,0x80000000,0x80000000,10181,"Frostbolt",0x10
4/28 18:48:36.193  SPELL_PERIODIC_ENERGIZE,Player-4755-01E83279,"Nlmasters-Dreadmist",0x514,0x8,Pet-0-4457-249-1045-7432-01002D8BC6,"Cat",0x1114,0x0,1539,"Feed Pet Effect",0x1,Pet-0-4457-249-1045-7432-01002D8BC6,Player-4755-01E83279,100,100,0,0,0,-1,0,0,0,-28.90,-186.64,0,5.8354,70,35.0000,0.0000,4,1000000
4/28 18:48:36.193  SPELL_PERIODIC_ENERGIZE,Player-4755-01733879,"Hocwar-Dreadmist",0x40514,0x0,Player-4755-01733879,"Hocwar-Dreadmist",0x40514,0x0,29131,"Bloodrage",0x1,Player-4755-01733879,0000000000000000,65,100,0,0,0,-1,0,0,0,-15.59,-215.30,0,4.1937,70,1.0000,0.0000,1,1000
4/28 18:48:36.282  SWING_MISSED,Player-4755-01637B0A,"Pindle-Dreadmist",0x514,0x0,Creature-0-4457-249-1045-10184-000028665C,"Onyxia",0xa48,0x0,MISS,1
4/28 18:48:36.312  SWING_DAMAGE,Pet-0-4457-249-1045-7456-03003178E8,"Owl",0x1114,0x0,Creature-0-4457-249-1045-10184-000028665C,"Onyxia",0xa48,0x0,Pet-0-4457-249-1045-7456-03003178E8,Player-4755-01B60A5F,100,100,0,0,0,-1,0,0,0,-29.17,-192.36,0,4.8236,62,32,126,-1,1,0,0,0,nil,1,nil
4/28 18:48:36.329  SPELL_AURA_APPLIED,Player-4755-0160BD13,"Mafkees-Dreadmist",0x514,0x0,Creature-0-4457-249-1045-10184-000028665C,"Onyxia",0xa48,0x0,12721,"Deep Wound",0x1,DEBUFF
4/28 18:48:36.329  SPELL_AURA_APPLIED_DOSE,Player-4755-01733879,"Hocwar-Dreadmist",0x40514,0x0,Player-4755-01733879,"Hocwar-Dreadmist",0x40514,0x0,12970,"Flurry",0x1,BUFF,3
4/28 18:48:36.329  SWING_DAMAGE_LANDED,Player-4755-01637B0A,"Pindle-Dreadmist",0x514,0x0,Creature-0-4457-249-1045-10184-000028665C,"Onyxia",0xa48,0x0,Creature-0-4457-249-1045-10184-000028665C,0000000000000000,100,100,0,0,0,-1,0,0,0,-26.45,-216.74,0,3.1046,63,123,199,-1,1,0,0,0,nil,1,nil
4/28 18:48:36.329  SWING_DAMAGE_LANDED,Pet-0-4457-249-1045-7456-03003178E8,"Owl",0x1114,0x0,Creature-0-4457-249-1045-10184-000028665C,"Onyxia",0xa48,0x0,Creature-0-4457-249-1045-10184-000028665C,0000000000000000,100,100,0,0,0,-1,0,0,0,-26.45,-216.74,0,3.1046,63,32,126,-1,1,0,0,0,nil,1,nil
4/28 18:48:36.329  SPELL_PERIODIC_DAMAGE,Player-4755-01B60A5F,"Zurok-Dreadmist",0x514,0x0,Creature-0-4457-249-1045-10184-000028665C,"Onyxia",0xa48,0x0,13555,"Serpent Sting",0x8,Creature-0-4457-249-1045-10184-000028665C,0000000000000000,100,100,0,0,0,-1,0,0,0,-26.45,-216.74,0,3.1046,63,101,100,-1,8,0,0,0,nil,nil,nil
4/28 18:48:36.344  SPELL_CAST_START,Player-4755-01804B95,"Moymoy-Dreadmist",0x514,0x0,0000000000000000,nil,0x80000000,0x80000000,10396,"Healing Wave",0x8
4/28 18:48:36.344  SPELL_CAST_SUCCESS,Player-4755-01804B95,"Moymoy-Dreadmist",0x514,0x0,Player-4755-01733879,"Hocwar-Dreadmist",0x40514,0x0,10396,"Healing Wave",0x8,Player-4755-01804B95,0000000000000000,100,100,0,0,0,-1,0,0,0,-28.36,-185.05,0,5.5693,66
4/28 18:48:36.344  SPELL_AURA_REMOVED,Player-4755-01804B95,"Moymoy-Dreadmist",0x514,0x0,Player-4755-01804B95,"Moymoy-Dreadmist",0x514,0x0,16188,"Nature's Swiftness",0x1,BUFF
4/28 18:48:36.448  SPELL_CAST_START,Player-4755-01BC57A3,"Saintis-Dreadmist",0x511,0x0,0000000000000000,nil,0x80000000,0x80000000,10917,"Flash Heal",0x2
4/28 18:48:36.463  SWING_DAMAGE,Player-4755-01F21AE6,"Blahu-Dreadmist",0x40514,0x0,Creature-0-4457-249-1045-10184-000028665C,"Onyxia",0xa48,0x0,Player-4755-01F21AE6,0000000000000000,96,100,0,0,0,-1,0,0,0,-24.52,-192.86,0,4.5012,70,75,134,-1,1,0,0,0,nil,1,nil
4/28 18:48:36.725  SPELL_CAST_SUCCESS,Player-4755-0160BD13,"Mafkees-Dreadmist",0x514,0x0,0000000000000000,nil,0x80000000,0x80000000,11581,"Thunder Clap",0x1,Player-4755-0160BD13,0000000000000000,100,100,0,0,0,-1,0,0,0,-31.07,-201.65,0,5.0250,64
4/28 18:48:36.739  SPELL_HEAL,Player-4755-01804B95,"Moymoy-Dreadmist",0x514,0x0,Player-4755-01733879,"Hocwar-Dreadmist",0x40514,0x0,10396,"Healing Wave",0x8,Player-4755-01733879,0000000000000000,100,100,0,0,0,-1,0,0,0,-11.95,-217.15,0,3.0133,70,2428,2428,259,0,nil
4/28 18:48:36.739  SWING_DAMAGE_LANDED,Player-4755-01F21AE6,"Blahu-Dreadmist",0x40514,0x0,Creature-0-4457-249-1045-10184-000028665C,"Onyxia",0xa48,0x0,Creature-0-4457-249-1045-10184-000028665C,0000000000000000,100,100,0,0,0,-1,0,0,0,-26.45,-216.74,0,3.1046,63,75,134,-1,1,0,0,0,nil,1,nil
4/28 18:48:36.739  SPELL_DAMAGE,Player-4755-0160BD13,"Mafkees-Dreadmist",0x514,0x0,Creature-0-4457-249-1045-10184-000028665C,"Onyxia",0xa48,0x0,11581,"Thunder Clap",0x1,Creature-0-4457-249-1045-10184-000028665C,0000000000000000,100,100,0,0,0,-1,0,0,0,-26.45,-216.74,0,3.1046,63,64,103,-1,1,0,0,0,nil,nil,nil
4/28 18:48:36.739  SPELL_AURA_APPLIED,Player-4755-0160BD13,"Mafkees-Dreadmist",0x514,0x0,Creature-0-4457-249-1045-10184-000028665C,"Onyxia",0xa48,0x0,11581,"Thunder Clap",0x1,DEBUFF
4/28 18:48:36.775  SWING_DAMAGE,Creature-0-4457-249-1045-10184-000028665C,"Onyxia",0xa48,0x0,Player-4755-01733879,"Hocwar-Dreadmist",0x50514,0x0,Creature-0-4457-249-1045-10184-000028665C,0000000000000000,100,100,0,0,0,-1,0,0,0,-26.45,-216.74,0,3.1046,63,520,1367,-1,1,0,0,0,nil,nil,nil
4/28 18:48:36.825  SPELL_CAST_SUCCESS,Player-4755-01733879,"Hocwar-Dreadmist",0x50514,0x0,Creature-0-4457-249-1045-10184-000028665C,"Onyxia",0xa48,0x0,11597,"Sunder Armor",0x1,Player-4755-01733879,0000000000000000,100,100,0,0,0,-1,0,0,0,-11.33,-217.46,0,2.9174,70
4/28 18:48:36.963  SPELL_PERIODIC_ENERGIZE,Player-4755-0178F416,"Eltorero-Dreadmist",0x514,0x0,Player-4755-0178F416,"Eltorero-Dreadmist",0x514,0x0,29131,"Bloodrage",0x1,Player-4755-0178F416,0000000000000000,93,100,0,0,0,-1,0,0,0,-23.01,-195.99,0,4.8723,67,1.0000,0.0000,1,1000
4/28 18:48:37.005  SPELL_AURA_REMOVED,Player-4755-015FEBD5,"Sauvage-Dreadmist",0x514,0x0,Player-4755-015FEBD5,"Sauvage-Dreadmist",0x514,0x0,1953,"Blink",0x40,BUFF
4/28 18:48:37.074  SPELL_CAST_SUCCESS,Player-4755-01614AC7,"Mirrimazduur-Dreadmist",0x512,0x0,Creature-0-4457-249-1045-10184-000028665C,"Onyxia",0xa48,0x0,11722,"Curse of the Elements",0x20,Player-4755-01614AC7,0000000000000000,100,100,0,0,0,-1,0,0,0,-23.98,-183.01,0,4.9230,68
4/28 18:48:37.101  SWING_DAMAGE,Player-4755-0178F416,"Eltorero-Dreadmist",0x514,0x0,Creature-0-4457-249-1045-10184-000028665C,"Onyxia",0xa48,0x0,Player-4755-0178F416,0000000000000000,93,100,0,0,0,-1,0,0,0,-22.85,-197.02,0,4.8723,67,263,708,-1,1,0,0,0,nil,1,nil
4/28 18:48:37.130  SPELL_CAST_SUCCESS,Pet-0-4457-249-1045-7456-03003178E8,"Owl",0x1114,0x0,Creature-0-4457-249-1045-10184-000028665C,"Onyxia",0xa48,0x0,3009,"Claw",0x1,Pet-0-4457-249-1045-7456-03003178E8,Player-4755-01B60A5F,100,100,0,0,0,-1,0,0,0,-29.17,-192.36,0,4.8236,62
4/28 18:48:37.154  SWING_DAMAGE_LANDED,Creature-0-4457-249-1045-10184-000028665C,"Onyxia",0xa48,0x0,Player-4755-01733879,"Hocwar-Dreadmist",0x50514,0x0,Player-4755-01733879,0000000000000000,92,100,0,0,0,-1,0,0,0,-9.31,-218.37,0,2.9488,70,520,1367,-1,1,0,0,0,nil,nil,nil
4/28 18:48:37.154  SPELL_AURA_APPLIED_DOSE,Player-4755-01733879,"Hocwar-Dreadmist",0x50514,0x0,Creature-0-4457-249-1045-10184-000028665C,"Onyxia",0xa48,0x0,11597,"Sunder Armor",0x1,DEBUFF,2
4/28 18:48:37.154  SPELL_AURA_APPLIED,Player-4755-01614AC7,"Mirrimazduur-Dreadmist",0x512,0x0,Creature-0-4457-249-1045-10184-000028665C,"Onyxia",0xa48,0x0,11722,"Curse of the Elements",0x20,DEBUFF
4/28 18:48:37.154  SWING_DAMAGE_LANDED,Player-4755-0178F416,"Eltorero-Dreadmist",0x514,0x0,Creature-0-4457-249-1045-10184-000028665C,"Onyxia",0xa48,0x0,Creature-0-4457-249-1045-10184-000028665C,0000000000000000,100,100,0,0,0,-1,0,0,0,-26.45,-216.74,0,3.1046,63,263,708,-1,1,0,0,0,nil,1,nil
4/28 18:48:37.154  SPELL_DAMAGE,Pet-0-4457-249-1045-7456-03003178E8,"Owl",0x1114,0x0,Creature-0-4457-249-1045-10184-000028665C,"Onyxia",0xa48,0x0,3009,"Claw",0x1,Creature-0-4457-249-1045-10184-000028665C,0000000000000000,100,100,0,0,0,-1,0,0,0,-26.45,-216.74,0,3.1046,63,38,60,-1,1,0,0,0,nil,nil,nil
4/28 18:48:37.154  SWING_DAMAGE,Player-4755-01733879,"Hocwar-Dreadmist",0x50514,0x0,Creature-0-4457-249-1045-10184-000028665C,"Onyxia",0xa48,0x0,Player-4755-01733879,0000000000000000,92,100,0,0,0,-1,0,0,0,-9.31,-218.37,0,2.9488,70,139,236,-1,1,0,0,0,nil,1,nil
4/28 18:48:37.203  SPELL_PERIODIC_ENERGIZE,Player-4755-01733879,"Hocwar-Dreadmist",0x50514,0x0,Player-4755-01733879,"Hocwar-Dreadmist",0x50514,0x0,29131,"Bloodrage",0x1,Player-4755-01733879,0000000000000000,92,100,0,0,0,-1,0,0,0,-9.09,-218.41,0,2.9488,70,1.0000,0.0000,1,1000
4/28 18:48:37.353  SWING_DAMAGE,Player-4755-01F21AE6,"Blahu-Dreadmist",0x40514,0x0,Creature-0-4457-249-1045-10184-000028665C,"Onyxia",0xa48,0x0,Player-4755-01F21AE6,0000000000000000,96,100,0,0,0,-1,0,0,0,-22.80,-197.01,0,4.3999,70,175,361,-1,1,0,0,0,nil,1,nil
4/28 18:48:37.547  SWING_DAMAGE_LANDED,Player-4755-01733879,"Hocwar-Dreadmist",0x50514,0x0,Creature-0-4457-249-1045-10184-000028665C,"Onyxia",0xa48,0x0,Creature-0-4457-249-1045-10184-000028665C,0000000000000000,100,100,0,0,0,-1,0,0,0,-26.31,-216.73,0,0.1116,63,139,236,-1,1,0,0,0,nil,1,nil
4/28 18:48:37.547  SWING_DAMAGE_LANDED,Player-4755-01F21AE6,"Blahu-Dreadmist",0x40514,0x0,Creature-0-4457-249-1045-10184-000028665C,"Onyxia",0xa48,0x0,Creature-0-4457-249-1045-10184-000028665C,0000000000000000,100,100,0,0,0,-1,0,0,0,-26.31,-216.73,0,0.1116,63,175,361,-1,1,0,0,0,nil,1,nil
4/28 18:48:37.547  SPELL_CAST_START,Player-4755-0163DD9D,"Kaspais-Dreadmist",0x514,0x0,0000000000000000,nil,0x80000000,0x80000000,5019,"Shoot",0x1
4/28 18:48:37.684  SWING_DAMAGE,Player-4755-01637B0A,"Pindle-Dreadmist",0x514,0x0,Creature-0-4457-249-1045-10184-000028665C,"Onyxia",0xa48,0x0,Player-4755-01637B0A,0000000000000000,100,100,0,0,0,-1,0,0,0,-23.41,-194.69,0,4.9200,65,65,104,-1,1,0,0,0,nil,1,nil
4/28 18:48:37.852  SPELL_CAST_SUCCESS,Player-4755-01BC57A3,"Saintis-Dreadmist",0x511,0x0,Player-4755-01733879,"Hocwar-Dreadmist",0x50514,0x0,10917,"Flash Heal",0x2,Player-4755-01BC57A3,0000000000000000,100,100,0,0,0,-1,0,0,0,-24.97,-190.31,0,6.1997,68
4/28 18:48:37.882  SWING_DAMAGE,Player-4755-01637B0A,"Pindle-Dreadmist",0x514,0x0,Creature-0-4457-249-1045-10184-000028665C,"Onyxia",0xa48,0x0,Player-4755-01637B0A,0000000000000000,100,100,0,0,0,-1,0,0,0,-22.45,-195.48,0,4.8238,65,275,203,-1,1,0,0,0,1,nil,nil
4/28 18:48:37.950  SPELL_AURA_REMOVED_DOSE,Player-4755-01733879,"Hocwar-Dreadmist",0x50514,0x0,Player-4755-01733879,"Hocwar-Dreadmist",0x50514,0x0,12970,"Flurry",0x1,BUFF,2
4/28 18:48:37.950  SWING_DAMAGE_LANDED,Player-4755-01637B0A,"Pindle-Dreadmist",0x514,0x0,Creature-0-4457-249-1045-10184-000028665C,"Onyxia",0xa48,0x0,Creature-0-4457-249-1045-10184-000028665C,0000000000000000,100,100,0,0,0,-1,0,0,0,-24.37,-216.51,0,6.1854,63,65,104,-1,1,0,0,0,nil,1,nil
4/28 18:48:37.950  SPELL_HEAL,Player-4755-01BC57A3,"Saintis-Dreadmist",0x511,0x0,Player-4755-01733879,"Hocwar-Dreadmist",0x50514,0x0,10917,"Flash Heal",0x2,Player-4755-01733879,0000000000000000,100,100,0,0,0,-1,0,0,0,-5.98,-218.09,0,2.9881,70,1212,1212,692,0,nil
4/28 18:48:37.950  SWING_DAMAGE_LANDED,Player-4755-01637B0A,"Pindle-Dreadmist",0x514,0x0,Creature-0-4457-249-1045-10184-000028665C,"Onyxia",0xa48,0x0,Creature-0-4457-249-1045-10184-000028665C,0000000000000000,100,100,0,0,0,-1,0,0,0,-24.37,-216.51,0,6.1854,63,275,203,-1,1,0,0,0,1,nil,nil
4/28 18:48:37.950  SWING_DAMAGE,Player-4755-0160BD13,"Mafkees-Dreadmist",0x514,0x0,Creature-0-4457-249-1045-10184-000028665C,"Onyxia",0xa48,0x0,Player-4755-0160BD13,0000000000000000,100,100,0,0,0,-1,0,0,0,-26.69,-197.83,0,5.2174,64,313,554,-1,1,0,0,0,nil,1,nil
4/28 18:48:37.966  SPELL_PERIODIC_ENERGIZE,Player-4755-0178F416,"Eltorero-Dreadmist",0x514,0x0,Player-4755-0178F416,"Eltorero-Dreadmist",0x514,0x0,29131,"Bloodrage",0x1,Player-4755-0178F416,0000000000000000,93,100,0,0,0,-1,0,0,0,-21.19,-196.12,0,4.8723,67,1.0000,0.0000,1,1000
4/28 18:48:38.051  SPELL_CAST_SUCCESS,Player-4755-0163DD9D,"Kaspais-Dreadmist",0x514,0x0,Creature-0-4457-249-1045-10184-000028665C,"Onyxia",0xa48,0x0,5019,"Shoot",0x1,Player-4755-0163DD9D,0000000000000000,100,100,0,0,0,-1,0,0,0,-25.15,-178.90,0,4.7453,66
4/28 18:48:38.120  SPELL_PERIODIC_HEAL,Player-4755-01FA8DD8,"Roackerita-Dreadmist",0x514,0x0,Player-4755-01F21AE6,"Blahu-Dreadmist",0x40514,0x0,6078,"Renew",0x2,Player-4755-01F21AE6,0000000000000000,99,100,0,0,0,-1,0,0,0,-24.03,-201.73,0,4.3999,70,236,236,0,0,nil
4/28 18:48:38.200  SPELL_PERIODIC_ENERGIZE,Player-4755-01E83279,"Nlmasters-Dreadmist",0x514,0x8,Pet-0-4457-249-1045-7432-01002D8BC6,"Cat",0x1114,0x0,1539,"Feed Pet Effect",0x1,Pet-0-4457-249-1045-7432-01002D8BC6,Player-4755-01E83279,100,100,0,0,0,-1,0,0,0,-21.50,-190.33,0,6.2058,70,35.0000,0.0000,4,1000000
4/28 18:48:38.200  SPELL_PERIODIC_ENERGIZE,Player-4755-01733879,"Hocwar-Dreadmist",0x50514,0x0,Player-4755-01733879,"Hocwar-Dreadmist",0x50514,0x0,29131,"Bloodrage",0x1,Player-4755-01733879,0000000000000000,100,100,0,0,0,-1,0,0,0,-4.88,-218.26,0,2.9881,70,1.0000,0.0000,1,1000
4/28 18:48:38.260  SWING_DAMAGE,Player-4755-01F21AE6,"Blahu-Dreadmist",0x40514,0x0,Creature-0-4457-249-1045-10184-000028665C,"Onyxia",0xa48,0x0,Player-4755-01F21AE6,0000000000000000,99,100,0,0,0,-1,0,0,0,-23.56,-202.64,0,4.3999,70,184,139,-1,1,0,0,0,1,nil,nil
4/28 18:48:38.321  SWING_DAMAGE,Pet-0-4457-249-1045-7456-03003178E8,"Owl",0x1114,0x0,Creature-0-4457-249-1045-10184-000028665C,"Onyxia",0xa48,0x0,Pet-0-4457-249-1045-7456-03003178E8,Player-4755-01B60A5F,100,100,0,0,0,-1,0,0,0,-29.11,-192.68,0,4.9084,62,31,139,-1,1,0,0,0,nil,1,nil
4/28 18:48:38.354  SWING_DAMAGE_LANDED,Player-4755-0160BD13,"Mafkees-Dreadmist",0x514,0x0,Creature-0-4457-249-1045-10184-000028665C,"Onyxia",0xa48,0x0,Creature-0-4457-249-1045-10184-000028665C,0000000000000000,100,100,0,0,0,-1,0,0,0,-24.37,-216.51,0,6.1854,63,313,554,-1,1,0,0,0,nil,1,nil
4/28 18:48:38.354  SWING_DAMAGE_LANDED,Player-4755-01F21AE6,"Blahu-Dreadmist",0x40514,0x0,Creature-0-4457-249-1045-10184-000028665C,"Onyxia",0xa48,0x0,Creature-0-4457-249-1045-10184-000028665C,0000000000000000,100,100,0,0,0,-1,0,0,0,-24.37,-216.51,0,6.1854,63,184,139,-1,1,0,0,0,1,nil,nil
4/28 18:48:38.354  SWING_DAMAGE_LANDED,Pet-0-4457-249-1045-7456-03003178E8,"Owl",0x1114,0x0,Creature-0-4457-249-1045-10184-000028665C,"Onyxia",0xa48,0x0,Creature-0-4457-249-1045-10184-000028665C,0000000000000000,100,100,0,0,0,-1,0,0,0,-24.37,-216.51,0,6.1854,63,31,139,-1,1,0,0,0,nil,1,nil
4/28 18:48:38.539  SWING_DAMAGE,Player-4755-01733879,"Hocwar-Dreadmist",0x50514,0x0,Creature-0-4457-249-1045-10184-000028665C,"Onyxia",0xa48,0x0,Player-4755-01733879,0000000000000000,100,100,0,0,0,-1,0,0,0,-3.37,-218.49,0,2.9881,70,320,241,-1,1,0,0,0,1,nil,nil
4/28 18:48:38.701  SPELL_CAST_SUCCESS,Player-4755-021D6506,"Bloodlady-Dreadmist",0x514,0x0,Creature-0-4457-249-1045-10184-000028665C,"Onyxia",0xa48,0x0,10181,"Frostbolt",0x10,Player-4755-021D6506,0000000000000000,100,100,0,0,0,-1,0,0,0,-27.37,-184.03,0,5.2780,69
4/28 18:48:38.701  SPELL_CAST_START,Player-4755-021D6506,"Bloodlady-Dreadmist",0x514,0x0,0000000000000000,nil,0x80000000,0x80000000,10181,"Frostbolt",0x10
4/28 18:48:38.744  SPELL_CAST_SUCCESS,Pet-0-4457-249-1045-7456-03003178E8,"Owl",0x1114,0x0,Creature-0-4457-249-1045-10184-000028665C,"Onyxia",0xa48,0x0,24579,"Screech",0x1,Pet-0-4457-249-1045-7456-03003178E8,Player-4755-01B60A5F,100,100,0,0,0,-1,0,0,0,-29.11,-192.68,0,4.9084,62
4/28 18:48:38.744  SPELL_MISSED,Pet-0-4457-249-1045-7456-03003178E8,"Owl",0x1114,0x0,Creature-0-4457-249-1045-10184-000028665C,"Onyxia",0xa48,0x0,24579,"Screech",0x1,DODGE,nil
4/28 18:48:38.759  SPELL_AURA_REMOVED_DOSE,Player-4755-0160BD13,"Mafkees-Dreadmist",0x514,0x0,Player-4755-0160BD13,"Mafkees-Dreadmist",0x514,0x0,12970,"Flurry",0x1,BUFF,2
4/28 18:48:38.759  SPELL_AURA_APPLIED,Player-4755-01F21AE6,"Blahu-Dreadmist",0x40514,0x0,Player-4755-01F21AE6,"Blahu-Dreadmist",0x40514,0x0,12970,"Flurry",0x1,BUFF
4/28 18:48:38.759  SWING_DAMAGE_LANDED,Player-4755-01733879,"Hocwar-Dreadmist",0x50514,0x0,Creature-0-4457-249-1045-10184-000028665C,"Onyxia",0xa48,0x0,Creature-0-4457-249-1045-10184-000028665C,0000000000000000,100,100,0,0,0,-1,0,0,0,-24.22,-216.53,0,6.1782,63,320,241,-1,1,0,0,0,1,nil,nil
4/28 18:48:38.905  SPELL_PERIODIC_HEAL,Player-4755-01733879,"Hocwar-Dreadmist",0x50514,0x0,Player-4755-01733879,"Hocwar-Dreadmist",0x50514,0x0,24427,"Diamond Flask",0x8,Player-4755-01733879,0000000000000000,100,100,0,0,0,-1,0,0,0,-1.74,-218.73,0,3.0038,70,301,301,301,0,nil
4/28 18:48:38.978  SPELL_PERIODIC_ENERGIZE,Player-4755-0178F416,"Eltorero-Dreadmist",0x514,0x0,Player-4755-0178F416,"Eltorero-Dreadmist",0x514,0x0,29131,"Bloodrage",0x1,Player-4755-0178F416,0000000000000000,93,100,0,0,0,-1,0,0,0,-20.45,-197.82,0,4.8723,67,1.0000,0.0000,1,1000
4/28 18:48:38.978  SWING_MISSED,Creature-0-4457-249-1045-10184-000028665C,"Onyxia",0xa48,0x0,Player-4755-01733879,"Hocwar-Dreadmist",0x50514,0x0,MISS,nil
4/28 18:48:39.057  SPELL_CAST_START,Player-4755-0163DD9D,"Kaspais-Dreadmist",0x514,0x0,0000000000000000,nil,0x80000000,0x80000000,5019,"Shoot",0x1
4/28 18:48:39.098  SWING_DAMAGE,Player-4755-01637B0A,"Pindle-Dreadmist",0x514,0x0,Creature-0-4457-249-1045-10184-000028665C,"Onyxia",0xa48,0x0,Player-4755-01637B0A,0000000000000000,100,100,0,0,0,-1,0,0,0,-21.76,-198.23,0,4.9317,65,64,101,-1,1,0,0,0,nil,1,nil
4/28 18:48:39.098  SPELL_PERIODIC_ENERGIZE,Player-4755-01BC57A3,"Saintis-Dreadmist",0x511,0x0,Player-4755-01BC57A3,"Saintis-Dreadmist",0x511,0x0,18194,"Mana Regeneration",0x1,Player-4755-01BC57A3,0000000000000000,100,100,0,0,0,-1,0,0,0,-19.22,-189.55,0,5.5380,68,8.0000,0.0000,0,7212
4/28 18:48:39.169  SPELL_AURA_REMOVED_DOSE,Player-4755-01733879,"Hocwar-Dreadmist",0x50514,0x0,Player-4755-01733879,"Hocwar-Dreadmist",0x50514,0x0,12970,"Flurry",0x1,BUFF,1
4/28 18:48:39.169  SPELL_AURA_APPLIED_DOSE,Player-4755-01733879,"Hocwar-Dreadmist",0x50514,0x0,Player-4755-01733879,"Hocwar-Dreadmist",0x50514,0x0,12970,"Flurry",0x1,BUFF,3
4/28 18:48:39.169  SWING_DAMAGE_LANDED,Player-4755-01637B0A,"Pindle-Dreadmist",0x514,0x0,Creature-0-4457-249-1045-10184-000028665C,"Onyxia",0xa48,0x0,Creature-0-4457-249-1045-10184-000028665C,0000000000000000,100,100,0,0,0,-1,0,0,0,-21.20,-216.82,0,0.0417,63,64,101,-1,1,0,0,0,nil,1,nil
4/28 18:48:39.201  SPELL_PERIODIC_ENERGIZE,Player-4755-01733879,"Hocwar-Dreadmist",0x50514,0x0,Player-4755-01733879,"Hocwar-Dreadmist",0x50514,0x0,29131,"Bloodrage",0x1,Player-4755-01733879,0000000000000000,100,100,0,0,0,-1,0,0,0,-0.44,-218.90,0,3.0156,70,1.0000,0.0000,1,1000
4/28 18:48:39.201  SPELL_AURA_REMOVED,Player-4755-01733879,"Hocwar-Dreadmist",0x50514,0x0,Player-4755-01733879,"Hocwar-Dreadmist",0x50514,0x0,29131,"Bloodrage",0x1,BUFF
4/28 18:48:39.201  SPELL_CAST_START,Player-4755-020BD78D,"Lonehunter-Dreadmist",0x514,0x0,0000000000000000,nil,0x80000000,0x80000000,75,"Auto Shot",0x1
4/28 18:48:39.330  SPELL_PERIODIC_DAMAGE,Player-4755-01B60A5F,"Zurok-Dreadmist",0x514,0x0,Creature-0-4457-249-1045-10184-000028665C,"Onyxia",0xa48,0x0,13555,"Serpent Sting",0x8,Creature-0-4457-249-1045-10184-000028665C,0000000000000000,100,100,0,0,0,-1,0,0,0,-20.47,-216.79,0,6.1782,63,101,100,-1,8,0,0,0,nil,nil,nil
4/28 18:48:39.330  SPELL_PERIODIC_DAMAGE,Player-4755-0160BD13,"Mafkees-Dreadmist",0x514,0x0,Creature-0-4457-249-1045-10184-000028665C,"Onyxia",0xa48,0x0,12721,"Deep Wound",0x1,Creature-0-4457-249-1045-10184-000028665C,0000000000000000,100,100,0,0,0,-1,0,0,0,-20.47,-216.79,0,6.1782,63,81,81,-1,1,0,0,0,nil,nil,nil
4/28 18:48:39.330  SPELL_CAST_SUCCESS,Player-4755-01733879,"Hocwar-Dreadmist",0x50514,0x0,Creature-0-4457-249-1045-10184-000028665C,"Onyxia",0xa48,0x0,11597,"Sunder Armor",0x1,Player-4755-01733879,0000000000000000,100,100,0,0,0,-1,0,0,0,0.15,-218.93,0,3.0156,70
4/28 18:48:39.400  SPELL_CAST_SUCCESS,Player-4755-01637B0A,"Pindle-Dreadmist",0x514,0x0,Creature-0-4457-249-1045-10184-000028665C,"Onyxia",0xa48,0x0,11281,"Backstab",0x1,Player-4755-01637B0A,0000000000000000,100,100,0,0,0,-1,0,0,0,-20.10,-197.71,0,5.0280,65
4/28 18:48:39.400  SPELL_MISSED,Player-4755-01637B0A,"Pindle-Dreadmist",0x514,0x0,Creature-0-4457-249-1045-10184-000028665C,"Onyxia",0xa48,0x0,11281,"Backstab",0x1,DODGE,nil
4/28 18:48:39.557  SPELL_CAST_SUCCESS,Player-4755-0163DD9D,"Kaspais-Dreadmist",0x514,0x0,Creature-0-4457-249-1045-10184-000028665C,"Onyxia",0xa48,0x0,5019,"Shoot",0x1,Player-4755-0163DD9D,0000000000000000,100,100,0,0,0,-1,0,0,0,-25.15,-178.90,0,5.0595,66
4/28 18:48:39.571  SPELL_ENERGIZE,Player-4755-01733879,"Hocwar-Dreadmist",0x50514,0x0,Player-4755-01733879,"Hocwar-Dreadmist",0x50514,0x0,12964,"Unbridled Wrath",0x1,Player-4755-01733879,0000000000000000,100,100,0,0,0,-1,0,0,0,1.13,-218.73,0,3.0156,70,1.0000,0.0000,1,1000
4/28 18:48:39.571  SPELL_AURA_APPLIED_DOSE,Player-4755-01733879,"Hocwar-Dreadmist",0x50514,0x0,Creature-0-4457-249-1045-10184-000028665C,"Onyxia",0xa48,0x0,11597,"Sunder Armor",0x1,DEBUFF,3
4/28 18:48:39.651  SPELL_CAST_SUCCESS,Player-4755-020BD78D,"Lonehunter-Dreadmist",0x514,0x0,Creature-0-4457-249-1045-10184-000028665C,"Onyxia",0xa48,0x0,75,"Auto Shot",0x1,Player-4755-020BD78D,0000000000000000,100,100,0,0,0,-1,0,0,0,-20.41,-181.43,0,5.0969,70
4/28 18:48:39.678  SWING_DAMAGE,Player-4755-01F21AE6,"Blahu-Dreadmist",0x40514,0x0,Creature-0-4457-249-1045-10184-000028665C,"Onyxia",0xa48,0x0,Player-4755-01F21AE6,0000000000000000,99,100,0,0,0,-1,0,0,0,-23.72,-205.35,0,5.2006,70,211,302,-1,1,0,0,0,nil,nil,nil
4/28 18:48:39.678  SWING_DAMAGE,Player-4755-01637B0A,"Pindle-Dreadmist",0x514,0x0,Creature-0-4457-249-1045-10184-000028665C,"Onyxia",0xa48,0x0,Player-4755-01637B0A,0000000000000000,100,100,0,0,0,-1,0,0,0,-18.08,-197.13,0,4.9416,65,270,189,-1,1,0,0,0,1,nil,nil
4/28 18:48:39.758  SWING_MISSED,Player-4755-01F21AE6,"Blahu-Dreadmist",0x40514,0x0,Creature-0-4457-249-1045-10184-000028665C,"Onyxia",0xa48,0x0,DODGE,1
4/28 18:48:39.845  SPELL_CAST_START,Player-4755-01802FE5,"Angrybat-Dreadmist",0x514,0x0,0000000000000000,nil,0x80000000,0x80000000,5019,"Shoot",0x1
4/28 18:48:39.845  SPELL_CAST_START,Player-4755-01B60A5F,"Zurok-Dreadmist",0x514,0x0,0000000000000000,nil,0x80000000,0x80000000,20904,"Aimed Shot",0x1
4/28 18:48:39.926  SWING_MISSED,Player-4755-01733879,"Hocwar-Dreadmist",0x50514,0x0,Creature-0-4457-249-1045-10184-000028665C,"Onyxia",0xa48,0x0,PARRY,nil
4/28 18:48:39.941  RANGE_DAMAGE,Player-4755-0163DD9D,"Kaspais-Dreadmist",0x514,0x0,Creature-0-4457-249-1045-10184-000028665C,"Onyxia",0xa48,0x0,5019,"Shoot",0x1,Creature-0-4457-249-1045-10184-000028665C,0000000000000000,100,100,0,0,0,-1,0,0,0,-19.10,-216.93,0,6.1931,63,93,84,-1,16,0,0,0,nil,nil,nil
4/28 18:48:39.969  SWING_DAMAGE_LANDED,Player-4755-01F21AE6,"Blahu-Dreadmist",0x40514,0x0,Creature-0-4457-249-1045-10184-000028665C,"Onyxia",0xa48,0x0,Creature-0-4457-249-1045-10184-000028665C,0000000000000000,100,100,0,0,0,-1,0,0,0,-19.10,-216.93,0,6.1931,63,211,302,-1,1,0,0,0,nil,nil,nil
4/28 18:48:39.969  SWING_DAMAGE_LANDED,Player-4755-01637B0A,"Pindle-Dreadmist",0x514,0x0,Creature-0-4457-249-1045-10184-000028665C,"Onyxia",0xa48,0x0,Creature-0-4457-249-1045-10184-000028665C,0000000000000000,100,100,0,0,0,-1,0,0,0,-19.10,-216.93,0,6.1931,63,270,189,-1,1,0,0,0,1,nil,nil
4/28 18:48:39.969  SPELL_PERIODIC_ENERGIZE,Player-4755-0178F416,"Eltorero-Dreadmist",0x514,0x0,Player-4755-0178F416,"Eltorero-Dreadmist",0x514,0x0,29131,"Bloodrage",0x1,Player-4755-0178F416,0000000000000000,93,100,0,0,0,-1,0,0,0,-13.05,-196.69,0,4.7663,67,1.0000,0.0000,1,1000
4/28 18:48:40.044  SPELL_MISSED,Player-4755-021D6506,"Bloodlady-Dreadmist",0x514,0x0,Creature-0-4457-249-1045-10184-000028665C,"Onyxia",0xa48,0x0,10181,"Frostbolt",0x10,RESIST,nil,0
4/28 18:48:40.195  SPELL_PERIODIC_ENERGIZE,Player-4755-01E83279,"Nlmasters-Dreadmist",0x514,0x8,Pet-0-4457-249-1045-7432-01002D8BC6,"Cat",0x1114,0x0,1539,"Feed Pet Effect",0x1,Pet-0-4457-249-1045-7432-01002D8BC6,Player-4755-01E83279,100,100,0,0,0,-1,0,0,0,-20.40,-190.42,0,6.1964,70,35.0000,0.0000,4,1000000
4/28 18:48:40.331  SWING_MISSED,Pet-0-4457-249-1045-7456-03003178E8,"Owl",0x1114,0x0,Creature-0-4457-249-1045-10184-000028665C,"Onyxia",0xa48,0x0,MISS,nil
4/28 18:48:40.331  SPELL_CAST_SUCCESS,Player-4755-01802FE5,"Angrybat-Dreadmist",0x514,0x0,Creature-0-4457-249-1045-10184-000028665C,"Onyxia",0xa48,0x0,5019,"Shoot",0x1,Player-4755-01802FE5,0000000000000000,100,100,0,0,0,-1,0,0,0,-17.68,-188.10,0,5.4147,66
4/28 18:48:40.360  SPELL_CAST_SUCCESS,Creature-0-4457-249-1045-10184-000028665C,"Onyxia",0xa48,0x0,Player-4755-01733879,"Hocwar-Dreadmist",0x50514,0x0,19983,"Cleave",0x1,Creature-0-4457-249-1045-10184-000028665C,0000000000000000,100,100,0,0,0,-1,0,0,0,-17.47,-216.86,0,6.1943,63
4/28 18:48:40.360  SPELL_CAST_SUCCESS,Pet-0-4457-249-1045-7456-03003178E8,"Owl",0x1114,0x0,Creature-0-4457-249-1045-10184-000028665C,"Onyxia",0xa48,0x0,3009,"Claw",0x1,Pet-0-4457-249-1045-7456-03003178E8,Player-4755-01B60A5F,100,100,0,0,0,-1,0,0,0,-27.98,-195.11,0,5.1046,62
4/28 18:48:40.375  SPELL_AURA_REMOVED_DOSE,Player-4755-01F21AE6,"Blahu-Dreadmist",0x40514,0x0,Player-4755-01F21AE6,"Blahu-Dreadmist",0x40514,0x0,12970,"Flurry",0x1,BUFF,2
4/28 18:48:40.375  SPELL_AURA_REMOVED_DOSE,Player-4755-01F21AE6,"Blahu-Dreadmist",0x40514,0x0,Player-4755-01F21AE6,"Blahu-Dreadmist",0x40514,0x0,12970,"Flurry",0x1,BUFF,1
4/28 18:48:40.375  SPELL_AURA_REMOVED_DOSE,Player-4755-01733879,"Hocwar-Dreadmist",0x50514,0x0,Player-4755-01733879,"Hocwar-Dreadmist",0x50514,0x0,12970,"Flurry",0x1,BUFF,2
4/28 18:48:40.375  SPELL_DAMAGE,Creature-0-4457-249-1045-10184-000028665C,"Onyxia",0xa48,0x0,Player-4755-01733879,"Hocwar-Dreadmist",0x50514,0x0,19983,"Cleave",0x1,Player-4755-01733879,0000000000000000,88,100,0,0,0,-1,0,0,0,4.49,-218.38,0,3.0155,70,776,2039,-1,1,0,0,0,nil,nil,nil
4/28 18:48:40.375  SPELL_DAMAGE,Pet-0-4457-249-1045-7456-03003178E8,"Owl",0x1114,0x0,Creature-0-4457-249-1045-10184-000028665C,"Onyxia",0xa48,0x0,3009,"Claw",0x1,Creature-0-4457-249-1045-10184-000028665C,0000000000000000,100,100,0,0,0,-1,0,0,0,-17.33,-216.86,0,0.0492,63,56,81,-1,1,0,0,0,nil,nil,nil
4/28 18:48:40.518  SWING_DAMAGE,Player-4755-01637B0A,"Pindle-Dreadmist",0x514,0x0,Creature-0-4457-249-1045-10184-000028665C,"Onyxia",0xa48,0x0,Player-4755-01637B0A,0000000000000000,100,100,0,0,0,-1,0,0,0,-12.75,-196.28,0,4.8316,65,78,112,-1,1,0,0,0,nil,1,nil
4/28 18:48:40.531  RANGE_DAMAGE,Player-4755-020BD78D,"Lonehunter-Dreadmist",0x514,0x0,Creature-0-4457-249-1045-10184-000028665C,"Onyxia",0xa48,0x0,75,"Auto Shot",0x1,Creature-0-4457-249-1045-10184-000028665C,0000000000000000,99,100,0,0,0,-1,0,0,0,-15.94,-216.79,0,0.0492,63,353,505,-1,1,0,0,0,nil,nil,nil
4/28 18:48:40.558  SPELL_CAST_SUCCESS,Player-4755-016296D3,"Nivl-Dreadmist",0x514,0x0,0000000000000000,nil,0x80000000,0x80000000,10614,"Windfury Totem",0x8,Player-4755-016296D3,0000000000000000,100,100,0,0,0,-1,0,0,0,-14.61,-184.28,0,5.3488,69
4/28 18:48:40.558  SPELL_SUMMON,Player-4755-016296D3,"Nivl-Dreadmist",0x514,0x0,Creature-0-4457-249-1045-7484-0000286C78,"Windfury Totem III",0xa28,0x0,10614,"Windfury Totem",0x8
4/28 18:48:40.572  SWING_DAMAGE,Player-4755-0160BD13,"Mafkees-Dreadmist",0x514,0x0,Creature-0-4457-249-1045-10184-000028665C,"Onyxia",0xa48,0x0,Player-4755-0160BD13,0000000000000000,100,100,0,0,0,-1,0,0,0,-20.78,-200.98,0,5.0211,64,773,554,-1,1,0,0,0,1,nil,nil
4/28 18:48:40.783  SWING_DAMAGE_LANDED,Player-4755-01637B0A,"Pindle-Dreadmist",0x514,0x0,Creature-0-4457-249-1045-10184-000028665C,"Onyxia",0xa48,0x0,Creature-0-4457-249-1045-10184-000028665C,0000000000000000,99,100,0,0,0,-1,0,0,0,-15.73,-216.79,0,6.2132,63,78,112,-1,1,0,0,0,nil,1,nil
4/28 18:48:40.783  SWING_DAMAGE_LANDED,Player-4755-0160BD13,"Mafkees-Dreadmist",0x514,0x0,Creature-0-4457-249-1045-10184-000028665C,"Onyxia",0xa48,0x0,Creature-0-4457-249-1045-10184-000028665C,0000000000000000,99,100,0,0,0,-1,0,0,0,-15.73,-216.79,0,6.2132,63,773,554,-1,1,0,0,0,1,nil,nil
4/28 18:48:40.783  SPELL_CAST_SUCCESS,Player-4755-01FA8DD8,"Roackerita-Dreadmist",0x514,0x0,Player-4755-0178F416,"Eltorero-Dreadmist",0x514,0x0,6078,"Renew",0x2,Player-4755-01FA8DD8,0000000000000000,100,100,0,0,0,-1,0,0,0,-24.62,-178.56,0,5.2971,69
4/28 18:48:40.814  SWING_DAMAGE,Player-4755-0178F416,"Eltorero-Dreadmist",0x514,0x0,Creature-0-4457-249-1045-10184-000028665C,"Onyxia",0xa48,0x0,Player-4755-0178F416,0000000000000000,93,100,0,0,0,-1,0,0,0,-9.62,-197.56,0,4.4482,67,369,712,-1,1,0,0,0,nil,1,nil
4/28 18:48:40.899  SPELL_CAST_SUCCESS,Player-4755-02045EF4,"Necrosini-Dreadmist",0x512,0x0,Player-4755-0178F416,"Eltorero-Dreadmist",0x514,0x0,10929,"Renew",0x2,Player-4755-02045EF4,0000000000000000,100,100,0,0,0,-1,0,0,0,-22.93,-189.65,0,0.6809,69
4/28 18:48:40.970  SPELL_PERIODIC_ENERGIZE,Player-4755-0178F416,"Eltorero-Dreadmist",0x514,0x0,Player-4755-0178F416,"Eltorero-Dreadmist",0x514,0x0,29131,"Bloodrage",0x1,Player-4755-0178F416,0000000000000000,93,100,0,0,0,-1,0,0,0,-8.52,-197.85,0,4.4482,67,1.0000,0.0000,1,1000
4/28 18:48:41.055  SPELL_CAST_SUCCESS,Player-4755-01804B95,"Moymoy-Dreadmist",0x514,0x0,0000000000000000,nil,0x80000000,0x80000000,10497,"Mana Spring Totem",0x10,Player-4755-01804B95,0000000000000000,100,100,0,0,0,-1,0,0,0,-1.00,-180.56,0,6.0955,66
4/28 18:48:41.055  SPELL_SUMMON,Player-4755-01804B95,"Moymoy-Dreadmist",0x514,0x0,Creature-0-4457-249-1045-7416-0000286C79,"Mana Spring Totem IV",0xa28,0x0,10497,"Mana Spring Totem",0x10
4/28 18:48:41.124  SPELL_PERIODIC_HEAL,Player-4755-01FA8DD8,"Roackerita-Dreadmist",0x514,0x0,Player-4755-01F21AE6,"Blahu-Dreadmist",0x40514,0x0,6078,"Renew",0x2,Player-4755-01F21AE6,0000000000000000,100,100,0,0,0,-1,0,0,0,-16.88,-201.80,0,5.2612,70,235,235,133,0,nil
4/28 18:48:41.151  SWING_DAMAGE,Player-4755-01F21AE6,"Blahu-Dreadmist",0x40514,0x0,Creature-0-4457-249-1045-10184-000028665C,"Onyxia",0xa48,0x0,Player-4755-01F21AE6,0000000000000000,100,100,0,0,0,-1,0,0,0,-16.70,-201.69,0,5.2612,70,69,123,-1,1,0,0,0,nil,1,nil
4/28 18:48:41.164  SPELL_CAST_START,Creature-0-4457-249-1045-10184-000028665C,"Onyxia",0xa48,0x0,0000000000000000,nil,0x80000000,0x80000000,18435,"Flame Breath",0x4
4/28 18:48:41.180  SPELL_AURA_REMOVED_DOSE,Player-4755-0160BD13,"Mafkees-Dreadmist",0x514,0x0,Player-4755-0160BD13,"Mafkees-Dreadmist",0x514,0x0,12970,"Flurry",0x1,BUFF,1
4/28 18:48:41.180  SPELL_AURA_APPLIED_DOSE,Player-4755-0160BD13,"Mafkees-Dreadmist",0x514,0x0,Player-4755-0160BD13,"Mafkees-Dreadmist",0x514,0x0,12970,"Flurry",0x1,BUFF,3
4/28 18:48:41.180  SPELL_AURA_APPLIED,Player-4755-01FA8DD8,"Roackerita-Dreadmist",0x514,0x0,Player-4755-0178F416,"Eltorero-Dreadmist",0x514,0x0,6078,"Renew",0x2,BUFF
4/28 18:48:41.180  SWING_DAMAGE_LANDED,Player-4755-0178F416,"Eltorero-Dreadmist",0x514,0x0,Creature-0-4457-249-1045-10184-000028665C,"Onyxia",0xa48,0x0,Creature-0-4457-249-1045-10184-000028665C,0000000000000000,99,100,0,0,0,-1,0,0,0,-14.27,-216.89,0,6.2177,63,369,712,-1,1,0,0,0,nil,1,nil
4/28 18:48:41.180  SPELL_AURA_REMOVED,Player-4755-01FA8DD8,"Roackerita-Dreadmist",0x514,0x0,Player-4755-0178F416,"Eltorero-Dreadmist",0x514,0x0,6078,"Renew",0x2,BUFF
4/28 18:48:41.180  SPELL_AURA_APPLIED,Player-4755-02045EF4,"Necrosini-Dreadmist",0x512,0x0,Player-4755-0178F416,"Eltorero-Dreadmist",0x514,0x0,10929,"Renew",0x2,BUFF
4/28 18:48:41.196  SWING_DAMAGE_LANDED,Player-4755-01F21AE6,"Blahu-Dreadmist",0x40514,0x0,Creature-0-4457-249-1045-10184-000028665C,"Onyxia",0xa48,0x0,Creature-0-4457-249-1045-10184-000028665C,0000000000000000,99,100,0,0,0,-1,0,0,0,-14.27,-216.89,0,6.2177,63,69,123,-1,1,0,0,0,nil,1,nil
4/28 18:48:41.196  SPELL_CAST_SUCCESS,Player-4755-021D6506,"Bloodlady-Dreadmist",0x514,0x0,Creature-0-4457-249-1045-10184-000028665C,"Onyxia",0xa48,0x0,10181,"Frostbolt",0x10,Player-4755-021D6506,0000000000000000,100,100,0,0,0,-1,0,0,0,-27.37,-184.03,0,5.2780,69
4/28 18:48:41.196  SPELL_CAST_START,Player-4755-021D6506,"Bloodlady-Dreadmist",0x514,0x0,0000000000000000,nil,0x80000000,0x80000000,10181,"Frostbolt",0x10
4/28 18:48:41.312  SWING_DAMAGE,Player-4755-01733879,"Hocwar-Dreadmist",0x50514,0x0,Creature-0-4457-249-1045-10184-000028665C,"Onyxia",0xa48,0x0,Player-4755-01733879,0000000000000000,88,100,0,0,0,-1,0,0,0,8.53,-218.40,0,2.9685,70,144,236,-1,1,0,0,0,nil,1,nil
4/28 18:48:41.465  SPELL_AURA_REMOVED,Player-4755-0178F416,"Eltorero-Dreadmist",0x514,0x0,Player-4755-0178F416,"Eltorero-Dreadmist",0x514,0x0,2458,"Berserker Stance",0x1,BUFF
4/28 18:48:41.465  SPELL_AURA_APPLIED,Player-4755-0178F416,"Eltorero-Dreadmist",0x514,0x0,Player-4755-0178F416,"Eltorero-Dreadmist",0x514,0x0,2457,"Battle Stance",0x1,BUFF
4/28 18:48:41.465  SPELL_CAST_SUCCESS,Player-4755-0178F416,"Eltorero-Dreadmist",0x514,0x0,0000000000000000,nil,0x80000000,0x80000000,2457,"Battle Stance",0x1,Player-4755-0178F416,0000000000000000,93,100,0,0,0,-1,0,0,0,-8.58,-200.23,0,4.4482,67
4/28 18:48:41.465  SPELL_CAST_START,Player-4755-0163DD9D,"Kaspais-Dreadmist",0x514,0x0,0000000000000000,nil,0x80000000,0x80000000,5019,"Shoot",0x1
4/28 18:48:41.465  RANGE_DAMAGE,Player-4755-0163DD9D,"Kaspais-Dreadmist",0x514,0x0,Creature-0-4457-249-1045-10184-000028665C,"Onyxia",0xa48,0x0,5019,"Shoot",0x1,Creature-0-4457-249-1045-10184-000028665C,0000000000000000,99,100,0,0,0,-1,0,0,0,-14.27,-216.89,0,6.2177,63,156,141,-1,16,0,0,0,nil,nil,nil
4/28 18:48:41.492  SPELL_MISSED,Player-4755-01637B0A,"Pindle-Dreadmist",0x514,0x0,Creature-0-4457-249-1045-10184-000028665C,"Onyxia",0xa48,0x0,21151,"Gutgore Ripper",0x20,RESIST,nil,0
4/28 18:48:41.492  SWING_DAMAGE,Player-4755-01637B0A,"Pindle-Dreadmist",0x514,0x0,Creature-0-4457-249-1045-10184-000028665C,"Onyxia",0xa48,0x0,Player-4755-01637B0A,0000000000000000,100,100,0,0,0,-1,0,0,0,-6.55,-199.02,0,4.6745,65,137,207,-1,1,0,0,0,nil,1,nil
4/28 18:48:41.591  SPELL_AURA_REFRESH,Player-4755-0160BD13,"Mafkees-Dreadmist",0x514,0x0,Creature-0-4457-249-1045-10184-000028665C,"Onyxia",0xa48,0x0,12721,"Deep Wound",0x1,DEBUFF
4/28 18:48:41.591  SPELL_ENERGIZE,Player-4755-0160BD13,"Mafkees-Dreadmist",0x514,0x0,Player-4755-0160BD13,"Mafkees-Dreadmist",0x514,0x0,12964,"Unbridled Wrath",0x1,Player-4755-0160BD13,0000000000000000,100,100,0,0,0,-1,0,0,0,-14.23,-201.59,0,5.0053,64,1.0000,0.0000,1,1000
4/28 18:48:41.591  SPELL_AURA_REMOVED,Player-4755-01F21AE6,"Blahu-Dreadmist",0x40514,0x0,Player-4755-01F21AE6,"Blahu-Dreadmist",0x40514,0x0,12970,"Flurry",0x1,BUFF
4/28 18:48:41.591  SWING_DAMAGE_LANDED,Player-4755-01733879,"Hocwar-Dreadmist",0x50514,0x0,Creature-0-4457-249-1045-10184-000028665C,"Onyxia",0xa48,0x0,Creature-0-4457-249-1045-10184-000028665C,0000000000000000,99,100,0,0,0,-1,0,0,0,-14.27,-216.89,0,6.2177,63,144,236,-1,1,0,0,0,nil,1,nil
4/28 18:48:41.591  SWING_DAMAGE_LANDED,Player-4755-01637B0A,"Pindle-Dreadmist",0x514,0x0,Creature-0-4457-249-1045-10184-000028665C,"Onyxia",0xa48,0x0,Creature-0-4457-249-1045-10184-000028665C,0000000000000000,99,100,0,0,0,-1,0,0,0,-14.27,-216.89,0,6.2177,63,137,207,-1,1,0,0,0,nil,1,nil
4/28 18:48:41.729  SWING_DAMAGE,Player-4755-01F21AE6,"Blahu-Dreadmist",0x40514,0x0,Creature-0-4457-249-1045-10184-000028665C,"Onyxia",0xa48,0x0,Player-4755-01F21AE6,0000000000000000,100,100,0,0,0,-1,0,0,0,-13.38,-200.68,0,5.1408,70,159,313,-1,1,0,0,0,nil,1,nil
4/28 18:48:41.729  SPELL_CAST_START,Player-4755-020BD78D,"Lonehunter-Dreadmist",0x514,0x0,0000000000000000,nil,0x80000000,0x80000000,75,"Auto Shot",0x1
4/28 18:48:41.783  RANGE_DAMAGE,Player-4755-01802FE5,"Angrybat-Dreadmist",0x514,0x0,Creature-0-4457-249-1045-10184-000028665C,"Onyxia",0xa48,0x0,5019,"Shoot",0x1,Creature-0-4457-249-1045-10184-000028665C,0000000000000000,99,100,0,0,0,-1,0,0,0,-14.27,-216.89,0,6.2177,63,103,93,-1,16,0,0,0,nil,nil,nil
4/28 18:48:41.900  SWING_DAMAGE,Player-4755-01637B0A,"Pindle-Dreadmist",0x514,0x0,Creature-0-4457-249-1045-10184-000028665C,"Onyxia",0xa48,0x0,Player-4755-01637B0A,0000000000000000,100,100,0,0,0,-1,0,0,0,-4.75,-200.21,0,4.5685,65,75,108,-1,1,0,0,0,nil,nil,nil
4/28 18:48:41.968  SPELL_CAST_SUCCESS,Player-4755-0163DD9D,"Kaspais-Dreadmist",0x514,0x0,Creature-0-4457-249-1045-10184-000028665C,"Onyxia",0xa48,0x0,5019,"Shoot",0x1,Player-4755-0163DD9D,0000000000000000,100,100,0,0,0,-1,0,0,0,-17.39,-181.23,0,4.5686,66
4/28 18:48:41.968  SPELL_PERIODIC_ENERGIZE,Player-4755-0178F416,"Eltorero-Dreadmist",0x514,0x0,Player-4755-0178F416,"Eltorero-Dreadmist",0x514,0x0,29131,"Bloodrage",0x1,Player-4755-0178F416,0000000000000000,93,100,0,0,0,-1,0,0,0,-7.17,-199.97,0,4.4482,67,1.0000,0.0000,1,1000
4/28 18:48:41.968  SPELL_AURA_REMOVED,Player-4755-0178F416,"Eltorero-Dreadmist",0x514,0x0,Player-4755-0178F416,"Eltorero-Dreadmist",0x514,0x0,29131,"Bloodrage",0x1,BUFF
4/28 18:48:41.984  SPELL_AURA_APPLIED,Pet-0-4457-249-1045-7432-01002D8BC6,"Cat",0x1114,0x0,Pet-0-4457-249-1045-7432-01002D8BC6,"Cat",0x1114,0x0,23110,"Dash",0x1,BUFF
4/28 18:48:41.984  SPELL_CAST_SUCCESS,Pet-0-4457-249-1045-7432-01002D8BC6,"Cat",0x1114,0x0,0000000000000000,nil,0x80000000,0x80000000,23110,"Dash",0x1,Pet-0-4457-249-1045-7432-01002D8BC6,Player-4755-01E83279,100,100,0,0,0,-1,0,0,0,-12.25,-183.35,0,1.2238,70
4/28 18:48:41.984  SPELL_CAST_SUCCESS,Pet-0-4457-249-1045-7456-03003178E8,"Owl",0x1114,0x0,Creature-0-4457-249-1045-10184-000028665C,"Onyxia",0xa48,0x0,24579,"Screech",0x1,Pet-0-4457-249-1045-7456-03003178E8,Player-4755-01B60A5F,100,100,0,0,0,-1,0,0,0,-26.88,-196.78,0,5.2441,62
4/28 18:48:42.005  SPELL_AURA_REMOVED_DOSE,Player-4755-01733879,"Hocwar-Dreadmist",0x50514,0x0,Player-4755-01733879,"Hocwar-Dreadmist",0x50514,0x0,12970,"Flurry",0x1,BUFF,1
4/28 18:48:42.005  SWING_DAMAGE_LANDED,Player-4755-01F21AE6,"Blahu-Dreadmist",0x40514,0x0,Creature-0-4457-249-1045-10184-000028665C,"Onyxia",0xa48,0x0,Creature-0-4457-249-1045-10184-000028665C,0000000000000000,99,100,0,0,0,-1,0,0,0,-14.27,-216.89,0,6.2177,63,159,313,-1,1,0,0,0,nil,1,nil
4/28 18:48:42.005  SWING_DAMAGE_LANDED,Player-4755-01637B0A,"Pindle-Dreadmist",0x514,0x0,Creature-0-4457-249-1045-10184-000028665C,"Onyxia",0xa48,0x0,Creature-0-4457-249-1045-10184-000028665C,0000000000000000,99,100,0,0,0,-1,0,0,0,-14.27,-216.89,0,6.2177,63,75,108,-1,1,0,0,0,nil,nil,nil
4/28 18:48:42.005  SPELL_DAMAGE,Player-4755-01637B0A,"Pindle-Dreadmist",0x514,0x0,Creature-0-4457-249-1045-10184-000028665C,"Onyxia",0xa48,0x0,11337,"Instant Poison VI",0x8,Creature-0-4457-249-1045-10184-000028665C,0000000000000000,99,100,0,0,0,-1,0,0,0,-14.27,-216.89,0,6.2177,63,122,122,-1,8,0,0,0,nil,nil,nil
4/28 18:48:42.005  SPELL_DAMAGE,Pet-0-4457-249-1045-7456-03003178E8,"Owl",0x1114,0x0,Creature-0-4457-249-1045-10184-000028665C,"Onyxia",0xa48,0x0,24579,"Screech",0x1,Creature-0-4457-249-1045-10184-000028665C,0000000000000000,99,100,0,0,0,-1,0,0,0,-14.27,-216.89,0,6.2177,63,41,58,-1,1,0,0,0,nil,nil,nil
4/28 18:48:42.005  SPELL_AURA_APPLIED,Pet-0-4457-249-1045-7456-03003178E8,"Owl",0x1114,0x0,Creature-0-4457-249-1045-10184-000028665C,"Onyxia",0xa48,0x0,24579,"Screech",0x1,DEBUFF
4/28 18:48:42.005  SPELL_CAST_SUCCESS,Player-4755-01A6B139,"Sakatan-Dreadmist",0x514,0x0,Creature-0-4457-249-1045-10184-000028665C,"Onyxia",0xa48,0x0,11281,"Backstab",0x1,Player-4755-01A6B139,0000000000000000,100,100,0,0,0,-1,0,0,0,-13.45,-194.87,0,4.9723,69
4/28 18:48:42.051  SPELL_CAST_START,Player-4755-01802FE5,"Angrybat-Dreadmist",0x514,0x0,0000000000000000,nil,0x80000000,0x80000000,5019,"Shoot",0x1
4/28 18:48:42.149  SWING_DAMAGE,Player-4755-01A6B139,"Sakatan-Dreadmist",0x514,0x0,Creature-0-4457-249-1045-10184-000028665C,"Onyxia",0xa48,0x0,Player-4755-01A6B139,0000000000000000,100,100,0,0,0,-1,0,0,0,-13.08,-195.80,0,5.0312,69,137,196,-1,1,0,0,0,nil,nil,nil
4/28 18:48:42.163  SPELL_CAST_SUCCESS,Player-4755-020BD78D,"Lonehunter-Dreadmist",0x514,0x0,Creature-0-4457-249-1045-10184-000028665C,"Onyxia",0xa48,0x0,75,"Auto Shot",0x1,Player-4755-020BD78D,0000000000000000,100,100,0,0,0,-1,0,0,0,-15.66,-180.27,0,4.9258,70
4/28 18:48:42.196  SPELL_PERIODIC_ENERGIZE,Player-4755-01E83279,"Nlmasters-Dreadmist",0x514,0x8,Pet-0-4457-249-1045-7432-01002D8BC6,"Cat",0x1114,0x0,1539,"Feed Pet Effect",0x1,Pet-0-4457-249-1045-7432-01002D8BC6,Player-4755-01E83279,100,100,0,0,0,-1,0,0,0,-12.49,-186.40,0,4.6332,70,35.0000,0.0000,4,1000000
4/28 18:48:42.309  SPELL_CAST_SUCCESS,Player-4755-0160BD13,"Mafkees-Dreadmist",0x514,0x0,Creature-0-4457-249-1045-10184-000028665C,"Onyxia",0xa48,0x0,11597,"Sunder Armor",0x1,Player-4755-0160BD13,0000000000000000,100,100,0,0,0,-1,0,0,0,-14.64,-202.92,0,4.8522,64
4/28 18:48:42.309  SPELL_PERIODIC_DAMAGE,Player-4755-01B60A5F,"Zurok-Dreadmist",0x514,0x0,Creature-0-4457-249-1045-10184-000028665C,"Onyxia",0xa48,0x0,13555,"Serpent Sting",0x8,Creature-0-4457-249-1045-10184-000028665C,0000000000000000,99,100,0,0,0,-1,0,0,0,-14.27,-216.89,0,6.2177,63,101,100,-1,8,0,0,0,nil,nil,nil
4/28 18:48:42.323  SWING_MISSED,Pet-0-4457-249-1045-7456-03003178E8,"Owl",0x1114,0x0,Creature-0-4457-249-1045-10184-000028665C,"Onyxia",0xa48,0x0,MISS,nil
4/28 18:48:42.393  SPELL_ENERGIZE,Player-4755-01733879,"Hocwar-Dreadmist",0x50514,0x0,Player-4755-01733879,"Hocwar-Dreadmist",0x50514,0x0,12964,"Unbridled Wrath",0x1,Player-4755-01733879,0000000000000000,88,100,0,0,0,-1,0,0,0,13.29,-219.18,0,2.9842,70,1.0000,0.0000,1,1000
4/28 18:48:42.393  SPELL_DAMAGE,Player-4755-01A6B139,"Sakatan-Dreadmist",0x514,0x0,Creature-0-4457-249-1045-10184-000028665C,"Onyxia",0xa48,0x0,11281,"Backstab",0x1,Creature-0-4457-249-1045-10184-000028665C,0000000000000000,99,100,0,0,0,-1,0,0,0,-14.27,-216.89,0,6.2177,63,935,585,-1,1,0,0,0,1,nil,nil
4/28 18:48:42.393  SWING_DAMAGE_LANDED,Player-4755-01A6B139,"Sakatan-Dreadmist",0x514,0x0,Creature-0-4457-249-1045-10184-000028665C,"Onyxia",0xa48,0x0,Creature-0-4457-249-1045-10184-000028665C,0000000000000000,99,100,0,0,0,-1,0,0,0,-14.27,-216.89,0,6.2177,63,137,196,-1,1,0,0,0,nil,nil,nil
4/28 18:48:42.393  SPELL_AURA_APPLIED_DOSE,Player-4755-01733879,"Hocwar-Dreadmist",0x50514,0x0,Creature-0-4457-249-1045-10184-000028665C,"Onyxia",0xa48,0x0,11597,"Sunder Armor",0x1,DEBUFF,4
4/28 18:48:42.461  SPELL_DAMAGE,Player-4755-021D6506,"Bloodlady-Dreadmist",0x514,0x0,Creature-0-4457-249-1045-10184-000028665C,"Onyxia",0xa48,0x0,10181,"Frostbolt",0x10,Creature-0-4457-249-1045-10184-000028665C,0000000000000000,99,100,0,0,0,-1,0,0,0,-14.27,-216.89,0,6.2177,63,1009,917,-1,16,0,0,0,nil,nil,nil
4/28 18:48:42.557  SPELL_CAST_SUCCESS,Player-4755-01802FE5,"Angrybat-Dreadmist",0x514,0x0,Creature-0-4457-249-1045-10184-000028665C,"Onyxia",0xa48,0x0,5019,"Shoot",0x1,Player-4755-01802FE5,0000000000000000,100,100,0,0,0,-1,0,0,0,-9.57,-183.98,0,4.8884,66
4/28 18:48:42.570  SPELL_CAST_START,Player-4755-01804B95,"Moymoy-Dreadmist",0x514,0x0,0000000000000000,nil,0x80000000,0x80000000,939,"Healing Wave",0x8
4/28 18:48:42.597  SPELL_CAST_SUCCESS,Player-4755-0178F416,"Eltorero-Dreadmist",0x514,0x0,0000000000000000,nil,0x80000000,0x80000000,11581,"Thunder Clap",0x1,Player-4755-0178F416,0000000000000000,93,100,0,0,0,-1,0,0,0,-9.31,-201.46,0,4.5346,67
4/28 18:48:42.668  SPELL_CAST_START,Player-4755-01614AC7,"Mirrimazduur-Dreadmist",0x512,0x0,0000000000000000,nil,0x80000000,0x80000000,11672,"Corruption",0x20
4/28 18:48:42.668  SPELL_CAST_SUCCESS,Player-4755-01614AC7,"Mirrimazduur-Dreadmist",0x512,0x0,Creature-0-4457-249-1045-10184-000028665C,"Onyxia",0xa48,0x0,11672,"Corruption",0x20,Player-4755-01614AC7,0000000000000000,100,100,0,0,0,-1,0,0,0,-8.29,-181.36,0,4.5344,68
4/28 18:48:42.794  SWING_DAMAGE,Pet-0-4457-249-1045-7432-01002D8BC6,"Cat",0x1114,0x0,Creature-0-4457-249-1045-10184-000028665C,"Onyxia",0xa48,0x0,Pet-0-4457-249-1045-7432-01002D8BC6,Player-4755-01E83279,100,100,0,0,0,-1,0,0,0,-12.87,-191.89,0,4.6563,70,72,97,-1,1,0,0,0,nil,nil,nil
4/28 18:48:42.794  SPELL_AURA_REMOVED,Player-4755-01E83279,"Nlmasters-Dreadmist",0x514,0x8,Pet-0-4457-249-1045-7432-01002D8BC6,"Cat",0x1114,0x0,1539,"Feed Pet Effect",0x1,BUFF
4/28 18:48:42.794  SPELL_ENERGIZE,Player-4755-01F21AE6,"Blahu-Dreadmist",0x40514,0x0,Player-4755-01F21AE6,"Blahu-Dreadmist",0x40514,0x0,12964,"Unbridled Wrath",0x1,Player-4755-01F21AE6,0000000000000000,100,100,0,0,0,-1,0,0,0,-15.50,-206.38,0,5.2088,70,1.0000,0.0000,1,1000
4/28 18:48:42.794  SPELL_DAMAGE,Player-4755-0178F416,"Eltorero-Dreadmist",0x514,0x0,Creature-0-4457-249-1045-10184-000028665C,"Onyxia",0xa48,0x0,11581,"Thunder Clap",0x1,Creature-0-4457-249-1045-10184-000028665C,0000000000000000,99,100,0,0,0,-1,0,0,0,-14.27,-216.89,0,6.2177,63,77,103,-1,1,0,0,0,nil,nil,nil
4/28 18:48:42.794  SPELL_AURA_REMOVED,Player-4755-0160BD13,"Mafkees-Dreadmist",0x514,0x0,Creature-0-4457-249-1045-10184-000028665C,"Onyxia",0xa48,0x0,11581,"Thunder Clap",0x1,DEBUFF
4/28 18:48:42.794  SPELL_AURA_APPLIED,Player-4755-0178F416,"Eltorero-Dreadmist",0x514,0x0,Creature-0-4457-249-1045-10184-000028665C,"Onyxia",0xa48,0x0,11581,"Thunder Clap",0x1,DEBUFF
4/28 18:48:42.794  SPELL_AURA_APPLIED,Player-4755-01614AC7,"Mirrimazduur-Dreadmist",0x512,0x0,Creature-0-4457-249-1045-10184-000028665C,"Onyxia",0xa48,0x0,11672,"Corruption",0x20,DEBUFF
4/28 18:48:42.794  SWING_DAMAGE_LANDED,Pet-0-4457-249-1045-7432-01002D8BC6,"Cat",0x1114,0x0,Creature-0-4457-249-1045-10184-000028665C,"Onyxia",0xa48,0x0,Creature-0-4457-249-1045-10184-000028665C,0000000000000000,99,100,0,0,0,-1,0,0,0,-14.27,-216.89,0,6.2177,63,72,97,-1,1,0,0,0,nil,nil,nil
4/28 18:48:42.832  SWING_DAMAGE,Player-4755-01F21AE6,"Blahu-Dreadmist",0x40514,0x0,Creature-0-4457-249-1045-10184-000028665C,"Onyxia",0xa48,0x0,Player-4755-01F21AE6,0000000000000000,100,100,0,0,0,-1,0,0,0,-15.55,-206.23,0,5.2088,70,89,135,-1,1,0,0,0,nil,1,nil
4/28 18:48:42.865  SPELL_CAST_START,Player-4755-01BC57A3,"Saintis-Dreadmist",0x511,0x0,0000000000000000,nil,0x80000000,0x80000000,2055,"Heal",0x2
4/28 18:48:42.881  SPELL_AURA_REMOVED,Player-4755-021D6506,"Bloodlady-Dreadmist",0x514,0x0,Player-4755-021D6506,"Bloodlady-Dreadmist",0x514,0x0,10225,"Fire Ward",0x4,BUFF
4/28 18:48:42.953  SPELL_CAST_SUCCESS,Player-4755-01B60A5F,"Zurok-Dreadmist",0x514,0x0,Creature-0-4457-249-1045-10184-000028665C,"Onyxia",0xa48,0x0,20904,"Aimed Shot",0x1,Player-4755-01B60A5F,0000000000000000,100,100,0,0,0,-1,0,0,0,-9.56,-177.45,0,5.7923,62
4/28 18:48:42.953  SPELL_CAST_START,Player-4755-01B60A5F,"Zurok-Dreadmist",0x514,0x0,0000000000000000,nil,0x80000000,0x80000000,14290,"Multi-Shot",0x1
4/28 18:48:43.030  SWING_MISSED,Player-4755-01A6B139,"Sakatan-Dreadmist",0x514,0x0,Creature-0-4457-249-1045-10184-000028665C,"Onyxia",0xa48,0x0,MISS,1
4/28 18:48:43.083  RANGE_DAMAGE,Player-4755-020BD78D,"Lonehunter-Dreadmist",0x514,0x0,Creature-0-4457-249-1045-10184-000028665C,"Onyxia",0xa48,0x0,75,"Auto Shot",0x1,Creature-0-4457-249-1045-10184-000028665C,0000000000000000,99,100,0,0,0,-1,0,0,0,-14.27,-216.89,0,6.2177,63,361,518,-1,1,0,0,0,nil,nil,nil
4/28 18:48:43.083  SPELL_CAST_SUCCESS,Player-4755-01637B0A,"Pindle-Dreadmist",0x514,0x0,Creature-0-4457-249-1045-10184-000028665C,"Onyxia",0xa48,0x0,11281,"Backstab",0x1,Player-4755-01637B0A,0000000000000000,100,100,0,0,0,-1,0,0,0,-12.51,-198.05,0,4.6215,65
4/28 18:48:43.173  SPELL_CAST_SUCCESS,Creature-0-4457-249-1045-10184-000028665C,"Onyxia",0xa48,0x0,0000000000000000,nil,0x80000000,0x80000000,18435,"Flame Breath",0x4,Creature-0-4457-249-1045-10184-000028665C,0000000000000000,99,100,0,0,0,-1,0,0,0,-14.27,-216.89,0,6.2177,63
4/28 18:48:43.173  SPELL_MISSED,Creature-0-4457-249-1045-10184-000028665C,"Onyxia",0xa48,0x0,Player-4755-01733879,"Hocwar-Dreadmist",0x50514,0x0,18435,"Flame Breath",0x4,RESIST,nil,0
4/28 18:48:43.188  SWING_MISSED,Player-4755-0160BD13,"Mafkees-Dreadmist",0x514,0x0,Creature-0-4457-249-1045-10184-000028665C,"Onyxia",0xa48,0x0,DODGE,nil
4/28 18:48:43.220  SWING_DAMAGE_LANDED,Player-4755-01F21AE6,"Blahu-Dreadmist",0x40514,0x0,Creature-0-4457-249-1045-10184-000028665C,"Onyxia",0xa48,0x0,Creature-0-4457-249-1045-10184-000028665C,0000000000000000,99,100,0,0,0,-1,0,0,0,-14.12,-216.92,0,6.0809,63,89,135,-1,1,0,0,0,nil,1,nil
4/28 18:48:43.220  SPELL_DAMAGE,Player-4755-01637B0A,"Pindle-Dreadmist",0x514,0x0,Creature-0-4457-249-1045-10184-000028665C,"Onyxia",0xa48,0x0,11281,"Backstab",0x1,Creature-0-4457-249-1045-10184-000028665C,0000000000000000,99,100,0,0,0,-1,0,0,0,-14.12,-216.92,0,6.0809,63,981,578,-1,1,0,0,0,1,nil,nil
4/28 18:48:43.281  SWING_DAMAGE,Player-4755-01637B0A,"Pindle-Dreadmist",0x514,0x0,Creature-0-4457-249-1045-10184-000028665C,"Onyxia",0xa48,0x0,Player-4755-01637B0A,0000000000000000,100,100,0,0,0,-1,0,0,0,-14.04,-198.01,0,4.7158,65,142,201,-1,1,0,0,0,nil,1,nil
4/28 18:48:43.310  SWING_DAMAGE,Player-4755-01637B0A,"Pindle-Dreadmist",0x514,0x0,Creature-0-4457-249-1045-10184-000028665C,"Onyxia",0xa48,0x0,Player-4755-01637B0A,0000000000000000,100,100,0,0,0,-1,0,0,0,-14.18,-198.01,0,4.7186,65,83,111,-1,1,0,0,0,nil,nil,nil
4/28 18:48:43.356  SPELL_CAST_SUCCESS,Player-4755-01AC9FD9,"Alexinho-Dreadmist",0x514,0x0,Creature-0-4457-249-1045-10184-000028665C,"Onyxia",0xa48,0x0,11294,"Sinister Strike",0x1,Player-4755-01AC9FD9,0000000000000000,100,100,0,0,0,-1,0,0,0,-15.36,-190.15,0,5.1696,66
4/28 18:48:43.400  SPELL_CAST_SUCCESS,Player-4755-01B60A5F,"Zurok-Dreadmist",0x514,0x0,Creature-0-4457-249-1045-10184-000028665C,"Onyxia",0xa48,0x0,14290,"Multi-Shot",0x1,Player-4755-01B60A5F,0000000000000000,100,100,0,0,0,-1,0,0,0,-9.56,-177.45,0,5.7962,62
4/28 18:48:43.416  SWING_DAMAGE,Player-4755-01840577,"Raggèn-Dreadmist",0x514,0x0,Creature-0-4457-249-1045-10184-000028665C,"Onyxia",0xa48,0x0,Player-4755-01840577,0000000000000000,100,100,0,0,0,-1,0,0,0,-11.04,-198.27,0,4.7203,67,294,491,-1,1,0,0,0,nil,1,nil
4/28 18:48:43.503  SWING_DAMAGE,Player-4755-01AC9FD9,"Alexinho-Dreadmist",0x514,0x0,Creature-0-4457-249-1045-10184-000028665C,"Onyxia",0xa48,0x0,Player-4755-01AC9FD9,0000000000000000,100,100,0,0,0,-1,0,0,0,-15.08,-191.25,0,5.0204,66,283,383,-1,1,0,0,0,nil,nil,nil
4/28 18:48:43.544  SPELL_CAST_START,Player-4755-01B60A5F,"Zurok-Dreadmist",0x514,0x0,0000000000000000,nil,0x80000000,0x80000000,75,"Auto Shot",0x1
4/28 18:48:43.601  SPELL_PERIODIC_ENERGIZE,Creature-0-4457-249-1045-7416-0000286C79,"Mana Spring Totem IV",0x2114,0x0,Player-4755-015FEBD5,"Sauvage-Dreadmist",0x514,0x0,10494,"Mana Spring",0x8,Player-4755-015FEBD5,0000000000000000,100,100,0,0,0,-1,0,0,0,11.40,-178.14,0,4.2474,64,13.0000,0.0000,0,6158
4/28 18:48:43.601  SPELL_PERIODIC_ENERGIZE,Creature-0-4457-249-1045-7416-0000286C79,"Mana Spring Totem IV",0x2114,0x0,Player-4755-01FA8DD8,"Roackerita-Dreadmist",0x514,0x0,10494,"Mana Spring",0x8,Player-4755-01FA8DD8,0000000000000000,100,100,0,0,0,-1,0,0,0,-11.66,-181.28,0,6.0520,69,12.0000,0.0000,0,6736
4/28 18:48:43.601  SPELL_PERIODIC_ENERGIZE,Creature-0-4457-249-1045-7416-0000286C79,"Mana Spring Totem IV",0x2114,0x0,Player-4755-01804B95,"Moymoy-Dreadmist",0x514,0x0,10494,"Mana Spring",0x8,Player-4755-01804B95,0000000000000000,100,100,0,0,0,-1,0,0,0,3.20,-181.81,0,4.9959,66,12.0000,0.0000,0,5366
4/28 18:48:43.617  SPELL_CAST_START,Creature-0-4457-249-1045-10184-000028665C,"Onyxia",0xa48,0x0,0000000000000000,nil,0x80000000,0x80000000,18500,"Wing Buffet",0x1
4/28 18:48:43.617  SPELL_CAST_SUCCESS,Pet-0-4457-249-1045-7432-01002D8BC6,"Cat",0x1114,0x0,Creature-0-4457-249-1045-10184-000028665C,"Onyxia",0xa48,0x0,3009,"Claw",0x1,Pet-0-4457-249-1045-7432-01002D8BC6,Player-4755-01E83279,100,100,0,0,0,-1,0,0,0,-12.87,-191.89,0,4.6563,70
4/28 18:48:43.617  SPELL_AURA_REMOVED_DOSE,Player-4755-0160BD13,"Mafkees-Dreadmist",0x514,0x0,Player-4755-0160BD13,"Mafkees-Dreadmist",0x514,0x0,12970,"Flurry",0x1,BUFF,2
4/28 18:48:43.617  SWING_DAMAGE_LANDED,Player-4755-01637B0A,"Pindle-Dreadmist",0x514,0x0,Creature-0-4457-249-1045-10184-000028665C,"Onyxia",0xa48,0x0,Creature-0-4457-249-1045-10184-000028665C,0000000000000000,99,100,0,0,0,-1,0,0,0,-10.66,-217.63,0,6.0809,63,142,201,-1,1,0,0,0,nil,1,nil
4/28 18:48:43.617  SWING_DAMAGE_LANDED,Player-4755-01637B0A,"Pindle-Dreadmist",0x514,0x0,Creature-0-4457-249-1045-10184-000028665C,"Onyxia",0xa48,0x0,Creature-0-4457-249-1045-10184-000028665C,0000000000000000,99,100,0,0,0,-1,0,0,0,-10.66,-217.63,0,6.0809,63,83,111,-1,1,0,0,0,nil,nil,nil
4/28 18:48:43.617  SPELL_DAMAGE,Player-4755-01AC9FD9,"Alexinho-Dreadmist",0x514,0x0,Creature-0-4457-249-1045-10184-000028665C,"Onyxia",0xa48,0x0,11294,"Sinister Strike",0x1,Creature-0-4457-249-1045-10184-000028665C,0000000000000000,99,100,0,0,0,-1,0,0,0,-10.66,-217.63,0,6.0809,63,342,461,-1,1,0,0,0,nil,nil,nil
4/28 18:48:43.617  SWING_DAMAGE_LANDED,Player-4755-01840577,"Raggèn-Dreadmist",0x514,0x0,Creature-0-4457-249-1045-10184-000028665C,"Onyxia",0xa48,0x0,Creature-0-4457-249-1045-10184-000028665C,0000000000000000,99,100,0,0,0,-1,0,0,0,-10.66,-217.63,0,6.0809,63,294,491,-1,1,0,0,0,nil,1,nil
4/28 18:48:43.617  SWING_DAMAGE_LANDED,Player-4755-01AC9FD9,"Alexinho-Dreadmist",0x514,0x0,Creature-0-4457-249-1045-10184-000028665C,"Onyxia",0xa48,0x0,Creature-0-4457-249-1045-10184-000028665C,0000000000000000,99,100,0,0,0,-1,0,0,0,-10.66,-217.63,0,6.0809,63,283,383,-1,1,0,0,0,nil,nil,nil
4/28 18:48:43.617  SPELL_DAMAGE,Pet-0-4457-249-1045-7432-01002D8BC6,"Cat",0x1114,0x0,Creature-0-4457-249-1045-10184-000028665C,"Onyxia",0xa48,0x0,3009,"Claw",0x1,Creature-0-4457-249-1045-10184-000028665C,0000000000000000,99,100,0,0,0,-1,0,0,0,-10.66,-217.63,0,6.0809,63,71,95,-1,1,0,0,0,nil,nil,nil
4/28 18:48:43.708  SPELL_CAST_SUCCESS,Player-4755-021D6506,"Bloodlady-Dreadmist",0x514,0x0,Creature-0-4457-249-1045-10184-000028665C,"Onyxia",0xa48,0x0,10181,"Frostbolt",0x10,Player-4755-021D6506,0000000000000000,100,100,0,0,0,-1,0,0,0,-27.37,-184.03,0,5.2780,69
4/28 18:48:43.708  SPELL_CAST_SUCCESS,Player-4755-01733879,"Hocwar-Dreadmist",0x50514,0x0,Creature-0-4457-249-1045-10184-000028665C,"Onyxia",0xa48,0x0,11567,"Heroic Strike",0x1,Player-4755-01733879,0000000000000000,88,100,0,0,0,-1,0,0,0,14.49,-222.30,0,2.9842,70
4/28 18:48:43.708  SPELL_AURA_REMOVED,Player-4755-01733879,"Hocwar-Dreadmist",0x50514,0x0,Player-4755-01733879,"Hocwar-Dreadmist",0x50514,0x0,12970,"Flurry",0x1,BUFF
4/28 18:48:43.760  SPELL_CAST_START,Player-4755-0163DD9D,"Kaspais-Dreadmist",0x514,0x0,0000000000000000,nil,0x80000000,0x80000000,5019,"Shoot",0x1
4/28 18:48:43.775  RANGE_DAMAGE,Player-4755-0163DD9D,"Kaspais-Dreadmist",0x514,0x0,Creature-0-4457-249-1045-10184-000028665C,"Onyxia",0xa48,0x0,5019,"Shoot",0x1,Creature-0-4457-249-1045-10184-000028665C,0000000000000000,99,100,0,0,0,-1,0,0,0,-10.66,-217.63,0,6.0809,63,107,96,-1,16,0,0,0,nil,nil,nil
4/28 18:48:43.831  SPELL_CAST_SUCCESS,Player-4755-01ED7A64,"Sperzieboon-Dreadmist",0x514,0x0,Player-4755-01733879,"Hocwar-Dreadmist",0x50514,0x0,10929,"Renew",0x2,Player-4755-01ED7A64,0000000000000000,100,100,0,0,0,-1,0,0,0,-8.57,-187.31,0,5.7952,67
4/28 18:48:43.906  SPELL_PERIODIC_HEAL,Player-4755-01733879,"Hocwar-Dreadmist",0x50514,0x0,Player-4755-01733879,"Hocwar-Dreadmist",0x50514,0x0,24427,"Diamond Flask",0x8,Player-4755-01733879,0000000000000000,93,100,0,0,0,-1,0,0,0,14.71,-220.90,0,2.9842,70,301,301,0,0,nil
4/28 18:48:43.921  SWING_DAMAGE,Player-4755-01AC9FD9,"Alexinho-Dreadmist",0x514,0x0,Creature-0-4457-249-1045-10184-000028665C,"Onyxia",0xa48,0x0,Player-4755-01AC9FD9,0000000000000000,100,100,0,0,0,-1,0,0,0,-14.39,-193.45,0,5.2591,66,104,162,-1,1,0,0,0,nil,1,nil
4/28 18:48:43.935  SPELL_DAMAGE,Player-4755-01B60A5F,"Zurok-Dreadmist",0x514,0x0,Creature-0-4457-249-1045-10184-000028665C,"Onyxia",0xa48,0x0,20904,"Aimed Shot",0x1,Creature-0-4457-249-1045-10184-000028665C,0000000000000000,99,100,0,0,0,-1,0,0,0,-10.66,-217.63,0,6.0809,63,809,1092,-1,1,0,0,0,nil,nil,nil
4/28 18:48:44.006  SWING_DAMAGE,Player-4755-01A6B139,"Sakatan-Dreadmist",0x514,0x0,Creature-0-4457-249-1045-10184-000028665C,"Onyxia",0xa48,0x0,Player-4755-01A6B139,0000000000000000,100,100,0,0,0,-1,0,0,0,-11.76,-195.79,0,5.0312,69,125,181,-1,1,0,0,0,nil,1,nil
4/28 18:48:44.028  SPELL_ENERGIZE,Player-4755-01F21AE6,"Blahu-Dreadmist",0x40514,0x0,Player-4755-01F21AE6,"Blahu-Dreadmist",0x40514,0x0,12964,"Unbridled Wrath",0x1,Player-4755-01F21AE6,0000000000000000,100,100,0,0,0,-1,0,0,0,-15.29,-206.61,0,5.2245,70,1.0000,0.0000,1,1000
4/28 18:48:44.028  SPELL_DAMAGE,Player-4755-01733879,"Hocwar-Dreadmist",0x50514,0x0,Creature-0-4457-249-1045-10184-000028665C,"Onyxia",0xa48,0x0,11567,"Heroic Strike",0x1,Creature-0-4457-249-1045-10184-000028665C,0000000000000000,99,100,0,0,0,-1,0,0,0,-10.66,-217.63,0,6.0809,63,263,355,-1,1,0,0,0,nil,nil,nil
4/28 18:48:44.028  SPELL_AURA_APPLIED,Player-4755-01ED7A64,"Sperzieboon-Dreadmist",0x514,0x0,Player-4755-01733879,"Hocwar-Dreadmist",0x50514,0x0,10929,"Renew",0x2,BUFF
4/28 18:48:44.028  SWING_DAMAGE_LANDED,Player-4755-01AC9FD9,"Alexinho-Dreadmist",0x514,0x0,Creature-0-4457-249-1045-10184-000028665C,"Onyxia",0xa48,0x0,Creature-0-4457-249-1045-10184-000028665C,0000000000000000,99,100,0,0,0,-1,0,0,0,-10.66,-217.63,0,6.0809,63,104,162,-1,1,0,0,0,nil,1,nil
4/28 18:48:44.028  SWING_DAMAGE_LANDED,Player-4755-01A6B139,"Sakatan-Dreadmist",0x514,0x0,Creature-0-4457-249-1045-10184-000028665C,"Onyxia",0xa48,0x0,Creature-0-4457-249-1045-10184-000028665C,0000000000000000,99,100,0,0,0,-1,0,0,0,-10.66,-217.63,0,6.0809,63,125,181,-1,1,0,0,0,nil,1,nil
4/28 18:48:44.102  SPELL_PERIODIC_ENERGIZE,Player-4755-01BC57A3,"Saintis-Dreadmist",0x511,0x0,Player-4755-01BC57A3,"Saintis-Dreadmist",0x511,0x0,18194,"Mana Regeneration",0x1,Player-4755-01BC57A3,0000000000000000,100,100,0,0,0,-1,0,0,0,-1.68,-189.45,0,5.4177,68,8.0000,0.0000,0,7212
4/28 18:48:44.117  SPELL_PERIODIC_HEAL,Player-4755-01FA8DD8,"Roackerita-Dreadmist",0x514,0x0,Player-4755-01F21AE6,"Blahu-Dreadmist",0x40514,0x0,6078,"Renew",0x2,Player-4755-01F21AE6,0000000000000000,100,100,0,0,0,-1,0,0,0,-14.96,-206.17,0,5.2245,70,235,235,235,0,nil
4/28 18:48:44.159  SPELL_CAST_SUCCESS,Player-4755-01637B0A,"Pindle-Dreadmist",0x514,0x0,Creature-0-4457-249-1045-10184-000028665C,"Onyxia",0xa48,0x0,11303,"Feint",0x1,Player-4755-01637B0A,0000000000000000,100,100,0,0,0,-1,0,0,0,-9.47,-198.42,0,4.8002,65
4/28 18:48:44.189  SPELL_PERIODIC_HEAL,Player-4755-02045EF4,"Necrosini-Dreadmist",0x512,0x0,Player-4755-0178F416,"Eltorero-Dreadmist",0x514,0x0,10929,"Renew",0x2,Player-4755-0178F416,0000000000000000,98,100,0,0,0,-1,0,0,0,-10.47,-198.63,0,4.6485,67,253,253,0,0,nil
4/28 18:48:44.189  SPELL_CAST_START,Player-4755-01802FE5,"Angrybat-Dreadmist",0x514,0x0,0000000000000000,nil,0x80000000,0x80000000,10181,"Frostbolt",0x10
4/28 18:48:44.247  RANGE_DAMAGE,Player-4755-01802FE5,"Angrybat-Dreadmist",0x514,0x0,Creature-0-4457-249-1045-10184-000028665C,"Onyxia",0xa48,0x0,5019,"Shoot",0x1,Creature-0-4457-249-1045-10184-000028665C,0000000000000000,99,100,0,0,0,-1,0,0,0,-10.66,-217.63,0,6.0809,63,111,100,-1,16,0,0,0,nil,nil,nil
4/28 18:48:44.247  SPELL_CAST_START,Player-4755-020BD78D,"Lonehunter-Dreadmist",0x514,0x0,0000000000000000,nil,0x80000000,0x80000000,75,"Auto Shot",0x1
4/28 18:48:44.262  SPELL_CAST_SUCCESS,Player-4755-0163DD9D,"Kaspais-Dreadmist",0x514,0x0,Creature-0-4457-249-1045-10184-000028665C,"Onyxia",0xa48,0x0,5019,"Shoot",0x1,Player-4755-0163DD9D,0000000000000000,100,100,0,0,0,-1,0,0,0,-11.98,-181.94,0,4.6314,66
4/28 18:48:44.304  SWING_DAMAGE,Pet-0-4457-249-1045-7432-01002D8BC6,"Cat",0x1114,0x0,Creature-0-4457-249-1045-10184-000028665C,"Onyxia",0xa48,0x0,Pet-0-4457-249-1045-7432-01002D8BC6,Player-4755-01E83279,100,100,0,0,0,-1,0,0,0,-12.80,-192.66,0,4.7978,70,151,101,-1,1,0,0,0,1,nil,nil
4/28 18:48:44.304  SWING_DAMAGE,Player-4755-01F21AE6,"Blahu-Dreadmist",0x40514,0x0,Creature-0-4457-249-1045-10184-000028665C,"Onyxia",0xa48,0x0,Player-4755-01F21AE6,0000000000000000,100,100,0,0,0,-1,0,0,0,-14.72,-205.29,0,5.2245,70,154,360,-1,1,0,0,0,nil,1,nil
4/28 18:48:44.333  SWING_DAMAGE,Pet-0-4457-249-1045-7456-03003178E8,"Owl",0x1114,0x0,Creature-0-4457-249-1045-10184-000028665C,"Onyxia",0xa48,0x0,Pet-0-4457-249-1045-7456-03003178E8,Player-4755-01B60A5F,100,100,0,0,0,-1,0,0,0,-25.85,-198.11,0,5.3733,62,102,138,-1,1,0,0,0,nil,nil,nil
4/28 18:48:44.333  SPELL_AURA_REMOVED,Player-4755-0178F416,"Eltorero-Dreadmist",0x514,0x0,Player-4755-0178F416,"Eltorero-Dreadmist",0x514,0x0,2457,"Battle Stance",0x1,BUFF
4/28 18:48:44.333  SPELL_AURA_APPLIED,Player-4755-0178F416,"Eltorero-Dreadmist",0x514,0x0,Player-4755-0178F416,"Eltorero-Dreadmist",0x514,0x0,2458,"Berserker Stance",0x1,BUFF
4/28 18:48:44.333  SPELL_CAST_SUCCESS,Player-4755-0178F416,"Eltorero-Dreadmist",0x514,0x0,0000000000000000,nil,0x80000000,0x80000000,2458,"Berserker Stance",0x1,Player-4755-0178F416,0000000000000000,98,100,0,0,0,-1,0,0,0,-11.56,-198.56,0,4.6485,67
4/28 18:48:44.333  SPELL_AURA_APPLIED,Player-4755-0178F416,"Eltorero-Dreadmist",0x514,0x0,Player-4755-0178F416,"Eltorero-Dreadmist",0x514,0x0,18499,"Berserker Rage",0x1,BUFF
4/28 18:48:44.333  SPELL_CAST_SUCCESS,Player-4755-0178F416,"Eltorero-Dreadmist",0x514,0x0,0000000000000000,nil,0x80000000,0x80000000,18499,"Berserker Rage",0x1,Player-4755-0178F416,0000000000000000,98,100,0,0,0,-1,0,0,0,-11.56,-198.56,0,4.6485,67
4/28 18:48:44.355  SPELL_CAST_SUCCESS,Player-4755-01AC9FD9,"Alexinho-Dreadmist",0x514,0x0,Creature-0-4457-249-1045-10184-000028665C,"Onyxia",0xa48,0x0,11294,"Sinister Strike",0x1,Player-4755-01AC9FD9,0000000000000000,100,100,0,0,0,-1,0,0,0,-12.47,-194.18,0,5.8686,66
4/28 18:48:44.355  SPELL_AURA_APPLIED,Player-4755-01AC9FD9,"Alexinho-Dreadmist",0x514,0x0,Player-4755-01AC9FD9,"Alexinho-Dreadmist",0x514,0x0,10610,"Windfury Totem",0x8,BUFF
4/28 18:48:44.355  SPELL_EXTRA_ATTACKS,Player-4755-01AC9FD9,"Alexinho-Dreadmist",0x514,0x0,Player-4755-01AC9FD9,"Alexinho-Dreadmist",0x514,0x0,10610,"Windfury Totem",0x8,1
4/28 18:48:44.420  SPELL_CAST_SUCCESS,Pet-0-4457-249-1045-7456-03003178E8,"Owl",0x1114,0x0,Creature-0-4457-249-1045-10184-000028665C,"Onyxia",0xa48,0x0,3009,"Claw",0x1,Pet-0-4457-249-1045-7456-03003178E8,Player-4755-01B60A5F,100,100,0,0,0,-1,0,0,0,-25.85,-198.11,0,5.3733,62
4/28 18:48:44.438  SPELL_AURA_REMOVED_DOSE,Player-4755-01AC9FD9,"Alexinho-Dreadmist",0x514,0x0,Player-4755-01AC9FD9,"Alexinho-Dreadmist",0x514,0x0,10610,"Windfury Totem",0x8,BUFF,1
4/28 18:48:44.438  SWING_DAMAGE_LANDED,Pet-0-4457-249-1045-7432-01002D8BC6,"Cat",0x1114,0x0,Creature-0-4457-249-1045-10184-000028665C,"Onyxia",0xa48,0x0,Creature-0-4457-249-1045-10184-000028665C,0000000000000000,99,100,0,0,0,-1,0,0,0,-10.66,-217.63,0,6.0809,63,151,101,-1,1,0,0,0,1,nil,nil
4/28 18:48:44.438  SWING_DAMAGE_LANDED,Player-4755-01F21AE6,"Blahu-Dreadmist",0x40514,0x0,Creature-0-4457-249-1045-10184-000028665C,"Onyxia",0xa48,0x0,Creature-0-4457-249-1045-10184-000028665C,0000000000000000,99,100,0,0,0,-1,0,0,0,-10.66,-217.63,0,6.0809,63,154,360,-1,1,0,0,0,nil,1,nil
4/28 18:48:44.438  SWING_DAMAGE_LANDED,Pet-0-4457-249-1045-7456-03003178E8,"Owl",0x1114,0x0,Creature-0-4457-249-1045-10184-000028665C,"Onyxia",0xa48,0x0,Creature-0-4457-249-1045-10184-000028665C,0000000000000000,99,100,0,0,0,-1,0,0,0,-10.66,-217.63,0,6.0809,63,102,138,-1,1,0,0,0,nil,nil,nil
4/28 18:48:44.438  SPELL_DAMAGE,Player-4755-01AC9FD9,"Alexinho-Dreadmist",0x514,0x0,Creature-0-4457-249-1045-10184-000028665C,"Onyxia",0xa48,0x0,11294,"Sinister Strike",0x1,Creature-0-4457-249-1045-10184-000028665C,0000000000000000,99,100,0,0,0,-1,0,0,0,-10.66,-217.63,0,6.0809,63,342,462,-1,1,0,0,0,nil,nil,nil
4/28 18:48:44.438  SPELL_DAMAGE,Pet-0-4457-249-1045-7456-03003178E8,"Owl",0x1114,0x0,Creature-0-4457-249-1045-10184-000028665C,"Onyxia",0xa48,0x0,3009,"Claw",0x1,Creature-0-4457-249-1045-10184-000028665C,0000000000000000,99,100,0,0,0,-1,0,0,0,-10.66,-217.63,0,6.0809,63,49,67,-1,1,0,0,0,nil,nil,nil
4/28 18:48:44.516  SWING_DAMAGE,Player-4755-0178F416,"Eltorero-Dreadmist",0x514,0x0,Creature-0-4457-249-1045-10184-000028665C,"Onyxia",0xa48,0x0,Player-4755-0178F416,0000000000000000,98,100,0,0,0,-1,0,0,0,-12.94,-198.66,0,4.7545,67,353,636,-1,1,0,0,0,nil,1,nil
4/28 18:48:44.589  SPELL_PERIODIC_DAMAGE,Player-4755-0160BD13,"Mafkees-Dreadmist",0x514,0x0,Creature-0-4457-249-1045-10184-000028665C,"Onyxia",0xa48,0x0,12721,"Deep Wound",0x1,Creature-0-4457-249-1045-10184-000028665C,0000000000000000,99,100,0,0,0,-1,0,0,0,-10.66,-217.63,0,6.0809,63,82,81,-1,1,0,0,0,nil,nil,nil
4/28 18:48:44.604  SPELL_CAST_SUCCESS,Creature-0-4457-249-1045-10184-000028665C,"Onyxia",0xa48,0x0,0000000000000000,nil,0x80000000,0x80000000,18500,"Wing Buffet",0x1,Creature-0-4457-249-1045-10184-000028665C,0000000000000000,99,100,0,0,0,-1,0,0,0,-10.66,-217.63,0,6.0809,63
4/28 18:48:44.635  SPELL_CAST_START,Player-4755-01F36B30,"Rectumqeef-Dreadmist",0x514,0x0,0000000000000000,nil,0x80000000,0x80000000,11672,"Corruption",0x20
4/28 18:48:44.635  SPELL_CAST_SUCCESS,Player-4755-01F36B30,"Rectumqeef-Dreadmist",0x514,0x0,Creature-0-4457-249-1045-10184-000028665C,"Onyxia",0xa48,0x0,11672,"Corruption",0x20,Player-4755-01F36B30,0000000000000000,100,100,0,0,0,-1,0,0,0,-7.01,-191.07,0,5.2618,66
4/28 18:48:44.635  SWING_DAMAGE,Player-4755-01F21AE6,"Blahu-Dreadmist",0x40514,0x0,Creature-0-4457-249-1045-10184-000028665C,"Onyxia",0xa48,0x0,Player-4755-01F21AE6,0000000000000000,100,100,0,0,0,-1,0,0,0,-15.01,-204.08,0,5.2219,70,84,138,-1,1,0,0,0,nil,1,nil
4/28 18:48:44.692  SPELL_CAST_SUCCESS,Player-4755-020BD78D,"Lonehunter-Dreadmist",0x514,0x0,Creature-0-4457-249-1045-10184-000028665C,"Onyxia",0xa48,0x0,75,"Auto Shot",0x1,Player-4755-020BD78D,0000000000000000,100,100,0,0,0,-1,0,0,0,-5.72,-179.75,0,4.6113,70
4/28 18:48:44.710  SWING_DAMAGE,Player-4755-01637B0A,"Pindle-Dreadmist",0x514,0x0,Creature-0-4457-249-1045-10184-000028665C,"Onyxia",0xa48,0x0,Player-4755-01637B0A,0000000000000000,100,100,0,0,0,-1,0,0,0,-6.88,-198.45,0,4.6765,65,82,114,-1,1,0,0,0,nil,1,nil
4/28 18:48:44.738  SPELL_DAMAGE,Player-4755-01B60A5F,"Zurok-Dreadmist",0x514,0x0,Creature-0-4457-249-1045-10184-000028665C,"Onyxia",0xa48,0x0,14290,"Multi-Shot",0x1,Creature-0-4457-249-1045-10184-000028665C,0000000000000000,99,100,0,0,0,-1,0,0,0,-10.66,-217.63,0,6.0809,63,1134,644,-1,1,0,0,0,1,nil,nil
4/28 18:48:44.796  SWING_DAMAGE,Player-4755-01A6B139,"Sakatan-Dreadmist",0x514,0x0,Creature-0-4457-249-1045-10184-000028665C,"Onyxia",0xa48,0x0,Player-4755-01A6B139,0000000000000000,100,100,0,0,0,-1,0,0,0,-11.76,-195.79,0,5.0312,69,98,132,-1,1,0,0,0,nil,nil,nil
4/28 18:48:44.796  SPELL_CAST_START,Player-4755-01FA8DD8,"Roackerita-Dreadmist",0x514,0x0,0000000000000000,nil,0x80000000,0x80000000,2055,"Heal",0x2
4/28 18:48:44.835  SPELL_AURA_APPLIED,Pet-0-4457-249-1045-7432-01002D8BC6,"Cat",0x1114,0x0,Pet-0-4457-249-1045-7432-01002D8BC6,"Cat",0x1114,0x0,19615,"Frenzy Effect",0x1,BUFF
4/28 18:48:44.852  SWING_DAMAGE_LANDED,Player-4755-0178F416,"Eltorero-Dreadmist",0x514,0x0,Creature-0-4457-249-1045-10184-000028665C,"Onyxia",0xa48,0x0,Creature-0-4457-249-1045-10184-000028665C,0000000000000000,98,100,0,0,0,-1,0,0,0,-10.48,-217.65,0,6.2111,63,353,636,-1,1,0,0,0,nil,1,nil
4/28 18:48:44.852  SPELL_AURA_APPLIED,Player-4755-01F36B30,"Rectumqeef-Dreadmist",0x514,0x0,Creature-0-4457-249-1045-10184-000028665C,"Onyxia",0xa48,0x0,11672,"Corruption",0x20,DEBUFF
4/28 18:48:44.852  SWING_DAMAGE_LANDED,Player-4755-01F21AE6,"Blahu-Dreadmist",0x40514,0x0,Creature-0-4457-249-1045-10184-000028665C,"Onyxia",0xa48,0x0,Creature-0-4457-249-1045-10184-000028665C,0000000000000000,98,100,0,0,0,-1,0,0,0,-10.48,-217.65,0,6.2111,63,84,138,-1,1,0,0,0,nil,1,nil
4/28 18:48:44.852  SWING_DAMAGE_LANDED,Player-4755-01637B0A,"Pindle-Dreadmist",0x514,0x0,Creature-0-4457-249-1045-10184-000028665C,"Onyxia",0xa48,0x0,Creature-0-4457-249-1045-10184-000028665C,0000000000000000,98,100,0,0,0,-1,0,0,0,-10.48,-217.65,0,6.2111,63,82,114,-1,1,0,0,0,nil,1,nil
4/28 18:48:44.852  SWING_DAMAGE_LANDED,Player-4755-01A6B139,"Sakatan-Dreadmist",0x514,0x0,Creature-0-4457-249-1045-10184-000028665C,"Onyxia",0xa48,0x0,Creature-0-4457-249-1045-10184-000028665C,0000000000000000,98,100,0,0,0,-1,0,0,0,-10.48,-217.65,0,6.2111,63,98,132,-1,1,0,0,0,nil,nil,nil
4/28 18:48:44.852  SPELL_CAST_SUCCESS,Player-4755-016DF694,"Ashalan-Dreadmist",0x514,0x0,0000000000000000,nil,0x80000000,0x80000000,10538,"Fire Resistance Totem",0x10,Player-4755-016DF694,0000000000000000,100,100,0,0,0,-1,0,0,0,-11.40,-207.41,0,4.8404,67
4/28 18:48:44.852  SPELL_SUMMON,Player-4755-016DF694,"Ashalan-Dreadmist",0x514,0x0,Creature-0-4457-249-1045-7425-0000286C7C,"Fire Resistance Totem III",0xa28,0x0,10538,"Fire Resistance Totem",0x10
4/28 18:48:44.900  SPELL_CAST_START,Player-4755-01614AC7,"Mirrimazduur-Dreadmist",0x512,0x0,0000000000000000,nil,0x80000000,0x80000000,5019,"Shoot",0x1
4/28 18:48:45.039  SPELL_DAMAGE,Player-4755-021D6506,"Bloodlady-Dreadmist",0x514,0x0,Creature-0-4457-249-1045-10184-000028665C,"Onyxia",0xa48,0x0,10181,"Frostbolt",0x10,Creature-0-4457-249-1045-10184-000028665C,0000000000000000,98,100,0,0,0,-1,0,0,0,-9.94,-217.69,0,6.1976,63,996,905,-1,16,0,0,0,nil,nil,nil
4/28 18:48:45.069  SPELL_CAST_SUCCESS,Player-4755-01804B95,"Moymoy-Dreadmist",0x514,0x0,Player-4755-01733879,"Hocwar-Dreadmist",0x50514,0x0,939,"Healing Wave",0x8,Player-4755-01804B95,0000000000000000,100,100,0,0,0,-1,0,0,0,3.20,-181.81,0,4.9959,66
4/28 18:48:45.101  SWING_DAMAGE,Player-4755-01637B0A,"Pindle-Dreadmist",0x514,0x0,Creature-0-4457-249-1045-10184-000028665C,"Onyxia",0xa48,0x0,Player-4755-01637B0A,0000000000000000,100,100,0,0,0,-1,0,0,0,-7.67,-198.43,0,4.6765,65,85,177,-1,1,0,46,0,nil,nil,nil
4/28 18:48:45.163  SPELL_AURA_APPLIED,Player-4755-01637B0A,"Pindle-Dreadmist",0x514,0x0,Player-4755-01637B0A,"Pindle-Dreadmist",0x514,0x0,6774,"Slice and Dice",0x1,BUFF
4/28 18:48:45.163  SPELL_CAST_SUCCESS,Player-4755-01637B0A,"Pindle-Dreadmist",0x514,0x0,Creature-0-4457-249-1045-10184-000028665C,"Onyxia",0xa48,0x0,6774,"Slice and Dice",0x1,Player-4755-01637B0A,0000000000000000,100,100,0,0,0,-1,0,0,0,-8.12,-198.41,0,4.6765,65
4/28 18:48:45.238  SPELL_CAST_SUCCESS,Pet-0-4457-249-1045-7432-01002D8BC6,"Cat",0x1114,0x0,Creature-0-4457-249-1045-10184-000028665C,"Onyxia",0xa48,0x0,3009,"Claw",0x1,Pet-0-4457-249-1045-7432-01002D8BC6,Player-4755-01E83279,100,100,0,0,0,-1,0,0,0,-12.80,-192.66,0,4.7978,70
4/28 18:48:45.243  SPELL_ENERGIZE,Player-4755-01F21AE6,"Blahu-Dreadmist",0x40514,0x0,Player-4755-01F21AE6,"Blahu-Dreadmist",0x40514,0x0,12964,"Unbridled Wrath",0x1,Player-4755-01F21AE6,0000000000000000,100,100,0,0,0,-1,0,0,0,-12.76,-202.62,0,4.6224,70,1.0000,0.0000,1,1000
4/28 18:48:45.243  SPELL_HEAL,Player-4755-01804B95,"Moymoy-Dreadmist",0x514,0x0,Player-4755-01733879,"Hocwar-Dreadmist",0x50514,0x0,939,"Healing Wave",0x8,Player-4755-01733879,0000000000000000,100,100,0,0,0,-1,0,0,0,17.59,-219.81,0,3.0352,70,927,927,467,0,nil
4/28 18:48:45.243  SWING_DAMAGE_LANDED,Player-4755-01637B0A,"Pindle-Dreadmist",0x514,0x0,Creature-0-4457-249-1045-10184-000028665C,"Onyxia",0xa48,0x0,Creature-0-4457-249-1045-10184-000028665C,0000000000000000,98,100,0,0,0,-1,0,0,0,-9.94,-217.69,0,6.1976,63,85,177,-1,1,0,0,0,nil,nil,nil
4/28 18:48:45.243  SPELL_DAMAGE,Pet-0-4457-249-1045-7432-01002D8BC6,"Cat",0x1114,0x0,Creature-0-4457-249-1045-10184-000028665C,"Onyxia",0xa48,0x0,3009,"Claw",0x1,Creature-0-4457-249-1045-10184-000028665C,0000000000000000,98,100,0,0,0,-1,0,0,0,-9.94,-217.69,0,6.1976,63,117,79,-1,1,0,0,0,1,nil,nil
4/28 18:48:45.263  SWING_DAMAGE,Player-4755-016296D3,"Nivl-Dreadmist",0x514,0x0,Creature-0-4457-249-1045-10184-000028665C,"Onyxia",0xa48,0x0,Player-4755-016296D3,0000000000000000,100,100,0,0,0,-1,0,0,0,-2.41,-195.77,0,4.6930,69,151,204,-1,1,0,0,0,nil,nil,nil
4/28 18:48:45.297  SPELL_CAST_SUCCESS,Player-4755-01804B95,"Moymoy-Dreadmist",0x514,0x0,0000000000000000,nil,0x80000000,0x80000000,25908,"Tranquil Air Totem",0x8,Player-4755-01804B95,0000000000000000,100,100,0,0,0,-1,0,0,0,3.20,-181.81,0,4.9959,66
4/28 18:48:45.297  SPELL_SUMMON,Player-4755-01804B95,"Moymoy-Dreadmist",0x514,0x0,Creature-0-4457-249-1045-15803-0000286C7D,"Tranquil Air Totem",0xa28,0x0,25908,"Tranquil Air Totem",0x8
4/28 18:48:45.331  SPELL_PERIODIC_DAMAGE,Player-4755-01B60A5F,"Zurok-Dreadmist",0x514,0x0,Creature-0-4457-249-1045-10184-000028665C,"Onyxia",0xa48,0x0,13555,"Serpent Sting",0x8,Creature-0-4457-249-1045-10184-000028665C,0000000000000000,98,100,0,0,0,-1,0,0,0,-9.15,-217.78,0,6.1684,63,101,100,-1,8,0,0,0,nil,nil,nil
4/28 18:48:45.372  SPELL_CAST_SUCCESS,Player-4755-01BC57A3,"Saintis-Dreadmist",0x511,0x0,Player-4755-01733879,"Hocwar-Dreadmist",0x50514,0x0,2055,"Heal",0x2,Player-4755-01BC57A3,0000000000000000,100,100,0,0,0,-1,0,0,0,-1.68,-189.45,0,5.4177,68
4/28 18:48:45.418  SPELL_CAST_SUCCESS,Player-4755-01614AC7,"Mirrimazduur-Dreadmist",0x512,0x0,Creature-0-4457-249-1045-10184-000028665C,"Onyxia",0xa48,0x0,5019,"Shoot",0x1,Player-4755-01614AC7,0000000000000000,100,100,0,0,0,-1,0,0,0,-2.32,-179.57,0,4.6914,68
4/28 18:48:45.449  SPELL_CAST_START,Player-4755-015FEBD5,"Sauvage-Dreadmist",0x514,0x0,0000000000000000,nil,0x80000000,0x80000000,10181,"Frostbolt",0x10
4/28 18:48:45.492  SPELL_CAST_START,Player-4755-0163DD9D,"Kaspais-Dreadmist",0x514,0x0,0000000000000000,nil,0x80000000,0x80000000,10181,"Frostbolt",0x10
4/28 18:48:45.582  SWING_DAMAGE,Pet-0-4457-249-1045-7432-01002D8BC6,"Cat",0x1114,0x0,Creature-0-4457-249-1045-10184-000028665C,"Onyxia",0xa48,0x0,Pet-0-4457-249-1045-7432-01002D8BC6,Player-4755-01E83279,100,100,0,0,0,-1,0,0,0,-12.71,-193.17,0,4.8323,70,72,97,-1,1,0,0,0,nil,nil,nil
4/28 18:48:45.596  SPELL_PERIODIC_ENERGIZE,Creature-0-4457-249-1045-7416-0000286C79,"Mana Spring Totem IV",0x2114,0x0,Player-4755-01ED7A64,"Sperzieboon-Dreadmist",0x514,0x0,10494,"Mana Spring",0x8,Player-4755-01ED7A64,0000000000000000,100,100,0,0,0,-1,0,0,0,1.97,-186.00,0,5.3397,67,13.0000,0.0000,0,7261
4/28 18:48:45.596  SPELL_PERIODIC_ENERGIZE,Creature-0-4457-249-1045-7416-0000286C79,"Mana Spring Totem IV",0x2114,0x0,Player-4755-01804B95,"Moymoy-Dreadmist",0x514,0x0,10494,"Mana Spring",0x8,Player-4755-01804B95,0000000000000000,100,100,0,0,0,-1,0,0,0,3.20,-181.81,0,4.9959,66,12.0000,0.0000,0,5366
4/28 18:48:45.596  SPELL_PERIODIC_ENERGIZE,Creature-0-4457-249-1045-7416-0000286C79,"Mana Spring Totem IV",0x2114,0x0,Player-4755-01FA8DD8,"Roackerita-Dreadmist",0x514,0x0,10494,"Mana Spring",0x8,Player-4755-01FA8DD8,0000000000000000,100,100,0,0,0,-1,0,0,0,-4.33,-181.77,0,0.0512,69,13.0000,0.0000,0,6736
4/28 18:48:45.596  SPELL_PERIODIC_ENERGIZE,Creature-0-4457-249-1045-7416-0000286C79,"Mana Spring Totem IV",0x2114,0x0,Player-4755-015FEBD5,"Sauvage-Dreadmist",0x514,0x0,10494,"Mana Spring",0x8,Player-4755-015FEBD5,0000000000000000,100,100,0,0,0,-1,0,0,0,13.63,-178.84,0,4.1414,64,13.0000,0.0000,0,6158
4/28 18:48:45.641  SWING_DAMAGE,Pet-0-4457-249-1045-9622-02002CD5BC,"Bokito",0x1114,0x0,Creature-0-4457-249-1045-10184-000028665C,"Onyxia",0xa48,0x0,Pet-0-4457-249-1045-9622-02002CD5BC,Player-4755-020BD78D,100,100,0,0,0,-1,0,0,0,-6.63,-192.60,0,4.4576,70,150,203,-1,1,0,0,0,nil,nil,nil
4/28 18:48:45.641  SPELL_ENERGIZE,Player-4755-01F21AE6,"Blahu-Dreadmist",0x40514,0x0,Player-4755-01F21AE6,"Blahu-Dreadmist",0x40514,0x0,12964,"Unbridled Wrath",0x1,Player-4755-01F21AE6,0000000000000000,100,100,0,0,0,-1,0,0,0,-11.08,-205.00,0,4.2814,70,1.0000,0.0000,1,1000
4/28 18:48:45.662  SPELL_AURA_REFRESH,Pet-0-4457-249-1045-7432-01002D8BC6,"Cat",0x1114,0x0,Pet-0-4457-249-1045-7432-01002D8BC6,"Cat",0x1114,0x0,19615,"Frenzy Effect",0x1,BUFF
4/28 18:48:45.662  SWING_DAMAGE_LANDED,Player-4755-016296D3,"Nivl-Dreadmist",0x514,0x0,Creature-0-4457-249-1045-10184-000028665C,"Onyxia",0xa48,0x0,Creature-0-4457-249-1045-10184-000028665C,0000000000000000,98,100,0,0,0,-1,0,0,0,-6.26,-217.96,0,0.0000,63,151,204,-1,1,0,0,0,nil,nil,nil
4/28 18:48:45.663  SPELL_HEAL,Player-4755-01BC57A3,"Saintis-Dreadmist",0x511,0x0,Player-4755-01733879,"Hocwar-Dreadmist",0x50514,0x0,2055,"Heal",0x2,Player-4755-01733879,0000000000000000,100,100,0,0,0,-1,0,0,0,19.47,-220.00,0,3.0391,70,1591,1591,1591,0,1
4/28 18:48:45.663  SWING_DAMAGE_LANDED,Pet-0-4457-249-1045-7432-01002D8BC6,"Cat",0x1114,0x0,Creature-0-4457-249-1045-10184-000028665C,"Onyxia",0xa48,0x0,Creature-0-4457-249-1045-10184-000028665C,0000000000000000,98,100,0,0,0,-1,0,0,0,-6.26,-217.96,0,0.0000,63,72,97,-1,1,0,0,0,nil,nil,nil
4/28 18:48:45.663  SWING_DAMAGE_LANDED,Pet-0-4457-249-1045-9622-02002CD5BC,"Bokito",0x1114,0x0,Creature-0-4457-249-1045-10184-000028665C,"Onyxia",0xa48,0x0,Creature-0-4457-249-1045-10184-000028665C,0000000000000000,98,100,0,0,0,-1,0,0,0,-6.26,-217.96,0,0.0000,63,150,203,-1,1,0,0,0,nil,nil,nil
4/28 18:48:45.663  RANGE_DAMAGE,Player-4755-020BD78D,"Lonehunter-Dreadmist",0x514,0x0,Creature-0-4457-249-1045-10184-000028665C,"Onyxia",0xa48,0x0,75,"Auto Shot",0x1,Creature-0-4457-249-1045-10184-000028665C,0000000000000000,98,100,0,0,0,-1,0,0,0,-6.26,-217.96,0,0.0000,63,320,494,-1,1,0,46,0,nil,nil,nil
4/28 18:48:45.681  SPELL_AURA_REMOVED,Player-4755-01FA8DD8,"Roackerita-Dreadmist",0x514,0x0,Player-4755-01FA8DD8,"Roackerita-Dreadmist",0x514,0x0,6788,"Weakened Soul",0x2,DEBUFF
4/28 18:48:45.697  SPELL_CAST_SUCCESS,Player-4755-01AC9FD9,"Alexinho-Dreadmist",0x514,0x0,Creature-0-4457-249-1045-10184-000028665C,"Onyxia",0xa48,0x0,11294,"Sinister Strike",0x1,Player-4755-01AC9FD9,0000000000000000,100,100,0,0,0,-1,0,0,0,-11.86,-195.19,0,5.2497,66
4/28 18:48:45.697  SPELL_MISSED,Player-4755-01AC9FD9,"Alexinho-Dreadmist",0x514,0x0,Creature-0-4457-249-1045-10184-000028665C,"Onyxia",0xa48,0x0,11294,"Sinister Strike",0x1,DODGE,nil
4/28 18:48:45.697  SPELL_CAST_START,Player-4755-016296D3,"Nivl-Dreadmist",0x514,0x0,0000000000000000,nil,0x80000000,0x80000000,10468,"Lesser Healing Wave",0x8
4/28 18:48:45.725  SWING_DAMAGE,Player-4755-01AC9FD9,"Alexinho-Dreadmist",0x514,0x0,Creature-0-4457-249-1045-10184-000028665C,"Onyxia",0xa48,0x0,Player-4755-01AC9FD9,0000000000000000,100,100,0,0,0,-1,0,0,0,-11.74,-195.39,0,5.2497,66,284,187,-1,1,0,0,0,1,nil,nil
4/28 18:48:45.811  SPELL_PERIODIC_DAMAGE,Player-4755-01614AC7,"Mirrimazduur-Dreadmist",0x512,0x0,Creature-0-4457-249-1045-10184-000028665C,"Onyxia",0xa48,0x0,11672,"Corruption",0x20,Creature-0-4457-249-1045-10184-000028665C,0000000000000000,98,100,0,0,0,-1,0,0,0,-4.89,-218.01,0,6.1550,63,207,188,-1,32,0,0,0,nil,nil,nil
4/28 18:48:45.811  SWING_DAMAGE,Player-4755-0160BD13,"Mafkees-Dreadmist",0x514,0x0,Creature-0-4457-249-1045-10184-000028665C,"Onyxia",0xa48,0x0,Player-4755-0160BD13,0000000000000000,100,100,0,0,0,-1,0,0,0,-13.71,-203.79,0,4.9032,64,873,590,-1,1,0,0,0,1,nil,nil
4/28 18:48:45.855  SPELL_AURA_REMOVED,Player-4755-01AC9FD9,"Alexinho-Dreadmist",0x514,0x0,Player-4755-01AC9FD9,"Alexinho-Dreadmist",0x514,0x0,10610,"Windfury Totem",0x8,BUFF
4/28 18:48:45.855  SPELL_CAST_START,Player-4755-01ED7A64,"Sperzieboon-Dreadmist",0x514,0x0,0000000000000000,nil,0x80000000,0x80000000,6063,"Heal",0x2
4/28 18:48:45.873  SWING_DAMAGE,Player-4755-01A6B139,"Sakatan-Dreadmist",0x514,0x0,Creature-0-4457-249-1045-10184-000028665C,"Onyxia",0xa48,0x0,Player-4755-01A6B139,0000000000000000,100,100,0,0,0,-1,0,0,0,-10.73,-195.45,0,5.0312,69,145,210,-1,1,0,0,0,nil,1,nil
4/28 18:48:45.902  SWING_DAMAGE,Player-4755-01637B0A,"Pindle-Dreadmist",0x514,0x0,Creature-0-4457-249-1045-10184-000028665C,"Onyxia",0xa48,0x0,Player-4755-01637B0A,0000000000000000,100,100,0,0,0,-1,0,0,0,-6.66,-200.96,0,4.7668,65,83,117,-1,1,0,0,0,nil,1,nil
4/28 18:48:45.995  SPELL_AURA_REMOVED,Pet-0-4457-249-1045-7456-03003178E8,"Owl",0x1114,0x0,Creature-0-4457-249-1045-10184-000028665C,"Onyxia",0xa48,0x0,24579,"Screech",0x1,DEBUFF
4/28 18:48:46.057  SPELL_AURA_APPLIED,Pet-0-4457-249-1045-2850-01001956F9,"Kratos",0x1114,0x0,Pet-0-4457-249-1045-2850-01001956F9,"Kratos",0x1114,0x0,23110,"Dash",0x1,BUFF
4/28 18:48:46.057  SPELL_CAST_SUCCESS,Pet-0-4457-249-1045-2850-01001956F9,"Kratos",0x1114,0x0,0000000000000000,nil,0x80000000,0x80000000,23110,"Dash",0x1,Pet-0-4457-249-1045-2850-01001956F9,Player-4755-0178F576,100,100,0,0,0,-1,0,0,0,-17.88,-176.25,0,0.0832,66
4/28 18:48:46.057  SWING_DAMAGE_LANDED,Player-4755-01AC9FD9,"Alexinho-Dreadmist",0x514,0x0,Creature-0-4457-249-1045-10184-000028665C,"Onyxia",0xa48,0x0,Creature-0-4457-249-1045-10184-000028665C,0000000000000000,98,100,0,0,0,-1,0,0,0,-3.07,-218.23,0,0.0361,63,284,187,-1,1,0,0,0,1,nil,nil
4/28 18:48:46.057  SWING_DAMAGE_LANDED,Player-4755-0160BD13,"Mafkees-Dreadmist",0x514,0x0,Creature-0-4457-249-1045-10184-000028665C,"Onyxia",0xa48,0x0,Creature-0-4457-249-1045-10184-000028665C,0000000000000000,98,100,0,0,0,-1,0,0,0,-3.07,-218.23,0,0.0361,63,873,590,-1,1,0,0,0,1,nil,nil
4/28 18:48:46.057  SWING_DAMAGE_LANDED,Player-4755-01A6B139,"Sakatan-Dreadmist",0x514,0x0,Creature-0-4457-249-1045-10184-000028665C,"Onyxia",0xa48,0x0,Creature-0-4457-249-1045-10184-000028665C,0000000000000000,98,100,0,0,0,-1,0,0,0,-3.07,-218.23,0,0.0361,63,145,210,-1,1,0,0,0,nil,1,nil
4/28 18:48:46.057  SWING_DAMAGE_LANDED,Player-4755-01637B0A,"Pindle-Dreadmist",0x514,0x0,Creature-0-4457-249-1045-10184-000028665C,"Onyxia",0xa48,0x0,Creature-0-4457-249-1045-10184-000028665C,0000000000000000,98,100,0,0,0,-1,0,0,0,-3.07,-218.23,0,0.0361,63,83,117,-1,1,0,0,0,nil,1,nil
4/28 18:48:46.057  RANGE_DAMAGE,Player-4755-0163DD9D,"Kaspais-Dreadmist",0x514,0x0,Creature-0-4457-249-1045-10184-000028665C,"Onyxia",0xa48,0x0,5019,"Shoot",0x1,Creature-0-4457-249-1045-10184-000028665C,0000000000000000,98,100,0,0,0,-1,0,0,0,-3.07,-218.23,0,0.0361,63,141,128,-1,16,0,0,0,nil,nil,nil
4/28 18:48:46.057  SPELL_CAST_SUCCESS,Player-4755-0160BD13,"Mafkees-Dreadmist",0x514,0x0,Creature-0-4457-249-1045-10184-000028665C,"Onyxia",0xa48,0x0,11585,"Overpower",0x1,Player-4755-0160BD13,0000000000000000,100,100,0,0,0,-1,0,0,0,-11.90,-203.48,0,4.8561,64
4/28 18:48:46.156  SPELL_CAST_START,Player-4755-0178F576,"Atreas-Dreadmist",0x514,0x0,0000000000000000,nil,0x80000000,0x80000000,20904,"Aimed Shot",0x1
4/28 18:48:46.346  SWING_DAMAGE,Pet-0-4457-249-1045-7456-03003178E8,"Owl",0x1114,0x0,Creature-0-4457-249-1045-10184-000028665C,"Onyxia",0xa48,0x0,Pet-0-4457-249-1045-7456-03003178E8,Player-4755-01B60A5F,100,100,0,0,0,-1,0,0,0,-21.18,-202.21,0,5.5437,62,51,137,-1,1,0,0,0,nil,1,nil
4/28 18:48:46.437  SWING_DAMAGE,Player-4755-01F21AE6,"Blahu-Dreadmist",0x40514,0x0,Creature-0-4457-249-1045-10184-000028665C,"Onyxia",0xa48,0x0,Player-4755-01F21AE6,0000000000000000,100,100,0,0,0,-1,0,0,0,-8.97,-206.56,0,4.6119,70,95,127,-1,1,0,0,0,nil,nil,nil
4/28 18:48:46.468  SPELL_AURA_APPLIED,Player-4755-01BC57A3,"Saintis-Dreadmist",0x511,0x0,Player-4755-01733879,"Hocwar-Dreadmist",0x50514,0x0,15359,"Inspiration",0x2,BUFF
4/28 18:48:46.468  SPELL_AURA_REMOVED_DOSE,Player-4755-0160BD13,"Mafkees-Dreadmist",0x514,0x0,Player-4755-0160BD13,"Mafkees-Dreadmist",0x514,0x0,12970,"Flurry",0x1,BUFF,1
4/28 18:48:46.468  SPELL_AURA_APPLIED_DOSE,Player-4755-0160BD13,"Mafkees-Dreadmist",0x514,0x0,Player-4755-0160BD13,"Mafkees-Dreadmist",0x514,0x0,12970,"Flurry",0x1,BUFF,3
4/28 18:48:46.468  SPELL_DAMAGE,Player-4755-0160BD13,"Mafkees-Dreadmist",0x514,0x0,Creature-0-4457-249-1045-10184-000028665C,"Onyxia",0xa48,0x0,11585,"Overpower",0x1,Creature-0-4457-249-1045-10184-000028665C,0000000000000000,98,100,0,0,0,-1,0,0,0,0.51,-218.10,0,6.2130,63,429,579,-1,1,0,0,0,nil,nil,nil
4/28 18:48:46.468  SWING_DAMAGE_LANDED,Pet-0-4457-249-1045-7456-03003178E8,"Owl",0x1114,0x0,Creature-0-4457-249-1045-10184-000028665C,"Onyxia",0xa48,0x0,Creature-0-4457-249-1045-10184-000028665C,0000000000000000,98,100,0,0,0,-1,0,0,0,0.51,-218.10,0,6.2130,63,51,137,-1,1,0,0,0,nil,1,nil
4/28 18:48:46.468  SWING_DAMAGE_LANDED,Player-4755-01F21AE6,"Blahu-Dreadmist",0x40514,0x0,Creature-0-4457-249-1045-10184-000028665C,"Onyxia",0xa48,0x0,Creature-0-4457-249-1045-10184-000028665C,0000000000000000,98,100,0,0,0,-1,0,0,0,0.51,-218.10,0,6.2130,63,95,127,-1,1,0,0,0,nil,nil,nil
4/28 18:48:46.489  SWING_MISSED,Player-4755-01637B0A,"Pindle-Dreadmist",0x514,0x0,Creature-0-4457-249-1045-10184-000028665C,"Onyxia",0xa48,0x0,MISS,nil
4/28 18:48:46.520  SWING_DAMAGE,Player-4755-01733879,"Hocwar-Dreadmist",0x50514,0x0,Creature-0-4457-249-1045-10184-000028665C,"Onyxia",0xa48,0x0,Player-4755-01733879,0000000000000000,100,100,0,0,0,-1,0,0,0,23.07,-219.55,0,3.0391,70,148,240,-1,1,0,0,0,nil,1,nil
4/28 18:48:46.568  SWING_DAMAGE,Player-4755-01A6B139,"Sakatan-Dreadmist",0x514,0x0,Creature-0-4457-249-1045-10184-000028665C,"Onyxia",0xa48,0x0,Player-4755-01A6B139,0000000000000000,100,100,0,0,0,-1,0,0,0,-6.26,-196.97,0,5.1176,69,211,139,-1,1,0,0,0,1,nil,nil
4/28 18:48:46.702  SPELL_CAST_SUCCESS,Player-4755-01802FE5,"Angrybat-Dreadmist",0x514,0x0,Creature-0-4457-249-1045-10184-000028665C,"Onyxia",0xa48,0x0,10181,"Frostbolt",0x10,Player-4755-01802FE5,0000000000000000,100,100,0,0,0,-1,0,0,0,-6.20,-183.41,0,5.2379,66
4/28 18:48:46.702  SPELL_CAST_SUCCESS,Player-4755-01AC9FD9,"Alexinho-Dreadmist",0x514,0x0,Creature-0-4457-249-1045-10184-000028665C,"Onyxia",0xa48,0x0,11294,"Sinister Strike",0x1,Player-4755-01AC9FD9,0000000000000000,100,100,0,0,0,-1,0,0,0,-6.42,-197.76,0,6.1466,66
4/28 18:48:46.702  SPELL_AURA_REMOVED,Player-4755-01ED7A64,"Sperzieboon-Dreadmist",0x514,0x0,Player-4755-01733879,"Hocwar-Dreadmist",0x50514,0x0,10929,"Renew",0x2,BUFF
4/28 18:48:46.721  SPELL_CAST_SUCCESS,Player-4755-01A6B139,"Sakatan-Dreadmist",0x514,0x0,Creature-0-4457-249-1045-10184-000028665C,"Onyxia",0xa48,0x0,11281,"Backstab",0x1,Player-4755-01A6B139,0000000000000000,100,100,0,0,0,-1,0,0,0,-5.26,-197.37,0,5.1176,69
4/28 18:48:46.788  SPELL_CAST_START,Player-4755-020BD78D,"Lonehunter-Dreadmist",0x514,0x0,0000000000000000,nil,0x80000000,0x80000000,75,"Auto Shot",0x1
4/28 18:48:46.818  SPELL_CAST_START,Player-4755-01614AC7,"Mirrimazduur-Dreadmist",0x512,0x0,0000000000000000,nil,0x80000000,0x80000000,5019,"Shoot",0x1
4/28 18:48:46.818  SWING_DAMAGE,Player-4755-01840577,"Raggèn-Dreadmist",0x514,0x0,Creature-0-4457-249-1045-10184-000028665C,"Onyxia",0xa48,0x0,Player-4755-01840577,0000000000000000,100,100,0,0,0,-1,0,0,0,-2.07,-202.89,0,4.8106,67,369,499,-1,1,0,0,0,nil,nil,nil
4/28 18:48:46.819  SWING_DAMAGE,Creature-0-4457-249-1045-10184-000028665C,"Onyxia",0xa48,0x0,Player-4755-01733879,"Hocwar-Dreadmist",0x50514,0x0,Creature-0-4457-249-1045-10184-000028665C,0000000000000000,98,100,0,0,0,-1,0,0,0,2.42,-218.23,0,6.2343,63,412,1238,-1,1,0,0,0,nil,nil,nil
4/28 18:48:46.863  SPELL_AURA_REFRESH,Player-4755-0160BD13,"Mafkees-Dreadmist",0x514,0x0,Creature-0-4457-249-1045-10184-000028665C,"Onyxia",0xa48,0x0,12721,"Deep Wound",0x1,DEBUFF
4/28 18:48:46.863  SWING_DAMAGE_LANDED,Player-4755-01733879,"Hocwar-Dreadmist",0x50514,0x0,Creature-0-4457-249-1045-10184-000028665C,"Onyxia",0xa48,0x0,Creature-0-4457-249-1045-10184-000028665C,0000000000000000,98,100,0,0,0,-1,0,0,0,2.42,-218.23,0,6.2343,63,148,240,-1,1,0,0,0,nil,1,nil
4/28 18:48:46.863  SWING_DAMAGE_LANDED,Player-4755-01A6B139,"Sakatan-Dreadmist",0x514,0x0,Creature-0-4457-249-1045-10184-000028665C,"Onyxia",0xa48,0x0,Creature-0-4457-249-1045-10184-000028665C,0000000000000000,98,100,0,0,0,-1,0,0,0,2.42,-218.23,0,6.2343,63,211,139,-1,1,0,0,0,1,nil,nil
4/28 18:48:46.863  SPELL_DAMAGE,Player-4755-01AC9FD9,"Alexinho-Dreadmist",0x514,0x0,Creature-0-4457-249-1045-10184-000028665C,"Onyxia",0xa48,0x0,11294,"Sinister Strike",0x1,Creature-0-4457-249-1045-10184-000028665C,0000000000000000,98,100,0,0,0,-1,0,0,0,2.42,-218.23,0,6.2343,63,722,414,-1,1,0,0,0,1,nil,nil
4/28 18:48:46.863  SPELL_DAMAGE,Player-4755-01A6B139,"Sakatan-Dreadmist",0x514,0x0,Creature-0-4457-249-1045-10184-000028665C,"Onyxia",0xa48,0x0,11281,"Backstab",0x1,Creature-0-4457-249-1045-10184-000028665C,0000000000000000,98,100,0,0,0,-1,0,0,0,2.42,-218.23,0,6.2343,63,428,578,-1,1,0,0,0,nil,nil,nil
4/28 18:48:46.863  SWING_DAMAGE_LANDED,Player-4755-01840577,"Raggèn-Dreadmist",0x514,0x0,Creature-0-4457-249-1045-10184-000028665C,"Onyxia",0xa48,0x0,Creature-0-4457-249-1045-10184-000028665C,0000000000000000,98,100,0,0,0,-1,0,0,0,2.42,-218.23,0,6.2343,63,369,499,-1,1,0,0,0,nil,nil,nil
4/28 18:48:46.863  SWING_DAMAGE_LANDED,Creature-0-4457-249-1045-10184-000028665C,"Onyxia",0xa48,0x0,Player-4755-01733879,"Hocwar-Dreadmist",0x50514,0x0,Player-4755-01733879,0000000000000000,93,100,0,0,0,-1,0,0,0,24.50,-219.32,0,3.0863,70,412,1238,-1,1,0,0,0,nil,nil,nil
4/28 18:48:46.878  SPELL_CAST_START,Player-4755-01FA8D0D,"Roackeru-Dreadmist",0x514,0x0,0000000000000000,nil,0x80000000,0x80000000,5019,"Shoot",0x1
4/28 18:48:46.927  SWING_DAMAGE,Player-4755-01F21AE6,"Blahu-Dreadmist",0x40514,0x0,Creature-0-4457-249-1045-10184-000028665C,"Onyxia",0xa48,0x0,Player-4755-01F21AE6,0000000000000000,100,100,0,0,0,-1,0,0,0,-6.37,-209.09,0,4.7772,70,458,309,-1,1,0,0,0,1,nil,nil
4/28 18:48:46.992  SWING_DAMAGE,Player-4755-01637B0A,"Pindle-Dreadmist",0x514,0x0,Creature-0-4457-249-1045-10184-000028665C,"Onyxia",0xa48,0x0,Player-4755-01637B0A,0000000000000000,100,100,0,0,0,-1,0,0,0,1.07,-201.15,0,4.7727,65,165,109,-1,1,0,0,0,1,nil,nil
4/28 18:48:47.137  SPELL_PERIODIC_HEAL,Player-4755-01FA8DD8,"Roackerita-Dreadmist",0x514,0x0,Player-4755-01F21AE6,"Blahu-Dreadmist",0x40514,0x0,6078,"Renew",0x2,Player-4755-01F21AE6,0000000000000000,100,100,0,0,0,-1,0,0,0,-4.99,-208.97,0,5.0275,70,235,235,235,0,nil
4/28 18:48:47.137  SWING_MISSED,Player-4755-01AC9FD9,"Alexinho-Dreadmist",0x514,0x0,Creature-0-4457-249-1045-10184-000028665C,"Onyxia",0xa48,0x0,MISS,nil
4/28 18:48:47.137  SPELL_AURA_APPLIED,Player-4755-01AC9FD9,"Alexinho-Dreadmist",0x514,0x0,Player-4755-01AC9FD9,"Alexinho-Dreadmist",0x514,0x0,20007,"Holy Strength",0x2,BUFF
4/28 18:48:47.137  SPELL_HEAL,Player-4755-01AC9FD9,"Alexinho-Dreadmist",0x514,0x0,Player-4755-01AC9FD9,"Alexinho-Dreadmist",0x514,0x0,20007,"Holy Strength",0x2,Player-4755-01AC9FD9,0000000000000000,100,100,0,0,0,-1,0,0,0,-3.18,-198.21,0,5.3573,66,106,106,106,0,nil
4/28 18:48:47.137  SPELL_AURA_APPLIED,Player-4755-01AC9FD9,"Alexinho-Dreadmist",0x514,0x0,Player-4755-01AC9FD9,"Alexinho-Dreadmist",0x514,0x0,10610,"Windfury Totem",0x8,BUFF
4/28 18:48:47.137  SPELL_EXTRA_ATTACKS,Player-4755-01AC9FD9,"Alexinho-Dreadmist",0x514,0x0,Player-4755-01AC9FD9,"Alexinho-Dreadmist",0x514,0x0,10610,"Windfury Totem",0x8,1
4/28 18:48:47.137  SWING_DAMAGE,Player-4755-01AC9FD9,"Alexinho-Dreadmist",0x514,0x0,Creature-0-4457-249-1045-10184-000028665C,"Onyxia",0xa48,0x0,Player-4755-01AC9FD9,0000000000000000,100,100,0,0,0,-1,0,0,0,-3.18,-198.21,0,5.3573,66,520,344,-1,1,0,0,0,1,nil,nil
4/28 18:48:47.154  SWING_DAMAGE,Player-4755-01AC9FD9,"Alexinho-Dreadmist",0x514,0x0,Creature-0-4457-249-1045-10184-000028665C,"Onyxia",0xa48,0x0,Player-4755-01AC9FD9,0000000000000000,100,100,0,0,0,-1,0,0,0,-3.06,-198.22,0,5.3573,66,655,433,-1,1,0,0,0,1,nil,nil
4/28 18:48:47.154  SPELL_CAST_SUCCESS,Player-4755-01804B95,"Moymoy-Dreadmist",0x514,0x0,0000000000000000,nil,0x80000000,0x80000000,10408,"Stoneskin Totem",0x8,Player-4755-01804B95,0000000000000000,100,100,0,0,0,-1,0,0,0,5.94,-184.55,0,4.5443,66
4/28 18:48:47.154  SPELL_SUMMON,Player-4755-01804B95,"Moymoy-Dreadmist",0x514,0x0,Creature-0-4457-249-1045-7368-0000286C7F,"Stoneskin Totem VI",0xa28,0x0,10408,"Stoneskin Totem",0x8
4/28 18:48:47.185  SPELL_PERIODIC_HEAL,Player-4755-02045EF4,"Necrosini-Dreadmist",0x512,0x0,Player-4755-0178F416,"Eltorero-Dreadmist",0x514,0x0,10929,"Renew",0x2,Player-4755-0178F416,0000000000000000,100,100,0,0,0,-1,0,0,0,-2.13,-203.54,0,4.8527,67,253,253,168,0,nil
4/28 18:48:47.218  SPELL_CAST_SUCCESS,Player-4755-020BD78D,"Lonehunter-Dreadmist",0x514,0x0,Creature-0-4457-249-1045-10184-000028665C,"Onyxia",0xa48,0x0,75,"Auto Shot",0x1,Player-4755-020BD78D,0000000000000000,100,100,0,0,0,-1,0,0,0,-5.72,-179.75,0,4.9533,70
4/28 18:48:47.265  SWING_DAMAGE_LANDED,Player-4755-01F21AE6,"Blahu-Dreadmist",0x40514,0x0,Creature-0-4457-249-1045-10184-000028665C,"Onyxia",0xa48,0x0,Creature-0-4457-249-1045-10184-000028665C,0000000000000000,98,100,0,0,0,-1,0,0,0,3.65,-218.29,0,6.2339,63,458,309,-1,1,0,0,0,1,nil,nil
4/28 18:48:47.265  SWING_DAMAGE_LANDED,Player-4755-01637B0A,"Pindle-Dreadmist",0x514,0x0,Creature-0-4457-249-1045-10184-000028665C,"Onyxia",0xa48,0x0,Creature-0-4457-249-1045-10184-000028665C,0000000000000000,98,100,0,0,0,-1,0,0,0,3.65,-218.29,0,6.2339,63,165,109,-1,1,0,0,0,1,nil,nil
4/28 18:48:47.265  SWING_DAMAGE_LANDED,Player-4755-01AC9FD9,"Alexinho-Dreadmist",0x514,0x0,Creature-0-4457-249-1045-10184-000028665C,"Onyxia",0xa48,0x0,Creature-0-4457-249-1045-10184-000028665C,0000000000000000,98,100,0,0,0,-1,0,0,0,3.65,-218.29,0,6.2339,63,520,344,-1,1,0,0,0,1,nil,nil
4/28 18:48:47.265  SWING_DAMAGE_LANDED,Player-4755-01AC9FD9,"Alexinho-Dreadmist",0x514,0x0,Creature-0-4457-249-1045-10184-000028665C,"Onyxia",0xa48,0x0,Creature-0-4457-249-1045-10184-000028665C,0000000000000000,98,100,0,0,0,-1,0,0,0,3.65,-218.29,0,6.2339,63,655,433,-1,1,0,0,0,1,nil,nil
4/28 18:48:47.314  SPELL_CAST_SUCCESS,Player-4755-01FA8DD8,"Roackerita-Dreadmist",0x514,0x0,Player-4755-0178F416,"Eltorero-Dreadmist",0x514,0x0,2055,"Heal",0x2,Player-4755-01FA8DD8,0000000000000000,100,100,0,0,0,-1,0,0,0,-4.33,-181.77,0,5.7972,69
4/28 18:48:47.314  SPELL_CAST_SUCCESS,Player-4755-01614AC7,"Mirrimazduur-Dreadmist",0x512,0x0,Creature-0-4457-249-1045-10184-000028665C,"Onyxia",0xa48,0x0,5019,"Shoot",0x1,Player-4755-01614AC7,0000000000000000,100,100,0,0,0,-1,0,0,0,-2.32,-179.57,0,5.0213,68
4/28 18:48:47.362  RANGE_DAMAGE,Player-4755-01614AC7,"Mirrimazduur-Dreadmist",0x512,0x0,Creature-0-4457-249-1045-10184-000028665C,"Onyxia",0xa48,0x0,5019,"Shoot",0x1,Creature-0-4457-249-1045-10184-000028665C,0000000000000000,98,100,0,0,0,-1,0,0,0,3.65,-218.29,0,6.2339,63,115,104,-1,64,0,0,0,nil,nil,nil
4/28 18:48:47.379  SPELL_CAST_SUCCESS,Player-4755-01FA8D0D,"Roackeru-Dreadmist",0x514,0x0,Creature-0-4457-249-1045-10184-000028665C,"Onyxia",0xa48,0x0,5019,"Shoot",0x1,Player-4755-01FA8D0D,0000000000000000,100,100,0,0,0,-1,0,0,0,14.13,-180.96,0,4.4650,65
4/28 18:48:47.410  SPELL_AURA_APPLIED,Player-4755-01B60A5F,"Zurok-Dreadmist",0x514,0x0,Player-4755-01B60A5F,"Zurok-Dreadmist",0x514,0x0,24352,"Devilsaur Fury",0x1,BUFF
4/28 18:48:47.410  SPELL_CAST_SUCCESS,Player-4755-01B60A5F,"Zurok-Dreadmist",0x514,0x0,0000000000000000,nil,0x80000000,0x80000000,24352,"Devilsaur Fury",0x1,Player-4755-01B60A5F,0000000000000000,100,100,0,0,0,-1,0,0,0,11.67,-187.26,0,5.0737,62
4/28 18:48:47.410  SPELL_CAST_SUCCESS,Player-4755-01B60A5F,"Zurok-Dreadmist",0x514,0x0,0000000000000000,nil,0x80000000,0x80000000,20572,"Blood Fury",0x1,Player-4755-01B60A5F,0000000000000000,100,100,0,0,0,-1,0,0,0,11.67,-187.26,0,5.0737,62
4/28 18:48:47.410  SPELL_AURA_APPLIED,Player-4755-01B60A5F,"Zurok-Dreadmist",0x514,0x0,Player-4755-01B60A5F,"Zurok-Dreadmist",0x514,0x0,3045,"Rapid Fire",0x40,BUFF
4/28 18:48:47.410  SPELL_CAST_SUCCESS,Player-4755-01B60A5F,"Zurok-Dreadmist",0x514,0x0,0000000000000000,nil,0x80000000,0x80000000,3045,"Rapid Fire",0x40,Player-4755-01B60A5F,0000000000000000,100,100,0,0,0,-1,0,0,0,11.67,-187.26,0,5.0737,62
4/28 18:48:47.589  SPELL_PERIODIC_ENERGIZE,Creature-0-4457-249-1045-7416-0000286C79,"Mana Spring Totem IV",0x2114,0x0,Player-4755-01ED7A64,"Sperzieboon-Dreadmist",0x514,0x0,10494,"Mana Spring",0x8,Player-4755-01ED7A64,0000000000000000,100,100,0,0,0,-1,0,0,0,2.84,-187.19,0,5.1983,67,13.0000,0.0000,0,7261
4/28 18:48:47.589  SPELL_PERIODIC_ENERGIZE,Creature-0-4457-249-1045-7416-0000286C79,"Mana Spring Totem IV",0x2114,0x0,Player-4755-015FEBD5,"Sauvage-Dreadmist",0x514,0x0,10494,"Mana Spring",0x8,Player-4755-015FEBD5,0000000000000000,100,100,0,0,0,-1,0,0,0,13.63,-178.84,0,4.4909,64,12.0000,0.0000,0,6158
4/28 18:48:47.589  SPELL_PERIODIC_ENERGIZE,Creature-0-4457-249-1045-7416-0000286C79,"Mana Spring Totem IV",0x2114,0x0,Player-4755-01FA8DD8,"Roackerita-Dreadmist",0x514,0x0,10494,"Mana Spring",0x8,Player-4755-01FA8DD8,0000000000000000,100,100,0,0,0,-1,0,0,0,-4.33,-181.77,0,5.7972,69,12.0000,0.0000,0,6736
4/28 18:48:47.589  SPELL_PERIODIC_ENERGIZE,Creature-0-4457-249-1045-7416-0000286C79,"Mana Spring Totem IV",0x2114,0x0,Player-4755-01804B95,"Moymoy-Dreadmist",0x514,0x0,10494,"Mana Spring",0x8,Player-4755-01804B95,0000000000000000,100,100,0,0,0,-1,0,0,0,9.16,-184.56,0,4.7721,66,12.0000,0.0000,0,5366
4/28 18:48:47.638  SWING_DAMAGE,Pet-0-4457-249-1045-9622-02002CD5BC,"Bokito",0x1114,0x0,Creature-0-4457-249-1045-10184-000028665C,"Onyxia",0xa48,0x0,Pet-0-4457-249-1045-9622-02002CD5BC,Player-4755-020BD78D,100,100,0,0,0,-1,0,0,0,-4.56,-197.67,0,5.0916,70,91,221,-1,1,0,0,0,nil,1,nil
4/28 18:48:47.667  SPELL_AURA_APPLIED,Player-4755-01F21AE6,"Blahu-Dreadmist",0x40514,0x0,Player-4755-01F21AE6,"Blahu-Dreadmist",0x40514,0x0,12970,"Flurry",0x1,BUFF
4/28 18:48:47.667  SPELL_AURA_REMOVED_DOSE,Player-4755-01AC9FD9,"Alexinho-Dreadmist",0x514,0x0,Player-4755-01AC9FD9,"Alexinho-Dreadmist",0x514,0x0,10610,"Windfury Totem",0x8,BUFF,1
4/28 18:48:47.667  SPELL_AURA_REMOVED,Player-4755-01AC9FD9,"Alexinho-Dreadmist",0x514,0x0,Player-4755-01AC9FD9,"Alexinho-Dreadmist",0x514,0x0,10610,"Windfury Totem",0x8,BUFF
4/28 18:48:47.667  SPELL_HEAL,Player-4755-01FA8DD8,"Roackerita-Dreadmist",0x514,0x0,Player-4755-0178F416,"Eltorero-Dreadmist",0x514,0x0,2055,"Heal",0x2,Player-4755-0178F416,0000000000000000,100,100,0,0,0,-1,0,0,0,1.20,-204.12,0,4.8527,67,1153,1153,1153,0,nil
4/28 18:48:47.667  SWING_DAMAGE_LANDED,Pet-0-4457-249-1045-9622-02002CD5BC,"Bokito",0x1114,0x0,Creature-0-4457-249-1045-10184-000028665C,"Onyxia",0xa48,0x0,Creature-0-4457-249-1045-10184-000028665C,0000000000000000,98,100,0,0,0,-1,0,0,0,3.65,-218.29,0,6.2339,63,91,221,-1,1,0,0,0,nil,1,nil
4/28 18:48:47.749  SWING_DAMAGE,Player-4755-01A6B139,"Sakatan-Dreadmist",0x514,0x0,Creature-0-4457-249-1045-10184-000028665C,"Onyxia",0xa48,0x0,Player-4755-01A6B139,0000000000000000,100,100,0,0,0,-1,0,0,0,-0.98,-197.64,0,5.1176,69,166,230,-1,1,0,0,0,nil,1,nil
4/28 18:48:47.771  SPELL_PERIODIC_ENERGIZE,Player-4755-01802FE5,"Angrybat-Dreadmist",0x514,0x0,Player-4755-01802FE5,"Angrybat-Dreadmist",0x514,0x0,18194,"Mana Regeneration",0x1,Player-4755-01802FE5,0000000000000000,100,100,0,0,0,-1,0,0,0,-1.78,-183.49,0,5.6581,66,8.0000,0.0000,0,6033
4/28 18:48:47.830  SPELL_PERIODIC_DAMAGE,Player-4755-01F36B30,"Rectumqeef-Dreadmist",0x514,0x0,Creature-0-4457-249-1045-10184-000028665C,"Onyxia",0xa48,0x0,11672,"Corruption",0x20,Creature-0-4457-249-1045-10184-000028665C,0000000000000000,98,100,0,0,0,-1,0,0,0,3.65,-218.29,0,6.2339,63,224,203,-1,32,0,0,0,nil,nil,nil
4/28 18:48:47.874  SWING_DAMAGE,Player-4755-016296D3,"Nivl-Dreadmist",0x514,0x0,Creature-0-4457-249-1045-10184-000028665C,"Onyxia",0xa48,0x0,Player-4755-016296D3,0000000000000000,100,100,0,0,0,-1,0,0,0,10.10,-198.16,0,4.8029,69,105,229,-1,1,0,0,0,nil,1,nil
4/28 18:48:47.901  SWING_MISSED,Player-4755-01637B0A,"Pindle-Dreadmist",0x514,0x0,Creature-0-4457-249-1045-10184-000028665C,"Onyxia",0xa48,0x0,PARRY,nil
4/28 18:48:47.901  SPELL_CAST_SUCCESS,Player-4755-0160BD13,"Mafkees-Dreadmist",0x514,0x0,Creature-0-4457-249-1045-10184-000028665C,"Onyxia",0xa48,0x0,11597,"Sunder Armor",0x1,Player-4755-0160BD13,0000000000000000,100,100,0,0,0,-1,0,0,0,0.49,-207.02,0,5.0250,64
4/28 18:48:47.901  SPELL_MISSED,Player-4755-0160BD13,"Mafkees-Dreadmist",0x514,0x0,Creature-0-4457-249-1045-10184-000028665C,"Onyxia",0xa48,0x0,11597,"Sunder Armor",0x1,DODGE,nil
4/28 18:48:47.944  SPELL_CAST_SUCCESS,Player-4755-015FEBD5,"Sauvage-Dreadmist",0x514,0x0,Creature-0-4457-249-1045-10184-000028665C,"Onyxia",0xa48,0x0,10181,"Frostbolt",0x10,Player-4755-015FEBD5,0000000000000000,100,100,0,0,0,-1,0,0,0,13.63,-178.84,0,4.4909,64
4/28 18:48:47.958  SPELL_DAMAGE,Player-4755-01802FE5,"Angrybat-Dreadmist",0x514,0x0,Creature-0-4457-249-1045-10184-000028665C,"Onyxia",0xa48,0x0,10181,"Frostbolt",0x10,Creature-0-4457-249-1045-10184-000028665C,0000000000000000,98,100,0,0,0,-1,0,0,0,3.65,-218.29,0,6.2339,63,958,870,-1,16,0,0,0,nil,nil,nil
4/28 18:48:47.986  SPELL_CAST_SUCCESS,Player-4755-0163DD9D,"Kaspais-Dreadmist",0x514,0x0,Creature-0-4457-249-1045-10184-000028665C,"Onyxia",0xa48,0x0,10181,"Frostbolt",0x10,Player-4755-0163DD9D,0000000000000000,100,100,0,0,0,-1,0,0,0,-12.94,-181.95,0,5.4482,66
4/28 18:48:48.034  SWING_DAMAGE,Player-4755-01AC9FD9,"Alexinho-Dreadmist",0x514,0x0,Creature-0-4457-249-1045-10184-000028665C,"Onyxia",0xa48,0x0,Player-4755-01AC9FD9,0000000000000000,100,100,0,0,0,-1,0,0,0,3.39,-198.02,0,5.7337,66,102,167,-1,1,0,0,0,nil,1,nil
4/28 18:48:48.081  SWING_DAMAGE_LANDED,Player-4755-01A6B139,"Sakatan-Dreadmist",0x514,0x0,Creature-0-4457-249-1045-10184-000028665C,"Onyxia",0xa48,0x0,Creature-0-4457-249-1045-10184-000028665C,0000000000000000,98,100,0,0,0,-1,0,0,0,3.65,-218.29,0,6.2339,63,166,230,-1,1,0,0,0,nil,1,nil
4/28 18:48:48.081  SWING_DAMAGE_LANDED,Player-4755-016296D3,"Nivl-Dreadmist",0x514,0x0,Creature-0-4457-249-1045-10184-000028665C,"Onyxia",0xa48,0x0,Creature-0-4457-249-1045-10184-000028665C,0000000000000000,98,100,0,0,0,-1,0,0,0,3.65,-218.29,0,6.2339,63,105,229,-1,1,0,0,0,nil,1,nil
4/28 18:48:48.081  SWING_DAMAGE_LANDED,Player-4755-01AC9FD9,"Alexinho-Dreadmist",0x514,0x0,Creature-0-4457-249-1045-10184-000028665C,"Onyxia",0xa48,0x0,Creature-0-4457-249-1045-10184-000028665C,0000000000000000,98,100,0,0,0,-1,0,0,0,3.65,-218.29,0,6.2339,63,102,167,-1,1,0,0,0,nil,1,nil
4/28 18:48:48.081  SWING_MISSED,Player-4755-01637B0A,"Pindle-Dreadmist",0x514,0x0,Creature-0-4457-249-1045-10184-000028665C,"Onyxia",0xa48,0x0,DODGE,1
4/28 18:48:48.114  SPELL_CAST_SUCCESS,Player-4755-016DF694,"Ashalan-Dreadmist",0x514,0x0,0000000000000000,nil,0x80000000,0x80000000,10538,"Fire Resistance Totem",0x10,Player-4755-016DF694,0000000000000000,100,100,0,0,0,-1,0,0,0,5.12,-207.04,0,4.7344,67
4/28 18:48:48.114  SPELL_SUMMON,Player-4755-016DF694,"Ashalan-Dreadmist",0x514,0x0,Creature-0-4457-249-1045-7425-0000286C80,"Fire Resistance Totem III",0xa28,0x0,10538,"Fire Resistance Totem",0x10
4/28 18:48:48.114  SWING_DAMAGE,Player-4755-01F21AE6,"Blahu-Dreadmist",0x40514,0x0,Creature-0-4457-249-1045-10184-000028665C,"Onyxia",0xa48,0x0,Player-4755-01F21AE6,0000000000000000,100,100,0,0,0,-1,0,0,0,-1.90,-205.01,0,5.2403,70,190,128,-1,1,0,0,0,1,nil,nil
4/28 18:48:48.220  RANGE_DAMAGE,Player-4755-020BD78D,"Lonehunter-Dreadmist",0x514,0x0,Creature-0-4457-249-1045-10184-000028665C,"Onyxia",0xa48,0x0,75,"Auto Shot",0x1,Creature-0-4457-249-1045-10184-000028665C,0000000000000000,98,100,0,0,0,-1,0,0,0,3.65,-218.29,0,6.2339,63,375,505,-1,1,0,0,0,nil,nil,nil
4/28 18:48:48.220  SWING_DAMAGE,Player-4755-0178F416,"Eltorero-Dreadmist",0x514,0x0,Creature-0-4457-249-1045-10184-000028665C,"Onyxia",0xa48,0x0,Player-4755-0178F416,0000000000000000,100,100,0,0,0,-1,0,0,0,5.33,-203.53,0,4.8488,67,322,611,-1,1,0,0,0,nil,1,nil
4/28 18:48:48.309  SWING_DAMAGE,Player-4755-01733879,"Hocwar-Dreadmist",0x50514,0x0,Creature-0-4457-249-1045-10184-000028665C,"Onyxia",0xa48,0x0,Player-4755-01733879,0000000000000000,93,100,0,0,0,-1,0,0,0,19.64,-218.94,0,3.0548,70,155,208,-1,1,0,0,0,nil,nil,nil
4/28 18:48:48.338  SPELL_PERIODIC_DAMAGE,Player-4755-01B60A5F,"Zurok-Dreadmist",0x514,0x0,Creature-0-4457-249-1045-10184-000028665C,"Onyxia",0xa48,0x0,13555,"Serpent Sting",0x8,Creature-0-4457-249-1045-10184-000028665C,0000000000000000,98,100,0,0,0,-1,0,0,0,3.65,-218.29,0,6.2339,63,101,100,-1,8,0,0,0,nil,nil,nil
4/28 18:48:48.338  SPELL_AURA_REMOVED,Player-4755-01B60A5F,"Zurok-Dreadmist",0x514,0x0,Creature-0-4457-249-1045-10184-000028665C,"Onyxia",0xa48,0x0,13555,"Serpent Sting",0x8,DEBUFF
4/28 18:48:48.338  SWING_DAMAGE,Player-4755-01A6B139,"Sakatan-Dreadmist",0x514,0x0,Creature-0-4457-249-1045-10184-000028665C,"Onyxia",0xa48,0x0,Player-4755-01A6B139,0000000000000000,100,100,0,0,0,-1,0,0,0,2.57,-198.74,0,5.1176,69,106,155,-1,1,0,0,0,nil,1,nil
4/28 18:48:48.338  SWING_DAMAGE,Pet-0-4457-249-1045-7456-03003178E8,"Owl",0x1114,0x0,Creature-0-4457-249-1045-10184-000028665C,"Onyxia",0xa48,0x0,Pet-0-4457-249-1045-7456-03003178E8,Player-4755-01B60A5F,100,100,0,0,0,-1,0,0,0,-15.13,-206.16,0,5.7099,62,46,143,-1,1,0,0,0,nil,1,nil
4/28 18:48:48.338  SPELL_CAST_SUCCESS,Creature-0-4457-249-1045-10184-000028665C,"Onyxia",0xa48,0x0,Player-4755-01733879,"Hocwar-Dreadmist",0x50514,0x0,19983,"Cleave",0x1,Creature-0-4457-249-1045-10184-000028665C,0000000000000000,98,100,0,0,0,-1,0,0,0,3.65,-218.29,0,6.2339,63
4/28 18:48:48.354  SPELL_CAST_SUCCESS,Player-4755-01ED7A64,"Sperzieboon-Dreadmist",0x514,0x0,Player-4755-01733879,"Hocwar-Dreadmist",0x50514,0x0,6063,"Heal",0x2,Player-4755-01ED7A64,0000000000000000,100,100,0,0,0,-1,0,0,0,2.84,-187.19,0,5.1983,67
4/28 18:48:48.354  SWING_DAMAGE,Player-4755-016DF694,"Ashalan-Dreadmist",0x514,0x0,Creature-0-4457-249-1045-10184-000028665C,"Onyxia",0xa48,0x0,Player-4755-016DF694,0000000000000000,100,100,0,0,0,-1,0,0,0,5.12,-207.04,0,4.7344,67,298,465,-1,1,0,46,0,nil,nil,nil
4/28 18:48:48.399  SPELL_CAST_START,Player-4755-01FA8D0D,"Roackeru-Dreadmist",0x514,0x0,0000000000000000,nil,0x80000000,0x80000000,5019,"Shoot",0x1
4/28 18:48:48.399  SPELL_CAST_START,Player-4755-015FEBD5,"Sauvage-Dreadmist",0x514,0x0,0000000000000000,nil,0x80000000,0x80000000,10181,"Frostbolt",0x10
4/28 18:48:48.432  SPELL_AURA_APPLIED,Player-4755-0160BD13,"Mafkees-Dreadmist",0x514,0x0,Player-4755-0160BD13,"Mafkees-Dreadmist",0x514,0x0,20007,"Holy Strength",0x2,BUFF
4/28 18:48:48.432  SPELL_HEAL,Player-4755-0160BD13,"Mafkees-Dreadmist",0x514,0x0,Player-4755-0160BD13,"Mafkees-Dreadmist",0x514,0x0,20007,"Holy Strength",0x2,Player-4755-0160BD13,0000000000000000,100,100,0,0,0,-1,0,0,0,3.12,-206.24,0,4.9739,64,112,112,112,0,nil
4/28 18:48:48.432  SWING_DAMAGE,Player-4755-0160BD13,"Mafkees-Dreadmist",0x514,0x0,Creature-0-4457-249-1045-10184-000028665C,"Onyxia",0xa48,0x0,Player-4755-0160BD13,0000000000000000,100,100,0,0,0,-1,0,0,0,3.12,-206.24,0,4.9739,64,788,532,-1,1,0,0,0,1,nil,nil
4/28 18:48:48.450  SPELL_AURA_APPLIED,Player-4755-01733879,"Hocwar-Dreadmist",0x50514,0x0,Player-4755-01733879,"Hocwar-Dreadmist",0x50514,0x0,12328,"Death Wish",0x1,DEBUFF
4/28 18:48:48.450  SPELL_CAST_SUCCESS,Player-4755-01733879,"Hocwar-Dreadmist",0x50514,0x0,0000000000000000,nil,0x80000000,0x80000000,12328,"Death Wish",0x1,Player-4755-01733879,0000000000000000,93,100,0,0,0,-1,0,0,0,19.64,-218.94,0,3.0548,70
4/28 18:48:48.472  SPELL_CAST_SUCCESS,Creature-0-4457-249-1045-10184-000028665C,"Onyxia",0xa48,0x0,0000000000000000,nil,0x80000000,0x80000000,15847,"Tail Sweep",0x1,Creature-0-4457-249-1045-10184-000028665C,0000000000000000,98,100,0,0,0,-1,0,0,0,3.65,-218.29,0,6.2339,63
4/28 18:48:48.491  SPELL_AURA_APPLIED,Player-4755-01802FE5,"Angrybat-Dreadmist",0x514,0x0,Creature-0-4457-249-1045-10184-000028665C,"Onyxia",0xa48,0x0,12579,"Winter's Chill",0x10,DEBUFF
4/28 18:48:48.491  SWING_DAMAGE_LANDED,Player-4755-01F21AE6,"Blahu-Dreadmist",0x40514,0x0,Creature-0-4457-249-1045-10184-000028665C,"Onyxia",0xa48,0x0,Creature-0-4457-249-1045-10184-000028665C,0000000000000000,98,100,0,0,0,-1,0,0,0,3.65,-218.29,0,6.2339,63,190,128,-1,1,0,0,0,1,nil,nil
4/28 18:48:48.491  SWING_DAMAGE_LANDED,Player-4755-0178F416,"Eltorero-Dreadmist",0x514,0x0,Creature-0-4457-249-1045-10184-000028665C,"Onyxia",0xa48,0x0,Creature-0-4457-249-1045-10184-000028665C,0000000000000000,97,100,0,0,0,-1,0,0,0,3.65,-218.29,0,6.2339,63,322,611,-1,1,0,0,0,nil,1,nil
4/28 18:48:48.491  SWING_DAMAGE_LANDED,Player-4755-01733879,"Hocwar-Dreadmist",0x50514,0x0,Creature-0-4457-249-1045-10184-000028665C,"Onyxia",0xa48,0x0,Creature-0-4457-249-1045-10184-000028665C,0000000000000000,97,100,0,0,0,-1,0,0,0,3.65,-218.29,0,6.2339,63,155,208,-1,1,0,0,0,nil,nil,nil
4/28 18:48:48.491  SWING_DAMAGE_LANDED,Player-4755-01A6B139,"Sakatan-Dreadmist",0x514,0x0,Creature-0-4457-249-1045-10184-000028665C,"Onyxia",0xa48,0x0,Creature-0-4457-249-1045-10184-000028665C,0000000000000000,97,100,0,0,0,-1,0,0,0,3.65,-218.29,0,6.2339,63,106,155,-1,1,0,0,0,nil,1,nil
4/28 18:48:48.491  SWING_DAMAGE_LANDED,Pet-0-4457-249-1045-7456-03003178E8,"Owl",0x1114,0x0,Creature-0-4457-249-1045-10184-000028665C,"Onyxia",0xa48,0x0,Creature-0-4457-249-1045-10184-000028665C,0000000000000000,97,100,0,0,0,-1,0,0,0,3.65,-218.29,0,6.2339,63,46,143,-1,1,0,0,0,nil,1,nil
4/28 18:48:48.492  SPELL_DAMAGE,Creature-0-4457-249-1045-10184-000028665C,"Onyxia",0xa48,0x0,Player-4755-01733879,"Hocwar-Dreadmist",0x50514,0x0,19983,"Cleave",0x1,Player-4755-01733879,0000000000000000,85,100,0,0,0,-1,0,0,0,19.64,-218.94,0,3.0548,70,513,1540,-1,1,0,0,0,nil,nil,nil
4/28 18:48:48.492  SPELL_HEAL,Player-4755-01ED7A64,"Sperzieboon-Dreadmist",0x514,0x0,Player-4755-01733879,"Hocwar-Dreadmist",0x50514,0x0,6063,"Heal",0x2,Player-4755-01733879,0000000000000000,100,100,0,0,0,-1,0,0,0,19.64,-218.94,0,3.0548,70,1179,1179,254,0,nil
4/28 18:48:48.492  SWING_DAMAGE_LANDED,Player-4755-016DF694,"Ashalan-Dreadmist",0x514,0x0,Creature-0-4457-249-1045-10184-000028665C,"Onyxia",0xa48,0x0,Creature-0-4457-249-1045-10184-000028665C,0000000000000000,97,100,0,0,0,-1,0,0,0,3.65,-218.29,0,6.2339,63,298,465,-1,1,0,0,0,nil,nil,nil
4/28 18:48:48.492  SWING_DAMAGE_LANDED,Player-4755-0160BD13,"Mafkees-Dreadmist",0x514,0x0,Creature-0-4457-249-1045-10184-000028665C,"Onyxia",0xa48,0x0,Creature-0-4457-249-1045-10184-000028665C,0000000000000000,97,100,0,0,0,-1,0,0,0,3.65,-218.29,0,6.2339,63,788,532,-1,1,0,0,0,1,nil,nil
4/28 18:48:48.492  SPELL_DAMAGE,Player-4755-0160BD13,"Mafkees-Dreadmist",0x514,0x0,Creature-0-4457-249-1045-10184-000028665C,"Onyxia",0xa48,0x0,21140,"Fatal Wound",0x1,Creature-0-4457-249-1045-10184-000028665C,0000000000000000,97,100,0,0,0,-1,0,0,0,3.65,-218.29,0,6.2339,63,181,244,-1,1,0,0,0,nil,nil,nil
4/28 18:48:48.492  SPELL_DAMAGE,Creature-0-4457-249-1045-10184-000028665C,"Onyxia",0xa48,0x0,Pet-0-4457-249-1045-7456-03003178E8,"Owl",0x1114,0x0,15847,"Tail Sweep",0x1,Pet-0-4457-249-1045-7456-03003178E8,Player-4755-01B60A5F,83,100,0,0,0,-1,0,0,0,-15.13,-206.16,0,5.7099,62,611,797,-1,1,0,0,0,nil,nil,nil
4/28 18:48:48.739  SPELL_AURA_APPLIED,Player-4755-01AC9FD9,"Alexinho-Dreadmist",0x514,0x0,Player-4755-01AC9FD9,"Alexinho-Dreadmist",0x514,0x0,6774,"Slice and Dice",0x1,BUFF
4/28 18:48:48.739  SPELL_CAST_SUCCESS,Player-4755-01AC9FD9,"Alexinho-Dreadmist",0x514,0x0,Creature-0-4457-249-1045-10184-000028665C,"Onyxia",0xa48,0x0,6774,"Slice and Dice",0x1,Player-4755-01AC9FD9,0000000000000000,100,100,0,0,0,-1,0,0,0,7.48,-197.38,0,4.7086,66
4/28 18:48:48.809  SPELL_PERIODIC_DAMAGE,Player-4755-01614AC7,"Mirrimazduur-Dreadmist",0x512,0x0,Creature-0-4457-249-1045-10184-000028665C,"Onyxia",0xa48,0x0,11672,"Corruption",0x20,Creature-0-4457-249-1045-10184-000028665C,0000000000000000,97,100,0,0,0,-1,0,0,0,3.65,-218.29,0,6.2339,63,207,188,-1,32,0,0,0,nil,nil,nil
4/28 18:48:48.891  SPELL_AURA_REMOVED_DOSE,Player-4755-01F21AE6,"Blahu-Dreadmist",0x40514,0x0,Player-4755-01F21AE6,"Blahu-Dreadmist",0x40514,0x0,12970,"Flurry",0x1,BUFF,2
4/28 18:48:48.891  SPELL_AURA_APPLIED_DOSE,Player-4755-01F21AE6,"Blahu-Dreadmist",0x40514,0x0,Player-4755-01F21AE6,"Blahu-Dreadmist",0x40514,0x0,12970,"Flurry",0x1,BUFF,3
4/28 18:48:48.891  SPELL_AURA_REMOVED_DOSE,Player-4755-0160BD13,"Mafkees-Dreadmist",0x514,0x0,Player-4755-0160BD13,"Mafkees-Dreadmist",0x514,0x0,12970,"Flurry",0x1,BUFF,2
4/28 18:48:48.891  SPELL_AURA_APPLIED_DOSE,Player-4755-0160BD13,"Mafkees-Dreadmist",0x514,0x0,Player-4755-0160BD13,"Mafkees-Dreadmist",0x514,0x0,12970,"Flurry",0x1,BUFF,3
4/28 18:48:48.922  SPELL_CAST_SUCCESS,Player-4755-01FA8D0D,"Roackeru-Dreadmist",0x514,0x0,Creature-0-4457-249-1045-10184-000028665C,"Onyxia",0xa48,0x0,5019,"Shoot",0x1,Player-4755-01FA8D0D,0000000000000000,100,100,0,0,0,-1,0,0,0,14.13,-180.96,0,4.5396,65
4/28 18:48:48.922  SPELL_PERIODIC_HEAL,Player-4755-01733879,"Hocwar-Dreadmist",0x50514,0x0,Player-4755-01733879,"Hocwar-Dreadmist",0x50514,0x0,24427,"Diamond Flask",0x8,Player-4755-01733879,0000000000000000,100,100,0,0,0,-1,0,0,0,18.29,-218.83,0,3.0548,70,301,301,301,0,nil
4/28 18:48:48.975  SWING_DAMAGE,Pet-0-4457-249-1045-2850-01001956F9,"Kratos",0x1114,0x0,Creature-0-4457-249-1045-10184-000028665C,"Onyxia",0xa48,0x0,Pet-0-4457-249-1045-2850-01001956F9,Player-4755-0178F576,100,100,0,0,0,-1,0,0,0,-5.55,-197.54,0,5.2598,66,84,163,-1,1,0,0,0,nil,1,nil
4/28 18:48:48.975  SPELL_AURA_REMOVED,Pet-0-4457-249-1045-2850-01001956F9,"Kratos",0x1114,0x0,Pet-0-4457-249-1045-2850-01001956F9,"Kratos",0x1114,0x0,24453,"Prowl",0x1,BUFF
4/28 18:48:49.007  SPELL_CAST_SUCCESS,Player-4755-0178F416,"Eltorero-Dreadmist",0x514,0x0,Creature-0-4457-249-1045-10184-000028665C,"Onyxia",0xa48,0x0,23894,"Bloodthirst",0x1,Player-4755-0178F416,0000000000000000,100,100,0,0,0,-1,0,0,0,4.84,-204.60,0,4.7152,67
4/28 18:48:49.007  SPELL_AURA_APPLIED,Player-4755-0178F416,"Eltorero-Dreadmist",0x514,0x0,Player-4755-0178F416,"Eltorero-Dreadmist",0x514,0x0,10610,"Windfury Totem",0x8,BUFF
4/28 18:48:49.007  SPELL_EXTRA_ATTACKS,Player-4755-0178F416,"Eltorero-Dreadmist",0x514,0x0,Player-4755-0178F416,"Eltorero-Dreadmist",0x514,0x0,10610,"Windfury Totem",0x8,1
4/28 18:48:49.007  SWING_DAMAGE,Player-4755-0178F416,"Eltorero-Dreadmist",0x514,0x0,Creature-0-4457-249-1045-10184-000028665C,"Onyxia",0xa48,0x0,Player-4755-0178F416,0000000000000000,100,100,0,0,0,-1,0,0,0,4.84,-204.60,0,4.7152,67,339,797,-1,1,0,0,0,nil,1,nil
4/28 18:48:49.063  SPELL_CAST_START,Player-4755-01617EEE,"Fenix-Dreadmist",0x512,0x0,0000000000000000,nil,0x80000000,0x80000000,10916,"Flash Heal",0x2
4/28 18:48:49.091  SPELL_CAST_START,Player-4755-01614AC7,"Mirrimazduur-Dreadmist",0x512,0x0,0000000000000000,nil,0x80000000,0x80000000,11661,"Shadow Bolt",0x20
4/28 18:48:49.112  SWING_DAMAGE,Player-4755-01F21AE6,"Blahu-Dreadmist",0x40514,0x0,Creature-0-4457-249-1045-10184-000028665C,"Onyxia",0xa48,0x0,Player-4755-01F21AE6,0000000000000000,100,100,0,0,0,-1,0,0,0,0.20,-199.30,0,5.7880,70,155,311,-1,1,0,0,0,nil,1,nil
4/28 18:48:49.112  SPELL_PERIODIC_ENERGIZE,Player-4755-01BC57A3,"Saintis-Dreadmist",0x511,0x0,Player-4755-01BC57A3,"Saintis-Dreadmist",0x511,0x0,18194,"Mana Regeneration",0x1,Player-4755-01BC57A3,0000000000000000,100,100,0,0,0,-1,0,0,0,6.39,-192.44,0,5.1233,68,8.0000,0.0000,0,7212
4/28 18:48:49.161  SWING_DAMAGE,Player-4755-01637B0A,"Pindle-Dreadmist",0x514,0x0,Creature-0-4457-249-1045-10184-000028665C,"Onyxia",0xa48,0x0,Player-4755-01637B0A,0000000000000000,100,100,0,0,0,-1,0,0,0,4.21,-203.48,0,4.7550,65,76,103,-1,1,0,0,0,nil,1,nil
4/28 18:48:49.193  SPELL_CAST_SUCCESS,Player-4755-01840577,"Raggèn-Dreadmist",0x514,0x0,0000000000000000,nil,0x80000000,0x80000000,10614,"Windfury Totem",0x8,Player-4755-01840577,0000000000000000,100,100,0,0,0,-1,0,0,0,8.71,-207.87,0,4.6967,67
4/28 18:48:49.193  SPELL_SUMMON,Player-4755-01840577,"Raggèn-Dreadmist",0x514,0x0,Creature-0-4457-249-1045-7484-0000286C81,"Windfury Totem III",0xa28,0x0,10614,"Windfury Totem",0x8
4/28 18:48:49.209  SPELL_CAST_SUCCESS,Player-4755-0178F576,"Atreas-Dreadmist",0x514,0x0,Creature-0-4457-249-1045-10184-000028665C,"Onyxia",0xa48,0x0,20904,"Aimed Shot",0x1,Player-4755-0178F576,0000000000000000,100,100,0,0,0,-1,0,0,0,-0.45,-174.43,0,4.8057,66
4/28 18:48:49.278  SWING_MISSED,Player-4755-01637B0A,"Pindle-Dreadmist",0x514,0x0,Creature-0-4457-249-1045-10184-000028665C,"Onyxia",0xa48,0x0,MISS,nil
4/28 18:48:49.278  RANGE_DAMAGE,Player-4755-01614AC7,"Mirrimazduur-Dreadmist",0x512,0x0,Creature-0-4457-249-1045-10184-000028665C,"Onyxia",0xa48,0x0,5019,"Shoot",0x1,Creature-0-4457-249-1045-10184-000028665C,0000000000000000,97,100,0,0,0,-1,0,0,0,3.65,-218.29,0,6.2339,63,107,97,-1,64,0,0,0,nil,nil,nil
4/28 18:48:49.295  SWING_DAMAGE,Pet-0-4457-249-1045-7432-01002D8BC6,"Cat",0x1114,0x0,Creature-0-4457-249-1045-10184-000028665C,"Onyxia",0xa48,0x0,Pet-0-4457-249-1045-7432-01002D8BC6,Player-4755-01E83279,100,100,0,0,0,-1,0,0,0,4.64,-193.27,0,4.6729,70,38,90,-1,1,0,0,0,nil,1,nil
4/28 18:48:49.295  SPELL_CAST_SUCCESS,Pet-0-4457-249-1045-7432-01002D8BC6,"Cat",0x1114,0x0,Creature-0-4457-249-1045-10184-000028665C,"Onyxia",0xa48,0x0,3009,"Claw",0x1,Pet-0-4457-249-1045-7432-01002D8BC6,Player-4755-01E83279,100,100,0,0,0,-1,0,0,0,4.64,-193.27,0,4.6729,70
4/28 18:48:49.295  SPELL_MISSED,Pet-0-4457-249-1045-7432-01002D8BC6,"Cat",0x1114,0x0,Creature-0-4457-249-1045-10184-000028665C,"Onyxia",0xa48,0x0,3009,"Claw",0x1,PARRY,nil
4/28 18:48:49.295  SPELL_CAST_SUCCESS,Pet-0-4457-249-1045-7456-03003178E8,"Owl",0x1114,0x0,Creature-0-4457-249-1045-10184-000028665C,"Onyxia",0xa48,0x0,3009,"Claw",0x1,Pet-0-4457-249-1045-7456-03003178E8,Player-4755-01B60A5F,83,100,0,0,0,-1,0,0,0,-15.13,-206.16,0,5.7099,62
4/28 18:48:49.295  SPELL_MISSED,Pet-0-4457-249-1045-7456-03003178E8,"Owl",0x1114,0x0,Creature-0-4457-249-1045-10184-000028665C,"Onyxia",0xa48,0x0,3009,"Claw",0x1,MISS,nil
4/28 18:48:49.295  SPELL_CAST_SUCCESS,Pet-0-4457-249-1045-2850-01001956F9,"Kratos",0x1114,0x0,Creature-0-4457-249-1045-10184-000028665C,"Onyxia",0xa48,0x0,17261,"Bite",0x1,Pet-0-4457-249-1045-2850-01001956F9,Player-4755-0178F576,100,100,0,0,0,-1,0,0,0,-5.49,-197.63,0,5.1290,66
4/28 18:48:49.295  SPELL_AURA_REFRESH,Player-4755-0160BD13,"Mafkees-Dreadmist",0x514,0x0,Creature-0-4457-249-1045-10184-000028665C,"Onyxia",0xa48,0x0,12721,"Deep Wound",0x1,DEBUFF
4/28 18:48:49.295  SPELL_ENERGIZE,Player-4755-0160BD13,"Mafkees-Dreadmist",0x514,0x0,Player-4755-0160BD13,"Mafkees-Dreadmist",0x514,0x0,12964,"Unbridled Wrath",0x1,Player-4755-0160BD13,0000000000000000,100,100,0,0,0,-1,0,0,0,3.72,-206.16,0,4.7108,64,1.0000,0.0000,1,1000
4/28 18:48:49.295  SWING_DAMAGE_LANDED,Pet-0-4457-249-1045-2850-01001956F9,"Kratos",0x1114,0x0,Creature-0-4457-249-1045-10184-000028665C,"Onyxia",0xa48,0x0,Creature-0-4457-249-1045-10184-000028665C,0000000000000000,97,100,0,0,0,-1,0,0,0,3.65,-218.29,0,6.2339,63,84,163,-1,1,0,0,0,nil,1,nil
4/28 18:48:49.295  SPELL_DAMAGE,Player-4755-0178F416,"Eltorero-Dreadmist",0x514,0x0,Creature-0-4457-249-1045-10184-000028665C,"Onyxia",0xa48,0x0,23894,"Bloodthirst",0x1,Creature-0-4457-249-1045-10184-000028665C,0000000000000000,97,100,0,0,0,-1,0,0,0,3.65,-218.29,0,6.2339,63,951,584,-1,1,0,0,0,1,nil,nil
4/28 18:48:49.295  SPELL_AURA_APPLIED,Player-4755-0178F416,"Eltorero-Dreadmist",0x514,0x0,Player-4755-0178F416,"Eltorero-Dreadmist",0x514,0x0,23888,"Bloodthirst",0x1,BUFF
4/28 18:48:49.295  SWING_DAMAGE_LANDED,Player-4755-0178F416,"Eltorero-Dreadmist",0x514,0x0,Creature-0-4457-249-1045-10184-000028665C,"Onyxia",0xa48,0x0,Creature-0-4457-249-1045-10184-000028665C,0000000000000000,97,100,0,0,0,-1,0,0,0,3.65,-218.29,0,6.2339,63,339,797,-1,1,0,0,0,nil,1,nil
4/28 18:48:49.295  SWING_DAMAGE_LANDED,Player-4755-01F21AE6,"Blahu-Dreadmist",0x40514,0x0,Creature-0-4457-249-1045-10184-000028665C,"Onyxia",0xa48,0x0,Creature-0-4457-249-1045-10184-000028665C,0000000000000000,97,100,0,0,0,-1,0,0,0,3.65,-218.29,0,6.2339,63,155,311,-1,1,0,0,0,nil,1,nil
4/28 18:48:49.295  SWING_DAMAGE_LANDED,Player-4755-01637B0A,"Pindle-Dreadmist",0x514,0x0,Creature-0-4457-249-1045-10184-000028665C,"Onyxia",0xa48,0x0,Creature-0-4457-249-1045-10184-000028665C,0000000000000000,97,100,0,0,0,-1,0,0,0,3.65,-218.29,0,6.2339,63,76,103,-1,1,0,0,0,nil,1,nil
4/28 18:48:49.332  SWING_DAMAGE_LANDED,Pet-0-4457-249-1045-7432-01002D8BC6,"Cat",0x1114,0x0,Creature-0-4457-249-1045-10184-000028665C,"Onyxia",0xa48,0x0,Creature-0-4457-249-1045-10184-000028665C,0000000000000000,97,100,0,0,0,-1,0,0,0,3.65,-218.29,0,6.2339,63,38,90,-1,1,0,0,0,nil,1,nil
4/28 18:48:49.332  SPELL_DAMAGE,Pet-0-4457-249-1045-2850-01001956F9,"Kratos",0x1114,0x0,Creature-0-4457-249-1045-10184-000028665C,"Onyxia",0xa48,0x0,17261,"Bite",0x1,Creature-0-4457-249-1045-10184-000028665C,0000000000000000,97,100,0,0,0,-1,0,0,0,3.65,-218.29,0,6.2339,63,102,136,-1,1,0,0,0,nil,nil,nil
4/28 18:48:49.332  SPELL_CAST_START,Player-4755-0178F576,"Atreas-Dreadmist",0x514,0x0,0000000000000000,nil,0x80000000,0x80000000,14290,"Multi-Shot",0x1
4/28 18:48:49.332  SPELL_CAST_START,Player-4755-020BD78D,"Lonehunter-Dreadmist",0x514,0x0,0000000000000000,nil,0x80000000,0x80000000,75,"Auto Shot",0x1
4/28 18:48:49.332  SPELL_CAST_START,Player-4755-01E83279,"Nlmasters-Dreadmist",0x514,0x8,0000000000000000,nil,0x80000000,0x80000000,75,"Auto Shot",0x1
4/28 18:48:49.372  SPELL_CAST_START,Player-4755-021D6506,"Bloodlady-Dreadmist",0x514,0x0,0000000000000000,nil,0x80000000,0x80000000,5019,"Shoot",0x1
4/28 18:48:49.417  SPELL_DAMAGE,Player-4755-015FEBD5,"Sauvage-Dreadmist",0x514,0x0,Creature-0-4457-249-1045-10184-000028665C,"Onyxia",0xa48,0x0,10181,"Frostbolt",0x10,Creature-0-4457-249-1045-10184-000028665C,0000000000000000,97,100,0,0,0,-1,0,0,0,3.65,-218.29,0,6.2339,63,909,826,-1,16,0,0,0,nil,nil,nil
4/28 18:48:49.417  RANGE_MISSED,Player-4755-01FA8D0D,"Roackeru-Dreadmist",0x514,0x0,Creature-0-4457-249-1045-10184-000028665C,"Onyxia",0xa48,0x0,5019,"Shoot",0x1,RESIST,nil,0
4/28 18:48:49.437  SPELL_DAMAGE,Player-4755-0163DD9D,"Kaspais-Dreadmist",0x514,0x0,Creature-0-4457-249-1045-10184-000028665C,"Onyxia",0xa48,0x0,10181,"Frostbolt",0x10,Creature-0-4457-249-1045-10184-000028665C,0000000000000000,97,100,0,0,0,-1,0,0,0,3.65,-218.29,0,6.2339,63,937,851,-1,16,0,0,0,nil,nil,nil
4/28 18:48:49.502  SWING_MISSED,Player-4755-01F21AE6,"Blahu-Dreadmist",0x40514,0x0,Creature-0-4457-249-1045-10184-000028665C,"Onyxia",0xa48,0x0,DODGE,1
4/28 18:48:49.520  SWING_DAMAGE,Player-4755-01AC9FD9,"Alexinho-Dreadmist",0x514,0x0,Creature-0-4457-249-1045-10184-000028665C,"Onyxia",0xa48,0x0,Player-4755-01AC9FD9,0000000000000000,100,100,0,0,0,-1,0,0,0,7.41,-199.86,0,5.0062,66,611,404,-1,1,0,0,0,1,nil,nil
4/28 18:48:49.537  SPELL_CAST_START,Player-4755-016296D3,"Nivl-Dreadmist",0x514,0x0,0000000000000000,nil,0x80000000,0x80000000,10468,"Lesser Healing Wave",0x8
4/28 18:48:49.580  SWING_DAMAGE,Player-4755-01AC9FD9,"Alexinho-Dreadmist",0x514,0x0,Creature-0-4457-249-1045-10184-000028665C,"Onyxia",0xa48,0x0,Player-4755-01AC9FD9,0000000000000000,100,100,0,0,0,-1,0,0,0,7.54,-200.28,0,5.0062,66,122,184,-1,1,0,0,0,nil,1,nil
4/28 18:48:49.580  SPELL_PERIODIC_ENERGIZE,Creature-0-4457-249-1045-7416-0000286C79,"Mana Spring Totem IV",0x2114,0x0,Player-4755-01FA8DD8,"Roackerita-Dreadmist",0x514,0x0,10494,"Mana Spring",0x8,Player-4755-01FA8DD8,0000000000000000,100,100,0,0,0,-1,0,0,0,-4.33,-181.77,0,5.7972,69,13.0000,0.0000,0,6736
4/28 18:48:49.580  SPELL_PERIODIC_ENERGIZE,Creature-0-4457-249-1045-7416-0000286C79,"Mana Spring Totem IV",0x2114,0x0,Player-4755-01ED7A64,"Sperzieboon-Dreadmist",0x514,0x0,10494,"Mana Spring",0x8,Player-4755-01ED7A64,0000000000000000,100,100,0,0,0,-1,0,0,0,6.11,-192.04,0,5.1826,67,12.0000,0.0000,0,7261
4/28 18:48:49.580  SPELL_PERIODIC_ENERGIZE,Creature-0-4457-249-1045-7416-0000286C79,"Mana Spring Totem IV",0x2114,0x0,Player-4755-015FEBD5,"Sauvage-Dreadmist",0x514,0x0,10494,"Mana Spring",0x8,Player-4755-015FEBD5,0000000000000000,100,100,0,0,0,-1,0,0,0,13.63,-178.84,0,4.6323,64,13.0000,0.0000,0,6158
4/28 18:48:49.580  SPELL_PERIODIC_ENERGIZE,Creature-0-4457-249-1045-7416-0000286C79,"Mana Spring Totem IV",0x2114,0x0,Player-4755-01804B95,"Moymoy-Dreadmist",0x514,0x0,10494,"Mana Spring",0x8,Player-4755-01804B95,0000000000000000,100,100,0,0,0,-1,0,0,0,9.12,-185.56,0,4.5836,66,12.0000,0.0000,0,5366
4/28 18:48:49.613  SPELL_CAST_SUCCESS,Player-4755-016DF694,"Ashalan-Dreadmist",0x514,0x0,0000000000000000,nil,0x80000000,0x80000000,10614,"Windfury Totem",0x8,Player-4755-016DF694,0000000000000000,100,100,0,0,0,-1,0,0,0,4.01,-207.48,0,4.7344,67
4/28 18:48:49.613  SPELL_SUMMON,Player-4755-016DF694,"Ashalan-Dreadmist",0x514,0x0,Creature-0-4457-249-1045-7484-0000A86C81,"Windfury Totem III",0xa28,0x0,10614,"Windfury Totem",0x8
4/28 18:48:49.629  SWING_DAMAGE,Player-4755-01A6B139,"Sakatan-Dreadmist",0x514,0x0,Creature-0-4457-249-1045-10184-000028665C,"Onyxia",0xa48,0x0,Player-4755-01A6B139,0000000000000000,100,100,0,0,0,-1,0,0,0,3.37,-199.20,0,5.1176,69,295,195,-1,1,0,0,0,1,nil,nil
4/28 18:48:49.646  SWING_DAMAGE,Pet-0-4457-249-1045-9622-02002CD5BC,"Bokito",0x1114,0x0,Creature-0-4457-249-1045-10184-000028665C,"Onyxia",0xa48,0x0,Pet-0-4457-249-1045-9622-02002CD5BC,Player-4755-020BD78D,100,100,0,0,0,-1,0,0,0,-4.56,-197.67,0,5.0916,70,90,219,-1,1,0,0,0,nil,1,nil
4/28 18:48:49.693  SPELL_CAST_SUCCESS,Creature-0-4457-249-1045-10184-000028665C,"Onyxia",0xa48,0x0,Player-4755-01733879,"Hocwar-Dreadmist",0x50514,0x0,19633,"Knock Away",0x1,Creature-0-4457-249-1045-10184-000028665C,0000000000000000,97,100,0,0,0,-1,0,0,0,3.65,-218.29,0,6.2339,63
4/28 18:48:49.696  SPELL_AURA_REMOVED_DOSE,Player-4755-0178F416,"Eltorero-Dreadmist",0x514,0x0,Player-4755-0178F416,"Eltorero-Dreadmist",0x514,0x0,23888,"Bloodthirst",0x1,BUFF,4
4/28 18:48:49.696  SPELL_AURA_APPLIED,Player-4755-0178F416,"Eltorero-Dreadmist",0x514,0x0,Player-4755-0178F416,"Eltorero-Dreadmist",0x514,0x0,12970,"Flurry",0x1,BUFF
4/28 18:48:49.696  SPELL_HEAL,Player-4755-0178F416,"Eltorero-Dreadmist",0x514,0x0,Player-4755-0178F416,"Eltorero-Dreadmist",0x514,0x0,23891,"Bloodthirst",0x1,Player-4755-0178F416,0000000000000000,100,100,0,0,0,-1,0,0,0,2.94,-204.17,0,4.7584,67,20,20,20,0,nil
4/28 18:48:49.696  SPELL_AURA_REMOVED_DOSE,Player-4755-0178F416,"Eltorero-Dreadmist",0x514,0x0,Player-4755-0178F416,"Eltorero-Dreadmist",0x514,0x0,12970,"Flurry",0x1,BUFF,2
4/28 18:48:49.696  SPELL_AURA_REMOVED_DOSE,Player-4755-0178F416,"Eltorero-Dreadmist",0x514,0x0,Player-4755-0178F416,"Eltorero-Dreadmist",0x514,0x0,23888,"Bloodthirst",0x1,BUFF,3
4/28 18:48:49.696  SPELL_AURA_REMOVED_DOSE,Player-4755-0178F416,"Eltorero-Dreadmist",0x514,0x0,Player-4755-0178F416,"Eltorero-Dreadmist",0x514,0x0,10610,"Windfury Totem",0x8,BUFF,1
4/28 18:48:49.696  SPELL_HEAL,Player-4755-0178F416,"Eltorero-Dreadmist",0x514,0x0,Player-4755-0178F416,"Eltorero-Dreadmist",0x514,0x0,23891,"Bloodthirst",0x1,Player-4755-0178F416,0000000000000000,100,100,0,0,0,-1,0,0,0,2.94,-204.17,0,4.7584,67,20,20,20,0,nil
4/28 18:48:49.696  SPELL_AURA_REMOVED_DOSE,Player-4755-01F21AE6,"Blahu-Dreadmist",0x40514,0x0,Player-4755-01F21AE6,"Blahu-Dreadmist",0x40514,0x0,12970,"Flurry",0x1,BUFF,2
4/28 18:48:49.696  SWING_DAMAGE_LANDED,Player-4755-01AC9FD9,"Alexinho-Dreadmist",0x514,0x0,Creature-0-4457-249-1045-10184-000028665C,"Onyxia",0xa48,0x0,Creature-0-4457-249-1045-10184-000028665C,0000000000000000,97,100,0,0,0,-1,0,0,0,3.65,-218.29,0,6.2339,63,611,404,-1,1,0,0,0,1,nil,nil
4/28 18:48:49.696  SWING_DAMAGE_LANDED,Player-4755-01AC9FD9,"Alexinho-Dreadmist",0x514,0x0,Creature-0-4457-249-1045-10184-000028665C,"Onyxia",0xa48,0x0,Creature-0-4457-249-1045-10184-000028665C,0000000000000000,97,100,0,0,0,-1,0,0,0,3.65,-218.29,0,6.2339,63,122,184,-1,1,0,0,0,nil,1,nil
4/28 18:48:49.696  SWING_DAMAGE_LANDED,Player-4755-01A6B139,"Sakatan-Dreadmist",0x514,0x0,Creature-0-4457-249-1045-10184-000028665C,"Onyxia",0xa48,0x0,Creature-0-4457-249-1045-10184-000028665C,0000000000000000,97,100,0,0,0,-1,0,0,0,3.65,-218.29,0,6.2339,63,295,195,-1,1,0,0,0,1,nil,nil
4/28 18:48:49.696  SWING_DAMAGE_LANDED,Pet-0-4457-249-1045-9622-02002CD5BC,"Bokito",0x1114,0x0,Creature-0-4457-249-1045-10184-000028665C,"Onyxia",0xa48,0x0,Creature-0-4457-249-1045-10184-000028665C,0000000000000000,97,100,0,0,0,-1,0,0,0,3.65,-218.29,0,6.2339,63,90,219,-1,1,0,0,0,nil,1,nil
4/28 18:48:49.696  SPELL_DAMAGE,Creature-0-4457-249-1045-10184-000028665C,"Onyxia",0xa48,0x0,Player-4755-01733879,"Hocwar-Dreadmist",0x50514,0x0,19633,"Knock Away",0x1,Player-4755-01733879,0000000000000000,86,100,0,0,0,-1,0,0,0,18.29,-218.83,0,3.0548,71,834,1758,-1,1,0,0,0,nil,nil,nil
4/28 18:48:49.742  SWING_MISSED,Creature-0-4457-249-1045-10184-000028665C,"Onyxia",0xa48,0x0,Player-4755-01733879,"Hocwar-Dreadmist",0x50514,0x0,DODGE,nil
4/28 18:48:49.742  SPELL_CAST_SUCCESS,Player-4755-0178F576,"Atreas-Dreadmist",0x514,0x0,Creature-0-4457-249-1045-10184-000028665C,"Onyxia",0xa48,0x0,14290,"Multi-Shot",0x1,Player-4755-0178F576,0000000000000000,100,100,0,0,0,-1,0,0,0,-0.45,-174.43,0,4.8057,66
4/28 18:48:49.760  SPELL_CAST_SUCCESS,Player-4755-020BD78D,"Lonehunter-Dreadmist",0x514,0x0,Creature-0-4457-249-1045-10184-000028665C,"Onyxia",0xa48,0x0,75,"Auto Shot",0x1,Player-4755-020BD78D,0000000000000000,100,100,0,0,0,-1,0,0,0,1.62,-179.46,0,4.8312,70
4/28 18:48:49.779  SPELL_CAST_SUCCESS,Player-4755-01E83279,"Nlmasters-Dreadmist",0x514,0x8,Creature-0-4457-249-1045-10184-000028665C,"Onyxia",0xa48,0x0,75,"Auto Shot",0x1,Player-4755-01E83279,0000000000000000,100,100,0,0,0,-1,0,0,0,9.82,-182.25,0,4.6694,70
4/28 18:48:49.779  SPELL_AURA_APPLIED,Player-4755-01E83279,"Nlmasters-Dreadmist",0x514,0x8,Player-4755-01E83279,"Nlmasters-Dreadmist",0x514,0x8,6150,"Quick Shots",0x1,BUFF
4/28 18:48:49.814  SPELL_CAST_START,Player-4755-01F36B30,"Rectumqeef-Dreadmist",0x514,0x0,0000000000000000,nil,0x80000000,0x80000000,11661,"Shadow Bolt",0x20
4/28 18:48:49.830  SPELL_CAST_START,Player-4755-0178F576,"Atreas-Dreadmist",0x514,0x0,0000000000000000,nil,0x80000000,0x80000000,75,"Auto Shot",0x1
4/28 18:48:49.894  SPELL_CAST_SUCCESS,Player-4755-021D6506,"Bloodlady-Dreadmist",0x514,0x0,Creature-0-4457-249-1045-10184-000028665C,"Onyxia",0xa48,0x0,5019,"Shoot",0x1,Player-4755-021D6506,0000000000000000,100,100,0,0,0,-1,0,0,0,1.01,-179.35,0,4.8185,69
4/28 18:48:49.911  SPELL_CAST_START,Player-4755-01FA8D0D,"Roackeru-Dreadmist",0x514,0x0,0000000000000000,nil,0x80000000,0x80000000,5019,"Shoot",0x1
4/28 18:48:49.911  SWING_DAMAGE,Player-4755-0220BD00,"Krikoff-Dreadmist",0x40514,0x0,Creature-0-4457-249-1045-10184-000028665C,"Onyxia",0xa48,0x0,Player-4755-0220BD00,0000000000000000,100,100,0,0,0,-1,0,0,0,8.46,-203.26,0,4.7242,68,452,305,-1,1,0,0,0,1,nil,nil
4/28 18:48:49.993  SWING_DAMAGE,Pet-0-4457-249-1045-2850-01001956F9,"Kratos",0x1114,0x0,Creature-0-4457-249-1045-10184-000028665C,"Onyxia",0xa48,0x0,Pet-0-4457-249-1045-2850-01001956F9,Player-4755-0178F576,100,100,0,0,0,-1,0,0,0,-5.49,-197.63,0,5.1290,66,48,113,-1,1,0,0,0,nil,1,nil
4/28 18:48:49.993  SPELL_CAST_START,Player-4755-01802FE5,"Angrybat-Dreadmist",0x514,0x0,0000000000000000,nil,0x80000000,0x80000000,10181,"Frostbolt",0x10
4/28 18:48:50.107  SPELL_AURA_APPLIED,Player-4755-0178F416,"Eltorero-Dreadmist",0x514,0x0,Creature-0-4457-249-1045-10184-000028665C,"Onyxia",0xa48,0x0,12721,"Deep Wound",0x1,DEBUFF
4/28 18:48:50.107  SPELL_AURA_REMOVED_DOSE,Player-4755-01F21AE6,"Blahu-Dreadmist",0x40514,0x0,Player-4755-01F21AE6,"Blahu-Dreadmist",0x40514,0x0,12970,"Flurry",0x1,BUFF,1
4/28 18:48:50.107  SWING_DAMAGE_LANDED,Player-4755-0220BD00,"Krikoff-Dreadmist",0x40514,0x0,Creature-0-4457-249-1045-10184-000028665C,"Onyxia",0xa48,0x0,Creature-0-4457-249-1045-10184-000028665C,0000000000000000,97,100,0,0,0,-1,0,0,0,3.65,-218.29,0,6.2339,63,452,305,-1,1,0,0,0,1,nil,nil
4/28 18:48:50.107  SWING_DAMAGE_LANDED,Pet-0-4457-249-1045-2850-01001956F9,"Kratos",0x1114,0x0,Creature-0-4457-249-1045-10184-000028665C,"Onyxia",0xa48,0x0,Creature-0-4457-249-1045-10184-000028665C,0000000000000000,97,100,0,0,0,-1,0,0,0,3.65,-218.29,0,6.2339,63,48,113,-1,1,0,0,0,nil,1,nil
4/28 18:48:50.107  SPELL_AURA_APPLIED,Player-4755-01A6B139,"Sakatan-Dreadmist",0x514,0x0,Player-4755-01A6B139,"Sakatan-Dreadmist",0x514,0x0,6774,"Slice and Dice",0x1,BUFF
4/28 18:48:50.107  SPELL_CAST_SUCCESS,Player-4755-01A6B139,"Sakatan-Dreadmist",0x514,0x0,Creature-0-4457-249-1045-10184-000028665C,"Onyxia",0xa48,0x0,6774,"Slice and Dice",0x1,Player-4755-01A6B139,0000000000000000,100,100,0,0,0,-1,0,0,0,3.37,-199.20,0,5.1176,69
4/28 18:48:50.133  SWING_DAMAGE,Player-4755-01A6B139,"Sakatan-Dreadmist",0x514,0x0,Creature-0-4457-249-1045-10184-000028665C,"Onyxia",0xa48,0x0,Player-4755-01A6B139,0000000000000000,100,100,0,0,0,-1,0,0,0,3.37,-199.20,0,5.1176,69,98,141,-1,1,0,0,0,nil,1,nil
4/28 18:48:50.133  SPELL_PERIODIC_HEAL,Player-4755-01FA8DD8,"Roackerita-Dreadmist",0x514,0x0,Player-4755-01F21AE6,"Blahu-Dreadmist",0x40514,0x0,6078,"Renew",0x2,Player-4755-01F21AE6,0000000000000000,100,100,0,0,0,-1,0,0,0,2.88,-192.73,0,0.7825,70,236,236,236,0,nil
4/28 18:48:50.133  SPELL_AURA_REMOVED,Player-4755-01FA8DD8,"Roackerita-Dreadmist",0x514,0x0,Player-4755-01F21AE6,"Blahu-Dreadmist",0x40514,0x0,6078,"Renew",0x2,BUFF
4/28 18:48:50.192  SPELL_PERIODIC_HEAL,Player-4755-02045EF4,"Necrosini-Dreadmist",0x512,0x0,Player-4755-0178F416,"Eltorero-Dreadmist",0x514,0x0,10929,"Renew",0x2,Player-4755-0178F416,0000000000000000,100,100,0,0,0,-1,0,0,0,4.73,-202.82,0,4.7741,67,254,254,254,0,nil
4/28 18:48:50.224  SPELL_CAST_START,Player-4755-01BC57A3,"Saintis-Dreadmist",0x511,0x0,0000000000000000,nil,0x80000000,0x80000000,2061,"Flash Heal",0x2
4/28 18:48:50.224  SWING_DAMAGE,Player-4755-01840577,"Raggèn-Dreadmist",0x514,0x0,Creature-0-4457-249-1045-10184-000028665C,"Onyxia",0xa48,0x0,Player-4755-01840577,0000000000000000,100,100,0,0,0,-1,0,0,0,7.37,-207.43,0,4.8067,67,370,500,-1,1,0,0,0,nil,nil,nil
4/28 18:48:50.241  SWING_DAMAGE,Player-4755-01637B0A,"Pindle-Dreadmist",0x514,0x0,Creature-0-4457-249-1045-10184-000028665C,"Onyxia",0xa48,0x0,Player-4755-01637B0A,0000000000000000,100,100,0,0,0,-1,0,0,0,4.21,-203.48,0,4.8139,65,83,118,-1,1,0,0,0,nil,1,nil
4/28 18:48:50.257  SPELL_CAST_SUCCESS,Player-4755-0178F576,"Atreas-Dreadmist",0x514,0x0,Creature-0-4457-249-1045-10184-000028665C,"Onyxia",0xa48,0x0,75,"Auto Shot",0x1,Player-4755-0178F576,0000000000000000,100,100,0,0,0,-1,0,0,0,-0.45,-174.43,0,4.8057,66
4/28 18:48:50.327  SPELL_DAMAGE,Player-4755-0178F576,"Atreas-Dreadmist",0x514,0x0,Creature-0-4457-249-1045-10184-000028665C,"Onyxia",0xa48,0x0,20904,"Aimed Shot",0x1,Creature-0-4457-249-1045-10184-000028665C,0000000000000000,97,100,0,0,0,-1,0,0,0,3.65,-218.29,0,6.2339,63,851,1150,-1,1,0,0,0,nil,nil,nil
4/28 18:48:50.344  SWING_MISSED,Pet-0-4457-249-1045-7456-03003178E8,"Owl",0x1114,0x0,Creature-0-4457-249-1045-10184-000028665C,"Onyxia",0xa48,0x0,MISS,nil
4/28 18:48:50.396  SPELL_CAST_SUCCESS,Player-4755-0160BD13,"Mafkees-Dreadmist",0x514,0x0,Creature-0-4457-249-1045-10184-000028665C,"Onyxia",0xa48,0x0,11597,"Sunder Armor",0x1,Player-4755-0160BD13,0000000000000000,100,100,0,0,0,-1,0,0,0,4.67,-207.22,0,4.6323,64
4/28 18:48:50.412  SPELL_CAST_SUCCESS,Player-4755-01FA8D0D,"Roackeru-Dreadmist",0x514,0x0,Creature-0-4457-249-1045-10184-000028665C,"Onyxia",0xa48,0x0,5019,"Shoot",0x1,Player-4755-01FA8D0D,0000000000000000,100,100,0,0,0,-1,0,0,0,14.13,-180.96,0,4.5396,65
4/28 18:48:50.413  SPELL_CAST_START,Player-4755-0163DD9D,"Kaspais-Dreadmist",0x514,0x0,0000000000000000,nil,0x80000000,0x80000000,10181,"Frostbolt",0x10
4/28 18:48:50.448  SWING_DAMAGE,Pet-0-4457-249-1045-7432-01002D8BC6,"Cat",0x1114,0x0,Creature-0-4457-249-1045-10184-000028665C,"Onyxia",0xa48,0x0,Pet-0-4457-249-1045-7432-01002D8BC6,Player-4755-01E83279,100,100,0,0,0,-1,0,0,0,4.64,-193.27,0,4.6729,70,29,101,-1,1,0,46,0,nil,nil,nil
4/28 18:48:50.466  SPELL_CAST_SUCCESS,Player-4755-01617EEE,"Fenix-Dreadmist",0x512,0x0,Player-4755-01733879,"Hocwar-Dreadmist",0x50514,0x0,10916,"Flash Heal",0x2,Player-4755-01617EEE,0000000000000000,100,100,0,0,0,-1,0,0,0,17.53,-182.14,0,4.9800,66
4/28 18:48:50.503  SPELL_AURA_APPLIED,Player-4755-0220BD00,"Krikoff-Dreadmist",0x40514,0x0,Player-4755-0220BD00,"Krikoff-Dreadmist",0x40514,0x0,12970,"Flurry",0x1,BUFF
4/28 18:48:50.503  SPELL_ENERGIZE,Player-4755-01A6B139,"Sakatan-Dreadmist",0x514,0x0,Player-4755-01A6B139,"Sakatan-Dreadmist",0x514,0x0,14181,"Relentless Strikes Effect",0x1,Player-4755-01A6B139,0000000000000000,100,100,0,0,0,-1,0,0,0,3.37,-199.20,0,5.1176,69,25.0000,0.0000,3,100
4/28 18:48:50.503  SWING_DAMAGE_LANDED,Player-4755-01A6B139,"Sakatan-Dreadmist",0x514,0x0,Creature-0-4457-249-1045-10184-000028665C,"Onyxia",0xa48,0x0,Creature-0-4457-249-1045-10184-000028665C,0000000000000000,97,100,0,0,0,-1,0,0,0,3.65,-218.29,0,6.2339,63,98,141,-1,1,0,0,0,nil,1,nil
4/28 18:48:50.503  SWING_DAMAGE_LANDED,Player-4755-01840577,"Raggèn-Dreadmist",0x514,0x0,Creature-0-4457-249-1045-10184-000028665C,"Onyxia",0xa48,0x0,Creature-0-4457-249-1045-10184-000028665C,0000000000000000,97,100,0,0,0,-1,0,0,0,3.65,-218.29,0,6.2339,63,370,500,-1,1,0,0,0,nil,nil,nil
4/28 18:48:50.503  SWING_DAMAGE_LANDED,Player-4755-01637B0A,"Pindle-Dreadmist",0x514,0x0,Creature-0-4457-249-1045-10184-000028665C,"Onyxia",0xa48,0x0,Creature-0-4457-249-1045-10184-000028665C,0000000000000000,97,100,0,0,0,-1,0,0,0,3.65,-218.29,0,6.2339,63,83,118,-1,1,0,0,0,nil,1,nil
4/28 18:48:50.503  SPELL_AURA_APPLIED_DOSE,Player-4755-01733879,"Hocwar-Dreadmist",0x50514,0x0,Creature-0-4457-249-1045-10184-000028665C,"Onyxia",0xa48,0x0,11597,"Sunder Armor",0x1,DEBUFF,5
4/28 18:48:50.503  SWING_DAMAGE_LANDED,Pet-0-4457-249-1045-7432-01002D8BC6,"Cat",0x1114,0x0,Creature-0-4457-249-1045-10184-000028665C,"Onyxia",0xa48,0x0,Creature-0-4457-249-1045-10184-000028665C,0000000000000000,97,100,0,0,0,-1,0,0,0,3.65,-218.29,0,6.2339,63,29,101,-1,1,0,0,0,nil,nil,nil
4/28 18:48:50.503  SPELL_HEAL,Player-4755-01617EEE,"Fenix-Dreadmist",0x512,0x0,Player-4755-01733879,"Hocwar-Dreadmist",0x50514,0x0,10916,"Flash Heal",0x2,Player-4755-01733879,0000000000000000,100,100,0,0,0,-1,0,0,0,34.30,-219.41,0,3.0548,71,1138,1138,284,0,nil
4/28 18:48:50.503  SPELL_AURA_REMOVED,Player-4755-0178F416,"Eltorero-Dreadmist",0x514,0x0,Player-4755-0178F416,"Eltorero-Dreadmist",0x514,0x0,10610,"Windfury Totem",0x8,BUFF
4/28 18:48:50.503  SPELL_CAST_START,Player-4755-01804B95,"Moymoy-Dreadmist",0x514,0x0,0000000000000000,nil,0x80000000,0x80000000,939,"Healing Wave",0x8
4/28 18:48:50.528  SPELL_AURA_REMOVED,Pet-0-4457-249-1045-7456-03003178E8,"Owl",0x1114,0x0,Pet-0-4457-249-1045-7456-03003178E8,"Owl",0x1114,0x0,23148,"Dive",0x1,BUFF
4/28 18:48:50.650  SPELL_CAST_START,Player-4755-01ED7A64,"Sperzieboon-Dreadmist",0x514,0x0,0000000000000000,nil,0x80000000,0x80000000,6063,"Heal",0x2
4/28 18:48:50.670  SWING_DAMAGE,Player-4755-01637B0A,"Pindle-Dreadmist",0x514,0x0,Creature-0-4457-249-1045-10184-000028665C,"Onyxia",0xa48,0x0,Player-4755-01637B0A,0000000000000000,100,100,0,0,0,-1,0,0,0,4.38,-205.05,0,4.8179,65,301,187,-1,1,0,0,0,1,nil,nil
4/28 18:48:50.694  RANGE_DAMAGE,Player-4755-01E83279,"Nlmasters-Dreadmist",0x514,0x8,Creature-0-4457-249-1045-10184-000028665C,"Onyxia",0xa48,0x0,75,"Auto Shot",0x1,Creature-0-4457-249-1045-10184-000028665C,0000000000000000,97,100,0,0,0,-1,0,0,0,3.65,-218.29,0,6.2339,63,309,417,-1,1,0,0,0,nil,nil,nil
4/28 18:48:50.715  SPELL_AURA_APPLIED,Player-4755-01733879,"Hocwar-Dreadmist",0x50514,0x0,Player-4755-01733879,"Hocwar-Dreadmist",0x50514,0x0,26635,"Berserking",0x1,BUFF
4/28 18:48:50.715  SPELL_CAST_SUCCESS,Player-4755-01733879,"Hocwar-Dreadmist",0x50514,0x0,0000000000000000,nil,0x80000000,0x80000000,26296,"Berserking",0x1,Player-4755-01733879,0000000000000000,100,100,0,0,0,-1,0,0,0,38.18,-219.58,0,3.0548,71
4/28 18:48:50.737  RANGE_DAMAGE,Player-4755-020BD78D,"Lonehunter-Dreadmist",0x514,0x0,Creature-0-4457-249-1045-10184-000028665C,"Onyxia",0xa48,0x0,75,"Auto Shot",0x1,Creature-0-4457-249-1045-10184-000028665C,0000000000000000,97,100,0,0,0,-1,0,0,0,3.65,-218.29,0,6.2339,63,356,480,-1,1,0,0,0,nil,nil,nil
4/28 18:48:50.817  SPELL_CAST_SUCCESS,Player-4755-01840577,"Raggèn-Dreadmist",0x514,0x0,0000000000000000,nil,0x80000000,0x80000000,10538,"Fire Resistance Totem",0x10,Player-4755-01840577,0000000000000000,100,100,0,0,0,-1,0,0,0,9.05,-207.27,0,4.8067,67
4/28 18:48:50.817  SPELL_SUMMON,Player-4755-01840577,"Raggèn-Dreadmist",0x514,0x0,Creature-0-4457-249-1045-7425-0000286C82,"Fire Resistance Totem III",0xa28,0x0,10538,"Fire Resistance Totem",0x10
4/28 18:48:50.848  SPELL_PERIODIC_DAMAGE,Player-4755-01F36B30,"Rectumqeef-Dreadmist",0x514,0x0,Creature-0-4457-249-1045-10184-000028665C,"Onyxia",0xa48,0x0,11672,"Corruption",0x20,Creature-0-4457-249-1045-10184-000028665C,0000000000000000,97,100,0,0,0,-1,0,0,0,3.65,-218.29,0,6.2339,63,224,203,-1,32,0,0,0,nil,nil,nil
4/28 18:48:50.848  RANGE_DAMAGE,Player-4755-01FA8D0D,"Roackeru-Dreadmist",0x514,0x0,Creature-0-4457-249-1045-10184-000028665C,"Onyxia",0xa48,0x0,5019,"Shoot",0x1,Creature-0-4457-249-1045-10184-000028665C,0000000000000000,97,100,0,0,0,-1,0,0,0,3.65,-218.29,0,6.2339,63,165,150,-1,32,0,0,0,nil,nil,nil
4/28 18:48:50.896  SPELL_CAST_SUCCESS,Creature-0-4457-249-1045-10184-000028665C,"Onyxia",0xa48,0x0,Player-4755-01733879,"Hocwar-Dreadmist",0x50514,0x0,20311,"Summon Player",0x1,Creature-0-4457-249-1045-10184-000028665C,0000000000000000,97,100,0,0,0,-1,0,0,0,3.65,-218.29,0,6.2339,63
4/28 18:48:50.925  SWING_DAMAGE_LANDED,Player-4755-01637B0A,"Pindle-Dreadmist",0x514,0x0,Creature-0-4457-249-1045-10184-000028665C,"Onyxia",0xa48,0x0,Creature-0-4457-249-1045-10184-000028665C,0000000000000000,97,100,0,0,0,-1,0,0,0,3.65,-218.29,0,6.2339,63,301,187,-1,1,0,0,0,1,nil,nil
4/28 18:48:50.925  SPELL_CAST_SUCCESS,Player-4755-015FEBD5,"Sauvage-Dreadmist",0x514,0x0,Creature-0-4457-249-1045-10184-000028665C,"Onyxia",0xa48,0x0,10181,"Frostbolt",0x10,Player-4755-015FEBD5,0000000000000000,100,100,0,0,0,-1,0,0,0,13.63,-178.84,0,4.6401,64
4/28 18:48:50.962  SWING_MISSED,Player-4755-01AC9FD9,"Alexinho-Dreadmist",0x514,0x0,Creature-0-4457-249-1045-10184-000028665C,"Onyxia",0xa48,0x0,EVADE,1
4/28 18:48:50.993  SPELL_CAST_SUCCESS,Player-4755-01AC9FD9,"Alexinho-Dreadmist",0x514,0x0,0000000000000000,nil,0x80000000,0x80000000,20572,"Blood Fury",0x1,Player-4755-01AC9FD9,0000000000000000,100,100,0,0,0,-1,0,0,0,7.45,-201.94,0,4.4360,66
4/28 18:48:51.025  SWING_MISSED,Player-4755-01733879,"Hocwar-Dreadmist",0x50514,0x0,Creature-0-4457-249-1045-10184-000028665C,"Onyxia",0xa48,0x0,EVADE,nil
4/28 18:48:51.041  SPELL_CAST_SUCCESS,Player-4755-016296D3,"Nivl-Dreadmist",0x514,0x0,Player-4755-01733879,"Hocwar-Dreadmist",0x50514,0x0,10468,"Lesser Healing Wave",0x8,Player-4755-016296D3,0000000000000000,100,100,0,0,0,-1,0,0,0,11.38,-202.19,0,4.8029,69
4/28 18:48:51.041  SWING_MISSED,Player-4755-0160BD13,"Mafkees-Dreadmist",0x514,0x0,Creature-0-4457-249-1045-10184-000028665C,"Onyxia",0xa48,0x0,EVADE,nil
4/28 18:48:51.125  SPELL_CAST_SUCCESS,Player-4755-016DF694,"Ashalan-Dreadmist",0x514,0x0,0000000000000000,nil,0x80000000,0x80000000,10442,"Strength of Earth Totem",0x8,Player-4755-016DF694,0000000000000000,100,100,0,0,0,-1,0,0,0,4.01,-207.48,0,4.7344,67
4/28 18:48:51.125  SPELL_SUMMON,Player-4755-016DF694,"Ashalan-Dreadmist",0x514,0x0,Creature-0-4457-249-1045-7403-0000286C83,"Strength of Earth Totem IV",0xa28,0x0,10442,"Strength of Earth Totem",0x8
4/28 18:48:51.125  SPELL_CAST_START,Player-4755-02045EF4,"Necrosini-Dreadmist",0x512,0x0,0000000000000000,nil,0x80000000,0x80000000,2054,"Heal",0x2
4/28 18:48:51.164  SPELL_CAST_START,Player-4755-0210153A,"Hapuseneb-Dreadmist",0x514,0x0,0000000000000000,nil,0x80000000,0x80000000,6064,"Heal",0x2
4/28 18:48:51.180  SWING_MISSED,Player-4755-01A6B139,"Sakatan-Dreadmist",0x514,0x0,Creature-0-4457-249-1045-10184-000028665C,"Onyxia",0xa48,0x0,MISS,nil
4/28 18:48:51.211  SPELL_DAMAGE,Player-4755-0178F576,"Atreas-Dreadmist",0x514,0x0,Creature-0-4457-249-1045-10184-000028665C,"Onyxia",0xa48,0x0,14290,"Multi-Shot",0x1,Creature-0-4457-249-1045-10184-000028665C,0000000000000000,97,100,0,0,0,-1,0,0,0,3.65,-218.29,0,6.2339,63,587,793,-1,1,0,0,0,nil,nil,nil
4/28 18:48:51.277  SWING_MISSED,Player-4755-0220BD00,"Krikoff-Dreadmist",0x40514,0x0,Creature-0-4457-249-1045-10184-000028665C,"Onyxia",0xa48,0x0,EVADE,1
4/28 18:48:51.294  SPELL_CAST_SUCCESS,Player-4755-01A6B139,"Sakatan-Dreadmist",0x514,0x0,Creature-0-4457-249-1045-10184-000028665C,"Onyxia",0xa48,0x0,11281,"Backstab",0x1,Player-4755-01A6B139,0000000000000000,100,100,0,0,0,-1,0,0,0,3.37,-199.20,0,5.1176,69
4/28 18:48:51.294  SPELL_MISSED,Player-4755-01A6B139,"Sakatan-Dreadmist",0x514,0x0,Creature-0-4457-249-1045-10184-000028665C,"Onyxia",0xa48,0x0,11281,"Backstab",0x1,EVADE,nil
4/28 18:48:51.315  SPELL_HEAL,Player-4755-016296D3,"Nivl-Dreadmist",0x514,0x0,Player-4755-01733879,"Hocwar-Dreadmist",0x50514,0x0,10468,"Lesser Healing Wave",0x8,Player-4755-01733879,0000000000000000,100,100,0,0,0,-1,0,0,0,20.55,-218.91,0,3.0647,71,1080,1080,1080,0,nil
4/28 18:48:51.337  SWING_DAMAGE,Player-4755-01637B0A,"Pindle-Dreadmist",0x514,0x0,Creature-0-4457-249-1045-10184-000028665C,"Onyxia",0xa48,0x0,Player-4755-01637B0A,0000000000000000,100,100,0,0,0,-1,0,0,0,4.19,-205.07,0,4.8355,65,152,94,-1,1,0,0,0,1,nil,nil
4/28 18:48:51.374  RANGE_DAMAGE,Player-4755-0178F576,"Atreas-Dreadmist",0x514,0x0,Creature-0-4457-249-1045-10184-000028665C,"Onyxia",0xa48,0x0,75,"Auto Shot",0x1,Creature-0-4457-249-1045-10184-000028665C,0000000000000000,96,100,0,0,0,-1,0,0,0,3.65,-218.29,0,6.2339,63,401,542,-1,1,0,0,0,nil,nil,nil
4/28 18:48:51.421  SPELL_CAST_START,Player-4755-01FA8D0D,"Roackeru-Dreadmist",0x514,0x0,0000000000000000,nil,0x80000000,0x80000000,5019,"Shoot",0x1
4/28 18:48:51.469  SWING_DAMAGE,Player-4755-01A6B139,"Sakatan-Dreadmist",0x514,0x0,Creature-0-4457-249-1045-10184-000028665C,"Onyxia",0xa48,0x0,Player-4755-01A6B139,0000000000000000,100,100,0,0,0,-1,0,0,0,3.37,-199.20,0,5.1176,69,113,155,-1,1,0,0,0,nil,1,nil
4/28 18:48:51.485  SPELL_CAST_START,Player-4755-021D6506,"Bloodlady-Dreadmist",0x514,0x0,0000000000000000,nil,0x80000000,0x80000000,10181,"Frostbolt",0x10
4/28 18:48:51.533  SWING_DAMAGE,Player-4755-01AC9FD9,"Alexinho-Dreadmist",0x514,0x0,Creature-0-4457-249-1045-10184-000028665C,"Onyxia",0xa48,0x0,Player-4755-01AC9FD9,0000000000000000,100,100,0,0,0,-1,0,0,0,7.45,-201.94,0,4.4360,66,680,422,-1,1,0,0,0,1,nil,nil
4/28 18:48:51.533  SPELL_CAST_SUCCESS,Player-4755-01733879,"Hocwar-Dreadmist",0x50514,0x0,Creature-0-4457-249-1045-10184-000028665C,"Onyxia",0xa48,0x0,11601,"Revenge",0x1,Player-4755-01733879,0000000000000000,100,100,0,0,0,-1,0,0,0,18.88,-218.77,0,3.0608,71
4/28 18:48:51.533  SPELL_MISSED,Player-4755-01733879,"Hocwar-Dreadmist",0x50514,0x0,Creature-0-4457-249-1045-10184-000028665C,"Onyxia",0xa48,0x0,23267,"Firebolt",0x4,IMMUNE,nil
4/28 18:48:51.587  SPELL_CAST_SUCCESS,Player-4755-01614AC7,"Mirrimazduur-Dreadmist",0x512,0x0,Creature-0-4457-249-1045-10184-000028665C,"Onyxia",0xa48,0x0,11661,"Shadow Bolt",0x20,Player-4755-01614AC7,0000000000000000,100,100,0,0,0,-1,0,0,0,-2.22,-178.67,0,4.7700,68
4/28 18:48:51.587  SPELL_PERIODIC_ENERGIZE,Creature-0-4457-249-1045-7416-0000286C79,"Mana Spring Totem IV",0x2114,0x0,Player-4755-01ED7A64,"Sperzieboon-Dreadmist",0x514,0x0,10494,"Mana Spring",0x8,Player-4755-01ED7A64,0000000000000000,100,100,0,0,0,-1,0,0,0,13.03,-191.02,0,4.9941,67,13.0000,0.0000,0,7261
4/28 18:48:51.587  SPELL_PERIODIC_ENERGIZE,Creature-0-4457-249-1045-7416-0000286C79,"Mana Spring Totem IV",0x2114,0x0,Player-4755-01804B95,"Moymoy-Dreadmist",0x514,0x0,10494,"Mana Spring",0x8,Player-4755-01804B95,0000000000000000,100,100,0,0,0,-1,0,0,0,9.12,-185.56,0,4.5836,66,13.0000,0.0000,0,5366
4/28 18:48:51.587  SPELL_PERIODIC_ENERGIZE,Creature-0-4457-249-1045-7416-0000286C79,"Mana Spring Totem IV",0x2114,0x0,Player-4755-015FEBD5,"Sauvage-Dreadmist",0x514,0x0,10494,"Mana Spring",0x8,Player-4755-015FEBD5,0000000000000000,100,100,0,0,0,-1,0,0,0,13.63,-178.84,0,4.6401,64,13.0000,0.0000,0,6158
4/28 18:48:51.587  SPELL_PERIODIC_ENERGIZE,Creature-0-4457-249-1045-7416-0000286C79,"Mana Spring Totem IV",0x2114,0x0,Player-4755-01FA8DD8,"Roackerita-Dreadmist",0x514,0x0,10494,"Mana Spring",0x8,Player-4755-01FA8DD8,0000000000000000,100,100,0,0,0,-1,0,0,0,-4.33,-181.77,0,5.7972,69,12.0000,0.0000,0,6736
4/28 18:48:51.604  SPELL_CAST_SUCCESS,Player-4755-01FA8DD8,"Roackerita-Dreadmist",0x514,0x0,Player-4755-01F21AE6,"Blahu-Dreadmist",0x40514,0x0,6078,"Renew",0x2,Player-4755-01FA8DD8,0000000000000000,100,100,0,0,0,-1,0,0,0,-4.33,-181.77,0,5.7972,69
4/28 18:48:51.622  SPELL_CAST_SUCCESS,Player-4755-01BC57A3,"Saintis-Dreadmist",0x511,0x0,Pet-0-4457-249-1045-7456-03003178E8,"Owl",0x1114,0x0,2061,"Flash Heal",0x2,Player-4755-01BC57A3,0000000000000000,100,100,0,0,0,-1,0,0,0,6.39,-192.44,0,5.0919,68
4/28 18:48:51.639  SWING_DAMAGE,Pet-0-4457-249-1045-9622-02002CD5BC,"Bokito",0x1114,0x0,Creature-0-4457-249-1045-10184-000028665C,"Onyxia",0xa48,0x0,Pet-0-4457-249-1045-9622-02002CD5BC,Player-4755-020BD78D,100,100,0,0,0,-1,0,0,0,-4.56,-197.67,0,5.0916,70,170,215,-1,1,0,0,0,nil,nil,nil
4/28 18:48:51.699  SWING_DAMAGE,Player-4755-016DF694,"Ashalan-Dreadmist",0x514,0x0,Creature-0-4457-249-1045-10184-000028665C,"Onyxia",0xa48,0x0,Player-4755-016DF694,0000000000000000,100,100,0,0,0,-1,0,0,0,4.01,-207.48,0,4.7344,67,383,543,-1,1,0,46,0,nil,nil,nil
4/28 18:48:51.733  SPELL_AURA_REMOVED_DOSE,Player-4755-0160BD13,"Mafkees-Dreadmist",0x514,0x0,Player-4755-0160BD13,"Mafkees-Dreadmist",0x514,0x0,12970,"Flurry",0x1,BUFF,2
4/28 18:48:51.733  SPELL_AURA_REMOVED_DOSE,Player-4755-0220BD00,"Krikoff-Dreadmist",0x40514,0x0,Player-4755-0220BD00,"Krikoff-Dreadmist",0x40514,0x0,12970,"Flurry",0x1,BUFF,2
4/28 18:48:51.733  SWING_DAMAGE_LANDED,Player-4755-01637B0A,"Pindle-Dreadmist",0x514,0x0,Creature-0-4457-249-1045-10184-000028665C,"Onyxia",0xa48,0x0,Creature-0-4457-249-1045-10184-000028665C,0000000000000000,96,100,0,0,0,-1,0,0,0,3.65,-218.29,0,6.2339,63,152,94,-1,1,0,0,0,1,nil,nil
4/28 18:48:51.733  SWING_DAMAGE_LANDED,Player-4755-01A6B139,"Sakatan-Dreadmist",0x514,0x0,Creature-0-4457-249-1045-10184-000028665C,"Onyxia",0xa48,0x0,Creature-0-4457-249-1045-10184-000028665C,0000000000000000,96,100,0,0,0,-1,0,0,0,3.65,-218.29,0,6.2339,63,113,155,-1,1,0,0,0,nil,1,nil
4/28 18:48:51.733  SWING_DAMAGE_LANDED,Player-4755-01AC9FD9,"Alexinho-Dreadmist",0x514,0x0,Creature-0-4457-249-1045-10184-000028665C,"Onyxia",0xa48,0x0,Creature-0-4457-249-1045-10184-000028665C,0000000000000000,96,100,0,0,0,-1,0,0,0,3.65,-218.29,0,6.2339,63,680,422,-1,1,0,0,0,1,nil,nil
4/28 18:48:51.733  SPELL_DAMAGE,Player-4755-01733879,"Hocwar-Dreadmist",0x50514,0x0,Creature-0-4457-249-1045-10184-000028665C,"Onyxia",0xa48,0x0,11601,"Revenge",0x1,Creature-0-4457-249-1045-10184-000028665C,0000000000000000,96,100,0,0,0,-1,0,0,0,3.65,-218.29,0,6.2339,63,55,70,-1,1,0,0,0,nil,nil,nil
4/28 18:48:51.733  SPELL_AURA_APPLIED,Player-4755-01FA8DD8,"Roackerita-Dreadmist",0x514,0x0,Player-4755-01F21AE6,"Blahu-Dreadmist",0x40514,0x0,6078,"Renew",0x2,BUFF
4/28 18:48:51.733  SPELL_HEAL,Player-4755-01BC57A3,"Saintis-Dreadmist",0x511,0x0,Pet-0-4457-249-1045-7456-03003178E8,"Owl",0x1114,0x0,2061,"Flash Heal",0x2,Pet-0-4457-249-1045-7456-03003178E8,Player-4755-01B60A5F,100,100,0,0,0,-1,0,0,0,-8.21,-201.56,0,0.6442,62,822,822,211,0,1
4/28 18:48:51.733  SWING_DAMAGE_LANDED,Pet-0-4457-249-1045-9622-02002CD5BC,"Bokito",0x1114,0x0,Creature-0-4457-249-1045-10184-000028665C,"Onyxia",0xa48,0x0,Creature-0-4457-249-1045-10184-000028665C,0000000000000000,96,100,0,0,0,-1,0,0,0,3.65,-218.29,0,6.2339,63,170,215,-1,1,0,0,0,nil,nil,nil
4/28 18:48:51.733  SWING_DAMAGE_LANDED,Player-4755-016DF694,"Ashalan-Dreadmist",0x514,0x0,Creature-0-4457-249-1045-10184-000028665C,"Onyxia",0xa48,0x0,Creature-0-4457-249-1045-10184-000028665C,0000000000000000,96,100,0,0,0,-1,0,0,0,3.65,-218.29,0,6.2339,63,383,543,-1,1,0,0,0,nil,nil,nil
4/28 18:48:51.733  SWING_MISSED,Player-4755-01733879,"Hocwar-Dreadmist",0x50514,0x0,Creature-0-4457-249-1045-10184-000028665C,"Onyxia",0xa48,0x0,MISS,1
4/28 18:48:51.813  SPELL_PERIODIC_DAMAGE,Player-4755-01614AC7,"Mirrimazduur-Dreadmist",0x512,0x0,Creature-0-4457-249-1045-10184-000028665C,"Onyxia",0xa48,0x0,11672,"Corruption",0x20,Creature-0-4457-249-1045-10184-000028665C,0000000000000000,96,100,0,0,0,-1,0,0,0,3.65,-218.29,0,6.2339,63,207,188,-1,32,0,0,0,nil,nil,nil
4/28 18:48:51.843  RANGE_DAMAGE,Player-4755-021D6506,"Bloodlady-Dreadmist",0x514,0x0,Creature-0-4457-249-1045-10184-000028665C,"Onyxia",0xa48,0x0,5019,"Shoot",0x1,Creature-0-4457-249-1045-10184-000028665C,0000000000000000,96,100,0,0,0,-1,0,0,0,3.65,-218.29,0,6.2339,63,84,76,-1,16,0,0,0,nil,nil,nil
4/28 18:48:51.843  SPELL_CAST_START,Player-4755-020BD78D,"Lonehunter-Dreadmist",0x514,0x0,0000000000000000,nil,0x80000000,0x80000000,75,"Auto Shot",0x1
4/28 18:48:51.861  SPELL_CAST_START,Player-4755-01E83279,"Nlmasters-Dreadmist",0x514,0x8,0000000000000000,nil,0x80000000,0x80000000,75,"Auto Shot",0x1
4/28 18:48:51.928  SPELL_CAST_SUCCESS,Player-4755-01FA8D0D,"Roackeru-Dreadmist",0x514,0x0,Creature-0-4457-249-1045-10184-000028665C,"Onyxia",0xa48,0x0,5019,"Shoot",0x1,Player-4755-01FA8D0D,0000000000000000,100,100,0,0,0,-1,0,0,0,14.13,-180.96,0,4.5474,65
4/28 18:48:51.945  SWING_DAMAGE,Creature-0-4457-249-1045-10184-000028665C,"Onyxia",0xa48,0x0,Player-4755-01733879,"Hocwar-Dreadmist",0x50514,0x0,Creature-0-4457-249-1045-10184-000028665C,0000000000000000,96,100,0,0,0,-1,0,0,0,3.65,-218.29,0,6.2339,63,683,1441,-1,1,0,0,0,nil,nil,nil
4/28 18:48:51.962  SPELL_CAST_START,Player-4755-01F36B30,"Rectumqeef-Dreadmist",0x514,0x0,0000000000000000,nil,0x80000000,0x80000000,5019,"Shoot",0x1
4/28 18:48:52.027  SWING_DAMAGE,Player-4755-0178F416,"Eltorero-Dreadmist",0x514,0x0,Creature-0-4457-249-1045-10184-000028665C,"Onyxia",0xa48,0x0,Player-4755-0178F416,0000000000000000,100,100,0,0,0,-1,0,0,0,7.37,-204.89,0,4.7741,67,506,641,-1,1,0,0,0,nil,nil,nil
4/28 18:48:52.045  SPELL_CAST_SUCCESS,Player-4755-0160BD13,"Mafkees-Dreadmist",0x514,0x0,Creature-0-4457-249-1045-10184-000028665C,"Onyxia",0xa48,0x0,11585,"Overpower",0x1,Player-4755-0160BD13,0000000000000000,100,100,0,0,0,-1,0,0,0,3.20,-207.54,0,4.7069,64
4/28 18:48:52.060  SWING_DAMAGE,Player-4755-01637B0A,"Pindle-Dreadmist",0x514,0x0,Creature-0-4457-249-1045-10184-000028665C,"Onyxia",0xa48,0x0,Player-4755-01637B0A,0000000000000000,100,100,0,0,0,-1,0,0,0,4.19,-205.07,0,4.8355,65,140,187,-1,1,0,0,0,nil,1,nil
4/28 18:48:52.093  SPELL_CAST_START,Player-4755-01614AC7,"Mirrimazduur-Dreadmist",0x512,0x0,0000000000000000,nil,0x80000000,0x80000000,11661,"Shadow Bolt",0x20
4/28 18:48:52.127  SWING_DAMAGE_LANDED,Creature-0-4457-249-1045-10184-000028665C,"Onyxia",0xa48,0x0,Player-4755-01733879,"Hocwar-Dreadmist",0x50514,0x0,Player-4755-01733879,0000000000000000,89,100,0,0,0,-1,0,0,0,16.91,-218.57,0,3.0490,71,683,1441,-1,1,0,0,0,nil,nil,nil
4/28 18:48:52.127  SWING_DAMAGE_LANDED,Player-4755-0178F416,"Eltorero-Dreadmist",0x514,0x0,Creature-0-4457-249-1045-10184-000028665C,"Onyxia",0xa48,0x0,Creature-0-4457-249-1045-10184-000028665C,0000000000000000,96,100,0,0,0,-1,0,0,0,3.65,-218.29,0,6.2339,63,506,641,-1,1,0,0,0,nil,nil,nil
4/28 18:48:52.127  SPELL_DAMAGE,Player-4755-0160BD13,"Mafkees-Dreadmist",0x514,0x0,Creature-0-4457-249-1045-10184-000028665C,"Onyxia",0xa48,0x0,11585,"Overpower",0x1,Creature-0-4457-249-1045-10184-000028665C,0000000000000000,96,100,0,0,0,-1,0,0,0,3.65,-218.29,0,6.2339,63,498,632,-1,1,0,0,0,nil,nil,nil
4/28 18:48:52.127  SWING_DAMAGE_LANDED,Player-4755-01637B0A,"Pindle-Dreadmist",0x514,0x0,Creature-0-4457-249-1045-10184-000028665C,"Onyxia",0xa48,0x0,Creature-0-4457-249-1045-10184-000028665C,0000000000000000,96,100,0,0,0,-1,0,0,0,3.65,-218.29,0,6.2339,63,140,187,-1,1,0,0,0,nil,1,nil
4/28 18:48:52.127  SPELL_CAST_START,Player-4755-01617EEE,"Fenix-Dreadmist",0x512,0x0,0000000000000000,nil,0x80000000,0x80000000,6064,"Heal",0x2
4/28 18:48:52.127  SWING_MISSED,Player-4755-0220BD00,"Krikoff-Dreadmist",0x40514,0x0,Creature-0-4457-249-1045-10184-000028665C,"Onyxia",0xa48,0x0,MISS,nil
4/28 18:48:52.184  SPELL_CAST_SUCCESS,Player-4755-016296D3,"Nivl-Dreadmist",0x514,0x0,0000000000000000,nil,0x80000000,0x80000000,10614,"Windfury Totem",0x8,Player-4755-016296D3,0000000000000000,100,100,0,0,0,-1,0,0,0,12.68,-205.37,0,4.8029,69
4/28 18:48:52.184  SPELL_SUMMON,Player-4755-016296D3,"Nivl-Dreadmist",0x514,0x0,Creature-0-4457-249-1045-7484-0000286C84,"Windfury Totem III",0xa28,0x0,10614,"Windfury Totem",0x8
4/28 18:48:52.211  SPELL_CAST_SUCCESS,Player-4755-01E83279,"Nlmasters-Dreadmist",0x514,0x8,Creature-0-4457-249-1045-10184-000028665C,"Onyxia",0xa48,0x0,75,"Auto Shot",0x1,Player-4755-01E83279,0000000000000000,100,100,0,0,0,-1,0,0,0,9.82,-182.25,0,4.6694,70
4/28 18:48:52.292  SPELL_CAST_SUCCESS,Player-4755-020BD78D,"Lonehunter-Dreadmist",0x514,0x0,Creature-0-4457-249-1045-10184-000028665C,"Onyxia",0xa48,0x0,75,"Auto Shot",0x1,Player-4755-020BD78D,0000000000000000,100,100,0,0,0,-1,0,0,0,1.62,-179.46,0,4.8312,70
4/28 18:48:52.292  SPELL_CAST_SUCCESS,Player-4755-01A6B139,"Sakatan-Dreadmist",0x514,0x0,Creature-0-4457-249-1045-10184-000028665C,"Onyxia",0xa48,0x0,11281,"Backstab",0x1,Player-4755-01A6B139,0000000000000000,100,100,0,0,0,-1,0,0,0,3.37,-199.20,0,5.1176,69
4/28 18:48:52.310  SPELL_PERIODIC_DAMAGE,Player-4755-0160BD13,"Mafkees-Dreadmist",0x514,0x0,Creature-0-4457-249-1045-10184-000028665C,"Onyxia",0xa48,0x0,12721,"Deep Wound",0x1,Creature-0-4457-249-1045-10184-000028665C,0000000000000000,96,100,0,0,0,-1,0,0,0,3.65,-218.29,0,6.2339,63,89,89,-1,1,0,0,0,nil,nil,nil
4/28 18:48:52.358  SWING_MISSED,Player-4755-01AC9FD9,"Alexinho-Dreadmist",0x514,0x0,Creature-0-4457-249-1045-10184-000028665C,"Onyxia",0xa48,0x0,MISS,1
4/28 18:48:52.358  RANGE_DAMAGE,Player-4755-01FA8D0D,"Roackeru-Dreadmist",0x514,0x0,Creature-0-4457-249-1045-10184-000028665C,"Onyxia",0xa48,0x0,5019,"Shoot",0x1,Creature-0-4457-249-1045-10184-000028665C,0000000000000000,96,100,0,0,0,-1,0,0,0,3.65,-218.29,0,6.2339,63,197,179,-1,32,0,0,0,nil,nil,nil
4/28 18:48:52.406  SPELL_CAST_SUCCESS,Player-4755-01840577,"Raggèn-Dreadmist",0x514,0x0,0000000000000000,nil,0x80000000,0x80000000,10442,"Strength of Earth Totem",0x8,Player-4755-01840577,0000000000000000,100,100,0,0,0,-1,0,0,0,8.67,-207.28,0,4.7713,67
4/28 18:48:52.406  SPELL_SUMMON,Player-4755-01840577,"Raggèn-Dreadmist",0x514,0x0,Creature-0-4457-249-1045-7403-0000286C84,"Strength of Earth Totem IV",0xa28,0x0,10442,"Strength of Earth Totem",0x8
4/28 18:48:52.406  SWING_DAMAGE,Player-4755-01637B0A,"Pindle-Dreadmist",0x514,0x0,Creature-0-4457-249-1045-10184-000028665C,"Onyxia",0xa48,0x0,Player-4755-01637B0A,0000000000000000,100,100,0,0,0,-1,0,0,0,4.19,-205.07,0,4.8316,65,86,115,-1,1,0,0,0,nil,1,nil
4/28 18:48:52.406  SPELL_CAST_START,Player-4755-0210153A,"Hapuseneb-Dreadmist",0x514,0x0,0000000000000000,nil,0x80000000,0x80000000,2053,"Lesser Heal",0x2
4/28 18:48:52.471  SPELL_CAST_SUCCESS,Player-4755-01F36B30,"Rectumqeef-Dreadmist",0x514,0x0,Creature-0-4457-249-1045-10184-000028665C,"Onyxia",0xa48,0x0,5019,"Shoot",0x1,Player-4755-01F36B30,0000000000000000,100,100,0,0,0,-1,0,0,0,6.22,-188.09,0,4.7048,66
4/28 18:48:52.489  SPELL_CAST_SUCCESS,Player-4755-01802FE5,"Angrybat-Dreadmist",0x514,0x0,Creature-0-4457-249-1045-10184-000028665C,"Onyxia",0xa48,0x0,10181,"Frostbolt",0x10,Player-4755-01802FE5,0000000000000000,100,100,0,0,0,-1,0,0,0,12.24,-179.84,0,4.5703,66
4/28 18:48:52.530  SPELL_AURA_APPLIED,Player-4755-01BC57A3,"Saintis-Dreadmist",0x511,0x0,Pet-0-4457-249-1045-7456-03003178E8,"Owl",0x1114,0x0,15359,"Inspiration",0x2,BUFF
4/28 18:48:52.530  SPELL_AURA_REMOVED_DOSE,Player-4755-0178F416,"Eltorero-Dreadmist",0x514,0x0,Player-4755-0178F416,"Eltorero-Dreadmist",0x514,0x0,12970,"Flurry",0x1,BUFF,1
4/28 18:48:52.530  SPELL_AURA_REMOVED_DOSE,Player-4755-0178F416,"Eltorero-Dreadmist",0x514,0x0,Player-4755-0178F416,"Eltorero-Dreadmist",0x514,0x0,23888,"Bloodthirst",0x1,BUFF,2
4/28 18:48:52.530  SPELL_HEAL,Player-4755-0178F416,"Eltorero-Dreadmist",0x514,0x0,Player-4755-0178F416,"Eltorero-Dreadmist",0x514,0x0,23891,"Bloodthirst",0x1,Player-4755-0178F416,0000000000000000,100,100,0,0,0,-1,0,0,0,6.09,-204.94,0,4.7545,67,20,20,20,0,nil
4/28 18:48:52.530  SPELL_DAMAGE,Player-4755-01A6B139,"Sakatan-Dreadmist",0x514,0x0,Creature-0-4457-249-1045-10184-000028665C,"Onyxia",0xa48,0x0,11281,"Backstab",0x1,Creature-0-4457-249-1045-10184-000028665C,0000000000000000,96,100,0,0,0,-1,0,0,0,3.65,-218.29,0,6.2339,63,1171,649,-1,1,0,0,0,1,nil,nil
4/28 18:48:52.530  SWING_DAMAGE_LANDED,Player-4755-01637B0A,"Pindle-Dreadmist",0x514,0x0,Creature-0-4457-249-1045-10184-000028665C,"Onyxia",0xa48,0x0,Creature-0-4457-249-1045-10184-000028665C,0000000000000000,96,100,0,0,0,-1,0,0,0,3.65,-218.29,0,6.2339,63,86,115,-1,1,0,0,0,nil,1,nil
4/28 18:48:52.551  SPELL_CAST_START,Player-4755-01802FE5,"Angrybat-Dreadmist",0x514,0x0,0000000000000000,nil,0x80000000,0x80000000,10181,"Frostbolt",0x10
4/28 18:48:52.619  SWING_MISSED,Player-4755-01A6B139,"Sakatan-Dreadmist",0x514,0x0,Creature-0-4457-249-1045-10184-000028665C,"Onyxia",0xa48,0x0,DODGE,nil
4/28 18:48:52.653  SWING_DAMAGE,Player-4755-01733879,"Hocwar-Dreadmist",0x50514,0x0,Creature-0-4457-249-1045-10184-000028665C,"Onyxia",0xa48,0x0,Player-4755-01733879,0000000000000000,89,100,0,0,0,-1,0,0,0,19.21,-218.79,0,3.0490,71,178,259,-1,1,0,0,0,nil,1,nil
4/28 18:48:52.768  SPELL_PERIODIC_ENERGIZE,Player-4755-01802FE5,"Angrybat-Dreadmist",0x514,0x0,Player-4755-01802FE5,"Angrybat-Dreadmist",0x514,0x0,18194,"Mana Regeneration",0x1,Player-4755-01802FE5,0000000000000000,100,100,0,0,0,-1,0,0,0,12.24,-179.84,0,4.5664,66,8.0000,0.0000,0,6033
4/28 18:48:52.832  SWING_DAMAGE,Player-4755-01A6B139,"Sakatan-Dreadmist",0x514,0x0,Creature-0-4457-249-1045-10184-000028665C,"Onyxia",0xa48,0x0,Player-4755-01A6B139,0000000000000000,100,100,0,0,0,-1,0,0,0,3.37,-199.20,0,5.1176,69,101,134,-1,1,0,0,0,nil,1,nil
4/28 18:48:52.859  SPELL_MISSED,Player-4755-015FEBD5,"Sauvage-Dreadmist",0x514,0x0,Creature-0-4457-249-1045-10184-000028665C,"Onyxia",0xa48,0x0,10181,"Frostbolt",0x10,EVADE,nil
4/28 18:48:52.898  SPELL_CAST_SUCCESS,Player-4755-01637B0A,"Pindle-Dreadmist",0x514,0x0,Creature-0-4457-249-1045-10184-000028665C,"Onyxia",0xa48,0x0,11281,"Backstab",0x1,Player-4755-01637B0A,0000000000000000,100,100,0,0,0,-1,0,0,0,3.53,-205.15,0,4.8296,65
4/28 18:48:52.898  SPELL_MISSED,Player-4755-01637B0A,"Pindle-Dreadmist",0x514,0x0,Creature-0-4457-249-1045-10184-000028665C,"Onyxia",0xa48,0x0,11281,"Backstab",0x1,DODGE,nil
4/28 18:48:52.914  SPELL_CAST_SUCCESS,Player-4755-0163DD9D,"Kaspais-Dreadmist",0x514,0x0,Creature-0-4457-249-1045-10184-000028665C,"Onyxia",0xa48,0x0,10181,"Frostbolt",0x10,Player-4755-0163DD9D,0000000000000000,100,100,0,0,0,-1,0,0,0,-0.10,-188.44,0,5.0045,66
4/28 18:48:52.914  SPELL_CAST_START,Player-4755-0163DD9D,"Kaspais-Dreadmist",0x514,0x0,0000000000000000,nil,0x80000000,0x80000000,10181,"Frostbolt",0x10
4/28 18:48:52.914  SPELL_CAST_START,Player-4755-020BD78D,"Lonehunter-Dreadmist",0x514,0x0,0000000000000000,nil,0x80000000,0x80000000,20904,"Aimed Shot",0x1
4/28 18:48:52.933  SPELL_AURA_REMOVED_DOSE,Player-4755-0220BD00,"Krikoff-Dreadmist",0x40514,0x0,Player-4755-0220BD00,"Krikoff-Dreadmist",0x40514,0x0,12970,"Flurry",0x1,BUFF,1
4/28 18:48:52.933  SWING_DAMAGE_LANDED,Player-4755-01733879,"Hocwar-Dreadmist",0x50514,0x0,Creature-0-4457-249-1045-10184-000028665C,"Onyxia",0xa48,0x0,Creature-0-4457-249-1045-10184-000028665C,0000000000000000,96,100,0,0,0,-1,0,0,0,3.65,-218.29,0,6.2339,63,178,259,-1,1,0,0,0,nil,1,nil
4/28 18:48:52.933  SWING_DAMAGE_LANDED,Player-4755-01A6B139,"Sakatan-Dreadmist",0x514,0x0,Creature-0-4457-249-1045-10184-000028665C,"Onyxia",0xa48,0x0,Creature-0-4457-249-1045-10184-000028665C,0000000000000000,96,100,0,0,0,-1,0,0,0,3.65,-218.29,0,6.2339,63,101,134,-1,1,0,0,0,nil,1,nil
4/28 18:48:52.933  SPELL_CAST_START,Player-4755-01FA8D0D,"Roackeru-Dreadmist",0x514,0x0,0000000000000000,nil,0x80000000,0x80000000,5019,"Shoot",0x1
4/28 18:48:52.969  SPELL_CAST_START,Player-4755-01804B95,"Moymoy-Dreadmist",0x514,0x0,0000000000000000,nil,0x80000000,0x80000000,939,"Healing Wave",0x8
4/28 18:48:53.032  SPELL_CAST_SUCCESS,Player-4755-01733879,"Hocwar-Dreadmist",0x50514,0x0,Creature-0-4457-249-1045-10184-000028665C,"Onyxia",0xa48,0x0,23881,"Bloodthirst",0x1,Player-4755-01733879,0000000000000000,89,100,0,0,0,-1,0,0,0,20.91,-218.95,0,3.0490,71
4/28 18:48:53.096  SPELL_PERIODIC_DAMAGE,Player-4755-0178F416,"Eltorero-Dreadmist",0x514,0x0,Creature-0-4457-249-1045-10184-000028665C,"Onyxia",0xa48,0x0,12721,"Deep Wound",0x1,Creature-0-4457-249-1045-10184-000028665C,0000000000000000,96,100,0,0,0,-1,0,0,0,3.65,-218.29,0,6.2339,63,110,110,-1,1,0,0,0,nil,nil,nil
4/28 18:48:53.113  RANGE_DAMAGE,Player-4755-01E83279,"Nlmasters-Dreadmist",0x514,0x8,Creature-0-4457-249-1045-10184-000028665C,"Onyxia",0xa48,0x0,75,"Auto Shot",0x1,Creature-0-4457-249-1045-10184-000028665C,0000000000000000,96,100,0,0,0,-1,0,0,0,3.65,-218.29,0,6.2339,63,379,480,-1,1,0,0,0,nil,nil,nil
4/28 18:48:53.165  SPELL_CAST_SUCCESS,Player-4755-01ED7A64,"Sperzieboon-Dreadmist",0x514,0x0,Player-4755-01733879,"Hocwar-Dreadmist",0x50514,0x0,6063,"Heal",0x2,Player-4755-01ED7A64,0000000000000000,100,100,0,0,0,-1,0,0,0,13.03,-191.02,0,4.8214,67
4/28 18:48:53.200  SPELL_PERIODIC_HEAL,Player-4755-02045EF4,"Necrosini-Dreadmist",0x512,0x0,Player-4755-0178F416,"Eltorero-Dreadmist",0x514,0x0,10929,"Renew",0x2,Player-4755-0178F416,0000000000000000,100,100,0,0,0,-1,0,0,0,1.03,-205.15,0,4.7545,67,253,253,253,0,nil
4/28 18:48:53.200  SPELL_CAST_START,Player-4755-01ED7A64,"Sperzieboon-Dreadmist",0x514,0x0,0000000000000000,nil,0x80000000,0x80000000,6063,"Heal",0x2
4/28 18:48:53.200  SWING_MISSED,Player-4755-01733879,"Hocwar-Dreadmist",0x50514,0x0,Creature-0-4457-249-1045-10184-000028665C,"Onyxia",0xa48,0x0,MISS,1
4/28 18:48:53.267  RANGE_DAMAGE,Player-4755-020BD78D,"Lonehunter-Dreadmist",0x514,0x0,Creature-0-4457-249-1045-10184-000028665C,"Onyxia",0xa48,0x0,75,"Auto Shot",0x1,Creature-0-4457-249-1045-10184-000028665C,0000000000000000,96,100,0,0,0,-1,0,0,0,3.65,-218.29,0,6.2339,63,390,494,-1,1,0,0,0,nil,nil,nil
4/28 18:48:53.332  SPELL_DAMAGE,Player-4755-01733879,"Hocwar-Dreadmist",0x50514,0x0,Creature-0-4457-249-1045-10184-000028665C,"Onyxia",0xa48,0x0,23881,"Bloodthirst",0x1,Creature-0-4457-249-1045-10184-000028665C,0000000000000000,96,100,0,0,0,-1,0,0,0,3.65,-218.29,0,6.2339,63,477,605,-1,1,0,0,0,nil,nil,nil
4/28 18:48:53.332  SPELL_AURA_APPLIED,Player-4755-01733879,"Hocwar-Dreadmist",0x50514,0x0,Player-4755-01733879,"Hocwar-Dreadmist",0x50514,0x0,23885,"Bloodthirst",0x1,BUFF
4/28 18:48:53.335  SPELL_HEAL,Player-4755-01ED7A64,"Sperzieboon-Dreadmist",0x514,0x0,Player-4755-01733879,"Hocwar-Dreadmist",0x50514,0x0,6063,"Heal",0x2,Player-4755-01733879,0000000000000000,100,100,0,0,0,-1,0,0,0,22.23,-218.99,0,3.0805,71,1777,1777,1099,0,1
4/28 18:48:53.356  SWING_DAMAGE,Player-4755-0220BD00,"Krikoff-Dreadmist",0x40514,0x0,Creature-0-4457-249-1045-10184-000028665C,"Onyxia",0xa48,0x0,Player-4755-0220BD00,0000000000000000,100,100,0,0,0,-1,0,0,0,7.97,-210.90,0,4.7163,68,160,227,-1,1,0,0,0,nil,1,nil
4/28 18:48:53.436  SPELL_CAST_SUCCESS,Player-4755-01FA8DD8,"Roackerita-Dreadmist",0x514,0x0,Player-4755-0220BD00,"Krikoff-Dreadmist",0x40514,0x0,6078,"Renew",0x2,Player-4755-01FA8DD8,0000000000000000,100,100,0,0,0,-1,0,0,0,-4.33,-181.77,0,5.7972,69
4/28 18:48:53.436  SPELL_CAST_SUCCESS,Player-4755-01FA8D0D,"Roackeru-Dreadmist",0x514,0x0,Creature-0-4457-249-1045-10184-000028665C,"Onyxia",0xa48,0x0,5019,"Shoot",0x1,Player-4755-01FA8D0D,0000000000000000,100,100,0,0,0,-1,0,0,0,14.13,-180.96,0,4.5474,65
4/28 18:48:53.456  SWING_MISSED,Player-4755-01637B0A,"Pindle-Dreadmist",0x514,0x0,Creature-0-4457-249-1045-10184-000028665C,"Onyxia",0xa48,0x0,PARRY,nil
4/28 18:48:53.472  SPELL_CAST_START,Player-4755-01F36B30,"Rectumqeef-Dreadmist",0x514,0x0,0000000000000000,nil,0x80000000,0x80000000,5019,"Shoot",0x1
4/28 18:48:53.488  SWING_MISSED,Player-4755-01637B0A,"Pindle-Dreadmist",0x514,0x0,Creature-0-4457-249-1045-10184-000028665C,"Onyxia",0xa48,0x0,PARRY,1
4/28 18:48:53.517  SWING_MISSED,Player-4755-01AC9FD9,"Alexinho-Dreadmist",0x514,0x0,Creature-0-4457-249-1045-10184-000028665C,"Onyxia",0xa48,0x0,PARRY,nil
4/28 18:48:53.591  SPELL_PERIODIC_ENERGIZE,Creature-0-4457-249-1045-7416-0000286C79,"Mana Spring Totem IV",0x2114,0x0,Player-4755-01FA8DD8,"Roackerita-Dreadmist",0x514,0x0,10494,"Mana Spring",0x8,Player-4755-01FA8DD8,0000000000000000,100,100,0,0,0,-1,0,0,0,-4.33,-181.77,0,5.7972,69,12.0000,0.0000,0,6736
4/28 18:48:53.591  SPELL_PERIODIC_ENERGIZE,Creature-0-4457-249-1045-7416-0000286C79,"Mana Spring Totem IV",0x2114,0x0,Player-4755-01ED7A64,"Sperzieboon-Dreadmist",0x514,0x0,10494,"Mana Spring",0x8,Player-4755-01ED7A64,0000000000000000,100,100,0,0,0,-1,0,0,0,13.03,-191.02,0,4.8214,67,12.0000,0.0000,0,7261
4/28 18:48:53.591  SPELL_PERIODIC_ENERGIZE,Creature-0-4457-249-1045-7416-0000286C79,"Mana Spring Totem IV",0x2114,0x0,Player-4755-01804B95,"Moymoy-Dreadmist",0x514,0x0,10494,"Mana Spring",0x8,Player-4755-01804B95,0000000000000000,100,100,0,0,0,-1,0,0,0,9.19,-185.04,0,4.5836,66,13.0000,0.0000,0,5366
4/28 18:48:53.591  SPELL_PERIODIC_ENERGIZE,Creature-0-4457-249-1045-7416-0000286C79,"Mana Spring Totem IV",0x2114,0x0,Player-4755-015FEBD5,"Sauvage-Dreadmist",0x514,0x0,10494,"Mana Spring",0x8,Player-4755-015FEBD5,0000000000000000,100,100,0,0,0,-1,0,0,0,15.26,-179.03,0,4.5380,64,13.0000,0.0000,0,6158
4/28 18:48:53.591  SPELL_DAMAGE,Player-4755-01614AC7,"Mirrimazduur-Dreadmist",0x512,0x0,Creature-0-4457-249-1045-10184-000028665C,"Onyxia",0xa48,0x0,11661,"Shadow Bolt",0x20,Creature-0-4457-249-1045-10184-000028665C,0000000000000000,96,100,0,0,0,-1,0,0,0,3.65,-218.29,0,6.2339,63,974,885,-1,32,0,0,0,nil,nil,nil
4/28 18:48:53.623  SWING_DAMAGE,Player-4755-01840577,"Raggèn-Dreadmist",0x514,0x0,Creature-0-4457-249-1045-10184-000028665C,"Onyxia",0xa48,0x0,Player-4755-01840577,0000000000000000,100,100,0,0,0,-1,0,0,0,6.94,-207.21,0,4.7006,67,479,607,-1,1,0,0,0,nil,nil,nil
4/28 18:48:53.623  SPELL_CAST_SUCCESS,Player-4755-02045EF4,"Necrosini-Dreadmist",0x512,0x0,Player-4755-01733879,"Hocwar-Dreadmist",0x50514,0x0,2054,"Heal",0x2,Player-4755-02045EF4,0000000000000000,100,100,0,0,0,-1,0,0,0,5.83,-191.53,0,5.1004,69
4/28 18:48:53.639  SWING_MISSED,Player-4755-016296D3,"Nivl-Dreadmist",0x514,0x0,Creature-0-4457-249-1045-10184-000028665C,"Onyxia",0xa48,0x0,PARRY,nil
4/28 18:48:53.655  SWING_DAMAGE,Pet-0-4457-249-1045-9622-02002CD5BC,"Bokito",0x1114,0x0,Creature-0-4457-249-1045-10184-000028665C,"Onyxia",0xa48,0x0,Pet-0-4457-249-1045-9622-02002CD5BC,Player-4755-020BD78D,100,100,0,0,0,-1,0,0,0,-4.56,-197.67,0,5.0916,70,194,245,-1,1,0,0,0,nil,nil,nil
4/28 18:48:53.655  SPELL_AURA_REMOVED,Pet-0-4457-249-1045-7432-01002D8BC6,"Cat",0x1114,0x0,Pet-0-4457-249-1045-7432-01002D8BC6,"Cat",0x1114,0x0,19615,"Frenzy Effect",0x1,BUFF
4/28 18:48:53.670  SWING_DAMAGE,Player-4755-0160BD13,"Mafkees-Dreadmist",0x514,0x0,Creature-0-4457-249-1045-10184-000028665C,"Onyxia",0xa48,0x0,Player-4755-0160BD13,0000000000000000,100,100,0,0,0,-1,0,0,0,3.67,-207.55,0,4.7108,64,417,624,-1,1,0,0,0,nil,1,nil
4/28 18:48:53.701  SPELL_CAST_SUCCESS,Player-4755-016296D3,"Nivl-Dreadmist",0x514,0x0,0000000000000000,nil,0x80000000,0x80000000,10442,"Strength of Earth Totem",0x8,Player-4755-016296D3,0000000000000000,100,100,0,0,0,-1,0,0,0,9.26,-205.33,0,4.8029,69
4/28 18:48:53.701  SPELL_SUMMON,Player-4755-016296D3,"Nivl-Dreadmist",0x514,0x0,Creature-0-4457-249-1045-7403-0000286C85,"Strength of Earth Totem IV",0xa28,0x0,10442,"Strength of Earth Totem",0x8
4/28 18:48:53.701  SPELL_CAST_SUCCESS,Player-4755-0178F416,"Eltorero-Dreadmist",0x514,0x0,0000000000000000,nil,0x80000000,0x80000000,1680,"Whirlwind",0x1,Player-4755-0178F416,0000000000000000,100,100,0,0,0,-1,0,0,0,3.70,-205.95,0,4.7545,67
4/28 18:48:53.701  SPELL_AURA_APPLIED,Player-4755-0178F416,"Eltorero-Dreadmist",0x514,0x0,Player-4755-0178F416,"Eltorero-Dreadmist",0x514,0x0,10610,"Windfury Totem",0x8,BUFF
4/28 18:48:53.701  SPELL_EXTRA_ATTACKS,Player-4755-0178F416,"Eltorero-Dreadmist",0x514,0x0,Player-4755-0178F416,"Eltorero-Dreadmist",0x514,0x0,10610,"Windfury Totem",0x8,1
4/28 18:48:53.701  SWING_DAMAGE,Player-4755-0178F416,"Eltorero-Dreadmist",0x514,0x0,Creature-0-4457-249-1045-10184-000028665C,"Onyxia",0xa48,0x0,Player-4755-0178F416,0000000000000000,100,100,0,0,0,-1,0,0,0,3.70,-205.95,0,4.7545,67,349,686,-1,1,0,0,0,nil,1,nil
4/28 18:48:53.721  SPELL_CAST_SUCCESS,Player-4755-0160BD13,"Mafkees-Dreadmist",0x514,0x0,Creature-0-4457-249-1045-10184-000028665C,"Onyxia",0xa48,0x0,23894,"Bloodthirst",0x1,Player-4755-0160BD13,0000000000000000,100,100,0,0,0,-1,0,0,0,3.67,-207.55,0,4.7108,64
4/28 18:48:53.740  SPELL_AURA_REMOVED_DOSE,Player-4755-01733879,"Hocwar-Dreadmist",0x50514,0x0,Player-4755-01733879,"Hocwar-Dreadmist",0x50514,0x0,23885,"Bloodthirst",0x1,BUFF,4
4/28 18:48:53.740  SPELL_HEAL,Player-4755-01733879,"Hocwar-Dreadmist",0x50514,0x0,Player-4755-01733879,"Hocwar-Dreadmist",0x50514,0x0,23880,"Bloodthirst",0x1,Player-4755-01733879,0000000000000000,100,100,0,0,0,-1,0,0,0,23.71,-218.09,0,3.0844,71,10,10,10,0,nil
4/28 18:48:53.740  SWING_DAMAGE_LANDED,Player-4755-0220BD00,"Krikoff-Dreadmist",0x40514,0x0,Creature-0-4457-249-1045-10184-000028665C,"Onyxia",0xa48,0x0,Creature-0-4457-249-1045-10184-000028665C,0000000000000000,96,100,0,0,0,-1,0,0,0,3.65,-218.29,0,6.2339,63,160,227,-1,1,0,0,0,nil,1,nil
4/28 18:48:53.740  SPELL_AURA_APPLIED,Player-4755-01FA8DD8,"Roackerita-Dreadmist",0x514,0x0,Player-4755-0220BD00,"Krikoff-Dreadmist",0x40514,0x0,6078,"Renew",0x2,BUFF
4/28 18:48:53.741  SWING_DAMAGE_LANDED,Player-4755-01840577,"Raggèn-Dreadmist",0x514,0x0,Creature-0-4457-249-1045-10184-000028665C,"Onyxia",0xa48,0x0,Creature-0-4457-249-1045-10184-000028665C,0000000000000000,96,100,0,0,0,-1,0,0,0,3.65,-218.29,0,6.2339,63,479,607,-1,1,0,0,0,nil,nil,nil
4/28 18:48:53.741  SPELL_HEAL,Player-4755-02045EF4,"Necrosini-Dreadmist",0x512,0x0,Player-4755-01733879,"Hocwar-Dreadmist",0x50514,0x0,2054,"Heal",0x2,Player-4755-01733879,0000000000000000,100,100,0,0,0,-1,0,0,0,23.71,-218.09,0,3.0844,71,679,679,679,0,nil
4/28 18:48:53.741  SWING_DAMAGE_LANDED,Pet-0-4457-249-1045-9622-02002CD5BC,"Bokito",0x1114,0x0,Creature-0-4457-249-1045-10184-000028665C,"Onyxia",0xa48,0x0,Creature-0-4457-249-1045-10184-000028665C,0000000000000000,96,100,0,0,0,-1,0,0,0,3.65,-218.29,0,6.2339,63,194,245,-1,1,0,0,0,nil,nil,nil
4/28 18:48:53.741  SWING_DAMAGE_LANDED,Player-4755-0160BD13,"Mafkees-Dreadmist",0x514,0x0,Creature-0-4457-249-1045-10184-000028665C,"Onyxia",0xa48,0x0,Creature-0-4457-249-1045-10184-000028665C,0000000000000000,96,100,0,0,0,-1,0,0,0,3.65,-218.29,0,6.2339,63,417,624,-1,1,0,0,0,nil,1,nil
4/28 18:48:53.741  SPELL_DAMAGE,Player-4755-0178F416,"Eltorero-Dreadmist",0x514,0x0,Creature-0-4457-249-1045-10184-000028665C,"Onyxia",0xa48,0x0,1680,"Whirlwind",0x1,Creature-0-4457-249-1045-10184-000028665C,0000000000000000,96,100,0,0,0,-1,0,0,0,3.65,-218.29,0,6.2339,63,503,638,-1,1,0,0,0,nil,nil,nil
4/28 18:48:53.741  SWING_DAMAGE_LANDED,Player-4755-0178F416,"Eltorero-Dreadmist",0x514,0x0,Creature-0-4457-249-1045-10184-000028665C,"Onyxia",0xa48,0x0,Creature-0-4457-249-1045-10184-000028665C,0000000000000000,96,100,0,0,0,-1,0,0,0,3.65,-218.29,0,6.2339,63,349,686,-1,1,0,0,0,nil,1,nil
4/28 18:48:53.741  SPELL_DAMAGE,Player-4755-0160BD13,"Mafkees-Dreadmist",0x514,0x0,Creature-0-4457-249-1045-10184-000028665C,"Onyxia",0xa48,0x0,23894,"Bloodthirst",0x1,Creature-0-4457-249-1045-10184-000028665C,0000000000000000,96,100,0,0,0,-1,0,0,0,3.65,-218.29,0,6.2339,63,497,630,-1,1,0,0,0,nil,nil,nil
4/28 18:48:53.741  SPELL_AURA_APPLIED,Player-4755-0160BD13,"Mafkees-Dreadmist",0x514,0x0,Player-4755-0160BD13,"Mafkees-Dreadmist",0x514,0x0,23888,"Bloodthirst",0x1,BUFF
4/28 18:48:53.768  SWING_DAMAGE,Player-4755-01AC9FD9,"Alexinho-Dreadmist",0x514,0x0,Creature-0-4457-249-1045-10184-000028665C,"Onyxia",0xa48,0x0,Player-4755-01AC9FD9,0000000000000000,100,100,0,0,0,-1,0,0,0,7.45,-201.94,0,4.5334,66,139,198,-1,1,0,0,0,nil,1,nil
4/28 18:48:53.768  SWING_DAMAGE,Creature-0-4457-249-1045-10184-000028665C,"Onyxia",0xa48,0x0,Player-4755-01733879,"Hocwar-Dreadmist",0x50514,0x0,Creature-0-4457-249-1045-10184-000028665C,0000000000000000,96,100,0,0,0,-1,0,0,0,3.65,-218.29,0,6.2339,63,680,1434,-1,1,0,0,0,nil,nil,nil
4/28 18:48:53.799  SPELL_CAST_START,Player-4755-01E83279,"Nlmasters-Dreadmist",0x514,0x8,0000000000000000,nil,0x80000000,0x80000000,75,"Auto Shot",0x1
4/28 18:48:53.859  SPELL_PERIODIC_DAMAGE,Player-4755-01F36B30,"Rectumqeef-Dreadmist",0x514,0x0,Creature-0-4457-249-1045-10184-000028665C,"Onyxia",0xa48,0x0,11672,"Corruption",0x20,Creature-0-4457-249-1045-10184-000028665C,0000000000000000,96,100,0,0,0,-1,0,0,0,3.65,-218.29,0,6.2339,63,224,203,-1,32,0,0,0,nil,nil,nil
4/28 18:48:53.859  SPELL_CAST_SUCCESS,Player-4755-016DF694,"Ashalan-Dreadmist",0x514,0x0,Creature-0-4457-249-1045-10184-000028665C,"Onyxia",0xa48,0x0,10473,"Frost Shock",0x10,Player-4755-016DF694,0000000000000000,100,100,0,0,0,-1,0,0,0,4.69,-208.25,0,4.7344,67
4/28 18:48:53.881  RANGE_DAMAGE,Player-4755-01FA8D0D,"Roackeru-Dreadmist",0x514,0x0,Creature-0-4457-249-1045-10184-000028665C,"Onyxia",0xa48,0x0,5019,"Shoot",0x1,Creature-0-4457-249-1045-10184-000028665C,0000000000000000,96,100,0,0,0,-1,0,0,0,3.65,-218.29,0,6.2339,63,155,140,-1,32,0,0,0,nil,nil,nil
4/28 18:48:53.899  SPELL_PERIODIC_HEAL,Player-4755-01733879,"Hocwar-Dreadmist",0x50514,0x0,Player-4755-01733879,"Hocwar-Dreadmist",0x50514,0x0,24427,"Diamond Flask",0x8,Player-4755-01733879,0000000000000000,100,100,0,0,0,-1,0,0,0,24.43,-218.13,0,3.0844,71,301,301,301,0,nil
4/28 18:48:53.899  SPELL_DAMAGE,Player-4755-01802FE5,"Angrybat-Dreadmist",0x514,0x0,Creature-0-4457-249-1045-10184-000028665C,"Onyxia",0xa48,0x0,10181,"Frostbolt",0x10,Creature-0-4457-249-1045-10184-000028665C,0000000000000000,95,100,0,0,0,-1,0,0,0,3.65,-218.29,0,6.2339,63,949,862,-1,16,0,0,0,nil,nil,nil
4/28 18:48:53.981  SPELL_CAST_SUCCESS,Player-4755-01F36B30,"Rectumqeef-Dreadmist",0x514,0x0,Creature-0-4457-249-1045-10184-000028665C,"Onyxia",0xa48,0x0,5019,"Shoot",0x1,Player-4755-01F36B30,0000000000000000,100,100,0,0,0,-1,0,0,0,6.22,-188.09,0,4.7206,66
4/28 18:48:53.981  SPELL_CAST_SUCCESS,Player-4755-021D6506,"Bloodlady-Dreadmist",0x514,0x0,Creature-0-4457-249-1045-10184-000028665C,"Onyxia",0xa48,0x0,10181,"Frostbolt",0x10,Player-4755-021D6506,0000000000000000,100,100,0,0,0,-1,0,0,0,2.26,-178.45,0,4.8774,69
4/28 18:48:53.981  SPELL_CAST_START,Player-4755-021D6506,"Bloodlady-Dreadmist",0x514,0x0,0000000000000000,nil,0x80000000,0x80000000,10181,"Frostbolt",0x10
4/28 18:48:53.998  SPELL_DAMAGE,Player-4755-0163DD9D,"Kaspais-Dreadmist",0x514,0x0,Creature-0-4457-249-1045-10184-000028665C,"Onyxia",0xa48,0x0,10181,"Frostbolt",0x10,Creature-0-4457-249-1045-10184-000028665C,0000000000000000,95,100,0,0,0,-1,0,0,0,3.65,-218.29,0,6.2339,63,942,856,-1,16,0,0,0,nil,nil,nil
4/28 18:48:54.014  SPELL_CAST_START,Player-4755-015FEBD5,"Sauvage-Dreadmist",0x514,0x0,0000000000000000,nil,0x80000000,0x80000000,10181,"Frostbolt",0x10
4/28 18:48:54.014  RANGE_MISSED,Player-4755-01F36B30,"Rectumqeef-Dreadmist",0x514,0x0,Creature-0-4457-249-1045-10184-000028665C,"Onyxia",0xa48,0x0,5019,"Shoot",0x1,RESIST,nil,0
4/28 18:48:54.045  SWING_DAMAGE,Player-4755-01A6B139,"Sakatan-Dreadmist",0x514,0x0,Creature-0-4457-249-1045-10184-000028665C,"Onyxia",0xa48,0x0,Player-4755-01A6B139,0000000000000000,100,100,0,0,0,-1,0,0,0,3.37,-199.20,0,5.1176,69,142,187,-1,1,0,0,0,nil,1,nil
4/28 18:48:54.065  SPELL_CAST_START,Player-4755-02045EF4,"Necrosini-Dreadmist",0x512,0x0,0000000000000000,nil,0x80000000,0x80000000,2054,"Heal",0x2
4/28 18:48:54.099  SPELL_CAST_SUCCESS,Player-4755-01637B0A,"Pindle-Dreadmist",0x514,0x0,Creature-0-4457-249-1045-10184-000028665C,"Onyxia",0xa48,0x0,11281,"Backstab",0x1,Player-4755-01637B0A,0000000000000000,100,100,0,0,0,-1,0,0,0,3.20,-207.18,0,4.7629,65
4/28 18:48:54.116  SPELL_PERIODIC_ENERGIZE,Player-4755-01BC57A3,"Saintis-Dreadmist",0x511,0x0,Player-4755-01BC57A3,"Saintis-Dreadmist",0x511,0x0,18194,"Mana Regeneration",0x1,Player-4755-01BC57A3,0000000000000000,100,100,0,0,0,-1,0,0,0,6.39,-192.44,0,4.7070,68,8.0000,0.0000,0,7212
4/28 18:48:54.147  SWING_DAMAGE,Pet-0-4457-249-1045-2850-01001956F9,"Kratos",0x1114,0x0,Creature-0-4457-249-1045-10184-000028665C,"Onyxia",0xa48,0x0,Pet-0-4457-249-1045-2850-01001956F9,Player-4755-0178F576,100,100,0,0,0,-1,0,0,0,5.70,-193.33,0,4.6306,66,59,105,-1,1,0,0,0,nil,1,nil
4/28 18:48:54.148  SPELL_CAST_SUCCESS,Pet-0-4457-249-1045-2850-01001956F9,"Kratos",0x1114,0x0,Creature-0-4457-249-1045-10184-000028665C,"Onyxia",0xa48,0x0,3009,"Claw",0x1,Pet-0-4457-249-1045-2850-01001956F9,Player-4755-0178F576,100,100,0,0,0,-1,0,0,0,5.70,-193.33,0,4.6306,66
4/28 18:48:54.148  SPELL_AURA_REMOVED,Player-4755-01BC57A3,"Saintis-Dreadmist",0x511,0x0,Player-4755-01733879,"Hocwar-Dreadmist",0x50514,0x0,15359,"Inspiration",0x2,BUFF
4/28 18:48:54.148  SPELL_AURA_APPLIED,Player-4755-01ED7A64,"Sperzieboon-Dreadmist",0x514,0x0,Player-4755-01733879,"Hocwar-Dreadmist",0x50514,0x0,15359,"Inspiration",0x2,BUFF
4/28 18:48:54.148  SPELL_AURA_REMOVED,Player-4755-0220BD00,"Krikoff-Dreadmist",0x40514,0x0,Player-4755-0220BD00,"Krikoff-Dreadmist",0x40514,0x0,12970,"Flurry",0x1,BUFF
4/28 18:48:54.148  SPELL_AURA_REMOVED_DOSE,Player-4755-0160BD13,"Mafkees-Dreadmist",0x514,0x0,Player-4755-0160BD13,"Mafkees-Dreadmist",0x514,0x0,23888,"Bloodthirst",0x1,BUFF,4
4/28 18:48:54.148  SPELL_AURA_REMOVED_DOSE,Player-4755-0160BD13,"Mafkees-Dreadmist",0x514,0x0,Player-4755-0160BD13,"Mafkees-Dreadmist",0x514,0x0,12970,"Flurry",0x1,BUFF,1
4/28 18:48:54.148  SPELL_HEAL,Player-4755-0160BD13,"Mafkees-Dreadmist",0x514,0x0,Player-4755-0160BD13,"Mafkees-Dreadmist",0x514,0x0,23891,"Bloodthirst",0x1,Player-4755-0160BD13,0000000000000000,100,100,0,0,0,-1,0,0,0,3.67,-207.55,0,4.7501,64,20,20,20,0,nil
4/28 18:48:54.148  SPELL_AURA_REMOVED_DOSE,Player-4755-0178F416,"Eltorero-Dreadmist",0x514,0x0,Player-4755-0178F416,"Eltorero-Dreadmist",0x514,0x0,23888,"Bloodthirst",0x1,BUFF,1
4/28 18:48:54.148  SPELL_HEAL,Player-4755-0178F416,"Eltorero-Dreadmist",0x514,0x0,Player-4755-0178F416,"Eltorero-Dreadmist",0x514,0x0,23891,"Bloodthirst",0x1,Player-4755-0178F416,0000000000000000,100,100,0,0,0,-1,0,0,0,6.32,-205.41,0,4.7545,67,20,20,20,0,nil
4/28 18:48:54.148  SPELL_AURA_REMOVED_DOSE,Player-4755-0178F416,"Eltorero-Dreadmist",0x514,0x0,Player-4755-0178F416,"Eltorero-Dreadmist",0x514,0x0,10610,"Windfury Totem",0x8,BUFF,1
4/28 18:48:54.148  SPELL_HEAL,Player-4755-0178F416,"Eltorero-Dreadmist",0x514,0x0,Player-4755-0178F416,"Eltorero-Dreadmist",0x514,0x0,23891,"Bloodthirst",0x1,Player-4755-0178F416,0000000000000000,100,100,0,0,0,-1,0,0,0,6.32,-205.41,0,4.7545,67,20,20,20,0,nil
4/28 18:48:54.148  SPELL_AURA_REMOVED,Player-4755-0178F416,"Eltorero-Dreadmist",0x514,0x0,Player-4755-0178F416,"Eltorero-Dreadmist",0x514,0x0,23888,"Bloodthirst",0x1,BUFF
4/28 18:48:54.148  SPELL_AURA_REMOVED,Player-4755-0178F416,"Eltorero-Dreadmist",0x514,0x0,Player-4755-0178F416,"Eltorero-Dreadmist",0x514,0x0,12970,"Flurry",0x1,BUFF
4/28 18:48:54.148  SPELL_AURA_REMOVED_DOSE,Player-4755-0160BD13,"Mafkees-Dreadmist",0x514,0x0,Player-4755-0160BD13,"Mafkees-Dreadmist",0x514,0x0,23888,"Bloodthirst",0x1,BUFF,3
4/28 18:48:54.148  SPELL_HEAL,Player-4755-0160BD13,"Mafkees-Dreadmist",0x514,0x0,Player-4755-0160BD13,"Mafkees-Dreadmist",0x514,0x0,23891,"Bloodthirst",0x1,Player-4755-0160BD13,0000000000000000,100,100,0,0,0,-1,0,0,0,3.67,-207.55,0,4.7501,64,20,20,20,0,nil
4/28 18:48:54.148  SWING_DAMAGE_LANDED,Player-4755-01AC9FD9,"Alexinho-Dreadmist",0x514,0x0,Creature-0-4457-249-1045-10184-000028665C,"Onyxia",0xa48,0x0,Creature-0-4457-249-1045-10184-000028665C,0000000000000000,95,100,0,0,0,-1,0,0,0,3.80,-218.29,0,0.0070,63,139,198,-1,1,0,0,0,nil,1,nil
4/28 18:48:54.148  SPELL_DAMAGE,Player-4755-01AC9FD9,"Alexinho-Dreadmist",0x514,0x0,Creature-0-4457-249-1045-10184-000028665C,"Onyxia",0xa48,0x0,11337,"Instant Poison VI",0x8,Creature-0-4457-249-1045-10184-000028665C,0000000000000000,95,100,0,0,0,-1,0,0,0,3.80,-218.29,0,0.0070,63,145,144,-1,8,0,0,0,nil,nil,nil
4/28 18:48:54.148  SWING_DAMAGE_LANDED,Creature-0-4457-249-1045-10184-000028665C,"Onyxia",0xa48,0x0,Player-4755-01733879,"Hocwar-Dreadmist",0x50514,0x0,Player-4755-01733879,0000000000000000,89,100,0,0,0,-1,0,0,0,25.44,-217.87,0,3.0883,71,680,1434,-1,1,0,0,0,nil,nil,nil
4/28 18:48:54.148  SPELL_DAMAGE,Player-4755-016DF694,"Ashalan-Dreadmist",0x514,0x0,Creature-0-4457-249-1045-10184-000028665C,"Onyxia",0xa48,0x0,10473,"Frost Shock",0x10,Creature-0-4457-249-1045-10184-000028665C,0000000000000000,95,100,0,0,0,-1,0,0,0,3.80,-218.29,0,0.0070,63,597,542,-1,16,0,0,0,nil,nil,nil
4/28 18:48:54.148  SPELL_AURA_APPLIED,Player-4755-01802FE5,"Angrybat-Dreadmist",0x514,0x0,Player-4755-01802FE5,"Angrybat-Dreadmist",0x514,0x0,12536,"Clearcasting",0x40,BUFF
4/28 18:48:54.148  SWING_DAMAGE_LANDED,Player-4755-01A6B139,"Sakatan-Dreadmist",0x514,0x0,Creature-0-4457-249-1045-10184-000028665C,"Onyxia",0xa48,0x0,Creature-0-4457-249-1045-10184-000028665C,0000000000000000,95,100,0,0,0,-1,0,0,0,3.80,-218.29,0,0.0070,63,142,187,-1,1,0,0,0,nil,1,nil
4/28 18:48:54.148  SPELL_DAMAGE,Player-4755-01637B0A,"Pindle-Dreadmist",0x514,0x0,Creature-0-4457-249-1045-10184-000028665C,"Onyxia",0xa48,0x0,11281,"Backstab",0x1,Creature-0-4457-249-1045-10184-000028665C,0000000000000000,95,100,0,0,0,-1,0,0,0,3.80,-218.29,0,0.0070,63,462,585,-1,1,0,0,0,nil,nil,nil
4/28 18:48:54.148  SWING_DAMAGE_LANDED,Pet-0-4457-249-1045-2850-01001956F9,"Kratos",0x1114,0x0,Creature-0-4457-249-1045-10184-000028665C,"Onyxia",0xa48,0x0,Creature-0-4457-249-1045-10184-000028665C,0000000000000000,95,100,0,0,0,-1,0,0,0,3.80,-218.29,0,0.0070,63,59,105,-1,1,0,0,0,nil,1,nil
4/28 18:48:54.148  SPELL_DAMAGE,Pet-0-4457-249-1045-2850-01001956F9,"Kratos",0x1114,0x0,Creature-0-4457-249-1045-10184-000028665C,"Onyxia",0xa48,0x0,3009,"Claw",0x1,Creature-0-4457-249-1045-10184-000028665C,0000000000000000,95,100,0,0,0,-1,0,0,0,3.80,-218.29,0,0.0070,63,61,77,-1,1,0,0,0,nil,nil,nil
4/28 18:48:54.148  SPELL_CAST_SUCCESS,Player-4755-01E83279,"Nlmasters-Dreadmist",0x514,0x8,Creature-0-4457-249-1045-10184-000028665C,"Onyxia",0xa48,0x0,75,"Auto Shot",0x1,Player-4755-01E83279,0000000000000000,100,100,0,0,0,-1,0,0,0,9.82,-182.25,0,4.6694,70
4/28 18:48:54.204  SWING_MISSED,Player-4755-01A6B139,"Sakatan-Dreadmist",0x514,0x0,Creature-0-4457-249-1045-10184-000028665C,"Onyxia",0xa48,0x0,PARRY,1
4/28 18:48:54.236  SWING_DAMAGE,Player-4755-0220BD00,"Krikoff-Dreadmist",0x40514,0x0,Creature-0-4457-249-1045-10184-000028665C,"Onyxia",0xa48,0x0,Player-4755-0220BD00,0000000000000000,100,100,0,0,0,-1,0,0,0,7.97,-210.90,0,4.7163,68,246,368,-1,1,0,0,0,nil,1,nil
4/28 18:48:54.289  SPELL_CAST_SUCCESS,Player-4755-01733879,"Hocwar-Dreadmist",0x50514,0x0,Creature-0-4457-249-1045-10184-000028665C,"Onyxia",0xa48,0x0,11567,"Heroic Strike",0x1,Player-4755-01733879,0000000000000000,89,100,0,0,0,-1,0,0,0,26.06,-217.90,0,3.0883,71
4/28 18:48:54.289  SPELL_AURA_APPLIED,Player-4755-01733879,"Hocwar-Dreadmist",0x50514,0x0,Player-4755-01733879,"Hocwar-Dreadmist",0x50514,0x0,10610,"Windfury Totem",0x8,BUFF
4/28 18:48:54.289  SPELL_EXTRA_ATTACKS,Player-4755-01733879,"Hocwar-Dreadmist",0x50514,0x0,Player-4755-01733879,"Hocwar-Dreadmist",0x50514,0x0,10610,"Windfury Totem",0x8,1
4/28 18:48:54.289  SPELL_CAST_SUCCESS,Player-4755-01840577,"Raggèn-Dreadmist",0x514,0x0,0000000000000000,nil,0x80000000,0x80000000,10438,"Searing Totem",0x4,Player-4755-01840577,0000000000000000,100,100,0,0,0,-1,0,0,0,6.94,-207.21,0,4.7006,67
4/28 18:48:54.289  SPELL_SUMMON,Player-4755-01840577,"Raggèn-Dreadmist",0x514,0x0,Creature-0-4457-249-1045-7402-0000286C86,"Searing Totem VI",0xa28,0x0,10438,"Searing Totem",0x4
4/28 18:48:54.311  SWING_MISSED,Player-4755-01733879,"Hocwar-Dreadmist",0x50514,0x0,Creature-0-4457-249-1045-10184-000028665C,"Onyxia",0xa48,0x0,DODGE,nil
4/28 18:48:54.346  SPELL_AURA_REMOVED,Player-4755-0178F416,"Eltorero-Dreadmist",0x514,0x0,Player-4755-0178F416,"Eltorero-Dreadmist",0x514,0x0,18499,"Berserker Rage",0x1,BUFF
4/28 18:48:54.363  SPELL_CAST_START,Player-4755-0178F576,"Atreas-Dreadmist",0x514,0x0,0000000000000000,nil,0x80000000,0x80000000,75,"Auto Shot",0x1
4/28 18:48:54.421  SPELL_CAST_START,Player-4755-01B60A5F,"Zurok-Dreadmist",0x514,0x0,0000000000000000,nil,0x80000000,0x80000000,20904,"Aimed Shot",0x1
4/28 18:48:54.453  SPELL_CAST_START,Player-4755-01FA8D0D,"Roackeru-Dreadmist",0x514,0x0,0000000000000000,nil,0x80000000,0x80000000,5019,"Shoot",0x1
4/28 18:48:54.556  SPELL_AURA_APPLIED_DOSE,Player-4755-01802FE5,"Angrybat-Dreadmist",0x514,0x0,Creature-0-4457-249-1045-10184-000028665C,"Onyxia",0xa48,0x0,12579,"Winter's Chill",0x10,DEBUFF,2
4/28 18:48:54.556  SWING_DAMAGE_LANDED,Player-4755-0220BD00,"Krikoff-Dreadmist",0x40514,0x0,Creature-0-4457-249-1045-10184-000028665C,"Onyxia",0xa48,0x0,Creature-0-4457-249-1045-10184-000028665C,0000000000000000,95,100,0,0,0,-1,0,0,0,5.24,-218.28,0,0.0124,63,246,368,-1,1,0,0,0,nil,1,nil
4/28 18:48:54.556  SPELL_DAMAGE,Player-4755-01733879,"Hocwar-Dreadmist",0x50514,0x0,Creature-0-4457-249-1045-10184-000028665C,"Onyxia",0xa48,0x0,11567,"Heroic Strike",0x1,Creature-0-4457-249-1045-10184-000028665C,0000000000000000,95,100,0,0,0,-1,0,0,0,5.24,-218.28,0,0.0124,63,698,442,-1,1,0,0,0,1,nil,nil
4/28 18:48:54.578  SWING_MISSED,Player-4755-01637B0A,"Pindle-Dreadmist",0x514,0x0,Creature-0-4457-249-1045-10184-000028665C,"Onyxia",0xa48,0x0,MISS,1
4/28 18:48:54.597  SPELL_CAST_SUCCESS,Player-4755-01614AC7,"Mirrimazduur-Dreadmist",0x512,0x0,Creature-0-4457-249-1045-10184-000028665C,"Onyxia",0xa48,0x0,11661,"Shadow Bolt",0x20,Player-4755-01614AC7,0000000000000000,100,100,0,0,0,-1,0,0,0,-2.22,-178.67,0,4.8210,68
4/28 18:48:54.597  SPELL_CAST_START,Player-4755-01614AC7,"Mirrimazduur-Dreadmist",0x512,0x0,0000000000000000,nil,0x80000000,0x80000000,11661,"Shadow Bolt",0x20
4/28 18:48:54.631  SPELL_CAST_SUCCESS,Player-4755-01617EEE,"Fenix-Dreadmist",0x512,0x0,Player-4755-01733879,"Hocwar-Dreadmist",0x50514,0x0,6064,"Heal",0x2,Player-4755-01617EEE,0000000000000000,100,100,0,0,0,-1,0,0,0,17.53,-182.14,0,4.9721,66
4/28 18:48:54.668  SWING_MISSED,Player-4755-01733879,"Hocwar-Dreadmist",0x50514,0x0,Creature-0-4457-249-1045-10184-000028665C,"Onyxia",0xa48,0x0,PARRY,1
4/28 18:48:54.721  SPELL_PERIODIC_HEAL,Player-4755-01FA8DD8,"Roackerita-Dreadmist",0x514,0x0,Player-4755-01F21AE6,"Blahu-Dreadmist",0x40514,0x0,6078,"Renew",0x2,Player-4755-01F21AE6,0000000000000000,100,100,0,0,0,-1,0,0,0,13.67,-188.66,0,4.5543,70,235,235,235,0,nil
4/28 18:48:54.804  SPELL_CAST_SUCCESS,Player-4755-0178F576,"Atreas-Dreadmist",0x514,0x0,Creature-0-4457-249-1045-10184-000028665C,"Onyxia",0xa48,0x0,75,"Auto Shot",0x1,Player-4755-0178F576,0000000000000000,100,100,0,0,0,-1,0,0,0,6.14,-178.76,0,4.5107,66
4/28 18:48:54.804  SPELL_PERIODIC_DAMAGE,Player-4755-01614AC7,"Mirrimazduur-Dreadmist",0x512,0x0,Creature-0-4457-249-1045-10184-000028665C,"Onyxia",0xa48,0x0,11672,"Corruption",0x20,Creature-0-4457-249-1045-10184-000028665C,0000000000000000,95,100,0,0,0,-1,0,0,0,6.33,-218.27,0,0.0166,63,207,188,-1,32,0,0,0,nil,nil,nil
4/28 18:48:54.835  SWING_DAMAGE,Player-4755-01637B0A,"Pindle-Dreadmist",0x514,0x0,Creature-0-4457-249-1045-10184-000028665C,"Onyxia",0xa48,0x0,Player-4755-01637B0A,0000000000000000,100,100,0,0,0,-1,0,0,0,3.09,-208.06,0,4.9553,65,325,201,-1,1,0,0,0,1,nil,nil
4/28 18:48:54.918  SPELL_CAST_SUCCESS,Player-4755-0210153A,"Hapuseneb-Dreadmist",0x514,0x0,Player-4755-01733879,"Hocwar-Dreadmist",0x50514,0x0,2053,"Lesser Heal",0x2,Player-4755-0210153A,0000000000000000,100,100,0,0,0,-1,0,0,0,8.68,-194.53,0,4.5828,66
4/28 18:48:54.918  SPELL_CAST_START,Player-4755-0210153A,"Hapuseneb-Dreadmist",0x514,0x0,0000000000000000,nil,0x80000000,0x80000000,2053,"Lesser Heal",0x2
4/28 18:48:54.971  SPELL_AURA_REMOVED_DOSE,Player-4755-01733879,"Hocwar-Dreadmist",0x50514,0x0,Player-4755-01733879,"Hocwar-Dreadmist",0x50514,0x0,23885,"Bloodthirst",0x1,BUFF,3
4/28 18:48:54.971  SPELL_AURA_APPLIED,Player-4755-01733879,"Hocwar-Dreadmist",0x50514,0x0,Player-4755-01733879,"Hocwar-Dreadmist",0x50514,0x0,12970,"Flurry",0x1,BUFF
4/28 18:48:54.971  SPELL_HEAL,Player-4755-01733879,"Hocwar-Dreadmist",0x50514,0x0,Player-4755-01733879,"Hocwar-Dreadmist",0x50514,0x0,23880,"Bloodthirst",0x1,Player-4755-01733879,0000000000000000,89,100,0,0,0,-1,0,0,0,28.99,-218.28,0,3.1119,71,10,10,0,0,nil
4/28 18:48:54.971  SPELL_AURA_REMOVED_DOSE,Player-4755-01733879,"Hocwar-Dreadmist",0x50514,0x0,Player-4755-01733879,"Hocwar-Dreadmist",0x50514,0x0,12970,"Flurry",0x1,BUFF,2
4/28 18:48:54.971  SPELL_AURA_REMOVED_DOSE,Player-4755-01733879,"Hocwar-Dreadmist",0x50514,0x0,Player-4755-01733879,"Hocwar-Dreadmist",0x50514,0x0,10610,"Windfury Totem",0x8,BUFF,1
4/28 18:48:54.971  SPELL_HEAL,Player-4755-01617EEE,"Fenix-Dreadmist",0x512,0x0,Player-4755-01733879,"Hocwar-Dreadmist",0x50514,0x0,6064,"Heal",0x2,Player-4755-01733879,0000000000000000,100,100,0,0,0,-1,0,0,0,28.99,-218.28,0,3.1119,71,1475,1475,810,0,nil
4/28 18:48:54.971  SWING_DAMAGE_LANDED,Player-4755-01637B0A,"Pindle-Dreadmist",0x514,0x0,Creature-0-4457-249-1045-10184-000028665C,"Onyxia",0xa48,0x0,Creature-0-4457-249-1045-10184-000028665C,0000000000000000,95,100,0,0,0,-1,0,0,0,6.51,-218.27,0,6.2782,63,325,201,-1,1,0,0,0,1,nil,nil
4/28 18:48:54.971  SPELL_HEAL,Player-4755-0210153A,"Hapuseneb-Dreadmist",0x514,0x0,Player-4755-01733879,"Hocwar-Dreadmist",0x50514,0x0,2053,"Lesser Heal",0x2,Player-4755-01733879,0000000000000000,100,100,0,0,0,-1,0,0,0,28.99,-218.28,0,3.1119,71,425,425,425,0,nil
4/28 18:48:54.971  SPELL_CAST_SUCCESS,Player-4755-01FA8D0D,"Roackeru-Dreadmist",0x514,0x0,Creature-0-4457-249-1045-10184-000028665C,"Onyxia",0xa48,0x0,5019,"Shoot",0x1,Player-4755-01FA8D0D,0000000000000000,100,100,0,0,0,-1,0,0,0,14.13,-180.96,0,4.5474,65
4/28 18:48:54.996  SPELL_CAST_START,Player-4755-01F36B30,"Rectumqeef-Dreadmist",0x514,0x0,0000000000000000,nil,0x80000000,0x80000000,5019,"Shoot",0x1
4/28 18:48:55.032  SWING_MISSED,Player-4755-016DF694,"Ashalan-Dreadmist",0x514,0x0,Creature-0-4457-249-1045-10184-000028665C,"Onyxia",0xa48,0x0,DODGE,nil
4/28 18:48:55.048  SPELL_CAST_SUCCESS,Player-4755-01802FE5,"Angrybat-Dreadmist",0x514,0x0,Creature-0-4457-249-1045-10184-000028665C,"Onyxia",0xa48,0x0,10181,"Frostbolt",0x10,Player-4755-01802FE5,0000000000000000,100,100,0,0,0,-1,0,0,0,12.24,-179.84,0,4.5664,66
4/28 18:48:55.048  SPELL_AURA_REMOVED,Player-4755-01802FE5,"Angrybat-Dreadmist",0x514,0x0,Player-4755-01802FE5,"Angrybat-Dreadmist",0x514,0x0,12536,"Clearcasting",0x40,BUFF
4/28 18:48:55.048  SPELL_CAST_START,Player-4755-01802FE5,"Angrybat-Dreadmist",0x514,0x0,0000000000000000,nil,0x80000000,0x80000000,10181,"Frostbolt",0x10
4/28 18:48:55.082  RANGE_DAMAGE,Player-4755-01E83279,"Nlmasters-Dreadmist",0x514,0x8,Creature-0-4457-249-1045-10184-000028665C,"Onyxia",0xa48,0x0,75,"Auto Shot",0x1,Creature-0-4457-249-1045-10184-000028665C,0000000000000000,95,100,0,0,0,-1,0,0,0,7.52,-218.27,0,6.2782,63,852,482,-1,1,0,0,0,1,nil,nil
4/28 18:48:55.082  SPELL_CAST_SUCCESS,Creature-0-4457-249-1045-10184-000028665C,"Onyxia",0xa48,0x0,Player-4755-01733879,"Hocwar-Dreadmist",0x50514,0x0,19983,"Cleave",0x1,Creature-0-4457-249-1045-10184-000028665C,0000000000000000,95,100,0,0,0,-1,0,0,0,7.52,-218.27,0,6.2782,63
4/28 18:48:55.135  SWING_MISSED,Pet-0-4457-249-1045-2850-01001956F9,"Kratos",0x1114,0x0,Creature-0-4457-249-1045-10184-000028665C,"Onyxia",0xa48,0x0,DODGE,nil
4/28 18:48:55.135  SWING_DAMAGE,Player-4755-01AC9FD9,"Alexinho-Dreadmist",0x514,0x0,Creature-0-4457-249-1045-10184-000028665C,"Onyxia",0xa48,0x0,Player-4755-01AC9FD9,0000000000000000,100,100,0,0,0,-1,0,0,0,7.45,-201.94,0,4.5334,66,326,202,-1,1,0,0,0,1,nil,nil
4/28 18:48:55.199  SPELL_CAST_SUCCESS,Player-4755-016296D3,"Nivl-Dreadmist",0x514,0x0,0000000000000000,nil,0x80000000,0x80000000,10497,"Mana Spring Totem",0x10,Player-4755-016296D3,0000000000000000,100,100,0,0,0,-1,0,0,0,10.94,-204.19,0,4.8029,69
4/28 18:48:55.199  SPELL_SUMMON,Player-4755-016296D3,"Nivl-Dreadmist",0x514,0x0,Creature-0-4457-249-1045-7416-0000286C87,"Mana Spring Totem IV",0xa28,0x0,10497,"Mana Spring Totem",0x10
4/28 18:48:55.199  SPELL_AURA_REMOVED,Player-4755-0178F416,"Eltorero-Dreadmist",0x514,0x0,Player-4755-0178F416,"Eltorero-Dreadmist",0x514,0x0,10610,"Windfury Totem",0x8,BUFF
4/28 18:48:55.313  SPELL_PERIODIC_DAMAGE,Player-4755-0160BD13,"Mafkees-Dreadmist",0x514,0x0,Creature-0-4457-249-1045-10184-000028665C,"Onyxia",0xa48,0x0,12721,"Deep Wound",0x1,Creature-0-4457-249-1045-10184-000028665C,0000000000000000,95,100,0,0,0,-1,0,0,0,8.34,-218.28,0,6.2819,63,89,89,-1,1,0,0,0,nil,nil,nil
4/28 18:48:55.361  SPELL_ENERGIZE,Player-4755-0220BD00,"Krikoff-Dreadmist",0x40514,0x0,Player-4755-0220BD00,"Krikoff-Dreadmist",0x40514,0x0,12964,"Unbridled Wrath",0x1,Player-4755-0220BD00,0000000000000000,100,100,0,0,0,-1,0,0,0,7.97,-210.90,0,4.7163,68,1.0000,0.0000,1,1000
4/28 18:48:55.361  SPELL_AURA_REMOVED_DOSE,Player-4755-01733879,"Hocwar-Dreadmist",0x50514,0x0,Player-4755-01733879,"Hocwar-Dreadmist",0x50514,0x0,12970,"Flurry",0x1,BUFF,1
4/28 18:48:55.361  SPELL_AURA_REMOVED,Player-4755-01733879,"Hocwar-Dreadmist",0x50514,0x0,Player-4755-01733879,"Hocwar-Dreadmist",0x50514,0x0,10610,"Windfury Totem",0x8,BUFF
4/28 18:48:55.361  SPELL_DAMAGE,Creature-0-4457-249-1045-10184-000028665C,"Onyxia",0xa48,0x0,Player-4755-01733879,"Hocwar-Dreadmist",0x50514,0x0,19983,"Cleave",0x1,Player-4755-01733879,0000000000000000,84,100,0,0,0,-1,0,0,0,30.71,-218.33,0,3.1119,71,967,2041,-1,1,0,0,0,nil,nil,nil
4/28 18:48:55.361  SWING_DAMAGE_LANDED,Player-4755-01AC9FD9,"Alexinho-Dreadmist",0x514,0x0,Creature-0-4457-249-1045-10184-000028665C,"Onyxia",0xa48,0x0,Creature-0-4457-249-1045-10184-000028665C,0000000000000000,95,100,0,0,0,-1,0,0,0,8.34,-218.28,0,6.2819,63,326,202,-1,1,0,0,0,1,nil,nil
4/28 18:48:55.383  RANGE_DAMAGE,Player-4755-01FA8D0D,"Roackeru-Dreadmist",0x514,0x0,Creature-0-4457-249-1045-10184-000028665C,"Onyxia",0xa48,0x0,5019,"Shoot",0x1,Creature-0-4457-249-1045-10184-000028665C,0000000000000000,95,100,0,0,0,-1,0,0,0,8.56,-218.25,0,0.1303,63,196,178,-1,32,0,0,0,nil,nil,nil
4/28 18:48:55.416  SPELL_DAMAGE,Player-4755-021D6506,"Bloodlady-Dreadmist",0x514,0x0,Creature-0-4457-249-1045-10184-000028665C,"Onyxia",0xa48,0x0,10181,"Frostbolt",0x10,Creature-0-4457-249-1045-10184-000028665C,0000000000000000,95,100,0,0,0,-1,0,0,0,8.90,-218.20,0,0.1303,63,1018,925,-1,16,0,0,0,nil,nil,nil
4/28 18:48:55.432  SPELL_CAST_SUCCESS,Player-4755-0163DD9D,"Kaspais-Dreadmist",0x514,0x0,Creature-0-4457-249-1045-10184-000028665C,"Onyxia",0xa48,0x0,10181,"Frostbolt",0x10,Player-4755-0163DD9D,0000000000000000,100,100,0,0,0,-1,0,0,0,-0.10,-188.44,0,4.8631,66
4/28 18:48:55.481  SPELL_CAST_SUCCESS,Player-4755-01804B95,"Moymoy-Dreadmist",0x514,0x0,Player-4755-01733879,"Hocwar-Dreadmist",0x50514,0x0,939,"Healing Wave",0x8,Player-4755-01804B95,0000000000000000,100,100,0,0,0,-1,0,0,0,9.19,-185.04,0,4.5836,66
4/28 18:48:55.498  SWING_DAMAGE,Player-4755-01A6B139,"Sakatan-Dreadmist",0x514,0x0,Creature-0-4457-249-1045-10184-000028665C,"Onyxia",0xa48,0x0,Player-4755-01A6B139,0000000000000000,100,100,0,0,0,-1,0,0,0,4.72,-199.58,0,5.1176,69,150,208,-1,1,0,0,0,nil,1,nil
4/28 18:48:55.498  SPELL_CAST_SUCCESS,Player-4755-01F36B30,"Rectumqeef-Dreadmist",0x514,0x0,Creature-0-4457-249-1045-10184-000028665C,"Onyxia",0xa48,0x0,5019,"Shoot",0x1,Player-4755-01F36B30,0000000000000000,100,100,0,0,0,-1,0,0,0,6.22,-188.09,0,4.7284,66
4/28 18:48:55.498  RANGE_DAMAGE,Player-4755-01F36B30,"Rectumqeef-Dreadmist",0x514,0x0,Creature-0-4457-249-1045-10184-000028665C,"Onyxia",0xa48,0x0,5019,"Shoot",0x1,Creature-0-4457-249-1045-10184-000028665C,0000000000000000,95,100,0,0,0,-1,0,0,0,9.62,-218.11,0,0.1303,63,59,54,-1,64,0,0,0,nil,nil,nil
4/28 18:48:55.529  SWING_DAMAGE,Player-4755-01AC9FD9,"Alexinho-Dreadmist",0x514,0x0,Creature-0-4457-249-1045-10184-000028665C,"Onyxia",0xa48,0x0,Player-4755-01AC9FD9,0000000000000000,100,100,0,0,0,-1,0,0,0,7.45,-201.94,0,4.5334,66,315,472,-1,1,0,0,0,nil,1,nil
4/28 18:48:55.529  SPELL_CAST_SUCCESS,Player-4755-0160BD13,"Mafkees-Dreadmist",0x514,0x0,0000000000000000,nil,0x80000000,0x80000000,11581,"Thunder Clap",0x1,Player-4755-0160BD13,0000000000000000,100,100,0,0,0,-1,0,0,0,6.79,-209.94,0,4.7422,64
4/28 18:48:55.564  SWING_DAMAGE,Player-4755-01A6B139,"Sakatan-Dreadmist",0x514,0x0,Creature-0-4457-249-1045-10184-000028665C,"Onyxia",0xa48,0x0,Player-4755-01A6B139,0000000000000000,100,100,0,0,0,-1,0,0,0,5.14,-199.74,0,5.1176,69,245,152,-1,1,0,0,0,1,nil,nil
4/28 18:48:55.599  SPELL_PERIODIC_ENERGIZE,Creature-0-4457-249-1045-7416-0000286C79,"Mana Spring Totem IV",0x2114,0x0,Player-4755-0210153A,"Hapuseneb-Dreadmist",0x514,0x0,10494,"Mana Spring",0x8,Player-4755-0210153A,0000000000000000,100,100,0,0,0,-1,0,0,0,8.68,-194.53,0,4.5828,66,13.0000,0.0000,0,6736
4/28 18:48:55.599  SPELL_PERIODIC_ENERGIZE,Creature-0-4457-249-1045-7416-0000286C79,"Mana Spring Totem IV",0x2114,0x0,Player-4755-01804B95,"Moymoy-Dreadmist",0x514,0x0,10494,"Mana Spring",0x8,Player-4755-01804B95,0000000000000000,100,100,0,0,0,-1,0,0,0,9.19,-185.04,0,4.5836,66,12.0000,0.0000,0,5366
4/28 18:48:55.599  SPELL_PERIODIC_ENERGIZE,Creature-0-4457-249-1045-7416-0000286C79,"Mana Spring Totem IV",0x2114,0x0,Player-4755-01FA8DD8,"Roackerita-Dreadmist",0x514,0x0,10494,"Mana Spring",0x8,Player-4755-01FA8DD8,0000000000000000,100,100,0,0,0,-1,0,0,0,2.03,-181.74,0,5.9376,69,12.0000,0.0000,0,6736
4/28 18:48:55.599  SPELL_PERIODIC_ENERGIZE,Creature-0-4457-249-1045-7416-0000286C79,"Mana Spring Totem IV",0x2114,0x0,Player-4755-015FEBD5,"Sauvage-Dreadmist",0x514,0x0,10494,"Mana Spring",0x8,Player-4755-015FEBD5,0000000000000000,100,100,0,0,0,-1,0,0,0,15.89,-180.74,0,4.5773,64,13.0000,0.0000,0,6158
4/28 18:48:55.599  SPELL_PERIODIC_ENERGIZE,Creature-0-4457-249-1045-7416-0000286C79,"Mana Spring Totem IV",0x2114,0x0,Player-4755-01ED7A64,"Sperzieboon-Dreadmist",0x514,0x0,10494,"Mana Spring",0x8,Player-4755-01ED7A64,0000000000000000,100,100,0,0,0,-1,0,0,0,13.03,-191.02,0,4.8214,67,12.0000,0.0000,0,7261
4/28 18:48:55.649  SWING_DAMAGE,Player-4755-01637B0A,"Pindle-Dreadmist",0x514,0x0,Creature-0-4457-249-1045-10184-000028665C,"Onyxia",0xa48,0x0,Player-4755-01637B0A,0000000000000000,100,100,0,0,0,-1,0,0,0,6.30,-207.45,0,4.8591,65,87,117,-1,1,0,0,0,nil,1,nil
4/28 18:48:55.649  SWING_DAMAGE,Pet-0-4457-249-1045-9622-02002CD5BC,"Bokito",0x1114,0x0,Creature-0-4457-249-1045-10184-000028665C,"Onyxia",0xa48,0x0,Pet-0-4457-249-1045-9622-02002CD5BC,Player-4755-020BD78D,100,100,0,0,0,-1,0,0,0,-4.56,-197.67,0,5.0916,70,124,240,-1,1,0,0,0,nil,1,nil
4/28 18:48:55.696  SPELL_CAST_SUCCESS,Player-4755-01ED7A64,"Sperzieboon-Dreadmist",0x514,0x0,Player-4755-01733879,"Hocwar-Dreadmist",0x50514,0x0,6063,"Heal",0x2,Player-4755-01ED7A64,0000000000000000,100,100,0,0,0,-1,0,0,0,13.03,-191.02,0,4.8214,67
4/28 18:48:55.696  SPELL_CAST_START,Player-4755-01ED7A64,"Sperzieboon-Dreadmist",0x514,0x0,0000000000000000,nil,0x80000000,0x80000000,6063,"Heal",0x2
4/28 18:48:55.715  SPELL_CAST_SUCCESS,Player-4755-01733879,"Hocwar-Dreadmist",0x50514,0x0,Creature-0-4457-249-1045-10184-000028665C,"Onyxia",0xa48,0x0,11567,"Heroic Strike",0x1,Player-4755-01733879,0000000000000000,84,100,0,0,0,-1,0,0,0,31.68,-217.91,0,3.1119,71
4/28 18:48:55.715  SPELL_AURA_REMOVED,Player-4755-01733879,"Hocwar-Dreadmist",0x50514,0x0,Player-4755-01733879,"Hocwar-Dreadmist",0x50514,0x0,12970,"Flurry",0x1,BUFF
4/28 18:48:55.751  SPELL_CAST_SUCCESS,Player-4755-0220BD00,"Krikoff-Dreadmist",0x40514,0x0,Creature-0-4457-249-1045-10184-000028665C,"Onyxia",0xa48,0x0,23894,"Bloodthirst",0x1,Player-4755-0220BD00,0000000000000000,100,100,0,0,0,-1,0,0,0,9.74,-210.89,0,4.7163,68
4/28 18:48:55.751  SPELL_CAST_SUCCESS,Pet-0-4457-249-1045-2850-01001956F9,"Kratos",0x1114,0x0,Creature-0-4457-249-1045-10184-000028665C,"Onyxia",0xa48,0x0,3009,"Claw",0x1,Pet-0-4457-249-1045-2850-01001956F9,Player-4755-0178F576,100,100,0,0,0,-1,0,0,0,5.73,-193.66,0,4.8178,66
4/28 18:48:55.778  SPELL_HEAL,Player-4755-01804B95,"Moymoy-Dreadmist",0x514,0x0,Player-4755-01733879,"Hocwar-Dreadmist",0x50514,0x0,939,"Healing Wave",0x8,Player-4755-01733879,0000000000000000,100,100,0,0,0,-1,0,0,0,31.22,-217.90,0,3.1119,71,984,984,17,0,nil
4/28 18:48:55.778  SWING_DAMAGE_LANDED,Player-4755-01A6B139,"Sakatan-Dreadmist",0x514,0x0,Creature-0-4457-249-1045-10184-000028665C,"Onyxia",0xa48,0x0,Creature-0-4457-249-1045-10184-000028665C,0000000000000000,95,100,0,0,0,-1,0,0,0,10.16,-218.04,0,0.0038,63,150,208,-1,1,0,0,0,nil,1,nil
4/28 18:48:55.778  SWING_DAMAGE_LANDED,Player-4755-01AC9FD9,"Alexinho-Dreadmist",0x514,0x0,Creature-0-4457-249-1045-10184-000028665C,"Onyxia",0xa48,0x0,Creature-0-4457-249-1045-10184-000028665C,0000000000000000,95,100,0,0,0,-1,0,0,0,10.16,-218.04,0,0.0038,63,315,472,-1,1,0,0,0,nil,1,nil
4/28 18:48:55.778  SPELL_DAMAGE,Player-4755-0160BD13,"Mafkees-Dreadmist",0x514,0x0,Creature-0-4457-249-1045-10184-000028665C,"Onyxia",0xa48,0x0,11581,"Thunder Clap",0x1,Creature-0-4457-249-1045-10184-000028665C,0000000000000000,95,100,0,0,0,-1,0,0,0,10.16,-218.04,0,0.0038,63,81,103,-1,1,0,0,0,nil,nil,nil
4/28 18:48:55.778  SPELL_AURA_REMOVED,Player-4755-0178F416,"Eltorero-Dreadmist",0x514,0x0,Creature-0-4457-249-1045-10184-000028665C,"Onyxia",0xa48,0x0,11581,"Thunder Clap",0x1,DEBUFF
4/28 18:48:55.778  SPELL_AURA_APPLIED,Player-4755-0160BD13,"Mafkees-Dreadmist",0x514,0x0,Creature-0-4457-249-1045-10184-000028665C,"Onyxia",0xa48,0x0,11581,"Thunder Clap",0x1,DEBUFF
4/28 18:48:55.778  SWING_DAMAGE_LANDED,Player-4755-01A6B139,"Sakatan-Dreadmist",0x514,0x0,Creature-0-4457-249-1045-10184-000028665C,"Onyxia",0xa48,0x0,Creature-0-4457-249-1045-10184-000028665C,0000000000000000,95,100,0,0,0,-1,0,0,0,10.16,-218.04,0,0.0038,63,245,152,-1,1,0,0,0,1,nil,nil
4/28 18:48:55.778  SPELL_DAMAGE,Player-4755-01A6B139,"Sakatan-Dreadmist",0x514,0x0,Creature-0-4457-249-1045-10184-000028665C,"Onyxia",0xa48,0x0,11337,"Instant Poison VI",0x8,Creature-0-4457-249-1045-10184-000028665C,0000000000000000,95,100,0,0,0,-1,0,0,0,10.16,-218.04,0,0.0038,63,136,135,-1,8,0,0,0,nil,nil,nil
4/28 18:48:55.778  SWING_DAMAGE_LANDED,Player-4755-01637B0A,"Pindle-Dreadmist",0x514,0x0,Creature-0-4457-249-1045-10184-000028665C,"Onyxia",0xa48,0x0,Creature-0-4457-249-1045-10184-000028665C,0000000000000000,95,100,0,0,0,-1,0,0,0,10.16,-218.04,0,0.0038,63,87,117,-1,1,0,0,0,nil,1,nil
4/28 18:48:55.778  SWING_DAMAGE_LANDED,Pet-0-4457-249-1045-9622-02002CD5BC,"Bokito",0x1114,0x0,Creature-0-4457-249-1045-10184-000028665C,"Onyxia",0xa48,0x0,Creature-0-4457-249-1045-10184-000028665C,0000000000000000,95,100,0,0,0,-1,0,0,0,10.16,-218.04,0,0.0038,63,124,240,-1,1,0,0,0,nil,1,nil
4/28 18:48:55.778  SPELL_HEAL,Player-4755-01ED7A64,"Sperzieboon-Dreadmist",0x514,0x0,Player-4755-01733879,"Hocwar-Dreadmist",0x50514,0x0,6063,"Heal",0x2,Player-4755-01733879,0000000000000000,100,100,0,0,0,-1,0,0,0,31.22,-217.90,0,3.1119,71,1152,1152,1152,0,nil
4/28 18:48:55.778  SPELL_DAMAGE,Player-4755-01733879,"Hocwar-Dreadmist",0x50514,0x0,Creature-0-4457-249-1045-10184-000028665C,"Onyxia",0xa48,0x0,11567,"Heroic Strike",0x1,Creature-0-4457-249-1045-10184-000028665C,0000000000000000,95,100,0,0,0,-1,0,0,0,10.16,-218.04,0,0.0038,63,336,427,-1,1,0,0,0,nil,nil,nil
4/28 18:48:55.778  SPELL_DAMAGE,Player-4755-0220BD00,"Krikoff-Dreadmist",0x40514,0x0,Creature-0-4457-249-1045-10184-000028665C,"Onyxia",0xa48,0x0,23894,"Bloodthirst",0x1,Creature-0-4457-249-1045-10184-000028665C,0000000000000000,95,100,0,0,0,-1,0,0,0,10.16,-218.04,0,0.0038,63,448,569,-1,1,0,0,0,nil,nil,nil
4/28 18:48:55.778  SPELL_AURA_APPLIED,Player-4755-0220BD00,"Krikoff-Dreadmist",0x40514,0x0,Player-4755-0220BD00,"Krikoff-Dreadmist",0x40514,0x0,23888,"Bloodthirst",0x1,BUFF
4/28 18:48:55.778  SPELL_DAMAGE,Pet-0-4457-249-1045-2850-01001956F9,"Kratos",0x1114,0x0,Creature-0-4457-249-1045-10184-000028665C,"Onyxia",0xa48,0x0,3009,"Claw",0x1,Creature-0-4457-249-1045-10184-000028665C,0000000000000000,95,100,0,0,0,-1,0,0,0,10.16,-218.04,0,0.0038,63,71,89,-1,1,0,0,0,nil,nil,nil
4/28 18:48:55.778  SPELL_CAST_START,Player-4755-01E83279,"Nlmasters-Dreadmist",0x514,0x8,0000000000000000,nil,0x80000000,0x80000000,75,"Auto Shot",0x1
4/28 18:48:55.808  RANGE_DAMAGE,Player-4755-0178F576,"Atreas-Dreadmist",0x514,0x0,Creature-0-4457-249-1045-10184-000028665C,"Onyxia",0xa48,0x0,75,"Auto Shot",0x1,Creature-0-4457-249-1045-10184-000028665C,0000000000000000,95,100,0,0,0,-1,0,0,0,10.16,-218.04,0,0.0038,63,434,549,-1,1,0,0,0,nil,nil,nil
4/28 18:48:55.808  SWING_DAMAGE,Player-4755-0220BD00,"Krikoff-Dreadmist",0x40514,0x0,Creature-0-4457-249-1045-10184-000028665C,"Onyxia",0xa48,0x0,Player-4755-0220BD00,0000000000000000,100,100,0,0,0,-1,0,0,0,9.74,-210.89,0,4.7163,68,177,224,-1,1,0,0,0,nil,nil,nil
4/28 18:48:55.838  SPELL_CAST_START,Player-4755-01804B95,"Moymoy-Dreadmist",0x514,0x0,0000000000000000,nil,0x80000000,0x80000000,939,"Healing Wave",0x8
4/28 18:48:55.896  SWING_DAMAGE,Player-4755-01733879,"Hocwar-Dreadmist",0x50514,0x0,Creature-0-4457-249-1045-10184-000028665C,"Onyxia",0xa48,0x0,Player-4755-01733879,0000000000000000,100,100,0,0,0,-1,0,0,0,30.28,-217.87,0,3.1119,71,107,158,-1,1,0,0,0,nil,1,nil
4/28 18:48:55.965  SPELL_CAST_START,Player-4755-01FA8D0D,"Roackeru-Dreadmist",0x514,0x0,0000000000000000,nil,0x80000000,0x80000000,5019,"Shoot",0x1
4/28 18:48:55.965  SPELL_CAST_SUCCESS,Player-4755-020BD78D,"Lonehunter-Dreadmist",0x514,0x0,Creature-0-4457-249-1045-10184-000028665C,"Onyxia",0xa48,0x0,20904,"Aimed Shot",0x1,Player-4755-020BD78D,0000000000000000,100,100,0,0,0,-1,0,0,0,1.62,-179.46,0,4.9304,70
4/28 18:48:55.965  SPELL_CAST_START,Player-4755-020BD78D,"Lonehunter-Dreadmist",0x514,0x0,0000000000000000,nil,0x80000000,0x80000000,14290,"Multi-Shot",0x1
4/28 18:48:56.109  SPELL_PERIODIC_DAMAGE,Player-4755-0178F416,"Eltorero-Dreadmist",0x514,0x0,Creature-0-4457-249-1045-10184-000028665C,"Onyxia",0xa48,0x0,12721,"Deep Wound",0x1,Creature-0-4457-249-1045-10184-000028665C,0000000000000000,95,100,0,0,0,-1,0,0,0,10.16,-218.04,0,0.0038,63,110,110,-1,1,0,0,0,nil,nil,nil
4/28 18:48:56.109  SPELL_CAST_SUCCESS,Player-4755-01E83279,"Nlmasters-Dreadmist",0x514,0x8,Creature-0-4457-249-1045-10184-000028665C,"Onyxia",0xa48,0x0,75,"Auto Shot",0x1,Player-4755-01E83279,0000000000000000,100,100,0,0,0,-1,0,0,0,9.82,-182.25,0,4.6694,70
4/28 18:48:56.139  SWING_DAMAGE,Pet-0-4457-249-1045-2850-01001956F9,"Kratos",0x1114,0x0,Creature-0-4457-249-1045-10184-000028665C,"Onyxia",0xa48,0x0,Pet-0-4457-249-1045-2850-01001956F9,Player-4755-0178F576,100,100,0,0,0,-1,0,0,0,5.73,-193.66,0,4.8178,66,95,120,-1,1,0,0,0,nil,nil,nil
4/28 18:48:56.175  SPELL_AURA_REMOVED_DOSE,Player-4755-01733879,"Hocwar-Dreadmist",0x50514,0x0,Player-4755-01733879,"Hocwar-Dreadmist",0x50514,0x0,23885,"Bloodthirst",0x1,BUFF,2
4/28 18:48:56.175  SPELL_HEAL,Player-4755-01733879,"Hocwar-Dreadmist",0x50514,0x0,Player-4755-01733879,"Hocwar-Dreadmist",0x50514,0x0,23880,"Bloodthirst",0x1,Player-4755-01733879,0000000000000000,100,100,0,0,0,-1,0,0,0,30.03,-217.86,0,3.1119,71,10,10,10,0,nil
4/28 18:48:56.175  SPELL_AURA_REMOVED_DOSE,Player-4755-0220BD00,"Krikoff-Dreadmist",0x40514,0x0,Player-4755-0220BD00,"Krikoff-Dreadmist",0x40514,0x0,23888,"Bloodthirst",0x1,BUFF,4
4/28 18:48:56.175  SPELL_HEAL,Player-4755-0220BD00,"Krikoff-Dreadmist",0x40514,0x0,Player-4755-0220BD00,"Krikoff-Dreadmist",0x40514,0x0,23891,"Bloodthirst",0x1,Player-4755-0220BD00,0000000000000000,100,100,0,0,0,-1,0,0,0,9.74,-210.89,0,4.7163,68,20,20,20,0,nil
4/28 18:48:56.175  SWING_DAMAGE_LANDED,Player-4755-0220BD00,"Krikoff-Dreadmist",0x40514,0x0,Creature-0-4457-249-1045-10184-000028665C,"Onyxia",0xa48,0x0,Creature-0-4457-249-1045-10184-000028665C,0000000000000000,95,100,0,0,0,-1,0,0,0,10.16,-218.04,0,0.0038,63,177,224,-1,1,0,0,0,nil,nil,nil
4/28 18:48:56.175  SWING_DAMAGE_LANDED,Player-4755-01733879,"Hocwar-Dreadmist",0x50514,0x0,Creature-0-4457-249-1045-10184-000028665C,"Onyxia",0xa48,0x0,Creature-0-4457-249-1045-10184-000028665C,0000000000000000,95,100,0,0,0,-1,0,0,0,10.16,-218.04,0,0.0038,63,107,158,-1,1,0,0,0,nil,1,nil
4/28 18:48:56.175  SWING_DAMAGE_LANDED,Pet-0-4457-249-1045-2850-01001956F9,"Kratos",0x1114,0x0,Creature-0-4457-249-1045-10184-000028665C,"Onyxia",0xa48,0x0,Creature-0-4457-249-1045-10184-000028665C,0000000000000000,95,100,0,0,0,-1,0,0,0,10.16,-218.04,0,0.0038,63,95,120,-1,1,0,0,0,nil,nil,nil
4/28 18:48:56.197  SPELL_PERIODIC_HEAL,Player-4755-02045EF4,"Necrosini-Dreadmist",0x512,0x0,Player-4755-0178F416,"Eltorero-Dreadmist",0x514,0x0,10929,"Renew",0x2,Player-4755-0178F416,0000000000000000,100,100,0,0,0,-1,0,0,0,7.76,-204.32,0,4.7781,67,253,253,253,0,nil
4/28 18:48:56.197  SPELL_AURA_REMOVED,Player-4755-02045EF4,"Necrosini-Dreadmist",0x512,0x0,Player-4755-0178F416,"Eltorero-Dreadmist",0x514,0x0,10929,"Renew",0x2,BUFF
4/28 18:48:56.230  SWING_DAMAGE,Player-4755-01637B0A,"Pindle-Dreadmist",0x514,0x0,Creature-0-4457-249-1045-10184-000028665C,"Onyxia",0xa48,0x0,Player-4755-01637B0A,0000000000000000,100,100,0,0,0,-1,0,0,0,7.11,-207.35,0,4.8571,65,160,216,-1,1,0,0,0,nil,1,nil
4/28 18:48:56.246  SWING_DAMAGE,Player-4755-016296D3,"Nivl-Dreadmist",0x514,0x0,Creature-0-4457-249-1045-10184-000028665C,"Onyxia",0xa48,0x0,Player-4755-016296D3,0000000000000000,100,100,0,0,0,-1,0,0,0,10.76,-202.27,0,4.8029,69,209,265,-1,1,0,0,0,nil,nil,nil
4/28 18:48:56.297  SWING_MISSED,Player-4755-0160BD13,"Mafkees-Dreadmist",0x514,0x0,Creature-0-4457-249-1045-10184-000028665C,"Onyxia",0xa48,0x0,DODGE,nil
4/28 18:48:56.374  SPELL_CAST_SUCCESS,Player-4755-01A6B139,"Sakatan-Dreadmist",0x514,0x0,Creature-0-4457-249-1045-10184-000028665C,"Onyxia",0xa48,0x0,11303,"Feint",0x1,Player-4755-01A6B139,0000000000000000,100,100,0,0,0,-1,0,0,0,8.12,-201.16,0,5.1176,69
4/28 18:48:56.412  SPELL_CAST_SUCCESS,Player-4755-020BD78D,"Lonehunter-Dreadmist",0x514,0x0,Creature-0-4457-249-1045-10184-000028665C,"Onyxia",0xa48,0x0,14290,"Multi-Shot",0x1,Player-4755-020BD78D,0000000000000000,100,100,0,0,0,-1,0,0,0,1.62,-179.46,0,4.9304,70
4/28 18:48:56.413  SPELL_CAST_START,Player-4755-020BD78D,"Lonehunter-Dreadmist",0x514,0x0,0000000000000000,nil,0x80000000,0x80000000,75,"Auto Shot",0x1
4/28 18:48:56.444  SPELL_DAMAGE,Player-4755-01802FE5,"Angrybat-Dreadmist",0x514,0x0,Creature-0-4457-249-1045-10184-000028665C,"Onyxia",0xa48,0x0,10181,"Frostbolt",0x10,Creature-0-4457-249-1045-10184-000028665C,0000000000000000,95,100,0,0,0,-1,0,0,0,10.16,-218.04,0,0.0038,63,980,890,-1,16,0,0,0,nil,nil,nil
4/28 18:48:56.473  SPELL_CAST_SUCCESS,Player-4755-01FA8D0D,"Roackeru-Dreadmist",0x514,0x0,Creature-0-4457-249-1045-10184-000028665C,"Onyxia",0xa48,0x0,5019,"Shoot",0x1,Player-4755-01FA8D0D,0000000000000000,100,100,0,0,0,-1,0,0,0,14.13,-180.96,0,4.7006,65
4/28 18:48:56.492  SPELL_CAST_START,Player-4755-01F36B30,"Rectumqeef-Dreadmist",0x514,0x0,0000000000000000,nil,0x80000000,0x80000000,5019,"Shoot",0x1
4/28 18:48:56.492  SPELL_CAST_SUCCESS,Player-4755-021D6506,"Bloodlady-Dreadmist",0x514,0x0,Creature-0-4457-249-1045-10184-000028665C,"Onyxia",0xa48,0x0,10181,"Frostbolt",0x10,Player-4755-021D6506,0000000000000000,100,100,0,0,0,-1,0,0,0,2.26,-178.45,0,4.9285,69
4/28 18:48:56.525  SPELL_CAST_SUCCESS,Player-4755-015FEBD5,"Sauvage-Dreadmist",0x514,0x0,Creature-0-4457-249-1045-10184-000028665C,"Onyxia",0xa48,0x0,10181,"Frostbolt",0x10,Player-4755-015FEBD5,0000000000000000,100,100,0,0,0,-1,0,0,0,15.89,-180.74,0,4.6794,64
4/28 18:48:56.540  SPELL_CAST_START,Player-4755-0163DD9D,"Kaspais-Dreadmist",0x514,0x0,0000000000000000,nil,0x80000000,0x80000000,5019,"Shoot",0x1
4/28 18:48:56.540  SWING_DAMAGE,Player-4755-01AC9FD9,"Alexinho-Dreadmist",0x514,0x0,Creature-0-4457-249-1045-10184-000028665C,"Onyxia",0xa48,0x0,Player-4755-01AC9FD9,0000000000000000,100,100,0,0,0,-1,0,0,0,10.78,-201.85,0,4.7408,66,123,194,-1,1,0,0,0,nil,1,nil
4/28 18:48:56.540  SPELL_DAMAGE,Player-4755-0163DD9D,"Kaspais-Dreadmist",0x514,0x0,Creature-0-4457-249-1045-10184-000028665C,"Onyxia",0xa48,0x0,10181,"Frostbolt",0x10,Creature-0-4457-249-1045-10184-000028665C,0000000000000000,94,100,0,0,0,-1,0,0,0,10.16,-218.04,0,0.0038,63,941,855,-1,16,0,0,0,nil,nil,nil
4/28 18:48:56.558  SPELL_CAST_SUCCESS,Player-4755-02045EF4,"Necrosini-Dreadmist",0x512,0x0,Player-4755-01733879,"Hocwar-Dreadmist",0x50514,0x0,2054,"Heal",0x2,Player-4755-02045EF4,0000000000000000,100,100,0,0,0,-1,0,0,0,5.83,-191.53,0,5.1004,69
4/28 18:48:56.577  SPELL_AURA_REMOVED_DOSE,Player-4755-0220BD00,"Krikoff-Dreadmist",0x40514,0x0,Player-4755-0220BD00,"Krikoff-Dreadmist",0x40514,0x0,23888,"Bloodthirst",0x1,BUFF,3
4/28 18:48:56.577  SPELL_HEAL,Player-4755-0220BD00,"Krikoff-Dreadmist",0x40514,0x0,Player-4755-0220BD00,"Krikoff-Dreadmist",0x40514,0x0,23891,"Bloodthirst",0x1,Player-4755-0220BD00,0000000000000000,100,100,0,0,0,-1,0,0,0,10.75,-210.89,0,4.7163,68,20,20,20,0,nil
4/28 18:48:56.577  SPELL_AURA_REMOVED_DOSE,Player-4755-01733879,"Hocwar-Dreadmist",0x50514,0x0,Player-4755-01733879,"Hocwar-Dreadmist",0x50514,0x0,23885,"Bloodthirst",0x1,BUFF,1
4/28 18:48:56.577  SPELL_HEAL,Player-4755-01733879,"Hocwar-Dreadmist",0x50514,0x0,Player-4755-01733879,"Hocwar-Dreadmist",0x50514,0x0,23880,"Bloodthirst",0x1,Player-4755-01733879,0000000000000000,100,100,0,0,0,-1,0,0,0,29.22,-217.85,0,3.1904,71,10,10,10,0,nil
4/28 18:48:56.577  SWING_DAMAGE_LANDED,Player-4755-01637B0A,"Pindle-Dreadmist",0x514,0x0,Creature-0-4457-249-1045-10184-000028665C,"Onyxia",0xa48,0x0,Creature-0-4457-249-1045-10184-000028665C,0000000000000000,94,100,0,0,0,-1,0,0,0,10.16,-218.04,0,0.0038,63,160,216,-1,1,0,0,0,nil,1,nil
4/28 18:48:56.577  SWING_DAMAGE_LANDED,Player-4755-016296D3,"Nivl-Dreadmist",0x514,0x0,Creature-0-4457-249-1045-10184-000028665C,"Onyxia",0xa48,0x0,Creature-0-4457-249-1045-10184-000028665C,0000000000000000,94,100,0,0,0,-1,0,0,0,10.16,-218.04,0,0.0038,63,209,265,-1,1,0,0,0,nil,nil,nil
4/28 18:48:56.577  SWING_DAMAGE_LANDED,Player-4755-01AC9FD9,"Alexinho-Dreadmist",0x514,0x0,Creature-0-4457-249-1045-10184-000028665C,"Onyxia",0xa48,0x0,Creature-0-4457-249-1045-10184-000028665C,0000000000000000,94,100,0,0,0,-1,0,0,0,10.16,-218.04,0,0.0038,63,123,194,-1,1,0,0,0,nil,1,nil
4/28 18:48:56.577  SPELL_DAMAGE,Player-4755-01AC9FD9,"Alexinho-Dreadmist",0x514,0x0,Creature-0-4457-249-1045-10184-000028665C,"Onyxia",0xa48,0x0,11337,"Instant Poison VI",0x8,Creature-0-4457-249-1045-10184-000028665C,0000000000000000,94,100,0,0,0,-1,0,0,0,10.16,-218.04,0,0.0038,63,133,133,-1,8,0,0,0,nil,nil,nil
4/28 18:48:56.577  SPELL_HEAL,Player-4755-02045EF4,"Necrosini-Dreadmist",0x512,0x0,Player-4755-01733879,"Hocwar-Dreadmist",0x50514,0x0,2054,"Heal",0x2,Player-4755-01733879,0000000000000000,100,100,0,0,0,-1,0,0,0,29.22,-217.85,0,3.1904,71,659,659,659,0,nil
4/28 18:48:56.618  SPELL_DAMAGE,Player-4755-01614AC7,"Mirrimazduur-Dreadmist",0x512,0x0,Creature-0-4457-249-1045-10184-000028665C,"Onyxia",0xa48,0x0,11661,"Shadow Bolt",0x20,Creature-0-4457-249-1045-10184-000028665C,0000000000000000,94,100,0,0,0,-1,0,0,0,10.16,-218.04,0,0.0038,63,725,878,-1,32,220,0,0,nil,nil,nil
4/28 18:48:56.618  SPELL_CAST_START,Player-4755-021D6506,"Bloodlady-Dreadmist",0x514,0x0,0000000000000000,nil,0x80000000,0x80000000,10181,"Frostbolt",0x10
4/28 18:48:56.651  SPELL_CAST_SUCCESS,Player-4755-01B60A5F,"Zurok-Dreadmist",0x514,0x0,Creature-0-4457-249-1045-10184-000028665C,"Onyxia",0xa48,0x0,20904,"Aimed Shot",0x1,Player-4755-01B60A5F,0000000000000000,100,100,0,0,0,-1,0,0,0,12.36,-183.99,0,4.8145,62
4/28 18:48:56.651  SPELL_CAST_START,Player-4755-01B60A5F,"Zurok-Dreadmist",0x514,0x0,0000000000000000,nil,0x80000000,0x80000000,14290,"Multi-Shot",0x1
4/28 18:48:56.737  SWING_MISSED,Player-4755-01637B0A,"Pindle-Dreadmist",0x514,0x0,Creature-0-4457-249-1045-10184-000028665C,"Onyxia",0xa48,0x0,DODGE,1
4/28 18:48:56.737  SPELL_PERIODIC_HEAL,Player-4755-01FA8DD8,"Roackerita-Dreadmist",0x514,0x0,Player-4755-0220BD00,"Krikoff-Dreadmist",0x40514,0x0,6078,"Renew",0x2,Player-4755-0220BD00,0000000000000000,100,100,0,0,0,-1,0,0,0,10.75,-210.89,0,4.7163,68,235,235,235,0,nil
4/28 18:48:56.853  SPELL_PERIODIC_DAMAGE,Player-4755-01F36B30,"Rectumqeef-Dreadmist",0x514,0x0,Creature-0-4457-249-1045-10184-000028665C,"Onyxia",0xa48,0x0,11672,"Corruption",0x20,Creature-0-4457-249-1045-10184-000028665C,0000000000000000,94,100,0,0,0,-1,0,0,0,10.16,-218.04,0,0.0038,63,224,203,-1,32,0,0,0,nil,nil,nil
4/28 18:48:56.853  SPELL_CAST_SUCCESS,Player-4755-020BD78D,"Lonehunter-Dreadmist",0x514,0x0,Creature-0-4457-249-1045-10184-000028665C,"Onyxia",0xa48,0x0,75,"Auto Shot",0x1,Player-4755-020BD78D,0000000000000000,100,100,0,0,0,-1,0,0,0,1.62,-179.46,0,4.9304,70
4/28 18:48:56.870  RANGE_DAMAGE,Player-4755-01FA8D0D,"Roackeru-Dreadmist",0x514,0x0,Creature-0-4457-249-1045-10184-000028665C,"Onyxia",0xa48,0x0,5019,"Shoot",0x1,Creature-0-4457-249-1045-10184-000028665C,0000000000000000,94,100,0,0,0,-1,0,0,0,10.16,-218.04,0,0.0038,63,117,106,-1,32,0,0,0,nil,nil,nil
4/28 18:48:56.901  SPELL_CAST_START,Player-4755-0178F576,"Atreas-Dreadmist",0x514,0x0,0000000000000000,nil,0x80000000,0x80000000,75,"Auto Shot",0x1
4/28 18:48:56.920  SPELL_MISSED,Player-4755-01A6B139,"Sakatan-Dreadmist",0x514,0x0,Creature-0-4457-249-1045-10184-000028665C,"Onyxia",0xa48,0x0,11337,"Instant Poison VI",0x8,RESIST,nil,0
4/28 18:48:56.920  SWING_DAMAGE,Player-4755-01A6B139,"Sakatan-Dreadmist",0x514,0x0,Creature-0-4457-249-1045-10184-000028665C,"Onyxia",0xa48,0x0,Player-4755-01A6B139,0000000000000000,100,100,0,0,0,-1,0,0,0,9.75,-201.59,0,5.1176,69,219,136,-1,1,0,0,0,1,nil,nil
4/28 18:48:56.920  SWING_DAMAGE,Player-4755-0220BD00,"Krikoff-Dreadmist",0x40514,0x0,Creature-0-4457-249-1045-10184-000028665C,"Onyxia",0xa48,0x0,Player-4755-0220BD00,0000000000000000,100,100,0,0,0,-1,0,0,0,10.75,-210.89,0,4.7163,68,225,329,-1,1,0,0,0,nil,1,nil
4/28 18:48:56.920  SWING_DAMAGE,Player-4755-01A6B139,"Sakatan-Dreadmist",0x514,0x0,Creature-0-4457-249-1045-10184-000028665C,"Onyxia",0xa48,0x0,Player-4755-01A6B139,0000000000000000,100,100,0,0,0,-1,0,0,0,9.75,-201.59,0,5.1176,69,372,231,-1,1,0,0,0,1,nil,nil
4/28 18:48:56.952  SPELL_CAST_SUCCESS,Player-4755-01B60A5F,"Zurok-Dreadmist",0x514,0x0,Creature-0-4457-249-1045-10184-000028665C,"Onyxia",0xa48,0x0,14290,"Multi-Shot",0x1,Player-4755-01B60A5F,0000000000000000,100,100,0,0,0,-1,0,0,0,12.36,-183.99,0,4.8184,62
4/28 18:48:56.952  SPELL_DAMAGE,Player-4755-020BD78D,"Lonehunter-Dreadmist",0x514,0x0,Creature-0-4457-249-1045-10184-000028665C,"Onyxia",0xa48,0x0,20904,"Aimed Shot",0x1,Creature-0-4457-249-1045-10184-000028665C,0000000000000000,94,100,0,0,0,-1,0,0,0,10.16,-218.04,0,0.0038,63,867,1100,-1,1,0,0,0,nil,nil,nil
4/28 18:48:56.985  SPELL_ENERGIZE,Player-4755-01733879,"Hocwar-Dreadmist",0x50514,0x0,Player-4755-01733879,"Hocwar-Dreadmist",0x50514,0x0,12964,"Unbridled Wrath",0x1,Player-4755-01733879,0000000000000000,100,100,0,0,0,-1,0,0,0,28.27,-217.90,0,3.1694,71,1.0000,0.0000,1,1000
4/28 18:48:56.985  SPELL_AURA_REMOVED,Player-4755-0160BD13,"Mafkees-Dreadmist",0x514,0x0,Player-4755-0160BD13,"Mafkees-Dreadmist",0x514,0x0,12970,"Flurry",0x1,BUFF
4/28 18:48:56.985  SPELL_AURA_APPLIED_DOSE,Player-4755-01802FE5,"Angrybat-Dreadmist",0x514,0x0,Creature-0-4457-249-1045-10184-000028665C,"Onyxia",0xa48,0x0,12579,"Winter's Chill",0x10,DEBUFF,3
4/28 18:48:56.985  SWING_DAMAGE_LANDED,Player-4755-01A6B139,"Sakatan-Dreadmist",0x514,0x0,Creature-0-4457-249-1045-10184-000028665C,"Onyxia",0xa48,0x0,Creature-0-4457-249-1045-10184-000028665C,0000000000000000,94,100,0,0,0,-1,0,0,0,10.16,-218.04,0,0.0038,63,219,136,-1,1,0,0,0,1,nil,nil
4/28 18:48:56.985  SWING_DAMAGE_LANDED,Player-4755-0220BD00,"Krikoff-Dreadmist",0x40514,0x0,Creature-0-4457-249-1045-10184-000028665C,"Onyxia",0xa48,0x0,Creature-0-4457-249-1045-10184-000028665C,0000000000000000,94,100,0,0,0,-1,0,0,0,10.16,-218.04,0,0.0038,63,225,329,-1,1,0,0,0,nil,1,nil
4/28 18:48:56.985  SWING_DAMAGE_LANDED,Player-4755-01A6B139,"Sakatan-Dreadmist",0x514,0x0,Creature-0-4457-249-1045-10184-000028665C,"Onyxia",0xa48,0x0,Creature-0-4457-249-1045-10184-000028665C,0000000000000000,94,100,0,0,0,-1,0,0,0,10.16,-218.04,0,0.0038,63,372,231,-1,1,0,0,0,1,nil,nil
4/28 18:48:57.001  SPELL_AURA_REMOVED,Pet-0-4457-249-1045-7432-01002D8BC6,"Cat",0x1114,0x0,Pet-0-4457-249-1045-7432-01002D8BC6,"Cat",0x1114,0x0,23110,"Dash",0x1,BUFF
4/28 18:48:57.001  RANGE_DAMAGE,Player-4755-01F36B30,"Rectumqeef-Dreadmist",0x514,0x0,Creature-0-4457-249-1045-10184-000028665C,"Onyxia",0xa48,0x0,5019,"Shoot",0x1,Creature-0-4457-249-1045-10184-000028665C,0000000000000000,94,100,0,0,0,-1,0,0,0,10.16,-218.04,0,0.0038,63,100,91,-1,64,0,0,0,nil,nil,nil
4/28 18:48:57.001  RANGE_DAMAGE,Player-4755-01E83279,"Nlmasters-Dreadmist",0x514,0x8,Creature-0-4457-249-1045-10184-000028665C,"Onyxia",0xa48,0x0,75,"Auto Shot",0x1,Creature-0-4457-249-1045-10184-000028665C,0000000000000000,94,100,0,0,0,-1,0,0,0,10.16,-218.04,0,0.0038,63,771,436,-1,1,0,0,0,1,nil,nil
4/28 18:48:57.018  SPELL_AURA_APPLIED,Player-4755-01840577,"Raggèn-Dreadmist",0x514,0x0,Player-4755-01840577,"Raggèn-Dreadmist",0x514,0x0,16361,"Windfury Weapon",0x8,BUFF
4/28 18:48:57.018  SPELL_EXTRA_ATTACKS,Player-4755-01840577,"Raggèn-Dreadmist",0x514,0x0,Player-4755-01840577,"Raggèn-Dreadmist",0x514,0x0,16361,"Windfury Weapon",0x8,2
4/28 18:48:57.018  SWING_DAMAGE,Player-4755-01840577,"Raggèn-Dreadmist",0x514,0x0,Creature-0-4457-249-1045-10184-000028665C,"Onyxia",0xa48,0x0,Player-4755-01840577,0000000000000000,100,100,0,0,0,-1,0,0,0,11.33,-208.26,0,4.6362,67,404,582,-1,1,0,0,0,nil,1,nil
4/28 18:48:57.035  SPELL_CAST_SUCCESS,Player-4755-0163DD9D,"Kaspais-Dreadmist",0x514,0x0,Creature-0-4457-249-1045-10184-000028665C,"Onyxia",0xa48,0x0,5019,"Shoot",0x1,Player-4755-0163DD9D,0000000000000000,100,100,0,0,0,-1,0,0,0,-0.10,-188.44,0,4.8867,66
4/28 18:48:57.035  SWING_DAMAGE,Player-4755-01840577,"Raggèn-Dreadmist",0x514,0x0,Creature-0-4457-249-1045-10184-000028665C,"Onyxia",0xa48,0x0,Player-4755-01840577,0000000000000000,100,100,0,0,0,-1,0,0,0,11.33,-208.26,0,4.6362,67,493,743,-1,1,0,0,0,nil,1,nil
4/28 18:48:57.050  SWING_DAMAGE,Player-4755-01840577,"Raggèn-Dreadmist",0x514,0x0,Creature-0-4457-249-1045-10184-000028665C,"Onyxia",0xa48,0x0,Player-4755-01840577,0000000000000000,100,100,0,0,0,-1,0,0,0,11.33,-208.26,0,4.6362,67,490,696,-1,1,0,0,0,nil,1,nil
4/28 18:48:57.050  SPELL_CAST_SUCCESS,Player-4755-016DF694,"Ashalan-Dreadmist",0x514,0x0,Creature-0-4457-249-1045-10184-000028665C,"Onyxia",0xa48,0x0,17364,"Stormstrike",0x1,Player-4755-016DF694,0000000000000000,100,100,0,0,0,-1,0,0,0,9.56,-208.69,0,4.7344,67
4/28 18:48:57.103  SPELL_CAST_SUCCESS,Player-4755-01614AC7,"Mirrimazduur-Dreadmist",0x512,0x0,Creature-0-4457-249-1045-10184-000028665C,"Onyxia",0xa48,0x0,11661,"Shadow Bolt",0x20,Player-4755-01614AC7,0000000000000000,100,100,0,0,0,-1,0,0,0,-2.22,-178.67,0,4.9035,68
4/28 18:48:57.103  SPELL_CAST_START,Player-4755-01614AC7,"Mirrimazduur-Dreadmist",0x512,0x0,0000000000000000,nil,0x80000000,0x80000000,11661,"Shadow Bolt",0x20
4/28 18:48:57.152  SWING_DAMAGE,Pet-0-4457-249-1045-2850-01001956F9,"Kratos",0x1114,0x0,Creature-0-4457-249-1045-10184-000028665C,"Onyxia",0xa48,0x0,Pet-0-4457-249-1045-2850-01001956F9,Player-4755-0178F576,100,100,0,0,0,-1,0,0,0,5.73,-193.66,0,4.8178,66,57,128,-1,1,0,0,0,nil,1,nil
4/28 18:48:57.218  SPELL_CAST_START,Player-4755-01B60A5F,"Zurok-Dreadmist",0x514,0x0,0000000000000000,nil,0x80000000,0x80000000,75,"Auto Shot",0x1
4/28 18:48:57.265  SPELL_CAST_SUCCESS,Player-4755-0160BD13,"Mafkees-Dreadmist",0x514,0x0,0000000000000000,nil,0x80000000,0x80000000,11556,"Demoralizing Shout",0x1,Player-4755-0160BD13,0000000000000000,100,100,0,0,0,-1,0,0,0,10.68,-209.62,0,3.9529,64
4/28 18:48:57.281  SWING_DAMAGE,Player-4755-0178F416,"Eltorero-Dreadmist",0x514,0x0,Creature-0-4457-249-1045-10184-000028665C,"Onyxia",0xa48,0x0,Player-4755-0178F416,0000000000000000,100,100,0,0,0,-1,0,0,0,10.43,-204.04,0,4.8880,67,1067,677,-1,1,0,0,0,1,nil,nil
4/28 18:48:57.281  SWING_DAMAGE,Creature-0-4457-249-1045-10184-000028665C,"Onyxia",0xa48,0x0,Player-4755-01733879,"Hocwar-Dreadmist",0x50514,0x0,Creature-0-4457-249-1045-10184-000028665C,0000000000000000,94,100,0,0,0,-1,0,0,0,10.16,-218.04,0,0.0038,63,1074,1511,-1,1,0,0,0,nil,nil,1
4/28 18:48:57.346  SPELL_CAST_SUCCESS,Player-4755-0178F576,"Atreas-Dreadmist",0x514,0x0,Creature-0-4457-249-1045-10184-000028665C,"Onyxia",0xa48,0x0,75,"Auto Shot",0x1,Player-4755-0178F576,0000000000000000,100,100,0,0,0,-1,0,0,0,6.14,-178.76,0,4.5107,66
4/28 18:48:57.346  SWING_DAMAGE,Player-4755-01733879,"Hocwar-Dreadmist",0x50514,0x0,Creature-0-4457-249-1045-10184-000028665C,"Onyxia",0xa48,0x0,Player-4755-01733879,0000000000000000,100,100,0,0,0,-1,0,0,0,27.05,-217.89,0,3.1379,71,113,163,-1,1,0,0,0,nil,1,nil
4/28 18:48:57.346  SPELL_CAST_SUCCESS,Player-4755-01733879,"Hocwar-Dreadmist",0x50514,0x0,Creature-0-4457-249-1045-10184-000028665C,"Onyxia",0xa48,0x0,11567,"Heroic Strike",0x1,Player-4755-01733879,0000000000000000,100,100,0,0,0,-1,0,0,0,27.05,-217.89,0,3.1379,71
4/28 18:48:57.346  SPELL_MISSED,Player-4755-01733879,"Hocwar-Dreadmist",0x50514,0x0,Creature-0-4457-249-1045-10184-000028665C,"Onyxia",0xa48,0x0,11567,"Heroic Strike",0x1,DODGE,nil
4/28 18:48:57.385  SPELL_CAST_SUCCESS,Pet-0-4457-249-1045-2850-01001956F9,"Kratos",0x1114,0x0,Creature-0-4457-249-1045-10184-000028665C,"Onyxia",0xa48,0x0,3009,"Claw",0x1,Pet-0-4457-249-1045-2850-01001956F9,Player-4755-0178F576,100,100,0,0,0,-1,0,0,0,5.73,-193.66,0,4.8178,66
4/28 18:48:57.385  SPELL_EXTRA_ATTACKS,Player-4755-01A6B139,"Sakatan-Dreadmist",0x514,0x0,Player-4755-01A6B139,"Sakatan-Dreadmist",0x514,0x0,15601,"Hand of Justice",0x1,1
4/28 18:48:57.385  SPELL_AURA_REMOVED_DOSE,Player-4755-0220BD00,"Krikoff-Dreadmist",0x40514,0x0,Player-4755-0220BD00,"Krikoff-Dreadmist",0x40514,0x0,23888,"Bloodthirst",0x1,BUFF,2
4/28 18:48:57.385  SPELL_HEAL,Player-4755-0220BD00,"Krikoff-Dreadmist",0x40514,0x0,Player-4755-0220BD00,"Krikoff-Dreadmist",0x40514,0x0,23891,"Bloodthirst",0x1,Player-4755-0220BD00,0000000000000000,100,100,0,0,0,-1,0,0,0,10.75,-210.89,0,4.7163,68,20,20,20,0,nil
4/28 18:48:57.385  SWING_DAMAGE_LANDED,Player-4755-01840577,"Raggèn-Dreadmist",0x514,0x0,Creature-0-4457-249-1045-10184-000028665C,"Onyxia",0xa48,0x0,Creature-0-4457-249-1045-10184-000028665C,0000000000000000,94,100,0,0,0,-1,0,0,0,10.16,-218.04,0,0.0038,63,404,582,-1,1,0,0,0,nil,1,nil
4/28 18:48:57.385  SWING_DAMAGE_LANDED,Player-4755-01840577,"Raggèn-Dreadmist",0x514,0x0,Creature-0-4457-249-1045-10184-000028665C,"Onyxia",0xa48,0x0,Creature-0-4457-249-1045-10184-000028665C,0000000000000000,94,100,0,0,0,-1,0,0,0,10.16,-218.04,0,0.0038,63,493,743,-1,1,0,0,0,nil,1,nil
4/28 18:48:57.385  SWING_DAMAGE_LANDED,Player-4755-01840577,"Raggèn-Dreadmist",0x514,0x0,Creature-0-4457-249-1045-10184-000028665C,"Onyxia",0xa48,0x0,Creature-0-4457-249-1045-10184-000028665C,0000000000000000,94,100,0,0,0,-1,0,0,0,10.16,-218.04,0,0.0038,63,490,696,-1,1,0,0,0,nil,1,nil
4/28 18:48:57.385  SPELL_DAMAGE,Player-4755-016DF694,"Ashalan-Dreadmist",0x514,0x0,Creature-0-4457-249-1045-10184-000028665C,"Onyxia",0xa48,0x0,17364,"Stormstrike",0x1,Creature-0-4457-249-1045-10184-000028665C,0000000000000000,94,100,0,0,0,-1,0,0,0,10.16,-218.04,0,0.0038,63,862,547,-1,1,0,0,0,1,nil,nil
4/28 18:48:57.385  SPELL_AURA_APPLIED,Player-4755-016DF694,"Ashalan-Dreadmist",0x514,0x0,Creature-0-4457-249-1045-10184-000028665C,"Onyxia",0xa48,0x0,17364,"Stormstrike",0x1,DEBUFF
4/28 18:48:57.385  SWING_DAMAGE_LANDED,Pet-0-4457-249-1045-2850-01001956F9,"Kratos",0x1114,0x0,Creature-0-4457-249-1045-10184-000028665C,"Onyxia",0xa48,0x0,Creature-0-4457-249-1045-10184-000028665C,0000000000000000,94,100,0,0,0,-1,0,0,0,10.16,-218.04,0,0.0038,63,57,128,-1,1,0,0,0,nil,1,nil
4/28 18:48:57.385  SWING_DAMAGE_LANDED,Player-4755-0178F416,"Eltorero-Dreadmist",0x514,0x0,Creature-0-4457-249-1045-10184-000028665C,"Onyxia",0xa48,0x0,Creature-0-4457-249-1045-10184-000028665C,0000000000000000,94,100,0,0,0,-1,0,0,0,10.16,-218.04,0,0.0038,63,1067,677,-1,1,0,0,0,1,nil,nil
4/28 18:48:57.385  SWING_DAMAGE_LANDED,Creature-0-4457-249-1045-10184-000028665C,"Onyxia",0xa48,0x0,Player-4755-01733879,"Hocwar-Dreadmist",0x50514,0x0,Player-4755-01733879,0000000000000000,83,100,0,0,0,-1,0,0,0,26.75,-217.89,0,3.1379,71,1074,1511,-1,1,0,0,0,nil,nil,1
4/28 18:48:57.385  SWING_DAMAGE_LANDED,Player-4755-01733879,"Hocwar-Dreadmist",0x50514,0x0,Creature-0-4457-249-1045-10184-000028665C,"Onyxia",0xa48,0x0,Creature-0-4457-249-1045-10184-000028665C,0000000000000000,94,100,0,0,0,-1,0,0,0,10.16,-218.04,0,0.0038,63,113,163,-1,1,0,0,0,nil,1,nil
4/28 18:48:57.385  SPELL_DAMAGE,Pet-0-4457-249-1045-2850-01001956F9,"Kratos",0x1114,0x0,Creature-0-4457-249-1045-10184-000028665C,"Onyxia",0xa48,0x0,3009,"Claw",0x1,Creature-0-4457-249-1045-10184-000028665C,0000000000000000,94,100,0,0,0,-1,0,0,0,10.16,-218.04,0,0.0038,63,77,97,-1,1,0,0,0,nil,nil,nil
4/28 18:48:57.385  SWING_DAMAGE,Player-4755-01A6B139,"Sakatan-Dreadmist",0x514,0x0,Creature-0-4457-249-1045-10184-000028665C,"Onyxia",0xa48,0x0,Player-4755-01A6B139,0000000000000000,100,100,0,0,0,-1,0,0,0,9.55,-200.89,0,5.1176,69,147,205,-1,1,0,0,0,nil,1,nil
4/28 18:48:57.427  SPELL_CAST_SUCCESS,Player-4755-0210153A,"Hapuseneb-Dreadmist",0x514,0x0,Player-4755-01733879,"Hocwar-Dreadmist",0x50514,0x0,2053,"Lesser Heal",0x2,Player-4755-0210153A,0000000000000000,100,100,0,0,0,-1,0,0,0,8.68,-194.53,0,4.5828,66
4/28 18:48:57.479  SPELL_CAST_START,Player-4755-01FA8D0D,"Roackeru-Dreadmist",0x514,0x0,0000000000000000,nil,0x80000000,0x80000000,5019,"Shoot",0x1
4/28 18:48:57.494  SPELL_DAMAGE,Player-4755-01B60A5F,"Zurok-Dreadmist",0x514,0x0,Creature-0-4457-249-1045-10184-000028665C,"Onyxia",0xa48,0x0,20904,"Aimed Shot",0x1,Creature-0-4457-249-1045-10184-000028665C,0000000000000000,94,100,0,0,0,-1,0,0,0,10.16,-218.04,0,0.0038,63,870,1104,-1,1,0,0,0,nil,nil,nil
4/28 18:48:57.533  SWING_DAMAGE,Player-4755-01AC9FD9,"Alexinho-Dreadmist",0x514,0x0,Creature-0-4457-249-1045-10184-000028665C,"Onyxia",0xa48,0x0,Player-4755-01AC9FD9,0000000000000000,100,100,0,0,0,-1,0,0,0,11.70,-201.82,0,4.5287,66,762,473,-1,1,0,0,0,1,nil,nil
4/28 18:48:57.548  SPELL_CAST_SUCCESS,Player-4755-01B60A5F,"Zurok-Dreadmist",0x514,0x0,Creature-0-4457-249-1045-10184-000028665C,"Onyxia",0xa48,0x0,75,"Auto Shot",0x1,Player-4755-01B60A5F,0000000000000000,100,100,0,0,0,-1,0,0,0,12.36,-183.99,0,4.8184,62
4/28 18:48:57.548  SPELL_CAST_SUCCESS,Player-4755-01802FE5,"Angrybat-Dreadmist",0x514,0x0,Creature-0-4457-249-1045-10184-000028665C,"Onyxia",0xa48,0x0,10181,"Frostbolt",0x10,Player-4755-01802FE5,0000000000000000,100,100,0,0,0,-1,0,0,0,12.24,-179.84,0,4.5664,66
4/28 18:48:57.548  SPELL_CAST_START,Player-4755-01802FE5,"Angrybat-Dreadmist",0x514,0x0,0000000000000000,nil,0x80000000,0x80000000,10181,"Frostbolt",0x10
4/28 18:48:57.582  SPELL_PERIODIC_ENERGIZE,Creature-0-4457-249-1045-7416-0000286C79,"Mana Spring Totem IV",0x2114,0x0,Player-4755-015FEBD5,"Sauvage-Dreadmist",0x514,0x0,10494,"Mana Spring",0x8,Player-4755-015FEBD5,0000000000000000,100,100,0,0,0,-1,0,0,0,15.89,-180.74,0,4.0864,64,12.0000,0.0000,0,6158
4/28 18:48:57.582  SPELL_PERIODIC_ENERGIZE,Creature-0-4457-249-1045-7416-0000286C79,"Mana Spring Totem IV",0x2114,0x0,Player-4755-01ED7A64,"Sperzieboon-Dreadmist",0x514,0x0,10494,"Mana Spring",0x8,Player-4755-01ED7A64,0000000000000000,100,100,0,0,0,-1,0,0,0,13.03,-191.02,0,4.8214,67,12.0000,0.0000,0,7261
4/28 18:48:57.582  SPELL_PERIODIC_ENERGIZE,Creature-0-4457-249-1045-7416-0000286C79,"Mana Spring Totem IV",0x2114,0x0,Player-4755-01FA8DD8,"Roackerita-Dreadmist",0x514,0x0,10494,"Mana Spring",0x8,Player-4755-01FA8DD8,0000000000000000,100,100,0,0,0,-1,0,0,0,3.53,-182.84,0,5.5543,69,13.0000,0.0000,0,6736
4/28 18:48:57.582  SPELL_PERIODIC_ENERGIZE,Creature-0-4457-249-1045-7416-0000286C79,"Mana Spring Totem IV",0x2114,0x0,Player-4755-0210153A,"Hapuseneb-Dreadmist",0x514,0x0,10494,"Mana Spring",0x8,Player-4755-0210153A,0000000000000000,100,100,0,0,0,-1,0,0,0,8.68,-194.53,0,4.5828,66,12.0000,0.0000,0,6736
4/28 18:48:57.582  SPELL_PERIODIC_ENERGIZE,Creature-0-4457-249-1045-7416-0000286C79,"Mana Spring Totem IV",0x2114,0x0,Player-4755-01804B95,"Moymoy-Dreadmist",0x514,0x0,10494,"Mana Spring",0x8,Player-4755-01804B95,0000000000000000,100,100,0,0,0,-1,0,0,0,9.19,-185.04,0,4.5836,66,12.0000,0.0000,0,5366
4/28 18:48:57.631  SPELL_AURA_APPLIED,Player-4755-01637B0A,"Pindle-Dreadmist",0x514,0x0,Player-4755-01637B0A,"Pindle-Dreadmist",0x514,0x0,10610,"Windfury Totem",0x8,BUFF
4/28 18:48:57.631  SPELL_EXTRA_ATTACKS,Player-4755-01637B0A,"Pindle-Dreadmist",0x514,0x0,Player-4755-01637B0A,"Pindle-Dreadmist",0x514,0x0,10610,"Windfury Totem",0x8,1
4/28 18:48:57.632  SWING_DAMAGE,Player-4755-01637B0A,"Pindle-Dreadmist",0x514,0x0,Creature-0-4457-249-1045-10184-000028665C,"Onyxia",0xa48,0x0,Player-4755-01637B0A,0000000000000000,100,100,0,0,0,-1,0,0,0,7.87,-207.21,0,4.8944,65,331,205,-1,1,0,0,0,1,nil,nil
4/28 18:48:57.632  SWING_DAMAGE,Player-4755-01637B0A,"Pindle-Dreadmist",0x514,0x0,Creature-0-4457-249-1045-10184-000028665C,"Onyxia",0xa48,0x0,Player-4755-01637B0A,0000000000000000,100,100,0,0,0,-1,0,0,0,7.87,-207.21,0,4.8944,65,410,254,-1,1,0,0,0,1,nil,nil
4/28 18:48:57.663  SWING_DAMAGE,Pet-0-4457-249-1045-9622-02002CD5BC,"Bokito",0x1114,0x0,Creature-0-4457-249-1045-10184-000028665C,"Onyxia",0xa48,0x0,Pet-0-4457-249-1045-9622-02002CD5BC,Player-4755-020BD78D,100,100,0,0,0,-1,0,0,0,-4.27,-198.08,0,5.3385,70,143,249,-1,1,0,0,0,nil,1,nil
4/28 18:48:57.707  SPELL_CAST_START,Player-4755-01E83279,"Nlmasters-Dreadmist",0x514,0x8,0000000000000000,nil,0x80000000,0x80000000,75,"Auto Shot",0x1
4/28 18:48:57.707  SPELL_PERIODIC_HEAL,Player-4755-01FA8DD8,"Roackerita-Dreadmist",0x514,0x0,Player-4755-01F21AE6,"Blahu-Dreadmist",0x40514,0x0,6078,"Renew",0x2,Player-4755-01F21AE6,0000000000000000,100,100,0,0,0,-1,0,0,0,14.59,-192.94,0,2.8762,70,236,236,236,0,nil
4/28 18:48:57.738  SPELL_DAMAGE,Player-4755-020BD78D,"Lonehunter-Dreadmist",0x514,0x0,Creature-0-4457-249-1045-10184-000028665C,"Onyxia",0xa48,0x0,14290,"Multi-Shot",0x1,Creature-0-4457-249-1045-10184-000028665C,0000000000000000,94,100,0,0,0,-1,0,0,0,10.16,-218.04,0,0.0038,63,540,686,-1,1,0,0,0,nil,nil,nil
4/28 18:48:57.774  SPELL_PERIODIC_ENERGIZE,Creature-0-4457-249-1045-7416-0000286C87,"Mana Spring Totem IV",0x2114,0x0,Player-4755-016296D3,"Nivl-Dreadmist",0x514,0x0,10494,"Mana Spring",0x8,Player-4755-016296D3,0000000000000000,100,100,0,0,0,-1,0,0,0,10.87,-201.40,0,4.2453,69,10.0000,0.0000,0,5845
4/28 18:48:57.774  SPELL_PERIODIC_ENERGIZE,Creature-0-4457-249-1045-7416-0000286C87,"Mana Spring Totem IV",0x2114,0x0,Player-4755-0178F576,"Atreas-Dreadmist",0x514,0x0,10494,"Mana Spring",0x8,Player-4755-0178F576,0000000000000000,100,100,0,0,0,-1,0,0,0,6.14,-178.76,0,4.5107,66,10.0000,0.0000,0,3765
4/28 18:48:57.774  SPELL_PERIODIC_ENERGIZE,Player-4755-01802FE5,"Angrybat-Dreadmist",0x514,0x0,Player-4755-01802FE5,"Angrybat-Dreadmist",0x514,0x0,18194,"Mana Regeneration",0x1,Player-4755-01802FE5,0000000000000000,100,100,0,0,0,-1,0,0,0,12.24,-179.84,0,4.5664,66,8.0000,0.0000,0,6033
4/28 18:48:57.795  SPELL_AURA_REMOVED_DOSE,Player-4755-01840577,"Raggèn-Dreadmist",0x514,0x0,Player-4755-01840577,"Raggèn-Dreadmist",0x514,0x0,16361,"Windfury Weapon",0x8,BUFF,2
4/28 18:48:57.795  SPELL_AURA_REMOVED_DOSE,Player-4755-01840577,"Raggèn-Dreadmist",0x514,0x0,Player-4755-01840577,"Raggèn-Dreadmist",0x514,0x0,16361,"Windfury Weapon",0x8,BUFF,1
4/28 18:48:57.795  SPELL_AURA_REMOVED,Player-4755-01840577,"Raggèn-Dreadmist",0x514,0x0,Player-4755-01840577,"Raggèn-Dreadmist",0x514,0x0,16361,"Windfury Weapon",0x8,BUFF
4/28 18:48:57.795  SPELL_AURA_APPLIED,Player-4755-016DF694,"Ashalan-Dreadmist",0x514,0x0,Player-4755-016DF694,"Ashalan-Dreadmist",0x514,0x0,16280,"Flurry",0x1,BUFF
4/28 18:48:57.795  SPELL_AURA_APPLIED,Player-4755-0178F416,"Eltorero-Dreadmist",0x514,0x0,Player-4755-0178F416,"Eltorero-Dreadmist",0x514,0x0,12970,"Flurry",0x1,BUFF
4/28 18:48:57.795  SPELL_HEAL,Player-4755-01733879,"Hocwar-Dreadmist",0x50514,0x0,Player-4755-01733879,"Hocwar-Dreadmist",0x50514,0x0,23880,"Bloodthirst",0x1,Player-4755-01733879,0000000000000000,83,100,0,0,0,-1,0,0,0,24.58,-217.88,0,3.1379,71,10,10,0,0,nil
4/28 18:48:57.795  SPELL_AURA_REMOVED,Player-4755-01733879,"Hocwar-Dreadmist",0x50514,0x0,Player-4755-01733879,"Hocwar-Dreadmist",0x50514,0x0,23885,"Bloodthirst",0x1,BUFF
4/28 18:48:57.795  SWING_DAMAGE_LANDED,Player-4755-01A6B139,"Sakatan-Dreadmist",0x514,0x0,Creature-0-4457-249-1045-10184-000028665C,"Onyxia",0xa48,0x0,Creature-0-4457-249-1045-10184-000028665C,0000000000000000,94,100,0,0,0,-1,0,0,0,10.16,-218.04,0,0.0038,63,147,205,-1,1,0,0,0,nil,1,nil
4/28 18:48:57.795  SPELL_HEAL,Player-4755-0210153A,"Hapuseneb-Dreadmist",0x514,0x0,Player-4755-01733879,"Hocwar-Dreadmist",0x50514,0x0,2053,"Lesser Heal",0x2,Player-4755-01733879,0000000000000000,93,100,0,0,0,-1,0,0,0,24.58,-217.88,0,3.1379,71,627,627,0,0,1
4/28 18:48:57.795  SWING_DAMAGE_LANDED,Player-4755-01AC9FD9,"Alexinho-Dreadmist",0x514,0x0,Creature-0-4457-249-1045-10184-000028665C,"Onyxia",0xa48,0x0,Creature-0-4457-249-1045-10184-000028665C,0000000000000000,94,100,0,0,0,-1,0,0,0,10.16,-218.04,0,0.0038,63,762,473,-1,1,0,0,0,1,nil,nil
4/28 18:48:57.795  SWING_DAMAGE_LANDED,Player-4755-01637B0A,"Pindle-Dreadmist",0x514,0x0,Creature-0-4457-249-1045-10184-000028665C,"Onyxia",0xa48,0x0,Creature-0-4457-249-1045-10184-000028665C,0000000000000000,93,100,0,0,0,-1,0,0,0,10.16,-218.04,0,0.0038,63,331,205,-1,1,0,0,0,1,nil,nil
4/28 18:48:57.795  SWING_DAMAGE_LANDED,Player-4755-01637B0A,"Pindle-Dreadmist",0x514,0x0,Creature-0-4457-249-1045-10184-000028665C,"Onyxia",0xa48,0x0,Creature-0-4457-249-1045-10184-000028665C,0000000000000000,93,100,0,0,0,-1,0,0,0,10.16,-218.04,0,0.0038,63,410,254,-1,1,0,0,0,1,nil,nil
4/28 18:48:57.795  SWING_DAMAGE_LANDED,Pet-0-4457-249-1045-9622-02002CD5BC,"Bokito",0x1114,0x0,Creature-0-4457-249-1045-10184-000028665C,"Onyxia",0xa48,0x0,Creature-0-4457-249-1045-10184-000028665C,0000000000000000,93,100,0,0,0,-1,0,0,0,10.16,-218.04,0,0.0038,63,143,249,-1,1,0,0,0,nil,1,nil
4/28 18:48:57.820  SPELL_PERIODIC_DAMAGE,Player-4755-01614AC7,"Mirrimazduur-Dreadmist",0x512,0x0,Creature-0-4457-249-1045-10184-000028665C,"Onyxia",0xa48,0x0,11672,"Corruption",0x20,Creature-0-4457-249-1045-10184-000028665C,0000000000000000,93,100,0,0,0,-1,0,0,0,10.16,-218.04,0,0.0038,63,207,188,-1,32,0,0,0,nil,nil,nil
4/28 18:48:57.820  SWING_DAMAGE,Player-4755-01637B0A,"Pindle-Dreadmist",0x514,0x0,Creature-0-4457-249-1045-10184-000028665C,"Onyxia",0xa48,0x0,Player-4755-01637B0A,0000000000000000,100,100,0,0,0,-1,0,0,0,7.87,-207.21,0,4.8944,65,234,145,-1,1,0,0,0,1,nil,nil
4/28 18:48:57.859  RANGE_DAMAGE,Player-4755-020BD78D,"Lonehunter-Dreadmist",0x514,0x0,Creature-0-4457-249-1045-10184-000028665C,"Onyxia",0xa48,0x0,75,"Auto Shot",0x1,Creature-0-4457-249-1045-10184-000028665C,0000000000000000,93,100,0,0,0,-1,0,0,0,10.16,-218.04,0,0.0038,63,426,540,-1,1,0,0,0,nil,nil,nil
4/28 18:48:57.873  SPELL_DAMAGE,Player-4755-015FEBD5,"Sauvage-Dreadmist",0x514,0x0,Creature-0-4457-249-1045-10184-000028665C,"Onyxia",0xa48,0x0,10181,"Frostbolt",0x10,Creature-0-4457-249-1045-10184-000028665C,0000000000000000,93,100,0,0,0,-1,0,0,0,10.16,-218.04,0,0.0038,63,908,825,-1,16,0,0,0,nil,nil,nil
4/28 18:48:57.873  SWING_DAMAGE,Pet-0-4457-249-1045-7456-03003178E8,"Owl",0x1114,0x0,Creature-0-4457-249-1045-10184-000028665C,"Onyxia",0xa48,0x0,Pet-0-4457-249-1045-7456-03003178E8,Player-4755-01B60A5F,100,100,0,0,0,-1,0,0,0,10.62,-193.45,0,4.6937,62,132,168,-1,1,0,0,0,nil,nil,nil
4/28 18:48:57.919  SWING_MISSED,Player-4755-01AC9FD9,"Alexinho-Dreadmist",0x514,0x0,Creature-0-4457-249-1045-10184-000028665C,"Onyxia",0xa48,0x0,MISS,1
4/28 18:48:57.934  SPELL_DAMAGE,Player-4755-021D6506,"Bloodlady-Dreadmist",0x514,0x0,Creature-0-4457-249-1045-10184-000028665C,"Onyxia",0xa48,0x0,10181,"Frostbolt",0x10,Creature-0-4457-249-1045-10184-000028665C,0000000000000000,93,100,0,0,0,-1,0,0,0,10.16,-218.04,0,0.0038,63,989,899,-1,16,0,0,0,nil,nil,nil
4/28 18:48:58.000  SPELL_CAST_SUCCESS,Player-4755-01FA8D0D,"Roackeru-Dreadmist",0x514,0x0,Creature-0-4457-249-1045-10184-000028665C,"Onyxia",0xa48,0x0,5019,"Shoot",0x1,Player-4755-01FA8D0D,0000000000000000,100,100,0,0,0,-1,0,0,0,14.13,-180.96,0,4.7830,65
4/28 18:48:58.000  SPELL_AURA_REFRESH,Player-4755-01637B0A,"Pindle-Dreadmist",0x514,0x0,Player-4755-01637B0A,"Pindle-Dreadmist",0x514,0x0,6774,"Slice and Dice",0x1,BUFF
4/28 18:48:58.000  SPELL_CAST_SUCCESS,Player-4755-01637B0A,"Pindle-Dreadmist",0x514,0x0,Creature-0-4457-249-1045-10184-000028665C,"Onyxia",0xa48,0x0,6774,"Slice and Dice",0x1,Player-4755-01637B0A,0000000000000000,100,100,0,0,0,-1,0,0,0,7.87,-207.21,0,4.8944,65
4/28 18:48:58.047  SPELL_CAST_START,Player-4755-0163DD9D,"Kaspais-Dreadmist",0x514,0x0,0000000000000000,nil,0x80000000,0x80000000,5019,"Shoot",0x1
4/28 18:48:58.047  SPELL_CAST_SUCCESS,Player-4755-01E83279,"Nlmasters-Dreadmist",0x514,0x8,Creature-0-4457-249-1045-10184-000028665C,"Onyxia",0xa48,0x0,75,"Auto Shot",0x1,Player-4755-01E83279,0000000000000000,100,100,0,0,0,-1,0,0,0,10.95,-182.52,0,4.5014,70
4/28 18:48:58.093  SPELL_DAMAGE,Player-4755-01B60A5F,"Zurok-Dreadmist",0x514,0x0,Creature-0-4457-249-1045-10184-000028665C,"Onyxia",0xa48,0x0,14290,"Multi-Shot",0x1,Creature-0-4457-249-1045-10184-000028665C,0000000000000000,93,100,0,0,0,-1,0,0,0,10.16,-218.04,0,0.0038,63,552,700,-1,1,0,0,0,nil,nil,nil
4/28 18:48:58.140  SWING_MISSED,Pet-0-4457-249-1045-2850-01001956F9,"Kratos",0x1114,0x0,Creature-0-4457-249-1045-10184-000028665C,"Onyxia",0xa48,0x0,DODGE,nil
4/28 18:48:58.166  SPELL_CAST_START,Player-4755-01614AC7,"Mirrimazduur-Dreadmist",0x512,0x0,0000000000000000,nil,0x80000000,0x80000000,11661,"Shadow Bolt",0x20
4/28 18:48:58.183  SPELL_CAST_SUCCESS,Pet-0-4457-249-1045-7456-03003178E8,"Owl",0x1114,0x0,Creature-0-4457-249-1045-10184-000028665C,"Onyxia",0xa48,0x0,24579,"Screech",0x1,Pet-0-4457-249-1045-7456-03003178E8,Player-4755-01B60A5F,100,100,0,0,0,-1,0,0,0,10.62,-193.45,0,4.6937,62
4/28 18:48:58.208  SPELL_AURA_REFRESH,Player-4755-0178F416,"Eltorero-Dreadmist",0x514,0x0,Creature-0-4457-249-1045-10184-000028665C,"Onyxia",0xa48,0x0,12721,"Deep Wound",0x1,DEBUFF
4/28 18:48:58.208  SPELL_ENERGIZE,Player-4755-01733879,"Hocwar-Dreadmist",0x50514,0x0,Player-4755-01733879,"Hocwar-Dreadmist",0x50514,0x0,12964,"Unbridled Wrath",0x1,Player-4755-01733879,0000000000000000,93,100,0,0,0,-1,0,0,0,24.58,-217.88,0,3.1379,71,1.0000,0.0000,1,1000
4/28 18:48:58.208  SPELL_AURA_REMOVED_DOSE,Player-4755-01637B0A,"Pindle-Dreadmist",0x514,0x0,Player-4755-01637B0A,"Pindle-Dreadmist",0x514,0x0,10610,"Windfury Totem",0x8,BUFF,1
4/28 18:48:58.208  SPELL_AURA_REMOVED,Player-4755-01637B0A,"Pindle-Dreadmist",0x514,0x0,Player-4755-01637B0A,"Pindle-Dreadmist",0x514,0x0,10610,"Windfury Totem",0x8,BUFF
4/28 18:48:58.208  SWING_DAMAGE_LANDED,Player-4755-01637B0A,"Pindle-Dreadmist",0x514,0x0,Creature-0-4457-249-1045-10184-000028665C,"Onyxia",0xa48,0x0,Creature-0-4457-249-1045-10184-000028665C,0000000000000000,93,100,0,0,0,-1,0,0,0,10.16,-218.04,0,0.0038,63,234,145,-1,1,0,0,0,1,nil,nil
4/28 18:48:58.208  SWING_DAMAGE_LANDED,Pet-0-4457-249-1045-7456-03003178E8,"Owl",0x1114,0x0,Creature-0-4457-249-1045-10184-000028665C,"Onyxia",0xa48,0x0,Creature-0-4457-249-1045-10184-000028665C,0000000000000000,93,100,0,0,0,-1,0,0,0,10.16,-218.04,0,0.0038,63,132,168,-1,1,0,0,0,nil,nil,nil
4/28 18:48:58.208  SPELL_DAMAGE,Pet-0-4457-249-1045-7456-03003178E8,"Owl",0x1114,0x0,Creature-0-4457-249-1045-10184-000028665C,"Onyxia",0xa48,0x0,24579,"Screech",0x1,Creature-0-4457-249-1045-10184-000028665C,0000000000000000,93,100,0,0,0,-1,0,0,0,10.16,-218.04,0,0.0038,63,1,60,-1,1,0,46,0,nil,nil,nil
4/28 18:48:58.208  SPELL_AURA_APPLIED,Pet-0-4457-249-1045-7456-03003178E8,"Owl",0x1114,0x0,Creature-0-4457-249-1045-10184-000028665C,"Onyxia",0xa48,0x0,24579,"Screech",0x1,DEBUFF
4/28 18:48:58.208  SPELL_CAST_SUCCESS,Player-4755-01ED7A64,"Sperzieboon-Dreadmist",0x514,0x0,Player-4755-01733879,"Hocwar-Dreadmist",0x50514,0x0,6063,"Heal",0x2,Player-4755-01ED7A64,0000000000000000,100,100,0,0,0,-1,0,0,0,13.03,-191.02,0,4.8214,67
4/28 18:48:58.210  SPELL_CAST_START,Player-4755-01ED7A64,"Sperzieboon-Dreadmist",0x514,0x0,0000000000000000,nil,0x80000000,0x80000000,6063,"Heal",0x2
4/28 18:48:58.230  SWING_DAMAGE,Player-4755-016DF694,"Ashalan-Dreadmist",0x514,0x0,Creature-0-4457-249-1045-10184-000028665C,"Onyxia",0xa48,0x0,Player-4755-016DF694,0000000000000000,100,100,0,0,0,-1,0,0,0,8.75,-208.71,0,4.7344,67,919,583,-1,1,0,0,0,1,nil,nil
4/28 18:48:58.276  SWING_MISSED,Player-4755-01A6B139,"Sakatan-Dreadmist",0x514,0x0,Creature-0-4457-249-1045-10184-000028665C,"Onyxia",0xa48,0x0,MISS,1
4/28 18:48:58.307  SPELL_PERIODIC_DAMAGE,Player-4755-0160BD13,"Mafkees-Dreadmist",0x514,0x0,Creature-0-4457-249-1045-10184-000028665C,"Onyxia",0xa48,0x0,12721,"Deep Wound",0x1,Creature-0-4457-249-1045-10184-000028665C,0000000000000000,93,100,0,0,0,-1,0,0,0,10.16,-218.04,0,0.0038,63,89,89,-1,1,0,0,0,nil,nil,nil
4/28 18:48:58.323  RANGE_DAMAGE,Player-4755-0178F576,"Atreas-Dreadmist",0x514,0x0,Creature-0-4457-249-1045-10184-000028665C,"Onyxia",0xa48,0x0,75,"Auto Shot",0x1,Creature-0-4457-249-1045-10184-000028665C,0000000000000000,93,100,0,0,0,-1,0,0,0,10.16,-218.04,0,0.0038,63,371,471,-1,1,0,0,0,nil,nil,nil
4/28 18:48:58.337  RANGE_DAMAGE,Player-4755-01FA8D0D,"Roackeru-Dreadmist",0x514,0x0,Creature-0-4457-249-1045-10184-000028665C,"Onyxia",0xa48,0x0,5019,"Shoot",0x1,Creature-0-4457-249-1045-10184-000028665C,0000000000000000,93,100,0,0,0,-1,0,0,0,10.16,-218.04,0,0.0038,63,159,143,-1,32,0,0,0,nil,nil,nil
4/28 18:48:58.353  SPELL_CAST_SUCCESS,Player-4755-01804B95,"Moymoy-Dreadmist",0x514,0x0,Player-4755-01733879,"Hocwar-Dreadmist",0x50514,0x0,939,"Healing Wave",0x8,Player-4755-01804B95,0000000000000000,100,100,0,0,0,-1,0,0,0,9.19,-185.04,0,4.5836,66
4/28 18:48:58.353  SPELL_CAST_START,Player-4755-02045EF4,"Necrosini-Dreadmist",0x512,0x0,0000000000000000,nil,0x80000000,0x80000000,2054,"Heal",0x2
4/28 18:48:58.371  SPELL_CAST_START,Player-4755-01617EEE,"Fenix-Dreadmist",0x512,0x0,0000000000000000,nil,0x80000000,0x80000000,9474,"Flash Heal",0x2
4/28 18:48:58.401  RANGE_DAMAGE,Player-4755-01B60A5F,"Zurok-Dreadmist",0x514,0x0,Creature-0-4457-249-1045-10184-000028665C,"Onyxia",0xa48,0x0,75,"Auto Shot",0x1,Creature-0-4457-249-1045-10184-000028665C,0000000000000000,93,100,0,0,0,-1,0,0,0,10.16,-218.04,0,0.0038,63,376,476,-1,1,0,0,0,nil,nil,nil
4/28 18:48:58.449  SPELL_CAST_START,Player-4755-015FEBD5,"Sauvage-Dreadmist",0x514,0x0,0000000000000000,nil,0x80000000,0x80000000,10181,"Frostbolt",0x10
4/28 18:48:58.490  SPELL_CAST_SUCCESS,Player-4755-0178F416,"Eltorero-Dreadmist",0x514,0x0,Creature-0-4457-249-1045-10184-000028665C,"Onyxia",0xa48,0x0,23894,"Bloodthirst",0x1,Player-4755-0178F416,0000000000000000,100,100,0,0,0,-1,0,0,0,8.48,-204.81,0,4.8880,67
4/28 18:48:58.490  SPELL_MISSED,Player-4755-0178F416,"Eltorero-Dreadmist",0x514,0x0,Creature-0-4457-249-1045-10184-000028665C,"Onyxia",0xa48,0x0,21162,"Fireball",0x4,IMMUNE,nil
4/28 18:48:58.506  SWING_DAMAGE,Player-4755-0220BD00,"Krikoff-Dreadmist",0x40514,0x0,Creature-0-4457-249-1045-10184-000028665C,"Onyxia",0xa48,0x0,Player-4755-0220BD00,0000000000000000,100,100,0,0,0,-1,0,0,0,10.75,-210.89,0,4.7163,68,163,207,-1,1,0,0,0,nil,nil,nil
4/28 18:48:58.536  SPELL_CAST_SUCCESS,Player-4755-0163DD9D,"Kaspais-Dreadmist",0x514,0x0,Creature-0-4457-249-1045-10184-000028665C,"Onyxia",0xa48,0x0,5019,"Shoot",0x1,Player-4755-0163DD9D,0000000000000000,100,100,0,0,0,-1,0,0,0,-0.10,-188.44,0,4.8867,66
4/28 18:48:58.580  SPELL_CAST_START,Player-4755-01F36B30,"Rectumqeef-Dreadmist",0x514,0x0,0000000000000000,nil,0x80000000,0x80000000,5019,"Shoot",0x1
4/28 18:48:58.598  SPELL_HEAL,Player-4755-01ED7A64,"Sperzieboon-Dreadmist",0x514,0x0,Player-4755-01733879,"Hocwar-Dreadmist",0x50514,0x0,6063,"Heal",0x2,Player-4755-01733879,0000000000000000,100,100,0,0,0,-1,0,0,0,24.58,-217.88,0,3.1379,71,1222,1222,785,0,nil
4/28 18:48:58.598  SWING_DAMAGE_LANDED,Player-4755-016DF694,"Ashalan-Dreadmist",0x514,0x0,Creature-0-4457-249-1045-10184-000028665C,"Onyxia",0xa48,0x0,Creature-0-4457-249-1045-10184-000028665C,0000000000000000,93,100,0,0,0,-1,0,0,0,10.16,-218.04,0,0.0038,63,919,583,-1,1,0,0,0,1,nil,nil
4/28 18:48:58.598  SPELL_HEAL,Player-4755-01804B95,"Moymoy-Dreadmist",0x514,0x0,Player-4755-01733879,"Hocwar-Dreadmist",0x50514,0x0,939,"Healing Wave",0x8,Player-4755-01733879,0000000000000000,100,100,0,0,0,-1,0,0,0,24.58,-217.88,0,3.1379,71,930,930,930,0,nil
4/28 18:48:58.598  SPELL_DAMAGE,Player-4755-0178F416,"Eltorero-Dreadmist",0x514,0x0,Creature-0-4457-249-1045-10184-000028665C,"Onyxia",0xa48,0x0,23894,"Bloodthirst",0x1,Creature-0-4457-249-1045-10184-000028665C,0000000000000000,93,100,0,0,0,-1,0,0,0,10.16,-218.04,0,0.0038,63,1111,641,-1,1,0,0,0,1,nil,nil
4/28 18:48:58.598  SPELL_AURA_APPLIED,Player-4755-0178F416,"Eltorero-Dreadmist",0x514,0x0,Player-4755-0178F416,"Eltorero-Dreadmist",0x514,0x0,23888,"Bloodthirst",0x1,BUFF
4/28 18:48:58.598  SWING_DAMAGE_LANDED,Player-4755-0220BD00,"Krikoff-Dreadmist",0x40514,0x0,Creature-0-4457-249-1045-10184-000028665C,"Onyxia",0xa48,0x0,Creature-0-4457-249-1045-10184-000028665C,0000000000000000,93,100,0,0,0,-1,0,0,0,10.16,-218.04,0,0.0038,63,163,207,-1,1,0,0,0,nil,nil,nil
4/28 18:48:58.598  RANGE_DAMAGE,Player-4755-0163DD9D,"Kaspais-Dreadmist",0x514,0x0,Creature-0-4457-249-1045-10184-000028665C,"Onyxia",0xa48,0x0,5019,"Shoot",0x1,Creature-0-4457-249-1045-10184-000028665C,0000000000000000,93,100,0,0,0,-1,0,0,0,10.16,-218.04,0,0.0038,63,118,106,-1,16,0,0,0,nil,nil,nil
4/28 18:48:58.701  SPELL_CAST_SUCCESS,Player-4755-0220BD00,"Krikoff-Dreadmist",0x40514,0x0,Creature-0-4457-249-1045-10184-000028665C,"Onyxia",0xa48,0x0,11597,"Sunder Armor",0x1,Player-4755-0220BD00,0000000000000000,100,100,0,0,0,-1,0,0,0,10.75,-210.89,0,4.7163,68
4/28 18:48:58.751  SPELL_CAST_SUCCESS,Player-4755-01AC9FD9,"Alexinho-Dreadmist",0x514,0x0,Creature-0-4457-249-1045-10184-000028665C,"Onyxia",0xa48,0x0,11294,"Sinister Strike",0x1,Player-4755-01AC9FD9,0000000000000000,100,100,0,0,0,-1,0,0,0,11.70,-201.82,0,4.5287,66
4/28 18:48:58.751  SPELL_CAST_SUCCESS,Player-4755-01FA8DD8,"Roackerita-Dreadmist",0x514,0x0,Player-4755-01733879,"Hocwar-Dreadmist",0x50514,0x0,6078,"Renew",0x2,Player-4755-01FA8DD8,0000000000000000,100,100,0,0,0,-1,0,0,0,3.53,-182.84,0,5.5543,69
4/28 18:48:58.805  SWING_DAMAGE,Player-4755-01733879,"Hocwar-Dreadmist",0x50514,0x0,Creature-0-4457-249-1045-10184-000028665C,"Onyxia",0xa48,0x0,Player-4755-01733879,0000000000000000,100,100,0,0,0,-1,0,0,0,24.58,-217.88,0,3.1379,71,227,144,-1,1,0,0,0,1,nil,nil
4/28 18:48:58.822  SWING_DAMAGE,Player-4755-01A6B139,"Sakatan-Dreadmist",0x514,0x0,Creature-0-4457-249-1045-10184-000028665C,"Onyxia",0xa48,0x0,Player-4755-01A6B139,0000000000000000,100,100,0,0,0,-1,0,0,0,9.54,-199.57,0,5.0548,69,169,223,-1,1,0,0,0,nil,1,nil
4/28 18:48:58.851  SWING_DAMAGE,Player-4755-016296D3,"Nivl-Dreadmist",0x514,0x0,Creature-0-4457-249-1045-10184-000028665C,"Onyxia",0xa48,0x0,Player-4755-016296D3,0000000000000000,100,100,0,0,0,-1,0,0,0,11.43,-203.36,0,4.9639,69,196,249,-1,1,0,0,0,nil,nil,nil
4/28 18:48:58.901  SWING_MISSED,Player-4755-01637B0A,"Pindle-Dreadmist",0x514,0x0,Creature-0-4457-249-1045-10184-000028665C,"Onyxia",0xa48,0x0,MISS,1
4/28 18:48:58.901  SPELL_PERIODIC_HEAL,Player-4755-01733879,"Hocwar-Dreadmist",0x50514,0x0,Player-4755-01733879,"Hocwar-Dreadmist",0x50514,0x0,24427,"Diamond Flask",0x8,Player-4755-01733879,0000000000000000,100,100,0,0,0,-1,0,0,0,24.58,-217.88,0,3.1379,71,301,301,301,0,nil
4/28 18:48:58.919  SPELL_DAMAGE,Player-4755-01802FE5,"Angrybat-Dreadmist",0x514,0x0,Creature-0-4457-249-1045-10184-000028665C,"Onyxia",0xa48,0x0,10181,"Frostbolt",0x10,Creature-0-4457-249-1045-10184-000028665C,0000000000000000,93,100,0,0,0,-1,0,0,0,10.16,-218.04,0,0.0038,63,954,867,-1,16,0,0,0,nil,nil,nil
4/28 18:48:58.951  RANGE_DAMAGE,Player-4755-01E83279,"Nlmasters-Dreadmist",0x514,0x8,Creature-0-4457-249-1045-10184-000028665C,"Onyxia",0xa48,0x0,75,"Auto Shot",0x1,Creature-0-4457-249-1045-10184-000028665C,0000000000000000,93,100,0,0,0,-1,0,0,0,10.16,-218.04,0,0.0038,63,338,428,-1,1,0,0,0,nil,nil,nil
4/28 18:48:58.966  SWING_MISSED,Player-4755-01F21AE6,"Blahu-Dreadmist",0x40514,0x0,Creature-0-4457-249-1045-10184-000028665C,"Onyxia",0xa48,0x0,MISS,1
4/28 18:48:59.000  SPELL_CAST_START,Player-4755-01FA8D0D,"Roackeru-Dreadmist",0x514,0x0,0000000000000000,nil,0x80000000,0x80000000,5019,"Shoot",0x1
4/28 18:48:59.000  SPELL_MISSED,Player-4755-01733879,"Hocwar-Dreadmist",0x50514,0x0,Creature-0-4457-249-1045-10184-000028665C,"Onyxia",0xa48,0x0,23267,"Firebolt",0x4,IMMUNE,nil
4/28 18:48:59.000  SWING_DAMAGE,Player-4755-01733879,"Hocwar-Dreadmist",0x50514,0x0,Creature-0-4457-249-1045-10184-000028665C,"Onyxia",0xa48,0x0,Player-4755-01733879,0000000000000000,100,100,0,0,0,-1,0,0,0,24.58,-217.88,0,3.1379,71,187,285,-1,1,0,0,0,nil,1,nil
4/28 18:48:59.000  SPELL_CAST_START,Player-4755-01B60A5F,"Zurok-Dreadmist",0x514,0x0,0000000000000000,nil,0x80000000,0x80000000,75,"Auto Shot",0x1
4/28 18:48:59.000  SPELL_CAST_SUCCESS,Pet-0-4457-249-1045-2850-01001956F9,"Kratos",0x1114,0x0,Creature-0-4457-249-1045-10184-000028665C,"Onyxia",0xa48,0x0,3009,"Claw",0x1,Pet-0-4457-249-1045-2850-01001956F9,Player-4755-0178F576,100,100,0,0,0,-1,0,0,0,5.73,-193.66,0,4.8178,66
4/28 18:48:59.022  SPELL_AURA_REMOVED_DOSE,Player-4755-016DF694,"Ashalan-Dreadmist",0x514,0x0,Player-4755-016DF694,"Ashalan-Dreadmist",0x514,0x0,16280,"Flurry",0x1,BUFF,2
4/28 18:48:59.022  SPELL_AURA_APPLIED_DOSE,Player-4755-016DF694,"Ashalan-Dreadmist",0x514,0x0,Player-4755-016DF694,"Ashalan-Dreadmist",0x514,0x0,16280,"Flurry",0x1,BUFF,3
4/28 18:48:59.023  SPELL_AURA_REMOVED_DOSE,Player-4755-0178F416,"Eltorero-Dreadmist",0x514,0x0,Player-4755-0178F416,"Eltorero-Dreadmist",0x514,0x0,23888,"Bloodthirst",0x1,BUFF,4
4/28 18:48:59.023  SPELL_AURA_REFRESH,Player-4755-0178F416,"Eltorero-Dreadmist",0x514,0x0,Player-4755-0178F416,"Eltorero-Dreadmist",0x514,0x0,12970,"Flurry",0x1,BUFF
4/28 18:48:59.023  SPELL_HEAL,Player-4755-0178F416,"Eltorero-Dreadmist",0x514,0x0,Player-4755-0178F416,"Eltorero-Dreadmist",0x514,0x0,23891,"Bloodthirst",0x1,Player-4755-0178F416,0000000000000000,100,100,0,0,0,-1,0,0,0,7.84,-204.93,0,4.8880,67,20,20,20,0,nil
4/28 18:48:59.023  SPELL_AURA_REMOVED_DOSE,Player-4755-0220BD00,"Krikoff-Dreadmist",0x40514,0x0,Player-4755-0220BD00,"Krikoff-Dreadmist",0x40514,0x0,23888,"Bloodthirst",0x1,BUFF,1
4/28 18:48:59.023  SPELL_HEAL,Player-4755-0220BD00,"Krikoff-Dreadmist",0x40514,0x0,Player-4755-0220BD00,"Krikoff-Dreadmist",0x40514,0x0,23891,"Bloodthirst",0x1,Player-4755-0220BD00,0000000000000000,100,100,0,0,0,-1,0,0,0,10.75,-210.89,0,4.7163,68,20,20,20,0,nil
4/28 18:48:59.023  SPELL_DAMAGE,Player-4755-01AC9FD9,"Alexinho-Dreadmist",0x514,0x0,Creature-0-4457-249-1045-10184-000028665C,"Onyxia",0xa48,0x0,11294,"Sinister Strike",0x1,Creature-0-4457-249-1045-10184-000028665C,0000000000000000,93,100,0,0,0,-1,0,0,0,10.16,-218.04,0,0.0038,63,381,484,-1,1,0,0,0,nil,nil,nil
4/28 18:48:59.023  SPELL_AURA_APPLIED,Player-4755-01FA8DD8,"Roackerita-Dreadmist",0x514,0x0,Player-4755-01733879,"Hocwar-Dreadmist",0x50514,0x0,6078,"Renew",0x2,BUFF
4/28 18:48:59.023  SWING_DAMAGE_LANDED,Player-4755-01733879,"Hocwar-Dreadmist",0x50514,0x0,Creature-0-4457-249-1045-10184-000028665C,"Onyxia",0xa48,0x0,Creature-0-4457-249-1045-10184-000028665C,0000000000000000,93,100,0,0,0,-1,0,0,0,10.16,-218.04,0,0.0038,63,227,144,-1,1,0,0,0,1,nil,nil
4/28 18:48:59.023  SWING_DAMAGE_LANDED,Player-4755-01A6B139,"Sakatan-Dreadmist",0x514,0x0,Creature-0-4457-249-1045-10184-000028665C,"Onyxia",0xa48,0x0,Creature-0-4457-249-1045-10184-000028665C,0000000000000000,93,100,0,0,0,-1,0,0,0,10.16,-218.04,0,0.0038,63,169,223,-1,1,0,0,0,nil,1,nil
4/28 18:48:59.023  SWING_DAMAGE_LANDED,Player-4755-016296D3,"Nivl-Dreadmist",0x514,0x0,Creature-0-4457-249-1045-10184-000028665C,"Onyxia",0xa48,0x0,Creature-0-4457-249-1045-10184-000028665C,0000000000000000,93,100,0,0,0,-1,0,0,0,10.16,-218.04,0,0.0038,63,196,249,-1,1,0,0,0,nil,nil,nil
4/28 18:48:59.023  SPELL_MISSED,Player-4755-01802FE5,"Angrybat-Dreadmist",0x514,0x0,Creature-0-4457-249-1045-10184-000028665C,"Onyxia",0xa48,0x0,12579,"Winter's Chill",0x10,RESIST,nil,0
4/28 18:48:59.023  SWING_DAMAGE_LANDED,Player-4755-01733879,"Hocwar-Dreadmist",0x50514,0x0,Creature-0-4457-249-1045-10184-000028665C,"Onyxia",0xa48,0x0,Creature-0-4457-249-1045-10184-000028665C,0000000000000000,93,100,0,0,0,-1,0,0,0,10.16,-218.04,0,0.0038,63,187,285,-1,1,0,0,0,nil,1,nil
4/28 18:48:59.023  SPELL_DAMAGE,Pet-0-4457-249-1045-2850-01001956F9,"Kratos",0x1114,0x0,Creature-0-4457-249-1045-10184-000028665C,"Onyxia",0xa48,0x0,3009,"Claw",0x1,Creature-0-4457-249-1045-10184-000028665C,0000000000000000,93,100,0,0,0,-1,0,0,0,10.16,-218.04,0,0.0038,63,75,95,-1,1,0,0,0,nil,nil,nil
4/28 18:48:59.023  SWING_MISSED,Player-4755-01637B0A,"Pindle-Dreadmist",0x514,0x0,Creature-0-4457-249-1045-10184-000028665C,"Onyxia",0xa48,0x0,MISS,nil
4/28 18:48:59.048  SPELL_CAST_SUCCESS,Player-4755-01733879,"Hocwar-Dreadmist",0x50514,0x0,Creature-0-4457-249-1045-10184-000028665C,"Onyxia",0xa48,0x0,23881,"Bloodthirst",0x1,Player-4755-01733879,0000000000000000,100,100,0,0,0,-1,0,0,0,24.58,-217.88,0,3.1379,71
4/28 18:48:59.083  SPELL_CAST_SUCCESS,Player-4755-01F36B30,"Rectumqeef-Dreadmist",0x514,0x0,Creature-0-4457-249-1045-10184-000028665C,"Onyxia",0xa48,0x0,5019,"Shoot",0x1,Player-4755-01F36B30,0000000000000000,100,100,0,0,0,-1,0,0,0,6.78,-189.01,0,4.7048,66
4/28 18:48:59.083  SPELL_CAST_SUCCESS,Player-4755-0160BD13,"Mafkees-Dreadmist",0x514,0x0,Creature-0-4457-249-1045-10184-000028665C,"Onyxia",0xa48,0x0,11585,"Overpower",0x1,Player-4755-0160BD13,0000000000000000,100,100,0,0,0,-1,0,0,0,11.00,-208.46,0,4.5812,64
4/28 18:48:59.083  SPELL_AURA_APPLIED,Player-4755-0160BD13,"Mafkees-Dreadmist",0x514,0x0,Player-4755-0160BD13,"Mafkees-Dreadmist",0x514,0x0,10610,"Windfury Totem",0x8,BUFF
4/28 18:48:59.083  SPELL_EXTRA_ATTACKS,Player-4755-0160BD13,"Mafkees-Dreadmist",0x514,0x0,Player-4755-0160BD13,"Mafkees-Dreadmist",0x514,0x0,10610,"Windfury Totem",0x8,1
4/28 18:48:59.104  SWING_DAMAGE,Player-4755-0160BD13,"Mafkees-Dreadmist",0x514,0x0,Creature-0-4457-249-1045-10184-000028665C,"Onyxia",0xa48,0x0,Player-4755-0160BD13,0000000000000000,100,100,0,0,0,-1,0,0,0,11.00,-208.46,0,4.6166,64,438,678,-1,1,0,0,0,nil,1,nil
4/28 18:48:59.104  SPELL_PERIODIC_ENERGIZE,Player-4755-01BC57A3,"Saintis-Dreadmist",0x511,0x0,Player-4755-01BC57A3,"Saintis-Dreadmist",0x511,0x0,18194,"Mana Regeneration",0x1,Player-4755-01BC57A3,0000000000000000,100,100,0,0,0,-1,0,0,0,9.93,-193.11,0,5.3079,68,8.0000,0.0000,0,7212
4/28 18:48:59.104  SPELL_CAST_START,Player-4755-01BC57A3,"Saintis-Dreadmist",0x511,0x0,0000000000000000,nil,0x80000000,0x80000000,2061,"Flash Heal",0x2
4/28 18:48:59.126  SPELL_CAST_SUCCESS,Player-4755-021D6506,"Bloodlady-Dreadmist",0x514,0x0,Creature-0-4457-249-1045-10184-000028665C,"Onyxia",0xa48,0x0,10181,"Frostbolt",0x10,Player-4755-021D6506,0000000000000000,100,100,0,0,0,-1,0,0,0,2.26,-178.45,0,4.9285,69
4/28 18:48:59.126  SPELL_CAST_START,Player-4755-021D6506,"Bloodlady-Dreadmist",0x514,0x0,0000000000000000,nil,0x80000000,0x80000000,10181,"Frostbolt",0x10
4/28 18:48:59.142  SWING_DAMAGE,Pet-0-4457-249-1045-2850-01001956F9,"Kratos",0x1114,0x0,Creature-0-4457-249-1045-10184-000028665C,"Onyxia",0xa48,0x0,Pet-0-4457-249-1045-2850-01001956F9,Player-4755-0178F576,100,100,0,0,0,-1,0,0,0,5.73,-193.66,0,4.8178,66,95,120,-1,1,0,0,0,nil,nil,nil
4/28 18:48:59.158  SPELL_AURA_REMOVED,Player-4755-01FA8DD8,"Roackerita-Dreadmist",0x514,0x0,Player-4755-01733879,"Hocwar-Dreadmist",0x50514,0x0,6078,"Renew",0x2,BUFF
4/28 18:48:59.178  SPELL_DAMAGE,Player-4755-01614AC7,"Mirrimazduur-Dreadmist",0x512,0x0,Creature-0-4457-249-1045-10184-000028665C,"Onyxia",0xa48,0x0,11661,"Shadow Bolt",0x20,Creature-0-4457-249-1045-10184-000028665C,0000000000000000,93,100,0,0,0,-1,0,0,0,10.16,-218.04,0,0.0038,63,978,889,-1,32,0,0,0,nil,nil,nil
4/28 18:48:59.178  SWING_MISSED,Player-4755-01F21AE6,"Blahu-Dreadmist",0x40514,0x0,Creature-0-4457-249-1045-10184-000028665C,"Onyxia",0xa48,0x0,PARRY,nil
4/28 18:48:59.178  SPELL_CAST_SUCCESS,Player-4755-01A6B139,"Sakatan-Dreadmist",0x514,0x0,Creature-0-4457-249-1045-10184-000028665C,"Onyxia",0xa48,0x0,11281,"Backstab",0x1,Player-4755-01A6B139,0000000000000000,100,100,0,0,0,-1,0,0,0,9.54,-199.57,0,5.0548,69
4/28 18:48:59.288  SPELL_CAST_SUCCESS,Player-4755-01637B0A,"Pindle-Dreadmist",0x514,0x0,Creature-0-4457-249-1045-10184-000028665C,"Onyxia",0xa48,0x0,11303,"Feint",0x1,Player-4755-01637B0A,0000000000000000,100,100,0,0,0,-1,0,0,0,7.87,-207.21,0,4.8296,65
4/28 18:48:59.288  SPELL_AURA_APPLIED,Player-4755-01637B0A,"Pindle-Dreadmist",0x514,0x0,Player-4755-01637B0A,"Pindle-Dreadmist",0x514,0x0,10610,"Windfury Totem",0x8,BUFF
4/28 18:48:59.288  SPELL_EXTRA_ATTACKS,Player-4755-01637B0A,"Pindle-Dreadmist",0x514,0x0,Player-4755-01637B0A,"Pindle-Dreadmist",0x514,0x0,10610,"Windfury Totem",0x8,1
4/28 18:48:59.308  SWING_DAMAGE,Player-4755-01637B0A,"Pindle-Dreadmist",0x514,0x0,Creature-0-4457-249-1045-10184-000028665C,"Onyxia",0xa48,0x0,Player-4755-01637B0A,0000000000000000,100,100,0,0,0,-1,0,0,0,7.87,-207.21,0,4.8630,65,389,242,-1,1,0,0,0,1,nil,nil
4/28 18:48:59.308  SWING_MISSED,Player-4755-01AC9FD9,"Alexinho-Dreadmist",0x514,0x0,Creature-0-4457-249-1045-10184-000028665C,"Onyxia",0xa48,0x0,MISS,1
4/28 18:48:59.330  SPELL_CAST_SUCCESS,Player-4755-01B60A5F,"Zurok-Dreadmist",0x514,0x0,Creature-0-4457-249-1045-10184-000028665C,"Onyxia",0xa48,0x0,75,"Auto Shot",0x1,Player-4755-01B60A5F,0000000000000000,100,100,0,0,0,-1,0,0,0,12.36,-183.99,0,4.9833,62
4/28 18:48:59.330  SPELL_CAST_START,Player-4755-0210153A,"Hapuseneb-Dreadmist",0x514,0x0,0000000000000000,nil,0x80000000,0x80000000,2053,"Lesser Heal",0x2
4/28 18:48:59.422  SPELL_AURA_REFRESH,Player-4755-0178F416,"Eltorero-Dreadmist",0x514,0x0,Creature-0-4457-249-1045-10184-000028665C,"Onyxia",0xa48,0x0,12721,"Deep Wound",0x1,DEBUFF
4/28 18:48:59.422  SPELL_AURA_APPLIED,Player-4755-01733879,"Hocwar-Dreadmist",0x50514,0x0,Player-4755-01733879,"Hocwar-Dreadmist",0x50514,0x0,12970,"Flurry",0x1,BUFF
4/28 18:48:59.422  SPELL_AURA_REMOVED,Player-4755-01F21AE6,"Blahu-Dreadmist",0x40514,0x0,Player-4755-01F21AE6,"Blahu-Dreadmist",0x40514,0x0,12970,"Flurry",0x1,BUFF
4/28 18:48:59.422  SPELL_AURA_REMOVED_DOSE,Player-4755-01733879,"Hocwar-Dreadmist",0x50514,0x0,Player-4755-01733879,"Hocwar-Dreadmist",0x50514,0x0,12970,"Flurry",0x1,BUFF,2
4/28 18:48:59.422  SPELL_DAMAGE,Player-4755-01733879,"Hocwar-Dreadmist",0x50514,0x0,Creature-0-4457-249-1045-10184-000028665C,"Onyxia",0xa48,0x0,23881,"Bloodthirst",0x1,Creature-0-4457-249-1045-10184-000028665C,0000000000000000,92,100,0,0,0,-1,0,0,0,10.16,-218.04,0,0.0038,63,478,605,-1,1,0,0,0,nil,nil,nil
4/28 18:48:59.422  SPELL_AURA_APPLIED,Player-4755-01733879,"Hocwar-Dreadmist",0x50514,0x0,Player-4755-01733879,"Hocwar-Dreadmist",0x50514,0x0,23885,"Bloodthirst",0x1,BUFF
4/28 18:48:59.422  SPELL_DAMAGE,Player-4755-0160BD13,"Mafkees-Dreadmist",0x514,0x0,Creature-0-4457-249-1045-10184-000028665C,"Onyxia",0xa48,0x0,11585,"Overpower",0x1,Creature-0-4457-249-1045-10184-000028665C,0000000000000000,92,100,0,0,0,-1,0,0,0,10.16,-218.04,0,0.0038,63,487,618,-1,1,0,0,0,nil,nil,nil
4/28 18:48:59.422  SWING_DAMAGE_LANDED,Player-4755-0160BD13,"Mafkees-Dreadmist",0x514,0x0,Creature-0-4457-249-1045-10184-000028665C,"Onyxia",0xa48,0x0,Creature-0-4457-249-1045-10184-000028665C,0000000000000000,92,100,0,0,0,-1,0,0,0,10.16,-218.04,0,0.0038,63,438,678,-1,1,0,0,0,nil,1,nil
4/28 18:48:59.422  SWING_DAMAGE_LANDED,Pet-0-4457-249-1045-2850-01001956F9,"Kratos",0x1114,0x0,Creature-0-4457-249-1045-10184-000028665C,"Onyxia",0xa48,0x0,Creature-0-4457-249-1045-10184-000028665C,0000000000000000,92,100,0,0,0,-1,0,0,0,10.16,-218.04,0,0.0038,63,95,120,-1,1,0,0,0,nil,nil,nil
4/28 18:48:59.422  SPELL_DAMAGE,Player-4755-01A6B139,"Sakatan-Dreadmist",0x514,0x0,Creature-0-4457-249-1045-10184-000028665C,"Onyxia",0xa48,0x0,11281,"Backstab",0x1,Creature-0-4457-249-1045-10184-000028665C,0000000000000000,92,100,0,0,0,-1,0,0,0,10.16,-218.04,0,0.0038,63,1152,638,-1,1,0,0,0,1,nil,nil
4/28 18:48:59.422  SWING_DAMAGE_LANDED,Player-4755-01637B0A,"Pindle-Dreadmist",0x514,0x0,Creature-0-4457-249-1045-10184-000028665C,"Onyxia",0xa48,0x0,Creature-0-4457-249-1045-10184-000028665C,0000000000000000,92,100,0,0,0,-1,0,0,0,10.16,-218.04,0,0.0038,63,389,242,-1,1,0,0,0,1,nil,nil
4/28 18:48:59.451  SPELL_CAST_START,Player-4755-0178F576,"Atreas-Dreadmist",0x514,0x0,0000000000000000,nil,0x80000000,0x80000000,75,"Auto Shot",0x1
4/28 18:48:59.487  SWING_DAMAGE,Creature-0-4457-249-1045-10184-000028665C,"Onyxia",0xa48,0x0,Player-4755-01733879,"Hocwar-Dreadmist",0x50514,0x0,Creature-0-4457-249-1045-10184-000028665C,0000000000000000,92,100,0,0,0,-1,0,0,0,10.16,-218.04,0,0.0038,63,525,1106,-1,1,0,0,0,nil,nil,nil
4/28 18:48:59.505  SPELL_CAST_SUCCESS,Player-4755-01FA8D0D,"Roackeru-Dreadmist",0x514,0x0,Creature-0-4457-249-1045-10184-000028665C,"Onyxia",0xa48,0x0,5019,"Shoot",0x1,Player-4755-01FA8D0D,0000000000000000,100,100,0,0,0,-1,0,0,0,14.13,-180.96,0,4.7830,65
4/28 18:48:59.545  SPELL_AURA_APPLIED,Player-4755-01AC9FD9,"Alexinho-Dreadmist",0x514,0x0,Player-4755-01AC9FD9,"Alexinho-Dreadmist",0x514,0x0,10610,"Windfury Totem",0x8,BUFF
4/28 18:48:59.545  SPELL_EXTRA_ATTACKS,Player-4755-01AC9FD9,"Alexinho-Dreadmist",0x514,0x0,Player-4755-01AC9FD9,"Alexinho-Dreadmist",0x514,0x0,10610,"Windfury Totem",0x8,1
4/28 18:48:59.545  SWING_DAMAGE,Player-4755-01AC9FD9,"Alexinho-Dreadmist",0x514,0x0,Creature-0-4457-249-1045-10184-000028665C,"Onyxia",0xa48,0x0,Player-4755-01AC9FD9,0000000000000000,100,100,0,0,0,-1,0,0,0,11.70,-201.82,0,4.5287,66,314,471,-1,1,0,0,0,nil,1,nil
4/28 18:48:59.545  SWING_MISSED,Player-4755-01AC9FD9,"Alexinho-Dreadmist",0x514,0x0,Creature-0-4457-249-1045-10184-000028665C,"Onyxia",0xa48,0x0,PARRY,nil
4/28 18:48:59.598  SPELL_PERIODIC_ENERGIZE,Creature-0-4457-249-1045-7416-0000286C79,"Mana Spring Totem IV",0x2114,0x0,Player-4755-01ED7A64,"Sperzieboon-Dreadmist",0x514,0x0,10494,"Mana Spring",0x8,Player-4755-01ED7A64,0000000000000000,100,100,0,0,0,-1,0,0,0,13.03,-191.02,0,4.8214,67,12.0000,0.0000,0,7261
4/28 18:48:59.598  SPELL_PERIODIC_ENERGIZE,Creature-0-4457-249-1045-7416-0000286C79,"Mana Spring Totem IV",0x2114,0x0,Player-4755-01804B95,"Moymoy-Dreadmist",0x514,0x0,10494,"Mana Spring",0x8,Player-4755-01804B95,0000000000000000,100,100,0,0,0,-1,0,0,0,12.08,-184.15,0,4.7188,66,13.0000,0.0000,0,5366
4/28 18:48:59.598  SPELL_PERIODIC_ENERGIZE,Creature-0-4457-249-1045-7416-0000286C79,"Mana Spring Totem IV",0x2114,0x0,Player-4755-015FEBD5,"Sauvage-Dreadmist",0x514,0x0,10494,"Mana Spring",0x8,Player-4755-015FEBD5,0000000000000000,100,100,0,0,0,-1,0,0,0,15.89,-180.74,0,4.0982,64,13.0000,0.0000,0,6158
4/28 18:48:59.598  SPELL_PERIODIC_ENERGIZE,Creature-0-4457-249-1045-7416-0000286C79,"Mana Spring Totem IV",0x2114,0x0,Player-4755-0210153A,"Hapuseneb-Dreadmist",0x514,0x0,10494,"Mana Spring",0x8,Player-4755-0210153A,0000000000000000,100,100,0,0,0,-1,0,0,0,16.09,-197.11,0,4.5828,66,12.0000,0.0000,0,6736
4/28 18:48:59.598  SPELL_PERIODIC_ENERGIZE,Creature-0-4457-249-1045-7416-0000286C79,"Mana Spring Totem IV",0x2114,0x0,Player-4755-01FA8DD8,"Roackerita-Dreadmist",0x514,0x0,10494,"Mana Spring",0x8,Player-4755-01FA8DD8,0000000000000000,100,100,0,0,0,-1,0,0,0,3.53,-182.84,0,5.5543,69,12.0000,0.0000,0,6736
4/28 18:48:59.631  SPELL_AURA_APPLIED,Player-4755-0220BD00,"Krikoff-Dreadmist",0x40514,0x0,Player-4755-0220BD00,"Krikoff-Dreadmist",0x40514,0x0,20007,"Holy Strength",0x2,BUFF
4/28 18:48:59.631  SPELL_HEAL,Player-4755-0220BD00,"Krikoff-Dreadmist",0x40514,0x0,Player-4755-0220BD00,"Krikoff-Dreadmist",0x40514,0x0,20007,"Holy Strength",0x2,Player-4755-0220BD00,0000000000000000,100,100,0,0,0,-1,0,0,0,10.75,-210.89,0,4.7163,68,77,77,77,0,nil
4/28 18:48:59.631  SWING_DAMAGE,Player-4755-0220BD00,"Krikoff-Dreadmist",0x40514,0x0,Creature-0-4457-249-1045-10184-000028665C,"Onyxia",0xa48,0x0,Player-4755-0220BD00,0000000000000000,100,100,0,0,0,-1,0,0,0,10.75,-210.89,0,4.7163,68,235,337,-1,1,0,0,0,nil,1,nil
4/28 18:48:59.631  SWING_DAMAGE,Player-4755-01A6B139,"Sakatan-Dreadmist",0x514,0x0,Creature-0-4457-249-1045-10184-000028665C,"Onyxia",0xa48,0x0,Player-4755-01A6B139,0000000000000000,100,100,0,0,0,-1,0,0,0,9.54,-199.57,0,5.0548,69,253,157,-1,1,0,0,0,1,nil,nil
4/28 18:48:59.667  SPELL_CAST_START,Player-4755-01E83279,"Nlmasters-Dreadmist",0x514,0x8,0000000000000000,nil,0x80000000,0x80000000,75,"Auto Shot",0x1
4/28 18:48:59.686  SWING_DAMAGE,Pet-0-4457-249-1045-9622-02002CD5BC,"Bokito",0x1114,0x0,Creature-0-4457-249-1045-10184-000028665C,"Onyxia",0xa48,0x0,Pet-0-4457-249-1045-9622-02002CD5BC,Player-4755-020BD78D,100,100,0,0,0,-1,0,0,0,-4.27,-198.08,0,5.3385,70,184,233,-1,1,0,0,0,nil,nil,nil
4/28 18:48:59.738  SPELL_PERIODIC_HEAL,Player-4755-01FA8DD8,"Roackerita-Dreadmist",0x514,0x0,Player-4755-0220BD00,"Krikoff-Dreadmist",0x40514,0x0,6078,"Renew",0x2,Player-4755-0220BD00,0000000000000000,100,100,0,0,0,-1,0,0,0,10.75,-210.89,0,4.7163,68,236,236,236,0,nil
4/28 18:48:59.760  SPELL_CAST_SUCCESS,Player-4755-01617EEE,"Fenix-Dreadmist",0x512,0x0,Player-4755-01733879,"Hocwar-Dreadmist",0x50514,0x0,9474,"Flash Heal",0x2,Player-4755-01617EEE,0000000000000000,100,100,0,0,0,-1,0,0,0,26.44,-181.95,0,4.6140,66
4/28 18:48:59.760  SPELL_PERIODIC_ENERGIZE,Creature-0-4457-249-1045-7416-0000286C87,"Mana Spring Totem IV",0x2114,0x0,Player-4755-016296D3,"Nivl-Dreadmist",0x514,0x0,10494,"Mana Spring",0x8,Player-4755-016296D3,0000000000000000,100,100,0,0,0,-1,0,0,0,11.54,-204.89,0,4.7951,69,10.0000,0.0000,0,5845
4/28 18:48:59.760  SPELL_PERIODIC_ENERGIZE,Creature-0-4457-249-1045-7416-0000286C87,"Mana Spring Totem IV",0x2114,0x0,Player-4755-0178F576,"Atreas-Dreadmist",0x514,0x0,10494,"Mana Spring",0x8,Player-4755-0178F576,0000000000000000,100,100,0,0,0,-1,0,0,0,6.14,-178.76,0,4.5107,66,10.0000,0.0000,0,3765
4/28 18:48:59.811  SPELL_CAST_SUCCESS,Pet-0-4457-249-1045-7456-03003178E8,"Owl",0x1114,0x0,Creature-0-4457-249-1045-10184-000028665C,"Onyxia",0xa48,0x0,24579,"Screech",0x1,Pet-0-4457-249-1045-7456-03003178E8,Player-4755-01B60A5F,100,100,0,0,0,-1,0,0,0,10.62,-193.45,0,4.6937,62
4/28 18:48:59.835  SPELL_AURA_REMOVED_DOSE,Player-4755-01637B0A,"Pindle-Dreadmist",0x514,0x0,Player-4755-01637B0A,"Pindle-Dreadmist",0x514,0x0,10610,"Windfury Totem",0x8,BUFF,1
4/28 18:48:59.835  SPELL_AURA_REMOVED_DOSE,Player-4755-01733879,"Hocwar-Dreadmist",0x50514,0x0,Player-4755-01733879,"Hocwar-Dreadmist",0x50514,0x0,23885,"Bloodthirst",0x1,BUFF,4
4/28 18:48:59.835  SPELL_HEAL,Player-4755-01733879,"Hocwar-Dreadmist",0x50514,0x0,Player-4755-01733879,"Hocwar-Dreadmist",0x50514,0x0,23880,"Bloodthirst",0x1,Player-4755-01733879,0000000000000000,100,100,0,0,0,-1,0,0,0,24.58,-217.88,0,3.1340,71,10,10,10,0,nil
4/28 18:48:59.835  SPELL_AURA_REMOVED_DOSE,Player-4755-0160BD13,"Mafkees-Dreadmist",0x514,0x0,Player-4755-0160BD13,"Mafkees-Dreadmist",0x514,0x0,23888,"Bloodthirst",0x1,BUFF,2
4/28 18:48:59.835  SPELL_HEAL,Player-4755-0160BD13,"Mafkees-Dreadmist",0x514,0x0,Player-4755-0160BD13,"Mafkees-Dreadmist",0x514,0x0,23891,"Bloodthirst",0x1,Player-4755-0160BD13,0000000000000000,100,100,0,0,0,-1,0,0,0,11.00,-208.46,0,4.6441,64,20,20,20,0,nil
4/28 18:48:59.835  SPELL_AURA_REMOVED_DOSE,Player-4755-0160BD13,"Mafkees-Dreadmist",0x514,0x0,Player-4755-0160BD13,"Mafkees-Dreadmist",0x514,0x0,23888,"Bloodthirst",0x1,BUFF,1
4/28 18:48:59.835  SPELL_AURA_REMOVED_DOSE,Player-4755-0160BD13,"Mafkees-Dreadmist",0x514,0x0,Player-4755-0160BD13,"Mafkees-Dreadmist",0x514,0x0,10610,"Windfury Totem",0x8,BUFF,1
4/28 18:48:59.835  SPELL_HEAL,Player-4755-0160BD13,"Mafkees-Dreadmist",0x514,0x0,Player-4755-0160BD13,"Mafkees-Dreadmist",0x514,0x0,23891,"Bloodthirst",0x1,Player-4755-0160BD13,0000000000000000,100,100,0,0,0,-1,0,0,0,11.00,-208.46,0,4.6441,64,20,20,20,0,nil
4/28 18:48:59.835  SPELL_AURA_REMOVED,Player-4755-01637B0A,"Pindle-Dreadmist",0x514,0x0,Player-4755-01637B0A,"Pindle-Dreadmist",0x514,0x0,10610,"Windfury Totem",0x8,BUFF
4/28 18:48:59.835  SWING_DAMAGE_LANDED,Creature-0-4457-249-1045-10184-000028665C,"Onyxia",0xa48,0x0,Player-4755-01733879,"Hocwar-Dreadmist",0x50514,0x0,Player-4755-01733879,0000000000000000,92,100,0,0,0,-1,0,0,0,24.58,-217.88,0,3.1340,71,525,1106,-1,1,0,0,0,nil,nil,nil
4/28 18:48:59.835  SWING_DAMAGE_LANDED,Player-4755-01AC9FD9,"Alexinho-Dreadmist",0x514,0x0,Creature-0-4457-249-1045-10184-000028665C,"Onyxia",0xa48,0x0,Creature-0-4457-249-1045-10184-000028665C,0000000000000000,92,100,0,0,0,-1,0,0,0,10.16,-218.04,0,0.0038,63,314,471,-1,1,0,0,0,nil,1,nil
4/28 18:48:59.835  SWING_DAMAGE_LANDED,Player-4755-0220BD00,"Krikoff-Dreadmist",0x40514,0x0,Creature-0-4457-249-1045-10184-000028665C,"Onyxia",0xa48,0x0,Creature-0-4457-249-1045-10184-000028665C,0000000000000000,92,100,0,0,0,-1,0,0,0,10.16,-218.04,0,0.0038,63,235,337,-1,1,0,0,0,nil,1,nil
4/28 18:48:59.835  SWING_DAMAGE_LANDED,Player-4755-01A6B139,"Sakatan-Dreadmist",0x514,0x0,Creature-0-4457-249-1045-10184-000028665C,"Onyxia",0xa48,0x0,Creature-0-4457-249-1045-10184-000028665C,0000000000000000,92,100,0,0,0,-1,0,0,0,10.16,-218.04,0,0.0038,63,253,157,-1,1,0,0,0,1,nil,nil
4/28 18:48:59.835  SWING_DAMAGE_LANDED,Pet-0-4457-249-1045-9622-02002CD5BC,"Bokito",0x1114,0x0,Creature-0-4457-249-1045-10184-000028665C,"Onyxia",0xa48,0x0,Creature-0-4457-249-1045-10184-000028665C,0000000000000000,92,100,0,0,0,-1,0,0,0,10.16,-218.04,0,0.0038,63,184,233,-1,1,0,0,0,nil,nil,nil
4/28 18:48:59.835  SPELL_HEAL,Player-4755-01617EEE,"Fenix-Dreadmist",0x512,0x0,Player-4755-01733879,"Hocwar-Dreadmist",0x50514,0x0,9474,"Flash Heal",0x2,Player-4755-01733879,0000000000000000,100,100,0,0,0,-1,0,0,0,24.58,-217.88,0,3.1340,71,755,755,230,0,nil
4/28 18:48:59.835  SPELL_DAMAGE,Pet-0-4457-249-1045-7456-03003178E8,"Owl",0x1114,0x0,Creature-0-4457-249-1045-10184-000028665C,"Onyxia",0xa48,0x0,24579,"Screech",0x1,Creature-0-4457-249-1045-10184-000028665C,0000000000000000,92,100,0,0,0,-1,0,0,0,10.16,-218.04,0,0.0038,63,42,53,-1,1,0,0,0,nil,nil,nil
4/28 18:48:59.835  SPELL_AURA_REFRESH,Pet-0-4457-249-1045-7456-03003178E8,"Owl",0x1114,0x0,Creature-0-4457-249-1045-10184-000028665C,"Onyxia",0xa48,0x0,24579,"Screech",0x1,DEBUFF
4/28 18:48:59.835  SPELL_PERIODIC_DAMAGE,Player-4755-01F36B30,"Rectumqeef-Dreadmist",0x514,0x0,Creature-0-4457-249-1045-10184-000028665C,"Onyxia",0xa48,0x0,11672,"Corruption",0x20,Creature-0-4457-249-1045-10184-000028665C,0000000000000000,92,100,0,0,0,-1,0,0,0,10.16,-218.04,0,0.0038,63,224,203,-1,32,0,0,0,nil,nil,nil
4/28 18:48:59.864  RANGE_DAMAGE,Player-4755-01FA8D0D,"Roackeru-Dreadmist",0x514,0x0,Creature-0-4457-249-1045-10184-000028665C,"Onyxia",0xa48,0x0,5019,"Shoot",0x1,Creature-0-4457-249-1045-10184-000028665C,0000000000000000,92,100,0,0,0,-1,0,0,0,10.16,-218.04,0,0.0038,63,83,99,-1,32,25,0,0,nil,nil,nil
4/28 18:48:59.864  SPELL_CAST_SUCCESS,Player-4755-0178F576,"Atreas-Dreadmist",0x514,0x0,Creature-0-4457-249-1045-10184-000028665C,"Onyxia",0xa48,0x0,75,"Auto Shot",0x1,Player-4755-0178F576,0000000000000000,100,100,0,0,0,-1,0,0,0,6.14,-178.76,0,4.5107,66
4/28 18:48:59.881  SWING_DAMAGE,Pet-0-4457-249-1045-7456-03003178E8,"Owl",0x1114,0x0,Creature-0-4457-249-1045-10184-000028665C,"Onyxia",0xa48,0x0,Pet-0-4457-249-1045-7456-03003178E8,Player-4755-01B60A5F,100,100,0,0,0,-1,0,0,0,10.62,-193.45,0,4.6937,62,64,165,-1,1,0,0,0,nil,1,nil
4/28 18:48:59.898  SPELL_CAST_START,Player-4755-0163DD9D,"Kaspais-Dreadmist",0x514,0x0,0000000000000000,nil,0x80000000,0x80000000,10181,"Frostbolt",0x10
4/28 18:48:59.950  SPELL_CAST_START,Player-4755-020BD78D,"Lonehunter-Dreadmist",0x514,0x0,0000000000000000,nil,0x80000000,0x80000000,75,"Auto Shot",0x1
4/28 18:48:59.985  SWING_DAMAGE,Player-4755-01637B0A,"Pindle-Dreadmist",0x514,0x0,Creature-0-4457-249-1045-10184-000028665C,"Onyxia",0xa48,0x0,Player-4755-01637B0A,0000000000000000,100,100,0,0,0,-1,0,0,0,7.87,-207.21,0,4.9062,65,89,119,-1,1,0,0,0,nil,1,nil
4/28 18:49:00.002  SPELL_CAST_SUCCESS,Player-4755-01E83279,"Nlmasters-Dreadmist",0x514,0x8,Creature-0-4457-249-1045-10184-000028665C,"Onyxia",0xa48,0x0,75,"Auto Shot",0x1,Player-4755-01E83279,0000000000000000,100,100,0,0,0,-1,0,0,0,10.95,-182.52,0,4.5014,70
4/28 18:49:00.054  SPELL_CAST_SUCCESS,Player-4755-01802FE5,"Angrybat-Dreadmist",0x514,0x0,Creature-0-4457-249-1045-10184-000028665C,"Onyxia",0xa48,0x0,10181,"Frostbolt",0x10,Player-4755-01802FE5,0000000000000000,100,100,0,0,0,-1,0,0,0,12.24,-179.84,0,4.5664,66
4/28 18:49:00.054  SPELL_CAST_START,Player-4755-01802FE5,"Angrybat-Dreadmist",0x514,0x0,0000000000000000,nil,0x80000000,0x80000000,10181,"Frostbolt",0x10
4/28 18:49:00.075  SWING_DAMAGE,Player-4755-01733879,"Hocwar-Dreadmist",0x50514,0x0,Creature-0-4457-249-1045-10184-000028665C,"Onyxia",0xa48,0x0,Player-4755-01733879,0000000000000000,100,100,0,0,0,-1,0,0,0,24.58,-217.88,0,3.1340,71,99,153,-1,1,0,0,0,nil,1,nil
4/28 18:49:00.075  SPELL_CAST_START,Player-4755-01F36B30,"Rectumqeef-Dreadmist",0x514,0x0,0000000000000000,nil,0x80000000,0x80000000,5019,"Shoot",0x1
4/28 18:49:00.130  RANGE_DAMAGE,Player-4755-0163DD9D,"Kaspais-Dreadmist",0x514,0x0,Creature-0-4457-249-1045-10184-000028665C,"Onyxia",0xa48,0x0,5019,"Shoot",0x1,Creature-0-4457-249-1045-10184-000028665C,0000000000000000,92,100,0,0,0,-1,0,0,0,10.16,-218.04,0,0.0038,63,49,87,-1,16,44,0,0,nil,nil,nil
4/28 18:49:00.148  SWING_DAMAGE,Pet-0-4457-249-1045-2850-01001956F9,"Kratos",0x1114,0x0,Creature-0-4457-249-1045-10184-000028665C,"Onyxia",0xa48,0x0,Pet-0-4457-249-1045-2850-01001956F9,Player-4755-0178F576,100,100,0,0,0,-1,0,0,0,5.73,-193.66,0,4.8178,66,92,117,-1,1,0,0,0,nil,nil,nil
4/28 18:49:00.184  RANGE_DAMAGE,Player-4755-01B60A5F,"Zurok-Dreadmist",0x514,0x0,Creature-0-4457-249-1045-10184-000028665C,"Onyxia",0xa48,0x0,75,"Auto Shot",0x1,Creature-0-4457-249-1045-10184-000028665C,0000000000000000,92,100,0,0,0,-1,0,0,0,10.16,-218.04,0,0.0038,63,375,476,-1,1,0,0,0,nil,nil,nil
4/28 18:49:00.221  SPELL_AURA_REMOVED_DOSE,Player-4755-01AC9FD9,"Alexinho-Dreadmist",0x514,0x0,Player-4755-01AC9FD9,"Alexinho-Dreadmist",0x514,0x0,10610,"Windfury Totem",0x8,BUFF,1
4/28 18:49:00.221  SPELL_AURA_REMOVED,Player-4755-01AC9FD9,"Alexinho-Dreadmist",0x514,0x0,Player-4755-01AC9FD9,"Alexinho-Dreadmist",0x514,0x0,10610,"Windfury Totem",0x8,BUFF
4/28 18:49:00.221  SPELL_HEAL,Player-4755-0220BD00,"Krikoff-Dreadmist",0x40514,0x0,Player-4755-0220BD00,"Krikoff-Dreadmist",0x40514,0x0,23891,"Bloodthirst",0x1,Player-4755-0220BD00,0000000000000000,100,100,0,0,0,-1,0,0,0,10.75,-210.89,0,4.7163,68,20,20,20,0,nil
4/28 18:49:00.221  SPELL_AURA_REMOVED,Player-4755-0220BD00,"Krikoff-Dreadmist",0x40514,0x0,Player-4755-0220BD00,"Krikoff-Dreadmist",0x40514,0x0,23888,"Bloodthirst",0x1,BUFF
4/28 18:49:00.221  SWING_DAMAGE_LANDED,Pet-0-4457-249-1045-7456-03003178E8,"Owl",0x1114,0x0,Creature-0-4457-249-1045-10184-000028665C,"Onyxia",0xa48,0x0,Creature-0-4457-249-1045-10184-000028665C,0000000000000000,92,100,0,0,0,-1,0,0,0,10.16,-218.04,0,0.0038,63,64,165,-1,1,0,0,0,nil,1,nil
4/28 18:49:00.221  SWING_DAMAGE_LANDED,Player-4755-01637B0A,"Pindle-Dreadmist",0x514,0x0,Creature-0-4457-249-1045-10184-000028665C,"Onyxia",0xa48,0x0,Creature-0-4457-249-1045-10184-000028665C,0000000000000000,92,100,0,0,0,-1,0,0,0,10.16,-218.04,0,0.0038,63,89,119,-1,1,0,0,0,nil,1,nil
4/28 18:49:00.221  SWING_DAMAGE_LANDED,Player-4755-01733879,"Hocwar-Dreadmist",0x50514,0x0,Creature-0-4457-249-1045-10184-000028665C,"Onyxia",0xa48,0x0,Creature-0-4457-249-1045-10184-000028665C,0000000000000000,92,100,0,0,0,-1,0,0,0,10.16,-218.04,0,0.0038,63,99,153,-1,1,0,0,0,nil,1,nil
4/28 18:49:00.221  SWING_DAMAGE_LANDED,Pet-0-4457-249-1045-2850-01001956F9,"Kratos",0x1114,0x0,Creature-0-4457-249-1045-10184-000028665C,"Onyxia",0xa48,0x0,Creature-0-4457-249-1045-10184-000028665C,0000000000000000,92,100,0,0,0,-1,0,0,0,10.16,-218.04,0,0.0038,63,92,117,-1,1,0,0,0,nil,nil,nil
4/28 18:49:00.257  SPELL_AURA_APPLIED,Player-4755-0178F416,"Eltorero-Dreadmist",0x514,0x0,Player-4755-0178F416,"Eltorero-Dreadmist",0x514,0x0,20007,"Holy Strength",0x2,BUFF
4/28 18:49:00.257  SPELL_HEAL,Player-4755-0178F416,"Eltorero-Dreadmist",0x514,0x0,Player-4755-0178F416,"Eltorero-Dreadmist",0x514,0x0,20007,"Holy Strength",0x2,Player-4755-0178F416,0000000000000000,100,100,0,0,0,-1,0,0,0,7.86,-204.29,0,4.8880,67,115,115,115,0,nil
4/28 18:49:00.257  SWING_DAMAGE,Player-4755-0178F416,"Eltorero-Dreadmist",0x514,0x0,Creature-0-4457-249-1045-10184-000028665C,"Onyxia",0xa48,0x0,Player-4755-0178F416,0000000000000000,100,100,0,0,0,-1,0,0,0,7.86,-204.29,0,4.8880,67,1053,667,-1,1,0,0,0,1,nil,nil
4/28 18:49:00.278  SWING_DAMAGE,Player-4755-01A6B139,"Sakatan-Dreadmist",0x514,0x0,Creature-0-4457-249-1045-10184-000028665C,"Onyxia",0xa48,0x0,Player-4755-01A6B139,0000000000000000,100,100,0,0,0,-1,0,0,0,9.54,-199.57,0,5.0548,69,135,179,-1,1,0,0,0,nil,1,nil
4/28 18:49:00.278  SPELL_CAST_START,Player-4755-01E83279,"Nlmasters-Dreadmist",0x514,0x8,0000000000000000,nil,0x80000000,0x80000000,20904,"Aimed Shot",0x1
4/28 18:49:00.360  SPELL_CAST_SUCCESS,Player-4755-01733879,"Hocwar-Dreadmist",0x50514,0x0,Creature-0-4457-249-1045-10184-000028665C,"Onyxia",0xa48,0x0,11567,"Heroic Strike",0x1,Player-4755-01733879,0000000000000000,100,100,0,0,0,-1,0,0,0,24.58,-217.88,0,3.1340,71
4/28 18:49:00.360  SPELL_AURA_REMOVED_DOSE,Player-4755-01733879,"Hocwar-Dreadmist",0x50514,0x0,Player-4755-01733879,"Hocwar-Dreadmist",0x50514,0x0,12970,"Flurry",0x1,BUFF,1
4/28 18:49:00.381  SPELL_CAST_SUCCESS,Player-4755-020BD78D,"Lonehunter-Dreadmist",0x514,0x0,Creature-0-4457-249-1045-10184-000028665C,"Onyxia",0xa48,0x0,75,"Auto Shot",0x1,Player-4755-020BD78D,0000000000000000,100,100,0,0,0,-1,0,0,0,1.62,-179.46,0,4.9304,70
4/28 18:49:00.418  SPELL_CAST_FAILED,Player-4755-01BC57A3,"Saintis-Dreadmist",0x511,0x0,0000000000000000,nil,0x80000000,0x80000000,2061,"Flash Heal",0x2,"Interrupted"
4/28 18:49:00.452  SWING_DAMAGE,Player-4755-01840577,"Raggèn-Dreadmist",0x514,0x0,Creature-0-4457-249-1045-10184-000028665C,"Onyxia",0xa48,0x0,Player-4755-01840577,0000000000000000,100,100,0,0,0,-1,0,0,0,11.36,-207.69,0,4.6598,67,411,584,-1,1,0,0,0,nil,1,nil
4/28 18:49:00.468  SPELL_AURA_REMOVED,Player-4755-01FA8DD8,"Roackerita-Dreadmist",0x514,0x0,Player-4755-01FA8DD8,"Roackerita-Dreadmist",0x514,0x0,10899,"Power Word: Shield",0x2,BUFF
4/28 18:49:00.498  SPELL_CAST_START,Player-4755-01FA8D0D,"Roackeru-Dreadmist",0x514,0x0,0000000000000000,nil,0x80000000,0x80000000,5019,"Shoot",0x1
4/28 18:49:00.560  RANGE_DAMAGE,Player-4755-01F36B30,"Rectumqeef-Dreadmist",0x514,0x0,Creature-0-4457-249-1045-10184-000028665C,"Onyxia",0xa48,0x0,5019,"Shoot",0x1,Creature-0-4457-249-1045-10184-000028665C,0000000000000000,92,100,0,0,0,-1,0,0,0,10.16,-218.04,0,0.0038,63,94,85,-1,64,0,0,0,nil,nil,nil
4/28 18:49:00.603  SPELL_CAST_SUCCESS,Player-4755-0160BD13,"Mafkees-Dreadmist",0x514,0x0,Creature-0-4457-249-1045-10184-000028665C,"Onyxia",0xa48,0x0,23894,"Bloodthirst",0x1,Player-4755-0160BD13,0000000000000000,100,100,0,0,0,-1,0,0,0,10.87,-208.94,0,4.7619,64
4/28 18:49:00.603  SPELL_MISSED,Player-4755-0160BD13,"Mafkees-Dreadmist",0x514,0x0,Creature-0-4457-249-1045-10184-000028665C,"Onyxia",0xa48,0x0,23894,"Bloodthirst",0x1,PARRY,nil
4/28 18:49:00.603  SPELL_AURA_REMOVED,Player-4755-0160BD13,"Mafkees-Dreadmist",0x514,0x0,Player-4755-0160BD13,"Mafkees-Dreadmist",0x514,0x0,10610,"Windfury Totem",0x8,BUFF
4/28 18:49:00.603  SPELL_CAST_SUCCESS,Player-4755-01F36B30,"Rectumqeef-Dreadmist",0x514,0x0,Creature-0-4457-249-1045-10184-000028665C,"Onyxia",0xa48,0x0,5019,"Shoot",0x1,Player-4755-01F36B30,0000000000000000,100,100,0,0,0,-1,0,0,0,6.78,-189.01,0,4.7048,66
4/28 18:49:00.617  SPELL_MISSED,Player-4755-021D6506,"Bloodlady-Dreadmist",0x514,0x0,Creature-0-4457-249-1045-10184-000028665C,"Onyxia",0xa48,0x0,10181,"Frostbolt",0x10,RESIST,nil,0
4/28 18:49:00.617  SPELL_CAST_SUCCESS,Player-4755-01AC9FD9,"Alexinho-Dreadmist",0x514,0x0,Creature-0-4457-249-1045-10184-000028665C,"Onyxia",0xa48,0x0,11294,"Sinister Strike",0x1,Player-4755-01AC9FD9,0000000000000000,100,100,0,0,0,-1,0,0,0,14.04,-202.29,0,4.4934,66
4/28 18:49:00.617  SPELL_CAST_START,Creature-0-4457-249-1045-10184-000028665C,"Onyxia",0xa48,0x0,0000000000000000,nil,0x80000000,0x80000000,18435,"Flame Breath",0x4
4/28 18:49:00.617  SPELL_AURA_REMOVED_DOSE,Player-4755-01733879,"Hocwar-Dreadmist",0x50514,0x0,Player-4755-01733879,"Hocwar-Dreadmist",0x50514,0x0,23885,"Bloodthirst",0x1,BUFF,3
4/28 18:49:00.617  SPELL_HEAL,Player-4755-01733879,"Hocwar-Dreadmist",0x50514,0x0,Player-4755-01733879,"Hocwar-Dreadmist",0x50514,0x0,23880,"Bloodthirst",0x1,Player-4755-01733879,0000000000000000,100,100,0,0,0,-1,0,0,0,24.58,-217.88,0,3.1340,71,10,10,10,0,nil
4/28 18:49:00.617  SPELL_AURA_REMOVED,Player-4755-01733879,"Hocwar-Dreadmist",0x50514,0x0,Player-4755-01733879,"Hocwar-Dreadmist",0x50514,0x0,12970,"Flurry",0x1,BUFF
4/28 18:49:00.617  SWING_DAMAGE_LANDED,Player-4755-0178F416,"Eltorero-Dreadmist",0x514,0x0,Creature-0-4457-249-1045-10184-000028665C,"Onyxia",0xa48,0x0,Creature-0-4457-249-1045-10184-000028665C,0000000000000000,92,100,0,0,0,-1,0,0,0,10.16,-218.04,0,0.0107,63,1053,667,-1,1,0,0,0,1,nil,nil
4/28 18:49:00.617  SWING_DAMAGE_LANDED,Player-4755-01A6B139,"Sakatan-Dreadmist",0x514,0x0,Creature-0-4457-249-1045-10184-000028665C,"Onyxia",0xa48,0x0,Creature-0-4457-249-1045-10184-000028665C,0000000000000000,92,100,0,0,0,-1,0,0,0,10.16,-218.04,0,0.0107,63,135,179,-1,1,0,0,0,nil,1,nil
4/28 18:49:00.617  SPELL_DAMAGE,Player-4755-01733879,"Hocwar-Dreadmist",0x50514,0x0,Creature-0-4457-249-1045-10184-000028665C,"Onyxia",0xa48,0x0,11567,"Heroic Strike",0x1,Creature-0-4457-249-1045-10184-000028665C,0000000000000000,92,100,0,0,0,-1,0,0,0,10.16,-218.04,0,0.0107,63,325,412,-1,1,0,0,0,nil,nil,nil
4/28 18:49:00.617  SWING_DAMAGE_LANDED,Player-4755-01840577,"Raggèn-Dreadmist",0x514,0x0,Creature-0-4457-249-1045-10184-000028665C,"Onyxia",0xa48,0x0,Creature-0-4457-249-1045-10184-000028665C,0000000000000000,92,100,0,0,0,-1,0,0,0,10.16,-218.04,0,0.0107,63,411,584,-1,1,0,0,0,nil,1,nil
4/28 18:49:00.617  SPELL_DAMAGE,Player-4755-01AC9FD9,"Alexinho-Dreadmist",0x514,0x0,Creature-0-4457-249-1045-10184-000028665C,"Onyxia",0xa48,0x0,11294,"Sinister Strike",0x1,Creature-0-4457-249-1045-10184-000028665C,0000000000000000,92,100,0,0,0,-1,0,0,0,10.16,-218.04,0,0.0107,63,894,482,-1,1,0,0,0,1,nil,nil
4/28 18:49:00.649  SWING_DAMAGE,Player-4755-01F21AE6,"Blahu-Dreadmist",0x40514,0x0,Creature-0-4457-249-1045-10184-000028665C,"Onyxia",0xa48,0x0,Player-4755-01F21AE6,0000000000000000,100,100,0,0,0,-1,0,0,0,15.33,-195.70,0,4.5884,70,116,147,-1,1,0,0,0,nil,nil,nil
4/28 18:49:00.680  SWING_DAMAGE,Player-4755-01637B0A,"Pindle-Dreadmist",0x514,0x0,Creature-0-4457-249-1045-10184-000028665C,"Onyxia",0xa48,0x0,Player-4755-01637B0A,0000000000000000,100,100,0,0,0,-1,0,0,0,8.00,-207.88,0,4.9200,65,180,235,-1,1,0,0,0,nil,1,nil
4/28 18:49:00.695  SPELL_CAST_SUCCESS,Player-4755-01637B0A,"Pindle-Dreadmist",0x514,0x0,Creature-0-4457-249-1045-10184-000028665C,"Onyxia",0xa48,0x0,11281,"Backstab",0x1,Player-4755-01637B0A,0000000000000000,100,100,0,0,0,-1,0,0,0,8.00,-207.88,0,4.9200,65
4/28 18:49:00.695  SPELL_AURA_APPLIED,Player-4755-01637B0A,"Pindle-Dreadmist",0x514,0x0,Player-4755-01637B0A,"Pindle-Dreadmist",0x514,0x0,10610,"Windfury Totem",0x8,BUFF
4/28 18:49:00.695  SPELL_EXTRA_ATTACKS,Player-4755-01637B0A,"Pindle-Dreadmist",0x514,0x0,Player-4755-01637B0A,"Pindle-Dreadmist",0x514,0x0,10610,"Windfury Totem",0x8,1
4/28 18:49:00.695  SWING_MISSED,Player-4755-01AC9FD9,"Alexinho-Dreadmist",0x514,0x0,Creature-0-4457-249-1045-10184-000028665C,"Onyxia",0xa48,0x0,MISS,1
4/28 18:49:00.695  SPELL_CAST_SUCCESS,Player-4755-01ED7A64,"Sperzieboon-Dreadmist",0x514,0x0,Player-4755-01733879,"Hocwar-Dreadmist",0x50514,0x0,6063,"Heal",0x2,Player-4755-01ED7A64,0000000000000000,100,100,0,0,0,-1,0,0,0,13.03,-191.02,0,4.8214,67
4/28 18:49:00.695  SWING_DAMAGE,Player-4755-01637B0A,"Pindle-Dreadmist",0x514,0x0,Creature-0-4457-249-1045-10184-000028665C,"Onyxia",0xa48,0x0,Player-4755-01637B0A,0000000000000000,100,100,0,0,0,-1,0,0,0,8.00,-207.88,0,4.9200,65,168,224,-1,1,0,0,0,nil,1,nil
4/28 18:49:00.715  SPELL_AURA_REMOVED,Player-4755-01733879,"Hocwar-Dreadmist",0x50514,0x0,Player-4755-01733879,"Hocwar-Dreadmist",0x50514,0x0,26635,"Berserking",0x1,BUFF
4/28 18:49:00.740  SPELL_PERIODIC_HEAL,Player-4755-01FA8DD8,"Roackerita-Dreadmist",0x514,0x0,Player-4755-01F21AE6,"Blahu-Dreadmist",0x40514,0x0,6078,"Renew",0x2,Player-4755-01F21AE6,0000000000000000,100,100,0,0,0,-1,0,0,0,15.33,-195.70,0,4.5884,70,236,236,236,0,nil
4/28 18:49:00.791  SPELL_CAST_START,Player-4755-01B60A5F,"Zurok-Dreadmist",0x514,0x0,0000000000000000,nil,0x80000000,0x80000000,75,"Auto Shot",0x1
4/28 18:49:00.809  SPELL_AURA_APPLIED,Player-4755-016DF694,"Ashalan-Dreadmist",0x514,0x0,Player-4755-016DF694,"Ashalan-Dreadmist",0x514,0x0,16361,"Windfury Weapon",0x8,BUFF
4/28 18:49:00.809  SPELL_EXTRA_ATTACKS,Player-4755-016DF694,"Ashalan-Dreadmist",0x514,0x0,Player-4755-016DF694,"Ashalan-Dreadmist",0x514,0x0,16361,"Windfury Weapon",0x8,2
4/28 18:49:00.809  SWING_DAMAGE,Player-4755-016DF694,"Ashalan-Dreadmist",0x514,0x0,Creature-0-4457-249-1045-10184-000028665C,"Onyxia",0xa48,0x0,Player-4755-016DF694,0000000000000000,100,100,0,0,0,-1,0,0,0,8.75,-208.71,0,4.7344,67,263,553,-1,1,0,0,0,nil,1,nil
4/28 18:49:00.809  SWING_DAMAGE,Player-4755-016DF694,"Ashalan-Dreadmist",0x514,0x0,Creature-0-4457-249-1045-10184-000028665C,"Onyxia",0xa48,0x0,Player-4755-016DF694,0000000000000000,100,100,0,0,0,-1,0,0,0,8.75,-208.71,0,4.7344,67,1077,683,-1,1,0,0,0,1,nil,nil
4/28 18:49:00.809  SPELL_PERIODIC_DAMAGE,Player-4755-01614AC7,"Mirrimazduur-Dreadmist",0x512,0x0,Creature-0-4457-249-1045-10184-000028665C,"Onyxia",0xa48,0x0,11672,"Corruption",0x20,Creature-0-4457-249-1045-10184-000028665C,0000000000000000,92,100,0,0,0,-1,0,0,0,10.16,-218.04,0,0.0107,63,207,188,-1,32,0,0,0,nil,nil,nil
4/28 18:49:00.809  SPELL_AURA_REMOVED,Player-4755-01614AC7,"Mirrimazduur-Dreadmist",0x512,0x0,Creature-0-4457-249-1045-10184-000028665C,"Onyxia",0xa48,0x0,11672,"Corruption",0x20,DEBUFF
4/28 18:49:00.809  SWING_DAMAGE,Player-4755-016DF694,"Ashalan-Dreadmist",0x514,0x0,Creature-0-4457-249-1045-10184-000028665C,"Onyxia",0xa48,0x0,Player-4755-016DF694,0000000000000000,100,100,0,0,0,-1,0,0,0,8.75,-208.71,0,4.7344,67,1008,639,-1,1,0,0,0,1,nil,nil
4/28 18:49:00.860  SPELL_CAST_SUCCESS,Player-4755-02045EF4,"Necrosini-Dreadmist",0x512,0x0,Player-4755-01733879,"Hocwar-Dreadmist",0x50514,0x0,2054,"Heal",0x2,Player-4755-02045EF4,0000000000000000,100,100,0,0,0,-1,0,0,0,5.83,-191.53,0,2.9798,69
4/28 18:49:00.860  RANGE_DAMAGE,Player-4755-0178F576,"Atreas-Dreadmist",0x514,0x0,Creature-0-4457-249-1045-10184-000028665C,"Onyxia",0xa48,0x0,75,"Auto Shot",0x1,Creature-0-4457-249-1045-10184-000028665C,0000000000000000,92,100,0,0,0,-1,0,0,0,10.16,-218.04,0,0.0107,63,401,508,-1,1,0,0,0,nil,nil,nil
4/28 18:49:00.877  SPELL_CAST_SUCCESS,Player-4755-01ED7A64,"Sperzieboon-Dreadmist",0x514,0x0,Player-4755-01733879,"Hocwar-Dreadmist",0x50514,0x0,10929,"Renew",0x2,Player-4755-01ED7A64,0000000000000000,100,100,0,0,0,-1,0,0,0,13.03,-191.02,0,4.8214,67
4/28 18:49:00.894  RANGE_DAMAGE,Player-4755-01E83279,"Nlmasters-Dreadmist",0x514,0x8,Creature-0-4457-249-1045-10184-000028665C,"Onyxia",0xa48,0x0,75,"Auto Shot",0x1,Creature-0-4457-249-1045-10184-000028665C,0000000000000000,92,100,0,0,0,-1,0,0,0,10.16,-218.04,0,0.0107,63,330,418,-1,1,0,0,0,nil,nil,nil
4/28 18:49:00.945  SPELL_CAST_SUCCESS,Player-4755-015FEBD5,"Sauvage-Dreadmist",0x514,0x0,Creature-0-4457-249-1045-10184-000028665C,"Onyxia",0xa48,0x0,10181,"Frostbolt",0x10,Player-4755-015FEBD5,0000000000000000,100,100,0,0,0,-1,0,0,0,15.89,-180.74,0,4.4006,64
4/28 18:49:00.963  SPELL_CAST_SUCCESS,Player-4755-0220BD00,"Krikoff-Dreadmist",0x40514,0x0,0000000000000000,nil,0x80000000,0x80000000,11556,"Demoralizing Shout",0x1,Player-4755-0220BD00,0000000000000000,100,100,0,0,0,-1,0,0,0,10.75,-210.89,0,4.7163,68
4/28 18:49:00.999  SWING_DAMAGE,Player-4755-01A6B139,"Sakatan-Dreadmist",0x514,0x0,Creature-0-4457-249-1045-10184-000028665C,"Onyxia",0xa48,0x0,Player-4755-01A6B139,0000000000000000,100,100,0,0,0,-1,0,0,0,9.54,-199.57,0,5.0548,69,223,138,-1,1,0,0,0,1,nil,nil
4/28 18:49:01.019  SPELL_CAST_SUCCESS,Player-4755-01FA8D0D,"Roackeru-Dreadmist",0x514,0x0,Creature-0-4457-249-1045-10184-000028665C,"Onyxia",0xa48,0x0,5019,"Shoot",0x1,Player-4755-01FA8D0D,0000000000000000,100,100,0,0,0,-1,0,0,0,14.13,-180.96,0,4.6613,65
4/28 18:49:01.043  SPELL_AURA_REMOVED_DOSE,Player-4755-0178F416,"Eltorero-Dreadmist",0x514,0x0,Player-4755-0178F416,"Eltorero-Dreadmist",0x514,0x0,23888,"Bloodthirst",0x1,BUFF,3
4/28 18:49:01.043  SPELL_AURA_REMOVED_DOSE,Player-4755-0178F416,"Eltorero-Dreadmist",0x514,0x0,Player-4755-0178F416,"Eltorero-Dreadmist",0x514,0x0,12970,"Flurry",0x1,BUFF,2
4/28 18:49:01.043  SPELL_AURA_APPLIED_DOSE,Player-4755-0178F416,"Eltorero-Dreadmist",0x514,0x0,Player-4755-0178F416,"Eltorero-Dreadmist",0x514,0x0,12970,"Flurry",0x1,BUFF,3
4/28 18:49:01.043  SPELL_HEAL,Player-4755-0178F416,"Eltorero-Dreadmist",0x514,0x0,Player-4755-0178F416,"Eltorero-Dreadmist",0x514,0x0,23891,"Bloodthirst",0x1,Player-4755-0178F416,0000000000000000,100,100,0,0,0,-1,0,0,0,10.37,-203.50,0,4.8880,67,20,20,20,0,nil
4/28 18:49:01.043  SPELL_AURA_REMOVED_DOSE,Player-4755-01733879,"Hocwar-Dreadmist",0x50514,0x0,Player-4755-01733879,"Hocwar-Dreadmist",0x50514,0x0,23885,"Bloodthirst",0x1,BUFF,2
4/28 18:49:01.043  SPELL_HEAL,Player-4755-01733879,"Hocwar-Dreadmist",0x50514,0x0,Player-4755-01733879,"Hocwar-Dreadmist",0x50514,0x0,23880,"Bloodthirst",0x1,Player-4755-01733879,0000000000000000,100,100,0,0,0,-1,0,0,0,24.58,-217.88,0,3.1340,71,10,10,10,0,nil
4/28 18:49:01.043  SWING_DAMAGE_LANDED,Player-4755-01F21AE6,"Blahu-Dreadmist",0x40514,0x0,Creature-0-4457-249-1045-10184-000028665C,"Onyxia",0xa48,0x0,Creature-0-4457-249-1045-10184-000028665C,0000000000000000,92,100,0,0,0,-1,0,0,0,10.16,-218.04,0,0.0107,63,116,147,-1,1,0,0,0,nil,nil,nil
4/28 18:49:01.043  SWING_DAMAGE_LANDED,Player-4755-01637B0A,"Pindle-Dreadmist",0x514,0x0,Creature-0-4457-249-1045-10184-000028665C,"Onyxia",0xa48,0x0,Creature-0-4457-249-1045-10184-000028665C,0000000000000000,92,100,0,0,0,-1,0,0,0,10.16,-218.04,0,0.0107,63,180,235,-1,1,0,0,0,nil,1,nil
4/28 18:49:01.043  SPELL_DAMAGE,Player-4755-01637B0A,"Pindle-Dreadmist",0x514,0x0,Creature-0-4457-249-1045-10184-000028665C,"Onyxia",0xa48,0x0,11281,"Backstab",0x1,Creature-0-4457-249-1045-10184-000028665C,0000000000000000,92,100,0,0,0,-1,0,0,0,10.16,-218.04,0,0.0107,63,514,652,-1,1,0,0,0,nil,nil,nil
4/28 18:49:01.043  SPELL_HEAL,Player-4755-01ED7A64,"Sperzieboon-Dreadmist",0x514,0x0,Player-4755-01733879,"Hocwar-Dreadmist",0x50514,0x0,6063,"Heal",0x2,Player-4755-01733879,0000000000000000,100,100,0,0,0,-1,0,0,0,24.58,-217.88,0,3.1340,71,1196,1196,1196,0,nil
4/28 18:49:01.043  SWING_DAMAGE_LANDED,Player-4755-01637B0A,"Pindle-Dreadmist",0x514,0x0,Creature-0-4457-249-1045-10184-000028665C,"Onyxia",0xa48,0x0,Creature-0-4457-249-1045-10184-000028665C,0000000000000000,92,100,0,0,0,-1,0,0,0,10.16,-218.04,0,0.0107,63,168,224,-1,1,0,0,0,nil,1,nil
4/28 18:49:01.043  SWING_DAMAGE_LANDED,Player-4755-016DF694,"Ashalan-Dreadmist",0x514,0x0,Creature-0-4457-249-1045-10184-000028665C,"Onyxia",0xa48,0x0,Creature-0-4457-249-1045-10184-000028665C,0000000000000000,92,100,0,0,0,-1,0,0,0,10.16,-218.04,0,0.0107,63,263,553,-1,1,0,0,0,nil,1,nil
4/28 18:49:01.043  SWING_DAMAGE_LANDED,Player-4755-016DF694,"Ashalan-Dreadmist",0x514,0x0,Creature-0-4457-249-1045-10184-000028665C,"Onyxia",0xa48,0x0,Creature-0-4457-249-1045-10184-000028665C,0000000000000000,91,100,0,0,0,-1,0,0,0,10.16,-218.04,0,0.0107,63,1077,683,-1,1,0,0,0,1,nil,nil
4/28 18:49:01.043  SWING_DAMAGE_LANDED,Player-4755-016DF694,"Ashalan-Dreadmist",0x514,0x0,Creature-0-4457-249-1045-10184-000028665C,"Onyxia",0xa48,0x0,Creature-0-4457-249-1045-10184-000028665C,0000000000000000,91,100,0,0,0,-1,0,0,0,10.16,-218.04,0,0.0107,63,1008,639,-1,1,0,0,0,1,nil,nil
4/28 18:49:01.043  SPELL_HEAL,Player-4755-02045EF4,"Necrosini-Dreadmist",0x512,0x0,Player-4755-01733879,"Hocwar-Dreadmist",0x50514,0x0,2054,"Heal",0x2,Player-4755-01733879,0000000000000000,100,100,0,0,0,-1,0,0,0,24.58,-217.88,0,3.1340,71,643,643,643,0,nil
4/28 18:49:01.043  SPELL_AURA_APPLIED,Player-4755-01ED7A64,"Sperzieboon-Dreadmist",0x514,0x0,Player-4755-01733879,"Hocwar-Dreadmist",0x50514,0x0,10929,"Renew",0x2,BUFF
4/28 18:49:01.043  SWING_DAMAGE_LANDED,Player-4755-01A6B139,"Sakatan-Dreadmist",0x514,0x0,Creature-0-4457-249-1045-10184-000028665C,"Onyxia",0xa48,0x0,Creature-0-4457-249-1045-10184-000028665C,0000000000000000,91,100,0,0,0,-1,0,0,0,10.16,-218.04,0,0.0107,63,223,138,-1,1,0,0,0,1,nil,nil
4/28 18:49:01.043  SPELL_AURA_REMOVED_DOSE,Player-4755-016DF694,"Ashalan-Dreadmist",0x514,0x0,Creature-0-4457-249-1045-10184-000028665C,"Onyxia",0xa48,0x0,17364,"Stormstrike",0x1,DEBUFF,1
4/28 18:49:01.043  SPELL_DAMAGE,Player-4755-01A6B139,"Sakatan-Dreadmist",0x514,0x0,Creature-0-4457-249-1045-10184-000028665C,"Onyxia",0xa48,0x0,11337,"Instant Poison VI",0x8,Creature-0-4457-249-1045-10184-000028665C,0000000000000000,91,100,0,0,0,-1,0,0,0,10.16,-218.04,0,0.0107,63,178,147,-1,8,0,0,0,nil,nil,nil
4/28 18:49:01.069  SPELL_AURA_REMOVED,Pet-0-4457-249-1045-2850-01001956F9,"Kratos",0x1114,0x0,Pet-0-4457-249-1045-2850-01001956F9,"Kratos",0x1114,0x0,23110,"Dash",0x1,BUFF
4/28 18:49:01.069  SWING_DAMAGE,Player-4755-01637B0A,"Pindle-Dreadmist",0x514,0x0,Creature-0-4457-249-1045-10184-000028665C,"Onyxia",0xa48,0x0,Player-4755-01637B0A,0000000000000000,100,100,0,0,0,-1,0,0,0,8.00,-207.88,0,4.9357,65,113,143,-1,1,0,0,0,nil,nil,nil
4/28 18:49:01.107  SPELL_CAST_SUCCESS,Player-4755-01B60A5F,"Zurok-Dreadmist",0x514,0x0,Creature-0-4457-249-1045-10184-000028665C,"Onyxia",0xa48,0x0,75,"Auto Shot",0x1,Player-4755-01B60A5F,0000000000000000,100,100,0,0,0,-1,0,0,0,14.58,-174.17,0,4.6692,62
4/28 18:49:01.152  SWING_DAMAGE,Pet-0-4457-249-1045-2850-01001956F9,"Kratos",0x1114,0x0,Creature-0-4457-249-1045-10184-000028665C,"Onyxia",0xa48,0x0,Pet-0-4457-249-1045-2850-01001956F9,Player-4755-0178F576,100,100,0,0,0,-1,0,0,0,5.73,-193.66,0,4.8178,66,204,129,-1,1,0,0,0,1,nil,nil
4/28 18:49:01.213  SWING_DAMAGE,Player-4755-0220BD00,"Krikoff-Dreadmist",0x40514,0x0,Creature-0-4457-249-1045-10184-000028665C,"Onyxia",0xa48,0x0,Player-4755-0220BD00,0000000000000000,100,100,0,0,0,-1,0,0,0,10.75,-210.89,0,4.7163,68,155,219,-1,1,0,0,0,nil,1,nil
4/28 18:49:01.264  SPELL_CAST_START,Player-4755-01BC57A3,"Saintis-Dreadmist",0x511,0x0,0000000000000000,nil,0x80000000,0x80000000,2061,"Flash Heal",0x2
4/28 18:49:01.298  SPELL_PERIODIC_DAMAGE,Player-4755-0160BD13,"Mafkees-Dreadmist",0x514,0x0,Creature-0-4457-249-1045-10184-000028665C,"Onyxia",0xa48,0x0,12721,"Deep Wound",0x1,Creature-0-4457-249-1045-10184-000028665C,0000000000000000,91,100,0,0,0,-1,0,0,0,10.16,-218.04,0,0.0107,63,89,89,-1,1,0,0,0,nil,nil,nil
4/28 18:49:01.298  SPELL_AURA_REMOVED,Player-4755-0160BD13,"Mafkees-Dreadmist",0x514,0x0,Creature-0-4457-249-1045-10184-000028665C,"Onyxia",0xa48,0x0,12721,"Deep Wound",0x1,DEBUFF
4/28 18:49:01.366  RANGE_DAMAGE,Player-4755-01FA8D0D,"Roackeru-Dreadmist",0x514,0x0,Creature-0-4457-249-1045-10184-000028665C,"Onyxia",0xa48,0x0,5019,"Shoot",0x1,Creature-0-4457-249-1045-10184-000028665C,0000000000000000,91,100,0,0,0,-1,0,0,0,10.16,-218.04,0,0.0107,63,163,147,-1,32,0,0,0,nil,nil,nil
4/28 18:49:01.366  RANGE_DAMAGE,Player-4755-020BD78D,"Lonehunter-Dreadmist",0x514,0x0,Creature-0-4457-249-1045-10184-000028665C,"Onyxia",0xa48,0x0,75,"Auto Shot",0x1,Creature-0-4457-249-1045-10184-000028665C,0000000000000000,91,100,0,0,0,-1,0,0,0,10.16,-218.04,0,0.0107,63,390,495,-1,1,0,0,0,nil,nil,nil
4/28 18:49:01.385  SPELL_CAST_START,Player-4755-015FEBD5,"Sauvage-Dreadmist",0x514,0x0,0000000000000000,nil,0x80000000,0x80000000,10181,"Frostbolt",0x10
4/28 18:49:01.404  SPELL_CAST_START,Player-4755-01614AC7,"Mirrimazduur-Dreadmist",0x512,0x0,0000000000000000,nil,0x80000000,0x80000000,11672,"Corruption",0x20
4/28 18:49:01.404  SPELL_CAST_SUCCESS,Player-4755-01614AC7,"Mirrimazduur-Dreadmist",0x512,0x0,Creature-0-4457-249-1045-10184-000028665C,"Onyxia",0xa48,0x0,11672,"Corruption",0x20,Player-4755-01614AC7,0000000000000000,100,100,0,0,0,-1,0,0,0,-0.62,-178.78,0,4.8721,68
4/28 18:49:01.421  SPELL_DAMAGE,Player-4755-01802FE5,"Angrybat-Dreadmist",0x514,0x0,Creature-0-4457-249-1045-10184-000028665C,"Onyxia",0xa48,0x0,10181,"Frostbolt",0x10,Creature-0-4457-249-1045-10184-000028665C,0000000000000000,91,100,0,0,0,-1,0,0,0,10.16,-218.04,0,0.0107,63,962,873,-1,16,0,0,0,nil,nil,nil
4/28 18:49:01.421  SPELL_CAST_SUCCESS,Pet-0-4457-249-1045-7456-03003178E8,"Owl",0x1114,0x0,Creature-0-4457-249-1045-10184-000028665C,"Onyxia",0xa48,0x0,3009,"Claw",0x1,Pet-0-4457-249-1045-7456-03003178E8,Player-4755-01B60A5F,100,100,0,0,0,-1,0,0,0,10.62,-193.45,0,4.6937,62
4/28 18:49:01.440  SPELL_AURA_REFRESH,Player-4755-0178F416,"Eltorero-Dreadmist",0x514,0x0,Creature-0-4457-249-1045-10184-000028665C,"Onyxia",0xa48,0x0,12721,"Deep Wound",0x1,DEBUFF
4/28 18:49:01.440  SPELL_ENERGIZE,Player-4755-01733879,"Hocwar-Dreadmist",0x50514,0x0,Player-4755-01733879,"Hocwar-Dreadmist",0x50514,0x0,12964,"Unbridled Wrath",0x1,Player-4755-01733879,0000000000000000,100,100,0,0,0,-1,0,0,0,24.58,-217.88,0,3.1340,71,1.0000,0.0000,1,1000
4/28 18:49:01.440  SPELL_AURA_REMOVED_DOSE,Player-4755-01637B0A,"Pindle-Dreadmist",0x514,0x0,Player-4755-01637B0A,"Pindle-Dreadmist",0x514,0x0,10610,"Windfury Totem",0x8,BUFF,1
4/28 18:49:01.440  SPELL_EXTRA_ATTACKS,Player-4755-01637B0A,"Pindle-Dreadmist",0x514,0x0,Player-4755-01637B0A,"Pindle-Dreadmist",0x514,0x0,15601,"Hand of Justice",0x1,1
4/28 18:49:01.440  SPELL_AURA_REMOVED,Player-4755-01637B0A,"Pindle-Dreadmist",0x514,0x0,Player-4755-01637B0A,"Pindle-Dreadmist",0x514,0x0,10610,"Windfury Totem",0x8,BUFF
4/28 18:49:01.440  SPELL_AURA_REMOVED_DOSE,Player-4755-016DF694,"Ashalan-Dreadmist",0x514,0x0,Player-4755-016DF694,"Ashalan-Dreadmist",0x514,0x0,16361,"Windfury Weapon",0x8,BUFF,2
4/28 18:49:01.440  SPELL_AURA_REMOVED_DOSE,Player-4755-016DF694,"Ashalan-Dreadmist",0x514,0x0,Player-4755-016DF694,"Ashalan-Dreadmist",0x514,0x0,16280,"Flurry",0x1,BUFF,2
4/28 18:49:01.440  SPELL_AURA_REMOVED_DOSE,Player-4755-016DF694,"Ashalan-Dreadmist",0x514,0x0,Player-4755-016DF694,"Ashalan-Dreadmist",0x514,0x0,16361,"Windfury Weapon",0x8,BUFF,1
4/28 18:49:01.440  SPELL_AURA_APPLIED_DOSE,Player-4755-016DF694,"Ashalan-Dreadmist",0x514,0x0,Player-4755-016DF694,"Ashalan-Dreadmist",0x514,0x0,16280,"Flurry",0x1,BUFF,3
4/28 18:49:01.440  SPELL_AURA_REFRESH,Player-4755-016DF694,"Ashalan-Dreadmist",0x514,0x0,Player-4755-016DF694,"Ashalan-Dreadmist",0x514,0x0,16280,"Flurry",0x1,BUFF
4/28 18:49:01.440  SPELL_AURA_REMOVED,Player-4755-016DF694,"Ashalan-Dreadmist",0x514,0x0,Player-4755-016DF694,"Ashalan-Dreadmist",0x514,0x0,16361,"Windfury Weapon",0x8,BUFF
4/28 18:49:01.440  SWING_DAMAGE_LANDED,Player-4755-01637B0A,"Pindle-Dreadmist",0x514,0x0,Creature-0-4457-249-1045-10184-000028665C,"Onyxia",0xa48,0x0,Creature-0-4457-249-1045-10184-000028665C,0000000000000000,91,100,0,0,0,-1,0,0,0,10.16,-218.04,0,0.0107,63,113,143,-1,1,0,0,0,nil,nil,nil
4/28 18:49:01.440  SWING_DAMAGE_LANDED,Pet-0-4457-249-1045-2850-01001956F9,"Kratos",0x1114,0x0,Creature-0-4457-249-1045-10184-000028665C,"Onyxia",0xa48,0x0,Creature-0-4457-249-1045-10184-000028665C,0000000000000000,91,100,0,0,0,-1,0,0,0,10.16,-218.04,0,0.0107,63,204,129,-1,1,0,0,0,1,nil,nil
4/28 18:49:01.440  SWING_DAMAGE_LANDED,Player-4755-0220BD00,"Krikoff-Dreadmist",0x40514,0x0,Creature-0-4457-249-1045-10184-000028665C,"Onyxia",0xa48,0x0,Creature-0-4457-249-1045-10184-000028665C,0000000000000000,91,100,0,0,0,-1,0,0,0,10.16,-218.04,0,0.0107,63,155,219,-1,1,0,0,0,nil,1,nil
4/28 18:49:01.440  SPELL_AURA_APPLIED,Player-4755-01614AC7,"Mirrimazduur-Dreadmist",0x512,0x0,Creature-0-4457-249-1045-10184-000028665C,"Onyxia",0xa48,0x0,11672,"Corruption",0x20,DEBUFF
4/28 18:49:01.440  SPELL_DAMAGE,Pet-0-4457-249-1045-7456-03003178E8,"Owl",0x1114,0x0,Creature-0-4457-249-1045-10184-000028665C,"Onyxia",0xa48,0x0,3009,"Claw",0x1,Creature-0-4457-249-1045-10184-000028665C,0000000000000000,91,100,0,0,0,-1,0,0,0,10.16,-218.04,0,0.0107,63,55,70,-1,1,0,0,0,nil,nil,nil
4/28 18:49:01.440  SWING_DAMAGE,Player-4755-01733879,"Hocwar-Dreadmist",0x50514,0x0,Creature-0-4457-249-1045-10184-000028665C,"Onyxia",0xa48,0x0,Player-4755-01733879,0000000000000000,100,100,0,0,0,-1,0,0,0,24.58,-217.88,0,3.1340,71,110,157,-1,1,0,0,0,nil,1,nil
4/28 18:49:01.440  SWING_DAMAGE,Player-4755-01637B0A,"Pindle-Dreadmist",0x514,0x0,Creature-0-4457-249-1045-10184-000028665C,"Onyxia",0xa48,0x0,Player-4755-01637B0A,0000000000000000,100,100,0,0,0,-1,0,0,0,8.00,-207.88,0,4.9357,65,158,200,-1,1,0,0,0,nil,nil,nil
4/28 18:49:01.568  SWING_DAMAGE,Player-4755-01AC9FD9,"Alexinho-Dreadmist",0x514,0x0,Creature-0-4457-249-1045-10184-000028665C,"Onyxia",0xa48,0x0,Player-4755-01AC9FD9,0000000000000000,100,100,0,0,0,-1,0,0,0,14.04,-202.29,0,4.4934,66,655,407,-1,1,0,0,0,1,nil,nil
4/28 18:49:01.584  SPELL_PERIODIC_ENERGIZE,Creature-0-4457-249-1045-7416-0000286C79,"Mana Spring Totem IV",0x2114,0x0,Player-4755-01FA8DD8,"Roackerita-Dreadmist",0x514,0x0,10494,"Mana Spring",0x8,Player-4755-01FA8DD8,0000000000000000,100,100,0,0,0,-1,0,0,0,3.53,-182.84,0,5.5543,69,12.0000,0.0000,0,6736
4/28 18:49:01.584  SPELL_PERIODIC_ENERGIZE,Creature-0-4457-249-1045-7416-0000286C79,"Mana Spring Totem IV",0x2114,0x0,Player-4755-015FEBD5,"Sauvage-Dreadmist",0x514,0x0,10494,"Mana Spring",0x8,Player-4755-015FEBD5,0000000000000000,100,100,0,0,0,-1,0,0,0,15.89,-180.74,0,4.4870,64,13.0000,0.0000,0,6158
4/28 18:49:01.584  SPELL_PERIODIC_ENERGIZE,Creature-0-4457-249-1045-7416-0000286C79,"Mana Spring Totem IV",0x2114,0x0,Player-4755-01804B95,"Moymoy-Dreadmist",0x514,0x0,10494,"Mana Spring",0x8,Player-4755-01804B95,0000000000000000,100,100,0,0,0,-1,0,0,0,14.70,-185.86,0,4.5443,66,13.0000,0.0000,0,5366
4/28 18:49:01.584  SPELL_PERIODIC_ENERGIZE,Creature-0-4457-249-1045-7416-0000286C79,"Mana Spring Totem IV",0x2114,0x0,Player-4755-01ED7A64,"Sperzieboon-Dreadmist",0x514,0x0,10494,"Mana Spring",0x8,Player-4755-01ED7A64,0000000000000000,100,100,0,0,0,-1,0,0,0,13.03,-191.02,0,4.8214,67,12.0000,0.0000,0,7261
4/28 18:49:01.600  SPELL_CAST_START,Player-4755-01F36B30,"Rectumqeef-Dreadmist",0x514,0x0,0000000000000000,nil,0x80000000,0x80000000,5019,"Shoot",0x1
4/28 18:49:01.600  SPELL_CAST_START,Player-4755-01804B95,"Moymoy-Dreadmist",0x514,0x0,0000000000000000,nil,0x80000000,0x80000000,939,"Healing Wave",0x8
4/28 18:49:01.619  SPELL_CAST_SUCCESS,Player-4755-016DF694,"Ashalan-Dreadmist",0x514,0x0,Creature-0-4457-249-1045-10184-000028665C,"Onyxia",0xa48,0x0,10473,"Frost Shock",0x10,Player-4755-016DF694,0000000000000000,100,100,0,0,0,-1,0,0,0,8.75,-208.71,0,4.7344,67
4/28 18:49:01.638  SPELL_CAST_SUCCESS,Player-4755-021D6506,"Bloodlady-Dreadmist",0x514,0x0,Creature-0-4457-249-1045-10184-000028665C,"Onyxia",0xa48,0x0,10181,"Frostbolt",0x10,Player-4755-021D6506,0000000000000000,100,100,0,0,0,-1,0,0,0,2.26,-178.45,0,4.9285,69
4/28 18:49:01.670  SWING_DAMAGE,Pet-0-4457-249-1045-9622-02002CD5BC,"Bokito",0x1114,0x0,Creature-0-4457-249-1045-10184-000028665C,"Onyxia",0xa48,0x0,Pet-0-4457-249-1045-9622-02002CD5BC,Player-4755-020BD78D,100,100,0,0,0,-1,0,0,0,-4.27,-198.08,0,5.3385,70,197,250,-1,1,0,0,0,nil,nil,nil
4/28 18:49:01.686  SPELL_AURA_REMOVED,Player-4755-0160BD13,"Mafkees-Dreadmist",0x514,0x0,Player-4755-0160BD13,"Mafkees-Dreadmist",0x514,0x0,2457,"Battle Stance",0x1,BUFF
4/28 18:49:01.686  SPELL_AURA_APPLIED,Player-4755-0160BD13,"Mafkees-Dreadmist",0x514,0x0,Player-4755-0160BD13,"Mafkees-Dreadmist",0x514,0x0,2458,"Berserker Stance",0x1,BUFF
4/28 18:49:01.686  SPELL_CAST_SUCCESS,Player-4755-0160BD13,"Mafkees-Dreadmist",0x514,0x0,0000000000000000,nil,0x80000000,0x80000000,2458,"Berserker Stance",0x1,Player-4755-0160BD13,0000000000000000,100,100,0,0,0,-1,0,0,0,10.87,-208.94,0,4.7147,64
4/28 18:49:01.704  SWING_MISSED,Player-4755-01F21AE6,"Blahu-Dreadmist",0x40514,0x0,Creature-0-4457-249-1045-10184-000028665C,"Onyxia",0xa48,0x0,MISS,nil
4/28 18:49:01.729  SWING_DAMAGE,Player-4755-01A6B139,"Sakatan-Dreadmist",0x514,0x0,Creature-0-4457-249-1045-10184-000028665C,"Onyxia",0xa48,0x0,Player-4755-01A6B139,0000000000000000,100,100,0,0,0,-1,0,0,0,9.54,-199.57,0,5.0548,69,298,185,-1,1,0,0,0,1,nil,nil
4/28 18:49:01.761  SPELL_AURA_REMOVED,Player-4755-0160BD13,"Mafkees-Dreadmist",0x514,0x0,Player-4755-0160BD13,"Mafkees-Dreadmist",0x514,0x0,23888,"Bloodthirst",0x1,BUFF
4/28 18:49:01.781  SPELL_PERIODIC_ENERGIZE,Creature-0-4457-249-1045-7416-0000286C87,"Mana Spring Totem IV",0x2114,0x0,Player-4755-016296D3,"Nivl-Dreadmist",0x514,0x0,10494,"Mana Spring",0x8,Player-4755-016296D3,0000000000000000,100,100,0,0,0,-1,0,0,0,14.95,-201.70,0,4.5987,69,10.0000,0.0000,0,5845
4/28 18:49:01.781  SPELL_PERIODIC_ENERGIZE,Creature-0-4457-249-1045-7416-0000286C87,"Mana Spring Totem IV",0x2114,0x0,Player-4755-0178F576,"Atreas-Dreadmist",0x514,0x0,10494,"Mana Spring",0x8,Player-4755-0178F576,0000000000000000,100,100,0,0,0,-1,0,0,0,6.14,-178.76,0,4.5107,66,10.0000,0.0000,0,3765
4/28 18:49:01.781  SPELL_AURA_REMOVED,Player-4755-01E83279,"Nlmasters-Dreadmist",0x514,0x8,Player-4755-01E83279,"Nlmasters-Dreadmist",0x514,0x8,6150,"Quick Shots",0x1,BUFF
4/28 18:49:01.814  SPELL_CAST_START,Player-4755-016296D3,"Nivl-Dreadmist",0x514,0x0,0000000000000000,nil,0x80000000,0x80000000,15208,"Lightning Bolt",0x8
4/28 18:49:01.831  SPELL_CAST_SUCCESS,Player-4755-0210153A,"Hapuseneb-Dreadmist",0x514,0x0,Player-4755-01733879,"Hocwar-Dreadmist",0x50514,0x0,2053,"Lesser Heal",0x2,Player-4755-0210153A,0000000000000000,100,100,0,0,0,-1,0,0,0,16.09,-197.11,0,4.4807,66
4/28 18:49:01.831  SPELL_AURA_APPLIED_DOSE,Player-4755-01802FE5,"Angrybat-Dreadmist",0x514,0x0,Creature-0-4457-249-1045-10184-000028665C,"Onyxia",0xa48,0x0,12579,"Winter's Chill",0x10,DEBUFF,4
4/28 18:49:01.831  SWING_DAMAGE_LANDED,Player-4755-01733879,"Hocwar-Dreadmist",0x50514,0x0,Creature-0-4457-249-1045-10184-000028665C,"Onyxia",0xa48,0x0,Creature-0-4457-249-1045-10184-000028665C,0000000000000000,91,100,0,0,0,-1,0,0,0,10.16,-218.04,0,0.0107,63,110,157,-1,1,0,0,0,nil,1,nil
4/28 18:49:01.831  SWING_DAMAGE_LANDED,Player-4755-01637B0A,"Pindle-Dreadmist",0x514,0x0,Creature-0-4457-249-1045-10184-000028665C,"Onyxia",0xa48,0x0,Creature-0-4457-249-1045-10184-000028665C,0000000000000000,91,100,0,0,0,-1,0,0,0,10.16,-218.04,0,0.0107,63,158,200,-1,1,0,0,0,nil,nil,nil
4/28 18:49:01.831  SWING_DAMAGE_LANDED,Player-4755-01AC9FD9,"Alexinho-Dreadmist",0x514,0x0,Creature-0-4457-249-1045-10184-000028665C,"Onyxia",0xa48,0x0,Creature-0-4457-249-1045-10184-000028665C,0000000000000000,91,100,0,0,0,-1,0,0,0,10.16,-218.04,0,0.0107,63,655,407,-1,1,0,0,0,1,nil,nil
4/28 18:49:01.831  SPELL_DAMAGE,Player-4755-016DF694,"Ashalan-Dreadmist",0x514,0x0,Creature-0-4457-249-1045-10184-000028665C,"Onyxia",0xa48,0x0,10473,"Frost Shock",0x10,Creature-0-4457-249-1045-10184-000028665C,0000000000000000,91,100,0,0,0,-1,0,0,0,10.16,-218.04,0,0.0107,63,578,525,-1,16,0,0,0,nil,nil,nil
4/28 18:49:01.831  SWING_DAMAGE_LANDED,Pet-0-4457-249-1045-9622-02002CD5BC,"Bokito",0x1114,0x0,Creature-0-4457-249-1045-10184-000028665C,"Onyxia",0xa48,0x0,Creature-0-4457-249-1045-10184-000028665C,0000000000000000,91,100,0,0,0,-1,0,0,0,10.16,-218.04,0,0.0107,63,197,250,-1,1,0,0,0,nil,nil,nil
4/28 18:49:01.831  SWING_DAMAGE_LANDED,Player-4755-01A6B139,"Sakatan-Dreadmist",0x514,0x0,Creature-0-4457-249-1045-10184-000028665C,"Onyxia",0xa48,0x0,Creature-0-4457-249-1045-10184-000028665C,0000000000000000,91,100,0,0,0,-1,0,0,0,10.16,-218.04,0,0.0107,63,298,185,-1,1,0,0,0,1,nil,nil
4/28 18:49:01.831  SPELL_HEAL,Player-4755-0210153A,"Hapuseneb-Dreadmist",0x514,0x0,Player-4755-01733879,"Hocwar-Dreadmist",0x50514,0x0,2053,"Lesser Heal",0x2,Player-4755-01733879,0000000000000000,100,100,0,0,0,-1,0,0,0,24.58,-217.88,0,3.0830,71,429,429,429,0,nil
4/28 18:49:01.884  SWING_DAMAGE,Pet-0-4457-249-1045-7456-03003178E8,"Owl",0x1114,0x0,Creature-0-4457-249-1045-10184-000028665C,"Onyxia",0xa48,0x0,Pet-0-4457-249-1045-7456-03003178E8,Player-4755-01B60A5F,100,100,0,0,0,-1,0,0,0,10.62,-193.45,0,4.6937,62,51,158,-1,1,0,0,0,nil,1,nil
4/28 18:49:01.961  SPELL_CAST_START,Player-4755-0178F576,"Atreas-Dreadmist",0x514,0x0,0000000000000000,nil,0x80000000,0x80000000,75,"Auto Shot",0x1
4/28 18:49:02.008  SPELL_CAST_START,Player-4755-01FA8D0D,"Roackeru-Dreadmist",0x514,0x0,0000000000000000,nil,0x80000000,0x80000000,5019,"Shoot",0x1
4/28 18:49:02.026  SPELL_CAST_SUCCESS,Player-4755-01733879,"Hocwar-Dreadmist",0x50514,0x0,Creature-0-4457-249-1045-10184-000028665C,"Onyxia",0xa48,0x0,11567,"Heroic Strike",0x1,Player-4755-01733879,0000000000000000,100,100,0,0,0,-1,0,0,0,24.58,-217.88,0,3.1026,71
4/28 18:49:02.048  SPELL_CAST_SUCCESS,Player-4755-0178F416,"Eltorero-Dreadmist",0x514,0x0,0000000000000000,nil,0x80000000,0x80000000,11556,"Demoralizing Shout",0x1,Player-4755-0178F416,0000000000000000,100,100,0,0,0,-1,0,0,0,8.66,-204.90,0,4.8880,67
4/28 18:49:02.096  SWING_DAMAGE,Player-4755-01AC9FD9,"Alexinho-Dreadmist",0x514,0x0,Creature-0-4457-249-1045-10184-000028665C,"Onyxia",0xa48,0x0,Player-4755-01AC9FD9,0000000000000000,100,100,0,0,0,-1,0,0,0,14.04,-202.29,0,4.4934,66,139,197,-1,1,0,0,0,nil,1,nil
4/28 18:49:02.112  SPELL_CAST_SUCCESS,Player-4755-01F36B30,"Rectumqeef-Dreadmist",0x514,0x0,Creature-0-4457-249-1045-10184-000028665C,"Onyxia",0xa48,0x0,5019,"Shoot",0x1,Player-4755-01F36B30,0000000000000000,100,100,0,0,0,-1,0,0,0,6.78,-189.01,0,4.7048,66
4/28 18:49:02.127  SPELL_CAST_START,Player-4755-0210153A,"Hapuseneb-Dreadmist",0x514,0x0,0000000000000000,nil,0x80000000,0x80000000,2053,"Lesser Heal",0x2
4/28 18:49:02.127  SPELL_AURA_REMOVED,Player-4755-01AC9FD9,"Alexinho-Dreadmist",0x514,0x0,Player-4755-01AC9FD9,"Alexinho-Dreadmist",0x514,0x0,20007,"Holy Strength",0x2,BUFF
4/28 18:49:02.144  SWING_DAMAGE,Player-4755-01637B0A,"Pindle-Dreadmist",0x514,0x0,Creature-0-4457-249-1045-10184-000028665C,"Onyxia",0xa48,0x0,Player-4755-01637B0A,0000000000000000,100,100,0,0,0,-1,0,0,0,8.00,-207.88,0,4.9416,65,164,102,-1,1,0,0,0,1,nil,nil
4/28 18:49:02.151  RANGE_MISSED,Player-4755-01F36B30,"Rectumqeef-Dreadmist",0x514,0x0,Creature-0-4457-249-1045-10184-000028665C,"Onyxia",0xa48,0x0,5019,"Shoot",0x1,RESIST,nil,0
4/28 18:49:02.180  SWING_DAMAGE,Pet-0-4457-249-1045-2850-01001956F9,"Kratos",0x1114,0x0,Creature-0-4457-249-1045-10184-000028665C,"Onyxia",0xa48,0x0,Pet-0-4457-249-1045-2850-01001956F9,Player-4755-0178F576,100,100,0,0,0,-1,0,0,0,5.73,-193.66,0,4.8178,66,102,128,-1,1,0,0,0,nil,nil,nil
4/28 18:49:02.197  SPELL_CAST_SUCCESS,Player-4755-0160BD13,"Mafkees-Dreadmist",0x514,0x0,0000000000000000,nil,0x80000000,0x80000000,1680,"Whirlwind",0x1,Player-4755-0160BD13,0000000000000000,100,100,0,0,0,-1,0,0,0,10.87,-208.94,0,4.7265,64
4/28 18:49:02.212  RANGE_DAMAGE,Player-4755-01B60A5F,"Zurok-Dreadmist",0x514,0x0,Creature-0-4457-249-1045-10184-000028665C,"Onyxia",0xa48,0x0,75,"Auto Shot",0x1,Creature-0-4457-249-1045-10184-000028665C,0000000000000000,91,100,0,0,0,-1,0,0,0,10.16,-218.04,0,0.0107,63,362,459,-1,1,0,0,0,nil,nil,nil
4/28 18:49:02.244  SPELL_CAST_SUCCESS,Pet-0-4457-249-1045-2850-01001956F9,"Kratos",0x1114,0x0,Creature-0-4457-249-1045-10184-000028665C,"Onyxia",0xa48,0x0,3009,"Claw",0x1,Pet-0-4457-249-1045-2850-01001956F9,Player-4755-0178F576,100,100,0,0,0,-1,0,0,0,5.73,-193.66,0,4.8178,66
4/28 18:49:02.244  SPELL_AURA_REMOVED_DOSE,Player-4755-01733879,"Hocwar-Dreadmist",0x50514,0x0,Player-4755-01733879,"Hocwar-Dreadmist",0x50514,0x0,23885,"Bloodthirst",0x1,BUFF,1
4/28 18:49:02.244  SPELL_HEAL,Player-4755-01733879,"Hocwar-Dreadmist",0x50514,0x0,Player-4755-01733879,"Hocwar-Dreadmist",0x50514,0x0,23880,"Bloodthirst",0x1,Player-4755-01733879,0000000000000000,100,100,0,0,0,-1,0,0,0,24.58,-217.88,0,3.1026,71,10,10,10,0,nil
4/28 18:49:02.244  SWING_DAMAGE_LANDED,Pet-0-4457-249-1045-7456-03003178E8,"Owl",0x1114,0x0,Creature-0-4457-249-1045-10184-000028665C,"Onyxia",0xa48,0x0,Creature-0-4457-249-1045-10184-000028665C,0000000000000000,91,100,0,0,0,-1,0,0,0,10.16,-218.04,0,0.0107,63,51,158,-1,1,0,0,0,nil,1,nil
4/28 18:49:02.244  SPELL_DAMAGE,Player-4755-01733879,"Hocwar-Dreadmist",0x50514,0x0,Creature-0-4457-249-1045-10184-000028665C,"Onyxia",0xa48,0x0,11567,"Heroic Strike",0x1,Creature-0-4457-249-1045-10184-000028665C,0000000000000000,91,100,0,0,0,-1,0,0,0,10.16,-218.04,0,0.0107,63,344,436,-1,1,0,0,0,nil,nil,nil
4/28 18:49:02.244  SPELL_AURA_REFRESH,Player-4755-0178F416,"Eltorero-Dreadmist",0x514,0x0,Creature-0-4457-249-1045-10184-000028665C,"Onyxia",0xa48,0x0,11556,"Demoralizing Shout",0x1,DEBUFF
4/28 18:49:02.244  SWING_DAMAGE_LANDED,Player-4755-01AC9FD9,"Alexinho-Dreadmist",0x514,0x0,Creature-0-4457-249-1045-10184-000028665C,"Onyxia",0xa48,0x0,Creature-0-4457-249-1045-10184-000028665C,0000000000000000,91,100,0,0,0,-1,0,0,0,10.16,-218.04,0,0.0107,63,139,197,-1,1,0,0,0,nil,1,nil
4/28 18:49:02.244  SWING_DAMAGE_LANDED,Player-4755-01637B0A,"Pindle-Dreadmist",0x514,0x0,Creature-0-4457-249-1045-10184-000028665C,"Onyxia",0xa48,0x0,Creature-0-4457-249-1045-10184-000028665C,0000000000000000,91,100,0,0,0,-1,0,0,0,10.16,-218.04,0,0.0107,63,164,102,-1,1,0,0,0,1,nil,nil
4/28 18:49:02.244  SWING_DAMAGE_LANDED,Pet-0-4457-249-1045-2850-01001956F9,"Kratos",0x1114,0x0,Creature-0-4457-249-1045-10184-000028665C,"Onyxia",0xa48,0x0,Creature-0-4457-249-1045-10184-000028665C,0000000000000000,91,100,0,0,0,-1,0,0,0,10.16,-218.04,0,0.0107,63,102,128,-1,1,0,0,0,nil,nil,nil
4/28 18:49:02.244  SPELL_DAMAGE,Player-4755-0160BD13,"Mafkees-Dreadmist",0x514,0x0,Creature-0-4457-249-1045-10184-000028665C,"Onyxia",0xa48,0x0,1680,"Whirlwind",0x1,Creature-0-4457-249-1045-10184-000028665C,0000000000000000,91,100,0,0,0,-1,0,0,0,10.16,-218.04,0,0.0107,63,460,583,-1,1,0,0,0,nil,nil,nil
4/28 18:49:02.244  SPELL_DAMAGE,Pet-0-4457-249-1045-2850-01001956F9,"Kratos",0x1114,0x0,Creature-0-4457-249-1045-10184-000028665C,"Onyxia",0xa48,0x0,3009,"Claw",0x1,Creature-0-4457-249-1045-10184-000028665C,0000000000000000,91,100,0,0,0,-1,0,0,0,10.16,-218.04,0,0.0107,63,60,75,-1,1,0,0,0,nil,nil,nil
4/28 18:49:02.305  SPELL_MISSED,Player-4755-015FEBD5,"Sauvage-Dreadmist",0x514,0x0,Creature-0-4457-249-1045-10184-000028665C,"Onyxia",0xa48,0x0,10181,"Frostbolt",0x10,RESIST,nil,0
4/28 18:49:02.349  SWING_DAMAGE,Player-4755-0220BD00,"Krikoff-Dreadmist",0x40514,0x0,Creature-0-4457-249-1045-10184-000028665C,"Onyxia",0xa48,0x0,Player-4755-0220BD00,0000000000000000,100,100,0,0,0,-1,0,0,0,10.75,-210.89,0,4.7163,68,286,362,-1,1,0,0,0,nil,nil,nil
4/28 18:49:02.368  SWING_DAMAGE,Player-4755-01A6B139,"Sakatan-Dreadmist",0x514,0x0,Creature-0-4457-249-1045-10184-000028665C,"Onyxia",0xa48,0x0,Player-4755-01A6B139,0000000000000000,100,100,0,0,0,-1,0,0,0,9.54,-199.57,0,5.0548,69,124,157,-1,1,0,0,0,nil,nil,nil
4/28 18:49:02.400  SPELL_CAST_SUCCESS,Player-4755-0178F576,"Atreas-Dreadmist",0x514,0x0,Creature-0-4457-249-1045-10184-000028665C,"Onyxia",0xa48,0x0,75,"Auto Shot",0x1,Player-4755-0178F576,0000000000000000,100,100,0,0,0,-1,0,0,0,6.14,-178.76,0,4.5107,66
4/28 18:49:02.400  SPELL_CAST_SUCCESS,Player-4755-0163DD9D,"Kaspais-Dreadmist",0x514,0x0,Creature-0-4457-249-1045-10184-000028665C,"Onyxia",0xa48,0x0,10181,"Frostbolt",0x10,Player-4755-0163DD9D,0000000000000000,100,100,0,0,0,-1,0,0,0,5.76,-187.76,0,4.7963,66
4/28 18:49:02.400  SPELL_CAST_START,Player-4755-0163DD9D,"Kaspais-Dreadmist",0x514,0x0,0000000000000000,nil,0x80000000,0x80000000,10181,"Frostbolt",0x10
4/28 18:49:02.418  SPELL_AURA_REMOVED,Player-4755-01B60A5F,"Zurok-Dreadmist",0x514,0x0,Player-4755-01B60A5F,"Zurok-Dreadmist",0x514,0x0,3045,"Rapid Fire",0x40,BUFF
4/28 18:49:02.436  SWING_DAMAGE,Player-4755-01F21AE6,"Blahu-Dreadmist",0x40514,0x0,Creature-0-4457-249-1045-10184-000028665C,"Onyxia",0xa48,0x0,Player-4755-01F21AE6,0000000000000000,100,100,0,0,0,-1,0,0,0,15.74,-206.45,0,4.2349,70,92,144,-1,1,0,0,0,nil,1,nil
4/28 18:49:02.486  SPELL_CAST_SUCCESS,Player-4755-0220BD00,"Krikoff-Dreadmist",0x40514,0x0,0000000000000000,nil,0x80000000,0x80000000,11556,"Demoralizing Shout",0x1,Player-4755-0220BD00,0000000000000000,100,100,0,0,0,-1,0,0,0,10.75,-210.89,0,4.7163,68
4/28 18:49:02.486  SPELL_MISSED,Player-4755-0220BD00,"Krikoff-Dreadmist",0x40514,0x0,Creature-0-4457-249-1045-10184-000028665C,"Onyxia",0xa48,0x0,11556,"Demoralizing Shout",0x1,RESIST,nil,0
4/28 18:49:02.486  SPELL_CAST_START,Player-4755-020BD78D,"Lonehunter-Dreadmist",0x514,0x0,0000000000000000,nil,0x80000000,0x80000000,75,"Auto Shot",0x1
4/28 18:49:02.486  SPELL_CAST_FAILED,Player-4755-01BC57A3,"Saintis-Dreadmist",0x511,0x0,0000000000000000,nil,0x80000000,0x80000000,2061,"Flash Heal",0x2,"Interrupted"
4/28 18:49:02.504  SPELL_AURA_APPLIED,Player-4755-0160BD13,"Mafkees-Dreadmist",0x514,0x0,Player-4755-0160BD13,"Mafkees-Dreadmist",0x514,0x0,10610,"Windfury Totem",0x8,BUFF
4/28 18:49:02.504  SPELL_EXTRA_ATTACKS,Player-4755-0160BD13,"Mafkees-Dreadmist",0x514,0x0,Player-4755-0160BD13,"Mafkees-Dreadmist",0x514,0x0,10610,"Windfury Totem",0x8,1
4/28 18:49:02.504  SWING_DAMAGE,Player-4755-0160BD13,"Mafkees-Dreadmist",0x514,0x0,Creature-0-4457-249-1045-10184-000028665C,"Onyxia",0xa48,0x0,Player-4755-0160BD13,0000000000000000,100,100,0,0,0,-1,0,0,0,10.87,-208.94,0,4.7383,64,447,633,-1,1,0,0,0,nil,1,nil
4/28 18:49:02.504  SWING_DAMAGE,Player-4755-0160BD13,"Mafkees-Dreadmist",0x514,0x0,Creature-0-4457-249-1045-10184-000028665C,"Onyxia",0xa48,0x0,Player-4755-0160BD13,0000000000000000,100,100,0,0,0,-1,0,0,0,10.87,-208.94,0,4.7383,64,487,689,-1,1,0,0,0,nil,1,nil
4/28 18:49:02.520  SPELL_CAST_SUCCESS,Player-4755-01FA8D0D,"Roackeru-Dreadmist",0x514,0x0,Creature-0-4457-249-1045-10184-000028665C,"Onyxia",0xa48,0x0,5019,"Shoot",0x1,Player-4755-01FA8D0D,0000000000000000,100,100,0,0,0,-1,0,0,0,14.13,-180.96,0,4.6613,65
4/28 18:49:02.566  SPELL_CAST_SUCCESS,Player-4755-01802FE5,"Angrybat-Dreadmist",0x514,0x0,Creature-0-4457-249-1045-10184-000028665C,"Onyxia",0xa48,0x0,10181,"Frostbolt",0x10,Player-4755-01802FE5,0000000000000000,100,100,0,0,0,-1,0,0,0,12.24,-179.84,0,4.5664,66
4/28 18:49:02.566  SPELL_CAST_START,Player-4755-01802FE5,"Angrybat-Dreadmist",0x514,0x0,0000000000000000,nil,0x80000000,0x80000000,10181,"Frostbolt",0x10
4/28 18:49:02.566  SPELL_CAST_START,Player-4755-01B60A5F,"Zurok-Dreadmist",0x514,0x0,0000000000000000,nil,0x80000000,0x80000000,75,"Auto Shot",0x1
4/28 18:49:02.601  SPELL_CAST_SUCCESS,Player-4755-01E83279,"Nlmasters-Dreadmist",0x514,0x8,Creature-0-4457-249-1045-10184-000028665C,"Onyxia",0xa48,0x0,20904,"Aimed Shot",0x1,Player-4755-01E83279,0000000000000000,100,100,0,0,0,-1,0,0,0,10.95,-182.52,0,4.6904,70
4/28 18:49:02.618  SPELL_CAST_SUCCESS,Creature-0-4457-249-1045-10184-000028665C,"Onyxia",0xa48,0x0,0000000000000000,nil,0x80000000,0x80000000,18435,"Flame Breath",0x4,Creature-0-4457-249-1045-10184-000028665C,0000000000000000,91,100,0,0,0,-1,0,0,0,10.16,-218.04,0,0.0107,63
4/28 18:49:02.674  SPELL_ENERGIZE,Player-4755-01733879,"Hocwar-Dreadmist",0x50514,0x0,Player-4755-01733879,"Hocwar-Dreadmist",0x50514,0x0,12964,"Unbridled Wrath",0x1,Player-4755-01733879,0000000000000000,100,100,0,0,0,-1,0,0,0,24.56,-218.41,0,3.1026,71,1.0000,0.0000,1,1000
4/28 18:49:02.674  SPELL_HEAL,Player-4755-01733879,"Hocwar-Dreadmist",0x50514,0x0,Player-4755-01733879,"Hocwar-Dreadmist",0x50514,0x0,23880,"Bloodthirst",0x1,Player-4755-01733879,0000000000000000,100,100,0,0,0,-1,0,0,0,24.56,-218.41,0,3.1026,71,10,10,10,0,nil
4/28 18:49:02.674  SPELL_AURA_REMOVED,Player-4755-01733879,"Hocwar-Dreadmist",0x50514,0x0,Player-4755-01733879,"Hocwar-Dreadmist",0x50514,0x0,23885,"Bloodthirst",0x1,BUFF
4/28 18:49:02.674  SWING_DAMAGE_LANDED,Player-4755-0220BD00,"Krikoff-Dreadmist",0x40514,0x0,Creature-0-4457-249-1045-10184-000028665C,"Onyxia",0xa48,0x0,Creature-0-4457-249-1045-10184-000028665C,0000000000000000,91,100,0,0,0,-1,0,0,0,10.16,-218.04,0,0.0107,63,286,362,-1,1,0,0,0,nil,nil,nil
4/28 18:49:02.674  SWING_DAMAGE_LANDED,Player-4755-01A6B139,"Sakatan-Dreadmist",0x514,0x0,Creature-0-4457-249-1045-10184-000028665C,"Onyxia",0xa48,0x0,Creature-0-4457-249-1045-10184-000028665C,0000000000000000,91,100,0,0,0,-1,0,0,0,10.16,-218.04,0,0.0107,63,124,157,-1,1,0,0,0,nil,nil,nil
4/28 18:49:02.674  SPELL_AURA_REMOVED,Player-4755-016DF694,"Ashalan-Dreadmist",0x514,0x0,Creature-0-4457-249-1045-10184-000028665C,"Onyxia",0xa48,0x0,17364,"Stormstrike",0x1,DEBUFF
4/28 18:49:02.674  SPELL_DAMAGE,Player-4755-01A6B139,"Sakatan-Dreadmist",0x514,0x0,Creature-0-4457-249-1045-10184-000028665C,"Onyxia",0xa48,0x0,11337,"Instant Poison VI",0x8,Creature-0-4457-249-1045-10184-000028665C,0000000000000000,91,100,0,0,0,-1,0,0,0,10.16,-218.04,0,0.0107,63,105,116,-1,8,29,0,0,nil,nil,nil
4/28 18:49:02.674  SWING_DAMAGE_LANDED,Player-4755-01F21AE6,"Blahu-Dreadmist",0x40514,0x0,Creature-0-4457-249-1045-10184-000028665C,"Onyxia",0xa48,0x0,Creature-0-4457-249-1045-10184-000028665C,0000000000000000,91,100,0,0,0,-1,0,0,0,10.16,-218.04,0,0.0107,63,92,144,-1,1,0,0,0,nil,1,nil
4/28 18:49:02.674  SWING_DAMAGE_LANDED,Player-4755-0160BD13,"Mafkees-Dreadmist",0x514,0x0,Creature-0-4457-249-1045-10184-000028665C,"Onyxia",0xa48,0x0,Creature-0-4457-249-1045-10184-000028665C,0000000000000000,91,100,0,0,0,-1,0,0,0,10.16,-218.04,0,0.0107,63,447,633,-1,1,0,0,0,nil,1,nil
4/28 18:49:02.674  SWING_DAMAGE_LANDED,Player-4755-0160BD13,"Mafkees-Dreadmist",0x514,0x0,Creature-0-4457-249-1045-10184-000028665C,"Onyxia",0xa48,0x0,Creature-0-4457-249-1045-10184-000028665C,0000000000000000,91,100,0,0,0,-1,0,0,0,10.16,-218.04,0,0.0107,63,487,689,-1,1,0,0,0,nil,1,nil
4/28 18:49:02.674  SPELL_DAMAGE,Creature-0-4457-249-1045-10184-000028665C,"Onyxia",0xa48,0x0,Player-4755-01733879,"Hocwar-Dreadmist",0x50514,0x0,18435,"Flame Breath",0x4,Player-4755-01733879,0000000000000000,47,100,0,0,0,-1,0,0,0,24.56,-218.41,0,3.1026,71,3251,3612,-1,4,0,0,0,nil,nil,nil
4/28 18:49:02.764  SPELL_PERIODIC_HEAL,Player-4755-01FA8DD8,"Roackerita-Dreadmist",0x514,0x0,Player-4755-0220BD00,"Krikoff-Dreadmist",0x40514,0x0,6078,"Renew",0x2,Player-4755-0220BD00,0000000000000000,100,100,0,0,0,-1,0,0,0,10.75,-210.89,0,4.7163,68,236,236,236,0,nil
4/28 18:49:02.780  SPELL_PERIODIC_ENERGIZE,Player-4755-01802FE5,"Angrybat-Dreadmist",0x514,0x0,Player-4755-01802FE5,"Angrybat-Dreadmist",0x514,0x0,18194,"Mana Regeneration",0x1,Player-4755-01802FE5,0000000000000000,100,100,0,0,0,-1,0,0,0,12.24,-179.84,0,4.5664,66,8.0000,0.0000,0,6033
4/28 18:49:02.840  SWING_DAMAGE,Player-4755-01637B0A,"Pindle-Dreadmist",0x514,0x0,Creature-0-4457-249-1045-10184-000028665C,"Onyxia",0xa48,0x0,Player-4755-01637B0A,0000000000000000,100,100,0,0,0,-1,0,0,0,8.00,-207.88,0,4.9573,65,310,192,-1,1,0,0,0,1,nil,nil
4/28 18:49:02.840  SPELL_PERIODIC_DAMAGE,Player-4755-01F36B30,"Rectumqeef-Dreadmist",0x514,0x0,Creature-0-4457-249-1045-10184-000028665C,"Onyxia",0xa48,0x0,11672,"Corruption",0x20,Creature-0-4457-249-1045-10184-000028665C,0000000000000000,91,100,0,0,0,-1,0,0,0,10.16,-218.04,0,0.0107,63,224,203,-1,32,0,0,0,nil,nil,nil
4/28 18:49:02.855  SPELL_AURA_REMOVED,Player-4755-01F36B30,"Rectumqeef-Dreadmist",0x514,0x0,Creature-0-4457-249-1045-10184-000028665C,"Onyxia",0xa48,0x0,11672,"Corruption",0x20,DEBUFF
4/28 18:49:02.903  RANGE_MISSED,Player-4755-01FA8D0D,"Roackeru-Dreadmist",0x514,0x0,Creature-0-4457-249-1045-10184-000028665C,"Onyxia",0xa48,0x0,5019,"Shoot",0x1,RESIST,nil,0
4/28 18:49:02.903  SPELL_CAST_START,Player-4755-021D6506,"Bloodlady-Dreadmist",0x514,0x0,0000000000000000,nil,0x80000000,0x80000000,5019,"Shoot",0x1
4/28 18:49:02.903  SPELL_CAST_SUCCESS,Player-4755-020BD78D,"Lonehunter-Dreadmist",0x514,0x0,Creature-0-4457-249-1045-10184-000028665C,"Onyxia",0xa48,0x0,75,"Auto Shot",0x1,Player-4755-020BD78D,0000000000000000,100,100,0,0,0,-1,0,0,0,1.62,-179.46,0,4.9304,70
4/28 18:49:02.926  SPELL_CAST_START,Player-4755-01614AC7,"Mirrimazduur-Dreadmist",0x512,0x0,0000000000000000,nil,0x80000000,0x80000000,11661,"Shadow Bolt",0x20
4/28 18:49:03.005  SPELL_CAST_SUCCESS,Player-4755-01B60A5F,"Zurok-Dreadmist",0x514,0x0,Creature-0-4457-249-1045-10184-000028665C,"Onyxia",0xa48,0x0,75,"Auto Shot",0x1,Player-4755-01B60A5F,0000000000000000,100,100,0,0,0,-1,0,0,0,14.58,-174.17,0,4.6692,62
4/28 18:49:03.005  SPELL_CAST_START,Player-4755-01B60A5F,"Zurok-Dreadmist",0x514,0x0,0000000000000000,nil,0x80000000,0x80000000,20904,"Aimed Shot",0x1
4/28 18:49:03.052  SWING_MISSED,Player-4755-01733879,"Hocwar-Dreadmist",0x50514,0x0,Creature-0-4457-249-1045-10184-000028665C,"Onyxia",0xa48,0x0,DODGE,1
4/28 18:49:03.055  SPELL_AURA_REMOVED_DOSE,Player-4755-0160BD13,"Mafkees-Dreadmist",0x514,0x0,Player-4755-0160BD13,"Mafkees-Dreadmist",0x514,0x0,10610,"Windfury Totem",0x8,BUFF,1
4/28 18:49:03.055  SPELL_AURA_REMOVED,Player-4755-0160BD13,"Mafkees-Dreadmist",0x514,0x0,Player-4755-0160BD13,"Mafkees-Dreadmist",0x514,0x0,10610,"Windfury Totem",0x8,BUFF
4/28 18:49:03.055  SWING_DAMAGE_LANDED,Player-4755-01637B0A,"Pindle-Dreadmist",0x514,0x0,Creature-0-4457-249-1045-10184-000028665C,"Onyxia",0xa48,0x0,Creature-0-4457-249-1045-10184-000028665C,0000000000000000,91,100,0,0,0,-1,0,0,0,10.16,-218.04,0,0.0107,63,310,192,-1,1,0,0,0,1,nil,nil
4/28 18:49:03.073  SPELL_DAMAGE,Player-4755-021D6506,"Bloodlady-Dreadmist",0x514,0x0,Creature-0-4457-249-1045-10184-000028665C,"Onyxia",0xa48,0x0,10181,"Frostbolt",0x10,Creature-0-4457-249-1045-10184-000028665C,0000000000000000,90,100,0,0,0,-1,0,0,0,10.16,-218.04,0,0.0107,63,1971,895,-1,16,0,0,0,1,nil,nil
4/28 18:49:03.088  SWING_DAMAGE,Player-4755-0178F416,"Eltorero-Dreadmist",0x514,0x0,Creature-0-4457-249-1045-10184-000028665C,"Onyxia",0xa48,0x0,Player-4755-0178F416,0000000000000000,100,100,0,0,0,-1,0,0,0,8.56,-202.10,0,4.8880,67,1110,704,-1,1,0,0,0,1,nil,nil
4/28 18:49:03.116  SPELL_CAST_START,Player-4755-01E83279,"Nlmasters-Dreadmist",0x514,0x8,0000000000000000,nil,0x80000000,0x80000000,75,"Auto Shot",0x1
4/28 18:49:03.159  SWING_MISSED,Player-4755-01A6B139,"Sakatan-Dreadmist",0x514,0x0,Creature-0-4457-249-1045-10184-000028665C,"Onyxia",0xa48,0x0,MISS,nil
4/28 18:49:03.159  SWING_DAMAGE,Pet-0-4457-249-1045-2850-01001956F9,"Kratos",0x1114,0x0,Creature-0-4457-249-1045-10184-000028665C,"Onyxia",0xa48,0x0,Pet-0-4457-249-1045-2850-01001956F9,Player-4755-0178F576,100,100,0,0,0,-1,0,0,0,5.73,-193.66,0,4.8178,66,54,122,-1,1,0,0,0,nil,1,nil
4/28 18:49:03.194  SPELL_CAST_START,Player-4755-01BC57A3,"Saintis-Dreadmist",0x511,0x0,0000000000000000,nil,0x80000000,0x80000000,2061,"Flash Heal",0x2
4/28 18:49:03.226  SWING_DAMAGE,Player-4755-01637B0A,"Pindle-Dreadmist",0x514,0x0,Creature-0-4457-249-1045-10184-000028665C,"Onyxia",0xa48,0x0,Player-4755-01637B0A,0000000000000000,100,100,0,0,0,-1,0,0,0,7.73,-207.95,0,4.9906,65,86,117,-1,1,0,0,0,nil,1,nil
4/28 18:49:03.390  SWING_DAMAGE,Player-4755-016DF694,"Ashalan-Dreadmist",0x514,0x0,Creature-0-4457-249-1045-10184-000028665C,"Onyxia",0xa48,0x0,Player-4755-016DF694,0000000000000000,100,100,0,0,0,-1,0,0,0,8.75,-208.71,0,4.7344,67,900,571,-1,1,0,0,0,1,nil,nil
4/28 18:49:03.390  RANGE_DAMAGE,Player-4755-0178F576,"Atreas-Dreadmist",0x514,0x0,Creature-0-4457-249-1045-10184-000028665C,"Onyxia",0xa48,0x0,75,"Auto Shot",0x1,Creature-0-4457-249-1045-10184-000028665C,0000000000000000,90,100,0,0,0,-1,0,0,0,10.16,-218.04,0,0.0107,63,406,516,-1,1,0,0,0,nil,nil,nil
4/28 18:49:03.423  SPELL_CAST_SUCCESS,Player-4755-021D6506,"Bloodlady-Dreadmist",0x514,0x0,Creature-0-4457-249-1045-10184-000028665C,"Onyxia",0xa48,0x0,5019,"Shoot",0x1,Player-4755-021D6506,0000000000000000,100,100,0,0,0,-1,0,0,0,2.26,-178.45,0,4.9285,69
4/28 18:49:03.423  SPELL_AURA_REMOVED,Player-4755-0160BD13,"Mafkees-Dreadmist",0x514,0x0,Player-4755-0160BD13,"Mafkees-Dreadmist",0x514,0x0,20007,"Holy Strength",0x2,BUFF
4/28 18:49:03.423  SPELL_CAST_START,Player-4755-02045EF4,"Necrosini-Dreadmist",0x512,0x0,0000000000000000,nil,0x80000000,0x80000000,2054,"Heal",0x2
4/28 18:49:03.458  SPELL_ENERGIZE,Player-4755-0160BD13,"Mafkees-Dreadmist",0x514,0x0,Player-4755-0160BD13,"Mafkees-Dreadmist",0x514,0x0,12964,"Unbridled Wrath",0x1,Player-4755-0160BD13,0000000000000000,100,100,0,0,0,-1,0,0,0,8.25,-207.56,0,4.9349,64,1.0000,0.0000,1,1000
4/28 18:49:03.458  SPELL_ENERGIZE,Player-4755-0160BD13,"Mafkees-Dreadmist",0x514,0x0,Player-4755-0160BD13,"Mafkees-Dreadmist",0x514,0x0,12964,"Unbridled Wrath",0x1,Player-4755-0160BD13,0000000000000000,100,100,0,0,0,-1,0,0,0,8.25,-207.56,0,4.9349,64,1.0000,0.0000,1,1000
4/28 18:49:03.458  SWING_DAMAGE_LANDED,Player-4755-0178F416,"Eltorero-Dreadmist",0x514,0x0,Creature-0-4457-249-1045-10184-000028665C,"Onyxia",0xa48,0x0,Creature-0-4457-249-1045-10184-000028665C,0000000000000000,90,100,0,0,0,-1,0,0,0,10.16,-218.04,0,0.0107,63,1110,704,-1,1,0,0,0,1,nil,nil
4/28 18:49:03.458  SWING_DAMAGE_LANDED,Pet-0-4457-249-1045-2850-01001956F9,"Kratos",0x1114,0x0,Creature-0-4457-249-1045-10184-000028665C,"Onyxia",0xa48,0x0,Creature-0-4457-249-1045-10184-000028665C,0000000000000000,90,100,0,0,0,-1,0,0,0,10.16,-218.04,0,0.0107,63,54,122,-1,1,0,0,0,nil,1,nil
4/28 18:49:03.458  SWING_DAMAGE_LANDED,Player-4755-01637B0A,"Pindle-Dreadmist",0x514,0x0,Creature-0-4457-249-1045-10184-000028665C,"Onyxia",0xa48,0x0,Creature-0-4457-249-1045-10184-000028665C,0000000000000000,90,100,0,0,0,-1,0,0,0,10.16,-218.04,0,0.0107,63,86,117,-1,1,0,0,0,nil,1,nil
4/28 18:49:03.458  SWING_DAMAGE_LANDED,Player-4755-016DF694,"Ashalan-Dreadmist",0x514,0x0,Creature-0-4457-249-1045-10184-000028665C,"Onyxia",0xa48,0x0,Creature-0-4457-249-1045-10184-000028665C,0000000000000000,90,100,0,0,0,-1,0,0,0,10.16,-218.04,0,0.0107,63,900,571,-1,1,0,0,0,1,nil,nil
4/28 18:49:03.474  SWING_MISSED,Player-4755-01AC9FD9,"Alexinho-Dreadmist",0x514,0x0,Creature-0-4457-249-1045-10184-000028665C,"Onyxia",0xa48,0x0,MISS,1
4/28 18:49:03.491  SPELL_DAMAGE,Player-4755-0163DD9D,"Kaspais-Dreadmist",0x514,0x0,Creature-0-4457-249-1045-10184-000028665C,"Onyxia",0xa48,0x0,10181,"Frostbolt",0x10,Creature-0-4457-249-1045-10184-000028665C,0000000000000000,90,100,0,0,0,-1,0,0,0,10.16,-218.04,0,0.0107,63,958,870,-1,16,0,0,0,nil,nil,nil
4/28 18:49:03.506  SPELL_DAMAGE,Player-4755-01E83279,"Nlmasters-Dreadmist",0x514,0x8,Creature-0-4457-249-1045-10184-000028665C,"Onyxia",0xa48,0x0,20904,"Aimed Shot",0x1,Creature-0-4457-249-1045-10184-000028665C,0000000000000000,90,100,0,0,0,-1,0,0,0,10.16,-218.04,0,0.0107,63,840,1066,-1,1,0,0,0,nil,nil,nil
4/28 18:49:03.507  SPELL_AURA_APPLIED,Player-4755-020BD78D,"Lonehunter-Dreadmist",0x514,0x0,Player-4755-020BD78D,"Lonehunter-Dreadmist",0x514,0x0,24352,"Devilsaur Fury",0x1,BUFF
4/28 18:49:03.507  SPELL_CAST_SUCCESS,Player-4755-020BD78D,"Lonehunter-Dreadmist",0x514,0x0,0000000000000000,nil,0x80000000,0x80000000,24352,"Devilsaur Fury",0x1,Player-4755-020BD78D,0000000000000000,100,100,0,0,0,-1,0,0,0,1.62,-179.46,0,4.9304,70
4/28 18:49:03.523  SPELL_CAST_START,Player-4755-01FA8D0D,"Roackeru-Dreadmist",0x514,0x0,0000000000000000,nil,0x80000000,0x80000000,5019,"Shoot",0x1
4/28 18:49:03.539  SPELL_CAST_START,Player-4755-0178F576,"Atreas-Dreadmist",0x514,0x0,0000000000000000,nil,0x80000000,0x80000000,20904,"Aimed Shot",0x1
4/28 18:49:03.539  SPELL_CAST_START,Player-4755-01F36B30,"Rectumqeef-Dreadmist",0x514,0x0,0000000000000000,nil,0x80000000,0x80000000,5019,"Shoot",0x1
4/28 18:49:03.574  SPELL_CAST_SUCCESS,Player-4755-01E83279,"Nlmasters-Dreadmist",0x514,0x8,Creature-0-4457-249-1045-10184-000028665C,"Onyxia",0xa48,0x0,75,"Auto Shot",0x1,Player-4755-01E83279,0000000000000000,100,100,0,0,0,-1,0,0,0,10.95,-182.52,0,4.6904,70
4/28 18:49:03.574  SWING_DAMAGE,Player-4755-01AC9FD9,"Alexinho-Dreadmist",0x514,0x0,Creature-0-4457-249-1045-10184-000028665C,"Onyxia",0xa48,0x0,Player-4755-01AC9FD9,0000000000000000,100,100,0,0,0,-1,0,0,0,14.04,-202.29,0,4.4934,66,660,410,-1,1,0,0,0,1,nil,nil
4/28 18:49:03.590  SPELL_PERIODIC_ENERGIZE,Creature-0-4457-249-1045-7416-0000286C79,"Mana Spring Totem IV",0x2114,0x0,Player-4755-0210153A,"Hapuseneb-Dreadmist",0x514,0x0,10494,"Mana Spring",0x8,Player-4755-0210153A,0000000000000000,100,100,0,0,0,-1,0,0,0,16.09,-197.11,0,4.4807,66,13.0000,0.0000,0,6736
4/28 18:49:03.590  SPELL_PERIODIC_ENERGIZE,Creature-0-4457-249-1045-7416-0000286C79,"Mana Spring Totem IV",0x2114,0x0,Player-4755-01804B95,"Moymoy-Dreadmist",0x514,0x0,10494,"Mana Spring",0x8,Player-4755-01804B95,0000000000000000,100,100,0,0,0,-1,0,0,0,14.70,-185.86,0,4.5443,66,13.0000,0.0000,0,5366
4/28 18:49:03.590  SPELL_PERIODIC_ENERGIZE,Creature-0-4457-249-1045-7416-0000286C79,"Mana Spring Totem IV",0x2114,0x0,Player-4755-015FEBD5,"Sauvage-Dreadmist",0x514,0x0,10494,"Mana Spring",0x8,Player-4755-015FEBD5,0000000000000000,100,100,0,0,0,-1,0,0,0,15.89,-180.74,0,4.4870,64,12.0000,0.0000,0,6158
4/28 18:49:03.590  SPELL_PERIODIC_ENERGIZE,Creature-0-4457-249-1045-7416-0000286C79,"Mana Spring Totem IV",0x2114,0x0,Player-4755-01ED7A64,"Sperzieboon-Dreadmist",0x514,0x0,10494,"Mana Spring",0x8,Player-4755-01ED7A64,0000000000000000,100,100,0,0,0,-1,0,0,0,13.03,-191.02,0,4.5740,67,13.0000,0.0000,0,7261
4/28 18:49:03.590  SPELL_PERIODIC_ENERGIZE,Creature-0-4457-249-1045-7416-0000286C79,"Mana Spring Totem IV",0x2114,0x0,Player-4755-01FA8DD8,"Roackerita-Dreadmist",0x514,0x0,10494,"Mana Spring",0x8,Player-4755-01FA8DD8,0000000000000000,100,100,0,0,0,-1,0,0,0,3.53,-182.84,0,5.5543,69,12.0000,0.0000,0,6736
4/28 18:49:03.642  RANGE_MISSED,Player-4755-01F36B30,"Rectumqeef-Dreadmist",0x514,0x0,Creature-0-4457-249-1045-10184-000028665C,"Onyxia",0xa48,0x0,5019,"Shoot",0x1,RESIST,nil,0
4/28 18:49:03.680  SWING_DAMAGE,Pet-0-4457-249-1045-9622-02002CD5BC,"Bokito",0x1114,0x0,Creature-0-4457-249-1045-10184-000028665C,"Onyxia",0xa48,0x0,Pet-0-4457-249-1045-9622-02002CD5BC,Player-4755-020BD78D,100,100,0,0,0,-1,0,0,0,-4.27,-198.08,0,5.3385,70,197,249,-1,1,0,0,0,nil,nil,nil
4/28 18:49:03.710  SPELL_CAST_SUCCESS,Player-4755-01733879,"Hocwar-Dreadmist",0x50514,0x0,0000000000000000,nil,0x80000000,0x80000000,11556,"Demoralizing Shout",0x1,Player-4755-01733879,0000000000000000,48,100,0,0,0,-1,0,0,0,24.55,-218.60,0,3.0987,71
4/28 18:49:03.710  SWING_MISSED,Player-4755-01A6B139,"Sakatan-Dreadmist",0x514,0x0,Creature-0-4457-249-1045-10184-000028665C,"Onyxia",0xa48,0x0,MISS,1
4/28 18:49:03.727  SPELL_PERIODIC_HEAL,Player-4755-01FA8DD8,"Roackerita-Dreadmist",0x514,0x0,Player-4755-01F21AE6,"Blahu-Dreadmist",0x40514,0x0,6078,"Renew",0x2,Player-4755-01F21AE6,0000000000000000,100,100,0,0,0,-1,0,0,0,14.39,-210.80,0,4.0595,70,236,236,236,0,nil
4/28 18:49:03.781  SPELL_PERIODIC_ENERGIZE,Creature-0-4457-249-1045-7416-0000286C87,"Mana Spring Totem IV",0x2114,0x0,Player-4755-016296D3,"Nivl-Dreadmist",0x514,0x0,10494,"Mana Spring",0x8,Player-4755-016296D3,0000000000000000,100,100,0,0,0,-1,0,0,0,14.95,-201.70,0,4.5241,69,10.0000,0.0000,0,5845
4/28 18:49:03.781  SPELL_PERIODIC_ENERGIZE,Creature-0-4457-249-1045-7416-0000286C87,"Mana Spring Totem IV",0x2114,0x0,Player-4755-0178F576,"Atreas-Dreadmist",0x514,0x0,10494,"Mana Spring",0x8,Player-4755-0178F576,0000000000000000,100,100,0,0,0,-1,0,0,0,6.14,-178.76,0,4.6643,66,10.0000,0.0000,0,3765
4/28 18:49:03.798  SPELL_CAST_START,Player-4755-01ED7A64,"Sperzieboon-Dreadmist",0x514,0x0,0000000000000000,nil,0x80000000,0x80000000,6063,"Heal",0x2
4/28 18:49:03.819  SPELL_CAST_SUCCESS,Player-4755-016296D3,"Nivl-Dreadmist",0x514,0x0,Creature-0-4457-249-1045-10184-000028665C,"Onyxia",0xa48,0x0,15208,"Lightning Bolt",0x8,Player-4755-016296D3,0000000000000000,100,100,0,0,0,-1,0,0,0,14.95,-201.70,0,4.5241,69
4/28 18:49:03.820  SPELL_AURA_APPLIED,Player-4755-016296D3,"Nivl-Dreadmist",0x514,0x0,Player-4755-016296D3,"Nivl-Dreadmist",0x514,0x0,16246,"Clearcasting",0x40,BUFF
4/28 18:49:03.839  SPELL_AURA_REMOVED,Pet-0-4457-249-1045-7456-03003178E8,"Owl",0x1114,0x0,Creature-0-4457-249-1045-10184-000028665C,"Onyxia",0xa48,0x0,24579,"Screech",0x1,DEBUFF
4/28 18:49:03.839  SWING_MISSED,Player-4755-01733879,"Hocwar-Dreadmist",0x50514,0x0,Creature-0-4457-249-1045-10184-000028665C,"Onyxia",0xa48,0x0,PARRY,nil
4/28 18:49:03.859  SWING_MISSED,Player-4755-01840577,"Raggèn-Dreadmist",0x514,0x0,Creature-0-4457-249-1045-10184-000028665C,"Onyxia",0xa48,0x0,PARRY,nil
4/28 18:49:03.859  SPELL_AURA_REMOVED_DOSE,Player-4755-0178F416,"Eltorero-Dreadmist",0x514,0x0,Player-4755-0178F416,"Eltorero-Dreadmist",0x514,0x0,23888,"Bloodthirst",0x1,BUFF,2
4/28 18:49:03.859  SPELL_AURA_REMOVED_DOSE,Player-4755-0178F416,"Eltorero-Dreadmist",0x514,0x0,Player-4755-0178F416,"Eltorero-Dreadmist",0x514,0x0,12970,"Flurry",0x1,BUFF,2
4/28 18:49:03.859  SPELL_AURA_APPLIED_DOSE,Player-4755-0178F416,"Eltorero-Dreadmist",0x514,0x0,Player-4755-0178F416,"Eltorero-Dreadmist",0x514,0x0,12970,"Flurry",0x1,BUFF,3
4/28 18:49:03.859  SPELL_HEAL,Player-4755-0178F416,"Eltorero-Dreadmist",0x514,0x0,Player-4755-0178F416,"Eltorero-Dreadmist",0x514,0x0,23891,"Bloodthirst",0x1,Player-4755-0178F416,0000000000000000,100,100,0,0,0,-1,0,0,0,8.52,-204.51,0,4.8880,67,20,20,20,0,nil
4/28 18:49:03.859  SPELL_AURA_REMOVED_DOSE,Player-4755-016DF694,"Ashalan-Dreadmist",0x514,0x0,Player-4755-016DF694,"Ashalan-Dreadmist",0x514,0x0,16280,"Flurry",0x1,BUFF,2
4/28 18:49:03.891  SPELL_AURA_APPLIED_DOSE,Player-4755-016DF694,"Ashalan-Dreadmist",0x514,0x0,Player-4755-016DF694,"Ashalan-Dreadmist",0x514,0x0,16280,"Flurry",0x1,BUFF,3
4/28 18:49:03.891  SWING_DAMAGE_LANDED,Player-4755-01AC9FD9,"Alexinho-Dreadmist",0x514,0x0,Creature-0-4457-249-1045-10184-000028665C,"Onyxia",0xa48,0x0,Creature-0-4457-249-1045-10184-000028665C,0000000000000000,90,100,0,0,0,-1,0,0,0,10.16,-218.04,0,0.0107,63,660,410,-1,1,0,0,0,1,nil,nil
4/28 18:49:03.891  SWING_DAMAGE_LANDED,Pet-0-4457-249-1045-9622-02002CD5BC,"Bokito",0x1114,0x0,Creature-0-4457-249-1045-10184-000028665C,"Onyxia",0xa48,0x0,Creature-0-4457-249-1045-10184-000028665C,0000000000000000,90,100,0,0,0,-1,0,0,0,10.16,-218.04,0,0.0107,63,197,249,-1,1,0,0,0,nil,nil,nil
4/28 18:49:03.891  SPELL_CAST_SUCCESS,Creature-0-4457-249-1045-10184-000028665C,"Onyxia",0xa48,0x0,Player-4755-01733879,"Hocwar-Dreadmist",0x50514,0x0,19983,"Cleave",0x1,Creature-0-4457-249-1045-10184-000028665C,0000000000000000,90,100,0,0,0,-1,0,0,0,10.16,-218.04,0,0.0107,63
4/28 18:49:03.891  SPELL_MISSED,Creature-0-4457-249-1045-10184-000028665C,"Onyxia",0xa48,0x0,Player-4755-01733879,"Hocwar-Dreadmist",0x50514,0x0,19983,"Cleave",0x1,PARRY,nil
4/28 18:49:03.891  SPELL_CAST_SUCCESS,Player-4755-015FEBD5,"Sauvage-Dreadmist",0x514,0x0,Creature-0-4457-249-1045-10184-000028665C,"Onyxia",0xa48,0x0,10181,"Frostbolt",0x10,Player-4755-015FEBD5,0000000000000000,100,100,0,0,0,-1,0,0,0,15.89,-180.74,0,4.4870,64
4/28 18:49:03.891  SWING_DAMAGE,Pet-0-4457-249-1045-7456-03003178E8,"Owl",0x1114,0x0,Creature-0-4457-249-1045-10184-000028665C,"Onyxia",0xa48,0x0,Pet-0-4457-249-1045-7456-03003178E8,Player-4755-01B60A5F,100,100,0,0,0,-1,0,0,0,10.62,-193.45,0,4.6937,62,56,168,-1,1,0,0,0,nil,1,nil
4/28 18:49:03.891  RANGE_DAMAGE,Player-4755-020BD78D,"Lonehunter-Dreadmist",0x514,0x0,Creature-0-4457-249-1045-10184-000028665C,"Onyxia",0xa48,0x0,75,"Auto Shot",0x1,Creature-0-4457-249-1045-10184-000028665C,0000000000000000,90,100,0,0,0,-1,0,0,0,10.16,-218.04,0,0.0107,63,385,487,-1,1,0,0,0,nil,nil,nil
4/28 18:49:03.916  SPELL_PERIODIC_HEAL,Player-4755-01733879,"Hocwar-Dreadmist",0x50514,0x0,Player-4755-01733879,"Hocwar-Dreadmist",0x50514,0x0,24427,"Diamond Flask",0x8,Player-4755-01733879,0000000000000000,52,100,0,0,0,-1,0,0,0,24.55,-218.60,0,3.0987,71,301,301,0,0,nil
4/28 18:49:03.916  SWING_DAMAGE,Player-4755-0220BD00,"Krikoff-Dreadmist",0x40514,0x0,Creature-0-4457-249-1045-10184-000028665C,"Onyxia",0xa48,0x0,Player-4755-0220BD00,0000000000000000,100,100,0,0,0,-1,0,0,0,10.75,-210.89,0,4.7163,68,161,226,-1,1,0,0,0,nil,1,nil
4/28 18:49:03.935  SPELL_DAMAGE,Player-4755-01802FE5,"Angrybat-Dreadmist",0x514,0x0,Creature-0-4457-249-1045-10184-000028665C,"Onyxia",0xa48,0x0,10181,"Frostbolt",0x10,Creature-0-4457-249-1045-10184-000028665C,0000000000000000,90,100,0,0,0,-1,0,0,0,10.16,-218.04,0,0.0107,63,956,869,-1,16,0,0,0,nil,nil,nil
4/28 18:49:03.971  SPELL_CAST_START,Player-4755-015FEBD5,"Sauvage-Dreadmist",0x514,0x0,0000000000000000,nil,0x80000000,0x80000000,10181,"Frostbolt",0x10
4/28 18:49:04.021  SPELL_CAST_SUCCESS,Player-4755-01FA8D0D,"Roackeru-Dreadmist",0x514,0x0,Creature-0-4457-249-1045-10184-000028665C,"Onyxia",0xa48,0x0,5019,"Shoot",0x1,Player-4755-01FA8D0D,0000000000000000,100,100,0,0,0,-1,0,0,0,14.13,-180.96,0,4.6613,65
4/28 18:49:04.039  SPELL_PERIODIC_HEAL,Player-4755-01ED7A64,"Sperzieboon-Dreadmist",0x514,0x0,Player-4755-01733879,"Hocwar-Dreadmist",0x50514,0x0,10929,"Renew",0x2,Player-4755-01733879,0000000000000000,58,100,0,0,0,-1,0,0,0,24.55,-218.60,0,3.0987,71,318,318,0,0,nil
4/28 18:49:04.039  SPELL_CAST_SUCCESS,Player-4755-01F36B30,"Rectumqeef-Dreadmist",0x514,0x0,Creature-0-4457-249-1045-10184-000028665C,"Onyxia",0xa48,0x0,5019,"Shoot",0x1,Player-4755-01F36B30,0000000000000000,100,100,0,0,0,-1,0,0,0,11.85,-188.35,0,4.6302,66
4/28 18:49:04.092  SPELL_CAST_START,Player-4755-01617EEE,"Fenix-Dreadmist",0x512,0x0,0000000000000000,nil,0x80000000,0x80000000,10916,"Flash Heal",0x2
4/28 18:49:04.112  SPELL_CAST_SUCCESS,Player-4755-01804B95,"Moymoy-Dreadmist",0x514,0x0,Player-4755-01733879,"Hocwar-Dreadmist",0x40514,0x0,939,"Healing Wave",0x8,Player-4755-01804B95,0000000000000000,100,100,0,0,0,-1,0,0,0,14.70,-185.86,0,4.5443,66
4/28 18:49:04.112  SPELL_CAST_START,Player-4755-01804B95,"Moymoy-Dreadmist",0x514,0x0,0000000000000000,nil,0x80000000,0x80000000,939,"Healing Wave",0x8
4/28 18:49:04.112  RANGE_DAMAGE,Player-4755-01B60A5F,"Zurok-Dreadmist",0x514,0x0,Creature-0-4457-249-1045-10184-000028665C,"Onyxia",0x10a48,0x0,75,"Auto Shot",0x1,Creature-0-4457-249-1045-10184-000028665C,0000000000000000,90,100,0,0,0,-1,0,0,0,10.16,-218.04,0,0.0107,63,902,481,-1,1,0,0,0,1,nil,nil
4/28 18:49:04.167  SPELL_AURA_APPLIED,Player-4755-0160BD13,"Mafkees-Dreadmist",0x514,0x0,Player-4755-0160BD13,"Mafkees-Dreadmist",0x514,0x0,18499,"Berserker Rage",0x1,BUFF
4/28 18:49:04.167  SPELL_CAST_SUCCESS,Player-4755-0160BD13,"Mafkees-Dreadmist",0x514,0x0,0000000000000000,nil,0x80000000,0x80000000,18499,"Berserker Rage",0x1,Player-4755-0160BD13,0000000000000000,100,100,0,0,0,-1,0,0,0,8.18,-207.59,0,4.9936,64
4/28 18:49:04.185  SWING_DAMAGE,Pet-0-4457-249-1045-2850-01001956F9,"Kratos",0x1114,0x0,Creature-0-4457-249-1045-10184-000028665C,"Onyxia",0x10a48,0x0,Pet-0-4457-249-1045-2850-01001956F9,Player-4755-0178F576,100,100,0,0,0,-1,0,0,0,5.73,-193.66,0,4.8178,66,99,124,-1,1,0,0,0,nil,nil,nil
4/28 18:49:04.206  SPELL_CAST_START,Player-4755-01E83279,"Nlmasters-Dreadmist",0x514,0x8,0000000000000000,nil,0x80000000,0x80000000,2643,"Multi-Shot",0x1
4/28 18:49:04.239  SWING_DAMAGE,Player-4755-01637B0A,"Pindle-Dreadmist",0x514,0x0,Creature-0-4457-249-1045-10184-000028665C,"Onyxia",0x10a48,0x0,Player-4755-01637B0A,0000000000000000,100,100,0,0,0,-1,0,0,0,7.73,-207.95,0,4.9848,65,183,231,-1,1,0,0,0,nil,nil,nil
4/28 18:49:04.239  SWING_DAMAGE,Player-4755-01F21AE6,"Blahu-Dreadmist",0x40514,0x0,Creature-0-4457-249-1045-10184-000028665C,"Onyxia",0x10a48,0x0,Player-4755-01F21AE6,0000000000000000,100,100,0,0,0,-1,0,0,0,14.18,-210.64,0,4.0595,70,213,135,-1,1,0,0,0,1,nil,nil
4/28 18:49:04.283  SPELL_AURA_REFRESH,Player-4755-0178F416,"Eltorero-Dreadmist",0x514,0x0,Creature-0-4457-249-1045-10184-000028665C,"Onyxia",0x10a48,0x0,12721,"Deep Wound",0x1,DEBUFF
4/28 18:49:04.283  SWING_DAMAGE_LANDED,Pet-0-4457-249-1045-7456-03003178E8,"Owl",0x1114,0x0,Creature-0-4457-249-1045-10184-000028665C,"Onyxia",0x10a48,0x0,Creature-0-4457-249-1045-10184-000028665C,0000000000000000,90,100,0,0,0,-1,0,0,0,10.16,-218.04,0,0.0107,63,56,168,-1,1,0,0,0,nil,1,nil
4/28 18:49:04.283  SWING_DAMAGE_LANDED,Player-4755-0220BD00,"Krikoff-Dreadmist",0x40514,0x0,Creature-0-4457-249-1045-10184-000028665C,"Onyxia",0x10a48,0x0,Creature-0-4457-249-1045-10184-000028665C,0000000000000000,90,100,0,0,0,-1,0,0,0,10.16,-218.04,0,0.0107,63,161,226,-1,1,0,0,0,nil,1,nil
4/28 18:49:04.283  SPELL_HEAL,Player-4755-01804B95,"Moymoy-Dreadmist",0x514,0x0,Player-4755-01733879,"Hocwar-Dreadmist",0x40514,0x0,939,"Healing Wave",0x8,Player-4755-01733879,0000000000000000,73,100,0,0,0,-1,0,0,0,24.55,-218.60,0,3.0987,71,941,941,0,0,nil
4/28 18:49:04.283  SWING_DAMAGE_LANDED,Pet-0-4457-249-1045-2850-01001956F9,"Kratos",0x1114,0x0,Creature-0-4457-249-1045-10184-000028665C,"Onyxia",0x10a48,0x0,Creature-0-4457-249-1045-10184-000028665C,0000000000000000,90,100,0,0,0,-1,0,0,0,10.16,-218.04,0,0.0107,63,99,124,-1,1,0,0,0,nil,nil,nil
4/28 18:49:04.283  SWING_DAMAGE_LANDED,Player-4755-01637B0A,"Pindle-Dreadmist",0x514,0x0,Creature-0-4457-249-1045-10184-000028665C,"Onyxia",0x10a48,0x0,Creature-0-4457-249-1045-10184-000028665C,0000000000000000,90,100,0,0,0,-1,0,0,0,10.16,-218.04,0,0.0107,63,183,231,-1,1,0,0,0,nil,nil,nil
4/28 18:49:04.283  SWING_DAMAGE_LANDED,Player-4755-01F21AE6,"Blahu-Dreadmist",0x40514,0x0,Creature-0-4457-249-1045-10184-000028665C,"Onyxia",0x10a48,0x0,Creature-0-4457-249-1045-10184-000028665C,0000000000000000,90,100,0,0,0,-1,0,0,0,10.16,-218.04,0,0.0107,63,213,135,-1,1,0,0,0,1,nil,nil
4/28 18:49:04.306  SPELL_CAST_START,Player-4755-016296D3,"Nivl-Dreadmist",0x514,0x0,0000000000000000,nil,0x80000000,0x80000000,15208,"Lightning Bolt",0x8
4/28 18:49:04.306  SWING_DAMAGE,Player-4755-01F21AE6,"Blahu-Dreadmist",0x40514,0x0,Creature-0-4457-249-1045-10184-000028665C,"Onyxia",0x10a48,0x0,Player-4755-01F21AE6,0000000000000000,100,100,0,0,0,-1,0,0,0,13.81,-210.35,0,4.0595,70,190,321,-1,1,0,0,0,nil,1,nil
4/28 18:49:04.306  SWING_DAMAGE,Player-4755-01637B0A,"Pindle-Dreadmist",0x514,0x0,Creature-0-4457-249-1045-10184-000028665C,"Onyxia",0x10a48,0x0,Player-4755-01637B0A,0000000000000000,100,100,0,0,0,-1,0,0,0,7.73,-207.95,0,4.9848,65,90,118,-1,1,0,0,0,nil,1,nil
4/28 18:49:04.383  RANGE_DAMAGE,Player-4755-01FA8D0D,"Roackeru-Dreadmist",0x514,0x0,Creature-0-4457-249-1045-10184-000028665C,"Onyxia",0x10a48,0x0,5019,"Shoot",0x1,Creature-0-4457-249-1045-10184-000028665C,0000000000000000,90,100,0,0,0,-1,0,0,0,10.16,-218.04,0,0.0107,63,194,176,-1,32,0,0,0,nil,nil,nil
4/28 18:49:04.415  SPELL_CAST_START,Player-4755-021D6506,"Bloodlady-Dreadmist",0x514,0x0,0000000000000000,nil,0x80000000,0x80000000,5019,"Shoot",0x1
4/28 18:49:04.433  SPELL_PERIODIC_DAMAGE,Player-4755-01614AC7,"Mirrimazduur-Dreadmist",0x512,0x0,Creature-0-4457-249-1045-10184-000028665C,"Onyxia",0x10a48,0x0,11672,"Corruption",0x20,Creature-0-4457-249-1045-10184-000028665C,0000000000000000,90,100,0,0,0,-1,0,0,0,10.16,-218.04,0,0.0107,63,208,188,-1,32,0,0,0,nil,nil,nil
4/28 18:49:04.449  RANGE_DAMAGE,Player-4755-01E83279,"Nlmasters-Dreadmist",0x514,0x8,Creature-0-4457-249-1045-10184-000028665C,"Onyxia",0x10a48,0x0,75,"Auto Shot",0x1,Creature-0-4457-249-1045-10184-000028665C,0000000000000000,90,100,0,0,0,-1,0,0,0,10.16,-218.04,0,0.0107,63,366,464,-1,1,0,0,0,nil,nil,nil
4/28 18:49:04.481  SPELL_CAST_START,Player-4755-020BD78D,"Lonehunter-Dreadmist",0x514,0x0,0000000000000000,nil,0x80000000,0x80000000,20904,"Aimed Shot",0x1
4/28 18:49:04.514  SPELL_CAST_START,Player-4755-01FA8DD8,"Roackerita-Dreadmist",0x514,0x0,0000000000000000,nil,0x80000000,0x80000000,2055,"Heal",0x2
4/28 18:49:04.577  SWING_DAMAGE,Player-4755-01A6B139,"Sakatan-Dreadmist",0x514,0x0,Creature-0-4457-249-1045-10184-000028665C,"Onyxia",0x10a48,0x0,Player-4755-01A6B139,0000000000000000,100,100,0,0,0,-1,0,0,0,9.54,-199.57,0,5.0548,69,164,226,-1,1,0,0,0,nil,1,nil
4/28 18:49:04.594  SPELL_CAST_SUCCESS,Player-4755-01BC57A3,"Saintis-Dreadmist",0x511,0x0,Player-4755-01733879,"Hocwar-Dreadmist",0x40514,0x0,2061,"Flash Heal",0x2,Player-4755-01BC57A3,0000000000000000,100,100,0,0,0,-1,0,0,0,10.67,-192.61,0,5.3033,68
4/28 18:49:04.627  SPELL_CAST_SUCCESS,Player-4755-0210153A,"Hapuseneb-Dreadmist",0x514,0x0,Player-4755-01733879,"Hocwar-Dreadmist",0x40514,0x0,2053,"Lesser Heal",0x2,Player-4755-0210153A,0000000000000000,100,100,0,0,0,-1,0,0,0,16.09,-197.11,0,4.4807,66
4/28 18:49:04.642  SPELL_CAST_SUCCESS,Player-4755-01E83279,"Nlmasters-Dreadmist",0x514,0x8,Creature-0-4457-249-1045-10184-000028665C,"Onyxia",0x10a48,0x0,2643,"Multi-Shot",0x1,Player-4755-01E83279,0000000000000000,100,100,0,0,0,-1,0,0,0,10.95,-182.52,0,4.6904,70
4/28 18:49:04.657  SWING_MISSED,Player-4755-01733879,"Hocwar-Dreadmist",0x40514,0x0,Creature-0-4457-249-1045-10184-000028665C,"Onyxia",0x10a48,0x0,PARRY,1
4/28 18:49:04.672  SPELL_CAST_SUCCESS,Pet-0-4457-249-1045-7456-03003178E8,"Owl",0x1114,0x0,Creature-0-4457-249-1045-10184-000028665C,"Onyxia",0x10a48,0x0,24579,"Screech",0x1,Pet-0-4457-249-1045-7456-03003178E8,Player-4755-01B60A5F,100,100,0,0,0,-1,0,0,0,10.62,-193.45,0,4.6937,62
4/28 18:49:04.672  SPELL_AURA_APPLIED_DOSE,Player-4755-01802FE5,"Angrybat-Dreadmist",0x514,0x0,Creature-0-4457-249-1045-10184-000028665C,"Onyxia",0x10a48,0x0,12579,"Winter's Chill",0x10,DEBUFF,5
4/28 18:49:04.672  SPELL_AURA_APPLIED,Player-4755-01F21AE6,"Blahu-Dreadmist",0x40514,0x0,Player-4755-01F21AE6,"Blahu-Dreadmist",0x40514,0x0,12970,"Flurry",0x1,BUFF
4/28 18:49:04.672  SWING_DAMAGE_LANDED,Player-4755-01F21AE6,"Blahu-Dreadmist",0x40514,0x0,Creature-0-4457-249-1045-10184-000028665C,"Onyxia",0x10a48,0x0,Creature-0-4457-249-1045-10184-000028665C,0000000000000000,90,100,0,0,0,-1,0,0,0,10.16,-218.04,0,0.0107,63,190,321,-1,1,0,0,0,nil,1,nil
4/28 18:49:04.672  SWING_DAMAGE_LANDED,Player-4755-01637B0A,"Pindle-Dreadmist",0x514,0x0,Creature-0-4457-249-1045-10184-000028665C,"Onyxia",0x10a48,0x0,Creature-0-4457-249-1045-10184-000028665C,0000000000000000,90,100,0,0,0,-1,0,0,0,10.16,-218.04,0,0.0107,63,90,118,-1,1,0,0,0,nil,1,nil
4/28 18:49:04.672  SWING_DAMAGE_LANDED,Player-4755-01A6B139,"Sakatan-Dreadmist",0x514,0x0,Creature-0-4457-249-1045-10184-000028665C,"Onyxia",0x10a48,0x0,Creature-0-4457-249-1045-10184-000028665C,0000000000000000,90,100,0,0,0,-1,0,0,0,10.16,-218.04,0,0.0107,63,164,226,-1,1,0,0,0,nil,1,nil
4/28 18:49:04.672  SPELL_HEAL,Player-4755-01BC57A3,"Saintis-Dreadmist",0x511,0x0,Player-4755-01733879,"Hocwar-Dreadmist",0x40514,0x0,2061,"Flash Heal",0x2,Player-4755-01733879,0000000000000000,81,100,0,0,0,-1,0,0,0,24.55,-218.60,0,3.0437,71,527,527,0,0,nil
4/28 18:49:04.672  SPELL_HEAL,Player-4755-0210153A,"Hapuseneb-Dreadmist",0x514,0x0,Player-4755-01733879,"Hocwar-Dreadmist",0x40514,0x0,2053,"Lesser Heal",0x2,Player-4755-01733879,0000000000000000,88,100,0,0,0,-1,0,0,0,24.55,-218.60,0,3.0437,71,429,429,0,0,nil
4/28 18:49:04.672  SPELL_DAMAGE,Pet-0-4457-249-1045-7456-03003178E8,"Owl",0x1114,0x0,Creature-0-4457-249-1045-10184-000028665C,"Onyxia",0x10a48,0x0,24579,"Screech",0x1,Creature-0-4457-249-1045-10184-000028665C,0000000000000000,90,100,0,0,0,-1,0,0,0,10.16,-218.04,0,0.0107,63,49,63,-1,1,0,0,0,nil,nil,nil
4/28 18:49:04.672  SPELL_AURA_APPLIED,Pet-0-4457-249-1045-7456-03003178E8,"Owl",0x1114,0x0,Creature-0-4457-249-1045-10184-000028665C,"Onyxia",0x10a48,0x0,24579,"Screech",0x1,DEBUFF
4/28 18:49:04.672  SPELL_DAMAGE,Player-4755-016296D3,"Nivl-Dreadmist",0x514,0x0,Creature-0-4457-249-1045-10184-000028665C,"Onyxia",0x10a48,0x0,15208,"Lightning Bolt",0x8,Creature-0-4457-249-1045-10184-000028665C,0000000000000000,90,100,0,0,0,-1,0,0,0,10.16,-218.04,0,0.0107,63,574,573,-1,8,0,0,0,nil,nil,nil
4/28 18:49:04.740  SPELL_CAST_SUCCESS,Player-4755-01840577,"Raggèn-Dreadmist",0x514,0x0,Creature-0-4457-249-1045-10184-000028665C,"Onyxia",0x10a48,0x0,17364,"Stormstrike",0x1,Player-4755-01840577,0000000000000000,100,100,0,0,0,-1,0,0,0,11.36,-207.69,0,4.6598,67
4/28 18:49:04.740  SPELL_AURA_APPLIED,Player-4755-01840577,"Raggèn-Dreadmist",0x514,0x0,Player-4755-01840577,"Raggèn-Dreadmist",0x514,0x0,16361,"Windfury Weapon",0x8,BUFF
4/28 18:49:04.741  SPELL_EXTRA_ATTACKS,Player-4755-01840577,"Raggèn-Dreadmist",0x514,0x0,Player-4755-01840577,"Raggèn-Dreadmist",0x514,0x0,16361,"Windfury Weapon",0x8,2
4/28 18:49:04.757  SWING_DAMAGE,Player-4755-01840577,"Raggèn-Dreadmist",0x514,0x0,Creature-0-4457-249-1045-10184-000028665C,"Onyxia",0x10a48,0x0,Player-4755-01840577,0000000000000000,100,100,0,0,0,-1,0,0,0,11.36,-207.69,0,4.6598,67,452,660,-1,1,0,0,0,nil,1,nil
4/28 18:49:04.773  SWING_DAMAGE,Player-4755-01840577,"Raggèn-Dreadmist",0x514,0x0,Creature-0-4457-249-1045-10184-000028665C,"Onyxia",0x10a48,0x0,Player-4755-01840577,0000000000000000,100,100,0,0,0,-1,0,0,0,11.36,-207.69,0,4.6598,67,1023,648,-1,1,0,0,0,1,nil,nil
4/28 18:49:04.874  SPELL_AURA_APPLIED,Player-4755-01AC9FD9,"Alexinho-Dreadmist",0x514,0x0,Player-4755-01AC9FD9,"Alexinho-Dreadmist",0x514,0x0,20007,"Holy Strength",0x2,BUFF
4/28 18:49:04.874  SPELL_HEAL,Player-4755-01AC9FD9,"Alexinho-Dreadmist",0x514,0x0,Player-4755-01AC9FD9,"Alexinho-Dreadmist",0x514,0x0,20007,"Holy Strength",0x2,Player-4755-01AC9FD9,0000000000000000,100,100,0,0,0,-1,0,0,0,14.04,-202.29,0,4.4934,66,45,45,45,0,nil
4/28 18:49:04.874  SWING_DAMAGE,Player-4755-01AC9FD9,"Alexinho-Dreadmist",0x514,0x0,Creature-0-4457-249-1045-10184-000028665C,"Onyxia",0x10a48,0x0,Player-4755-01AC9FD9,0000000000000000,100,100,0,0,0,-1,0,0,0,14.04,-202.29,0,4.4934,66,294,182,-1,1,0,0,0,1,nil,nil
4/28 18:49:04.907  SPELL_CAST_SUCCESS,Player-4755-0163DD9D,"Kaspais-Dreadmist",0x514,0x0,Creature-0-4457-249-1045-10184-000028665C,"Onyxia",0x10a48,0x0,10181,"Frostbolt",0x10,Player-4755-0163DD9D,0000000000000000,100,100,0,0,0,-1,0,0,0,5.76,-187.76,0,4.8435,66
4/28 18:49:04.907  SPELL_CAST_SUCCESS,Player-4755-01733879,"Hocwar-Dreadmist",0x40514,0x0,Creature-0-4457-249-1045-10184-000028665C,"Onyxia",0x10a48,0x0,11567,"Heroic Strike",0x1,Player-4755-01733879,0000000000000000,88,100,0,0,0,-1,0,0,0,24.55,-218.60,0,3.0947,71
4/28 18:49:04.907  SPELL_AURA_APPLIED,Player-4755-01733879,"Hocwar-Dreadmist",0x40514,0x0,Player-4755-01733879,"Hocwar-Dreadmist",0x40514,0x0,10610,"Windfury Totem",0x8,BUFF
4/28 18:49:04.907  SPELL_EXTRA_ATTACKS,Player-4755-01733879,"Hocwar-Dreadmist",0x40514,0x0,Player-4755-01733879,"Hocwar-Dreadmist",0x40514,0x0,10610,"Windfury Totem",0x8,1
4/28 18:49:04.924  SPELL_CAST_SUCCESS,Player-4755-021D6506,"Bloodlady-Dreadmist",0x514,0x0,Creature-0-4457-249-1045-10184-000028665C,"Onyxia",0x10a48,0x0,5019,"Shoot",0x1,Player-4755-021D6506,0000000000000000,100,100,0,0,0,-1,0,0,0,2.26,-178.45,0,4.9285,69
4/28 18:49:04.924  SWING_DAMAGE,Player-4755-01733879,"Hocwar-Dreadmist",0x40514,0x0,Creature-0-4457-249-1045-10184-000028665C,"Onyxia",0x10a48,0x0,Player-4755-01733879,0000000000000000,88,100,0,0,0,-1,0,0,0,24.55,-218.60,0,3.0947,71,205,315,-1,1,0,0,0,nil,1,nil
4/28 18:49:05.059  SWING_MISSED,Player-4755-0220BD00,"Krikoff-Dreadmist",0x40514,0x0,Creature-0-4457-249-1045-10184-000028665C,"Onyxia",0x10a48,0x0,MISS,nil
4/28 18:49:05.059  SPELL_CAST_START,Player-4755-01F36B30,"Rectumqeef-Dreadmist",0x514,0x0,0000000000000000,nil,0x80000000,0x80000000,5019,"Shoot",0x1
4/28 18:49:05.059  SPELL_AURA_REMOVED,Player-4755-01ED7A64,"Sperzieboon-Dreadmist",0x514,0x0,Player-4755-01733879,"Hocwar-Dreadmist",0x40514,0x0,10929,"Renew",0x2,BUFF
4/28 18:49:05.078  SPELL_CAST_SUCCESS,Player-4755-01802FE5,"Angrybat-Dreadmist",0x514,0x0,Creature-0-4457-249-1045-10184-000028665C,"Onyxia",0x10a48,0x0,10181,"Frostbolt",0x10,Player-4755-01802FE5,0000000000000000,100,100,0,0,0,-1,0,0,0,12.24,-179.84,0,4.5664,66
4/28 18:49:05.078  SPELL_CAST_START,Player-4755-01802FE5,"Angrybat-Dreadmist",0x514,0x0,0000000000000000,nil,0x80000000,0x80000000,10181,"Frostbolt",0x10
4/28 18:49:05.078  SPELL_ENERGIZE,Player-4755-01F21AE6,"Blahu-Dreadmist",0x40514,0x0,Player-4755-01F21AE6,"Blahu-Dreadmist",0x40514,0x0,12964,"Unbridled Wrath",0x1,Player-4755-01F21AE6,0000000000000000,100,100,0,0,0,-1,0,0,0,13.25,-209.93,0,4.0595,70,0.0000,1.0000,1,1000
4/28 18:49:05.078  SPELL_AURA_REMOVED_DOSE,Player-4755-01F21AE6,"Blahu-Dreadmist",0x40514,0x0,Player-4755-01F21AE6,"Blahu-Dreadmist",0x40514,0x0,12970,"Flurry",0x1,BUFF,2
4/28 18:49:05.078  SPELL_AURA_REMOVED_DOSE,Player-4755-01733879,"Hocwar-Dreadmist",0x40514,0x0,Player-4755-01733879,"Hocwar-Dreadmist",0x40514,0x0,10610,"Windfury Totem",0x8,BUFF,1
4/28 18:49:05.078  SPELL_DAMAGE,Player-4755-01840577,"Raggèn-Dreadmist",0x514,0x0,Creature-0-4457-249-1045-10184-000028665C,"Onyxia",0x10a48,0x0,17364,"Stormstrike",0x1,Creature-0-4457-249-1045-10184-000028665C,0000000000000000,90,100,0,0,0,-1,0,0,0,10.16,-218.04,0,0.0107,63,398,564,-1,1,0,46,0,nil,nil,nil
4/28 18:49:05.078  SPELL_AURA_APPLIED,Player-4755-01840577,"Raggèn-Dreadmist",0x514,0x0,Creature-0-4457-249-1045-10184-000028665C,"Onyxia",0x10a48,0x0,17364,"Stormstrike",0x1,DEBUFF
4/28 18:49:05.085  SWING_DAMAGE_LANDED,Player-4755-01840577,"Raggèn-Dreadmist",0x514,0x0,Creature-0-4457-249-1045-10184-000028665C,"Onyxia",0x10a48,0x0,Creature-0-4457-249-1045-10184-000028665C,0000000000000000,89,100,0,0,0,-1,0,0,0,10.16,-218.04,0,0.0107,63,452,660,-1,1,0,0,0,nil,1,nil
4/28 18:49:05.085  SWING_DAMAGE_LANDED,Player-4755-01840577,"Raggèn-Dreadmist",0x514,0x0,Creature-0-4457-249-1045-10184-000028665C,"Onyxia",0x10a48,0x0,Creature-0-4457-249-1045-10184-000028665C,0000000000000000,89,100,0,0,0,-1,0,0,0,10.16,-218.04,0,0.0107,63,1023,648,-1,1,0,0,0,1,nil,nil
4/28 18:49:05.085  SWING_DAMAGE_LANDED,Player-4755-01AC9FD9,"Alexinho-Dreadmist",0x514,0x0,Creature-0-4457-249-1045-10184-000028665C,"Onyxia",0x10a48,0x0,Creature-0-4457-249-1045-10184-000028665C,0000000000000000,89,100,0,0,0,-1,0,0,0,10.16,-218.04,0,0.0107,63,294,182,-1,1,0,0,0,1,nil,nil
4/28 18:49:05.085  SPELL_AURA_REMOVED_DOSE,Player-4755-01840577,"Raggèn-Dreadmist",0x514,0x0,Creature-0-4457-249-1045-10184-000028665C,"Onyxia",0x10a48,0x0,17364,"Stormstrike",0x1,DEBUFF,1
4/28 18:49:05.085  SPELL_DAMAGE,Player-4755-01AC9FD9,"Alexinho-Dreadmist",0x514,0x0,Creature-0-4457-249-1045-10184-000028665C,"Onyxia",0x10a48,0x0,11337,"Instant Poison VI",0x8,Creature-0-4457-249-1045-10184-000028665C,0000000000000000,89,100,0,0,0,-1,0,0,0,10.16,-218.04,0,0.0107,63,104,137,-1,8,34,0,0,nil,nil,nil
4/28 18:49:05.085  SPELL_DAMAGE,Player-4755-01733879,"Hocwar-Dreadmist",0x40514,0x0,Creature-0-4457-249-1045-10184-000028665C,"Onyxia",0x10a48,0x0,11567,"Heroic Strike",0x1,Creature-0-4457-249-1045-10184-000028665C,0000000000000000,89,100,0,0,0,-1,0,0,0,10.16,-218.04,0,0.0107,63,324,469,-1,1,0,46,0,nil,nil,nil
4/28 18:49:05.085  SWING_DAMAGE_LANDED,Player-4755-01733879,"Hocwar-Dreadmist",0x40514,0x0,Creature-0-4457-249-1045-10184-000028665C,"Onyxia",0x10a48,0x0,Creature-0-4457-249-1045-10184-000028665C,0000000000000000,89,100,0,0,0,-1,0,0,0,10.16,-218.04,0,0.0107,63,205,315,-1,1,0,0,0,nil,1,nil
4/28 18:49:05.085  SWING_DAMAGE,Player-4755-01A6B139,"Sakatan-Dreadmist",0x514,0x0,Creature-0-4457-249-1045-10184-000028665C,"Onyxia",0x10a48,0x0,Player-4755-01A6B139,0000000000000000,100,100,0,0,0,-1,0,0,0,9.54,-199.57,0,5.0548,69,238,147,-1,1,0,0,0,1,nil,nil
4/28 18:49:05.173  SWING_DAMAGE,Pet-0-4457-249-1045-2850-01001956F9,"Kratos",0x1114,0x0,Creature-0-4457-249-1045-10184-000028665C,"Onyxia",0x10a48,0x0,Pet-0-4457-249-1045-2850-01001956F9,Player-4755-0178F576,100,100,0,0,0,-1,0,0,0,5.73,-193.66,0,4.8178,66,99,125,-1,1,0,0,0,nil,nil,nil
4/28 18:49:05.202  SWING_MISSED,Creature-0-4457-249-1045-10184-000028665C,"Onyxia",0x10a48,0x0,Player-4755-01733879,"Hocwar-Dreadmist",0x40514,0x0,DODGE,nil
4/28 18:49:05.217  SPELL_CAST_SUCCESS,Player-4755-01733879,"Hocwar-Dreadmist",0x40514,0x0,Creature-0-4457-249-1045-10184-000028665C,"Onyxia",0x10a48,0x0,23881,"Bloodthirst",0x1,Player-4755-01733879,0000000000000000,88,100,0,0,0,-1,0,0,0,24.55,-218.60,0,3.0947,71
4/28 18:49:05.217  SPELL_AURA_APPLIED_DOSE,Player-4755-01733879,"Hocwar-Dreadmist",0x40514,0x0,Player-4755-01733879,"Hocwar-Dreadmist",0x40514,0x0,10610,"Windfury Totem",0x8,BUFF,2
4/28 18:49:05.217  SPELL_EXTRA_ATTACKS,Player-4755-01733879,"Hocwar-Dreadmist",0x40514,0x0,Player-4755-01733879,"Hocwar-Dreadmist",0x40514,0x0,10610,"Windfury Totem",0x8,1
4/28 18:49:05.217  SWING_DAMAGE,Player-4755-01733879,"Hocwar-Dreadmist",0x40514,0x0,Creature-0-4457-249-1045-10184-000028665C,"Onyxia",0x10a48,0x0,Player-4755-01733879,0000000000000000,88,100,0,0,0,-1,0,0,0,24.55,-218.60,0,3.0947,71,537,340,-1,1,0,0,0,1,nil,nil
4/28 18:49:05.249  SPELL_DAMAGE,Player-4755-015FEBD5,"Sauvage-Dreadmist",0x514,0x0,Creature-0-4457-249-1045-10184-000028665C,"Onyxia",0x10a48,0x0,10181,"Frostbolt",0x10,Creature-0-4457-249-1045-10184-000028665C,0000000000000000,89,100,0,0,0,-1,0,0,0,10.16,-218.04,0,0.0107,63,887,806,-1,16,0,0,0,nil,nil,nil
4/28 18:49:05.249  SPELL_CAST_START,Player-4755-01FA8D0D,"Roackeru-Dreadmist",0x514,0x0,0000000000000000,nil,0x80000000,0x80000000,11661,"Shadow Bolt",0x20
4/28 18:49:05.376  SWING_DAMAGE,Player-4755-01637B0A,"Pindle-Dreadmist",0x514,0x0,Creature-0-4457-249-1045-10184-000028665C,"Onyxia",0x10a48,0x0,Player-4755-01637B0A,0000000000000000,100,100,0,0,0,-1,0,0,0,7.73,-207.95,0,4.9848,65,98,125,-1,1,0,0,0,nil,nil,nil
4/28 18:49:05.436  SPELL_CAST_SUCCESS,Player-4755-01614AC7,"Mirrimazduur-Dreadmist",0x512,0x0,Creature-0-4457-249-1045-10184-000028665C,"Onyxia",0x10a48,0x0,11661,"Shadow Bolt",0x20,Player-4755-01614AC7,0000000000000000,100,100,0,0,0,-1,0,0,0,-1.52,-178.92,0,4.9074,68
4/28 18:49:05.451  RANGE_DAMAGE,Player-4755-021D6506,"Bloodlady-Dreadmist",0x514,0x0,Creature-0-4457-249-1045-10184-000028665C,"Onyxia",0x10a48,0x0,5019,"Shoot",0x1,Creature-0-4457-249-1045-10184-000028665C,0000000000000000,89,100,0,0,0,-1,0,0,0,10.16,-218.04,0,0.0107,63,93,84,-1,16,0,0,0,nil,nil,nil
4/28 18:49:05.451  SPELL_CAST_START,Player-4755-01614AC7,"Mirrimazduur-Dreadmist",0x512,0x0,0000000000000000,nil,0x80000000,0x80000000,11661,"Shadow Bolt",0x20
4/28 18:49:05.490  SPELL_ENERGIZE,Player-4755-01F21AE6,"Blahu-Dreadmist",0x40514,0x0,Player-4755-01F21AE6,"Blahu-Dreadmist",0x40514,0x0,12964,"Unbridled Wrath",0x1,Player-4755-01F21AE6,0000000000000000,100,100,0,0,0,-1,0,0,0,14.41,-210.94,0,4.4261,70,0.0000,1.0000,1,1000
4/28 18:49:05.490  SPELL_AURA_REMOVED_DOSE,Player-4755-01840577,"Raggèn-Dreadmist",0x514,0x0,Player-4755-01840577,"Raggèn-Dreadmist",0x514,0x0,16361,"Windfury Weapon",0x8,BUFF,2
4/28 18:49:05.491  SPELL_AURA_REMOVED_DOSE,Player-4755-01840577,"Raggèn-Dreadmist",0x514,0x0,Player-4755-01840577,"Raggèn-Dreadmist",0x514,0x0,16361,"Windfury Weapon",0x8,BUFF,1
4/28 18:49:05.491  SPELL_AURA_APPLIED,Player-4755-01840577,"Raggèn-Dreadmist",0x514,0x0,Player-4755-01840577,"Raggèn-Dreadmist",0x514,0x0,16280,"Flurry",0x1,BUFF
4/28 18:49:05.491  SPELL_EXTRA_ATTACKS,Player-4755-01AC9FD9,"Alexinho-Dreadmist",0x514,0x0,Player-4755-01AC9FD9,"Alexinho-Dreadmist",0x514,0x0,15601,"Hand of Justice",0x1,1
4/28 18:49:05.491  SPELL_AURA_REMOVED_DOSE,Player-4755-01733879,"Hocwar-Dreadmist",0x40514,0x0,Player-4755-01733879,"Hocwar-Dreadmist",0x40514,0x0,10610,"Windfury Totem",0x8,BUFF,1
4/28 18:49:05.491  SWING_DAMAGE_LANDED,Player-4755-01A6B139,"Sakatan-Dreadmist",0x514,0x0,Creature-0-4457-249-1045-10184-000028665C,"Onyxia",0x10a48,0x0,Creature-0-4457-249-1045-10184-000028665C,0000000000000000,89,100,0,0,0,-1,0,0,0,10.16,-218.04,0,0.0107,63,238,147,-1,1,0,0,0,1,nil,nil
4/28 18:49:05.491  SWING_DAMAGE_LANDED,Pet-0-4457-249-1045-2850-01001956F9,"Kratos",0x1114,0x0,Creature-0-4457-249-1045-10184-000028665C,"Onyxia",0x10a48,0x0,Creature-0-4457-249-1045-10184-000028665C,0000000000000000,89,100,0,0,0,-1,0,0,0,10.16,-218.04,0,0.0107,63,99,125,-1,1,0,0,0,nil,nil,nil
4/28 18:49:05.491  SPELL_DAMAGE,Player-4755-01733879,"Hocwar-Dreadmist",0x40514,0x0,Creature-0-4457-249-1045-10184-000028665C,"Onyxia",0x10a48,0x0,23881,"Bloodthirst",0x1,Creature-0-4457-249-1045-10184-000028665C,0000000000000000,89,100,0,0,0,-1,0,0,0,10.16,-218.04,0,0.0107,63,597,758,-1,1,0,0,0,nil,nil,nil
4/28 18:49:05.491  SPELL_AURA_APPLIED,Player-4755-01733879,"Hocwar-Dreadmist",0x40514,0x0,Player-4755-01733879,"Hocwar-Dreadmist",0x40514,0x0,23885,"Bloodthirst",0x1,BUFF
4/28 18:49:05.491  SWING_DAMAGE_LANDED,Player-4755-01733879,"Hocwar-Dreadmist",0x40514,0x0,Creature-0-4457-249-1045-10184-000028665C,"Onyxia",0x10a48,0x0,Creature-0-4457-249-1045-10184-000028665C,0000000000000000,89,100,0,0,0,-1,0,0,0,10.16,-218.04,0,0.0107,63,537,340,-1,1,0,0,0,1,nil,nil
4/28 18:49:05.491  SWING_DAMAGE_LANDED,Player-4755-01637B0A,"Pindle-Dreadmist",0x514,0x0,Creature-0-4457-249-1045-10184-000028665C,"Onyxia",0x10a48,0x0,Creature-0-4457-249-1045-10184-000028665C,0000000000000000,89,100,0,0,0,-1,0,0,0,10.16,-218.04,0,0.0107,63,98,125,-1,1,0,0,0,nil,nil,nil
4/28 18:49:05.513  SPELL_CAST_SUCCESS,Player-4755-01617EEE,"Fenix-Dreadmist",0x512,0x0,Player-4755-01733879,"Hocwar-Dreadmist",0x40514,0x0,10916,"Flash Heal",0x2,Player-4755-01617EEE,0000000000000000,100,100,0,0,0,-1,0,0,0,26.44,-181.95,0,4.5127,66
4/28 18:49:05.513  SWING_MISSED,Player-4755-01AC9FD9,"Alexinho-Dreadmist",0x514,0x0,Creature-0-4457-249-1045-10184-000028665C,"Onyxia",0x10a48,0x0,PARRY,nil
4/28 18:49:05.529  RANGE_DAMAGE,Player-4755-01F36B30,"Rectumqeef-Dreadmist",0x514,0x0,Creature-0-4457-249-1045-10184-000028665C,"Onyxia",0x10a48,0x0,5019,"Shoot",0x1,Creature-0-4457-249-1045-10184-000028665C,0000000000000000,89,100,0,0,0,-1,0,0,0,10.16,-218.04,0,0.0107,63,67,61,-1,64,0,0,0,nil,nil,nil
4/28 18:49:05.560  SPELL_CAST_SUCCESS,Player-4755-01F36B30,"Rectumqeef-Dreadmist",0x514,0x0,Creature-0-4457-249-1045-10184-000028665C,"Onyxia",0x10a48,0x0,5019,"Shoot",0x1,Player-4755-01F36B30,0000000000000000,100,100,0,0,0,-1,0,0,0,11.85,-188.35,0,4.6302,66
4/28 18:49:05.591  SPELL_PERIODIC_ENERGIZE,Creature-0-4457-249-1045-7416-0000286C79,"Mana Spring Totem IV",0x2114,0x0,Player-4755-015FEBD5,"Sauvage-Dreadmist",0x514,0x0,10494,"Mana Spring",0x8,Player-4755-015FEBD5,0000000000000000,100,100,0,0,0,-1,0,0,0,15.89,-180.74,0,4.6048,64,13.0000,0.0000,0,6158
4/28 18:49:05.591  SPELL_PERIODIC_ENERGIZE,Creature-0-4457-249-1045-7416-0000286C79,"Mana Spring Totem IV",0x2114,0x0,Player-4755-01804B95,"Moymoy-Dreadmist",0x514,0x0,10494,"Mana Spring",0x8,Player-4755-01804B95,0000000000000000,100,100,0,0,0,-1,0,0,0,14.70,-185.86,0,4.5443,66,12.0000,0.0000,0,5366
4/28 18:49:05.591  SPELL_PERIODIC_ENERGIZE,Creature-0-4457-249-1045-7416-0000286C79,"Mana Spring Totem IV",0x2114,0x0,Player-4755-01ED7A64,"Sperzieboon-Dreadmist",0x514,0x0,10494,"Mana Spring",0x8,Player-4755-01ED7A64,0000000000000000,100,100,0,0,0,-1,0,0,0,13.03,-191.02,0,4.7271,67,13.0000,0.0000,0,7261
4/28 18:49:05.591  SPELL_PERIODIC_ENERGIZE,Creature-0-4457-249-1045-7416-0000286C79,"Mana Spring Totem IV",0x2114,0x0,Player-4755-0210153A,"Hapuseneb-Dreadmist",0x514,0x0,10494,"Mana Spring",0x8,Player-4755-0210153A,0000000000000000,100,100,0,0,0,-1,0,0,0,16.09,-197.11,0,4.4807,66,13.0000,0.0000,0,6736
4/28 18:49:05.591  SPELL_PERIODIC_ENERGIZE,Creature-0-4457-249-1045-7416-0000286C79,"Mana Spring Totem IV",0x2114,0x0,Player-4755-01FA8DD8,"Roackerita-Dreadmist",0x514,0x0,10494,"Mana Spring",0x8,Player-4755-01FA8DD8,0000000000000000,100,100,0,0,0,-1,0,0,0,3.53,-182.84,0,5.5543,69,12.0000,0.0000,0,6736
4/28 18:49:05.623  SWING_DAMAGE,Player-4755-01637B0A,"Pindle-Dreadmist",0x514,0x0,Creature-0-4457-249-1045-10184-000028665C,"Onyxia",0x10a48,0x0,Player-4755-01637B0A,0000000000000000,100,100,0,0,0,-1,0,0,0,7.73,-207.95,0,4.9848,65,169,232,-1,1,0,0,0,nil,1,nil
4/28 18:49:05.653  SPELL_CAST_START,Player-4755-01E83279,"Nlmasters-Dreadmist",0x514,0x8,0000000000000000,nil,0x80000000,0x80000000,75,"Auto Shot",0x1
4/28 18:49:05.684  SWING_DAMAGE,Pet-0-4457-249-1045-9622-02002CD5BC,"Bokito",0x1114,0x0,Creature-0-4457-249-1045-10184-000028665C,"Onyxia",0x10a48,0x0,Pet-0-4457-249-1045-9622-02002CD5BC,Player-4755-020BD78D,100,100,0,0,0,-1,0,0,0,-4.27,-198.08,0,5.3385,70,117,246,-1,1,0,0,0,nil,1,nil
4/28 18:49:05.714  SPELL_AURA_REMOVED,Player-4755-01733879,"Hocwar-Dreadmist",0x40514,0x0,Player-4755-01733879,"Hocwar-Dreadmist",0x40514,0x0,23885,"Bloodthirst",0x1,BUFF
4/28 18:49:05.730  SWING_DAMAGE,Player-4755-01F21AE6,"Blahu-Dreadmist",0x40514,0x0,Creature-0-4457-249-1045-10184-000028665C,"Onyxia",0x10a48,0x0,Player-4755-01F21AE6,0000000000000000,100,100,0,0,0,-1,0,0,0,14.65,-211.47,0,4.4470,70,74,152,-1,1,0,46,0,nil,nil,nil
4/28 18:49:05.730  SPELL_PERIODIC_HEAL,Player-4755-01FA8DD8,"Roackerita-Dreadmist",0x514,0x0,Player-4755-0220BD00,"Krikoff-Dreadmist",0x40514,0x0,6078,"Renew",0x2,Player-4755-0220BD00,0000000000000000,100,100,0,0,0,-1,0,0,0,10.75,-210.89,0,4.7163,68,236,236,236,0,nil
4/28 18:49:05.730  SPELL_CAST_SUCCESS,Player-4755-0160BD13,"Mafkees-Dreadmist",0x514,0x0,Creature-0-4457-249-1045-10184-000028665C,"Onyxia",0x10a48,0x0,7373,"Hamstring",0x1,Player-4755-0160BD13,0000000000000000,100,100,0,0,0,-1,0,0,0,8.18,-207.59,0,4.9936,64
4/28 18:49:05.765  SPELL_PERIODIC_ENERGIZE,Creature-0-4457-249-1045-7416-0000286C87,"Mana Spring Totem IV",0x2114,0x0,Player-4755-016296D3,"Nivl-Dreadmist",0x514,0x0,10494,"Mana Spring",0x8,Player-4755-016296D3,0000000000000000,100,100,0,0,0,-1,0,0,0,14.95,-201.70,0,4.5241,69,10.0000,0.0000,0,5845
4/28 18:49:05.765  SPELL_PERIODIC_ENERGIZE,Creature-0-4457-249-1045-7416-0000286C87,"Mana Spring Totem IV",0x2114,0x0,Player-4755-0178F576,"Atreas-Dreadmist",0x514,0x0,10494,"Mana Spring",0x8,Player-4755-0178F576,0000000000000000,100,100,0,0,0,-1,0,0,0,6.14,-178.76,0,4.8144,66,10.0000,0.0000,0,3765
4/28 18:49:05.816  SPELL_DAMAGE,Player-4755-01E83279,"Nlmasters-Dreadmist",0x514,0x8,Creature-0-4457-249-1045-10184-000028665C,"Onyxia",0x10a48,0x0,2643,"Multi-Shot",0x1,Creature-0-4457-249-1045-10184-000028665C,0000000000000000,89,100,0,0,0,-1,0,0,0,10.16,-218.04,0,0.0107,63,327,414,-1,1,0,0,0,nil,nil,nil
4/28 18:49:05.864  SPELL_CAST_START,Player-4755-0210153A,"Hapuseneb-Dreadmist",0x514,0x0,0000000000000000,nil,0x80000000,0x80000000,6064,"Heal",0x2
4/28 18:49:05.887  SPELL_AURA_APPLIED,Player-4755-01733879,"Hocwar-Dreadmist",0x40514,0x0,Player-4755-01733879,"Hocwar-Dreadmist",0x40514,0x0,12970,"Flurry",0x1,BUFF
4/28 18:49:05.887  SPELL_AURA_REMOVED,Player-4755-01733879,"Hocwar-Dreadmist",0x40514,0x0,Player-4755-01733879,"Hocwar-Dreadmist",0x40514,0x0,10610,"Windfury Totem",0x8,BUFF
4/28 18:49:05.887  SPELL_HEAL,Player-4755-01617EEE,"Fenix-Dreadmist",0x512,0x0,Player-4755-01733879,"Hocwar-Dreadmist",0x40514,0x0,10916,"Flash Heal",0x2,Player-4755-01733879,0000000000000000,100,100,0,0,0,-1,0,0,0,24.55,-218.60,0,3.0947,71,1088,1088,362,0,nil
4/28 18:49:05.887  SWING_DAMAGE_LANDED,Player-4755-01637B0A,"Pindle-Dreadmist",0x514,0x0,Creature-0-4457-249-1045-10184-000028665C,"Onyxia",0x10a48,0x0,Creature-0-4457-249-1045-10184-000028665C,0000000000000000,89,100,0,0,0,-1,0,0,0,10.16,-218.04,0,0.0107,63,169,232,-1,1,0,0,0,nil,1,nil
4/28 18:49:05.887  SWING_DAMAGE_LANDED,Pet-0-4457-249-1045-9622-02002CD5BC,"Bokito",0x1114,0x0,Creature-0-4457-249-1045-10184-000028665C,"Onyxia",0x10a48,0x0,Creature-0-4457-249-1045-10184-000028665C,0000000000000000,89,100,0,0,0,-1,0,0,0,10.16,-218.04,0,0.0107,63,117,246,-1,1,0,0,0,nil,1,nil
4/28 18:49:05.887  SWING_DAMAGE_LANDED,Player-4755-01F21AE6,"Blahu-Dreadmist",0x40514,0x0,Creature-0-4457-249-1045-10184-000028665C,"Onyxia",0x10a48,0x0,Creature-0-4457-249-1045-10184-000028665C,0000000000000000,89,100,0,0,0,-1,0,0,0,10.16,-218.04,0,0.0107,63,74,152,-1,1,0,0,0,nil,nil,nil
4/28 18:49:05.887  SPELL_DAMAGE,Player-4755-0160BD13,"Mafkees-Dreadmist",0x514,0x0,Creature-0-4457-249-1045-10184-000028665C,"Onyxia",0x10a48,0x0,7373,"Hamstring",0x1,Creature-0-4457-249-1045-10184-000028665C,0000000000000000,89,100,0,0,0,-1,0,0,0,10.16,-218.04,0,0.0107,63,79,45,-1,1,0,0,0,1,nil,nil
4/28 18:49:05.887  SWING_DAMAGE,Pet-0-4457-249-1045-7456-03003178E8,"Owl",0x1114,0x0,Creature-0-4457-249-1045-10184-000028665C,"Onyxia",0x10a48,0x0,Pet-0-4457-249-1045-7456-03003178E8,Player-4755-01B60A5F,100,100,0,0,0,-1,0,0,0,10.62,-193.45,0,4.6937,62,55,154,-1,1,0,0,0,nil,1,nil
4/28 18:49:05.887  RANGE_DAMAGE,Player-4755-01FA8D0D,"Roackeru-Dreadmist",0x514,0x0,Creature-0-4457-249-1045-10184-000028665C,"Onyxia",0x10a48,0x0,5019,"Shoot",0x1,Creature-0-4457-249-1045-10184-000028665C,0000000000000000,89,100,0,0,0,-1,0,0,0,10.16,-218.04,0,0.0107,63,194,176,-1,32,0,0,0,nil,nil,nil
4/28 18:49:05.915  SWING_DAMAGE,Player-4755-0160BD13,"Mafkees-Dreadmist",0x514,0x0,Creature-0-4457-249-1045-10184-000028665C,"Onyxia",0x10a48,0x0,Player-4755-0160BD13,0000000000000000,100,100,0,0,0,-1,0,0,0,8.18,-207.59,0,4.9896,64,392,603,-1,1,0,0,0,nil,1,nil
4/28 18:49:05.933  SPELL_CAST_SUCCESS,Player-4755-02045EF4,"Necrosini-Dreadmist",0x512,0x0,Player-4755-01733879,"Hocwar-Dreadmist",0x40514,0x0,2054,"Heal",0x2,Player-4755-02045EF4,0000000000000000,100,100,0,0,0,-1,0,0,0,5.83,-191.53,0,2.9798,69
4/28 18:49:05.956  SWING_DAMAGE,Player-4755-0178F416,"Eltorero-Dreadmist",0x514,0x0,Creature-0-4457-249-1045-10184-000028665C,"Onyxia",0x10a48,0x0,Player-4755-0178F416,0000000000000000,100,100,0,0,0,-1,0,0,0,6.81,-205.81,0,4.8880,67,410,705,-1,1,0,0,0,nil,1,nil
4/28 18:49:05.956  SPELL_CAST_START,Player-4755-0163DD9D,"Kaspais-Dreadmist",0x514,0x0,0000000000000000,nil,0x80000000,0x80000000,5019,"Shoot",0x1
4/28 18:49:05.956  SWING_DAMAGE,Player-4755-016DF694,"Ashalan-Dreadmist",0x514,0x0,Creature-0-4457-249-1045-10184-000028665C,"Onyxia",0x10a48,0x0,Player-4755-016DF694,0000000000000000,100,100,0,0,0,-1,0,0,0,8.75,-208.71,0,4.7344,67,819,519,-1,1,0,0,0,1,nil,nil
4/28 18:49:05.992  SPELL_DAMAGE,Player-4755-0163DD9D,"Kaspais-Dreadmist",0x514,0x0,Creature-0-4457-249-1045-10184-000028665C,"Onyxia",0x10a48,0x0,10181,"Frostbolt",0x10,Creature-0-4457-249-1045-10184-000028665C,0000000000000000,89,100,0,0,0,-1,0,0,0,10.16,-218.04,0,0.0107,63,933,848,-1,16,0,0,0,nil,nil,nil
4/28 18:49:06.023  SWING_DAMAGE,Player-4755-01A6B139,"Sakatan-Dreadmist",0x514,0x0,Creature-0-4457-249-1045-10184-000028665C,"Onyxia",0x10a48,0x0,Player-4755-01A6B139,0000000000000000,100,100,0,0,0,-1,0,0,0,9.54,-199.57,0,5.0548,69,140,177,-1,1,0,0,0,nil,nil,nil
4/28 18:49:06.066  SPELL_AURA_REFRESH,Player-4755-01A6B139,"Sakatan-Dreadmist",0x514,0x0,Player-4755-01A6B139,"Sakatan-Dreadmist",0x514,0x0,6774,"Slice and Dice",0x1,BUFF
4/28 18:49:06.066  SPELL_CAST_SUCCESS,Player-4755-01A6B139,"Sakatan-Dreadmist",0x514,0x0,Creature-0-4457-249-1045-10184-000028665C,"Onyxia",0x10a48,0x0,6774,"Slice and Dice",0x1,Player-4755-01A6B139,0000000000000000,100,100,0,0,0,-1,0,0,0,9.54,-199.57,0,5.0548,69
4/28 18:49:06.096  SPELL_CAST_SUCCESS,Player-4755-01E83279,"Nlmasters-Dreadmist",0x514,0x8,Creature-0-4457-249-1045-10184-000028665C,"Onyxia",0x10a48,0x0,75,"Auto Shot",0x1,Player-4755-01E83279,0000000000000000,100,100,0,0,0,-1,0,0,0,10.95,-182.52,0,4.6904,70
4/28 18:49:06.116  SPELL_CAST_SUCCESS,Player-4755-01B60A5F,"Zurok-Dreadmist",0x514,0x0,Creature-0-4457-249-1045-10184-000028665C,"Onyxia",0x10a48,0x0,20904,"Aimed Shot",0x1,Player-4755-01B60A5F,0000000000000000,100,100,0,0,0,-1,0,0,0,14.58,-174.17,0,4.6670,62
4/28 18:49:06.176  SWING_DAMAGE,Player-4755-01733879,"Hocwar-Dreadmist",0x40514,0x0,Creature-0-4457-249-1045-10184-000028665C,"Onyxia",0x10a48,0x0,Player-4755-01733879,0000000000000000,100,100,0,0,0,-1,0,0,0,24.55,-218.60,0,3.0947,71,255,162,-1,1,0,0,0,1,nil,nil
4/28 18:49:06.190  SWING_MISSED,Pet-0-4457-249-1045-2850-01001956F9,"Kratos",0x1114,0x0,Creature-0-4457-249-1045-10184-000028665C,"Onyxia",0x10a48,0x0,DODGE,nil
4/28 18:49:06.250  SPELL_CAST_START,Player-4755-021D6506,"Bloodlady-Dreadmist",0x514,0x0,0000000000000000,nil,0x80000000,0x80000000,10181,"Frostbolt",0x10
4/28 18:49:06.250  SPELL_AURA_REMOVED,Player-4755-01840577,"Raggèn-Dreadmist",0x514,0x0,Player-4755-01840577,"Raggèn-Dreadmist",0x514,0x0,16361,"Windfury Weapon",0x8,BUFF
4/28 18:49:06.250  SWING_MISSED,Player-4755-01AC9FD9,"Alexinho-Dreadmist",0x514,0x0,Creature-0-4457-249-1045-10184-000028665C,"Onyxia",0x10a48,0x0,PARRY,1
4/28 18:49:06.292  SPELL_ENERGIZE,Player-4755-01733879,"Hocwar-Dreadmist",0x40514,0x0,Player-4755-01733879,"Hocwar-Dreadmist",0x40514,0x0,12964,"Unbridled Wrath",0x1,Player-4755-01733879,0000000000000000,100,100,0,0,0,-1,0,0,0,24.55,-218.60,0,3.0947,71,1.0000,0.0000,1,1000
4/28 18:49:06.292  SPELL_AURA_REMOVED_DOSE,Player-4755-01F21AE6,"Blahu-Dreadmist",0x40514,0x0,Player-4755-01F21AE6,"Blahu-Dreadmist",0x40514,0x0,12970,"Flurry",0x1,BUFF,1
4/28 18:49:06.292  SPELL_AURA_APPLIED,Player-4755-0160BD13,"Mafkees-Dreadmist",0x514,0x0,Player-4755-0160BD13,"Mafkees-Dreadmist",0x514,0x0,12970,"Flurry",0x1,BUFF
4/28 18:49:06.292  SWING_DAMAGE_LANDED,Pet-0-4457-249-1045-7456-03003178E8,"Owl",0x1114,0x0,Creature-0-4457-249-1045-10184-000028665C,"Onyxia",0x10a48,0x0,Creature-0-4457-249-1045-10184-000028665C,0000000000000000,89,100,0,0,0,-1,0,0,0,10.16,-218.04,0,0.0107,63,55,154,-1,1,0,0,0,nil,1,nil
4/28 18:49:06.292  SWING_DAMAGE_LANDED,Player-4755-0160BD13,"Mafkees-Dreadmist",0x514,0x0,Creature-0-4457-249-1045-10184-000028665C,"Onyxia",0x10a48,0x0,Creature-0-4457-249-1045-10184-000028665C,0000000000000000,89,100,0,0,0,-1,0,0,0,10.16,-218.04,0,0.0107,63,392,603,-1,1,0,0,0,nil,1,nil
4/28 18:49:06.292  SPELL_HEAL,Player-4755-02045EF4,"Necrosini-Dreadmist",0x512,0x0,Player-4755-01733879,"Hocwar-Dreadmist",0x40514,0x0,2054,"Heal",0x2,Player-4755-01733879,0000000000000000,100,100,0,0,0,-1,0,0,0,24.55,-218.60,0,3.0947,71,1006,1006,1006,0,1
4/28 18:49:06.292  SWING_DAMAGE_LANDED,Player-4755-0178F416,"Eltorero-Dreadmist",0x514,0x0,Creature-0-4457-249-1045-10184-000028665C,"Onyxia",0x10a48,0x0,Creature-0-4457-249-1045-10184-000028665C,0000000000000000,89,100,0,0,0,-1,0,0,0,10.16,-218.04,0,0.0107,63,410,705,-1,1,0,0,0,nil,1,nil
4/28 18:49:06.292  SWING_DAMAGE_LANDED,Player-4755-016DF694,"Ashalan-Dreadmist",0x514,0x0,Creature-0-4457-249-1045-10184-000028665C,"Onyxia",0x10a48,0x0,Creature-0-4457-249-1045-10184-000028665C,0000000000000000,89,100,0,0,0,-1,0,0,0,10.16,-218.04,0,0.0107,63,819,519,-1,1,0,0,0,1,nil,nil
4/28 18:49:06.292  SWING_DAMAGE_LANDED,Player-4755-01A6B139,"Sakatan-Dreadmist",0x514,0x0,Creature-0-4457-249-1045-10184-000028665C,"Onyxia",0x10a48,0x0,Creature-0-4457-249-1045-10184-000028665C,0000000000000000,89,100,0,0,0,-1,0,0,0,10.16,-218.04,0,0.0107,63,140,177,-1,1,0,0,0,nil,nil,nil
4/28 18:49:06.292  SWING_DAMAGE_LANDED,Player-4755-01733879,"Hocwar-Dreadmist",0x40514,0x0,Creature-0-4457-249-1045-10184-000028665C,"Onyxia",0x10a48,0x0,Creature-0-4457-249-1045-10184-000028665C,0000000000000000,89,100,0,0,0,-1,0,0,0,10.16,-218.04,0,0.0107,63,255,162,-1,1,0,0,0,1,nil,nil
4/28 18:49:06.315  SPELL_CAST_SUCCESS,Player-4755-016296D3,"Nivl-Dreadmist",0x514,0x0,Creature-0-4457-249-1045-10184-000028665C,"Onyxia",0x10a48,0x0,15208,"Lightning Bolt",0x8,Player-4755-016296D3,0000000000000000,100,100,0,0,0,-1,0,0,0,14.95,-201.70,0,4.5241,69
4/28 18:49:06.315  SPELL_AURA_REMOVED,Player-4755-016296D3,"Nivl-Dreadmist",0x514,0x0,Player-4755-016296D3,"Nivl-Dreadmist",0x514,0x0,16246,"Clearcasting",0x40,BUFF
4/28 18:49:06.385  SWING_MISSED,Player-4755-01F21AE6,"Blahu-Dreadmist",0x40514,0x0,Creature-0-4457-249-1045-10184-000028665C,"Onyxia",0x10a48,0x0,MISS,nil
4/28 18:49:06.455  SWING_DAMAGE,Player-4755-01A6B139,"Sakatan-Dreadmist",0x514,0x0,Creature-0-4457-249-1045-10184-000028665C,"Onyxia",0x10a48,0x0,Player-4755-01A6B139,0000000000000000,100,100,0,0,0,-1,0,0,0,9.54,-199.57,0,5.0548,69,118,156,-1,1,0,0,0,nil,1,nil
4/28 18:49:06.455  SPELL_CAST_SUCCESS,Player-4755-0163DD9D,"Kaspais-Dreadmist",0x514,0x0,Creature-0-4457-249-1045-10184-000028665C,"Onyxia",0x10a48,0x0,5019,"Shoot",0x1,Player-4755-0163DD9D,0000000000000000,100,100,0,0,0,-1,0,0,0,5.76,-187.76,0,4.8435,66
4/28 18:49:06.455  SPELL_DAMAGE,Player-4755-01802FE5,"Angrybat-Dreadmist",0x514,0x0,Creature-0-4457-249-1045-10184-000028665C,"Onyxia",0x10a48,0x0,10181,"Frostbolt",0x10,Creature-0-4457-249-1045-10184-000028665C,0000000000000000,89,100,0,0,0,-1,0,0,0,10.16,-218.04,0,0.0107,63,971,882,-1,16,0,0,0,nil,nil,nil
4/28 18:49:06.455  SPELL_CAST_SUCCESS,Player-4755-01840577,"Raggèn-Dreadmist",0x514,0x0,Creature-0-4457-249-1045-10184-000028665C,"Onyxia",0x10a48,0x0,10473,"Frost Shock",0x10,Player-4755-01840577,0000000000000000,100,100,0,0,0,-1,0,0,0,11.36,-207.69,0,4.6598,67
4/28 18:49:06.455  SPELL_MISSED,Player-4755-01840577,"Raggèn-Dreadmist",0x514,0x0,Creature-0-4457-249-1045-10184-000028665C,"Onyxia",0x10a48,0x0,10473,"Frost Shock",0x10,RESIST,nil,0
4/28 18:49:06.477  SWING_DAMAGE,Player-4755-01637B0A,"Pindle-Dreadmist",0x514,0x0,Creature-0-4457-249-1045-10184-000028665C,"Onyxia",0x10a48,0x0,Player-4755-01637B0A,0000000000000000,100,100,0,0,0,-1,0,0,0,7.73,-207.95,0,4.9848,65,176,108,-1,1,0,0,0,1,nil,nil
4/28 18:49:06.477  SPELL_CAST_SUCCESS,Player-4755-015FEBD5,"Sauvage-Dreadmist",0x514,0x0,Creature-0-4457-249-1045-10184-000028665C,"Onyxia",0x10a48,0x0,10181,"Frostbolt",0x10,Player-4755-015FEBD5,0000000000000000,100,100,0,0,0,-1,0,0,0,15.89,-180.74,0,4.6048,64
4/28 18:49:06.524  SWING_DAMAGE,Creature-0-4457-249-1045-10184-000028665C,"Onyxia",0x10a48,0x0,Player-4755-01733879,"Hocwar-Dreadmist",0x40514,0x0,Creature-0-4457-249-1045-10184-000028665C,0000000000000000,89,100,0,0,0,-1,0,0,0,10.16,-218.04,0,0.0107,63,762,1607,-1,1,0,0,0,nil,nil,nil
4/28 18:49:06.524  SPELL_CAST_START,Player-4755-01ED7A64,"Sperzieboon-Dreadmist",0x514,0x0,0000000000000000,nil,0x80000000,0x80000000,6063,"Heal",0x2
4/28 18:49:06.539  SPELL_CAST_START,Player-4755-015FEBD5,"Sauvage-Dreadmist",0x514,0x0,0000000000000000,nil,0x80000000,0x80000000,10181,"Frostbolt",0x10
4/28 18:49:06.558  SPELL_CAST_START,Player-4755-01F36B30,"Rectumqeef-Dreadmist",0x514,0x0,0000000000000000,nil,0x80000000,0x80000000,5019,"Shoot",0x1
4/28 18:49:06.575  SPELL_CAST_START,Player-4755-01B60A5F,"Zurok-Dreadmist",0x514,0x0,0000000000000000,nil,0x80000000,0x80000000,75,"Auto Shot",0x1
4/28 18:49:06.590  SPELL_CAST_SUCCESS,Player-4755-0178F576,"Atreas-Dreadmist",0x514,0x0,Creature-0-4457-249-1045-10184-000028665C,"Onyxia",0x10a48,0x0,20904,"Aimed Shot",0x1,Player-4755-0178F576,0000000000000000,100,100,0,0,0,-1,0,0,0,6.14,-178.76,0,4.8144,66
4/28 18:49:06.590  SPELL_CAST_START,Player-4755-0178F576,"Atreas-Dreadmist",0x514,0x0,0000000000000000,nil,0x80000000,0x80000000,14290,"Multi-Shot",0x1
4/28 18:49:06.605  SPELL_CAST_SUCCESS,Player-4755-01804B95,"Moymoy-Dreadmist",0x514,0x0,Player-4755-01733879,"Hocwar-Dreadmist",0x40514,0x0,939,"Healing Wave",0x8,Player-4755-01804B95,0000000000000000,100,100,0,0,0,-1,0,0,0,14.70,-185.86,0,4.5443,66
4/28 18:49:06.605  SPELL_AURA_REMOVED,Player-4755-0178F416,"Eltorero-Dreadmist",0x514,0x0,Player-4755-0178F416,"Eltorero-Dreadmist",0x514,0x0,23888,"Bloodthirst",0x1,BUFF
4/28 18:49:06.623  SWING_DAMAGE,Player-4755-0220BD00,"Krikoff-Dreadmist",0x40514,0x0,Creature-0-4457-249-1045-10184-000028665C,"Onyxia",0x10a48,0x0,Player-4755-0220BD00,0000000000000000,100,100,0,0,0,-1,0,0,0,10.75,-210.89,0,4.7163,68,196,248,-1,1,0,0,0,nil,nil,nil
4/28 18:49:06.689  SPELL_CAST_SUCCESS,Creature-0-4457-249-1045-10184-000028665C,"Onyxia",0x10a48,0x0,Player-4755-01733879,"Hocwar-Dreadmist",0x40514,0x0,19633,"Knock Away",0x1,Creature-0-4457-249-1045-10184-000028665C,0000000000000000,89,100,0,0,0,-1,0,0,0,10.16,-218.04,0,0.0107,63
4/28 18:49:06.689  SPELL_AURA_APPLIED,Player-4755-0160BD13,"Mafkees-Dreadmist",0x514,0x0,Creature-0-4457-249-1045-10184-000028665C,"Onyxia",0x10a48,0x0,12721,"Deep Wound",0x1,DEBUFF
4/28 18:49:06.689  SPELL_AURA_REMOVED_DOSE,Player-4755-0160BD13,"Mafkees-Dreadmist",0x514,0x0,Player-4755-0160BD13,"Mafkees-Dreadmist",0x514,0x0,12970,"Flurry",0x1,BUFF,2
4/28 18:49:06.689  SPELL_AURA_REMOVED_DOSE,Player-4755-0178F416,"Eltorero-Dreadmist",0x514,0x0,Player-4755-0178F416,"Eltorero-Dreadmist",0x514,0x0,12970,"Flurry",0x1,BUFF,2
4/28 18:49:06.689  SPELL_AURA_REMOVED_DOSE,Player-4755-016DF694,"Ashalan-Dreadmist",0x514,0x0,Player-4755-016DF694,"Ashalan-Dreadmist",0x514,0x0,16280,"Flurry",0x1,BUFF,2
4/28 18:49:06.689  SPELL_AURA_APPLIED_DOSE,Player-4755-016DF694,"Ashalan-Dreadmist",0x514,0x0,Player-4755-016DF694,"Ashalan-Dreadmist",0x514,0x0,16280,"Flurry",0x1,BUFF,3
4/28 18:49:06.695  SPELL_AURA_REMOVED_DOSE,Player-4755-01733879,"Hocwar-Dreadmist",0x40514,0x0,Player-4755-01733879,"Hocwar-Dreadmist",0x40514,0x0,12970,"Flurry",0x1,BUFF,2
4/28 18:49:06.695  SPELL_AURA_APPLIED_DOSE,Player-4755-01733879,"Hocwar-Dreadmist",0x40514,0x0,Player-4755-01733879,"Hocwar-Dreadmist",0x40514,0x0,12970,"Flurry",0x1,BUFF,3
4/28 18:49:06.695  SWING_DAMAGE_LANDED,Player-4755-01A6B139,"Sakatan-Dreadmist",0x514,0x0,Creature-0-4457-249-1045-10184-000028665C,"Onyxia",0x10a48,0x0,Creature-0-4457-249-1045-10184-000028665C,0000000000000000,89,100,0,0,0,-1,0,0,0,10.16,-218.04,0,0.0107,63,118,156,-1,1,0,0,0,nil,1,nil
4/28 18:49:06.695  SPELL_AURA_REMOVED,Player-4755-01840577,"Raggèn-Dreadmist",0x514,0x0,Creature-0-4457-249-1045-10184-000028665C,"Onyxia",0x10a48,0x0,17364,"Stormstrike",0x1,DEBUFF
4/28 18:49:06.695  SPELL_DAMAGE,Player-4755-01A6B139,"Sakatan-Dreadmist",0x514,0x0,Creature-0-4457-249-1045-10184-000028665C,"Onyxia",0x10a48,0x0,11337,"Instant Poison VI",0x8,Creature-0-4457-249-1045-10184-000028665C,0000000000000000,89,100,0,0,0,-1,0,0,0,10.16,-218.04,0,0.0107,63,148,123,-1,8,0,0,0,nil,nil,nil
4/28 18:49:06.695  SPELL_MISSED,Player-4755-01802FE5,"Angrybat-Dreadmist",0x514,0x0,Creature-0-4457-249-1045-10184-000028665C,"Onyxia",0x10a48,0x0,12579,"Winter's Chill",0x10,RESIST,nil,0
4/28 18:49:06.695  SWING_DAMAGE_LANDED,Player-4755-01637B0A,"Pindle-Dreadmist",0x514,0x0,Creature-0-4457-249-1045-10184-000028665C,"Onyxia",0x10a48,0x0,Creature-0-4457-249-1045-10184-000028665C,0000000000000000,89,100,0,0,0,-1,0,0,0,10.16,-218.04,0,0.0107,63,176,108,-1,1,0,0,0,1,nil,nil
4/28 18:49:06.695  SWING_DAMAGE_LANDED,Creature-0-4457-249-1045-10184-000028665C,"Onyxia",0x10a48,0x0,Player-4755-01733879,"Hocwar-Dreadmist",0x40514,0x0,Player-4755-01733879,0000000000000000,88,100,0,0,0,-1,0,0,0,24.55,-218.60,0,3.0987,71,762,1607,-1,1,0,0,0,nil,nil,nil
4/28 18:49:06.695  SPELL_HEAL,Player-4755-01804B95,"Moymoy-Dreadmist",0x514,0x0,Player-4755-01733879,"Hocwar-Dreadmist",0x40514,0x0,939,"Healing Wave",0x8,Player-4755-01733879,0000000000000000,100,100,0,0,0,-1,0,0,0,24.55,-218.60,0,3.0987,71,934,934,172,0,nil
4/28 18:49:06.695  SWING_DAMAGE_LANDED,Player-4755-0220BD00,"Krikoff-Dreadmist",0x40514,0x0,Creature-0-4457-249-1045-10184-000028665C,"Onyxia",0x10a48,0x0,Creature-0-4457-249-1045-10184-000028665C,0000000000000000,89,100,0,0,0,-1,0,0,0,10.16,-218.04,0,0.0107,63,196,248,-1,1,0,0,0,nil,nil,nil
4/28 18:49:06.695  SPELL_DAMAGE,Creature-0-4457-249-1045-10184-000028665C,"Onyxia",0x10a48,0x0,Player-4755-01733879,"Hocwar-Dreadmist",0x40514,0x0,19633,"Knock Away",0x1,Player-4755-01733879,0000000000000000,89,100,0,0,0,-1,0,0,0,24.55,-218.60,0,3.0987,71,694,1465,-1,1,0,0,0,nil,nil,nil
4/28 18:49:06.720  SPELL_PERIODIC_HEAL,Player-4755-01FA8DD8,"Roackerita-Dreadmist",0x514,0x0,Player-4755-01F21AE6,"Blahu-Dreadmist",0x40514,0x0,6078,"Renew",0x2,Player-4755-01F21AE6,0000000000000000,100,100,0,0,0,-1,0,0,0,14.43,-211.41,0,4.4522,70,236,236,236,0,nil
4/28 18:49:06.720  SPELL_AURA_REMOVED,Player-4755-01FA8DD8,"Roackerita-Dreadmist",0x514,0x0,Player-4755-01F21AE6,"Blahu-Dreadmist",0x40514,0x0,6078,"Renew",0x2,BUFF
4/28 18:49:06.756  SPELL_CAST_SUCCESS,Player-4755-01733879,"Hocwar-Dreadmist",0x40514,0x0,Creature-0-4457-249-1045-10184-000028665C,"Onyxia",0x10a48,0x0,11567,"Heroic Strike",0x1,Player-4755-01733879,0000000000000000,89,100,0,0,0,-1,0,0,0,24.55,-218.60,0,3.0987,71
4/28 18:49:06.757  SPELL_AURA_REMOVED_DOSE,Player-4755-01733879,"Hocwar-Dreadmist",0x40514,0x0,Player-4755-01733879,"Hocwar-Dreadmist",0x40514,0x0,12970,"Flurry",0x1,BUFF,2
4/28 18:49:06.757  SPELL_CAST_START,Player-4755-016296D3,"Nivl-Dreadmist",0x514,0x0,0000000000000000,nil,0x80000000,0x80000000,15208,"Lightning Bolt",0x8
4/28 18:49:06.819  SPELL_CAST_SUCCESS,Player-4755-01733879,"Hocwar-Dreadmist",0x40514,0x0,Creature-0-4457-249-1045-10184-000028665C,"Onyxia",0x10a48,0x0,11601,"Revenge",0x1,Player-4755-01733879,0000000000000000,89,100,0,0,0,-1,0,0,0,25.18,-218.62,0,3.0987,71
4/28 18:49:06.819  SPELL_MISSED,Player-4755-01733879,"Hocwar-Dreadmist",0x40514,0x0,Creature-0-4457-249-1045-10184-000028665C,"Onyxia",0x10a48,0x0,11601,"Revenge",0x1,DODGE,nil
4/28 18:49:06.866  SPELL_CAST_SUCCESS,Player-4755-01637B0A,"Pindle-Dreadmist",0x514,0x0,Creature-0-4457-249-1045-10184-000028665C,"Onyxia",0x10a48,0x0,11281,"Backstab",0x1,Player-4755-01637B0A,0000000000000000,100,100,0,0,0,-1,0,0,0,8.07,-207.87,0,4.9435,65
4/28 18:49:06.866  SPELL_AURA_APPLIED,Player-4755-01637B0A,"Pindle-Dreadmist",0x514,0x0,Player-4755-01637B0A,"Pindle-Dreadmist",0x514,0x0,10610,"Windfury Totem",0x8,BUFF
4/28 18:49:06.867  SPELL_EXTRA_ATTACKS,Player-4755-01637B0A,"Pindle-Dreadmist",0x514,0x0,Player-4755-01637B0A,"Pindle-Dreadmist",0x514,0x0,10610,"Windfury Totem",0x8,1
4/28 18:49:06.882  SWING_DAMAGE,Player-4755-01637B0A,"Pindle-Dreadmist",0x514,0x0,Creature-0-4457-249-1045-10184-000028665C,"Onyxia",0x10a48,0x0,Player-4755-01637B0A,0000000000000000,100,100,0,0,0,-1,0,0,0,8.07,-207.87,0,4.9435,65,170,235,-1,1,0,0,0,nil,1,nil
4/28 18:49:06.882  SPELL_CAST_SUCCESS,Player-4755-01AC9FD9,"Alexinho-Dreadmist",0x514,0x0,Creature-0-4457-249-1045-10184-000028665C,"Onyxia",0x10a48,0x0,11303,"Feint",0x1,Player-4755-01AC9FD9,0000000000000000,100,100,0,0,0,-1,0,0,0,14.04,-202.29,0,4.4934,66
4/28 18:49:06.950  RANGE_DAMAGE,Player-4755-021D6506,"Bloodlady-Dreadmist",0x514,0x0,Creature-0-4457-249-1045-10184-000028665C,"Onyxia",0x10a48,0x0,5019,"Shoot",0x1,Creature-0-4457-249-1045-10184-000028665C,0000000000000000,89,100,0,0,0,-1,0,0,0,10.16,-218.04,0,0.0107,63,135,122,-1,16,0,0,0,nil,nil,nil
4/28 18:49:06.984  RANGE_DAMAGE,Player-4755-01E83279,"Nlmasters-Dreadmist",0x514,0x8,Creature-0-4457-249-1045-10184-000028665C,"Onyxia",0x10a48,0x0,75,"Auto Shot",0x1,Creature-0-4457-249-1045-10184-000028665C,0000000000000000,89,100,0,0,0,-1,0,0,0,10.16,-218.04,0,0.0107,63,368,467,-1,1,0,0,0,nil,nil,nil
4/28 18:49:07.000  SPELL_CAST_SUCCESS,Player-4755-01FA8DD8,"Roackerita-Dreadmist",0x514,0x0,Player-4755-01F21AE6,"Blahu-Dreadmist",0x40514,0x0,2055,"Heal",0x2,Player-4755-01FA8DD8,0000000000000000,100,100,0,0,0,-1,0,0,0,3.53,-182.84,0,5.5543,69
4/28 18:49:07.017  SPELL_CAST_SUCCESS,Player-4755-01B60A5F,"Zurok-Dreadmist",0x514,0x0,Creature-0-4457-249-1045-10184-000028665C,"Onyxia",0x10a48,0x0,75,"Auto Shot",0x1,Player-4755-01B60A5F,0000000000000000,100,100,0,0,0,-1,0,0,0,14.58,-174.17,0,4.6749,62
4/28 18:49:07.017  SPELL_CAST_SUCCESS,Player-4755-0178F576,"Atreas-Dreadmist",0x514,0x0,Creature-0-4457-249-1045-10184-000028665C,"Onyxia",0x10a48,0x0,14290,"Multi-Shot",0x1,Player-4755-0178F576,0000000000000000,100,100,0,0,0,-1,0,0,0,6.14,-178.76,0,4.8144,66
4/28 18:49:07.052  RANGE_DAMAGE,Player-4755-01F36B30,"Rectumqeef-Dreadmist",0x514,0x0,Creature-0-4457-249-1045-10184-000028665C,"Onyxia",0x10a48,0x0,5019,"Shoot",0x1,Creature-0-4457-249-1045-10184-000028665C,0000000000000000,88,100,0,0,0,-1,0,0,0,10.16,-218.04,0,0.0107,63,81,73,-1,64,0,0,0,nil,nil,nil
4/28 18:49:07.069  SPELL_CAST_SUCCESS,Player-4755-01F36B30,"Rectumqeef-Dreadmist",0x514,0x0,Creature-0-4457-249-1045-10184-000028665C,"Onyxia",0x10a48,0x0,5019,"Shoot",0x1,Player-4755-01F36B30,0000000000000000,100,100,0,0,0,-1,0,0,0,11.85,-188.35,0,4.6302,66
4/28 18:49:07.098  SPELL_AURA_REMOVED,Player-4755-01B60A5F,"Zurok-Dreadmist",0x514,0x0,Player-4755-01733879,"Hocwar-Dreadmist",0x40514,0x0,20906,"Trueshot Aura",0x40,BUFF
4/28 18:49:07.101  SPELL_AURA_REMOVED,Player-4755-01F21AE6,"Blahu-Dreadmist",0x40514,0x0,Player-4755-01F21AE6,"Blahu-Dreadmist",0x40514,0x0,12970,"Flurry",0x1,BUFF
4/28 18:49:07.101  SPELL_AURA_REMOVED_DOSE,Player-4755-01637B0A,"Pindle-Dreadmist",0x514,0x0,Player-4755-01637B0A,"Pindle-Dreadmist",0x514,0x0,10610,"Windfury Totem",0x8,BUFF,1
4/28 18:49:07.101  SPELL_DAMAGE,Player-4755-01733879,"Hocwar-Dreadmist",0x40514,0x0,Creature-0-4457-249-1045-10184-000028665C,"Onyxia",0x10a48,0x0,11567,"Heroic Strike",0x1,Creature-0-4457-249-1045-10184-000028665C,0000000000000000,88,100,0,0,0,-1,0,0,0,10.16,-218.04,0,0.0107,63,365,463,-1,1,0,0,0,nil,nil,nil
4/28 18:49:07.101  SPELL_DAMAGE,Player-4755-01637B0A,"Pindle-Dreadmist",0x514,0x0,Creature-0-4457-249-1045-10184-000028665C,"Onyxia",0x10a48,0x0,11281,"Backstab",0x1,Creature-0-4457-249-1045-10184-000028665C,0000000000000000,88,100,0,0,0,-1,0,0,0,10.16,-218.04,0,0.0107,63,1139,631,-1,1,0,0,0,1,nil,nil
4/28 18:49:07.101  SWING_DAMAGE_LANDED,Player-4755-01637B0A,"Pindle-Dreadmist",0x514,0x0,Creature-0-4457-249-1045-10184-000028665C,"Onyxia",0x10a48,0x0,Creature-0-4457-249-1045-10184-000028665C,0000000000000000,88,100,0,0,0,-1,0,0,0,10.16,-218.04,0,0.0107,63,170,235,-1,1,0,0,0,nil,1,nil
4/28 18:49:07.101  SPELL_HEAL,Player-4755-01FA8DD8,"Roackerita-Dreadmist",0x514,0x0,Player-4755-01F21AE6,"Blahu-Dreadmist",0x40514,0x0,2055,"Heal",0x2,Player-4755-01F21AE6,0000000000000000,100,100,0,0,0,-1,0,0,0,14.43,-211.41,0,4.3423,70,1145,1145,1145,0,nil
4/28 18:49:07.122  SWING_DAMAGE,Player-4755-01F21AE6,"Blahu-Dreadmist",0x40514,0x0,Creature-0-4457-249-1045-10184-000028665C,"Onyxia",0x10a48,0x0,Player-4755-01F21AE6,0000000000000000,100,100,0,0,0,-1,0,0,0,14.43,-211.41,0,4.3423,70,247,156,-1,1,0,0,0,1,nil,nil
4/28 18:49:07.152  SPELL_DAMAGE,Player-4755-016296D3,"Nivl-Dreadmist",0x514,0x0,Creature-0-4457-249-1045-10184-000028665C,"Onyxia",0x10a48,0x0,15208,"Lightning Bolt",0x8,Creature-0-4457-249-1045-10184-000028665C,0000000000000000,88,100,0,0,0,-1,0,0,0,10.16,-218.04,0,0.0107,63,1311,546,-1,8,0,0,0,1,nil,nil
4/28 18:49:07.212  SWING_DAMAGE,Pet-0-4457-249-1045-2850-01001956F9,"Kratos",0x1114,0x0,Creature-0-4457-249-1045-10184-000028665C,"Onyxia",0x10a48,0x0,Pet-0-4457-249-1045-2850-01001956F9,Player-4755-0178F576,100,100,0,0,0,-1,0,0,0,5.73,-193.66,0,4.8178,66,99,125,-1,1,0,0,0,nil,nil,nil
4/28 18:49:07.212  SPELL_DAMAGE,Player-4755-01B60A5F,"Zurok-Dreadmist",0x514,0x0,Creature-0-4457-249-1045-10184-000028665C,"Onyxia",0x10a48,0x0,20904,"Aimed Shot",0x1,Creature-0-4457-249-1045-10184-000028665C,0000000000000000,88,100,0,0,0,-1,0,0,0,10.16,-218.04,0,0.0107,63,867,1100,-1,1,0,0,0,nil,nil,nil
4/28 18:49:07.272  SPELL_PERIODIC_DAMAGE,Player-4755-0178F416,"Eltorero-Dreadmist",0x514,0x0,Creature-0-4457-249-1045-10184-000028665C,"Onyxia",0x10a48,0x0,12721,"Deep Wound",0x1,Creature-0-4457-249-1045-10184-000028665C,0000000000000000,88,100,0,0,0,-1,0,0,0,10.16,-218.04,0,0.0107,63,111,110,-1,1,0,0,0,nil,nil,nil
4/28 18:49:07.428  SPELL_AURA_REMOVED,Player-4755-01B60A5F,"Zurok-Dreadmist",0x514,0x0,Player-4755-01B60A5F,"Zurok-Dreadmist",0x514,0x0,24352,"Devilsaur Fury",0x1,BUFF
4/28 18:49:07.444  SPELL_PERIODIC_DAMAGE,Player-4755-01614AC7,"Mirrimazduur-Dreadmist",0x512,0x0,Creature-0-4457-249-1045-10184-000028665C,"Onyxia",0x10a48,0x0,11672,"Corruption",0x20,Creature-0-4457-249-1045-10184-000028665C,0000000000000000,88,100,0,0,0,-1,0,0,0,10.16,-218.04,0,0.0107,63,208,188,-1,32,0,0,0,nil,nil,nil
4/28 18:49:07.444  SPELL_CAST_START,Player-4755-0163DD9D,"Kaspais-Dreadmist",0x514,0x0,0000000000000000,nil,0x80000000,0x80000000,5019,"Shoot",0x1
4/28 18:49:07.461  SWING_DAMAGE,Player-4755-01A6B139,"Sakatan-Dreadmist",0x514,0x0,Creature-0-4457-249-1045-10184-000028665C,"Onyxia",0x10a48,0x0,Player-4755-01A6B139,0000000000000000,100,100,0,0,0,-1,0,0,0,9.54,-199.57,0,5.0548,69,358,222,-1,1,0,0,0,1,nil,nil
4/28 18:49:07.476  SPELL_CAST_START,Player-4755-0178F576,"Atreas-Dreadmist",0x514,0x0,0000000000000000,nil,0x80000000,0x80000000,75,"Auto Shot",0x1
4/28 18:49:07.476  SPELL_DAMAGE,Player-4755-01614AC7,"Mirrimazduur-Dreadmist",0x512,0x0,Creature-0-4457-249-1045-10184-000028665C,"Onyxia",0x10a48,0x0,11661,"Shadow Bolt",0x20,Creature-0-4457-249-1045-10184-000028665C,0000000000000000,88,100,0,0,0,-1,0,0,0,10.16,-218.04,0,0.0107,63,944,858,-1,32,0,0,0,nil,nil,nil
4/28 18:49:07.476  SPELL_CAST_SUCCESS,Player-4755-01A6B139,"Sakatan-Dreadmist",0x514,0x0,Creature-0-4457-249-1045-10184-000028665C,"Onyxia",0x10a48,0x0,11281,"Backstab",0x1,Player-4755-01A6B139,0000000000000000,100,100,0,0,0,-1,0,0,0,9.54,-199.57,0,5.0548,69
4/28 18:49:07.492  SPELL_CAST_SUCCESS,Creature-0-4457-249-1045-10184-000028665C,"Onyxia",0x10a48,0x0,Player-4755-01733879,"Hocwar-Dreadmist",0x40514,0x0,20311,"Summon Player",0x1,Creature-0-4457-249-1045-10184-000028665C,0000000000000000,88,100,0,0,0,-1,0,0,0,10.16,-218.04,0,0.0107,63
4/28 18:49:07.510  SPELL_ENERGIZE,Player-4755-0220BD00,"Krikoff-Dreadmist",0x40514,0x0,Player-4755-0220BD00,"Krikoff-Dreadmist",0x40514,0x0,12964,"Unbridled Wrath",0x1,Player-4755-0220BD00,0000000000000000,100,100,0,0,0,-1,0,0,0,10.75,-210.89,0,4.7163,68,1.0000,0.0000,1,1000
4/28 18:49:07.510  SPELL_AURA_REMOVED,Player-4755-01637B0A,"Pindle-Dreadmist",0x514,0x0,Player-4755-01637B0A,"Pindle-Dreadmist",0x514,0x0,10610,"Windfury Totem",0x8,BUFF
4/28 18:49:07.510  SWING_DAMAGE_LANDED,Player-4755-01F21AE6,"Blahu-Dreadmist",0x40514,0x0,Creature-0-4457-249-1045-10184-000028665C,"Onyxia",0x10a48,0x0,Creature-0-4457-249-1045-10184-000028665C,0000000000000000,88,100,0,0,0,-1,0,0,0,10.16,-218.04,0,0.0107,63,247,156,-1,1,0,0,0,1,nil,nil
4/28 18:49:07.510  SWING_DAMAGE_LANDED,Pet-0-4457-249-1045-2850-01001956F9,"Kratos",0x1114,0x0,Creature-0-4457-249-1045-10184-000028665C,"Onyxia",0x10a48,0x0,Creature-0-4457-249-1045-10184-000028665C,0000000000000000,88,100,0,0,0,-1,0,0,0,10.16,-218.04,0,0.0107,63,99,125,-1,1,0,0,0,nil,nil,nil
4/28 18:49:07.510  SWING_DAMAGE_LANDED,Player-4755-01A6B139,"Sakatan-Dreadmist",0x514,0x0,Creature-0-4457-249-1045-10184-000028665C,"Onyxia",0x10a48,0x0,Creature-0-4457-249-1045-10184-000028665C,0000000000000000,88,100,0,0,0,-1,0,0,0,10.16,-218.04,0,0.0107,63,358,222,-1,1,0,0,0,1,nil,nil
4/28 18:49:07.510  SPELL_DAMAGE,Player-4755-01A6B139,"Sakatan-Dreadmist",0x514,0x0,Creature-0-4457-249-1045-10184-000028665C,"Onyxia",0x10a48,0x0,11281,"Backstab",0x1,Creature-0-4457-249-1045-10184-000028665C,0000000000000000,88,100,0,0,0,-1,0,0,0,10.16,-218.04,0,0.0107,63,1122,621,-1,1,0,0,0,1,nil,nil
4/28 18:49:07.510  SWING_DAMAGE,Player-4755-01AC9FD9,"Alexinho-Dreadmist",0x514,0x0,Creature-0-4457-249-1045-10184-000028665C,"Onyxia",0x10a48,0x0,Player-4755-01AC9FD9,0000000000000000,100,100,0,0,0,-1,0,0,0,14.04,-202.29,0,4.4934,66,247,355,-1,1,0,0,0,nil,1,nil
4/28 18:49:07.528  SPELL_CAST_SUCCESS,Player-4755-020BD78D,"Lonehunter-Dreadmist",0x514,0x0,Creature-0-4457-249-1045-10184-000028665C,"Onyxia",0x10a48,0x0,20904,"Aimed Shot",0x1,Player-4755-020BD78D,0000000000000000,100,100,0,0,0,-1,0,0,0,1.62,-179.46,0,4.9304,70
4/28 18:49:07.528  SPELL_CAST_START,Player-4755-020BD78D,"Lonehunter-Dreadmist",0x514,0x0,0000000000000000,nil,0x80000000,0x80000000,14290,"Multi-Shot",0x1
4/28 18:49:07.528  SPELL_AURA_REMOVED,Player-4755-01BC57A3,"Saintis-Dreadmist",0x511,0x0,Pet-0-4457-249-1045-7456-03003178E8,"Owl",0x1114,0x0,15359,"Inspiration",0x2,BUFF
4/28 18:49:07.543  SWING_DAMAGE,Player-4755-01840577,"Raggèn-Dreadmist",0x514,0x0,Creature-0-4457-249-1045-10184-000028665C,"Onyxia",0x10a48,0x0,Player-4755-01840577,0000000000000000,100,100,0,0,0,-1,0,0,0,11.90,-207.70,0,4.7038,67,413,525,-1,1,0,0,0,nil,nil,nil
4/28 18:49:07.559  SWING_DAMAGE,Player-4755-01637B0A,"Pindle-Dreadmist",0x514,0x0,Creature-0-4457-249-1045-10184-000028665C,"Onyxia",0x10a48,0x0,Player-4755-01637B0A,0000000000000000,100,100,0,0,0,-1,0,0,0,8.72,-208.37,0,4.8984,65,87,110,-1,1,0,0,0,nil,nil,nil
4/28 18:49:07.575  SPELL_CAST_SUCCESS,Player-4755-01802FE5,"Angrybat-Dreadmist",0x514,0x0,Creature-0-4457-249-1045-10184-000028665C,"Onyxia",0x10a48,0x0,10181,"Frostbolt",0x10,Player-4755-01802FE5,0000000000000000,100,100,0,0,0,-1,0,0,0,12.24,-179.84,0,4.5664,66
4/28 18:49:07.575  SPELL_CAST_START,Player-4755-01802FE5,"Angrybat-Dreadmist",0x514,0x0,0000000000000000,nil,0x80000000,0x80000000,10181,"Frostbolt",0x10
4/28 18:49:07.575  SPELL_DAMAGE,Player-4755-0178F576,"Atreas-Dreadmist",0x514,0x0,Creature-0-4457-249-1045-10184-000028665C,"Onyxia",0x10a48,0x0,20904,"Aimed Shot",0x1,Creature-0-4457-249-1045-10184-000028665C,0000000000000000,88,100,0,0,0,-1,0,0,0,10.16,-218.04,0,0.0107,63,894,1134,-1,1,0,0,0,nil,nil,nil
4/28 18:49:07.605  SPELL_PERIODIC_ENERGIZE,Creature-0-4457-249-1045-7416-0000286C79,"Mana Spring Totem IV",0x2114,0x0,Player-4755-01804B95,"Moymoy-Dreadmist",0x514,0x0,10494,"Mana Spring",0x8,Player-4755-01804B95,0000000000000000,100,100,0,0,0,-1,0,0,0,14.70,-185.86,0,4.5443,66,13.0000,0.0000,0,5366
4/28 18:49:07.605  SPELL_PERIODIC_ENERGIZE,Creature-0-4457-249-1045-7416-0000286C79,"Mana Spring Totem IV",0x2114,0x0,Player-4755-01FA8DD8,"Roackerita-Dreadmist",0x514,0x0,10494,"Mana Spring",0x8,Player-4755-01FA8DD8,0000000000000000,100,100,0,0,0,-1,0,0,0,3.53,-182.84,0,5.5543,69,12.0000,0.0000,0,6736
4/28 18:49:07.605  SPELL_PERIODIC_ENERGIZE,Creature-0-4457-249-1045-7416-0000286C79,"Mana Spring Totem IV",0x2114,0x0,Player-4755-015FEBD5,"Sauvage-Dreadmist",0x514,0x0,10494,"Mana Spring",0x8,Player-4755-015FEBD5,0000000000000000,100,100,0,0,0,-1,0,0,0,15.89,-180.74,0,4.6048,64,12.0000,0.0000,0,6158
4/28 18:49:07.605  SPELL_PERIODIC_ENERGIZE,Creature-0-4457-249-1045-7416-0000286C79,"Mana Spring Totem IV",0x2114,0x0,Player-4755-01ED7A64,"Sperzieboon-Dreadmist",0x514,0x0,10494,"Mana Spring",0x8,Player-4755-01ED7A64,0000000000000000,100,100,0,0,0,-1,0,0,0,13.03,-190.57,0,4.7271,67,13.0000,0.0000,0,7261
4/28 18:49:07.653  SWING_MISSED,Player-4755-01AC9FD9,"Alexinho-Dreadmist",0x514,0x0,Creature-0-4457-249-1045-10184-000028665C,"Onyxia",0x10a48,0x0,MISS,1
4/28 18:49:07.677  SWING_DAMAGE,Pet-0-4457-249-1045-9622-02002CD5BC,"Bokito",0x1114,0x0,Creature-0-4457-249-1045-10184-000028665C,"Onyxia",0x10a48,0x0,Pet-0-4457-249-1045-9622-02002CD5BC,Player-4755-020BD78D,100,100,0,0,0,-1,0,0,0,-4.27,-198.08,0,5.3385,70,190,240,-1,1,0,0,0,nil,nil,nil
4/28 18:49:07.692  SPELL_CAST_START,Player-4755-01FA8DD8,"Roackerita-Dreadmist",0x514,0x0,0000000000000000,nil,0x80000000,0x80000000,2055,"Heal",0x2
4/28 18:49:07.764  SPELL_CAST_SUCCESS,Player-4755-0220BD00,"Krikoff-Dreadmist",0x40514,0x0,Creature-0-4457-249-1045-10184-000028665C,"Onyxia",0x10a48,0x0,11567,"Heroic Strike",0x1,Player-4755-0220BD00,0000000000000000,100,100,0,0,0,-1,0,0,0,10.75,-210.89,0,4.7163,68
4/28 18:49:07.764  SPELL_CAST_SUCCESS,Player-4755-01FA8D0D,"Roackeru-Dreadmist",0x514,0x0,Creature-0-4457-249-1045-10184-000028665C,"Onyxia",0x10a48,0x0,11661,"Shadow Bolt",0x20,Player-4755-01FA8D0D,0000000000000000,100,100,0,0,0,-1,0,0,0,14.13,-180.96,0,4.6613,65
4/28 18:49:07.764  SPELL_PERIODIC_ENERGIZE,Creature-0-4457-249-1045-7416-0000286C87,"Mana Spring Totem IV",0x2114,0x0,Player-4755-016296D3,"Nivl-Dreadmist",0x514,0x0,10494,"Mana Spring",0x8,Player-4755-016296D3,0000000000000000,100,100,0,0,0,-1,0,0,0,14.95,-201.70,0,4.5241,69,10.0000,0.0000,0,5845
4/28 18:49:07.764  SPELL_PERIODIC_ENERGIZE,Creature-0-4457-249-1045-7416-0000286C87,"Mana Spring Totem IV",0x2114,0x0,Player-4755-0178F576,"Atreas-Dreadmist",0x514,0x0,10494,"Mana Spring",0x8,Player-4755-0178F576,0000000000000000,100,100,0,0,0,-1,0,0,0,6.14,-178.76,0,4.8144,66,10.0000,0.0000,0,3765
4/28 18:49:07.764  SPELL_PERIODIC_ENERGIZE,Player-4755-01802FE5,"Angrybat-Dreadmist",0x514,0x0,Player-4755-01802FE5,"Angrybat-Dreadmist",0x514,0x0,18194,"Mana Regeneration",0x1,Player-4755-01802FE5,0000000000000000,100,100,0,0,0,-1,0,0,0,12.24,-179.84,0,4.5664,66,8.0000,0.0000,0,6033
4/28 18:49:07.811  SWING_DAMAGE,Player-4755-01A6B139,"Sakatan-Dreadmist",0x514,0x0,Creature-0-4457-249-1045-10184-000028665C,"Onyxia",0x10a48,0x0,Player-4755-01A6B139,0000000000000000,100,100,0,0,0,-1,0,0,0,9.54,-199.57,0,5.0548,69,113,145,-1,1,0,0,0,nil,1,nil
4/28 18:49:07.827  SPELL_CAST_START,Player-4755-01617EEE,"Fenix-Dreadmist",0x512,0x0,0000000000000000,nil,0x80000000,0x80000000,6064,"Heal",0x2
4/28 18:49:07.841  SPELL_DAMAGE,Player-4755-015FEBD5,"Sauvage-Dreadmist",0x514,0x0,Creature-0-4457-249-1045-10184-000028665C,"Onyxia",0x10a48,0x0,10181,"Frostbolt",0x10,Creature-0-4457-249-1045-10184-000028665C,0000000000000000,88,100,0,0,0,-1,0,0,0,10.16,-218.04,0,0.0107,63,893,811,-1,16,0,0,0,nil,nil,nil
4/28 18:49:07.886  SWING_DAMAGE,Pet-0-4457-249-1045-7456-03003178E8,"Owl",0x1114,0x0,Creature-0-4457-249-1045-10184-000028665C,"Onyxia",0x10a48,0x0,Pet-0-4457-249-1045-7456-03003178E8,Player-4755-01B60A5F,100,100,0,0,0,-1,0,0,0,10.62,-193.45,0,4.6937,62,50,166,-1,1,0,0,0,nil,1,nil
4/28 18:49:07.900  SPELL_CAST_SUCCESS,Creature-0-4457-249-1045-10184-000028665C,"Onyxia",0x10a48,0x0,0000000000000000,nil,0x80000000,0x80000000,15847,"Tail Sweep",0x1,Creature-0-4457-249-1045-10184-000028665C,0000000000000000,88,100,0,0,0,-1,0,0,0,10.16,-218.04,0,0.0107,63
4/28 18:49:07.900  SPELL_CAST_SUCCESS,Pet-0-4457-249-1045-2850-01001956F9,"Kratos",0x1114,0x0,Creature-0-4457-249-1045-10184-000028665C,"Onyxia",0x10a48,0x0,17261,"Bite",0x1,Pet-0-4457-249-1045-2850-01001956F9,Player-4755-0178F576,100,100,0,0,0,-1,0,0,0,5.73,-193.66,0,4.8178,66
4/28 18:49:07.900  SPELL_MISSED,Pet-0-4457-249-1045-2850-01001956F9,"Kratos",0x1114,0x0,Creature-0-4457-249-1045-10184-000028665C,"Onyxia",0x10a48,0x0,17261,"Bite",0x1,DODGE,nil
4/28 18:49:07.920  SPELL_AURA_APPLIED,Player-4755-01F21AE6,"Blahu-Dreadmist",0x40514,0x0,Player-4755-01F21AE6,"Blahu-Dreadmist",0x40514,0x0,12970,"Flurry",0x1,BUFF
4/28 18:49:07.920  SWING_DAMAGE_LANDED,Player-4755-01AC9FD9,"Alexinho-Dreadmist",0x514,0x0,Creature-0-4457-249-1045-10184-000028665C,"Onyxia",0x10a48,0x0,Creature-0-4457-249-1045-10184-000028665C,0000000000000000,88,100,0,0,0,-1,0,0,0,10.16,-218.04,0,0.0107,63,247,355,-1,1,0,0,0,nil,1,nil
4/28 18:49:07.920  SWING_DAMAGE_LANDED,Player-4755-01840577,"Raggèn-Dreadmist",0x514,0x0,Creature-0-4457-249-1045-10184-000028665C,"Onyxia",0x10a48,0x0,Creature-0-4457-249-1045-10184-000028665C,0000000000000000,88,100,0,0,0,-1,0,0,0,10.16,-218.04,0,0.0107,63,413,525,-1,1,0,0,0,nil,nil,nil
4/28 18:49:07.920  SWING_DAMAGE_LANDED,Player-4755-01637B0A,"Pindle-Dreadmist",0x514,0x0,Creature-0-4457-249-1045-10184-000028665C,"Onyxia",0x10a48,0x0,Creature-0-4457-249-1045-10184-000028665C,0000000000000000,88,100,0,0,0,-1,0,0,0,10.16,-218.04,0,0.0107,63,87,110,-1,1,0,0,0,nil,nil,nil
4/28 18:49:07.920  SPELL_DAMAGE,Player-4755-01637B0A,"Pindle-Dreadmist",0x514,0x0,Creature-0-4457-249-1045-10184-000028665C,"Onyxia",0x10a48,0x0,11337,"Instant Poison VI",0x8,Creature-0-4457-249-1045-10184-000028665C,0000000000000000,88,100,0,0,0,-1,0,0,0,10.16,-218.04,0,0.0107,63,145,144,-1,8,0,0,0,nil,nil,nil
4/28 18:49:07.920  SWING_DAMAGE_LANDED,Pet-0-4457-249-1045-9622-02002CD5BC,"Bokito",0x1114,0x0,Creature-0-4457-249-1045-10184-000028665C,"Onyxia",0x10a48,0x0,Creature-0-4457-249-1045-10184-000028665C,0000000000000000,88,100,0,0,0,-1,0,0,0,10.16,-218.04,0,0.0107,63,190,240,-1,1,0,0,0,nil,nil,nil
4/28 18:49:07.920  SPELL_DAMAGE,Player-4755-0220BD00,"Krikoff-Dreadmist",0x40514,0x0,Creature-0-4457-249-1045-10184-000028665C,"Onyxia",0x10a48,0x0,11567,"Heroic Strike",0x1,Creature-0-4457-249-1045-10184-000028665C,0000000000000000,88,100,0,0,0,-1,0,0,0,10.16,-218.04,0,0.0107,63,401,509,-1,1,0,0,0,nil,nil,nil
4/28 18:49:07.920  SWING_DAMAGE_LANDED,Player-4755-01A6B139,"Sakatan-Dreadmist",0x514,0x0,Creature-0-4457-249-1045-10184-000028665C,"Onyxia",0x10a48,0x0,Creature-0-4457-249-1045-10184-000028665C,0000000000000000,88,100,0,0,0,-1,0,0,0,10.16,-218.04,0,0.0107,63,113,145,-1,1,0,0,0,nil,1,nil
4/28 18:49:07.920  SPELL_DAMAGE,Player-4755-01A6B139,"Sakatan-Dreadmist",0x514,0x0,Creature-0-4457-249-1045-10184-000028665C,"Onyxia",0x10a48,0x0,11337,"Instant Poison VI",0x8,Creature-0-4457-249-1045-10184-000028665C,0000000000000000,88,100,0,0,0,-1,0,0,0,10.16,-218.04,0,0.0107,63,68,134,-1,8,67,0,0,nil,nil,nil
4/28 18:49:07.920  SPELL_AURA_APPLIED,Player-4755-015FEBD5,"Sauvage-Dreadmist",0x514,0x0,Player-4755-015FEBD5,"Sauvage-Dreadmist",0x514,0x0,12536,"Clearcasting",0x40,BUFF
4/28 18:49:07.920  SWING_DAMAGE_LANDED,Pet-0-4457-249-1045-7456-03003178E8,"Owl",0x1114,0x0,Creature-0-4457-249-1045-10184-000028665C,"Onyxia",0x10a48,0x0,Creature-0-4457-249-1045-10184-000028665C,0000000000000000,88,100,0,0,0,-1,0,0,0,10.16,-218.04,0,0.0107,63,50,166,-1,1,0,0,0,nil,1,nil
4/28 18:49:07.920  SPELL_DAMAGE,Creature-0-4457-249-1045-10184-000028665C,"Onyxia",0x10a48,0x0,Pet-0-4457-249-1045-9622-02002CD5BC,"Bokito",0x1114,0x0,15847,"Tail Sweep",0x1,Pet-0-4457-249-1045-9622-02002CD5BC,Player-4755-020BD78D,91,100,0,0,0,-1,0,0,0,-4.27,-198.08,0,5.3385,70,474,719,-1,1,0,0,0,nil,nil,nil
4/28 18:49:07.920  SPELL_CAST_SUCCESS,Player-4755-0178F576,"Atreas-Dreadmist",0x514,0x0,Creature-0-4457-249-1045-10184-000028665C,"Onyxia",0x10a48,0x0,75,"Auto Shot",0x1,Player-4755-0178F576,0000000000000000,100,100,0,0,0,-1,0,0,0,6.14,-178.76,0,4.8144,66
4/28 18:49:07.920  SWING_DAMAGE,Player-4755-01733879,"Hocwar-Dreadmist",0x40514,0x0,Creature-0-4457-249-1045-10184-000028665C,"Onyxia",0x10a48,0x0,Player-4755-01733879,0000000000000000,89,100,0,0,0,-1,0,0,0,28.07,-218.80,0,3.0992,71,105,133,-1,1,0,0,0,nil,nil,nil
4/28 18:49:07.939  SPELL_CAST_SUCCESS,Player-4755-01614AC7,"Mirrimazduur-Dreadmist",0x512,0x0,Creature-0-4457-249-1045-10184-000028665C,"Onyxia",0x10a48,0x0,11661,"Shadow Bolt",0x20,Player-4755-01614AC7,0000000000000000,100,100,0,0,0,-1,0,0,0,-1.52,-178.92,0,4.9074,68
4/28 18:49:07.939  SPELL_CAST_START,Player-4755-01614AC7,"Mirrimazduur-Dreadmist",0x512,0x0,0000000000000000,nil,0x80000000,0x80000000,11661,"Shadow Bolt",0x20
4/28 18:49:07.955  SPELL_CAST_SUCCESS,Player-4755-0163DD9D,"Kaspais-Dreadmist",0x514,0x0,Creature-0-4457-249-1045-10184-000028665C,"Onyxia",0x10a48,0x0,5019,"Shoot",0x1,Player-4755-0163DD9D,0000000000000000,100,100,0,0,0,-1,0,0,0,5.76,-187.76,0,4.8435,66
4/28 18:49:07.955  SPELL_CAST_SUCCESS,Player-4755-020BD78D,"Lonehunter-Dreadmist",0x514,0x0,Creature-0-4457-249-1045-10184-000028665C,"Onyxia",0x10a48,0x0,14290,"Multi-Shot",0x1,Player-4755-020BD78D,0000000000000000,100,100,0,0,0,-1,0,0,0,1.62,-179.46,0,4.9304,70
4/28 18:49:08.011  SPELL_CAST_SUCCESS,Player-4755-0160BD13,"Mafkees-Dreadmist",0x514,0x0,Creature-0-4457-249-1045-10184-000028665C,"Onyxia",0x10a48,0x0,23894,"Bloodthirst",0x1,Player-4755-0160BD13,0000000000000000,100,100,0,0,0,-1,0,0,0,8.49,-207.52,0,4.9190,64
4/28 18:49:08.011  SPELL_MISSED,Player-4755-0160BD13,"Mafkees-Dreadmist",0x514,0x0,Creature-0-4457-249-1045-10184-000028665C,"Onyxia",0x10a48,0x0,23894,"Bloodthirst",0x1,DODGE,nil
4/28 18:49:08.026  SPELL_CAST_START,Player-4755-020BD78D,"Lonehunter-Dreadmist",0x514,0x0,0000000000000000,nil,0x80000000,0x80000000,75,"Auto Shot",0x1
4/28 18:49:08.066  RANGE_MISSED,Player-4755-0163DD9D,"Kaspais-Dreadmist",0x514,0x0,Creature-0-4457-249-1045-10184-000028665C,"Onyxia",0x10a48,0x0,5019,"Shoot",0x1,RESIST,nil,0
4/28 18:49:08.076  SPELL_CAST_START,Player-4755-01F36B30,"Rectumqeef-Dreadmist",0x514,0x0,0000000000000000,nil,0x80000000,0x80000000,5019,"Shoot",0x1
4/28 18:49:08.091  SPELL_CAST_START,Player-4755-01FA8D0D,"Roackeru-Dreadmist",0x514,0x0,0000000000000000,nil,0x80000000,0x80000000,11661,"Shadow Bolt",0x20
4/28 18:49:08.120  RANGE_DAMAGE,Player-4755-01B60A5F,"Zurok-Dreadmist",0x514,0x0,Creature-0-4457-249-1045-10184-000028665C,"Onyxia",0x10a48,0x0,75,"Auto Shot",0x1,Creature-0-4457-249-1045-10184-000028665C,0000000000000000,88,100,0,0,0,-1,0,0,0,10.16,-218.04,0,0.0107,63,364,460,-1,1,0,0,0,nil,nil,nil
4/28 18:49:08.147  SPELL_CAST_SUCCESS,Player-4755-01733879,"Hocwar-Dreadmist",0x40514,0x0,Creature-0-4457-249-1045-10184-000028665C,"Onyxia",0x10a48,0x0,11567,"Heroic Strike",0x1,Player-4755-01733879,0000000000000000,89,100,0,0,0,-1,0,0,0,26.37,-218.72,0,3.0992,71
4/28 18:49:08.147  SPELL_MISSED,Player-4755-01733879,"Hocwar-Dreadmist",0x40514,0x0,Creature-0-4457-249-1045-10184-000028665C,"Onyxia",0x10a48,0x0,11567,"Heroic Strike",0x1,DODGE,nil
4/28 18:49:08.148  SPELL_AURA_REMOVED_DOSE,Player-4755-01733879,"Hocwar-Dreadmist",0x40514,0x0,Player-4755-01733879,"Hocwar-Dreadmist",0x40514,0x0,12970,"Flurry",0x1,BUFF,1
4/28 18:49:08.194  SWING_MISSED,Pet-0-4457-249-1045-2850-01001956F9,"Kratos",0x1114,0x0,Creature-0-4457-249-1045-10184-000028665C,"Onyxia",0x10a48,0x0,DODGE,nil
4/28 18:49:08.208  SPELL_CAST_START,Player-4755-01804B95,"Moymoy-Dreadmist",0x514,0x0,0000000000000000,nil,0x80000000,0x80000000,331,"Healing Wave",0x8
4/28 18:49:08.275  SWING_DAMAGE,Player-4755-01637B0A,"Pindle-Dreadmist",0x514,0x0,Creature-0-4457-249-1045-10184-000028665C,"Onyxia",0x10a48,0x0,Player-4755-01637B0A,0000000000000000,100,100,0,0,0,-1,0,0,0,8.72,-208.37,0,4.8984,65,154,199,-1,1,0,0,0,nil,1,nil
4/28 18:49:08.328  SPELL_ENERGIZE,Player-4755-01F21AE6,"Blahu-Dreadmist",0x40514,0x0,Player-4755-01F21AE6,"Blahu-Dreadmist",0x40514,0x0,12964,"Unbridled Wrath",0x1,Player-4755-01F21AE6,0000000000000000,100,100,0,0,0,-1,0,0,0,14.58,-211.44,0,4.5046,70,0.0000,1.0000,1,1000
4/28 18:49:08.328  SPELL_AURA_REMOVED_DOSE,Player-4755-01840577,"Raggèn-Dreadmist",0x514,0x0,Player-4755-01840577,"Raggèn-Dreadmist",0x514,0x0,16280,"Flurry",0x1,BUFF,2
4/28 18:49:08.328  SWING_DAMAGE_LANDED,Player-4755-01733879,"Hocwar-Dreadmist",0x40514,0x0,Creature-0-4457-249-1045-10184-000028665C,"Onyxia",0x10a48,0x0,Creature-0-4457-249-1045-10184-000028665C,0000000000000000,88,100,0,0,0,-1,0,0,0,10.16,-218.04,0,0.0107,63,105,133,-1,1,0,0,0,nil,nil,nil
4/28 18:49:08.328  SWING_DAMAGE_LANDED,Player-4755-01637B0A,"Pindle-Dreadmist",0x514,0x0,Creature-0-4457-249-1045-10184-000028665C,"Onyxia",0x10a48,0x0,Creature-0-4457-249-1045-10184-000028665C,0000000000000000,87,100,0,0,0,-1,0,0,0,10.16,-218.04,0,0.0107,63,154,199,-1,1,0,0,0,nil,1,nil
4/28 18:49:08.328  SPELL_CAST_SUCCESS,Player-4755-01733879,"Hocwar-Dreadmist",0x40514,0x0,Creature-0-4457-249-1045-10184-000028665C,"Onyxia",0x10a48,0x0,11597,"Sunder Armor",0x1,Player-4755-01733879,0000000000000000,89,100,0,0,0,-1,0,0,0,25.03,-218.67,0,3.0992,71
4/28 18:49:08.328  SPELL_MISSED,Player-4755-01733879,"Hocwar-Dreadmist",0x40514,0x0,Creature-0-4457-249-1045-10184-000028665C,"Onyxia",0x10a48,0x0,11597,"Sunder Armor",0x1,DODGE,nil
4/28 18:49:08.347  SPELL_DAMAGE,Player-4755-0178F576,"Atreas-Dreadmist",0x514,0x0,Creature-0-4457-249-1045-10184-000028665C,"Onyxia",0x10a48,0x0,14290,"Multi-Shot",0x1,Creature-0-4457-249-1045-10184-000028665C,0000000000000000,87,100,0,0,0,-1,0,0,0,10.16,-218.04,0,0.0107,63,606,769,-1,1,0,0,0,nil,nil,nil
4/28 18:49:08.366  SPELL_CAST_SUCCESS,Player-4755-0210153A,"Hapuseneb-Dreadmist",0x514,0x0,Player-4755-01733879,"Hocwar-Dreadmist",0x40514,0x0,6064,"Heal",0x2,Player-4755-0210153A,0000000000000000,100,100,0,0,0,-1,0,0,0,16.09,-197.11,0,4.4807,66
4/28 18:49:08.439  SPELL_AURA_REFRESH,Player-4755-01F21AE6,"Blahu-Dreadmist",0x40514,0x0,Player-4755-01F21AE6,"Blahu-Dreadmist",0x40514,0x0,11551,"Battle Shout",0x1,BUFF
4/28 18:49:08.439  SPELL_CAST_SUCCESS,Player-4755-01F21AE6,"Blahu-Dreadmist",0x40514,0x0,0000000000000000,nil,0x80000000,0x80000000,11551,"Battle Shout",0x1,Player-4755-01F21AE6,0000000000000000,100,100,0,0,0,-1,0,0,0,14.58,-211.44,0,4.5046,70
4/28 18:49:08.474  SPELL_CAST_SUCCESS,Player-4755-020BD78D,"Lonehunter-Dreadmist",0x514,0x0,Creature-0-4457-249-1045-10184-000028665C,"Onyxia",0x10a48,0x0,75,"Auto Shot",0x1,Player-4755-020BD78D,0000000000000000,100,100,0,0,0,-1,0,0,0,1.62,-179.46,0,4.9304,70
4/28 18:49:08.474  SPELL_AURA_APPLIED,Player-4755-020BD78D,"Lonehunter-Dreadmist",0x514,0x0,Player-4755-020BD78D,"Lonehunter-Dreadmist",0x514,0x0,6150,"Quick Shots",0x1,BUFF
4/28 18:49:08.491  SPELL_CAST_START,Player-4755-01B60A5F,"Zurok-Dreadmist",0x514,0x0,0000000000000000,nil,0x80000000,0x80000000,14290,"Multi-Shot",0x1
4/28 18:49:08.510  SPELL_DAMAGE,Player-4755-020BD78D,"Lonehunter-Dreadmist",0x514,0x0,Creature-0-4457-249-1045-10184-000028665C,"Onyxia",0x10a48,0x0,20904,"Aimed Shot",0x1,Creature-0-4457-249-1045-10184-000028665C,0000000000000000,87,100,0,0,0,-1,0,0,0,10.16,-218.04,0,0.0107,63,929,1178,-1,1,0,0,0,nil,nil,nil
4/28 18:49:08.553  RANGE_DAMAGE,Player-4755-01F36B30,"Rectumqeef-Dreadmist",0x514,0x0,Creature-0-4457-249-1045-10184-000028665C,"Onyxia",0x10a48,0x0,5019,"Shoot",0x1,Creature-0-4457-249-1045-10184-000028665C,0000000000000000,87,100,0,0,0,-1,0,0,0,10.16,-218.04,0,0.0107,63,91,83,-1,64,0,0,0,nil,nil,nil
4/28 18:49:08.568  SPELL_CAST_SUCCESS,Player-4755-01F36B30,"Rectumqeef-Dreadmist",0x514,0x0,Creature-0-4457-249-1045-10184-000028665C,"Onyxia",0x10a48,0x0,5019,"Shoot",0x1,Player-4755-01F36B30,0000000000000000,100,100,0,0,0,-1,0,0,0,11.85,-188.35,0,4.6302,66
4/28 18:49:08.582  SWING_DAMAGE,Player-4755-01F21AE6,"Blahu-Dreadmist",0x40514,0x0,Creature-0-4457-249-1045-10184-000028665C,"Onyxia",0x10a48,0x0,Player-4755-01F21AE6,0000000000000000,100,100,0,0,0,-1,0,0,0,14.58,-211.44,0,4.5046,70,187,329,-1,1,0,0,0,nil,1,nil
4/28 18:49:08.613  SWING_DAMAGE,Player-4755-0160BD13,"Mafkees-Dreadmist",0x514,0x0,Creature-0-4457-249-1045-10184-000028665C,"Onyxia",0x10a48,0x0,Player-4755-0160BD13,0000000000000000,100,100,0,0,0,-1,0,0,0,8.49,-207.52,0,4.8915,64,403,615,-1,1,0,0,0,nil,1,nil
4/28 18:49:08.627  SWING_DAMAGE,Player-4755-01637B0A,"Pindle-Dreadmist",0x514,0x0,Creature-0-4457-249-1045-10184-000028665C,"Onyxia",0x10a48,0x0,Player-4755-01637B0A,0000000000000000,100,100,0,0,0,-1,0,0,0,8.72,-208.37,0,4.9101,65,85,114,-1,1,0,0,0,nil,1,nil
4/28 18:49:08.685  SPELL_AURA_REMOVED,Pet-0-4457-249-1045-7456-03003178E8,"Owl",0x1114,0x0,Creature-0-4457-249-1045-10184-000028665C,"Onyxia",0x10a48,0x0,24579,"Screech",0x1,DEBUFF
4/28 18:49:08.703  SWING_DAMAGE,Player-4755-01F21AE6,"Blahu-Dreadmist",0x40514,0x0,Creature-0-4457-249-1045-10184-000028665C,"Onyxia",0x10a48,0x0,Player-4755-01F21AE6,0000000000000000,100,100,0,0,0,-1,0,0,0,14.58,-211.44,0,4.5046,70,68,143,-1,1,0,46,0,nil,nil,nil
4/28 18:49:08.720  SPELL_AURA_REMOVED,Player-4755-01733879,"Hocwar-Dreadmist",0x40514,0x0,Player-4755-01733879,"Hocwar-Dreadmist",0x40514,0x0,12970,"Flurry",0x1,BUFF
4/28 18:49:08.720  SPELL_HEAL,Player-4755-0210153A,"Hapuseneb-Dreadmist",0x514,0x0,Player-4755-01733879,"Hocwar-Dreadmist",0x40514,0x0,6064,"Heal",0x2,Player-4755-01733879,0000000000000000,100,100,0,0,0,-1,0,0,0,25.03,-218.67,0,3.0992,71,1323,1323,634,0,nil
4/28 18:49:08.720  SPELL_AURA_REFRESH,Player-4755-01F21AE6,"Blahu-Dreadmist",0x40514,0x0,Player-4755-0220BD00,"Krikoff-Dreadmist",0x40514,0x0,11551,"Battle Shout",0x1,BUFF
4/28 18:49:08.720  SPELL_AURA_REFRESH,Player-4755-01F21AE6,"Blahu-Dreadmist",0x40514,0x0,Player-4755-01840577,"Raggèn-Dreadmist",0x514,0x0,11551,"Battle Shout",0x1,BUFF
4/28 18:49:08.739  SWING_DAMAGE_LANDED,Player-4755-01F21AE6,"Blahu-Dreadmist",0x40514,0x0,Creature-0-4457-249-1045-10184-000028665C,"Onyxia",0x10a48,0x0,Creature-0-4457-249-1045-10184-000028665C,0000000000000000,87,100,0,0,0,-1,0,0,0,10.16,-218.04,0,0.0107,63,187,329,-1,1,0,0,0,nil,1,nil
4/28 18:49:08.739  SWING_DAMAGE_LANDED,Player-4755-0160BD13,"Mafkees-Dreadmist",0x514,0x0,Creature-0-4457-249-1045-10184-000028665C,"Onyxia",0x10a48,0x0,Creature-0-4457-249-1045-10184-000028665C,0000000000000000,87,100,0,0,0,-1,0,0,0,10.16,-218.04,0,0.0107,63,403,615,-1,1,0,0,0,nil,1,nil
4/28 18:49:08.739  SWING_DAMAGE_LANDED,Player-4755-01637B0A,"Pindle-Dreadmist",0x514,0x0,Creature-0-4457-249-1045-10184-000028665C,"Onyxia",0x10a48,0x0,Creature-0-4457-249-1045-10184-000028665C,0000000000000000,87,100,0,0,0,-1,0,0,0,10.16,-218.04,0,0.0107,63,85,114,-1,1,0,0,0,nil,1,nil
4/28 18:49:08.739  SWING_DAMAGE_LANDED,Player-4755-01F21AE6,"Blahu-Dreadmist",0x40514,0x0,Creature-0-4457-249-1045-10184-000028665C,"Onyxia",0x10a48,0x0,Creature-0-4457-249-1045-10184-000028665C,0000000000000000,87,100,0,0,0,-1,0,0,0,10.16,-218.04,0,0.0107,63,68,143,-1,1,0,0,0,nil,nil,nil
4/28 18:49:08.739  SWING_DAMAGE,Creature-0-4457-249-1045-10184-000028665C,"Onyxia",0x10a48,0x0,Player-4755-01733879,"Hocwar-Dreadmist",0x40514,0x0,Creature-0-4457-249-1045-10184-000028665C,0000000000000000,87,100,0,0,0,-1,0,0,0,10.16,-218.04,0,0.0107,63,1178,1655,-1,1,0,0,0,nil,nil,1
4/28 18:49:08.739  SPELL_PERIODIC_HEAL,Player-4755-01FA8DD8,"Roackerita-Dreadmist",0x514,0x0,Player-4755-0220BD00,"Krikoff-Dreadmist",0x40514,0x0,6078,"Renew",0x2,Player-4755-0220BD00,0000000000000000,100,100,0,0,0,-1,0,0,0,10.75,-210.89,0,4.7163,68,236,236,236,0,nil
4/28 18:49:08.741  SPELL_AURA_REMOVED,Player-4755-01FA8DD8,"Roackerita-Dreadmist",0x514,0x0,Player-4755-0220BD00,"Krikoff-Dreadmist",0x40514,0x0,6078,"Renew",0x2,BUFF
4/28 18:49:08.741  SPELL_CAST_SUCCESS,Player-4755-021D6506,"Bloodlady-Dreadmist",0x514,0x0,Creature-0-4457-249-1045-10184-000028665C,"Onyxia",0x10a48,0x0,10181,"Frostbolt",0x10,Player-4755-021D6506,0000000000000000,100,100,0,0,0,-1,0,0,0,2.16,-178.47,0,4.9285,69
4/28 18:49:08.741  SPELL_CAST_START,Player-4755-021D6506,"Bloodlady-Dreadmist",0x514,0x0,0000000000000000,nil,0x80000000,0x80000000,10181,"Frostbolt",0x10
4/28 18:49:08.758  SPELL_CAST_SUCCESS,Player-4755-016296D3,"Nivl-Dreadmist",0x514,0x0,Creature-0-4457-249-1045-10184-000028665C,"Onyxia",0x10a48,0x0,15208,"Lightning Bolt",0x8,Player-4755-016296D3,0000000000000000,100,100,0,0,0,-1,0,0,0,14.95,-201.70,0,4.5241,69
4/28 18:49:08.789  SWING_DAMAGE,Player-4755-0178F416,"Eltorero-Dreadmist",0x514,0x0,Creature-0-4457-249-1045-10184-000028665C,"Onyxia",0x10a48,0x0,Player-4755-0178F416,0000000000000000,100,100,0,0,0,-1,0,0,0,5.31,-205.13,0,4.8880,67,600,762,-1,1,0,0,0,nil,nil,nil
4/28 18:49:08.893  SWING_DAMAGE,Player-4755-01A6B139,"Sakatan-Dreadmist",0x514,0x0,Creature-0-4457-249-1045-10184-000028665C,"Onyxia",0x10a48,0x0,Player-4755-01A6B139,0000000000000000,100,100,0,0,0,-1,0,0,0,9.54,-199.57,0,5.0548,69,171,217,-1,1,0,0,0,nil,nil,nil
4/28 18:49:08.909  SPELL_PERIODIC_HEAL,Player-4755-01733879,"Hocwar-Dreadmist",0x40514,0x0,Player-4755-01733879,"Hocwar-Dreadmist",0x40514,0x0,24427,"Diamond Flask",0x8,Player-4755-01733879,0000000000000000,100,100,0,0,0,-1,0,0,0,25.06,-218.05,0,3.0992,71,301,301,301,0,nil
4/28 18:49:08.909  RANGE_DAMAGE,Player-4755-0178F576,"Atreas-Dreadmist",0x514,0x0,Creature-0-4457-249-1045-10184-000028665C,"Onyxia",0x10a48,0x0,75,"Auto Shot",0x1,Creature-0-4457-249-1045-10184-000028665C,0000000000000000,87,100,0,0,0,-1,0,0,0,10.16,-218.04,0,0.0107,63,1017,542,-1,1,0,0,0,1,nil,nil
4/28 18:49:08.909  SPELL_CAST_START,Player-4755-016296D3,"Nivl-Dreadmist",0x514,0x0,0000000000000000,nil,0x80000000,0x80000000,15208,"Lightning Bolt",0x8
4/28 18:49:08.943  SPELL_DAMAGE,Player-4755-01802FE5,"Angrybat-Dreadmist",0x514,0x0,Creature-0-4457-249-1045-10184-000028665C,"Onyxia",0x10a48,0x0,10181,"Frostbolt",0x10,Creature-0-4457-249-1045-10184-000028665C,0000000000000000,87,100,0,0,0,-1,0,0,0,10.16,-218.04,0,0.0107,63,1951,886,-1,16,0,0,0,1,nil,nil
4/28 18:49:08.944  SPELL_CAST_SUCCESS,Player-4755-01B60A5F,"Zurok-Dreadmist",0x514,0x0,Creature-0-4457-249-1045-10184-000028665C,"Onyxia",0x10a48,0x0,14290,"Multi-Shot",0x1,Player-4755-01B60A5F,0000000000000000,100,100,0,0,0,-1,0,0,0,14.47,-175.17,0,4.6042,62
4/28 18:49:08.960  SPELL_CAST_START,Player-4755-0163DD9D,"Kaspais-Dreadmist",0x514,0x0,0000000000000000,nil,0x80000000,0x80000000,5019,"Shoot",0x1
4/28 18:49:09.023  SWING_DAMAGE,Player-4755-016DF694,"Ashalan-Dreadmist",0x514,0x0,Creature-0-4457-249-1045-10184-000028665C,"Onyxia",0x10a48,0x0,Player-4755-016DF694,0000000000000000,100,100,0,0,0,-1,0,0,0,5.89,-201.54,0,4.3676,67,281,517,-1,1,0,0,0,nil,1,nil
4/28 18:49:09.023  SPELL_CAST_SUCCESS,Player-4755-01ED7A64,"Sperzieboon-Dreadmist",0x514,0x0,Player-4755-01733879,"Hocwar-Dreadmist",0x40514,0x0,6063,"Heal",0x2,Player-4755-01ED7A64,0000000000000000,100,100,0,0,0,-1,0,0,0,13.03,-190.57,0,4.7271,67
4/28 18:49:09.023  SWING_MISSED,Player-4755-01AC9FD9,"Alexinho-Dreadmist",0x514,0x0,Creature-0-4457-249-1045-10184-000028665C,"Onyxia",0x10a48,0x0,DODGE,1
4/28 18:49:09.040  SPELL_CAST_SUCCESS,Player-4755-015FEBD5,"Sauvage-Dreadmist",0x514,0x0,Creature-0-4457-249-1045-10184-000028665C,"Onyxia",0x10a48,0x0,10181,"Frostbolt",0x10,Player-4755-015FEBD5,0000000000000000,100,100,0,0,0,-1,0,0,0,15.89,-180.74,0,4.6048,64
4/28 18:49:09.040  SPELL_AURA_REMOVED,Player-4755-015FEBD5,"Sauvage-Dreadmist",0x514,0x0,Player-4755-015FEBD5,"Sauvage-Dreadmist",0x514,0x0,12536,"Clearcasting",0x40,BUFF
4/28 18:49:09.062  SPELL_CAST_START,Player-4755-01B60A5F,"Zurok-Dreadmist",0x514,0x0,0000000000000000,nil,0x80000000,0x80000000,75,"Auto Shot",0x1
4/28 18:49:09.106  SPELL_PERIODIC_ENERGIZE,Player-4755-01BC57A3,"Saintis-Dreadmist",0x511,0x0,Player-4755-01BC57A3,"Saintis-Dreadmist",0x511,0x0,18194,"Mana Regeneration",0x1,Player-4755-01BC57A3,0000000000000000,100,100,0,0,0,-1,0,0,0,9.30,-193.35,0,5.1698,68,8.0000,0.0000,0,7212
4/28 18:49:09.142  SPELL_AURA_REMOVED_DOSE,Player-4755-01F21AE6,"Blahu-Dreadmist",0x40514,0x0,Player-4755-01F21AE6,"Blahu-Dreadmist",0x40514,0x0,12970,"Flurry",0x1,BUFF,2
4/28 18:49:09.142  SPELL_AURA_REMOVED_DOSE,Player-4755-0160BD13,"Mafkees-Dreadmist",0x514,0x0,Player-4755-0160BD13,"Mafkees-Dreadmist",0x514,0x0,12970,"Flurry",0x1,BUFF,1
4/28 18:49:09.142  SPELL_AURA_REMOVED_DOSE,Player-4755-01F21AE6,"Blahu-Dreadmist",0x40514,0x0,Player-4755-01F21AE6,"Blahu-Dreadmist",0x40514,0x0,12970,"Flurry",0x1,BUFF,1
4/28 18:49:09.142  SWING_DAMAGE_LANDED,Creature-0-4457-249-1045-10184-000028665C,"Onyxia",0x10a48,0x0,Player-4755-01733879,"Hocwar-Dreadmist",0x40514,0x0,Player-4755-01733879,0000000000000000,81,100,0,0,0,-1,0,0,0,24.20,-218.02,0,3.0992,71,1178,1655,-1,1,0,0,0,nil,nil,1
4/28 18:49:09.142  SWING_DAMAGE_LANDED,Player-4755-0178F416,"Eltorero-Dreadmist",0x514,0x0,Creature-0-4457-249-1045-10184-000028665C,"Onyxia",0x10a48,0x0,Creature-0-4457-249-1045-10184-000028665C,0000000000000000,87,100,0,0,0,-1,0,0,0,10.16,-218.04,0,0.0107,63,600,762,-1,1,0,0,0,nil,nil,nil
4/28 18:49:09.142  SWING_DAMAGE_LANDED,Player-4755-01A6B139,"Sakatan-Dreadmist",0x514,0x0,Creature-0-4457-249-1045-10184-000028665C,"Onyxia",0x10a48,0x0,Creature-0-4457-249-1045-10184-000028665C,0000000000000000,87,100,0,0,0,-1,0,0,0,10.16,-218.04,0,0.0107,63,171,217,-1,1,0,0,0,nil,nil,nil
4/28 18:49:09.142  SWING_DAMAGE_LANDED,Player-4755-016DF694,"Ashalan-Dreadmist",0x514,0x0,Creature-0-4457-249-1045-10184-000028665C,"Onyxia",0x10a48,0x0,Creature-0-4457-249-1045-10184-000028665C,0000000000000000,87,100,0,0,0,-1,0,0,0,10.16,-218.04,0,0.0107,63,281,517,-1,1,0,0,0,nil,1,nil
4/28 18:49:09.142  SPELL_HEAL,Player-4755-01ED7A64,"Sperzieboon-Dreadmist",0x514,0x0,Player-4755-01733879,"Hocwar-Dreadmist",0x40514,0x0,6063,"Heal",0x2,Player-4755-01733879,0000000000000000,100,100,0,0,0,-1,0,0,0,24.20,-218.02,0,3.0992,71,1221,1221,43,0,nil
4/28 18:49:09.142  SPELL_AURA_REMOVED,Player-4755-01ED7A64,"Sperzieboon-Dreadmist",0x514,0x0,Player-4755-01733879,"Hocwar-Dreadmist",0x40514,0x0,15359,"Inspiration",0x2,BUFF
4/28 18:49:09.161  SWING_DAMAGE,Player-4755-01A6B139,"Sakatan-Dreadmist",0x514,0x0,Creature-0-4457-249-1045-10184-000028665C,"Onyxia",0x10a48,0x0,Player-4755-01A6B139,0000000000000000,100,100,0,0,0,-1,0,0,0,9.54,-199.57,0,5.0548,69,253,157,-1,1,0,0,0,1,nil,nil
4/28 18:49:09.191  SWING_DAMAGE,Pet-0-4457-249-1045-2850-01001956F9,"Kratos",0x1114,0x0,Creature-0-4457-249-1045-10184-000028665C,"Onyxia",0x10a48,0x0,Pet-0-4457-249-1045-2850-01001956F9,Player-4755-0178F576,100,100,0,0,0,-1,0,0,0,5.73,-193.66,0,4.8178,66,51,116,-1,1,0,0,0,nil,1,nil
4/28 18:49:09.206  SPELL_CAST_SUCCESS,Player-4755-01804B95,"Moymoy-Dreadmist",0x514,0x0,Player-4755-01733879,"Hocwar-Dreadmist",0x40514,0x0,331,"Healing Wave",0x8,Player-4755-01804B95,0000000000000000,100,100,0,0,0,-1,0,0,0,14.70,-185.86,0,4.5443,66
4/28 18:49:09.273  SPELL_AURA_APPLIED,Player-4755-01733879,"Hocwar-Dreadmist",0x40514,0x0,Player-4755-01733879,"Hocwar-Dreadmist",0x40514,0x0,20007,"Holy Strength",0x2,BUFF
4/28 18:49:09.273  SPELL_HEAL,Player-4755-01733879,"Hocwar-Dreadmist",0x40514,0x0,Player-4755-01733879,"Hocwar-Dreadmist",0x40514,0x0,20007,"Holy Strength",0x2,Player-4755-01733879,0000000000000000,100,100,0,0,0,-1,0,0,0,24.20,-218.02,0,3.0992,71,123,123,123,0,nil
4/28 18:49:09.273  SWING_DAMAGE,Player-4755-01733879,"Hocwar-Dreadmist",0x40514,0x0,Creature-0-4457-249-1045-10184-000028665C,"Onyxia",0x10a48,0x0,Player-4755-01733879,0000000000000000,100,100,0,0,0,-1,0,0,0,24.20,-218.02,0,3.0992,71,104,156,-1,1,0,0,0,nil,1,nil
4/28 18:49:09.273  SPELL_DAMAGE,Player-4755-020BD78D,"Lonehunter-Dreadmist",0x514,0x0,Creature-0-4457-249-1045-10184-000028665C,"Onyxia",0x10a48,0x0,14290,"Multi-Shot",0x1,Creature-0-4457-249-1045-10184-000028665C,0000000000000000,87,100,0,0,0,-1,0,0,0,10.16,-218.04,0,0.0107,63,602,764,-1,1,0,0,0,nil,nil,nil
4/28 18:49:09.317  SWING_DAMAGE,Player-4755-0220BD00,"Krikoff-Dreadmist",0x40514,0x0,Creature-0-4457-249-1045-10184-000028665C,"Onyxia",0x10a48,0x0,Player-4755-0220BD00,0000000000000000,100,100,0,0,0,-1,0,0,0,10.75,-210.89,0,4.7163,68,169,246,-1,1,0,0,0,nil,1,nil
4/28 18:49:09.465  SPELL_CAST_SUCCESS,Player-4755-0163DD9D,"Kaspais-Dreadmist",0x514,0x0,Creature-0-4457-249-1045-10184-000028665C,"Onyxia",0x10a48,0x0,5019,"Shoot",0x1,Player-4755-0163DD9D,0000000000000000,100,100,0,0,0,-1,0,0,0,5.76,-187.76,0,4.8435,66
4/28 18:49:09.465  RANGE_DAMAGE,Player-4755-020BD78D,"Lonehunter-Dreadmist",0x514,0x0,Creature-0-4457-249-1045-10184-000028665C,"Onyxia",0x10a48,0x0,75,"Auto Shot",0x1,Creature-0-4457-249-1045-10184-000028665C,0000000000000000,87,100,0,0,0,-1,0,0,0,10.16,-218.04,0,0.0107,63,394,500,-1,1,0,0,0,nil,nil,nil
4/28 18:49:09.480  RANGE_DAMAGE,Player-4755-0163DD9D,"Kaspais-Dreadmist",0x514,0x0,Creature-0-4457-249-1045-10184-000028665C,"Onyxia",0x10a48,0x0,5019,"Shoot",0x1,Creature-0-4457-249-1045-10184-000028665C,0000000000000000,87,100,0,0,0,-1,0,0,0,10.16,-218.04,0,0.0107,63,156,141,-1,16,0,0,0,nil,nil,nil
4/28 18:49:09.495  SPELL_CAST_SUCCESS,Player-4755-01B60A5F,"Zurok-Dreadmist",0x514,0x0,Creature-0-4457-249-1045-10184-000028665C,"Onyxia",0x10a48,0x0,75,"Auto Shot",0x1,Player-4755-01B60A5F,0000000000000000,100,100,0,0,0,-1,0,0,0,14.47,-175.17,0,4.6042,62
4/28 18:49:09.528  SPELL_AURA_APPLIED,Player-4755-01AC9FD9,"Alexinho-Dreadmist",0x514,0x0,Player-4755-01AC9FD9,"Alexinho-Dreadmist",0x514,0x0,10610,"Windfury Totem",0x8,BUFF
4/28 18:49:09.528  SPELL_EXTRA_ATTACKS,Player-4755-01AC9FD9,"Alexinho-Dreadmist",0x514,0x0,Player-4755-01AC9FD9,"Alexinho-Dreadmist",0x514,0x0,10610,"Windfury Totem",0x8,1
4/28 18:49:09.528  SWING_DAMAGE,Player-4755-01AC9FD9,"Alexinho-Dreadmist",0x514,0x0,Creature-0-4457-249-1045-10184-000028665C,"Onyxia",0x10a48,0x0,Player-4755-01AC9FD9,0000000000000000,100,100,0,0,0,-1,0,0,0,14.04,-202.29,0,4.4934,66,582,362,-1,1,0,0,0,1,nil,nil
4/28 18:49:09.528  SWING_DAMAGE,Player-4755-01AC9FD9,"Alexinho-Dreadmist",0x514,0x0,Creature-0-4457-249-1045-10184-000028665C,"Onyxia",0x10a48,0x0,Player-4755-01AC9FD9,0000000000000000,100,100,0,0,0,-1,0,0,0,14.04,-202.29,0,4.4934,66,706,439,-1,1,0,0,0,1,nil,nil
4/28 18:49:09.528  SPELL_ENERGIZE,Player-4755-01F21AE6,"Blahu-Dreadmist",0x40514,0x0,Player-4755-01F21AE6,"Blahu-Dreadmist",0x40514,0x0,12964,"Unbridled Wrath",0x1,Player-4755-01F21AE6,0000000000000000,100,100,0,0,0,-1,0,0,0,13.77,-209.90,0,3.7278,70,0.1000,0.9000,1,1000
4/28 18:49:09.528  SPELL_AURA_REMOVED_DOSE,Player-4755-0178F416,"Eltorero-Dreadmist",0x514,0x0,Player-4755-0178F416,"Eltorero-Dreadmist",0x514,0x0,12970,"Flurry",0x1,BUFF,1
4/28 18:49:09.528  SPELL_AURA_REMOVED_DOSE,Player-4755-016DF694,"Ashalan-Dreadmist",0x514,0x0,Player-4755-016DF694,"Ashalan-Dreadmist",0x514,0x0,16280,"Flurry",0x1,BUFF,2
4/28 18:49:09.528  SWING_DAMAGE_LANDED,Player-4755-01A6B139,"Sakatan-Dreadmist",0x514,0x0,Creature-0-4457-249-1045-10184-000028665C,"Onyxia",0x10a48,0x0,Creature-0-4457-249-1045-10184-000028665C,0000000000000000,87,100,0,0,0,-1,0,0,0,10.16,-218.04,0,0.0107,63,253,157,-1,1,0,0,0,1,nil,nil
4/28 18:49:09.528  SWING_DAMAGE_LANDED,Pet-0-4457-249-1045-2850-01001956F9,"Kratos",0x1114,0x0,Creature-0-4457-249-1045-10184-000028665C,"Onyxia",0x10a48,0x0,Creature-0-4457-249-1045-10184-000028665C,0000000000000000,87,100,0,0,0,-1,0,0,0,10.16,-218.04,0,0.0107,63,51,116,-1,1,0,0,0,nil,1,nil
4/28 18:49:09.528  SPELL_HEAL,Player-4755-01804B95,"Moymoy-Dreadmist",0x514,0x0,Player-4755-01733879,"Hocwar-Dreadmist",0x40514,0x0,331,"Healing Wave",0x8,Player-4755-01733879,0000000000000000,100,100,0,0,0,-1,0,0,0,24.20,-218.02,0,3.0992,71,120,120,120,0,nil
4/28 18:49:09.528  SWING_DAMAGE_LANDED,Player-4755-01733879,"Hocwar-Dreadmist",0x40514,0x0,Creature-0-4457-249-1045-10184-000028665C,"Onyxia",0x10a48,0x0,Creature-0-4457-249-1045-10184-000028665C,0000000000000000,87,100,0,0,0,-1,0,0,0,10.16,-218.04,0,0.0107,63,104,156,-1,1,0,0,0,nil,1,nil
4/28 18:49:09.528  SWING_DAMAGE_LANDED,Player-4755-0220BD00,"Krikoff-Dreadmist",0x40514,0x0,Creature-0-4457-249-1045-10184-000028665C,"Onyxia",0x10a48,0x0,Creature-0-4457-249-1045-10184-000028665C,0000000000000000,87,100,0,0,0,-1,0,0,0,10.16,-218.04,0,0.0107,63,169,246,-1,1,0,0,0,nil,1,nil
4/28 18:49:09.528  SWING_DAMAGE_LANDED,Player-4755-01AC9FD9,"Alexinho-Dreadmist",0x514,0x0,Creature-0-4457-249-1045-10184-000028665C,"Onyxia",0x10a48,0x0,Creature-0-4457-249-1045-10184-000028665C,0000000000000000,87,100,0,0,0,-1,0,0,0,10.16,-218.04,0,0.0107,63,582,362,-1,1,0,0,0,1,nil,nil
4/28 18:49:09.528  SWING_DAMAGE_LANDED,Player-4755-01AC9FD9,"Alexinho-Dreadmist",0x514,0x0,Creature-0-4457-249-1045-10184-000028665C,"Onyxia",0x10a48,0x0,Creature-0-4457-249-1045-10184-000028665C,0000000000000000,87,100,0,0,0,-1,0,0,0,10.16,-218.04,0,0.0107,63,706,439,-1,1,0,0,0,1,nil,nil
4/28 18:49:09.528  SPELL_AURA_APPLIED,Player-4755-01B60A5F,"Zurok-Dreadmist",0x514,0x0,Player-4755-01733879,"Hocwar-Dreadmist",0x40514,0x0,20906,"Trueshot Aura",0x40,BUFF
4/28 18:49:09.567  SPELL_CAST_START,Player-4755-02045EF4,"Necrosini-Dreadmist",0x512,0x0,0000000000000000,nil,0x80000000,0x80000000,2054,"Heal",0x2
4/28 18:49:09.581  SPELL_PERIODIC_ENERGIZE,Creature-0-4457-249-1045-7416-0000286C79,"Mana Spring Totem IV",0x2114,0x0,Player-4755-01ED7A64,"Sperzieboon-Dreadmist",0x514,0x0,10494,"Mana Spring",0x8,Player-4755-01ED7A64,0000000000000000,100,100,0,0,0,-1,0,0,0,13.03,-190.57,0,4.7271,67,12.0000,0.0000,0,7261
4/28 18:49:09.581  SPELL_PERIODIC_ENERGIZE,Creature-0-4457-249-1045-7416-0000286C79,"Mana Spring Totem IV",0x2114,0x0,Player-4755-01804B95,"Moymoy-Dreadmist",0x514,0x0,10494,"Mana Spring",0x8,Player-4755-01804B95,0000000000000000,100,100,0,0,0,-1,0,0,0,14.70,-185.86,0,4.5443,66,12.0000,0.0000,0,5366
4/28 18:49:09.581  SPELL_PERIODIC_ENERGIZE,Creature-0-4457-249-1045-7416-0000286C79,"Mana Spring Totem IV",0x2114,0x0,Player-4755-0210153A,"Hapuseneb-Dreadmist",0x514,0x0,10494,"Mana Spring",0x8,Player-4755-0210153A,0000000000000000,100,100,0,0,0,-1,0,0,0,16.09,-197.11,0,4.4807,66,13.0000,0.0000,0,6736
4/28 18:49:09.581  SPELL_PERIODIC_ENERGIZE,Creature-0-4457-249-1045-7416-0000286C79,"Mana Spring Totem IV",0x2114,0x0,Player-4755-015FEBD5,"Sauvage-Dreadmist",0x514,0x0,10494,"Mana Spring",0x8,Player-4755-015FEBD5,0000000000000000,100,100,0,0,0,-1,0,0,0,15.89,-180.74,0,4.6048,64,13.0000,0.0000,0,6158
4/28 18:49:09.581  SPELL_PERIODIC_ENERGIZE,Creature-0-4457-249-1045-7416-0000286C79,"Mana Spring Totem IV",0x2114,0x0,Player-4755-01FA8DD8,"Roackerita-Dreadmist",0x514,0x0,10494,"Mana Spring",0x8,Player-4755-01FA8DD8,0000000000000000,100,100,0,0,0,-1,0,0,0,3.53,-182.84,0,5.5543,69,12.0000,0.0000,0,6736
4/28 18:49:09.626  SPELL_DAMAGE,Player-4755-016296D3,"Nivl-Dreadmist",0x514,0x0,Creature-0-4457-249-1045-10184-000028665C,"Onyxia",0x10a48,0x0,15208,"Lightning Bolt",0x8,Creature-0-4457-249-1045-10184-000028665C,0000000000000000,87,100,0,0,0,-1,0,0,0,10.16,-218.04,0,0.0107,63,428,569,-1,8,142,0,0,nil,nil,nil
4/28 18:49:09.647  SPELL_MISSED,Player-4755-01FA8D0D,"Roackeru-Dreadmist",0x514,0x0,Creature-0-4457-249-1045-10184-000028665C,"Onyxia",0x10a48,0x0,11661,"Shadow Bolt",0x20,RESIST,nil,0
4/28 18:49:09.647  SWING_MISSED,Player-4755-01637B0A,"Pindle-Dreadmist",0x514,0x0,Creature-0-4457-249-1045-10184-000028665C,"Onyxia",0x10a48,0x0,DODGE,nil
4/28 18:49:09.676  SWING_DAMAGE,Pet-0-4457-249-1045-9622-02002CD5BC,"Bokito",0x1114,0x0,Creature-0-4457-249-1045-10184-000028665C,"Onyxia",0x10a48,0x0,Pet-0-4457-249-1045-9622-02002CD5BC,Player-4755-020BD78D,91,100,0,0,0,-1,0,0,0,-4.27,-198.08,0,5.3385,70,192,244,-1,1,0,0,0,nil,nil,nil
4/28 18:49:09.691  SPELL_PERIODIC_DAMAGE,Player-4755-0160BD13,"Mafkees-Dreadmist",0x514,0x0,Creature-0-4457-249-1045-10184-000028665C,"Onyxia",0x10a48,0x0,12721,"Deep Wound",0x1,Creature-0-4457-249-1045-10184-000028665C,0000000000000000,87,100,0,0,0,-1,0,0,0,10.16,-218.04,0,0.0107,63,86,86,-1,1,0,0,0,nil,nil,nil
4/28 18:49:09.705  SWING_MISSED,Player-4755-01637B0A,"Pindle-Dreadmist",0x514,0x0,Creature-0-4457-249-1045-10184-000028665C,"Onyxia",0x10a48,0x0,MISS,1
4/28 18:49:09.734  SPELL_CAST_START,Player-4755-01804B95,"Moymoy-Dreadmist",0x514,0x0,0000000000000000,nil,0x80000000,0x80000000,331,"Healing Wave",0x8
4/28 18:49:09.761  SPELL_PERIODIC_ENERGIZE,Creature-0-4457-249-1045-7416-0000286C87,"Mana Spring Totem IV",0x2114,0x0,Player-4755-016296D3,"Nivl-Dreadmist",0x514,0x0,10494,"Mana Spring",0x8,Player-4755-016296D3,0000000000000000,100,100,0,0,0,-1,0,0,0,14.95,-201.70,0,4.5241,69,10.0000,0.0000,0,5845
4/28 18:49:09.761  SPELL_PERIODIC_ENERGIZE,Creature-0-4457-249-1045-7416-0000286C87,"Mana Spring Totem IV",0x2114,0x0,Player-4755-0178F576,"Atreas-Dreadmist",0x514,0x0,10494,"Mana Spring",0x8,Player-4755-0178F576,0000000000000000,100,100,0,0,0,-1,0,0,0,6.14,-178.76,0,4.8144,66,10.0000,0.0000,0,3765
4/28 18:49:09.778  SPELL_CAST_SUCCESS,Player-4755-01733879,"Hocwar-Dreadmist",0x40514,0x0,Creature-0-4457-249-1045-10184-000028665C,"Onyxia",0x10a48,0x0,11567,"Heroic Strike",0x1,Player-4755-01733879,0000000000000000,100,100,0,0,0,-1,0,0,0,24.20,-218.02,0,3.0992,71
4/28 18:49:09.778  SPELL_AURA_APPLIED,Player-4755-01733879,"Hocwar-Dreadmist",0x40514,0x0,Player-4755-01733879,"Hocwar-Dreadmist",0x40514,0x0,20007,"Holy Strength",0x2,BUFF
4/28 18:49:09.778  SPELL_HEAL,Player-4755-01733879,"Hocwar-Dreadmist",0x40514,0x0,Player-4755-01733879,"Hocwar-Dreadmist",0x40514,0x0,20007,"Holy Strength",0x2,Player-4755-01733879,0000000000000000,100,100,0,0,0,-1,0,0,0,24.20,-218.02,0,3.0992,71,103,103,103,0,nil
4/28 18:49:09.888  SWING_DAMAGE,Pet-0-4457-249-1045-7456-03003178E8,"Owl",0x1114,0x0,Creature-0-4457-249-1045-10184-000028665C,"Onyxia",0x10a48,0x0,Pet-0-4457-249-1045-7456-03003178E8,Player-4755-01B60A5F,100,100,0,0,0,-1,0,0,0,10.62,-193.45,0,4.6937,62,47,161,-1,1,0,0,0,nil,1,nil
4/28 18:49:09.917  SPELL_CAST_START,Player-4755-015FEBD5,"Sauvage-Dreadmist",0x514,0x0,0000000000000000,nil,0x80000000,0x80000000,10181,"Frostbolt",0x10
4/28 18:49:09.960  SPELL_AURA_REMOVED_DOSE,Player-4755-01AC9FD9,"Alexinho-Dreadmist",0x514,0x0,Player-4755-01AC9FD9,"Alexinho-Dreadmist",0x514,0x0,10610,"Windfury Totem",0x8,BUFF,1
4/28 18:49:09.960  SPELL_AURA_REMOVED,Player-4755-01AC9FD9,"Alexinho-Dreadmist",0x514,0x0,Player-4755-01AC9FD9,"Alexinho-Dreadmist",0x514,0x0,10610,"Windfury Totem",0x8,BUFF
4/28 18:49:09.960  SWING_DAMAGE_LANDED,Pet-0-4457-249-1045-9622-02002CD5BC,"Bokito",0x1114,0x0,Creature-0-4457-249-1045-10184-000028665C,"Onyxia",0x10a48,0x0,Creature-0-4457-249-1045-10184-000028665C,0000000000000000,87,100,0,0,0,-1,0,0,0,10.16,-218.04,0,0.0107,63,192,244,-1,1,0,0,0,nil,nil,nil
4/28 18:49:09.960  SPELL_DAMAGE,Player-4755-01733879,"Hocwar-Dreadmist",0x40514,0x0,Creature-0-4457-249-1045-10184-000028665C,"Onyxia",0x10a48,0x0,11567,"Heroic Strike",0x1,Creature-0-4457-249-1045-10184-000028665C,0000000000000000,87,100,0,0,0,-1,0,0,0,10.16,-218.04,0,0.0107,63,356,452,-1,1,0,0,0,nil,nil,nil
4/28 18:49:09.960  SWING_DAMAGE_LANDED,Pet-0-4457-249-1045-7456-03003178E8,"Owl",0x1114,0x0,Creature-0-4457-249-1045-10184-000028665C,"Onyxia",0x10a48,0x0,Creature-0-4457-249-1045-10184-000028665C,0000000000000000,87,100,0,0,0,-1,0,0,0,10.16,-218.04,0,0.0107,63,47,161,-1,1,0,0,0,nil,1,nil
4/28 18:49:09.991  SPELL_DAMAGE,Player-4755-01614AC7,"Mirrimazduur-Dreadmist",0x512,0x0,Creature-0-4457-249-1045-10184-000028665C,"Onyxia",0x10a48,0x0,11661,"Shadow Bolt",0x20,Creature-0-4457-249-1045-10184-000028665C,0000000000000000,86,100,0,0,0,-1,0,0,0,10.16,-218.04,0,0.0107,63,1879,854,-1,32,0,0,0,1,nil,nil
4/28 18:49:09.991  SPELL_CAST_START,Player-4755-0178F576,"Atreas-Dreadmist",0x514,0x0,0000000000000000,nil,0x80000000,0x80000000,75,"Auto Shot",0x1
4/28 18:49:10.068  RANGE_DAMAGE,Player-4755-01F36B30,"Rectumqeef-Dreadmist",0x514,0x0,Creature-0-4457-249-1045-10184-000028665C,"Onyxia",0x10a48,0x0,5019,"Shoot",0x1,Creature-0-4457-249-1045-10184-000028665C,0000000000000000,86,100,0,0,0,-1,0,0,0,10.16,-218.04,0,0.0107,63,83,75,-1,64,0,0,0,nil,nil,nil
4/28 18:49:10.069  SPELL_CAST_SUCCESS,Player-4755-0160BD13,"Mafkees-Dreadmist",0x514,0x0,Creature-0-4457-249-1045-10184-000028665C,"Onyxia",0x10a48,0x0,7373,"Hamstring",0x1,Player-4755-0160BD13,0000000000000000,100,100,0,0,0,-1,0,0,0,8.49,-207.52,0,4.8915,64
4/28 18:49:10.069  SPELL_CAST_SUCCESS,Player-4755-01802FE5,"Angrybat-Dreadmist",0x514,0x0,Creature-0-4457-249-1045-10184-000028665C,"Onyxia",0x10a48,0x0,10181,"Frostbolt",0x10,Player-4755-01802FE5,0000000000000000,100,100,0,0,0,-1,0,0,0,12.24,-179.84,0,4.5664,66
4/28 18:49:10.098  SWING_DAMAGE,Player-4755-01F21AE6,"Blahu-Dreadmist",0x40514,0x0,Creature-0-4457-249-1045-10184-000028665C,"Onyxia",0x10a48,0x0,Player-4755-01F21AE6,0000000000000000,100,100,0,0,0,-1,0,0,0,12.30,-207.21,0,3.6354,70,95,143,-1,1,0,0,0,nil,1,nil
4/28 18:49:10.158  SWING_DAMAGE,Player-4755-01840577,"Raggèn-Dreadmist",0x514,0x0,Creature-0-4457-249-1045-10184-000028665C,"Onyxia",0x10a48,0x0,Player-4755-01840577,0000000000000000,100,100,0,0,0,-1,0,0,0,11.90,-207.70,0,4.7038,67,416,527,-1,1,0,0,0,nil,nil,nil
4/28 18:49:10.185  SPELL_DAMAGE,Player-4755-021D6506,"Bloodlady-Dreadmist",0x514,0x0,Creature-0-4457-249-1045-10184-000028665C,"Onyxia",0x10a48,0x0,10181,"Frostbolt",0x10,Creature-0-4457-249-1045-10184-000028665C,0000000000000000,86,100,0,0,0,-1,0,0,0,10.16,-218.04,0,0.0107,63,1002,911,-1,16,0,0,0,nil,nil,nil
4/28 18:49:10.200  SPELL_CAST_SUCCESS,Player-4755-01FA8DD8,"Roackerita-Dreadmist",0x514,0x0,Player-4755-0220BD00,"Krikoff-Dreadmist",0x40514,0x0,2055,"Heal",0x2,Player-4755-01FA8DD8,0000000000000000,100,100,0,0,0,-1,0,0,0,3.53,-182.84,0,5.5543,69
4/28 18:49:10.200  SPELL_CAST_START,Player-4755-01E83279,"Nlmasters-Dreadmist",0x514,0x8,0000000000000000,nil,0x80000000,0x80000000,75,"Auto Shot",0x1
4/28 18:49:10.215  SWING_DAMAGE,Pet-0-4457-249-1045-2850-01001956F9,"Kratos",0x1114,0x0,Creature-0-4457-249-1045-10184-000028665C,"Onyxia",0x10a48,0x0,Pet-0-4457-249-1045-2850-01001956F9,Player-4755-0178F576,100,100,0,0,0,-1,0,0,0,5.73,-193.66,0,4.8178,66,101,127,-1,1,0,0,0,nil,nil,nil
4/28 18:49:10.272  SPELL_PERIODIC_DAMAGE,Player-4755-0178F416,"Eltorero-Dreadmist",0x514,0x0,Creature-0-4457-249-1045-10184-000028665C,"Onyxia",0x10a48,0x0,12721,"Deep Wound",0x1,Creature-0-4457-249-1045-10184-000028665C,0000000000000000,86,100,0,0,0,-1,0,0,0,10.16,-218.04,0,0.0107,63,111,110,-1,1,0,0,0,nil,nil,nil
4/28 18:49:10.328  SPELL_CAST_SUCCESS,Player-4755-01617EEE,"Fenix-Dreadmist",0x512,0x0,Player-4755-01733879,"Hocwar-Dreadmist",0x40514,0x0,6064,"Heal",0x2,Player-4755-01617EEE,0000000000000000,100,100,0,0,0,-1,0,0,0,26.44,-181.95,0,4.6344,66
4/28 18:49:10.344  SWING_DAMAGE,Player-4755-01A6B139,"Sakatan-Dreadmist",0x514,0x0,Creature-0-4457-249-1045-10184-000028665C,"Onyxia",0x10a48,0x0,Player-4755-01A6B139,0000000000000000,100,100,0,0,0,-1,0,0,0,9.54,-199.57,0,5.0548,69,148,197,-1,1,0,0,0,nil,1,nil
4/28 18:49:10.344  SPELL_AURA_APPLIED,Pet-0-4457-249-1045-7456-03003178E8,"Owl",0x1114,0x0,Pet-0-4457-249-1045-7456-03003178E8,"Owl",0x1114,0x0,23148,"Dive",0x1,BUFF
4/28 18:49:10.344  SPELL_CAST_SUCCESS,Pet-0-4457-249-1045-7456-03003178E8,"Owl",0x1114,0x0,0000000000000000,nil,0x80000000,0x80000000,23148,"Dive",0x1,Pet-0-4457-249-1045-7456-03003178E8,Player-4755-01B60A5F,100,100,0,0,0,-1,0,0,0,10.62,-193.45,0,4.6937,62
4/28 18:49:10.344  SPELL_ENERGIZE,Player-4755-01733879,"Hocwar-Dreadmist",0x40514,0x0,Player-4755-01733879,"Hocwar-Dreadmist",0x40514,0x0,12964,"Unbridled Wrath",0x1,Player-4755-01733879,0000000000000000,100,100,0,0,0,-1,0,0,0,23.37,-218.01,0,3.1385,71,1.0000,0.0000,1,1000
4/28 18:49:10.344  SPELL_DAMAGE,Player-4755-0160BD13,"Mafkees-Dreadmist",0x514,0x0,Creature-0-4457-249-1045-10184-000028665C,"Onyxia",0x10a48,0x0,7373,"Hamstring",0x1,Creature-0-4457-249-1045-10184-000028665C,0000000000000000,86,100,0,0,0,-1,0,0,0,10.16,-218.04,0,0.0107,63,79,45,-1,1,0,0,0,1,nil,nil
4/28 18:49:10.344  SWING_DAMAGE_LANDED,Player-4755-01F21AE6,"Blahu-Dreadmist",0x40514,0x0,Creature-0-4457-249-1045-10184-000028665C,"Onyxia",0x10a48,0x0,Creature-0-4457-249-1045-10184-000028665C,0000000000000000,86,100,0,0,0,-1,0,0,0,10.16,-218.04,0,0.0107,63,95,143,-1,1,0,0,0,nil,1,nil
4/28 18:49:10.344  SWING_DAMAGE_LANDED,Player-4755-01840577,"Raggèn-Dreadmist",0x514,0x0,Creature-0-4457-249-1045-10184-000028665C,"Onyxia",0x10a48,0x0,Creature-0-4457-249-1045-10184-000028665C,0000000000000000,86,100,0,0,0,-1,0,0,0,10.16,-218.04,0,0.0107,63,416,527,-1,1,0,0,0,nil,nil,nil
4/28 18:49:10.344  SPELL_HEAL,Player-4755-01FA8DD8,"Roackerita-Dreadmist",0x514,0x0,Player-4755-0220BD00,"Krikoff-Dreadmist",0x40514,0x0,2055,"Heal",0x2,Player-4755-0220BD00,0000000000000000,100,100,0,0,0,-1,0,0,0,10.75,-210.89,0,4.7163,68,1116,1116,1116,0,nil
4/28 18:49:10.344  SWING_DAMAGE_LANDED,Pet-0-4457-249-1045-2850-01001956F9,"Kratos",0x1114,0x0,Creature-0-4457-249-1045-10184-000028665C,"Onyxia",0x10a48,0x0,Creature-0-4457-249-1045-10184-000028665C,0000000000000000,86,100,0,0,0,-1,0,0,0,10.16,-218.04,0,0.0107,63,101,127,-1,1,0,0,0,nil,nil,nil
4/28 18:49:10.344  SPELL_HEAL,Player-4755-01617EEE,"Fenix-Dreadmist",0x512,0x0,Player-4755-01733879,"Hocwar-Dreadmist",0x40514,0x0,6064,"Heal",0x2,Player-4755-01733879,0000000000000000,100,100,0,0,0,-1,0,0,0,23.37,-218.01,0,3.1385,71,2099,2099,2099,0,1
4/28 18:49:10.344  SWING_DAMAGE_LANDED,Player-4755-01A6B139,"Sakatan-Dreadmist",0x514,0x0,Creature-0-4457-249-1045-10184-000028665C,"Onyxia",0x10a48,0x0,Creature-0-4457-249-1045-10184-000028665C,0000000000000000,86,100,0,0,0,-1,0,0,0,10.16,-218.04,0,0.0107,63,148,197,-1,1,0,0,0,nil,1,nil
4/28 18:49:10.380  SPELL_CAST_START,Player-4755-01F36B30,"Rectumqeef-Dreadmist",0x514,0x0,0000000000000000,nil,0x80000000,0x80000000,11672,"Corruption",0x20
4/28 18:49:10.380  SPELL_CAST_SUCCESS,Player-4755-01F36B30,"Rectumqeef-Dreadmist",0x514,0x0,Creature-0-4457-249-1045-10184-000028665C,"Onyxia",0x10a48,0x0,11672,"Corruption",0x20,Player-4755-01F36B30,0000000000000000,100,100,0,0,0,-1,0,0,0,11.80,-188.94,0,4.6695,66
4/28 18:49:10.380  SPELL_DAMAGE,Player-4755-01B60A5F,"Zurok-Dreadmist",0x514,0x0,Creature-0-4457-249-1045-10184-000028665C,"Onyxia",0x10a48,0x0,14290,"Multi-Shot",0x1,Creature-0-4457-249-1045-10184-000028665C,0000000000000000,86,100,0,0,0,-1,0,0,0,10.16,-218.04,0,0.0107,63,1255,669,-1,1,0,0,0,1,nil,nil
4/28 18:49:10.397  SPELL_DAMAGE,Player-4755-015FEBD5,"Sauvage-Dreadmist",0x514,0x0,Creature-0-4457-249-1045-10184-000028665C,"Onyxia",0x10a48,0x0,10181,"Frostbolt",0x10,Creature-0-4457-249-1045-10184-000028665C,0000000000000000,86,100,0,0,0,-1,0,0,0,10.16,-218.04,0,0.0107,63,897,816,-1,16,0,0,0,nil,nil,nil
4/28 18:49:10.426  SWING_MISSED,Player-4755-01AC9FD9,"Alexinho-Dreadmist",0x514,0x0,Creature-0-4457-249-1045-10184-000028665C,"Onyxia",0x10a48,0x0,DODGE,1
4/28 18:49:10.459  SPELL_PERIODIC_DAMAGE,Player-4755-01614AC7,"Mirrimazduur-Dreadmist",0x512,0x0,Creature-0-4457-249-1045-10184-000028665C,"Onyxia",0x10a48,0x0,11672,"Corruption",0x20,Creature-0-4457-249-1045-10184-000028665C,0000000000000000,86,100,0,0,0,-1,0,0,0,10.16,-218.04,0,0.0107,63,208,188,-1,32,0,0,0,nil,nil,nil
4/28 18:49:10.459  SPELL_CAST_SUCCESS,Player-4755-01614AC7,"Mirrimazduur-Dreadmist",0x512,0x0,Creature-0-4457-249-1045-10184-000028665C,"Onyxia",0x10a48,0x0,11661,"Shadow Bolt",0x20,Player-4755-01614AC7,0000000000000000,100,100,0,0,0,-1,0,0,0,-1.52,-178.92,0,4.9074,68
4/28 18:49:10.459  SPELL_CAST_START,Player-4755-01614AC7,"Mirrimazduur-Dreadmist",0x512,0x0,0000000000000000,nil,0x80000000,0x80000000,11661,"Shadow Bolt",0x20
4/28 18:49:10.459  SPELL_CAST_SUCCESS,Player-4755-0178F576,"Atreas-Dreadmist",0x514,0x0,Creature-0-4457-249-1045-10184-000028665C,"Onyxia",0x10a48,0x0,75,"Auto Shot",0x1,Player-4755-0178F576,0000000000000000,100,100,0,0,0,-1,0,0,0,6.14,-178.76,0,4.8144,66
4/28 18:49:10.459  SPELL_CAST_SUCCESS,Player-4755-0220BD00,"Krikoff-Dreadmist",0x40514,0x0,Creature-0-4457-249-1045-10184-000028665C,"Onyxia",0x10a48,0x0,11567,"Heroic Strike",0x1,Player-4755-0220BD00,0000000000000000,100,100,0,0,0,-1,0,0,0,10.75,-210.89,0,4.7163,68
4/28 18:49:10.490  SPELL_AURA_REMOVED,Player-4755-01AC9FD9,"Alexinho-Dreadmist",0x514,0x0,Player-4755-01AC9FD9,"Alexinho-Dreadmist",0x514,0x0,6774,"Slice and Dice",0x1,BUFF
4/28 18:49:10.510  SWING_MISSED,Player-4755-01A6B139,"Sakatan-Dreadmist",0x514,0x0,Creature-0-4457-249-1045-10184-000028665C,"Onyxia",0x10a48,0x0,MISS,1
4/28 18:49:10.572  SPELL_CAST_START,Player-4755-020BD78D,"Lonehunter-Dreadmist",0x514,0x0,0000000000000000,nil,0x80000000,0x80000000,75,"Auto Shot",0x1
4/28 18:49:10.586  RANGE_DAMAGE,Player-4755-01B60A5F,"Zurok-Dreadmist",0x514,0x0,Creature-0-4457-249-1045-10184-000028665C,"Onyxia",0x10a48,0x0,75,"Auto Shot",0x1,Creature-0-4457-249-1045-10184-000028665C,0000000000000000,86,100,0,0,0,-1,0,0,0,10.16,-218.04,0,0.0107,63,362,460,-1,1,0,0,0,nil,nil,nil
4/28 18:49:10.586  SWING_DAMAGE,Player-4755-01F21AE6,"Blahu-Dreadmist",0x40514,0x0,Creature-0-4457-249-1045-10184-000028665C,"Onyxia",0x10a48,0x0,Player-4755-01F21AE6,0000000000000000,100,100,0,0,0,-1,0,0,0,13.45,-207.49,0,4.6774,70,162,323,-1,1,0,0,0,nil,1,nil
4/28 18:49:10.586  SPELL_CAST_SUCCESS,Player-4755-01FA8D0D,"Roackeru-Dreadmist",0x514,0x0,Creature-0-4457-249-1045-10184-000028665C,"Onyxia",0x10a48,0x0,11661,"Shadow Bolt",0x20,Player-4755-01FA8D0D,0000000000000000,100,100,0,0,0,-1,0,0,0,14.13,-180.96,0,4.6613,65
4/28 18:49:10.635  SPELL_CAST_SUCCESS,Player-4755-01E83279,"Nlmasters-Dreadmist",0x514,0x8,Creature-0-4457-249-1045-10184-000028665C,"Onyxia",0x10a48,0x0,75,"Auto Shot",0x1,Player-4755-01E83279,0000000000000000,100,100,0,0,0,-1,0,0,0,-3.02,-183.55,0,5.0359,70
4/28 18:49:10.652  SPELL_CAST_SUCCESS,Player-4755-016DF694,"Ashalan-Dreadmist",0x514,0x0,Creature-0-4457-249-1045-10184-000028665C,"Onyxia",0x10a48,0x0,10473,"Frost Shock",0x10,Player-4755-016DF694,0000000000000000,100,100,0,0,0,-1,0,0,0,11.03,-206.98,0,4.5365,67
4/28 18:49:10.728  SPELL_CAST_START,Player-4755-0163DD9D,"Kaspais-Dreadmist",0x514,0x0,0000000000000000,nil,0x80000000,0x80000000,10181,"Frostbolt",0x10
4/28 18:49:10.747  SPELL_ENERGIZE,Player-4755-01733879,"Hocwar-Dreadmist",0x40514,0x0,Player-4755-01733879,"Hocwar-Dreadmist",0x40514,0x0,12964,"Unbridled Wrath",0x1,Player-4755-01733879,0000000000000000,100,100,0,0,0,-1,0,0,0,23.37,-218.01,0,3.1110,71,1.0000,0.0000,1,1000
4/28 18:49:10.747  SPELL_AURA_APPLIED,Player-4755-01614AC7,"Mirrimazduur-Dreadmist",0x512,0x0,Creature-0-4457-249-1045-10184-000028665C,"Onyxia",0x10a48,0x0,17800,"Shadow Vulnerability",0x20,DEBUFF
4/28 18:49:10.747  SPELL_AURA_APPLIED_DOSE,Player-4755-0160BD13,"Mafkees-Dreadmist",0x514,0x0,Player-4755-0160BD13,"Mafkees-Dreadmist",0x514,0x0,12970,"Flurry",0x1,BUFF,3
4/28 18:49:10.747  SPELL_AURA_REMOVED,Player-4755-01F21AE6,"Blahu-Dreadmist",0x40514,0x0,Player-4755-01F21AE6,"Blahu-Dreadmist",0x40514,0x0,12970,"Flurry",0x1,BUFF
4/28 18:49:10.747  SPELL_AURA_REMOVED_DOSE,Player-4755-01840577,"Raggèn-Dreadmist",0x514,0x0,Player-4755-01840577,"Raggèn-Dreadmist",0x514,0x0,16280,"Flurry",0x1,BUFF,1
4/28 18:49:10.747  SPELL_AURA_APPLIED,Player-4755-01F36B30,"Rectumqeef-Dreadmist",0x514,0x0,Creature-0-4457-249-1045-10184-000028665C,"Onyxia",0x10a48,0x0,11672,"Corruption",0x20,DEBUFF
4/28 18:49:10.771  SPELL_DAMAGE,Player-4755-0220BD00,"Krikoff-Dreadmist",0x40514,0x0,Creature-0-4457-249-1045-10184-000028665C,"Onyxia",0x10a48,0x0,11567,"Heroic Strike",0x1,Creature-0-4457-249-1045-10184-000028665C,0000000000000000,86,100,0,0,0,-1,0,0,0,10.16,-218.04,0,0.0107,63,388,492,-1,1,0,0,0,nil,nil,nil
4/28 18:49:10.771  SWING_DAMAGE_LANDED,Player-4755-01F21AE6,"Blahu-Dreadmist",0x40514,0x0,Creature-0-4457-249-1045-10184-000028665C,"Onyxia",0x10a48,0x0,Creature-0-4457-249-1045-10184-000028665C,0000000000000000,86,100,0,0,0,-1,0,0,0,10.16,-218.04,0,0.0107,63,162,323,-1,1,0,0,0,nil,1,nil
4/28 18:49:10.771  SPELL_DAMAGE,Player-4755-016DF694,"Ashalan-Dreadmist",0x514,0x0,Creature-0-4457-249-1045-10184-000028665C,"Onyxia",0x10a48,0x0,10473,"Frost Shock",0x10,Creature-0-4457-249-1045-10184-000028665C,0000000000000000,86,100,0,0,0,-1,0,0,0,10.16,-218.04,0,0.0107,63,591,537,-1,16,0,0,0,nil,nil,nil
4/28 18:49:10.790  SWING_DAMAGE,Player-4755-01637B0A,"Pindle-Dreadmist",0x514,0x0,Creature-0-4457-249-1045-10184-000028665C,"Onyxia",0x10a48,0x0,Player-4755-01637B0A,0000000000000000,100,100,0,0,0,-1,0,0,0,8.72,-208.37,0,4.9671,65,199,123,-1,1,0,0,0,1,nil,nil
4/28 18:49:10.819  SPELL_CAST_START,Player-4755-01ED7A64,"Sperzieboon-Dreadmist",0x514,0x0,0000000000000000,nil,0x80000000,0x80000000,6063,"Heal",0x2
4/28 18:49:10.819  SPELL_CAST_START,Player-4755-01FA8D0D,"Roackeru-Dreadmist",0x514,0x0,0000000000000000,nil,0x80000000,0x80000000,11661,"Shadow Bolt",0x20
4/28 18:49:10.877  SWING_DAMAGE,Player-4755-01733879,"Hocwar-Dreadmist",0x40514,0x0,Creature-0-4457-249-1045-10184-000028665C,"Onyxia",0x10a48,0x0,Player-4755-01733879,0000000000000000,100,100,0,0,0,-1,0,0,0,23.37,-218.01,0,3.1110,71,273,173,-1,1,0,0,0,1,nil,nil
4/28 18:49:10.907  SPELL_AURA_REMOVED,Player-4755-0160BD13,"Mafkees-Dreadmist",0x514,0x0,Player-4755-0160BD13,"Mafkees-Dreadmist",0x514,0x0,2458,"Berserker Stance",0x1,BUFF
4/28 18:49:10.907  SPELL_AURA_APPLIED,Player-4755-0160BD13,"Mafkees-Dreadmist",0x514,0x0,Player-4755-0160BD13,"Mafkees-Dreadmist",0x514,0x0,2457,"Battle Stance",0x1,BUFF
4/28 18:49:10.907  SPELL_CAST_SUCCESS,Player-4755-0160BD13,"Mafkees-Dreadmist",0x514,0x0,0000000000000000,nil,0x80000000,0x80000000,2457,"Battle Stance",0x1,Player-4755-0160BD13,0000000000000000,100,100,0,0,0,-1,0,0,0,8.49,-207.52,0,4.8875,64
4/28 18:49:10.923  SPELL_CAST_SUCCESS,Player-4755-020BD78D,"Lonehunter-Dreadmist",0x514,0x0,Creature-0-4457-249-1045-10184-000028665C,"Onyxia",0x10a48,0x0,75,"Auto Shot",0x1,Player-4755-020BD78D,0000000000000000,100,100,0,0,0,-1,0,0,0,1.62,-179.46,0,4.9304,70
4/28 18:49:10.940  SPELL_CAST_SUCCESS,Creature-0-4457-249-1045-10184-000028665C,"Onyxia",0x10a48,0x0,Player-4755-01733879,"Hocwar-Dreadmist",0x40514,0x0,19983,"Cleave",0x1,Creature-0-4457-249-1045-10184-000028665C,0000000000000000,86,100,0,0,0,-1,0,0,0,10.16,-218.04,0,0.0107,63
4/28 18:49:10.940  SPELL_CAST_START,Player-4755-01E83279,"Nlmasters-Dreadmist",0x514,0x8,0000000000000000,nil,0x80000000,0x80000000,20904,"Aimed Shot",0x1
4/28 18:49:11.003  RANGE_DAMAGE,Player-4755-0163DD9D,"Kaspais-Dreadmist",0x514,0x0,Creature-0-4457-249-1045-10184-000028665C,"Onyxia",0x10a48,0x0,5019,"Shoot",0x1,Creature-0-4457-249-1045-10184-000028665C,0000000000000000,86,100,0,0,0,-1,0,0,0,10.16,-218.04,0,0.0107,63,123,111,-1,16,0,0,0,nil,nil,nil
4/28 18:49:11.047  SWING_DAMAGE,Player-4755-01637B0A,"Pindle-Dreadmist",0x514,0x0,Creature-0-4457-249-1045-10184-000028665C,"Onyxia",0x10a48,0x0,Player-4755-01637B0A,0000000000000000,100,100,0,0,0,-1,0,0,0,8.72,-208.37,0,4.9671,65,294,183,-1,1,0,0,0,1,nil,nil
4/28 18:49:11.061  SPELL_AURA_REMOVED,Player-4755-01637B0A,"Pindle-Dreadmist",0x514,0x0,Player-4755-01637B0A,"Pindle-Dreadmist",0x514,0x0,6774,"Slice and Dice",0x1,BUFF
4/28 18:49:11.149  SPELL_AURA_REFRESH,Player-4755-0160BD13,"Mafkees-Dreadmist",0x514,0x0,Creature-0-4457-249-1045-10184-000028665C,"Onyxia",0x10a48,0x0,12721,"Deep Wound",0x1,DEBUFF
4/28 18:49:11.149  SPELL_AURA_APPLIED,Player-4755-01617EEE,"Fenix-Dreadmist",0x512,0x0,Player-4755-01733879,"Hocwar-Dreadmist",0x40514,0x0,15359,"Inspiration",0x2,BUFF
4/28 18:49:11.149  SWING_DAMAGE_LANDED,Player-4755-01637B0A,"Pindle-Dreadmist",0x514,0x0,Creature-0-4457-249-1045-10184-000028665C,"Onyxia",0x10a48,0x0,Creature-0-4457-249-1045-10184-000028665C,0000000000000000,86,100,0,0,0,-1,0,0,0,10.16,-218.04,0,0.0107,63,199,123,-1,1,0,0,0,1,nil,nil
4/28 18:49:11.149  SWING_DAMAGE_LANDED,Player-4755-01733879,"Hocwar-Dreadmist",0x40514,0x0,Creature-0-4457-249-1045-10184-000028665C,"Onyxia",0x10a48,0x0,Creature-0-4457-249-1045-10184-000028665C,0000000000000000,86,100,0,0,0,-1,0,0,0,10.16,-218.04,0,0.0107,63,273,173,-1,1,0,0,0,1,nil,nil
4/28 18:49:11.149  SPELL_DAMAGE,Creature-0-4457-249-1045-10184-000028665C,"Onyxia",0x10a48,0x0,Player-4755-01733879,"Hocwar-Dreadmist",0x40514,0x0,19983,"Cleave",0x1,Player-4755-01733879,0000000000000000,85,100,0,0,0,-1,0,0,0,23.37,-218.01,0,3.1110,71,907,1731,-1,1,0,0,0,nil,nil,nil
4/28 18:49:11.149  SWING_DAMAGE_LANDED,Player-4755-01637B0A,"Pindle-Dreadmist",0x514,0x0,Creature-0-4457-249-1045-10184-000028665C,"Onyxia",0x10a48,0x0,Creature-0-4457-249-1045-10184-000028665C,0000000000000000,86,100,0,0,0,-1,0,0,0,10.16,-218.04,0,0.0107,63,294,183,-1,1,0,0,0,1,nil,nil
4/28 18:49:11.213  SWING_MISSED,Pet-0-4457-249-1045-2850-01001956F9,"Kratos",0x1114,0x0,Creature-0-4457-249-1045-10184-000028665C,"Onyxia",0x10a48,0x0,MISS,nil
4/28 18:49:11.242  SPELL_CAST_SUCCESS,Player-4755-0160BD13,"Mafkees-Dreadmist",0x514,0x0,Creature-0-4457-249-1045-10184-000028665C,"Onyxia",0x10a48,0x0,11567,"Heroic Strike",0x1,Player-4755-0160BD13,0000000000000000,100,100,0,0,0,-1,0,0,0,8.49,-207.52,0,4.8875,64
4/28 18:49:11.242  SPELL_AURA_REMOVED_DOSE,Player-4755-0160BD13,"Mafkees-Dreadmist",0x514,0x0,Player-4755-0160BD13,"Mafkees-Dreadmist",0x514,0x0,12970,"Flurry",0x1,BUFF,2
4/28 18:49:11.242  SPELL_AURA_APPLIED,Player-4755-0160BD13,"Mafkees-Dreadmist",0x514,0x0,Player-4755-0160BD13,"Mafkees-Dreadmist",0x514,0x0,20007,"Holy Strength",0x2,BUFF
4/28 18:49:11.242  SPELL_HEAL,Player-4755-0160BD13,"Mafkees-Dreadmist",0x514,0x0,Player-4755-0160BD13,"Mafkees-Dreadmist",0x514,0x0,20007,"Holy Strength",0x2,Player-4755-0160BD13,0000000000000000,100,100,0,0,0,-1,0,0,0,8.49,-207.52,0,4.8875,64,118,118,118,0,nil
4/28 18:49:11.242  SPELL_CAST_SUCCESS,Player-4755-021D6506,"Bloodlady-Dreadmist",0x514,0x0,Creature-0-4457-249-1045-10184-000028665C,"Onyxia",0x10a48,0x0,10181,"Frostbolt",0x10,Player-4755-021D6506,0000000000000000,100,100,0,0,0,-1,0,0,0,2.16,-178.47,0,4.9285,69
4/28 18:49:11.242  SPELL_CAST_START,Player-4755-021D6506,"Bloodlady-Dreadmist",0x514,0x0,0000000000000000,nil,0x80000000,0x80000000,10181,"Frostbolt",0x10
4/28 18:49:11.362  SWING_MISSED,Player-4755-016296D3,"Nivl-Dreadmist",0x514,0x0,Creature-0-4457-249-1045-10184-000028665C,"Onyxia",0x10a48,0x0,MISS,nil
4/28 18:49:11.377  SPELL_CAST_SUCCESS,Player-4755-01733879,"Hocwar-Dreadmist",0x40514,0x0,Creature-0-4457-249-1045-10184-000028665C,"Onyxia",0x10a48,0x0,23881,"Bloodthirst",0x1,Player-4755-01733879,0000000000000000,85,100,0,0,0,-1,0,0,0,23.37,-218.01,0,3.1110,71
4/28 18:49:11.377  SPELL_AURA_APPLIED,Player-4755-01733879,"Hocwar-Dreadmist",0x40514,0x0,Player-4755-01733879,"Hocwar-Dreadmist",0x40514,0x0,10610,"Windfury Totem",0x8,BUFF
4/28 18:49:11.377  SPELL_EXTRA_ATTACKS,Player-4755-01733879,"Hocwar-Dreadmist",0x40514,0x0,Player-4755-01733879,"Hocwar-Dreadmist",0x40514,0x0,10610,"Windfury Totem",0x8,1
4/28 18:49:11.394  SPELL_CAST_SUCCESS,Player-4755-01733879,"Hocwar-Dreadmist",0x40514,0x0,Creature-0-4457-249-1045-10184-000028665C,"Onyxia",0x10a48,0x0,11567,"Heroic Strike",0x1,Player-4755-01733879,0000000000000000,85,100,0,0,0,-1,0,0,0,23.37,-218.01,0,3.1110,71
4/28 18:49:11.394  SPELL_MISSED,Player-4755-01733879,"Hocwar-Dreadmist",0x40514,0x0,Creature-0-4457-249-1045-10184-000028665C,"Onyxia",0x10a48,0x0,11567,"Heroic Strike",0x1,DODGE,nil
4/28 18:49:11.394  SPELL_AURA_REMOVED_DOSE,Player-4755-01733879,"Hocwar-Dreadmist",0x40514,0x0,Player-4755-01733879,"Hocwar-Dreadmist",0x40514,0x0,10610,"Windfury Totem",0x8,BUFF,1
4/28 18:49:11.412  SPELL_CAST_START,Player-4755-0210153A,"Hapuseneb-Dreadmist",0x514,0x0,0000000000000000,nil,0x80000000,0x80000000,2053,"Lesser Heal",0x2
4/28 18:49:11.447  RANGE_DAMAGE,Player-4755-0178F576,"Atreas-Dreadmist",0x514,0x0,Creature-0-4457-249-1045-10184-000028665C,"Onyxia",0x10a48,0x0,75,"Auto Shot",0x1,Creature-0-4457-249-1045-10184-000028665C,0000000000000000,86,100,0,0,0,-1,0,0,0,10.16,-218.04,0,0.0107,63,1006,536,-1,1,0,0,0,1,nil,nil
4/28 18:49:11.447  SPELL_DAMAGE,Player-4755-01802FE5,"Angrybat-Dreadmist",0x514,0x0,Creature-0-4457-249-1045-10184-000028665C,"Onyxia",0x10a48,0x0,10181,"Frostbolt",0x10,Creature-0-4457-249-1045-10184-000028665C,0000000000000000,86,100,0,0,0,-1,0,0,0,10.16,-218.04,0,0.0107,63,973,884,-1,16,0,0,0,nil,nil,nil
4/28 18:49:11.552  SPELL_CAST_START,Player-4755-01B60A5F,"Zurok-Dreadmist",0x514,0x0,0000000000000000,nil,0x80000000,0x80000000,75,"Auto Shot",0x1
4/28 18:49:11.554  SPELL_ENERGIZE,Player-4755-0220BD00,"Krikoff-Dreadmist",0x40514,0x0,Player-4755-0220BD00,"Krikoff-Dreadmist",0x40514,0x0,12964,"Unbridled Wrath",0x1,Player-4755-0220BD00,0000000000000000,100,100,0,0,0,-1,0,0,0,10.75,-210.89,0,4.7163,68,1.0000,0.0000,1,1000
4/28 18:49:11.554  SPELL_ENERGIZE,Player-4755-01F21AE6,"Blahu-Dreadmist",0x40514,0x0,Player-4755-01F21AE6,"Blahu-Dreadmist",0x40514,0x0,12964,"Unbridled Wrath",0x1,Player-4755-01F21AE6,0000000000000000,100,100,0,0,0,-1,0,0,0,13.38,-209.41,0,4.6774,70,0.0000,1.0000,1,1000
4/28 18:49:11.554  SPELL_AURA_APPLIED,Player-4755-01733879,"Hocwar-Dreadmist",0x40514,0x0,Player-4755-01733879,"Hocwar-Dreadmist",0x40514,0x0,12970,"Flurry",0x1,BUFF
4/28 18:49:11.554  SPELL_AURA_REMOVED,Player-4755-01733879,"Hocwar-Dreadmist",0x40514,0x0,Player-4755-01733879,"Hocwar-Dreadmist",0x40514,0x0,10610,"Windfury Totem",0x8,BUFF
4/28 18:49:11.554  SPELL_DAMAGE,Player-4755-0160BD13,"Mafkees-Dreadmist",0x514,0x0,Creature-0-4457-249-1045-10184-000028665C,"Onyxia",0x10a48,0x0,11567,"Heroic Strike",0x1,Creature-0-4457-249-1045-10184-000028665C,0000000000000000,86,100,0,0,0,-1,0,0,0,10.16,-218.04,0,0.0107,63,564,716,-1,1,0,0,0,nil,nil,nil
4/28 18:49:11.554  SPELL_DAMAGE,Player-4755-01733879,"Hocwar-Dreadmist",0x40514,0x0,Creature-0-4457-249-1045-10184-000028665C,"Onyxia",0x10a48,0x0,23881,"Bloodthirst",0x1,Creature-0-4457-249-1045-10184-000028665C,0000000000000000,85,100,0,0,0,-1,0,0,0,10.16,-218.04,0,0.0107,63,630,799,-1,1,0,0,0,nil,nil,nil
4/28 18:49:11.554  SPELL_AURA_APPLIED,Player-4755-01733879,"Hocwar-Dreadmist",0x40514,0x0,Player-4755-01733879,"Hocwar-Dreadmist",0x40514,0x0,23885,"Bloodthirst",0x1,BUFF
4/28 18:49:11.554  SPELL_MISSED,Player-4755-01802FE5,"Angrybat-Dreadmist",0x514,0x0,Creature-0-4457-249-1045-10184-000028665C,"Onyxia",0x10a48,0x0,12579,"Winter's Chill",0x10,RESIST,nil,0
4/28 18:49:11.554  RANGE_DAMAGE,Player-4755-01E83279,"Nlmasters-Dreadmist",0x514,0x8,Creature-0-4457-249-1045-10184-000028665C,"Onyxia",0x10a48,0x0,75,"Auto Shot",0x1,Creature-0-4457-249-1045-10184-000028665C,0000000000000000,85,100,0,0,0,-1,0,0,0,10.16,-218.04,0,0.0107,63,860,487,-1,1,0,0,0,1,nil,nil
4/28 18:49:11.577  SPELL_CAST_SUCCESS,Player-4755-0160BD13,"Mafkees-Dreadmist",0x514,0x0,Creature-0-4457-249-1045-10184-000028665C,"Onyxia",0x10a48,0x0,11585,"Overpower",0x1,Player-4755-0160BD13,0000000000000000,100,100,0,0,0,-1,0,0,0,8.49,-207.52,0,4.8797,64
4/28 18:49:11.577  SPELL_AURA_APPLIED,Player-4755-01637B0A,"Pindle-Dreadmist",0x514,0x0,Player-4755-01637B0A,"Pindle-Dreadmist",0x514,0x0,6774,"Slice and Dice",0x1,BUFF
4/28 18:49:11.577  SPELL_CAST_SUCCESS,Player-4755-01637B0A,"Pindle-Dreadmist",0x514,0x0,Creature-0-4457-249-1045-10184-000028665C,"Onyxia",0x10a48,0x0,6774,"Slice and Dice",0x1,Player-4755-01637B0A,0000000000000000,100,100,0,0,0,-1,0,0,0,8.72,-208.37,0,4.9671,65
4/28 18:49:11.594  SWING_DAMAGE,Player-4755-016DF694,"Ashalan-Dreadmist",0x514,0x0,Creature-0-4457-249-1045-10184-000028665C,"Onyxia",0x10a48,0x0,Player-4755-016DF694,0000000000000000,100,100,0,0,0,-1,0,0,0,10.21,-207.56,0,4.5365,67,312,578,-1,1,0,0,0,nil,1,nil
4/28 18:49:11.594  SPELL_PERIODIC_ENERGIZE,Creature-0-4457-249-1045-7416-0000286C79,"Mana Spring Totem IV",0x2114,0x0,Player-4755-01FA8DD8,"Roackerita-Dreadmist",0x514,0x0,10494,"Mana Spring",0x8,Player-4755-01FA8DD8,0000000000000000,100,100,0,0,0,-1,0,0,0,3.53,-182.84,0,5.5543,69,13.0000,0.0000,0,6736
4/28 18:49:11.594  SPELL_PERIODIC_ENERGIZE,Creature-0-4457-249-1045-7416-0000286C79,"Mana Spring Totem IV",0x2114,0x0,Player-4755-0210153A,"Hapuseneb-Dreadmist",0x514,0x0,10494,"Mana Spring",0x8,Player-4755-0210153A,0000000000000000,100,100,0,0,0,-1,0,0,0,16.09,-197.11,0,4.4807,66,12.0000,0.0000,0,6736
4/28 18:49:11.594  SPELL_PERIODIC_ENERGIZE,Creature-0-4457-249-1045-7416-0000286C79,"Mana Spring Totem IV",0x2114,0x0,Player-4755-015FEBD5,"Sauvage-Dreadmist",0x514,0x0,10494,"Mana Spring",0x8,Player-4755-015FEBD5,0000000000000000,100,100,0,0,0,-1,0,0,0,15.89,-180.74,0,4.6048,64,13.0000,0.0000,0,6158
4/28 18:49:11.594  SPELL_PERIODIC_ENERGIZE,Creature-0-4457-249-1045-7416-0000286C79,"Mana Spring Totem IV",0x2114,0x0,Player-4755-01ED7A64,"Sperzieboon-Dreadmist",0x514,0x0,10494,"Mana Spring",0x8,Player-4755-01ED7A64,0000000000000000,100,100,0,0,0,-1,0,0,0,13.03,-190.57,0,4.7271,67,12.0000,0.0000,0,7261
4/28 18:49:11.594  SPELL_PERIODIC_ENERGIZE,Creature-0-4457-249-1045-7416-0000286C79,"Mana Spring Totem IV",0x2114,0x0,Player-4755-01804B95,"Moymoy-Dreadmist",0x514,0x0,10494,"Mana Spring",0x8,Player-4755-01804B95,0000000000000000,100,100,0,0,0,-1,0,0,0,13.40,-184.50,0,4.6347,66,13.0000,0.0000,0,5366
4/28 18:49:11.642  SWING_DAMAGE,Player-4755-0178F416,"Eltorero-Dreadmist",0x514,0x0,Creature-0-4457-249-1045-10184-000028665C,"Onyxia",0x10a48,0x0,Player-4755-0178F416,0000000000000000,100,100,0,0,0,-1,0,0,0,9.23,-204.78,0,4.8173,67,372,783,-1,1,0,0,0,nil,1,nil
4/28 18:49:11.671  SPELL_AURA_REMOVED,Player-4755-01733879,"Hocwar-Dreadmist",0x40514,0x0,Player-4755-01733879,"Hocwar-Dreadmist",0x40514,0x0,23885,"Bloodthirst",0x1,BUFF
4/28 18:49:11.687  SWING_DAMAGE,Pet-0-4457-249-1045-9622-02002CD5BC,"Bokito",0x1114,0x0,Creature-0-4457-249-1045-10184-000028665C,"Onyxia",0x10a48,0x0,Pet-0-4457-249-1045-9622-02002CD5BC,Player-4755-020BD78D,91,100,0,0,0,-1,0,0,0,-4.27,-198.08,0,5.3385,70,138,244,-1,1,0,0,0,nil,1,nil
4/28 18:49:11.687  SWING_DAMAGE,Player-4755-01F21AE6,"Blahu-Dreadmist",0x40514,0x0,Creature-0-4457-249-1045-10184-000028665C,"Onyxia",0x10a48,0x0,Player-4755-01F21AE6,0000000000000000,100,100,0,0,0,-1,0,0,0,13.36,-210.14,0,4.6774,70,106,156,-1,1,0,0,0,nil,1,nil
4/28 18:49:11.717  SPELL_CAST_START,Player-4755-01802FE5,"Angrybat-Dreadmist",0x514,0x0,0000000000000000,nil,0x80000000,0x80000000,10181,"Frostbolt",0x10
4/28 18:49:11.778  SPELL_PERIODIC_ENERGIZE,Creature-0-4457-249-1045-7416-0000286C87,"Mana Spring Totem IV",0x2114,0x0,Player-4755-016296D3,"Nivl-Dreadmist",0x514,0x0,10494,"Mana Spring",0x8,Player-4755-016296D3,0000000000000000,100,100,0,0,0,-1,0,0,0,12.39,-207.04,0,4.5359,69,10.0000,0.0000,0,5845
4/28 18:49:11.778  SPELL_PERIODIC_ENERGIZE,Creature-0-4457-249-1045-7416-0000286C87,"Mana Spring Totem IV",0x2114,0x0,Player-4755-0178F576,"Atreas-Dreadmist",0x514,0x0,10494,"Mana Spring",0x8,Player-4755-0178F576,0000000000000000,100,100,0,0,0,-1,0,0,0,6.14,-178.76,0,4.8144,66,10.0000,0.0000,0,3765
4/28 18:49:11.778  SWING_MISSED,Player-4755-01A6B139,"Sakatan-Dreadmist",0x514,0x0,Creature-0-4457-249-1045-10184-000028665C,"Onyxia",0x10a48,0x0,MISS,nil
4/28 18:49:11.778  SPELL_CAST_START,Player-4755-01F36B30,"Rectumqeef-Dreadmist",0x514,0x0,0000000000000000,nil,0x80000000,0x80000000,5019,"Shoot",0x1
4/28 18:49:11.821  SWING_MISSED,Player-4755-01AC9FD9,"Alexinho-Dreadmist",0x514,0x0,Creature-0-4457-249-1045-10184-000028665C,"Onyxia",0x10a48,0x0,PARRY,nil
4/28 18:49:11.879  SWING_MISSED,Player-4755-01A6B139,"Sakatan-Dreadmist",0x514,0x0,Creature-0-4457-249-1045-10184-000028665C,"Onyxia",0x10a48,0x0,DODGE,1
4/28 18:49:11.895  SWING_DAMAGE,Pet-0-4457-249-1045-7456-03003178E8,"Owl",0x1114,0x0,Creature-0-4457-249-1045-10184-000028665C,"Onyxia",0x10a48,0x0,Pet-0-4457-249-1045-7456-03003178E8,Player-4755-01B60A5F,100,100,0,0,0,-1,0,0,0,10.62,-193.45,0,4.6937,62,73,151,-1,1,0,46,0,nil,nil,nil
4/28 18:49:11.910  RANGE_DAMAGE,Player-4755-020BD78D,"Lonehunter-Dreadmist",0x514,0x0,Creature-0-4457-249-1045-10184-000028665C,"Onyxia",0x10a48,0x0,75,"Auto Shot",0x1,Creature-0-4457-249-1045-10184-000028665C,0000000000000000,85,100,0,0,0,-1,0,0,0,10.16,-218.04,0,0.0107,63,431,546,-1,1,0,0,0,nil,nil,nil
4/28 18:49:11.967  SPELL_DAMAGE,Player-4755-0160BD13,"Mafkees-Dreadmist",0x514,0x0,Creature-0-4457-249-1045-10184-000028665C,"Onyxia",0x10a48,0x0,11585,"Overpower",0x1,Creature-0-4457-249-1045-10184-000028665C,0000000000000000,85,100,0,0,0,-1,0,0,0,10.16,-218.04,0,0.0107,63,541,687,-1,1,0,0,0,nil,nil,nil
4/28 18:49:11.967  SWING_DAMAGE_LANDED,Player-4755-016DF694,"Ashalan-Dreadmist",0x514,0x0,Creature-0-4457-249-1045-10184-000028665C,"Onyxia",0x10a48,0x0,Creature-0-4457-249-1045-10184-000028665C,0000000000000000,85,100,0,0,0,-1,0,0,0,10.16,-218.04,0,0.0107,63,312,578,-1,1,0,0,0,nil,1,nil
4/28 18:49:11.967  SWING_DAMAGE_LANDED,Player-4755-0178F416,"Eltorero-Dreadmist",0x514,0x0,Creature-0-4457-249-1045-10184-000028665C,"Onyxia",0x10a48,0x0,Creature-0-4457-249-1045-10184-000028665C,0000000000000000,85,100,0,0,0,-1,0,0,0,10.16,-218.04,0,0.0107,63,372,783,-1,1,0,0,0,nil,1,nil
4/28 18:49:11.967  SWING_DAMAGE_LANDED,Pet-0-4457-249-1045-9622-02002CD5BC,"Bokito",0x1114,0x0,Creature-0-4457-249-1045-10184-000028665C,"Onyxia",0x10a48,0x0,Creature-0-4457-249-1045-10184-000028665C,0000000000000000,85,100,0,0,0,-1,0,0,0,10.16,-218.04,0,0.0107,63,138,244,-1,1,0,0,0,nil,1,nil
4/28 18:49:11.967  SWING_DAMAGE_LANDED,Player-4755-01F21AE6,"Blahu-Dreadmist",0x40514,0x0,Creature-0-4457-249-1045-10184-000028665C,"Onyxia",0x10a48,0x0,Creature-0-4457-249-1045-10184-000028665C,0000000000000000,85,100,0,0,0,-1,0,0,0,10.16,-218.04,0,0.0107,63,106,156,-1,1,0,0,0,nil,1,nil
4/28 18:49:11.967  SWING_DAMAGE_LANDED,Pet-0-4457-249-1045-7456-03003178E8,"Owl",0x1114,0x0,Creature-0-4457-249-1045-10184-000028665C,"Onyxia",0x10a48,0x0,Creature-0-4457-249-1045-10184-000028665C,0000000000000000,85,100,0,0,0,-1,0,0,0,10.16,-218.04,0,0.0107,63,73,151,-1,1,0,0,0,nil,nil,nil
4/28 18:49:12.002  SWING_DAMAGE,Player-4755-01637B0A,"Pindle-Dreadmist",0x514,0x0,Creature-0-4457-249-1045-10184-000028665C,"Onyxia",0x10a48,0x0,Player-4755-01637B0A,0000000000000000,100,100,0,0,0,-1,0,0,0,8.72,-208.37,0,4.9671,65,166,103,-1,1,0,0,0,1,nil,nil
4/28 18:49:12.002  SPELL_CAST_SUCCESS,Player-4755-01B60A5F,"Zurok-Dreadmist",0x514,0x0,Creature-0-4457-249-1045-10184-000028665C,"Onyxia",0x10a48,0x0,75,"Auto Shot",0x1,Player-4755-01B60A5F,0000000000000000,100,100,0,0,0,-1,0,0,0,14.47,-175.17,0,4.6042,62
4/28 18:49:12.002  SPELL_CAST_START,Player-4755-01804B95,"Moymoy-Dreadmist",0x514,0x0,0000000000000000,nil,0x80000000,0x80000000,939,"Healing Wave",0x8
4/28 18:49:12.036  SWING_DAMAGE,Player-4755-0220BD00,"Krikoff-Dreadmist",0x40514,0x0,Creature-0-4457-249-1045-10184-000028665C,"Onyxia",0x10a48,0x0,Player-4755-0220BD00,0000000000000000,100,100,0,0,0,-1,0,0,0,10.75,-210.89,0,4.7163,68,365,231,-1,1,0,0,0,1,nil,nil
4/28 18:49:12.057  SPELL_CAST_SUCCESS,Player-4755-02045EF4,"Necrosini-Dreadmist",0x512,0x0,Player-4755-01733879,"Hocwar-Dreadmist",0x40514,0x0,2054,"Heal",0x2,Player-4755-02045EF4,0000000000000000,100,100,0,0,0,-1,0,0,0,5.83,-191.53,0,2.9798,69
4/28 18:49:12.210  SWING_MISSED,Player-4755-01AC9FD9,"Alexinho-Dreadmist",0x514,0x0,Creature-0-4457-249-1045-10184-000028665C,"Onyxia",0x10a48,0x0,PARRY,1
4/28 18:49:12.210  SWING_DAMAGE,Pet-0-4457-249-1045-2850-01001956F9,"Kratos",0x1114,0x0,Creature-0-4457-249-1045-10184-000028665C,"Onyxia",0x10a48,0x0,Pet-0-4457-249-1045-2850-01001956F9,Player-4755-0178F576,100,100,0,0,0,-1,0,0,0,5.73,-193.66,0,4.8178,66,101,128,-1,1,0,0,0,nil,nil,nil
4/28 18:49:12.271  SWING_MISSED,Creature-0-4457-249-1045-10184-000028665C,"Onyxia",0x10a48,0x0,Player-4755-01733879,"Hocwar-Dreadmist",0x40514,0x0,DODGE,nil
4/28 18:49:12.271  SWING_DAMAGE,Player-4755-01733879,"Hocwar-Dreadmist",0x40514,0x0,Creature-0-4457-249-1045-10184-000028665C,"Onyxia",0x10a48,0x0,Player-4755-01733879,0000000000000000,85,100,0,0,0,-1,0,0,0,23.37,-218.01,0,3.1110,71,108,196,-1,1,0,46,0,nil,nil,nil
4/28 18:49:12.271  SPELL_CAST_SUCCESS,Player-4755-01F36B30,"Rectumqeef-Dreadmist",0x514,0x0,Creature-0-4457-249-1045-10184-000028665C,"Onyxia",0x10a48,0x0,5019,"Shoot",0x1,Player-4755-01F36B30,0000000000000000,100,100,0,0,0,-1,0,0,0,11.80,-188.94,0,4.6145,66
4/28 18:49:12.286  SPELL_AURA_APPLIED,Player-4755-020BD78D,"Lonehunter-Dreadmist",0x514,0x0,Player-4755-020BD78D,"Lonehunter-Dreadmist",0x514,0x0,3045,"Rapid Fire",0x40,BUFF
4/28 18:49:12.286  SPELL_CAST_SUCCESS,Player-4755-020BD78D,"Lonehunter-Dreadmist",0x514,0x0,0000000000000000,nil,0x80000000,0x80000000,3045,"Rapid Fire",0x40,Player-4755-020BD78D,0000000000000000,100,100,0,0,0,-1,0,0,0,1.62,-179.46,0,4.9304,70
4/28 18:49:12.365  SPELL_AURA_REMOVED_DOSE,Player-4755-016DF694,"Ashalan-Dreadmist",0x514,0x0,Player-4755-016DF694,"Ashalan-Dreadmist",0x514,0x0,16280,"Flurry",0x1,BUFF,1
4/28 18:49:12.365  SPELL_AURA_REMOVED,Player-4755-0178F416,"Eltorero-Dreadmist",0x514,0x0,Player-4755-0178F416,"Eltorero-Dreadmist",0x514,0x0,12970,"Flurry",0x1,BUFF
4/28 18:49:12.365  SWING_DAMAGE_LANDED,Player-4755-01637B0A,"Pindle-Dreadmist",0x514,0x0,Creature-0-4457-249-1045-10184-000028665C,"Onyxia",0x10a48,0x0,Creature-0-4457-249-1045-10184-000028665C,0000000000000000,85,100,0,0,0,-1,0,0,0,10.16,-218.04,0,0.0107,63,166,103,-1,1,0,0,0,1,nil,nil
4/28 18:49:12.365  SWING_DAMAGE_LANDED,Player-4755-0220BD00,"Krikoff-Dreadmist",0x40514,0x0,Creature-0-4457-249-1045-10184-000028665C,"Onyxia",0x10a48,0x0,Creature-0-4457-249-1045-10184-000028665C,0000000000000000,85,100,0,0,0,-1,0,0,0,10.16,-218.04,0,0.0107,63,365,231,-1,1,0,0,0,1,nil,nil
4/28 18:49:12.365  SPELL_HEAL,Player-4755-02045EF4,"Necrosini-Dreadmist",0x512,0x0,Player-4755-01733879,"Hocwar-Dreadmist",0x40514,0x0,2054,"Heal",0x2,Player-4755-01733879,0000000000000000,96,100,0,0,0,-1,0,0,0,23.37,-218.01,0,3.1110,71,647,647,0,0,nil
4/28 18:49:12.365  SWING_DAMAGE_LANDED,Pet-0-4457-249-1045-2850-01001956F9,"Kratos",0x1114,0x0,Creature-0-4457-249-1045-10184-000028665C,"Onyxia",0x10a48,0x0,Creature-0-4457-249-1045-10184-000028665C,0000000000000000,85,100,0,0,0,-1,0,0,0,10.16,-218.04,0,0.0107,63,101,128,-1,1,0,0,0,nil,nil,nil
4/28 18:49:12.383  SWING_DAMAGE_LANDED,Player-4755-01733879,"Hocwar-Dreadmist",0x40514,0x0,Creature-0-4457-249-1045-10184-000028665C,"Onyxia",0x10a48,0x0,Creature-0-4457-249-1045-10184-000028665C,0000000000000000,85,100,0,0,0,-1,0,0,0,10.16,-218.04,0,0.0107,63,108,196,-1,1,0,0,0,nil,nil,nil
4/28 18:49:12.426  SPELL_CAST_SUCCESS,Player-4755-015FEBD5,"Sauvage-Dreadmist",0x514,0x0,Creature-0-4457-249-1045-10184-000028665C,"Onyxia",0x10a48,0x0,10181,"Frostbolt",0x10,Player-4755-015FEBD5,0000000000000000,100,100,0,0,0,-1,0,0,0,15.89,-180.74,0,4.6048,64
4/28 18:49:12.459  SPELL_CAST_SUCCESS,Player-4755-01840577,"Raggèn-Dreadmist",0x514,0x0,Creature-0-4457-249-1045-10184-000028665C,"Onyxia",0x10a48,0x0,10473,"Frost Shock",0x10,Player-4755-01840577,0000000000000000,100,100,0,0,0,-1,0,0,0,11.90,-207.70,0,4.7038,67
4/28 18:49:12.459  SPELL_AURA_APPLIED,Player-4755-01840577,"Raggèn-Dreadmist",0x514,0x0,Player-4755-01840577,"Raggèn-Dreadmist",0x514,0x0,16246,"Clearcasting",0x40,BUFF
4/28 18:49:12.482  SPELL_MISSED,Player-4755-01FA8D0D,"Roackeru-Dreadmist",0x514,0x0,Creature-0-4457-249-1045-10184-000028665C,"Onyxia",0x10a48,0x0,11661,"Shadow Bolt",0x20,RESIST,nil,0
4/28 18:49:12.482  SPELL_AURA_REMOVED_DOSE,Player-4755-01614AC7,"Mirrimazduur-Dreadmist",0x512,0x0,Creature-0-4457-249-1045-10184-000028665C,"Onyxia",0x10a48,0x0,17800,"Shadow Vulnerability",0x20,DEBUFF,3
4/28 18:49:12.482  SPELL_DAMAGE,Player-4755-01614AC7,"Mirrimazduur-Dreadmist",0x512,0x0,Creature-0-4457-249-1045-10184-000028665C,"Onyxia",0x10a48,0x0,11661,"Shadow Bolt",0x20,Creature-0-4457-249-1045-10184-000028665C,0000000000000000,85,100,0,0,0,-1,0,0,0,10.16,-218.04,0,0.0107,63,954,867,-1,32,0,0,0,nil,nil,nil
4/28 18:49:12.538  SPELL_CAST_START,Player-4755-020BD78D,"Lonehunter-Dreadmist",0x514,0x0,0000000000000000,nil,0x80000000,0x80000000,75,"Auto Shot",0x1
4/28 18:49:12.538  SPELL_CAST_START,Player-4755-0178F576,"Atreas-Dreadmist",0x514,0x0,0000000000000000,nil,0x80000000,0x80000000,75,"Auto Shot",0x1
4/28 18:49:12.566  SWING_DAMAGE,Player-4755-01637B0A,"Pindle-Dreadmist",0x514,0x0,Creature-0-4457-249-1045-10184-000028665C,"Onyxia",0x10a48,0x0,Player-4755-01637B0A,0000000000000000,100,100,0,0,0,-1,0,0,0,8.72,-208.37,0,4.9671,65,333,207,-1,1,0,0,0,1,nil,nil
4/28 18:49:12.655  SPELL_MISSED,Player-4755-021D6506,"Bloodlady-Dreadmist",0x514,0x0,Creature-0-4457-249-1045-10184-000028665C,"Onyxia",0x10a48,0x0,10181,"Frostbolt",0x10,RESIST,nil,0
4/28 18:49:12.718  SPELL_CAST_START,Player-4755-015FEBD5,"Sauvage-Dreadmist",0x514,0x0,0000000000000000,nil,0x80000000,0x80000000,10181,"Frostbolt",0x10
4/28 18:49:12.762  SPELL_CAST_START,Player-4755-01617EEE,"Fenix-Dreadmist",0x512,0x0,0000000000000000,nil,0x80000000,0x80000000,10916,"Flash Heal",0x2
4/28 18:49:12.762  SPELL_CAST_START,Creature-0-4457-249-1045-10184-000028665C,"Onyxia",0x10a48,0x0,0000000000000000,nil,0x80000000,0x80000000,18500,"Wing Buffet",0x1
4/28 18:49:12.762  SPELL_CAST_SUCCESS,Pet-0-4457-249-1045-2850-01001956F9,"Kratos",0x1114,0x0,Creature-0-4457-249-1045-10184-000028665C,"Onyxia",0x10a48,0x0,3009,"Claw",0x1,Pet-0-4457-249-1045-2850-01001956F9,Player-4755-0178F576,100,100,0,0,0,-1,0,0,0,5.73,-193.66,0,4.8178,66
4/28 18:49:12.762  SPELL_MISSED,Pet-0-4457-249-1045-2850-01001956F9,"Kratos",0x1114,0x0,Creature-0-4457-249-1045-10184-000028665C,"Onyxia",0x10a48,0x0,3009,"Claw",0x1,MISS,nil
4/28 18:49:12.787  SPELL_AURA_APPLIED,Player-4755-0220BD00,"Krikoff-Dreadmist",0x40514,0x0,Player-4755-0220BD00,"Krikoff-Dreadmist",0x40514,0x0,12970,"Flurry",0x1,BUFF
4/28 18:49:12.787  SPELL_AURA_REMOVED_DOSE,Player-4755-01733879,"Hocwar-Dreadmist",0x40514,0x0,Player-4755-01733879,"Hocwar-Dreadmist",0x40514,0x0,12970,"Flurry",0x1,BUFF,2
4/28 18:49:12.787  SPELL_DAMAGE,Player-4755-01840577,"Raggèn-Dreadmist",0x514,0x0,Creature-0-4457-249-1045-10184-000028665C,"Onyxia",0x10a48,0x0,10473,"Frost Shock",0x10,Creature-0-4457-249-1045-10184-000028665C,0000000000000000,85,100,0,0,0,-1,0,0,0,10.16,-218.04,0,0.0018,63,590,536,-1,16,0,0,0,nil,nil,nil
4/28 18:49:12.787  SWING_DAMAGE_LANDED,Player-4755-01637B0A,"Pindle-Dreadmist",0x514,0x0,Creature-0-4457-249-1045-10184-000028665C,"Onyxia",0x10a48,0x0,Creature-0-4457-249-1045-10184-000028665C,0000000000000000,85,100,0,0,0,-1,0,0,0,10.16,-218.04,0,0.0018,63,333,207,-1,1,0,0,0,1,nil,nil
4/28 18:49:12.787  SPELL_PERIODIC_ENERGIZE,Player-4755-01802FE5,"Angrybat-Dreadmist",0x514,0x0,Player-4755-01802FE5,"Angrybat-Dreadmist",0x514,0x0,18194,"Mana Regeneration",0x1,Player-4755-01802FE5,0000000000000000,100,100,0,0,0,-1,0,0,0,12.24,-179.84,0,4.5664,66,8.0000,0.0000,0,6033
4/28 18:49:12.787  SPELL_CAST_SUCCESS,Player-4755-020BD78D,"Lonehunter-Dreadmist",0x514,0x0,Creature-0-4457-249-1045-10184-000028665C,"Onyxia",0x10a48,0x0,75,"Auto Shot",0x1,Player-4755-020BD78D,0000000000000000,100,100,0,0,0,-1,0,0,0,1.62,-179.46,0,4.9304,70
4/28 18:49:12.788  SPELL_AURA_REFRESH,Player-4755-020BD78D,"Lonehunter-Dreadmist",0x514,0x0,Player-4755-020BD78D,"Lonehunter-Dreadmist",0x514,0x0,6150,"Quick Shots",0x1,BUFF
4/28 18:49:12.788  SPELL_AURA_APPLIED,Player-4755-020BD78D,"Lonehunter-Dreadmist",0x514,0x0,Player-4755-020BD78D,"Lonehunter-Dreadmist",0x514,0x0,26635,"Berserking",0x1,BUFF
4/28 18:49:12.788  SPELL_CAST_SUCCESS,Player-4755-020BD78D,"Lonehunter-Dreadmist",0x514,0x0,0000000000000000,nil,0x80000000,0x80000000,20554,"Berserking",0x1,Player-4755-020BD78D,0000000000000000,100,100,0,0,0,-1,0,0,0,1.62,-179.46,0,4.9304,70
4/28 18:49:12.788  SWING_DAMAGE,Player-4755-01840577,"Raggèn-Dreadmist",0x514,0x0,Creature-0-4457-249-1045-10184-000028665C,"Onyxia",0x10a48,0x0,Player-4755-01840577,0000000000000000,100,100,0,0,0,-1,0,0,0,11.90,-207.70,0,4.7038,67,387,577,-1,1,0,0,0,nil,1,nil
4/28 18:49:12.824  SPELL_CAST_SUCCESS,Player-4755-01733879,"Hocwar-Dreadmist",0x40514,0x0,Creature-0-4457-249-1045-10184-000028665C,"Onyxia",0x10a48,0x0,11567,"Heroic Strike",0x1,Player-4755-01733879,0000000000000000,96,100,0,0,0,-1,0,0,0,23.37,-218.01,0,3.1110,71
4/28 18:49:12.824  SPELL_AURA_REMOVED_DOSE,Player-4755-01733879,"Hocwar-Dreadmist",0x40514,0x0,Player-4755-01733879,"Hocwar-Dreadmist",0x40514,0x0,12970,"Flurry",0x1,BUFF,1
4/28 18:49:12.946  SPELL_CAST_SUCCESS,Player-4755-01614AC7,"Mirrimazduur-Dreadmist",0x512,0x0,Creature-0-4457-249-1045-10184-000028665C,"Onyxia",0x10a48,0x0,11661,"Shadow Bolt",0x20,Player-4755-01614AC7,0000000000000000,100,100,0,0,0,-1,0,0,0,-1.52,-178.92,0,4.9074,68
4/28 18:49:12.946  SPELL_CAST_START,Player-4755-01614AC7,"Mirrimazduur-Dreadmist",0x512,0x0,0000000000000000,nil,0x80000000,0x80000000,11661,"Shadow Bolt",0x20
4/28 18:49:12.980  SPELL_CAST_SUCCESS,Player-4755-0178F576,"Atreas-Dreadmist",0x514,0x0,Creature-0-4457-249-1045-10184-000028665C,"Onyxia",0x10a48,0x0,75,"Auto Shot",0x1,Player-4755-0178F576,0000000000000000,100,100,0,0,0,-1,0,0,0,6.14,-178.76,0,4.8144,66
4/28 18:49:12.995  SPELL_AURA_APPLIED,Player-4755-0160BD13,"Mafkees-Dreadmist",0x514,0x0,Player-4755-0160BD13,"Mafkees-Dreadmist",0x514,0x0,29131,"Bloodrage",0x1,BUFF
4/28 18:49:12.995  SPELL_CAST_SUCCESS,Player-4755-0160BD13,"Mafkees-Dreadmist",0x514,0x0,0000000000000000,nil,0x80000000,0x80000000,2687,"Bloodrage",0x1,Player-4755-0160BD13,0000000000000000,100,100,0,0,0,-1,0,0,0,8.49,-207.52,0,4.8797,64
4/28 18:49:13.073  SWING_DAMAGE,Player-4755-01637B0A,"Pindle-Dreadmist",0x514,0x0,Creature-0-4457-249-1045-10184-000028665C,"Onyxia",0x10a48,0x0,Player-4755-01637B0A,0000000000000000,100,100,0,0,0,-1,0,0,0,8.72,-208.37,0,4.9671,65,83,112,-1,1,0,0,0,nil,1,nil
4/28 18:49:13.073  RANGE_DAMAGE,Player-4755-01B60A5F,"Zurok-Dreadmist",0x514,0x0,Creature-0-4457-249-1045-10184-000028665C,"Onyxia",0x10a48,0x0,75,"Auto Shot",0x1,Creature-0-4457-249-1045-10184-000028665C,0000000000000000,85,100,0,0,0,-1,0,0,0,10.16,-218.04,0,0.0018,63,339,430,-1,1,0,0,0,nil,nil,nil
4/28 18:49:13.073  SPELL_AURA_APPLIED,Player-4755-0220BD00,"Krikoff-Dreadmist",0x40514,0x0,Player-4755-0220BD00,"Krikoff-Dreadmist",0x40514,0x0,10610,"Windfury Totem",0x8,BUFF
4/28 18:49:13.073  SPELL_EXTRA_ATTACKS,Player-4755-0220BD00,"Krikoff-Dreadmist",0x40514,0x0,Player-4755-0220BD00,"Krikoff-Dreadmist",0x40514,0x0,10610,"Windfury Totem",0x8,1
4/28 18:49:13.073  SWING_DAMAGE,Player-4755-0220BD00,"Krikoff-Dreadmist",0x40514,0x0,Creature-0-4457-249-1045-10184-000028665C,"Onyxia",0x10a48,0x0,Player-4755-0220BD00,0000000000000000,100,100,0,0,0,-1,0,0,0,10.75,-210.89,0,4.7163,68,573,363,-1,1,0,0,0,1,nil,nil
4/28 18:49:13.073  SWING_DAMAGE,Player-4755-0220BD00,"Krikoff-Dreadmist",0x40514,0x0,Creature-0-4457-249-1045-10184-000028665C,"Onyxia",0x10a48,0x0,Player-4755-0220BD00,0000000000000000,100,100,0,0,0,-1,0,0,0,10.75,-210.89,0,4.7163,68,297,462,-1,1,0,0,0,nil,1,nil
4/28 18:49:13.120  SPELL_CAST_START,Player-4755-0178F576,"Atreas-Dreadmist",0x514,0x0,0000000000000000,nil,0x80000000,0x80000000,20904,"Aimed Shot",0x1
4/28 18:49:13.149  SWING_DAMAGE,Player-4755-01F21AE6,"Blahu-Dreadmist",0x40514,0x0,Creature-0-4457-249-1045-10184-000028665C,"Onyxia",0x10a48,0x0,Player-4755-01F21AE6,0000000000000000,100,100,0,0,0,-1,0,0,0,13.36,-210.14,0,4.6774,70,302,383,-1,1,0,0,0,nil,nil,nil
4/28 18:49:13.168  SPELL_ENERGIZE,Player-4755-0220BD00,"Krikoff-Dreadmist",0x40514,0x0,Player-4755-0220BD00,"Krikoff-Dreadmist",0x40514,0x0,12964,"Unbridled Wrath",0x1,Player-4755-0220BD00,0000000000000000,100,100,0,0,0,-1,0,0,0,10.75,-210.89,0,4.7163,68,1.0000,0.0000,1,1000
4/28 18:49:13.168  SPELL_ENERGIZE,Player-4755-01733879,"Hocwar-Dreadmist",0x40514,0x0,Player-4755-01733879,"Hocwar-Dreadmist",0x40514,0x0,12964,"Unbridled Wrath",0x1,Player-4755-01733879,0000000000000000,96,100,0,0,0,-1,0,0,0,23.37,-218.01,0,3.1110,71,1.0000,0.0000,1,1000
4/28 18:49:13.168  SWING_DAMAGE_LANDED,Player-4755-01840577,"Raggèn-Dreadmist",0x514,0x0,Creature-0-4457-249-1045-10184-000028665C,"Onyxia",0x10a48,0x0,Creature-0-4457-249-1045-10184-000028665C,0000000000000000,85,100,0,0,0,-1,0,0,0,10.16,-218.04,0,0.0018,63,387,577,-1,1,0,0,0,nil,1,nil
4/28 18:49:13.168  SPELL_DAMAGE,Player-4755-01733879,"Hocwar-Dreadmist",0x40514,0x0,Creature-0-4457-249-1045-10184-000028665C,"Onyxia",0x10a48,0x0,11567,"Heroic Strike",0x1,Creature-0-4457-249-1045-10184-000028665C,0000000000000000,85,100,0,0,0,-1,0,0,0,10.16,-218.04,0,0.0018,63,807,512,-1,1,0,0,0,1,nil,nil
4/28 18:49:13.168  SPELL_ENERGIZE,Player-4755-0160BD13,"Mafkees-Dreadmist",0x514,0x0,Player-4755-0160BD13,"Mafkees-Dreadmist",0x514,0x0,2687,"Bloodrage",0x1,Player-4755-0160BD13,0000000000000000,93,100,0,0,0,-1,0,0,0,8.49,-207.52,0,4.8797,64,10.0000,0.0000,1,1000
4/28 18:49:13.168  SWING_DAMAGE_LANDED,Player-4755-01637B0A,"Pindle-Dreadmist",0x514,0x0,Creature-0-4457-249-1045-10184-000028665C,"Onyxia",0x10a48,0x0,Creature-0-4457-249-1045-10184-000028665C,0000000000000000,85,100,0,0,0,-1,0,0,0,10.16,-218.04,0,0.0018,63,83,112,-1,1,0,0,0,nil,1,nil
4/28 18:49:13.168  SWING_DAMAGE_LANDED,Player-4755-0220BD00,"Krikoff-Dreadmist",0x40514,0x0,Creature-0-4457-249-1045-10184-000028665C,"Onyxia",0x10a48,0x0,Creature-0-4457-249-1045-10184-000028665C,0000000000000000,85,100,0,0,0,-1,0,0,0,10.16,-218.04,0,0.0018,63,573,363,-1,1,0,0,0,1,nil,nil
4/28 18:49:13.168  SWING_DAMAGE_LANDED,Player-4755-0220BD00,"Krikoff-Dreadmist",0x40514,0x0,Creature-0-4457-249-1045-10184-000028665C,"Onyxia",0x10a48,0x0,Creature-0-4457-249-1045-10184-000028665C,0000000000000000,85,100,0,0,0,-1,0,0,0,10.16,-218.04,0,0.0018,63,297,462,-1,1,0,0,0,nil,1,nil
4/28 18:49:13.168  SWING_DAMAGE_LANDED,Player-4755-01F21AE6,"Blahu-Dreadmist",0x40514,0x0,Creature-0-4457-249-1045-10184-000028665C,"Onyxia",0x10a48,0x0,Creature-0-4457-249-1045-10184-000028665C,0000000000000000,85,100,0,0,0,-1,0,0,0,10.16,-218.04,0,0.0018,63,302,383,-1,1,0,0,0,nil,nil,nil
4/28 18:49:13.204  SWING_DAMAGE,Player-4755-01A6B139,"Sakatan-Dreadmist",0x514,0x0,Creature-0-4457-249-1045-10184-000028665C,"Onyxia",0x10a48,0x0,Player-4755-01A6B139,0000000000000000,100,100,0,0,0,-1,0,0,0,9.54,-199.57,0,5.0548,69,156,206,-1,1,0,0,0,nil,1,nil
4/28 18:49:13.218  SWING_DAMAGE,Pet-0-4457-249-1045-2850-01001956F9,"Kratos",0x1114,0x0,Creature-0-4457-249-1045-10184-000028665C,"Onyxia",0x10a48,0x0,Pet-0-4457-249-1045-2850-01001956F9,Player-4755-0178F576,100,100,0,0,0,-1,0,0,0,5.73,-193.66,0,4.8178,66,60,125,-1,1,0,0,0,nil,1,nil
4/28 18:49:13.233  SPELL_CAST_SUCCESS,Player-4755-0163DD9D,"Kaspais-Dreadmist",0x514,0x0,Creature-0-4457-249-1045-10184-000028665C,"Onyxia",0x10a48,0x0,10181,"Frostbolt",0x10,Player-4755-0163DD9D,0000000000000000,100,100,0,0,0,-1,0,0,0,7.59,-187.13,0,4.8081,66
4/28 18:49:13.233  SPELL_CAST_START,Player-4755-0163DD9D,"Kaspais-Dreadmist",0x514,0x0,0000000000000000,nil,0x80000000,0x80000000,10181,"Frostbolt",0x10
4/28 18:49:13.248  SPELL_MISSED,Player-4755-01A6B139,"Sakatan-Dreadmist",0x514,0x0,Creature-0-4457-249-1045-10184-000028665C,"Onyxia",0x10a48,0x0,11337,"Instant Poison VI",0x8,RESIST,nil,0
4/28 18:49:13.263  SWING_DAMAGE,Player-4755-01A6B139,"Sakatan-Dreadmist",0x514,0x0,Creature-0-4457-249-1045-10184-000028665C,"Onyxia",0x10a48,0x0,Player-4755-01A6B139,0000000000000000,100,100,0,0,0,-1,0,0,0,9.54,-199.57,0,5.0548,69,220,136,-1,1,0,0,0,1,nil,nil
4/28 18:49:13.263  SPELL_PERIODIC_DAMAGE,Player-4755-0178F416,"Eltorero-Dreadmist",0x514,0x0,Creature-0-4457-249-1045-10184-000028665C,"Onyxia",0x10a48,0x0,12721,"Deep Wound",0x1,Creature-0-4457-249-1045-10184-000028665C,0000000000000000,85,100,0,0,0,-1,0,0,0,10.16,-218.04,0,0.0018,63,111,110,-1,1,0,0,0,nil,nil,nil
4/28 18:49:13.285  SPELL_CAST_START,Player-4755-01F36B30,"Rectumqeef-Dreadmist",0x514,0x0,0000000000000000,nil,0x80000000,0x80000000,5019,"Shoot",0x1
4/28 18:49:13.314  SPELL_CAST_SUCCESS,Player-4755-01FA8D0D,"Roackeru-Dreadmist",0x514,0x0,Creature-0-4457-249-1045-10184-000028665C,"Onyxia",0x10a48,0x0,11661,"Shadow Bolt",0x20,Player-4755-01FA8D0D,0000000000000000,100,100,0,0,0,-1,0,0,0,14.13,-180.96,0,4.6613,65
4/28 18:49:13.314  SPELL_CAST_SUCCESS,Player-4755-01ED7A64,"Sperzieboon-Dreadmist",0x514,0x0,Player-4755-01733879,"Hocwar-Dreadmist",0x40514,0x0,6063,"Heal",0x2,Player-4755-01ED7A64,0000000000000000,100,100,0,0,0,-1,0,0,0,13.03,-190.57,0,4.7271,67
4/28 18:49:13.346  SPELL_CAST_SUCCESS,Player-4755-01A6B139,"Sakatan-Dreadmist",0x514,0x0,Creature-0-4457-249-1045-10184-000028665C,"Onyxia",0x10a48,0x0,11281,"Backstab",0x1,Player-4755-01A6B139,0000000000000000,100,100,0,0,0,-1,0,0,0,9.54,-199.57,0,5.0548,69
4/28 18:49:13.450  SPELL_PERIODIC_DAMAGE,Player-4755-01614AC7,"Mirrimazduur-Dreadmist",0x512,0x0,Creature-0-4457-249-1045-10184-000028665C,"Onyxia",0x10a48,0x0,11672,"Corruption",0x20,Creature-0-4457-249-1045-10184-000028665C,0000000000000000,85,100,0,0,0,-1,0,0,0,10.16,-218.04,0,0.0018,63,249,188,-1,32,0,0,0,nil,nil,nil
4/28 18:49:13.487  SPELL_CAST_SUCCESS,Player-4755-01BC57A3,"Saintis-Dreadmist",0x511,0x0,Player-4755-01733879,"Hocwar-Dreadmist",0x40514,0x0,10901,"Power Word: Shield",0x2,Player-4755-01BC57A3,0000000000000000,100,100,0,0,0,-1,0,0,0,9.82,-192.39,0,5.3583,68
4/28 18:49:13.505  SWING_DAMAGE,Player-4755-01F21AE6,"Blahu-Dreadmist",0x40514,0x0,Creature-0-4457-249-1045-10184-000028665C,"Onyxia",0x10a48,0x0,Player-4755-01F21AE6,0000000000000000,100,100,0,0,0,-1,0,0,0,13.36,-210.14,0,4.6774,70,108,136,-1,1,0,0,0,nil,nil,nil
4/28 18:49:13.505  SWING_DAMAGE,Player-4755-01733879,"Hocwar-Dreadmist",0x40514,0x0,Creature-0-4457-249-1045-10184-000028665C,"Onyxia",0x10a48,0x0,Player-4755-01733879,0000000000000000,96,100,0,0,0,-1,0,0,0,23.37,-218.01,0,3.1110,71,146,184,-1,1,0,0,0,nil,nil,nil
4/28 18:49:13.587  SPELL_AURA_REMOVED,Player-4755-01840577,"Raggèn-Dreadmist",0x514,0x0,Player-4755-01840577,"Raggèn-Dreadmist",0x514,0x0,16280,"Flurry",0x1,BUFF
4/28 18:49:13.587  SPELL_AURA_APPLIED_DOSE,Player-4755-01733879,"Hocwar-Dreadmist",0x40514,0x0,Player-4755-01733879,"Hocwar-Dreadmist",0x40514,0x0,12970,"Flurry",0x1,BUFF,3
4/28 18:49:13.587  SPELL_AURA_REMOVED_DOSE,Player-4755-0220BD00,"Krikoff-Dreadmist",0x40514,0x0,Player-4755-0220BD00,"Krikoff-Dreadmist",0x40514,0x0,10610,"Windfury Totem",0x8,BUFF,1
4/28 18:49:13.587  SPELL_AURA_REMOVED_DOSE,Player-4755-0220BD00,"Krikoff-Dreadmist",0x40514,0x0,Player-4755-0220BD00,"Krikoff-Dreadmist",0x40514,0x0,12970,"Flurry",0x1,BUFF,2
4/28 18:49:13.587  SPELL_AURA_APPLIED_DOSE,Player-4755-0220BD00,"Krikoff-Dreadmist",0x40514,0x0,Player-4755-0220BD00,"Krikoff-Dreadmist",0x40514,0x0,12970,"Flurry",0x1,BUFF,3
4/28 18:49:13.587  SPELL_AURA_REMOVED_DOSE,Player-4755-0220BD00,"Krikoff-Dreadmist",0x40514,0x0,Player-4755-0220BD00,"Krikoff-Dreadmist",0x40514,0x0,12970,"Flurry",0x1,BUFF,2
4/28 18:49:13.587  SPELL_AURA_REMOVED,Player-4755-0220BD00,"Krikoff-Dreadmist",0x40514,0x0,Player-4755-0220BD00,"Krikoff-Dreadmist",0x40514,0x0,10610,"Windfury Totem",0x8,BUFF
4/28 18:49:13.587  SWING_DAMAGE_LANDED,Player-4755-01A6B139,"Sakatan-Dreadmist",0x514,0x0,Creature-0-4457-249-1045-10184-000028665C,"Onyxia",0x10a48,0x0,Creature-0-4457-249-1045-10184-000028665C,0000000000000000,85,100,0,0,0,-1,0,0,0,10.16,-218.04,0,0.0018,63,156,206,-1,1,0,0,0,nil,1,nil
4/28 18:49:13.587  SWING_DAMAGE_LANDED,Pet-0-4457-249-1045-2850-01001956F9,"Kratos",0x1114,0x0,Creature-0-4457-249-1045-10184-000028665C,"Onyxia",0x10a48,0x0,Creature-0-4457-249-1045-10184-000028665C,0000000000000000,85,100,0,0,0,-1,0,0,0,10.16,-218.04,0,0.0018,63,60,125,-1,1,0,0,0,nil,1,nil
4/28 18:49:13.587  SWING_DAMAGE_LANDED,Player-4755-01A6B139,"Sakatan-Dreadmist",0x514,0x0,Creature-0-4457-249-1045-10184-000028665C,"Onyxia",0x10a48,0x0,Creature-0-4457-249-1045-10184-000028665C,0000000000000000,85,100,0,0,0,-1,0,0,0,10.16,-218.04,0,0.0018,63,220,136,-1,1,0,0,0,1,nil,nil
4/28 18:49:13.587  SPELL_HEAL,Player-4755-01ED7A64,"Sperzieboon-Dreadmist",0x514,0x0,Player-4755-01733879,"Hocwar-Dreadmist",0x40514,0x0,6063,"Heal",0x2,Player-4755-01733879,0000000000000000,100,100,0,0,0,-1,0,0,0,23.37,-218.01,0,3.1110,71,1158,1158,903,0,nil
4/28 18:49:13.587  SPELL_DAMAGE,Player-4755-01A6B139,"Sakatan-Dreadmist",0x514,0x0,Creature-0-4457-249-1045-10184-000028665C,"Onyxia",0x10a48,0x0,11281,"Backstab",0x1,Creature-0-4457-249-1045-10184-000028665C,0000000000000000,85,100,0,0,0,-1,0,0,0,10.16,-218.04,0,0.0018,63,454,576,-1,1,0,0,0,nil,nil,nil
4/28 18:49:13.587  SPELL_AURA_APPLIED,Player-4755-01BC57A3,"Saintis-Dreadmist",0x511,0x0,Player-4755-01733879,"Hocwar-Dreadmist",0x40514,0x0,10901,"Power Word: Shield",0x2,BUFF
4/28 18:49:13.587  SWING_DAMAGE_LANDED,Player-4755-01F21AE6,"Blahu-Dreadmist",0x40514,0x0,Creature-0-4457-249-1045-10184-000028665C,"Onyxia",0x10a48,0x0,Creature-0-4457-249-1045-10184-000028665C,0000000000000000,85,100,0,0,0,-1,0,0,0,10.16,-218.04,0,0.0018,63,108,136,-1,1,0,0,0,nil,nil,nil
4/28 18:49:13.587  SWING_DAMAGE_LANDED,Player-4755-01733879,"Hocwar-Dreadmist",0x40514,0x0,Creature-0-4457-249-1045-10184-000028665C,"Onyxia",0x10a48,0x0,Creature-0-4457-249-1045-10184-000028665C,0000000000000000,85,100,0,0,0,-1,0,0,0,10.16,-218.04,0,0.0018,63,146,184,-1,1,0,0,0,nil,nil,nil
4/28 18:49:13.610  SPELL_PERIODIC_ENERGIZE,Creature-0-4457-249-1045-7416-0000286C79,"Mana Spring Totem IV",0x2114,0x0,Player-4755-01804B95,"Moymoy-Dreadmist",0x514,0x0,10494,"Mana Spring",0x8,Player-4755-01804B95,0000000000000000,100,100,0,0,0,-1,0,0,0,13.40,-184.50,0,4.6347,66,12.0000,0.0000,0,5366
4/28 18:49:13.610  SPELL_PERIODIC_ENERGIZE,Creature-0-4457-249-1045-7416-0000286C79,"Mana Spring Totem IV",0x2114,0x0,Player-4755-01FA8DD8,"Roackerita-Dreadmist",0x514,0x0,10494,"Mana Spring",0x8,Player-4755-01FA8DD8,0000000000000000,100,100,0,0,0,-1,0,0,0,3.53,-182.84,0,5.5543,69,12.0000,0.0000,0,6736
4/28 18:49:13.610  SPELL_PERIODIC_ENERGIZE,Creature-0-4457-249-1045-7416-0000286C79,"Mana Spring Totem IV",0x2114,0x0,Player-4755-0210153A,"Hapuseneb-Dreadmist",0x514,0x0,10494,"Mana Spring",0x8,Player-4755-0210153A,0000000000000000,100,100,0,0,0,-1,0,0,0,16.09,-197.11,0,4.4807,66,13.0000,0.0000,0,6736
4/28 18:49:13.610  SPELL_PERIODIC_ENERGIZE,Creature-0-4457-249-1045-7416-0000286C79,"Mana Spring Totem IV",0x2114,0x0,Player-4755-015FEBD5,"Sauvage-Dreadmist",0x514,0x0,10494,"Mana Spring",0x8,Player-4755-015FEBD5,0000000000000000,100,100,0,0,0,-1,0,0,0,15.89,-180.74,0,4.6048,64,12.0000,0.0000,0,6158
4/28 18:49:13.610  SPELL_PERIODIC_ENERGIZE,Creature-0-4457-249-1045-7416-0000286C79,"Mana Spring Totem IV",0x2114,0x0,Player-4755-01ED7A64,"Sperzieboon-Dreadmist",0x514,0x0,10494,"Mana Spring",0x8,Player-4755-01ED7A64,0000000000000000,100,100,0,0,0,-1,0,0,0,13.03,-190.57,0,4.7271,67,13.0000,0.0000,0,7261
4/28 18:49:13.692  SWING_DAMAGE,Pet-0-4457-249-1045-9622-02002CD5BC,"Bokito",0x1114,0x0,Creature-0-4457-249-1045-10184-000028665C,"Onyxia",0x10a48,0x0,Pet-0-4457-249-1045-9622-02002CD5BC,Player-4755-020BD78D,91,100,0,0,0,-1,0,0,0,-4.27,-198.08,0,5.3385,70,194,247,-1,1,0,0,0,nil,nil,nil
4/28 18:49:13.724  RANGE_DAMAGE,Player-4755-01F36B30,"Rectumqeef-Dreadmist",0x514,0x0,Creature-0-4457-249-1045-10184-000028665C,"Onyxia",0x10a48,0x0,5019,"Shoot",0x1,Creature-0-4457-249-1045-10184-000028665C,0000000000000000,85,100,0,0,0,-1,0,0,0,10.16,-218.04,0,0.0018,63,35,63,-1,64,32,0,0,nil,nil,nil
4/28 18:49:13.724  SPELL_AURA_APPLIED,Player-4755-01AC9FD9,"Alexinho-Dreadmist",0x514,0x0,Player-4755-01AC9FD9,"Alexinho-Dreadmist",0x514,0x0,6774,"Slice and Dice",0x1,BUFF
4/28 18:49:13.724  SPELL_CAST_SUCCESS,Player-4755-01AC9FD9,"Alexinho-Dreadmist",0x514,0x0,Creature-0-4457-249-1045-10184-000028665C,"Onyxia",0x10a48,0x0,6774,"Slice and Dice",0x1,Player-4755-01AC9FD9,0000000000000000,100,100,0,0,0,-1,0,0,0,14.04,-202.29,0,4.4934,66
4/28 18:49:13.724  SPELL_CAST_START,Player-4755-01B60A5F,"Zurok-Dreadmist",0x514,0x0,0000000000000000,nil,0x80000000,0x80000000,20904,"Aimed Shot",0x1
4/28 18:49:13.758  SPELL_CAST_SUCCESS,Player-4755-021D6506,"Bloodlady-Dreadmist",0x514,0x0,Creature-0-4457-249-1045-10184-000028665C,"Onyxia",0x10a48,0x0,10181,"Frostbolt",0x10,Player-4755-021D6506,0000000000000000,100,100,0,0,0,-1,0,0,0,2.16,-178.47,0,4.9285,69
4/28 18:49:13.758  SPELL_CAST_START,Player-4755-021D6506,"Bloodlady-Dreadmist",0x514,0x0,0000000000000000,nil,0x80000000,0x80000000,10181,"Frostbolt",0x10
4/28 18:49:13.758  SPELL_PERIODIC_DAMAGE,Player-4755-01F36B30,"Rectumqeef-Dreadmist",0x514,0x0,Creature-0-4457-249-1045-10184-000028665C,"Onyxia",0x10a48,0x0,11672,"Corruption",0x20,Creature-0-4457-249-1045-10184-000028665C,0000000000000000,85,100,0,0,0,-1,0,0,0,10.16,-218.04,0,0.0018,63,202,203,-1,32,51,0,0,nil,nil,nil
4/28 18:49:13.777  SPELL_PERIODIC_ENERGIZE,Creature-0-4457-249-1045-7416-0000286C87,"Mana Spring Totem IV",0x2114,0x0,Player-4755-016296D3,"Nivl-Dreadmist",0x514,0x0,10494,"Mana Spring",0x8,Player-4755-016296D3,0000000000000000,100,100,0,0,0,-1,0,0,0,12.39,-207.04,0,4.7048,69,10.0000,0.0000,0,5845
4/28 18:49:13.777  SPELL_PERIODIC_ENERGIZE,Creature-0-4457-249-1045-7416-0000286C87,"Mana Spring Totem IV",0x2114,0x0,Player-4755-0178F576,"Atreas-Dreadmist",0x514,0x0,10494,"Mana Spring",0x8,Player-4755-0178F576,0000000000000000,100,100,0,0,0,-1,0,0,0,6.14,-178.76,0,4.8144,66,10.0000,0.0000,0,3765
4/28 18:49:13.777  SPELL_CAST_SUCCESS,Creature-0-4457-249-1045-10184-000028665C,"Onyxia",0x10a48,0x0,0000000000000000,nil,0x80000000,0x80000000,18500,"Wing Buffet",0x1,Creature-0-4457-249-1045-10184-000028665C,0000000000000000,85,100,0,0,0,-1,0,0,0,10.16,-218.04,0,0.0018,63
4/28 18:49:13.777  RANGE_DAMAGE,Player-4755-020BD78D,"Lonehunter-Dreadmist",0x514,0x0,Creature-0-4457-249-1045-10184-000028665C,"Onyxia",0x10a48,0x0,75,"Auto Shot",0x1,Creature-0-4457-249-1045-10184-000028665C,0000000000000000,85,100,0,0,0,-1,0,0,0,10.16,-218.04,0,0.0018,63,433,549,-1,1,0,0,0,nil,nil,nil
4/28 18:49:13.777  SPELL_DAMAGE,Player-4755-015FEBD5,"Sauvage-Dreadmist",0x514,0x0,Creature-0-4457-249-1045-10184-000028665C,"Onyxia",0x10a48,0x0,10181,"Frostbolt",0x10,Creature-0-4457-249-1045-10184-000028665C,0000000000000000,84,100,0,0,0,-1,0,0,0,10.16,-218.04,0,0.0018,63,1848,840,-1,16,0,0,0,1,nil,nil
4/28 18:49:13.796  SPELL_CAST_SUCCESS,Player-4755-01F36B30,"Rectumqeef-Dreadmist",0x514,0x0,Creature-0-4457-249-1045-10184-000028665C,"Onyxia",0x10a48,0x0,5019,"Shoot",0x1,Player-4755-01F36B30,0000000000000000,100,100,0,0,0,-1,0,0,0,11.80,-188.94,0,4.5949,66
4/28 18:49:13.846  SWING_DAMAGE,Player-4755-0160BD13,"Mafkees-Dreadmist",0x514,0x0,Creature-0-4457-249-1045-10184-000028665C,"Onyxia",0x10a48,0x0,Player-4755-0160BD13,0000000000000000,93,100,0,0,0,-1,0,0,0,8.49,-207.52,0,4.8875,64,388,585,-1,1,0,0,0,nil,1,nil
4/28 18:49:13.908  SWING_DAMAGE,Pet-0-4457-249-1045-7456-03003178E8,"Owl",0x1114,0x0,Creature-0-4457-249-1045-10184-000028665C,"Onyxia",0x10a48,0x0,Pet-0-4457-249-1045-7456-03003178E8,Player-4755-01B60A5F,100,100,0,0,0,-1,0,0,0,10.62,-193.45,0,4.6937,62,76,171,-1,1,0,0,0,nil,1,nil
4/28 18:49:13.908  SPELL_PERIODIC_HEAL,Player-4755-01733879,"Hocwar-Dreadmist",0x40514,0x0,Player-4755-01733879,"Hocwar-Dreadmist",0x40514,0x0,24427,"Diamond Flask",0x8,Player-4755-01733879,0000000000000000,100,100,0,0,0,-1,0,0,0,23.37,-218.01,0,3.1110,71,301,301,301,0,nil
4/28 18:49:13.908  SPELL_CAST_SUCCESS,Player-4755-0210153A,"Hapuseneb-Dreadmist",0x514,0x0,Player-4755-01733879,"Hocwar-Dreadmist",0x40514,0x0,2053,"Lesser Heal",0x2,Player-4755-0210153A,0000000000000000,100,100,0,0,0,-1,0,0,0,16.09,-197.11,0,4.4807,66
4/28 18:49:13.942  SPELL_CAST_START,Player-4755-020BD78D,"Lonehunter-Dreadmist",0x514,0x0,0000000000000000,nil,0x80000000,0x80000000,75,"Auto Shot",0x1
4/28 18:49:13.942  SWING_DAMAGE,Player-4755-01AC9FD9,"Alexinho-Dreadmist",0x514,0x0,Creature-0-4457-249-1045-10184-000028665C,"Onyxia",0x10a48,0x0,Player-4755-01AC9FD9,0000000000000000,100,100,0,0,0,-1,0,0,0,14.04,-202.29,0,4.4934,66,285,177,-1,1,0,0,0,1,nil,nil
4/28 18:49:13.959  SWING_DAMAGE,Player-4755-01637B0A,"Pindle-Dreadmist",0x514,0x0,Creature-0-4457-249-1045-10184-000028665C,"Onyxia",0x10a48,0x0,Player-4755-01637B0A,0000000000000000,100,100,0,0,0,-1,0,0,0,8.72,-208.37,0,4.9671,65,152,210,-1,1,0,0,0,nil,1,nil
4/28 18:49:13.959  SWING_DAMAGE,Player-4755-016296D3,"Nivl-Dreadmist",0x514,0x0,Creature-0-4457-249-1045-10184-000028665C,"Onyxia",0x10a48,0x0,Player-4755-016296D3,0000000000000000,100,100,0,0,0,-1,0,0,0,12.39,-207.04,0,4.7048,69,126,242,-1,1,0,0,0,nil,1,nil
4/28 18:49:13.974  RANGE_DAMAGE,Player-4755-0178F576,"Atreas-Dreadmist",0x514,0x0,Creature-0-4457-249-1045-10184-000028665C,"Onyxia",0x10a48,0x0,75,"Auto Shot",0x1,Creature-0-4457-249-1045-10184-000028665C,0000000000000000,84,100,0,0,0,-1,0,0,0,10.16,-218.04,0,0.0018,63,918,490,-1,1,0,0,0,1,nil,nil
4/28 18:49:13.974  SPELL_CAST_START,Player-4755-0210153A,"Hapuseneb-Dreadmist",0x514,0x0,0000000000000000,nil,0x80000000,0x80000000,2053,"Lesser Heal",0x2
4/28 18:49:13.997  SPELL_ENERGIZE,Player-4755-0220BD00,"Krikoff-Dreadmist",0x40514,0x0,Player-4755-0220BD00,"Krikoff-Dreadmist",0x40514,0x0,12964,"Unbridled Wrath",0x1,Player-4755-0220BD00,0000000000000000,100,100,0,0,0,-1,0,0,0,10.75,-210.89,0,4.7163,68,1.0000,0.0000,1,1000
4/28 18:49:13.997  SPELL_AURA_REMOVED_DOSE,Player-4755-01733879,"Hocwar-Dreadmist",0x40514,0x0,Player-4755-01733879,"Hocwar-Dreadmist",0x40514,0x0,12970,"Flurry",0x1,BUFF,2
4/28 18:49:13.997  SWING_DAMAGE_LANDED,Pet-0-4457-249-1045-9622-02002CD5BC,"Bokito",0x1114,0x0,Creature-0-4457-249-1045-10184-000028665C,"Onyxia",0x10a48,0x0,Creature-0-4457-249-1045-10184-000028665C,0000000000000000,84,100,0,0,0,-1,0,0,0,10.16,-218.04,0,0.0018,63,194,247,-1,1,0,0,0,nil,nil,nil
4/28 18:49:13.997  SPELL_ABSORBED,Creature-0-4457-249-1045-10184-000028665C,"Onyxia",0x10a48,0x0,Player-4755-01733879,"Hocwar-Dreadmist",0x40514,0x0,18500,"Wing Buffet",0x1,Player-4755-01BC57A3,"Saintis-Dreadmist",0x511,0x0,10901,"Power Word: Shield",0x2,418,880
4/28 18:49:13.997  SPELL_MISSED,Creature-0-4457-249-1045-10184-000028665C,"Onyxia",0x10a48,0x0,Player-4755-01733879,"Hocwar-Dreadmist",0x40514,0x0,18500,"Wing Buffet",0x1,ABSORB,nil,418,880
4/28 18:49:13.997  SWING_DAMAGE_LANDED,Player-4755-0160BD13,"Mafkees-Dreadmist",0x514,0x0,Creature-0-4457-249-1045-10184-000028665C,"Onyxia",0x10a48,0x0,Creature-0-4457-249-1045-10184-000028665C,0000000000000000,84,100,0,0,0,-1,0,0,0,10.16,-218.04,0,0.0018,63,388,585,-1,1,0,0,0,nil,1,nil
4/28 18:49:13.997  SWING_DAMAGE_LANDED,Pet-0-4457-249-1045-7456-03003178E8,"Owl",0x1114,0x0,Creature-0-4457-249-1045-10184-000028665C,"Onyxia",0x10a48,0x0,Creature-0-4457-249-1045-10184-000028665C,0000000000000000,84,100,0,0,0,-1,0,0,0,10.16,-218.04,0,0.0018,63,76,171,-1,1,0,0,0,nil,1,nil
4/28 18:49:13.997  SPELL_HEAL,Player-4755-0210153A,"Hapuseneb-Dreadmist",0x514,0x0,Player-4755-01733879,"Hocwar-Dreadmist",0x40514,0x0,2053,"Lesser Heal",0x2,Player-4755-01733879,0000000000000000,100,100,0,0,0,-1,0,0,0,23.37,-218.01,0,3.1110,71,421,421,421,0,nil
4/28 18:49:13.997  SWING_DAMAGE_LANDED,Player-4755-01AC9FD9,"Alexinho-Dreadmist",0x514,0x0,Creature-0-4457-249-1045-10184-000028665C,"Onyxia",0x10a48,0x0,Creature-0-4457-249-1045-10184-000028665C,0000000000000000,84,100,0,0,0,-1,0,0,0,10.16,-218.04,0,0.0018,63,285,177,-1,1,0,0,0,1,nil,nil
4/28 18:49:13.997  SWING_DAMAGE_LANDED,Player-4755-01637B0A,"Pindle-Dreadmist",0x514,0x0,Creature-0-4457-249-1045-10184-000028665C,"Onyxia",0x10a48,0x0,Creature-0-4457-249-1045-10184-000028665C,0000000000000000,84,100,0,0,0,-1,0,0,0,10.16,-218.04,0,0.0018,63,152,210,-1,1,0,0,0,nil,1,nil
4/28 18:49:13.997  SWING_DAMAGE_LANDED,Player-4755-016296D3,"Nivl-Dreadmist",0x514,0x0,Creature-0-4457-249-1045-10184-000028665C,"Onyxia",0x10a48,0x0,Creature-0-4457-249-1045-10184-000028665C,0000000000000000,84,100,0,0,0,-1,0,0,0,10.16,-218.04,0,0.0018,63,126,242,-1,1,0,0,0,nil,1,nil
4/28 18:49:13.997  SPELL_PERIODIC_ENERGIZE,Player-4755-0160BD13,"Mafkees-Dreadmist",0x514,0x0,Player-4755-0160BD13,"Mafkees-Dreadmist",0x514,0x0,29131,"Bloodrage",0x1,Player-4755-0160BD13,0000000000000000,93,100,0,0,0,-1,0,0,0,8.49,-207.52,0,4.8875,64,1.0000,0.0000,1,1000
4/28 18:49:13.997  SPELL_CAST_SUCCESS,Player-4755-0178F416,"Eltorero-Dreadmist",0x514,0x0,Creature-0-4457-249-1045-10184-000028665C,"Onyxia",0x10a48,0x0,23894,"Bloodthirst",0x1,Player-4755-0178F416,0000000000000000,100,100,0,0,0,-1,0,0,0,7.52,-204.97,0,4.8095,67
4/28 18:49:13.997  SPELL_CAST_SUCCESS,Player-4755-01E83279,"Nlmasters-Dreadmist",0x514,0x8,Creature-0-4457-249-1045-10184-000028665C,"Onyxia",0x10a48,0x0,20904,"Aimed Shot",0x1,Player-4755-01E83279,0000000000000000,100,100,0,0,0,-1,0,0,0,-3.02,-183.55,0,4.7569,70
4/28 18:49:14.018  SPELL_CAST_START,Player-4755-01804B95,"Moymoy-Dreadmist",0x514,0x0,0000000000000000,nil,0x80000000,0x80000000,939,"Healing Wave",0x8
4/28 18:49:14.105  SPELL_PERIODIC_ENERGIZE,Player-4755-01BC57A3,"Saintis-Dreadmist",0x511,0x0,Player-4755-01BC57A3,"Saintis-Dreadmist",0x511,0x0,18194,"Mana Regeneration",0x1,Player-4755-01BC57A3,0000000000000000,100,100,0,0,0,-1,0,0,0,9.82,-192.39,0,5.0952,68,8.0000,0.0000,0,7212
4/28 18:49:14.150  SWING_DAMAGE,Player-4755-01637B0A,"Pindle-Dreadmist",0x514,0x0,Creature-0-4457-249-1045-10184-000028665C,"Onyxia",0x10a48,0x0,Player-4755-01637B0A,0000000000000000,100,100,0,0,0,-1,0,0,0,8.72,-208.37,0,4.9671,65,81,104,-1,1,0,0,0,nil,1,nil
4/28 18:49:14.150  SPELL_AURA_REMOVED,Player-4755-0160BD13,"Mafkees-Dreadmist",0x514,0x0,Player-4755-0160BD13,"Mafkees-Dreadmist",0x514,0x0,18499,"Berserker Rage",0x1,BUFF
4/28 18:49:14.150  SPELL_CAST_SUCCESS,Player-4755-020BD78D,"Lonehunter-Dreadmist",0x514,0x0,Creature-0-4457-249-1045-10184-000028665C,"Onyxia",0x10a48,0x0,75,"Auto Shot",0x1,Player-4755-020BD78D,0000000000000000,100,100,0,0,0,-1,0,0,0,1.62,-179.46,0,4.9304,70
4/28 18:49:14.150  SPELL_PERIODIC_DAMAGE,Player-4755-0160BD13,"Mafkees-Dreadmist",0x514,0x0,Creature-0-4457-249-1045-10184-000028665C,"Onyxia",0x10a48,0x0,12721,"Deep Wound",0x1,Creature-0-4457-249-1045-10184-000028665C,0000000000000000,84,100,0,0,0,-1,0,0,0,10.16,-218.04,0,0.0018,63,86,86,-1,1,0,0,0,nil,nil,nil
4/28 18:49:14.150  SPELL_AURA_APPLIED,Player-4755-016DF694,"Ashalan-Dreadmist",0x514,0x0,Player-4755-016DF694,"Ashalan-Dreadmist",0x514,0x0,16361,"Windfury Weapon",0x8,BUFF
4/28 18:49:14.150  SPELL_EXTRA_ATTACKS,Player-4755-016DF694,"Ashalan-Dreadmist",0x514,0x0,Player-4755-016DF694,"Ashalan-Dreadmist",0x514,0x0,16361,"Windfury Weapon",0x8,2
4/28 18:49:14.150  SWING_DAMAGE,Player-4755-016DF694,"Ashalan-Dreadmist",0x514,0x0,Creature-0-4457-249-1045-10184-000028665C,"Onyxia",0x10a48,0x0,Player-4755-016DF694,0000000000000000,100,100,0,0,0,-1,0,0,0,10.21,-207.56,0,4.5365,67,308,571,-1,1,0,0,0,nil,1,nil
4/28 18:49:14.173  SPELL_CAST_SUCCESS,Player-4755-01617EEE,"Fenix-Dreadmist",0x512,0x0,Player-4755-01733879,"Hocwar-Dreadmist",0x40514,0x0,10916,"Flash Heal",0x2,Player-4755-01617EEE,0000000000000000,100,100,0,0,0,-1,0,0,0,26.44,-181.95,0,4.6344,66
4/28 18:49:14.173  SPELL_CAST_START,Player-4755-01617EEE,"Fenix-Dreadmist",0x512,0x0,0000000000000000,nil,0x80000000,0x80000000,10916,"Flash Heal",0x2
4/28 18:49:14.173  SPELL_AURA_APPLIED,Player-4755-016DF694,"Ashalan-Dreadmist",0x514,0x0,Player-4755-016DF694,"Ashalan-Dreadmist",0x514,0x0,20007,"Holy Strength",0x2,BUFF
4/28 18:49:14.173  SPELL_HEAL,Player-4755-016DF694,"Ashalan-Dreadmist",0x514,0x0,Player-4755-016DF694,"Ashalan-Dreadmist",0x514,0x0,20007,"Holy Strength",0x2,Player-4755-016DF694,0000000000000000,100,100,0,0,0,-1,0,0,0,10.21,-207.56,0,4.5365,67,101,101,101,0,nil
4/28 18:49:14.173  SWING_DAMAGE,Player-4755-016DF694,"Ashalan-Dreadmist",0x514,0x0,Creature-0-4457-249-1045-10184-000028665C,"Onyxia",0x10a48,0x0,Player-4755-016DF694,0000000000000000,100,100,0,0,0,-1,0,0,0,10.21,-207.56,0,4.5365,67,1095,694,-1,1,0,0,0,1,nil,nil
4/28 18:49:14.194  SWING_MISSED,Player-4755-016DF694,"Ashalan-Dreadmist",0x514,0x0,Creature-0-4457-249-1045-10184-000028665C,"Onyxia",0x10a48,0x0,PARRY,nil
4/28 18:49:14.218  SPELL_CAST_SUCCESS,Player-4755-01733879,"Hocwar-Dreadmist",0x40514,0x0,Creature-0-4457-249-1045-10184-000028665C,"Onyxia",0x10a48,0x0,11567,"Heroic Strike",0x1,Player-4755-01733879,0000000000000000,100,100,0,0,0,-1,0,0,0,26.45,-218.01,0,3.1110,71
4/28 18:49:14.218  SPELL_AURA_REMOVED_DOSE,Player-4755-01733879,"Hocwar-Dreadmist",0x40514,0x0,Player-4755-01733879,"Hocwar-Dreadmist",0x40514,0x0,12970,"Flurry",0x1,BUFF,1
4/28 18:49:14.218  SPELL_AURA_APPLIED,Player-4755-01733879,"Hocwar-Dreadmist",0x40514,0x0,Player-4755-01733879,"Hocwar-Dreadmist",0x40514,0x0,10610,"Windfury Totem",0x8,BUFF
4/28 18:49:14.218  SPELL_EXTRA_ATTACKS,Player-4755-01733879,"Hocwar-Dreadmist",0x40514,0x0,Player-4755-01733879,"Hocwar-Dreadmist",0x40514,0x0,10610,"Windfury Totem",0x8,1
4/28 18:49:14.218  SWING_DAMAGE,Pet-0-4457-249-1045-2850-01001956F9,"Kratos",0x1114,0x0,Creature-0-4457-249-1045-10184-000028665C,"Onyxia",0x10a48,0x0,Pet-0-4457-249-1045-2850-01001956F9,Player-4755-0178F576,100,100,0,0,0,-1,0,0,0,5.73,-193.66,0,4.8178,66,187,118,-1,1,0,0,0,1,nil,nil
4/28 18:49:14.218  SWING_DAMAGE,Player-4755-01733879,"Hocwar-Dreadmist",0x40514,0x0,Creature-0-4457-249-1045-10184-000028665C,"Onyxia",0x10a48,0x0,Player-4755-01733879,0000000000000000,100,100,0,0,0,-1,0,0,0,26.45,-218.01,0,3.1110,71,249,391,-1,1,0,0,0,nil,1,nil
4/28 18:49:14.237  SPELL_CAST_SUCCESS,Player-4755-01802FE5,"Angrybat-Dreadmist",0x514,0x0,Creature-0-4457-249-1045-10184-000028665C,"Onyxia",0x10a48,0x0,10181,"Frostbolt",0x10,Player-4755-01802FE5,0000000000000000,100,100,0,0,0,-1,0,0,0,12.24,-179.84,0,4.5664,66
4/28 18:49:14.255  SPELL_CAST_START,Player-4755-01E83279,"Nlmasters-Dreadmist",0x514,0x8,0000000000000000,nil,0x80000000,0x80000000,75,"Auto Shot",0x1
4/28 18:49:14.272  SWING_MISSED,Player-4755-01AC9FD9,"Alexinho-Dreadmist",0x514,0x0,Creature-0-4457-249-1045-10184-000028665C,"Onyxia",0x10a48,0x0,MISS,nil
4/28 18:49:14.272  SWING_DAMAGE,Player-4755-0220BD00,"Krikoff-Dreadmist",0x40514,0x0,Creature-0-4457-249-1045-10184-000028665C,"Onyxia",0x10a48,0x0,Player-4755-0220BD00,0000000000000000,100,100,0,0,0,-1,0,0,0,10.75,-210.89,0,4.7163,68,171,258,-1,1,0,0,0,nil,1,nil
4/28 18:49:14.360  SPELL_DAMAGE,Player-4755-0163DD9D,"Kaspais-Dreadmist",0x514,0x0,Creature-0-4457-249-1045-10184-000028665C,"Onyxia",0x10a48,0x0,10181,"Frostbolt",0x10,Creature-0-4457-249-1045-10184-000028665C,0000000000000000,84,100,0,0,0,-1,0,0,0,10.16,-218.04,0,0.0018,63,923,838,-1,16,0,0,0,nil,nil,nil
4/28 18:49:14.399  SPELL_AURA_APPLIED,Player-4755-01BC57A3,"Saintis-Dreadmist",0x511,0x0,Player-4755-01733879,"Hocwar-Dreadmist",0x40514,0x0,6788,"Weakened Soul",0x2,DEBUFF
4/28 18:49:14.399  SPELL_ENERGIZE,Player-4755-01F21AE6,"Blahu-Dreadmist",0x40514,0x0,Player-4755-01F21AE6,"Blahu-Dreadmist",0x40514,0x0,12964,"Unbridled Wrath",0x1,Player-4755-01F21AE6,0000000000000000,100,100,0,0,0,-1,0,0,0,13.36,-210.14,0,4.6774,70,0.0000,1.0000,1,1000
4/28 18:49:14.399  SPELL_AURA_APPLIED,Player-4755-01F36B30,"Rectumqeef-Dreadmist",0x514,0x0,Player-4755-01F36B30,"Rectumqeef-Dreadmist",0x514,0x0,17941,"Shadow Trance",0x20,BUFF
4/28 18:49:14.399  SPELL_AURA_REMOVED_DOSE,Player-4755-0160BD13,"Mafkees-Dreadmist",0x514,0x0,Player-4755-0160BD13,"Mafkees-Dreadmist",0x514,0x0,12970,"Flurry",0x1,BUFF,1
4/28 18:49:14.399  SPELL_DAMAGE,Player-4755-0178F416,"Eltorero-Dreadmist",0x514,0x0,Creature-0-4457-249-1045-10184-000028665C,"Onyxia",0x10a48,0x0,23894,"Bloodthirst",0x1,Creature-0-4457-249-1045-10184-000028665C,0000000000000000,84,100,0,0,0,-1,0,0,0,10.16,-218.04,0,0.0018,63,578,733,-1,1,0,0,0,nil,nil,nil
4/28 18:49:14.399  SPELL_AURA_APPLIED,Player-4755-0178F416,"Eltorero-Dreadmist",0x514,0x0,Player-4755-0178F416,"Eltorero-Dreadmist",0x514,0x0,23888,"Bloodthirst",0x1,BUFF
4/28 18:49:14.399  SWING_DAMAGE_LANDED,Player-4755-01637B0A,"Pindle-Dreadmist",0x514,0x0,Creature-0-4457-249-1045-10184-000028665C,"Onyxia",0x10a48,0x0,Creature-0-4457-249-1045-10184-000028665C,0000000000000000,84,100,0,0,0,-1,0,0,0,10.16,-218.04,0,0.0018,63,81,104,-1,1,0,0,0,nil,1,nil
4/28 18:49:14.399  SWING_DAMAGE_LANDED,Player-4755-016DF694,"Ashalan-Dreadmist",0x514,0x0,Creature-0-4457-249-1045-10184-000028665C,"Onyxia",0x10a48,0x0,Creature-0-4457-249-1045-10184-000028665C,0000000000000000,84,100,0,0,0,-1,0,0,0,10.16,-218.04,0,0.0018,63,308,571,-1,1,0,0,0,nil,1,nil
4/28 18:49:14.399  SPELL_HEAL,Player-4755-01617EEE,"Fenix-Dreadmist",0x512,0x0,Player-4755-01733879,"Hocwar-Dreadmist",0x40514,0x0,10916,"Flash Heal",0x2,Player-4755-01733879,0000000000000000,100,100,0,0,0,-1,0,0,0,31.12,-218.00,0,3.1110,71,1560,1560,1560,0,1
4/28 18:49:14.399  SWING_DAMAGE_LANDED,Player-4755-016DF694,"Ashalan-Dreadmist",0x514,0x0,Creature-0-4457-249-1045-10184-000028665C,"Onyxia",0x10a48,0x0,Creature-0-4457-249-1045-10184-000028665C,0000000000000000,84,100,0,0,0,-1,0,0,0,10.16,-218.04,0,0.0018,63,1095,694,-1,1,0,0,0,1,nil,nil
4/28 18:49:14.399  SPELL_DAMAGE,Player-4755-01733879,"Hocwar-Dreadmist",0x40514,0x0,Creature-0-4457-249-1045-10184-000028665C,"Onyxia",0x10a48,0x0,11567,"Heroic Strike",0x1,Creature-0-4457-249-1045-10184-000028665C,0000000000000000,84,100,0,0,0,-1,0,0,0,10.16,-218.04,0,0.0018,63,403,511,-1,1,0,0,0,nil,nil,nil
4/28 18:49:14.399  SWING_DAMAGE_LANDED,Pet-0-4457-249-1045-2850-01001956F9,"Kratos",0x1114,0x0,Creature-0-4457-249-1045-10184-000028665C,"Onyxia",0x10a48,0x0,Creature-0-4457-249-1045-10184-000028665C,0000000000000000,84,100,0,0,0,-1,0,0,0,10.16,-218.04,0,0.0018,63,187,118,-1,1,0,0,0,1,nil,nil
4/28 18:49:14.399  SWING_DAMAGE_LANDED,Player-4755-01733879,"Hocwar-Dreadmist",0x40514,0x0,Creature-0-4457-249-1045-10184-000028665C,"Onyxia",0x10a48,0x0,Creature-0-4457-249-1045-10184-000028665C,0000000000000000,84,100,0,0,0,-1,0,0,0,10.16,-218.04,0,0.0018,63,249,391,-1,1,0,0,0,nil,1,nil
4/28 18:49:14.399  SWING_DAMAGE_LANDED,Player-4755-0220BD00,"Krikoff-Dreadmist",0x40514,0x0,Creature-0-4457-249-1045-10184-000028665C,"Onyxia",0x10a48,0x0,Creature-0-4457-249-1045-10184-000028665C,0000000000000000,84,100,0,0,0,-1,0,0,0,10.16,-218.04,0,0.0018,63,171,258,-1,1,0,0,0,nil,1,nil
4/28 18:49:14.399  SPELL_AURA_APPLIED,Player-4755-0163DD9D,"Kaspais-Dreadmist",0x514,0x0,Player-4755-0163DD9D,"Kaspais-Dreadmist",0x514,0x0,12536,"Clearcasting",0x40,BUFF
4/28 18:49:14.499  SPELL_CAST_SUCCESS,Player-4755-0220BD00,"Krikoff-Dreadmist",0x40514,0x0,Creature-0-4457-249-1045-10184-000028665C,"Onyxia",0x10a48,0x0,23894,"Bloodthirst",0x1,Player-4755-0220BD00,0000000000000000,100,100,0,0,0,-1,0,0,0,10.75,-210.89,0,4.7163,68
4/28 18:49:14.528  SPELL_CAST_SUCCESS,Player-4755-01733879,"Hocwar-Dreadmist",0x40514,0x0,Creature-0-4457-249-1045-10184-000028665C,"Onyxia",0x10a48,0x0,11601,"Revenge",0x1,Player-4755-01733879,0000000000000000,100,100,0,0,0,-1,0,0,0,34.40,-217.99,0,3.1110,71
4/28 18:49:14.609  SWING_DAMAGE,Player-4755-01A6B139,"Sakatan-Dreadmist",0x514,0x0,Creature-0-4457-249-1045-10184-000028665C,"Onyxia",0x10a48,0x0,Player-4755-01A6B139,0000000000000000,100,100,0,0,0,-1,0,0,0,9.54,-199.57,0,5.0548,69,95,125,-1,1,0,0,0,nil,1,nil
4/28 18:49:14.609  SPELL_CAST_SUCCESS,Player-4755-01FA8DD8,"Roackerita-Dreadmist",0x514,0x0,Player-4755-01F21AE6,"Blahu-Dreadmist",0x40514,0x0,6078,"Renew",0x2,Player-4755-01FA8DD8,0000000000000000,100,100,0,0,0,-1,0,0,0,3.53,-182.84,0,5.5543,69
4/28 18:49:14.640  SPELL_AURA_REMOVED,Player-4755-0220BD00,"Krikoff-Dreadmist",0x40514,0x0,Player-4755-0220BD00,"Krikoff-Dreadmist",0x40514,0x0,20007,"Holy Strength",0x2,BUFF
4/28 18:49:14.640  SWING_MISSED,Player-4755-01A6B139,"Sakatan-Dreadmist",0x514,0x0,Creature-0-4457-249-1045-10184-000028665C,"Onyxia",0x10a48,0x0,MISS,nil
4/28 18:49:14.699  SPELL_CAST_SUCCESS,Player-4755-01E83279,"Nlmasters-Dreadmist",0x514,0x8,Creature-0-4457-249-1045-10184-000028665C,"Onyxia",0x10a48,0x0,75,"Auto Shot",0x1,Player-4755-01E83279,0000000000000000,100,100,0,0,0,-1,0,0,0,-3.02,-183.55,0,4.7569,70
4/28 18:49:14.791  SPELL_AURA_REMOVED_DOSE,Player-4755-0178F416,"Eltorero-Dreadmist",0x514,0x0,Player-4755-0178F416,"Eltorero-Dreadmist",0x514,0x0,23888,"Bloodthirst",0x1,BUFF,4
4/28 18:49:14.791  SPELL_HEAL,Player-4755-0178F416,"Eltorero-Dreadmist",0x514,0x0,Player-4755-0178F416,"Eltorero-Dreadmist",0x514,0x0,23891,"Bloodthirst",0x1,Player-4755-0178F416,0000000000000000,100,100,0,0,0,-1,0,0,0,7.79,-204.94,0,4.8095,67,20,20,20,0,nil
4/28 18:49:14.791  SPELL_AURA_REMOVED_DOSE,Player-4755-016DF694,"Ashalan-Dreadmist",0x514,0x0,Player-4755-016DF694,"Ashalan-Dreadmist",0x514,0x0,16361,"Windfury Weapon",0x8,BUFF,2
4/28 18:49:14.791  SPELL_AURA_REMOVED,Player-4755-016DF694,"Ashalan-Dreadmist",0x514,0x0,Player-4755-016DF694,"Ashalan-Dreadmist",0x514,0x0,16280,"Flurry",0x1,BUFF
4/28 18:49:14.791  SPELL_AURA_REMOVED_DOSE,Player-4755-016DF694,"Ashalan-Dreadmist",0x514,0x0,Player-4755-016DF694,"Ashalan-Dreadmist",0x514,0x0,16361,"Windfury Weapon",0x8,BUFF,1
4/28 18:49:14.812  SPELL_AURA_APPLIED,Player-4755-016DF694,"Ashalan-Dreadmist",0x514,0x0,Player-4755-016DF694,"Ashalan-Dreadmist",0x514,0x0,16280,"Flurry",0x1,BUFF
4/28 18:49:14.812  SPELL_AURA_REMOVED,Player-4755-016DF694,"Ashalan-Dreadmist",0x514,0x0,Player-4755-016DF694,"Ashalan-Dreadmist",0x514,0x0,16361,"Windfury Weapon",0x8,BUFF
4/28 18:49:14.812  SPELL_AURA_REMOVED_DOSE,Player-4755-01733879,"Hocwar-Dreadmist",0x40514,0x0,Player-4755-01733879,"Hocwar-Dreadmist",0x40514,0x0,10610,"Windfury Totem",0x8,BUFF,1
4/28 18:49:14.812  SPELL_AURA_REMOVED,Player-4755-01733879,"Hocwar-Dreadmist",0x40514,0x0,Player-4755-01733879,"Hocwar-Dreadmist",0x40514,0x0,12970,"Flurry",0x1,BUFF
4/28 18:49:14.812  SPELL_AURA_REMOVED_DOSE,Player-4755-0220BD00,"Krikoff-Dreadmist",0x40514,0x0,Player-4755-0220BD00,"Krikoff-Dreadmist",0x40514,0x0,12970,"Flurry",0x1,BUFF,1
4/28 18:49:14.812  SPELL_DAMAGE,Player-4755-0220BD00,"Krikoff-Dreadmist",0x40514,0x0,Creature-0-4457-249-1045-10184-000028665C,"Onyxia",0x10a48,0x0,23894,"Bloodthirst",0x1,Creature-0-4457-249-1045-10184-000028665C,0000000000000000,84,100,0,0,0,-1,0,0,0,10.16,-218.04,0,0.0018,63,512,650,-1,1,0,0,0,nil,nil,nil
4/28 18:49:14.812  SPELL_AURA_APPLIED,Player-4755-0220BD00,"Krikoff-Dreadmist",0x40514,0x0,Player-4755-0220BD00,"Krikoff-Dreadmist",0x40514,0x0,23888,"Bloodthirst",0x1,BUFF
4/28 18:49:14.812  SPELL_DAMAGE,Player-4755-01733879,"Hocwar-Dreadmist",0x40514,0x0,Creature-0-4457-249-1045-10184-000028665C,"Onyxia",0x10a48,0x0,11601,"Revenge",0x1,Creature-0-4457-249-1045-10184-000028665C,0000000000000000,84,100,0,0,0,-1,0,0,0,10.16,-218.04,0,0.0018,63,60,76,-1,1,0,0,0,nil,nil,nil
4/28 18:49:14.812  SWING_DAMAGE_LANDED,Player-4755-01A6B139,"Sakatan-Dreadmist",0x514,0x0,Creature-0-4457-249-1045-10184-000028665C,"Onyxia",0x10a48,0x0,Creature-0-4457-249-1045-10184-000028665C,0000000000000000,84,100,0,0,0,-1,0,0,0,10.16,-218.04,0,0.0018,63,95,125,-1,1,0,0,0,nil,1,nil
4/28 18:49:14.812  SPELL_AURA_APPLIED,Player-4755-01FA8DD8,"Roackerita-Dreadmist",0x514,0x0,Player-4755-01F21AE6,"Blahu-Dreadmist",0x40514,0x0,6078,"Renew",0x2,BUFF
4/28 18:49:14.812  SPELL_CAST_START,Player-4755-01F36B30,"Rectumqeef-Dreadmist",0x514,0x0,0000000000000000,nil,0x80000000,0x80000000,5019,"Shoot",0x1
4/28 18:49:14.899  SPELL_CAST_SUCCESS,Player-4755-0160BD13,"Mafkees-Dreadmist",0x514,0x0,Creature-0-4457-249-1045-10184-000028665C,"Onyxia",0x10a48,0x0,23894,"Bloodthirst",0x1,Player-4755-0160BD13,0000000000000000,93,100,0,0,0,-1,0,0,0,8.85,-207.78,0,4.8875,64
4/28 18:49:14.929  SPELL_DAMAGE,Player-4755-01E83279,"Nlmasters-Dreadmist",0x514,0x8,Creature-0-4457-249-1045-10184-000028665C,"Onyxia",0x10a48,0x0,20904,"Aimed Shot",0x1,Creature-0-4457-249-1045-10184-000028665C,0000000000000000,84,100,0,0,0,-1,0,0,0,10.16,-218.04,0,0.0018,63,835,1060,-1,1,0,0,0,nil,nil,nil
4/28 18:49:14.983  SPELL_PERIODIC_ENERGIZE,Player-4755-0160BD13,"Mafkees-Dreadmist",0x514,0x0,Player-4755-0160BD13,"Mafkees-Dreadmist",0x514,0x0,29131,"Bloodrage",0x1,Player-4755-0160BD13,0000000000000000,93,100,0,0,0,-1,0,0,0,8.85,-207.78,0,4.8875,64,1.0000,0.0000,1,1000
4/28 18:49:14.999  SPELL_AURA_REMOVED_DOSE,Player-4755-01614AC7,"Mirrimazduur-Dreadmist",0x512,0x0,Creature-0-4457-249-1045-10184-000028665C,"Onyxia",0x10a48,0x0,17800,"Shadow Vulnerability",0x20,DEBUFF,2
4/28 18:49:14.999  SPELL_DAMAGE,Player-4755-01614AC7,"Mirrimazduur-Dreadmist",0x512,0x0,Creature-0-4457-249-1045-10184-000028665C,"Onyxia",0x10a48,0x0,11661,"Shadow Bolt",0x20,Creature-0-4457-249-1045-10184-000028665C,0000000000000000,84,100,0,0,0,-1,0,0,0,10.16,-218.04,0,0.0018,63,1134,859,-1,32,0,0,0,nil,nil,nil
4/28 18:49:15.137  SWING_DAMAGE,Player-4755-0178F416,"Eltorero-Dreadmist",0x514,0x0,Creature-0-4457-249-1045-10184-000028665C,"Onyxia",0x10a48,0x0,Player-4755-0178F416,0000000000000000,100,100,0,0,0,-1,0,0,0,7.74,-204.95,0,4.8095,67,1152,731,-1,1,0,0,0,1,nil,nil
4/28 18:49:15.137  RANGE_DAMAGE,Player-4755-020BD78D,"Lonehunter-Dreadmist",0x514,0x0,Creature-0-4457-249-1045-10184-000028665C,"Onyxia",0x10a48,0x0,75,"Auto Shot",0x1,Creature-0-4457-249-1045-10184-000028665C,0000000000000000,83,100,0,0,0,-1,0,0,0,10.16,-218.04,0,0.0018,63,934,504,-1,1,0,0,0,1,nil,nil
4/28 18:49:15.171  SPELL_CAST_SUCCESS,Player-4755-0220BD00,"Krikoff-Dreadmist",0x40514,0x0,Creature-0-4457-249-1045-10184-000028665C,"Onyxia",0x10a48,0x0,11567,"Heroic Strike",0x1,Player-4755-0220BD00,0000000000000000,100,100,0,0,0,-1,0,0,0,10.75,-210.89,0,4.7163,68
4/28 18:49:15.171  SPELL_AURA_REMOVED,Player-4755-0220BD00,"Krikoff-Dreadmist",0x40514,0x0,Player-4755-0220BD00,"Krikoff-Dreadmist",0x40514,0x0,12970,"Flurry",0x1,BUFF
4/28 18:49:15.193  SPELL_CAST_START,Player-4755-020BD78D,"Lonehunter-Dreadmist",0x514,0x0,0000000000000000,nil,0x80000000,0x80000000,75,"Auto Shot",0x1
4/28 18:49:15.193  SPELL_CAST_SUCCESS,Creature-0-4457-249-1045-10184-000028665C,"Onyxia",0x10a48,0x0,Player-4755-01733879,"Hocwar-Dreadmist",0x40514,0x0,20311,"Summon Player",0x1,Creature-0-4457-249-1045-10184-000028665C,0000000000000000,83,100,0,0,0,-1,0,0,0,10.16,-218.04,0,0.0018,63
4/28 18:49:15.215  SPELL_AURA_REFRESH,Player-4755-01617EEE,"Fenix-Dreadmist",0x512,0x0,Player-4755-01733879,"Hocwar-Dreadmist",0x40514,0x0,15359,"Inspiration",0x2,BUFF
4/28 18:49:15.215  SPELL_ENERGIZE,Player-4755-01733879,"Hocwar-Dreadmist",0x40514,0x0,Player-4755-01733879,"Hocwar-Dreadmist",0x40514,0x0,12964,"Unbridled Wrath",0x1,Player-4755-01733879,0000000000000000,100,100,0,0,0,-1,0,0,0,37.54,-217.96,0,3.1110,71,1.0000,0.0000,1,1000
4/28 18:49:15.215  SPELL_ENERGIZE,Player-4755-01733879,"Hocwar-Dreadmist",0x40514,0x0,Player-4755-01733879,"Hocwar-Dreadmist",0x40514,0x0,12964,"Unbridled Wrath",0x1,Player-4755-01733879,0000000000000000,100,100,0,0,0,-1,0,0,0,37.54,-217.96,0,3.1110,71,1.0000,0.0000,1,1000
4/28 18:49:15.215  SPELL_ENERGIZE,Player-4755-0220BD00,"Krikoff-Dreadmist",0x40514,0x0,Player-4755-0220BD00,"Krikoff-Dreadmist",0x40514,0x0,12964,"Unbridled Wrath",0x1,Player-4755-0220BD00,0000000000000000,100,100,0,0,0,-1,0,0,0,10.75,-210.89,0,4.7163,68,1.0000,0.0000,1,1000
4/28 18:49:15.215  SPELL_AURA_REMOVED_DOSE,Player-4755-0220BD00,"Krikoff-Dreadmist",0x40514,0x0,Player-4755-0220BD00,"Krikoff-Dreadmist",0x40514,0x0,23888,"Bloodthirst",0x1,BUFF,4
4/28 18:49:15.215  SPELL_HEAL,Player-4755-0220BD00,"Krikoff-Dreadmist",0x40514,0x0,Player-4755-0220BD00,"Krikoff-Dreadmist",0x40514,0x0,23891,"Bloodthirst",0x1,Player-4755-0220BD00,0000000000000000,100,100,0,0,0,-1,0,0,0,10.75,-210.89,0,4.7163,68,20,20,20,0,nil
4/28 18:49:15.215  SPELL_DAMAGE,Player-4755-0160BD13,"Mafkees-Dreadmist",0x514,0x0,Creature-0-4457-249-1045-10184-000028665C,"Onyxia",0x10a48,0x0,23894,"Bloodthirst",0x1,Creature-0-4457-249-1045-10184-000028665C,0000000000000000,83,100,0,0,0,-1,0,0,0,10.16,-218.04,0,0.0018,63,1190,686,-1,1,0,0,0,1,nil,nil
4/28 18:49:15.215  SPELL_AURA_APPLIED,Player-4755-0160BD13,"Mafkees-Dreadmist",0x514,0x0,Player-4755-0160BD13,"Mafkees-Dreadmist",0x514,0x0,23888,"Bloodthirst",0x1,BUFF
4/28 18:49:15.215  SWING_DAMAGE_LANDED,Player-4755-0178F416,"Eltorero-Dreadmist",0x514,0x0,Creature-0-4457-249-1045-10184-000028665C,"Onyxia",0x10a48,0x0,Creature-0-4457-249-1045-10184-000028665C,0000000000000000,83,100,0,0,0,-1,0,0,0,10.16,-218.04,0,0.0018,63,1152,731,-1,1,0,0,0,1,nil,nil
4/28 18:49:15.215  SPELL_DAMAGE,Player-4755-0220BD00,"Krikoff-Dreadmist",0x40514,0x0,Creature-0-4457-249-1045-10184-000028665C,"Onyxia",0x10a48,0x0,11567,"Heroic Strike",0x1,Creature-0-4457-249-1045-10184-000028665C,0000000000000000,83,100,0,0,0,-1,0,0,0,10.16,-218.04,0,0.0018,63,386,490,-1,1,0,0,0,nil,nil,nil
4/28 18:49:15.215  SPELL_AURA_REMOVED_DOSE,Player-4755-01614AC7,"Mirrimazduur-Dreadmist",0x512,0x0,Creature-0-4457-249-1045-10184-000028665C,"Onyxia",0x10a48,0x0,17800,"Shadow Vulnerability",0x20,DEBUFF,1
4/28 18:49:15.215  SPELL_DAMAGE,Player-4755-01FA8D0D,"Roackeru-Dreadmist",0x514,0x0,Creature-0-4457-249-1045-10184-000028665C,"Onyxia",0x10a48,0x0,11661,"Shadow Bolt",0x20,Creature-0-4457-249-1045-10184-000028665C,0000000000000000,83,100,0,0,0,-1,0,0,0,10.16,-218.04,0,0.0018,63,2290,867,-1,32,0,0,0,1,nil,nil
4/28 18:49:15.215  SPELL_DAMAGE,Player-4755-021D6506,"Bloodlady-Dreadmist",0x514,0x0,Creature-0-4457-249-1045-10184-000028665C,"Onyxia",0x10a48,0x0,10181,"Frostbolt",0x10,Creature-0-4457-249-1045-10184-000028665C,0000000000000000,83,100,0,0,0,-1,0,0,0,10.16,-218.04,0,0.0018,63,1004,912,-1,16,0,0,0,nil,nil,nil
4/28 18:49:15.236  SPELL_CAST_SUCCESS,Player-4755-015FEBD5,"Sauvage-Dreadmist",0x514,0x0,Creature-0-4457-249-1045-10184-000028665C,"Onyxia",0x10a48,0x0,10181,"Frostbolt",0x10,Player-4755-015FEBD5,0000000000000000,100,100,0,0,0,-1,0,0,0,15.89,-180.74,0,4.6048,64
4/28 18:49:15.236  SPELL_CAST_START,Player-4755-02045EF4,"Necrosini-Dreadmist",0x512,0x0,0000000000000000,nil,0x80000000,0x80000000,2054,"Heal",0x2
4/28 18:49:15.236  SWING_MISSED,Player-4755-01637B0A,"Pindle-Dreadmist",0x514,0x0,Creature-0-4457-249-1045-10184-000028665C,"Onyxia",0x10a48,0x0,EVADE,1
4/28 18:49:15.251  SWING_MISSED,Player-4755-01733879,"Hocwar-Dreadmist",0x40514,0x0,Creature-0-4457-249-1045-10184-000028665C,"Onyxia",0x10a48,0x0,EVADE,1
4/28 18:49:15.251  SPELL_AURA_REMOVED,Player-4755-0178F416,"Eltorero-Dreadmist",0x514,0x0,Player-4755-0178F416,"Eltorero-Dreadmist",0x514,0x0,20007,"Holy Strength",0x2,BUFF
4/28 18:49:15.251  RANGE_DAMAGE,Player-4755-01F36B30,"Rectumqeef-Dreadmist",0x514,0x0,Creature-0-4457-249-1045-10184-000028665C,"Onyxia",0x10a48,0x0,5019,"Shoot",0x1,Creature-0-4457-249-1045-10184-000028665C,0000000000000000,83,100,0,0,0,-1,0,0,0,10.16,-218.04,0,0.0018,63,61,55,-1,64,0,0,0,nil,nil,nil
4/28 18:49:15.251  SPELL_CAST_START,Player-4755-01802FE5,"Angrybat-Dreadmist",0x514,0x0,0000000000000000,nil,0x80000000,0x80000000,5019,"Shoot",0x1
4/28 18:49:15.306  SWING_MISSED,Player-4755-01F21AE6,"Blahu-Dreadmist",0x40514,0x0,Creature-0-4457-249-1045-10184-000028665C,"Onyxia",0x10a48,0x0,EVADE,1
4/28 18:49:15.306  SPELL_CAST_SUCCESS,Player-4755-01F36B30,"Rectumqeef-Dreadmist",0x514,0x0,Creature-0-4457-249-1045-10184-000028665C,"Onyxia",0x10a48,0x0,5019,"Shoot",0x1,Player-4755-01F36B30,0000000000000000,100,100,0,0,0,-1,0,0,0,11.80,-188.94,0,4.6184,66
4/28 18:49:15.334  SWING_MISSED,Player-4755-01AC9FD9,"Alexinho-Dreadmist",0x514,0x0,Creature-0-4457-249-1045-10184-000028665C,"Onyxia",0x10a48,0x0,EVADE,1
4/28 18:49:15.350  SWING_MISSED,Player-4755-01637B0A,"Pindle-Dreadmist",0x514,0x0,Creature-0-4457-249-1045-10184-000028665C,"Onyxia",0x10a48,0x0,EVADE,nil
4/28 18:49:15.405  SPELL_CAST_SUCCESS,Player-4755-020BD78D,"Lonehunter-Dreadmist",0x514,0x0,Creature-0-4457-249-1045-10184-000028665C,"Onyxia",0x10a48,0x0,75,"Auto Shot",0x1,Player-4755-020BD78D,0000000000000000,100,100,0,0,0,-1,0,0,0,1.62,-179.46,0,4.9304,70
4/28 18:49:15.449  SPELL_CAST_SUCCESS,Player-4755-01614AC7,"Mirrimazduur-Dreadmist",0x512,0x0,Creature-0-4457-249-1045-10184-000028665C,"Onyxia",0x10a48,0x0,11661,"Shadow Bolt",0x20,Player-4755-01614AC7,0000000000000000,100,100,0,0,0,-1,0,0,0,-1.52,-178.92,0,4.9074,68
4/28 18:49:15.449  SPELL_CAST_START,Player-4755-01614AC7,"Mirrimazduur-Dreadmist",0x512,0x0,0000000000000000,nil,0x80000000,0x80000000,11661,"Shadow Bolt",0x20
4/28 18:49:15.583  SPELL_CAST_SUCCESS,Player-4755-01617EEE,"Fenix-Dreadmist",0x512,0x0,Player-4755-0160BD13,"Mafkees-Dreadmist",0x514,0x0,10916,"Flash Heal",0x2,Player-4755-01617EEE,0000000000000000,100,100,0,0,0,-1,0,0,0,26.44,-181.95,0,4.6344,66
4/28 18:49:15.599  SPELL_PERIODIC_ENERGIZE,Creature-0-4457-249-1045-7416-0000286C79,"Mana Spring Totem IV",0x2114,0x0,Player-4755-0210153A,"Hapuseneb-Dreadmist",0x514,0x0,10494,"Mana Spring",0x8,Player-4755-0210153A,0000000000000000,100,100,0,0,0,-1,0,0,0,16.09,-197.11,0,4.4807,66,12.0000,0.0000,0,6736
4/28 18:49:15.599  SPELL_PERIODIC_ENERGIZE,Creature-0-4457-249-1045-7416-0000286C79,"Mana Spring Totem IV",0x2114,0x0,Player-4755-01ED7A64,"Sperzieboon-Dreadmist",0x514,0x0,10494,"Mana Spring",0x8,Player-4755-01ED7A64,0000000000000000,100,100,0,0,0,-1,0,0,0,13.03,-190.57,0,4.7271,67,12.0000,0.0000,0,7261
4/28 18:49:15.599  SPELL_PERIODIC_ENERGIZE,Creature-0-4457-249-1045-7416-0000286C79,"Mana Spring Totem IV",0x2114,0x0,Player-4755-01804B95,"Moymoy-Dreadmist",0x514,0x0,10494,"Mana Spring",0x8,Player-4755-01804B95,0000000000000000,100,100,0,0,0,-1,0,0,0,13.31,-185.64,0,4.6347,66,12.0000,0.0000,0,5366
4/28 18:49:15.599  SPELL_PERIODIC_ENERGIZE,Creature-0-4457-249-1045-7416-0000286C79,"Mana Spring Totem IV",0x2114,0x0,Player-4755-01FA8DD8,"Roackerita-Dreadmist",0x514,0x0,10494,"Mana Spring",0x8,Player-4755-01FA8DD8,0000000000000000,100,100,0,0,0,-1,0,0,0,3.53,-182.84,0,5.5543,69,12.0000,0.0000,0,6736
4/28 18:49:15.599  SPELL_PERIODIC_ENERGIZE,Creature-0-4457-249-1045-7416-0000286C79,"Mana Spring Totem IV",0x2114,0x0,Player-4755-015FEBD5,"Sauvage-Dreadmist",0x514,0x0,10494,"Mana Spring",0x8,Player-4755-015FEBD5,0000000000000000,100,100,0,0,0,-1,0,0,0,15.89,-180.74,0,4.6048,64,13.0000,0.0000,0,6158
4/28 18:49:15.599  SWING_MISSED,Creature-0-4457-249-1045-10184-000028665C,"Onyxia",0x10a48,0x0,Player-4755-01733879,"Hocwar-Dreadmist",0x40514,0x0,PARRY,nil
4/28 18:49:15.618  SPELL_AURA_REMOVED_DOSE,Player-4755-0160BD13,"Mafkees-Dreadmist",0x514,0x0,Player-4755-0160BD13,"Mafkees-Dreadmist",0x514,0x0,23888,"Bloodthirst",0x1,BUFF,4
4/28 18:49:15.618  SPELL_AURA_APPLIED_DOSE,Player-4755-0160BD13,"Mafkees-Dreadmist",0x514,0x0,Player-4755-0160BD13,"Mafkees-Dreadmist",0x514,0x0,12970,"Flurry",0x1,BUFF,3
4/28 18:49:15.618  SPELL_HEAL,Player-4755-0160BD13,"Mafkees-Dreadmist",0x514,0x0,Player-4755-0160BD13,"Mafkees-Dreadmist",0x514,0x0,23891,"Bloodthirst",0x1,Player-4755-0160BD13,0000000000000000,93,100,0,0,0,-1,0,0,0,8.85,-207.78,0,4.8051,64,20,20,0,0,nil
4/28 18:49:15.618  SPELL_AURA_REMOVED_DOSE,Player-4755-0178F416,"Eltorero-Dreadmist",0x514,0x0,Player-4755-0178F416,"Eltorero-Dreadmist",0x514,0x0,23888,"Bloodthirst",0x1,BUFF,3
4/28 18:49:15.618  SPELL_AURA_APPLIED,Player-4755-0178F416,"Eltorero-Dreadmist",0x514,0x0,Player-4755-0178F416,"Eltorero-Dreadmist",0x514,0x0,12970,"Flurry",0x1,BUFF
4/28 18:49:15.618  SPELL_HEAL,Player-4755-0178F416,"Eltorero-Dreadmist",0x514,0x0,Player-4755-0178F416,"Eltorero-Dreadmist",0x514,0x0,23891,"Bloodthirst",0x1,Player-4755-0178F416,0000000000000000,100,100,0,0,0,-1,0,0,0,7.83,-204.94,0,4.8095,67,20,20,20,0,nil
4/28 18:49:15.618  SPELL_AURA_REMOVED_DOSE,Player-4755-0220BD00,"Krikoff-Dreadmist",0x40514,0x0,Player-4755-0220BD00,"Krikoff-Dreadmist",0x40514,0x0,23888,"Bloodthirst",0x1,BUFF,3
4/28 18:49:15.618  SPELL_HEAL,Player-4755-0220BD00,"Krikoff-Dreadmist",0x40514,0x0,Player-4755-0220BD00,"Krikoff-Dreadmist",0x40514,0x0,23891,"Bloodthirst",0x1,Player-4755-0220BD00,0000000000000000,100,100,0,0,0,-1,0,0,0,10.75,-210.89,0,4.7163,68,20,20,20,0,nil
4/28 18:49:15.618  SPELL_HEAL,Player-4755-01617EEE,"Fenix-Dreadmist",0x512,0x0,Player-4755-0160BD13,"Mafkees-Dreadmist",0x514,0x0,10916,"Flash Heal",0x2,Player-4755-0160BD13,0000000000000000,100,100,0,0,0,-1,0,0,0,8.85,-207.78,0,4.8051,64,1098,1098,780,0,nil
4/28 18:49:15.618  SPELL_DAMAGE,Player-4755-01802FE5,"Angrybat-Dreadmist",0x514,0x0,Creature-0-4457-249-1045-10184-000028665C,"Onyxia",0x10a48,0x0,10181,"Frostbolt",0x10,Creature-0-4457-249-1045-10184-000028665C,0000000000000000,83,100,0,0,0,-1,0,0,0,10.16,-218.04,0,0.0018,63,975,886,-1,16,0,0,0,nil,nil,nil
4/28 18:49:15.641  RANGE_DAMAGE,Player-4755-01E83279,"Nlmasters-Dreadmist",0x514,0x8,Creature-0-4457-249-1045-10184-000028665C,"Onyxia",0x10a48,0x0,75,"Auto Shot",0x1,Creature-0-4457-249-1045-10184-000028665C,0000000000000000,83,100,0,0,0,-1,0,0,0,10.16,-218.04,0,0.0018,63,341,432,-1,1,0,0,0,nil,nil,nil
4/28 18:49:15.687  SWING_MISSED,Pet-0-4457-249-1045-9622-02002CD5BC,"Bokito",0x1114,0x0,Creature-0-4457-249-1045-10184-000028665C,"Onyxia",0x10a48,0x0,MISS,nil
4/28 18:49:15.687  SPELL_AURA_REMOVED,Player-4755-0160BD13,"Mafkees-Dreadmist",0x514,0x0,Player-4755-0160BD13,"Mafkees-Dreadmist",0x514,0x0,2457,"Battle Stance",0x1,BUFF
4/28 18:49:15.687  SPELL_AURA_APPLIED,Player-4755-0160BD13,"Mafkees-Dreadmist",0x514,0x0,Player-4755-0160BD13,"Mafkees-Dreadmist",0x514,0x0,2458,"Berserker Stance",0x1,BUFF
4/28 18:49:15.703  SPELL_CAST_SUCCESS,Player-4755-0160BD13,"Mafkees-Dreadmist",0x514,0x0,0000000000000000,nil,0x80000000,0x80000000,2458,"Berserker Stance",0x1,Player-4755-0160BD13,0000000000000000,100,100,0,0,0,-1,0,0,0,8.85,-207.78,0,4.8326,64
4/28 18:49:15.703  SPELL_AURA_REMOVED,Player-4755-01733879,"Hocwar-Dreadmist",0x40514,0x0,Player-4755-01733879,"Hocwar-Dreadmist",0x40514,0x0,10610,"Windfury Totem",0x8,BUFF
4/28 18:49:15.703  SPELL_CAST_START,Player-4755-015FEBD5,"Sauvage-Dreadmist",0x514,0x0,0000000000000000,nil,0x80000000,0x80000000,10181,"Frostbolt",0x10
4/28 18:49:15.734  SPELL_CAST_SUCCESS,Player-4755-0163DD9D,"Kaspais-Dreadmist",0x514,0x0,Creature-0-4457-249-1045-10184-000028665C,"Onyxia",0x10a48,0x0,10181,"Frostbolt",0x10,Player-4755-0163DD9D,0000000000000000,100,100,0,0,0,-1,0,0,0,7.59,-187.13,0,4.8003,66
4/28 18:49:15.734  SPELL_AURA_REMOVED,Player-4755-0163DD9D,"Kaspais-Dreadmist",0x514,0x0,Player-4755-0163DD9D,"Kaspais-Dreadmist",0x514,0x0,12536,"Clearcasting",0x40,BUFF
4/28 18:49:15.734  SPELL_CAST_START,Player-4755-0163DD9D,"Kaspais-Dreadmist",0x514,0x0,0000000000000000,nil,0x80000000,0x80000000,10181,"Frostbolt",0x10
4/28 18:49:15.751  SPELL_CAST_SUCCESS,Player-4755-01802FE5,"Angrybat-Dreadmist",0x514,0x0,Creature-0-4457-249-1045-10184-000028665C,"Onyxia",0x10a48,0x0,5019,"Shoot",0x1,Player-4755-01802FE5,0000000000000000,100,100,0,0,0,-1,0,0,0,12.24,-179.84,0,4.5664,66
4/28 18:49:15.766  SPELL_AURA_APPLIED,Player-4755-01F21AE6,"Blahu-Dreadmist",0x40514,0x0,Player-4755-01F21AE6,"Blahu-Dreadmist",0x40514,0x0,10610,"Windfury Totem",0x8,BUFF
4/28 18:49:15.766  SPELL_EXTRA_ATTACKS,Player-4755-01F21AE6,"Blahu-Dreadmist",0x40514,0x0,Player-4755-01F21AE6,"Blahu-Dreadmist",0x40514,0x0,10610,"Windfury Totem",0x8,1
4/28 18:49:15.766  SWING_DAMAGE,Player-4755-01F21AE6,"Blahu-Dreadmist",0x40514,0x0,Creature-0-4457-249-1045-10184-000028665C,"Onyxia",0x10a48,0x0,Player-4755-01F21AE6,0000000000000000,100,100,0,0,0,-1,0,0,0,13.36,-210.14,0,4.6774,70,177,367,-1,1,0,0,0,nil,1,nil
4/28 18:49:15.766  SPELL_PERIODIC_ENERGIZE,Creature-0-4457-249-1045-7416-0000286C87,"Mana Spring Totem IV",0x2114,0x0,Player-4755-016296D3,"Nivl-Dreadmist",0x514,0x0,10494,"Mana Spring",0x8,Player-4755-016296D3,0000000000000000,100,100,0,0,0,-1,0,0,0,12.52,-205.65,0,5.7022,69,10.0000,0.0000,0,5845
4/28 18:49:15.766  SPELL_PERIODIC_ENERGIZE,Creature-0-4457-249-1045-7416-0000286C87,"Mana Spring Totem IV",0x2114,0x0,Player-4755-0178F576,"Atreas-Dreadmist",0x514,0x0,10494,"Mana Spring",0x8,Player-4755-0178F576,0000000000000000,100,100,0,0,0,-1,0,0,0,6.14,-178.76,0,4.8144,66,10.0000,0.0000,0,3765
4/28 18:49:15.766  SWING_MISSED,Player-4755-01F21AE6,"Blahu-Dreadmist",0x40514,0x0,Creature-0-4457-249-1045-10184-000028665C,"Onyxia",0x10a48,0x0,MISS,nil
4/28 18:49:15.852  SWING_MISSED,Player-4755-01733879,"Hocwar-Dreadmist",0x40514,0x0,Creature-0-4457-249-1045-10184-000028665C,"Onyxia",0x10a48,0x0,PARRY,nil
4/28 18:49:15.913  SPELL_CAST_SUCCESS,Player-4755-0178F416,"Eltorero-Dreadmist",0x514,0x0,0000000000000000,nil,0x80000000,0x80000000,1680,"Whirlwind",0x1,Player-4755-0178F416,0000000000000000,100,100,0,0,0,-1,0,0,0,8.22,-204.90,0,4.8095,67
4/28 18:49:15.913  SPELL_AURA_APPLIED,Player-4755-0178F416,"Eltorero-Dreadmist",0x514,0x0,Player-4755-0178F416,"Eltorero-Dreadmist",0x514,0x0,20007,"Holy Strength",0x2,BUFF
4/28 18:49:15.913  SPELL_HEAL,Player-4755-0178F416,"Eltorero-Dreadmist",0x514,0x0,Player-4755-0178F416,"Eltorero-Dreadmist",0x514,0x0,20007,"Holy Strength",0x2,Player-4755-0178F416,0000000000000000,100,100,0,0,0,-1,0,0,0,8.22,-204.90,0,4.8095,67,120,120,120,0,nil
4/28 18:49:15.945  SWING_DAMAGE,Player-4755-01840577,"Raggèn-Dreadmist",0x514,0x0,Creature-0-4457-249-1045-10184-000028665C,"Onyxia",0x10a48,0x0,Player-4755-01840577,0000000000000000,100,100,0,0,0,-1,0,0,0,11.90,-207.70,0,4.7038,67,964,611,-1,1,0,0,0,1,nil,nil
4/28 18:49:15.976  SWING_DAMAGE,Player-4755-01A6B139,"Sakatan-Dreadmist",0x514,0x0,Creature-0-4457-249-1045-10184-000028665C,"Onyxia",0x10a48,0x0,Player-4755-01A6B139,0000000000000000,100,100,0,0,0,-1,0,0,0,9.54,-199.57,0,5.0548,69,258,160,-1,1,0,0,0,1,nil,nil
4/28 18:49:15.976  SPELL_PERIODIC_ENERGIZE,Player-4755-0160BD13,"Mafkees-Dreadmist",0x514,0x0,Player-4755-0160BD13,"Mafkees-Dreadmist",0x514,0x0,29131,"Bloodrage",0x1,Player-4755-0160BD13,0000000000000000,100,100,0,0,0,-1,0,0,0,8.85,-207.78,0,4.8326,64,1.0000,0.0000,1,1000
4/28 18:49:16.008  SPELL_AURA_REFRESH,Player-4755-0160BD13,"Mafkees-Dreadmist",0x514,0x0,Creature-0-4457-249-1045-10184-000028665C,"Onyxia",0x10a48,0x0,12721,"Deep Wound",0x1,DEBUFF
4/28 18:49:16.008  SPELL_AURA_REFRESH,Player-4755-0178F416,"Eltorero-Dreadmist",0x514,0x0,Creature-0-4457-249-1045-10184-000028665C,"Onyxia",0x10a48,0x0,12721,"Deep Wound",0x1,DEBUFF
4/28 18:49:16.008  SPELL_AURA_REMOVED,Player-4755-01614AC7,"Mirrimazduur-Dreadmist",0x512,0x0,Creature-0-4457-249-1045-10184-000028665C,"Onyxia",0x10a48,0x0,17800,"Shadow Vulnerability",0x20,DEBUFF
4/28 18:49:16.008  SPELL_AURA_APPLIED,Player-4755-01FA8D0D,"Roackeru-Dreadmist",0x514,0x0,Creature-0-4457-249-1045-10184-000028665C,"Onyxia",0x10a48,0x0,17800,"Shadow Vulnerability",0x20,DEBUFF
4/28 18:49:16.008  SPELL_MISSED,Player-4755-01802FE5,"Angrybat-Dreadmist",0x514,0x0,Creature-0-4457-249-1045-10184-000028665C,"Onyxia",0x10a48,0x0,12579,"Winter's Chill",0x10,RESIST,nil,0
4/28 18:49:16.008  SWING_DAMAGE_LANDED,Player-4755-01F21AE6,"Blahu-Dreadmist",0x40514,0x0,Creature-0-4457-249-1045-10184-000028665C,"Onyxia",0x10a48,0x0,Creature-0-4457-249-1045-10184-000028665C,0000000000000000,83,100,0,0,0,-1,0,0,0,10.16,-218.04,0,0.0018,63,177,367,-1,1,0,0,0,nil,1,nil
4/28 18:49:16.008  SPELL_DAMAGE,Player-4755-0178F416,"Eltorero-Dreadmist",0x514,0x0,Creature-0-4457-249-1045-10184-000028665C,"Onyxia",0x10a48,0x0,1680,"Whirlwind",0x1,Creature-0-4457-249-1045-10184-000028665C,0000000000000000,83,100,0,0,0,-1,0,0,0,10.16,-218.04,0,0.0018,63,472,599,-1,1,0,0,0,nil,nil,nil
4/28 18:49:16.008  SWING_DAMAGE_LANDED,Player-4755-01840577,"Raggèn-Dreadmist",0x514,0x0,Creature-0-4457-249-1045-10184-000028665C,"Onyxia",0x10a48,0x0,Creature-0-4457-249-1045-10184-000028665C,0000000000000000,83,100,0,0,0,-1,0,0,0,10.16,-218.04,0,0.0018,63,964,611,-1,1,0,0,0,1,nil,nil
4/28 18:49:16.008  SWING_DAMAGE_LANDED,Player-4755-01A6B139,"Sakatan-Dreadmist",0x514,0x0,Creature-0-4457-249-1045-10184-000028665C,"Onyxia",0x10a48,0x0,Creature-0-4457-249-1045-10184-000028665C,0000000000000000,83,100,0,0,0,-1,0,0,0,10.16,-218.04,0,0.0018,63,258,160,-1,1,0,0,0,1,nil,nil
4/28 18:49:16.029  SPELL_CAST_START,Player-4755-01804B95,"Moymoy-Dreadmist",0x514,0x0,0000000000000000,nil,0x80000000,0x80000000,939,"Healing Wave",0x8
4/28 18:49:16.075  SWING_MISSED,Player-4755-01A6B139,"Sakatan-Dreadmist",0x514,0x0,Creature-0-4457-249-1045-10184-000028665C,"Onyxia",0x10a48,0x0,MISS,nil
4/28 18:49:16.135  SPELL_CAST_START,Player-4755-01FA8D0D,"Roackeru-Dreadmist",0x514,0x0,0000000000000000,nil,0x80000000,0x80000000,11661,"Shadow Bolt",0x20
4/28 18:49:16.164  SPELL_CAST_SUCCESS,Player-4755-0178F576,"Atreas-Dreadmist",0x514,0x0,Creature-0-4457-249-1045-10184-000028665C,"Onyxia",0x10a48,0x0,20904,"Aimed Shot",0x1,Player-4755-0178F576,0000000000000000,100,100,0,0,0,-1,0,0,0,6.14,-178.76,0,4.8144,66
4/28 18:49:16.206  SPELL_CAST_START,Player-4755-016296D3,"Nivl-Dreadmist",0x514,0x0,0000000000000000,nil,0x80000000,0x80000000,15208,"Lightning Bolt",0x8
4/28 18:49:16.264  SPELL_CAST_SUCCESS,Player-4755-021D6506,"Bloodlady-Dreadmist",0x514,0x0,Creature-0-4457-249-1045-10184-000028665C,"Onyxia",0x10a48,0x0,10181,"Frostbolt",0x10,Player-4755-021D6506,0000000000000000,100,100,0,0,0,-1,0,0,0,2.16,-178.47,0,4.9285,69
4/28 18:49:16.264  SWING_DAMAGE,Player-4755-01AC9FD9,"Alexinho-Dreadmist",0x514,0x0,Creature-0-4457-249-1045-10184-000028665C,"Onyxia",0x10a48,0x0,Player-4755-01AC9FD9,0000000000000000,100,100,0,0,0,-1,0,0,0,14.04,-202.29,0,4.4934,66,286,419,-1,1,0,0,0,nil,1,nil
4/28 18:49:16.298  SPELL_CAST_START,Player-4755-01F36B30,"Rectumqeef-Dreadmist",0x514,0x0,0000000000000000,nil,0x80000000,0x80000000,5019,"Shoot",0x1
4/28 18:49:16.314  SWING_DAMAGE,Player-4755-01637B0A,"Pindle-Dreadmist",0x514,0x0,Creature-0-4457-249-1045-10184-000028665C,"Onyxia",0x10a48,0x0,Player-4755-01637B0A,0000000000000000,100,100,0,0,0,-1,0,0,0,8.72,-208.37,0,4.9357,65,91,116,-1,1,0,0,0,nil,1,nil
4/28 18:49:16.328  SPELL_CAST_START,Player-4755-020BD78D,"Lonehunter-Dreadmist",0x514,0x0,0000000000000000,nil,0x80000000,0x80000000,20904,"Aimed Shot",0x1
4/28 18:49:16.403  SPELL_CAST_START,Player-4755-021D6506,"Bloodlady-Dreadmist",0x514,0x0,0000000000000000,nil,0x80000000,0x80000000,10181,"Frostbolt",0x10
4/28 18:49:16.403  SPELL_AURA_REMOVED_DOSE,Player-4755-01F21AE6,"Blahu-Dreadmist",0x40514,0x0,Player-4755-01F21AE6,"Blahu-Dreadmist",0x40514,0x0,10610,"Windfury Totem",0x8,BUFF,1
4/28 18:49:16.403  SPELL_AURA_REMOVED,Player-4755-01F21AE6,"Blahu-Dreadmist",0x40514,0x0,Player-4755-01F21AE6,"Blahu-Dreadmist",0x40514,0x0,10610,"Windfury Totem",0x8,BUFF
4/28 18:49:16.403  SPELL_AURA_REMOVED_DOSE,Player-4755-0178F416,"Eltorero-Dreadmist",0x514,0x0,Player-4755-0178F416,"Eltorero-Dreadmist",0x514,0x0,23888,"Bloodthirst",0x1,BUFF,2
4/28 18:49:16.403  SPELL_HEAL,Player-4755-0178F416,"Eltorero-Dreadmist",0x514,0x0,Player-4755-0178F416,"Eltorero-Dreadmist",0x514,0x0,23891,"Bloodthirst",0x1,Player-4755-0178F416,0000000000000000,100,100,0,0,0,-1,0,0,0,8.22,-204.90,0,4.8095,67,20,20,20,0,nil
4/28 18:49:16.403  SPELL_AURA_APPLIED,Player-4755-01840577,"Raggèn-Dreadmist",0x514,0x0,Player-4755-01840577,"Raggèn-Dreadmist",0x514,0x0,16280,"Flurry",0x1,BUFF
4/28 18:49:16.403  SWING_DAMAGE_LANDED,Player-4755-01AC9FD9,"Alexinho-Dreadmist",0x514,0x0,Creature-0-4457-249-1045-10184-000028665C,"Onyxia",0x10a48,0x0,Creature-0-4457-249-1045-10184-000028665C,0000000000000000,83,100,0,0,0,-1,0,0,0,10.16,-218.04,0,0.0018,63,286,419,-1,1,0,0,0,nil,1,nil
4/28 18:49:16.403  SWING_DAMAGE_LANDED,Player-4755-01637B0A,"Pindle-Dreadmist",0x514,0x0,Creature-0-4457-249-1045-10184-000028665C,"Onyxia",0x10a48,0x0,Creature-0-4457-249-1045-10184-000028665C,0000000000000000,83,100,0,0,0,-1,0,0,0,10.16,-218.04,0,0.0018,63,91,116,-1,1,0,0,0,nil,1,nil
4/28 18:49:16.440  SPELL_PERIODIC_DAMAGE,Player-4755-01614AC7,"Mirrimazduur-Dreadmist",0x512,0x0,Creature-0-4457-249-1045-10184-000028665C,"Onyxia",0x10a48,0x0,11672,"Corruption",0x20,Creature-0-4457-249-1045-10184-000028665C,0000000000000000,83,100,0,0,0,-1,0,0,0,10.16,-218.04,0,0.0018,63,249,188,-1,32,0,0,0,nil,nil,nil
4/28 18:49:16.476  SPELL_AURA_APPLIED,Player-4755-0160BD13,"Mafkees-Dreadmist",0x514,0x0,Player-4755-0160BD13,"Mafkees-Dreadmist",0x514,0x0,10610,"Windfury Totem",0x8,BUFF
4/28 18:49:16.476  SPELL_EXTRA_ATTACKS,Player-4755-0160BD13,"Mafkees-Dreadmist",0x514,0x0,Player-4755-0160BD13,"Mafkees-Dreadmist",0x514,0x0,10610,"Windfury Totem",0x8,1
4/28 18:49:16.476  SWING_DAMAGE,Player-4755-0160BD13,"Mafkees-Dreadmist",0x514,0x0,Creature-0-4457-249-1045-10184-000028665C,"Onyxia",0x10a48,0x0,Player-4755-0160BD13,0000000000000000,100,100,0,0,0,-1,0,0,0,8.85,-207.78,0,4.8326,64,464,671,-1,1,0,0,0,nil,1,nil
4/28 18:49:16.493  SPELL_CAST_SUCCESS,Player-4755-0210153A,"Hapuseneb-Dreadmist",0x514,0x0,Player-4755-01733879,"Hocwar-Dreadmist",0x40514,0x0,2053,"Lesser Heal",0x2,Player-4755-0210153A,0000000000000000,100,100,0,0,0,-1,0,0,0,16.09,-197.11,0,4.4807,66
4/28 18:49:16.493  SPELL_CAST_START,Player-4755-0210153A,"Hapuseneb-Dreadmist",0x514,0x0,0000000000000000,nil,0x80000000,0x80000000,2053,"Lesser Heal",0x2
4/28 18:49:16.493  SWING_DAMAGE,Player-4755-0160BD13,"Mafkees-Dreadmist",0x514,0x0,Creature-0-4457-249-1045-10184-000028665C,"Onyxia",0x10a48,0x0,Player-4755-0160BD13,0000000000000000,100,100,0,0,0,-1,0,0,0,8.85,-207.78,0,4.8326,64,428,667,-1,1,0,0,0,nil,1,nil
4/28 18:49:16.579  SPELL_CAST_SUCCESS,Player-4755-01FA8DD8,"Roackerita-Dreadmist",0x514,0x0,Player-4755-0220BD00,"Krikoff-Dreadmist",0x40514,0x0,6078,"Renew",0x2,Player-4755-01FA8DD8,0000000000000000,100,100,0,0,0,-1,0,0,0,3.53,-182.84,0,5.5543,69
4/28 18:49:16.595  SPELL_CAST_START,Player-4755-0178F576,"Atreas-Dreadmist",0x514,0x0,0000000000000000,nil,0x80000000,0x80000000,75,"Auto Shot",0x1
4/28 18:49:16.715  SWING_DAMAGE,Player-4755-01AC9FD9,"Alexinho-Dreadmist",0x514,0x0,Creature-0-4457-249-1045-10184-000028665C,"Onyxia",0x10a48,0x0,Player-4755-01AC9FD9,0000000000000000,100,100,0,0,0,-1,0,0,0,14.04,-202.29,0,4.4934,66,95,179,-1,1,0,46,0,nil,nil,nil
4/28 18:49:16.715  SWING_MISSED,Player-4755-0220BD00,"Krikoff-Dreadmist",0x40514,0x0,Creature-0-4457-249-1045-10184-000028665C,"Onyxia",0x10a48,0x0,PARRY,1
4/28 18:49:16.730  SPELL_AURA_APPLIED,Player-4755-01637B0A,"Pindle-Dreadmist",0x514,0x0,Player-4755-01637B0A,"Pindle-Dreadmist",0x514,0x0,10610,"Windfury Totem",0x8,BUFF
4/28 18:49:16.730  SPELL_EXTRA_ATTACKS,Player-4755-01637B0A,"Pindle-Dreadmist",0x514,0x0,Player-4755-01637B0A,"Pindle-Dreadmist",0x514,0x0,10610,"Windfury Totem",0x8,1
4/28 18:49:16.730  SWING_DAMAGE,Player-4755-01637B0A,"Pindle-Dreadmist",0x514,0x0,Creature-0-4457-249-1045-10184-000028665C,"Onyxia",0x10a48,0x0,Player-4755-01637B0A,0000000000000000,100,100,0,0,0,-1,0,0,0,8.72,-208.37,0,4.9357,65,147,202,-1,1,0,0,0,nil,1,nil
4/28 18:49:16.747  SPELL_AURA_APPLIED,Player-4755-01637B0A,"Pindle-Dreadmist",0x514,0x0,Player-4755-01637B0A,"Pindle-Dreadmist",0x514,0x0,20007,"Holy Strength",0x2,BUFF
4/28 18:49:16.747  SPELL_HEAL,Player-4755-01637B0A,"Pindle-Dreadmist",0x514,0x0,Player-4755-01637B0A,"Pindle-Dreadmist",0x514,0x0,20007,"Holy Strength",0x2,Player-4755-01637B0A,0000000000000000,100,100,0,0,0,-1,0,0,0,8.72,-208.37,0,4.9357,65,96,96,96,0,nil
4/28 18:49:16.747  SWING_DAMAGE,Player-4755-01637B0A,"Pindle-Dreadmist",0x514,0x0,Creature-0-4457-249-1045-10184-000028665C,"Onyxia",0x10a48,0x0,Player-4755-01637B0A,0000000000000000,100,100,0,0,0,-1,0,0,0,8.72,-208.37,0,4.9357,65,203,264,-1,1,0,0,0,nil,1,nil
4/28 18:49:16.747  SPELL_AURA_APPLIED,Player-4755-016DF694,"Ashalan-Dreadmist",0x514,0x0,Player-4755-016DF694,"Ashalan-Dreadmist",0x514,0x0,16361,"Windfury Weapon",0x8,BUFF
4/28 18:49:16.747  SPELL_EXTRA_ATTACKS,Player-4755-016DF694,"Ashalan-Dreadmist",0x514,0x0,Player-4755-016DF694,"Ashalan-Dreadmist",0x514,0x0,16361,"Windfury Weapon",0x8,2
4/28 18:49:16.747  SWING_DAMAGE,Player-4755-016DF694,"Ashalan-Dreadmist",0x514,0x0,Creature-0-4457-249-1045-10184-000028665C,"Onyxia",0x10a48,0x0,Player-4755-016DF694,0000000000000000,100,100,0,0,0,-1,0,0,0,9.85,-207.70,0,4.6433,67,450,571,-1,1,0,0,0,nil,nil,nil
4/28 18:49:16.747  SWING_DAMAGE,Player-4755-016DF694,"Ashalan-Dreadmist",0x514,0x0,Creature-0-4457-249-1045-10184-000028665C,"Onyxia",0x10a48,0x0,Player-4755-016DF694,0000000000000000,100,100,0,0,0,-1,0,0,0,9.85,-207.70,0,4.6433,67,563,715,-1,1,0,0,0,nil,nil,nil
4/28 18:49:16.747  SPELL_PERIODIC_DAMAGE,Player-4755-01F36B30,"Rectumqeef-Dreadmist",0x514,0x0,Creature-0-4457-249-1045-10184-000028665C,"Onyxia",0x10a48,0x0,11672,"Corruption",0x20,Creature-0-4457-249-1045-10184-000028665C,0000000000000000,83,100,0,0,0,-1,0,0,0,10.16,-218.04,0,0.0018,63,202,203,-1,32,51,0,0,nil,nil,nil
4/28 18:49:16.747  SPELL_CAST_START,Player-4755-01802FE5,"Angrybat-Dreadmist",0x514,0x0,0000000000000000,nil,0x80000000,0x80000000,5019,"Shoot",0x1
4/28 18:49:16.767  SWING_DAMAGE,Player-4755-016DF694,"Ashalan-Dreadmist",0x514,0x0,Creature-0-4457-249-1045-10184-000028665C,"Onyxia",0x10a48,0x0,Player-4755-016DF694,0000000000000000,100,100,0,0,0,-1,0,0,0,9.85,-207.70,0,4.6433,67,587,744,-1,1,0,0,0,nil,nil,nil
4/28 18:49:16.797  SPELL_CAST_START,Player-4755-01E83279,"Nlmasters-Dreadmist",0x514,0x8,0000000000000000,nil,0x80000000,0x80000000,75,"Auto Shot",0x1
4/28 18:49:16.817  SPELL_AURA_REMOVED_DOSE,Player-4755-01637B0A,"Pindle-Dreadmist",0x514,0x0,Player-4755-01637B0A,"Pindle-Dreadmist",0x514,0x0,10610,"Windfury Totem",0x8,BUFF,1
4/28 18:49:16.817  SWING_DAMAGE_LANDED,Player-4755-0160BD13,"Mafkees-Dreadmist",0x514,0x0,Creature-0-4457-249-1045-10184-000028665C,"Onyxia",0x10a48,0x0,Creature-0-4457-249-1045-10184-000028665C,0000000000000000,82,100,0,0,0,-1,0,0,0,10.16,-218.04,0,0.0018,63,464,671,-1,1,0,0,0,nil,1,nil
4/28 18:49:16.817  SPELL_HEAL,Player-4755-0210153A,"Hapuseneb-Dreadmist",0x514,0x0,Player-4755-01733879,"Hocwar-Dreadmist",0x40514,0x0,2053,"Lesser Heal",0x2,Player-4755-01733879,0000000000000000,100,100,0,0,0,-1,0,0,0,22.22,-218.01,0,3.0887,71,423,423,423,0,nil
4/28 18:49:16.817  SWING_DAMAGE_LANDED,Player-4755-0160BD13,"Mafkees-Dreadmist",0x514,0x0,Creature-0-4457-249-1045-10184-000028665C,"Onyxia",0x10a48,0x0,Creature-0-4457-249-1045-10184-000028665C,0000000000000000,82,100,0,0,0,-1,0,0,0,10.16,-218.04,0,0.0018,63,428,667,-1,1,0,0,0,nil,1,nil
4/28 18:49:16.817  SPELL_AURA_APPLIED,Player-4755-01FA8DD8,"Roackerita-Dreadmist",0x514,0x0,Player-4755-0220BD00,"Krikoff-Dreadmist",0x40514,0x0,6078,"Renew",0x2,BUFF
4/28 18:49:16.817  SWING_DAMAGE_LANDED,Player-4755-01AC9FD9,"Alexinho-Dreadmist",0x514,0x0,Creature-0-4457-249-1045-10184-000028665C,"Onyxia",0x10a48,0x0,Creature-0-4457-249-1045-10184-000028665C,0000000000000000,82,100,0,0,0,-1,0,0,0,10.16,-218.04,0,0.0018,63,95,179,-1,1,0,0,0,nil,nil,nil
4/28 18:49:16.817  SWING_DAMAGE_LANDED,Player-4755-01637B0A,"Pindle-Dreadmist",0x514,0x0,Creature-0-4457-249-1045-10184-000028665C,"Onyxia",0x10a48,0x0,Creature-0-4457-249-1045-10184-000028665C,0000000000000000,82,100,0,0,0,-1,0,0,0,10.16,-218.04,0,0.0018,63,147,202,-1,1,0,0,0,nil,1,nil
4/28 18:49:16.817  SWING_DAMAGE_LANDED,Player-4755-01637B0A,"Pindle-Dreadmist",0x514,0x0,Creature-0-4457-249-1045-10184-000028665C,"Onyxia",0x10a48,0x0,Creature-0-4457-249-1045-10184-000028665C,0000000000000000,82,100,0,0,0,-1,0,0,0,10.16,-218.04,0,0.0018,63,203,264,-1,1,0,0,0,nil,1,nil
4/28 18:49:16.817  SWING_DAMAGE_LANDED,Player-4755-016DF694,"Ashalan-Dreadmist",0x514,0x0,Creature-0-4457-249-1045-10184-000028665C,"Onyxia",0x10a48,0x0,Creature-0-4457-249-1045-10184-000028665C,0000000000000000,82,100,0,0,0,-1,0,0,0,10.16,-218.04,0,0.0018,63,450,571,-1,1,0,0,0,nil,nil,nil
4/28 18:49:16.817  SWING_DAMAGE_LANDED,Player-4755-016DF694,"Ashalan-Dreadmist",0x514,0x0,Creature-0-4457-249-1045-10184-000028665C,"Onyxia",0x10a48,0x0,Creature-0-4457-249-1045-10184-000028665C,0000000000000000,82,100,0,0,0,-1,0,0,0,10.16,-218.04,0,0.0018,63,563,715,-1,1,0,0,0,nil,nil,nil
4/28 18:49:16.817  SWING_DAMAGE_LANDED,Player-4755-016DF694,"Ashalan-Dreadmist",0x514,0x0,Creature-0-4457-249-1045-10184-000028665C,"Onyxia",0x10a48,0x0,Creature-0-4457-249-1045-10184-000028665C,0000000000000000,82,100,0,0,0,-1,0,0,0,10.16,-218.04,0,0.0018,63,587,744,-1,1,0,0,0,nil,nil,nil
4/28 18:49:16.817  SPELL_CAST_SUCCESS,Player-4755-01F36B30,"Rectumqeef-Dreadmist",0x514,0x0,Creature-0-4457-249-1045-10184-000028665C,"Onyxia",0x10a48,0x0,5019,"Shoot",0x1,Player-4755-01F36B30,0000000000000000,100,100,0,0,0,-1,0,0,0,11.80,-188.94,0,4.6184,66
4/28 18:49:16.834  SPELL_CAST_SUCCESS,Player-4755-01B60A5F,"Zurok-Dreadmist",0x514,0x0,Creature-0-4457-249-1045-10184-000028665C,"Onyxia",0x10a48,0x0,20904,"Aimed Shot",0x1,Player-4755-01B60A5F,0000000000000000,100,100,0,0,0,-1,0,0,0,14.47,-175.17,0,4.6123,62
4/28 18:49:16.850  SPELL_DAMAGE,Player-4755-0163DD9D,"Kaspais-Dreadmist",0x514,0x0,Creature-0-4457-249-1045-10184-000028665C,"Onyxia",0x10a48,0x0,10181,"Frostbolt",0x10,Creature-0-4457-249-1045-10184-000028665C,0000000000000000,82,100,0,0,0,-1,0,0,0,10.16,-218.04,0,0.0018,63,1882,855,-1,16,0,0,0,1,nil,nil
4/28 18:49:16.851  SWING_MISSED,Player-4755-01733879,"Hocwar-Dreadmist",0x40514,0x0,Creature-0-4457-249-1045-10184-000028665C,"Onyxia",0x10a48,0x0,DODGE,1
4/28 18:49:16.881  SPELL_CAST_SUCCESS,Player-4755-01AC9FD9,"Alexinho-Dreadmist",0x514,0x0,Creature-0-4457-249-1045-10184-000028665C,"Onyxia",0x10a48,0x0,11303,"Feint",0x1,Player-4755-01AC9FD9,0000000000000000,100,100,0,0,0,-1,0,0,0,14.04,-202.29,0,4.4934,66
4/28 18:49:16.881  SPELL_MISSED,Player-4755-01AC9FD9,"Alexinho-Dreadmist",0x514,0x0,Creature-0-4457-249-1045-10184-000028665C,"Onyxia",0x10a48,0x0,11303,"Feint",0x1,DODGE,nil
4/28 18:49:16.911  SWING_MISSED,Creature-0-4457-249-1045-10184-000028665C,"Onyxia",0x10a48,0x0,Player-4755-01733879,"Hocwar-Dreadmist",0x40514,0x0,ABSORB,nil,580,1222
4/28 18:49:16.932  RANGE_MISSED,Player-4755-020BD78D,"Lonehunter-Dreadmist",0x514,0x0,Creature-0-4457-249-1045-10184-000028665C,"Onyxia",0x10a48,0x0,75,"Auto Shot",0x1,EVADE,nil
4/28 18:49:16.985  SPELL_PERIODIC_ENERGIZE,Player-4755-0160BD13,"Mafkees-Dreadmist",0x514,0x0,Player-4755-0160BD13,"Mafkees-Dreadmist",0x514,0x0,29131,"Bloodrage",0x1,Player-4755-0160BD13,0000000000000000,100,100,0,0,0,-1,0,0,0,8.85,-207.78,0,4.8326,64,1.0000,0.0000,1,1000
4/28 18:49:17.034  SPELL_CAST_SUCCESS,Player-4755-0178F576,"Atreas-Dreadmist",0x514,0x0,Creature-0-4457-249-1045-10184-000028665C,"Onyxia",0x10a48,0x0,75,"Auto Shot",0x1,Player-4755-0178F576,0000000000000000,100,100,0,0,0,-1,0,0,0,6.14,-178.76,0,4.8144,66
4/28 18:49:17.034  SPELL_CAST_START,Player-4755-0178F576,"Atreas-Dreadmist",0x514,0x0,0000000000000000,nil,0x80000000,0x80000000,14290,"Multi-Shot",0x1
4/28 18:49:17.050  SPELL_CAST_START,Player-4755-01B60A5F,"Zurok-Dreadmist",0x514,0x0,0000000000000000,nil,0x80000000,0x80000000,75,"Auto Shot",0x1
4/28 18:49:17.094  SPELL_MISSED,Player-4755-015FEBD5,"Sauvage-Dreadmist",0x514,0x0,Creature-0-4457-249-1045-10184-000028665C,"Onyxia",0x10a48,0x0,10181,"Frostbolt",0x10,EVADE,nil
4/28 18:49:17.102  SWING_DAMAGE,Player-4755-01F21AE6,"Blahu-Dreadmist",0x40514,0x0,Creature-0-4457-249-1045-10184-000028665C,"Onyxia",0x10a48,0x0,Player-4755-01F21AE6,0000000000000000,100,100,0,0,0,-1,0,0,0,13.36,-210.14,0,4.6774,70,94,134,-1,1,0,0,0,nil,1,nil
4/28 18:49:17.165  SPELL_DAMAGE,Player-4755-0178F576,"Atreas-Dreadmist",0x514,0x0,Creature-0-4457-249-1045-10184-000028665C,"Onyxia",0x10a48,0x0,20904,"Aimed Shot",0x1,Creature-0-4457-249-1045-10184-000028665C,0000000000000000,82,100,0,0,0,-1,0,0,0,10.16,-218.04,0,0.0018,63,916,1161,-1,1,0,0,0,nil,nil,nil
4/28 18:49:17.179  SPELL_CAST_SUCCESS,Player-4755-01A6B139,"Sakatan-Dreadmist",0x514,0x0,Creature-0-4457-249-1045-10184-000028665C,"Onyxia",0x10a48,0x0,11303,"Feint",0x1,Player-4755-01A6B139,0000000000000000,100,100,0,0,0,-1,0,0,0,9.54,-199.57,0,5.0548,69
4/28 18:49:17.211  SPELL_AURA_REMOVED_DOSE,Player-4755-0160BD13,"Mafkees-Dreadmist",0x514,0x0,Player-4755-0160BD13,"Mafkees-Dreadmist",0x514,0x0,10610,"Windfury Totem",0x8,BUFF,1
4/28 18:49:17.211  SPELL_AURA_REMOVED_DOSE,Player-4755-0160BD13,"Mafkees-Dreadmist",0x514,0x0,Player-4755-0160BD13,"Mafkees-Dreadmist",0x514,0x0,12970,"Flurry",0x1,BUFF,2
4/28 18:49:17.211  SPELL_AURA_REMOVED_DOSE,Player-4755-0160BD13,"Mafkees-Dreadmist",0x514,0x0,Player-4755-0160BD13,"Mafkees-Dreadmist",0x514,0x0,23888,"Bloodthirst",0x1,BUFF,3
4/28 18:49:17.211  SPELL_HEAL,Player-4755-0160BD13,"Mafkees-Dreadmist",0x514,0x0,Player-4755-0160BD13,"Mafkees-Dreadmist",0x514,0x0,23891,"Bloodthirst",0x1,Player-4755-0160BD13,0000000000000000,100,100,0,0,0,-1,0,0,0,8.85,-207.78,0,4.8326,64,20,20,20,0,nil
4/28 18:49:17.211  SPELL_AURA_REMOVED_DOSE,Player-4755-0160BD13,"Mafkees-Dreadmist",0x514,0x0,Player-4755-0160BD13,"Mafkees-Dreadmist",0x514,0x0,12970,"Flurry",0x1,BUFF,1
4/28 18:49:17.211  SPELL_AURA_REMOVED_DOSE,Player-4755-0160BD13,"Mafkees-Dreadmist",0x514,0x0,Player-4755-0160BD13,"Mafkees-Dreadmist",0x514,0x0,23888,"Bloodthirst",0x1,BUFF,2
4/28 18:49:17.211  SPELL_HEAL,Player-4755-0160BD13,"Mafkees-Dreadmist",0x514,0x0,Player-4755-0160BD13,"Mafkees-Dreadmist",0x514,0x0,23891,"Bloodthirst",0x1,Player-4755-0160BD13,0000000000000000,100,100,0,0,0,-1,0,0,0,8.85,-207.78,0,4.8326,64,20,20,20,0,nil
4/28 18:49:17.211  SPELL_AURA_REMOVED,Player-4755-0160BD13,"Mafkees-Dreadmist",0x514,0x0,Player-4755-0160BD13,"Mafkees-Dreadmist",0x514,0x0,10610,"Windfury Totem",0x8,BUFF
4/28 18:49:17.211  SPELL_AURA_REMOVED,Player-4755-01637B0A,"Pindle-Dreadmist",0x514,0x0,Player-4755-01637B0A,"Pindle-Dreadmist",0x514,0x0,10610,"Windfury Totem",0x8,BUFF
4/28 18:49:17.211  SPELL_AURA_REMOVED_DOSE,Player-4755-016DF694,"Ashalan-Dreadmist",0x514,0x0,Player-4755-016DF694,"Ashalan-Dreadmist",0x514,0x0,16361,"Windfury Weapon",0x8,BUFF,2
4/28 18:49:17.232  SPELL_AURA_REMOVED_DOSE,Player-4755-016DF694,"Ashalan-Dreadmist",0x514,0x0,Player-4755-016DF694,"Ashalan-Dreadmist",0x514,0x0,16280,"Flurry",0x1,BUFF,2
4/28 18:49:17.232  SPELL_AURA_REMOVED_DOSE,Player-4755-016DF694,"Ashalan-Dreadmist",0x514,0x0,Player-4755-016DF694,"Ashalan-Dreadmist",0x514,0x0,16361,"Windfury Weapon",0x8,BUFF,1
4/28 18:49:17.232  SPELL_AURA_REMOVED,Player-4755-016DF694,"Ashalan-Dreadmist",0x514,0x0,Player-4755-016DF694,"Ashalan-Dreadmist",0x514,0x0,16361,"Windfury Weapon",0x8,BUFF
4/28 18:49:17.232  SPELL_ABSORBED,Creature-0-4457-249-1045-10184-000028665C,"Onyxia",0x10a48,0x0,Player-4755-01733879,"Hocwar-Dreadmist",0x40514,0x0,Player-4755-01BC57A3,"Saintis-Dreadmist",0x511,0x0,10901,"Power Word: Shield",0x2,580,1222
4/28 18:49:17.232  SWING_DAMAGE_LANDED,Creature-0-4457-249-1045-10184-000028665C,"Onyxia",0x10a48,0x0,Player-4755-01733879,"Hocwar-Dreadmist",0x40514,0x0,Player-4755-01733879,0000000000000000,100,100,0,0,0,-1,0,0,0,22.22,-218.01,0,3.0887,71,0,1222,-1,1,0,0,580,nil,nil,nil
4/28 18:49:17.232  SWING_DAMAGE_LANDED,Player-4755-01F21AE6,"Blahu-Dreadmist",0x40514,0x0,Creature-0-4457-249-1045-10184-000028665C,"Onyxia",0x10a48,0x0,Creature-0-4457-249-1045-10184-000028665C,0000000000000000,82,100,0,0,0,-1,0,0,0,10.16,-218.04,0,0.0018,63,94,134,-1,1,0,0,0,nil,1,nil
4/28 18:49:17.232  SPELL_CAST_SUCCESS,Player-4755-01E83279,"Nlmasters-Dreadmist",0x514,0x8,Creature-0-4457-249-1045-10184-000028665C,"Onyxia",0x10a48,0x0,75,"Auto Shot",0x1,Player-4755-01E83279,0000000000000000,100,100,0,0,0,-1,0,0,0,-3.02,-183.55,0,4.7569,70
4/28 18:49:17.266  SPELL_CAST_SUCCESS,Player-4755-01802FE5,"Angrybat-Dreadmist",0x514,0x0,Creature-0-4457-249-1045-10184-000028665C,"Onyxia",0x10a48,0x0,5019,"Shoot",0x1,Player-4755-01802FE5,0000000000000000,100,100,0,0,0,-1,0,0,0,12.24,-179.84,0,4.5664,66
4/28 18:49:17.326  RANGE_MISSED,Player-4755-01F36B30,"Rectumqeef-Dreadmist",0x514,0x0,Creature-0-4457-249-1045-10184-000028665C,"Onyxia",0x10a48,0x0,5019,"Shoot",0x1,EVADE,nil
4/28 18:49:17.326  SWING_DAMAGE,Player-4755-01A6B139,"Sakatan-Dreadmist",0x514,0x0,Creature-0-4457-249-1045-10184-000028665C,"Onyxia",0x10a48,0x0,Player-4755-01A6B139,0000000000000000,100,100,0,0,0,-1,0,0,0,9.54,-199.57,0,5.0548,69,111,140,-1,1,0,0,0,nil,nil,nil
4/28 18:49:17.399  SWING_MISSED,Player-4755-01637B0A,"Pindle-Dreadmist",0x514,0x0,Creature-0-4457-249-1045-10184-000028665C,"Onyxia",0x10a48,0x0,MISS,1
4/28 18:49:17.414  SPELL_CAST_SUCCESS,Player-4755-01733879,"Hocwar-Dreadmist",0x40514,0x0,Creature-0-4457-249-1045-10184-000028665C,"Onyxia",0x10a48,0x0,23881,"Bloodthirst",0x1,Player-4755-01733879,0000000000000000,100,100,0,0,0,-1,0,0,0,22.22,-218.01,0,3.0887,71
4/28 18:49:17.414  SPELL_MISSED,Player-4755-01733879,"Hocwar-Dreadmist",0x40514,0x0,Creature-0-4457-249-1045-10184-000028665C,"Onyxia",0x10a48,0x0,23881,"Bloodthirst",0x1,PARRY,nil
4/28 18:49:17.491  SPELL_CAST_SUCCESS,Player-4755-0178F576,"Atreas-Dreadmist",0x514,0x0,Creature-0-4457-249-1045-10184-000028665C,"Onyxia",0x10a48,0x0,14290,"Multi-Shot",0x1,Player-4755-0178F576,0000000000000000,100,100,0,0,0,-1,0,0,0,6.14,-178.76,0,4.8144,66
4/28 18:49:17.491  SPELL_CAST_SUCCESS,Player-4755-01B60A5F,"Zurok-Dreadmist",0x514,0x0,Creature-0-4457-249-1045-10184-000028665C,"Onyxia",0x10a48,0x0,75,"Auto Shot",0x1,Player-4755-01B60A5F,0000000000000000,100,100,0,0,0,-1,0,0,0,14.47,-175.17,0,4.6123,62
4/28 18:49:17.521  SWING_DAMAGE,Player-4755-01A6B139,"Sakatan-Dreadmist",0x514,0x0,Creature-0-4457-249-1045-10184-000028665C,"Onyxia",0x10a48,0x0,Player-4755-01A6B139,0000000000000000,100,100,0,0,0,-1,0,0,0,9.54,-199.57,0,5.0548,69,155,196,-1,1,0,0,0,nil,nil,nil
4/28 18:49:17.583  SPELL_PERIODIC_ENERGIZE,Creature-0-4457-249-1045-7416-0000286C79,"Mana Spring Totem IV",0x2114,0x0,Player-4755-01ED7A64,"Sperzieboon-Dreadmist",0x514,0x0,10494,"Mana Spring",0x8,Player-4755-01ED7A64,0000000000000000,100,100,0,0,0,-1,0,0,0,13.03,-190.57,0,4.7271,67,13.0000,0.0000,0,7261
4/28 18:49:17.583  SPELL_PERIODIC_ENERGIZE,Creature-0-4457-249-1045-7416-0000286C79,"Mana Spring Totem IV",0x2114,0x0,Player-4755-01804B95,"Moymoy-Dreadmist",0x514,0x0,10494,"Mana Spring",0x8,Player-4755-01804B95,0000000000000000,100,100,0,0,0,-1,0,0,0,13.33,-186.76,0,4.8801,66,13.0000,0.0000,0,5366
4/28 18:49:17.583  SPELL_PERIODIC_ENERGIZE,Creature-0-4457-249-1045-7416-0000286C79,"Mana Spring Totem IV",0x2114,0x0,Player-4755-0210153A,"Hapuseneb-Dreadmist",0x514,0x0,10494,"Mana Spring",0x8,Player-4755-0210153A,0000000000000000,100,100,0,0,0,-1,0,0,0,16.09,-197.11,0,4.4807,66,12.0000,0.0000,0,6736
4/28 18:49:17.583  SPELL_PERIODIC_ENERGIZE,Creature-0-4457-249-1045-7416-0000286C79,"Mana Spring Totem IV",0x2114,0x0,Player-4755-015FEBD5,"Sauvage-Dreadmist",0x514,0x0,10494,"Mana Spring",0x8,Player-4755-015FEBD5,0000000000000000,100,100,0,0,0,-1,0,0,0,15.89,-180.74,0,4.6048,64,13.0000,0.0000,0,6158
4/28 18:49:17.583  SPELL_PERIODIC_ENERGIZE,Creature-0-4457-249-1045-7416-0000286C79,"Mana Spring Totem IV",0x2114,0x0,Player-4755-01FA8DD8,"Roackerita-Dreadmist",0x514,0x0,10494,"Mana Spring",0x8,Player-4755-01FA8DD8,0000000000000000,100,100,0,0,0,-1,0,0,0,3.53,-182.84,0,5.5543,69,12.0000,0.0000,0,6736
4/28 18:49:17.614  SPELL_CAST_START,Creature-0-4457-249-1045-10184-000028665C,"Onyxia",0x10a48,0x0,0000000000000000,nil,0x80000000,0x80000000,18435,"Flame Breath",0x4
4/28 18:49:17.616  SPELL_ENERGIZE,Player-4755-0160BD13,"Mafkees-Dreadmist",0x514,0x0,Player-4755-0160BD13,"Mafkees-Dreadmist",0x514,0x0,12964,"Unbridled Wrath",0x1,Player-4755-0160BD13,0000000000000000,100,100,0,0,0,-1,0,0,0,8.85,-207.78,0,4.8326,64,1.0000,0.0000,1,1000
4/28 18:49:17.616  SWING_DAMAGE_LANDED,Player-4755-01A6B139,"Sakatan-Dreadmist",0x514,0x0,Creature-0-4457-249-1045-10184-000028665C,"Onyxia",0x10a48,0x0,Creature-0-4457-249-1045-10184-000028665C,0000000000000000,82,100,0,0,0,-1,0,0,0,10.16,-218.04,0,0.0023,63,111,140,-1,1,0,0,0,nil,nil,nil
4/28 18:49:17.616  SWING_DAMAGE_LANDED,Player-4755-01A6B139,"Sakatan-Dreadmist",0x514,0x0,Creature-0-4457-249-1045-10184-000028665C,"Onyxia",0x10a48,0x0,Creature-0-4457-249-1045-10184-000028665C,0000000000000000,82,100,0,0,0,-1,0,0,0,10.16,-218.04,0,0.0023,63,155,196,-1,1,0,0,0,nil,nil,nil
4/28 18:49:17.653  SWING_MISSED,Player-4755-01733879,"Hocwar-Dreadmist",0x40514,0x0,Creature-0-4457-249-1045-10184-000028665C,"Onyxia",0x10a48,0x0,MISS,nil
4/28 18:49:17.653  RANGE_DAMAGE,Player-4755-01802FE5,"Angrybat-Dreadmist",0x514,0x0,Creature-0-4457-249-1045-10184-000028665C,"Onyxia",0x10a48,0x0,5019,"Shoot",0x1,Creature-0-4457-249-1045-10184-000028665C,0000000000000000,82,100,0,0,0,-1,0,0,0,10.16,-218.04,0,0.0023,63,79,72,-1,16,0,0,0,nil,nil,nil
4/28 18:49:17.715  SWING_DAMAGE,Pet-0-4457-249-1045-9622-02002CD5BC,"Bokito",0x1114,0x0,Creature-0-4457-249-1045-10184-000028665C,"Onyxia",0x10a48,0x0,Pet-0-4457-249-1045-9622-02002CD5BC,Player-4755-020BD78D,91,100,0,0,0,-1,0,0,0,-4.27,-198.08,0,5.3385,70,187,237,-1,1,0,0,0,nil,nil,nil
4/28 18:49:17.715  SPELL_DAMAGE,Player-4755-021D6506,"Bloodlady-Dreadmist",0x514,0x0,Creature-0-4457-249-1045-10184-000028665C,"Onyxia",0x10a48,0x0,10181,"Frostbolt",0x10,Creature-0-4457-249-1045-10184-000028665C,0000000000000000,82,100,0,0,0,-1,0,0,0,10.16,-218.04,0,0.0023,63,1004,912,-1,16,0,0,0,nil,nil,nil
4/28 18:49:17.731  SPELL_CAST_SUCCESS,Player-4755-02045EF4,"Necrosini-Dreadmist",0x512,0x0,Player-4755-01733879,"Hocwar-Dreadmist",0x40514,0x0,2054,"Heal",0x2,Player-4755-02045EF4,0000000000000000,100,100,0,0,0,-1,0,0,0,5.83,-191.53,0,2.9798,69
4/28 18:49:17.781  SPELL_PERIODIC_ENERGIZE,Creature-0-4457-249-1045-7416-0000286C87,"Mana Spring Totem IV",0x2114,0x0,Player-4755-016296D3,"Nivl-Dreadmist",0x514,0x0,10494,"Mana Spring",0x8,Player-4755-016296D3,0000000000000000,100,100,0,0,0,-1,0,0,0,12.99,-204.08,0,4.6027,69,10.0000,0.0000,0,5845
4/28 18:49:17.781  SPELL_PERIODIC_ENERGIZE,Creature-0-4457-249-1045-7416-0000286C87,"Mana Spring Totem IV",0x2114,0x0,Player-4755-0178F576,"Atreas-Dreadmist",0x514,0x0,10494,"Mana Spring",0x8,Player-4755-0178F576,0000000000000000,100,100,0,0,0,-1,0,0,0,6.14,-178.76,0,4.8144,66,10.0000,0.0000,0,3765
4/28 18:49:17.781  SPELL_PERIODIC_ENERGIZE,Player-4755-01802FE5,"Angrybat-Dreadmist",0x514,0x0,Player-4755-01802FE5,"Angrybat-Dreadmist",0x514,0x0,18194,"Mana Regeneration",0x1,Player-4755-01802FE5,0000000000000000,100,100,0,0,0,-1,0,0,0,12.24,-179.84,0,4.5664,66,8.0000,0.0000,0,6033
4/28 18:49:17.798  SPELL_PERIODIC_HEAL,Player-4755-01FA8DD8,"Roackerita-Dreadmist",0x514,0x0,Player-4755-01F21AE6,"Blahu-Dreadmist",0x40514,0x0,6078,"Renew",0x2,Player-4755-01F21AE6,0000000000000000,100,100,0,0,0,-1,0,0,0,13.36,-210.14,0,4.6774,70,236,236,236,0,nil
4/28 18:49:17.814  SPELL_CAST_START,Player-4755-01F36B30,"Rectumqeef-Dreadmist",0x514,0x0,0000000000000000,nil,0x80000000,0x80000000,5019,"Shoot",0x1
4/28 18:49:17.830  SPELL_CAST_SUCCESS,Player-4755-020BD78D,"Lonehunter-Dreadmist",0x514,0x0,Creature-0-4457-249-1045-10184-000028665C,"Onyxia",0x10a48,0x0,20904,"Aimed Shot",0x1,Player-4755-020BD78D,0000000000000000,100,100,0,0,0,-1,0,0,0,1.62,-179.46,0,4.9304,70
4/28 18:49:17.875  SPELL_CAST_SUCCESS,Player-4755-0220BD00,"Krikoff-Dreadmist",0x40514,0x0,Creature-0-4457-249-1045-10184-000028665C,"Onyxia",0x10a48,0x0,11567,"Heroic Strike",0x1,Player-4755-0220BD00,0000000000000000,100,100,0,0,0,-1,0,0,0,10.75,-210.89,0,4.7163,68
4/28 18:49:17.875  SPELL_AURA_APPLIED,Player-4755-0220BD00,"Krikoff-Dreadmist",0x40514,0x0,Player-4755-0220BD00,"Krikoff-Dreadmist",0x40514,0x0,10610,"Windfury Totem",0x8,BUFF
4/28 18:49:17.875  SPELL_EXTRA_ATTACKS,Player-4755-0220BD00,"Krikoff-Dreadmist",0x40514,0x0,Player-4755-0220BD00,"Krikoff-Dreadmist",0x40514,0x0,10610,"Windfury Totem",0x8,1
4/28 18:49:17.875  SWING_DAMAGE,Player-4755-0220BD00,"Krikoff-Dreadmist",0x40514,0x0,Creature-0-4457-249-1045-10184-000028665C,"Onyxia",0x10a48,0x0,Player-4755-0220BD00,0000000000000000,100,100,0,0,0,-1,0,0,0,10.75,-210.89,0,4.7163,68,631,400,-1,1,0,0,0,1,nil,nil
4/28 18:49:17.909  SPELL_DAMAGE,Player-4755-01B60A5F,"Zurok-Dreadmist",0x514,0x0,Creature-0-4457-249-1045-10184-000028665C,"Onyxia",0x10a48,0x0,20904,"Aimed Shot",0x1,Creature-0-4457-249-1045-10184-000028665C,0000000000000000,82,100,0,0,0,-1,0,0,0,10.16,-218.04,0,0.0023,63,860,1091,-1,1,0,0,0,nil,nil,nil
4/28 18:49:17.958  SPELL_CAST_START,Player-4755-020BD78D,"Lonehunter-Dreadmist",0x514,0x0,0000000000000000,nil,0x80000000,0x80000000,75,"Auto Shot",0x1
4/28 18:49:17.958  SPELL_CAST_SUCCESS,Player-4755-01614AC7,"Mirrimazduur-Dreadmist",0x512,0x0,Creature-0-4457-249-1045-10184-000028665C,"Onyxia",0x10a48,0x0,11661,"Shadow Bolt",0x20,Player-4755-01614AC7,0000000000000000,100,100,0,0,0,-1,0,0,0,-1.52,-178.92,0,4.9074,68
4/28 18:49:17.990  SPELL_PERIODIC_ENERGIZE,Player-4755-0160BD13,"Mafkees-Dreadmist",0x514,0x0,Player-4755-0160BD13,"Mafkees-Dreadmist",0x514,0x0,29131,"Bloodrage",0x1,Player-4755-0160BD13,0000000000000000,100,100,0,0,0,-1,0,0,0,8.85,-207.78,0,4.8326,64,1.0000,0.0000,1,1000
4/28 18:49:17.990  SPELL_AURA_APPLIED,Player-4755-0160BD13,"Mafkees-Dreadmist",0x514,0x0,Player-4755-0160BD13,"Mafkees-Dreadmist",0x514,0x0,12328,"Death Wish",0x1,DEBUFF
4/28 18:49:17.990  SPELL_CAST_SUCCESS,Player-4755-0160BD13,"Mafkees-Dreadmist",0x514,0x0,0000000000000000,nil,0x80000000,0x80000000,12328,"Death Wish",0x1,Player-4755-0160BD13,0000000000000000,100,100,0,0,0,-1,0,0,0,8.85,-207.78,0,4.8326,64
4/28 18:49:18.010  SPELL_CAST_SUCCESS,Player-4755-01AC9FD9,"Alexinho-Dreadmist",0x514,0x0,Creature-0-4457-249-1045-10184-000028665C,"Onyxia",0x10a48,0x0,11294,"Sinister Strike",0x1,Player-4755-01AC9FD9,0000000000000000,100,100,0,0,0,-1,0,0,0,14.04,-202.29,0,4.4934,66
4/28 18:49:18.010  SPELL_AURA_APPLIED,Player-4755-01AC9FD9,"Alexinho-Dreadmist",0x514,0x0,Player-4755-01AC9FD9,"Alexinho-Dreadmist",0x514,0x0,10610,"Windfury Totem",0x8,BUFF
4/28 18:49:18.010  SPELL_EXTRA_ATTACKS,Player-4755-01AC9FD9,"Alexinho-Dreadmist",0x514,0x0,Player-4755-01AC9FD9,"Alexinho-Dreadmist",0x514,0x0,10610,"Windfury Totem",0x8,1
4/28 18:49:18.028  SWING_DAMAGE,Player-4755-01AC9FD9,"Alexinho-Dreadmist",0x514,0x0,Creature-0-4457-249-1045-10184-000028665C,"Onyxia",0x10a48,0x0,Player-4755-01AC9FD9,0000000000000000,100,100,0,0,0,-1,0,0,0,14.04,-202.29,0,4.4934,66,349,443,-1,1,0,0,0,nil,nil,nil
4/28 18:49:18.028  SWING_DAMAGE_LANDED,Pet-0-4457-249-1045-9622-02002CD5BC,"Bokito",0x1114,0x0,Creature-0-4457-249-1045-10184-000028665C,"Onyxia",0x10a48,0x0,Creature-0-4457-249-1045-10184-000028665C,0000000000000000,82,100,0,0,0,-1,0,0,0,10.16,-218.04,0,0.0023,63,187,237,-1,1,0,0,0,nil,nil,nil
4/28 18:49:18.028  SPELL_HEAL,Player-4755-02045EF4,"Necrosini-Dreadmist",0x512,0x0,Player-4755-01733879,"Hocwar-Dreadmist",0x40514,0x0,2054,"Heal",0x2,Player-4755-01733879,0000000000000000,100,100,0,0,0,-1,0,0,0,22.22,-218.01,0,3.0887,71,644,644,644,0,nil
4/28 18:49:18.028  SPELL_DAMAGE,Player-4755-0220BD00,"Krikoff-Dreadmist",0x40514,0x0,Creature-0-4457-249-1045-10184-000028665C,"Onyxia",0x10a48,0x0,11567,"Heroic Strike",0x1,Creature-0-4457-249-1045-10184-000028665C,0000000000000000,82,100,0,0,0,-1,0,0,0,10.16,-218.04,0,0.0023,63,366,464,-1,1,0,0,0,nil,nil,nil
4/28 18:49:18.028  SWING_DAMAGE_LANDED,Player-4755-0220BD00,"Krikoff-Dreadmist",0x40514,0x0,Creature-0-4457-249-1045-10184-000028665C,"Onyxia",0x10a48,0x0,Creature-0-4457-249-1045-10184-000028665C,0000000000000000,82,100,0,0,0,-1,0,0,0,10.16,-218.04,0,0.0023,63,631,400,-1,1,0,0,0,1,nil,nil
4/28 18:49:18.028  SPELL_DAMAGE,Player-4755-01AC9FD9,"Alexinho-Dreadmist",0x514,0x0,Creature-0-4457-249-1045-10184-000028665C,"Onyxia",0x10a48,0x0,11294,"Sinister Strike",0x1,Creature-0-4457-249-1045-10184-000028665C,0000000000000000,82,100,0,0,0,-1,0,0,0,10.16,-218.04,0,0.0023,63,334,424,-1,1,0,0,0,nil,nil,nil
4/28 18:49:18.028  SWING_DAMAGE_LANDED,Player-4755-01AC9FD9,"Alexinho-Dreadmist",0x514,0x0,Creature-0-4457-249-1045-10184-000028665C,"Onyxia",0x10a48,0x0,Creature-0-4457-249-1045-10184-000028665C,0000000000000000,82,100,0,0,0,-1,0,0,0,10.16,-218.04,0,0.0023,63,349,443,-1,1,0,0,0,nil,nil,nil
4/28 18:49:18.047  RANGE_DAMAGE,Player-4755-0178F576,"Atreas-Dreadmist",0x514,0x0,Creature-0-4457-249-1045-10184-000028665C,"Onyxia",0x10a48,0x0,75,"Auto Shot",0x1,Creature-0-4457-249-1045-10184-000028665C,0000000000000000,82,100,0,0,0,-1,0,0,0,10.16,-218.04,0,0.0023,63,389,493,-1,1,0,0,0,nil,nil,nil
4/28 18:49:18.062  SPELL_AURA_REMOVED,Player-4755-01F36B30,"Rectumqeef-Dreadmist",0x514,0x0,Player-4755-01F36B30,"Rectumqeef-Dreadmist",0x514,0x0,17941,"Shadow Trance",0x20,BUFF
4/28 18:49:18.062  SPELL_CAST_START,Player-4755-01F36B30,"Rectumqeef-Dreadmist",0x514,0x0,0000000000000000,nil,0x80000000,0x80000000,11661,"Shadow Bolt",0x20
4/28 18:49:18.062  SPELL_CAST_SUCCESS,Player-4755-01F36B30,"Rectumqeef-Dreadmist",0x514,0x0,Creature-0-4457-249-1045-10184-000028665C,"Onyxia",0x10a48,0x0,11661,"Shadow Bolt",0x20,Player-4755-01F36B30,0000000000000000,100,100,0,0,0,-1,0,0,0,11.80,-188.94,0,4.6184,66
4/28 18:49:18.062  SPELL_CAST_SUCCESS,Player-4755-01614AC7,"Mirrimazduur-Dreadmist",0x512,0x0,0000000000000000,nil,0x80000000,0x80000000,11689,"Life Tap",0x20,Player-4755-01614AC7,0000000000000000,83,100,0,0,0,-1,0,0,0,-1.52,-178.92,0,4.9074,68
4/28 18:49:18.081  SWING_DAMAGE,Player-4755-0178F416,"Eltorero-Dreadmist",0x514,0x0,Creature-0-4457-249-1045-10184-000028665C,"Onyxia",0x10a48,0x0,Player-4755-0178F416,0000000000000000,100,100,0,0,0,-1,0,0,0,9.12,-204.81,0,4.8095,67,1253,795,-1,1,0,0,0,1,nil,nil
4/28 18:49:18.087  SPELL_MISSED,Player-4755-01614AC7,"Mirrimazduur-Dreadmist",0x512,0x0,Creature-0-4457-249-1045-10184-000028665C,"Onyxia",0x10a48,0x0,11661,"Shadow Bolt",0x20,EVADE,nil
4/28 18:49:18.112  SWING_DAMAGE,Player-4755-01AC9FD9,"Alexinho-Dreadmist",0x514,0x0,Creature-0-4457-249-1045-10184-000028665C,"Onyxia",0x10a48,0x0,Player-4755-01AC9FD9,0000000000000000,100,100,0,0,0,-1,0,0,0,14.04,-202.29,0,4.4934,66,152,214,-1,1,0,0,0,nil,1,nil
4/28 18:49:18.127  SWING_DAMAGE,Player-4755-01637B0A,"Pindle-Dreadmist",0x514,0x0,Creature-0-4457-249-1045-10184-000028665C,"Onyxia",0x10a48,0x0,Player-4755-01637B0A,0000000000000000,100,100,0,0,0,-1,0,0,0,8.72,-208.37,0,4.9416,65,183,232,-1,1,0,0,0,nil,nil,nil
4/28 18:49:18.157  RANGE_DAMAGE,Player-4755-01E83279,"Nlmasters-Dreadmist",0x514,0x8,Creature-0-4457-249-1045-10184-000028665C,"Onyxia",0x10a48,0x0,75,"Auto Shot",0x1,Creature-0-4457-249-1045-10184-000028665C,0000000000000000,82,100,0,0,0,-1,0,0,0,10.16,-218.04,0,0.0023,63,331,420,-1,1,0,0,0,nil,nil,nil
4/28 18:49:18.188  SPELL_CAST_SUCCESS,Player-4755-020BD78D,"Lonehunter-Dreadmist",0x514,0x0,Creature-0-4457-249-1045-10184-000028665C,"Onyxia",0x10a48,0x0,75,"Auto Shot",0x1,Player-4755-020BD78D,0000000000000000,100,100,0,0,0,-1,0,0,0,1.62,-179.46,0,4.9304,70
4/28 18:49:18.188  SPELL_CAST_START,Player-4755-020BD78D,"Lonehunter-Dreadmist",0x514,0x0,0000000000000000,nil,0x80000000,0x80000000,14290,"Multi-Shot",0x1
4/28 18:49:18.204  SPELL_CAST_SUCCESS,Player-4755-015FEBD5,"Sauvage-Dreadmist",0x514,0x0,Creature-0-4457-249-1045-10184-000028665C,"Onyxia",0x10a48,0x0,10181,"Frostbolt",0x10,Player-4755-015FEBD5,0000000000000000,100,100,0,0,0,-1,0,0,0,15.89,-180.74,0,4.6048,64
4/28 18:49:18.204  SPELL_CAST_SUCCESS,Player-4755-016296D3,"Nivl-Dreadmist",0x514,0x0,Creature-0-4457-249-1045-10184-000028665C,"Onyxia",0x10a48,0x0,15208,"Lightning Bolt",0x8,Player-4755-016296D3,0000000000000000,100,100,0,0,0,-1,0,0,0,12.99,-204.08,0,4.6027,69
4/28 18:49:18.204  SPELL_CAST_START,Player-4755-016296D3,"Nivl-Dreadmist",0x514,0x0,0000000000000000,nil,0x80000000,0x80000000,15208,"Lightning Bolt",0x8
4/28 18:49:18.237  SPELL_CAST_SUCCESS,Player-4755-0163DD9D,"Kaspais-Dreadmist",0x514,0x0,Creature-0-4457-249-1045-10184-000028665C,"Onyxia",0x10a48,0x0,10181,"Frostbolt",0x10,Player-4755-0163DD9D,0000000000000000,100,100,0,0,0,-1,0,0,0,7.59,-187.13,0,4.8042,66
4/28 18:49:18.273  SPELL_CAST_START,Player-4755-01802FE5,"Angrybat-Dreadmist",0x514,0x0,0000000000000000,nil,0x80000000,0x80000000,5019,"Shoot",0x1
4/28 18:49:18.273  RANGE_DAMAGE,Player-4755-01F36B30,"Rectumqeef-Dreadmist",0x514,0x0,Creature-0-4457-249-1045-10184-000028665C,"Onyxia",0x10a48,0x0,5019,"Shoot",0x1,Creature-0-4457-249-1045-10184-000028665C,0000000000000000,82,100,0,0,0,-1,0,0,0,10.16,-218.04,0,0.0023,63,63,76,-1,64,19,0,0,nil,nil,nil
4/28 18:49:18.320  SPELL_CAST_START,Player-4755-01804B95,"Moymoy-Dreadmist",0x514,0x0,0000000000000000,nil,0x80000000,0x80000000,939,"Healing Wave",0x8
4/28 18:49:18.386  SWING_DAMAGE,Player-4755-01F21AE6,"Blahu-Dreadmist",0x40514,0x0,Creature-0-4457-249-1045-10184-000028665C,"Onyxia",0x10a48,0x0,Player-4755-01F21AE6,0000000000000000,100,100,0,0,0,-1,0,0,0,13.36,-210.14,0,4.6774,70,253,320,-1,1,0,0,0,nil,nil,nil
4/28 18:49:18.402  SPELL_CAST_SUCCESS,Player-4755-020BD78D,"Lonehunter-Dreadmist",0x514,0x0,Creature-0-4457-249-1045-10184-000028665C,"Onyxia",0x10a48,0x0,14290,"Multi-Shot",0x1,Player-4755-020BD78D,0000000000000000,100,100,0,0,0,-1,0,0,0,1.62,-179.46,0,4.9304,70
4/28 18:49:18.419  SPELL_AURA_APPLIED,Pet-0-4457-249-1045-2850-01001956F9,"Kratos",0x1114,0x0,Pet-0-4457-249-1045-2850-01001956F9,"Kratos",0x1114,0x0,23110,"Dash",0x1,BUFF
4/28 18:49:18.419  SPELL_CAST_SUCCESS,Pet-0-4457-249-1045-2850-01001956F9,"Kratos",0x1114,0x0,0000000000000000,nil,0x80000000,0x80000000,23110,"Dash",0x1,Pet-0-4457-249-1045-2850-01001956F9,Player-4755-0178F576,100,100,0,0,0,-1,0,0,0,9.08,-179.36,0,4.7404,66
4/28 18:49:18.419  SPELL_AURA_REMOVED_DOSE,Player-4755-0220BD00,"Krikoff-Dreadmist",0x40514,0x0,Player-4755-0220BD00,"Krikoff-Dreadmist",0x40514,0x0,23888,"Bloodthirst",0x1,BUFF,2
4/28 18:49:18.419  SPELL_HEAL,Player-4755-0220BD00,"Krikoff-Dreadmist",0x40514,0x0,Player-4755-0220BD00,"Krikoff-Dreadmist",0x40514,0x0,23891,"Bloodthirst",0x1,Player-4755-0220BD00,0000000000000000,100,100,0,0,0,-1,0,0,0,10.75,-210.89,0,4.7163,68,20,20,20,0,nil
4/28 18:49:18.419  SPELL_AURA_REMOVED_DOSE,Player-4755-0220BD00,"Krikoff-Dreadmist",0x40514,0x0,Player-4755-0220BD00,"Krikoff-Dreadmist",0x40514,0x0,10610,"Windfury Totem",0x8,BUFF,1
4/28 18:49:18.419  SPELL_AURA_REMOVED_DOSE,Player-4755-0220BD00,"Krikoff-Dreadmist",0x40514,0x0,Player-4755-0220BD00,"Krikoff-Dreadmist",0x40514,0x0,23888,"Bloodthirst",0x1,BUFF,1
4/28 18:49:18.446  SPELL_AURA_APPLIED,Player-4755-0220BD00,"Krikoff-Dreadmist",0x40514,0x0,Player-4755-0220BD00,"Krikoff-Dreadmist",0x40514,0x0,12970,"Flurry",0x1,BUFF
4/28 18:49:18.446  SPELL_HEAL,Player-4755-0220BD00,"Krikoff-Dreadmist",0x40514,0x0,Player-4755-0220BD00,"Krikoff-Dreadmist",0x40514,0x0,23891,"Bloodthirst",0x1,Player-4755-0220BD00,0000000000000000,100,100,0,0,0,-1,0,0,0,10.75,-210.89,0,4.7163,68,20,20,20,0,nil
4/28 18:49:18.446  SPELL_AURA_REMOVED_DOSE,Player-4755-01AC9FD9,"Alexinho-Dreadmist",0x514,0x0,Player-4755-01AC9FD9,"Alexinho-Dreadmist",0x514,0x0,10610,"Windfury Totem",0x8,BUFF,1
4/28 18:49:18.446  SPELL_EXTRA_ATTACKS,Player-4755-01AC9FD9,"Alexinho-Dreadmist",0x514,0x0,Player-4755-01AC9FD9,"Alexinho-Dreadmist",0x514,0x0,15601,"Hand of Justice",0x1,1
4/28 18:49:18.446  SPELL_ENERGIZE,Player-4755-01614AC7,"Mirrimazduur-Dreadmist",0x512,0x0,Player-4755-01614AC7,"Mirrimazduur-Dreadmist",0x512,0x0,31818,"Life Tap",0x20,Player-4755-01614AC7,0000000000000000,83,100,0,0,0,-1,0,0,0,-1.52,-178.92,0,4.9074,68,855.0000,0.0000,0,5098
4/28 18:49:18.446  SWING_DAMAGE_LANDED,Player-4755-0178F416,"Eltorero-Dreadmist",0x514,0x0,Creature-0-4457-249-1045-10184-000028665C,"Onyxia",0x10a48,0x0,Creature-0-4457-249-1045-10184-000028665C,0000000000000000,81,100,0,0,0,-1,0,0,0,10.16,-218.04,0,0.0023,63,1253,795,-1,1,0,0,0,1,nil,nil
4/28 18:49:18.446  SWING_DAMAGE_LANDED,Player-4755-01AC9FD9,"Alexinho-Dreadmist",0x514,0x0,Creature-0-4457-249-1045-10184-000028665C,"Onyxia",0x10a48,0x0,Creature-0-4457-249-1045-10184-000028665C,0000000000000000,81,100,0,0,0,-1,0,0,0,10.16,-218.04,0,0.0023,63,152,214,-1,1,0,0,0,nil,1,nil
4/28 18:49:18.446  SPELL_DAMAGE,Player-4755-01AC9FD9,"Alexinho-Dreadmist",0x514,0x0,Creature-0-4457-249-1045-10184-000028665C,"Onyxia",0x10a48,0x0,11337,"Instant Poison VI",0x8,Creature-0-4457-249-1045-10184-000028665C,0000000000000000,81,100,0,0,0,-1,0,0,0,10.16,-218.04,0,0.0023,63,151,150,-1,8,0,0,0,nil,nil,nil
4/28 18:49:18.446  SWING_DAMAGE_LANDED,Player-4755-01637B0A,"Pindle-Dreadmist",0x514,0x0,Creature-0-4457-249-1045-10184-000028665C,"Onyxia",0x10a48,0x0,Creature-0-4457-249-1045-10184-000028665C,0000000000000000,81,100,0,0,0,-1,0,0,0,10.16,-218.04,0,0.0023,63,183,232,-1,1,0,0,0,nil,nil,nil
4/28 18:49:18.446  SWING_DAMAGE_LANDED,Player-4755-01F21AE6,"Blahu-Dreadmist",0x40514,0x0,Creature-0-4457-249-1045-10184-000028665C,"Onyxia",0x10a48,0x0,Creature-0-4457-249-1045-10184-000028665C,0000000000000000,81,100,0,0,0,-1,0,0,0,10.16,-218.04,0,0.0023,63,253,320,-1,1,0,0,0,nil,nil,nil
4/28 18:49:18.446  SWING_DAMAGE,Player-4755-01AC9FD9,"Alexinho-Dreadmist",0x514,0x0,Creature-0-4457-249-1045-10184-000028665C,"Onyxia",0x10a48,0x0,Player-4755-01AC9FD9,0000000000000000,100,100,0,0,0,-1,0,0,0,14.04,-202.29,0,4.4934,66,763,474,-1,1,0,0,0,1,nil,nil
4/28 18:49:18.469  SPELL_AURA_REMOVED,Player-4755-01733879,"Hocwar-Dreadmist",0x40514,0x0,Player-4755-01733879,"Hocwar-Dreadmist",0x40514,0x0,12328,"Death Wish",0x1,DEBUFF
4/28 18:49:18.469  SWING_DAMAGE,Player-4755-01733879,"Hocwar-Dreadmist",0x40514,0x0,Creature-0-4457-249-1045-10184-000028665C,"Onyxia",0x10a48,0x0,Player-4755-01733879,0000000000000000,100,100,0,0,0,-1,0,0,0,22.22,-218.01,0,3.0887,71,106,155,-1,1,0,0,0,nil,1,nil
4/28 18:49:18.469  SWING_DAMAGE,Player-4755-01637B0A,"Pindle-Dreadmist",0x514,0x0,Creature-0-4457-249-1045-10184-000028665C,"Onyxia",0x10a48,0x0,Player-4755-01637B0A,0000000000000000,100,100,0,0,0,-1,0,0,0,8.72,-208.37,0,4.9416,65,93,124,-1,1,0,0,0,nil,1,nil
4/28 18:49:18.519  SPELL_CAST_SUCCESS,Player-4755-01637B0A,"Pindle-Dreadmist",0x514,0x0,Creature-0-4457-249-1045-10184-000028665C,"Onyxia",0x10a48,0x0,11281,"Backstab",0x1,Player-4755-01637B0A,0000000000000000,100,100,0,0,0,-1,0,0,0,8.72,-208.37,0,4.9416,65
4/28 18:49:18.586  RANGE_DAMAGE,Player-4755-01B60A5F,"Zurok-Dreadmist",0x514,0x0,Creature-0-4457-249-1045-10184-000028665C,"Onyxia",0x10a48,0x0,75,"Auto Shot",0x1,Creature-0-4457-249-1045-10184-000028665C,0000000000000000,81,100,0,0,0,-1,0,0,0,10.16,-218.04,0,0.0023,63,899,480,-1,1,0,0,0,1,nil,nil
4/28 18:49:18.633  SPELL_CAST_SUCCESS,Player-4755-01FA8D0D,"Roackeru-Dreadmist",0x514,0x0,Creature-0-4457-249-1045-10184-000028665C,"Onyxia",0x10a48,0x0,11661,"Shadow Bolt",0x20,Player-4755-01FA8D0D,0000000000000000,100,100,0,0,0,-1,0,0,0,14.13,-180.96,0,4.6613,65
4/28 18:49:18.633  SPELL_CAST_START,Player-4755-01FA8D0D,"Roackeru-Dreadmist",0x514,0x0,0000000000000000,nil,0x80000000,0x80000000,11661,"Shadow Bolt",0x20
4/28 18:49:18.665  SWING_DAMAGE,Player-4755-01840577,"Raggèn-Dreadmist",0x514,0x0,Creature-0-4457-249-1045-10184-000028665C,"Onyxia",0x10a48,0x0,Player-4755-01840577,0000000000000000,100,100,0,0,0,-1,0,0,0,11.90,-207.70,0,4.7038,67,364,535,-1,1,0,0,0,nil,1,nil
4/28 18:49:18.681  SWING_MISSED,Player-4755-01A6B139,"Sakatan-Dreadmist",0x514,0x0,Creature-0-4457-249-1045-10184-000028665C,"Onyxia",0x10a48,0x0,MISS,1
4/28 18:49:18.803  SPELL_DAMAGE,Player-4755-0178F576,"Atreas-Dreadmist",0x514,0x0,Creature-0-4457-249-1045-10184-000028665C,"Onyxia",0x10a48,0x0,14290,"Multi-Shot",0x1,Creature-0-4457-249-1045-10184-000028665C,0000000000000000,81,100,0,0,0,-1,0,0,0,10.16,-218.04,0,0.0023,63,680,863,-1,1,0,0,0,nil,nil,nil
4/28 18:49:18.819  SPELL_DAMAGE,Player-4755-020BD78D,"Lonehunter-Dreadmist",0x514,0x0,Creature-0-4457-249-1045-10184-000028665C,"Onyxia",0x10a48,0x0,20904,"Aimed Shot",0x1,Creature-0-4457-249-1045-10184-000028665C,0000000000000000,81,100,0,0,0,-1,0,0,0,10.16,-218.04,0,0.0023,63,931,1181,-1,1,0,0,0,nil,nil,nil
4/28 18:49:18.840  SPELL_ENERGIZE,Player-4755-0220BD00,"Krikoff-Dreadmist",0x40514,0x0,Player-4755-0220BD00,"Krikoff-Dreadmist",0x40514,0x0,12964,"Unbridled Wrath",0x1,Player-4755-0220BD00,0000000000000000,100,100,0,0,0,-1,0,0,0,10.74,-210.13,0,4.7163,68,1.0000,0.0000,1,1000
4/28 18:49:18.840  SPELL_ENERGIZE,Player-4755-0220BD00,"Krikoff-Dreadmist",0x40514,0x0,Player-4755-0220BD00,"Krikoff-Dreadmist",0x40514,0x0,12964,"Unbridled Wrath",0x1,Player-4755-0220BD00,0000000000000000,100,100,0,0,0,-1,0,0,0,10.74,-210.13,0,4.7163,68,1.0000,0.0000,1,1000
4/28 18:49:18.840  SPELL_AURA_REMOVED_DOSE,Player-4755-0178F416,"Eltorero-Dreadmist",0x514,0x0,Player-4755-0178F416,"Eltorero-Dreadmist",0x514,0x0,12970,"Flurry",0x1,BUFF,2
4/28 18:49:18.840  SPELL_AURA_REMOVED_DOSE,Player-4755-0178F416,"Eltorero-Dreadmist",0x514,0x0,Player-4755-0178F416,"Eltorero-Dreadmist",0x514,0x0,23888,"Bloodthirst",0x1,BUFF,1
4/28 18:49:18.840  SPELL_AURA_APPLIED_DOSE,Player-4755-0178F416,"Eltorero-Dreadmist",0x514,0x0,Player-4755-0178F416,"Eltorero-Dreadmist",0x514,0x0,12970,"Flurry",0x1,BUFF,3
4/28 18:49:18.840  SPELL_HEAL,Player-4755-0178F416,"Eltorero-Dreadmist",0x514,0x0,Player-4755-0178F416,"Eltorero-Dreadmist",0x514,0x0,23891,"Bloodthirst",0x1,Player-4755-0178F416,0000000000000000,100,100,0,0,0,-1,0,0,0,8.50,-204.87,0,4.8095,67,20,20,20,0,nil
4/28 18:49:18.840  SPELL_AURA_REMOVED,Player-4755-01AC9FD9,"Alexinho-Dreadmist",0x514,0x0,Player-4755-01AC9FD9,"Alexinho-Dreadmist",0x514,0x0,10610,"Windfury Totem",0x8,BUFF
4/28 18:49:18.840  SWING_DAMAGE_LANDED,Player-4755-01AC9FD9,"Alexinho-Dreadmist",0x514,0x0,Creature-0-4457-249-1045-10184-000028665C,"Onyxia",0x10a48,0x0,Creature-0-4457-249-1045-10184-000028665C,0000000000000000,81,100,0,0,0,-1,0,0,0,10.16,-218.04,0,0.0023,63,763,474,-1,1,0,0,0,1,nil,nil
4/28 18:49:18.840  SWING_DAMAGE_LANDED,Player-4755-01733879,"Hocwar-Dreadmist",0x40514,0x0,Creature-0-4457-249-1045-10184-000028665C,"Onyxia",0x10a48,0x0,Creature-0-4457-249-1045-10184-000028665C,0000000000000000,81,100,0,0,0,-1,0,0,0,10.16,-218.04,0,0.0023,63,106,155,-1,1,0,0,0,nil,1,nil
4/28 18:49:18.840  SWING_DAMAGE_LANDED,Player-4755-01637B0A,"Pindle-Dreadmist",0x514,0x0,Creature-0-4457-249-1045-10184-000028665C,"Onyxia",0x10a48,0x0,Creature-0-4457-249-1045-10184-000028665C,0000000000000000,81,100,0,0,0,-1,0,0,0,10.16,-218.04,0,0.0023,63,93,124,-1,1,0,0,0,nil,1,nil
4/28 18:49:18.840  SPELL_DAMAGE,Player-4755-01637B0A,"Pindle-Dreadmist",0x514,0x0,Creature-0-4457-249-1045-10184-000028665C,"Onyxia",0x10a48,0x0,11281,"Backstab",0x1,Creature-0-4457-249-1045-10184-000028665C,0000000000000000,81,100,0,0,0,-1,0,0,0,10.16,-218.04,0,0.0023,63,1085,601,-1,1,0,0,0,1,nil,nil
4/28 18:49:18.840  SWING_DAMAGE_LANDED,Player-4755-01840577,"Raggèn-Dreadmist",0x514,0x0,Creature-0-4457-249-1045-10184-000028665C,"Onyxia",0x10a48,0x0,Creature-0-4457-249-1045-10184-000028665C,0000000000000000,81,100,0,0,0,-1,0,0,0,10.16,-218.04,0,0.0023,63,364,535,-1,1,0,0,0,nil,1,nil
4/28 18:49:18.859  SPELL_CAST_SUCCESS,Player-4755-01802FE5,"Angrybat-Dreadmist",0x514,0x0,0000000000000000,nil,0x80000000,0x80000000,10058,"Replenish Mana",0x1,Player-4755-01802FE5,0000000000000000,100,100,0,0,0,-1,0,0,0,12.10,-180.84,0,4.5665,66
4/28 18:49:18.911  SPELL_CAST_SUCCESS,Player-4755-021D6506,"Bloodlady-Dreadmist",0x514,0x0,Creature-0-4457-249-1045-10184-000028665C,"Onyxia",0x10a48,0x0,10181,"Frostbolt",0x10,Player-4755-021D6506,0000000000000000,100,100,0,0,0,-1,0,0,0,2.16,-178.47,0,4.9285,69
4/28 18:49:18.911  SPELL_PERIODIC_HEAL,Player-4755-01733879,"Hocwar-Dreadmist",0x40514,0x0,Player-4755-01733879,"Hocwar-Dreadmist",0x40514,0x0,24427,"Diamond Flask",0x8,Player-4755-01733879,0000000000000000,100,100,0,0,0,-1,0,0,0,22.22,-218.01,0,3.0887,71,301,301,301,0,nil
4/28 18:49:18.911  SWING_DAMAGE,Player-4755-01F21AE6,"Blahu-Dreadmist",0x40514,0x0,Creature-0-4457-249-1045-10184-000028665C,"Onyxia",0x10a48,0x0,Player-4755-01F21AE6,0000000000000000,100,100,0,0,0,-1,0,0,0,13.36,-210.14,0,4.6774,70,106,134,-1,1,0,0,0,nil,nil,nil
4/28 18:49:18.928  SPELL_DAMAGE,Player-4755-016296D3,"Nivl-Dreadmist",0x514,0x0,Creature-0-4457-249-1045-10184-000028665C,"Onyxia",0x10a48,0x0,15208,"Lightning Bolt",0x8,Creature-0-4457-249-1045-10184-000028665C,0000000000000000,81,100,0,0,0,-1,0,0,0,10.16,-218.04,0,0.0023,63,541,540,-1,8,0,0,0,nil,nil,nil
4/28 18:49:18.944  SPELL_CAST_SUCCESS,Player-4755-01F21AE6,"Blahu-Dreadmist",0x40514,0x0,Creature-0-4457-249-1045-10184-000028665C,"Onyxia",0x10a48,0x0,23894,"Bloodthirst",0x1,Player-4755-01F21AE6,0000000000000000,100,100,0,0,0,-1,0,0,0,13.36,-210.14,0,4.6774,70
4/28 18:49:18.961  SWING_DAMAGE,Player-4755-01A6B139,"Sakatan-Dreadmist",0x514,0x0,Creature-0-4457-249-1045-10184-000028665C,"Onyxia",0x10a48,0x0,Player-4755-01A6B139,0000000000000000,100,100,0,0,0,-1,0,0,0,9.54,-199.57,0,5.0548,69,142,179,-1,1,0,0,0,nil,nil,nil
4/28 18:49:18.994  SPELL_PERIODIC_ENERGIZE,Player-4755-0160BD13,"Mafkees-Dreadmist",0x514,0x0,Player-4755-0160BD13,"Mafkees-Dreadmist",0x514,0x0,29131,"Bloodrage",0x1,Player-4755-0160BD13,0000000000000000,100,100,0,0,0,-1,0,0,0,8.85,-207.78,0,4.8051,64,1.0000,0.0000,1,1000
4/28 18:49:18.994  SPELL_CAST_SUCCESS,Player-4755-0210153A,"Hapuseneb-Dreadmist",0x514,0x0,Player-4755-01733879,"Hocwar-Dreadmist",0x40514,0x0,2053,"Lesser Heal",0x2,Player-4755-0210153A,0000000000000000,100,100,0,0,0,-1,0,0,0,16.09,-197.11,0,4.4807,66
4/28 18:49:19.010  SPELL_PERIODIC_DAMAGE,Player-4755-0178F416,"Eltorero-Dreadmist",0x514,0x0,Creature-0-4457-249-1045-10184-000028665C,"Onyxia",0x10a48,0x0,12721,"Deep Wound",0x1,Creature-0-4457-249-1045-10184-000028665C,0000000000000000,81,100,0,0,0,-1,0,0,0,10.16,-218.04,0,0.0023,63,102,102,-1,1,0,0,0,nil,nil,nil
4/28 18:49:19.010  SPELL_PERIODIC_DAMAGE,Player-4755-0160BD13,"Mafkees-Dreadmist",0x514,0x0,Creature-0-4457-249-1045-10184-000028665C,"Onyxia",0x10a48,0x0,12721,"Deep Wound",0x1,Creature-0-4457-249-1045-10184-000028665C,0000000000000000,81,100,0,0,0,-1,0,0,0,10.16,-218.04,0,0.0023,63,93,93,-1,1,0,0,0,nil,nil,nil
4/28 18:49:19.041  SPELL_CAST_SUCCESS,Player-4755-01733879,"Hocwar-Dreadmist",0x40514,0x0,Creature-0-4457-249-1045-10184-000028665C,"Onyxia",0x10a48,0x0,11597,"Sunder Armor",0x1,Player-4755-01733879,0000000000000000,100,100,0,0,0,-1,0,0,0,22.22,-218.01,0,3.0887,71
4/28 18:49:19.041  SPELL_AURA_APPLIED,Player-4755-01733879,"Hocwar-Dreadmist",0x40514,0x0,Player-4755-01733879,"Hocwar-Dreadmist",0x40514,0x0,10610,"Windfury Totem",0x8,BUFF
4/28 18:49:19.041  SPELL_EXTRA_ATTACKS,Player-4755-01733879,"Hocwar-Dreadmist",0x40514,0x0,Player-4755-01733879,"Hocwar-Dreadmist",0x40514,0x0,10610,"Windfury Totem",0x8,1
4/28 18:49:19.041  SPELL_CAST_SUCCESS,Player-4755-01733879,"Hocwar-Dreadmist",0x40514,0x0,Creature-0-4457-249-1045-10184-000028665C,"Onyxia",0x10a48,0x0,11567,"Heroic Strike",0x1,Player-4755-01733879,0000000000000000,100,100,0,0,0,-1,0,0,0,22.22,-218.01,0,3.0887,71
4/28 18:49:19.041  SPELL_AURA_REMOVED_DOSE,Player-4755-01733879,"Hocwar-Dreadmist",0x40514,0x0,Player-4755-01733879,"Hocwar-Dreadmist",0x40514,0x0,10610,"Windfury Totem",0x8,BUFF,1
4/28 18:49:19.041  SPELL_CAST_START,Player-4755-0210153A,"Hapuseneb-Dreadmist",0x514,0x0,0000000000000000,nil,0x80000000,0x80000000,2053,"Lesser Heal",0x2
4/28 18:49:19.094  SPELL_PERIODIC_ENERGIZE,Player-4755-01BC57A3,"Saintis-Dreadmist",0x511,0x0,Player-4755-01BC57A3,"Saintis-Dreadmist",0x511,0x0,18194,"Mana Regeneration",0x1,Player-4755-01BC57A3,0000000000000000,100,100,0,0,0,-1,0,0,0,10.02,-192.23,0,5.2288,68,8.0000,0.0000,0,7212
4/28 18:49:19.110  SWING_DAMAGE,Player-4755-0160BD13,"Mafkees-Dreadmist",0x514,0x0,Creature-0-4457-249-1045-10184-000028665C,"Onyxia",0x10a48,0x0,Player-4755-0160BD13,0000000000000000,100,100,0,0,0,-1,0,0,0,8.85,-207.78,0,4.8051,64,614,778,-1,1,0,0,0,nil,nil,nil
4/28 18:49:19.176  RANGE_DAMAGE,Player-4755-020BD78D,"Lonehunter-Dreadmist",0x514,0x0,Creature-0-4457-249-1045-10184-000028665C,"Onyxia",0x10a48,0x0,75,"Auto Shot",0x1,Creature-0-4457-249-1045-10184-000028665C,0000000000000000,81,100,0,0,0,-1,0,0,0,10.16,-218.04,0,0.0023,63,421,533,-1,1,0,0,0,nil,nil,nil
4/28 18:49:19.176  RANGE_DAMAGE,Player-4755-01802FE5,"Angrybat-Dreadmist",0x514,0x0,Creature-0-4457-249-1045-10184-000028665C,"Onyxia",0x10a48,0x0,5019,"Shoot",0x1,Creature-0-4457-249-1045-10184-000028665C,0000000000000000,81,100,0,0,0,-1,0,0,0,10.16,-218.04,0,0.0023,63,88,80,-1,16,0,0,0,nil,nil,nil
4/28 18:49:19.223  SPELL_CAST_START,Player-4755-020BD78D,"Lonehunter-Dreadmist",0x514,0x0,0000000000000000,nil,0x80000000,0x80000000,75,"Auto Shot",0x1
4/28 18:49:19.240  SWING_DAMAGE,Pet-0-4457-249-1045-7456-03003178E8,"Owl",0x1114,0x0,Creature-0-4457-249-1045-10184-000028665C,"Onyxia",0x10a48,0x0,Pet-0-4457-249-1045-7456-03003178E8,Player-4755-01B60A5F,100,100,0,0,0,-1,0,0,0,14.31,-193.80,0,4.5427,62,128,163,-1,1,0,0,0,nil,nil,nil
4/28 18:49:19.240  SPELL_CAST_SUCCESS,Pet-0-4457-249-1045-7456-03003178E8,"Owl",0x1114,0x0,Creature-0-4457-249-1045-10184-000028665C,"Onyxia",0x10a48,0x0,3009,"Claw",0x1,Pet-0-4457-249-1045-7456-03003178E8,Player-4755-01B60A5F,100,100,0,0,0,-1,0,0,0,14.31,-193.80,0,4.5427,62
4/28 18:49:19.243  SPELL_AURA_REFRESH,Player-4755-0178F416,"Eltorero-Dreadmist",0x514,0x0,Creature-0-4457-249-1045-10184-000028665C,"Onyxia",0x10a48,0x0,12721,"Deep Wound",0x1,DEBUFF
4/28 18:49:19.243  SPELL_AURA_REMOVED,Player-4755-01733879,"Hocwar-Dreadmist",0x40514,0x0,Player-4755-01733879,"Hocwar-Dreadmist",0x40514,0x0,10610,"Windfury Totem",0x8,BUFF
4/28 18:49:19.243  SPELL_AURA_REMOVED_DOSE,Player-4755-01840577,"Raggèn-Dreadmist",0x514,0x0,Player-4755-01840577,"Raggèn-Dreadmist",0x514,0x0,16280,"Flurry",0x1,BUFF,2
4/28 18:49:19.243  SPELL_ENERGIZE,Player-4755-01802FE5,"Angrybat-Dreadmist",0x514,0x0,Player-4755-01802FE5,"Angrybat-Dreadmist",0x514,0x0,10058,"Replenish Mana",0x1,Player-4755-01802FE5,0000000000000000,100,100,0,0,0,-1,0,0,0,12.10,-180.84,0,4.5665,66,1075.0000,0.0000,0,6033
4/28 18:49:19.243  SWING_DAMAGE_LANDED,Player-4755-01F21AE6,"Blahu-Dreadmist",0x40514,0x0,Creature-0-4457-249-1045-10184-000028665C,"Onyxia",0x10a48,0x0,Creature-0-4457-249-1045-10184-000028665C,0000000000000000,81,100,0,0,0,-1,0,0,0,10.16,-218.04,0,0.0023,63,106,134,-1,1,0,0,0,nil,nil,nil
4/28 18:49:19.243  SPELL_DAMAGE,Player-4755-01F21AE6,"Blahu-Dreadmist",0x40514,0x0,Creature-0-4457-249-1045-10184-000028665C,"Onyxia",0x10a48,0x0,23894,"Bloodthirst",0x1,Creature-0-4457-249-1045-10184-000028665C,0000000000000000,81,100,0,0,0,-1,0,0,0,10.16,-218.04,0,0.0023,63,434,551,-1,1,0,0,0,nil,nil,nil
4/28 18:49:19.243  SPELL_AURA_APPLIED,Player-4755-01F21AE6,"Blahu-Dreadmist",0x40514,0x0,Player-4755-01F21AE6,"Blahu-Dreadmist",0x40514,0x0,23888,"Bloodthirst",0x1,BUFF
4/28 18:49:19.243  SWING_DAMAGE_LANDED,Player-4755-01A6B139,"Sakatan-Dreadmist",0x514,0x0,Creature-0-4457-249-1045-10184-000028665C,"Onyxia",0x10a48,0x0,Creature-0-4457-249-1045-10184-000028665C,0000000000000000,81,100,0,0,0,-1,0,0,0,10.16,-218.04,0,0.0023,63,142,179,-1,1,0,0,0,nil,nil,nil
4/28 18:49:19.243  SPELL_HEAL,Player-4755-0210153A,"Hapuseneb-Dreadmist",0x514,0x0,Player-4755-01733879,"Hocwar-Dreadmist",0x40514,0x0,2053,"Lesser Heal",0x2,Player-4755-01733879,0000000000000000,100,100,0,0,0,-1,0,0,0,22.22,-218.01,0,3.0887,71,430,430,430,0,nil
4/28 18:49:19.243  SPELL_DAMAGE,Player-4755-01733879,"Hocwar-Dreadmist",0x40514,0x0,Creature-0-4457-249-1045-10184-000028665C,"Onyxia",0x10a48,0x0,11567,"Heroic Strike",0x1,Creature-0-4457-249-1045-10184-000028665C,0000000000000000,81,100,0,0,0,-1,0,0,0,10.16,-218.04,0,0.0023,63,360,455,-1,1,0,0,0,nil,nil,nil
4/28 18:49:19.243  SWING_DAMAGE_LANDED,Player-4755-0160BD13,"Mafkees-Dreadmist",0x514,0x0,Creature-0-4457-249-1045-10184-000028665C,"Onyxia",0x10a48,0x0,Creature-0-4457-249-1045-10184-000028665C,0000000000000000,81,100,0,0,0,-1,0,0,0,10.16,-218.04,0,0.0023,63,614,778,-1,1,0,0,0,nil,nil,nil
4/28 18:49:19.243  SWING_DAMAGE_LANDED,Pet-0-4457-249-1045-7456-03003178E8,"Owl",0x1114,0x0,Creature-0-4457-249-1045-10184-000028665C,"Onyxia",0x10a48,0x0,Creature-0-4457-249-1045-10184-000028665C,0000000000000000,81,100,0,0,0,-1,0,0,0,10.16,-218.04,0,0.0023,63,128,163,-1,1,0,0,0,nil,nil,nil
4/28 18:49:19.243  SPELL_DAMAGE,Pet-0-4457-249-1045-7456-03003178E8,"Owl",0x1114,0x0,Creature-0-4457-249-1045-10184-000028665C,"Onyxia",0x10a48,0x0,3009,"Claw",0x1,Creature-0-4457-249-1045-10184-000028665C,0000000000000000,81,100,0,0,0,-1,0,0,0,10.16,-218.04,0,0.0023,63,108,68,-1,1,0,0,0,1,nil,nil
4/28 18:49:19.268  SPELL_CAST_SUCCESS,Pet-0-4457-249-1045-9622-02002CD5BC,"Bokito",0x1114,0x0,0000000000000000,nil,0x80000000,0x80000000,26188,"Thunderstomp",0x8,Pet-0-4457-249-1045-9622-02002CD5BC,Player-4755-020BD78D,91,100,0,0,0,-1,0,0,0,-4.27,-198.08,0,5.3385,70
4/28 18:49:19.317  SPELL_CAST_START,Player-4755-01E83279,"Nlmasters-Dreadmist",0x514,0x8,0000000000000000,nil,0x80000000,0x80000000,75,"Auto Shot",0x1
4/28 18:49:19.317  SPELL_CAST_START,Player-4755-01ED7A64,"Sperzieboon-Dreadmist",0x514,0x0,0000000000000000,nil,0x80000000,0x80000000,6063,"Heal",0x2
4/28 18:49:19.348  SPELL_DAMAGE,Player-4755-0163DD9D,"Kaspais-Dreadmist",0x514,0x0,Creature-0-4457-249-1045-10184-000028665C,"Onyxia",0x10a48,0x0,10181,"Frostbolt",0x10,Creature-0-4457-249-1045-10184-000028665C,0000000000000000,81,100,0,0,0,-1,0,0,0,10.16,-218.04,0,0.0023,63,937,851,-1,16,0,0,0,nil,nil,nil
4/28 18:49:19.385  SPELL_AURA_REMOVED,Player-4755-0220BD00,"Krikoff-Dreadmist",0x40514,0x0,Player-4755-0220BD00,"Krikoff-Dreadmist",0x40514,0x0,10610,"Windfury Totem",0x8,BUFF
4/28 18:49:19.403  SPELL_CAST_START,Player-4755-0178F576,"Atreas-Dreadmist",0x514,0x0,0000000000000000,nil,0x80000000,0x80000000,75,"Auto Shot",0x1
4/28 18:49:19.419  SPELL_CAST_START,Player-4755-0163DD9D,"Kaspais-Dreadmist",0x514,0x0,0000000000000000,nil,0x80000000,0x80000000,5019,"Shoot",0x1
4/28 18:49:19.451  SPELL_CAST_SUCCESS,Player-4755-020BD78D,"Lonehunter-Dreadmist",0x514,0x0,Creature-0-4457-249-1045-10184-000028665C,"Onyxia",0x10a48,0x0,75,"Auto Shot",0x1,Player-4755-020BD78D,0000000000000000,100,100,0,0,0,-1,0,0,0,1.62,-179.46,0,4.9304,70
4/28 18:49:19.451  SPELL_PERIODIC_DAMAGE,Player-4755-01614AC7,"Mirrimazduur-Dreadmist",0x512,0x0,Creature-0-4457-249-1045-10184-000028665C,"Onyxia",0x10a48,0x0,11672,"Corruption",0x20,Creature-0-4457-249-1045-10184-000028665C,0000000000000000,81,100,0,0,0,-1,0,0,0,10.16,-218.04,0,0.0023,63,249,188,-1,32,0,0,0,nil,nil,nil
4/28 18:49:19.451  SPELL_AURA_REMOVED,Player-4755-01614AC7,"Mirrimazduur-Dreadmist",0x512,0x0,Creature-0-4457-249-1045-10184-000028665C,"Onyxia",0x10a48,0x0,11672,"Corruption",0x20,DEBUFF
4/28 18:49:19.504  SWING_DAMAGE,Player-4755-01AC9FD9,"Alexinho-Dreadmist",0x514,0x0,Creature-0-4457-249-1045-10184-000028665C,"Onyxia",0x10a48,0x0,Player-4755-01AC9FD9,0000000000000000,100,100,0,0,0,-1,0,0,0,14.04,-202.29,0,4.4934,66,113,178,-1,1,0,0,0,nil,1,nil
4/28 18:49:19.519  SPELL_AURA_REMOVED_DOSE,Player-4755-01FA8D0D,"Roackeru-Dreadmist",0x514,0x0,Creature-0-4457-249-1045-10184-000028665C,"Onyxia",0x10a48,0x0,17800,"Shadow Vulnerability",0x20,DEBUFF,3
4/28 18:49:19.519  SPELL_DAMAGE,Player-4755-01F36B30,"Rectumqeef-Dreadmist",0x514,0x0,Creature-0-4457-249-1045-10184-000028665C,"Onyxia",0x10a48,0x0,11661,"Shadow Bolt",0x20,Creature-0-4457-249-1045-10184-000028665C,0000000000000000,80,100,0,0,0,-1,0,0,0,10.16,-218.04,0,0.0023,63,1242,941,-1,32,0,0,0,nil,nil,nil
4/28 18:49:19.519  SPELL_CAST_SUCCESS,Player-4755-01AC9FD9,"Alexinho-Dreadmist",0x514,0x0,Creature-0-4457-249-1045-10184-000028665C,"Onyxia",0x10a48,0x0,11294,"Sinister Strike",0x1,Player-4755-01AC9FD9,0000000000000000,100,100,0,0,0,-1,0,0,0,14.04,-202.29,0,4.4934,66
4/28 18:49:19.519  SPELL_AURA_APPLIED,Player-4755-01637B0A,"Pindle-Dreadmist",0x514,0x0,Player-4755-01637B0A,"Pindle-Dreadmist",0x514,0x0,10610,"Windfury Totem",0x8,BUFF
4/28 18:49:19.519  SPELL_EXTRA_ATTACKS,Player-4755-01637B0A,"Pindle-Dreadmist",0x514,0x0,Player-4755-01637B0A,"Pindle-Dreadmist",0x514,0x0,10610,"Windfury Totem",0x8,1
4/28 18:49:19.519  SWING_DAMAGE,Player-4755-01637B0A,"Pindle-Dreadmist",0x514,0x0,Creature-0-4457-249-1045-10184-000028665C,"Onyxia",0x10a48,0x0,Player-4755-01637B0A,0000000000000000,100,100,0,0,0,-1,0,0,0,8.72,-208.37,0,4.9416,65,337,209,-1,1,0,0,0,1,nil,nil
4/28 18:49:19.538  SWING_DAMAGE,Player-4755-01637B0A,"Pindle-Dreadmist",0x514,0x0,Creature-0-4457-249-1045-10184-000028665C,"Onyxia",0x10a48,0x0,Player-4755-01637B0A,0000000000000000,100,100,0,0,0,-1,0,0,0,8.72,-208.37,0,4.9416,65,219,291,-1,1,0,0,0,nil,1,nil
4/28 18:49:19.554  SPELL_CAST_START,Player-4755-01B60A5F,"Zurok-Dreadmist",0x514,0x0,0000000000000000,nil,0x80000000,0x80000000,75,"Auto Shot",0x1
4/28 18:49:19.554  SWING_DAMAGE,Player-4755-01637B0A,"Pindle-Dreadmist",0x514,0x0,Creature-0-4457-249-1045-10184-000028665C,"Onyxia",0x10a48,0x0,Player-4755-01637B0A,0000000000000000,100,100,0,0,0,-1,0,0,0,8.72,-208.37,0,4.9416,65,110,140,-1,1,0,0,0,nil,1,nil
4/28 18:49:19.554  SPELL_CAST_SUCCESS,Player-4755-01614AC7,"Mirrimazduur-Dreadmist",0x512,0x0,0000000000000000,nil,0x80000000,0x80000000,11689,"Life Tap",0x20,Player-4755-01614AC7,0000000000000000,67,100,0,0,0,-1,0,0,0,-1.52,-178.92,0,4.9074,68
4/28 18:49:19.571  SPELL_DAMAGE,Player-4755-015FEBD5,"Sauvage-Dreadmist",0x514,0x0,Creature-0-4457-249-1045-10184-000028665C,"Onyxia",0x10a48,0x0,10181,"Frostbolt",0x10,Creature-0-4457-249-1045-10184-000028665C,0000000000000000,80,100,0,0,0,-1,0,0,0,10.16,-218.04,0,0.0023,63,897,816,-1,16,0,0,0,nil,nil,nil
4/28 18:49:19.588  SPELL_PERIODIC_ENERGIZE,Creature-0-4457-249-1045-7416-0000286C79,"Mana Spring Totem IV",0x2114,0x0,Player-4755-015FEBD5,"Sauvage-Dreadmist",0x514,0x0,10494,"Mana Spring",0x8,Player-4755-015FEBD5,0000000000000000,100,100,0,0,0,-1,0,0,0,15.86,-181.08,0,4.7893,64,13.0000,0.0000,0,6158
4/28 18:49:19.588  SPELL_PERIODIC_ENERGIZE,Creature-0-4457-249-1045-7416-0000286C79,"Mana Spring Totem IV",0x2114,0x0,Player-4755-01ED7A64,"Sperzieboon-Dreadmist",0x514,0x0,10494,"Mana Spring",0x8,Player-4755-01ED7A64,0000000000000000,100,100,0,0,0,-1,0,0,0,13.03,-190.57,0,4.7271,67,13.0000,0.0000,0,7261
4/28 18:49:19.588  SPELL_PERIODIC_ENERGIZE,Creature-0-4457-249-1045-7416-0000286C79,"Mana Spring Totem IV",0x2114,0x0,Player-4755-01804B95,"Moymoy-Dreadmist",0x514,0x0,10494,"Mana Spring",0x8,Player-4755-01804B95,0000000000000000,100,100,0,0,0,-1,0,0,0,13.26,-186.32,0,4.8801,66,12.0000,0.0000,0,5366
4/28 18:49:19.588  SPELL_PERIODIC_ENERGIZE,Creature-0-4457-249-1045-7416-0000286C79,"Mana Spring Totem IV",0x2114,0x0,Player-4755-01FA8DD8,"Roackerita-Dreadmist",0x514,0x0,10494,"Mana Spring",0x8,Player-4755-01FA8DD8,0000000000000000,100,100,0,0,0,-1,0,0,0,3.53,-182.84,0,4.9951,69,12.0000,0.0000,0,6736
4/28 18:49:19.588  SPELL_PERIODIC_ENERGIZE,Creature-0-4457-249-1045-7416-0000286C79,"Mana Spring Totem IV",0x2114,0x0,Player-4755-0210153A,"Hapuseneb-Dreadmist",0x514,0x0,10494,"Mana Spring",0x8,Player-4755-0210153A,0000000000000000,100,100,0,0,0,-1,0,0,0,16.09,-197.11,0,4.4807,66,12.0000,0.0000,0,6736
4/28 18:49:19.620  SPELL_CAST_SUCCESS,Creature-0-4457-249-1045-10184-000028665C,"Onyxia",0x10a48,0x0,0000000000000000,nil,0x80000000,0x80000000,18435,"Flame Breath",0x4,Creature-0-4457-249-1045-10184-000028665C,0000000000000000,80,100,0,0,0,-1,0,0,0,10.16,-218.04,0,0.0023,63
4/28 18:49:19.639  SPELL_ENERGIZE,Player-4755-01733879,"Hocwar-Dreadmist",0x40514,0x0,Player-4755-01733879,"Hocwar-Dreadmist",0x40514,0x0,12964,"Unbridled Wrath",0x1,Player-4755-01733879,0000000000000000,100,100,0,0,0,-1,0,0,0,22.22,-218.01,0,3.0887,71,1.0000,0.0000,1,1000
4/28 18:49:19.639  SPELL_AURA_REMOVED_DOSE,Player-4755-01F21AE6,"Blahu-Dreadmist",0x40514,0x0,Player-4755-01F21AE6,"Blahu-Dreadmist",0x40514,0x0,23888,"Bloodthirst",0x1,BUFF,4
4/28 18:49:19.639  SPELL_HEAL,Player-4755-01F21AE6,"Blahu-Dreadmist",0x40514,0x0,Player-4755-01F21AE6,"Blahu-Dreadmist",0x40514,0x0,23891,"Bloodthirst",0x1,Player-4755-01F21AE6,0000000000000000,100,100,0,0,0,-1,0,0,0,13.36,-210.14,0,4.6774,70,20,20,20,0,nil
4/28 18:49:19.639  SPELL_AURA_REMOVED_DOSE,Player-4755-01F21AE6,"Blahu-Dreadmist",0x40514,0x0,Player-4755-01F21AE6,"Blahu-Dreadmist",0x40514,0x0,23888,"Bloodthirst",0x1,BUFF,3
4/28 18:49:19.639  SPELL_HEAL,Player-4755-01F21AE6,"Blahu-Dreadmist",0x40514,0x0,Player-4755-01F21AE6,"Blahu-Dreadmist",0x40514,0x0,23891,"Bloodthirst",0x1,Player-4755-01F21AE6,0000000000000000,100,100,0,0,0,-1,0,0,0,13.36,-210.14,0,4.6774,70,20,20,20,0,nil
4/28 18:49:19.639  SPELL_AURA_REMOVED_DOSE,Player-4755-0160BD13,"Mafkees-Dreadmist",0x514,0x0,Player-4755-0160BD13,"Mafkees-Dreadmist",0x514,0x0,23888,"Bloodthirst",0x1,BUFF,1
4/28 18:49:19.639  SPELL_HEAL,Player-4755-0160BD13,"Mafkees-Dreadmist",0x514,0x0,Player-4755-0160BD13,"Mafkees-Dreadmist",0x514,0x0,23891,"Bloodthirst",0x1,Player-4755-0160BD13,0000000000000000,100,100,0,0,0,-1,0,0,0,8.85,-207.78,0,4.8051,64,20,20,20,0,nil
4/28 18:49:19.660  SPELL_AURA_REMOVED,Player-4755-0160BD13,"Mafkees-Dreadmist",0x514,0x0,Player-4755-0160BD13,"Mafkees-Dreadmist",0x514,0x0,12970,"Flurry",0x1,BUFF
4/28 18:49:19.660  SPELL_DAMAGE,Pet-0-4457-249-1045-9622-02002CD5BC,"Bokito",0x1114,0x0,Creature-0-4457-249-1045-10184-000028665C,"Onyxia",0x10a48,0x0,26188,"Thunderstomp",0x8,Creature-0-4457-249-1045-10184-000028665C,0000000000000000,80,100,0,0,0,-1,0,0,0,10.16,-218.04,0,0.0023,63,194,193,-1,8,0,0,0,nil,nil,nil
4/28 18:49:19.660  SWING_DAMAGE_LANDED,Player-4755-01AC9FD9,"Alexinho-Dreadmist",0x514,0x0,Creature-0-4457-249-1045-10184-000028665C,"Onyxia",0x10a48,0x0,Creature-0-4457-249-1045-10184-000028665C,0000000000000000,80,100,0,0,0,-1,0,0,0,10.16,-218.04,0,0.0023,63,113,178,-1,1,0,0,0,nil,1,nil
4/28 18:49:19.660  SPELL_DAMAGE,Player-4755-01AC9FD9,"Alexinho-Dreadmist",0x514,0x0,Creature-0-4457-249-1045-10184-000028665C,"Onyxia",0x10a48,0x0,11294,"Sinister Strike",0x1,Creature-0-4457-249-1045-10184-000028665C,0000000000000000,80,100,0,0,0,-1,0,0,0,10.16,-218.04,0,0.0023,63,342,434,-1,1,0,0,0,nil,nil,nil
4/28 18:49:19.660  SWING_DAMAGE_LANDED,Player-4755-01637B0A,"Pindle-Dreadmist",0x514,0x0,Creature-0-4457-249-1045-10184-000028665C,"Onyxia",0x10a48,0x0,Creature-0-4457-249-1045-10184-000028665C,0000000000000000,80,100,0,0,0,-1,0,0,0,10.16,-218.04,0,0.0023,63,337,209,-1,1,0,0,0,1,nil,nil
4/28 18:49:19.660  SWING_DAMAGE_LANDED,Player-4755-01637B0A,"Pindle-Dreadmist",0x514,0x0,Creature-0-4457-249-1045-10184-000028665C,"Onyxia",0x10a48,0x0,Creature-0-4457-249-1045-10184-000028665C,0000000000000000,80,100,0,0,0,-1,0,0,0,10.16,-218.04,0,0.0023,63,219,291,-1,1,0,0,0,nil,1,nil
4/28 18:49:19.660  SWING_DAMAGE_LANDED,Player-4755-01637B0A,"Pindle-Dreadmist",0x514,0x0,Creature-0-4457-249-1045-10184-000028665C,"Onyxia",0x10a48,0x0,Creature-0-4457-249-1045-10184-000028665C,0000000000000000,80,100,0,0,0,-1,0,0,0,10.16,-218.04,0,0.0023,63,110,140,-1,1,0,0,0,nil,1,nil
4/28 18:49:19.660  SPELL_ENERGIZE,Player-4755-01614AC7,"Mirrimazduur-Dreadmist",0x512,0x0,Player-4755-01614AC7,"Mirrimazduur-Dreadmist",0x512,0x0,31818,"Life Tap",0x20,Player-4755-01614AC7,0000000000000000,67,100,0,0,0,-1,0,0,0,-1.52,-178.92,0,4.9074,68,856.0000,0.0000,0,5098
4/28 18:49:19.660  SPELL_ABSORBED,Creature-0-4457-249-1045-10184-000028665C,"Onyxia",0x10a48,0x0,Player-4755-01733879,"Hocwar-Dreadmist",0x40514,0x0,18435,"Flame Breath",0x4,Player-4755-01BC57A3,"Saintis-Dreadmist",0x511,0x0,10901,"Power Word: Shield",0x2,167,3749
4/28 18:49:19.660  SPELL_AURA_REMOVED,Player-4755-01BC57A3,"Saintis-Dreadmist",0x511,0x0,Player-4755-01733879,"Hocwar-Dreadmist",0x40514,0x0,10901,"Power Word: Shield",0x2,BUFF
4/28 18:49:19.660  SPELL_DAMAGE,Creature-0-4457-249-1045-10184-000028665C,"Onyxia",0x10a48,0x0,Player-4755-01733879,"Hocwar-Dreadmist",0x40514,0x0,18435,"Flame Breath",0x4,Player-4755-01733879,0000000000000000,48,100,0,0,0,-1,0,0,0,22.22,-218.01,0,3.0887,71,3207,3749,-1,4,0,0,167,nil,nil,nil
4/28 18:49:19.722  SWING_MISSED,Pet-0-4457-249-1045-9622-02002CD5BC,"Bokito",0x1114,0x0,Creature-0-4457-249-1045-10184-000028665C,"Onyxia",0x10a48,0x0,MISS,nil
4/28 18:49:19.722  SPELL_DAMAGE,Player-4755-020BD78D,"Lonehunter-Dreadmist",0x514,0x0,Creature-0-4457-249-1045-10184-000028665C,"Onyxia",0x10a48,0x0,14290,"Multi-Shot",0x1,Creature-0-4457-249-1045-10184-000028665C,0000000000000000,80,100,0,0,0,-1,0,0,0,10.16,-218.04,0,0.0023,63,626,794,-1,1,0,0,0,nil,nil,nil
4/28 18:49:19.736  SWING_DAMAGE,Pet-0-4457-249-1045-2850-01001956F9,"Kratos",0x1114,0x0,Creature-0-4457-249-1045-10184-000028665C,"Onyxia",0x10a48,0x0,Pet-0-4457-249-1045-2850-01001956F9,Player-4755-0178F576,100,100,0,0,0,-1,0,0,0,9.46,-193.00,0,4.7404,66,100,126,-1,1,0,0,0,nil,nil,nil
4/28 18:49:19.736  SPELL_CAST_START,Player-4755-01F36B30,"Rectumqeef-Dreadmist",0x514,0x0,0000000000000000,nil,0x80000000,0x80000000,5019,"Shoot",0x1
4/28 18:49:19.736  SPELL_CAST_SUCCESS,Player-4755-0160BD13,"Mafkees-Dreadmist",0x514,0x0,0000000000000000,nil,0x80000000,0x80000000,1680,"Whirlwind",0x1,Player-4755-0160BD13,0000000000000000,100,100,0,0,0,-1,0,0,0,8.85,-207.78,0,4.8051,64
4/28 18:49:19.736  SPELL_AURA_APPLIED,Player-4755-0160BD13,"Mafkees-Dreadmist",0x514,0x0,Player-4755-0160BD13,"Mafkees-Dreadmist",0x514,0x0,10610,"Windfury Totem",0x8,BUFF
4/28 18:49:19.736  SPELL_EXTRA_ATTACKS,Player-4755-0160BD13,"Mafkees-Dreadmist",0x514,0x0,Player-4755-0160BD13,"Mafkees-Dreadmist",0x514,0x0,10610,"Windfury Totem",0x8,1
4/28 18:49:19.768  SPELL_PERIODIC_DAMAGE,Player-4755-01F36B30,"Rectumqeef-Dreadmist",0x514,0x0,Creature-0-4457-249-1045-10184-000028665C,"Onyxia",0x10a48,0x0,11672,"Corruption",0x20,Creature-0-4457-249-1045-10184-000028665C,0000000000000000,80,100,0,0,0,-1,0,0,0,10.16,-218.04,0,0.0023,63,202,203,-1,32,51,0,0,nil,nil,nil
4/28 18:49:19.768  SPELL_AURA_REFRESH,Player-4755-0160BD13,"Mafkees-Dreadmist",0x514,0x0,Player-4755-0160BD13,"Mafkees-Dreadmist",0x514,0x0,20007,"Holy Strength",0x2,BUFF
4/28 18:49:19.768  SPELL_HEAL,Player-4755-0160BD13,"Mafkees-Dreadmist",0x514,0x0,Player-4755-0160BD13,"Mafkees-Dreadmist",0x514,0x0,20007,"Holy Strength",0x2,Player-4755-0160BD13,0000000000000000,100,100,0,0,0,-1,0,0,0,8.85,-207.78,0,4.8051,64,123,123,123,0,nil
4/28 18:49:19.768  SWING_DAMAGE,Player-4755-0160BD13,"Mafkees-Dreadmist",0x514,0x0,Creature-0-4457-249-1045-10184-000028665C,"Onyxia",0x10a48,0x0,Player-4755-0160BD13,0000000000000000,100,100,0,0,0,-1,0,0,0,8.85,-207.78,0,4.8051,64,570,874,-1,1,0,0,0,nil,1,nil
4/28 18:49:19.768  SPELL_CAST_SUCCESS,Player-4755-01E83279,"Nlmasters-Dreadmist",0x514,0x8,Creature-0-4457-249-1045-10184-000028665C,"Onyxia",0x10a48,0x0,75,"Auto Shot",0x1,Player-4755-01E83279,0000000000000000,100,100,0,0,0,-1,0,0,0,-3.02,-183.55,0,4.7569,70
4/28 18:49:19.768  SPELL_PERIODIC_ENERGIZE,Creature-0-4457-249-1045-7416-0000286C87,"Mana Spring Totem IV",0x2114,0x0,Player-4755-016296D3,"Nivl-Dreadmist",0x514,0x0,10494,"Mana Spring",0x8,Player-4755-016296D3,0000000000000000,100,100,0,0,0,-1,0,0,0,12.99,-204.08,0,4.6027,69,10.0000,0.0000,0,5845
4/28 18:49:19.768  SPELL_PERIODIC_ENERGIZE,Creature-0-4457-249-1045-7416-0000286C87,"Mana Spring Totem IV",0x2114,0x0,Player-4755-0178F576,"Atreas-Dreadmist",0x514,0x0,10494,"Mana Spring",0x8,Player-4755-0178F576,0000000000000000,100,100,0,0,0,-1,0,0,0,6.14,-178.76,0,4.8144,66,10.0000,0.0000,0,3765
4/28 18:49:19.805  SPELL_PERIODIC_HEAL,Player-4755-01FA8DD8,"Roackerita-Dreadmist",0x514,0x0,Player-4755-0220BD00,"Krikoff-Dreadmist",0x40514,0x0,6078,"Renew",0x2,Player-4755-0220BD00,0000000000000000,100,100,0,0,0,-1,0,0,0,10.74,-210.13,0,4.7163,68,236,236,236,0,nil
4/28 18:49:19.805  SPELL_CAST_START,Player-4755-01617EEE,"Fenix-Dreadmist",0x512,0x0,0000000000000000,nil,0x80000000,0x80000000,6064,"Heal",0x2
4/28 18:49:19.835  SPELL_CAST_SUCCESS,Player-4755-0178F576,"Atreas-Dreadmist",0x514,0x0,Creature-0-4457-249-1045-10184-000028665C,"Onyxia",0x10a48,0x0,75,"Auto Shot",0x1,Player-4755-0178F576,0000000000000000,100,100,0,0,0,-1,0,0,0,6.14,-178.76,0,4.8144,66
4/28 18:49:19.867  SPELL_AURA_REMOVED,Player-4755-01AC9FD9,"Alexinho-Dreadmist",0x514,0x0,Player-4755-01AC9FD9,"Alexinho-Dreadmist",0x514,0x0,20007,"Holy Strength",0x2,BUFF
4/28 18:49:19.928  SPELL_CAST_SUCCESS,Player-4755-0163DD9D,"Kaspais-Dreadmist",0x514,0x0,Creature-0-4457-249-1045-10184-000028665C,"Onyxia",0x10a48,0x0,5019,"Shoot",0x1,Player-4755-0163DD9D,0000000000000000,100,100,0,0,0,-1,0,0,0,7.59,-187.13,0,4.8042,66
4/28 18:49:19.986  SPELL_PERIODIC_ENERGIZE,Player-4755-0160BD13,"Mafkees-Dreadmist",0x514,0x0,Player-4755-0160BD13,"Mafkees-Dreadmist",0x514,0x0,29131,"Bloodrage",0x1,Player-4755-0160BD13,0000000000000000,100,100,0,0,0,-1,0,0,0,8.85,-207.78,0,4.8169,64,1.0000,0.0000,1,1000
4/28 18:49:19.986  SPELL_CAST_SUCCESS,Player-4755-01B60A5F,"Zurok-Dreadmist",0x514,0x0,Creature-0-4457-249-1045-10184-000028665C,"Onyxia",0x10a48,0x0,75,"Auto Shot",0x1,Player-4755-01B60A5F,0000000000000000,100,100,0,0,0,-1,0,0,0,14.47,-175.17,0,4.6123,62
4/28 18:49:19.986  SPELL_CAST_START,Player-4755-01B60A5F,"Zurok-Dreadmist",0x514,0x0,0000000000000000,nil,0x80000000,0x80000000,14290,"Multi-Shot",0x1
4/28 18:49:20.002  SPELL_AURA_REMOVED_DOSE,Player-4755-01FA8D0D,"Roackeru-Dreadmist",0x514,0x0,Creature-0-4457-249-1045-10184-000028665C,"Onyxia",0x10a48,0x0,17800,"Shadow Vulnerability",0x20,DEBUFF,2
4/28 18:49:20.002  SPELL_DAMAGE,Player-4755-01614AC7,"Mirrimazduur-Dreadmist",0x512,0x0,Creature-0-4457-249-1045-10184-000028665C,"Onyxia",0x10a48,0x0,11661,"Shadow Bolt",0x20,Creature-0-4457-249-1045-10184-000028665C,0000000000000000,80,100,0,0,0,-1,0,0,0,10.16,-218.04,0,0.0023,63,1115,845,-1,32,0,0,0,nil,nil,nil
4/28 18:49:20.061  SPELL_AURA_APPLIED,Player-4755-01F21AE6,"Blahu-Dreadmist",0x40514,0x0,Player-4755-01F21AE6,"Blahu-Dreadmist",0x40514,0x0,21887,"Warrior's Wrath",0x1,BUFF
4/28 18:49:20.061  SPELL_ENERGIZE,Player-4755-0160BD13,"Mafkees-Dreadmist",0x514,0x0,Player-4755-0160BD13,"Mafkees-Dreadmist",0x514,0x0,12964,"Unbridled Wrath",0x1,Player-4755-0160BD13,0000000000000000,100,100,0,0,0,-1,0,0,0,8.85,-207.78,0,4.8169,64,1.0000,0.0000,1,1000
4/28 18:49:20.061  SPELL_AURA_REMOVED_DOSE,Player-4755-01637B0A,"Pindle-Dreadmist",0x514,0x0,Player-4755-01637B0A,"Pindle-Dreadmist",0x514,0x0,10610,"Windfury Totem",0x8,BUFF,1
4/28 18:49:20.061  SPELL_AURA_REMOVED,Player-4755-01637B0A,"Pindle-Dreadmist",0x514,0x0,Player-4755-01637B0A,"Pindle-Dreadmist",0x514,0x0,10610,"Windfury Totem",0x8,BUFF
4/28 18:49:20.061  SWING_DAMAGE_LANDED,Pet-0-4457-249-1045-2850-01001956F9,"Kratos",0x1114,0x0,Creature-0-4457-249-1045-10184-000028665C,"Onyxia",0x10a48,0x0,Creature-0-4457-249-1045-10184-000028665C,0000000000000000,80,100,0,0,0,-1,0,0,0,10.16,-218.04,0,0.0023,63,100,126,-1,1,0,0,0,nil,nil,nil
4/28 18:49:20.061  SPELL_DAMAGE,Player-4755-0160BD13,"Mafkees-Dreadmist",0x514,0x0,Creature-0-4457-249-1045-10184-000028665C,"Onyxia",0x10a48,0x0,1680,"Whirlwind",0x1,Creature-0-4457-249-1045-10184-000028665C,0000000000000000,80,100,0,0,0,-1,0,0,0,10.16,-218.04,0,0.0023,63,548,695,-1,1,0,0,0,nil,nil,nil
4/28 18:49:20.061  SPELL_DAMAGE,Player-4755-0160BD13,"Mafkees-Dreadmist",0x514,0x0,Creature-0-4457-249-1045-10184-000028665C,"Onyxia",0x10a48,0x0,21140,"Fatal Wound",0x1,Creature-0-4457-249-1045-10184-000028665C,0000000000000000,80,100,0,0,0,-1,0,0,0,10.16,-218.04,0,0.0023,63,231,293,-1,1,0,0,0,nil,nil,nil
4/28 18:49:20.061  SWING_DAMAGE_LANDED,Player-4755-0160BD13,"Mafkees-Dreadmist",0x514,0x0,Creature-0-4457-249-1045-10184-000028665C,"Onyxia",0x10a48,0x0,Creature-0-4457-249-1045-10184-000028665C,0000000000000000,80,100,0,0,0,-1,0,0,0,10.16,-218.04,0,0.0023,63,570,874,-1,1,0,0,0,nil,1,nil
4/28 18:49:20.061  SWING_DAMAGE,Player-4755-01A6B139,"Sakatan-Dreadmist",0x514,0x0,Creature-0-4457-249-1045-10184-000028665C,"Onyxia",0x10a48,0x0,Player-4755-01A6B139,0000000000000000,100,100,0,0,0,-1,0,0,0,9.54,-199.57,0,5.0548,69,231,143,-1,1,0,0,0,1,nil,nil
4/28 18:49:20.061  SWING_DAMAGE,Player-4755-01733879,"Hocwar-Dreadmist",0x40514,0x0,Creature-0-4457-249-1045-10184-000028665C,"Onyxia",0x10a48,0x0,Player-4755-01733879,0000000000000000,48,100,0,0,0,-1,0,0,0,22.22,-218.01,0,3.0887,71,102,146,-1,1,0,0,0,nil,1,nil
4/28 18:49:20.158  SPELL_CAST_START,Player-4755-01802FE5,"Angrybat-Dreadmist",0x514,0x0,0000000000000000,nil,0x80000000,0x80000000,5019,"Shoot",0x1
4/28 18:49:20.217  SPELL_CAST_SUCCESS,Player-4755-021D6506,"Bloodlady-Dreadmist",0x514,0x0,0000000000000000,nil,0x80000000,0x80000000,10058,"Replenish Mana",0x1,Player-4755-021D6506,0000000000000000,100,100,0,0,0,-1,0,0,0,-3.08,-183.56,0,5.4193,69
4/28 18:49:20.232  SPELL_CAST_SUCCESS,Player-4755-016296D3,"Nivl-Dreadmist",0x514,0x0,Creature-0-4457-249-1045-10184-000028665C,"Onyxia",0x10a48,0x0,15208,"Lightning Bolt",0x8,Player-4755-016296D3,0000000000000000,100,100,0,0,0,-1,0,0,0,12.99,-204.08,0,4.6027,69
4/28 18:49:20.232  SPELL_CAST_START,Player-4755-016296D3,"Nivl-Dreadmist",0x514,0x0,0000000000000000,nil,0x80000000,0x80000000,15208,"Lightning Bolt",0x8
4/28 18:49:20.232  SPELL_CAST_SUCCESS,Player-4755-01F36B30,"Rectumqeef-Dreadmist",0x514,0x0,Creature-0-4457-249-1045-10184-000028665C,"Onyxia",0x10a48,0x0,5019,"Shoot",0x1,Player-4755-01F36B30,0000000000000000,100,100,0,0,0,-1,0,0,0,11.80,-188.94,0,4.6184,66
4/28 18:49:20.232  SPELL_CAST_SUCCESS,Player-4755-01FA8DD8,"Roackerita-Dreadmist",0x514,0x0,Player-4755-01614AC7,"Mirrimazduur-Dreadmist",0x512,0x0,6078,"Renew",0x2,Player-4755-01FA8DD8,0000000000000000,100,100,0,0,0,-1,0,0,0,3.53,-182.84,0,4.9951,69
4/28 18:49:20.335  SPELL_CAST_START,Player-4755-015FEBD5,"Sauvage-Dreadmist",0x514,0x0,0000000000000000,nil,0x80000000,0x80000000,10181,"Frostbolt",0x10
4/28 18:49:20.373  SPELL_DAMAGE,Player-4755-021D6506,"Bloodlady-Dreadmist",0x514,0x0,Creature-0-4457-249-1045-10184-000028665C,"Onyxia",0x10a48,0x0,10181,"Frostbolt",0x10,Creature-0-4457-249-1045-10184-000028665C,0000000000000000,80,100,0,0,0,-1,0,0,0,10.16,-218.04,0,0.0023,63,1008,915,-1,16,0,0,0,nil,nil,nil
4/28 18:49:20.401  SWING_DAMAGE,Player-4755-01A6B139,"Sakatan-Dreadmist",0x514,0x0,Creature-0-4457-249-1045-10184-000028665C,"Onyxia",0x10a48,0x0,Player-4755-01A6B139,0000000000000000,100,100,0,0,0,-1,0,0,0,9.54,-199.57,0,5.0548,69,165,220,-1,1,0,0,0,nil,1,nil
4/28 18:49:20.425  RANGE_DAMAGE,Player-4755-020BD78D,"Lonehunter-Dreadmist",0x514,0x0,Creature-0-4457-249-1045-10184-000028665C,"Onyxia",0x10a48,0x0,75,"Auto Shot",0x1,Creature-0-4457-249-1045-10184-000028665C,0000000000000000,80,100,0,0,0,-1,0,0,0,10.16,-218.04,0,0.0023,63,444,562,-1,1,0,0,0,nil,nil,nil
4/28 18:49:20.440  SPELL_CAST_SUCCESS,Player-4755-01B60A5F,"Zurok-Dreadmist",0x514,0x0,Creature-0-4457-249-1045-10184-000028665C,"Onyxia",0x10a48,0x0,14290,"Multi-Shot",0x1,Player-4755-01B60A5F,0000000000000000,100,100,0,0,0,-1,0,0,0,14.47,-175.17,0,4.6123,62
4/28 18:49:20.440  SWING_DAMAGE,Player-4755-01AC9FD9,"Alexinho-Dreadmist",0x514,0x0,Creature-0-4457-249-1045-10184-000028665C,"Onyxia",0x10a48,0x0,Player-4755-01AC9FD9,0000000000000000,100,100,0,0,0,-1,0,0,0,14.04,-202.29,0,4.4934,66,575,357,-1,1,0,0,0,1,nil,nil
4/28 18:49:20.458  SPELL_HEAL,Player-4755-0160BD13,"Mafkees-Dreadmist",0x514,0x0,Player-4755-0160BD13,"Mafkees-Dreadmist",0x514,0x0,23891,"Bloodthirst",0x1,Player-4755-0160BD13,0000000000000000,100,100,0,0,0,-1,0,0,0,8.85,-207.78,0,4.8051,64,20,20,20,0,nil
4/28 18:49:20.458  SPELL_AURA_REMOVED,Player-4755-0160BD13,"Mafkees-Dreadmist",0x514,0x0,Player-4755-0160BD13,"Mafkees-Dreadmist",0x514,0x0,23888,"Bloodthirst",0x1,BUFF
4/28 18:49:20.458  SPELL_AURA_REMOVED_DOSE,Player-4755-0160BD13,"Mafkees-Dreadmist",0x514,0x0,Player-4755-0160BD13,"Mafkees-Dreadmist",0x514,0x0,10610,"Windfury Totem",0x8,BUFF,1
4/28 18:49:20.458  SWING_DAMAGE_LANDED,Player-4755-01A6B139,"Sakatan-Dreadmist",0x514,0x0,Creature-0-4457-249-1045-10184-000028665C,"Onyxia",0x10a48,0x0,Creature-0-4457-249-1045-10184-000028665C,0000000000000000,80,100,0,0,0,-1,0,0,0,10.16,-218.04,0,0.0023,63,231,143,-1,1,0,0,0,1,nil,nil
4/28 18:49:20.458  SWING_DAMAGE_LANDED,Player-4755-01733879,"Hocwar-Dreadmist",0x40514,0x0,Creature-0-4457-249-1045-10184-000028665C,"Onyxia",0x10a48,0x0,Creature-0-4457-249-1045-10184-000028665C,0000000000000000,80,100,0,0,0,-1,0,0,0,10.16,-218.04,0,0.0023,63,102,146,-1,1,0,0,0,nil,1,nil
4/28 18:49:20.479  SPELL_ENERGIZE,Player-4755-021D6506,"Bloodlady-Dreadmist",0x514,0x0,Player-4755-021D6506,"Bloodlady-Dreadmist",0x514,0x0,10058,"Replenish Mana",0x1,Player-4755-021D6506,0000000000000000,100,100,0,0,0,-1,0,0,0,-4.56,-184.82,0,5.4193,69,1188.0000,0.0000,0,6933
4/28 18:49:20.479  SPELL_AURA_APPLIED,Player-4755-01FA8DD8,"Roackerita-Dreadmist",0x514,0x0,Player-4755-01614AC7,"Mirrimazduur-Dreadmist",0x512,0x0,6078,"Renew",0x2,BUFF
4/28 18:49:20.479  SWING_DAMAGE_LANDED,Player-4755-01A6B139,"Sakatan-Dreadmist",0x514,0x0,Creature-0-4457-249-1045-10184-000028665C,"Onyxia",0x10a48,0x0,Creature-0-4457-249-1045-10184-000028665C,0000000000000000,80,100,0,0,0,-1,0,0,0,10.16,-218.04,0,0.0023,63,165,220,-1,1,0,0,0,nil,1,nil
4/28 18:49:20.479  SWING_DAMAGE_LANDED,Player-4755-01AC9FD9,"Alexinho-Dreadmist",0x514,0x0,Creature-0-4457-249-1045-10184-000028665C,"Onyxia",0x10a48,0x0,Creature-0-4457-249-1045-10184-000028665C,0000000000000000,80,100,0,0,0,-1,0,0,0,10.16,-218.04,0,0.0023,63,575,357,-1,1,0,0,0,1,nil,nil
4/28 18:49:20.479  SPELL_CAST_START,Player-4755-020BD78D,"Lonehunter-Dreadmist",0x514,0x0,0000000000000000,nil,0x80000000,0x80000000,75,"Auto Shot",0x1
4/28 18:49:20.511  SPELL_AURA_REMOVED_DOSE,Player-4755-01FA8D0D,"Roackeru-Dreadmist",0x514,0x0,Creature-0-4457-249-1045-10184-000028665C,"Onyxia",0x10a48,0x0,17800,"Shadow Vulnerability",0x20,DEBUFF,1
4/28 18:49:20.511  SPELL_DAMAGE,Player-4755-01FA8D0D,"Roackeru-Dreadmist",0x514,0x0,Creature-0-4457-249-1045-10184-000028665C,"Onyxia",0x10a48,0x0,11661,"Shadow Bolt",0x20,Creature-0-4457-249-1045-10184-000028665C,0000000000000000,80,100,0,0,0,-1,0,0,0,10.16,-218.04,0,0.0023,63,1183,896,-1,32,0,0,0,nil,nil,nil
4/28 18:49:20.511  SPELL_CAST_SUCCESS,Player-4755-0178F416,"Eltorero-Dreadmist",0x514,0x0,Creature-0-4457-249-1045-10184-000028665C,"Onyxia",0x10a48,0x0,23894,"Bloodthirst",0x1,Player-4755-0178F416,0000000000000000,100,100,0,0,0,-1,0,0,0,7.97,-204.93,0,4.8095,67
4/28 18:49:20.543  SPELL_CAST_SUCCESS,Player-4755-01733879,"Hocwar-Dreadmist",0x40514,0x0,Creature-0-4457-249-1045-10184-000028665C,"Onyxia",0x10a48,0x0,11601,"Revenge",0x1,Player-4755-01733879,0000000000000000,48,100,0,0,0,-1,0,0,0,22.22,-218.01,0,3.0887,71
4/28 18:49:20.635  SWING_DAMAGE,Player-4755-01637B0A,"Pindle-Dreadmist",0x514,0x0,Creature-0-4457-249-1045-10184-000028665C,"Onyxia",0x10a48,0x0,Player-4755-01637B0A,0000000000000000,100,100,0,0,0,-1,0,0,0,8.72,-208.37,0,4.9416,65,199,124,-1,1,0,0,0,1,nil,nil
4/28 18:49:20.666  SPELL_CAST_SUCCESS,Player-4755-01802FE5,"Angrybat-Dreadmist",0x514,0x0,Creature-0-4457-249-1045-10184-000028665C,"Onyxia",0x10a48,0x0,5019,"Shoot",0x1,Player-4755-01802FE5,0000000000000000,100,100,0,0,0,-1,0,0,0,12.10,-180.84,0,4.5665,66
4/28 18:49:20.701  SPELL_CAST_SUCCESS,Player-4755-020BD78D,"Lonehunter-Dreadmist",0x514,0x0,Creature-0-4457-249-1045-10184-000028665C,"Onyxia",0x10a48,0x0,75,"Auto Shot",0x1,Player-4755-020BD78D,0000000000000000,100,100,0,0,0,-1,0,0,0,1.62,-179.46,0,4.9304,70
4/28 18:49:20.701  RANGE_DAMAGE,Player-4755-01E83279,"Nlmasters-Dreadmist",0x514,0x8,Creature-0-4457-249-1045-10184-000028665C,"Onyxia",0x10a48,0x0,75,"Auto Shot",0x1,Creature-0-4457-249-1045-10184-000028665C,0000000000000000,80,100,0,0,0,-1,0,0,0,10.16,-218.04,0,0.0023,63,344,436,-1,1,0,0,0,nil,nil,nil
4/28 18:49:20.701  SWING_MISSED,Player-4755-01F21AE6,"Blahu-Dreadmist",0x40514,0x0,Creature-0-4457-249-1045-10184-000028665C,"Onyxia",0x10a48,0x0,MISS,1
4/28 18:49:20.701  SPELL_CAST_START,Player-4755-021D6506,"Bloodlady-Dreadmist",0x514,0x0,0000000000000000,nil,0x80000000,0x80000000,10181,"Frostbolt",0x10
4/28 18:49:20.737  SWING_DAMAGE,Pet-0-4457-249-1045-2850-01001956F9,"Kratos",0x1114,0x0,Creature-0-4457-249-1045-10184-000028665C,"Onyxia",0x10a48,0x0,Pet-0-4457-249-1045-2850-01001956F9,Player-4755-0178F576,100,100,0,0,0,-1,0,0,0,9.46,-193.00,0,4.7404,66,96,121,-1,1,0,0,0,nil,nil,nil
4/28 18:49:20.806  SPELL_PERIODIC_HEAL,Player-4755-01FA8DD8,"Roackerita-Dreadmist",0x514,0x0,Player-4755-01F21AE6,"Blahu-Dreadmist",0x40514,0x0,6078,"Renew",0x2,Player-4755-01F21AE6,0000000000000000,100,100,0,0,0,-1,0,0,0,13.36,-210.14,0,4.6774,70,235,235,235,0,nil
4/28 18:49:20.824  SPELL_CAST_SUCCESS,Player-4755-01804B95,"Moymoy-Dreadmist",0x514,0x0,Player-4755-01733879,"Hocwar-Dreadmist",0x40514,0x0,939,"Healing Wave",0x8,Player-4755-01804B95,0000000000000000,100,100,0,0,0,-1,0,0,0,13.26,-186.32,0,4.8801,66
4/28 18:49:20.824  SPELL_CAST_START,Player-4755-01804B95,"Moymoy-Dreadmist",0x514,0x0,0000000000000000,nil,0x80000000,0x80000000,939,"Healing Wave",0x8
4/28 18:49:20.849  RANGE_DAMAGE,Player-4755-0178F576,"Atreas-Dreadmist",0x514,0x0,Creature-0-4457-249-1045-10184-000028665C,"Onyxia",0x10a48,0x0,75,"Auto Shot",0x1,Creature-0-4457-249-1045-10184-000028665C,0000000000000000,80,100,0,0,0,-1,0,0,0,10.16,-218.04,0,0.0023,63,428,543,-1,1,0,0,0,nil,nil,nil
4/28 18:49:20.849  SWING_DAMAGE,Player-4755-01733879,"Hocwar-Dreadmist",0x40514,0x0,Creature-0-4457-249-1045-10184-000028665C,"Onyxia",0x10a48,0x0,Player-4755-01733879,0000000000000000,48,100,0,0,0,-1,0,0,0,22.22,-218.01,0,3.0887,71,194,304,-1,1,0,46,0,nil,nil,nil
4/28 18:49:20.868  SPELL_CAST_SUCCESS,Pet-0-4457-249-1045-7456-03003178E8,"Owl",0x1114,0x0,Creature-0-4457-249-1045-10184-000028665C,"Onyxia",0x10a48,0x0,24579,"Screech",0x1,Pet-0-4457-249-1045-7456-03003178E8,Player-4755-01B60A5F,100,100,0,0,0,-1,0,0,0,14.31,-193.80,0,4.5427,62
4/28 18:49:20.868  SPELL_DAMAGE,Player-4755-0178F416,"Eltorero-Dreadmist",0x514,0x0,Creature-0-4457-249-1045-10184-000028665C,"Onyxia",0x10a48,0x0,23894,"Bloodthirst",0x1,Creature-0-4457-249-1045-10184-000028665C,0000000000000000,79,100,0,0,0,-1,0,0,0,10.16,-218.04,0,0.0023,63,578,733,-1,1,0,0,0,nil,nil,nil
4/28 18:49:20.868  SPELL_AURA_APPLIED_DOSE,Player-4755-0178F416,"Eltorero-Dreadmist",0x514,0x0,Player-4755-0178F416,"Eltorero-Dreadmist",0x514,0x0,23888,"Bloodthirst",0x1,BUFF,5
4/28 18:49:20.893  SPELL_DAMAGE,Player-4755-01733879,"Hocwar-Dreadmist",0x40514,0x0,Creature-0-4457-249-1045-10184-000028665C,"Onyxia",0x10a48,0x0,11601,"Revenge",0x1,Creature-0-4457-249-1045-10184-000028665C,0000000000000000,79,100,0,0,0,-1,0,0,0,10.16,-218.04,0,0.0023,63,54,67,-1,1,0,0,0,nil,nil,nil
4/28 18:49:20.893  SWING_DAMAGE_LANDED,Player-4755-01637B0A,"Pindle-Dreadmist",0x514,0x0,Creature-0-4457-249-1045-10184-000028665C,"Onyxia",0x10a48,0x0,Creature-0-4457-249-1045-10184-000028665C,0000000000000000,79,100,0,0,0,-1,0,0,0,10.16,-218.04,0,0.0023,63,199,124,-1,1,0,0,0,1,nil,nil
4/28 18:49:20.893  SPELL_DAMAGE,Player-4755-01637B0A,"Pindle-Dreadmist",0x514,0x0,Creature-0-4457-249-1045-10184-000028665C,"Onyxia",0x10a48,0x0,11337,"Instant Poison VI",0x8,Creature-0-4457-249-1045-10184-000028665C,0000000000000000,79,100,0,0,0,-1,0,0,0,10.16,-218.04,0,0.0023,63,145,144,-1,8,0,0,0,nil,nil,nil
4/28 18:49:20.893  SWING_DAMAGE_LANDED,Pet-0-4457-249-1045-2850-01001956F9,"Kratos",0x1114,0x0,Creature-0-4457-249-1045-10184-000028665C,"Onyxia",0x10a48,0x0,Creature-0-4457-249-1045-10184-000028665C,0000000000000000,79,100,0,0,0,-1,0,0,0,10.16,-218.04,0,0.0023,63,96,121,-1,1,0,0,0,nil,nil,nil
4/28 18:49:20.893  SPELL_HEAL,Player-4755-01804B95,"Moymoy-Dreadmist",0x514,0x0,Player-4755-01733879,"Hocwar-Dreadmist",0x40514,0x0,939,"Healing Wave",0x8,Player-4755-01733879,0000000000000000,64,100,0,0,0,-1,0,0,0,22.22,-218.01,0,3.0887,71,986,986,0,0,nil
4/28 18:49:20.893  SWING_DAMAGE_LANDED,Player-4755-01733879,"Hocwar-Dreadmist",0x40514,0x0,Creature-0-4457-249-1045-10184-000028665C,"Onyxia",0x10a48,0x0,Creature-0-4457-249-1045-10184-000028665C,0000000000000000,79,100,0,0,0,-1,0,0,0,10.16,-218.04,0,0.0023,63,194,304,-1,1,0,0,0,nil,nil,nil
4/28 18:49:20.893  SPELL_DAMAGE,Pet-0-4457-249-1045-7456-03003178E8,"Owl",0x1114,0x0,Creature-0-4457-249-1045-10184-000028665C,"Onyxia",0x10a48,0x0,24579,"Screech",0x1,Creature-0-4457-249-1045-10184-000028665C,0000000000000000,79,100,0,0,0,-1,0,0,0,10.16,-218.04,0,0.0023,63,39,49,-1,1,0,0,0,nil,nil,nil
4/28 18:49:20.893  SPELL_AURA_APPLIED,Pet-0-4457-249-1045-7456-03003178E8,"Owl",0x1114,0x0,Creature-0-4457-249-1045-10184-000028665C,"Onyxia",0x10a48,0x0,24579,"Screech",0x1,DEBUFF
4/28 18:49:20.893  SWING_MISSED,Player-4755-01AC9FD9,"Alexinho-Dreadmist",0x514,0x0,Creature-0-4457-249-1045-10184-000028665C,"Onyxia",0x10a48,0x0,DODGE,1
4/28 18:49:20.934  SWING_DAMAGE,Player-4755-01637B0A,"Pindle-Dreadmist",0x514,0x0,Creature-0-4457-249-1045-10184-000028665C,"Onyxia",0x10a48,0x0,Player-4755-01637B0A,0000000000000000,100,100,0,0,0,-1,0,0,0,8.72,-208.37,0,4.9416,65,158,200,-1,1,0,0,0,nil,nil,nil
4/28 18:49:20.934  SPELL_CAST_START,Player-4755-0163DD9D,"Kaspais-Dreadmist",0x514,0x0,0000000000000000,nil,0x80000000,0x80000000,5019,"Shoot",0x1
4/28 18:49:20.951  SPELL_AURA_APPLIED,Player-4755-0178F416,"Eltorero-Dreadmist",0x514,0x0,Player-4755-0178F416,"Eltorero-Dreadmist",0x514,0x0,10610,"Windfury Totem",0x8,BUFF
4/28 18:49:20.951  SPELL_EXTRA_ATTACKS,Player-4755-0178F416,"Eltorero-Dreadmist",0x514,0x0,Player-4755-0178F416,"Eltorero-Dreadmist",0x514,0x0,10610,"Windfury Totem",0x8,1
4/28 18:49:20.951  SWING_DAMAGE,Player-4755-0178F416,"Eltorero-Dreadmist",0x514,0x0,Creature-0-4457-249-1045-10184-000028665C,"Onyxia",0x10a48,0x0,Player-4755-0178F416,0000000000000000,100,100,0,0,0,-1,0,0,0,7.97,-204.93,0,4.8095,67,617,783,-1,1,0,0,0,nil,nil,nil
4/28 18:49:20.951  SPELL_DAMAGE,Player-4755-016296D3,"Nivl-Dreadmist",0x514,0x0,Creature-0-4457-249-1045-10184-000028665C,"Onyxia",0x10a48,0x0,15208,"Lightning Bolt",0x8,Creature-0-4457-249-1045-10184-000028665C,0000000000000000,79,100,0,0,0,-1,0,0,0,10.16,-218.04,0,0.0023,63,1108,553,-1,8,0,0,0,1,nil,nil
4/28 18:49:20.951  SWING_DAMAGE,Player-4755-0178F416,"Eltorero-Dreadmist",0x514,0x0,Creature-0-4457-249-1045-10184-000028665C,"Onyxia",0x10a48,0x0,Player-4755-0178F416,0000000000000000,100,100,0,0,0,-1,0,0,0,7.97,-204.93,0,4.8095,67,370,778,-1,1,0,0,0,nil,1,nil
4/28 18:49:21.005  SWING_DAMAGE,Player-4755-01F21AE6,"Blahu-Dreadmist",0x40514,0x0,Creature-0-4457-249-1045-10184-000028665C,"Onyxia",0x10a48,0x0,Player-4755-01F21AE6,0000000000000000,100,100,0,0,0,-1,0,0,0,13.36,-210.14,0,4.6774,70,602,382,-1,1,0,0,0,1,nil,nil
4/28 18:49:21.005  SPELL_PERIODIC_ENERGIZE,Player-4755-0160BD13,"Mafkees-Dreadmist",0x514,0x0,Player-4755-0160BD13,"Mafkees-Dreadmist",0x514,0x0,29131,"Bloodrage",0x1,Player-4755-0160BD13,0000000000000000,100,100,0,0,0,-1,0,0,0,8.85,-207.78,0,4.8208,64,1.0000,0.0000,1,1000
4/28 18:49:21.069  SPELL_CAST_SUCCESS,Player-4755-01614AC7,"Mirrimazduur-Dreadmist",0x512,0x0,0000000000000000,nil,0x80000000,0x80000000,11689,"Life Tap",0x20,Player-4755-01614AC7,0000000000000000,50,100,0,0,0,-1,0,0,0,-1.52,-178.92,0,4.9074,68
4/28 18:49:21.069  RANGE_DAMAGE,Player-4755-01B60A5F,"Zurok-Dreadmist",0x514,0x0,Creature-0-4457-249-1045-10184-000028665C,"Onyxia",0x10a48,0x0,75,"Auto Shot",0x1,Creature-0-4457-249-1045-10184-000028665C,0000000000000000,79,100,0,0,0,-1,0,0,0,10.16,-218.04,0,0.0023,63,377,478,-1,1,0,0,0,nil,nil,nil
4/28 18:49:21.119  SPELL_CAST_START,Player-4755-01BC57A3,"Saintis-Dreadmist",0x511,0x0,0000000000000000,nil,0x80000000,0x80000000,10917,"Flash Heal",0x2
4/28 18:49:21.138  SPELL_CAST_SUCCESS,Player-4755-01FA8D0D,"Roackeru-Dreadmist",0x514,0x0,Creature-0-4457-249-1045-10184-000028665C,"Onyxia",0x10a48,0x0,11661,"Shadow Bolt",0x20,Player-4755-01FA8D0D,0000000000000000,100,100,0,0,0,-1,0,0,0,14.13,-180.96,0,4.6613,65
4/28 18:49:21.138  SPELL_CAST_START,Player-4755-01FA8D0D,"Roackeru-Dreadmist",0x514,0x0,0000000000000000,nil,0x80000000,0x80000000,11661,"Shadow Bolt",0x20
4/28 18:49:21.234  SWING_MISSED,Pet-0-4457-249-1045-7456-03003178E8,"Owl",0x1114,0x0,Creature-0-4457-249-1045-10184-000028665C,"Onyxia",0x10a48,0x0,PARRY,nil
4/28 18:49:21.234  SPELL_CAST_START,Player-4755-01F36B30,"Rectumqeef-Dreadmist",0x514,0x0,0000000000000000,nil,0x80000000,0x80000000,5019,"Shoot",0x1
4/28 18:49:21.251  SPELL_AURA_REMOVED,Player-4755-0160BD13,"Mafkees-Dreadmist",0x514,0x0,Player-4755-0160BD13,"Mafkees-Dreadmist",0x514,0x0,10610,"Windfury Totem",0x8,BUFF
4/28 18:49:21.272  SPELL_AURA_REMOVED_DOSE,Player-4755-0178F416,"Eltorero-Dreadmist",0x514,0x0,Player-4755-0178F416,"Eltorero-Dreadmist",0x514,0x0,23888,"Bloodthirst",0x1,BUFF,4
4/28 18:49:21.272  SPELL_HEAL,Player-4755-0178F416,"Eltorero-Dreadmist",0x514,0x0,Player-4755-0178F416,"Eltorero-Dreadmist",0x514,0x0,23891,"Bloodthirst",0x1,Player-4755-0178F416,0000000000000000,100,100,0,0,0,-1,0,0,0,7.97,-204.93,0,4.8095,67,20,20,20,0,nil
4/28 18:49:21.272  SWING_DAMAGE_LANDED,Player-4755-01637B0A,"Pindle-Dreadmist",0x514,0x0,Creature-0-4457-249-1045-10184-000028665C,"Onyxia",0x10a48,0x0,Creature-0-4457-249-1045-10184-000028665C,0000000000000000,79,100,0,0,0,-1,0,0,0,10.16,-218.04,0,0.0023,63,158,200,-1,1,0,0,0,nil,nil,nil
4/28 18:49:21.272  SWING_DAMAGE_LANDED,Player-4755-0178F416,"Eltorero-Dreadmist",0x514,0x0,Creature-0-4457-249-1045-10184-000028665C,"Onyxia",0x10a48,0x0,Creature-0-4457-249-1045-10184-000028665C,0000000000000000,79,100,0,0,0,-1,0,0,0,10.16,-218.04,0,0.0023,63,617,783,-1,1,0,0,0,nil,nil,nil
4/28 18:49:21.272  SWING_DAMAGE_LANDED,Player-4755-0178F416,"Eltorero-Dreadmist",0x514,0x0,Creature-0-4457-249-1045-10184-000028665C,"Onyxia",0x10a48,0x0,Creature-0-4457-249-1045-10184-000028665C,0000000000000000,79,100,0,0,0,-1,0,0,0,10.16,-218.04,0,0.0023,63,370,778,-1,1,0,0,0,nil,1,nil
4/28 18:49:21.272  SWING_DAMAGE_LANDED,Player-4755-01F21AE6,"Blahu-Dreadmist",0x40514,0x0,Creature-0-4457-249-1045-10184-000028665C,"Onyxia",0x10a48,0x0,Creature-0-4457-249-1045-10184-000028665C,0000000000000000,79,100,0,0,0,-1,0,0,0,10.16,-218.04,0,0.0023,63,602,382,-1,1,0,0,0,1,nil,nil
4/28 18:49:21.272  SPELL_ENERGIZE,Player-4755-01614AC7,"Mirrimazduur-Dreadmist",0x512,0x0,Player-4755-01614AC7,"Mirrimazduur-Dreadmist",0x512,0x0,31818,"Life Tap",0x20,Player-4755-01614AC7,0000000000000000,50,100,0,0,0,-1,0,0,0,-1.52,-178.92,0,4.9074,68,856.0000,0.0000,0,5098
4/28 18:49:21.272  SWING_DAMAGE,Player-4755-01840577,"Raggèn-Dreadmist",0x514,0x0,Creature-0-4457-249-1045-10184-000028665C,"Onyxia",0x10a48,0x0,Player-4755-01840577,0000000000000000,100,100,0,0,0,-1,0,0,0,11.90,-207.70,0,4.7038,67,457,580,-1,1,0,0,0,nil,nil,nil
4/28 18:49:21.354  SPELL_CAST_START,Player-4755-02045EF4,"Necrosini-Dreadmist",0x512,0x0,0000000000000000,nil,0x80000000,0x80000000,2054,"Heal",0x2
4/28 18:49:21.427  SWING_MISSED,Player-4755-01A6B139,"Sakatan-Dreadmist",0x514,0x0,Creature-0-4457-249-1045-10184-000028665C,"Onyxia",0x10a48,0x0,MISS,1
4/28 18:49:21.444  SPELL_CAST_SUCCESS,Player-4755-0160BD13,"Mafkees-Dreadmist",0x514,0x0,0000000000000000,nil,0x80000000,0x80000000,20572,"Blood Fury",0x1,Player-4755-0160BD13,0000000000000000,100,100,0,0,0,-1,0,0,0,8.85,-207.78,0,4.8208,64
4/28 18:49:21.487  RANGE_DAMAGE,Player-4755-0163DD9D,"Kaspais-Dreadmist",0x514,0x0,Creature-0-4457-249-1045-10184-000028665C,"Onyxia",0x10a48,0x0,5019,"Shoot",0x1,Creature-0-4457-249-1045-10184-000028665C,0000000000000000,79,100,0,0,0,-1,0,0,0,10.16,-218.04,0,0.0023,63,167,151,-1,16,0,0,0,nil,nil,nil
4/28 18:49:21.487  SPELL_CAST_SUCCESS,Player-4755-01A6B139,"Sakatan-Dreadmist",0x514,0x0,Creature-0-4457-249-1045-10184-000028665C,"Onyxia",0x10a48,0x0,11281,"Backstab",0x1,Player-4755-01A6B139,0000000000000000,100,100,0,0,0,-1,0,0,0,9.54,-199.57,0,5.0548,69
4/28 18:49:21.537  SPELL_CAST_SUCCESS,Player-4755-0210153A,"Hapuseneb-Dreadmist",0x514,0x0,Player-4755-01733879,"Hocwar-Dreadmist",0x40514,0x0,2053,"Lesser Heal",0x2,Player-4755-0210153A,0000000000000000,100,100,0,0,0,-1,0,0,0,16.09,-197.11,0,4.4807,66
4/28 18:49:21.589  SPELL_PERIODIC_ENERGIZE,Creature-0-4457-249-1045-7416-0000286C79,"Mana Spring Totem IV",0x2114,0x0,Player-4755-01804B95,"Moymoy-Dreadmist",0x514,0x0,10494,"Mana Spring",0x8,Player-4755-01804B95,0000000000000000,100,100,0,0,0,-1,0,0,0,13.26,-186.32,0,4.8801,66,12.0000,0.0000,0,5366
4/28 18:49:21.589  SPELL_PERIODIC_ENERGIZE,Creature-0-4457-249-1045-7416-0000286C79,"Mana Spring Totem IV",0x2114,0x0,Player-4755-01FA8DD8,"Roackerita-Dreadmist",0x514,0x0,10494,"Mana Spring",0x8,Player-4755-01FA8DD8,0000000000000000,100,100,0,0,0,-1,0,0,0,3.53,-182.84,0,4.9951,69,12.0000,0.0000,0,6736
4/28 18:49:21.589  SPELL_PERIODIC_ENERGIZE,Creature-0-4457-249-1045-7416-0000286C79,"Mana Spring Totem IV",0x2114,0x0,Player-4755-0210153A,"Hapuseneb-Dreadmist",0x514,0x0,10494,"Mana Spring",0x8,Player-4755-0210153A,0000000000000000,100,100,0,0,0,-1,0,0,0,16.09,-197.11,0,4.4807,66,13.0000,0.0000,0,6736
4/28 18:49:21.589  SPELL_PERIODIC_ENERGIZE,Creature-0-4457-249-1045-7416-0000286C79,"Mana Spring Totem IV",0x2114,0x0,Player-4755-01ED7A64,"Sperzieboon-Dreadmist",0x514,0x0,10494,"Mana Spring",0x8,Player-4755-01ED7A64,0000000000000000,100,100,0,0,0,-1,0,0,0,13.03,-190.57,0,4.7271,67,12.0000,0.0000,0,7261
4/28 18:49:21.589  SPELL_PERIODIC_ENERGIZE,Creature-0-4457-249-1045-7416-0000286C79,"Mana Spring Totem IV",0x2114,0x0,Player-4755-015FEBD5,"Sauvage-Dreadmist",0x514,0x0,10494,"Mana Spring",0x8,Player-4755-015FEBD5,0000000000000000,100,100,0,0,0,-1,0,0,0,16.86,-186.07,0,4.5812,64,12.0000,0.0000,0,6158
4/28 18:49:21.668  SWING_DAMAGE,Player-4755-01733879,"Hocwar-Dreadmist",0x40514,0x0,Creature-0-4457-249-1045-10184-000028665C,"Onyxia",0x10a48,0x0,Player-4755-01733879,0000000000000000,64,100,0,0,0,-1,0,0,0,22.22,-218.01,0,3.0887,71,249,158,-1,1,0,0,0,1,nil,nil
4/28 18:49:21.688  SPELL_CAST_START,Player-4755-01802FE5,"Angrybat-Dreadmist",0x514,0x0,0000000000000000,nil,0x80000000,0x80000000,5019,"Shoot",0x1
4/28 18:49:21.688  SPELL_AURA_REMOVED_DOSE,Player-4755-0178F416,"Eltorero-Dreadmist",0x514,0x0,Player-4755-0178F416,"Eltorero-Dreadmist",0x514,0x0,10610,"Windfury Totem",0x8,BUFF,1
4/28 18:49:21.688  SPELL_AURA_REMOVED_DOSE,Player-4755-0178F416,"Eltorero-Dreadmist",0x514,0x0,Player-4755-0178F416,"Eltorero-Dreadmist",0x514,0x0,12970,"Flurry",0x1,BUFF,2
4/28 18:49:21.688  SPELL_AURA_REMOVED_DOSE,Player-4755-0178F416,"Eltorero-Dreadmist",0x514,0x0,Player-4755-0178F416,"Eltorero-Dreadmist",0x514,0x0,23888,"Bloodthirst",0x1,BUFF,3
4/28 18:49:21.688  SPELL_HEAL,Player-4755-0178F416,"Eltorero-Dreadmist",0x514,0x0,Player-4755-0178F416,"Eltorero-Dreadmist",0x514,0x0,23891,"Bloodthirst",0x1,Player-4755-0178F416,0000000000000000,100,100,0,0,0,-1,0,0,0,7.56,-204.97,0,4.8095,67,20,20,20,0,nil
4/28 18:49:21.688  SPELL_AURA_REMOVED_DOSE,Player-4755-0178F416,"Eltorero-Dreadmist",0x514,0x0,Player-4755-0178F416,"Eltorero-Dreadmist",0x514,0x0,12970,"Flurry",0x1,BUFF,1
4/28 18:49:21.688  SPELL_AURA_REMOVED_DOSE,Player-4755-0178F416,"Eltorero-Dreadmist",0x514,0x0,Player-4755-0178F416,"Eltorero-Dreadmist",0x514,0x0,23888,"Bloodthirst",0x1,BUFF,2
4/28 18:49:21.688  SPELL_HEAL,Player-4755-0178F416,"Eltorero-Dreadmist",0x514,0x0,Player-4755-0178F416,"Eltorero-Dreadmist",0x514,0x0,23891,"Bloodthirst",0x1,Player-4755-0178F416,0000000000000000,100,100,0,0,0,-1,0,0,0,7.56,-204.97,0,4.8095,67,20,20,20,0,nil
4/28 18:49:21.688  SPELL_AURA_REMOVED,Player-4755-0178F416,"Eltorero-Dreadmist",0x514,0x0,Player-4755-0178F416,"Eltorero-Dreadmist",0x514,0x0,10610,"Windfury Totem",0x8,BUFF
4/28 18:49:21.688  SPELL_AURA_REMOVED_DOSE,Player-4755-01F21AE6,"Blahu-Dreadmist",0x40514,0x0,Player-4755-01F21AE6,"Blahu-Dreadmist",0x40514,0x0,23888,"Bloodthirst",0x1,BUFF,2
4/28 18:49:21.688  SPELL_AURA_APPLIED,Player-4755-01F21AE6,"Blahu-Dreadmist",0x40514,0x0,Player-4755-01F21AE6,"Blahu-Dreadmist",0x40514,0x0,12970,"Flurry",0x1,BUFF
4/28 18:49:21.688  SPELL_HEAL,Player-4755-01F21AE6,"Blahu-Dreadmist",0x40514,0x0,Player-4755-01F21AE6,"Blahu-Dreadmist",0x40514,0x0,23891,"Bloodthirst",0x1,Player-4755-01F21AE6,0000000000000000,100,100,0,0,0,-1,0,0,0,13.36,-210.14,0,4.6774,70,20,20,20,0,nil
4/28 18:49:21.688  SWING_DAMAGE_LANDED,Player-4755-01840577,"Raggèn-Dreadmist",0x514,0x0,Creature-0-4457-249-1045-10184-000028665C,"Onyxia",0x10a48,0x0,Creature-0-4457-249-1045-10184-000028665C,0000000000000000,79,100,0,0,0,-1,0,0,0,10.16,-218.04,0,0.0023,63,457,580,-1,1,0,0,0,nil,nil,nil
4/28 18:49:21.688  SPELL_DAMAGE,Player-4755-01A6B139,"Sakatan-Dreadmist",0x514,0x0,Creature-0-4457-249-1045-10184-000028665C,"Onyxia",0x10a48,0x0,11281,"Backstab",0x1,Creature-0-4457-249-1045-10184-000028665C,0000000000000000,79,100,0,0,0,-1,0,0,0,10.16,-218.04,0,0.0023,63,1152,638,-1,1,0,0,0,1,nil,nil
4/28 18:49:21.688  SPELL_HEAL,Player-4755-0210153A,"Hapuseneb-Dreadmist",0x514,0x0,Player-4755-01733879,"Hocwar-Dreadmist",0x40514,0x0,2053,"Lesser Heal",0x2,Player-4755-01733879,0000000000000000,71,100,0,0,0,-1,0,0,0,22.22,-218.01,0,3.0887,71,425,425,0,0,nil
4/28 18:49:21.688  SWING_DAMAGE_LANDED,Player-4755-01733879,"Hocwar-Dreadmist",0x40514,0x0,Creature-0-4457-249-1045-10184-000028665C,"Onyxia",0x10a48,0x0,Creature-0-4457-249-1045-10184-000028665C,0000000000000000,79,100,0,0,0,-1,0,0,0,10.16,-218.04,0,0.0023,63,249,158,-1,1,0,0,0,1,nil,nil
4/28 18:49:21.688  SPELL_CAST_SUCCESS,Creature-0-4457-249-1045-10184-000028665C,"Onyxia",0x10a48,0x0,Player-4755-01733879,"Hocwar-Dreadmist",0x40514,0x0,19983,"Cleave",0x1,Creature-0-4457-249-1045-10184-000028665C,0000000000000000,79,100,0,0,0,-1,0,0,0,10.16,-218.04,0,0.0023,63
4/28 18:49:21.688  SPELL_MISSED,Creature-0-4457-249-1045-10184-000028665C,"Onyxia",0x10a48,0x0,Player-4755-01733879,"Hocwar-Dreadmist",0x40514,0x0,19983,"Cleave",0x1,PARRY,nil
4/28 18:49:21.695  RANGE_DAMAGE,Player-4755-020BD78D,"Lonehunter-Dreadmist",0x514,0x0,Creature-0-4457-249-1045-10184-000028665C,"Onyxia",0x10a48,0x0,75,"Auto Shot",0x1,Creature-0-4457-249-1045-10184-000028665C,0000000000000000,79,100,0,0,0,-1,0,0,0,10.16,-218.04,0,0.0023,63,442,560,-1,1,0,0,0,nil,nil,nil
4/28 18:49:21.715  RANGE_DAMAGE,Player-4755-01F36B30,"Rectumqeef-Dreadmist",0x514,0x0,Creature-0-4457-249-1045-10184-000028665C,"Onyxia",0x10a48,0x0,5019,"Shoot",0x1,Creature-0-4457-249-1045-10184-000028665C,0000000000000000,79,100,0,0,0,-1,0,0,0,10.16,-218.04,0,0.0023,63,97,88,-1,64,0,0,0,nil,nil,nil
4/28 18:49:21.715  SWING_DAMAGE,Pet-0-4457-249-1045-9622-02002CD5BC,"Bokito",0x1114,0x0,Creature-0-4457-249-1045-10184-000028665C,"Onyxia",0x10a48,0x0,Pet-0-4457-249-1045-9622-02002CD5BC,Player-4755-020BD78D,91,100,0,0,0,-1,0,0,0,-4.27,-198.08,0,5.3385,70,183,231,-1,1,0,0,0,nil,nil,nil
4/28 18:49:21.715  SWING_DAMAGE,Player-4755-01637B0A,"Pindle-Dreadmist",0x514,0x0,Creature-0-4457-249-1045-10184-000028665C,"Onyxia",0x10a48,0x0,Player-4755-01637B0A,0000000000000000,100,100,0,0,0,-1,0,0,0,8.72,-208.37,0,4.9475,65,97,126,-1,1,0,0,0,nil,1,nil
4/28 18:49:21.731  SPELL_CAST_START,Player-4755-020BD78D,"Lonehunter-Dreadmist",0x514,0x0,0000000000000000,nil,0x80000000,0x80000000,75,"Auto Shot",0x1
4/28 18:49:21.747  SPELL_CAST_SUCCESS,Player-4755-01F36B30,"Rectumqeef-Dreadmist",0x514,0x0,Creature-0-4457-249-1045-10184-000028665C,"Onyxia",0x10a48,0x0,5019,"Shoot",0x1,Player-4755-01F36B30,0000000000000000,100,100,0,0,0,-1,0,0,0,11.80,-188.94,0,4.6184,66
4/28 18:49:21.747  SPELL_CAST_START,Player-4755-01FA8DD8,"Roackerita-Dreadmist",0x514,0x0,0000000000000000,nil,0x80000000,0x80000000,2055,"Heal",0x2
4/28 18:49:21.747  SWING_DAMAGE,Pet-0-4457-249-1045-2850-01001956F9,"Kratos",0x1114,0x0,Creature-0-4457-249-1045-10184-000028665C,"Onyxia",0x10a48,0x0,Pet-0-4457-249-1045-2850-01001956F9,Player-4755-0178F576,100,100,0,0,0,-1,0,0,0,9.46,-193.00,0,4.7404,66,94,119,-1,1,0,0,0,nil,nil,nil
4/28 18:49:21.765  SPELL_PERIODIC_ENERGIZE,Creature-0-4457-249-1045-7416-0000286C87,"Mana Spring Totem IV",0x2114,0x0,Player-4755-016296D3,"Nivl-Dreadmist",0x514,0x0,10494,"Mana Spring",0x8,Player-4755-016296D3,0000000000000000,100,100,0,0,0,-1,0,0,0,12.99,-204.08,0,4.6027,69,10.0000,0.0000,0,5845
4/28 18:49:21.765  SPELL_PERIODIC_ENERGIZE,Creature-0-4457-249-1045-7416-0000286C87,"Mana Spring Totem IV",0x2114,0x0,Player-4755-0178F576,"Atreas-Dreadmist",0x514,0x0,10494,"Mana Spring",0x8,Player-4755-0178F576,0000000000000000,100,100,0,0,0,-1,0,0,0,6.14,-178.76,0,4.8144,66,10.0000,0.0000,0,3765
4/28 18:49:21.765  SPELL_CAST_START,Player-4755-0163DD9D,"Kaspais-Dreadmist",0x514,0x0,0000000000000000,nil,0x80000000,0x80000000,10181,"Frostbolt",0x10
4/28 18:49:21.830  SPELL_CAST_SUCCESS,Player-4755-01ED7A64,"Sperzieboon-Dreadmist",0x514,0x0,Player-4755-01733879,"Hocwar-Dreadmist",0x40514,0x0,6063,"Heal",0x2,Player-4755-01ED7A64,0000000000000000,100,100,0,0,0,-1,0,0,0,13.03,-190.57,0,4.7271,67
4/28 18:49:21.845  SWING_DAMAGE,Player-4755-01A6B139,"Sakatan-Dreadmist",0x514,0x0,Creature-0-4457-249-1045-10184-000028665C,"Onyxia",0x10a48,0x0,Player-4755-01A6B139,0000000000000000,100,100,0,0,0,-1,0,0,0,9.54,-199.57,0,5.0548,69,178,225,-1,1,0,0,0,nil,nil,nil
4/28 18:49:21.861  SPELL_CAST_START,Player-4755-01E83279,"Nlmasters-Dreadmist",0x514,0x8,0000000000000000,nil,0x80000000,0x80000000,75,"Auto Shot",0x1
4/28 18:49:21.891  SPELL_DAMAGE,Player-4755-01B60A5F,"Zurok-Dreadmist",0x514,0x0,Creature-0-4457-249-1045-10184-000028665C,"Onyxia",0x10a48,0x0,14290,"Multi-Shot",0x1,Creature-0-4457-249-1045-10184-000028665C,0000000000000000,79,100,0,0,0,-1,0,0,0,10.16,-218.04,0,0.0023,63,541,686,-1,1,0,0,0,nil,nil,nil
4/28 18:49:21.939  SPELL_CAST_START,Player-4755-0178F576,"Atreas-Dreadmist",0x514,0x0,0000000000000000,nil,0x80000000,0x80000000,75,"Auto Shot",0x1
4/28 18:49:21.956  SPELL_CAST_SUCCESS,Player-4755-020BD78D,"Lonehunter-Dreadmist",0x514,0x0,Creature-0-4457-249-1045-10184-000028665C,"Onyxia",0x10a48,0x0,75,"Auto Shot",0x1,Player-4755-020BD78D,0000000000000000,100,100,0,0,0,-1,0,0,0,1.62,-179.46,0,4.9304,70
4/28 18:49:21.988  SPELL_PERIODIC_ENERGIZE,Player-4755-0160BD13,"Mafkees-Dreadmist",0x514,0x0,Player-4755-0160BD13,"Mafkees-Dreadmist",0x514,0x0,29131,"Bloodrage",0x1,Player-4755-0160BD13,0000000000000000,100,100,0,0,0,-1,0,0,0,8.85,-207.78,0,4.8365,64,1.0000,0.0000,1,1000
4/28 18:49:22.009  SPELL_PERIODIC_DAMAGE,Player-4755-0160BD13,"Mafkees-Dreadmist",0x514,0x0,Creature-0-4457-249-1045-10184-000028665C,"Onyxia",0x10a48,0x0,12721,"Deep Wound",0x1,Creature-0-4457-249-1045-10184-000028665C,0000000000000000,79,100,0,0,0,-1,0,0,0,10.16,-218.04,0,0.0023,63,93,93,-1,1,0,0,0,nil,nil,nil
4/28 18:49:22.040  SPELL_CAST_START,Player-4755-01B60A5F,"Zurok-Dreadmist",0x514,0x0,0000000000000000,nil,0x80000000,0x80000000,75,"Auto Shot",0x1
4/28 18:49:22.107  SPELL_AURA_REMOVED_DOSE,Player-4755-01840577,"Raggèn-Dreadmist",0x514,0x0,Player-4755-01840577,"Raggèn-Dreadmist",0x514,0x0,16280,"Flurry",0x1,BUFF,1
4/28 18:49:22.107  SPELL_AURA_APPLIED,Player-4755-01733879,"Hocwar-Dreadmist",0x40514,0x0,Player-4755-01733879,"Hocwar-Dreadmist",0x40514,0x0,12970,"Flurry",0x1,BUFF
4/28 18:49:22.107  SWING_DAMAGE_LANDED,Pet-0-4457-249-1045-9622-02002CD5BC,"Bokito",0x1114,0x0,Creature-0-4457-249-1045-10184-000028665C,"Onyxia",0x10a48,0x0,Creature-0-4457-249-1045-10184-000028665C,0000000000000000,79,100,0,0,0,-1,0,0,0,10.16,-218.04,0,0.0023,63,183,231,-1,1,0,0,0,nil,nil,nil
4/28 18:49:22.107  SWING_DAMAGE_LANDED,Player-4755-01637B0A,"Pindle-Dreadmist",0x514,0x0,Creature-0-4457-249-1045-10184-000028665C,"Onyxia",0x10a48,0x0,Creature-0-4457-249-1045-10184-000028665C,0000000000000000,79,100,0,0,0,-1,0,0,0,10.16,-218.04,0,0.0023,63,97,126,-1,1,0,0,0,nil,1,nil
4/28 18:49:22.107  SWING_DAMAGE_LANDED,Pet-0-4457-249-1045-2850-01001956F9,"Kratos",0x1114,0x0,Creature-0-4457-249-1045-10184-000028665C,"Onyxia",0x10a48,0x0,Creature-0-4457-249-1045-10184-000028665C,0000000000000000,79,100,0,0,0,-1,0,0,0,10.16,-218.04,0,0.0023,63,94,119,-1,1,0,0,0,nil,nil,nil
4/28 18:49:22.107  SPELL_HEAL,Player-4755-01ED7A64,"Sperzieboon-Dreadmist",0x514,0x0,Player-4755-01733879,"Hocwar-Dreadmist",0x40514,0x0,6063,"Heal",0x2,Player-4755-01733879,0000000000000000,90,100,0,0,0,-1,0,0,0,22.22,-218.01,0,3.0887,71,1176,1176,0,0,nil
4/28 18:49:22.107  SWING_DAMAGE_LANDED,Player-4755-01A6B139,"Sakatan-Dreadmist",0x514,0x0,Creature-0-4457-249-1045-10184-000028665C,"Onyxia",0x10a48,0x0,Creature-0-4457-249-1045-10184-000028665C,0000000000000000,79,100,0,0,0,-1,0,0,0,10.16,-218.04,0,0.0023,63,178,225,-1,1,0,0,0,nil,nil,nil
4/28 18:49:22.107  SPELL_CAST_SUCCESS,Player-4755-01733879,"Hocwar-Dreadmist",0x40514,0x0,Creature-0-4457-249-1045-10184-000028665C,"Onyxia",0x10a48,0x0,11567,"Heroic Strike",0x1,Player-4755-01733879,0000000000000000,90,100,0,0,0,-1,0,0,0,22.22,-218.01,0,3.0887,71
4/28 18:49:22.107  SPELL_AURA_REMOVED_DOSE,Player-4755-01733879,"Hocwar-Dreadmist",0x40514,0x0,Player-4755-01733879,"Hocwar-Dreadmist",0x40514,0x0,12970,"Flurry",0x1,BUFF,2
4/28 18:49:22.177  SPELL_CAST_SUCCESS,Player-4755-01802FE5,"Angrybat-Dreadmist",0x514,0x0,Creature-0-4457-249-1045-10184-000028665C,"Onyxia",0x10a48,0x0,5019,"Shoot",0x1,Player-4755-01802FE5,0000000000000000,100,100,0,0,0,-1,0,0,0,12.10,-180.84,0,4.5665,66
4/28 18:49:22.244  SPELL_CAST_SUCCESS,Player-4755-016296D3,"Nivl-Dreadmist",0x514,0x0,Creature-0-4457-249-1045-10184-000028665C,"Onyxia",0x10a48,0x0,15208,"Lightning Bolt",0x8,Player-4755-016296D3,0000000000000000,100,100,0,0,0,-1,0,0,0,12.99,-204.08,0,4.6027,69
4/28 18:49:22.244  SPELL_CAST_START,Player-4755-016296D3,"Nivl-Dreadmist",0x514,0x0,0000000000000000,nil,0x80000000,0x80000000,15208,"Lightning Bolt",0x8
4/28 18:49:22.244  SPELL_PERIODIC_DAMAGE,Player-4755-0178F416,"Eltorero-Dreadmist",0x514,0x0,Creature-0-4457-249-1045-10184-000028665C,"Onyxia",0x10a48,0x0,12721,"Deep Wound",0x1,Creature-0-4457-249-1045-10184-000028665C,0000000000000000,79,100,0,0,0,-1,0,0,0,10.16,-218.04,0,0.0023,63,111,110,-1,1,0,0,0,nil,nil,nil
4/28 18:49:22.290  SWING_MISSED,Player-4755-01AC9FD9,"Alexinho-Dreadmist",0x514,0x0,Creature-0-4457-249-1045-10184-000028665C,"Onyxia",0x10a48,0x0,PARRY,1
4/28 18:49:22.309  SPELL_CAST_SUCCESS,Player-4755-01E83279,"Nlmasters-Dreadmist",0x514,0x8,Creature-0-4457-249-1045-10184-000028665C,"Onyxia",0x10a48,0x0,75,"Auto Shot",0x1,Player-4755-01E83279,0000000000000000,100,100,0,0,0,-1,0,0,0,-5.97,-183.98,0,4.8930,70
4/28 18:49:22.309  SPELL_CAST_SUCCESS,Player-4755-01617EEE,"Fenix-Dreadmist",0x512,0x0,Player-4755-01614AC7,"Mirrimazduur-Dreadmist",0x512,0x0,6064,"Heal",0x2,Player-4755-01617EEE,0000000000000000,100,100,0,0,0,-1,0,0,0,26.44,-181.95,0,4.6344,66
4/28 18:49:22.325  SWING_MISSED,Player-4755-01637B0A,"Pindle-Dreadmist",0x514,0x0,Creature-0-4457-249-1045-10184-000028665C,"Onyxia",0x10a48,0x0,MISS,nil
4/28 18:49:22.325  SWING_MISSED,Player-4755-01F21AE6,"Blahu-Dreadmist",0x40514,0x0,Creature-0-4457-249-1045-10184-000028665C,"Onyxia",0x10a48,0x0,MISS,1
4/28 18:49:22.374  SPELL_CAST_SUCCESS,Player-4755-0178F576,"Atreas-Dreadmist",0x514,0x0,Creature-0-4457-249-1045-10184-000028665C,"Onyxia",0x10a48,0x0,75,"Auto Shot",0x1,Player-4755-0178F576,0000000000000000,100,100,0,0,0,-1,0,0,0,6.14,-178.76,0,4.8144,66
4/28 18:49:22.374  SPELL_CAST_START,Player-4755-0178F576,"Atreas-Dreadmist",0x514,0x0,0000000000000000,nil,0x80000000,0x80000000,20904,"Aimed Shot",0x1
4/28 18:49:22.455  SWING_MISSED,Player-4755-01AC9FD9,"Alexinho-Dreadmist",0x514,0x0,Creature-0-4457-249-1045-10184-000028665C,"Onyxia",0x10a48,0x0,MISS,nil
4/28 18:49:22.475  SPELL_CAST_SUCCESS,Player-4755-01B60A5F,"Zurok-Dreadmist",0x514,0x0,Creature-0-4457-249-1045-10184-000028665C,"Onyxia",0x10a48,0x0,75,"Auto Shot",0x1,Player-4755-01B60A5F,0000000000000000,100,100,0,0,0,-1,0,0,0,14.47,-175.17,0,4.6042,62
4/28 18:49:22.491  SPELL_CAST_SUCCESS,Pet-0-4457-249-1045-7456-03003178E8,"Owl",0x1114,0x0,Creature-0-4457-249-1045-10184-000028665C,"Onyxia",0x10a48,0x0,3009,"Claw",0x1,Pet-0-4457-249-1045-7456-03003178E8,Player-4755-01B60A5F,100,100,0,0,0,-1,0,0,0,14.31,-193.80,0,4.5427,62
4/28 18:49:22.491  SPELL_MISSED,Pet-0-4457-249-1045-7456-03003178E8,"Owl",0x1114,0x0,Creature-0-4457-249-1045-10184-000028665C,"Onyxia",0x10a48,0x0,3009,"Claw",0x1,DODGE,nil
4/28 18:49:22.491  SPELL_ENERGIZE,Player-4755-01733879,"Hocwar-Dreadmist",0x40514,0x0,Player-4755-01733879,"Hocwar-Dreadmist",0x40514,0x0,12964,"Unbridled Wrath",0x1,Player-4755-01733879,0000000000000000,90,100,0,0,0,-1,0,0,0,22.22,-218.01,0,3.0926,71,1.0000,0.0000,1,1000
4/28 18:49:22.491  SPELL_DAMAGE,Player-4755-01733879,"Hocwar-Dreadmist",0x40514,0x0,Creature-0-4457-249-1045-10184-000028665C,"Onyxia",0x10a48,0x0,11567,"Heroic Strike",0x1,Creature-0-4457-249-1045-10184-000028665C,0000000000000000,79,100,0,0,0,-1,0,0,0,10.16,-218.04,0,0.0023,63,325,412,-1,1,0,0,0,nil,nil,nil
4/28 18:49:22.491  SPELL_HEAL,Player-4755-01617EEE,"Fenix-Dreadmist",0x512,0x0,Player-4755-01614AC7,"Mirrimazduur-Dreadmist",0x512,0x0,6064,"Heal",0x2,Player-4755-01614AC7,0000000000000000,100,100,0,0,0,-1,0,0,0,-1.52,-178.92,0,4.9074,68,2163,2163,40,0,1
4/28 18:49:22.521  SPELL_CAST_SUCCESS,Player-4755-01BC57A3,"Saintis-Dreadmist",0x511,0x0,Player-4755-01733879,"Hocwar-Dreadmist",0x40514,0x0,10917,"Flash Heal",0x2,Player-4755-01BC57A3,0000000000000000,100,100,0,0,0,-1,0,0,0,10.36,-192.03,0,5.2278,68
4/28 18:49:22.539  RANGE_DAMAGE,Player-4755-01802FE5,"Angrybat-Dreadmist",0x514,0x0,Creature-0-4457-249-1045-10184-000028665C,"Onyxia",0x10a48,0x0,5019,"Shoot",0x1,Creature-0-4457-249-1045-10184-000028665C,0000000000000000,79,100,0,0,0,-1,0,0,0,10.16,-218.04,0,0.0023,63,99,119,-1,16,30,0,0,nil,nil,nil
4/28 18:49:22.632  SPELL_CAST_START,Player-4755-0210153A,"Hapuseneb-Dreadmist",0x514,0x0,0000000000000000,nil,0x80000000,0x80000000,10917,"Flash Heal",0x2
4/28 18:49:22.632  SPELL_CAST_START,Player-4755-01614AC7,"Mirrimazduur-Dreadmist",0x512,0x0,0000000000000000,nil,0x80000000,0x80000000,11672,"Corruption",0x20
4/28 18:49:22.632  SPELL_CAST_SUCCESS,Player-4755-01614AC7,"Mirrimazduur-Dreadmist",0x512,0x0,Creature-0-4457-249-1045-10184-000028665C,"Onyxia",0x10a48,0x0,11672,"Corruption",0x20,Player-4755-01614AC7,0000000000000000,100,100,0,0,0,-1,0,0,0,-1.52,-178.92,0,4.8956,68
4/28 18:49:22.752  SWING_DAMAGE,Pet-0-4457-249-1045-2850-01001956F9,"Kratos",0x1114,0x0,Creature-0-4457-249-1045-10184-000028665C,"Onyxia",0x10a48,0x0,Pet-0-4457-249-1045-2850-01001956F9,Player-4755-0178F576,100,100,0,0,0,-1,0,0,0,9.46,-193.00,0,4.7404,66,101,128,-1,1,0,0,0,nil,nil,nil
4/28 18:49:22.752  SPELL_CAST_START,Player-4755-01F36B30,"Rectumqeef-Dreadmist",0x514,0x0,0000000000000000,nil,0x80000000,0x80000000,5019,"Shoot",0x1
4/28 18:49:22.768  SPELL_PERIODIC_DAMAGE,Player-4755-01F36B30,"Rectumqeef-Dreadmist",0x514,0x0,Creature-0-4457-249-1045-10184-000028665C,"Onyxia",0x10a48,0x0,11672,"Corruption",0x20,Creature-0-4457-249-1045-10184-000028665C,0000000000000000,79,100,0,0,0,-1,0,0,0,10.16,-218.04,0,0.0023,63,202,203,-1,32,51,0,0,nil,nil,nil
4/28 18:49:22.768  SPELL_CAST_START,Player-4755-01617EEE,"Fenix-Dreadmist",0x512,0x0,0000000000000000,nil,0x80000000,0x80000000,10916,"Flash Heal",0x2
4/28 18:49:22.768  SPELL_PERIODIC_ENERGIZE,Player-4755-01802FE5,"Angrybat-Dreadmist",0x514,0x0,Player-4755-01802FE5,"Angrybat-Dreadmist",0x514,0x0,18194,"Mana Regeneration",0x1,Player-4755-01802FE5,0000000000000000,100,100,0,0,0,-1,0,0,0,12.10,-180.84,0,4.5665,66,8.0000,0.0000,0,6033
4/28 18:49:22.784  SWING_DAMAGE,Player-4755-01A6B139,"Sakatan-Dreadmist",0x514,0x0,Creature-0-4457-249-1045-10184-000028665C,"Onyxia",0x10a48,0x0,Player-4755-01A6B139,0000000000000000,100,100,0,0,0,-1,0,0,0,9.54,-199.57,0,5.0548,69,108,137,-1,1,0,0,0,nil,nil,nil
4/28 18:49:22.801  SPELL_AURA_REMOVED,Player-4755-020BD78D,"Lonehunter-Dreadmist",0x514,0x0,Player-4755-020BD78D,"Lonehunter-Dreadmist",0x514,0x0,26635,"Berserking",0x1,BUFF
4/28 18:49:22.801  SWING_DAMAGE,Player-4755-01637B0A,"Pindle-Dreadmist",0x514,0x0,Creature-0-4457-249-1045-10184-000028665C,"Onyxia",0x10a48,0x0,Player-4755-01637B0A,0000000000000000,100,100,0,0,0,-1,0,0,0,8.72,-208.37,0,4.9475,65,80,107,-1,1,0,0,0,nil,1,nil
4/28 18:49:22.801  SPELL_AURA_REMOVED,Player-4755-0220BD00,"Krikoff-Dreadmist",0x40514,0x0,Player-4755-0220BD00,"Krikoff-Dreadmist",0x40514,0x0,23888,"Bloodthirst",0x1,BUFF
4/28 18:49:22.819  SPELL_PERIODIC_HEAL,Player-4755-01FA8DD8,"Roackerita-Dreadmist",0x514,0x0,Player-4755-0220BD00,"Krikoff-Dreadmist",0x40514,0x0,6078,"Renew",0x2,Player-4755-0220BD00,0000000000000000,100,100,0,0,0,-1,0,0,0,10.75,-210.91,0,4.7163,68,236,236,236,0,nil
4/28 18:49:22.819  SPELL_CAST_SUCCESS,Player-4755-015FEBD5,"Sauvage-Dreadmist",0x514,0x0,Creature-0-4457-249-1045-10184-000028665C,"Onyxia",0x10a48,0x0,10181,"Frostbolt",0x10,Player-4755-015FEBD5,0000000000000000,100,100,0,0,0,-1,0,0,0,16.86,-186.07,0,4.5812,64
4/28 18:49:22.897  SPELL_AURA_REMOVED_DOSE,Player-4755-01F21AE6,"Blahu-Dreadmist",0x40514,0x0,Player-4755-01F21AE6,"Blahu-Dreadmist",0x40514,0x0,12970,"Flurry",0x1,BUFF,2
4/28 18:49:22.897  SPELL_HEAL,Player-4755-01BC57A3,"Saintis-Dreadmist",0x511,0x0,Player-4755-01733879,"Hocwar-Dreadmist",0x40514,0x0,10917,"Flash Heal",0x2,Player-4755-01733879,0000000000000000,100,100,0,0,0,-1,0,0,0,22.22,-218.01,0,3.0926,71,1186,1186,571,0,nil
4/28 18:49:22.897  SPELL_AURA_APPLIED,Player-4755-01614AC7,"Mirrimazduur-Dreadmist",0x512,0x0,Creature-0-4457-249-1045-10184-000028665C,"Onyxia",0x10a48,0x0,11672,"Corruption",0x20,DEBUFF
4/28 18:49:22.897  SWING_DAMAGE_LANDED,Pet-0-4457-249-1045-2850-01001956F9,"Kratos",0x1114,0x0,Creature-0-4457-249-1045-10184-000028665C,"Onyxia",0x10a48,0x0,Creature-0-4457-249-1045-10184-000028665C,0000000000000000,79,100,0,0,0,-1,0,0,0,10.16,-218.04,0,0.0023,63,101,128,-1,1,0,0,0,nil,nil,nil
4/28 18:49:22.897  SWING_DAMAGE_LANDED,Player-4755-01A6B139,"Sakatan-Dreadmist",0x514,0x0,Creature-0-4457-249-1045-10184-000028665C,"Onyxia",0x10a48,0x0,Creature-0-4457-249-1045-10184-000028665C,0000000000000000,79,100,0,0,0,-1,0,0,0,10.16,-218.04,0,0.0023,63,108,137,-1,1,0,0,0,nil,nil,nil
4/28 18:49:22.897  SWING_DAMAGE_LANDED,Player-4755-01637B0A,"Pindle-Dreadmist",0x514,0x0,Creature-0-4457-249-1045-10184-000028665C,"Onyxia",0x10a48,0x0,Creature-0-4457-249-1045-10184-000028665C,0000000000000000,79,100,0,0,0,-1,0,0,0,10.16,-218.04,0,0.0023,63,80,107,-1,1,0,0,0,nil,1,nil
4/28 18:49:22.953  SPELL_CAST_SUCCESS,Player-4755-0160BD13,"Mafkees-Dreadmist",0x514,0x0,Creature-0-4457-249-1045-10184-000028665C,"Onyxia",0x10a48,0x0,23894,"Bloodthirst",0x1,Player-4755-0160BD13,0000000000000000,100,100,0,0,0,-1,0,0,0,8.85,-207.78,0,4.8404,64
4/28 18:49:22.953  SPELL_MISSED,Player-4755-0160BD13,"Mafkees-Dreadmist",0x514,0x0,Creature-0-4457-249-1045-10184-000028665C,"Onyxia",0x10a48,0x0,21140,"Fatal Wound",0x1,DODGE,nil
4/28 18:49:22.953  RANGE_DAMAGE,Player-4755-020BD78D,"Lonehunter-Dreadmist",0x514,0x0,Creature-0-4457-249-1045-10184-000028665C,"Onyxia",0x10a48,0x0,75,"Auto Shot",0x1,Creature-0-4457-249-1045-10184-000028665C,0000000000000000,79,100,0,0,0,-1,0,0,0,10.16,-218.04,0,0.0023,63,442,560,-1,1,0,0,0,nil,nil,nil
4/28 18:49:22.953  SPELL_DAMAGE,Player-4755-016296D3,"Nivl-Dreadmist",0x514,0x0,Creature-0-4457-249-1045-10184-000028665C,"Onyxia",0x10a48,0x0,15208,"Lightning Bolt",0x8,Creature-0-4457-249-1045-10184-000028665C,0000000000000000,79,100,0,0,0,-1,0,0,0,10.16,-218.04,0,0.0023,63,559,559,-1,8,0,0,0,nil,nil,nil
4/28 18:49:22.989  SPELL_PERIODIC_ENERGIZE,Player-4755-0160BD13,"Mafkees-Dreadmist",0x514,0x0,Player-4755-0160BD13,"Mafkees-Dreadmist",0x514,0x0,29131,"Bloodrage",0x1,Player-4755-0160BD13,0000000000000000,100,100,0,0,0,-1,0,0,0,8.85,-207.78,0,4.8404,64,1.0000,0.0000,1,1000
4/28 18:49:22.989  SPELL_AURA_REMOVED,Player-4755-0160BD13,"Mafkees-Dreadmist",0x514,0x0,Player-4755-0160BD13,"Mafkees-Dreadmist",0x514,0x0,29131,"Bloodrage",0x1,BUFF
4/28 18:49:22.989  SPELL_CAST_START,Player-4755-020BD78D,"Lonehunter-Dreadmist",0x514,0x0,0000000000000000,nil,0x80000000,0x80000000,75,"Auto Shot",0x1
4/28 18:49:22.989  SWING_DAMAGE,Player-4755-01733879,"Hocwar-Dreadmist",0x40514,0x0,Creature-0-4457-249-1045-10184-000028665C,"Onyxia",0x10a48,0x0,Player-4755-01733879,0000000000000000,100,100,0,0,0,-1,0,0,0,22.22,-218.01,0,3.0926,71,259,164,-1,1,0,0,0,1,nil,nil
4/28 18:49:23.008  SPELL_AURA_REMOVED,Player-4755-01FA8D0D,"Roackeru-Dreadmist",0x514,0x0,Creature-0-4457-249-1045-10184-000028665C,"Onyxia",0x10a48,0x0,17800,"Shadow Vulnerability",0x20,DEBUFF
4/28 18:49:23.008  SPELL_DAMAGE,Player-4755-01FA8D0D,"Roackeru-Dreadmist",0x514,0x0,Creature-0-4457-249-1045-10184-000028665C,"Onyxia",0x10a48,0x0,11661,"Shadow Bolt",0x20,Creature-0-4457-249-1045-10184-000028665C,0000000000000000,78,100,0,0,0,-1,0,0,0,10.16,-218.04,0,0.0023,63,1212,918,-1,32,0,0,0,nil,nil,nil
4/28 18:49:23.008  SWING_DAMAGE,Creature-0-4457-249-1045-10184-000028665C,"Onyxia",0x10a48,0x0,Player-4755-01733879,"Hocwar-Dreadmist",0x40514,0x0,Creature-0-4457-249-1045-10184-000028665C,0000000000000000,78,100,0,0,0,-1,0,0,0,10.16,-218.04,0,0.0023,63,640,1509,-1,1,0,0,0,nil,nil,nil
4/28 18:49:23.119  SPELL_CAST_START,Player-4755-015FEBD5,"Sauvage-Dreadmist",0x514,0x0,0000000000000000,nil,0x80000000,0x80000000,10181,"Frostbolt",0x10
4/28 18:49:23.168  SWING_DAMAGE,Player-4755-01F21AE6,"Blahu-Dreadmist",0x40514,0x0,Creature-0-4457-249-1045-10184-000028665C,"Onyxia",0x10a48,0x0,Player-4755-01F21AE6,0000000000000000,100,100,0,0,0,-1,0,0,0,13.36,-210.14,0,4.6774,70,192,346,-1,1,0,0,0,nil,1,nil
4/28 18:49:23.168  SWING_DAMAGE,Player-4755-0160BD13,"Mafkees-Dreadmist",0x514,0x0,Creature-0-4457-249-1045-10184-000028665C,"Onyxia",0x10a48,0x0,Player-4755-0160BD13,0000000000000000,100,100,0,0,0,-1,0,0,0,8.85,-207.78,0,4.8404,64,559,819,-1,1,0,0,0,nil,1,nil
4/28 18:49:23.192  SPELL_CAST_START,Player-4755-01802FE5,"Angrybat-Dreadmist",0x514,0x0,0000000000000000,nil,0x80000000,0x80000000,5019,"Shoot",0x1
4/28 18:49:23.211  RANGE_DAMAGE,Player-4755-01F36B30,"Rectumqeef-Dreadmist",0x514,0x0,Creature-0-4457-249-1045-10184-000028665C,"Onyxia",0x10a48,0x0,5019,"Shoot",0x1,Creature-0-4457-249-1045-10184-000028665C,0000000000000000,78,100,0,0,0,-1,0,0,0,10.16,-218.04,0,0.0023,63,85,76,-1,64,0,0,0,nil,nil,nil
4/28 18:49:23.211  SPELL_CAST_SUCCESS,Player-4755-021D6506,"Bloodlady-Dreadmist",0x514,0x0,Creature-0-4457-249-1045-10184-000028665C,"Onyxia",0x10a48,0x0,10181,"Frostbolt",0x10,Player-4755-021D6506,0000000000000000,100,100,0,0,0,-1,0,0,0,-6.02,-186.07,0,5.1602,69
4/28 18:49:23.211  SPELL_CAST_START,Player-4755-021D6506,"Bloodlady-Dreadmist",0x514,0x0,0000000000000000,nil,0x80000000,0x80000000,10181,"Frostbolt",0x10
4/28 18:49:23.228  SPELL_CAST_SUCCESS,Player-4755-020BD78D,"Lonehunter-Dreadmist",0x514,0x0,Creature-0-4457-249-1045-10184-000028665C,"Onyxia",0x10a48,0x0,75,"Auto Shot",0x1,Player-4755-020BD78D,0000000000000000,100,100,0,0,0,-1,0,0,0,1.62,-179.46,0,4.9304,70
4/28 18:49:23.259  SWING_MISSED,Pet-0-4457-249-1045-7456-03003178E8,"Owl",0x1114,0x0,Creature-0-4457-249-1045-10184-000028665C,"Onyxia",0x10a48,0x0,DODGE,nil
4/28 18:49:23.259  RANGE_DAMAGE,Player-4755-01E83279,"Nlmasters-Dreadmist",0x514,0x8,Creature-0-4457-249-1045-10184-000028665C,"Onyxia",0x10a48,0x0,75,"Auto Shot",0x1,Creature-0-4457-249-1045-10184-000028665C,0000000000000000,78,100,0,0,0,-1,0,0,0,10.16,-218.04,0,0.0023,63,387,491,-1,1,0,0,0,nil,nil,nil
4/28 18:49:23.259  SPELL_CAST_SUCCESS,Player-4755-01F36B30,"Rectumqeef-Dreadmist",0x514,0x0,Creature-0-4457-249-1045-10184-000028665C,"Onyxia",0x10a48,0x0,5019,"Shoot",0x1,Player-4755-01F36B30,0000000000000000,100,100,0,0,0,-1,0,0,0,11.80,-188.94,0,4.6184,66
4/28 18:49:23.276  SWING_DAMAGE,Player-4755-01A6B139,"Sakatan-Dreadmist",0x514,0x0,Creature-0-4457-249-1045-10184-000028665C,"Onyxia",0x10a48,0x0,Player-4755-01A6B139,0000000000000000,100,100,0,0,0,-1,0,0,0,9.54,-199.57,0,5.0548,69,170,217,-1,1,0,0,0,nil,1,nil
4/28 18:49:23.298  SPELL_AURA_APPLIED,Player-4755-01617EEE,"Fenix-Dreadmist",0x512,0x0,Player-4755-01614AC7,"Mirrimazduur-Dreadmist",0x512,0x0,15359,"Inspiration",0x2,BUFF
4/28 18:49:23.298  SPELL_DAMAGE,Player-4755-0160BD13,"Mafkees-Dreadmist",0x514,0x0,Creature-0-4457-249-1045-10184-000028665C,"Onyxia",0x10a48,0x0,23894,"Bloodthirst",0x1,Creature-0-4457-249-1045-10184-000028665C,0000000000000000,78,100,0,0,0,-1,0,0,0,10.16,-218.04,0,0.0023,63,1676,967,-1,1,0,0,0,1,nil,nil
4/28 18:49:23.298  SPELL_AURA_APPLIED,Player-4755-0160BD13,"Mafkees-Dreadmist",0x514,0x0,Player-4755-0160BD13,"Mafkees-Dreadmist",0x514,0x0,23888,"Bloodthirst",0x1,BUFF
4/28 18:49:23.298  SWING_DAMAGE_LANDED,Player-4755-01733879,"Hocwar-Dreadmist",0x40514,0x0,Creature-0-4457-249-1045-10184-000028665C,"Onyxia",0x10a48,0x0,Creature-0-4457-249-1045-10184-000028665C,0000000000000000,78,100,0,0,0,-1,0,0,0,10.16,-218.04,0,0.0023,63,259,164,-1,1,0,0,0,1,nil,nil
4/28 18:49:23.298  SWING_DAMAGE_LANDED,Creature-0-4457-249-1045-10184-000028665C,"Onyxia",0x10a48,0x0,Player-4755-01733879,"Hocwar-Dreadmist",0x40514,0x0,Player-4755-01733879,0000000000000000,90,100,0,0,0,-1,0,0,0,22.22,-218.01,0,3.0926,71,640,1509,-1,1,0,0,0,nil,nil,nil
4/28 18:49:23.298  SWING_DAMAGE_LANDED,Player-4755-01F21AE6,"Blahu-Dreadmist",0x40514,0x0,Creature-0-4457-249-1045-10184-000028665C,"Onyxia",0x10a48,0x0,Creature-0-4457-249-1045-10184-000028665C,0000000000000000,78,100,0,0,0,-1,0,0,0,10.16,-218.04,0,0.0023,63,192,346,-1,1,0,0,0,nil,1,nil
4/28 18:49:23.298  SWING_DAMAGE_LANDED,Player-4755-0160BD13,"Mafkees-Dreadmist",0x514,0x0,Creature-0-4457-249-1045-10184-000028665C,"Onyxia",0x10a48,0x0,Creature-0-4457-249-1045-10184-000028665C,0000000000000000,78,100,0,0,0,-1,0,0,0,10.16,-218.04,0,0.0023,63,559,819,-1,1,0,0,0,nil,1,nil
4/28 18:49:23.298  SWING_DAMAGE_LANDED,Player-4755-01A6B139,"Sakatan-Dreadmist",0x514,0x0,Creature-0-4457-249-1045-10184-000028665C,"Onyxia",0x10a48,0x0,Creature-0-4457-249-1045-10184-000028665C,0000000000000000,78,100,0,0,0,-1,0,0,0,10.16,-218.04,0,0.0023,63,170,217,-1,1,0,0,0,nil,1,nil
4/28 18:49:23.319  SPELL_CAST_SUCCESS,Player-4755-01804B95,"Moymoy-Dreadmist",0x514,0x0,Player-4755-01733879,"Hocwar-Dreadmist",0x40514,0x0,939,"Healing Wave",0x8,Player-4755-01804B95,0000000000000000,100,100,0,0,0,-1,0,0,0,13.26,-186.32,0,4.8801,66
4/28 18:49:23.364  RANGE_DAMAGE,Player-4755-0178F576,"Atreas-Dreadmist",0x514,0x0,Creature-0-4457-249-1045-10184-000028665C,"Onyxia",0x10a48,0x0,75,"Auto Shot",0x1,Creature-0-4457-249-1045-10184-000028665C,0000000000000000,78,100,0,0,0,-1,0,0,0,10.16,-218.04,0,0.0023,63,418,530,-1,1,0,0,0,nil,nil,nil
4/28 18:49:23.457  SPELL_AURA_REMOVED,Player-4755-01A6B139,"Sakatan-Dreadmist",0x514,0x0,Player-4755-01A6B139,"Sakatan-Dreadmist",0x514,0x0,6774,"Slice and Dice",0x1,BUFF
4/28 18:49:23.475  SPELL_PERIODIC_HEAL,Player-4755-01FA8DD8,"Roackerita-Dreadmist",0x514,0x0,Player-4755-01614AC7,"Mirrimazduur-Dreadmist",0x512,0x0,6078,"Renew",0x2,Player-4755-01614AC7,0000000000000000,100,100,0,0,0,-1,0,0,0,-1.52,-178.92,0,4.8760,68,235,235,235,0,nil
4/28 18:49:23.475  SPELL_CAST_SUCCESS,Player-4755-01733879,"Hocwar-Dreadmist",0x40514,0x0,Creature-0-4457-249-1045-10184-000028665C,"Onyxia",0x10a48,0x0,23881,"Bloodthirst",0x1,Player-4755-01733879,0000000000000000,90,100,0,0,0,-1,0,0,0,22.22,-218.01,0,3.0926,71
4/28 18:49:23.475  SPELL_MISSED,Player-4755-01733879,"Hocwar-Dreadmist",0x40514,0x0,Creature-0-4457-249-1045-10184-000028665C,"Onyxia",0x10a48,0x0,23267,"Firebolt",0x4,IMMUNE,nil
4/28 18:49:23.494  SPELL_CAST_SUCCESS,Player-4755-01733879,"Hocwar-Dreadmist",0x40514,0x0,Creature-0-4457-249-1045-10184-000028665C,"Onyxia",0x10a48,0x0,11567,"Heroic Strike",0x1,Player-4755-01733879,0000000000000000,90,100,0,0,0,-1,0,0,0,22.22,-218.01,0,3.0926,71
4/28 18:49:23.494  SPELL_AURA_REMOVED_DOSE,Player-4755-01733879,"Hocwar-Dreadmist",0x40514,0x0,Player-4755-01733879,"Hocwar-Dreadmist",0x40514,0x0,12970,"Flurry",0x1,BUFF,1
4/28 18:49:23.516  SPELL_AURA_REMOVED,Player-4755-020BD78D,"Lonehunter-Dreadmist",0x514,0x0,Player-4755-020BD78D,"Lonehunter-Dreadmist",0x514,0x0,24352,"Devilsaur Fury",0x1,BUFF
4/28 18:49:23.516  SPELL_CAST_START,Player-4755-01ED7A64,"Sperzieboon-Dreadmist",0x514,0x0,0000000000000000,nil,0x80000000,0x80000000,6063,"Heal",0x2
4/28 18:49:23.561  RANGE_DAMAGE,Player-4755-01B60A5F,"Zurok-Dreadmist",0x514,0x0,Creature-0-4457-249-1045-10184-000028665C,"Onyxia",0x10a48,0x0,75,"Auto Shot",0x1,Creature-0-4457-249-1045-10184-000028665C,0000000000000000,78,100,0,0,0,-1,0,0,0,10.16,-218.04,0,0.0023,63,380,482,-1,1,0,0,0,nil,nil,nil
4/28 18:49:23.590  SPELL_PERIODIC_ENERGIZE,Creature-0-4457-249-1045-7416-0000286C79,"Mana Spring Totem IV",0x2114,0x0,Player-4755-0210153A,"Hapuseneb-Dreadmist",0x514,0x0,10494,"Mana Spring",0x8,Player-4755-0210153A,0000000000000000,100,100,0,0,0,-1,0,0,0,16.09,-197.11,0,4.4807,66,12.0000,0.0000,0,6736
4/28 18:49:23.590  SPELL_PERIODIC_ENERGIZE,Creature-0-4457-249-1045-7416-0000286C79,"Mana Spring Totem IV",0x2114,0x0,Player-4755-015FEBD5,"Sauvage-Dreadmist",0x514,0x0,10494,"Mana Spring",0x8,Player-4755-015FEBD5,0000000000000000,100,100,0,0,0,-1,0,0,0,16.86,-186.07,0,4.5812,64,13.0000,0.0000,0,6158
4/28 18:49:23.590  SPELL_PERIODIC_ENERGIZE,Creature-0-4457-249-1045-7416-0000286C79,"Mana Spring Totem IV",0x2114,0x0,Player-4755-01ED7A64,"Sperzieboon-Dreadmist",0x514,0x0,10494,"Mana Spring",0x8,Player-4755-01ED7A64,0000000000000000,100,100,0,0,0,-1,0,0,0,13.03,-190.57,0,4.7271,67,13.0000,0.0000,0,7261
4/28 18:49:23.590  SPELL_PERIODIC_ENERGIZE,Creature-0-4457-249-1045-7416-0000286C79,"Mana Spring Totem IV",0x2114,0x0,Player-4755-01804B95,"Moymoy-Dreadmist",0x514,0x0,10494,"Mana Spring",0x8,Player-4755-01804B95,0000000000000000,100,100,0,0,0,-1,0,0,0,13.26,-186.32,0,4.8801,66,13.0000,0.0000,0,5366
4/28 18:49:23.590  SPELL_PERIODIC_ENERGIZE,Creature-0-4457-249-1045-7416-0000286C79,"Mana Spring Totem IV",0x2114,0x0,Player-4755-01FA8DD8,"Roackerita-Dreadmist",0x514,0x0,10494,"Mana Spring",0x8,Player-4755-01FA8DD8,0000000000000000,100,100,0,0,0,-1,0,0,0,3.53,-182.84,0,4.9951,69,13.0000,0.0000,0,6736
4/28 18:49:23.640  SPELL_CAST_SUCCESS,Player-4755-01FA8D0D,"Roackeru-Dreadmist",0x514,0x0,Creature-0-4457-249-1045-10184-000028665C,"Onyxia",0x10a48,0x0,11661,"Shadow Bolt",0x20,Player-4755-01FA8D0D,0000000000000000,100,100,0,0,0,-1,0,0,0,14.13,-180.96,0,4.6613,65
4/28 18:49:23.640  SPELL_CAST_START,Player-4755-01FA8D0D,"Roackeru-Dreadmist",0x514,0x0,0000000000000000,nil,0x80000000,0x80000000,11661,"Shadow Bolt",0x20
4/28 18:49:23.684  SWING_DAMAGE,Player-4755-01AC9FD9,"Alexinho-Dreadmist",0x514,0x0,Creature-0-4457-249-1045-10184-000028665C,"Onyxia",0x10a48,0x0,Player-4755-01AC9FD9,0000000000000000,100,100,0,0,0,-1,0,0,0,14.04,-202.29,0,4.4934,66,106,163,-1,1,0,0,0,nil,1,nil
4/28 18:49:23.684  SPELL_CAST_SUCCESS,Player-4755-01802FE5,"Angrybat-Dreadmist",0x514,0x0,Creature-0-4457-249-1045-10184-000028665C,"Onyxia",0x10a48,0x0,5019,"Shoot",0x1,Player-4755-01802FE5,0000000000000000,100,100,0,0,0,-1,0,0,0,12.10,-180.84,0,4.5665,66
4/28 18:49:23.718  SPELL_AURA_REMOVED_DOSE,Player-4755-0160BD13,"Mafkees-Dreadmist",0x514,0x0,Player-4755-0160BD13,"Mafkees-Dreadmist",0x514,0x0,23888,"Bloodthirst",0x1,BUFF,4
4/28 18:49:23.718  SPELL_EXTRA_ATTACKS,Player-4755-0160BD13,"Mafkees-Dreadmist",0x514,0x0,Player-4755-0160BD13,"Mafkees-Dreadmist",0x514,0x0,15601,"Hand of Justice",0x1,1
4/28 18:49:23.718  SPELL_AURA_APPLIED,Player-4755-0160BD13,"Mafkees-Dreadmist",0x514,0x0,Player-4755-0160BD13,"Mafkees-Dreadmist",0x514,0x0,12970,"Flurry",0x1,BUFF
4/28 18:49:23.718  SPELL_HEAL,Player-4755-0160BD13,"Mafkees-Dreadmist",0x514,0x0,Player-4755-0160BD13,"Mafkees-Dreadmist",0x514,0x0,23891,"Bloodthirst",0x1,Player-4755-0160BD13,0000000000000000,100,100,0,0,0,-1,0,0,0,9.18,-207.75,0,4.7972,64,10,10,10,0,nil
4/28 18:49:23.718  SPELL_AURA_APPLIED_DOSE,Player-4755-01733879,"Hocwar-Dreadmist",0x40514,0x0,Player-4755-01733879,"Hocwar-Dreadmist",0x40514,0x0,12970,"Flurry",0x1,BUFF,3
4/28 18:49:23.718  SPELL_AURA_REMOVED_DOSE,Player-4755-01F21AE6,"Blahu-Dreadmist",0x40514,0x0,Player-4755-01F21AE6,"Blahu-Dreadmist",0x40514,0x0,12970,"Flurry",0x1,BUFF,1
4/28 18:49:23.718  SPELL_AURA_REMOVED_DOSE,Player-4755-01F21AE6,"Blahu-Dreadmist",0x40514,0x0,Player-4755-01F21AE6,"Blahu-Dreadmist",0x40514,0x0,23888,"Bloodthirst",0x1,BUFF,1
4/28 18:49:23.718  SPELL_HEAL,Player-4755-01F21AE6,"Blahu-Dreadmist",0x40514,0x0,Player-4755-01F21AE6,"Blahu-Dreadmist",0x40514,0x0,23891,"Bloodthirst",0x1,Player-4755-01F21AE6,0000000000000000,100,100,0,0,0,-1,0,0,0,13.36,-210.14,0,4.6774,70,20,20,20,0,nil
4/28 18:49:23.718  SPELL_AURA_REMOVED_DOSE,Player-4755-0160BD13,"Mafkees-Dreadmist",0x514,0x0,Player-4755-0160BD13,"Mafkees-Dreadmist",0x514,0x0,12970,"Flurry",0x1,BUFF,2
4/28 18:49:23.718  SPELL_AURA_REMOVED_DOSE,Player-4755-0160BD13,"Mafkees-Dreadmist",0x514,0x0,Player-4755-0160BD13,"Mafkees-Dreadmist",0x514,0x0,23888,"Bloodthirst",0x1,BUFF,3
4/28 18:49:23.718  SPELL_HEAL,Player-4755-0160BD13,"Mafkees-Dreadmist",0x514,0x0,Player-4755-0160BD13,"Mafkees-Dreadmist",0x514,0x0,23891,"Bloodthirst",0x1,Player-4755-0160BD13,0000000000000000,100,100,0,0,0,-1,0,0,0,9.18,-207.75,0,4.7972,64,10,10,10,0,nil
4/28 18:49:23.718  SPELL_HEAL,Player-4755-01804B95,"Moymoy-Dreadmist",0x514,0x0,Player-4755-01733879,"Hocwar-Dreadmist",0x40514,0x0,939,"Healing Wave",0x8,Player-4755-01733879,0000000000000000,100,100,0,0,0,-1,0,0,0,22.22,-218.01,0,3.0926,71,1000,1000,360,0,nil
4/28 18:49:23.718  SPELL_DAMAGE,Player-4755-01733879,"Hocwar-Dreadmist",0x40514,0x0,Creature-0-4457-249-1045-10184-000028665C,"Onyxia",0x10a48,0x0,23881,"Bloodthirst",0x1,Creature-0-4457-249-1045-10184-000028665C,0000000000000000,78,100,0,0,0,-1,0,0,0,10.16,-218.04,0,0.0023,63,525,666,-1,1,0,0,0,nil,nil,nil
4/28 18:49:23.718  SPELL_AURA_APPLIED,Player-4755-01733879,"Hocwar-Dreadmist",0x40514,0x0,Player-4755-01733879,"Hocwar-Dreadmist",0x40514,0x0,23885,"Bloodthirst",0x1,BUFF
4/28 18:49:23.718  SPELL_DAMAGE,Player-4755-01733879,"Hocwar-Dreadmist",0x40514,0x0,Creature-0-4457-249-1045-10184-000028665C,"Onyxia",0x10a48,0x0,11567,"Heroic Strike",0x1,Creature-0-4457-249-1045-10184-000028665C,0000000000000000,78,100,0,0,0,-1,0,0,0,10.16,-218.04,0,0.0023,63,317,402,-1,1,0,0,0,nil,nil,nil
4/28 18:49:23.718  SWING_DAMAGE_LANDED,Player-4755-01AC9FD9,"Alexinho-Dreadmist",0x514,0x0,Creature-0-4457-249-1045-10184-000028665C,"Onyxia",0x10a48,0x0,Creature-0-4457-249-1045-10184-000028665C,0000000000000000,78,100,0,0,0,-1,0,0,0,10.16,-218.04,0,0.0023,63,106,163,-1,1,0,0,0,nil,1,nil
4/28 18:49:23.718  SWING_DAMAGE,Player-4755-01F21AE6,"Blahu-Dreadmist",0x40514,0x0,Creature-0-4457-249-1045-10184-000028665C,"Onyxia",0x10a48,0x0,Player-4755-01F21AE6,0000000000000000,100,100,0,0,0,-1,0,0,0,13.36,-210.14,0,4.6774,70,93,134,-1,1,0,0,0,nil,1,nil
4/28 18:49:23.718  SWING_DAMAGE,Player-4755-01637B0A,"Pindle-Dreadmist",0x514,0x0,Creature-0-4457-249-1045-10184-000028665C,"Onyxia",0x10a48,0x0,Player-4755-01637B0A,0000000000000000,100,100,0,0,0,-1,0,0,0,8.72,-208.37,0,4.9632,65,146,198,-1,1,0,0,0,nil,1,nil
4/28 18:49:23.718  SWING_DAMAGE,Pet-0-4457-249-1045-9622-02002CD5BC,"Bokito",0x1114,0x0,Creature-0-4457-249-1045-10184-000028665C,"Onyxia",0x10a48,0x0,Pet-0-4457-249-1045-9622-02002CD5BC,Player-4755-020BD78D,91,100,0,0,0,-1,0,0,0,-4.27,-198.08,0,5.3385,70,131,241,-1,1,0,0,0,nil,1,nil
4/28 18:49:23.742  SWING_DAMAGE,Player-4755-0160BD13,"Mafkees-Dreadmist",0x514,0x0,Creature-0-4457-249-1045-10184-000028665C,"Onyxia",0x10a48,0x0,Player-4755-0160BD13,0000000000000000,100,100,0,0,0,-1,0,0,0,9.18,-207.75,0,4.7972,64,1369,868,-1,1,0,0,0,1,nil,nil
4/28 18:49:23.742  SWING_DAMAGE,Pet-0-4457-249-1045-2850-01001956F9,"Kratos",0x1114,0x0,Creature-0-4457-249-1045-10184-000028665C,"Onyxia",0x10a48,0x0,Pet-0-4457-249-1045-2850-01001956F9,Player-4755-0178F576,100,100,0,0,0,-1,0,0,0,9.46,-193.00,0,4.7404,66,100,127,-1,1,0,0,0,nil,nil,nil
4/28 18:49:23.773  SPELL_PERIODIC_ENERGIZE,Creature-0-4457-249-1045-7416-0000286C87,"Mana Spring Totem IV",0x2114,0x0,Player-4755-016296D3,"Nivl-Dreadmist",0x514,0x0,10494,"Mana Spring",0x8,Player-4755-016296D3,0000000000000000,100,100,0,0,0,-1,0,0,0,12.99,-204.08,0,4.6027,69,10.0000,0.0000,0,5845
4/28 18:49:23.773  SPELL_PERIODIC_ENERGIZE,Creature-0-4457-249-1045-7416-0000286C87,"Mana Spring Totem IV",0x2114,0x0,Player-4755-0178F576,"Atreas-Dreadmist",0x514,0x0,10494,"Mana Spring",0x8,Player-4755-0178F576,0000000000000000,100,100,0,0,0,-1,0,0,0,6.14,-178.76,0,4.8144,66,10.0000,0.0000,0,3765
4/28 18:49:23.773  SPELL_CAST_SUCCESS,Player-4755-01637B0A,"Pindle-Dreadmist",0x514,0x0,Creature-0-4457-249-1045-10184-000028665C,"Onyxia",0x10a48,0x0,11281,"Backstab",0x1,Player-4755-01637B0A,0000000000000000,100,100,0,0,0,-1,0,0,0,8.72,-208.37,0,4.9632,65
4/28 18:49:23.809  SPELL_PERIODIC_HEAL,Player-4755-01FA8DD8,"Roackerita-Dreadmist",0x514,0x0,Player-4755-01F21AE6,"Blahu-Dreadmist",0x40514,0x0,6078,"Renew",0x2,Player-4755-01F21AE6,0000000000000000,100,100,0,0,0,-1,0,0,0,13.36,-210.14,0,4.6774,70,235,235,235,0,nil
4/28 18:49:23.809  SWING_MISSED,Player-4755-0178F416,"Eltorero-Dreadmist",0x514,0x0,Creature-0-4457-249-1045-10184-000028665C,"Onyxia",0x10a48,0x0,MISS,nil
4/28 18:49:23.847  SPELL_CAST_SUCCESS,Player-4755-02045EF4,"Necrosini-Dreadmist",0x512,0x0,Player-4755-01733879,"Hocwar-Dreadmist",0x40514,0x0,2054,"Heal",0x2,Player-4755-02045EF4,0000000000000000,100,100,0,0,0,-1,0,0,0,5.83,-191.53,0,2.9798,69
4/28 18:49:23.866  SWING_DAMAGE,Player-4755-01637B0A,"Pindle-Dreadmist",0x514,0x0,Creature-0-4457-249-1045-10184-000028665C,"Onyxia",0x10a48,0x0,Player-4755-01637B0A,0000000000000000,100,100,0,0,0,-1,0,0,0,8.72,-208.37,0,4.9651,65,85,108,-1,1,0,0,0,nil,nil,nil
4/28 18:49:23.904  SPELL_AURA_APPLIED,Player-4755-01840577,"Raggèn-Dreadmist",0x514,0x0,Player-4755-01840577,"Raggèn-Dreadmist",0x514,0x0,16361,"Windfury Weapon",0x8,BUFF
4/28 18:49:23.904  SPELL_EXTRA_ATTACKS,Player-4755-01840577,"Raggèn-Dreadmist",0x514,0x0,Player-4755-01840577,"Raggèn-Dreadmist",0x514,0x0,16361,"Windfury Weapon",0x8,2
4/28 18:49:23.904  SWING_DAMAGE,Player-4755-01840577,"Raggèn-Dreadmist",0x514,0x0,Creature-0-4457-249-1045-10184-000028665C,"Onyxia",0x10a48,0x0,Player-4755-01840577,0000000000000000,100,100,0,0,0,-1,0,0,0,11.90,-208.00,0,4.7038,67,393,582,-1,1,0,0,0,nil,1,nil
4/28 18:49:23.904  SWING_DAMAGE,Player-4755-01840577,"Raggèn-Dreadmist",0x514,0x0,Creature-0-4457-249-1045-10184-000028665C,"Onyxia",0x10a48,0x0,Player-4755-01840577,0000000000000000,100,100,0,0,0,-1,0,0,0,11.90,-208.00,0,4.7038,67,488,746,-1,1,0,0,0,nil,1,nil
4/28 18:49:23.904  SPELL_PERIODIC_HEAL,Player-4755-01733879,"Hocwar-Dreadmist",0x40514,0x0,Player-4755-01733879,"Hocwar-Dreadmist",0x40514,0x0,24427,"Diamond Flask",0x8,Player-4755-01733879,0000000000000000,100,100,0,0,0,-1,0,0,0,22.22,-218.01,0,3.0926,71,301,301,301,0,nil
4/28 18:49:23.904  SPELL_AURA_REMOVED,Player-4755-01733879,"Hocwar-Dreadmist",0x40514,0x0,Player-4755-01733879,"Hocwar-Dreadmist",0x40514,0x0,24427,"Diamond Flask",0x8,BUFF
4/28 18:49:23.904  SPELL_AURA_REMOVED,Player-4755-01733879,"Hocwar-Dreadmist",0x40514,0x0,Player-4755-01733879,"Hocwar-Dreadmist",0x40514,0x0,23885,"Bloodthirst",0x1,BUFF
4/28 18:49:23.927  SWING_DAMAGE,Player-4755-01840577,"Raggèn-Dreadmist",0x514,0x0,Creature-0-4457-249-1045-10184-000028665C,"Onyxia",0x10a48,0x0,Player-4755-01840577,0000000000000000,100,100,0,0,0,-1,0,0,0,11.90,-208.00,0,4.7038,67,453,648,-1,1,0,0,0,nil,1,nil
4/28 18:49:23.950  SPELL_AURA_APPLIED,Player-4755-01A6B139,"Sakatan-Dreadmist",0x514,0x0,Player-4755-01A6B139,"Sakatan-Dreadmist",0x514,0x0,6774,"Slice and Dice",0x1,BUFF
4/28 18:49:23.950  SPELL_CAST_SUCCESS,Player-4755-01A6B139,"Sakatan-Dreadmist",0x514,0x0,Creature-0-4457-249-1045-10184-000028665C,"Onyxia",0x10a48,0x0,6774,"Slice and Dice",0x1,Player-4755-01A6B139,0000000000000000,100,100,0,0,0,-1,0,0,0,9.54,-199.57,0,5.0548,69
4/28 18:49:24.010  SPELL_DAMAGE,Player-4755-015FEBD5,"Sauvage-Dreadmist",0x514,0x0,Creature-0-4457-249-1045-10184-000028665C,"Onyxia",0x10a48,0x0,10181,"Frostbolt",0x10,Creature-0-4457-249-1045-10184-000028665C,0000000000000000,78,100,0,0,0,-1,0,0,0,10.16,-218.04,0,0.0023,63,919,834,-1,16,0,0,0,nil,nil,nil
4/28 18:49:24.044  RANGE_DAMAGE,Player-4755-01802FE5,"Angrybat-Dreadmist",0x514,0x0,Creature-0-4457-249-1045-10184-000028665C,"Onyxia",0x10a48,0x0,5019,"Shoot",0x1,Creature-0-4457-249-1045-10184-000028665C,0000000000000000,78,100,0,0,0,-1,0,0,0,10.16,-218.04,0,0.0023,63,102,92,-1,16,0,0,0,nil,nil,nil
4/28 18:49:24.106  SPELL_PERIODIC_ENERGIZE,Player-4755-01BC57A3,"Saintis-Dreadmist",0x511,0x0,Player-4755-01BC57A3,"Saintis-Dreadmist",0x511,0x0,18194,"Mana Regeneration",0x1,Player-4755-01BC57A3,0000000000000000,100,100,0,0,0,-1,0,0,0,10.36,-192.03,0,5.2278,68,8.0000,0.0000,0,7212
4/28 18:49:24.106  SPELL_CAST_SUCCESS,Pet-0-4457-249-1045-2850-01001956F9,"Kratos",0x1114,0x0,Creature-0-4457-249-1045-10184-000028665C,"Onyxia",0x10a48,0x0,3009,"Claw",0x1,Pet-0-4457-249-1045-2850-01001956F9,Player-4755-0178F576,100,100,0,0,0,-1,0,0,0,9.46,-193.00,0,4.7404,66
4/28 18:49:24.106  SPELL_AURA_REFRESH,Player-4755-0160BD13,"Mafkees-Dreadmist",0x514,0x0,Creature-0-4457-249-1045-10184-000028665C,"Onyxia",0x10a48,0x0,12721,"Deep Wound",0x1,DEBUFF
4/28 18:49:24.106  SWING_DAMAGE_LANDED,Player-4755-01F21AE6,"Blahu-Dreadmist",0x40514,0x0,Creature-0-4457-249-1045-10184-000028665C,"Onyxia",0x10a48,0x0,Creature-0-4457-249-1045-10184-000028665C,0000000000000000,78,100,0,0,0,-1,0,0,0,10.16,-218.04,0,0.0023,63,93,134,-1,1,0,0,0,nil,1,nil
4/28 18:49:24.106  SWING_DAMAGE_LANDED,Player-4755-01637B0A,"Pindle-Dreadmist",0x514,0x0,Creature-0-4457-249-1045-10184-000028665C,"Onyxia",0x10a48,0x0,Creature-0-4457-249-1045-10184-000028665C,0000000000000000,78,100,0,0,0,-1,0,0,0,10.16,-218.04,0,0.0023,63,146,198,-1,1,0,0,0,nil,1,nil
4/28 18:49:24.106  SWING_DAMAGE_LANDED,Pet-0-4457-249-1045-9622-02002CD5BC,"Bokito",0x1114,0x0,Creature-0-4457-249-1045-10184-000028665C,"Onyxia",0x10a48,0x0,Creature-0-4457-249-1045-10184-000028665C,0000000000000000,78,100,0,0,0,-1,0,0,0,10.16,-218.04,0,0.0023,63,131,241,-1,1,0,0,0,nil,1,nil
4/28 18:49:24.106  SWING_DAMAGE_LANDED,Player-4755-0160BD13,"Mafkees-Dreadmist",0x514,0x0,Creature-0-4457-249-1045-10184-000028665C,"Onyxia",0x10a48,0x0,Creature-0-4457-249-1045-10184-000028665C,0000000000000000,78,100,0,0,0,-1,0,0,0,10.16,-218.04,0,0.0023,63,1369,868,-1,1,0,0,0,1,nil,nil
4/28 18:49:24.106  SWING_DAMAGE_LANDED,Pet-0-4457-249-1045-2850-01001956F9,"Kratos",0x1114,0x0,Creature-0-4457-249-1045-10184-000028665C,"Onyxia",0x10a48,0x0,Creature-0-4457-249-1045-10184-000028665C,0000000000000000,78,100,0,0,0,-1,0,0,0,10.16,-218.04,0,0.0023,63,100,127,-1,1,0,0,0,nil,nil,nil
4/28 18:49:24.106  SPELL_DAMAGE,Player-4755-01637B0A,"Pindle-Dreadmist",0x514,0x0,Creature-0-4457-249-1045-10184-000028665C,"Onyxia",0x10a48,0x0,11281,"Backstab",0x1,Creature-0-4457-249-1045-10184-000028665C,0000000000000000,78,100,0,0,0,-1,0,0,0,10.16,-218.04,0,0.0023,63,1158,642,-1,1,0,0,0,1,nil,nil
4/28 18:49:24.106  SPELL_HEAL,Player-4755-02045EF4,"Necrosini-Dreadmist",0x512,0x0,Player-4755-01733879,"Hocwar-Dreadmist",0x40514,0x0,2054,"Heal",0x2,Player-4755-01733879,0000000000000000,100,100,0,0,0,-1,0,0,0,22.22,-218.01,0,3.1044,71,640,640,640,0,nil
4/28 18:49:24.106  SWING_DAMAGE_LANDED,Player-4755-01637B0A,"Pindle-Dreadmist",0x514,0x0,Creature-0-4457-249-1045-10184-000028665C,"Onyxia",0x10a48,0x0,Creature-0-4457-249-1045-10184-000028665C,0000000000000000,78,100,0,0,0,-1,0,0,0,10.16,-218.04,0,0.0023,63,85,108,-1,1,0,0,0,nil,nil,nil
4/28 18:49:24.106  SPELL_DAMAGE,Player-4755-01637B0A,"Pindle-Dreadmist",0x514,0x0,Creature-0-4457-249-1045-10184-000028665C,"Onyxia",0x10a48,0x0,11337,"Instant Poison VI",0x8,Creature-0-4457-249-1045-10184-000028665C,0000000000000000,78,100,0,0,0,-1,0,0,0,10.16,-218.04,0,0.0023,63,137,136,-1,8,0,0,0,nil,nil,nil
4/28 18:49:24.106  SWING_DAMAGE_LANDED,Player-4755-01840577,"Raggèn-Dreadmist",0x514,0x0,Creature-0-4457-249-1045-10184-000028665C,"Onyxia",0x10a48,0x0,Creature-0-4457-249-1045-10184-000028665C,0000000000000000,78,100,0,0,0,-1,0,0,0,10.16,-218.04,0,0.0023,63,393,582,-1,1,0,0,0,nil,1,nil
4/28 18:49:24.106  SWING_DAMAGE_LANDED,Player-4755-01840577,"Raggèn-Dreadmist",0x514,0x0,Creature-0-4457-249-1045-10184-000028665C,"Onyxia",0x10a48,0x0,Creature-0-4457-249-1045-10184-000028665C,0000000000000000,78,100,0,0,0,-1,0,0,0,10.16,-218.04,0,0.0023,63,488,746,-1,1,0,0,0,nil,1,nil
4/28 18:49:24.106  SWING_DAMAGE_LANDED,Player-4755-01840577,"Raggèn-Dreadmist",0x514,0x0,Creature-0-4457-249-1045-10184-000028665C,"Onyxia",0x10a48,0x0,Creature-0-4457-249-1045-10184-000028665C,0000000000000000,77,100,0,0,0,-1,0,0,0,10.16,-218.04,0,0.0023,63,453,648,-1,1,0,0,0,nil,1,nil
4/28 18:49:24.106  SPELL_DAMAGE,Pet-0-4457-249-1045-2850-01001956F9,"Kratos",0x1114,0x0,Creature-0-4457-249-1045-10184-000028665C,"Onyxia",0x10a48,0x0,3009,"Claw",0x1,Creature-0-4457-249-1045-10184-000028665C,0000000000000000,77,100,0,0,0,-1,0,0,0,10.16,-218.04,0,0.0023,63,64,80,-1,1,0,0,0,nil,nil,nil
4/28 18:49:24.145  SPELL_CAST_START,Player-4755-01614AC7,"Mirrimazduur-Dreadmist",0x512,0x0,0000000000000000,nil,0x80000000,0x80000000,11661,"Shadow Bolt",0x20
4/28 18:49:24.160  SPELL_CAST_SUCCESS,Player-4755-01617EEE,"Fenix-Dreadmist",0x512,0x0,Player-4755-01733879,"Hocwar-Dreadmist",0x40514,0x0,10916,"Flash Heal",0x2,Player-4755-01617EEE,0000000000000000,100,100,0,0,0,-1,0,0,0,26.44,-181.95,0,4.6344,66
4/28 18:49:24.229  RANGE_DAMAGE,Player-4755-020BD78D,"Lonehunter-Dreadmist",0x514,0x0,Creature-0-4457-249-1045-10184-000028665C,"Onyxia",0x10a48,0x0,75,"Auto Shot",0x1,Creature-0-4457-249-1045-10184-000028665C,0000000000000000,77,100,0,0,0,-1,0,0,0,10.16,-218.04,0,0.0023,63,406,516,-1,1,0,0,0,nil,nil,nil
4/28 18:49:24.229  SWING_MISSED,Player-4755-01733879,"Hocwar-Dreadmist",0x40514,0x0,Creature-0-4457-249-1045-10184-000028665C,"Onyxia",0x10a48,0x0,MISS,1
4/28 18:49:24.248  SPELL_CAST_SUCCESS,Player-4755-016296D3,"Nivl-Dreadmist",0x514,0x0,Creature-0-4457-249-1045-10184-000028665C,"Onyxia",0x10a48,0x0,15208,"Lightning Bolt",0x8,Player-4755-016296D3,0000000000000000,100,100,0,0,0,-1,0,0,0,12.99,-204.08,0,4.6027,69
4/28 18:49:24.248  SPELL_CAST_START,Player-4755-016296D3,"Nivl-Dreadmist",0x514,0x0,0000000000000000,nil,0x80000000,0x80000000,15208,"Lightning Bolt",0x8
4/28 18:49:24.270  SWING_DAMAGE,Player-4755-01A6B139,"Sakatan-Dreadmist",0x514,0x0,Creature-0-4457-249-1045-10184-000028665C,"Onyxia",0x10a48,0x0,Player-4755-01A6B139,0000000000000000,100,100,0,0,0,-1,0,0,0,9.54,-199.57,0,5.0548,69,112,154,-1,1,0,0,0,nil,1,nil
4/28 18:49:24.270  SPELL_CAST_SUCCESS,Player-4755-01FA8DD8,"Roackerita-Dreadmist",0x514,0x0,Player-4755-01614AC7,"Mirrimazduur-Dreadmist",0x512,0x0,2055,"Heal",0x2,Player-4755-01FA8DD8,0000000000000000,100,100,0,0,0,-1,0,0,0,3.53,-182.84,0,4.9951,69
4/28 18:49:24.270  SPELL_CAST_START,Player-4755-01F36B30,"Rectumqeef-Dreadmist",0x514,0x0,0000000000000000,nil,0x80000000,0x80000000,5019,"Shoot",0x1
4/28 18:49:24.270  SPELL_CAST_SUCCESS,Player-4755-0163DD9D,"Kaspais-Dreadmist",0x514,0x0,Creature-0-4457-249-1045-10184-000028665C,"Onyxia",0x10a48,0x0,10181,"Frostbolt",0x10,Player-4755-0163DD9D,0000000000000000,100,100,0,0,0,-1,0,0,0,5.53,-187.31,0,4.6000,66
4/28 18:49:24.270  SPELL_CAST_START,Player-4755-0163DD9D,"Kaspais-Dreadmist",0x514,0x0,0000000000000000,nil,0x80000000,0x80000000,10181,"Frostbolt",0x10
4/28 18:49:24.296  SPELL_AURA_REMOVED,Player-4755-01733879,"Hocwar-Dreadmist",0x40514,0x0,Player-4755-01733879,"Hocwar-Dreadmist",0x40514,0x0,20007,"Holy Strength",0x2,BUFF
4/28 18:49:24.341  SPELL_CAST_START,Player-4755-01B60A5F,"Zurok-Dreadmist",0x514,0x0,0000000000000000,nil,0x80000000,0x80000000,20904,"Aimed Shot",0x1
4/28 18:49:24.394  SPELL_CAST_START,Player-4755-020BD78D,"Lonehunter-Dreadmist",0x514,0x0,0000000000000000,nil,0x80000000,0x80000000,75,"Auto Shot",0x1
4/28 18:49:24.394  SPELL_CAST_START,Player-4755-01E83279,"Nlmasters-Dreadmist",0x514,0x8,0000000000000000,nil,0x80000000,0x80000000,75,"Auto Shot",0x1
4/28 18:49:24.441  SPELL_CAST_SUCCESS,Player-4755-02045EF4,"Necrosini-Dreadmist",0x512,0x0,Player-4755-01733879,"Hocwar-Dreadmist",0x40514,0x0,10929,"Renew",0x2,Player-4755-02045EF4,0000000000000000,100,100,0,0,0,-1,0,0,0,5.83,-191.53,0,2.9798,69
4/28 18:49:24.457  SWING_DAMAGE,Player-4755-01AC9FD9,"Alexinho-Dreadmist",0x514,0x0,Creature-0-4457-249-1045-10184-000028665C,"Onyxia",0x10a48,0x0,Player-4755-01AC9FD9,0000000000000000,100,100,0,0,0,-1,0,0,0,14.04,-202.29,0,4.4934,66,215,336,-1,1,0,0,0,nil,1,nil
4/28 18:49:24.490  SPELL_DAMAGE,Player-4755-021D6506,"Bloodlady-Dreadmist",0x514,0x0,Creature-0-4457-249-1045-10184-000028665C,"Onyxia",0x10a48,0x0,10181,"Frostbolt",0x10,Creature-0-4457-249-1045-10184-000028665C,0000000000000000,77,100,0,0,0,-1,0,0,0,10.16,-218.04,0,0.0023,63,1010,918,-1,16,0,0,0,nil,nil,nil
4/28 18:49:24.509  SPELL_ENERGIZE,Player-4755-01733879,"Hocwar-Dreadmist",0x40514,0x0,Player-4755-01733879,"Hocwar-Dreadmist",0x40514,0x0,12964,"Unbridled Wrath",0x1,Player-4755-01733879,0000000000000000,100,100,0,0,0,-1,0,0,0,22.22,-218.01,0,3.1122,71,1.0000,0.0000,1,1000
4/28 18:49:24.509  SPELL_HEAL,Player-4755-01F21AE6,"Blahu-Dreadmist",0x40514,0x0,Player-4755-01F21AE6,"Blahu-Dreadmist",0x40514,0x0,23891,"Bloodthirst",0x1,Player-4755-01F21AE6,0000000000000000,100,100,0,0,0,-1,0,0,0,13.36,-210.14,0,4.6774,70,20,20,20,0,nil
4/28 18:49:24.509  SPELL_AURA_REMOVED,Player-4755-01F21AE6,"Blahu-Dreadmist",0x40514,0x0,Player-4755-01F21AE6,"Blahu-Dreadmist",0x40514,0x0,23888,"Bloodthirst",0x1,BUFF
4/28 18:49:24.509  SPELL_AURA_REMOVED,Player-4755-01F21AE6,"Blahu-Dreadmist",0x40514,0x0,Player-4755-01F21AE6,"Blahu-Dreadmist",0x40514,0x0,12970,"Flurry",0x1,BUFF
4/28 18:49:24.509  SPELL_AURA_REMOVED_DOSE,Player-4755-0160BD13,"Mafkees-Dreadmist",0x514,0x0,Player-4755-0160BD13,"Mafkees-Dreadmist",0x514,0x0,12970,"Flurry",0x1,BUFF,1
4/28 18:49:24.509  SPELL_AURA_REMOVED_DOSE,Player-4755-0160BD13,"Mafkees-Dreadmist",0x514,0x0,Player-4755-0160BD13,"Mafkees-Dreadmist",0x514,0x0,23888,"Bloodthirst",0x1,BUFF,2
4/28 18:49:24.509  SPELL_AURA_APPLIED_DOSE,Player-4755-0160BD13,"Mafkees-Dreadmist",0x514,0x0,Player-4755-0160BD13,"Mafkees-Dreadmist",0x514,0x0,12970,"Flurry",0x1,BUFF,3
4/28 18:49:24.509  SPELL_HEAL,Player-4755-0160BD13,"Mafkees-Dreadmist",0x514,0x0,Player-4755-0160BD13,"Mafkees-Dreadmist",0x514,0x0,23891,"Bloodthirst",0x1,Player-4755-0160BD13,0000000000000000,100,100,0,0,0,-1,0,0,0,9.19,-207.95,0,4.7933,64,10,10,10,0,nil
4/28 18:49:24.509  SPELL_AURA_REMOVED,Player-4755-0178F416,"Eltorero-Dreadmist",0x514,0x0,Player-4755-0178F416,"Eltorero-Dreadmist",0x514,0x0,12970,"Flurry",0x1,BUFF
4/28 18:49:24.509  SPELL_AURA_REMOVED_DOSE,Player-4755-01840577,"Raggèn-Dreadmist",0x514,0x0,Player-4755-01840577,"Raggèn-Dreadmist",0x514,0x0,16361,"Windfury Weapon",0x8,BUFF,2
4/28 18:49:24.509  SPELL_AURA_REMOVED,Player-4755-01840577,"Raggèn-Dreadmist",0x514,0x0,Player-4755-01840577,"Raggèn-Dreadmist",0x514,0x0,16280,"Flurry",0x1,BUFF
4/28 18:49:24.509  SPELL_AURA_REMOVED_DOSE,Player-4755-01840577,"Raggèn-Dreadmist",0x514,0x0,Player-4755-01840577,"Raggèn-Dreadmist",0x514,0x0,16361,"Windfury Weapon",0x8,BUFF,1
4/28 18:49:24.509  SPELL_AURA_REMOVED,Player-4755-01840577,"Raggèn-Dreadmist",0x514,0x0,Player-4755-01840577,"Raggèn-Dreadmist",0x514,0x0,16361,"Windfury Weapon",0x8,BUFF
4/28 18:49:24.509  SPELL_HEAL,Player-4755-01617EEE,"Fenix-Dreadmist",0x512,0x0,Player-4755-01733879,"Hocwar-Dreadmist",0x40514,0x0,10916,"Flash Heal",0x2,Player-4755-01733879,0000000000000000,100,100,0,0,0,-1,0,0,0,22.22,-218.01,0,3.1122,71,1028,1028,1028,0,nil
4/28 18:49:24.509  SWING_DAMAGE_LANDED,Player-4755-01A6B139,"Sakatan-Dreadmist",0x514,0x0,Creature-0-4457-249-1045-10184-000028665C,"Onyxia",0x10a48,0x0,Creature-0-4457-249-1045-10184-000028665C,0000000000000000,77,100,0,0,0,-1,0,0,0,10.16,-218.04,0,0.0023,63,112,154,-1,1,0,0,0,nil,1,nil
4/28 18:49:24.509  SPELL_DAMAGE,Player-4755-01A6B139,"Sakatan-Dreadmist",0x514,0x0,Creature-0-4457-249-1045-10184-000028665C,"Onyxia",0x10a48,0x0,11337,"Instant Poison VI",0x8,Creature-0-4457-249-1045-10184-000028665C,0000000000000000,77,100,0,0,0,-1,0,0,0,10.16,-218.04,0,0.0023,63,141,140,-1,8,0,0,0,nil,nil,nil
4/28 18:49:24.509  SPELL_HEAL,Player-4755-01FA8DD8,"Roackerita-Dreadmist",0x514,0x0,Player-4755-01614AC7,"Mirrimazduur-Dreadmist",0x512,0x0,2055,"Heal",0x2,Player-4755-01614AC7,0000000000000000,100,100,0,0,0,-1,0,0,0,-1.52,-178.92,0,4.8760,68,1678,1678,1678,0,1
4/28 18:49:24.509  SPELL_AURA_APPLIED,Player-4755-02045EF4,"Necrosini-Dreadmist",0x512,0x0,Player-4755-01733879,"Hocwar-Dreadmist",0x40514,0x0,10929,"Renew",0x2,BUFF
4/28 18:49:24.509  SWING_DAMAGE_LANDED,Player-4755-01AC9FD9,"Alexinho-Dreadmist",0x514,0x0,Creature-0-4457-249-1045-10184-000028665C,"Onyxia",0x10a48,0x0,Creature-0-4457-249-1045-10184-000028665C,0000000000000000,77,100,0,0,0,-1,0,0,0,10.16,-218.04,0,0.0023,63,215,336,-1,1,0,0,0,nil,1,nil
4/28 18:49:24.535  SPELL_AURA_REMOVED,Player-4755-01802FE5,"Angrybat-Dreadmist",0x514,0x0,Creature-0-4457-249-1045-10184-000028665C,"Onyxia",0x10a48,0x0,12579,"Winter's Chill",0x10,DEBUFF
4/28 18:49:24.583  SPELL_CAST_START,Player-4755-0210153A,"Hapuseneb-Dreadmist",0x514,0x0,0000000000000000,nil,0x80000000,0x80000000,6064,"Heal",0x2
4/28 18:49:24.642  SPELL_CAST_SUCCESS,Player-4755-020BD78D,"Lonehunter-Dreadmist",0x514,0x0,Creature-0-4457-249-1045-10184-000028665C,"Onyxia",0xa48,0x0,75,"Auto Shot",0x1,Player-4755-020BD78D,0000000000000000,100,100,0,0,0,-1,0,0,0,1.62,-179.46,0,4.9304,70
4/28 18:49:24.689  SPELL_CAST_START,Player-4755-01802FE5,"Angrybat-Dreadmist",0x514,0x0,0000000000000000,nil,0x80000000,0x80000000,5019,"Shoot",0x1
4/28 18:49:24.742  RANGE_MISSED,Player-4755-01F36B30,"Rectumqeef-Dreadmist",0x514,0x0,Creature-0-4457-249-1045-10184-000028665C,"Onyxia",0xa48,0x0,5019,"Shoot",0x1,RESIST,nil,0
4/28 18:49:24.742  SWING_DAMAGE,Pet-0-4457-249-1045-2850-01001956F9,"Kratos",0x1114,0x0,Creature-0-4457-249-1045-10184-000028665C,"Onyxia",0xa48,0x0,Pet-0-4457-249-1045-2850-01001956F9,Player-4755-0178F576,100,100,0,0,0,-1,0,0,0,9.46,-193.00,0,4.7404,66,58,120,-1,1,0,0,0,nil,1,nil
4/28 18:49:24.742  SPELL_CAST_SUCCESS,Player-4755-01F36B30,"Rectumqeef-Dreadmist",0x514,0x0,Creature-0-4457-249-1045-10184-000028665C,"Onyxia",0xa48,0x0,5019,"Shoot",0x1,Player-4755-01F36B30,0000000000000000,100,100,0,0,0,-1,0,0,0,11.80,-188.94,0,4.6184,66
4/28 18:49:24.789  SPELL_AURA_REMOVED,Player-4755-01733879,"Hocwar-Dreadmist",0x40514,0x0,Player-4755-01733879,"Hocwar-Dreadmist",0x40514,0x0,20007,"Holy Strength",0x2,BUFF
4/28 18:49:24.789  SPELL_AURA_REMOVED,Player-4755-020BD78D,"Lonehunter-Dreadmist",0x514,0x0,Player-4755-020BD78D,"Lonehunter-Dreadmist",0x514,0x0,6150,"Quick Shots",0x1,BUFF
4/28 18:49:24.827  SWING_DAMAGE,Player-4755-01A6B139,"Sakatan-Dreadmist",0x10514,0x0,Creature-0-4457-249-1045-10184-000028665C,"Onyxia",0xa48,0x0,Player-4755-01A6B139,0000000000000000,100,100,0,0,0,-1,0,0,0,9.54,-199.57,0,5.0548,69,167,230,-1,1,0,0,0,nil,1,nil
4/28 18:49:24.827  SPELL_CAST_SUCCESS,Player-4755-01E83279,"Nlmasters-Dreadmist",0x514,0x8,Creature-0-4457-249-1045-10184-000028665C,"Onyxia",0xa48,0x0,75,"Auto Shot",0x1,Player-4755-01E83279,0000000000000000,100,100,0,0,0,-1,0,0,0,-7.13,-184.19,0,4.8930,70
4/28 18:49:24.887  SPELL_AURA_REMOVED,Pet-0-4457-249-1045-7456-03003178E8,"Owl",0x1114,0x0,Creature-0-4457-249-1045-10184-000028665C,"Onyxia",0xa48,0x0,24579,"Screech",0x1,DEBUFF
4/28 18:49:24.887  SWING_DAMAGE,Player-4755-01733879,"Hocwar-Dreadmist",0x40514,0x0,Creature-0-4457-249-1045-10184-000028665C,"Onyxia",0xa48,0x0,Player-4755-01733879,0000000000000000,100,100,0,0,0,-1,0,0,0,22.22,-218.01,0,3.1122,71,144,241,-1,1,0,46,0,nil,nil,nil
4/28 18:49:24.910  SPELL_CAST_SUCCESS,Player-4755-0160BD13,"Mafkees-Dreadmist",0x514,0x0,Creature-0-4457-249-1045-10184-000028665C,"Onyxia",0xa48,0x0,7373,"Hamstring",0x1,Player-4755-0160BD13,0000000000000000,100,100,0,0,0,-1,0,0,0,9.19,-207.95,0,4.7933,64
4/28 18:49:24.917  SPELL_ENERGIZE,Player-4755-01F21AE6,"Blahu-Dreadmist",0x40514,0x0,Player-4755-01F21AE6,"Blahu-Dreadmist",0x40514,0x0,12964,"Unbridled Wrath",0x1,Player-4755-01F21AE6,0000000000000000,100,100,0,0,0,-1,0,0,0,13.36,-210.14,0,4.6774,70,1.0000,0.0000,1,1000
4/28 18:49:24.917  SPELL_AURA_REFRESH,Player-4755-0160BD13,"Mafkees-Dreadmist",0x514,0x0,Creature-0-4457-249-1045-10184-000028665C,"Onyxia",0xa48,0x0,12721,"Deep Wound",0x1,DEBUFF
4/28 18:49:24.917  SPELL_AURA_REMOVED_DOSE,Player-4755-01733879,"Hocwar-Dreadmist",0x40514,0x0,Player-4755-01733879,"Hocwar-Dreadmist",0x40514,0x0,12970,"Flurry",0x1,BUFF,2
4/28 18:49:24.917  SWING_DAMAGE_LANDED,Pet-0-4457-249-1045-2850-01001956F9,"Kratos",0x1114,0x0,Creature-0-4457-249-1045-10184-000028665C,"Onyxia",0xa48,0x0,Creature-0-4457-249-1045-10184-000028665C,0000000000000000,77,100,0,0,0,-1,0,0,0,10.16,-218.04,0,0.0023,63,58,120,-1,1,0,0,0,nil,1,nil
4/28 18:49:24.917  SWING_DAMAGE_LANDED,Player-4755-01A6B139,"Sakatan-Dreadmist",0x10514,0x0,Creature-0-4457-249-1045-10184-000028665C,"Onyxia",0xa48,0x0,Creature-0-4457-249-1045-10184-000028665C,0000000000000000,77,100,0,0,0,-1,0,0,0,10.16,-218.04,0,0.0023,63,167,230,-1,1,0,0,0,nil,1,nil
4/28 18:49:24.917  SWING_DAMAGE_LANDED,Player-4755-01733879,"Hocwar-Dreadmist",0x40514,0x0,Creature-0-4457-249-1045-10184-000028665C,"Onyxia",0xa48,0x0,Creature-0-4457-249-1045-10184-000028665C,0000000000000000,77,100,0,0,0,-1,0,0,0,10.16,-218.04,0,0.0023,63,144,241,-1,1,0,0,0,nil,nil,nil
4/28 18:49:24.917  SPELL_DAMAGE,Player-4755-0160BD13,"Mafkees-Dreadmist",0x514,0x0,Creature-0-4457-249-1045-10184-000028665C,"Onyxia",0xa48,0x0,7373,"Hamstring",0x1,Creature-0-4457-249-1045-10184-000028665C,0000000000000000,77,100,0,0,0,-1,0,0,0,10.16,-218.04,0,0.0023,63,96,55,-1,1,0,0,0,1,nil,nil
4/28 18:49:24.955  SWING_DAMAGE,Player-4755-01637B0A,"Pindle-Dreadmist",0x514,0x0,Creature-0-4457-249-1045-10184-000028665C,"Onyxia",0xa48,0x0,Player-4755-01637B0A,0000000000000000,100,100,0,0,0,-1,0,0,0,8.72,-208.37,0,4.9651,65,94,129,-1,1,0,0,0,nil,1,nil
4/28 18:49:24.979  SPELL_MISSED,Player-4755-016296D3,"Nivl-Dreadmist",0x514,0x0,Creature-0-4457-249-1045-10184-000028665C,"Onyxia",0xa48,0x0,15208,"Lightning Bolt",0x8,RESIST,nil,0
4/28 18:49:25.070  SWING_MISSED,Player-4755-01AC9FD9,"Alexinho-Dreadmist",0x514,0x0,Creature-0-4457-249-1045-10184-000028665C,"Onyxia",0xa48,0x0,MISS,1
4/28 18:49:25.105  SWING_DAMAGE,Player-4755-01637B0A,"Pindle-Dreadmist",0x514,0x0,Creature-0-4457-249-1045-10184-000028665C,"Onyxia",0xa48,0x0,Player-4755-01637B0A,0000000000000000,100,100,0,0,0,-1,0,0,0,8.72,-208.37,0,4.9651,65,384,238,-1,1,0,0,0,1,nil,nil
4/28 18:49:25.207  SPELL_CAST_START,Player-4755-020BD78D,"Lonehunter-Dreadmist",0x514,0x0,0000000000000000,nil,0x80000000,0x80000000,20904,"Aimed Shot",0x1
4/28 18:49:25.207  SWING_DAMAGE,Creature-0-4457-249-1045-10184-000028665C,"Onyxia",0xa48,0x0,Player-4755-01733879,"Hocwar-Dreadmist",0x40514,0x0,Creature-0-4457-249-1045-10184-000028665C,0000000000000000,77,100,0,0,0,-1,0,0,0,10.16,-218.04,0,0.0023,63,793,1246,-1,1,0,0,0,nil,nil,1
4/28 18:49:25.248  SPELL_PERIODIC_DAMAGE,Player-4755-0178F416,"Eltorero-Dreadmist",0x514,0x0,Creature-0-4457-249-1045-10184-000028665C,"Onyxia",0xa48,0x0,12721,"Deep Wound",0x1,Creature-0-4457-249-1045-10184-000028665C,0000000000000000,77,100,0,0,0,-1,0,0,0,10.16,-218.04,0,0.0023,63,111,110,-1,1,0,0,0,nil,nil,nil
4/28 18:49:25.248  SWING_MISSED,Pet-0-4457-249-1045-7456-03003178E8,"Owl",0x1114,0x0,Creature-0-4457-249-1045-10184-000028665C,"Onyxia",0xa48,0x0,PARRY,nil
4/28 18:49:25.277  SWING_DAMAGE,Player-4755-01F21AE6,"Blahu-Dreadmist",0x40514,0x0,Creature-0-4457-249-1045-10184-000028665C,"Onyxia",0xa48,0x0,Player-4755-01F21AE6,0000000000000000,100,100,0,0,0,-1,0,0,0,13.36,-210.14,0,4.6774,70,99,143,-1,1,0,0,0,nil,1,nil
4/28 18:49:25.308  SPELL_AURA_REMOVED,Player-4755-01617EEE,"Fenix-Dreadmist",0x512,0x0,Player-4755-01614AC7,"Mirrimazduur-Dreadmist",0x512,0x0,15359,"Inspiration",0x2,BUFF
4/28 18:49:25.308  SPELL_AURA_APPLIED,Player-4755-01FA8DD8,"Roackerita-Dreadmist",0x514,0x0,Player-4755-01614AC7,"Mirrimazduur-Dreadmist",0x512,0x0,15359,"Inspiration",0x2,BUFF
4/28 18:49:25.308  SPELL_AURA_REMOVED_DOSE,Player-4755-01733879,"Hocwar-Dreadmist",0x40514,0x0,Player-4755-01733879,"Hocwar-Dreadmist",0x40514,0x0,12970,"Flurry",0x1,BUFF,1
4/28 18:49:25.308  SPELL_AURA_REMOVED_DOSE,Player-4755-0160BD13,"Mafkees-Dreadmist",0x514,0x0,Player-4755-0160BD13,"Mafkees-Dreadmist",0x514,0x0,23888,"Bloodthirst",0x1,BUFF,1
4/28 18:49:25.308  SPELL_AURA_REFRESH,Player-4755-0160BD13,"Mafkees-Dreadmist",0x514,0x0,Player-4755-0160BD13,"Mafkees-Dreadmist",0x514,0x0,12970,"Flurry",0x1,BUFF
4/28 18:49:25.308  SPELL_HEAL,Player-4755-0160BD13,"Mafkees-Dreadmist",0x514,0x0,Player-4755-0160BD13,"Mafkees-Dreadmist",0x514,0x0,23891,"Bloodthirst",0x1,Player-4755-0160BD13,0000000000000000,100,100,0,0,0,-1,0,0,0,9.19,-207.95,0,4.8051,64,10,10,10,0,nil
4/28 18:49:25.308  SWING_DAMAGE_LANDED,Player-4755-01637B0A,"Pindle-Dreadmist",0x514,0x0,Creature-0-4457-249-1045-10184-000028665C,"Onyxia",0xa48,0x0,Creature-0-4457-249-1045-10184-000028665C,0000000000000000,77,100,0,0,0,-1,0,0,0,10.16,-218.04,0,0.0023,63,94,129,-1,1,0,0,0,nil,1,nil
4/28 18:49:25.308  SWING_DAMAGE_LANDED,Player-4755-01637B0A,"Pindle-Dreadmist",0x514,0x0,Creature-0-4457-249-1045-10184-000028665C,"Onyxia",0xa48,0x0,Creature-0-4457-249-1045-10184-000028665C,0000000000000000,77,100,0,0,0,-1,0,0,0,10.16,-218.04,0,0.0023,63,384,238,-1,1,0,0,0,1,nil,nil
4/28 18:49:25.308  SWING_DAMAGE_LANDED,Creature-0-4457-249-1045-10184-000028665C,"Onyxia",0xa48,0x0,Player-4755-01733879,"Hocwar-Dreadmist",0x40514,0x0,Player-4755-01733879,0000000000000000,87,100,0,0,0,-1,0,0,0,22.22,-218.01,0,3.1122,71,793,1246,-1,1,0,0,0,nil,nil,1
4/28 18:49:25.308  SWING_DAMAGE_LANDED,Player-4755-01F21AE6,"Blahu-Dreadmist",0x40514,0x0,Creature-0-4457-249-1045-10184-000028665C,"Onyxia",0xa48,0x0,Creature-0-4457-249-1045-10184-000028665C,0000000000000000,77,100,0,0,0,-1,0,0,0,10.16,-218.04,0,0.0023,63,99,143,-1,1,0,0,0,nil,1,nil
4/28 18:49:25.329  SPELL_AURA_REMOVED,Pet-0-4457-249-1045-7456-03003178E8,"Owl",0x1114,0x0,Pet-0-4457-249-1045-7456-03003178E8,"Owl",0x1114,0x0,23148,"Dive",0x1,BUFF
4/28 18:49:25.357  SWING_DAMAGE,Player-4755-01F21AE6,"Blahu-Dreadmist",0x40514,0x0,Creature-0-4457-249-1045-10184-000028665C,"Onyxia",0xa48,0x0,Player-4755-01F21AE6,0000000000000000,100,100,0,0,0,-1,0,0,0,13.36,-210.14,0,4.6774,70,187,389,-1,1,0,0,0,nil,1,nil
4/28 18:49:25.386  SPELL_DAMAGE,Player-4755-0163DD9D,"Kaspais-Dreadmist",0x514,0x0,Creature-0-4457-249-1045-10184-000028665C,"Onyxia",0xa48,0x0,10181,"Frostbolt",0x10,Creature-0-4457-249-1045-10184-000028665C,0000000000000000,77,100,0,0,0,-1,0,0,0,10.16,-218.04,0,0.0023,63,954,867,-1,16,0,0,0,nil,nil,nil
4/28 18:49:25.427  SPELL_CAST_SUCCESS,Player-4755-0178F576,"Atreas-Dreadmist",0x514,0x0,Creature-0-4457-249-1045-10184-000028665C,"Onyxia",0xa48,0x0,20904,"Aimed Shot",0x1,Player-4755-0178F576,0000000000000000,100,100,0,0,0,-1,0,0,0,6.14,-178.76,0,4.8144,66
4/28 18:49:25.471  SWING_MISSED,Player-4755-01733879,"Hocwar-Dreadmist",0x40514,0x0,Creature-0-4457-249-1045-10184-000028665C,"Onyxia",0xa48,0x0,PARRY,1
4/28 18:49:25.471  SPELL_CAST_START,Player-4755-0178F576,"Atreas-Dreadmist",0x514,0x0,0000000000000000,nil,0x80000000,0x80000000,75,"Auto Shot",0x1
4/28 18:49:25.498  SPELL_MISSED,Player-4755-01FA8D0D,"Roackeru-Dreadmist",0x514,0x0,Creature-0-4457-249-1045-10184-000028665C,"Onyxia",0xa48,0x0,11661,"Shadow Bolt",0x20,RESIST,nil,0
4/28 18:49:25.547  SPELL_CAST_SUCCESS,Player-4755-01733879,"Hocwar-Dreadmist",0x40514,0x0,Creature-0-4457-249-1045-10184-000028665C,"Onyxia",0xa48,0x0,11601,"Revenge",0x1,Player-4755-01733879,0000000000000000,87,100,0,0,0,-1,0,0,0,22.22,-218.01,0,3.1594,71
4/28 18:49:25.547  RANGE_DAMAGE,Player-4755-01802FE5,"Angrybat-Dreadmist",0x514,0x0,Creature-0-4457-249-1045-10184-000028665C,"Onyxia",0xa48,0x0,5019,"Shoot",0x1,Creature-0-4457-249-1045-10184-000028665C,0000000000000000,77,100,0,0,0,-1,0,0,0,10.16,-218.04,0,0.0023,63,133,120,-1,16,0,0,0,nil,nil,nil
4/28 18:49:25.595  SPELL_PERIODIC_ENERGIZE,Creature-0-4457-249-1045-7416-0000286C79,"Mana Spring Totem IV",0x2114,0x0,Player-4755-01FA8DD8,"Roackerita-Dreadmist",0x514,0x0,10494,"Mana Spring",0x8,Player-4755-01FA8DD8,0000000000000000,100,100,0,0,0,-1,0,0,0,3.53,-182.84,0,4.9951,69,13.0000,0.0000,0,6736
4/28 18:49:25.595  SPELL_PERIODIC_ENERGIZE,Creature-0-4457-249-1045-7416-0000286C79,"Mana Spring Totem IV",0x2114,0x0,Player-4755-0210153A,"Hapuseneb-Dreadmist",0x514,0x0,10494,"Mana Spring",0x8,Player-4755-0210153A,0000000000000000,100,100,0,0,0,-1,0,0,0,16.56,-197.22,0,4.4807,66,13.0000,0.0000,0,6736
4/28 18:49:25.595  SPELL_PERIODIC_ENERGIZE,Creature-0-4457-249-1045-7416-0000286C79,"Mana Spring Totem IV",0x2114,0x0,Player-4755-01ED7A64,"Sperzieboon-Dreadmist",0x514,0x0,10494,"Mana Spring",0x8,Player-4755-01ED7A64,0000000000000000,100,100,0,0,0,-1,0,0,0,13.03,-190.57,0,4.7271,67,12.0000,0.0000,0,7261
4/28 18:49:25.595  SPELL_PERIODIC_ENERGIZE,Creature-0-4457-249-1045-7416-0000286C79,"Mana Spring Totem IV",0x2114,0x0,Player-4755-015FEBD5,"Sauvage-Dreadmist",0x514,0x0,10494,"Mana Spring",0x8,Player-4755-015FEBD5,0000000000000000,100,100,0,0,0,-1,0,0,0,16.86,-186.07,0,4.5812,64,12.0000,0.0000,0,6158
4/28 18:49:25.595  SPELL_PERIODIC_ENERGIZE,Creature-0-4457-249-1045-7416-0000286C79,"Mana Spring Totem IV",0x2114,0x0,Player-4755-01804B95,"Moymoy-Dreadmist",0x514,0x0,10494,"Mana Spring",0x8,Player-4755-01804B95,0000000000000000,100,100,0,0,0,-1,0,0,0,13.08,-185.26,0,4.8801,66,12.0000,0.0000,0,5366
4/28 18:49:25.611  SPELL_CAST_SUCCESS,Player-4755-015FEBD5,"Sauvage-Dreadmist",0x514,0x0,Creature-0-4457-249-1045-10184-000028665C,"Onyxia",0xa48,0x0,10181,"Frostbolt",0x10,Player-4755-015FEBD5,0000000000000000,100,100,0,0,0,-1,0,0,0,16.86,-186.07,0,4.5812,64
4/28 18:49:25.624  SWING_DAMAGE,Player-4755-01A6B139,"Sakatan-Dreadmist",0x10514,0x0,Creature-0-4457-249-1045-10184-000028665C,"Onyxia",0xa48,0x0,Player-4755-01A6B139,0000000000000000,100,100,0,0,0,-1,0,0,0,9.54,-199.57,0,5.0548,69,97,131,-1,1,0,0,0,nil,1,nil
4/28 18:49:25.624  RANGE_DAMAGE,Player-4755-020BD78D,"Lonehunter-Dreadmist",0x514,0x0,Creature-0-4457-249-1045-10184-000028665C,"Onyxia",0xa48,0x0,75,"Auto Shot",0x1,Creature-0-4457-249-1045-10184-000028665C,0000000000000000,77,100,0,0,0,-1,0,0,0,10.16,-218.04,0,0.0023,63,389,492,-1,1,0,0,0,nil,nil,nil
4/28 18:49:25.714  SPELL_CAST_SUCCESS,Pet-0-4457-249-1045-7456-03003178E8,"Owl",0x1114,0x0,Creature-0-4457-249-1045-10184-000028665C,"Onyxia",0xa48,0x0,3009,"Claw",0x1,Pet-0-4457-249-1045-7456-03003178E8,Player-4755-01B60A5F,100,100,0,0,0,-1,0,0,0,14.31,-193.80,0,4.5427,62
4/28 18:49:25.714  SPELL_MISSED,Pet-0-4457-249-1045-7456-03003178E8,"Owl",0x1114,0x0,Creature-0-4457-249-1045-10184-000028665C,"Onyxia",0xa48,0x0,3009,"Claw",0x1,MISS,nil
4/28 18:49:25.714  SPELL_ENERGIZE,Player-4755-01733879,"Hocwar-Dreadmist",0x40514,0x0,Player-4755-01733879,"Hocwar-Dreadmist",0x40514,0x0,12964,"Unbridled Wrath",0x1,Player-4755-01733879,0000000000000000,87,100,0,0,0,-1,0,0,0,22.22,-218.01,0,3.1594,71,1.0000,0.0000,1,1000
4/28 18:49:25.714  SPELL_AURA_REFRESH,Player-4755-0160BD13,"Mafkees-Dreadmist",0x514,0x0,Creature-0-4457-249-1045-10184-000028665C,"Onyxia",0xa48,0x0,12721,"Deep Wound",0x1,DEBUFF
4/28 18:49:25.714  SWING_DAMAGE_LANDED,Player-4755-01F21AE6,"Blahu-Dreadmist",0x40514,0x0,Creature-0-4457-249-1045-10184-000028665C,"Onyxia",0xa48,0x0,Creature-0-4457-249-1045-10184-000028665C,0000000000000000,77,100,0,0,0,-1,0,0,0,10.16,-218.04,0,0.0023,63,187,389,-1,1,0,0,0,nil,1,nil
4/28 18:49:25.714  SPELL_DAMAGE,Player-4755-01733879,"Hocwar-Dreadmist",0x40514,0x0,Creature-0-4457-249-1045-10184-000028665C,"Onyxia",0xa48,0x0,11601,"Revenge",0x1,Creature-0-4457-249-1045-10184-000028665C,0000000000000000,77,100,0,0,0,-1,0,0,0,10.16,-218.04,0,0.0023,63,46,58,-1,1,0,0,0,nil,nil,nil
4/28 18:49:25.714  SWING_DAMAGE_LANDED,Player-4755-01A6B139,"Sakatan-Dreadmist",0x10514,0x0,Creature-0-4457-249-1045-10184-000028665C,"Onyxia",0xa48,0x0,Creature-0-4457-249-1045-10184-000028665C,0000000000000000,77,100,0,0,0,-1,0,0,0,10.16,-218.04,0,0.0023,63,97,131,-1,1,0,0,0,nil,1,nil
4/28 18:49:25.714  SWING_DAMAGE,Pet-0-4457-249-1045-9622-02002CD5BC,"Bokito",0x1114,0x0,Creature-0-4457-249-1045-10184-000028665C,"Onyxia",0xa48,0x0,Pet-0-4457-249-1045-9622-02002CD5BC,Player-4755-020BD78D,91,100,0,0,0,-1,0,0,0,-4.27,-198.08,0,5.3385,70,125,233,-1,1,0,0,0,nil,1,nil
4/28 18:49:25.714  SPELL_CAST_SUCCESS,Player-4755-021D6506,"Bloodlady-Dreadmist",0x514,0x0,Creature-0-4457-249-1045-10184-000028665C,"Onyxia",0xa48,0x0,10181,"Frostbolt",0x10,Player-4755-021D6506,0000000000000000,100,100,0,0,0,-1,0,0,0,-6.02,-186.07,0,5.1602,69
4/28 18:49:25.714  SPELL_CAST_START,Player-4755-021D6506,"Bloodlady-Dreadmist",0x514,0x0,0000000000000000,nil,0x80000000,0x80000000,10181,"Frostbolt",0x10
4/28 18:49:25.750  SPELL_PERIODIC_DAMAGE,Player-4755-01F36B30,"Rectumqeef-Dreadmist",0x514,0x0,Creature-0-4457-249-1045-10184-000028665C,"Onyxia",0xa48,0x0,11672,"Corruption",0x20,Creature-0-4457-249-1045-10184-000028665C,0000000000000000,77,100,0,0,0,-1,0,0,0,10.16,-218.04,0,0.0023,63,168,203,-1,32,51,0,0,nil,nil,nil
4/28 18:49:25.750  SPELL_CAST_START,Player-4755-01BC57A3,"Saintis-Dreadmist",0x511,0x0,0000000000000000,nil,0x80000000,0x80000000,2061,"Flash Heal",0x2
4/28 18:49:25.770  SWING_DAMAGE,Pet-0-4457-249-1045-2850-01001956F9,"Kratos",0x1114,0x0,Creature-0-4457-249-1045-10184-000028665C,"Onyxia",0xa48,0x0,Pet-0-4457-249-1045-2850-01001956F9,Player-4755-0178F576,100,100,0,0,0,-1,0,0,0,9.46,-193.00,0,4.7404,66,191,121,-1,1,0,0,0,1,nil,nil
4/28 18:49:25.770  SPELL_CAST_START,Player-4755-01F36B30,"Rectumqeef-Dreadmist",0x514,0x0,0000000000000000,nil,0x80000000,0x80000000,5019,"Shoot",0x1
4/28 18:49:25.770  SPELL_PERIODIC_ENERGIZE,Creature-0-4457-249-1045-7416-0000286C87,"Mana Spring Totem IV",0x2114,0x0,Player-4755-016296D3,"Nivl-Dreadmist",0x514,0x0,10494,"Mana Spring",0x8,Player-4755-016296D3,0000000000000000,100,100,0,0,0,-1,0,0,0,12.99,-204.08,0,4.6027,69,10.0000,0.0000,0,5845
4/28 18:49:25.770  SPELL_PERIODIC_ENERGIZE,Creature-0-4457-249-1045-7416-0000286C87,"Mana Spring Totem IV",0x2114,0x0,Player-4755-0178F576,"Atreas-Dreadmist",0x514,0x0,10494,"Mana Spring",0x8,Player-4755-0178F576,0000000000000000,100,100,0,0,0,-1,0,0,0,6.14,-178.76,0,4.8144,66,10.0000,0.0000,0,3765
4/28 18:49:25.770  SPELL_AURA_REMOVED,Player-4755-0160BD13,"Mafkees-Dreadmist",0x514,0x0,Creature-0-4457-249-1045-10184-000028665C,"Onyxia",0xa48,0x0,11581,"Thunder Clap",0x1,DEBUFF
4/28 18:49:25.785  RANGE_DAMAGE,Player-4755-01E83279,"Nlmasters-Dreadmist",0x514,0x8,Creature-0-4457-249-1045-10184-000028665C,"Onyxia",0xa48,0x0,75,"Auto Shot",0x1,Creature-0-4457-249-1045-10184-000028665C,0000000000000000,77,100,0,0,0,-1,0,0,0,10.16,-218.04,0,0.0023,63,336,426,-1,1,0,0,0,nil,nil,nil
4/28 18:49:25.820  SPELL_PERIODIC_HEAL,Player-4755-01FA8DD8,"Roackerita-Dreadmist",0x514,0x0,Player-4755-0220BD00,"Krikoff-Dreadmist",0x40514,0x0,6078,"Renew",0x2,Player-4755-0220BD00,0000000000000000,100,100,0,0,0,-1,0,0,0,10.75,-210.91,0,4.7163,68,236,236,236,0,nil
4/28 18:49:25.903  SPELL_PERIODIC_DAMAGE,Player-4755-01614AC7,"Mirrimazduur-Dreadmist",0x512,0x0,Creature-0-4457-249-1045-10184-000028665C,"Onyxia",0xa48,0x0,11672,"Corruption",0x20,Creature-0-4457-249-1045-10184-000028665C,0000000000000000,77,100,0,0,0,-1,0,0,0,10.16,-218.04,0,0.0023,63,207,188,-1,32,0,0,0,nil,nil,nil
4/28 18:49:25.903  SWING_DAMAGE,Creature-0-4457-249-1045-10184-000028665C,"Onyxia",0xa48,0x0,Player-4755-01733879,"Hocwar-Dreadmist",0x40514,0x0,Creature-0-4457-249-1045-10184-000028665C,0000000000000000,77,100,0,0,0,-1,0,0,0,10.16,-218.04,0,0.0023,63,602,1418,-1,1,0,0,0,nil,nil,nil
4/28 18:49:25.919  SPELL_CAST_SUCCESS,Player-4755-0178F576,"Atreas-Dreadmist",0x514,0x0,Creature-0-4457-249-1045-10184-000028665C,"Onyxia",0xa48,0x0,75,"Auto Shot",0x1,Player-4755-0178F576,0000000000000000,100,100,0,0,0,-1,0,0,0,6.14,-178.76,0,4.8144,66
4/28 18:49:26.044  SWING_DAMAGE,Player-4755-01637B0A,"Pindle-Dreadmist",0x514,0x0,Creature-0-4457-249-1045-10184-000028665C,"Onyxia",0xa48,0x0,Player-4755-01637B0A,0000000000000000,100,100,0,0,0,-1,0,0,0,8.72,-208.37,0,4.9651,65,79,107,-1,1,0,0,0,nil,1,nil
4/28 18:49:26.090  SPELL_CAST_START,Player-4755-01ED7A64,"Sperzieboon-Dreadmist",0x514,0x0,0000000000000000,nil,0x80000000,0x80000000,6063,"Heal",0x2
4/28 18:49:26.110  SPELL_CAST_SUCCESS,Creature-0-4457-249-1045-10184-000028665C,"Onyxia",0xa48,0x0,Player-4755-01733879,"Hocwar-Dreadmist",0x40514,0x0,19633,"Knock Away",0x1,Creature-0-4457-249-1045-10184-000028665C,0000000000000000,77,100,0,0,0,-1,0,0,0,10.16,-218.04,0,0.0023,63
4/28 18:49:26.110  SPELL_MISSED,Creature-0-4457-249-1045-10184-000028665C,"Onyxia",0xa48,0x0,Player-4755-01733879,"Hocwar-Dreadmist",0x40514,0x0,19633,"Knock Away",0x1,DODGE,nil
4/28 18:49:26.127  SPELL_AURA_REMOVED,Player-4755-01733879,"Hocwar-Dreadmist",0x40514,0x0,Player-4755-01733879,"Hocwar-Dreadmist",0x40514,0x0,12970,"Flurry",0x1,BUFF
4/28 18:49:26.127  SWING_DAMAGE_LANDED,Pet-0-4457-249-1045-9622-02002CD5BC,"Bokito",0x1114,0x0,Creature-0-4457-249-1045-10184-000028665C,"Onyxia",0xa48,0x0,Creature-0-4457-249-1045-10184-000028665C,0000000000000000,77,100,0,0,0,-1,0,0,0,10.16,-218.04,0,0.0023,63,125,233,-1,1,0,0,0,nil,1,nil
4/28 18:49:26.127  SWING_DAMAGE_LANDED,Pet-0-4457-249-1045-2850-01001956F9,"Kratos",0x1114,0x0,Creature-0-4457-249-1045-10184-000028665C,"Onyxia",0xa48,0x0,Creature-0-4457-249-1045-10184-000028665C,0000000000000000,77,100,0,0,0,-1,0,0,0,10.16,-218.04,0,0.0023,63,191,121,-1,1,0,0,0,1,nil,nil
4/28 18:49:26.127  SWING_DAMAGE_LANDED,Creature-0-4457-249-1045-10184-000028665C,"Onyxia",0xa48,0x0,Player-4755-01733879,"Hocwar-Dreadmist",0x40514,0x0,Player-4755-01733879,0000000000000000,77,100,0,0,0,-1,0,0,0,22.22,-218.01,0,3.1122,71,602,1418,-1,1,0,0,0,nil,nil,nil
4/28 18:49:26.127  SWING_DAMAGE_LANDED,Player-4755-01637B0A,"Pindle-Dreadmist",0x514,0x0,Creature-0-4457-249-1045-10184-000028665C,"Onyxia",0xa48,0x0,Creature-0-4457-249-1045-10184-000028665C,0000000000000000,77,100,0,0,0,-1,0,0,0,10.16,-218.04,0,0.0023,63,79,107,-1,1,0,0,0,nil,1,nil
4/28 18:49:26.145  SPELL_CAST_START,Player-4755-01804B95,"Moymoy-Dreadmist",0x514,0x0,0000000000000000,nil,0x80000000,0x80000000,331,"Healing Wave",0x8
4/28 18:49:26.145  SPELL_CAST_SUCCESS,Player-4755-01FA8D0D,"Roackeru-Dreadmist",0x514,0x0,Creature-0-4457-249-1045-10184-000028665C,"Onyxia",0xa48,0x0,11661,"Shadow Bolt",0x20,Player-4755-01FA8D0D,0000000000000000,100,100,0,0,0,-1,0,0,0,14.13,-180.96,0,4.6613,65
4/28 18:49:26.232  RANGE_MISSED,Player-4755-01F36B30,"Rectumqeef-Dreadmist",0x514,0x0,Creature-0-4457-249-1045-10184-000028665C,"Onyxia",0xa48,0x0,5019,"Shoot",0x1,RESIST,nil,0
4/28 18:49:26.242  SPELL_CAST_SUCCESS,Player-4755-016296D3,"Nivl-Dreadmist",0x514,0x0,Creature-0-4457-249-1045-10184-000028665C,"Onyxia",0xa48,0x0,15208,"Lightning Bolt",0x8,Player-4755-016296D3,0000000000000000,100,100,0,0,0,-1,0,0,0,12.99,-204.08,0,4.6027,69
4/28 18:49:26.242  SPELL_CAST_START,Player-4755-016296D3,"Nivl-Dreadmist",0x514,0x0,0000000000000000,nil,0x80000000,0x80000000,15208,"Lightning Bolt",0x8
4/28 18:49:26.259  SWING_DAMAGE,Player-4755-01A6B139,"Sakatan-Dreadmist",0x10514,0x0,Creature-0-4457-249-1045-10184-000028665C,"Onyxia",0xa48,0x0,Player-4755-01A6B139,0000000000000000,100,100,0,0,0,-1,0,0,0,9.54,-199.57,0,5.0548,69,151,195,-1,1,0,0,0,nil,1,nil
4/28 18:49:26.275  SPELL_CAST_SUCCESS,Player-4755-01F36B30,"Rectumqeef-Dreadmist",0x514,0x0,Creature-0-4457-249-1045-10184-000028665C,"Onyxia",0xa48,0x0,5019,"Shoot",0x1,Player-4755-01F36B30,0000000000000000,100,100,0,0,0,-1,0,0,0,11.80,-188.94,0,4.6184,66
4/28 18:49:26.323  SPELL_CAST_SUCCESS,Player-4755-01733879,"Hocwar-Dreadmist",0x40514,0x0,Creature-0-4457-249-1045-10184-000028665C,"Onyxia",0xa48,0x0,11567,"Heroic Strike",0x1,Player-4755-01733879,0000000000000000,77,100,0,0,0,-1,0,0,0,22.22,-218.01,0,3.1122,71
4/28 18:49:26.338  SPELL_CAST_SUCCESS,Player-4755-0178F416,"Eltorero-Dreadmist",0x514,0x0,0000000000000000,nil,0x80000000,0x80000000,1680,"Whirlwind",0x1,Player-4755-0178F416,0000000000000000,100,100,0,0,0,-1,0,0,0,7.98,-204.93,0,4.8095,67
4/28 18:49:26.338  SWING_DAMAGE,Player-4755-0160BD13,"Mafkees-Dreadmist",0x514,0x0,Creature-0-4457-249-1045-10184-000028665C,"Onyxia",0xa48,0x0,Player-4755-0160BD13,0000000000000000,100,100,0,0,0,-1,0,0,0,9.19,-207.95,0,4.8051,64,1351,857,-1,1,0,0,0,1,nil,nil
4/28 18:49:26.398  SPELL_CAST_START,Player-4755-01802FE5,"Angrybat-Dreadmist",0x514,0x0,0000000000000000,nil,0x80000000,0x80000000,10181,"Frostbolt",0x10
4/28 18:49:26.418  SPELL_DAMAGE,Player-4755-0178F576,"Atreas-Dreadmist",0x514,0x0,Creature-0-4457-249-1045-10184-000028665C,"Onyxia",0xa48,0x0,20904,"Aimed Shot",0x1,Creature-0-4457-249-1045-10184-000028665C,0000000000000000,77,100,0,0,0,-1,0,0,0,10.16,-218.04,0,0.0023,63,896,1137,-1,1,0,0,0,nil,nil,nil
4/28 18:49:26.434  SPELL_CAST_START,Player-4755-01617EEE,"Fenix-Dreadmist",0x512,0x0,0000000000000000,nil,0x80000000,0x80000000,10916,"Flash Heal",0x2
4/28 18:49:26.465  SWING_MISSED,Player-4755-01AC9FD9,"Alexinho-Dreadmist",0x514,0x0,Creature-0-4457-249-1045-10184-000028665C,"Onyxia",0xa48,0x0,PARRY,1
4/28 18:49:26.465  SWING_MISSED,Player-4755-01AC9FD9,"Alexinho-Dreadmist",0x514,0x0,Creature-0-4457-249-1045-10184-000028665C,"Onyxia",0xa48,0x0,DODGE,nil
4/28 18:49:26.486  SPELL_PERIODIC_HEAL,Player-4755-01FA8DD8,"Roackerita-Dreadmist",0x514,0x0,Player-4755-01614AC7,"Mirrimazduur-Dreadmist",0x512,0x0,6078,"Renew",0x2,Player-4755-01614AC7,0000000000000000,100,100,0,0,0,-1,0,0,0,-1.52,-178.92,0,4.8760,68,236,236,236,0,nil
4/28 18:49:26.486  SWING_MISSED,Player-4755-01637B0A,"Pindle-Dreadmist",0x514,0x0,Creature-0-4457-249-1045-10184-000028665C,"Onyxia",0xa48,0x0,MISS,nil
4/28 18:49:26.537  SWING_DAMAGE_LANDED,Player-4755-01A6B139,"Sakatan-Dreadmist",0x10514,0x0,Creature-0-4457-249-1045-10184-000028665C,"Onyxia",0xa48,0x0,Creature-0-4457-249-1045-10184-000028665C,0000000000000000,77,100,0,0,0,-1,0,0,0,10.16,-218.04,0,0.0023,63,151,195,-1,1,0,0,0,nil,1,nil
4/28 18:49:26.537  SPELL_DAMAGE,Player-4755-01733879,"Hocwar-Dreadmist",0x40514,0x0,Creature-0-4457-249-1045-10184-000028665C,"Onyxia",0xa48,0x0,11567,"Heroic Strike",0x1,Creature-0-4457-249-1045-10184-000028665C,0000000000000000,77,100,0,0,0,-1,0,0,0,10.16,-218.04,0,0.0023,63,283,359,-1,1,0,0,0,nil,nil,nil
4/28 18:49:26.537  SPELL_DAMAGE,Player-4755-0178F416,"Eltorero-Dreadmist",0x514,0x0,Creature-0-4457-249-1045-10184-000028665C,"Onyxia",0xa48,0x0,1680,"Whirlwind",0x1,Creature-0-4457-249-1045-10184-000028665C,0000000000000000,77,100,0,0,0,-1,0,0,0,10.16,-218.04,0,0.0023,63,547,694,-1,1,0,0,0,nil,nil,nil
4/28 18:49:26.537  SWING_DAMAGE_LANDED,Player-4755-0160BD13,"Mafkees-Dreadmist",0x514,0x0,Creature-0-4457-249-1045-10184-000028665C,"Onyxia",0xa48,0x0,Creature-0-4457-249-1045-10184-000028665C,0000000000000000,77,100,0,0,0,-1,0,0,0,10.16,-218.04,0,0.0023,63,1351,857,-1,1,0,0,0,1,nil,nil
4/28 18:49:26.651  SPELL_CAST_SUCCESS,Player-4755-01614AC7,"Mirrimazduur-Dreadmist",0x512,0x0,Creature-0-4457-249-1045-10184-000028665C,"Onyxia",0xa48,0x0,11661,"Shadow Bolt",0x20,Player-4755-01614AC7,0000000000000000,100,100,0,0,0,-1,0,0,0,-1.52,-178.92,0,4.8760,68
4/28 18:49:26.651  SPELL_CAST_START,Player-4755-01614AC7,"Mirrimazduur-Dreadmist",0x512,0x0,0000000000000000,nil,0x80000000,0x80000000,11661,"Shadow Bolt",0x20
4/28 18:49:26.777  SWING_DAMAGE,Pet-0-4457-249-1045-2850-01001956F9,"Kratos",0x1114,0x0,Creature-0-4457-249-1045-10184-000028665C,"Onyxia",0xa48,0x0,Pet-0-4457-249-1045-2850-01001956F9,Player-4755-0178F576,100,100,0,0,0,-1,0,0,0,9.46,-193.00,0,4.7404,66,99,125,-1,1,0,0,0,nil,nil,nil
4/28 18:49:26.777  SPELL_CAST_SUCCESS,Player-4755-0163DD9D,"Kaspais-Dreadmist",0x514,0x0,Creature-0-4457-249-1045-10184-000028665C,"Onyxia",0xa48,0x0,10181,"Frostbolt",0x10,Player-4755-0163DD9D,0000000000000000,100,100,0,0,0,-1,0,0,0,5.53,-187.31,0,4.6000,66
4/28 18:49:26.777  SPELL_DAMAGE,Player-4755-015FEBD5,"Sauvage-Dreadmist",0x514,0x0,Creature-0-4457-249-1045-10184-000028665C,"Onyxia",0xa48,0x0,10181,"Frostbolt",0x10,Creature-0-4457-249-1045-10184-000028665C,0000000000000000,77,100,0,0,0,-1,0,0,0,10.16,-218.04,0,0.0023,63,904,821,-1,16,0,0,0,nil,nil,nil
4/28 18:49:26.795  SPELL_PERIODIC_HEAL,Player-4755-01FA8DD8,"Roackerita-Dreadmist",0x514,0x0,Player-4755-01F21AE6,"Blahu-Dreadmist",0x40514,0x0,6078,"Renew",0x2,Player-4755-01F21AE6,0000000000000000,100,100,0,0,0,-1,0,0,0,13.36,-210.14,0,4.6774,70,236,236,236,0,nil
4/28 18:49:26.815  SPELL_CAST_SUCCESS,Player-4755-01F21AE6,"Blahu-Dreadmist",0x40514,0x0,Creature-0-4457-249-1045-10184-000028665C,"Onyxia",0xa48,0x0,23894,"Bloodthirst",0x1,Player-4755-01F21AE6,0000000000000000,100,100,0,0,0,-1,0,0,0,13.36,-210.14,0,4.6774,70
4/28 18:49:26.897  SWING_DAMAGE,Player-4755-01733879,"Hocwar-Dreadmist",0x40514,0x0,Creature-0-4457-249-1045-10184-000028665C,"Onyxia",0xa48,0x0,Player-4755-01733879,0000000000000000,77,100,0,0,0,-1,0,0,0,22.22,-218.01,0,3.1122,71,95,120,-1,1,0,0,0,nil,nil,nil
4/28 18:49:26.898  SPELL_CAST_SUCCESS,Player-4755-01AC9FD9,"Alexinho-Dreadmist",0x514,0x0,Creature-0-4457-249-1045-10184-000028665C,"Onyxia",0xa48,0x0,11303,"Feint",0x1,Player-4755-01AC9FD9,0000000000000000,100,100,0,0,0,-1,0,0,0,14.04,-202.29,0,4.4934,66
4/28 18:49:26.914  RANGE_DAMAGE,Player-4755-0178F576,"Atreas-Dreadmist",0x514,0x0,Creature-0-4457-249-1045-10184-000028665C,"Onyxia",0xa48,0x0,75,"Auto Shot",0x1,Creature-0-4457-249-1045-10184-000028665C,0000000000000000,77,100,0,0,0,-1,0,0,0,10.16,-218.04,0,0.0023,63,396,502,-1,1,0,0,0,nil,nil,nil
4/28 18:49:26.914  SPELL_CAST_START,Player-4755-01E83279,"Nlmasters-Dreadmist",0x514,0x8,0000000000000000,nil,0x80000000,0x80000000,75,"Auto Shot",0x1
4/28 18:49:26.933  SPELL_AURA_REMOVED_DOSE,Player-4755-0178F416,"Eltorero-Dreadmist",0x514,0x0,Player-4755-0178F416,"Eltorero-Dreadmist",0x514,0x0,23888,"Bloodthirst",0x1,BUFF,1
4/28 18:49:26.933  SPELL_HEAL,Player-4755-0178F416,"Eltorero-Dreadmist",0x514,0x0,Player-4755-0178F416,"Eltorero-Dreadmist",0x514,0x0,23891,"Bloodthirst",0x1,Player-4755-0178F416,0000000000000000,100,100,0,0,0,-1,0,0,0,9.02,-204.82,0,4.8095,67,20,20,20,0,nil
4/28 18:49:26.933  SPELL_AURA_REMOVED_DOSE,Player-4755-0160BD13,"Mafkees-Dreadmist",0x514,0x0,Player-4755-0160BD13,"Mafkees-Dreadmist",0x514,0x0,12970,"Flurry",0x1,BUFF,2
4/28 18:49:26.933  SPELL_EXTRA_ATTACKS,Player-4755-0160BD13,"Mafkees-Dreadmist",0x514,0x0,Player-4755-0160BD13,"Mafkees-Dreadmist",0x514,0x0,15601,"Hand of Justice",0x1,1
4/28 18:49:26.933  SPELL_AURA_APPLIED_DOSE,Player-4755-0160BD13,"Mafkees-Dreadmist",0x514,0x0,Player-4755-0160BD13,"Mafkees-Dreadmist",0x514,0x0,12970,"Flurry",0x1,BUFF,3
4/28 18:49:26.933  SPELL_HEAL,Player-4755-0160BD13,"Mafkees-Dreadmist",0x514,0x0,Player-4755-0160BD13,"Mafkees-Dreadmist",0x514,0x0,23891,"Bloodthirst",0x1,Player-4755-0160BD13,0000000000000000,100,100,0,0,0,-1,0,0,0,9.19,-207.95,0,4.8051,64,10,10,10,0,nil
4/28 18:49:26.933  SPELL_AURA_REMOVED,Player-4755-0160BD13,"Mafkees-Dreadmist",0x514,0x0,Player-4755-0160BD13,"Mafkees-Dreadmist",0x514,0x0,23888,"Bloodthirst",0x1,BUFF
4/28 18:49:26.933  SWING_DAMAGE_LANDED,Pet-0-4457-249-1045-2850-01001956F9,"Kratos",0x1114,0x0,Creature-0-4457-249-1045-10184-000028665C,"Onyxia",0xa48,0x0,Creature-0-4457-249-1045-10184-000028665C,0000000000000000,77,100,0,0,0,-1,0,0,0,10.16,-218.04,0,0.0023,63,99,125,-1,1,0,0,0,nil,nil,nil
4/28 18:49:26.933  SPELL_DAMAGE,Player-4755-01F21AE6,"Blahu-Dreadmist",0x40514,0x0,Creature-0-4457-249-1045-10184-000028665C,"Onyxia",0xa48,0x0,23894,"Bloodthirst",0x1,Creature-0-4457-249-1045-10184-000028665C,0000000000000000,76,100,0,0,0,-1,0,0,0,10.16,-218.04,0,0.0023,63,435,551,-1,1,0,0,0,nil,nil,nil
4/28 18:49:26.933  SPELL_AURA_APPLIED,Player-4755-01F21AE6,"Blahu-Dreadmist",0x40514,0x0,Player-4755-01F21AE6,"Blahu-Dreadmist",0x40514,0x0,23888,"Bloodthirst",0x1,BUFF
4/28 18:49:26.933  SWING_DAMAGE_LANDED,Player-4755-01733879,"Hocwar-Dreadmist",0x40514,0x0,Creature-0-4457-249-1045-10184-000028665C,"Onyxia",0xa48,0x0,Creature-0-4457-249-1045-10184-000028665C,0000000000000000,76,100,0,0,0,-1,0,0,0,10.16,-218.04,0,0.0023,63,95,120,-1,1,0,0,0,nil,nil,nil
4/28 18:49:26.954  SPELL_CAST_SUCCESS,Player-4755-0160BD13,"Mafkees-Dreadmist",0x514,0x0,Creature-0-4457-249-1045-10184-000028665C,"Onyxia",0xa48,0x0,20569,"Cleave",0x1,Player-4755-0160BD13,0000000000000000,100,100,0,0,0,-1,0,0,0,9.19,-207.95,0,4.8051,64
4/28 18:49:26.954  SPELL_AURA_REMOVED_DOSE,Player-4755-0160BD13,"Mafkees-Dreadmist",0x514,0x0,Player-4755-0160BD13,"Mafkees-Dreadmist",0x514,0x0,12970,"Flurry",0x1,BUFF,2
4/28 18:49:26.972  SPELL_DAMAGE,Player-4755-016296D3,"Nivl-Dreadmist",0x514,0x0,Creature-0-4457-249-1045-10184-000028665C,"Onyxia",0xa48,0x0,15208,"Lightning Bolt",0x8,Creature-0-4457-249-1045-10184-000028665C,0000000000000000,76,100,0,0,0,-1,0,0,0,10.16,-218.04,0,0.0023,63,552,551,-1,8,0,0,0,nil,nil,nil
4/28 18:49:26.988  SWING_DAMAGE,Player-4755-01A6B139,"Sakatan-Dreadmist",0x10514,0x0,Creature-0-4457-249-1045-10184-000028665C,"Onyxia",0xa48,0x0,Player-4755-01A6B139,0000000000000000,100,100,0,0,0,-1,0,0,0,9.54,-199.57,0,5.0548,69,109,140,-1,1,0,0,0,nil,1,nil
4/28 18:49:27.005  SPELL_DAMAGE,Player-4755-021D6506,"Bloodlady-Dreadmist",0x514,0x0,Creature-0-4457-249-1045-10184-000028665C,"Onyxia",0xa48,0x0,10181,"Frostbolt",0x10,Creature-0-4457-249-1045-10184-000028665C,0000000000000000,76,100,0,0,0,-1,0,0,0,10.16,-218.04,0,0.0023,63,1001,910,-1,16,0,0,0,nil,nil,nil
4/28 18:49:27.042  SPELL_CAST_SUCCESS,Player-4755-01FA8D0D,"Roackeru-Dreadmist",0x514,0x0,Creature-0-4457-249-1045-10184-000028665C,"Onyxia",0xa48,0x0,11717,"Curse of Recklessness",0x20,Player-4755-01FA8D0D,0000000000000000,100,100,0,0,0,-1,0,0,0,14.13,-180.96,0,4.6613,65
4/28 18:49:27.095  SWING_DAMAGE,Player-4755-01F21AE6,"Blahu-Dreadmist",0x40514,0x0,Creature-0-4457-249-1045-10184-000028665C,"Onyxia",0xa48,0x0,Player-4755-01F21AE6,0000000000000000,100,100,0,0,0,-1,0,0,0,13.36,-210.14,0,4.6774,70,89,135,-1,1,0,0,0,nil,1,nil
4/28 18:49:27.095  SPELL_CAST_SUCCESS,Player-4755-0210153A,"Hapuseneb-Dreadmist",0x514,0x0,Player-4755-01733879,"Hocwar-Dreadmist",0x40514,0x0,6064,"Heal",0x2,Player-4755-0210153A,0000000000000000,100,100,0,0,0,-1,0,0,0,16.56,-197.22,0,4.4807,66
4/28 18:49:27.112  SWING_DAMAGE,Creature-0-4457-249-1045-10184-000028665C,"Onyxia",0xa48,0x0,Player-4755-01733879,"Hocwar-Dreadmist",0x40514,0x0,Creature-0-4457-249-1045-10184-000028665C,0000000000000000,76,100,0,0,0,-1,0,0,0,10.16,-218.04,0,0.0023,63,577,1362,-1,1,0,0,0,nil,nil,nil
4/28 18:49:27.112  SWING_DAMAGE,Player-4755-01637B0A,"Pindle-Dreadmist",0x514,0x0,Creature-0-4457-249-1045-10184-000028665C,"Onyxia",0xa48,0x0,Player-4755-01637B0A,0000000000000000,100,100,0,0,0,-1,0,0,0,8.72,-208.37,0,4.9710,65,89,112,-1,1,0,0,0,nil,nil,nil
4/28 18:49:27.145  SWING_MISSED,Player-4755-01840577,"Raggèn-Dreadmist",0x514,0x0,Creature-0-4457-249-1045-10184-000028665C,"Onyxia",0xa48,0x0,PARRY,nil
4/28 18:49:27.145  SPELL_CAST_SUCCESS,Player-4755-01804B95,"Moymoy-Dreadmist",0x514,0x0,Player-4755-01733879,"Hocwar-Dreadmist",0x40514,0x0,331,"Healing Wave",0x8,Player-4755-01804B95,0000000000000000,100,100,0,0,0,-1,0,0,0,13.08,-185.26,0,4.8801,66
4/28 18:49:27.163  SPELL_CAST_SUCCESS,Player-4755-01BC57A3,"Saintis-Dreadmist",0x511,0x0,Pet-0-4457-249-1045-9622-02002CD5BC,"Bokito",0x1114,0x0,2061,"Flash Heal",0x2,Player-4755-01BC57A3,0000000000000000,100,100,0,0,0,-1,0,0,0,11.91,-191.29,0,5.1679,68
4/28 18:49:27.182  SPELL_CAST_SUCCESS,Player-4755-01733879,"Hocwar-Dreadmist",0x40514,0x0,Creature-0-4457-249-1045-10184-000028665C,"Onyxia",0xa48,0x0,11597,"Sunder Armor",0x1,Player-4755-01733879,0000000000000000,77,100,0,0,0,-1,0,0,0,22.22,-218.01,0,3.1279,71
4/28 18:49:27.182  SPELL_MISSED,Player-4755-01733879,"Hocwar-Dreadmist",0x40514,0x0,Creature-0-4457-249-1045-10184-000028665C,"Onyxia",0xa48,0x0,11597,"Sunder Armor",0x1,PARRY,nil
4/28 18:49:27.255  SWING_DAMAGE,Pet-0-4457-249-1045-7456-03003178E8,"Owl",0x1114,0x0,Creature-0-4457-249-1045-10184-000028665C,"Onyxia",0xa48,0x0,Pet-0-4457-249-1045-7456-03003178E8,Player-4755-01B60A5F,100,100,0,0,0,-1,0,0,0,14.31,-193.80,0,4.5427,62,46,153,-1,1,0,0,0,nil,1,nil
4/28 18:49:27.255  SPELL_CAST_START,Player-4755-02045EF4,"Necrosini-Dreadmist",0x512,0x0,0000000000000000,nil,0x80000000,0x80000000,2054,"Heal",0x2
4/28 18:49:27.271  SPELL_CAST_START,Player-4755-01F36B30,"Rectumqeef-Dreadmist",0x514,0x0,0000000000000000,nil,0x80000000,0x80000000,5019,"Shoot",0x1
4/28 18:49:27.286  SWING_DAMAGE,Player-4755-0178F416,"Eltorero-Dreadmist",0x514,0x0,Creature-0-4457-249-1045-10184-000028665C,"Onyxia",0xa48,0x0,Player-4755-0178F416,0000000000000000,100,100,0,0,0,-1,0,0,0,8.48,-204.88,0,4.8095,67,1126,714,-1,1,0,0,0,1,nil,nil
4/28 18:49:27.286  SPELL_AURA_REMOVED,Player-4755-020BD78D,"Lonehunter-Dreadmist",0x514,0x0,Player-4755-020BD78D,"Lonehunter-Dreadmist",0x514,0x0,3045,"Rapid Fire",0x40,BUFF
4/28 18:49:27.338  SPELL_CAST_SUCCESS,Creature-0-4457-249-1045-10184-000028665C,"Onyxia",0xa48,0x0,0000000000000000,nil,0x80000000,0x80000000,15847,"Tail Sweep",0x1,Creature-0-4457-249-1045-10184-000028665C,0000000000000000,76,100,0,0,0,-1,0,0,0,10.16,-218.04,0,0.0023,63
4/28 18:49:27.338  SPELL_AURA_REFRESH,Player-4755-0160BD13,"Mafkees-Dreadmist",0x514,0x0,Creature-0-4457-249-1045-10184-000028665C,"Onyxia",0xa48,0x0,12721,"Deep Wound",0x1,DEBUFF
4/28 18:49:27.338  SPELL_AURA_REMOVED_DOSE,Player-4755-01F21AE6,"Blahu-Dreadmist",0x40514,0x0,Player-4755-01F21AE6,"Blahu-Dreadmist",0x40514,0x0,23888,"Bloodthirst",0x1,BUFF,4
4/28 18:49:27.338  SPELL_HEAL,Player-4755-01F21AE6,"Blahu-Dreadmist",0x40514,0x0,Player-4755-01F21AE6,"Blahu-Dreadmist",0x40514,0x0,23891,"Bloodthirst",0x1,Player-4755-01F21AE6,0000000000000000,100,100,0,0,0,-1,0,0,0,13.36,-210.14,0,4.6774,70,20,20,20,0,nil
4/28 18:49:27.338  SPELL_AURA_REMOVED,Player-4755-01F21AE6,"Blahu-Dreadmist",0x40514,0x0,Player-4755-01F21AE6,"Blahu-Dreadmist",0x40514,0x0,21887,"Warrior's Wrath",0x1,BUFF
4/28 18:49:27.338  SPELL_DAMAGE,Player-4755-0160BD13,"Mafkees-Dreadmist",0x514,0x0,Creature-0-4457-249-1045-10184-000028665C,"Onyxia",0xa48,0x0,20569,"Cleave",0x1,Creature-0-4457-249-1045-10184-000028665C,0000000000000000,76,100,0,0,0,-1,0,0,0,10.16,-218.04,0,0.0023,63,664,841,-1,1,0,0,0,nil,nil,nil
4/28 18:49:27.338  SWING_DAMAGE_LANDED,Player-4755-01A6B139,"Sakatan-Dreadmist",0x10514,0x0,Creature-0-4457-249-1045-10184-000028665C,"Onyxia",0xa48,0x0,Creature-0-4457-249-1045-10184-000028665C,0000000000000000,76,100,0,0,0,-1,0,0,0,10.16,-218.04,0,0.0023,63,109,140,-1,1,0,0,0,nil,1,nil
4/28 18:49:27.338  SPELL_AURA_APPLIED,Player-4755-01FA8D0D,"Roackeru-Dreadmist",0x514,0x0,Creature-0-4457-249-1045-10184-000028665C,"Onyxia",0xa48,0x0,11717,"Curse of Recklessness",0x20,DEBUFF
4/28 18:49:27.338  SWING_DAMAGE_LANDED,Player-4755-01F21AE6,"Blahu-Dreadmist",0x40514,0x0,Creature-0-4457-249-1045-10184-000028665C,"Onyxia",0xa48,0x0,Creature-0-4457-249-1045-10184-000028665C,0000000000000000,76,100,0,0,0,-1,0,0,0,10.16,-218.04,0,0.0023,63,89,135,-1,1,0,0,0,nil,1,nil
4/28 18:49:27.338  SPELL_HEAL,Player-4755-0210153A,"Hapuseneb-Dreadmist",0x514,0x0,Player-4755-01733879,"Hocwar-Dreadmist",0x40514,0x0,6064,"Heal",0x2,Player-4755-01733879,0000000000000000,100,100,0,0,0,-1,0,0,0,22.22,-218.01,0,3.1397,71,2079,2079,688,0,1
4/28 18:49:27.338  SWING_DAMAGE_LANDED,Creature-0-4457-249-1045-10184-000028665C,"Onyxia",0xa48,0x0,Player-4755-01733879,"Hocwar-Dreadmist",0x40514,0x0,Player-4755-01733879,0000000000000000,91,100,0,0,0,-1,0,0,0,22.22,-218.01,0,3.1397,71,577,1362,-1,1,0,0,0,nil,nil,nil
4/28 18:49:27.338  SWING_DAMAGE_LANDED,Player-4755-01637B0A,"Pindle-Dreadmist",0x514,0x0,Creature-0-4457-249-1045-10184-000028665C,"Onyxia",0xa48,0x0,Creature-0-4457-249-1045-10184-000028665C,0000000000000000,76,100,0,0,0,-1,0,0,0,10.16,-218.04,0,0.0023,63,89,112,-1,1,0,0,0,nil,nil,nil
4/28 18:49:27.338  SPELL_HEAL,Player-4755-01804B95,"Moymoy-Dreadmist",0x514,0x0,Player-4755-01733879,"Hocwar-Dreadmist",0x40514,0x0,331,"Healing Wave",0x8,Player-4755-01733879,0000000000000000,93,100,0,0,0,-1,0,0,0,22.22,-218.01,0,3.1397,71,121,121,0,0,nil
4/28 18:49:27.338  SPELL_HEAL,Player-4755-01BC57A3,"Saintis-Dreadmist",0x511,0x0,Pet-0-4457-249-1045-9622-02002CD5BC,"Bokito",0x1114,0x0,2061,"Flash Heal",0x2,Pet-0-4457-249-1045-9622-02002CD5BC,Player-4755-020BD78D,100,100,0,0,0,-1,0,0,0,-4.27,-198.08,0,5.3385,70,782,782,308,0,1
4/28 18:49:27.338  SWING_DAMAGE_LANDED,Pet-0-4457-249-1045-7456-03003178E8,"Owl",0x1114,0x0,Creature-0-4457-249-1045-10184-000028665C,"Onyxia",0xa48,0x0,Creature-0-4457-249-1045-10184-000028665C,0000000000000000,76,100,0,0,0,-1,0,0,0,10.16,-218.04,0,0.0023,63,46,153,-1,1,0,0,0,nil,1,nil
4/28 18:49:27.338  SWING_DAMAGE_LANDED,Player-4755-0178F416,"Eltorero-Dreadmist",0x514,0x0,Creature-0-4457-249-1045-10184-000028665C,"Onyxia",0xa48,0x0,Creature-0-4457-249-1045-10184-000028665C,0000000000000000,76,100,0,0,0,-1,0,0,0,10.16,-218.04,0,0.0023,63,1126,714,-1,1,0,0,0,1,nil,nil
4/28 18:49:27.338  SPELL_DAMAGE,Creature-0-4457-249-1045-10184-000028665C,"Onyxia",0xa48,0x0,Pet-0-4457-249-1045-9622-02002CD5BC,"Bokito",0x1114,0x0,15847,"Tail Sweep",0x1,Pet-0-4457-249-1045-9622-02002CD5BC,Player-4755-020BD78D,91,100,0,0,0,-1,0,0,0,-4.27,-198.08,0,5.3385,70,477,723,-1,1,0,0,0,nil,nil,nil
4/28 18:49:27.366  SPELL_CAST_SUCCESS,Player-4755-01E83279,"Nlmasters-Dreadmist",0x514,0x8,Creature-0-4457-249-1045-10184-000028665C,"Onyxia",0xa48,0x0,75,"Auto Shot",0x1,Player-4755-01E83279,0000000000000000,100,100,0,0,0,-1,0,0,0,-7.61,-184.79,0,4.7394,70
4/28 18:49:27.386  SPELL_CAST_SUCCESS,Player-4755-020BD78D,"Lonehunter-Dreadmist",0x514,0x0,Creature-0-4457-249-1045-10184-000028665C,"Onyxia",0xa48,0x0,20904,"Aimed Shot",0x1,Player-4755-020BD78D,0000000000000000,100,100,0,0,0,-1,0,0,0,1.62,-179.46,0,4.9304,70
4/28 18:49:27.434  SPELL_CAST_SUCCESS,Player-4755-01B60A5F,"Zurok-Dreadmist",0x514,0x0,Creature-0-4457-249-1045-10184-000028665C,"Onyxia",0xa48,0x0,20904,"Aimed Shot",0x1,Player-4755-01B60A5F,0000000000000000,100,100,0,0,0,-1,0,0,0,14.47,-175.17,0,4.5963,62
4/28 18:49:27.450  SPELL_AURA_REMOVED,Player-4755-01840577,"Raggèn-Dreadmist",0x514,0x0,Player-4755-01840577,"Raggèn-Dreadmist",0x514,0x0,16246,"Clearcasting",0x40,BUFF
4/28 18:49:27.501  SPELL_CAST_START,Player-4755-0178F576,"Atreas-Dreadmist",0x514,0x0,0000000000000000,nil,0x80000000,0x80000000,14290,"Multi-Shot",0x1
4/28 18:49:27.516  SPELL_PERIODIC_HEAL,Player-4755-02045EF4,"Necrosini-Dreadmist",0x512,0x0,Player-4755-01733879,"Hocwar-Dreadmist",0x40514,0x0,10929,"Renew",0x2,Player-4755-01733879,0000000000000000,97,100,0,0,0,-1,0,0,0,22.22,-218.01,0,3.1397,71,253,253,0,0,nil
4/28 18:49:27.516  SWING_MISSED,Creature-0-4457-249-1045-10184-000028665C,"Onyxia",0xa48,0x0,Player-4755-01733879,"Hocwar-Dreadmist",0x40514,0x0,DODGE,nil
4/28 18:49:27.563  SPELL_CAST_START,Player-4755-01B60A5F,"Zurok-Dreadmist",0x514,0x0,0000000000000000,nil,0x80000000,0x80000000,75,"Auto Shot",0x1
4/28 18:49:27.592  SPELL_PERIODIC_ENERGIZE,Creature-0-4457-249-1045-7416-0000286C79,"Mana Spring Totem IV",0x2114,0x0,Player-4755-01ED7A64,"Sperzieboon-Dreadmist",0x514,0x0,10494,"Mana Spring",0x8,Player-4755-01ED7A64,0000000000000000,100,100,0,0,0,-1,0,0,0,13.02,-190.15,0,4.7271,67,13.0000,0.0000,0,7261
4/28 18:49:27.592  SPELL_PERIODIC_ENERGIZE,Creature-0-4457-249-1045-7416-0000286C79,"Mana Spring Totem IV",0x2114,0x0,Player-4755-01804B95,"Moymoy-Dreadmist",0x514,0x0,10494,"Mana Spring",0x8,Player-4755-01804B95,0000000000000000,100,100,0,0,0,-1,0,0,0,13.08,-185.26,0,4.8801,66,13.0000,0.0000,0,5366
4/28 18:49:27.592  SPELL_PERIODIC_ENERGIZE,Creature-0-4457-249-1045-7416-0000286C79,"Mana Spring Totem IV",0x2114,0x0,Player-4755-015FEBD5,"Sauvage-Dreadmist",0x514,0x0,10494,"Mana Spring",0x8,Player-4755-015FEBD5,0000000000000000,100,100,0,0,0,-1,0,0,0,7.01,-185.90,0,3.8861,64,13.0000,0.0000,0,6158
4/28 18:49:27.592  SPELL_PERIODIC_ENERGIZE,Creature-0-4457-249-1045-7416-0000286C79,"Mana Spring Totem IV",0x2114,0x0,Player-4755-0210153A,"Hapuseneb-Dreadmist",0x514,0x0,10494,"Mana Spring",0x8,Player-4755-0210153A,0000000000000000,100,100,0,0,0,-1,0,0,0,16.56,-197.22,0,4.4807,66,12.0000,0.0000,0,6736
4/28 18:49:27.592  SPELL_PERIODIC_ENERGIZE,Creature-0-4457-249-1045-7416-0000286C79,"Mana Spring Totem IV",0x2114,0x0,Player-4755-01FA8DD8,"Roackerita-Dreadmist",0x514,0x0,10494,"Mana Spring",0x8,Player-4755-01FA8DD8,0000000000000000,100,100,0,0,0,-1,0,0,0,2.12,-177.49,0,0.1845,69,12.0000,0.0000,0,6736
4/28 18:49:27.647  SPELL_CAST_START,Player-4755-01804B95,"Moymoy-Dreadmist",0x514,0x0,0000000000000000,nil,0x80000000,0x80000000,939,"Healing Wave",0x8
4/28 18:49:27.693  SWING_MISSED,Player-4755-01A6B139,"Sakatan-Dreadmist",0x10514,0x0,Creature-0-4457-249-1045-10184-000028665C,"Onyxia",0xa48,0x0,MISS,nil
4/28 18:49:27.724  SWING_DAMAGE,Pet-0-4457-249-1045-9622-02002CD5BC,"Bokito",0x1114,0x0,Creature-0-4457-249-1045-10184-000028665C,"Onyxia",0xa48,0x0,Pet-0-4457-249-1045-9622-02002CD5BC,Player-4755-020BD78D,91,100,0,0,0,-1,0,0,0,-4.27,-198.08,0,5.3385,70,206,237,-1,1,0,0,0,nil,nil,nil
4/28 18:49:27.741  RANGE_DAMAGE,Player-4755-01F36B30,"Rectumqeef-Dreadmist",0x514,0x0,Creature-0-4457-249-1045-10184-000028665C,"Onyxia",0xa48,0x0,5019,"Shoot",0x1,Creature-0-4457-249-1045-10184-000028665C,0000000000000000,76,100,0,0,0,-1,0,0,0,10.16,-218.04,0,0.0023,63,85,77,-1,64,0,0,0,nil,nil,nil
4/28 18:49:27.744  SPELL_ENERGIZE,Player-4755-01733879,"Hocwar-Dreadmist",0x40514,0x0,Player-4755-01733879,"Hocwar-Dreadmist",0x40514,0x0,12964,"Unbridled Wrath",0x1,Player-4755-01733879,0000000000000000,97,100,0,0,0,-1,0,0,0,22.22,-218.01,0,3.1397,71,1.0000,0.0000,1,1000
4/28 18:49:27.744  SPELL_AURA_REMOVED_DOSE,Player-4755-01F21AE6,"Blahu-Dreadmist",0x40514,0x0,Player-4755-01F21AE6,"Blahu-Dreadmist",0x40514,0x0,23888,"Bloodthirst",0x1,BUFF,3
4/28 18:49:27.744  SPELL_HEAL,Player-4755-01F21AE6,"Blahu-Dreadmist",0x40514,0x0,Player-4755-01F21AE6,"Blahu-Dreadmist",0x40514,0x0,23891,"Bloodthirst",0x1,Player-4755-01F21AE6,0000000000000000,100,100,0,0,0,-1,0,0,0,13.36,-210.14,0,4.6774,70,20,20,20,0,nil
4/28 18:49:27.744  SPELL_AURA_APPLIED,Player-4755-0178F416,"Eltorero-Dreadmist",0x514,0x0,Player-4755-0178F416,"Eltorero-Dreadmist",0x514,0x0,12970,"Flurry",0x1,BUFF
4/28 18:49:27.744  SPELL_HEAL,Player-4755-0178F416,"Eltorero-Dreadmist",0x514,0x0,Player-4755-0178F416,"Eltorero-Dreadmist",0x514,0x0,23891,"Bloodthirst",0x1,Player-4755-0178F416,0000000000000000,100,100,0,0,0,-1,0,0,0,8.37,-205.90,0,4.8095,67,20,20,20,0,nil
4/28 18:49:27.744  SPELL_AURA_REMOVED,Player-4755-0178F416,"Eltorero-Dreadmist",0x514,0x0,Player-4755-0178F416,"Eltorero-Dreadmist",0x514,0x0,23888,"Bloodthirst",0x1,BUFF
4/28 18:49:27.744  SWING_DAMAGE_LANDED,Pet-0-4457-249-1045-9622-02002CD5BC,"Bokito",0x1114,0x0,Creature-0-4457-249-1045-10184-000028665C,"Onyxia",0xa48,0x0,Creature-0-4457-249-1045-10184-000028665C,0000000000000000,76,100,0,0,0,-1,0,0,0,10.16,-218.04,0,0.0023,63,206,237,-1,1,0,0,0,nil,nil,nil
4/28 18:49:27.768  SPELL_PERIODIC_ENERGIZE,Creature-0-4457-249-1045-7416-0000286C87,"Mana Spring Totem IV",0x2114,0x0,Player-4755-016296D3,"Nivl-Dreadmist",0x514,0x0,10494,"Mana Spring",0x8,Player-4755-016296D3,0000000000000000,100,100,0,0,0,-1,0,0,0,12.99,-204.08,0,4.6027,69,10.0000,0.0000,0,5845
4/28 18:49:27.768  SPELL_PERIODIC_ENERGIZE,Creature-0-4457-249-1045-7416-0000286C87,"Mana Spring Totem IV",0x2114,0x0,Player-4755-0178F576,"Atreas-Dreadmist",0x514,0x0,10494,"Mana Spring",0x8,Player-4755-0178F576,0000000000000000,100,100,0,0,0,-1,0,0,0,6.14,-178.76,0,4.8144,66,10.0000,0.0000,0,3765
4/28 18:49:27.768  SWING_DAMAGE,Pet-0-4457-249-1045-2850-01001956F9,"Kratos",0x1114,0x0,Creature-0-4457-249-1045-10184-000028665C,"Onyxia",0xa48,0x0,Pet-0-4457-249-1045-2850-01001956F9,Player-4755-0178F576,100,100,0,0,0,-1,0,0,0,9.46,-193.00,0,4.7404,66,71,129,-1,1,0,0,0,nil,1,nil
4/28 18:49:27.768  SPELL_PERIODIC_ENERGIZE,Player-4755-01802FE5,"Angrybat-Dreadmist",0x514,0x0,Player-4755-01802FE5,"Angrybat-Dreadmist",0x514,0x0,18194,"Mana Regeneration",0x1,Player-4755-01802FE5,0000000000000000,100,100,0,0,0,-1,0,0,0,0.70,-182.00,0,4.7904,66,8.0000,0.0000,0,6033
4/28 18:49:27.768  SPELL_CAST_SUCCESS,Player-4755-01F36B30,"Rectumqeef-Dreadmist",0x514,0x0,Creature-0-4457-249-1045-10184-000028665C,"Onyxia",0xa48,0x0,5019,"Shoot",0x1,Player-4755-01F36B30,0000000000000000,100,100,0,0,0,-1,0,0,0,11.80,-188.94,0,4.6184,66
4/28 18:49:27.802  SPELL_CAST_START,Player-4755-020BD78D,"Lonehunter-Dreadmist",0x514,0x0,0000000000000000,nil,0x80000000,0x80000000,75,"Auto Shot",0x1
4/28 18:49:27.834  SPELL_CAST_SUCCESS,Player-4755-01617EEE,"Fenix-Dreadmist",0x512,0x0,Player-4755-01733879,"Hocwar-Dreadmist",0x40514,0x0,10916,"Flash Heal",0x2,Player-4755-01617EEE,0000000000000000,100,100,0,0,0,-1,0,0,0,26.44,-181.95,0,4.6344,66
4/28 18:49:27.835  SPELL_CAST_SUCCESS,Player-4755-0178F416,"Eltorero-Dreadmist",0x514,0x0,Creature-0-4457-249-1045-10184-000028665C,"Onyxia",0xa48,0x0,23894,"Bloodthirst",0x1,Player-4755-0178F416,0000000000000000,100,100,0,0,0,-1,0,0,0,8.37,-205.90,0,4.8095,67
4/28 18:49:27.835  SPELL_MISSED,Player-4755-0178F416,"Eltorero-Dreadmist",0x514,0x0,Creature-0-4457-249-1045-10184-000028665C,"Onyxia",0xa48,0x0,23894,"Bloodthirst",0x1,DODGE,nil
4/28 18:49:27.851  SWING_DAMAGE,Player-4755-01AC9FD9,"Alexinho-Dreadmist",0x514,0x0,Creature-0-4457-249-1045-10184-000028665C,"Onyxia",0xa48,0x0,Player-4755-01AC9FD9,0000000000000000,100,100,0,0,0,-1,0,0,0,14.04,-202.29,0,4.4934,66,302,170,-1,1,0,0,0,1,nil,nil
4/28 18:49:27.885  SWING_DAMAGE,Player-4755-01637B0A,"Pindle-Dreadmist",0x514,0x0,Creature-0-4457-249-1045-10184-000028665C,"Onyxia",0xa48,0x0,Player-4755-01637B0A,0000000000000000,100,100,0,0,0,-1,0,0,0,8.72,-208.37,0,4.9710,65,177,207,-1,1,0,0,0,nil,1,nil
4/28 18:49:27.885  SPELL_DAMAGE,Player-4755-0163DD9D,"Kaspais-Dreadmist",0x514,0x0,Creature-0-4457-249-1045-10184-000028665C,"Onyxia",0xa48,0x0,10181,"Frostbolt",0x10,Creature-0-4457-249-1045-10184-000028665C,0000000000000000,76,100,0,0,0,-1,0,0,0,10.16,-218.04,0,0.0023,63,928,844,-1,16,0,0,0,nil,nil,nil
4/28 18:49:27.934  SPELL_CAST_SUCCESS,Player-4755-0178F576,"Atreas-Dreadmist",0x514,0x0,Creature-0-4457-249-1045-10184-000028665C,"Onyxia",0xa48,0x0,14290,"Multi-Shot",0x1,Player-4755-0178F576,0000000000000000,100,100,0,0,0,-1,0,0,0,6.14,-178.76,0,4.8144,66
4/28 18:49:27.956  SWING_DAMAGE,Player-4755-01F21AE6,"Blahu-Dreadmist",0x40514,0x0,Creature-0-4457-249-1045-10184-000028665C,"Onyxia",0xa48,0x0,Player-4755-01F21AE6,0000000000000000,100,100,0,0,0,-1,0,0,0,13.36,-210.14,0,4.6774,70,189,369,-1,1,0,0,0,nil,1,nil
4/28 18:49:27.956  SPELL_AURA_APPLIED,Player-4755-01637B0A,"Pindle-Dreadmist",0x514,0x0,Player-4755-01637B0A,"Pindle-Dreadmist",0x514,0x0,13877,"Blade Flurry",0x1,BUFF
4/28 18:49:27.956  SPELL_CAST_SUCCESS,Player-4755-01637B0A,"Pindle-Dreadmist",0x514,0x0,0000000000000000,nil,0x80000000,0x80000000,13877,"Blade Flurry",0x1,Player-4755-01637B0A,0000000000000000,100,100,0,0,0,-1,0,0,0,8.72,-208.37,0,4.9710,65
4/28 18:49:27.976  SPELL_CAST_START,Player-4755-0163DD9D,"Kaspais-Dreadmist",0x514,0x0,0000000000000000,nil,0x80000000,0x80000000,10181,"Frostbolt",0x10
4/28 18:49:28.011  SPELL_CAST_SUCCESS,Player-4755-01B60A5F,"Zurok-Dreadmist",0x514,0x0,Creature-0-4457-249-1045-10184-000028665C,"Onyxia",0xa48,0x0,75,"Auto Shot",0x1,Player-4755-01B60A5F,0000000000000000,100,100,0,0,0,-1,0,0,0,14.47,-175.17,0,4.8084,62
4/28 18:49:28.011  SPELL_CAST_START,Player-4755-0178F576,"Atreas-Dreadmist",0x514,0x0,0000000000000000,nil,0x80000000,0x80000000,75,"Auto Shot",0x1
4/28 18:49:28.027  SPELL_DAMAGE,Player-4755-01FA8D0D,"Roackeru-Dreadmist",0x514,0x0,Creature-0-4457-249-1045-10184-000028665C,"Onyxia",0xa48,0x0,11661,"Shadow Bolt",0x20,Creature-0-4457-249-1045-10184-000028665C,0000000000000000,76,100,0,0,0,-1,0,0,0,10.16,-218.04,0,0.0023,63,493,895,-1,32,448,0,0,nil,nil,nil
4/28 18:49:28.027  SWING_DAMAGE,Player-4755-016DF694,"Ashalan-Dreadmist",0x514,0x0,Creature-0-4457-249-1045-10184-000028665C,"Onyxia",0xa48,0x0,Player-4755-016DF694,0000000000000000,100,100,0,0,0,-1,0,0,0,11.79,-208.79,0,4.6425,67,396,648,-1,1,0,0,0,nil,1,nil
4/28 18:49:28.140  SPELL_CAST_SUCCESS,Player-4755-01733879,"Hocwar-Dreadmist",0x40514,0x0,Creature-0-4457-249-1045-10184-000028665C,"Onyxia",0xa48,0x0,11567,"Heroic Strike",0x1,Player-4755-01733879,0000000000000000,97,100,0,0,0,-1,0,0,0,22.22,-218.01,0,3.1397,71
4/28 18:49:28.140  SPELL_MISSED,Player-4755-01733879,"Hocwar-Dreadmist",0x40514,0x0,Creature-0-4457-249-1045-10184-000028665C,"Onyxia",0xa48,0x0,11567,"Heroic Strike",0x1,PARRY,nil
4/28 18:49:28.162  SPELL_AURA_REMOVED,Player-4755-01617EEE,"Fenix-Dreadmist",0x512,0x0,Player-4755-01733879,"Hocwar-Dreadmist",0x40514,0x0,15359,"Inspiration",0x2,BUFF
4/28 18:49:28.162  SPELL_AURA_APPLIED,Player-4755-0210153A,"Hapuseneb-Dreadmist",0x514,0x0,Player-4755-01733879,"Hocwar-Dreadmist",0x40514,0x0,15359,"Inspiration",0x2,BUFF
4/28 18:49:28.162  SPELL_AURA_APPLIED,Player-4755-01BC57A3,"Saintis-Dreadmist",0x511,0x0,Pet-0-4457-249-1045-9622-02002CD5BC,"Bokito",0x1114,0x0,15359,"Inspiration",0x2,BUFF
4/28 18:49:28.162  SPELL_AURA_REFRESH,Player-4755-0178F416,"Eltorero-Dreadmist",0x514,0x0,Creature-0-4457-249-1045-10184-000028665C,"Onyxia",0xa48,0x0,12721,"Deep Wound",0x1,DEBUFF
4/28 18:49:28.162  SWING_DAMAGE_LANDED,Pet-0-4457-249-1045-2850-01001956F9,"Kratos",0x1114,0x0,Creature-0-4457-249-1045-10184-000028665C,"Onyxia",0xa48,0x0,Creature-0-4457-249-1045-10184-000028665C,0000000000000000,76,100,0,0,0,-1,0,0,0,10.16,-218.04,0,0.0023,63,71,129,-1,1,0,0,0,nil,1,nil
4/28 18:49:28.163  SPELL_HEAL,Player-4755-01617EEE,"Fenix-Dreadmist",0x512,0x0,Player-4755-01733879,"Hocwar-Dreadmist",0x40514,0x0,10916,"Flash Heal",0x2,Player-4755-01733879,0000000000000000,100,100,0,0,0,-1,0,0,0,22.22,-218.01,0,3.1397,71,1099,1099,896,0,nil
4/28 18:49:28.163  SWING_DAMAGE_LANDED,Player-4755-01AC9FD9,"Alexinho-Dreadmist",0x514,0x0,Creature-0-4457-249-1045-10184-000028665C,"Onyxia",0xa48,0x0,Creature-0-4457-249-1045-10184-000028665C,0000000000000000,76,100,0,0,0,-1,0,0,0,10.16,-218.04,0,0.0023,63,302,170,-1,1,0,0,0,1,nil,nil
4/28 18:49:28.163  SPELL_DAMAGE,Player-4755-01AC9FD9,"Alexinho-Dreadmist",0x514,0x0,Creature-0-4457-249-1045-10184-000028665C,"Onyxia",0xa48,0x0,11337,"Instant Poison VI",0x8,Creature-0-4457-249-1045-10184-000028665C,0000000000000000,76,100,0,0,0,-1,0,0,0,10.16,-218.04,0,0.0023,63,129,128,-1,8,0,0,0,nil,nil,nil
4/28 18:49:28.163  SWING_DAMAGE_LANDED,Player-4755-01637B0A,"Pindle-Dreadmist",0x514,0x0,Creature-0-4457-249-1045-10184-000028665C,"Onyxia",0xa48,0x0,Creature-0-4457-249-1045-10184-000028665C,0000000000000000,76,100,0,0,0,-1,0,0,0,10.16,-218.04,0,0.0023,63,177,207,-1,1,0,0,0,nil,1,nil
4/28 18:49:28.163  SPELL_AURA_APPLIED,Player-4755-0163DD9D,"Kaspais-Dreadmist",0x514,0x0,Player-4755-0163DD9D,"Kaspais-Dreadmist",0x514,0x0,12536,"Clearcasting",0x40,BUFF
4/28 18:49:28.163  SWING_DAMAGE_LANDED,Player-4755-01F21AE6,"Blahu-Dreadmist",0x40514,0x0,Creature-0-4457-249-1045-10184-000028665C,"Onyxia",0xa48,0x0,Creature-0-4457-249-1045-10184-000028665C,0000000000000000,76,100,0,0,0,-1,0,0,0,10.16,-218.04,0,0.0023,63,189,369,-1,1,0,0,0,nil,1,nil
4/28 18:49:28.163  SWING_DAMAGE_LANDED,Player-4755-016DF694,"Ashalan-Dreadmist",0x514,0x0,Creature-0-4457-249-1045-10184-000028665C,"Onyxia",0xa48,0x0,Creature-0-4457-249-1045-10184-000028665C,0000000000000000,76,100,0,0,0,-1,0,0,0,10.16,-218.04,0,0.0023,63,396,648,-1,1,0,0,0,nil,1,nil
4/28 18:49:28.163  SWING_DAMAGE,Player-4755-01637B0A,"Pindle-Dreadmist",0x514,0x0,Creature-0-4457-249-1045-10184-000028665C,"Onyxia",0xa48,0x0,Player-4755-01637B0A,0000000000000000,100,100,0,0,0,-1,0,0,0,8.72,-208.37,0,4.9710,65,111,131,-1,1,0,0,0,nil,1,nil
4/28 18:49:28.222  SPELL_CAST_SUCCESS,Player-4755-021D6506,"Bloodlady-Dreadmist",0x514,0x0,Creature-0-4457-249-1045-10184-000028665C,"Onyxia",0xa48,0x0,10181,"Frostbolt",0x10,Player-4755-021D6506,0000000000000000,100,100,0,0,0,-1,0,0,0,-6.02,-186.07,0,5.1602,69
4/28 18:49:28.240  SPELL_CAST_SUCCESS,Player-4755-020BD78D,"Lonehunter-Dreadmist",0x514,0x0,Creature-0-4457-249-1045-10184-000028665C,"Onyxia",0xa48,0x0,75,"Auto Shot",0x1,Player-4755-020BD78D,0000000000000000,100,100,0,0,0,-1,0,0,0,1.62,-179.46,0,4.9304,70
4/28 18:49:28.260  SPELL_CAST_SUCCESS,Player-4755-016296D3,"Nivl-Dreadmist",0x514,0x0,Creature-0-4457-249-1045-10184-000028665C,"Onyxia",0xa48,0x0,15208,"Lightning Bolt",0x8,Player-4755-016296D3,0000000000000000,100,100,0,0,0,-1,0,0,0,12.99,-204.08,0,4.6027,69
4/28 18:49:28.260  SPELL_AURA_APPLIED,Player-4755-016296D3,"Nivl-Dreadmist",0x514,0x0,Player-4755-016296D3,"Nivl-Dreadmist",0x514,0x0,16246,"Clearcasting",0x40,BUFF
4/28 18:49:28.310  RANGE_DAMAGE,Player-4755-01E83279,"Nlmasters-Dreadmist",0x514,0x8,Creature-0-4457-249-1045-10184-000028665C,"Onyxia",0xa48,0x0,75,"Auto Shot",0x1,Creature-0-4457-249-1045-10184-000028665C,0000000000000000,76,100,0,0,0,-1,0,0,0,10.16,-218.04,0,0.0023,63,374,431,-1,1,0,0,0,nil,nil,nil
4/28 18:49:28.357  SWING_DAMAGE,Player-4755-01A6B139,"Sakatan-Dreadmist",0x10514,0x0,Creature-0-4457-249-1045-10184-000028665C,"Onyxia",0xa48,0x0,Player-4755-01A6B139,0000000000000000,100,100,0,0,0,-1,0,0,0,9.54,-199.57,0,5.0548,69,126,155,-1,1,0,0,0,nil,1,nil
4/28 18:49:28.373  SPELL_DAMAGE,Player-4755-020BD78D,"Lonehunter-Dreadmist",0x514,0x0,Creature-0-4457-249-1045-10184-000028665C,"Onyxia",0xa48,0x0,20904,"Aimed Shot",0x1,Creature-0-4457-249-1045-10184-000028665C,0000000000000000,76,100,0,0,0,-1,0,0,0,10.16,-218.04,0,0.0023,63,2241,1098,-1,1,0,0,0,1,nil,nil
4/28 18:49:28.373  SPELL_CAST_START,Player-4755-016296D3,"Nivl-Dreadmist",0x514,0x0,0000000000000000,nil,0x80000000,0x80000000,15208,"Lightning Bolt",0x8
4/28 18:49:28.406  SPELL_CAST_START,Player-4755-020BD78D,"Lonehunter-Dreadmist",0x514,0x0,0000000000000000,nil,0x80000000,0x80000000,14290,"Multi-Shot",0x1
4/28 18:49:28.438  SPELL_CAST_SUCCESS,Player-4755-0178F576,"Atreas-Dreadmist",0x514,0x0,Creature-0-4457-249-1045-10184-000028665C,"Onyxia",0xa48,0x0,75,"Auto Shot",0x1,Player-4755-0178F576,0000000000000000,100,100,0,0,0,-1,0,0,0,6.14,-178.76,0,4.8144,66
4/28 18:49:28.470  SWING_MISSED,Player-4755-01AC9FD9,"Alexinho-Dreadmist",0x514,0x0,Creature-0-4457-249-1045-10184-000028665C,"Onyxia",0xa48,0x0,PARRY,nil
4/28 18:49:28.486  SWING_DAMAGE,Player-4755-01733879,"Hocwar-Dreadmist",0x40514,0x0,Creature-0-4457-249-1045-10184-000028665C,"Onyxia",0xa48,0x0,Player-4755-01733879,0000000000000000,100,100,0,0,0,-1,0,0,0,22.22,-218.01,0,3.1397,71,81,111,-1,1,0,0,0,nil,1,nil
4/28 18:49:28.518  SPELL_DAMAGE,Player-4755-01B60A5F,"Zurok-Dreadmist",0x514,0x0,Creature-0-4457-249-1045-10184-000028665C,"Onyxia",0xa48,0x0,20904,"Aimed Shot",0x1,Creature-0-4457-249-1045-10184-000028665C,0000000000000000,76,100,0,0,0,-1,0,0,0,10.16,-218.04,0,0.0023,63,947,1091,-1,1,0,0,0,nil,nil,nil
4/28 18:49:28.549  SPELL_CAST_START,Player-4755-01FA8D0D,"Roackeru-Dreadmist",0x514,0x0,0000000000000000,nil,0x80000000,0x80000000,11661,"Shadow Bolt",0x20
4/28 18:49:28.574  SPELL_AURA_REMOVED_DOSE,Player-4755-01F21AE6,"Blahu-Dreadmist",0x40514,0x0,Player-4755-01F21AE6,"Blahu-Dreadmist",0x40514,0x0,23888,"Bloodthirst",0x1,BUFF,2
4/28 18:49:28.574  SPELL_HEAL,Player-4755-01F21AE6,"Blahu-Dreadmist",0x40514,0x0,Player-4755-01F21AE6,"Blahu-Dreadmist",0x40514,0x0,23891,"Bloodthirst",0x1,Player-4755-01F21AE6,0000000000000000,100,100,0,0,0,-1,0,0,0,13.36,-210.14,0,4.6774,70,20,20,20,0,nil
4/28 18:49:28.574  SPELL_AURA_REMOVED_DOSE,Player-4755-016DF694,"Ashalan-Dreadmist",0x514,0x0,Player-4755-016DF694,"Ashalan-Dreadmist",0x514,0x0,16280,"Flurry",0x1,BUFF,1
4/28 18:49:28.574  SWING_DAMAGE_LANDED,Player-4755-01637B0A,"Pindle-Dreadmist",0x514,0x0,Creature-0-4457-249-1045-10184-000028665C,"Onyxia",0xa48,0x0,Creature-0-4457-249-1045-10184-000028665C,0000000000000000,76,100,0,0,0,-1,0,0,0,10.16,-218.04,0,0.0023,63,111,131,-1,1,0,0,0,nil,1,nil
4/28 18:49:28.574  SWING_DAMAGE_LANDED,Player-4755-01A6B139,"Sakatan-Dreadmist",0x10514,0x0,Creature-0-4457-249-1045-10184-000028665C,"Onyxia",0xa48,0x0,Creature-0-4457-249-1045-10184-000028665C,0000000000000000,76,100,0,0,0,-1,0,0,0,10.16,-218.04,0,0.0023,63,126,155,-1,1,0,0,0,nil,1,nil
4/28 18:49:28.574  SPELL_DAMAGE,Player-4755-01A6B139,"Sakatan-Dreadmist",0x10514,0x0,Creature-0-4457-249-1045-10184-000028665C,"Onyxia",0xa48,0x0,11337,"Instant Poison VI",0x8,Creature-0-4457-249-1045-10184-000028665C,0000000000000000,76,100,0,0,0,-1,0,0,0,10.16,-218.04,0,0.0023,63,132,132,-1,8,0,0,0,nil,nil,nil
4/28 18:49:28.574  SWING_DAMAGE_LANDED,Player-4755-01733879,"Hocwar-Dreadmist",0x40514,0x0,Creature-0-4457-249-1045-10184-000028665C,"Onyxia",0xa48,0x0,Creature-0-4457-249-1045-10184-000028665C,0000000000000000,76,100,0,0,0,-1,0,0,0,10.16,-218.04,0,0.0023,63,81,111,-1,1,0,0,0,nil,1,nil
4/28 18:49:28.612  SPELL_CAST_SUCCESS,Player-4755-01ED7A64,"Sperzieboon-Dreadmist",0x514,0x0,Player-4755-01733879,"Hocwar-Dreadmist",0x40514,0x0,6063,"Heal",0x2,Player-4755-01ED7A64,0000000000000000,100,100,0,0,0,-1,0,0,0,13.02,-190.15,0,4.7271,67
4/28 18:49:28.628  SPELL_CAST_SUCCESS,Player-4755-0160BD13,"Mafkees-Dreadmist",0x514,0x0,Creature-0-4457-249-1045-10184-000028665C,"Onyxia",0xa48,0x0,7373,"Hamstring",0x1,Player-4755-0160BD13,0000000000000000,100,100,0,0,0,-1,0,0,0,9.19,-207.95,0,4.8051,64
4/28 18:49:28.628  SPELL_CAST_START,Player-4755-021D6506,"Bloodlady-Dreadmist",0x514,0x0,0000000000000000,nil,0x80000000,0x80000000,10181,"Frostbolt",0x10
4/28 18:49:28.679  SPELL_CAST_SUCCESS,Player-4755-01733879,"Hocwar-Dreadmist",0x40514,0x0,0000000000000000,nil,0x80000000,0x80000000,11556,"Demoralizing Shout",0x1,Player-4755-01733879,0000000000000000,100,100,0,0,0,-1,0,0,0,22.22,-218.01,0,3.1397,71
4/28 18:49:28.679  SPELL_MISSED,Player-4755-01733879,"Hocwar-Dreadmist",0x40514,0x0,Creature-0-4457-249-1045-10184-000028665C,"Onyxia",0xa48,0x0,11556,"Demoralizing Shout",0x1,RESIST,nil,0
4/28 18:49:28.695  SPELL_DAMAGE,Player-4755-01614AC7,"Mirrimazduur-Dreadmist",0x512,0x0,Creature-0-4457-249-1045-10184-000028665C,"Onyxia",0xa48,0x0,11661,"Shadow Bolt",0x20,Creature-0-4457-249-1045-10184-000028665C,0000000000000000,75,100,0,0,0,-1,0,0,0,10.16,-218.04,0,0.0023,63,725,878,-1,32,220,0,0,nil,nil,nil
4/28 18:49:28.725  SPELL_CAST_SUCCESS,Creature-0-4457-249-1045-10184-000028665C,"Onyxia",0xa48,0x0,Player-4755-01733879,"Hocwar-Dreadmist",0x40514,0x0,19983,"Cleave",0x1,Creature-0-4457-249-1045-10184-000028665C,0000000000000000,75,100,0,0,0,-1,0,0,0,10.16,-218.04,0,0.0023,63
4/28 18:49:28.726  SPELL_MISSED,Creature-0-4457-249-1045-10184-000028665C,"Onyxia",0xa48,0x0,Player-4755-01733879,"Hocwar-Dreadmist",0x40514,0x0,19983,"Cleave",0x1,DODGE,nil
4/28 18:49:28.741  SPELL_PERIODIC_DAMAGE,Player-4755-01F36B30,"Rectumqeef-Dreadmist",0x514,0x0,Creature-0-4457-249-1045-10184-000028665C,"Onyxia",0xa48,0x0,11672,"Corruption",0x20,Creature-0-4457-249-1045-10184-000028665C,0000000000000000,75,100,0,0,0,-1,0,0,0,10.16,-218.04,0,0.0023,63,168,203,-1,32,51,0,0,nil,nil,nil
4/28 18:49:28.741  SPELL_AURA_REMOVED,Player-4755-01F36B30,"Rectumqeef-Dreadmist",0x514,0x0,Creature-0-4457-249-1045-10184-000028665C,"Onyxia",0xa48,0x0,11672,"Corruption",0x20,DEBUFF
4/28 18:49:28.772  SWING_DAMAGE,Pet-0-4457-249-1045-2850-01001956F9,"Kratos",0x1114,0x0,Creature-0-4457-249-1045-10184-000028665C,"Onyxia",0xa48,0x0,Pet-0-4457-249-1045-2850-01001956F9,Player-4755-0178F576,100,100,0,0,0,-1,0,0,0,9.46,-193.00,0,4.7404,66,70,128,-1,1,0,0,0,nil,1,nil
4/28 18:49:28.772  SPELL_CAST_START,Player-4755-01F36B30,"Rectumqeef-Dreadmist",0x514,0x0,0000000000000000,nil,0x80000000,0x80000000,5019,"Shoot",0x1
4/28 18:49:28.806  SPELL_PERIODIC_HEAL,Player-4755-01FA8DD8,"Roackerita-Dreadmist",0x514,0x0,Player-4755-0220BD00,"Krikoff-Dreadmist",0x40514,0x0,6078,"Renew",0x2,Player-4755-0220BD00,0000000000000000,100,100,0,0,0,-1,0,0,0,10.75,-210.91,0,4.7163,68,236,236,236,0,nil
4/28 18:49:28.854  SPELL_CAST_SUCCESS,Player-4755-020BD78D,"Lonehunter-Dreadmist",0x514,0x0,Creature-0-4457-249-1045-10184-000028665C,"Onyxia",0xa48,0x0,14290,"Multi-Shot",0x1,Player-4755-020BD78D,0000000000000000,100,100,0,0,0,-1,0,0,0,1.62,-179.46,0,4.9304,70
4/28 18:49:28.898  SWING_MISSED,Player-4755-01F21AE6,"Blahu-Dreadmist",0x40514,0x0,Creature-0-4457-249-1045-10184-000028665C,"Onyxia",0xa48,0x0,MISS,1
4/28 18:49:28.898  SPELL_PERIODIC_DAMAGE,Player-4755-01614AC7,"Mirrimazduur-Dreadmist",0x512,0x0,Creature-0-4457-249-1045-10184-000028665C,"Onyxia",0xa48,0x0,11672,"Corruption",0x20,Creature-0-4457-249-1045-10184-000028665C,0000000000000000,75,100,0,0,0,-1,0,0,0,10.16,-218.04,0,0.0023,63,207,188,-1,32,0,0,0,nil,nil,nil
4/28 18:49:28.898  SPELL_CAST_SUCCESS,Player-4755-01802FE5,"Angrybat-Dreadmist",0x514,0x0,Creature-0-4457-249-1045-10184-000028665C,"Onyxia",0xa48,0x0,10181,"Frostbolt",0x10,Player-4755-01802FE5,0000000000000000,100,100,0,0,0,-1,0,0,0,0.70,-182.00,0,4.7904,66
4/28 18:49:28.966  SPELL_CAST_SUCCESS,Pet-0-4457-249-1045-2850-01001956F9,"Kratos",0x1114,0x0,Creature-0-4457-249-1045-10184-000028665C,"Onyxia",0xa48,0x0,3009,"Claw",0x1,Pet-0-4457-249-1045-2850-01001956F9,Player-4755-0178F576,100,100,0,0,0,-1,0,0,0,9.46,-193.00,0,4.7404,66
4/28 18:49:28.966  SPELL_ENERGIZE,Player-4755-01F21AE6,"Blahu-Dreadmist",0x40514,0x0,Player-4755-01F21AE6,"Blahu-Dreadmist",0x40514,0x0,12964,"Unbridled Wrath",0x1,Player-4755-01F21AE6,0000000000000000,100,100,0,0,0,-1,0,0,0,13.36,-210.14,0,4.6774,70,1.0000,0.0000,1,1000
4/28 18:49:28.966  SPELL_HEAL,Player-4755-01ED7A64,"Sperzieboon-Dreadmist",0x514,0x0,Player-4755-01733879,"Hocwar-Dreadmist",0x40514,0x0,6063,"Heal",0x2,Player-4755-01733879,0000000000000000,100,100,0,0,0,-1,0,0,0,22.22,-218.01,0,3.1397,71,1186,1186,1186,0,nil
4/28 18:49:28.966  SPELL_DAMAGE,Player-4755-0160BD13,"Mafkees-Dreadmist",0x514,0x0,Creature-0-4457-249-1045-10184-000028665C,"Onyxia",0xa48,0x0,7373,"Hamstring",0x1,Creature-0-4457-249-1045-10184-000028665C,0000000000000000,75,100,0,0,0,-1,0,0,0,10.16,-218.04,0,0.0023,63,47,55,-1,1,0,0,0,nil,nil,nil
4/28 18:49:28.966  SWING_DAMAGE_LANDED,Pet-0-4457-249-1045-2850-01001956F9,"Kratos",0x1114,0x0,Creature-0-4457-249-1045-10184-000028665C,"Onyxia",0xa48,0x0,Creature-0-4457-249-1045-10184-000028665C,0000000000000000,75,100,0,0,0,-1,0,0,0,10.16,-218.04,0,0.0023,63,70,128,-1,1,0,0,0,nil,1,nil
4/28 18:49:28.966  SPELL_DAMAGE,Pet-0-4457-249-1045-2850-01001956F9,"Kratos",0x1114,0x0,Creature-0-4457-249-1045-10184-000028665C,"Onyxia",0xa48,0x0,3009,"Claw",0x1,Creature-0-4457-249-1045-10184-000028665C,0000000000000000,75,100,0,0,0,-1,0,0,0,10.16,-218.04,0,0.0023,63,65,74,-1,1,0,0,0,nil,nil,nil
4/28 18:49:28.966  SPELL_AURA_REFRESH,Player-4755-01637B0A,"Pindle-Dreadmist",0x514,0x0,Player-4755-01637B0A,"Pindle-Dreadmist",0x514,0x0,6774,"Slice and Dice",0x1,BUFF
4/28 18:49:28.966  SPELL_CAST_SUCCESS,Player-4755-01637B0A,"Pindle-Dreadmist",0x514,0x0,Creature-0-4457-249-1045-10184-000028665C,"Onyxia",0xa48,0x0,6774,"Slice and Dice",0x1,Player-4755-01637B0A,0000000000000000,100,100,0,0,0,-1,0,0,0,8.72,-208.37,0,4.9710,65
4/28 18:49:28.966  SPELL_DAMAGE,Player-4755-016296D3,"Nivl-Dreadmist",0x514,0x0,Creature-0-4457-249-1045-10184-000028665C,"Onyxia",0xa48,0x0,15208,"Lightning Bolt",0x8,Creature-0-4457-249-1045-10184-000028665C,0000000000000000,75,100,0,0,0,-1,0,0,0,10.16,-218.04,0,0.0023,63,546,545,-1,8,0,0,0,nil,nil,nil
4/28 18:49:29.039  SWING_DAMAGE,Player-4755-01637B0A,"Pindle-Dreadmist",0x514,0x0,Creature-0-4457-249-1045-10184-000028665C,"Onyxia",0xa48,0x0,Player-4755-01637B0A,0000000000000000,100,100,0,0,0,-1,0,0,0,8.72,-208.37,0,4.9710,65,191,219,-1,1,0,0,0,nil,nil,nil
4/28 18:49:29.070  SWING_DAMAGE,Player-4755-01637B0A,"Pindle-Dreadmist",0x514,0x0,Creature-0-4457-249-1045-10184-000028665C,"Onyxia",0xa48,0x0,Player-4755-01637B0A,0000000000000000,100,100,0,0,0,-1,0,0,0,8.72,-208.37,0,4.9710,65,235,132,-1,1,0,0,0,1,nil,nil
4/28 18:49:29.086  SPELL_CAST_START,Player-4755-015FEBD5,"Sauvage-Dreadmist",0x514,0x0,0000000000000000,nil,0x80000000,0x80000000,10181,"Frostbolt",0x10
4/28 18:49:29.086  RANGE_DAMAGE,Player-4755-01B60A5F,"Zurok-Dreadmist",0x514,0x0,Creature-0-4457-249-1045-10184-000028665C,"Onyxia",0xa48,0x0,75,"Auto Shot",0x1,Creature-0-4457-249-1045-10184-000028665C,0000000000000000,75,100,0,0,0,-1,0,0,0,10.16,-218.04,0,0.0023,63,956,463,-1,1,0,0,0,1,nil,nil
4/28 18:49:29.103  SPELL_PERIODIC_ENERGIZE,Player-4755-01BC57A3,"Saintis-Dreadmist",0x511,0x0,Player-4755-01BC57A3,"Saintis-Dreadmist",0x511,0x0,18194,"Mana Regeneration",0x1,Player-4755-01BC57A3,0000000000000000,100,100,0,0,0,-1,0,0,0,5.07,-191.20,0,4.8887,68,8.0000,0.0000,0,7212
4/28 18:49:29.134  SWING_DAMAGE,Player-4755-01A6B139,"Sakatan-Dreadmist",0x10514,0x0,Creature-0-4457-249-1045-10184-000028665C,"Onyxia",0xa48,0x0,Player-4755-01A6B139,0000000000000000,100,100,0,0,0,-1,0,0,0,9.54,-199.57,0,5.0548,69,156,195,-1,1,0,0,0,nil,1,nil
4/28 18:49:29.150  SPELL_CAST_SUCCESS,Player-4755-01614AC7,"Mirrimazduur-Dreadmist",0x512,0x0,Creature-0-4457-249-1045-10184-000028665C,"Onyxia",0xa48,0x0,11661,"Shadow Bolt",0x20,Player-4755-01614AC7,0000000000000000,100,100,0,0,0,-1,0,0,0,-1.52,-178.92,0,4.8760,68
4/28 18:49:29.150  SPELL_CAST_START,Player-4755-01614AC7,"Mirrimazduur-Dreadmist",0x512,0x0,0000000000000000,nil,0x80000000,0x80000000,11661,"Shadow Bolt",0x20
4/28 18:49:29.192  SPELL_AURA_REMOVED,Player-4755-016DF694,"Ashalan-Dreadmist",0x514,0x0,Player-4755-016DF694,"Ashalan-Dreadmist",0x514,0x0,20007,"Holy Strength",0x2,BUFF
4/28 18:49:29.225  RANGE_DAMAGE,Player-4755-01F36B30,"Rectumqeef-Dreadmist",0x514,0x0,Creature-0-4457-249-1045-10184-000028665C,"Onyxia",0xa48,0x0,5019,"Shoot",0x1,Creature-0-4457-249-1045-10184-000028665C,0000000000000000,75,100,0,0,0,-1,0,0,0,10.16,-218.04,0,0.0023,63,93,84,-1,64,0,0,0,nil,nil,nil
4/28 18:49:29.225  RANGE_DAMAGE,Player-4755-020BD78D,"Lonehunter-Dreadmist",0x514,0x0,Creature-0-4457-249-1045-10184-000028665C,"Onyxia",0xa48,0x0,75,"Auto Shot",0x1,Creature-0-4457-249-1045-10184-000028665C,0000000000000000,75,100,0,0,0,-1,0,0,0,10.16,-218.04,0,0.0023,63,456,525,-1,1,0,0,0,nil,nil,nil
4/28 18:49:29.225  SWING_MISSED,Player-4755-01AC9FD9,"Alexinho-Dreadmist",0x514,0x0,Creature-0-4457-249-1045-10184-000028665C,"Onyxia",0xa48,0x0,PARRY,1
4/28 18:49:29.256  SPELL_CAST_START,Player-4755-01F36B30,"Rectumqeef-Dreadmist",0x514,0x0,0000000000000000,nil,0x80000000,0x80000000,11672,"Corruption",0x20
4/28 18:49:29.256  SPELL_CAST_SUCCESS,Player-4755-01F36B30,"Rectumqeef-Dreadmist",0x514,0x0,Creature-0-4457-249-1045-10184-000028665C,"Onyxia",0xa48,0x0,11672,"Corruption",0x20,Player-4755-01F36B30,0000000000000000,100,100,0,0,0,-1,0,0,0,9.30,-188.51,0,4.5517,66
4/28 18:49:29.257  SPELL_DAMAGE,Player-4755-0178F576,"Atreas-Dreadmist",0x514,0x0,Creature-0-4457-249-1045-10184-000028665C,"Onyxia",0xa48,0x0,14290,"Multi-Shot",0x1,Creature-0-4457-249-1045-10184-000028665C,0000000000000000,75,100,0,0,0,-1,0,0,0,10.16,-218.04,0,0.0023,63,683,787,-1,1,0,0,0,nil,nil,nil
4/28 18:49:29.257  SWING_DAMAGE,Pet-0-4457-249-1045-7456-03003178E8,"Owl",0x1114,0x0,Creature-0-4457-249-1045-10184-000028665C,"Onyxia",0xa48,0x0,Pet-0-4457-249-1045-7456-03003178E8,Player-4755-01B60A5F,100,100,0,0,0,-1,0,0,0,14.31,-193.80,0,4.5427,62,100,169,-1,1,0,46,0,nil,nil,nil
4/28 18:49:29.343  SPELL_CAST_SUCCESS,Player-4755-0178F416,"Eltorero-Dreadmist",0x514,0x0,Creature-0-4457-249-1045-10184-000028665C,"Onyxia",0xa48,0x0,7373,"Hamstring",0x1,Player-4755-0178F416,0000000000000000,100,100,0,0,0,-1,0,0,0,7.91,-205.31,0,4.8095,67
4/28 18:49:29.343  SPELL_AURA_APPLIED,Player-4755-0178F416,"Eltorero-Dreadmist",0x514,0x0,Player-4755-0178F416,"Eltorero-Dreadmist",0x514,0x0,10610,"Windfury Totem",0x8,BUFF
4/28 18:49:29.343  SPELL_EXTRA_ATTACKS,Player-4755-0178F416,"Eltorero-Dreadmist",0x514,0x0,Player-4755-0178F416,"Eltorero-Dreadmist",0x514,0x0,10610,"Windfury Totem",0x8,1
4/28 18:49:29.343  SWING_MISSED,Player-4755-0178F416,"Eltorero-Dreadmist",0x514,0x0,Creature-0-4457-249-1045-10184-000028665C,"Onyxia",0xa48,0x0,DODGE,nil
4/28 18:49:29.363  SPELL_ENERGIZE,Player-4755-01637B0A,"Pindle-Dreadmist",0x514,0x0,Player-4755-01637B0A,"Pindle-Dreadmist",0x514,0x0,14181,"Relentless Strikes Effect",0x1,Player-4755-01637B0A,0000000000000000,100,100,0,0,0,-1,0,0,0,8.72,-208.37,0,4.9710,65,25.0000,0.0000,3,100
4/28 18:49:29.363  SWING_DAMAGE_LANDED,Player-4755-01637B0A,"Pindle-Dreadmist",0x514,0x0,Creature-0-4457-249-1045-10184-000028665C,"Onyxia",0xa48,0x0,Creature-0-4457-249-1045-10184-000028665C,0000000000000000,75,100,0,0,0,-1,0,0,0,10.16,-218.04,0,0.0023,63,191,219,-1,1,0,0,0,nil,nil,nil
4/28 18:49:29.363  SWING_DAMAGE_LANDED,Player-4755-01637B0A,"Pindle-Dreadmist",0x514,0x0,Creature-0-4457-249-1045-10184-000028665C,"Onyxia",0xa48,0x0,Creature-0-4457-249-1045-10184-000028665C,0000000000000000,75,100,0,0,0,-1,0,0,0,10.16,-218.04,0,0.0023,63,235,132,-1,1,0,0,0,1,nil,nil
4/28 18:49:29.363  SWING_DAMAGE_LANDED,Player-4755-01A6B139,"Sakatan-Dreadmist",0x10514,0x0,Creature-0-4457-249-1045-10184-000028665C,"Onyxia",0xa48,0x0,Creature-0-4457-249-1045-10184-000028665C,0000000000000000,75,100,0,0,0,-1,0,0,0,10.16,-218.04,0,0.0023,63,156,195,-1,1,0,0,0,nil,1,nil
4/28 18:49:29.363  SPELL_AURA_APPLIED,Player-4755-01F36B30,"Rectumqeef-Dreadmist",0x514,0x0,Creature-0-4457-249-1045-10184-000028665C,"Onyxia",0xa48,0x0,11672,"Corruption",0x20,DEBUFF
4/28 18:49:29.363  SWING_DAMAGE_LANDED,Pet-0-4457-249-1045-7456-03003178E8,"Owl",0x1114,0x0,Creature-0-4457-249-1045-10184-000028665C,"Onyxia",0xa48,0x0,Creature-0-4457-249-1045-10184-000028665C,0000000000000000,75,100,0,0,0,-1,0,0,0,10.16,-218.04,0,0.0023,63,100,169,-1,1,0,0,0,nil,nil,nil
4/28 18:49:29.380  SPELL_DAMAGE,Player-4755-0178F416,"Eltorero-Dreadmist",0x514,0x0,Creature-0-4457-249-1045-10184-000028665C,"Onyxia",0xa48,0x0,7373,"Hamstring",0x1,Creature-0-4457-249-1045-10184-000028665C,0000000000000000,75,100,0,0,0,-1,0,0,0,10.16,-218.04,0,0.0023,63,40,46,-1,1,0,0,0,nil,nil,nil
4/28 18:49:29.398  SPELL_AURA_REMOVED,Player-4755-01BC57A3,"Saintis-Dreadmist",0x511,0x0,Player-4755-01733879,"Hocwar-Dreadmist",0x40514,0x0,6788,"Weakened Soul",0x2,DEBUFF
4/28 18:49:29.447  RANGE_DAMAGE,Player-4755-0178F576,"Atreas-Dreadmist",0x514,0x0,Creature-0-4457-249-1045-10184-000028665C,"Onyxia",0xa48,0x0,75,"Auto Shot",0x1,Creature-0-4457-249-1045-10184-000028665C,0000000000000000,75,100,0,0,0,-1,0,0,0,10.16,-218.04,0,0.0023,63,470,541,-1,1,0,0,0,nil,nil,nil
4/28 18:49:29.447  SPELL_CAST_START,Player-4755-01E83279,"Nlmasters-Dreadmist",0x514,0x8,0000000000000000,nil,0x80000000,0x80000000,75,"Auto Shot",0x1
4/28 18:49:29.462  SPELL_PERIODIC_HEAL,Player-4755-01FA8DD8,"Roackerita-Dreadmist",0x514,0x0,Player-4755-01614AC7,"Mirrimazduur-Dreadmist",0x512,0x0,6078,"Renew",0x2,Player-4755-01614AC7,0000000000000000,100,100,0,0,0,-1,0,0,0,-1.52,-178.92,0,4.8760,68,236,236,236,0,nil
4/28 18:49:29.524  SPELL_DAMAGE,Player-4755-021D6506,"Bloodlady-Dreadmist",0x514,0x0,Creature-0-4457-249-1045-10184-000028665C,"Onyxia",0xa48,0x0,10181,"Frostbolt",0x10,Creature-0-4457-249-1045-10184-000028665C,0000000000000000,75,100,0,0,0,-1,0,0,0,10.16,-218.04,0,0.0023,63,1003,911,-1,16,0,0,0,nil,nil,nil
4/28 18:49:29.568  SPELL_CAST_SUCCESS,Player-4755-0160BD13,"Mafkees-Dreadmist",0x514,0x0,Creature-0-4457-249-1045-10184-000028665C,"Onyxia",0xa48,0x0,11567,"Heroic Strike",0x1,Player-4755-0160BD13,0000000000000000,100,100,0,0,0,-1,0,0,0,9.19,-207.95,0,4.8011,64
4/28 18:49:29.569  SPELL_AURA_REMOVED_DOSE,Player-4755-0160BD13,"Mafkees-Dreadmist",0x514,0x0,Player-4755-0160BD13,"Mafkees-Dreadmist",0x514,0x0,12970,"Flurry",0x1,BUFF,1
4/28 18:49:29.569  SPELL_PERIODIC_ENERGIZE,Creature-0-4457-249-1045-7416-0000286C79,"Mana Spring Totem IV",0x2114,0x0,Player-4755-01804B95,"Moymoy-Dreadmist",0x514,0x0,10494,"Mana Spring",0x8,Player-4755-01804B95,0000000000000000,100,100,0,0,0,-1,0,0,0,13.08,-185.26,0,4.8801,66,12.0000,0.0000,0,5366
4/28 18:49:29.569  SPELL_PERIODIC_ENERGIZE,Creature-0-4457-249-1045-7416-0000286C79,"Mana Spring Totem IV",0x2114,0x0,Player-4755-01FA8DD8,"Roackerita-Dreadmist",0x514,0x0,10494,"Mana Spring",0x8,Player-4755-01FA8DD8,0000000000000000,100,100,0,0,0,-1,0,0,0,8.47,-177.56,0,5.4932,69,12.0000,0.0000,0,6736
4/28 18:49:29.569  SPELL_PERIODIC_ENERGIZE,Creature-0-4457-249-1045-7416-0000286C79,"Mana Spring Totem IV",0x2114,0x0,Player-4755-01ED7A64,"Sperzieboon-Dreadmist",0x514,0x0,10494,"Mana Spring",0x8,Player-4755-01ED7A64,0000000000000000,100,100,0,0,0,-1,0,0,0,13.02,-190.15,0,4.7271,67,13.0000,0.0000,0,7261
4/28 18:49:29.585  SPELL_PERIODIC_ENERGIZE,Creature-0-4457-249-1045-7416-0000286C79,"Mana Spring Totem IV",0x2114,0x0,Player-4755-015FEBD5,"Sauvage-Dreadmist",0x514,0x0,10494,"Mana Spring",0x8,Player-4755-015FEBD5,0000000000000000,100,100,0,0,0,-1,0,0,0,-2.42,-186.07,0,4.8875,64,12.0000,0.0000,0,6158
4/28 18:49:29.585  SPELL_PERIODIC_ENERGIZE,Creature-0-4457-249-1045-7416-0000286C79,"Mana Spring Totem IV",0x2114,0x0,Player-4755-0210153A,"Hapuseneb-Dreadmist",0x514,0x0,10494,"Mana Spring",0x8,Player-4755-0210153A,0000000000000000,100,100,0,0,0,-1,0,0,0,5.85,-196.31,0,4.4807,66,12.0000,0.0000,0,6736
4/28 18:49:29.616  SPELL_CAST_SUCCESS,Player-4755-016DF694,"Ashalan-Dreadmist",0x514,0x0,Creature-0-4457-249-1045-10184-000028665C,"Onyxia",0xa48,0x0,10473,"Frost Shock",0x10,Player-4755-016DF694,0000000000000000,100,100,0,0,0,-1,0,0,0,10.99,-210.16,0,4.6425,67
4/28 18:49:29.636  SPELL_CAST_SUCCESS,Player-4755-01A6B139,"Sakatan-Dreadmist",0x10514,0x0,Creature-0-4457-249-1045-10184-000028665C,"Onyxia",0xa48,0x0,11281,"Backstab",0x1,Player-4755-01A6B139,0000000000000000,100,100,0,0,0,-1,0,0,0,9.54,-199.57,0,5.0548,69
4/28 18:49:29.636  SPELL_CAST_START,Player-4755-0210153A,"Hapuseneb-Dreadmist",0x514,0x0,0000000000000000,nil,0x80000000,0x80000000,6064,"Heal",0x2
4/28 18:49:29.705  SWING_DAMAGE,Player-4755-01A6B139,"Sakatan-Dreadmist",0x10514,0x0,Creature-0-4457-249-1045-10184-000028665C,"Onyxia",0xa48,0x0,Player-4755-01A6B139,0000000000000000,100,100,0,0,0,-1,0,0,0,9.54,-199.57,0,5.0548,69,222,125,-1,1,0,0,0,1,nil,nil
4/28 18:49:29.720  SWING_DAMAGE,Pet-0-4457-249-1045-9622-02002CD5BC,"Bokito",0x1114,0x0,Creature-0-4457-249-1045-10184-000028665C,"Onyxia",0xa48,0x0,Pet-0-4457-249-1045-9622-02002CD5BC,Player-4755-020BD78D,91,100,0,0,0,-1,0,0,0,-4.27,-198.08,0,5.3385,70,137,252,-1,1,0,0,0,nil,1,nil
4/28 18:49:29.753  SPELL_CAST_SUCCESS,Player-4755-02045EF4,"Necrosini-Dreadmist",0x512,0x0,Player-4755-01733879,"Hocwar-Dreadmist",0x40514,0x0,2054,"Heal",0x2,Player-4755-02045EF4,0000000000000000,100,100,0,0,0,-1,0,0,0,5.83,-191.53,0,2.9798,69
4/28 18:49:29.771  SPELL_PERIODIC_ENERGIZE,Creature-0-4457-249-1045-7416-0000286C87,"Mana Spring Totem IV",0x2114,0x0,Player-4755-016296D3,"Nivl-Dreadmist",0x514,0x0,10494,"Mana Spring",0x8,Player-4755-016296D3,0000000000000000,100,100,0,0,0,-1,0,0,0,12.99,-204.08,0,4.6027,69,10.0000,0.0000,0,5845
4/28 18:49:29.774  SPELL_AURA_REMOVED_DOSE,Player-4755-0178F416,"Eltorero-Dreadmist",0x514,0x0,Player-4755-0178F416,"Eltorero-Dreadmist",0x514,0x0,12970,"Flurry",0x1,BUFF,2
4/28 18:49:29.774  SPELL_AURA_REMOVED_DOSE,Player-4755-0178F416,"Eltorero-Dreadmist",0x514,0x0,Player-4755-0178F416,"Eltorero-Dreadmist",0x514,0x0,10610,"Windfury Totem",0x8,BUFF,1
4/28 18:49:29.774  SPELL_DAMAGE,Player-4755-0160BD13,"Mafkees-Dreadmist",0x514,0x0,Creature-0-4457-249-1045-10184-000028665C,"Onyxia",0xa48,0x0,11567,"Heroic Strike",0x1,Creature-0-4457-249-1045-10184-000028665C,0000000000000000,75,100,0,0,0,-1,0,0,0,10.16,-218.04,0,0.0023,63,1800,943,-1,1,0,0,0,1,nil,nil
4/28 18:49:29.774  SPELL_DAMAGE,Player-4755-016DF694,"Ashalan-Dreadmist",0x514,0x0,Creature-0-4457-249-1045-10184-000028665C,"Onyxia",0xa48,0x0,10473,"Frost Shock",0x10,Creature-0-4457-249-1045-10184-000028665C,0000000000000000,75,100,0,0,0,-1,0,0,0,10.16,-218.04,0,0.0023,63,583,529,-1,16,0,0,0,nil,nil,nil
4/28 18:49:29.774  SPELL_DAMAGE,Player-4755-01A6B139,"Sakatan-Dreadmist",0x10514,0x0,Creature-0-4457-249-1045-10184-000028665C,"Onyxia",0xa48,0x0,11281,"Backstab",0x1,Creature-0-4457-249-1045-10184-000028665C,0000000000000000,75,100,0,0,0,-1,0,0,0,10.16,-218.04,0,0.0023,63,559,644,-1,1,0,0,0,nil,nil,nil
4/28 18:49:29.774  SWING_DAMAGE_LANDED,Player-4755-01A6B139,"Sakatan-Dreadmist",0x10514,0x0,Creature-0-4457-249-1045-10184-000028665C,"Onyxia",0xa48,0x0,Creature-0-4457-249-1045-10184-000028665C,0000000000000000,75,100,0,0,0,-1,0,0,0,10.16,-218.04,0,0.0023,63,222,125,-1,1,0,0,0,1,nil,nil
4/28 18:49:29.774  SPELL_DAMAGE,Player-4755-01A6B139,"Sakatan-Dreadmist",0x10514,0x0,Creature-0-4457-249-1045-10184-000028665C,"Onyxia",0xa48,0x0,11337,"Instant Poison VI",0x8,Creature-0-4457-249-1045-10184-000028665C,0000000000000000,75,100,0,0,0,-1,0,0,0,10.16,-218.04,0,0.0023,63,150,149,-1,8,0,0,0,nil,nil,nil
4/28 18:49:29.774  SWING_DAMAGE_LANDED,Pet-0-4457-249-1045-9622-02002CD5BC,"Bokito",0x1114,0x0,Creature-0-4457-249-1045-10184-000028665C,"Onyxia",0xa48,0x0,Creature-0-4457-249-1045-10184-000028665C,0000000000000000,75,100,0,0,0,-1,0,0,0,10.16,-218.04,0,0.0023,63,137,252,-1,1,0,0,0,nil,1,nil
4/28 18:49:29.774  SPELL_HEAL,Player-4755-02045EF4,"Necrosini-Dreadmist",0x512,0x0,Player-4755-01733879,"Hocwar-Dreadmist",0x40514,0x0,2054,"Heal",0x2,Player-4755-01733879,0000000000000000,100,100,0,0,0,-1,0,0,0,22.22,-218.01,0,3.1397,71,666,666,666,0,nil
4/28 18:49:29.774  SPELL_PERIODIC_ENERGIZE,Creature-0-4457-249-1045-7416-0000286C87,"Mana Spring Totem IV",0x2114,0x0,Player-4755-0178F576,"Atreas-Dreadmist",0x514,0x0,10494,"Mana Spring",0x8,Player-4755-0178F576,0000000000000000,100,100,0,0,0,-1,0,0,0,6.14,-178.76,0,4.8144,66,10.0000,0.0000,0,3765
4/28 18:49:29.774  SWING_DAMAGE,Pet-0-4457-249-1045-2850-01001956F9,"Kratos",0x1114,0x0,Creature-0-4457-249-1045-10184-000028665C,"Onyxia",0xa48,0x0,Pet-0-4457-249-1045-2850-01001956F9,Player-4755-0178F576,100,100,0,0,0,-1,0,0,0,9.46,-193.00,0,4.7404,66,59,118,-1,1,0,0,0,nil,1,nil
4/28 18:49:29.794  SPELL_CAST_START,Player-4755-01804B95,"Moymoy-Dreadmist",0x514,0x0,0000000000000000,nil,0x80000000,0x80000000,939,"Healing Wave",0x8
4/28 18:49:29.794  SPELL_AURA_REMOVED,Player-4755-016DF694,"Ashalan-Dreadmist",0x514,0x0,Player-4755-016DF694,"Ashalan-Dreadmist",0x514,0x0,16280,"Flurry",0x1,BUFF
4/28 18:49:29.794  SPELL_PERIODIC_HEAL,Player-4755-01FA8DD8,"Roackerita-Dreadmist",0x514,0x0,Player-4755-01F21AE6,"Blahu-Dreadmist",0x40514,0x0,6078,"Renew",0x2,Player-4755-01F21AE6,0000000000000000,100,100,0,0,0,-1,0,0,0,13.36,-210.14,0,4.6774,70,236,236,236,0,nil
4/28 18:49:29.794  SPELL_AURA_REMOVED,Player-4755-01FA8DD8,"Roackerita-Dreadmist",0x514,0x0,Player-4755-01F21AE6,"Blahu-Dreadmist",0x40514,0x0,6078,"Renew",0x2,BUFF
4/28 18:49:29.880  SPELL_CAST_SUCCESS,Player-4755-020BD78D,"Lonehunter-Dreadmist",0x514,0x0,0000000000000000,nil,0x80000000,0x80000000,17531,"Restore Mana",0x1,Player-4755-020BD78D,0000000000000000,100,100,0,0,0,-1,0,0,0,1.62,-179.46,0,4.9304,70
4/28 18:49:29.880  SPELL_CAST_SUCCESS,Player-4755-01E83279,"Nlmasters-Dreadmist",0x514,0x8,Creature-0-4457-249-1045-10184-000028665C,"Onyxia",0xa48,0x0,75,"Auto Shot",0x1,Player-4755-01E83279,0000000000000000,100,100,0,0,0,-1,0,0,0,-8.36,-185.48,0,4.7394,70
4/28 18:49:29.925  SWING_DAMAGE,Creature-0-4457-249-1045-10184-000028665C,"Onyxia",0xa48,0x0,Player-4755-01733879,"Hocwar-Dreadmist",0x40514,0x0,Creature-0-4457-249-1045-10184-000028665C,0000000000000000,75,100,0,0,0,-1,0,0,0,10.16,-218.04,0,0.0023,63,726,1712,-1,1,0,0,0,nil,nil,nil
4/28 18:49:29.942  SWING_MISSED,Player-4755-01733879,"Hocwar-Dreadmist",0x40514,0x0,Creature-0-4457-249-1045-10184-000028665C,"Onyxia",0xa48,0x0,PARRY,nil
4/28 18:49:29.972  SWING_DAMAGE,Player-4755-01637B0A,"Pindle-Dreadmist",0x514,0x0,Creature-0-4457-249-1045-10184-000028665C,"Onyxia",0xa48,0x0,Player-4755-01637B0A,0000000000000000,100,100,0,0,0,-1,0,0,0,8.72,-208.37,0,4.9710,65,195,110,-1,1,0,0,0,1,nil,nil
4/28 18:49:30.048  SPELL_CAST_START,Player-4755-01B60A5F,"Zurok-Dreadmist",0x514,0x0,0000000000000000,nil,0x80000000,0x80000000,75,"Auto Shot",0x1
4/28 18:49:30.109  SWING_DAMAGE,Player-4755-01733879,"Hocwar-Dreadmist",0x40514,0x0,Creature-0-4457-249-1045-10184-000028665C,"Onyxia",0xa48,0x0,Player-4755-01733879,0000000000000000,100,100,0,0,0,-1,0,0,0,22.22,-218.01,0,3.1397,71,90,128,-1,1,0,0,0,nil,1,nil
4/28 18:49:30.175  SPELL_DAMAGE,Player-4755-020BD78D,"Lonehunter-Dreadmist",0x514,0x0,Creature-0-4457-249-1045-10184-000028665C,"Onyxia",0xa48,0x0,14290,"Multi-Shot",0x1,Creature-0-4457-249-1045-10184-000028665C,0000000000000000,75,100,0,0,0,-1,0,0,0,10.16,-218.04,0,0.0023,63,649,748,-1,1,0,0,0,nil,nil,nil
4/28 18:49:30.179  SPELL_AURA_APPLIED_DOSE,Player-4755-0160BD13,"Mafkees-Dreadmist",0x514,0x0,Player-4755-0160BD13,"Mafkees-Dreadmist",0x514,0x0,12970,"Flurry",0x1,BUFF,3
4/28 18:49:30.179  SWING_DAMAGE_LANDED,Pet-0-4457-249-1045-2850-01001956F9,"Kratos",0x1114,0x0,Creature-0-4457-249-1045-10184-000028665C,"Onyxia",0xa48,0x0,Creature-0-4457-249-1045-10184-000028665C,0000000000000000,75,100,0,0,0,-1,0,0,0,10.16,-218.04,0,0.0023,63,59,118,-1,1,0,0,0,nil,1,nil
4/28 18:49:30.179  SPELL_ENERGIZE,Player-4755-020BD78D,"Lonehunter-Dreadmist",0x514,0x0,Player-4755-020BD78D,"Lonehunter-Dreadmist",0x514,0x0,17531,"Restore Mana",0x1,Player-4755-020BD78D,0000000000000000,100,100,0,0,0,-1,0,0,0,1.62,-179.46,0,4.9304,70,1815.0000,0.0000,0,4335
4/28 18:49:30.179  SWING_DAMAGE_LANDED,Creature-0-4457-249-1045-10184-000028665C,"Onyxia",0xa48,0x0,Player-4755-01733879,"Hocwar-Dreadmist",0x40514,0x0,Player-4755-01733879,0000000000000000,88,100,0,0,0,-1,0,0,0,22.22,-218.01,0,3.1397,71,726,1712,-1,1,0,0,0,nil,nil,nil
4/28 18:49:30.179  SWING_DAMAGE_LANDED,Player-4755-01637B0A,"Pindle-Dreadmist",0x514,0x0,Creature-0-4457-249-1045-10184-000028665C,"Onyxia",0xa48,0x0,Creature-0-4457-249-1045-10184-000028665C,0000000000000000,75,100,0,0,0,-1,0,0,0,10.16,-218.04,0,0.0023,63,195,110,-1,1,0,0,0,1,nil,nil
4/28 18:49:30.179  SPELL_DAMAGE,Player-4755-01637B0A,"Pindle-Dreadmist",0x514,0x0,Creature-0-4457-249-1045-10184-000028665C,"Onyxia",0xa48,0x0,11337,"Instant Poison VI",0x8,Creature-0-4457-249-1045-10184-000028665C,0000000000000000,75,100,0,0,0,-1,0,0,0,10.16,-218.04,0,0.0023,63,110,145,-1,8,36,0,0,nil,nil,nil
4/28 18:49:30.179  SWING_DAMAGE_LANDED,Player-4755-01733879,"Hocwar-Dreadmist",0x40514,0x0,Creature-0-4457-249-1045-10184-000028665C,"Onyxia",0xa48,0x0,Creature-0-4457-249-1045-10184-000028665C,0000000000000000,75,100,0,0,0,-1,0,0,0,10.16,-218.04,0,0.0023,63,90,128,-1,1,0,0,0,nil,1,nil
4/28 18:49:30.214  SPELL_AURA_REFRESH,Player-4755-01637B0A,"Pindle-Dreadmist",0x514,0x0,Player-4755-01637B0A,"Pindle-Dreadmist",0x514,0x0,20007,"Holy Strength",0x2,BUFF
4/28 18:49:30.214  SPELL_HEAL,Player-4755-01637B0A,"Pindle-Dreadmist",0x514,0x0,Player-4755-01637B0A,"Pindle-Dreadmist",0x514,0x0,20007,"Holy Strength",0x2,Player-4755-01637B0A,0000000000000000,100,100,0,0,0,-1,0,0,0,8.72,-208.37,0,4.9710,65,112,112,112,0,nil
4/28 18:49:30.214  SWING_DAMAGE,Player-4755-01637B0A,"Pindle-Dreadmist",0x514,0x0,Creature-0-4457-249-1045-10184-000028665C,"Onyxia",0xa48,0x0,Player-4755-01637B0A,0000000000000000,100,100,0,0,0,-1,0,0,0,8.72,-208.37,0,4.9710,65,190,230,-1,1,0,0,0,nil,1,nil
4/28 18:49:30.214  SPELL_AURA_APPLIED,Player-4755-01733879,"Hocwar-Dreadmist",0x40514,0x0,Player-4755-01733879,"Hocwar-Dreadmist",0x40514,0x0,29131,"Bloodrage",0x1,BUFF
4/28 18:49:30.214  SPELL_CAST_SUCCESS,Player-4755-01733879,"Hocwar-Dreadmist",0x40514,0x0,0000000000000000,nil,0x80000000,0x80000000,2687,"Bloodrage",0x1,Player-4755-01733879,0000000000000000,88,100,0,0,0,-1,0,0,0,22.22,-218.01,0,3.1397,71
4/28 18:49:30.234  SPELL_DAMAGE,Player-4755-01802FE5,"Angrybat-Dreadmist",0x514,0x0,Creature-0-4457-249-1045-10184-000028665C,"Onyxia",0xa48,0x0,10181,"Frostbolt",0x10,Creature-0-4457-249-1045-10184-000028665C,0000000000000000,74,100,0,0,0,-1,0,0,0,10.16,-218.04,0,0.0023,63,960,872,-1,16,0,0,0,nil,nil,nil
4/28 18:49:30.251  SPELL_CAST_SUCCESS,Player-4755-0160BD13,"Mafkees-Dreadmist",0x514,0x0,Creature-0-4457-249-1045-10184-000028665C,"Onyxia",0xa48,0x0,23894,"Bloodthirst",0x1,Player-4755-0160BD13,0000000000000000,100,100,0,0,0,-1,0,0,0,9.36,-208.58,0,4.8011,64
4/28 18:49:30.251  SPELL_AURA_APPLIED,Player-4755-0160BD13,"Mafkees-Dreadmist",0x514,0x0,Player-4755-0160BD13,"Mafkees-Dreadmist",0x514,0x0,10610,"Windfury Totem",0x8,BUFF
4/28 18:49:30.251  SPELL_EXTRA_ATTACKS,Player-4755-0160BD13,"Mafkees-Dreadmist",0x514,0x0,Player-4755-0160BD13,"Mafkees-Dreadmist",0x514,0x0,10610,"Windfury Totem",0x8,1
4/28 18:49:30.251  SWING_DAMAGE,Player-4755-0160BD13,"Mafkees-Dreadmist",0x514,0x0,Creature-0-4457-249-1045-10184-000028665C,"Onyxia",0xa48,0x0,Player-4755-0160BD13,0000000000000000,100,100,0,0,0,-1,0,0,0,9.36,-208.58,0,4.8011,64,1492,859,-1,1,0,0,0,1,nil,nil
4/28 18:49:30.302  SPELL_CAST_START,Player-4755-01802FE5,"Angrybat-Dreadmist",0x514,0x0,0000000000000000,nil,0x80000000,0x80000000,10181,"Frostbolt",0x10
4/28 18:49:30.333  SPELL_CAST_START,Player-4755-020BD78D,"Lonehunter-Dreadmist",0x514,0x0,0000000000000000,nil,0x80000000,0x80000000,75,"Auto Shot",0x1
4/28 18:49:30.348  SPELL_PERIODIC_DAMAGE,Player-4755-0160BD13,"Mafkees-Dreadmist",0x514,0x0,Creature-0-4457-249-1045-10184-000028665C,"Onyxia",0xa48,0x0,12721,"Deep Wound",0x1,Creature-0-4457-249-1045-10184-000028665C,0000000000000000,74,100,0,0,0,-1,0,0,0,10.16,-218.04,0,0.0023,63,149,148,-1,1,0,0,0,nil,nil,nil
4/28 18:49:30.381  SPELL_AURA_REMOVED,Player-4755-015FEBD5,"Sauvage-Dreadmist",0x514,0x0,Player-4755-015FEBD5,"Sauvage-Dreadmist",0x514,0x0,10193,"Mana Shield",0x40,BUFF
4/28 18:49:30.381  SPELL_CAST_SUCCESS,Player-4755-016296D3,"Nivl-Dreadmist",0x514,0x0,Creature-0-4457-249-1045-10184-000028665C,"Onyxia",0xa48,0x0,15208,"Lightning Bolt",0x8,Player-4755-016296D3,0000000000000000,100,100,0,0,0,-1,0,0,0,12.99,-204.08,0,4.6027,69
4/28 18:49:30.381  SPELL_AURA_REMOVED,Player-4755-016296D3,"Nivl-Dreadmist",0x514,0x0,Player-4755-016296D3,"Nivl-Dreadmist",0x514,0x0,16246,"Clearcasting",0x40,BUFF
4/28 18:49:30.397  SPELL_AURA_REMOVED,Player-4755-02045EF4,"Necrosini-Dreadmist",0x512,0x0,Player-4755-01733879,"Hocwar-Dreadmist",0x40514,0x0,10929,"Renew",0x2,BUFF
4/28 18:49:30.461  SWING_DAMAGE,Player-4755-01AC9FD9,"Alexinho-Dreadmist",0x514,0x0,Creature-0-4457-249-1045-10184-000028665C,"Onyxia",0xa48,0x0,Player-4755-01AC9FD9,0000000000000000,100,100,0,0,0,-1,0,0,0,14.04,-202.29,0,4.4934,66,632,356,-1,1,0,0,0,1,nil,nil
4/28 18:49:30.478  SPELL_CAST_SUCCESS,Player-4755-0163DD9D,"Kaspais-Dreadmist",0x514,0x0,Creature-0-4457-249-1045-10184-000028665C,"Onyxia",0xa48,0x0,10181,"Frostbolt",0x10,Player-4755-0163DD9D,0000000000000000,100,100,0,0,0,-1,0,0,0,-0.33,-187.17,0,4.8317,66
4/28 18:49:30.478  SPELL_AURA_REMOVED,Player-4755-0163DD9D,"Kaspais-Dreadmist",0x514,0x0,Player-4755-0163DD9D,"Kaspais-Dreadmist",0x514,0x0,12536,"Clearcasting",0x40,BUFF
4/28 18:49:30.494  SPELL_CAST_SUCCESS,Player-4755-01B60A5F,"Zurok-Dreadmist",0x514,0x0,Creature-0-4457-249-1045-10184-000028665C,"Onyxia",0xa48,0x0,75,"Auto Shot",0x1,Player-4755-01B60A5F,0000000000000000,100,100,0,0,0,-1,0,0,0,14.47,-175.17,0,4.7652,62
4/28 18:49:30.508  SPELL_CAST_START,Player-4755-01ED7A64,"Sperzieboon-Dreadmist",0x514,0x0,0000000000000000,nil,0x80000000,0x80000000,6063,"Heal",0x2
4/28 18:49:30.524  SPELL_CAST_START,Player-4755-0178F576,"Atreas-Dreadmist",0x514,0x0,0000000000000000,nil,0x80000000,0x80000000,75,"Auto Shot",0x1
4/28 18:49:30.524  SWING_DAMAGE,Player-4755-01840577,"Raggèn-Dreadmist",0x514,0x0,Creature-0-4457-249-1045-10184-000028665C,"Onyxia",0xa48,0x0,Player-4755-01840577,0000000000000000,100,100,0,0,0,-1,0,0,0,11.31,-208.00,0,4.7666,67,402,523,-1,1,0,0,0,nil,1,nil
4/28 18:49:30.568  SWING_MISSED,Player-4755-01F21AE6,"Blahu-Dreadmist",0x40514,0x0,Creature-0-4457-249-1045-10184-000028665C,"Onyxia",0xa48,0x0,DODGE,nil
4/28 18:49:30.568  SPELL_CAST_SUCCESS,Player-4755-01FA8DD8,"Roackerita-Dreadmist",0x514,0x0,Player-4755-01FA8D0D,"Roackeru-Dreadmist",0x514,0x0,6078,"Renew",0x2,Player-4755-01FA8DD8,0000000000000000,100,100,0,0,0,-1,0,0,0,8.47,-177.56,0,5.0973,69
4/28 18:49:30.568  SWING_MISSED,Player-4755-01A6B139,"Sakatan-Dreadmist",0x10514,0x0,Creature-0-4457-249-1045-10184-000028665C,"Onyxia",0xa48,0x0,MISS,nil
4/28 18:49:30.584  SPELL_CAST_SUCCESS,Pet-0-4457-249-1045-7456-03003178E8,"Owl",0x1114,0x0,Creature-0-4457-249-1045-10184-000028665C,"Onyxia",0xa48,0x0,24579,"Screech",0x1,Pet-0-4457-249-1045-7456-03003178E8,Player-4755-01B60A5F,100,100,0,0,0,-1,0,0,0,14.31,-193.80,0,4.5427,62
4/28 18:49:30.584  SPELL_MISSED,Pet-0-4457-249-1045-7456-03003178E8,"Owl",0x1114,0x0,Creature-0-4457-249-1045-10184-000028665C,"Onyxia",0xa48,0x0,24579,"Screech",0x1,PARRY,nil
4/28 18:49:30.588  SPELL_AURA_REFRESH,Player-4755-0160BD13,"Mafkees-Dreadmist",0x514,0x0,Creature-0-4457-249-1045-10184-000028665C,"Onyxia",0xa48,0x0,12721,"Deep Wound",0x1,DEBUFF
4/28 18:49:30.604  SPELL_ENERGIZE,Player-4755-0160BD13,"Mafkees-Dreadmist",0x514,0x0,Player-4755-0160BD13,"Mafkees-Dreadmist",0x514,0x0,12964,"Unbridled Wrath",0x1,Player-4755-0160BD13,0000000000000000,100,100,0,0,0,-1,0,0,0,9.36,-208.58,0,4.8011,64,1.0000,0.0000,1,1000
4/28 18:49:30.604  SWING_DAMAGE_LANDED,Player-4755-01637B0A,"Pindle-Dreadmist",0x514,0x0,Creature-0-4457-249-1045-10184-000028665C,"Onyxia",0xa48,0x0,Creature-0-4457-249-1045-10184-000028665C,0000000000000000,74,100,0,0,0,-1,0,0,0,10.16,-218.04,0,0.0023,63,190,230,-1,1,0,0,0,nil,1,nil
4/28 18:49:30.604  SPELL_ENERGIZE,Player-4755-01733879,"Hocwar-Dreadmist",0x40514,0x0,Player-4755-01733879,"Hocwar-Dreadmist",0x40514,0x0,2687,"Bloodrage",0x1,Player-4755-01733879,0000000000000000,83,100,0,0,0,-1,0,0,0,22.22,-218.01,0,3.1397,71,15.0000,0.0000,1,1000
4/28 18:49:30.604  SPELL_MISSED,Player-4755-01802FE5,"Angrybat-Dreadmist",0x514,0x0,Creature-0-4457-249-1045-10184-000028665C,"Onyxia",0xa48,0x0,12579,"Winter's Chill",0x10,RESIST,nil,0
4/28 18:49:30.604  SPELL_DAMAGE,Player-4755-0160BD13,"Mafkees-Dreadmist",0x514,0x0,Creature-0-4457-249-1045-10184-000028665C,"Onyxia",0xa48,0x0,23894,"Bloodthirst",0x1,Creature-0-4457-249-1045-10184-000028665C,0000000000000000,74,100,0,0,0,-1,0,0,0,10.16,-218.04,0,0.0023,63,839,967,-1,1,0,0,0,nil,nil,nil
4/28 18:49:30.604  SPELL_AURA_APPLIED,Player-4755-0160BD13,"Mafkees-Dreadmist",0x514,0x0,Player-4755-0160BD13,"Mafkees-Dreadmist",0x514,0x0,23888,"Bloodthirst",0x1,BUFF
4/28 18:49:30.604  SWING_DAMAGE_LANDED,Player-4755-0160BD13,"Mafkees-Dreadmist",0x514,0x0,Creature-0-4457-249-1045-10184-000028665C,"Onyxia",0xa48,0x0,Creature-0-4457-249-1045-10184-000028665C,0000000000000000,74,100,0,0,0,-1,0,0,0,10.16,-218.04,0,0.0023,63,1492,859,-1,1,0,0,0,1,nil,nil
4/28 18:49:30.604  SWING_DAMAGE_LANDED,Player-4755-01AC9FD9,"Alexinho-Dreadmist",0x514,0x0,Creature-0-4457-249-1045-10184-000028665C,"Onyxia",0xa48,0x0,Creature-0-4457-249-1045-10184-000028665C,0000000000000000,74,100,0,0,0,-1,0,0,0,10.16,-218.04,0,0.0023,63,632,356,-1,1,0,0,0,1,nil,nil
4/28 18:49:30.604  SWING_DAMAGE_LANDED,Player-4755-01840577,"Raggèn-Dreadmist",0x514,0x0,Creature-0-4457-249-1045-10184-000028665C,"Onyxia",0xa48,0x0,Creature-0-4457-249-1045-10184-000028665C,0000000000000000,74,100,0,0,0,-1,0,0,0,10.16,-218.04,0,0.0023,63,402,523,-1,1,0,0,0,nil,1,nil
4/28 18:49:30.604  SPELL_AURA_APPLIED,Player-4755-01FA8DD8,"Roackerita-Dreadmist",0x514,0x0,Player-4755-01FA8D0D,"Roackeru-Dreadmist",0x514,0x0,6078,"Renew",0x2,BUFF
4/28 18:49:30.636  SWING_DAMAGE,Player-4755-01AC9FD9,"Alexinho-Dreadmist",0x514,0x0,Creature-0-4457-249-1045-10184-000028665C,"Onyxia",0xa48,0x0,Player-4755-01AC9FD9,0000000000000000,100,100,0,0,0,-1,0,0,0,14.04,-202.29,0,4.4934,66,295,166,-1,1,0,0,0,1,nil,nil
4/28 18:49:30.695  SWING_DAMAGE,Player-4755-01F21AE6,"Blahu-Dreadmist",0x40514,0x0,Creature-0-4457-249-1045-10184-000028665C,"Onyxia",0xa48,0x0,Player-4755-01F21AE6,0000000000000000,100,100,0,0,0,-1,0,0,0,13.36,-210.14,0,4.6774,70,269,155,-1,1,0,0,0,1,nil,nil
4/28 18:49:30.750  SPELL_CAST_SUCCESS,Player-4755-01733879,"Hocwar-Dreadmist",0x40514,0x0,Creature-0-4457-249-1045-10184-000028665C,"Onyxia",0xa48,0x0,23881,"Bloodthirst",0x1,Player-4755-01733879,0000000000000000,83,100,0,0,0,-1,0,0,0,22.22,-218.01,0,3.1397,71
4/28 18:49:30.778  SPELL_CAST_SUCCESS,Player-4755-020BD78D,"Lonehunter-Dreadmist",0x514,0x0,Creature-0-4457-249-1045-10184-000028665C,"Onyxia",0xa48,0x0,75,"Auto Shot",0x1,Player-4755-020BD78D,0000000000000000,100,100,0,0,0,-1,0,0,0,1.62,-179.46,0,4.9304,70
4/28 18:49:30.778  SWING_DAMAGE,Pet-0-4457-249-1045-2850-01001956F9,"Kratos",0x1114,0x0,Creature-0-4457-249-1045-10184-000028665C,"Onyxia",0xa48,0x0,Pet-0-4457-249-1045-2850-01001956F9,Player-4755-0178F576,100,100,0,0,0,-1,0,0,0,9.46,-193.00,0,4.7404,66,57,117,-1,1,0,0,0,nil,1,nil
4/28 18:49:30.825  SPELL_CAST_START,Player-4755-01617EEE,"Fenix-Dreadmist",0x512,0x0,0000000000000000,nil,0x80000000,0x80000000,10916,"Flash Heal",0x2
4/28 18:49:30.841  RANGE_DAMAGE,Player-4755-01E83279,"Nlmasters-Dreadmist",0x514,0x8,Creature-0-4457-249-1045-10184-000028665C,"Onyxia",0xa48,0x0,75,"Auto Shot",0x1,Creature-0-4457-249-1045-10184-000028665C,0000000000000000,74,100,0,0,0,-1,0,0,0,10.16,-218.04,0,0.0023,63,383,442,-1,1,0,0,0,nil,nil,nil
4/28 18:49:30.841  SWING_DAMAGE,Player-4755-016DF694,"Ashalan-Dreadmist",0x514,0x0,Creature-0-4457-249-1045-10184-000028665C,"Onyxia",0xa48,0x0,Player-4755-016DF694,0000000000000000,100,100,0,0,0,-1,0,0,0,10.99,-210.16,0,4.6425,67,519,599,-1,1,0,0,0,nil,nil,nil
4/28 18:49:30.841  SPELL_AURA_REMOVED,Player-4755-0178F416,"Eltorero-Dreadmist",0x514,0x0,Player-4755-0178F416,"Eltorero-Dreadmist",0x514,0x0,10610,"Windfury Totem",0x8,BUFF
4/28 18:49:30.873  SWING_DAMAGE,Player-4755-01637B0A,"Pindle-Dreadmist",0x514,0x0,Creature-0-4457-249-1045-10184-000028665C,"Onyxia",0xa48,0x0,Player-4755-01637B0A,0000000000000000,100,100,0,0,0,-1,0,0,0,8.72,-208.37,0,4.9710,65,97,114,-1,1,0,0,0,nil,1,nil
4/28 18:49:30.889  SPELL_AURA_APPLIED,Player-4755-016296D3,"Nivl-Dreadmist",0x514,0x0,Player-4755-016296D3,"Nivl-Dreadmist",0x514,0x0,16166,"Elemental Mastery",0x8,BUFF
4/28 18:49:30.889  SPELL_CAST_SUCCESS,Player-4755-016296D3,"Nivl-Dreadmist",0x514,0x0,0000000000000000,nil,0x80000000,0x80000000,16166,"Elemental Mastery",0x8,Player-4755-016296D3,0000000000000000,100,100,0,0,0,-1,0,0,0,12.99,-204.08,0,4.6027,69
4/28 18:49:30.920  SPELL_AURA_REMOVED,Player-4755-0178F416,"Eltorero-Dreadmist",0x514,0x0,Player-4755-0178F416,"Eltorero-Dreadmist",0x514,0x0,20007,"Holy Strength",0x2,BUFF
4/28 18:49:30.972  SPELL_CAST_SUCCESS,Player-4755-0178F576,"Atreas-Dreadmist",0x514,0x0,Creature-0-4457-249-1045-10184-000028665C,"Onyxia",0xa48,0x0,75,"Auto Shot",0x1,Player-4755-0178F576,0000000000000000,100,100,0,0,0,-1,0,0,0,6.14,-178.76,0,4.8144,66
4/28 18:49:30.972  SPELL_CAST_START,Creature-0-4457-249-1045-10184-000028665C,"Onyxia",0xa48,0x0,0000000000000000,nil,0x80000000,0x80000000,18435,"Flame Breath",0x4
4/28 18:49:30.989  SPELL_AURA_REMOVED_DOSE,Player-4755-0160BD13,"Mafkees-Dreadmist",0x514,0x0,Player-4755-0160BD13,"Mafkees-Dreadmist",0x514,0x0,23888,"Bloodthirst",0x1,BUFF,4
4/28 18:49:30.989  SPELL_HEAL,Player-4755-0160BD13,"Mafkees-Dreadmist",0x514,0x0,Player-4755-0160BD13,"Mafkees-Dreadmist",0x514,0x0,23891,"Bloodthirst",0x1,Player-4755-0160BD13,0000000000000000,100,100,0,0,0,-1,0,0,0,9.97,-208.53,0,4.8051,64,10,10,10,0,nil
4/28 18:49:30.989  SPELL_AURA_REMOVED_DOSE,Player-4755-0160BD13,"Mafkees-Dreadmist",0x514,0x0,Player-4755-0160BD13,"Mafkees-Dreadmist",0x514,0x0,23888,"Bloodthirst",0x1,BUFF,3
4/28 18:49:30.989  SPELL_AURA_REMOVED_DOSE,Player-4755-0160BD13,"Mafkees-Dreadmist",0x514,0x0,Player-4755-0160BD13,"Mafkees-Dreadmist",0x514,0x0,12970,"Flurry",0x1,BUFF,2
4/28 18:49:30.989  SPELL_AURA_REMOVED_DOSE,Player-4755-0160BD13,"Mafkees-Dreadmist",0x514,0x0,Player-4755-0160BD13,"Mafkees-Dreadmist",0x514,0x0,10610,"Windfury Totem",0x8,BUFF,1
4/28 18:49:30.992  SPELL_AURA_APPLIED_DOSE,Player-4755-0160BD13,"Mafkees-Dreadmist",0x514,0x0,Player-4755-0160BD13,"Mafkees-Dreadmist",0x514,0x0,12970,"Flurry",0x1,BUFF,3
4/28 18:49:30.992  SPELL_HEAL,Player-4755-0160BD13,"Mafkees-Dreadmist",0x514,0x0,Player-4755-0160BD13,"Mafkees-Dreadmist",0x514,0x0,23891,"Bloodthirst",0x1,Player-4755-0160BD13,0000000000000000,100,100,0,0,0,-1,0,0,0,9.97,-208.53,0,4.8051,64,10,10,10,0,nil
4/28 18:49:30.992  SWING_DAMAGE_LANDED,Player-4755-01AC9FD9,"Alexinho-Dreadmist",0x514,0x0,Creature-0-4457-249-1045-10184-000028665C,"Onyxia",0xa48,0x0,Creature-0-4457-249-1045-10184-000028665C,0000000000000000,74,100,0,0,0,-1,0,0,0,10.16,-218.04,0,0.0023,63,295,166,-1,1,0,0,0,1,nil,nil
4/28 18:49:30.992  SWING_DAMAGE_LANDED,Player-4755-01F21AE6,"Blahu-Dreadmist",0x40514,0x0,Creature-0-4457-249-1045-10184-000028665C,"Onyxia",0xa48,0x0,Creature-0-4457-249-1045-10184-000028665C,0000000000000000,74,100,0,0,0,-1,0,0,0,10.16,-218.04,0,0.0023,63,269,155,-1,1,0,0,0,1,nil,nil
4/28 18:49:30.992  SPELL_DAMAGE,Player-4755-01733879,"Hocwar-Dreadmist",0x40514,0x0,Creature-0-4457-249-1045-10184-000028665C,"Onyxia",0xa48,0x0,23881,"Bloodthirst",0x1,Creature-0-4457-249-1045-10184-000028665C,0000000000000000,74,100,0,0,0,-1,0,0,0,10.16,-218.04,0,0.0023,63,339,443,-1,1,0,46,0,nil,nil,nil
4/28 18:49:30.992  SPELL_AURA_APPLIED,Player-4755-01733879,"Hocwar-Dreadmist",0x40514,0x0,Player-4755-01733879,"Hocwar-Dreadmist",0x40514,0x0,23885,"Bloodthirst",0x1,BUFF
4/28 18:49:30.992  SWING_DAMAGE_LANDED,Pet-0-4457-249-1045-2850-01001956F9,"Kratos",0x1114,0x0,Creature-0-4457-249-1045-10184-000028665C,"Onyxia",0xa48,0x0,Creature-0-4457-249-1045-10184-000028665C,0000000000000000,74,100,0,0,0,-1,0,0,0,10.16,-218.04,0,0.0023,63,57,117,-1,1,0,0,0,nil,1,nil
4/28 18:49:30.992  SWING_DAMAGE_LANDED,Player-4755-016DF694,"Ashalan-Dreadmist",0x514,0x0,Creature-0-4457-249-1045-10184-000028665C,"Onyxia",0xa48,0x0,Creature-0-4457-249-1045-10184-000028665C,0000000000000000,74,100,0,0,0,-1,0,0,0,10.16,-218.04,0,0.0023,63,519,599,-1,1,0,0,0,nil,nil,nil
4/28 18:49:30.992  SWING_DAMAGE_LANDED,Player-4755-01637B0A,"Pindle-Dreadmist",0x514,0x0,Creature-0-4457-249-1045-10184-000028665C,"Onyxia",0xa48,0x0,Creature-0-4457-249-1045-10184-000028665C,0000000000000000,74,100,0,0,0,-1,0,0,0,10.16,-218.04,0,0.0023,63,97,114,-1,1,0,0,0,nil,1,nil
4/28 18:49:30.992  SPELL_DAMAGE,Player-4755-01637B0A,"Pindle-Dreadmist",0x514,0x0,Creature-0-4457-249-1045-10184-000028665C,"Onyxia",0xa48,0x0,11337,"Instant Poison VI",0x8,Creature-0-4457-249-1045-10184-000028665C,0000000000000000,74,100,0,0,0,-1,0,0,0,10.16,-218.04,0,0.0023,63,133,133,-1,8,0,0,0,nil,nil,nil
4/28 18:49:30.992  SPELL_CAST_START,Player-4755-01BC57A3,"Saintis-Dreadmist",0x511,0x0,0000000000000000,nil,0x80000000,0x80000000,2061,"Flash Heal",0x2
4/28 18:49:31.053  SPELL_CAST_SUCCESS,Player-4755-01FA8D0D,"Roackeru-Dreadmist",0x514,0x0,Creature-0-4457-249-1045-10184-000028665C,"Onyxia",0xa48,0x0,11661,"Shadow Bolt",0x20,Player-4755-01FA8D0D,0000000000000000,100,100,0,0,0,-1,0,0,0,14.13,-180.96,0,4.6613,65
4/28 18:49:31.070  SWING_MISSED,Player-4755-01A6B139,"Sakatan-Dreadmist",0x10514,0x0,Creature-0-4457-249-1045-10184-000028665C,"Onyxia",0xa48,0x0,MISS,1
4/28 18:49:31.105  SPELL_DAMAGE,Player-4755-016296D3,"Nivl-Dreadmist",0x514,0x0,Creature-0-4457-249-1045-10184-000028665C,"Onyxia",0xa48,0x0,15208,"Lightning Bolt",0x8,Creature-0-4457-249-1045-10184-000028665C,0000000000000000,74,100,0,0,0,-1,0,0,0,10.16,-218.04,0,0.0023,63,555,555,-1,8,0,0,0,nil,nil,nil
4/28 18:49:31.122  SPELL_CAST_START,Player-4755-016296D3,"Nivl-Dreadmist",0x514,0x0,0000000000000000,nil,0x80000000,0x80000000,15208,"Lightning Bolt",0x8
4/28 18:49:31.139  SPELL_CAST_SUCCESS,Player-4755-021D6506,"Bloodlady-Dreadmist",0x514,0x0,Creature-0-4457-249-1045-10184-000028665C,"Onyxia",0xa48,0x0,10181,"Frostbolt",0x10,Player-4755-021D6506,0000000000000000,100,100,0,0,0,-1,0,0,0,-7.44,-186.75,0,5.1602,69
4/28 18:49:31.139  SPELL_CAST_START,Player-4755-021D6506,"Bloodlady-Dreadmist",0x514,0x0,0000000000000000,nil,0x80000000,0x80000000,10181,"Frostbolt",0x10
4/28 18:49:31.155  SPELL_CAST_START,Player-4755-01B60A5F,"Zurok-Dreadmist",0x514,0x0,0000000000000000,nil,0x80000000,0x80000000,14290,"Multi-Shot",0x1
4/28 18:49:31.155  SPELL_PERIODIC_DAMAGE,Player-4755-0178F416,"Eltorero-Dreadmist",0x514,0x0,Creature-0-4457-249-1045-10184-000028665C,"Onyxia",0xa48,0x0,12721,"Deep Wound",0x1,Creature-0-4457-249-1045-10184-000028665C,0000000000000000,74,100,0,0,0,-1,0,0,0,10.16,-218.04,0,0.0023,63,110,110,-1,1,0,0,0,nil,nil,nil
4/28 18:49:31.192  SPELL_CAST_SUCCESS,Player-4755-01637B0A,"Pindle-Dreadmist",0x514,0x0,Creature-0-4457-249-1045-10184-000028665C,"Onyxia",0xa48,0x0,11281,"Backstab",0x1,Player-4755-01637B0A,0000000000000000,100,100,0,0,0,-1,0,0,0,8.72,-208.37,0,4.9710,65
4/28 18:49:31.192  SPELL_DAMAGE,Player-4755-01614AC7,"Mirrimazduur-Dreadmist",0x512,0x0,Creature-0-4457-249-1045-10184-000028665C,"Onyxia",0xa48,0x0,11661,"Shadow Bolt",0x20,Creature-0-4457-249-1045-10184-000028665C,0000000000000000,74,100,0,0,0,-1,0,0,0,10.16,-218.04,0,0.0023,63,975,885,-1,32,0,0,0,nil,nil,nil
4/28 18:49:31.226  SPELL_PERIODIC_ENERGIZE,Player-4755-01733879,"Hocwar-Dreadmist",0x40514,0x0,Player-4755-01733879,"Hocwar-Dreadmist",0x40514,0x0,29131,"Bloodrage",0x1,Player-4755-01733879,0000000000000000,83,100,0,0,0,-1,0,0,0,22.22,-218.01,0,3.1397,71,1.0000,0.0000,1,1000
4/28 18:49:31.273  SWING_DAMAGE,Pet-0-4457-249-1045-7456-03003178E8,"Owl",0x1114,0x0,Creature-0-4457-249-1045-10184-000028665C,"Onyxia",0xa48,0x0,Pet-0-4457-249-1045-7456-03003178E8,Player-4755-01B60A5F,100,100,0,0,0,-1,0,0,0,14.31,-193.80,0,4.5427,62,147,170,-1,1,0,0,0,nil,nil,nil
4/28 18:49:31.376  SWING_DAMAGE,Player-4755-01637B0A,"Pindle-Dreadmist",0x514,0x0,Creature-0-4457-249-1045-10184-000028665C,"Onyxia",0xa48,0x0,Player-4755-01637B0A,0000000000000000,100,100,0,0,0,-1,0,0,0,8.72,-208.37,0,4.9730,65,354,200,-1,1,0,0,0,1,nil,nil
4/28 18:49:31.394  SPELL_AURA_REFRESH,Player-4755-0160BD13,"Mafkees-Dreadmist",0x514,0x0,Creature-0-4457-249-1045-10184-000028665C,"Onyxia",0xa48,0x0,12721,"Deep Wound",0x1,DEBUFF
4/28 18:49:31.394  SPELL_ENERGIZE,Player-4755-0160BD13,"Mafkees-Dreadmist",0x514,0x0,Player-4755-0160BD13,"Mafkees-Dreadmist",0x514,0x0,12964,"Unbridled Wrath",0x1,Player-4755-0160BD13,0000000000000000,100,100,0,0,0,-1,0,0,0,10.03,-208.52,0,4.8051,64,1.0000,0.0000,1,1000
4/28 18:49:31.394  SPELL_AURA_REMOVED_DOSE,Player-4755-01F21AE6,"Blahu-Dreadmist",0x40514,0x0,Player-4755-01F21AE6,"Blahu-Dreadmist",0x40514,0x0,23888,"Bloodthirst",0x1,BUFF,1
4/28 18:49:31.394  SPELL_AURA_APPLIED,Player-4755-01F21AE6,"Blahu-Dreadmist",0x40514,0x0,Player-4755-01F21AE6,"Blahu-Dreadmist",0x40514,0x0,12970,"Flurry",0x1,BUFF
4/28 18:49:31.394  SPELL_HEAL,Player-4755-01F21AE6,"Blahu-Dreadmist",0x40514,0x0,Player-4755-01F21AE6,"Blahu-Dreadmist",0x40514,0x0,23891,"Bloodthirst",0x1,Player-4755-01F21AE6,0000000000000000,100,100,0,0,0,-1,0,0,0,13.36,-210.14,0,4.6774,70,20,20,20,0,nil
4/28 18:49:31.394  SPELL_AURA_REMOVED_DOSE,Player-4755-01733879,"Hocwar-Dreadmist",0x40514,0x0,Player-4755-01733879,"Hocwar-Dreadmist",0x40514,0x0,23885,"Bloodthirst",0x1,BUFF,4
4/28 18:49:31.394  SPELL_HEAL,Player-4755-01733879,"Hocwar-Dreadmist",0x40514,0x0,Player-4755-01733879,"Hocwar-Dreadmist",0x40514,0x0,23880,"Bloodthirst",0x1,Player-4755-01733879,0000000000000000,83,100,0,0,0,-1,0,0,0,22.22,-218.01,0,3.1397,71,10,10,0,0,nil
4/28 18:49:31.394  SPELL_DAMAGE,Player-4755-01637B0A,"Pindle-Dreadmist",0x514,0x0,Creature-0-4457-249-1045-10184-000028665C,"Onyxia",0xa48,0x0,11281,"Backstab",0x1,Creature-0-4457-249-1045-10184-000028665C,0000000000000000,74,100,0,0,0,-1,0,0,0,10.16,-218.04,0,0.0023,63,596,687,-1,1,0,0,0,nil,nil,nil
4/28 18:49:31.394  SWING_DAMAGE_LANDED,Pet-0-4457-249-1045-7456-03003178E8,"Owl",0x1114,0x0,Creature-0-4457-249-1045-10184-000028665C,"Onyxia",0xa48,0x0,Creature-0-4457-249-1045-10184-000028665C,0000000000000000,74,100,0,0,0,-1,0,0,0,10.16,-218.04,0,0.0023,63,147,170,-1,1,0,0,0,nil,nil,nil
4/28 18:49:31.394  SWING_DAMAGE_LANDED,Player-4755-01637B0A,"Pindle-Dreadmist",0x514,0x0,Creature-0-4457-249-1045-10184-000028665C,"Onyxia",0xa48,0x0,Creature-0-4457-249-1045-10184-000028665C,0000000000000000,74,100,0,0,0,-1,0,0,0,10.16,-218.04,0,0.0023,63,354,200,-1,1,0,0,0,1,nil,nil
4/28 18:49:31.394  SPELL_CAST_SUCCESS,Player-4755-01AC9FD9,"Alexinho-Dreadmist",0x514,0x0,Creature-0-4457-249-1045-10184-000028665C,"Onyxia",0xa48,0x0,11294,"Sinister Strike",0x1,Player-4755-01AC9FD9,0000000000000000,100,100,0,0,0,-1,0,0,0,14.04,-202.29,0,4.4934,66
4/28 18:49:31.394  SPELL_CAST_START,Player-4755-01F36B30,"Rectumqeef-Dreadmist",0x514,0x0,0000000000000000,nil,0x80000000,0x80000000,5019,"Shoot",0x1
4/28 18:49:31.496  SPELL_CAST_START,Player-4755-02045EF4,"Necrosini-Dreadmist",0x512,0x0,0000000000000000,nil,0x80000000,0x80000000,2054,"Heal",0x2
4/28 18:49:31.512  SPELL_CAST_START,Player-4755-01FA8D0D,"Roackeru-Dreadmist",0x514,0x0,0000000000000000,nil,0x80000000,0x80000000,11661,"Shadow Bolt",0x20
4/28 18:49:31.575  RANGE_DAMAGE,Player-4755-01B60A5F,"Zurok-Dreadmist",0x514,0x0,Creature-0-4457-249-1045-10184-000028665C,"Onyxia",0xa48,0x0,75,"Auto Shot",0x1,Creature-0-4457-249-1045-10184-000028665C,0000000000000000,74,100,0,0,0,-1,0,0,0,10.16,-218.04,0,0.0023,63,951,460,-1,1,0,0,0,1,nil,nil
4/28 18:49:31.591  SPELL_CAST_SUCCESS,Player-4755-015FEBD5,"Sauvage-Dreadmist",0x514,0x0,Creature-0-4457-249-1045-10184-000028665C,"Onyxia",0xa48,0x0,10181,"Frostbolt",0x10,Player-4755-015FEBD5,0000000000000000,100,100,0,0,0,-1,0,0,0,-2.42,-186.07,0,4.9229,64
4/28 18:49:31.591  SPELL_PERIODIC_ENERGIZE,Creature-0-4457-249-1045-7416-0000286C79,"Mana Spring Totem IV",0x2114,0x0,Player-4755-015FEBD5,"Sauvage-Dreadmist",0x514,0x0,10494,"Mana Spring",0x8,Player-4755-015FEBD5,0000000000000000,100,100,0,0,0,-1,0,0,0,-2.42,-186.07,0,4.9229,64,12.0000,0.0000,0,6158
4/28 18:49:31.591  SPELL_PERIODIC_ENERGIZE,Creature-0-4457-249-1045-7416-0000286C79,"Mana Spring Totem IV",0x2114,0x0,Player-4755-0210153A,"Hapuseneb-Dreadmist",0x514,0x0,10494,"Mana Spring",0x8,Player-4755-0210153A,0000000000000000,100,100,0,0,0,-1,0,0,0,5.85,-196.31,0,4.4807,66,13.0000,0.0000,0,6736
4/28 18:49:31.591  SPELL_PERIODIC_ENERGIZE,Creature-0-4457-249-1045-7416-0000286C79,"Mana Spring Totem IV",0x2114,0x0,Player-4755-01FA8DD8,"Roackerita-Dreadmist",0x514,0x0,10494,"Mana Spring",0x8,Player-4755-01FA8DD8,0000000000000000,100,100,0,0,0,-1,0,0,0,8.47,-177.56,0,5.0973,69,13.0000,0.0000,0,6736
4/28 18:49:31.591  SPELL_PERIODIC_ENERGIZE,Creature-0-4457-249-1045-7416-0000286C79,"Mana Spring Totem IV",0x2114,0x0,Player-4755-01ED7A64,"Sperzieboon-Dreadmist",0x514,0x0,10494,"Mana Spring",0x8,Player-4755-01ED7A64,0000000000000000,100,100,0,0,0,-1,0,0,0,13.02,-190.15,0,4.7271,67,13.0000,0.0000,0,7261
4/28 18:49:31.591  SPELL_PERIODIC_ENERGIZE,Creature-0-4457-249-1045-7416-0000286C79,"Mana Spring Totem IV",0x2114,0x0,Player-4755-01804B95,"Moymoy-Dreadmist",0x514,0x0,10494,"Mana Spring",0x8,Player-4755-01804B95,0000000000000000,100,100,0,0,0,-1,0,0,0,13.22,-186.11,0,4.8801,66,13.0000,0.0000,0,5366
4/28 18:49:31.608  SPELL_CAST_START,Player-4755-0163DD9D,"Kaspais-Dreadmist",0x514,0x0,0000000000000000,nil,0x80000000,0x80000000,5019,"Shoot",0x1
4/28 18:49:31.608  SPELL_CAST_SUCCESS,Player-4755-01B60A5F,"Zurok-Dreadmist",0x514,0x0,Creature-0-4457-249-1045-10184-000028665C,"Onyxia",0xa48,0x0,14290,"Multi-Shot",0x1,Player-4755-01B60A5F,0000000000000000,100,100,0,0,0,-1,0,0,0,14.47,-175.17,0,4.7652,62
4/28 18:49:31.658  SPELL_DAMAGE,Player-4755-0163DD9D,"Kaspais-Dreadmist",0x514,0x0,Creature-0-4457-249-1045-10184-000028665C,"Onyxia",0xa48,0x0,10181,"Frostbolt",0x10,Creature-0-4457-249-1045-10184-000028665C,0000000000000000,73,100,0,0,0,-1,0,0,0,10.16,-218.04,0,0.0023,63,955,868,-1,16,0,0,0,nil,nil,nil
4/28 18:49:31.658  SPELL_CAST_SUCCESS,Player-4755-01614AC7,"Mirrimazduur-Dreadmist",0x512,0x0,Creature-0-4457-249-1045-10184-000028665C,"Onyxia",0xa48,0x0,11661,"Shadow Bolt",0x20,Player-4755-01614AC7,0000000000000000,100,100,0,0,0,-1,0,0,0,-1.52,-178.92,0,4.8760,68
4/28 18:49:31.658  SPELL_CAST_START,Player-4755-01614AC7,"Mirrimazduur-Dreadmist",0x512,0x0,0000000000000000,nil,0x80000000,0x80000000,11661,"Shadow Bolt",0x20
4/28 18:49:31.710  SWING_DAMAGE,Player-4755-01733879,"Hocwar-Dreadmist",0x40514,0x0,Creature-0-4457-249-1045-10184-000028665C,"Onyxia",0xa48,0x0,Player-4755-01733879,0000000000000000,83,100,0,0,0,-1,0,0,0,22.22,-218.01,0,3.1397,71,94,127,-1,1,0,0,0,nil,1,nil
4/28 18:49:31.742  SWING_DAMAGE,Pet-0-4457-249-1045-9622-02002CD5BC,"Bokito",0x1114,0x0,Creature-0-4457-249-1045-10184-000028665C,"Onyxia",0xa48,0x0,Pet-0-4457-249-1045-9622-02002CD5BC,Player-4755-020BD78D,91,100,0,0,0,-1,0,0,0,-4.27,-198.08,0,5.3385,70,213,245,-1,1,0,0,0,nil,nil,nil
4/28 18:49:31.742  SPELL_CAST_SUCCESS,Player-4755-01733879,"Hocwar-Dreadmist",0x40514,0x0,Creature-0-4457-249-1045-10184-000028665C,"Onyxia",0xa48,0x0,11567,"Heroic Strike",0x1,Player-4755-01733879,0000000000000000,83,100,0,0,0,-1,0,0,0,22.22,-218.01,0,3.1397,71
4/28 18:49:31.742  SPELL_MISSED,Player-4755-01733879,"Hocwar-Dreadmist",0x40514,0x0,Creature-0-4457-249-1045-10184-000028665C,"Onyxia",0xa48,0x0,23267,"Firebolt",0x4,IMMUNE,nil
4/28 18:49:31.742  SPELL_AURA_REMOVED,Player-4755-0160BD13,"Mafkees-Dreadmist",0x514,0x0,Player-4755-0160BD13,"Mafkees-Dreadmist",0x514,0x0,10610,"Windfury Totem",0x8,BUFF
4/28 18:49:31.761  RANGE_DAMAGE,Player-4755-020BD78D,"Lonehunter-Dreadmist",0x514,0x0,Creature-0-4457-249-1045-10184-000028665C,"Onyxia",0xa48,0x0,75,"Auto Shot",0x1,Creature-0-4457-249-1045-10184-000028665C,0000000000000000,73,100,0,0,0,-1,0,0,0,10.16,-218.04,0,0.0023,63,413,476,-1,1,0,0,0,nil,nil,nil
4/28 18:49:31.761  SPELL_PERIODIC_ENERGIZE,Creature-0-4457-249-1045-7416-0000286C87,"Mana Spring Totem IV",0x2114,0x0,Player-4755-016296D3,"Nivl-Dreadmist",0x514,0x0,10494,"Mana Spring",0x8,Player-4755-016296D3,0000000000000000,100,100,0,0,0,-1,0,0,0,12.99,-204.08,0,4.6027,69,10.0000,0.0000,0,5845
4/28 18:49:31.761  SPELL_PERIODIC_ENERGIZE,Creature-0-4457-249-1045-7416-0000286C87,"Mana Spring Totem IV",0x2114,0x0,Player-4755-0178F576,"Atreas-Dreadmist",0x514,0x0,10494,"Mana Spring",0x8,Player-4755-0178F576,0000000000000000,100,100,0,0,0,-1,0,0,0,6.14,-178.76,0,4.8144,66,10.0000,0.0000,0,3765
4/28 18:49:31.761  SWING_DAMAGE,Player-4755-01637B0A,"Pindle-Dreadmist",0x514,0x0,Creature-0-4457-249-1045-10184-000028665C,"Onyxia",0xa48,0x0,Player-4755-01637B0A,0000000000000000,100,100,0,0,0,-1,0,0,0,8.72,-208.37,0,4.9730,65,99,121,-1,1,0,0,0,nil,1,nil
4/28 18:49:31.786  SPELL_DAMAGE,Player-4755-01AC9FD9,"Alexinho-Dreadmist",0x514,0x0,Creature-0-4457-249-1045-10184-000028665C,"Onyxia",0xa48,0x0,11294,"Sinister Strike",0x1,Creature-0-4457-249-1045-10184-000028665C,0000000000000000,73,100,0,0,0,-1,0,0,0,10.16,-218.04,0,0.0023,63,366,422,-1,1,0,0,0,nil,nil,nil
4/28 18:49:31.786  SWING_DAMAGE_LANDED,Player-4755-01733879,"Hocwar-Dreadmist",0x40514,0x0,Creature-0-4457-249-1045-10184-000028665C,"Onyxia",0xa48,0x0,Creature-0-4457-249-1045-10184-000028665C,0000000000000000,73,100,0,0,0,-1,0,0,0,10.16,-218.04,0,0.0023,63,94,127,-1,1,0,0,0,nil,1,nil
4/28 18:49:31.786  SWING_DAMAGE_LANDED,Pet-0-4457-249-1045-9622-02002CD5BC,"Bokito",0x1114,0x0,Creature-0-4457-249-1045-10184-000028665C,"Onyxia",0xa48,0x0,Creature-0-4457-249-1045-10184-000028665C,0000000000000000,73,100,0,0,0,-1,0,0,0,10.16,-218.04,0,0.0023,63,213,245,-1,1,0,0,0,nil,nil,nil
4/28 18:49:31.786  SPELL_DAMAGE,Player-4755-01733879,"Hocwar-Dreadmist",0x40514,0x0,Creature-0-4457-249-1045-10184-000028665C,"Onyxia",0xa48,0x0,11567,"Heroic Strike",0x1,Creature-0-4457-249-1045-10184-000028665C,0000000000000000,73,100,0,0,0,-1,0,0,0,10.16,-218.04,0,0.0023,63,308,354,-1,1,0,0,0,nil,nil,nil
4/28 18:49:31.786  SWING_DAMAGE_LANDED,Player-4755-01637B0A,"Pindle-Dreadmist",0x514,0x0,Creature-0-4457-249-1045-10184-000028665C,"Onyxia",0xa48,0x0,Creature-0-4457-249-1045-10184-000028665C,0000000000000000,73,100,0,0,0,-1,0,0,0,10.16,-218.04,0,0.0023,63,99,121,-1,1,0,0,0,nil,1,nil
4/28 18:49:31.786  SWING_DAMAGE,Pet-0-4457-249-1045-2850-01001956F9,"Kratos",0x1114,0x0,Creature-0-4457-249-1045-10184-000028665C,"Onyxia",0xa48,0x0,Pet-0-4457-249-1045-2850-01001956F9,Player-4755-0178F576,100,100,0,0,0,-1,0,0,0,9.46,-193.00,0,4.7404,66,69,125,-1,1,0,0,0,nil,1,nil
4/28 18:49:31.821  SPELL_PERIODIC_HEAL,Player-4755-01FA8DD8,"Roackerita-Dreadmist",0x514,0x0,Player-4755-0220BD00,"Krikoff-Dreadmist",0x40514,0x0,6078,"Renew",0x2,Player-4755-0220BD00,0000000000000000,100,100,0,0,0,-1,0,0,0,10.75,-210.91,0,4.7163,68,236,236,236,0,nil
4/28 18:49:31.821  SPELL_AURA_REMOVED,Player-4755-01FA8DD8,"Roackerita-Dreadmist",0x514,0x0,Player-4755-0220BD00,"Krikoff-Dreadmist",0x40514,0x0,6078,"Renew",0x2,BUFF
4/28 18:49:31.894  SPELL_CAST_SUCCESS,Player-4755-01F36B30,"Rectumqeef-Dreadmist",0x514,0x0,Creature-0-4457-249-1045-10184-000028665C,"Onyxia",0xa48,0x0,5019,"Shoot",0x1,Player-4755-01F36B30,0000000000000000,100,100,0,0,0,-1,0,0,0,1.78,-187.28,0,4.6577,66
4/28 18:49:31.910  SPELL_PERIODIC_DAMAGE,Player-4755-01614AC7,"Mirrimazduur-Dreadmist",0x512,0x0,Creature-0-4457-249-1045-10184-000028665C,"Onyxia",0xa48,0x0,11672,"Corruption",0x20,Creature-0-4457-249-1045-10184-000028665C,0000000000000000,73,100,0,0,0,-1,0,0,0,10.16,-218.04,0,0.0023,63,207,188,-1,32,0,0,0,nil,nil,nil
4/28 18:49:31.958  RANGE_DAMAGE,Player-4755-0178F576,"Atreas-Dreadmist",0x514,0x0,Creature-0-4457-249-1045-10184-000028665C,"Onyxia",0xa48,0x0,75,"Auto Shot",0x1,Creature-0-4457-249-1045-10184-000028665C,0000000000000000,73,100,0,0,0,-1,0,0,0,10.16,-218.04,0,0.0023,63,412,475,-1,1,0,0,0,nil,nil,nil
4/28 18:49:31.995  SPELL_CAST_START,Player-4755-01E83279,"Nlmasters-Dreadmist",0x514,0x8,0000000000000000,nil,0x80000000,0x80000000,75,"Auto Shot",0x1
4/28 18:49:32.011  SWING_MISSED,Player-4755-01A6B139,"Sakatan-Dreadmist",0x10514,0x0,Creature-0-4457-249-1045-10184-000028665C,"Onyxia",0xa48,0x0,MISS,nil
4/28 18:49:32.028  SWING_DAMAGE,Player-4755-01AC9FD9,"Alexinho-Dreadmist",0x514,0x0,Creature-0-4457-249-1045-10184-000028665C,"Onyxia",0xa48,0x0,Player-4755-01AC9FD9,0000000000000000,100,100,0,0,0,-1,0,0,0,14.04,-202.29,0,4.4934,66,304,171,-1,1,0,0,0,1,nil,nil
4/28 18:49:32.107  SPELL_CAST_SUCCESS,Player-4755-0163DD9D,"Kaspais-Dreadmist",0x514,0x0,Creature-0-4457-249-1045-10184-000028665C,"Onyxia",0xa48,0x0,5019,"Shoot",0x1,Player-4755-0163DD9D,0000000000000000,100,100,0,0,0,-1,0,0,0,-0.33,-187.17,0,4.8317,66
4/28 18:49:32.123  SPELL_CAST_START,Player-4755-015FEBD5,"Sauvage-Dreadmist",0x514,0x0,0000000000000000,nil,0x80000000,0x80000000,10181,"Frostbolt",0x10
4/28 18:49:32.154  SPELL_CAST_SUCCESS,Player-4755-0210153A,"Hapuseneb-Dreadmist",0x514,0x0,Player-4755-01733879,"Hocwar-Dreadmist",0x40514,0x0,6064,"Heal",0x2,Player-4755-0210153A,0000000000000000,100,100,0,0,0,-1,0,0,0,5.85,-196.31,0,4.4807,66
4/28 18:49:32.205  SPELL_AURA_REMOVED_DOSE,Player-4755-01733879,"Hocwar-Dreadmist",0x40514,0x0,Player-4755-01733879,"Hocwar-Dreadmist",0x40514,0x0,23885,"Bloodthirst",0x1,BUFF,3
4/28 18:49:32.205  SPELL_HEAL,Player-4755-01733879,"Hocwar-Dreadmist",0x40514,0x0,Player-4755-01733879,"Hocwar-Dreadmist",0x40514,0x0,23880,"Bloodthirst",0x1,Player-4755-01733879,0000000000000000,83,100,0,0,0,-1,0,0,0,22.22,-218.01,0,3.1397,71,10,10,0,0,nil
4/28 18:49:32.205  SPELL_AURA_REMOVED_DOSE,Player-4755-01733879,"Hocwar-Dreadmist",0x40514,0x0,Player-4755-01733879,"Hocwar-Dreadmist",0x40514,0x0,23885,"Bloodthirst",0x1,BUFF,2
4/28 18:49:32.205  SPELL_HEAL,Player-4755-01733879,"Hocwar-Dreadmist",0x40514,0x0,Player-4755-01733879,"Hocwar-Dreadmist",0x40514,0x0,23880,"Bloodthirst",0x1,Player-4755-01733879,0000000000000000,83,100,0,0,0,-1,0,0,0,22.22,-218.01,0,3.1397,71,10,10,0,0,nil
4/28 18:49:32.205  SWING_DAMAGE_LANDED,Pet-0-4457-249-1045-2850-01001956F9,"Kratos",0x1114,0x0,Creature-0-4457-249-1045-10184-000028665C,"Onyxia",0xa48,0x0,Creature-0-4457-249-1045-10184-000028665C,0000000000000000,73,100,0,0,0,-1,0,0,0,10.16,-218.04,0,0.0023,63,69,125,-1,1,0,0,0,nil,1,nil
4/28 18:49:32.205  SWING_DAMAGE_LANDED,Player-4755-01AC9FD9,"Alexinho-Dreadmist",0x514,0x0,Creature-0-4457-249-1045-10184-000028665C,"Onyxia",0xa48,0x0,Creature-0-4457-249-1045-10184-000028665C,0000000000000000,73,100,0,0,0,-1,0,0,0,10.16,-218.04,0,0.0023,63,304,171,-1,1,0,0,0,1,nil,nil
4/28 18:49:32.205  SPELL_DAMAGE,Player-4755-01AC9FD9,"Alexinho-Dreadmist",0x514,0x0,Creature-0-4457-249-1045-10184-000028665C,"Onyxia",0xa48,0x0,11337,"Instant Poison VI",0x8,Creature-0-4457-249-1045-10184-000028665C,0000000000000000,73,100,0,0,0,-1,0,0,0,10.16,-218.04,0,0.0023,63,136,135,-1,8,0,0,0,nil,nil,nil
4/28 18:49:32.205  SPELL_HEAL,Player-4755-0210153A,"Hapuseneb-Dreadmist",0x514,0x0,Player-4755-01733879,"Hocwar-Dreadmist",0x40514,0x0,6064,"Heal",0x2,Player-4755-01733879,0000000000000000,100,100,0,0,0,-1,0,0,0,22.22,-218.01,0,3.1397,71,1376,1376,347,0,nil
4/28 18:49:32.205  SPELL_CAST_SUCCESS,Player-4755-0178F416,"Eltorero-Dreadmist",0x514,0x0,Creature-0-4457-249-1045-10184-000028665C,"Onyxia",0xa48,0x0,11567,"Heroic Strike",0x1,Player-4755-0178F416,0000000000000000,100,100,0,0,0,-1,0,0,0,8.91,-205.64,0,4.8095,67
4/28 18:49:32.205  SPELL_AURA_REMOVED_DOSE,Player-4755-0178F416,"Eltorero-Dreadmist",0x514,0x0,Player-4755-0178F416,"Eltorero-Dreadmist",0x514,0x0,12970,"Flurry",0x1,BUFF,1
4/28 18:49:32.225  SPELL_PERIODIC_ENERGIZE,Player-4755-01733879,"Hocwar-Dreadmist",0x40514,0x0,Player-4755-01733879,"Hocwar-Dreadmist",0x40514,0x0,29131,"Bloodrage",0x1,Player-4755-01733879,0000000000000000,100,100,0,0,0,-1,0,0,0,22.22,-218.01,0,3.1397,71,1.0000,0.0000,1,1000
4/28 18:49:32.226  SPELL_CAST_SUCCESS,Player-4755-01617EEE,"Fenix-Dreadmist",0x512,0x0,Player-4755-01733879,"Hocwar-Dreadmist",0x40514,0x0,10916,"Flash Heal",0x2,Player-4755-01617EEE,0000000000000000,100,100,0,0,0,-1,0,0,0,26.44,-181.95,0,4.6344,66
4/28 18:49:32.242  SWING_DAMAGE,Player-4755-01F21AE6,"Blahu-Dreadmist",0x40514,0x0,Creature-0-4457-249-1045-10184-000028665C,"Onyxia",0xa48,0x0,Player-4755-01F21AE6,0000000000000000,100,100,0,0,0,-1,0,0,0,13.36,-210.14,0,4.6774,70,122,141,-1,1,0,0,0,nil,nil,nil
4/28 18:49:32.242  SPELL_CAST_SUCCESS,Player-4755-01733879,"Hocwar-Dreadmist",0x40514,0x0,Creature-0-4457-249-1045-10184-000028665C,"Onyxia",0xa48,0x0,11601,"Revenge",0x1,Player-4755-01733879,0000000000000000,100,100,0,0,0,-1,0,0,0,22.22,-218.01,0,3.1397,71
4/28 18:49:32.242  SPELL_MISSED,Player-4755-01733879,"Hocwar-Dreadmist",0x40514,0x0,Creature-0-4457-249-1045-10184-000028665C,"Onyxia",0xa48,0x0,23267,"Firebolt",0x4,IMMUNE,nil
4/28 18:49:32.259  SPELL_AURA_REMOVED,Player-4755-0178F416,"Eltorero-Dreadmist",0x514,0x0,Creature-0-4457-249-1045-10184-000028665C,"Onyxia",0xa48,0x0,11556,"Demoralizing Shout",0x1,DEBUFF
4/28 18:49:32.296  SPELL_CAST_SUCCESS,Player-4755-01804B95,"Moymoy-Dreadmist",0x514,0x0,Player-4755-01733879,"Hocwar-Dreadmist",0x40514,0x0,939,"Healing Wave",0x8,Player-4755-01804B95,0000000000000000,100,100,0,0,0,-1,0,0,0,13.22,-186.11,0,4.8801,66
4/28 18:49:32.380  SPELL_PERIODIC_DAMAGE,Player-4755-01F36B30,"Rectumqeef-Dreadmist",0x514,0x0,Creature-0-4457-249-1045-10184-000028665C,"Onyxia",0xa48,0x0,11672,"Corruption",0x20,Creature-0-4457-249-1045-10184-000028665C,0000000000000000,73,100,0,0,0,-1,0,0,0,10.16,-218.04,0,0.0023,63,224,203,-1,32,0,0,0,nil,nil,nil
4/28 18:49:32.383  SPELL_CAST_SUCCESS,Player-4755-01BC57A3,"Saintis-Dreadmist",0x511,0x0,Player-4755-01733879,"Hocwar-Dreadmist",0x40514,0x0,2061,"Flash Heal",0x2,Player-4755-01BC57A3,0000000000000000,100,100,0,0,0,-1,0,0,0,2.90,-191.57,0,4.8798,68
4/28 18:49:32.432  SPELL_DAMAGE,Player-4755-021D6506,"Bloodlady-Dreadmist",0x514,0x0,Creature-0-4457-249-1045-10184-000028665C,"Onyxia",0xa48,0x0,10181,"Frostbolt",0x10,Creature-0-4457-249-1045-10184-000028665C,0000000000000000,73,100,0,0,0,-1,0,0,0,10.16,-218.04,0,0.0023,63,998,906,-1,16,0,0,0,nil,nil,nil
4/28 18:49:32.432  SPELL_CAST_SUCCESS,Player-4755-01E83279,"Nlmasters-Dreadmist",0x514,0x8,Creature-0-4457-249-1045-10184-000028665C,"Onyxia",0xa48,0x0,75,"Auto Shot",0x1,Player-4755-01E83279,0000000000000000,100,100,0,0,0,-1,0,0,0,-8.36,-185.48,0,4.7394,70
4/28 18:49:32.432  SWING_DAMAGE,Player-4755-01A6B139,"Sakatan-Dreadmist",0x10514,0x0,Creature-0-4457-249-1045-10184-000028665C,"Onyxia",0xa48,0x0,Player-4755-01A6B139,0000000000000000,100,100,0,0,0,-1,0,0,0,9.54,-199.57,0,5.0548,69,125,155,-1,1,0,0,0,nil,1,nil
4/28 18:49:32.464  SPELL_PERIODIC_HEAL,Player-4755-01FA8DD8,"Roackerita-Dreadmist",0x514,0x0,Player-4755-01614AC7,"Mirrimazduur-Dreadmist",0x512,0x0,6078,"Renew",0x2,Player-4755-01614AC7,0000000000000000,100,100,0,0,0,-1,0,0,0,-1.52,-178.92,0,4.8760,68,236,236,236,0,nil
4/28 18:49:32.464  SWING_DAMAGE,Player-4755-01AC9FD9,"Alexinho-Dreadmist",0x514,0x0,Creature-0-4457-249-1045-10184-000028665C,"Onyxia",0xa48,0x0,Player-4755-01AC9FD9,0000000000000000,100,100,0,0,0,-1,0,0,0,14.04,-202.29,0,4.4934,66,299,419,-1,1,0,0,0,nil,1,nil
4/28 18:49:32.493  SWING_DAMAGE,Player-4755-0220BD00,"Krikoff-Dreadmist",0x40514,0x0,Creature-0-4457-249-1045-10184-000028665C,"Onyxia",0xa48,0x0,Player-4755-0220BD00,0000000000000000,100,100,0,0,0,-1,0,0,0,10.75,-210.91,0,4.7163,68,319,367,-1,1,0,0,0,nil,nil,nil
4/28 18:49:32.522  SWING_DAMAGE,Player-4755-01637B0A,"Pindle-Dreadmist",0x514,0x0,Creature-0-4457-249-1045-10184-000028665C,"Onyxia",0xa48,0x0,Player-4755-01637B0A,0000000000000000,100,100,0,0,0,-1,0,0,0,8.72,-208.37,0,4.9730,65,199,229,-1,1,0,0,0,nil,nil,nil
4/28 18:49:32.522  SPELL_CAST_START,Player-4755-01B60A5F,"Zurok-Dreadmist",0x514,0x0,0000000000000000,nil,0x80000000,0x80000000,75,"Auto Shot",0x1
4/28 18:49:32.522  SPELL_CAST_SUCCESS,Player-4755-01AC9FD9,"Alexinho-Dreadmist",0x514,0x0,Creature-0-4457-249-1045-10184-000028665C,"Onyxia",0xa48,0x0,11294,"Sinister Strike",0x1,Player-4755-01AC9FD9,0000000000000000,100,100,0,0,0,-1,0,0,0,14.04,-202.29,0,4.4934,66
4/28 18:49:32.609  SPELL_ENERGIZE,Player-4755-01733879,"Hocwar-Dreadmist",0x40514,0x0,Player-4755-01733879,"Hocwar-Dreadmist",0x40514,0x0,12964,"Unbridled Wrath",0x1,Player-4755-01733879,0000000000000000,100,100,0,0,0,-1,0,0,0,22.22,-218.01,0,3.1397,71,1.0000,0.0000,1,1000
4/28 18:49:32.609  SPELL_DAMAGE,Player-4755-0178F416,"Eltorero-Dreadmist",0x514,0x0,Creature-0-4457-249-1045-10184-000028665C,"Onyxia",0xa48,0x0,11567,"Heroic Strike",0x1,Creature-0-4457-249-1045-10184-000028665C,0000000000000000,73,100,0,0,0,-1,0,0,0,10.16,-218.04,0,0.0023,63,701,807,-1,1,0,0,0,nil,nil,nil
4/28 18:49:32.609  SPELL_HEAL,Player-4755-01617EEE,"Fenix-Dreadmist",0x512,0x0,Player-4755-01733879,"Hocwar-Dreadmist",0x40514,0x0,10916,"Flash Heal",0x2,Player-4755-01733879,0000000000000000,100,100,0,0,0,-1,0,0,0,22.22,-218.01,0,3.1397,71,1086,1086,1086,0,nil
4/28 18:49:32.609  SWING_DAMAGE_LANDED,Player-4755-01F21AE6,"Blahu-Dreadmist",0x40514,0x0,Creature-0-4457-249-1045-10184-000028665C,"Onyxia",0xa48,0x0,Creature-0-4457-249-1045-10184-000028665C,0000000000000000,73,100,0,0,0,-1,0,0,0,10.16,-218.04,0,0.0023,63,122,141,-1,1,0,0,0,nil,nil,nil
4/28 18:49:32.609  SPELL_DAMAGE,Player-4755-01733879,"Hocwar-Dreadmist",0x40514,0x0,Creature-0-4457-249-1045-10184-000028665C,"Onyxia",0xa48,0x0,11601,"Revenge",0x1,Creature-0-4457-249-1045-10184-000028665C,0000000000000000,73,100,0,0,0,-1,0,0,0,10.16,-218.04,0,0.0023,63,57,64,-1,1,0,0,0,nil,nil,nil
4/28 18:49:32.609  SPELL_HEAL,Player-4755-01804B95,"Moymoy-Dreadmist",0x514,0x0,Player-4755-01733879,"Hocwar-Dreadmist",0x40514,0x0,939,"Healing Wave",0x8,Player-4755-01733879,0000000000000000,100,100,0,0,0,-1,0,0,0,22.22,-218.01,0,3.1397,71,1432,1432,1432,0,1
4/28 18:49:32.609  SPELL_HEAL,Player-4755-01BC57A3,"Saintis-Dreadmist",0x511,0x0,Player-4755-01733879,"Hocwar-Dreadmist",0x40514,0x0,2061,"Flash Heal",0x2,Player-4755-01733879,0000000000000000,100,100,0,0,0,-1,0,0,0,22.22,-218.01,0,3.1397,71,553,553,553,0,nil
4/28 18:49:32.609  SWING_DAMAGE_LANDED,Player-4755-01A6B139,"Sakatan-Dreadmist",0x10514,0x0,Creature-0-4457-249-1045-10184-000028665C,"Onyxia",0xa48,0x0,Creature-0-4457-249-1045-10184-000028665C,0000000000000000,73,100,0,0,0,-1,0,0,0,10.16,-218.04,0,0.0023,63,125,155,-1,1,0,0,0,nil,1,nil
4/28 18:49:32.609  SWING_DAMAGE_LANDED,Player-4755-01AC9FD9,"Alexinho-Dreadmist",0x514,0x0,Creature-0-4457-249-1045-10184-000028665C,"Onyxia",0xa48,0x0,Creature-0-4457-249-1045-10184-000028665C,0000000000000000,73,100,0,0,0,-1,0,0,0,10.16,-218.04,0,0.0023,63,299,419,-1,1,0,0,0,nil,1,nil
4/28 18:49:32.609  SWING_DAMAGE_LANDED,Player-4755-0220BD00,"Krikoff-Dreadmist",0x40514,0x0,Creature-0-4457-249-1045-10184-000028665C,"Onyxia",0xa48,0x0,Creature-0-4457-249-1045-10184-000028665C,0000000000000000,73,100,0,0,0,-1,0,0,0,10.16,-218.04,0,0.0023,63,319,367,-1,1,0,0,0,nil,nil,nil
4/28 18:49:32.609  SWING_DAMAGE_LANDED,Player-4755-01637B0A,"Pindle-Dreadmist",0x514,0x0,Creature-0-4457-249-1045-10184-000028665C,"Onyxia",0xa48,0x0,Creature-0-4457-249-1045-10184-000028665C,0000000000000000,73,100,0,0,0,-1,0,0,0,10.16,-218.04,0,0.0023,63,199,229,-1,1,0,0,0,nil,nil,nil
4/28 18:49:32.609  SPELL_DAMAGE,Player-4755-01AC9FD9,"Alexinho-Dreadmist",0x514,0x0,Creature-0-4457-249-1045-10184-000028665C,"Onyxia",0xa48,0x0,11294,"Sinister Strike",0x1,Creature-0-4457-249-1045-10184-000028665C,0000000000000000,73,100,0,0,0,-1,0,0,0,10.16,-218.04,0,0.0023,63,393,453,-1,1,0,0,0,nil,nil,nil
4/28 18:49:32.668  SPELL_CAST_START,Player-4755-0178F576,"Atreas-Dreadmist",0x514,0x0,0000000000000000,nil,0x80000000,0x80000000,20904,"Aimed Shot",0x1
4/28 18:49:32.686  SWING_MISSED,Player-4755-01637B0A,"Pindle-Dreadmist",0x514,0x0,Creature-0-4457-249-1045-10184-000028665C,"Onyxia",0xa48,0x0,MISS,1
4/28 18:49:32.719  SPELL_CAST_START,Player-4755-01804B95,"Moymoy-Dreadmist",0x514,0x0,0000000000000000,nil,0x80000000,0x80000000,939,"Healing Wave",0x8
4/28 18:49:32.764  SPELL_CAST_SUCCESS,Player-4755-01F21AE6,"Blahu-Dreadmist",0x40514,0x0,Creature-0-4457-249-1045-10184-000028665C,"Onyxia",0xa48,0x0,11567,"Heroic Strike",0x1,Player-4755-01F21AE6,0000000000000000,100,100,0,0,0,-1,0,0,0,13.36,-210.14,0,4.6774,70
4/28 18:49:32.764  SPELL_AURA_REMOVED_DOSE,Player-4755-01F21AE6,"Blahu-Dreadmist",0x40514,0x0,Player-4755-01F21AE6,"Blahu-Dreadmist",0x40514,0x0,12970,"Flurry",0x1,BUFF,2
4/28 18:49:32.764  SPELL_AURA_APPLIED,Player-4755-01F21AE6,"Blahu-Dreadmist",0x40514,0x0,Player-4755-01F21AE6,"Blahu-Dreadmist",0x40514,0x0,10610,"Windfury Totem",0x8,BUFF
4/28 18:49:32.764  SPELL_EXTRA_ATTACKS,Player-4755-01F21AE6,"Blahu-Dreadmist",0x40514,0x0,Player-4755-01F21AE6,"Blahu-Dreadmist",0x40514,0x0,10610,"Windfury Totem",0x8,1
4/28 18:49:32.764  SPELL_PERIODIC_ENERGIZE,Player-4755-01802FE5,"Angrybat-Dreadmist",0x514,0x0,Player-4755-01802FE5,"Angrybat-Dreadmist",0x514,0x0,18194,"Mana Regeneration",0x1,Player-4755-01802FE5,0000000000000000,100,100,0,0,0,-1,0,0,0,-4.64,-184.83,0,4.7233,66,8.0000,0.0000,0,6033
4/28 18:49:32.764  SPELL_AURA_APPLIED,Player-4755-01F21AE6,"Blahu-Dreadmist",0x40514,0x0,Player-4755-01F21AE6,"Blahu-Dreadmist",0x40514,0x0,20007,"Holy Strength",0x2,BUFF
4/28 18:49:32.764  SPELL_HEAL,Player-4755-01F21AE6,"Blahu-Dreadmist",0x40514,0x0,Player-4755-01F21AE6,"Blahu-Dreadmist",0x40514,0x0,20007,"Holy Strength",0x2,Player-4755-01F21AE6,0000000000000000,100,100,0,0,0,-1,0,0,0,13.36,-210.14,0,4.6774,70,87,87,87,0,nil
4/28 18:49:32.764  SWING_DAMAGE,Player-4755-01F21AE6,"Blahu-Dreadmist",0x40514,0x0,Creature-0-4457-249-1045-10184-000028665C,"Onyxia",0xa48,0x0,Player-4755-01F21AE6,0000000000000000,100,100,0,0,0,-1,0,0,0,13.36,-210.14,0,4.6774,70,753,434,-1,1,0,0,0,1,nil,nil
4/28 18:49:32.798  SWING_DAMAGE,Pet-0-4457-249-1045-2850-01001956F9,"Kratos",0x1114,0x0,Creature-0-4457-249-1045-10184-000028665C,"Onyxia",0xa48,0x0,Pet-0-4457-249-1045-2850-01001956F9,Player-4755-0178F576,100,100,0,0,0,-1,0,0,0,9.46,-193.00,0,4.7404,66,69,122,-1,1,0,0,0,nil,1,nil
4/28 18:49:32.817  SPELL_CAST_SUCCESS,Player-4755-01802FE5,"Angrybat-Dreadmist",0x514,0x0,Creature-0-4457-249-1045-10184-000028665C,"Onyxia",0xa48,0x0,10181,"Frostbolt",0x10,Player-4755-01802FE5,0000000000000000,100,100,0,0,0,-1,0,0,0,-4.64,-184.83,0,4.7233,66
4/28 18:49:32.834  SPELL_DAMAGE,Player-4755-015FEBD5,"Sauvage-Dreadmist",0x514,0x0,Creature-0-4457-249-1045-10184-000028665C,"Onyxia",0xa48,0x0,10181,"Frostbolt",0x10,Creature-0-4457-249-1045-10184-000028665C,0000000000000000,73,100,0,0,0,-1,0,0,0,10.16,-218.04,0,0.0023,63,913,829,-1,16,0,0,0,nil,nil,nil
4/28 18:49:32.864  SPELL_CAST_START,Player-4755-020BD78D,"Lonehunter-Dreadmist",0x514,0x0,0000000000000000,nil,0x80000000,0x80000000,75,"Auto Shot",0x1
4/28 18:49:32.880  SWING_DAMAGE,Player-4755-0160BD13,"Mafkees-Dreadmist",0x514,0x0,Creature-0-4457-249-1045-10184-000028665C,"Onyxia",0xa48,0x0,Player-4755-0160BD13,0000000000000000,100,100,0,0,0,-1,0,0,0,10.28,-208.50,0,4.8051,64,636,850,-1,1,0,0,0,nil,1,nil
4/28 18:49:32.880  SPELL_CAST_SUCCESS,Player-4755-016DF694,"Ashalan-Dreadmist",0x514,0x0,0000000000000000,nil,0x80000000,0x80000000,11903,"Restore Mana",0x1,Player-4755-016DF694,0000000000000000,100,100,0,0,0,-1,0,0,0,10.99,-210.16,0,4.6425,67
4/28 18:49:32.895  SPELL_CAST_START,Player-4755-01F36B30,"Rectumqeef-Dreadmist",0x514,0x0,0000000000000000,nil,0x80000000,0x80000000,5019,"Shoot",0x1
4/28 18:49:32.916  SPELL_DAMAGE,Player-4755-01FA8D0D,"Roackeru-Dreadmist",0x514,0x0,Creature-0-4457-249-1045-10184-000028665C,"Onyxia",0xa48,0x0,11661,"Shadow Bolt",0x20,Creature-0-4457-249-1045-10184-000028665C,0000000000000000,73,100,0,0,0,-1,0,0,0,10.16,-218.04,0,0.0023,63,1003,911,-1,32,0,0,0,nil,nil,nil
4/28 18:49:32.977  SPELL_CAST_SUCCESS,Player-4755-01B60A5F,"Zurok-Dreadmist",0x514,0x0,Creature-0-4457-249-1045-10184-000028665C,"Onyxia",0xa48,0x0,75,"Auto Shot",0x1,Player-4755-01B60A5F,0000000000000000,100,100,0,0,0,-1,0,0,0,14.47,-175.17,0,4.7652,62
4/28 18:49:32.977  SPELL_CAST_SUCCESS,Creature-0-4457-249-1045-10184-000028665C,"Onyxia",0xa48,0x0,0000000000000000,nil,0x80000000,0x80000000,18435,"Flame Breath",0x4,Creature-0-4457-249-1045-10184-000028665C,0000000000000000,73,100,0,0,0,-1,0,0,0,10.16,-218.04,0,0.0023,63
4/28 18:49:33.010  SPELL_AURA_REMOVED_DOSE,Player-4755-01F21AE6,"Blahu-Dreadmist",0x40514,0x0,Player-4755-01F21AE6,"Blahu-Dreadmist",0x40514,0x0,10610,"Windfury Totem",0x8,BUFF,1
4/28 18:49:33.010  SPELL_AURA_REMOVED_DOSE,Player-4755-01F21AE6,"Blahu-Dreadmist",0x40514,0x0,Player-4755-01F21AE6,"Blahu-Dreadmist",0x40514,0x0,12970,"Flurry",0x1,BUFF,1
4/28 18:49:33.010  SPELL_HEAL,Player-4755-01F21AE6,"Blahu-Dreadmist",0x40514,0x0,Player-4755-01F21AE6,"Blahu-Dreadmist",0x40514,0x0,23891,"Bloodthirst",0x1,Player-4755-01F21AE6,0000000000000000,100,100,0,0,0,-1,0,0,0,13.36,-210.14,0,4.6774,70,20,20,20,0,nil
4/28 18:49:33.010  SPELL_AURA_REMOVED,Player-4755-01F21AE6,"Blahu-Dreadmist",0x40514,0x0,Player-4755-01F21AE6,"Blahu-Dreadmist",0x40514,0x0,23888,"Bloodthirst",0x1,BUFF
4/28 18:49:33.010  SPELL_AURA_REMOVED_DOSE,Player-4755-01733879,"Hocwar-Dreadmist",0x40514,0x0,Player-4755-01733879,"Hocwar-Dreadmist",0x40514,0x0,23885,"Bloodthirst",0x1,BUFF,1
4/28 18:49:33.010  SPELL_HEAL,Player-4755-01733879,"Hocwar-Dreadmist",0x40514,0x0,Player-4755-01733879,"Hocwar-Dreadmist",0x40514,0x0,23880,"Bloodthirst",0x1,Player-4755-01733879,0000000000000000,100,100,0,0,0,-1,0,0,0,22.22,-218.01,0,3.1397,71,10,10,10,0,nil
4/28 18:49:33.010  SPELL_EXTRA_ATTACKS,Player-4755-01A6B139,"Sakatan-Dreadmist",0x10514,0x0,Player-4755-01A6B139,"Sakatan-Dreadmist",0x10514,0x0,15601,"Hand of Justice",0x1,1
4/28 18:49:33.010  SPELL_AURA_REMOVED_DOSE,Player-4755-0220BD00,"Krikoff-Dreadmist",0x40514,0x0,Player-4755-0220BD00,"Krikoff-Dreadmist",0x40514,0x0,12970,"Flurry",0x1,BUFF,2
4/28 18:49:33.010  SPELL_DAMAGE,Player-4755-01F21AE6,"Blahu-Dreadmist",0x40514,0x0,Creature-0-4457-249-1045-10184-000028665C,"Onyxia",0xa48,0x0,11567,"Heroic Strike",0x1,Creature-0-4457-249-1045-10184-000028665C,0000000000000000,73,100,0,0,0,-1,0,0,0,10.16,-218.04,0,0.0023,63,446,514,-1,1,0,0,0,nil,nil,nil
4/28 18:49:33.010  SWING_DAMAGE_LANDED,Player-4755-01F21AE6,"Blahu-Dreadmist",0x40514,0x0,Creature-0-4457-249-1045-10184-000028665C,"Onyxia",0xa48,0x0,Creature-0-4457-249-1045-10184-000028665C,0000000000000000,73,100,0,0,0,-1,0,0,0,10.16,-218.04,0,0.0023,63,753,434,-1,1,0,0,0,1,nil,nil
4/28 18:49:33.010  SWING_DAMAGE_LANDED,Pet-0-4457-249-1045-2850-01001956F9,"Kratos",0x1114,0x0,Creature-0-4457-249-1045-10184-000028665C,"Onyxia",0xa48,0x0,Creature-0-4457-249-1045-10184-000028665C,0000000000000000,73,100,0,0,0,-1,0,0,0,10.16,-218.04,0,0.0023,63,69,122,-1,1,0,0,0,nil,1,nil
4/28 18:49:33.010  SWING_DAMAGE_LANDED,Player-4755-0160BD13,"Mafkees-Dreadmist",0x514,0x0,Creature-0-4457-249-1045-10184-000028665C,"Onyxia",0xa48,0x0,Creature-0-4457-249-1045-10184-000028665C,0000000000000000,73,100,0,0,0,-1,0,0,0,10.16,-218.04,0,0.0023,63,636,850,-1,1,0,0,0,nil,1,nil
4/28 18:49:33.010  SPELL_ENERGIZE,Player-4755-016DF694,"Ashalan-Dreadmist",0x514,0x0,Player-4755-016DF694,"Ashalan-Dreadmist",0x514,0x0,11903,"Restore Mana",0x1,Player-4755-016DF694,0000000000000000,100,100,0,0,0,-1,0,0,0,10.99,-210.16,0,4.6425,67,726.0000,0.0000,0,3885
4/28 18:49:33.010  SPELL_DAMAGE,Creature-0-4457-249-1045-10184-000028665C,"Onyxia",0xa48,0x0,Player-4755-01733879,"Hocwar-Dreadmist",0x40514,0x0,18435,"Flame Breath",0x4,Player-4755-01733879,0000000000000000,51,100,0,0,0,-1,0,0,0,22.22,-218.01,0,3.1397,71,3006,3340,-1,4,0,0,0,nil,nil,nil
4/28 18:49:33.010  SPELL_CAST_SUCCESS,Player-4755-01ED7A64,"Sperzieboon-Dreadmist",0x514,0x0,Player-4755-01733879,"Hocwar-Dreadmist",0x40514,0x0,6063,"Heal",0x2,Player-4755-01ED7A64,0000000000000000,100,100,0,0,0,-1,0,0,0,13.02,-190.15,0,4.7271,67
4/28 18:49:33.034  SWING_DAMAGE,Player-4755-01A6B139,"Sakatan-Dreadmist",0x10514,0x0,Creature-0-4457-249-1045-10184-000028665C,"Onyxia",0xa48,0x0,Player-4755-01A6B139,0000000000000000,100,100,0,0,0,-1,0,0,0,9.54,-199.57,0,5.0548,69,198,228,-1,1,0,0,0,nil,nil,nil
4/28 18:49:33.034  SPELL_DAMAGE,Player-4755-01B60A5F,"Zurok-Dreadmist",0x514,0x0,Creature-0-4457-249-1045-10184-000028665C,"Onyxia",0xa48,0x0,14290,"Multi-Shot",0x1,Creature-0-4457-249-1045-10184-000028665C,0000000000000000,73,100,0,0,0,-1,0,0,0,10.16,-218.04,0,0.0023,63,612,705,-1,1,0,0,0,nil,nil,nil
4/28 18:49:33.066  SPELL_CAST_SUCCESS,Player-4755-0160BD13,"Mafkees-Dreadmist",0x514,0x0,0000000000000000,nil,0x80000000,0x80000000,1680,"Whirlwind",0x1,Player-4755-0160BD13,0000000000000000,100,100,0,0,0,-1,0,0,0,10.28,-208.50,0,4.7854,64
4/28 18:49:33.098  SPELL_CAST_START,Player-4755-0163DD9D,"Kaspais-Dreadmist",0x514,0x0,0000000000000000,nil,0x80000000,0x80000000,5019,"Shoot",0x1
4/28 18:49:33.113  SPELL_CAST_SUCCESS,Player-4755-01F21AE6,"Blahu-Dreadmist",0x40514,0x0,Creature-0-4457-249-1045-10184-000028665C,"Onyxia",0xa48,0x0,23894,"Bloodthirst",0x1,Player-4755-01F21AE6,0000000000000000,100,100,0,0,0,-1,0,0,0,13.36,-210.14,0,4.6774,70
4/28 18:49:33.113  SPELL_MISSED,Player-4755-01F21AE6,"Blahu-Dreadmist",0x40514,0x0,Creature-0-4457-249-1045-10184-000028665C,"Onyxia",0xa48,0x0,23894,"Bloodthirst",0x1,DODGE,nil
4/28 18:49:33.128  SPELL_CAST_SUCCESS,Player-4755-016296D3,"Nivl-Dreadmist",0x514,0x0,Creature-0-4457-249-1045-10184-000028665C,"Onyxia",0xa48,0x0,15208,"Lightning Bolt",0x8,Player-4755-016296D3,0000000000000000,100,100,0,0,0,-1,0,0,0,12.99,-204.08,0,4.6027,69
4/28 18:49:33.128  SPELL_CAST_START,Player-4755-016296D3,"Nivl-Dreadmist",0x514,0x0,0000000000000000,nil,0x80000000,0x80000000,15208,"Lightning Bolt",0x8
4/28 18:49:33.238  SPELL_PERIODIC_ENERGIZE,Player-4755-01733879,"Hocwar-Dreadmist",0x40514,0x0,Player-4755-01733879,"Hocwar-Dreadmist",0x40514,0x0,29131,"Bloodrage",0x1,Player-4755-01733879,0000000000000000,51,100,0,0,0,-1,0,0,0,22.22,-218.01,0,3.1397,71,1.0000,0.0000,1,1000
4/28 18:49:33.241  SPELL_CAST_START,Player-4755-01BC57A3,"Saintis-Dreadmist",0x511,0x0,0000000000000000,nil,0x80000000,0x80000000,2061,"Flash Heal",0x2
4/28 18:49:33.259  SWING_DAMAGE,Pet-0-4457-249-1045-7456-03003178E8,"Owl",0x1114,0x0,Creature-0-4457-249-1045-10184-000028665C,"Onyxia",0xa48,0x0,Pet-0-4457-249-1045-7456-03003178E8,Player-4755-01B60A5F,100,100,0,0,0,-1,0,0,0,14.31,-193.80,0,4.5427,62,90,156,-1,1,0,46,0,nil,nil,nil
4/28 18:49:33.307  SPELL_CAST_SUCCESS,Player-4755-020BD78D,"Lonehunter-Dreadmist",0x514,0x0,Creature-0-4457-249-1045-10184-000028665C,"Onyxia",0xa48,0x0,75,"Auto Shot",0x1,Player-4755-020BD78D,0000000000000000,100,100,0,0,0,-1,0,0,0,1.62,-179.46,0,4.9304,70
4/28 18:49:33.307  SPELL_AURA_APPLIED,Player-4755-020BD78D,"Lonehunter-Dreadmist",0x514,0x0,Player-4755-020BD78D,"Lonehunter-Dreadmist",0x514,0x0,6150,"Quick Shots",0x1,BUFF
4/28 18:49:33.307  SWING_MISSED,Player-4755-01733879,"Hocwar-Dreadmist",0x40514,0x0,Creature-0-4457-249-1045-10184-000028665C,"Onyxia",0xa48,0x0,PARRY,1
4/28 18:49:33.372  RANGE_DAMAGE,Player-4755-01E83279,"Nlmasters-Dreadmist",0x514,0x8,Creature-0-4457-249-1045-10184-000028665C,"Onyxia",0xa48,0x0,75,"Auto Shot",0x1,Creature-0-4457-249-1045-10184-000028665C,0000000000000000,72,100,0,0,0,-1,0,0,0,10.16,-218.04,0,0.0023,63,415,477,-1,1,0,0,0,nil,nil,nil
4/28 18:49:33.412  SPELL_AURA_REMOVED,Player-4755-0210153A,"Hapuseneb-Dreadmist",0x514,0x0,Player-4755-01733879,"Hocwar-Dreadmist",0x40514,0x0,15359,"Inspiration",0x2,BUFF
4/28 18:49:33.412  SPELL_AURA_APPLIED,Player-4755-01804B95,"Moymoy-Dreadmist",0x514,0x0,Player-4755-01733879,"Hocwar-Dreadmist",0x40514,0x0,16237,"Ancestral Fortitude",0x2,BUFF
4/28 18:49:33.412  SPELL_AURA_APPLIED_DOSE,Player-4755-01F21AE6,"Blahu-Dreadmist",0x40514,0x0,Player-4755-01F21AE6,"Blahu-Dreadmist",0x40514,0x0,12970,"Flurry",0x1,BUFF,3
4/28 18:49:33.412  SPELL_AURA_REMOVED,Player-4755-01F21AE6,"Blahu-Dreadmist",0x40514,0x0,Player-4755-01F21AE6,"Blahu-Dreadmist",0x40514,0x0,10610,"Windfury Totem",0x8,BUFF
4/28 18:49:33.412  SPELL_AURA_REMOVED_DOSE,Player-4755-0160BD13,"Mafkees-Dreadmist",0x514,0x0,Player-4755-0160BD13,"Mafkees-Dreadmist",0x514,0x0,23888,"Bloodthirst",0x1,BUFF,2
4/28 18:49:33.412  SPELL_AURA_REMOVED_DOSE,Player-4755-0160BD13,"Mafkees-Dreadmist",0x514,0x0,Player-4755-0160BD13,"Mafkees-Dreadmist",0x514,0x0,12970,"Flurry",0x1,BUFF,2
4/28 18:49:33.414  SPELL_HEAL,Player-4755-0160BD13,"Mafkees-Dreadmist",0x514,0x0,Player-4755-0160BD13,"Mafkees-Dreadmist",0x514,0x0,23891,"Bloodthirst",0x1,Player-4755-0160BD13,0000000000000000,100,100,0,0,0,-1,0,0,0,10.30,-208.87,0,4.7697,64,10,10,10,0,nil
4/28 18:49:33.414  SPELL_HEAL,Player-4755-01ED7A64,"Sperzieboon-Dreadmist",0x514,0x0,Player-4755-01733879,"Hocwar-Dreadmist",0x40514,0x0,6063,"Heal",0x2,Player-4755-01733879,0000000000000000,71,100,0,0,0,-1,0,0,0,22.22,-218.01,0,3.1397,71,1211,1211,0,0,nil
4/28 18:49:33.414  SWING_DAMAGE_LANDED,Player-4755-01A6B139,"Sakatan-Dreadmist",0x10514,0x0,Creature-0-4457-249-1045-10184-000028665C,"Onyxia",0xa48,0x0,Creature-0-4457-249-1045-10184-000028665C,0000000000000000,72,100,0,0,0,-1,0,0,0,10.16,-218.04,0,0.0023,63,198,228,-1,1,0,0,0,nil,nil,nil
4/28 18:49:33.414  SPELL_DAMAGE,Player-4755-0160BD13,"Mafkees-Dreadmist",0x514,0x0,Creature-0-4457-249-1045-10184-000028665C,"Onyxia",0xa48,0x0,1680,"Whirlwind",0x1,Creature-0-4457-249-1045-10184-000028665C,0000000000000000,72,100,0,0,0,-1,0,0,0,10.16,-218.04,0,0.0023,63,1474,772,-1,1,0,0,0,1,nil,nil
4/28 18:49:33.414  SPELL_AURA_REMOVED,Player-4755-016296D3,"Nivl-Dreadmist",0x514,0x0,Player-4755-016296D3,"Nivl-Dreadmist",0x514,0x0,16166,"Elemental Mastery",0x8,BUFF
4/28 18:49:33.414  SWING_DAMAGE_LANDED,Pet-0-4457-249-1045-7456-03003178E8,"Owl",0x1114,0x0,Creature-0-4457-249-1045-10184-000028665C,"Onyxia",0xa48,0x0,Creature-0-4457-249-1045-10184-000028665C,0000000000000000,72,100,0,0,0,-1,0,0,0,10.16,-218.04,0,0.0023,63,90,156,-1,1,0,0,0,nil,nil,nil
4/28 18:49:33.414  SPELL_CAST_SUCCESS,Player-4755-01F36B30,"Rectumqeef-Dreadmist",0x514,0x0,Creature-0-4457-249-1045-10184-000028665C,"Onyxia",0xa48,0x0,5019,"Shoot",0x1,Player-4755-01F36B30,0000000000000000,100,100,0,0,0,-1,0,0,0,1.78,-187.28,0,4.6930,66
4/28 18:49:33.414  SWING_DAMAGE,Player-4755-01AC9FD9,"Alexinho-Dreadmist",0x514,0x0,Creature-0-4457-249-1045-10184-000028665C,"Onyxia",0xa48,0x0,Player-4755-01AC9FD9,0000000000000000,100,100,0,0,0,-1,0,0,0,14.04,-202.29,0,4.4934,66,299,169,-1,1,0,0,0,1,nil,nil
4/28 18:49:33.436  SPELL_AURA_REMOVED,Pet-0-4457-249-1045-2850-01001956F9,"Kratos",0x1114,0x0,Pet-0-4457-249-1045-2850-01001956F9,"Kratos",0x1114,0x0,23110,"Dash",0x1,BUFF
4/28 18:49:33.436  SPELL_AURA_REMOVED,Player-4755-0220BD00,"Krikoff-Dreadmist",0x40514,0x0,Player-4755-0220BD00,"Krikoff-Dreadmist",0x40514,0x0,12970,"Flurry",0x1,BUFF
4/28 18:49:33.497  RANGE_DAMAGE,Player-4755-01F36B30,"Rectumqeef-Dreadmist",0x514,0x0,Creature-0-4457-249-1045-10184-000028665C,"Onyxia",0xa48,0x0,5019,"Shoot",0x1,Creature-0-4457-249-1045-10184-000028665C,0000000000000000,72,100,0,0,0,-1,0,0,0,10.16,-218.04,0,0.0023,63,88,80,-1,64,0,0,0,nil,nil,nil
4/28 18:49:33.516  SWING_DAMAGE,Player-4755-0220BD00,"Krikoff-Dreadmist",0x40514,0x0,Creature-0-4457-249-1045-10184-000028665C,"Onyxia",0xa48,0x0,Player-4755-0220BD00,0000000000000000,100,100,0,0,0,-1,0,0,0,10.75,-210.91,0,4.7242,68,174,223,-1,1,0,0,0,nil,1,nil
4/28 18:49:33.555  SWING_DAMAGE,Player-4755-01733879,"Hocwar-Dreadmist",0x40514,0x0,Creature-0-4457-249-1045-10184-000028665C,"Onyxia",0xa48,0x0,Player-4755-01733879,0000000000000000,71,100,0,0,0,-1,0,0,0,22.22,-218.01,0,3.1397,71,150,211,-1,1,0,0,0,nil,1,nil
4/28 18:49:33.571  SWING_DAMAGE,Player-4755-01637B0A,"Pindle-Dreadmist",0x514,0x0,Creature-0-4457-249-1045-10184-000028665C,"Onyxia",0xa48,0x0,Player-4755-01637B0A,0000000000000000,100,100,0,0,0,-1,0,0,0,8.72,-208.37,0,4.9730,65,97,121,-1,1,0,0,0,nil,1,nil
4/28 18:49:33.586  SPELL_PERIODIC_ENERGIZE,Creature-0-4457-249-1045-7416-0000286C79,"Mana Spring Totem IV",0x2114,0x0,Player-4755-015FEBD5,"Sauvage-Dreadmist",0x514,0x0,10494,"Mana Spring",0x8,Player-4755-015FEBD5,0000000000000000,100,100,0,0,0,-1,0,0,0,-2.42,-186.07,0,4.9229,64,13.0000,0.0000,0,6158
4/28 18:49:33.586  SPELL_PERIODIC_ENERGIZE,Creature-0-4457-249-1045-7416-0000286C79,"Mana Spring Totem IV",0x2114,0x0,Player-4755-01FA8DD8,"Roackerita-Dreadmist",0x514,0x0,10494,"Mana Spring",0x8,Player-4755-01FA8DD8,0000000000000000,100,100,0,0,0,-1,0,0,0,8.47,-177.56,0,5.0973,69,12.0000,0.0000,0,6736
4/28 18:49:33.586  SPELL_PERIODIC_ENERGIZE,Creature-0-4457-249-1045-7416-0000286C79,"Mana Spring Totem IV",0x2114,0x0,Player-4755-01804B95,"Moymoy-Dreadmist",0x514,0x0,10494,"Mana Spring",0x8,Player-4755-01804B95,0000000000000000,100,100,0,0,0,-1,0,0,0,13.22,-186.11,0,4.8801,66,13.0000,0.0000,0,5366
4/28 18:49:33.586  SPELL_PERIODIC_ENERGIZE,Creature-0-4457-249-1045-7416-0000286C79,"Mana Spring Totem IV",0x2114,0x0,Player-4755-0210153A,"Hapuseneb-Dreadmist",0x514,0x0,10494,"Mana Spring",0x8,Player-4755-0210153A,0000000000000000,100,100,0,0,0,-1,0,0,0,5.85,-196.31,0,4.4807,66,12.0000,0.0000,0,6736
4/28 18:49:33.586  SPELL_PERIODIC_ENERGIZE,Creature-0-4457-249-1045-7416-0000286C79,"Mana Spring Totem IV",0x2114,0x0,Player-4755-01ED7A64,"Sperzieboon-Dreadmist",0x514,0x0,10494,"Mana Spring",0x8,Player-4755-01ED7A64,0000000000000000,100,100,0,0,0,-1,0,0,0,13.03,-190.78,0,4.7271,67,12.0000,0.0000,0,7261
4/28 18:49:33.586  SPELL_PERIODIC_HEAL,Player-4755-01FA8DD8,"Roackerita-Dreadmist",0x514,0x0,Player-4755-01FA8D0D,"Roackeru-Dreadmist",0x514,0x0,6078,"Renew",0x2,Player-4755-01FA8D0D,0000000000000000,100,100,0,0,0,-1,0,0,0,14.13,-180.96,0,4.6652,65,236,236,236,0,nil
4/28 18:49:33.619  SPELL_CAST_SUCCESS,Player-4755-0163DD9D,"Kaspais-Dreadmist",0x514,0x0,Creature-0-4457-249-1045-10184-000028665C,"Onyxia",0xa48,0x0,5019,"Shoot",0x1,Player-4755-0163DD9D,0000000000000000,100,100,0,0,0,-1,0,0,0,-0.33,-187.17,0,4.8317,66
4/28 18:49:33.634  SWING_DAMAGE,Player-4755-01F21AE6,"Blahu-Dreadmist",0x40514,0x0,Creature-0-4457-249-1045-10184-000028665C,"Onyxia",0xa48,0x0,Player-4755-01F21AE6,0000000000000000,100,100,0,0,0,-1,0,0,0,13.36,-210.14,0,4.6774,70,295,169,-1,1,0,0,0,1,nil,nil
4/28 18:49:33.650  SPELL_CAST_SUCCESS,Player-4755-021D6506,"Bloodlady-Dreadmist",0x514,0x0,Creature-0-4457-249-1045-10184-000028665C,"Onyxia",0xa48,0x0,10181,"Frostbolt",0x10,Player-4755-021D6506,0000000000000000,100,100,0,0,0,-1,0,0,0,-7.44,-186.75,0,5.1759,69
4/28 18:49:33.681  SPELL_AURA_APPLIED,Player-4755-01637B0A,"Pindle-Dreadmist",0x514,0x0,Player-4755-01637B0A,"Pindle-Dreadmist",0x514,0x0,10610,"Windfury Totem",0x8,BUFF
4/28 18:49:33.681  SPELL_EXTRA_ATTACKS,Player-4755-01637B0A,"Pindle-Dreadmist",0x514,0x0,Player-4755-01637B0A,"Pindle-Dreadmist",0x514,0x0,10610,"Windfury Totem",0x8,1
4/28 18:49:33.681  SWING_DAMAGE,Player-4755-01637B0A,"Pindle-Dreadmist",0x514,0x0,Creature-0-4457-249-1045-10184-000028665C,"Onyxia",0xa48,0x0,Player-4755-01637B0A,0000000000000000,100,100,0,0,0,-1,0,0,0,8.72,-208.37,0,4.9730,65,387,218,-1,1,0,0,0,1,nil,nil
4/28 18:49:33.699  SPELL_DAMAGE,Player-4755-01614AC7,"Mirrimazduur-Dreadmist",0x512,0x0,Creature-0-4457-249-1045-10184-000028665C,"Onyxia",0xa48,0x0,11661,"Shadow Bolt",0x20,Creature-0-4457-249-1045-10184-000028665C,0000000000000000,72,100,0,0,0,-1,0,0,0,10.16,-218.04,0,0.0023,63,977,888,-1,32,0,0,0,nil,nil,nil
4/28 18:49:33.699  SWING_DAMAGE,Player-4755-01637B0A,"Pindle-Dreadmist",0x514,0x0,Creature-0-4457-249-1045-10184-000028665C,"Onyxia",0xa48,0x0,Player-4755-01637B0A,0000000000000000,100,100,0,0,0,-1,0,0,0,8.72,-208.37,0,4.9730,65,486,274,-1,1,0,0,0,1,nil,nil
4/28 18:49:33.732  RANGE_DAMAGE,Player-4755-0163DD9D,"Kaspais-Dreadmist",0x514,0x0,Creature-0-4457-249-1045-10184-000028665C,"Onyxia",0xa48,0x0,5019,"Shoot",0x1,Creature-0-4457-249-1045-10184-000028665C,0000000000000000,72,100,0,0,0,-1,0,0,0,10.16,-218.04,0,0.0023,63,128,117,-1,16,0,0,0,nil,nil,nil
4/28 18:49:33.732  SWING_DAMAGE,Pet-0-4457-249-1045-9622-02002CD5BC,"Bokito",0x1114,0x0,Creature-0-4457-249-1045-10184-000028665C,"Onyxia",0xa48,0x0,Pet-0-4457-249-1045-9622-02002CD5BC,Player-4755-020BD78D,91,100,0,0,0,-1,0,0,0,-4.27,-198.08,0,5.3385,70,135,248,-1,1,0,0,0,nil,1,nil
4/28 18:49:33.765  SPELL_PERIODIC_ENERGIZE,Creature-0-4457-249-1045-7416-0000286C87,"Mana Spring Totem IV",0x2114,0x0,Player-4755-016296D3,"Nivl-Dreadmist",0x514,0x0,10494,"Mana Spring",0x8,Player-4755-016296D3,0000000000000000,100,100,0,0,0,-1,0,0,0,12.99,-204.08,0,4.6027,69,10.0000,0.0000,0,5845
4/28 18:49:33.765  SPELL_PERIODIC_ENERGIZE,Creature-0-4457-249-1045-7416-0000286C87,"Mana Spring Totem IV",0x2114,0x0,Player-4755-0178F576,"Atreas-Dreadmist",0x514,0x0,10494,"Mana Spring",0x8,Player-4755-0178F576,0000000000000000,100,100,0,0,0,-1,0,0,0,6.14,-178.76,0,4.8144,66,10.0000,0.0000,0,3765
4/28 18:49:33.797  SWING_MISSED,Player-4755-01A6B139,"Sakatan-Dreadmist",0x10514,0x0,Creature-0-4457-249-1045-10184-000028665C,"Onyxia",0xa48,0x0,MISS,1
4/28 18:49:33.797  SWING_DAMAGE,Pet-0-4457-249-1045-2850-01001956F9,"Kratos",0x1114,0x0,Creature-0-4457-249-1045-10184-000028665C,"Onyxia",0xa48,0x0,Pet-0-4457-249-1045-2850-01001956F9,Player-4755-0178F576,100,100,0,0,0,-1,0,0,0,9.46,-193.00,0,4.7404,66,102,118,-1,1,0,0,0,nil,nil,nil
4/28 18:49:33.822  SPELL_ENERGIZE,Player-4755-01F21AE6,"Blahu-Dreadmist",0x40514,0x0,Player-4755-01F21AE6,"Blahu-Dreadmist",0x40514,0x0,12964,"Unbridled Wrath",0x1,Player-4755-01F21AE6,0000000000000000,100,100,0,0,0,-1,0,0,0,13.36,-210.14,0,4.6774,70,0.0000,1.0000,1,1000
4/28 18:49:33.822  SPELL_ENERGIZE,Player-4755-01F21AE6,"Blahu-Dreadmist",0x40514,0x0,Player-4755-01F21AE6,"Blahu-Dreadmist",0x40514,0x0,12964,"Unbridled Wrath",0x1,Player-4755-01F21AE6,0000000000000000,100,100,0,0,0,-1,0,0,0,13.36,-210.14,0,4.6774,70,0.0000,1.0000,1,1000
4/28 18:49:33.822  SPELL_AURA_REMOVED_DOSE,Player-4755-0160BD13,"Mafkees-Dreadmist",0x514,0x0,Player-4755-0160BD13,"Mafkees-Dreadmist",0x514,0x0,23888,"Bloodthirst",0x1,BUFF,1
4/28 18:49:33.822  SPELL_AURA_APPLIED_DOSE,Player-4755-0160BD13,"Mafkees-Dreadmist",0x514,0x0,Player-4755-0160BD13,"Mafkees-Dreadmist",0x514,0x0,12970,"Flurry",0x1,BUFF,3
4/28 18:49:33.822  SPELL_HEAL,Player-4755-0160BD13,"Mafkees-Dreadmist",0x514,0x0,Player-4755-0160BD13,"Mafkees-Dreadmist",0x514,0x0,23891,"Bloodthirst",0x1,Player-4755-0160BD13,0000000000000000,100,100,0,0,0,-1,0,0,0,10.31,-209.02,0,4.7697,64,10,10,10,0,nil
4/28 18:49:33.822  SWING_DAMAGE_LANDED,Player-4755-01AC9FD9,"Alexinho-Dreadmist",0x514,0x0,Creature-0-4457-249-1045-10184-000028665C,"Onyxia",0xa48,0x0,Creature-0-4457-249-1045-10184-000028665C,0000000000000000,72,100,0,0,0,-1,0,0,0,10.16,-218.04,0,0.0023,63,299,169,-1,1,0,0,0,1,nil,nil
4/28 18:49:33.822  SPELL_DAMAGE,Player-4755-01AC9FD9,"Alexinho-Dreadmist",0x514,0x0,Creature-0-4457-249-1045-10184-000028665C,"Onyxia",0xa48,0x0,11337,"Instant Poison VI",0x8,Creature-0-4457-249-1045-10184-000028665C,0000000000000000,72,100,0,0,0,-1,0,0,0,10.16,-218.04,0,0.0023,63,136,136,-1,8,0,0,0,nil,nil,nil
4/28 18:49:33.822  SWING_DAMAGE_LANDED,Player-4755-0220BD00,"Krikoff-Dreadmist",0x40514,0x0,Creature-0-4457-249-1045-10184-000028665C,"Onyxia",0xa48,0x0,Creature-0-4457-249-1045-10184-000028665C,0000000000000000,72,100,0,0,0,-1,0,0,0,10.16,-218.04,0,0.0023,63,174,223,-1,1,0,0,0,nil,1,nil
4/28 18:49:33.822  SWING_DAMAGE_LANDED,Player-4755-01733879,"Hocwar-Dreadmist",0x40514,0x0,Creature-0-4457-249-1045-10184-000028665C,"Onyxia",0xa48,0x0,Creature-0-4457-249-1045-10184-000028665C,0000000000000000,72,100,0,0,0,-1,0,0,0,10.16,-218.04,0,0.0023,63,150,211,-1,1,0,0,0,nil,1,nil
4/28 18:49:33.822  SWING_DAMAGE_LANDED,Player-4755-01637B0A,"Pindle-Dreadmist",0x514,0x0,Creature-0-4457-249-1045-10184-000028665C,"Onyxia",0xa48,0x0,Creature-0-4457-249-1045-10184-000028665C,0000000000000000,72,100,0,0,0,-1,0,0,0,10.16,-218.04,0,0.0023,63,97,121,-1,1,0,0,0,nil,1,nil
4/28 18:49:33.822  SPELL_DAMAGE,Player-4755-01637B0A,"Pindle-Dreadmist",0x514,0x0,Creature-0-4457-249-1045-10184-000028665C,"Onyxia",0xa48,0x0,11337,"Instant Poison VI",0x8,Creature-0-4457-249-1045-10184-000028665C,0000000000000000,72,100,0,0,0,-1,0,0,0,10.16,-218.04,0,0.0023,63,149,148,-1,8,0,0,0,nil,nil,nil
4/28 18:49:33.822  SWING_DAMAGE_LANDED,Player-4755-01F21AE6,"Blahu-Dreadmist",0x40514,0x0,Creature-0-4457-249-1045-10184-000028665C,"Onyxia",0xa48,0x0,Creature-0-4457-249-1045-10184-000028665C,0000000000000000,72,100,0,0,0,-1,0,0,0,10.16,-218.04,0,0.0023,63,295,169,-1,1,0,0,0,1,nil,nil
4/28 18:49:33.822  SWING_DAMAGE_LANDED,Player-4755-01637B0A,"Pindle-Dreadmist",0x514,0x0,Creature-0-4457-249-1045-10184-000028665C,"Onyxia",0xa48,0x0,Creature-0-4457-249-1045-10184-000028665C,0000000000000000,72,100,0,0,0,-1,0,0,0,10.16,-218.04,0,0.0023,63,387,218,-1,1,0,0,0,1,nil,nil
4/28 18:49:33.822  SWING_DAMAGE_LANDED,Player-4755-01637B0A,"Pindle-Dreadmist",0x514,0x0,Creature-0-4457-249-1045-10184-000028665C,"Onyxia",0xa48,0x0,Creature-0-4457-249-1045-10184-000028665C,0000000000000000,72,100,0,0,0,-1,0,0,0,10.16,-218.04,0,0.0023,63,486,274,-1,1,0,0,0,1,nil,nil
4/28 18:49:33.822  SWING_DAMAGE_LANDED,Pet-0-4457-249-1045-9622-02002CD5BC,"Bokito",0x1114,0x0,Creature-0-4457-249-1045-10184-000028665C,"Onyxia",0xa48,0x0,Creature-0-4457-249-1045-10184-000028665C,0000000000000000,72,100,0,0,0,-1,0,0,0,10.16,-218.04,0,0.0023,63,135,248,-1,1,0,0,0,nil,1,nil
4/28 18:49:33.822  SWING_DAMAGE_LANDED,Pet-0-4457-249-1045-2850-01001956F9,"Kratos",0x1114,0x0,Creature-0-4457-249-1045-10184-000028665C,"Onyxia",0xa48,0x0,Creature-0-4457-249-1045-10184-000028665C,0000000000000000,72,100,0,0,0,-1,0,0,0,10.16,-218.04,0,0.0023,63,102,118,-1,1,0,0,0,nil,nil,nil
4/28 18:49:33.843  SPELL_CAST_SUCCESS,Player-4755-0178F416,"Eltorero-Dreadmist",0x514,0x0,Creature-0-4457-249-1045-10184-000028665C,"Onyxia",0xa48,0x0,23894,"Bloodthirst",0x1,Player-4755-0178F416,0000000000000000,100,100,0,0,0,-1,0,0,0,8.91,-205.64,0,4.8095,67
4/28 18:49:33.843  SPELL_AURA_APPLIED,Player-4755-0178F416,"Eltorero-Dreadmist",0x514,0x0,Player-4755-0178F416,"Eltorero-Dreadmist",0x514,0x0,10610,"Windfury Totem",0x8,BUFF
4/28 18:49:33.843  SPELL_EXTRA_ATTACKS,Player-4755-0178F416,"Eltorero-Dreadmist",0x514,0x0,Player-4755-0178F416,"Eltorero-Dreadmist",0x514,0x0,10610,"Windfury Totem",0x8,1
4/28 18:49:33.843  SWING_DAMAGE,Player-4755-0178F416,"Eltorero-Dreadmist",0x514,0x0,Creature-0-4457-249-1045-10184-000028665C,"Onyxia",0xa48,0x0,Player-4755-0178F416,0000000000000000,100,100,0,0,0,-1,0,0,0,8.91,-205.64,0,4.8095,67,606,698,-1,1,0,0,0,nil,nil,nil
4/28 18:49:33.860  SPELL_MISSED,Player-4755-016296D3,"Nivl-Dreadmist",0x514,0x0,Creature-0-4457-249-1045-10184-000028665C,"Onyxia",0xa48,0x0,15208,"Lightning Bolt",0x8,RESIST,nil,0
4/28 18:49:33.933  SWING_DAMAGE,Player-4755-01840577,"Raggèn-Dreadmist",0x514,0x0,Creature-0-4457-249-1045-10184-000028665C,"Onyxia",0xa48,0x0,Player-4755-01840577,0000000000000000,100,100,0,0,0,-1,0,0,0,11.31,-208.00,0,4.7666,67,455,524,-1,1,0,0,0,nil,nil,nil
4/28 18:49:34.015  SPELL_CAST_SUCCESS,Player-4755-02045EF4,"Necrosini-Dreadmist",0x512,0x0,Player-4755-01733879,"Hocwar-Dreadmist",0x40514,0x0,2054,"Heal",0x2,Player-4755-02045EF4,0000000000000000,100,100,0,0,0,-1,0,0,0,5.83,-191.53,0,2.9798,69
4/28 18:49:34.031  SPELL_CAST_SUCCESS,Player-4755-01FA8D0D,"Roackeru-Dreadmist",0x514,0x0,Creature-0-4457-249-1045-10184-000028665C,"Onyxia",0xa48,0x0,11661,"Shadow Bolt",0x20,Player-4755-01FA8D0D,0000000000000000,100,100,0,0,0,-1,0,0,0,14.13,-180.96,0,4.6652,65
4/28 18:49:34.031  SPELL_CAST_SUCCESS,Player-4755-01FA8D0D,"Roackeru-Dreadmist",0x514,0x0,0000000000000000,nil,0x80000000,0x80000000,11689,"Life Tap",0x20,Player-4755-01FA8D0D,0000000000000000,87,100,0,0,0,-1,0,0,0,14.13,-180.96,0,4.6652,65
4/28 18:49:34.048  RANGE_DAMAGE,Player-4755-01B60A5F,"Zurok-Dreadmist",0x514,0x0,Creature-0-4457-249-1045-10184-000028665C,"Onyxia",0xa48,0x0,75,"Auto Shot",0x1,Creature-0-4457-249-1045-10184-000028665C,0000000000000000,72,100,0,0,0,-1,0,0,0,10.16,-218.04,0,0.0023,63,926,449,-1,1,0,0,0,1,nil,nil
4/28 18:49:34.097  SPELL_CAST_START,Player-4755-0210153A,"Hapuseneb-Dreadmist",0x514,0x0,0000000000000000,nil,0x80000000,0x80000000,6064,"Heal",0x2
4/28 18:49:34.114  SPELL_PERIODIC_ENERGIZE,Player-4755-01BC57A3,"Saintis-Dreadmist",0x511,0x0,Player-4755-01BC57A3,"Saintis-Dreadmist",0x511,0x0,18194,"Mana Regeneration",0x1,Player-4755-01BC57A3,0000000000000000,100,100,0,0,0,-1,0,0,0,2.90,-191.57,0,4.8798,68,8.0000,0.0000,0,7212
4/28 18:49:34.114  SPELL_CAST_START,Player-4755-01617EEE,"Fenix-Dreadmist",0x512,0x0,0000000000000000,nil,0x80000000,0x80000000,10916,"Flash Heal",0x2
4/28 18:49:34.114  SPELL_DAMAGE,Player-4755-01802FE5,"Angrybat-Dreadmist",0x514,0x0,Creature-0-4457-249-1045-10184-000028665C,"Onyxia",0xa48,0x0,10181,"Frostbolt",0x10,Creature-0-4457-249-1045-10184-000028665C,0000000000000000,72,100,0,0,0,-1,0,0,0,10.16,-218.04,0,0.0023,63,977,887,-1,16,0,0,0,nil,nil,nil
4/28 18:49:34.166  SPELL_CAST_SUCCESS,Player-4755-01614AC7,"Mirrimazduur-Dreadmist",0x512,0x0,Creature-0-4457-249-1045-10184-000028665C,"Onyxia",0xa48,0x0,11661,"Shadow Bolt",0x20,Player-4755-01614AC7,0000000000000000,100,100,0,0,0,-1,0,0,0,-1.52,-178.92,0,4.8760,68
4/28 18:49:34.166  SPELL_CAST_START,Player-4755-01614AC7,"Mirrimazduur-Dreadmist",0x512,0x0,0000000000000000,nil,0x80000000,0x80000000,11661,"Shadow Bolt",0x20
4/28 18:49:34.166  SPELL_PERIODIC_DAMAGE,Player-4755-0178F416,"Eltorero-Dreadmist",0x514,0x0,Creature-0-4457-249-1045-10184-000028665C,"Onyxia",0xa48,0x0,12721,"Deep Wound",0x1,Creature-0-4457-249-1045-10184-000028665C,0000000000000000,72,100,0,0,0,-1,0,0,0,10.16,-218.04,0,0.0023,63,110,110,-1,1,0,0,0,nil,nil,nil
4/28 18:49:34.183  SWING_DAMAGE,Player-4755-016DF694,"Ashalan-Dreadmist",0x514,0x0,Creature-0-4457-249-1045-10184-000028665C,"Onyxia",0xa48,0x0,Player-4755-016DF694,0000000000000000,100,100,0,0,0,-1,0,0,0,10.99,-210.16,0,4.6425,67,1040,599,-1,1,0,0,0,1,nil,nil
4/28 18:49:34.183  SWING_DAMAGE,Creature-0-4457-249-1045-10184-000028665C,"Onyxia",0xa48,0x0,Player-4755-01733879,"Hocwar-Dreadmist",0x40514,0x0,Creature-0-4457-249-1045-10184-000028665C,0000000000000000,72,100,0,0,0,-1,0,0,0,10.16,-218.04,0,0.0023,63,1287,2024,-1,1,0,0,0,nil,nil,1
4/28 18:49:34.222  SPELL_AURA_REFRESH,Player-4755-0160BD13,"Mafkees-Dreadmist",0x514,0x0,Creature-0-4457-249-1045-10184-000028665C,"Onyxia",0xa48,0x0,12721,"Deep Wound",0x1,DEBUFF
4/28 18:49:34.222  SPELL_HEAL,Player-4755-01733879,"Hocwar-Dreadmist",0x40514,0x0,Player-4755-01733879,"Hocwar-Dreadmist",0x40514,0x0,23880,"Bloodthirst",0x1,Player-4755-01733879,0000000000000000,71,100,0,0,0,-1,0,0,0,22.22,-218.01,0,3.1397,71,10,10,0,0,nil
4/28 18:49:34.222  SPELL_AURA_REMOVED,Player-4755-01733879,"Hocwar-Dreadmist",0x40514,0x0,Player-4755-01733879,"Hocwar-Dreadmist",0x40514,0x0,23885,"Bloodthirst",0x1,BUFF
4/28 18:49:34.222  SPELL_AURA_REMOVED_DOSE,Player-4755-01637B0A,"Pindle-Dreadmist",0x514,0x0,Player-4755-01637B0A,"Pindle-Dreadmist",0x514,0x0,10610,"Windfury Totem",0x8,BUFF,1
4/28 18:49:34.222  SPELL_AURA_REMOVED_DOSE,Player-4755-01F21AE6,"Blahu-Dreadmist",0x40514,0x0,Player-4755-01F21AE6,"Blahu-Dreadmist",0x40514,0x0,12970,"Flurry",0x1,BUFF,2
4/28 18:49:34.222  SPELL_AURA_APPLIED_DOSE,Player-4755-01F21AE6,"Blahu-Dreadmist",0x40514,0x0,Player-4755-01F21AE6,"Blahu-Dreadmist",0x40514,0x0,12970,"Flurry",0x1,BUFF,3
4/28 18:49:34.222  SPELL_AURA_REMOVED,Player-4755-01637B0A,"Pindle-Dreadmist",0x514,0x0,Player-4755-01637B0A,"Pindle-Dreadmist",0x514,0x0,10610,"Windfury Totem",0x8,BUFF
4/28 18:49:34.222  SPELL_DAMAGE,Player-4755-0178F416,"Eltorero-Dreadmist",0x514,0x0,Creature-0-4457-249-1045-10184-000028665C,"Onyxia",0xa48,0x0,23894,"Bloodthirst",0x1,Creature-0-4457-249-1045-10184-000028665C,0000000000000000,72,100,0,0,0,-1,0,0,0,10.16,-218.04,0,0.0023,63,556,641,-1,1,0,0,0,nil,nil,nil
4/28 18:49:34.222  SPELL_AURA_APPLIED,Player-4755-0178F416,"Eltorero-Dreadmist",0x514,0x0,Player-4755-0178F416,"Eltorero-Dreadmist",0x514,0x0,23888,"Bloodthirst",0x1,BUFF
4/28 18:49:34.222  SWING_DAMAGE_LANDED,Player-4755-0178F416,"Eltorero-Dreadmist",0x514,0x0,Creature-0-4457-249-1045-10184-000028665C,"Onyxia",0xa48,0x0,Creature-0-4457-249-1045-10184-000028665C,0000000000000000,72,100,0,0,0,-1,0,0,0,10.16,-218.04,0,0.0023,63,606,698,-1,1,0,0,0,nil,nil,nil
4/28 18:49:34.222  SWING_DAMAGE_LANDED,Player-4755-01840577,"Raggèn-Dreadmist",0x514,0x0,Creature-0-4457-249-1045-10184-000028665C,"Onyxia",0xa48,0x0,Creature-0-4457-249-1045-10184-000028665C,0000000000000000,72,100,0,0,0,-1,0,0,0,10.16,-218.04,0,0.0023,63,455,524,-1,1,0,0,0,nil,nil,nil
4/28 18:49:34.226  SPELL_HEAL,Player-4755-02045EF4,"Necrosini-Dreadmist",0x512,0x0,Player-4755-01733879,"Hocwar-Dreadmist",0x40514,0x0,2054,"Heal",0x2,Player-4755-01733879,0000000000000000,87,100,0,0,0,-1,0,0,0,22.22,-218.01,0,3.1397,71,998,998,0,0,1
4/28 18:49:34.226  SPELL_ENERGIZE,Player-4755-01FA8D0D,"Roackeru-Dreadmist",0x514,0x0,Player-4755-01FA8D0D,"Roackeru-Dreadmist",0x514,0x0,31818,"Life Tap",0x20,Player-4755-01FA8D0D,0000000000000000,87,100,0,0,0,-1,0,0,0,14.13,-180.96,0,4.6652,65,835.0000,0.0000,0,6373
4/28 18:49:34.226  SPELL_MISSED,Player-4755-01802FE5,"Angrybat-Dreadmist",0x514,0x0,Creature-0-4457-249-1045-10184-000028665C,"Onyxia",0xa48,0x0,12579,"Winter's Chill",0x10,RESIST,nil,0
4/28 18:49:34.226  SWING_DAMAGE_LANDED,Player-4755-016DF694,"Ashalan-Dreadmist",0x514,0x0,Creature-0-4457-249-1045-10184-000028665C,"Onyxia",0xa48,0x0,Creature-0-4457-249-1045-10184-000028665C,0000000000000000,72,100,0,0,0,-1,0,0,0,10.16,-218.04,0,0.0023,63,1040,599,-1,1,0,0,0,1,nil,nil
4/28 18:49:34.226  SWING_DAMAGE_LANDED,Creature-0-4457-249-1045-10184-000028665C,"Onyxia",0xa48,0x0,Player-4755-01733879,"Hocwar-Dreadmist",0x40514,0x0,Player-4755-01733879,0000000000000000,67,100,0,0,0,-1,0,0,0,22.22,-218.01,0,3.1397,71,1287,2024,-1,1,0,0,0,nil,nil,1
4/28 18:49:34.226  SPELL_PERIODIC_ENERGIZE,Player-4755-01733879,"Hocwar-Dreadmist",0x40514,0x0,Player-4755-01733879,"Hocwar-Dreadmist",0x40514,0x0,29131,"Bloodrage",0x1,Player-4755-01733879,0000000000000000,67,100,0,0,0,-1,0,0,0,22.22,-218.01,0,3.1397,71,1.0000,0.0000,1,1000
4/28 18:49:34.297  RANGE_DAMAGE,Player-4755-020BD78D,"Lonehunter-Dreadmist",0x514,0x0,Creature-0-4457-249-1045-10184-000028665C,"Onyxia",0xa48,0x0,75,"Auto Shot",0x1,Creature-0-4457-249-1045-10184-000028665C,0000000000000000,72,100,0,0,0,-1,0,0,0,10.16,-218.04,0,0.0023,63,463,534,-1,1,0,0,0,nil,nil,nil
4/28 18:49:34.412  SPELL_CAST_START,Player-4755-01F36B30,"Rectumqeef-Dreadmist",0x514,0x0,0000000000000000,nil,0x80000000,0x80000000,5019,"Shoot",0x1
4/28 18:49:34.429  SPELL_CAST_START,Player-4755-01ED7A64,"Sperzieboon-Dreadmist",0x514,0x0,0000000000000000,nil,0x80000000,0x80000000,6063,"Heal",0x2
4/28 18:49:34.446  SWING_DAMAGE,Player-4755-01A6B139,"Sakatan-Dreadmist",0x10514,0x0,Creature-0-4457-249-1045-10184-000028665C,"Onyxia",0xa48,0x0,Player-4755-01A6B139,0000000000000000,100,100,0,0,0,-1,0,0,0,9.54,-199.57,0,5.0548,69,169,202,-1,1,0,0,0,nil,1,nil
4/28 18:49:34.483  SWING_DAMAGE,Player-4755-01637B0A,"Pindle-Dreadmist",0x514,0x0,Creature-0-4457-249-1045-10184-000028665C,"Onyxia",0xa48,0x0,Player-4755-01637B0A,0000000000000000,100,100,0,0,0,-1,0,0,0,8.72,-208.37,0,4.9730,65,98,122,-1,1,0,0,0,nil,1,nil
4/28 18:49:34.483  SWING_DAMAGE,Player-4755-01AC9FD9,"Alexinho-Dreadmist",0x514,0x0,Creature-0-4457-249-1045-10184-000028665C,"Onyxia",0xa48,0x0,Player-4755-01AC9FD9,0000000000000000,100,100,0,0,0,-1,0,0,0,14.04,-202.29,0,4.4934,66,281,377,-1,1,0,46,0,nil,nil,nil
4/28 18:49:34.532  SPELL_CAST_START,Player-4755-01E83279,"Nlmasters-Dreadmist",0x514,0x8,0000000000000000,nil,0x80000000,0x80000000,75,"Auto Shot",0x1
4/28 18:49:34.549  SPELL_CAST_START,Player-4755-01802FE5,"Angrybat-Dreadmist",0x514,0x0,0000000000000000,nil,0x80000000,0x80000000,5019,"Shoot",0x1
4/28 18:49:34.615  SPELL_CAST_START,Player-4755-0163DD9D,"Kaspais-Dreadmist",0x514,0x0,0000000000000000,nil,0x80000000,0x80000000,5019,"Shoot",0x1
4/28 18:49:34.615  SPELL_CAST_SUCCESS,Pet-0-4457-249-1045-2850-01001956F9,"Kratos",0x1114,0x0,Creature-0-4457-249-1045-10184-000028665C,"Onyxia",0xa48,0x0,3009,"Claw",0x1,Pet-0-4457-249-1045-2850-01001956F9,Player-4755-0178F576,100,100,0,0,0,-1,0,0,0,9.46,-193.00,0,4.7404,66
4/28 18:49:34.618  SPELL_ENERGIZE,Player-4755-01733879,"Hocwar-Dreadmist",0x40514,0x0,Player-4755-01733879,"Hocwar-Dreadmist",0x40514,0x0,12964,"Unbridled Wrath",0x1,Player-4755-01733879,0000000000000000,67,100,0,0,0,-1,0,0,0,22.22,-218.01,0,3.1397,71,1.0000,0.0000,1,1000
4/28 18:49:34.618  SPELL_AURA_REMOVED_DOSE,Player-4755-0178F416,"Eltorero-Dreadmist",0x514,0x0,Player-4755-0178F416,"Eltorero-Dreadmist",0x514,0x0,23888,"Bloodthirst",0x1,BUFF,4
4/28 18:49:34.618  SPELL_HEAL,Player-4755-0178F416,"Eltorero-Dreadmist",0x514,0x0,Player-4755-0178F416,"Eltorero-Dreadmist",0x514,0x0,23891,"Bloodthirst",0x1,Player-4755-0178F416,0000000000000000,100,100,0,0,0,-1,0,0,0,8.91,-205.64,0,4.8095,67,20,20,20,0,nil
4/28 18:49:34.618  SPELL_AURA_REMOVED_DOSE,Player-4755-0178F416,"Eltorero-Dreadmist",0x514,0x0,Player-4755-0178F416,"Eltorero-Dreadmist",0x514,0x0,23888,"Bloodthirst",0x1,BUFF,3
4/28 18:49:34.618  SPELL_AURA_REMOVED_DOSE,Player-4755-0178F416,"Eltorero-Dreadmist",0x514,0x0,Player-4755-0178F416,"Eltorero-Dreadmist",0x514,0x0,10610,"Windfury Totem",0x8,BUFF,1
4/28 18:49:34.618  SPELL_HEAL,Player-4755-0178F416,"Eltorero-Dreadmist",0x514,0x0,Player-4755-0178F416,"Eltorero-Dreadmist",0x514,0x0,23891,"Bloodthirst",0x1,Player-4755-0178F416,0000000000000000,100,100,0,0,0,-1,0,0,0,8.91,-205.64,0,4.8095,67,20,20,20,0,nil
4/28 18:49:34.618  SPELL_AURA_REMOVED,Player-4755-0178F416,"Eltorero-Dreadmist",0x514,0x0,Player-4755-0178F416,"Eltorero-Dreadmist",0x514,0x0,12970,"Flurry",0x1,BUFF
4/28 18:49:34.618  SPELL_AURA_APPLIED,Player-4755-016DF694,"Ashalan-Dreadmist",0x514,0x0,Player-4755-016DF694,"Ashalan-Dreadmist",0x514,0x0,16280,"Flurry",0x1,BUFF
4/28 18:49:34.618  SWING_DAMAGE_LANDED,Player-4755-01A6B139,"Sakatan-Dreadmist",0x10514,0x0,Creature-0-4457-249-1045-10184-000028665C,"Onyxia",0xa48,0x0,Creature-0-4457-249-1045-10184-000028665C,0000000000000000,72,100,0,0,0,-1,0,0,0,10.16,-218.04,0,0.0023,63,169,202,-1,1,0,0,0,nil,1,nil
4/28 18:49:34.618  SWING_DAMAGE_LANDED,Player-4755-01637B0A,"Pindle-Dreadmist",0x514,0x0,Creature-0-4457-249-1045-10184-000028665C,"Onyxia",0xa48,0x0,Creature-0-4457-249-1045-10184-000028665C,0000000000000000,72,100,0,0,0,-1,0,0,0,10.16,-218.04,0,0.0023,63,98,122,-1,1,0,0,0,nil,1,nil
4/28 18:49:34.618  SWING_DAMAGE_LANDED,Player-4755-01AC9FD9,"Alexinho-Dreadmist",0x514,0x0,Creature-0-4457-249-1045-10184-000028665C,"Onyxia",0xa48,0x0,Creature-0-4457-249-1045-10184-000028665C,0000000000000000,71,100,0,0,0,-1,0,0,0,10.16,-218.04,0,0.0023,63,281,377,-1,1,0,0,0,nil,nil,nil
4/28 18:49:34.618  SPELL_DAMAGE,Pet-0-4457-249-1045-2850-01001956F9,"Kratos",0x1114,0x0,Creature-0-4457-249-1045-10184-000028665C,"Onyxia",0xa48,0x0,3009,"Claw",0x1,Creature-0-4457-249-1045-10184-000028665C,0000000000000000,71,100,0,0,0,-1,0,0,0,10.16,-218.04,0,0.0023,63,77,89,-1,1,0,0,0,nil,nil,nil
4/28 18:49:34.618  SPELL_AURA_APPLIED,Player-4755-01637B0A,"Pindle-Dreadmist",0x514,0x0,Player-4755-01637B0A,"Pindle-Dreadmist",0x514,0x0,13750,"Adrenaline Rush",0x1,BUFF
4/28 18:49:34.618  SPELL_CAST_SUCCESS,Player-4755-01637B0A,"Pindle-Dreadmist",0x514,0x0,0000000000000000,nil,0x80000000,0x80000000,13750,"Adrenaline Rush",0x1,Player-4755-01637B0A,0000000000000000,100,100,0,0,0,-1,0,0,0,8.72,-208.37,0,4.9730,65
4/28 18:49:34.618  SPELL_CAST_SUCCESS,Player-4755-015FEBD5,"Sauvage-Dreadmist",0x514,0x0,Creature-0-4457-249-1045-10184-000028665C,"Onyxia",0xa48,0x0,10181,"Frostbolt",0x10,Player-4755-015FEBD5,0000000000000000,100,100,0,0,0,-1,0,0,0,-2.42,-186.07,0,4.9229,64
4/28 18:49:34.644  SPELL_CAST_SUCCESS,Player-4755-01BC57A3,"Saintis-Dreadmist",0x511,0x0,Pet-0-4457-249-1045-9622-02002CD5BC,"Bokito",0x1114,0x0,2061,"Flash Heal",0x2,Player-4755-01BC57A3,0000000000000000,100,100,0,0,0,-1,0,0,0,2.90,-191.57,0,4.8798,68
4/28 18:49:34.759  SPELL_AURA_REMOVED,Player-4755-0160BD13,"Mafkees-Dreadmist",0x514,0x0,Player-4755-0160BD13,"Mafkees-Dreadmist",0x514,0x0,20007,"Holy Strength",0x2,BUFF
4/28 18:49:34.775  SWING_DAMAGE,Player-4755-01F21AE6,"Blahu-Dreadmist",0x40514,0x0,Creature-0-4457-249-1045-10184-000028665C,"Onyxia",0xa48,0x0,Player-4755-01F21AE6,0000000000000000,100,100,0,0,0,-1,0,0,0,13.36,-210.14,0,4.6774,70,179,350,-1,1,0,0,0,nil,1,nil
4/28 18:49:34.775  SPELL_CAST_SUCCESS,Player-4755-01AC9FD9,"Alexinho-Dreadmist",0x514,0x0,Creature-0-4457-249-1045-10184-000028665C,"Onyxia",0xa48,0x0,11294,"Sinister Strike",0x1,Player-4755-01AC9FD9,0000000000000000,100,100,0,0,0,-1,0,0,0,14.04,-202.29,0,4.4934,66
4/28 18:49:34.795  SWING_DAMAGE,Pet-0-4457-249-1045-2850-01001956F9,"Kratos",0x1114,0x0,Creature-0-4457-249-1045-10184-000028665C,"Onyxia",0xa48,0x0,Pet-0-4457-249-1045-2850-01001956F9,Player-4755-0178F576,100,100,0,0,0,-1,0,0,0,9.46,-193.00,0,4.7404,66,63,115,-1,1,0,0,0,nil,1,nil
4/28 18:49:34.795  SWING_MISSED,Player-4755-01AC9FD9,"Alexinho-Dreadmist",0x514,0x0,Creature-0-4457-249-1045-10184-000028665C,"Onyxia",0xa48,0x0,PARRY,1
4/28 18:49:34.860  SWING_DAMAGE,Player-4755-01637B0A,"Pindle-Dreadmist",0x514,0x0,Creature-0-4457-249-1045-10184-000028665C,"Onyxia",0xa48,0x0,Player-4755-01637B0A,0000000000000000,100,100,0,0,0,-1,0,0,0,8.72,-208.37,0,4.9730,65,196,235,-1,1,0,0,0,nil,1,nil
4/28 18:49:34.891  SPELL_PERIODIC_DAMAGE,Player-4755-01614AC7,"Mirrimazduur-Dreadmist",0x512,0x0,Creature-0-4457-249-1045-10184-000028665C,"Onyxia",0xa48,0x0,11672,"Corruption",0x20,Creature-0-4457-249-1045-10184-000028665C,0000000000000000,71,100,0,0,0,-1,0,0,0,10.16,-218.04,0,0.0023,63,207,188,-1,32,0,0,0,nil,nil,nil
4/28 18:49:34.911  SWING_DAMAGE,Player-4755-0220BD00,"Krikoff-Dreadmist",0x40514,0x0,Creature-0-4457-249-1045-10184-000028665C,"Onyxia",0xa48,0x0,Player-4755-0220BD00,0000000000000000,100,100,0,0,0,-1,0,0,0,10.75,-210.91,0,4.7242,68,230,331,-1,1,0,0,0,nil,1,nil
4/28 18:49:34.911  SPELL_CAST_SUCCESS,Player-4755-01FA8DD8,"Roackerita-Dreadmist",0x514,0x0,Player-4755-01733879,"Hocwar-Dreadmist",0x40514,0x0,6078,"Renew",0x2,Player-4755-01FA8DD8,0000000000000000,100,100,0,0,0,-1,0,0,0,8.47,-177.56,0,5.0973,69
4/28 18:49:34.911  SPELL_CAST_SUCCESS,Player-4755-01F36B30,"Rectumqeef-Dreadmist",0x514,0x0,Creature-0-4457-249-1045-10184-000028665C,"Onyxia",0xa48,0x0,5019,"Shoot",0x1,Player-4755-01F36B30,0000000000000000,100,100,0,0,0,-1,0,0,0,1.78,-187.28,0,4.6930,66
4/28 18:49:34.928  SWING_MISSED,Player-4755-01733879,"Hocwar-Dreadmist",0x40514,0x0,Creature-0-4457-249-1045-10184-000028665C,"Onyxia",0xa48,0x0,PARRY,1
4/28 18:49:34.928  SPELL_CAST_START,Player-4755-02045EF4,"Necrosini-Dreadmist",0x512,0x0,0000000000000000,nil,0x80000000,0x80000000,2054,"Heal",0x2
4/28 18:49:34.944  SPELL_DAMAGE,Player-4755-021D6506,"Bloodlady-Dreadmist",0x514,0x0,Creature-0-4457-249-1045-10184-000028665C,"Onyxia",0xa48,0x0,10181,"Frostbolt",0x10,Creature-0-4457-249-1045-10184-000028665C,0000000000000000,71,100,0,0,0,-1,0,0,0,10.16,-218.04,0,0.0023,63,1001,910,-1,16,0,0,0,nil,nil,nil
4/28 18:49:34.973  SPELL_CAST_SUCCESS,Player-4755-01E83279,"Nlmasters-Dreadmist",0x514,0x8,Creature-0-4457-249-1045-10184-000028665C,"Onyxia",0xa48,0x0,75,"Auto Shot",0x1,Player-4755-01E83279,0000000000000000,100,100,0,0,0,-1,0,0,0,-8.36,-185.48,0,4.9218,70
4/28 18:49:35.016  RANGE_DAMAGE,Player-4755-01F36B30,"Rectumqeef-Dreadmist",0x514,0x0,Creature-0-4457-249-1045-10184-000028665C,"Onyxia",0xa48,0x0,5019,"Shoot",0x1,Creature-0-4457-249-1045-10184-000028665C,0000000000000000,71,100,0,0,0,-1,0,0,0,10.16,-218.04,0,0.0023,63,103,93,-1,64,0,0,0,nil,nil,nil
4/28 18:49:35.016  SPELL_CAST_START,Player-4755-01B60A5F,"Zurok-Dreadmist",0x514,0x0,0000000000000000,nil,0x80000000,0x80000000,75,"Auto Shot",0x1
4/28 18:49:35.016  SWING_DAMAGE,Player-4755-01F21AE6,"Blahu-Dreadmist",0x40514,0x0,Creature-0-4457-249-1045-10184-000028665C,"Onyxia",0xa48,0x0,Player-4755-01F21AE6,0000000000000000,100,100,0,0,0,-1,0,0,0,13.36,-210.14,0,4.6774,70,117,149,-1,1,0,0,0,nil,1,nil
4/28 18:49:35.039  SPELL_HEAL,Player-4755-01BC57A3,"Saintis-Dreadmist",0x511,0x0,Pet-0-4457-249-1045-9622-02002CD5BC,"Bokito",0x1114,0x0,2061,"Flash Heal",0x2,Pet-0-4457-249-1045-9622-02002CD5BC,Player-4755-020BD78D,100,100,0,0,0,-1,0,0,0,-4.27,-198.08,0,5.3385,70,527,527,50,0,nil
4/28 18:49:35.039  SWING_DAMAGE_LANDED,Player-4755-01F21AE6,"Blahu-Dreadmist",0x40514,0x0,Creature-0-4457-249-1045-10184-000028665C,"Onyxia",0xa48,0x0,Creature-0-4457-249-1045-10184-000028665C,0000000000000000,71,100,0,0,0,-1,0,0,0,10.16,-218.04,0,0.0023,63,179,350,-1,1,0,0,0,nil,1,nil
4/28 18:49:35.039  SPELL_DAMAGE,Player-4755-01AC9FD9,"Alexinho-Dreadmist",0x514,0x0,Creature-0-4457-249-1045-10184-000028665C,"Onyxia",0xa48,0x0,11294,"Sinister Strike",0x1,Creature-0-4457-249-1045-10184-000028665C,0000000000000000,71,100,0,0,0,-1,0,0,0,10.16,-218.04,0,0.0023,63,360,415,-1,1,0,0,0,nil,nil,nil
4/28 18:49:35.039  SWING_DAMAGE_LANDED,Pet-0-4457-249-1045-2850-01001956F9,"Kratos",0x1114,0x0,Creature-0-4457-249-1045-10184-000028665C,"Onyxia",0xa48,0x0,Creature-0-4457-249-1045-10184-000028665C,0000000000000000,71,100,0,0,0,-1,0,0,0,10.16,-218.04,0,0.0023,63,63,115,-1,1,0,0,0,nil,1,nil
4/28 18:49:35.039  SWING_DAMAGE_LANDED,Player-4755-01637B0A,"Pindle-Dreadmist",0x514,0x0,Creature-0-4457-249-1045-10184-000028665C,"Onyxia",0xa48,0x0,Creature-0-4457-249-1045-10184-000028665C,0000000000000000,71,100,0,0,0,-1,0,0,0,10.16,-218.04,0,0.0023,63,196,235,-1,1,0,0,0,nil,1,nil
4/28 18:49:35.039  SWING_DAMAGE_LANDED,Player-4755-0220BD00,"Krikoff-Dreadmist",0x40514,0x0,Creature-0-4457-249-1045-10184-000028665C,"Onyxia",0xa48,0x0,Creature-0-4457-249-1045-10184-000028665C,0000000000000000,71,100,0,0,0,-1,0,0,0,10.16,-218.04,0,0.0023,63,230,331,-1,1,0,0,0,nil,1,nil
4/28 18:49:35.039  SPELL_AURA_APPLIED,Player-4755-01FA8DD8,"Roackerita-Dreadmist",0x514,0x0,Player-4755-01733879,"Hocwar-Dreadmist",0x40514,0x0,6078,"Renew",0x2,BUFF
4/28 18:49:35.039  SWING_DAMAGE_LANDED,Player-4755-01F21AE6,"Blahu-Dreadmist",0x40514,0x0,Creature-0-4457-249-1045-10184-000028665C,"Onyxia",0xa48,0x0,Creature-0-4457-249-1045-10184-000028665C,0000000000000000,71,100,0,0,0,-1,0,0,0,10.16,-218.04,0,0.0023,63,117,149,-1,1,0,0,0,nil,1,nil
4/28 18:49:35.039  SWING_MISSED,Creature-0-4457-249-1045-10184-000028665C,"Onyxia",0xa48,0x0,Player-4755-01733879,"Hocwar-Dreadmist",0x40514,0x0,DODGE,nil
4/28 18:49:35.057  SPELL_CAST_SUCCESS,Player-4755-01802FE5,"Angrybat-Dreadmist",0x514,0x0,Creature-0-4457-249-1045-10184-000028665C,"Onyxia",0xa48,0x0,5019,"Shoot",0x1,Player-4755-01802FE5,0000000000000000,100,100,0,0,0,-1,0,0,0,-4.64,-184.83,0,4.7233,66
4/28 18:49:35.073  SPELL_CAST_START,Player-4755-021D6506,"Bloodlady-Dreadmist",0x514,0x0,0000000000000000,nil,0x80000000,0x80000000,5019,"Shoot",0x1
4/28 18:49:35.112  SPELL_CAST_SUCCESS,Player-4755-0163DD9D,"Kaspais-Dreadmist",0x514,0x0,Creature-0-4457-249-1045-10184-000028665C,"Onyxia",0xa48,0x0,5019,"Shoot",0x1,Player-4755-0163DD9D,0000000000000000,100,100,0,0,0,-1,0,0,0,-0.33,-187.17,0,4.8317,66
4/28 18:49:35.129  SPELL_CAST_SUCCESS,Player-4755-016296D3,"Nivl-Dreadmist",0x514,0x0,Creature-0-4457-249-1045-10184-000028665C,"Onyxia",0xa48,0x0,15208,"Lightning Bolt",0x8,Player-4755-016296D3,0000000000000000,100,100,0,0,0,-1,0,0,0,12.99,-204.08,0,4.6027,69
4/28 18:49:35.129  SPELL_CAST_START,Player-4755-016296D3,"Nivl-Dreadmist",0x514,0x0,0000000000000000,nil,0x80000000,0x80000000,15208,"Lightning Bolt",0x8
4/28 18:49:35.159  SWING_DAMAGE,Player-4755-01A6B139,"Sakatan-Dreadmist",0x10514,0x0,Creature-0-4457-249-1045-10184-000028665C,"Onyxia",0xa48,0x0,Player-4755-01A6B139,0000000000000000,100,100,0,0,0,-1,0,0,0,9.54,-199.57,0,5.0548,69,121,138,-1,1,0,0,0,nil,nil,nil
4/28 18:49:35.209  SPELL_CAST_SUCCESS,Player-4755-01804B95,"Moymoy-Dreadmist",0x514,0x0,Player-4755-01733879,"Hocwar-Dreadmist",0x40514,0x0,939,"Healing Wave",0x8,Player-4755-01804B95,0000000000000000,100,100,0,0,0,-1,0,0,0,13.22,-186.11,0,4.8801,66
4/28 18:49:35.241  SPELL_PERIODIC_ENERGIZE,Player-4755-01733879,"Hocwar-Dreadmist",0x40514,0x0,Player-4755-01733879,"Hocwar-Dreadmist",0x40514,0x0,29131,"Bloodrage",0x1,Player-4755-01733879,0000000000000000,67,100,0,0,0,-1,0,0,0,22.22,-218.01,0,3.1397,71,1.0000,0.0000,1,1000
4/28 18:49:35.241  RANGE_DAMAGE,Player-4755-0163DD9D,"Kaspais-Dreadmist",0x514,0x0,Creature-0-4457-249-1045-10184-000028665C,"Onyxia",0xa48,0x0,5019,"Shoot",0x1,Creature-0-4457-249-1045-10184-000028665C,0000000000000000,71,100,0,0,0,-1,0,0,0,10.16,-218.04,0,0.0023,63,168,152,-1,16,0,0,0,nil,nil,nil
4/28 18:49:35.271  SWING_DAMAGE,Pet-0-4457-249-1045-7456-03003178E8,"Owl",0x1114,0x0,Creature-0-4457-249-1045-10184-000028665C,"Onyxia",0xa48,0x0,Pet-0-4457-249-1045-7456-03003178E8,Player-4755-01B60A5F,100,100,0,0,0,-1,0,0,0,14.31,-193.80,0,4.5427,62,76,155,-1,1,0,0,0,nil,1,nil
4/28 18:49:35.348  SPELL_CAST_SUCCESS,Player-4755-0178F416,"Eltorero-Dreadmist",0x514,0x0,0000000000000000,nil,0x80000000,0x80000000,11556,"Demoralizing Shout",0x1,Player-4755-0178F416,0000000000000000,100,100,0,0,0,-1,0,0,0,8.91,-205.64,0,4.8095,67
4/28 18:49:35.348  SPELL_AURA_REMOVED,Player-4755-0178F416,"Eltorero-Dreadmist",0x514,0x0,Player-4755-0178F416,"Eltorero-Dreadmist",0x514,0x0,10610,"Windfury Totem",0x8,BUFF
4/28 18:49:35.364  SPELL_CAST_SUCCESS,Player-4755-01733879,"Hocwar-Dreadmist",0x40514,0x0,Creature-0-4457-249-1045-10184-000028665C,"Onyxia",0xa48,0x0,11567,"Heroic Strike",0x1,Player-4755-01733879,0000000000000000,67,100,0,0,0,-1,0,0,0,22.22,-218.01,0,3.1397,71
4/28 18:49:35.364  SPELL_CAST_START,Player-4755-01804B95,"Moymoy-Dreadmist",0x514,0x0,0000000000000000,nil,0x80000000,0x80000000,939,"Healing Wave",0x8
4/28 18:49:35.384  SWING_DAMAGE,Player-4755-01637B0A,"Pindle-Dreadmist",0x514,0x0,Creature-0-4457-249-1045-10184-000028665C,"Onyxia",0xa48,0x0,Player-4755-01637B0A,0000000000000000,100,100,0,0,0,-1,0,0,0,7.57,-209.11,0,4.9808,65,105,123,-1,1,0,0,0,nil,1,nil
4/28 18:49:35.384  SPELL_PERIODIC_DAMAGE,Player-4755-01F36B30,"Rectumqeef-Dreadmist",0x514,0x0,Creature-0-4457-249-1045-10184-000028665C,"Onyxia",0xa48,0x0,11672,"Corruption",0x20,Creature-0-4457-249-1045-10184-000028665C,0000000000000000,71,100,0,0,0,-1,0,0,0,10.16,-218.04,0,0.0023,63,224,203,-1,32,0,0,0,nil,nil,nil
4/28 18:49:35.399  SPELL_CAST_START,Player-4755-020BD78D,"Lonehunter-Dreadmist",0x514,0x0,0000000000000000,nil,0x80000000,0x80000000,75,"Auto Shot",0x1
4/28 18:49:35.436  SPELL_AURA_REMOVED_DOSE,Player-4755-01F21AE6,"Blahu-Dreadmist",0x40514,0x0,Player-4755-01F21AE6,"Blahu-Dreadmist",0x40514,0x0,12970,"Flurry",0x1,BUFF,2
4/28 18:49:35.436  SPELL_AURA_REMOVED_DOSE,Player-4755-01F21AE6,"Blahu-Dreadmist",0x40514,0x0,Player-4755-01F21AE6,"Blahu-Dreadmist",0x40514,0x0,12970,"Flurry",0x1,BUFF,1
4/28 18:49:35.436  SWING_DAMAGE_LANDED,Player-4755-01A6B139,"Sakatan-Dreadmist",0x10514,0x0,Creature-0-4457-249-1045-10184-000028665C,"Onyxia",0xa48,0x0,Creature-0-4457-249-1045-10184-000028665C,0000000000000000,71,100,0,0,0,-1,0,0,0,10.16,-218.04,0,0.0023,63,121,138,-1,1,0,0,0,nil,nil,nil
4/28 18:49:35.436  SPELL_HEAL,Player-4755-01804B95,"Moymoy-Dreadmist",0x514,0x0,Player-4755-01733879,"Hocwar-Dreadmist",0x40514,0x0,939,"Healing Wave",0x8,Player-4755-01733879,0000000000000000,82,100,0,0,0,-1,0,0,0,22.22,-218.01,0,3.1397,71,935,935,0,0,nil
4/28 18:49:35.436  SWING_DAMAGE_LANDED,Pet-0-4457-249-1045-7456-03003178E8,"Owl",0x1114,0x0,Creature-0-4457-249-1045-10184-000028665C,"Onyxia",0xa48,0x0,Creature-0-4457-249-1045-10184-000028665C,0000000000000000,71,100,0,0,0,-1,0,0,0,10.16,-218.04,0,0.0023,63,76,155,-1,1,0,0,0,nil,1,nil
4/28 18:49:35.436  SPELL_AURA_APPLIED,Player-4755-0178F416,"Eltorero-Dreadmist",0x514,0x0,Creature-0-4457-249-1045-10184-000028665C,"Onyxia",0xa48,0x0,11556,"Demoralizing Shout",0x1,DEBUFF
4/28 18:49:35.436  SPELL_DAMAGE,Player-4755-01733879,"Hocwar-Dreadmist",0x40514,0x0,Creature-0-4457-249-1045-10184-000028665C,"Onyxia",0xa48,0x0,11567,"Heroic Strike",0x1,Creature-0-4457-249-1045-10184-000028665C,0000000000000000,71,100,0,0,0,-1,0,0,0,10.16,-218.04,0,0.0023,63,305,351,-1,1,0,0,0,nil,nil,nil
4/28 18:49:35.436  SWING_DAMAGE_LANDED,Player-4755-01637B0A,"Pindle-Dreadmist",0x514,0x0,Creature-0-4457-249-1045-10184-000028665C,"Onyxia",0xa48,0x0,Creature-0-4457-249-1045-10184-000028665C,0000000000000000,71,100,0,0,0,-1,0,0,0,10.16,-218.04,0,0.0023,63,105,123,-1,1,0,0,0,nil,1,nil
4/28 18:49:35.457  SPELL_CAST_SUCCESS,Player-4755-01B60A5F,"Zurok-Dreadmist",0x514,0x0,Creature-0-4457-249-1045-10184-000028665C,"Onyxia",0xa48,0x0,75,"Auto Shot",0x1,Player-4755-01B60A5F,0000000000000000,100,100,0,0,0,-1,0,0,0,14.47,-175.17,0,4.7652,62
4/28 18:49:35.474  SPELL_PERIODIC_HEAL,Player-4755-01FA8DD8,"Roackerita-Dreadmist",0x514,0x0,Player-4755-01614AC7,"Mirrimazduur-Dreadmist",0x512,0x0,6078,"Renew",0x2,Player-4755-01614AC7,0000000000000000,100,100,0,0,0,-1,0,0,0,-1.52,-178.92,0,4.8760,68,235,235,235,0,nil
4/28 18:49:35.474  SPELL_AURA_REMOVED,Player-4755-01FA8DD8,"Roackerita-Dreadmist",0x514,0x0,Player-4755-01614AC7,"Mirrimazduur-Dreadmist",0x512,0x0,6078,"Renew",0x2,BUFF
4/28 18:49:35.491  SPELL_AURA_REMOVED,Player-4755-01AC9FD9,"Alexinho-Dreadmist",0x514,0x0,Player-4755-01AC9FD9,"Alexinho-Dreadmist",0x514,0x0,6774,"Slice and Dice",0x1,BUFF
4/28 18:49:35.509  SWING_DAMAGE,Player-4755-0160BD13,"Mafkees-Dreadmist",0x514,0x0,Creature-0-4457-249-1045-10184-000028665C,"Onyxia",0xa48,0x0,Player-4755-0160BD13,0000000000000000,100,100,0,0,0,-1,0,0,0,7.29,-215.01,0,5.4766,64,718,827,-1,1,0,0,0,nil,nil,nil
4/28 18:49:35.509  SPELL_CAST_SUCCESS,Player-4755-01617EEE,"Fenix-Dreadmist",0x512,0x0,Player-4755-01733879,"Hocwar-Dreadmist",0x40514,0x0,10916,"Flash Heal",0x2,Player-4755-01617EEE,0000000000000000,100,100,0,0,0,-1,0,0,0,26.44,-181.95,0,4.6344,66
4/28 18:49:35.509  SPELL_CAST_START,Player-4755-01FA8D0D,"Roackeru-Dreadmist",0x514,0x0,0000000000000000,nil,0x80000000,0x80000000,11661,"Shadow Bolt",0x20
4/28 18:49:35.577  SPELL_CAST_SUCCESS,Player-4755-021D6506,"Bloodlady-Dreadmist",0x514,0x0,Creature-0-4457-249-1045-10184-000028665C,"Onyxia",0xa48,0x0,5019,"Shoot",0x1,Player-4755-021D6506,0000000000000000,100,100,0,0,0,-1,0,0,0,-7.44,-186.75,0,5.0934,69
4/28 18:49:35.614  SPELL_PERIODIC_ENERGIZE,Creature-0-4457-249-1045-7416-0000286C79,"Mana Spring Totem IV",0x2114,0x0,Player-4755-01ED7A64,"Sperzieboon-Dreadmist",0x514,0x0,10494,"Mana Spring",0x8,Player-4755-01ED7A64,0000000000000000,100,100,0,0,0,-1,0,0,0,13.03,-190.78,0,4.7271,67,12.0000,0.0000,0,7261
4/28 18:49:35.614  SPELL_PERIODIC_ENERGIZE,Creature-0-4457-249-1045-7416-0000286C79,"Mana Spring Totem IV",0x2114,0x0,Player-4755-01804B95,"Moymoy-Dreadmist",0x514,0x0,10494,"Mana Spring",0x8,Player-4755-01804B95,0000000000000000,100,100,0,0,0,-1,0,0,0,13.22,-186.11,0,4.8801,66,12.0000,0.0000,0,5366
4/28 18:49:35.614  SPELL_PERIODIC_ENERGIZE,Creature-0-4457-249-1045-7416-0000286C79,"Mana Spring Totem IV",0x2114,0x0,Player-4755-015FEBD5,"Sauvage-Dreadmist",0x514,0x0,10494,"Mana Spring",0x8,Player-4755-015FEBD5,0000000000000000,100,100,0,0,0,-1,0,0,0,-2.42,-186.07,0,4.9229,64,12.0000,0.0000,0,6158
4/28 18:49:35.614  SPELL_PERIODIC_ENERGIZE,Creature-0-4457-249-1045-7416-0000286C79,"Mana Spring Totem IV",0x2114,0x0,Player-4755-0210153A,"Hapuseneb-Dreadmist",0x514,0x0,10494,"Mana Spring",0x8,Player-4755-0210153A,0000000000000000,100,100,0,0,0,-1,0,0,0,5.85,-196.31,0,4.4807,66,13.0000,0.0000,0,6736
4/28 18:49:35.614  SPELL_PERIODIC_ENERGIZE,Creature-0-4457-249-1045-7416-0000286C79,"Mana Spring Totem IV",0x2114,0x0,Player-4755-01FA8DD8,"Roackerita-Dreadmist",0x514,0x0,10494,"Mana Spring",0x8,Player-4755-01FA8DD8,0000000000000000,100,100,0,0,0,-1,0,0,0,8.47,-177.56,0,5.0973,69,13.0000,0.0000,0,6736
4/28 18:49:35.614  SPELL_CAST_START,Player-4755-015FEBD5,"Sauvage-Dreadmist",0x514,0x0,0000000000000000,nil,0x80000000,0x80000000,10181,"Frostbolt",0x10
4/28 18:49:35.636  SPELL_CAST_SUCCESS,Player-4755-01637B0A,"Pindle-Dreadmist",0x514,0x0,Creature-0-4457-249-1045-10184-000028665C,"Onyxia",0x10a48,0x0,11281,"Backstab",0x1,Player-4755-01637B0A,0000000000000000,100,100,0,0,0,-1,0,0,0,7.54,-209.20,0,4.9592,65
4/28 18:49:35.636  SPELL_CAST_SUCCESS,Player-4755-01A6B139,"Sakatan-Dreadmist",0x514,0x0,Creature-0-4457-249-1045-10184-000028665C,"Onyxia",0x10a48,0x0,11281,"Backstab",0x1,Player-4755-01A6B139,0000000000000000,100,100,0,0,0,-1,0,0,0,9.54,-199.57,0,5.0548,69
4/28 18:49:35.703  SPELL_CAST_SUCCESS,Player-4755-0178F576,"Atreas-Dreadmist",0x514,0x0,Creature-0-4457-249-1045-10184-000028665C,"Onyxia",0x10a48,0x0,20904,"Aimed Shot",0x1,Player-4755-0178F576,0000000000000000,100,100,0,0,0,-1,0,0,0,6.14,-178.76,0,4.8144,66
4/28 18:49:35.726  SPELL_CAST_SUCCESS,Player-4755-020BD78D,"Lonehunter-Dreadmist",0x514,0x0,Creature-0-4457-249-1045-10184-000028665C,"Onyxia",0x10a48,0x0,75,"Auto Shot",0x1,Player-4755-020BD78D,0000000000000000,100,100,0,0,0,-1,0,0,0,1.62,-179.46,0,4.9304,70
4/28 18:49:35.744  SWING_DAMAGE,Pet-0-4457-249-1045-9622-02002CD5BC,"Bokito",0x1114,0x0,Creature-0-4457-249-1045-10184-000028665C,"Onyxia",0x10a48,0x0,Pet-0-4457-249-1045-9622-02002CD5BC,Player-4755-020BD78D,100,100,0,0,0,-1,0,0,0,-4.27,-198.08,0,5.3385,70,119,238,-1,1,0,0,0,nil,1,nil
4/28 18:49:35.744  SPELL_CAST_START,Player-4755-020BD78D,"Lonehunter-Dreadmist",0x514,0x0,0000000000000000,nil,0x80000000,0x80000000,20904,"Aimed Shot",0x1
4/28 18:49:35.775  SPELL_PERIODIC_ENERGIZE,Creature-0-4457-249-1045-7416-0000286C87,"Mana Spring Totem IV",0x2114,0x0,Player-4755-016296D3,"Nivl-Dreadmist",0x514,0x0,10494,"Mana Spring",0x8,Player-4755-016296D3,0000000000000000,100,100,0,0,0,-1,0,0,0,12.99,-204.08,0,4.6027,69,10.0000,0.0000,0,5845
4/28 18:49:35.775  SPELL_PERIODIC_ENERGIZE,Creature-0-4457-249-1045-7416-0000286C87,"Mana Spring Totem IV",0x2114,0x0,Player-4755-0178F576,"Atreas-Dreadmist",0x514,0x0,10494,"Mana Spring",0x8,Player-4755-0178F576,0000000000000000,100,100,0,0,0,-1,0,0,0,6.14,-178.76,0,4.8144,66,10.0000,0.0000,0,3765
4/28 18:49:35.792  SWING_DAMAGE,Pet-0-4457-249-1045-2850-01001956F9,"Kratos",0x1114,0x0,Creature-0-4457-249-1045-10184-000028665C,"Onyxia",0x10a48,0x0,Pet-0-4457-249-1045-2850-01001956F9,Player-4755-0178F576,100,100,0,0,0,-1,0,0,0,9.46,-193.00,0,4.7404,66,111,128,-1,1,0,0,0,nil,nil,nil
4/28 18:49:35.852  SWING_DAMAGE_LANDED,Player-4755-0160BD13,"Mafkees-Dreadmist",0x514,0x0,Creature-0-4457-249-1045-10184-000028665C,"Onyxia",0x10a48,0x0,Creature-0-4457-249-1045-10184-000028665C,0000000000000000,71,100,0,0,0,-1,0,0,0,10.16,-218.04,0,0.0023,63,718,827,-1,1,0,0,0,nil,nil,nil
4/28 18:49:35.852  SPELL_HEAL,Player-4755-01617EEE,"Fenix-Dreadmist",0x512,0x0,Player-4755-01733879,"Hocwar-Dreadmist",0x40514,0x0,10916,"Flash Heal",0x2,Player-4755-01733879,0000000000000000,100,100,0,0,0,-1,0,0,0,22.22,-218.01,0,3.1397,71,1687,1687,558,0,1
4/28 18:49:35.852  SPELL_DAMAGE,Player-4755-01637B0A,"Pindle-Dreadmist",0x514,0x0,Creature-0-4457-249-1045-10184-000028665C,"Onyxia",0x10a48,0x0,11281,"Backstab",0x1,Creature-0-4457-249-1045-10184-000028665C,0000000000000000,71,100,0,0,0,-1,0,0,0,10.16,-218.04,0,0.0023,63,1354,681,-1,1,0,0,0,1,nil,nil
4/28 18:49:35.852  SPELL_DAMAGE,Player-4755-01A6B139,"Sakatan-Dreadmist",0x514,0x0,Creature-0-4457-249-1045-10184-000028665C,"Onyxia",0x10a48,0x0,11281,"Backstab",0x1,Creature-0-4457-249-1045-10184-000028665C,0000000000000000,71,100,0,0,0,-1,0,0,0,10.16,-218.04,0,0.0023,63,516,594,-1,1,0,0,0,nil,nil,nil
4/28 18:49:35.852  SWING_DAMAGE_LANDED,Pet-0-4457-249-1045-9622-02002CD5BC,"Bokito",0x1114,0x0,Creature-0-4457-249-1045-10184-000028665C,"Onyxia",0x10a48,0x0,Creature-0-4457-249-1045-10184-000028665C,0000000000000000,71,100,0,0,0,-1,0,0,0,10.16,-218.04,0,0.0023,63,119,238,-1,1,0,0,0,nil,1,nil
4/28 18:49:35.852  SWING_DAMAGE_LANDED,Pet-0-4457-249-1045-2850-01001956F9,"Kratos",0x1114,0x0,Creature-0-4457-249-1045-10184-000028665C,"Onyxia",0x10a48,0x0,Creature-0-4457-249-1045-10184-000028665C,0000000000000000,71,100,0,0,0,-1,0,0,0,10.16,-218.04,0,0.0023,63,111,128,-1,1,0,0,0,nil,nil,nil
4/28 18:49:35.852  SPELL_DAMAGE,Player-4755-016296D3,"Nivl-Dreadmist",0x514,0x0,Creature-0-4457-249-1045-10184-000028665C,"Onyxia",0x10a48,0x0,15208,"Lightning Bolt",0x8,Creature-0-4457-249-1045-10184-000028665C,0000000000000000,71,100,0,0,0,-1,0,0,0,10.16,-218.04,0,0.0023,63,558,558,-1,8,0,0,0,nil,nil,nil
4/28 18:49:35.852  SPELL_DAMAGE,Player-4755-015FEBD5,"Sauvage-Dreadmist",0x514,0x0,Creature-0-4457-249-1045-10184-000028665C,"Onyxia",0x10a48,0x0,10181,"Frostbolt",0x10,Creature-0-4457-249-1045-10184-000028665C,0000000000000000,71,100,0,0,0,-1,0,0,0,10.16,-218.04,0,0.0023,63,905,822,-1,16,0,0,0,nil,nil,nil
4/28 18:49:35.889  SPELL_DAMAGE,Player-4755-01FA8D0D,"Roackeru-Dreadmist",0x514,0x0,Creature-0-4457-249-1045-10184-000028665C,"Onyxia",0x10a48,0x0,11661,"Shadow Bolt",0x20,Creature-0-4457-249-1045-10184-000028665C,0000000000000000,71,100,0,0,0,-1,0,0,0,10.16,-218.04,0,0.0023,63,973,884,-1,32,0,0,0,nil,nil,nil
4/28 18:49:35.889  SWING_DAMAGE,Player-4755-01A6B139,"Sakatan-Dreadmist",0x514,0x0,Creature-0-4457-249-1045-10184-000028665C,"Onyxia",0x10a48,0x0,Player-4755-01A6B139,0000000000000000,100,100,0,0,0,-1,0,0,0,9.54,-199.57,0,5.0548,69,188,219,-1,1,0,0,0,nil,1,nil
4/28 18:49:35.903  RANGE_DAMAGE,Player-4755-01E83279,"Nlmasters-Dreadmist",0x514,0x8,Creature-0-4457-249-1045-10184-000028665C,"Onyxia",0x10a48,0x0,75,"Auto Shot",0x1,Creature-0-4457-249-1045-10184-000028665C,0000000000000000,71,100,0,0,0,-1,0,0,0,10.16,-218.04,0,0.0023,63,371,427,-1,1,0,0,0,nil,nil,nil
4/28 18:49:35.924  SPELL_CAST_START,Player-4755-01F36B30,"Rectumqeef-Dreadmist",0x514,0x0,0000000000000000,nil,0x80000000,0x80000000,5019,"Shoot",0x1
4/28 18:49:35.940  SPELL_CAST_START,Player-4755-01B60A5F,"Zurok-Dreadmist",0x514,0x0,0000000000000000,nil,0x80000000,0x80000000,20904,"Aimed Shot",0x1
4/28 18:49:36.003  SWING_MISSED,Player-4755-01637B0A,"Pindle-Dreadmist",0x514,0x0,Creature-0-4457-249-1045-10184-000028665C,"Onyxia",0x10a48,0x0,MISS,nil
4/28 18:49:36.041  SPELL_CAST_START,Player-4755-01802FE5,"Angrybat-Dreadmist",0x514,0x0,0000000000000000,nil,0x80000000,0x80000000,5019,"Shoot",0x1
4/28 18:49:36.070  SPELL_AURA_REMOVED,Player-4755-01FA8DD8,"Roackerita-Dreadmist",0x514,0x0,Player-4755-01733879,"Hocwar-Dreadmist",0x40514,0x0,6078,"Renew",0x2,BUFF
4/28 18:49:36.099  SPELL_CAST_START,Player-4755-0178F576,"Atreas-Dreadmist",0x514,0x0,0000000000000000,nil,0x80000000,0x80000000,75,"Auto Shot",0x1
4/28 18:49:36.115  SPELL_CAST_START,Player-4755-0163DD9D,"Kaspais-Dreadmist",0x514,0x0,0000000000000000,nil,0x80000000,0x80000000,5019,"Shoot",0x1
4/28 18:49:36.200  SPELL_DAMAGE,Player-4755-01614AC7,"Mirrimazduur-Dreadmist",0x512,0x0,Creature-0-4457-249-1045-10184-000028665C,"Onyxia",0x10a48,0x0,11661,"Shadow Bolt",0x20,Creature-0-4457-249-1045-10184-000028665C,0000000000000000,71,100,0,0,0,-1,0,0,0,10.16,-218.04,0,0.0023,63,963,874,-1,32,0,0,0,nil,nil,nil
4/28 18:49:36.230  SPELL_PERIODIC_ENERGIZE,Player-4755-01733879,"Hocwar-Dreadmist",0x40514,0x0,Player-4755-01733879,"Hocwar-Dreadmist",0x40514,0x0,29131,"Bloodrage",0x1,Player-4755-01733879,0000000000000000,100,100,0,0,0,-1,0,0,0,22.22,-218.01,0,3.1397,71,1.0000,0.0000,1,1000
4/28 18:49:36.230  SWING_DAMAGE,Player-4755-0220BD00,"Krikoff-Dreadmist",0x40514,0x0,Creature-0-4457-249-1045-10184-000028665C,"Onyxia",0x10a48,0x0,Player-4755-0220BD00,0000000000000000,100,100,0,0,0,-1,0,0,0,10.75,-210.91,0,4.7242,68,154,198,-1,1,0,0,0,nil,1,nil
4/28 18:49:36.230  SPELL_CAST_SUCCESS,Pet-0-4457-249-1045-7456-03003178E8,"Owl",0x1114,0x0,Creature-0-4457-249-1045-10184-000028665C,"Onyxia",0x10a48,0x0,24579,"Screech",0x1,Pet-0-4457-249-1045-7456-03003178E8,Player-4755-01B60A5F,100,100,0,0,0,-1,0,0,0,14.31,-193.80,0,4.5427,62
4/28 18:49:36.249  SPELL_ENERGIZE,Player-4755-01733879,"Hocwar-Dreadmist",0x40514,0x0,Player-4755-01733879,"Hocwar-Dreadmist",0x40514,0x0,12964,"Unbridled Wrath",0x1,Player-4755-01733879,0000000000000000,100,100,0,0,0,-1,0,0,0,22.22,-218.01,0,3.1397,71,1.0000,0.0000,1,1000
4/28 18:49:36.249  SPELL_AURA_REMOVED_DOSE,Player-4755-0160BD13,"Mafkees-Dreadmist",0x514,0x0,Player-4755-0160BD13,"Mafkees-Dreadmist",0x514,0x0,12970,"Flurry",0x1,BUFF,2
4/28 18:49:36.249  SPELL_HEAL,Player-4755-0160BD13,"Mafkees-Dreadmist",0x514,0x0,Player-4755-0160BD13,"Mafkees-Dreadmist",0x514,0x0,23891,"Bloodthirst",0x1,Player-4755-0160BD13,0000000000000000,100,100,0,0,0,-1,0,0,0,5.06,-219.91,0,6.0381,64,10,10,10,0,nil
4/28 18:49:36.249  SPELL_AURA_REMOVED,Player-4755-0160BD13,"Mafkees-Dreadmist",0x514,0x0,Player-4755-0160BD13,"Mafkees-Dreadmist",0x514,0x0,23888,"Bloodthirst",0x1,BUFF
4/28 18:49:36.249  SPELL_EXTRA_ATTACKS,Player-4755-01A6B139,"Sakatan-Dreadmist",0x514,0x0,Player-4755-01A6B139,"Sakatan-Dreadmist",0x514,0x0,15601,"Hand of Justice",0x1,1
4/28 18:49:36.249  SWING_DAMAGE_LANDED,Player-4755-01A6B139,"Sakatan-Dreadmist",0x514,0x0,Creature-0-4457-249-1045-10184-000028665C,"Onyxia",0x10a48,0x0,Creature-0-4457-249-1045-10184-000028665C,0000000000000000,71,100,0,0,0,-1,0,0,0,10.16,-218.04,0,0.0023,63,188,219,-1,1,0,0,0,nil,1,nil
4/28 18:49:36.249  SWING_DAMAGE_LANDED,Player-4755-0220BD00,"Krikoff-Dreadmist",0x40514,0x0,Creature-0-4457-249-1045-10184-000028665C,"Onyxia",0x10a48,0x0,Creature-0-4457-249-1045-10184-000028665C,0000000000000000,71,100,0,0,0,-1,0,0,0,10.16,-218.04,0,0.0023,63,154,198,-1,1,0,0,0,nil,1,nil
4/28 18:49:36.249  SPELL_DAMAGE,Pet-0-4457-249-1045-7456-03003178E8,"Owl",0x1114,0x0,Creature-0-4457-249-1045-10184-000028665C,"Onyxia",0x10a48,0x0,24579,"Screech",0x1,Creature-0-4457-249-1045-10184-000028665C,0000000000000000,71,100,0,0,0,-1,0,0,0,10.16,-218.04,0,0.0023,63,44,50,-1,1,0,0,0,nil,nil,nil
4/28 18:49:36.249  SPELL_AURA_APPLIED,Pet-0-4457-249-1045-7456-03003178E8,"Owl",0x1114,0x0,Creature-0-4457-249-1045-10184-000028665C,"Onyxia",0x10a48,0x0,24579,"Screech",0x1,DEBUFF
4/28 18:49:36.249  SWING_DAMAGE,Player-4755-01A6B139,"Sakatan-Dreadmist",0x514,0x0,Creature-0-4457-249-1045-10184-000028665C,"Onyxia",0x10a48,0x0,Player-4755-01A6B139,0000000000000000,100,100,0,0,0,-1,0,0,0,9.54,-199.57,0,5.0548,69,175,204,-1,1,0,0,0,nil,1,nil
4/28 18:49:36.283  SWING_DAMAGE,Player-4755-01637B0A,"Pindle-Dreadmist",0x514,0x0,Creature-0-4457-249-1045-10184-000028665C,"Onyxia",0x10a48,0x0,Player-4755-01637B0A,0000000000000000,100,100,0,0,0,-1,0,0,0,7.21,-209.26,0,4.9553,65,228,128,-1,1,0,0,0,1,nil,nil
4/28 18:49:36.324  SPELL_CAST_START,Player-4755-01BC57A3,"Saintis-Dreadmist",0x511,0x0,0000000000000000,nil,0x80000000,0x80000000,2061,"Flash Heal",0x2
4/28 18:49:36.385  SWING_DAMAGE,Player-4755-01AC9FD9,"Alexinho-Dreadmist",0x514,0x0,Creature-0-4457-249-1045-10184-000028665C,"Onyxia",0x10a48,0x0,Player-4755-01AC9FD9,0000000000000000,100,100,0,0,0,-1,0,0,0,14.04,-202.29,0,4.4934,66,122,160,-1,1,0,0,0,nil,1,nil
4/28 18:49:36.400  SWING_DAMAGE,Player-4755-01F21AE6,"Blahu-Dreadmist",0x40514,0x0,Creature-0-4457-249-1045-10184-000028665C,"Onyxia",0x10a48,0x0,Player-4755-01F21AE6,0000000000000000,100,100,0,0,0,-1,0,0,0,13.36,-210.14,0,4.6774,70,281,162,-1,1,0,0,0,1,nil,nil
4/28 18:49:36.415  SPELL_CAST_SUCCESS,Player-4755-01F36B30,"Rectumqeef-Dreadmist",0x514,0x0,Creature-0-4457-249-1045-10184-000028665C,"Onyxia",0x10a48,0x0,5019,"Shoot",0x1,Player-4755-01F36B30,0000000000000000,100,100,0,0,0,-1,0,0,0,1.78,-187.28,0,4.6930,66
4/28 18:49:36.431  SPELL_CAST_SUCCESS,Player-4755-0160BD13,"Mafkees-Dreadmist",0x514,0x0,Creature-0-4457-249-1045-10184-000028665C,"Onyxia",0x10a48,0x0,23894,"Bloodthirst",0x1,Player-4755-0160BD13,0000000000000000,100,100,0,0,0,-1,0,0,0,4.37,-221.10,0,6.1677,64
4/28 18:49:36.431  SPELL_AURA_APPLIED,Player-4755-0160BD13,"Mafkees-Dreadmist",0x514,0x0,Player-4755-0160BD13,"Mafkees-Dreadmist",0x514,0x0,20007,"Holy Strength",0x2,BUFF
4/28 18:49:36.431  SPELL_HEAL,Player-4755-0160BD13,"Mafkees-Dreadmist",0x514,0x0,Player-4755-0160BD13,"Mafkees-Dreadmist",0x514,0x0,20007,"Holy Strength",0x2,Player-4755-0160BD13,0000000000000000,100,100,0,0,0,-1,0,0,0,4.37,-221.10,0,6.1677,64,43,43,43,0,nil
4/28 18:49:36.497  RANGE_DAMAGE,Player-4755-01F36B30,"Rectumqeef-Dreadmist",0x514,0x0,Creature-0-4457-249-1045-10184-000028665C,"Onyxia",0x10a48,0x0,5019,"Shoot",0x1,Creature-0-4457-249-1045-10184-000028665C,0000000000000000,71,100,0,0,0,-1,0,0,0,10.16,-218.04,0,0.0023,63,72,64,-1,64,0,0,0,nil,nil,nil
4/28 18:49:36.515  SWING_DAMAGE,Player-4755-01A6B139,"Sakatan-Dreadmist",0x514,0x0,Creature-0-4457-249-1045-10184-000028665C,"Onyxia",0x10a48,0x0,Player-4755-01A6B139,0000000000000000,100,100,0,0,0,-1,0,0,0,9.54,-199.57,0,5.0548,69,123,145,-1,1,0,0,0,nil,1,nil
4/28 18:49:36.515  SPELL_CAST_START,Player-4755-01617EEE,"Fenix-Dreadmist",0x512,0x0,0000000000000000,nil,0x80000000,0x80000000,6064,"Heal",0x2
4/28 18:49:36.532  SWING_DAMAGE,Player-4755-01733879,"Hocwar-Dreadmist",0x40514,0x0,Creature-0-4457-249-1045-10184-000028665C,"Onyxia",0x10a48,0x0,Player-4755-01733879,0000000000000000,100,100,0,0,0,-1,0,0,0,22.22,-218.01,0,3.1397,71,56,118,-1,1,0,46,0,nil,nil,nil
4/28 18:49:36.532  SPELL_CAST_SUCCESS,Player-4755-0178F576,"Atreas-Dreadmist",0x514,0x0,Creature-0-4457-249-1045-10184-000028665C,"Onyxia",0x10a48,0x0,75,"Auto Shot",0x1,Player-4755-0178F576,0000000000000000,100,100,0,0,0,-1,0,0,0,6.14,-178.76,0,4.8144,66
4/28 18:49:36.548  RANGE_DAMAGE,Player-4755-01B60A5F,"Zurok-Dreadmist",0x514,0x0,Creature-0-4457-249-1045-10184-000028665C,"Onyxia",0x10a48,0x0,75,"Auto Shot",0x1,Creature-0-4457-249-1045-10184-000028665C,0000000000000000,70,100,0,0,0,-1,0,0,0,10.16,-218.04,0,0.0023,63,389,448,-1,1,0,0,0,nil,nil,nil
4/28 18:49:36.563  SPELL_CAST_START,Player-4755-021D6506,"Bloodlady-Dreadmist",0x514,0x0,0000000000000000,nil,0x80000000,0x80000000,5019,"Shoot",0x1
4/28 18:49:36.599  SPELL_PERIODIC_HEAL,Player-4755-01FA8DD8,"Roackerita-Dreadmist",0x514,0x0,Player-4755-01FA8D0D,"Roackeru-Dreadmist",0x514,0x0,6078,"Renew",0x2,Player-4755-01FA8D0D,0000000000000000,92,100,0,0,0,-1,0,0,0,14.13,-180.96,0,4.6652,65,236,236,0,0,nil
4/28 18:49:36.599  SPELL_CAST_SUCCESS,Player-4755-0210153A,"Hapuseneb-Dreadmist",0x514,0x0,Player-4755-01733879,"Hocwar-Dreadmist",0x40514,0x0,6064,"Heal",0x2,Player-4755-0210153A,0000000000000000,100,100,0,0,0,-1,0,0,0,5.85,-196.31,0,4.4807,66
4/28 18:49:36.652  SPELL_ENERGIZE,Player-4755-0160BD13,"Mafkees-Dreadmist",0x514,0x0,Player-4755-0160BD13,"Mafkees-Dreadmist",0x514,0x0,12964,"Unbridled Wrath",0x1,Player-4755-0160BD13,0000000000000000,100,100,0,0,0,-1,0,0,0,3.54,-222.53,0,0.1045,64,1.0000,0.0000,1,1000
4/28 18:49:36.652  SPELL_AURA_REMOVED,Player-4755-01804B95,"Moymoy-Dreadmist",0x514,0x0,Player-4755-01733879,"Hocwar-Dreadmist",0x40514,0x0,16237,"Ancestral Fortitude",0x2,BUFF
4/28 18:49:36.652  SPELL_AURA_APPLIED,Player-4755-01617EEE,"Fenix-Dreadmist",0x512,0x0,Player-4755-01733879,"Hocwar-Dreadmist",0x40514,0x0,15359,"Inspiration",0x2,BUFF
4/28 18:49:36.652  SWING_DAMAGE_LANDED,Player-4755-01A6B139,"Sakatan-Dreadmist",0x514,0x0,Creature-0-4457-249-1045-10184-000028665C,"Onyxia",0x10a48,0x0,Creature-0-4457-249-1045-10184-000028665C,0000000000000000,70,100,0,0,0,-1,0,0,0,10.16,-218.04,0,0.0023,63,175,204,-1,1,0,0,0,nil,1,nil
4/28 18:49:36.652  SWING_DAMAGE_LANDED,Player-4755-01637B0A,"Pindle-Dreadmist",0x514,0x0,Creature-0-4457-249-1045-10184-000028665C,"Onyxia",0x10a48,0x0,Creature-0-4457-249-1045-10184-000028665C,0000000000000000,70,100,0,0,0,-1,0,0,0,10.16,-218.04,0,0.0023,63,228,128,-1,1,0,0,0,1,nil,nil
4/28 18:49:36.652  SWING_DAMAGE_LANDED,Player-4755-01AC9FD9,"Alexinho-Dreadmist",0x514,0x0,Creature-0-4457-249-1045-10184-000028665C,"Onyxia",0x10a48,0x0,Creature-0-4457-249-1045-10184-000028665C,0000000000000000,70,100,0,0,0,-1,0,0,0,10.16,-218.04,0,0.0023,63,122,160,-1,1,0,0,0,nil,1,nil
4/28 18:49:36.652  SWING_DAMAGE_LANDED,Player-4755-01F21AE6,"Blahu-Dreadmist",0x40514,0x0,Creature-0-4457-249-1045-10184-000028665C,"Onyxia",0x10a48,0x0,Creature-0-4457-249-1045-10184-000028665C,0000000000000000,70,100,0,0,0,-1,0,0,0,10.16,-218.04,0,0.0023,63,281,162,-1,1,0,0,0,1,nil,nil
4/28 18:49:36.652  SPELL_DAMAGE,Player-4755-0160BD13,"Mafkees-Dreadmist",0x514,0x0,Creature-0-4457-249-1045-10184-000028665C,"Onyxia",0x10a48,0x0,23894,"Bloodthirst",0x1,Creature-0-4457-249-1045-10184-000028665C,0000000000000000,70,100,0,0,0,-1,0,0,0,10.16,-218.04,0,0.0023,63,619,713,-1,1,0,0,0,nil,nil,nil
4/28 18:49:36.652  SPELL_AURA_APPLIED,Player-4755-0160BD13,"Mafkees-Dreadmist",0x514,0x0,Player-4755-0160BD13,"Mafkees-Dreadmist",0x514,0x0,23888,"Bloodthirst",0x1,BUFF
4/28 18:49:36.652  SWING_DAMAGE_LANDED,Player-4755-01A6B139,"Sakatan-Dreadmist",0x514,0x0,Creature-0-4457-249-1045-10184-000028665C,"Onyxia",0x10a48,0x0,Creature-0-4457-249-1045-10184-000028665C,0000000000000000,70,100,0,0,0,-1,0,0,0,10.16,-218.04,0,0.0023,63,123,145,-1,1,0,0,0,nil,1,nil
4/28 18:49:36.652  SWING_DAMAGE_LANDED,Player-4755-01733879,"Hocwar-Dreadmist",0x40514,0x0,Creature-0-4457-249-1045-10184-000028665C,"Onyxia",0x10a48,0x0,Creature-0-4457-249-1045-10184-000028665C,0000000000000000,70,100,0,0,0,-1,0,0,0,10.16,-218.04,0,0.0023,63,56,118,-1,1,0,0,0,nil,nil,nil
4/28 18:49:36.652  SPELL_HEAL,Player-4755-0210153A,"Hapuseneb-Dreadmist",0x514,0x0,Player-4755-01733879,"Hocwar-Dreadmist",0x40514,0x0,6064,"Heal",0x2,Player-4755-01733879,0000000000000000,100,100,0,0,0,-1,0,0,0,22.22,-218.01,0,3.1397,71,1299,1299,1299,0,nil
4/28 18:49:36.672  SPELL_CAST_SUCCESS,Player-4755-01614AC7,"Mirrimazduur-Dreadmist",0x512,0x0,Creature-0-4457-249-1045-10184-000028665C,"Onyxia",0x10a48,0x0,11661,"Shadow Bolt",0x20,Player-4755-01614AC7,0000000000000000,100,100,0,0,0,-1,0,0,0,-1.52,-178.92,0,4.8760,68
4/28 18:49:36.702  SPELL_DAMAGE,Player-4755-0178F576,"Atreas-Dreadmist",0x514,0x0,Creature-0-4457-249-1045-10184-000028665C,"Onyxia",0x10a48,0x0,20904,"Aimed Shot",0x1,Creature-0-4457-249-1045-10184-000028665C,0000000000000000,70,100,0,0,0,-1,0,0,0,10.16,-218.04,0,0.0023,63,1010,1164,-1,1,0,0,0,nil,nil,nil
4/28 18:49:36.732  RANGE_DAMAGE,Player-4755-020BD78D,"Lonehunter-Dreadmist",0x514,0x0,Creature-0-4457-249-1045-10184-000028665C,"Onyxia",0x10a48,0x0,75,"Auto Shot",0x1,Creature-0-4457-249-1045-10184-000028665C,0000000000000000,70,100,0,0,0,-1,0,0,0,10.16,-218.04,0,0.0023,63,1105,541,-1,1,0,0,0,1,nil,nil
4/28 18:49:36.747  RANGE_DAMAGE,Player-4755-0163DD9D,"Kaspais-Dreadmist",0x514,0x0,Creature-0-4457-249-1045-10184-000028665C,"Onyxia",0x10a48,0x0,5019,"Shoot",0x1,Creature-0-4457-249-1045-10184-000028665C,0000000000000000,70,100,0,0,0,-1,0,0,0,10.16,-218.04,0,0.0023,63,166,151,-1,16,0,0,0,nil,nil,nil
4/28 18:49:36.782  SPELL_CAST_SUCCESS,Player-4755-01F21AE6,"Blahu-Dreadmist",0x40514,0x0,Creature-0-4457-249-1045-10184-000028665C,"Onyxia",0x10a48,0x0,11567,"Heroic Strike",0x1,Player-4755-01F21AE6,0000000000000000,100,100,0,0,0,-1,0,0,0,13.36,-210.14,0,4.6774,70
4/28 18:49:36.782  SPELL_AURA_REMOVED,Player-4755-01F21AE6,"Blahu-Dreadmist",0x40514,0x0,Player-4755-01F21AE6,"Blahu-Dreadmist",0x40514,0x0,12970,"Flurry",0x1,BUFF
4/28 18:49:36.782  SWING_DAMAGE,Player-4755-01AC9FD9,"Alexinho-Dreadmist",0x514,0x0,Creature-0-4457-249-1045-10184-000028665C,"Onyxia",0x10a48,0x0,Player-4755-01AC9FD9,0000000000000000,100,100,0,0,0,-1,0,0,0,14.04,-202.29,0,4.4934,66,257,337,-1,1,0,0,0,nil,1,nil
4/28 18:49:36.782  SPELL_CAST_SUCCESS,Player-4755-01733879,"Hocwar-Dreadmist",0x40514,0x0,Creature-0-4457-249-1045-10184-000028665C,"Onyxia",0x10a48,0x0,23881,"Bloodthirst",0x1,Player-4755-01733879,0000000000000000,100,100,0,0,0,-1,0,0,0,22.22,-218.01,0,3.1397,71
4/28 18:49:36.815  SWING_DAMAGE,Pet-0-4457-249-1045-2850-01001956F9,"Kratos",0x1114,0x0,Creature-0-4457-249-1045-10184-000028665C,"Onyxia",0x10a48,0x0,Pet-0-4457-249-1045-2850-01001956F9,Player-4755-0178F576,100,100,0,0,0,-1,0,0,0,9.46,-193.00,0,4.7404,66,112,128,-1,1,0,0,0,nil,nil,nil
4/28 18:49:36.815  SPELL_CAST_FAILED,Player-4755-01BC57A3,"Saintis-Dreadmist",0x511,0x0,0000000000000000,nil,0x80000000,0x80000000,2061,"Flash Heal",0x2,"Interrupted"
4/28 18:49:36.848  SWING_MISSED,Player-4755-016DF694,"Ashalan-Dreadmist",0x514,0x0,Creature-0-4457-249-1045-10184-000028665C,"Onyxia",0x10a48,0x0,PARRY,nil
4/28 18:49:36.864  SPELL_CAST_SUCCESS,Player-4755-0163DD9D,"Kaspais-Dreadmist",0x514,0x0,0000000000000000,nil,0x80000000,0x80000000,10057,"Replenish Mana",0x1,Player-4755-0163DD9D,0000000000000000,100,100,0,0,0,-1,0,0,0,-0.20,-188.26,0,4.8317,66
4/28 18:49:36.864  RANGE_DAMAGE,Player-4755-01802FE5,"Angrybat-Dreadmist",0x514,0x0,Creature-0-4457-249-1045-10184-000028665C,"Onyxia",0x10a48,0x0,5019,"Shoot",0x1,Creature-0-4457-249-1045-10184-000028665C,0000000000000000,70,100,0,0,0,-1,0,0,0,10.16,-218.04,0,0.0023,63,128,116,-1,16,0,0,0,nil,nil,nil
4/28 18:49:36.922  SPELL_CAST_SUCCESS,Player-4755-01ED7A64,"Sperzieboon-Dreadmist",0x514,0x0,Player-4755-01733879,"Hocwar-Dreadmist",0x40514,0x0,6063,"Heal",0x2,Player-4755-01ED7A64,0000000000000000,100,100,0,0,0,-1,0,0,0,13.03,-190.78,0,4.7271,67
4/28 18:49:36.949  SPELL_CAST_SUCCESS,Player-4755-0178F416,"Eltorero-Dreadmist",0x514,0x0,0000000000000000,nil,0x80000000,0x80000000,1680,"Whirlwind",0x1,Player-4755-0178F416,0000000000000000,100,100,0,0,0,-1,0,0,0,8.62,-205.89,0,4.8095,67
4/28 18:49:37.053  SPELL_CAST_SUCCESS,Creature-0-4457-249-1045-10184-000028665C,"Onyxia",0x10a48,0x0,Player-4755-01733879,"Hocwar-Dreadmist",0x40514,0x0,19983,"Cleave",0x1,Creature-0-4457-249-1045-10184-000028665C,0000000000000000,70,100,0,0,0,-1,0,0,0,10.16,-218.04,0,0.0023,63
4/28 18:49:37.054  SPELL_MISSED,Creature-0-4457-249-1045-10184-000028665C,"Onyxia",0x10a48,0x0,Player-4755-01733879,"Hocwar-Dreadmist",0x40514,0x0,19983,"Cleave",0x1,MISS,nil
4/28 18:49:37.054  SPELL_ENERGIZE,Player-4755-0220BD00,"Krikoff-Dreadmist",0x40514,0x0,Player-4755-0220BD00,"Krikoff-Dreadmist",0x40514,0x0,12964,"Unbridled Wrath",0x1,Player-4755-0220BD00,0000000000000000,100,100,0,0,0,-1,0,0,0,10.75,-210.91,0,4.7242,68,1.0000,0.0000,1,1000
4/28 18:49:37.054  SPELL_AURA_APPLIED,Player-4755-01F21AE6,"Blahu-Dreadmist",0x40514,0x0,Player-4755-01F21AE6,"Blahu-Dreadmist",0x40514,0x0,12970,"Flurry",0x1,BUFF
4/28 18:49:37.054  SPELL_AURA_REMOVED_DOSE,Player-4755-0160BD13,"Mafkees-Dreadmist",0x514,0x0,Player-4755-0160BD13,"Mafkees-Dreadmist",0x514,0x0,23888,"Bloodthirst",0x1,BUFF,4
4/28 18:49:37.054  SPELL_HEAL,Player-4755-0160BD13,"Mafkees-Dreadmist",0x514,0x0,Player-4755-0160BD13,"Mafkees-Dreadmist",0x514,0x0,23891,"Bloodthirst",0x1,Player-4755-0160BD13,0000000000000000,100,100,0,0,0,-1,0,0,0,3.46,-224.93,0,0.6582,64,10,10,10,0,nil
4/28 18:49:37.054  SPELL_DAMAGE,Player-4755-01F21AE6,"Blahu-Dreadmist",0x40514,0x0,Creature-0-4457-249-1045-10184-000028665C,"Onyxia",0x10a48,0x0,11567,"Heroic Strike",0x1,Creature-0-4457-249-1045-10184-000028665C,0000000000000000,70,100,0,0,0,-1,0,0,0,10.16,-218.04,0,0.0023,63,901,519,-1,1,0,0,0,1,nil,nil
4/28 18:49:37.054  SWING_DAMAGE_LANDED,Player-4755-01AC9FD9,"Alexinho-Dreadmist",0x514,0x0,Creature-0-4457-249-1045-10184-000028665C,"Onyxia",0x10a48,0x0,Creature-0-4457-249-1045-10184-000028665C,0000000000000000,70,100,0,0,0,-1,0,0,0,10.16,-218.04,0,0.0023,63,257,337,-1,1,0,0,0,nil,1,nil
4/28 18:49:37.054  SPELL_DAMAGE,Player-4755-01733879,"Hocwar-Dreadmist",0x40514,0x0,Creature-0-4457-249-1045-10184-000028665C,"Onyxia",0x10a48,0x0,23881,"Bloodthirst",0x1,Creature-0-4457-249-1045-10184-000028665C,0000000000000000,70,100,0,0,0,-1,0,0,0,10.16,-218.04,0,0.0023,63,385,443,-1,1,0,0,0,nil,nil,nil
4/28 18:49:37.054  SPELL_AURA_APPLIED,Player-4755-01733879,"Hocwar-Dreadmist",0x40514,0x0,Player-4755-01733879,"Hocwar-Dreadmist",0x40514,0x0,23885,"Bloodthirst",0x1,BUFF
4/28 18:49:37.054  SWING_DAMAGE_LANDED,Pet-0-4457-249-1045-2850-01001956F9,"Kratos",0x1114,0x0,Creature-0-4457-249-1045-10184-000028665C,"Onyxia",0x10a48,0x0,Creature-0-4457-249-1045-10184-000028665C,0000000000000000,70,100,0,0,0,-1,0,0,0,10.16,-218.04,0,0.0023,63,112,128,-1,1,0,0,0,nil,nil,nil
4/28 18:49:37.054  SPELL_ENERGIZE,Player-4755-0163DD9D,"Kaspais-Dreadmist",0x514,0x0,Player-4755-0163DD9D,"Kaspais-Dreadmist",0x514,0x0,10057,"Replenish Mana",0x1,Player-4755-0163DD9D,0000000000000000,100,100,0,0,0,-1,0,0,0,-0.20,-188.26,0,4.8317,66,834.0000,0.0000,0,6504
4/28 18:49:37.080  SPELL_HEAL,Player-4755-01ED7A64,"Sperzieboon-Dreadmist",0x514,0x0,Player-4755-01733879,"Hocwar-Dreadmist",0x40514,0x0,6063,"Heal",0x2,Player-4755-01733879,0000000000000000,100,100,0,0,0,-1,0,0,0,22.22,-218.01,0,3.1397,71,1745,1745,1745,0,1
4/28 18:49:37.080  SPELL_DAMAGE,Player-4755-0178F416,"Eltorero-Dreadmist",0x514,0x0,Creature-0-4457-249-1045-10184-000028665C,"Onyxia",0x10a48,0x0,1680,"Whirlwind",0x1,Creature-0-4457-249-1045-10184-000028665C,0000000000000000,70,100,0,0,0,-1,0,0,0,10.16,-218.04,0,0.0023,63,574,661,-1,1,0,0,0,nil,nil,nil
4/28 18:49:37.080  SPELL_CAST_START,Player-4755-01E83279,"Nlmasters-Dreadmist",0x514,0x8,0000000000000000,nil,0x80000000,0x80000000,75,"Auto Shot",0x1
4/28 18:49:37.080  SPELL_CAST_SUCCESS,Player-4755-021D6506,"Bloodlady-Dreadmist",0x514,0x0,Creature-0-4457-249-1045-10184-000028665C,"Onyxia",0x10a48,0x0,5019,"Shoot",0x1,Player-4755-021D6506,0000000000000000,100,100,0,0,0,-1,0,0,0,-7.44,-186.75,0,5.0973,69
4/28 18:49:37.096  SPELL_CAST_START,Player-4755-01802FE5,"Angrybat-Dreadmist",0x514,0x0,0000000000000000,nil,0x80000000,0x80000000,10181,"Frostbolt",0x10
4/28 18:49:37.096  SPELL_CAST_START,Player-4755-0210153A,"Hapuseneb-Dreadmist",0x514,0x0,0000000000000000,nil,0x80000000,0x80000000,6064,"Heal",0x2
4/28 18:49:37.127  SPELL_CAST_SUCCESS,Player-4755-016296D3,"Nivl-Dreadmist",0x514,0x0,Creature-0-4457-249-1045-10184-000028665C,"Onyxia",0x10a48,0x0,15208,"Lightning Bolt",0x8,Player-4755-016296D3,0000000000000000,100,100,0,0,0,-1,0,0,0,12.99,-204.08,0,4.6027,69
4/28 18:49:37.156  SPELL_CAST_SUCCESS,Player-4755-01733879,"Hocwar-Dreadmist",0x40514,0x0,Creature-0-4457-249-1045-10184-000028665C,"Onyxia",0x10a48,0x0,11567,"Heroic Strike",0x1,Player-4755-01733879,0000000000000000,100,100,0,0,0,-1,0,0,0,22.22,-218.01,0,3.1397,71
4/28 18:49:37.156  SPELL_PERIODIC_DAMAGE,Player-4755-0178F416,"Eltorero-Dreadmist",0x514,0x0,Creature-0-4457-249-1045-10184-000028665C,"Onyxia",0x10a48,0x0,12721,"Deep Wound",0x1,Creature-0-4457-249-1045-10184-000028665C,0000000000000000,70,100,0,0,0,-1,0,0,0,10.16,-218.04,0,0.0023,63,110,110,-1,1,0,0,0,nil,nil,nil
4/28 18:49:37.173  SWING_MISSED,Player-4755-01637B0A,"Pindle-Dreadmist",0x514,0x0,Creature-0-4457-249-1045-10184-000028665C,"Onyxia",0x10a48,0x0,MISS,nil
4/28 18:49:37.173  SWING_DAMAGE,Player-4755-01637B0A,"Pindle-Dreadmist",0x514,0x0,Creature-0-4457-249-1045-10184-000028665C,"Onyxia",0x10a48,0x0,Player-4755-01637B0A,0000000000000000,100,100,0,0,0,-1,0,0,0,7.53,-209.16,0,4.9789,65,111,133,-1,1,0,0,0,nil,1,nil
4/28 18:49:37.232  SPELL_PERIODIC_DAMAGE,Player-4755-0160BD13,"Mafkees-Dreadmist",0x514,0x0,Creature-0-4457-249-1045-10184-000028665C,"Onyxia",0x10a48,0x0,12721,"Deep Wound",0x1,Creature-0-4457-249-1045-10184-000028665C,0000000000000000,70,100,0,0,0,-1,0,0,0,10.16,-218.04,0,0.0023,63,149,148,-1,1,0,0,0,nil,nil,nil
4/28 18:49:37.232  SPELL_PERIODIC_ENERGIZE,Player-4755-01733879,"Hocwar-Dreadmist",0x40514,0x0,Player-4755-01733879,"Hocwar-Dreadmist",0x40514,0x0,29131,"Bloodrage",0x1,Player-4755-01733879,0000000000000000,100,100,0,0,0,-1,0,0,0,22.22,-218.01,0,3.1397,71,1.0000,0.0000,1,1000
4/28 18:49:37.232  SPELL_CAST_START,Player-4755-0163DD9D,"Kaspais-Dreadmist",0x514,0x0,0000000000000000,nil,0x80000000,0x80000000,5019,"Shoot",0x1
4/28 18:49:37.278  SWING_MISSED,Pet-0-4457-249-1045-7456-03003178E8,"Owl",0x1114,0x0,Creature-0-4457-249-1045-10184-000028665C,"Onyxia",0x10a48,0x0,PARRY,nil
4/28 18:49:37.307  SWING_DAMAGE,Player-4755-0178F416,"Eltorero-Dreadmist",0x514,0x0,Creature-0-4457-249-1045-10184-000028665C,"Onyxia",0x10a48,0x0,Player-4755-0178F416,0000000000000000,100,100,0,0,0,-1,0,0,0,8.62,-205.89,0,4.8095,67,590,680,-1,1,0,0,0,nil,nil,nil
4/28 18:49:37.334  SWING_MISSED,Player-4755-01840577,"Raggèn-Dreadmist",0x514,0x0,Creature-0-4457-249-1045-10184-000028665C,"Onyxia",0x10a48,0x0,PARRY,nil
4/28 18:49:37.362  RANGE_DAMAGE,Player-4755-021D6506,"Bloodlady-Dreadmist",0x514,0x0,Creature-0-4457-249-1045-10184-000028665C,"Onyxia",0x10a48,0x0,5019,"Shoot",0x1,Creature-0-4457-249-1045-10184-000028665C,0000000000000000,70,100,0,0,0,-1,0,0,0,10.16,-218.04,0,0.0023,63,75,68,-1,16,0,0,0,nil,nil,nil
4/28 18:49:37.375  SPELL_CAST_START,Player-4755-016296D3,"Nivl-Dreadmist",0x514,0x0,0000000000000000,nil,0x80000000,0x80000000,15208,"Lightning Bolt",0x8
4/28 18:49:37.418  SPELL_CAST_SUCCESS,Player-4755-01614AC7,"Mirrimazduur-Dreadmist",0x512,0x0,0000000000000000,nil,0x80000000,0x80000000,11689,"Life Tap",0x20,Player-4755-01614AC7,0000000000000000,83,100,0,0,0,-1,0,0,0,-1.52,-178.92,0,4.8760,68
4/28 18:49:37.432  SPELL_CAST_START,Player-4755-01F36B30,"Rectumqeef-Dreadmist",0x514,0x0,0000000000000000,nil,0x80000000,0x80000000,5019,"Shoot",0x1
4/28 18:49:37.432  SPELL_CAST_SUCCESS,Player-4755-02045EF4,"Necrosini-Dreadmist",0x512,0x0,Player-4755-01733879,"Hocwar-Dreadmist",0x40514,0x0,2054,"Heal",0x2,Player-4755-02045EF4,0000000000000000,100,100,0,0,0,-1,0,0,0,5.83,-191.53,0,2.9798,69
4/28 18:49:37.474  SPELL_ENERGIZE,Player-4755-01F21AE6,"Blahu-Dreadmist",0x40514,0x0,Player-4755-01F21AE6,"Blahu-Dreadmist",0x40514,0x0,12964,"Unbridled Wrath",0x1,Player-4755-01F21AE6,0000000000000000,100,100,0,0,0,-1,0,0,0,13.36,-210.14,0,4.6774,70,1.0000,0.0000,1,1000
4/28 18:49:37.474  SPELL_ENERGIZE,Player-4755-01733879,"Hocwar-Dreadmist",0x40514,0x0,Player-4755-01733879,"Hocwar-Dreadmist",0x40514,0x0,12964,"Unbridled Wrath",0x1,Player-4755-01733879,0000000000000000,100,100,0,0,0,-1,0,0,0,22.22,-218.01,0,3.1397,71,1.0000,0.0000,1,1000
4/28 18:49:37.474  SPELL_AURA_REFRESH,Player-4755-01F21AE6,"Blahu-Dreadmist",0x40514,0x0,Player-4755-01F21AE6,"Blahu-Dreadmist",0x40514,0x0,12970,"Flurry",0x1,BUFF
4/28 18:49:37.475  SPELL_AURA_REMOVED_DOSE,Player-4755-01733879,"Hocwar-Dreadmist",0x40514,0x0,Player-4755-01733879,"Hocwar-Dreadmist",0x40514,0x0,23885,"Bloodthirst",0x1,BUFF,4
4/28 18:49:37.475  SPELL_HEAL,Player-4755-01733879,"Hocwar-Dreadmist",0x40514,0x0,Player-4755-01733879,"Hocwar-Dreadmist",0x40514,0x0,23880,"Bloodthirst",0x1,Player-4755-01733879,0000000000000000,100,100,0,0,0,-1,0,0,0,22.22,-218.01,0,3.1397,71,10,10,10,0,nil
4/28 18:49:37.475  SPELL_AURA_REMOVED_DOSE,Player-4755-016DF694,"Ashalan-Dreadmist",0x514,0x0,Player-4755-016DF694,"Ashalan-Dreadmist",0x514,0x0,16280,"Flurry",0x1,BUFF,2
4/28 18:49:37.475  SPELL_AURA_REMOVED_DOSE,Player-4755-0178F416,"Eltorero-Dreadmist",0x514,0x0,Player-4755-0178F416,"Eltorero-Dreadmist",0x514,0x0,23888,"Bloodthirst",0x1,BUFF,2
4/28 18:49:37.475  SPELL_HEAL,Player-4755-0178F416,"Eltorero-Dreadmist",0x514,0x0,Player-4755-0178F416,"Eltorero-Dreadmist",0x514,0x0,23891,"Bloodthirst",0x1,Player-4755-0178F416,0000000000000000,100,100,0,0,0,-1,0,0,0,8.62,-205.89,0,4.8095,67,20,20,20,0,nil
4/28 18:49:37.475  SPELL_DAMAGE,Player-4755-01733879,"Hocwar-Dreadmist",0x40514,0x0,Creature-0-4457-249-1045-10184-000028665C,"Onyxia",0x10a48,0x0,11567,"Heroic Strike",0x1,Creature-0-4457-249-1045-10184-000028665C,0000000000000000,70,100,0,0,0,-1,0,0,0,10.16,-218.04,0,0.0023,63,289,333,-1,1,0,0,0,nil,nil,nil
4/28 18:49:37.475  SWING_DAMAGE_LANDED,Player-4755-01637B0A,"Pindle-Dreadmist",0x514,0x0,Creature-0-4457-249-1045-10184-000028665C,"Onyxia",0x10a48,0x0,Creature-0-4457-249-1045-10184-000028665C,0000000000000000,70,100,0,0,0,-1,0,0,0,10.16,-218.04,0,0.0023,63,111,133,-1,1,0,0,0,nil,1,nil
4/28 18:49:37.475  SWING_DAMAGE_LANDED,Player-4755-0178F416,"Eltorero-Dreadmist",0x514,0x0,Creature-0-4457-249-1045-10184-000028665C,"Onyxia",0x10a48,0x0,Creature-0-4457-249-1045-10184-000028665C,0000000000000000,70,100,0,0,0,-1,0,0,0,10.16,-218.04,0,0.0023,63,590,680,-1,1,0,0,0,nil,nil,nil
4/28 18:49:37.475  SPELL_ENERGIZE,Player-4755-01614AC7,"Mirrimazduur-Dreadmist",0x512,0x0,Player-4755-01614AC7,"Mirrimazduur-Dreadmist",0x512,0x0,31818,"Life Tap",0x20,Player-4755-01614AC7,0000000000000000,84,100,0,0,0,-1,0,0,0,-1.52,-178.92,0,4.8760,68,855.0000,0.0000,0,5098
4/28 18:49:37.475  SPELL_HEAL,Player-4755-02045EF4,"Necrosini-Dreadmist",0x512,0x0,Player-4755-01733879,"Hocwar-Dreadmist",0x40514,0x0,2054,"Heal",0x2,Player-4755-01733879,0000000000000000,100,100,0,0,0,-1,0,0,0,22.22,-218.01,0,3.1397,71,1021,1021,1021,0,1
4/28 18:49:37.497  SWING_DAMAGE,Creature-0-4457-249-1045-10184-000028665C,"Onyxia",0x10a48,0x0,Player-4755-01733879,"Hocwar-Dreadmist",0x40514,0x0,Creature-0-4457-249-1045-10184-000028665C,0000000000000000,70,100,0,0,0,-1,0,0,0,10.16,-218.04,0,0.0023,63,996,1566,-1,1,0,0,0,nil,nil,1
4/28 18:49:37.497  SPELL_CAST_SUCCESS,Player-4755-01E83279,"Nlmasters-Dreadmist",0x514,0x8,Creature-0-4457-249-1045-10184-000028665C,"Onyxia",0x10a48,0x0,75,"Auto Shot",0x1,Player-4755-01E83279,0000000000000000,100,100,0,0,0,-1,0,0,0,-11.11,-186.01,0,4.6002,70
4/28 18:49:37.512  RANGE_DAMAGE,Player-4755-0178F576,"Atreas-Dreadmist",0x514,0x0,Creature-0-4457-249-1045-10184-000028665C,"Onyxia",0x10a48,0x0,75,"Auto Shot",0x1,Creature-0-4457-249-1045-10184-000028665C,0000000000000000,70,100,0,0,0,-1,0,0,0,10.16,-218.04,0,0.0023,63,431,496,-1,1,0,0,0,nil,nil,nil
4/28 18:49:37.589  SPELL_PERIODIC_ENERGIZE,Creature-0-4457-249-1045-7416-0000286C79,"Mana Spring Totem IV",0x2114,0x0,Player-4755-0210153A,"Hapuseneb-Dreadmist",0x514,0x0,10494,"Mana Spring",0x8,Player-4755-0210153A,0000000000000000,100,100,0,0,0,-1,0,0,0,5.85,-196.31,0,4.4807,66,13.0000,0.0000,0,6736
4/28 18:49:37.589  SPELL_PERIODIC_ENERGIZE,Creature-0-4457-249-1045-7416-0000286C79,"Mana Spring Totem IV",0x2114,0x0,Player-4755-015FEBD5,"Sauvage-Dreadmist",0x514,0x0,10494,"Mana Spring",0x8,Player-4755-015FEBD5,0000000000000000,100,100,0,0,0,-1,0,0,0,-2.42,-186.07,0,4.9229,64,13.0000,0.0000,0,6158
4/28 18:49:37.589  SPELL_PERIODIC_ENERGIZE,Creature-0-4457-249-1045-7416-0000286C79,"Mana Spring Totem IV",0x2114,0x0,Player-4755-01804B95,"Moymoy-Dreadmist",0x514,0x0,10494,"Mana Spring",0x8,Player-4755-01804B95,0000000000000000,100,100,0,0,0,-1,0,0,0,13.22,-186.11,0,4.8801,66,13.0000,0.0000,0,5366
4/28 18:49:37.589  SPELL_PERIODIC_ENERGIZE,Creature-0-4457-249-1045-7416-0000286C79,"Mana Spring Totem IV",0x2114,0x0,Player-4755-01ED7A64,"Sperzieboon-Dreadmist",0x514,0x0,10494,"Mana Spring",0x8,Player-4755-01ED7A64,0000000000000000,100,100,0,0,0,-1,0,0,0,13.04,-191.67,0,3.7916,67,12.0000,0.0000,0,7261
4/28 18:49:37.589  SPELL_PERIODIC_ENERGIZE,Creature-0-4457-249-1045-7416-0000286C79,"Mana Spring Totem IV",0x2114,0x0,Player-4755-01FA8DD8,"Roackerita-Dreadmist",0x514,0x0,10494,"Mana Spring",0x8,Player-4755-01FA8DD8,0000000000000000,100,100,0,0,0,-1,0,0,0,8.47,-177.56,0,5.0973,69,13.0000,0.0000,0,6736
4/28 18:49:37.619  SWING_DAMAGE,Player-4755-0220BD00,"Krikoff-Dreadmist",0x40514,0x0,Creature-0-4457-249-1045-10184-000028665C,"Onyxia",0x10a48,0x0,Player-4755-0220BD00,0000000000000000,100,100,0,0,0,-1,0,0,0,10.75,-210.91,0,4.7242,68,583,336,-1,1,0,0,0,1,nil,nil
4/28 18:49:37.686  SWING_DAMAGE,Player-4755-01A6B139,"Sakatan-Dreadmist",0x514,0x0,Creature-0-4457-249-1045-10184-000028665C,"Onyxia",0x10a48,0x0,Player-4755-01A6B139,0000000000000000,100,100,0,0,0,-1,0,0,0,9.54,-199.57,0,5.0548,69,336,189,-1,1,0,0,0,1,nil,nil
4/28 18:49:37.734  SPELL_CAST_SUCCESS,Player-4755-0163DD9D,"Kaspais-Dreadmist",0x514,0x0,Creature-0-4457-249-1045-10184-000028665C,"Onyxia",0x10a48,0x0,5019,"Shoot",0x1,Player-4755-0163DD9D,0000000000000000,100,100,0,0,0,-1,0,0,0,-0.20,-188.26,0,4.8317,66
4/28 18:49:37.770  SWING_DAMAGE,Pet-0-4457-249-1045-9622-02002CD5BC,"Bokito",0x1114,0x0,Creature-0-4457-249-1045-10184-000028665C,"Onyxia",0x10a48,0x0,Pet-0-4457-249-1045-9622-02002CD5BC,Player-4755-020BD78D,100,100,0,0,0,-1,0,0,0,-4.27,-198.08,0,5.3385,70,135,252,-1,1,0,0,0,nil,1,nil
4/28 18:49:37.770  SPELL_PERIODIC_ENERGIZE,Creature-0-4457-249-1045-7416-0000286C87,"Mana Spring Totem IV",0x2114,0x0,Player-4755-016296D3,"Nivl-Dreadmist",0x514,0x0,10494,"Mana Spring",0x8,Player-4755-016296D3,0000000000000000,100,100,0,0,0,-1,0,0,0,12.99,-204.08,0,4.6027,69,10.0000,0.0000,0,5845
4/28 18:49:37.770  SPELL_PERIODIC_ENERGIZE,Creature-0-4457-249-1045-7416-0000286C87,"Mana Spring Totem IV",0x2114,0x0,Player-4755-0178F576,"Atreas-Dreadmist",0x514,0x0,10494,"Mana Spring",0x8,Player-4755-0178F576,0000000000000000,100,100,0,0,0,-1,0,0,0,6.14,-178.76,0,4.8144,66,10.0000,0.0000,0,3765
4/28 18:49:37.770  SPELL_PERIODIC_ENERGIZE,Player-4755-01802FE5,"Angrybat-Dreadmist",0x514,0x0,Player-4755-01802FE5,"Angrybat-Dreadmist",0x514,0x0,18194,"Mana Regeneration",0x1,Player-4755-01802FE5,0000000000000000,100,100,0,0,0,-1,0,0,0,-4.64,-184.83,0,4.7233,66,8.0000,0.0000,0,6033
4/28 18:49:37.818  SWING_DAMAGE,Pet-0-4457-249-1045-2850-01001956F9,"Kratos",0x1114,0x0,Creature-0-4457-249-1045-10184-000028665C,"Onyxia",0x10a48,0x0,Pet-0-4457-249-1045-2850-01001956F9,Player-4755-0178F576,100,100,0,0,0,-1,0,0,0,9.46,-193.00,0,4.7404,66,109,125,-1,1,0,0,0,nil,nil,nil
4/28 18:49:37.851  SPELL_DAMAGE,Player-4755-016296D3,"Nivl-Dreadmist",0x514,0x0,Creature-0-4457-249-1045-10184-000028665C,"Onyxia",0x10a48,0x0,15208,"Lightning Bolt",0x8,Creature-0-4457-249-1045-10184-000028665C,0000000000000000,70,100,0,0,0,-1,0,0,0,10.16,-218.04,0,0.0023,63,847,564,-1,8,141,0,0,1,nil,nil
4/28 18:49:37.867  SPELL_CAST_SUCCESS,Player-4755-01804B95,"Moymoy-Dreadmist",0x514,0x0,Player-4755-01733879,"Hocwar-Dreadmist",0x40514,0x0,939,"Healing Wave",0x8,Player-4755-01804B95,0000000000000000,100,100,0,0,0,-1,0,0,0,13.22,-186.11,0,4.8801,66
4/28 18:49:37.867  SWING_DAMAGE,Player-4755-01F21AE6,"Blahu-Dreadmist",0x40514,0x0,Creature-0-4457-249-1045-10184-000028665C,"Onyxia",0x10a48,0x0,Player-4755-01F21AE6,0000000000000000,100,100,0,0,0,-1,0,0,0,13.36,-210.14,0,4.6774,70,117,159,-1,1,0,0,0,nil,1,nil
4/28 18:49:37.867  SPELL_AURA_REMOVED,Player-4755-01617EEE,"Fenix-Dreadmist",0x512,0x0,Player-4755-01733879,"Hocwar-Dreadmist",0x40514,0x0,15359,"Inspiration",0x2,BUFF
4/28 18:49:37.867  SPELL_AURA_APPLIED,Player-4755-01ED7A64,"Sperzieboon-Dreadmist",0x514,0x0,Player-4755-01733879,"Hocwar-Dreadmist",0x40514,0x0,15359,"Inspiration",0x2,BUFF
4/28 18:49:37.867  SPELL_AURA_REMOVED_DOSE,Player-4755-01733879,"Hocwar-Dreadmist",0x40514,0x0,Player-4755-01733879,"Hocwar-Dreadmist",0x40514,0x0,23885,"Bloodthirst",0x1,BUFF,3
4/28 18:49:37.867  SPELL_HEAL,Player-4755-01733879,"Hocwar-Dreadmist",0x40514,0x0,Player-4755-01733879,"Hocwar-Dreadmist",0x40514,0x0,23880,"Bloodthirst",0x1,Player-4755-01733879,0000000000000000,100,100,0,0,0,-1,0,0,0,22.22,-218.01,0,3.1397,71,10,10,10,0,nil
4/28 18:49:37.867  SPELL_AURA_REMOVED_DOSE,Player-4755-0178F416,"Eltorero-Dreadmist",0x514,0x0,Player-4755-0178F416,"Eltorero-Dreadmist",0x514,0x0,23888,"Bloodthirst",0x1,BUFF,1
4/28 18:49:37.867  SPELL_HEAL,Player-4755-0178F416,"Eltorero-Dreadmist",0x514,0x0,Player-4755-0178F416,"Eltorero-Dreadmist",0x514,0x0,23891,"Bloodthirst",0x1,Player-4755-0178F416,0000000000000000,100,100,0,0,0,-1,0,0,0,8.62,-205.89,0,4.8095,67,20,20,20,0,nil
4/28 18:49:37.867  SWING_DAMAGE_LANDED,Creature-0-4457-249-1045-10184-000028665C,"Onyxia",0x10a48,0x0,Player-4755-01733879,"Hocwar-Dreadmist",0x40514,0x0,Player-4755-01733879,0000000000000000,84,100,0,0,0,-1,0,0,0,22.22,-218.01,0,3.1397,71,996,1566,-1,1,0,0,0,nil,nil,1
4/28 18:49:37.867  SWING_DAMAGE_LANDED,Player-4755-0220BD00,"Krikoff-Dreadmist",0x40514,0x0,Creature-0-4457-249-1045-10184-000028665C,"Onyxia",0x10a48,0x0,Creature-0-4457-249-1045-10184-000028665C,0000000000000000,70,100,0,0,0,-1,0,0,0,10.16,-218.04,0,0.0023,63,583,336,-1,1,0,0,0,1,nil,nil
4/28 18:49:37.867  SWING_DAMAGE_LANDED,Player-4755-01A6B139,"Sakatan-Dreadmist",0x514,0x0,Creature-0-4457-249-1045-10184-000028665C,"Onyxia",0x10a48,0x0,Creature-0-4457-249-1045-10184-000028665C,0000000000000000,70,100,0,0,0,-1,0,0,0,10.16,-218.04,0,0.0023,63,336,189,-1,1,0,0,0,1,nil,nil
4/28 18:49:37.867  SWING_DAMAGE_LANDED,Pet-0-4457-249-1045-9622-02002CD5BC,"Bokito",0x1114,0x0,Creature-0-4457-249-1045-10184-000028665C,"Onyxia",0x10a48,0x0,Creature-0-4457-249-1045-10184-000028665C,0000000000000000,70,100,0,0,0,-1,0,0,0,10.16,-218.04,0,0.0023,63,135,252,-1,1,0,0,0,nil,1,nil
4/28 18:49:37.867  SWING_DAMAGE_LANDED,Pet-0-4457-249-1045-2850-01001956F9,"Kratos",0x1114,0x0,Creature-0-4457-249-1045-10184-000028665C,"Onyxia",0x10a48,0x0,Creature-0-4457-249-1045-10184-000028665C,0000000000000000,70,100,0,0,0,-1,0,0,0,10.16,-218.04,0,0.0023,63,109,125,-1,1,0,0,0,nil,nil,nil
4/28 18:49:37.867  SPELL_HEAL,Player-4755-01804B95,"Moymoy-Dreadmist",0x514,0x0,Player-4755-01733879,"Hocwar-Dreadmist",0x40514,0x0,939,"Healing Wave",0x8,Player-4755-01733879,0000000000000000,99,100,0,0,0,-1,0,0,0,22.22,-218.01,0,3.1397,71,930,930,0,0,nil
4/28 18:49:37.867  SWING_DAMAGE_LANDED,Player-4755-01F21AE6,"Blahu-Dreadmist",0x40514,0x0,Creature-0-4457-249-1045-10184-000028665C,"Onyxia",0x10a48,0x0,Creature-0-4457-249-1045-10184-000028665C,0000000000000000,70,100,0,0,0,-1,0,0,0,10.16,-218.04,0,0.0023,63,117,159,-1,1,0,0,0,nil,1,nil
4/28 18:49:37.867  SPELL_CAST_START,Player-4755-02045EF4,"Necrosini-Dreadmist",0x512,0x0,0000000000000000,nil,0x80000000,0x80000000,2054,"Heal",0x2
4/28 18:49:37.867  SPELL_AURA_APPLIED,Player-4755-01AC9FD9,"Alexinho-Dreadmist",0x514,0x0,Player-4755-01AC9FD9,"Alexinho-Dreadmist",0x514,0x0,6774,"Slice and Dice",0x1,BUFF
4/28 18:49:37.867  SPELL_CAST_SUCCESS,Player-4755-01AC9FD9,"Alexinho-Dreadmist",0x514,0x0,Creature-0-4457-249-1045-10184-000028665C,"Onyxia",0x10a48,0x0,6774,"Slice and Dice",0x1,Player-4755-01AC9FD9,0000000000000000,100,100,0,0,0,-1,0,0,0,14.04,-202.29,0,4.4934,66
4/28 18:49:37.892  SWING_DAMAGE,Player-4755-01A6B139,"Sakatan-Dreadmist",0x514,0x0,Creature-0-4457-249-1045-10184-000028665C,"Onyxia",0x10a48,0x0,Player-4755-01A6B139,0000000000000000,100,100,0,0,0,-1,0,0,0,9.54,-199.57,0,5.0548,69,106,132,-1,1,0,0,0,nil,1,nil
4/28 18:49:37.909  SPELL_PERIODIC_DAMAGE,Player-4755-01614AC7,"Mirrimazduur-Dreadmist",0x512,0x0,Creature-0-4457-249-1045-10184-000028665C,"Onyxia",0x10a48,0x0,11672,"Corruption",0x20,Creature-0-4457-249-1045-10184-000028665C,0000000000000000,70,100,0,0,0,-1,0,0,0,10.16,-218.04,0,0.0023,63,207,188,-1,32,0,0,0,nil,nil,nil
4/28 18:49:37.939  SPELL_CAST_SUCCESS,Player-4755-01F36B30,"Rectumqeef-Dreadmist",0x514,0x0,Creature-0-4457-249-1045-10184-000028665C,"Onyxia",0x10a48,0x0,5019,"Shoot",0x1,Player-4755-01F36B30,0000000000000000,100,100,0,0,0,-1,0,0,0,1.78,-187.28,0,4.6930,66
4/28 18:49:38.002  SPELL_CAST_START,Player-4755-01FA8DD8,"Roackerita-Dreadmist",0x514,0x0,0000000000000000,nil,0x80000000,0x80000000,2055,"Heal",0x2
4/28 18:49:38.002  SPELL_CAST_SUCCESS,Player-4755-016DF694,"Ashalan-Dreadmist",0x514,0x0,Creature-0-4457-249-1045-10184-000028665C,"Onyxia",0x10a48,0x0,10473,"Frost Shock",0x10,Player-4755-016DF694,0000000000000000,100,100,0,0,0,-1,0,0,0,10.97,-210.75,0,4.5498,67
4/28 18:49:38.019  RANGE_DAMAGE,Player-4755-01F36B30,"Rectumqeef-Dreadmist",0x514,0x0,Creature-0-4457-249-1045-10184-000028665C,"Onyxia",0x10a48,0x0,5019,"Shoot",0x1,Creature-0-4457-249-1045-10184-000028665C,0000000000000000,70,100,0,0,0,-1,0,0,0,10.16,-218.04,0,0.0023,63,93,84,-1,64,0,0,0,nil,nil,nil
4/28 18:49:38.019  SPELL_CAST_SUCCESS,Player-4755-01FA8D0D,"Roackeru-Dreadmist",0x514,0x0,Creature-0-4457-249-1045-10184-000028665C,"Onyxia",0x10a48,0x0,11661,"Shadow Bolt",0x20,Player-4755-01FA8D0D,0000000000000000,92,100,0,0,0,-1,0,0,0,14.13,-180.96,0,4.7241,65
4/28 18:49:38.019  SPELL_CAST_START,Player-4755-01FA8D0D,"Roackeru-Dreadmist",0x514,0x0,0000000000000000,nil,0x80000000,0x80000000,11661,"Shadow Bolt",0x20
4/28 18:49:38.053  SPELL_CAST_SUCCESS,Player-4755-0160BD13,"Mafkees-Dreadmist",0x514,0x0,Creature-0-4457-249-1045-10184-000028665C,"Onyxia",0x10a48,0x0,7373,"Hamstring",0x1,Player-4755-0160BD13,0000000000000000,100,100,0,0,0,-1,0,0,0,3.07,-226.57,0,0.9448,64
4/28 18:49:38.084  SWING_DAMAGE,Player-4755-01637B0A,"Pindle-Dreadmist",0x514,0x0,Creature-0-4457-249-1045-10184-000028665C,"Onyxia",0x10a48,0x0,Player-4755-01637B0A,0000000000000000,100,100,0,0,0,-1,0,0,0,7.34,-208.80,0,5.0044,65,97,122,-1,1,0,0,0,nil,1,nil
4/28 18:49:38.084  SPELL_CAST_START,Player-4755-0178F576,"Atreas-Dreadmist",0x514,0x0,0000000000000000,nil,0x80000000,0x80000000,14290,"Multi-Shot",0x1
4/28 18:49:38.100  SPELL_CAST_SUCCESS,Player-4755-020BD78D,"Lonehunter-Dreadmist",0x514,0x0,Creature-0-4457-249-1045-10184-000028665C,"Onyxia",0x10a48,0x0,20904,"Aimed Shot",0x1,Player-4755-020BD78D,0000000000000000,100,100,0,0,0,-1,0,0,0,1.62,-179.46,0,4.9304,70
4/28 18:49:38.100  SPELL_CAST_SUCCESS,Player-4755-015FEBD5,"Sauvage-Dreadmist",0x514,0x0,Creature-0-4457-249-1045-10184-000028665C,"Onyxia",0x10a48,0x0,10181,"Frostbolt",0x10,Player-4755-015FEBD5,0000000000000000,100,100,0,0,0,-1,0,0,0,-2.42,-186.07,0,4.9229,64
4/28 18:49:38.118  SPELL_AURA_APPLIED,Player-4755-0160BD13,"Mafkees-Dreadmist",0x514,0x0,Player-4755-0160BD13,"Mafkees-Dreadmist",0x514,0x0,10610,"Windfury Totem",0x8,BUFF
4/28 18:49:38.118  SPELL_EXTRA_ATTACKS,Player-4755-0160BD13,"Mafkees-Dreadmist",0x514,0x0,Player-4755-0160BD13,"Mafkees-Dreadmist",0x514,0x0,10610,"Windfury Totem",0x8,1
4/28 18:49:38.118  SWING_DAMAGE,Player-4755-0160BD13,"Mafkees-Dreadmist",0x514,0x0,Creature-0-4457-249-1045-10184-000028665C,"Onyxia",0x10a48,0x0,Player-4755-0160BD13,0000000000000000,100,100,0,0,0,-1,0,0,0,3.07,-226.57,0,0.9252,64,1364,786,-1,1,0,0,0,1,nil,nil
4/28 18:49:38.118  SWING_DAMAGE,Player-4755-0160BD13,"Mafkees-Dreadmist",0x514,0x0,Creature-0-4457-249-1045-10184-000028665C,"Onyxia",0x10a48,0x0,Player-4755-0160BD13,0000000000000000,100,100,0,0,0,-1,0,0,0,3.07,-226.57,0,0.9252,64,1386,798,-1,1,0,0,0,1,nil,nil
4/28 18:49:38.137  SWING_MISSED,Player-4755-01AC9FD9,"Alexinho-Dreadmist",0x514,0x0,Creature-0-4457-249-1045-10184-000028665C,"Onyxia",0x10a48,0x0,DODGE,1
4/28 18:49:38.137  SWING_MISSED,Player-4755-01733879,"Hocwar-Dreadmist",0x40514,0x0,Creature-0-4457-249-1045-10184-000028665C,"Onyxia",0x10a48,0x0,PARRY,1
4/28 18:49:38.226  SPELL_PERIODIC_ENERGIZE,Player-4755-01733879,"Hocwar-Dreadmist",0x40514,0x0,Player-4755-01733879,"Hocwar-Dreadmist",0x40514,0x0,29131,"Bloodrage",0x1,Player-4755-01733879,0000000000000000,99,100,0,0,0,-1,0,0,0,22.22,-218.01,0,3.1397,71,1.0000,0.0000,1,1000
4/28 18:49:38.293  SPELL_ENERGIZE,Player-4755-01733879,"Hocwar-Dreadmist",0x40514,0x0,Player-4755-01733879,"Hocwar-Dreadmist",0x40514,0x0,12964,"Unbridled Wrath",0x1,Player-4755-01733879,0000000000000000,99,100,0,0,0,-1,0,0,0,22.22,-218.01,0,3.1397,71,1.0000,0.0000,1,1000
4/28 18:49:38.293  SPELL_AURA_APPLIED,Player-4755-0220BD00,"Krikoff-Dreadmist",0x40514,0x0,Player-4755-0220BD00,"Krikoff-Dreadmist",0x40514,0x0,12970,"Flurry",0x1,BUFF
4/28 18:49:38.293  SPELL_AURA_REMOVED_DOSE,Player-4755-01F21AE6,"Blahu-Dreadmist",0x40514,0x0,Player-4755-01F21AE6,"Blahu-Dreadmist",0x40514,0x0,12970,"Flurry",0x1,BUFF,2
4/28 18:49:38.293  SPELL_ENERGIZE,Player-4755-01AC9FD9,"Alexinho-Dreadmist",0x514,0x0,Player-4755-01AC9FD9,"Alexinho-Dreadmist",0x514,0x0,14181,"Relentless Strikes Effect",0x1,Player-4755-01AC9FD9,0000000000000000,100,100,0,0,0,-1,0,0,0,14.04,-202.29,0,4.4934,66,25.0000,0.0000,3,100
4/28 18:49:38.293  SWING_DAMAGE_LANDED,Player-4755-01A6B139,"Sakatan-Dreadmist",0x514,0x0,Creature-0-4457-249-1045-10184-000028665C,"Onyxia",0x10a48,0x0,Creature-0-4457-249-1045-10184-000028665C,0000000000000000,70,100,0,0,0,-1,0,0,0,10.16,-218.04,0,0.0023,63,106,132,-1,1,0,0,0,nil,1,nil
4/28 18:49:38.293  SPELL_DAMAGE,Player-4755-016DF694,"Ashalan-Dreadmist",0x514,0x0,Creature-0-4457-249-1045-10184-000028665C,"Onyxia",0x10a48,0x0,10473,"Frost Shock",0x10,Creature-0-4457-249-1045-10184-000028665C,0000000000000000,69,100,0,0,0,-1,0,0,0,10.16,-218.04,0,0.0023,63,584,531,-1,16,0,0,0,nil,nil,nil
4/28 18:49:38.293  SPELL_DAMAGE,Player-4755-0160BD13,"Mafkees-Dreadmist",0x514,0x0,Creature-0-4457-249-1045-10184-000028665C,"Onyxia",0x10a48,0x0,7373,"Hamstring",0x1,Creature-0-4457-249-1045-10184-000028665C,0000000000000000,69,100,0,0,0,-1,0,0,0,10.16,-218.04,0,0.0023,63,48,55,-1,1,0,0,0,nil,nil,nil
4/28 18:49:38.293  SWING_DAMAGE_LANDED,Player-4755-01637B0A,"Pindle-Dreadmist",0x514,0x0,Creature-0-4457-249-1045-10184-000028665C,"Onyxia",0x10a48,0x0,Creature-0-4457-249-1045-10184-000028665C,0000000000000000,69,100,0,0,0,-1,0,0,0,10.16,-218.04,0,0.0023,63,97,122,-1,1,0,0,0,nil,1,nil
4/28 18:49:38.293  SWING_DAMAGE_LANDED,Player-4755-0160BD13,"Mafkees-Dreadmist",0x514,0x0,Creature-0-4457-249-1045-10184-000028665C,"Onyxia",0x10a48,0x0,Creature-0-4457-249-1045-10184-000028665C,0000000000000000,69,100,0,0,0,-1,0,0,0,10.16,-218.04,0,0.0023,63,1364,786,-1,1,0,0,0,1,nil,nil
4/28 18:49:38.293  SWING_DAMAGE_LANDED,Player-4755-0160BD13,"Mafkees-Dreadmist",0x514,0x0,Creature-0-4457-249-1045-10184-000028665C,"Onyxia",0x10a48,0x0,Creature-0-4457-249-1045-10184-000028665C,0000000000000000,69,100,0,0,0,-1,0,0,0,10.16,-218.04,0,0.0023,63,1386,798,-1,1,0,0,0,1,nil,nil
4/28 18:49:38.331  SWING_DAMAGE,Player-4755-01637B0A,"Pindle-Dreadmist",0x514,0x0,Creature-0-4457-249-1045-10184-000028665C,"Onyxia",0x10a48,0x0,Player-4755-01637B0A,0000000000000000,100,100,0,0,0,-1,0,0,0,6.50,-209.04,0,4.9848,65,191,235,-1,1,0,0,0,nil,1,nil
4/28 18:49:38.331  SPELL_CAST_START,Player-4755-015FEBD5,"Sauvage-Dreadmist",0x514,0x0,0000000000000000,nil,0x80000000,0x80000000,10181,"Frostbolt",0x10
4/28 18:49:38.348  SPELL_CAST_START,Player-4755-020BD78D,"Lonehunter-Dreadmist",0x514,0x0,0000000000000000,nil,0x80000000,0x80000000,75,"Auto Shot",0x1
4/28 18:49:38.379  SPELL_PERIODIC_DAMAGE,Player-4755-01F36B30,"Rectumqeef-Dreadmist",0x514,0x0,Creature-0-4457-249-1045-10184-000028665C,"Onyxia",0x10a48,0x0,11672,"Corruption",0x20,Creature-0-4457-249-1045-10184-000028665C,0000000000000000,69,100,0,0,0,-1,0,0,0,10.16,-218.04,0,0.0023,63,224,203,-1,32,0,0,0,nil,nil,nil
4/28 18:49:38.423  SPELL_CAST_SUCCESS,Player-4755-01733879,"Hocwar-Dreadmist",0x40514,0x0,Creature-0-4457-249-1045-10184-000028665C,"Onyxia",0x10a48,0x0,11601,"Revenge",0x1,Player-4755-01733879,0000000000000000,99,100,0,0,0,-1,0,0,0,22.22,-218.01,0,3.1397,71
4/28 18:49:38.423  SPELL_MISSED,Player-4755-01733879,"Hocwar-Dreadmist",0x40514,0x0,Creature-0-4457-249-1045-10184-000028665C,"Onyxia",0x10a48,0x0,11601,"Revenge",0x1,PARRY,nil
4/28 18:49:38.457  RANGE_DAMAGE,Player-4755-01E83279,"Nlmasters-Dreadmist",0x514,0x8,Creature-0-4457-249-1045-10184-000028665C,"Onyxia",0x10a48,0x0,75,"Auto Shot",0x1,Creature-0-4457-249-1045-10184-000028665C,0000000000000000,69,100,0,0,0,-1,0,0,0,10.16,-218.04,0,0.0023,63,364,419,-1,1,0,0,0,nil,nil,nil
4/28 18:49:38.475  SPELL_CAST_START,Player-4755-01BC57A3,"Saintis-Dreadmist",0x511,0x0,0000000000000000,nil,0x80000000,0x80000000,2061,"Flash Heal",0x2
4/28 18:49:38.475  SPELL_CAST_START,Player-4755-021D6506,"Bloodlady-Dreadmist",0x514,0x0,0000000000000000,nil,0x80000000,0x80000000,5019,"Shoot",0x1
4/28 18:49:38.530  SPELL_CAST_SUCCESS,Player-4755-0178F576,"Atreas-Dreadmist",0x514,0x0,Creature-0-4457-249-1045-10184-000028665C,"Onyxia",0x10a48,0x0,14290,"Multi-Shot",0x1,Player-4755-0178F576,0000000000000000,100,100,0,0,0,-1,0,0,0,6.14,-178.76,0,4.8144,66
4/28 18:49:38.620  SPELL_CAST_START,Player-4755-0178F576,"Atreas-Dreadmist",0x514,0x0,0000000000000000,nil,0x80000000,0x80000000,75,"Auto Shot",0x1
4/28 18:49:38.677  SPELL_AURA_REMOVED_DOSE,Player-4755-0160BD13,"Mafkees-Dreadmist",0x514,0x0,Player-4755-0160BD13,"Mafkees-Dreadmist",0x514,0x0,23888,"Bloodthirst",0x1,BUFF,3
4/28 18:49:38.677  SPELL_HEAL,Player-4755-0160BD13,"Mafkees-Dreadmist",0x514,0x0,Player-4755-0160BD13,"Mafkees-Dreadmist",0x514,0x0,23891,"Bloodthirst",0x1,Player-4755-0160BD13,0000000000000000,100,100,0,0,0,-1,0,0,0,2.87,-226.84,0,0.9448,64,10,10,10,0,nil
4/28 18:49:38.677  SPELL_AURA_REMOVED_DOSE,Player-4755-0160BD13,"Mafkees-Dreadmist",0x514,0x0,Player-4755-0160BD13,"Mafkees-Dreadmist",0x514,0x0,12970,"Flurry",0x1,BUFF,1
4/28 18:49:38.677  SPELL_AURA_REMOVED_DOSE,Player-4755-0160BD13,"Mafkees-Dreadmist",0x514,0x0,Player-4755-0160BD13,"Mafkees-Dreadmist",0x514,0x0,10610,"Windfury Totem",0x8,BUFF,1
4/28 18:49:38.677  SPELL_AURA_REMOVED_DOSE,Player-4755-0160BD13,"Mafkees-Dreadmist",0x514,0x0,Player-4755-0160BD13,"Mafkees-Dreadmist",0x514,0x0,23888,"Bloodthirst",0x1,BUFF,2
4/28 18:49:38.677  SPELL_AURA_APPLIED_DOSE,Player-4755-0160BD13,"Mafkees-Dreadmist",0x514,0x0,Player-4755-0160BD13,"Mafkees-Dreadmist",0x514,0x0,12970,"Flurry",0x1,BUFF,3
4/28 18:49:38.679  SPELL_HEAL,Player-4755-0160BD13,"Mafkees-Dreadmist",0x514,0x0,Player-4755-0160BD13,"Mafkees-Dreadmist",0x514,0x0,23891,"Bloodthirst",0x1,Player-4755-0160BD13,0000000000000000,100,100,0,0,0,-1,0,0,0,2.87,-226.84,0,0.9448,64,10,10,10,0,nil
4/28 18:49:38.679  SPELL_AURA_REMOVED_DOSE,Player-4755-0160BD13,"Mafkees-Dreadmist",0x514,0x0,Player-4755-0160BD13,"Mafkees-Dreadmist",0x514,0x0,12970,"Flurry",0x1,BUFF,2
4/28 18:49:38.679  SPELL_AURA_REMOVED_DOSE,Player-4755-0160BD13,"Mafkees-Dreadmist",0x514,0x0,Player-4755-0160BD13,"Mafkees-Dreadmist",0x514,0x0,23888,"Bloodthirst",0x1,BUFF,1
4/28 18:49:38.679  SPELL_AURA_APPLIED_DOSE,Player-4755-0160BD13,"Mafkees-Dreadmist",0x514,0x0,Player-4755-0160BD13,"Mafkees-Dreadmist",0x514,0x0,12970,"Flurry",0x1,BUFF,3
4/28 18:49:38.679  SPELL_HEAL,Player-4755-0160BD13,"Mafkees-Dreadmist",0x514,0x0,Player-4755-0160BD13,"Mafkees-Dreadmist",0x514,0x0,23891,"Bloodthirst",0x1,Player-4755-0160BD13,0000000000000000,100,100,0,0,0,-1,0,0,0,2.87,-226.84,0,0.9448,64,10,10,10,0,nil
4/28 18:49:38.679  SPELL_AURA_REMOVED,Player-4755-0160BD13,"Mafkees-Dreadmist",0x514,0x0,Player-4755-0160BD13,"Mafkees-Dreadmist",0x514,0x0,10610,"Windfury Totem",0x8,BUFF
4/28 18:49:38.679  SWING_DAMAGE_LANDED,Player-4755-01637B0A,"Pindle-Dreadmist",0x514,0x0,Creature-0-4457-249-1045-10184-000028665C,"Onyxia",0x10a48,0x0,Creature-0-4457-249-1045-10184-000028665C,0000000000000000,69,100,0,0,0,-1,0,0,0,10.16,-218.04,0,0.0023,63,191,235,-1,1,0,0,0,nil,1,nil
4/28 18:49:38.679  SWING_DAMAGE,Creature-0-4457-249-1045-10184-000028665C,"Onyxia",0x10a48,0x0,Player-4755-01733879,"Hocwar-Dreadmist",0x40514,0x0,Creature-0-4457-249-1045-10184-000028665C,0000000000000000,69,100,0,0,0,-1,0,0,0,10.16,-218.04,0,0.0023,63,721,1702,-1,1,0,0,0,nil,nil,nil
4/28 18:49:38.701  SPELL_CAST_SUCCESS,Player-4755-020BD78D,"Lonehunter-Dreadmist",0x514,0x0,Creature-0-4457-249-1045-10184-000028665C,"Onyxia",0x10a48,0x0,75,"Auto Shot",0x1,Player-4755-020BD78D,0000000000000000,100,100,0,0,0,-1,0,0,0,1.62,-179.46,0,4.9304,70
4/28 18:49:38.701  SPELL_DAMAGE,Player-4755-01614AC7,"Mirrimazduur-Dreadmist",0x512,0x0,Creature-0-4457-249-1045-10184-000028665C,"Onyxia",0x10a48,0x0,11661,"Shadow Bolt",0x20,Creature-0-4457-249-1045-10184-000028665C,0000000000000000,69,100,0,0,0,-1,0,0,0,10.16,-218.04,0,0.0023,63,972,883,-1,32,0,0,0,nil,nil,nil
4/28 18:49:38.801  SPELL_AURA_APPLIED,Player-4755-0220BD00,"Krikoff-Dreadmist",0x40514,0x0,Player-4755-0220BD00,"Krikoff-Dreadmist",0x40514,0x0,20007,"Holy Strength",0x2,BUFF
4/28 18:49:38.801  SPELL_HEAL,Player-4755-0220BD00,"Krikoff-Dreadmist",0x40514,0x0,Player-4755-0220BD00,"Krikoff-Dreadmist",0x40514,0x0,20007,"Holy Strength",0x2,Player-4755-0220BD00,0000000000000000,100,100,0,0,0,-1,0,0,0,10.75,-210.91,0,4.7242,68,91,91,91,0,nil
4/28 18:49:38.801  SWING_DAMAGE,Player-4755-0220BD00,"Krikoff-Dreadmist",0x40514,0x0,Creature-0-4457-249-1045-10184-000028665C,"Onyxia",0x10a48,0x0,Player-4755-0220BD00,0000000000000000,100,100,0,0,0,-1,0,0,0,10.75,-210.91,0,4.7242,68,156,222,-1,1,0,0,0,nil,1,nil
4/28 18:49:38.823  SWING_DAMAGE,Pet-0-4457-249-1045-2850-01001956F9,"Kratos",0x1114,0x0,Creature-0-4457-249-1045-10184-000028665C,"Onyxia",0x10a48,0x0,Pet-0-4457-249-1045-2850-01001956F9,Player-4755-0178F576,100,100,0,0,0,-1,0,0,0,9.46,-193.00,0,4.7404,66,79,124,-1,1,0,0,0,nil,1,nil
4/28 18:49:38.839  SWING_DAMAGE,Player-4755-01F21AE6,"Blahu-Dreadmist",0x40514,0x0,Creature-0-4457-249-1045-10184-000028665C,"Onyxia",0x10a48,0x0,Player-4755-01F21AE6,0000000000000000,100,100,0,0,0,-1,0,0,0,13.36,-210.14,0,4.6774,70,243,419,-1,1,0,0,0,nil,1,nil
4/28 18:49:38.839  SPELL_CAST_START,Player-4755-020BD78D,"Lonehunter-Dreadmist",0x514,0x0,0000000000000000,nil,0x80000000,0x80000000,14290,"Multi-Shot",0x1
4/28 18:49:38.889  RANGE_DAMAGE,Player-4755-021D6506,"Bloodlady-Dreadmist",0x514,0x0,Creature-0-4457-249-1045-10184-000028665C,"Onyxia",0x10a48,0x0,5019,"Shoot",0x1,Creature-0-4457-249-1045-10184-000028665C,0000000000000000,69,100,0,0,0,-1,0,0,0,10.16,-218.04,0,0.0023,63,44,78,-1,16,39,0,0,nil,nil,nil
4/28 18:49:38.889  SPELL_CAST_START,Player-4755-01804B95,"Moymoy-Dreadmist",0x514,0x0,0000000000000000,nil,0x80000000,0x80000000,1064,"Chain Heal",0x8
4/28 18:49:38.921  SPELL_CAST_START,Player-4755-01614AC7,"Mirrimazduur-Dreadmist",0x512,0x0,0000000000000000,nil,0x80000000,0x80000000,11661,"Shadow Bolt",0x20
4/28 18:49:38.936  SPELL_CAST_START,Player-4755-01F36B30,"Rectumqeef-Dreadmist",0x514,0x0,0000000000000000,nil,0x80000000,0x80000000,5019,"Shoot",0x1
4/28 18:49:38.970  SPELL_CAST_START,Player-4755-0163DD9D,"Kaspais-Dreadmist",0x514,0x0,0000000000000000,nil,0x80000000,0x80000000,10181,"Frostbolt",0x10
4/28 18:49:38.970  SPELL_CAST_SUCCESS,Player-4755-01733879,"Hocwar-Dreadmist",0x40514,0x0,Creature-0-4457-249-1045-10184-000028665C,"Onyxia",0x10a48,0x0,11567,"Heroic Strike",0x1,Player-4755-01733879,0000000000000000,99,100,0,0,0,-1,0,0,0,22.22,-218.01,0,3.1397,71
4/28 18:49:38.987  SWING_DAMAGE,Player-4755-01637B0A,"Pindle-Dreadmist",0x514,0x0,Creature-0-4457-249-1045-10184-000028665C,"Onyxia",0x10a48,0x0,Player-4755-01637B0A,0000000000000000,100,100,0,0,0,-1,0,0,0,5.81,-209.96,0,5.0731,65,197,111,-1,1,0,0,0,1,nil,nil
4/28 18:49:38.987  SPELL_CAST_SUCCESS,Player-4755-021D6506,"Bloodlady-Dreadmist",0x514,0x0,Creature-0-4457-249-1045-10184-000028665C,"Onyxia",0x10a48,0x0,5019,"Shoot",0x1,Player-4755-021D6506,0000000000000000,100,100,0,0,0,-1,0,0,0,-10.57,-188.12,0,5.1641,69
4/28 18:49:39.027  SPELL_CAST_SUCCESS,Player-4755-01617EEE,"Fenix-Dreadmist",0x512,0x0,Player-4755-01733879,"Hocwar-Dreadmist",0x40514,0x0,6064,"Heal",0x2,Player-4755-01617EEE,0000000000000000,100,100,0,0,0,-1,0,0,0,26.44,-181.95,0,4.6344,66
4/28 18:49:39.027  SPELL_CAST_SUCCESS,Player-4755-01B60A5F,"Zurok-Dreadmist",0x514,0x0,Creature-0-4457-249-1045-10184-000028665C,"Onyxia",0x10a48,0x0,20904,"Aimed Shot",0x1,Player-4755-01B60A5F,0000000000000000,100,100,0,0,0,-1,0,0,0,14.47,-175.17,0,4.6123,62
4/28 18:49:39.045  SPELL_AURA_APPLIED,Player-4755-01AC9FD9,"Alexinho-Dreadmist",0x514,0x0,Player-4755-01AC9FD9,"Alexinho-Dreadmist",0x514,0x0,10610,"Windfury Totem",0x8,BUFF
4/28 18:49:39.045  SPELL_EXTRA_ATTACKS,Player-4755-01AC9FD9,"Alexinho-Dreadmist",0x514,0x0,Player-4755-01AC9FD9,"Alexinho-Dreadmist",0x514,0x0,10610,"Windfury Totem",0x8,1
4/28 18:49:39.045  SWING_DAMAGE,Player-4755-01AC9FD9,"Alexinho-Dreadmist",0x514,0x0,Creature-0-4457-249-1045-10184-000028665C,"Onyxia",0x10a48,0x0,Player-4755-01AC9FD9,0000000000000000,100,100,0,0,0,-1,0,0,0,14.04,-202.29,0,4.4934,66,285,382,-1,1,0,0,0,nil,1,nil
4/28 18:49:39.063  SPELL_CAST_SUCCESS,Player-4755-0178F576,"Atreas-Dreadmist",0x514,0x0,Creature-0-4457-249-1045-10184-000028665C,"Onyxia",0x10a48,0x0,75,"Auto Shot",0x1,Player-4755-0178F576,0000000000000000,100,100,0,0,0,-1,0,0,0,6.14,-178.76,0,4.8144,66
4/28 18:49:39.063  SWING_DAMAGE,Player-4755-01AC9FD9,"Alexinho-Dreadmist",0x514,0x0,Creature-0-4457-249-1045-10184-000028665C,"Onyxia",0x10a48,0x0,Player-4755-01AC9FD9,0000000000000000,100,100,0,0,0,-1,0,0,0,14.04,-202.29,0,4.4934,66,792,447,-1,1,0,0,0,1,nil,nil
4/28 18:49:39.099  SPELL_AURA_REFRESH,Player-4755-0160BD13,"Mafkees-Dreadmist",0x514,0x0,Creature-0-4457-249-1045-10184-000028665C,"Onyxia",0x10a48,0x0,12721,"Deep Wound",0x1,DEBUFF
4/28 18:49:39.099  SPELL_ENERGIZE,Player-4755-0160BD13,"Mafkees-Dreadmist",0x514,0x0,Player-4755-0160BD13,"Mafkees-Dreadmist",0x514,0x0,12964,"Unbridled Wrath",0x1,Player-4755-0160BD13,0000000000000000,100,100,0,0,0,-1,0,0,0,2.87,-226.84,0,0.9448,64,0.0000,1.0000,1,1000
4/28 18:49:39.099  SPELL_AURA_REFRESH,Player-4755-0160BD13,"Mafkees-Dreadmist",0x514,0x0,Creature-0-4457-249-1045-10184-000028665C,"Onyxia",0x10a48,0x0,12721,"Deep Wound",0x1,DEBUFF
4/28 18:49:39.099  SPELL_ENERGIZE,Player-4755-0160BD13,"Mafkees-Dreadmist",0x514,0x0,Player-4755-0160BD13,"Mafkees-Dreadmist",0x514,0x0,12964,"Unbridled Wrath",0x1,Player-4755-0160BD13,0000000000000000,100,100,0,0,0,-1,0,0,0,2.87,-226.84,0,0.9448,64,0.0000,1.0000,1,1000
4/28 18:49:39.099  SWING_DAMAGE_LANDED,Creature-0-4457-249-1045-10184-000028665C,"Onyxia",0x10a48,0x0,Player-4755-01733879,"Hocwar-Dreadmist",0x40514,0x0,Player-4755-01733879,0000000000000000,87,100,0,0,0,-1,0,0,0,22.22,-218.01,0,3.1397,71,721,1702,-1,1,0,0,0,nil,nil,nil
4/28 18:49:39.099  SWING_DAMAGE_LANDED,Player-4755-0220BD00,"Krikoff-Dreadmist",0x40514,0x0,Creature-0-4457-249-1045-10184-000028665C,"Onyxia",0x10a48,0x0,Creature-0-4457-249-1045-10184-000028665C,0000000000000000,69,100,0,0,0,-1,0,0,0,10.16,-218.04,0,0.0023,63,156,222,-1,1,0,0,0,nil,1,nil
4/28 18:49:39.099  SWING_DAMAGE_LANDED,Pet-0-4457-249-1045-2850-01001956F9,"Kratos",0x1114,0x0,Creature-0-4457-249-1045-10184-000028665C,"Onyxia",0x10a48,0x0,Creature-0-4457-249-1045-10184-000028665C,0000000000000000,69,100,0,0,0,-1,0,0,0,10.16,-218.04,0,0.0023,63,79,124,-1,1,0,0,0,nil,1,nil
4/28 18:49:39.099  SWING_DAMAGE_LANDED,Player-4755-01F21AE6,"Blahu-Dreadmist",0x40514,0x0,Creature-0-4457-249-1045-10184-000028665C,"Onyxia",0x10a48,0x0,Creature-0-4457-249-1045-10184-000028665C,0000000000000000,69,100,0,0,0,-1,0,0,0,10.16,-218.04,0,0.0023,63,243,419,-1,1,0,0,0,nil,1,nil
4/28 18:49:39.099  SPELL_DAMAGE,Player-4755-01733879,"Hocwar-Dreadmist",0x40514,0x0,Creature-0-4457-249-1045-10184-000028665C,"Onyxia",0x10a48,0x0,11567,"Heroic Strike",0x1,Creature-0-4457-249-1045-10184-000028665C,0000000000000000,69,100,0,0,0,-1,0,0,0,10.16,-218.04,0,0.0023,63,318,366,-1,1,0,0,0,nil,nil,nil
4/28 18:49:39.099  SWING_DAMAGE_LANDED,Player-4755-01637B0A,"Pindle-Dreadmist",0x514,0x0,Creature-0-4457-249-1045-10184-000028665C,"Onyxia",0x10a48,0x0,Creature-0-4457-249-1045-10184-000028665C,0000000000000000,69,100,0,0,0,-1,0,0,0,10.16,-218.04,0,0.0023,63,197,111,-1,1,0,0,0,1,nil,nil
4/28 18:49:39.101  SPELL_HEAL,Player-4755-01617EEE,"Fenix-Dreadmist",0x512,0x0,Player-4755-01733879,"Hocwar-Dreadmist",0x40514,0x0,6064,"Heal",0x2,Player-4755-01733879,0000000000000000,100,100,0,0,0,-1,0,0,0,22.22,-218.01,0,3.1397,71,1393,1393,606,0,nil
4/28 18:49:39.101  SWING_DAMAGE_LANDED,Player-4755-01AC9FD9,"Alexinho-Dreadmist",0x514,0x0,Creature-0-4457-249-1045-10184-000028665C,"Onyxia",0x10a48,0x0,Creature-0-4457-249-1045-10184-000028665C,0000000000000000,69,100,0,0,0,-1,0,0,0,10.16,-218.04,0,0.0023,63,285,382,-1,1,0,0,0,nil,1,nil
4/28 18:49:39.101  SWING_DAMAGE_LANDED,Player-4755-01AC9FD9,"Alexinho-Dreadmist",0x514,0x0,Creature-0-4457-249-1045-10184-000028665C,"Onyxia",0x10a48,0x0,Creature-0-4457-249-1045-10184-000028665C,0000000000000000,69,100,0,0,0,-1,0,0,0,10.16,-218.04,0,0.0023,63,792,447,-1,1,0,0,0,1,nil,nil
4/28 18:49:39.101  SPELL_DAMAGE,Player-4755-020BD78D,"Lonehunter-Dreadmist",0x514,0x0,Creature-0-4457-249-1045-10184-000028665C,"Onyxia",0x10a48,0x0,20904,"Aimed Shot",0x1,Creature-0-4457-249-1045-10184-000028665C,0000000000000000,69,100,0,0,0,-1,0,0,0,10.16,-218.04,0,0.0023,63,2380,1166,-1,1,0,0,0,1,nil,nil
4/28 18:49:39.101  SPELL_PERIODIC_ENERGIZE,Player-4755-01BC57A3,"Saintis-Dreadmist",0x511,0x0,Player-4755-01BC57A3,"Saintis-Dreadmist",0x511,0x0,18194,"Mana Regeneration",0x1,Player-4755-01BC57A3,0000000000000000,100,100,0,0,0,-1,0,0,0,2.84,-191.58,0,4.8799,68,8.0000,0.0000,0,7212
4/28 18:49:39.139  SWING_DAMAGE,Player-4755-01A6B139,"Sakatan-Dreadmist",0x514,0x0,Creature-0-4457-249-1045-10184-000028665C,"Onyxia",0x10a48,0x0,Player-4755-01A6B139,0000000000000000,100,100,0,0,0,-1,0,0,0,9.54,-199.57,0,5.0548,69,151,178,-1,1,0,0,0,nil,1,nil
4/28 18:49:39.188  SPELL_CAST_SUCCESS,Player-4755-020BD78D,"Lonehunter-Dreadmist",0x514,0x0,Creature-0-4457-249-1045-10184-000028665C,"Onyxia",0x10a48,0x0,14290,"Multi-Shot",0x1,Player-4755-020BD78D,0000000000000000,100,100,0,0,0,-1,0,0,0,1.62,-179.46,0,4.9304,70
4/28 18:49:39.205  SPELL_CAST_SUCCESS,Player-4755-01637B0A,"Pindle-Dreadmist",0x514,0x0,Creature-0-4457-249-1045-10184-000028665C,"Onyxia",0x10a48,0x0,11281,"Backstab",0x1,Player-4755-01637B0A,0000000000000000,100,100,0,0,0,-1,0,0,0,7.15,-209.46,0,5.0554,65
4/28 18:49:39.220  SPELL_PERIODIC_ENERGIZE,Player-4755-01733879,"Hocwar-Dreadmist",0x40514,0x0,Player-4755-01733879,"Hocwar-Dreadmist",0x40514,0x0,29131,"Bloodrage",0x1,Player-4755-01733879,0000000000000000,100,100,0,0,0,-1,0,0,0,21.33,-218.01,0,3.1397,71,1.0000,0.0000,1,1000
4/28 18:49:39.252  SPELL_AURA_APPLIED,Player-4755-01A6B139,"Sakatan-Dreadmist",0x514,0x0,Player-4755-01A6B139,"Sakatan-Dreadmist",0x514,0x0,20007,"Holy Strength",0x2,BUFF
4/28 18:49:39.252  SPELL_HEAL,Player-4755-01A6B139,"Sakatan-Dreadmist",0x514,0x0,Player-4755-01A6B139,"Sakatan-Dreadmist",0x514,0x0,20007,"Holy Strength",0x2,Player-4755-01A6B139,0000000000000000,100,100,0,0,0,-1,0,0,0,9.54,-199.57,0,5.0548,69,102,102,102,0,nil
4/28 18:49:39.252  SWING_DAMAGE,Player-4755-01A6B139,"Sakatan-Dreadmist",0x514,0x0,Creature-0-4457-249-1045-10184-000028665C,"Onyxia",0x10a48,0x0,Player-4755-01A6B139,0000000000000000,100,100,0,0,0,-1,0,0,0,9.54,-199.57,0,5.0548,69,109,128,-1,1,0,0,0,nil,1,nil
4/28 18:49:39.252  SWING_DAMAGE,Player-4755-01F21AE6,"Blahu-Dreadmist",0x40514,0x0,Creature-0-4457-249-1045-10184-000028665C,"Onyxia",0x10a48,0x0,Player-4755-01F21AE6,0000000000000000,100,100,0,0,0,-1,0,0,0,13.36,-210.14,0,4.6774,70,84,149,-1,1,0,46,0,nil,nil,nil
4/28 18:49:39.272  SWING_DAMAGE,Pet-0-4457-249-1045-7456-03003178E8,"Owl",0x1114,0x0,Creature-0-4457-249-1045-10184-000028665C,"Onyxia",0x10a48,0x0,Pet-0-4457-249-1045-7456-03003178E8,Player-4755-01B60A5F,100,100,0,0,0,-1,0,0,0,14.31,-193.80,0,4.5427,62,55,163,-1,1,0,0,0,nil,1,nil
4/28 18:49:39.339  SPELL_DAMAGE,Player-4755-015FEBD5,"Sauvage-Dreadmist",0x514,0x0,Creature-0-4457-249-1045-10184-000028665C,"Onyxia",0x10a48,0x0,10181,"Frostbolt",0x10,Creature-0-4457-249-1045-10184-000028665C,0000000000000000,69,100,0,0,0,-1,0,0,0,10.16,-218.04,0,0.0023,63,913,829,-1,16,0,0,0,nil,nil,nil
4/28 18:49:39.386  SPELL_CAST_SUCCESS,Player-4755-016296D3,"Nivl-Dreadmist",0x514,0x0,Creature-0-4457-249-1045-10184-000028665C,"Onyxia",0x10a48,0x0,15208,"Lightning Bolt",0x8,Player-4755-016296D3,0000000000000000,100,100,0,0,0,-1,0,0,0,12.99,-204.08,0,4.6027,69
4/28 18:49:39.386  SPELL_AURA_APPLIED,Player-4755-016296D3,"Nivl-Dreadmist",0x514,0x0,Player-4755-016296D3,"Nivl-Dreadmist",0x514,0x0,16246,"Clearcasting",0x40,BUFF
4/28 18:49:39.386  SPELL_CAST_START,Player-4755-016296D3,"Nivl-Dreadmist",0x514,0x0,0000000000000000,nil,0x80000000,0x80000000,15208,"Lightning Bolt",0x8
4/28 18:49:39.420  SWING_MISSED,Player-4755-016DF694,"Ashalan-Dreadmist",0x514,0x0,Creature-0-4457-249-1045-10184-000028665C,"Onyxia",0x10a48,0x0,DODGE,nil
4/28 18:49:39.420  RANGE_MISSED,Player-4755-0163DD9D,"Kaspais-Dreadmist",0x514,0x0,Creature-0-4457-249-1045-10184-000028665C,"Onyxia",0x10a48,0x0,5019,"Shoot",0x1,RESIST,nil,0
4/28 18:49:39.436  SPELL_CAST_SUCCESS,Player-4755-01F36B30,"Rectumqeef-Dreadmist",0x514,0x0,Creature-0-4457-249-1045-10184-000028665C,"Onyxia",0x10a48,0x0,5019,"Shoot",0x1,Player-4755-01F36B30,0000000000000000,100,100,0,0,0,-1,0,0,0,1.78,-187.28,0,4.6930,66
4/28 18:49:39.488  SPELL_CAST_SUCCESS,Pet-0-4457-249-1045-2850-01001956F9,"Kratos",0x1114,0x0,Creature-0-4457-249-1045-10184-000028665C,"Onyxia",0x10a48,0x0,17261,"Bite",0x1,Pet-0-4457-249-1045-2850-01001956F9,Player-4755-0178F576,100,100,0,0,0,-1,0,0,0,9.46,-193.00,0,4.7404,66
4/28 18:49:39.488  SPELL_AURA_REMOVED_DOSE,Player-4755-0220BD00,"Krikoff-Dreadmist",0x40514,0x0,Player-4755-0220BD00,"Krikoff-Dreadmist",0x40514,0x0,12970,"Flurry",0x1,BUFF,2
4/28 18:49:39.510  SPELL_AURA_REMOVED_DOSE,Player-4755-01F21AE6,"Blahu-Dreadmist",0x40514,0x0,Player-4755-01F21AE6,"Blahu-Dreadmist",0x40514,0x0,12970,"Flurry",0x1,BUFF,1
4/28 18:49:39.510  SPELL_AURA_REMOVED_DOSE,Player-4755-01733879,"Hocwar-Dreadmist",0x40514,0x0,Player-4755-01733879,"Hocwar-Dreadmist",0x40514,0x0,23885,"Bloodthirst",0x1,BUFF,2
4/28 18:49:39.510  SPELL_HEAL,Player-4755-01733879,"Hocwar-Dreadmist",0x40514,0x0,Player-4755-01733879,"Hocwar-Dreadmist",0x40514,0x0,23880,"Bloodthirst",0x1,Player-4755-01733879,0000000000000000,100,100,0,0,0,-1,0,0,0,21.18,-218.01,0,3.1397,71,10,10,10,0,nil
4/28 18:49:39.510  SPELL_AURA_REMOVED_DOSE,Player-4755-01AC9FD9,"Alexinho-Dreadmist",0x514,0x0,Player-4755-01AC9FD9,"Alexinho-Dreadmist",0x514,0x0,10610,"Windfury Totem",0x8,BUFF,1
4/28 18:49:39.510  SPELL_AURA_REMOVED,Player-4755-01AC9FD9,"Alexinho-Dreadmist",0x514,0x0,Player-4755-01AC9FD9,"Alexinho-Dreadmist",0x514,0x0,10610,"Windfury Totem",0x8,BUFF
4/28 18:49:39.510  SWING_DAMAGE_LANDED,Player-4755-01A6B139,"Sakatan-Dreadmist",0x514,0x0,Creature-0-4457-249-1045-10184-000028665C,"Onyxia",0x10a48,0x0,Creature-0-4457-249-1045-10184-000028665C,0000000000000000,69,100,0,0,0,-1,0,0,0,10.16,-218.04,0,0.0023,63,151,178,-1,1,0,0,0,nil,1,nil
4/28 18:49:39.510  SPELL_DAMAGE,Player-4755-01637B0A,"Pindle-Dreadmist",0x514,0x0,Creature-0-4457-249-1045-10184-000028665C,"Onyxia",0x10a48,0x0,11281,"Backstab",0x1,Creature-0-4457-249-1045-10184-000028665C,0000000000000000,68,100,0,0,0,-1,0,0,0,10.16,-218.04,0,0.0023,63,1301,655,-1,1,0,0,0,1,nil,nil
4/28 18:49:39.510  SWING_DAMAGE_LANDED,Player-4755-01A6B139,"Sakatan-Dreadmist",0x514,0x0,Creature-0-4457-249-1045-10184-000028665C,"Onyxia",0x10a48,0x0,Creature-0-4457-249-1045-10184-000028665C,0000000000000000,68,100,0,0,0,-1,0,0,0,10.16,-218.04,0,0.0023,63,109,128,-1,1,0,0,0,nil,1,nil
4/28 18:49:39.510  SPELL_DAMAGE,Player-4755-01A6B139,"Sakatan-Dreadmist",0x514,0x0,Creature-0-4457-249-1045-10184-000028665C,"Onyxia",0x10a48,0x0,11337,"Instant Poison VI",0x8,Creature-0-4457-249-1045-10184-000028665C,0000000000000000,68,100,0,0,0,-1,0,0,0,10.16,-218.04,0,0.0023,63,141,140,-1,8,0,0,0,nil,nil,nil
4/28 18:49:39.510  SWING_DAMAGE_LANDED,Player-4755-01F21AE6,"Blahu-Dreadmist",0x40514,0x0,Creature-0-4457-249-1045-10184-000028665C,"Onyxia",0x10a48,0x0,Creature-0-4457-249-1045-10184-000028665C,0000000000000000,68,100,0,0,0,-1,0,0,0,10.16,-218.04,0,0.0023,63,84,149,-1,1,0,0,0,nil,nil,nil
4/28 18:49:39.510  SWING_DAMAGE_LANDED,Pet-0-4457-249-1045-7456-03003178E8,"Owl",0x1114,0x0,Creature-0-4457-249-1045-10184-000028665C,"Onyxia",0x10a48,0x0,Creature-0-4457-249-1045-10184-000028665C,0000000000000000,68,100,0,0,0,-1,0,0,0,10.16,-218.04,0,0.0023,63,55,163,-1,1,0,0,0,nil,1,nil
4/28 18:49:39.510  SPELL_DAMAGE,Pet-0-4457-249-1045-2850-01001956F9,"Kratos",0x1114,0x0,Creature-0-4457-249-1045-10184-000028665C,"Onyxia",0x10a48,0x0,17261,"Bite",0x1,Creature-0-4457-249-1045-10184-000028665C,0000000000000000,68,100,0,0,0,-1,0,0,0,10.16,-218.04,0,0.0023,63,116,133,-1,1,0,0,0,nil,nil,nil
4/28 18:49:39.510  SWING_DAMAGE,Player-4755-01637B0A,"Pindle-Dreadmist",0x514,0x0,Creature-0-4457-249-1045-10184-000028665C,"Onyxia",0x10a48,0x0,Player-4755-01637B0A,0000000000000000,100,100,0,0,0,-1,0,0,0,6.29,-209.76,0,5.0692,65,395,223,-1,1,0,0,0,1,nil,nil
4/28 18:49:39.510  SWING_DAMAGE,Player-4755-01AC9FD9,"Alexinho-Dreadmist",0x514,0x0,Creature-0-4457-249-1045-10184-000028665C,"Onyxia",0x10a48,0x0,Player-4755-01AC9FD9,0000000000000000,100,100,0,0,0,-1,0,0,0,14.04,-202.29,0,4.4934,66,131,172,-1,1,0,0,0,nil,1,nil
4/28 18:49:39.510  SPELL_CAST_START,Player-4755-01B60A5F,"Zurok-Dreadmist",0x514,0x0,0000000000000000,nil,0x80000000,0x80000000,75,"Auto Shot",0x1
4/28 18:49:39.581  SPELL_CAST_START,Player-4755-01E83279,"Nlmasters-Dreadmist",0x514,0x8,0000000000000000,nil,0x80000000,0x80000000,75,"Auto Shot",0x1
4/28 18:49:39.581  SPELL_PERIODIC_ENERGIZE,Creature-0-4457-249-1045-7416-0000286C79,"Mana Spring Totem IV",0x2114,0x0,Player-4755-0210153A,"Hapuseneb-Dreadmist",0x514,0x0,10494,"Mana Spring",0x8,Player-4755-0210153A,0000000000000000,100,100,0,0,0,-1,0,0,0,5.85,-196.31,0,4.4807,66,12.0000,0.0000,0,6736
4/28 18:49:39.581  SPELL_PERIODIC_ENERGIZE,Creature-0-4457-249-1045-7416-0000286C79,"Mana Spring Totem IV",0x2114,0x0,Player-4755-01ED7A64,"Sperzieboon-Dreadmist",0x514,0x0,10494,"Mana Spring",0x8,Player-4755-01ED7A64,0000000000000000,100,100,0,0,0,-1,0,0,0,13.04,-191.67,0,4.2314,67,12.0000,0.0000,0,7261
4/28 18:49:39.581  SPELL_PERIODIC_ENERGIZE,Creature-0-4457-249-1045-7416-0000286C79,"Mana Spring Totem IV",0x2114,0x0,Player-4755-01FA8DD8,"Roackerita-Dreadmist",0x514,0x0,10494,"Mana Spring",0x8,Player-4755-01FA8DD8,0000000000000000,100,100,0,0,0,-1,0,0,0,8.47,-177.56,0,5.0973,69,13.0000,0.0000,0,6736
4/28 18:49:39.581  SPELL_PERIODIC_ENERGIZE,Creature-0-4457-249-1045-7416-0000286C79,"Mana Spring Totem IV",0x2114,0x0,Player-4755-015FEBD5,"Sauvage-Dreadmist",0x514,0x0,10494,"Mana Spring",0x8,Player-4755-015FEBD5,0000000000000000,100,100,0,0,0,-1,0,0,0,-2.42,-186.07,0,4.9229,64,12.0000,0.0000,0,6158
4/28 18:49:39.581  SPELL_PERIODIC_ENERGIZE,Creature-0-4457-249-1045-7416-0000286C79,"Mana Spring Totem IV",0x2114,0x0,Player-4755-01804B95,"Moymoy-Dreadmist",0x514,0x0,10494,"Mana Spring",0x8,Player-4755-01804B95,0000000000000000,100,100,0,0,0,-1,0,0,0,13.22,-186.11,0,4.8801,66,13.0000,0.0000,0,5366
4/28 18:49:39.581  SPELL_PERIODIC_HEAL,Player-4755-01FA8DD8,"Roackerita-Dreadmist",0x514,0x0,Player-4755-01FA8D0D,"Roackeru-Dreadmist",0x514,0x0,6078,"Renew",0x2,Player-4755-01FA8D0D,0000000000000000,96,100,0,0,0,-1,0,0,0,14.13,-180.96,0,4.7241,65,235,235,0,0,nil
4/28 18:49:39.600  SPELL_CAST_SUCCESS,Player-4755-01802FE5,"Angrybat-Dreadmist",0x514,0x0,Creature-0-4457-249-1045-10184-000028665C,"Onyxia",0x10a48,0x0,10181,"Frostbolt",0x10,Player-4755-01802FE5,0000000000000000,100,100,0,0,0,-1,0,0,0,-4.64,-184.83,0,4.7233,66
4/28 18:49:39.601  SPELL_CAST_SUCCESS,Player-4755-0210153A,"Hapuseneb-Dreadmist",0x514,0x0,Player-4755-01733879,"Hocwar-Dreadmist",0x40514,0x0,6064,"Heal",0x2,Player-4755-0210153A,0000000000000000,100,100,0,0,0,-1,0,0,0,5.85,-196.31,0,4.4807,66
4/28 18:49:39.624  RANGE_MISSED,Player-4755-01F36B30,"Rectumqeef-Dreadmist",0x514,0x0,Creature-0-4457-249-1045-10184-000028665C,"Onyxia",0x10a48,0x0,5019,"Shoot",0x1,RESIST,nil,0
4/28 18:49:39.668  SPELL_CAST_SUCCESS,Player-4755-0178F416,"Eltorero-Dreadmist",0x514,0x0,Creature-0-4457-249-1045-10184-000028665C,"Onyxia",0x10a48,0x0,7373,"Hamstring",0x1,Player-4755-0178F416,0000000000000000,100,100,0,0,0,-1,0,0,0,9.41,-205.81,0,4.8095,67
4/28 18:49:39.684  RANGE_DAMAGE,Player-4755-020BD78D,"Lonehunter-Dreadmist",0x514,0x0,Creature-0-4457-249-1045-10184-000028665C,"Onyxia",0x10a48,0x0,75,"Auto Shot",0x1,Creature-0-4457-249-1045-10184-000028665C,0000000000000000,68,100,0,0,0,-1,0,0,0,10.16,-218.04,0,0.0023,63,437,504,-1,1,0,0,0,nil,nil,nil
4/28 18:49:39.731  SPELL_CAST_START,Player-4755-01617EEE,"Fenix-Dreadmist",0x512,0x0,0000000000000000,nil,0x80000000,0x80000000,6064,"Heal",0x2
4/28 18:49:39.746  SWING_DAMAGE,Player-4755-01733879,"Hocwar-Dreadmist",0x40514,0x0,Creature-0-4457-249-1045-10184-000028665C,"Onyxia",0x10a48,0x0,Player-4755-01733879,0000000000000000,100,100,0,0,0,-1,0,0,0,21.18,-218.01,0,3.1397,71,203,116,-1,1,0,0,0,1,nil,nil
4/28 18:49:39.766  SWING_DAMAGE,Pet-0-4457-249-1045-9622-02002CD5BC,"Bokito",0x1114,0x0,Creature-0-4457-249-1045-10184-000028665C,"Onyxia",0x10a48,0x0,Pet-0-4457-249-1045-9622-02002CD5BC,Player-4755-020BD78D,100,100,0,0,0,-1,0,0,0,-4.27,-198.08,0,5.3385,70,144,231,-1,1,0,0,0,nil,1,nil
4/28 18:49:39.766  SPELL_PERIODIC_ENERGIZE,Creature-0-4457-249-1045-7416-0000286C87,"Mana Spring Totem IV",0x2114,0x0,Player-4755-016296D3,"Nivl-Dreadmist",0x514,0x0,10494,"Mana Spring",0x8,Player-4755-016296D3,0000000000000000,100,100,0,0,0,-1,0,0,0,12.99,-204.08,0,4.6027,69,10.0000,0.0000,0,5845
4/28 18:49:39.766  SPELL_PERIODIC_ENERGIZE,Creature-0-4457-249-1045-7416-0000286C87,"Mana Spring Totem IV",0x2114,0x0,Player-4755-0178F576,"Atreas-Dreadmist",0x514,0x0,10494,"Mana Spring",0x8,Player-4755-0178F576,0000000000000000,100,100,0,0,0,-1,0,0,0,6.14,-178.76,0,4.8144,66,10.0000,0.0000,0,3765
4/28 18:49:39.819  SWING_DAMAGE,Pet-0-4457-249-1045-2850-01001956F9,"Kratos",0x1114,0x0,Creature-0-4457-249-1045-10184-000028665C,"Onyxia",0x10a48,0x0,Pet-0-4457-249-1045-2850-01001956F9,Player-4755-0178F576,100,100,0,0,0,-1,0,0,0,9.46,-193.00,0,4.7404,66,102,118,-1,1,0,0,0,nil,nil,nil
4/28 18:49:39.849  SPELL_DAMAGE,Player-4755-0178F576,"Atreas-Dreadmist",0x514,0x0,Creature-0-4457-249-1045-10184-000028665C,"Onyxia",0x10a48,0x0,14290,"Multi-Shot",0x1,Creature-0-4457-249-1045-10184-000028665C,0000000000000000,68,100,0,0,0,-1,0,0,0,10.16,-218.04,0,0.0023,63,688,793,-1,1,0,0,0,nil,nil,nil
4/28 18:49:39.882  SWING_DAMAGE,Player-4755-01637B0A,"Pindle-Dreadmist",0x514,0x0,Creature-0-4457-249-1045-10184-000028665C,"Onyxia",0x10a48,0x0,Player-4755-01637B0A,0000000000000000,100,100,0,0,0,-1,0,0,0,5.98,-209.86,0,5.0554,65,211,119,-1,1,0,0,0,1,nil,nil
4/28 18:49:39.882  SPELL_CAST_SUCCESS,Player-4755-01BC57A3,"Saintis-Dreadmist",0x511,0x0,Player-4755-01614AC7,"Mirrimazduur-Dreadmist",0x512,0x0,2061,"Flash Heal",0x2,Player-4755-01BC57A3,0000000000000000,100,100,0,0,0,-1,0,0,0,2.84,-191.58,0,4.8799,68
4/28 18:49:39.898  SPELL_MISSED,Player-4755-01FA8D0D,"Roackeru-Dreadmist",0x514,0x0,Creature-0-4457-249-1045-10184-000028665C,"Onyxia",0x10a48,0x0,11661,"Shadow Bolt",0x20,RESIST,nil,0
4/28 18:49:39.898  SPELL_ENERGIZE,Player-4755-0220BD00,"Krikoff-Dreadmist",0x40514,0x0,Player-4755-0220BD00,"Krikoff-Dreadmist",0x40514,0x0,12964,"Unbridled Wrath",0x1,Player-4755-0220BD00,0000000000000000,100,100,0,0,0,-1,0,0,0,10.74,-209.87,0,4.7242,68,1.0000,0.0000,1,1000
4/28 18:49:39.898  SPELL_AURA_REMOVED,Player-4755-01F21AE6,"Blahu-Dreadmist",0x40514,0x0,Player-4755-01F21AE6,"Blahu-Dreadmist",0x40514,0x0,12970,"Flurry",0x1,BUFF
4/28 18:49:39.898  SPELL_AURA_REMOVED_DOSE,Player-4755-016DF694,"Ashalan-Dreadmist",0x514,0x0,Player-4755-016DF694,"Ashalan-Dreadmist",0x514,0x0,16280,"Flurry",0x1,BUFF,1
4/28 18:49:39.898  SWING_DAMAGE_LANDED,Player-4755-01637B0A,"Pindle-Dreadmist",0x514,0x0,Creature-0-4457-249-1045-10184-000028665C,"Onyxia",0x10a48,0x0,Creature-0-4457-249-1045-10184-000028665C,0000000000000000,68,100,0,0,0,-1,0,0,0,10.16,-218.04,0,0.0023,63,395,223,-1,1,0,0,0,1,nil,nil
4/28 18:49:39.898  SWING_DAMAGE_LANDED,Player-4755-01AC9FD9,"Alexinho-Dreadmist",0x514,0x0,Creature-0-4457-249-1045-10184-000028665C,"Onyxia",0x10a48,0x0,Creature-0-4457-249-1045-10184-000028665C,0000000000000000,68,100,0,0,0,-1,0,0,0,10.16,-218.04,0,0.0023,63,131,172,-1,1,0,0,0,nil,1,nil
4/28 18:49:39.898  SPELL_HEAL,Player-4755-0210153A,"Hapuseneb-Dreadmist",0x514,0x0,Player-4755-01733879,"Hocwar-Dreadmist",0x40514,0x0,6064,"Heal",0x2,Player-4755-01733879,0000000000000000,100,100,0,0,0,-1,0,0,0,21.18,-218.01,0,3.1397,71,1301,1301,1301,0,nil
4/28 18:49:39.898  SPELL_DAMAGE,Player-4755-0178F416,"Eltorero-Dreadmist",0x514,0x0,Creature-0-4457-249-1045-10184-000028665C,"Onyxia",0x10a48,0x0,7373,"Hamstring",0x1,Creature-0-4457-249-1045-10184-000028665C,0000000000000000,68,100,0,0,0,-1,0,0,0,10.16,-218.04,0,0.0023,63,88,46,-1,1,0,0,0,1,nil,nil
4/28 18:49:39.898  SWING_DAMAGE_LANDED,Player-4755-01733879,"Hocwar-Dreadmist",0x40514,0x0,Creature-0-4457-249-1045-10184-000028665C,"Onyxia",0x10a48,0x0,Creature-0-4457-249-1045-10184-000028665C,0000000000000000,68,100,0,0,0,-1,0,0,0,10.16,-218.04,0,0.0023,63,203,116,-1,1,0,0,0,1,nil,nil
4/28 18:49:39.898  SWING_DAMAGE_LANDED,Pet-0-4457-249-1045-9622-02002CD5BC,"Bokito",0x1114,0x0,Creature-0-4457-249-1045-10184-000028665C,"Onyxia",0x10a48,0x0,Creature-0-4457-249-1045-10184-000028665C,0000000000000000,68,100,0,0,0,-1,0,0,0,10.16,-218.04,0,0.0023,63,144,231,-1,1,0,0,0,nil,1,nil
4/28 18:49:39.898  SWING_DAMAGE_LANDED,Pet-0-4457-249-1045-2850-01001956F9,"Kratos",0x1114,0x0,Creature-0-4457-249-1045-10184-000028665C,"Onyxia",0x10a48,0x0,Creature-0-4457-249-1045-10184-000028665C,0000000000000000,68,100,0,0,0,-1,0,0,0,10.16,-218.04,0,0.0023,63,102,118,-1,1,0,0,0,nil,nil,nil
4/28 18:49:39.898  SWING_DAMAGE_LANDED,Player-4755-01637B0A,"Pindle-Dreadmist",0x514,0x0,Creature-0-4457-249-1045-10184-000028665C,"Onyxia",0x10a48,0x0,Creature-0-4457-249-1045-10184-000028665C,0000000000000000,68,100,0,0,0,-1,0,0,0,10.16,-218.04,0,0.0023,63,211,119,-1,1,0,0,0,1,nil,nil
4/28 18:49:39.898  SPELL_DAMAGE,Player-4755-01637B0A,"Pindle-Dreadmist",0x514,0x0,Creature-0-4457-249-1045-10184-000028665C,"Onyxia",0x10a48,0x0,11337,"Instant Poison VI",0x8,Creature-0-4457-249-1045-10184-000028665C,0000000000000000,68,100,0,0,0,-1,0,0,0,10.16,-218.04,0,0.0023,63,116,116,-1,8,0,0,0,nil,nil,nil
4/28 18:49:39.898  SPELL_HEAL,Player-4755-01BC57A3,"Saintis-Dreadmist",0x511,0x0,Player-4755-01614AC7,"Mirrimazduur-Dreadmist",0x512,0x0,2061,"Flash Heal",0x2,Player-4755-01614AC7,0000000000000000,96,100,0,0,0,-1,0,0,0,-1.52,-178.92,0,4.8760,68,534,534,0,0,nil
4/28 18:49:39.972  SPELL_CAST_SUCCESS,Player-4755-01B60A5F,"Zurok-Dreadmist",0x514,0x0,Creature-0-4457-249-1045-10184-000028665C,"Onyxia",0x10a48,0x0,75,"Auto Shot",0x1,Player-4755-01B60A5F,0000000000000000,100,100,0,0,0,-1,0,0,0,14.47,-175.17,0,4.6123,62
4/28 18:49:39.987  SPELL_CAST_START,Player-4755-021D6506,"Bloodlady-Dreadmist",0x514,0x0,0000000000000000,nil,0x80000000,0x80000000,5019,"Shoot",0x1
4/28 18:49:39.987  SPELL_CAST_SUCCESS,Player-4755-0160BD13,"Mafkees-Dreadmist",0x514,0x0,Creature-0-4457-249-1045-10184-000028665C,"Onyxia",0x10a48,0x0,7373,"Hamstring",0x1,Player-4755-0160BD13,0000000000000000,100,100,0,0,0,-1,0,0,0,2.87,-226.84,0,0.9252,64
4/28 18:49:40.035  SPELL_CAST_SUCCESS,Player-4755-01E83279,"Nlmasters-Dreadmist",0x514,0x8,Creature-0-4457-249-1045-10184-000028665C,"Onyxia",0x10a48,0x0,75,"Auto Shot",0x1,Player-4755-01E83279,0000000000000000,100,100,0,0,0,-1,0,0,0,-14.57,-186.04,0,4.7250,70
4/28 18:49:40.035  SPELL_CAST_SUCCESS,Player-4755-01733879,"Hocwar-Dreadmist",0x40514,0x0,Creature-0-4457-249-1045-10184-000028665C,"Onyxia",0x10a48,0x0,11597,"Sunder Armor",0x1,Player-4755-01733879,0000000000000000,100,100,0,0,0,-1,0,0,0,21.18,-218.01,0,3.1397,71
4/28 18:49:40.035  SPELL_MISSED,Player-4755-01733879,"Hocwar-Dreadmist",0x40514,0x0,Creature-0-4457-249-1045-10184-000028665C,"Onyxia",0x10a48,0x0,11597,"Sunder Armor",0x1,DODGE,nil
4/28 18:49:40.051  RANGE_DAMAGE,Player-4755-0178F576,"Atreas-Dreadmist",0x514,0x0,Creature-0-4457-249-1045-10184-000028665C,"Onyxia",0x10a48,0x0,75,"Auto Shot",0x1,Creature-0-4457-249-1045-10184-000028665C,0000000000000000,68,100,0,0,0,-1,0,0,0,10.16,-218.04,0,0.0023,63,442,510,-1,1,0,0,0,nil,nil,nil
4/28 18:49:40.090  SPELL_CAST_START,Player-4755-01802FE5,"Angrybat-Dreadmist",0x514,0x0,0000000000000000,nil,0x80000000,0x80000000,10181,"Frostbolt",0x10
4/28 18:49:40.106  SPELL_DAMAGE,Player-4755-016296D3,"Nivl-Dreadmist",0x514,0x0,Creature-0-4457-249-1045-10184-000028665C,"Onyxia",0x10a48,0x0,15208,"Lightning Bolt",0x8,Creature-0-4457-249-1045-10184-000028665C,0000000000000000,68,100,0,0,0,-1,0,0,0,10.16,-218.04,0,0.0023,63,533,532,-1,8,0,0,0,nil,nil,nil
4/28 18:49:40.121  SPELL_DAMAGE,Player-4755-01B60A5F,"Zurok-Dreadmist",0x514,0x0,Creature-0-4457-249-1045-10184-000028665C,"Onyxia",0x10a48,0x0,20904,"Aimed Shot",0x1,Creature-0-4457-249-1045-10184-000028665C,0000000000000000,68,100,0,0,0,-1,0,0,0,10.16,-218.04,0,0.0023,63,951,1095,-1,1,0,0,0,nil,nil,nil
4/28 18:49:40.166  SPELL_PERIODIC_DAMAGE,Player-4755-0178F416,"Eltorero-Dreadmist",0x514,0x0,Creature-0-4457-249-1045-10184-000028665C,"Onyxia",0x10a48,0x0,12721,"Deep Wound",0x1,Creature-0-4457-249-1045-10184-000028665C,0000000000000000,68,100,0,0,0,-1,0,0,0,10.16,-218.04,0,0.0023,63,110,110,-1,1,0,0,0,nil,nil,nil
4/28 18:49:40.166  SPELL_AURA_REMOVED,Player-4755-0178F416,"Eltorero-Dreadmist",0x514,0x0,Creature-0-4457-249-1045-10184-000028665C,"Onyxia",0x10a48,0x0,12721,"Deep Wound",0x1,DEBUFF
4/28 18:49:40.214  SPELL_CAST_SUCCESS,Player-4755-01ED7A64,"Sperzieboon-Dreadmist",0x514,0x0,Player-4755-01614AC7,"Mirrimazduur-Dreadmist",0x512,0x0,10929,"Renew",0x2,Player-4755-01ED7A64,0000000000000000,100,100,0,0,0,-1,0,0,0,13.04,-191.67,0,4.2314,67
4/28 18:49:40.230  SPELL_PERIODIC_ENERGIZE,Player-4755-01733879,"Hocwar-Dreadmist",0x40514,0x0,Player-4755-01733879,"Hocwar-Dreadmist",0x40514,0x0,29131,"Bloodrage",0x1,Player-4755-01733879,0000000000000000,100,100,0,0,0,-1,0,0,0,21.18,-218.01,0,3.1397,71,1.0000,0.0000,1,1000
4/28 18:49:40.230  SPELL_AURA_REMOVED,Player-4755-01733879,"Hocwar-Dreadmist",0x40514,0x0,Player-4755-01733879,"Hocwar-Dreadmist",0x40514,0x0,29131,"Bloodrage",0x1,BUFF
4/28 18:49:40.246  SPELL_AURA_REMOVED,Pet-0-4457-249-1045-7456-03003178E8,"Owl",0x1114,0x0,Creature-0-4457-249-1045-10184-000028665C,"Onyxia",0x10a48,0x0,24579,"Screech",0x1,DEBUFF
4/28 18:49:40.311  SPELL_AURA_APPLIED,Player-4755-0178F416,"Eltorero-Dreadmist",0x514,0x0,Player-4755-0178F416,"Eltorero-Dreadmist",0x514,0x0,12970,"Flurry",0x1,BUFF
4/28 18:49:40.311  SPELL_HEAL,Player-4755-0178F416,"Eltorero-Dreadmist",0x514,0x0,Player-4755-0178F416,"Eltorero-Dreadmist",0x514,0x0,23891,"Bloodthirst",0x1,Player-4755-0178F416,0000000000000000,100,100,0,0,0,-1,0,0,0,9.41,-205.81,0,4.8095,67,20,20,20,0,nil
4/28 18:49:40.311  SPELL_AURA_REMOVED,Player-4755-0178F416,"Eltorero-Dreadmist",0x514,0x0,Player-4755-0178F416,"Eltorero-Dreadmist",0x514,0x0,23888,"Bloodthirst",0x1,BUFF
4/28 18:49:40.311  SPELL_AURA_REMOVED_DOSE,Player-4755-01733879,"Hocwar-Dreadmist",0x40514,0x0,Player-4755-01733879,"Hocwar-Dreadmist",0x40514,0x0,23885,"Bloodthirst",0x1,BUFF,1
4/28 18:49:40.311  SPELL_AURA_APPLIED,Player-4755-01733879,"Hocwar-Dreadmist",0x40514,0x0,Player-4755-01733879,"Hocwar-Dreadmist",0x40514,0x0,12970,"Flurry",0x1,BUFF
4/28 18:49:40.311  SPELL_HEAL,Player-4755-01733879,"Hocwar-Dreadmist",0x40514,0x0,Player-4755-01733879,"Hocwar-Dreadmist",0x40514,0x0,23880,"Bloodthirst",0x1,Player-4755-01733879,0000000000000000,100,100,0,0,0,-1,0,0,0,21.18,-218.01,0,3.1397,71,10,10,10,0,nil
4/28 18:49:40.311  SPELL_DAMAGE,Player-4755-0160BD13,"Mafkees-Dreadmist",0x514,0x0,Creature-0-4457-249-1045-10184-000028665C,"Onyxia",0x10a48,0x0,7373,"Hamstring",0x1,Creature-0-4457-249-1045-10184-000028665C,0000000000000000,68,100,0,0,0,-1,0,0,0,10.16,-218.04,0,0.0023,63,48,55,-1,1,0,0,0,nil,nil,nil
4/28 18:49:40.311  SPELL_AURA_APPLIED,Player-4755-01ED7A64,"Sperzieboon-Dreadmist",0x514,0x0,Player-4755-01614AC7,"Mirrimazduur-Dreadmist",0x512,0x0,10929,"Renew",0x2,BUFF
4/28 18:49:40.311  SPELL_CAST_START,Player-4755-020BD78D,"Lonehunter-Dreadmist",0x514,0x0,0000000000000000,nil,0x80000000,0x80000000,75,"Auto Shot",0x1
4/28 18:49:40.333  SPELL_AURA_REMOVED,Player-4755-01FA8DD8,"Roackerita-Dreadmist",0x514,0x0,Player-4755-01614AC7,"Mirrimazduur-Dreadmist",0x512,0x0,15359,"Inspiration",0x2,BUFF
4/28 18:49:40.383  SPELL_CAST_SUCCESS,Player-4755-02045EF4,"Necrosini-Dreadmist",0x512,0x0,Player-4755-01733879,"Hocwar-Dreadmist",0x40514,0x0,2054,"Heal",0x2,Player-4755-02045EF4,0000000000000000,100,100,0,0,0,-1,0,0,0,5.83,-191.53,0,2.9798,69
4/28 18:49:40.446  SPELL_CAST_START,Player-4755-01F36B30,"Rectumqeef-Dreadmist",0x514,0x0,0000000000000000,nil,0x80000000,0x80000000,5019,"Shoot",0x1
4/28 18:49:40.478  SPELL_CAST_SUCCESS,Player-4755-021D6506,"Bloodlady-Dreadmist",0x514,0x0,Creature-0-4457-249-1045-10184-000028665C,"Onyxia",0x10a48,0x0,5019,"Shoot",0x1,Player-4755-021D6506,0000000000000000,100,100,0,0,0,-1,0,0,0,-10.57,-188.12,0,5.1641,69
4/28 18:49:40.511  SPELL_DAMAGE,Player-4755-020BD78D,"Lonehunter-Dreadmist",0x514,0x0,Creature-0-4457-249-1045-10184-000028665C,"Onyxia",0x10a48,0x0,14290,"Multi-Shot",0x1,Creature-0-4457-249-1045-10184-000028665C,0000000000000000,68,100,0,0,0,-1,0,0,0,10.16,-218.04,0,0.0023,63,595,685,-1,1,0,0,0,nil,nil,nil
4/28 18:49:40.511  SPELL_CAST_SUCCESS,Player-4755-01FA8DD8,"Roackerita-Dreadmist",0x514,0x0,Player-4755-01FA8D0D,"Roackeru-Dreadmist",0x514,0x0,2055,"Heal",0x2,Player-4755-01FA8DD8,0000000000000000,100,100,0,0,0,-1,0,0,0,8.47,-177.56,0,5.0973,69
4/28 18:49:40.527  SPELL_CAST_SUCCESS,Player-4755-01FA8D0D,"Roackeru-Dreadmist",0x514,0x0,Creature-0-4457-249-1045-10184-000028665C,"Onyxia",0x10a48,0x0,11661,"Shadow Bolt",0x20,Player-4755-01FA8D0D,0000000000000000,96,100,0,0,0,-1,0,0,0,14.13,-180.96,0,4.7241,65
4/28 18:49:40.527  SPELL_CAST_START,Player-4755-01FA8D0D,"Roackeru-Dreadmist",0x514,0x0,0000000000000000,nil,0x80000000,0x80000000,11661,"Shadow Bolt",0x20
4/28 18:49:40.558  SWING_DAMAGE,Player-4755-01A6B139,"Sakatan-Dreadmist",0x514,0x0,Creature-0-4457-249-1045-10184-000028665C,"Onyxia",0x10a48,0x0,Player-4755-01A6B139,0000000000000000,100,100,0,0,0,-1,0,0,0,9.54,-199.57,0,5.0548,69,157,195,-1,1,0,0,0,nil,1,nil
4/28 18:49:40.601  SPELL_CAST_SUCCESS,Player-4755-01B60A5F,"Zurok-Dreadmist",0x514,0x0,0000000000000000,nil,0x80000000,0x80000000,17531,"Restore Mana",0x1,Player-4755-01B60A5F,0000000000000000,100,100,0,0,0,-1,0,0,0,14.47,-175.17,0,4.6123,62
4/28 18:49:40.601  SPELL_CAST_START,Player-4755-02045EF4,"Necrosini-Dreadmist",0x512,0x0,0000000000000000,nil,0x80000000,0x80000000,2054,"Heal",0x2
4/28 18:49:40.601  SWING_DAMAGE,Player-4755-01A6B139,"Sakatan-Dreadmist",0x514,0x0,Creature-0-4457-249-1045-10184-000028665C,"Onyxia",0x10a48,0x0,Player-4755-01A6B139,0000000000000000,100,100,0,0,0,-1,0,0,0,9.54,-199.57,0,5.0548,69,245,138,-1,1,0,0,0,1,nil,nil
4/28 18:49:40.648  SPELL_CAST_SUCCESS,Player-4755-020BD78D,"Lonehunter-Dreadmist",0x514,0x0,Creature-0-4457-249-1045-10184-000028665C,"Onyxia",0x10a48,0x0,75,"Auto Shot",0x1,Player-4755-020BD78D,0000000000000000,100,100,0,0,0,-1,0,0,0,1.62,-179.46,0,4.9304,70
4/28 18:49:40.648  SWING_DAMAGE,Player-4755-01637B0A,"Pindle-Dreadmist",0x514,0x0,Creature-0-4457-249-1045-10184-000028665C,"Onyxia",0x10a48,0x0,Player-4755-01637B0A,0000000000000000,100,100,0,0,0,-1,0,0,0,6.49,-209.67,0,5.0437,65,162,201,-1,1,0,0,0,nil,1,nil
4/28 18:49:40.664  SPELL_CAST_SUCCESS,Player-4755-01733879,"Hocwar-Dreadmist",0x40514,0x0,Creature-0-4457-249-1045-10184-000028665C,"Onyxia",0x10a48,0x0,11567,"Heroic Strike",0x1,Player-4755-01733879,0000000000000000,100,100,0,0,0,-1,0,0,0,21.18,-218.01,0,3.1397,71
4/28 18:49:40.664  SPELL_AURA_REMOVED_DOSE,Player-4755-01733879,"Hocwar-Dreadmist",0x40514,0x0,Player-4755-01733879,"Hocwar-Dreadmist",0x40514,0x0,12970,"Flurry",0x1,BUFF,2
4/28 18:49:40.706  SWING_DAMAGE,Creature-0-4457-249-1045-10184-000028665C,"Onyxia",0x10a48,0x0,Player-4755-01733879,"Hocwar-Dreadmist",0x40514,0x0,Creature-0-4457-249-1045-10184-000028665C,0000000000000000,68,100,0,0,0,-1,0,0,0,10.16,-218.04,0,0.0023,63,620,1462,-1,1,0,0,0,nil,nil,nil
4/28 18:49:40.713  SPELL_AURA_APPLIED,Player-4755-0178F416,"Eltorero-Dreadmist",0x514,0x0,Creature-0-4457-249-1045-10184-000028665C,"Onyxia",0x10a48,0x0,12721,"Deep Wound",0x1,DEBUFF
4/28 18:49:40.713  SPELL_ENERGIZE,Player-4755-01733879,"Hocwar-Dreadmist",0x40514,0x0,Player-4755-01733879,"Hocwar-Dreadmist",0x40514,0x0,12964,"Unbridled Wrath",0x1,Player-4755-01733879,0000000000000000,100,100,0,0,0,-1,0,0,0,21.18,-218.01,0,3.1397,71,1.0000,0.0000,1,1000
4/28 18:49:40.713  SPELL_HEAL,Player-4755-0160BD13,"Mafkees-Dreadmist",0x514,0x0,Player-4755-0160BD13,"Mafkees-Dreadmist",0x514,0x0,23891,"Bloodthirst",0x1,Player-4755-0160BD13,0000000000000000,100,100,0,0,0,-1,0,0,0,2.87,-226.84,0,0.9095,64,10,10,10,0,nil
4/28 18:49:40.713  SPELL_AURA_REMOVED,Player-4755-0160BD13,"Mafkees-Dreadmist",0x514,0x0,Player-4755-0160BD13,"Mafkees-Dreadmist",0x514,0x0,23888,"Bloodthirst",0x1,BUFF
4/28 18:49:40.713  SPELL_HEAL,Player-4755-02045EF4,"Necrosini-Dreadmist",0x512,0x0,Player-4755-01733879,"Hocwar-Dreadmist",0x40514,0x0,2054,"Heal",0x2,Player-4755-01733879,0000000000000000,100,100,0,0,0,-1,0,0,0,21.18,-218.01,0,3.1397,71,645,645,645,0,nil
4/28 18:49:40.713  SPELL_HEAL,Player-4755-01FA8DD8,"Roackerita-Dreadmist",0x514,0x0,Player-4755-01FA8D0D,"Roackeru-Dreadmist",0x514,0x0,2055,"Heal",0x2,Player-4755-01FA8D0D,0000000000000000,100,100,0,0,0,-1,0,0,0,14.13,-180.96,0,4.7241,65,1145,1145,943,0,nil
4/28 18:49:40.733  SWING_DAMAGE_LANDED,Player-4755-01A6B139,"Sakatan-Dreadmist",0x514,0x0,Creature-0-4457-249-1045-10184-000028665C,"Onyxia",0x10a48,0x0,Creature-0-4457-249-1045-10184-000028665C,0000000000000000,68,100,0,0,0,-1,0,0,0,10.16,-218.04,0,0.0023,63,157,195,-1,1,0,0,0,nil,1,nil
4/28 18:49:40.733  SPELL_ENERGIZE,Player-4755-01B60A5F,"Zurok-Dreadmist",0x514,0x0,Player-4755-01B60A5F,"Zurok-Dreadmist",0x514,0x0,17531,"Restore Mana",0x1,Player-4755-01B60A5F,0000000000000000,100,100,0,0,0,-1,0,0,0,14.47,-175.17,0,4.6123,62,1971.0000,0.0000,0,3675
4/28 18:49:40.733  SWING_DAMAGE_LANDED,Player-4755-01A6B139,"Sakatan-Dreadmist",0x514,0x0,Creature-0-4457-249-1045-10184-000028665C,"Onyxia",0x10a48,0x0,Creature-0-4457-249-1045-10184-000028665C,0000000000000000,68,100,0,0,0,-1,0,0,0,10.16,-218.04,0,0.0023,63,245,138,-1,1,0,0,0,1,nil,nil
4/28 18:49:40.733  SWING_DAMAGE_LANDED,Player-4755-01637B0A,"Pindle-Dreadmist",0x514,0x0,Creature-0-4457-249-1045-10184-000028665C,"Onyxia",0x10a48,0x0,Creature-0-4457-249-1045-10184-000028665C,0000000000000000,68,100,0,0,0,-1,0,0,0,10.16,-218.04,0,0.0023,63,162,201,-1,1,0,0,0,nil,1,nil
4/28 18:49:40.733  SPELL_DAMAGE,Player-4755-01733879,"Hocwar-Dreadmist",0x40514,0x0,Creature-0-4457-249-1045-10184-000028665C,"Onyxia",0x10a48,0x0,11567,"Heroic Strike",0x1,Creature-0-4457-249-1045-10184-000028665C,0000000000000000,68,100,0,0,0,-1,0,0,0,10.16,-218.04,0,0.0023,63,318,366,-1,1,0,0,0,nil,nil,nil
4/28 18:49:40.733  SWING_DAMAGE_LANDED,Creature-0-4457-249-1045-10184-000028665C,"Onyxia",0x10a48,0x0,Player-4755-01733879,"Hocwar-Dreadmist",0x40514,0x0,Player-4755-01733879,0000000000000000,90,100,0,0,0,-1,0,0,0,21.18,-218.01,0,3.1397,71,620,1462,-1,1,0,0,0,nil,nil,nil
4/28 18:49:40.733  SPELL_CAST_SUCCESS,Player-4755-0160BD13,"Mafkees-Dreadmist",0x514,0x0,Creature-0-4457-249-1045-10184-000028665C,"Onyxia",0x10a48,0x0,20569,"Cleave",0x1,Player-4755-0160BD13,0000000000000000,100,100,0,0,0,-1,0,0,0,2.87,-226.84,0,0.9095,64
4/28 18:49:40.733  SPELL_AURA_REMOVED_DOSE,Player-4755-0160BD13,"Mafkees-Dreadmist",0x514,0x0,Player-4755-0160BD13,"Mafkees-Dreadmist",0x514,0x0,12970,"Flurry",0x1,BUFF,2
4/28 18:49:40.733  SWING_MISSED,Player-4755-01840577,"Raggèn-Dreadmist",0x514,0x0,Creature-0-4457-249-1045-10184-000028665C,"Onyxia",0x10a48,0x0,PARRY,nil
4/28 18:49:40.784  SWING_DAMAGE,Player-4755-01637B0A,"Pindle-Dreadmist",0x514,0x0,Creature-0-4457-249-1045-10184-000028665C,"Onyxia",0x10a48,0x0,Player-4755-01637B0A,0000000000000000,100,100,0,0,0,-1,0,0,0,6.60,-209.63,0,5.0437,65,85,107,-1,1,0,0,0,nil,1,nil
4/28 18:49:40.814  RANGE_DAMAGE,Player-4755-021D6506,"Bloodlady-Dreadmist",0x514,0x0,Creature-0-4457-249-1045-10184-000028665C,"Onyxia",0x10a48,0x0,5019,"Shoot",0x1,Creature-0-4457-249-1045-10184-000028665C,0000000000000000,68,100,0,0,0,-1,0,0,0,10.16,-218.04,0,0.0023,63,109,98,-1,16,0,0,0,nil,nil,nil
4/28 18:49:40.831  SWING_DAMAGE,Pet-0-4457-249-1045-2850-01001956F9,"Kratos",0x1114,0x0,Creature-0-4457-249-1045-10184-000028665C,"Onyxia",0x10a48,0x0,Pet-0-4457-249-1045-2850-01001956F9,Player-4755-0178F576,100,100,0,0,0,-1,0,0,0,9.46,-193.00,0,4.7404,66,218,125,-1,1,0,0,0,1,nil,nil
4/28 18:49:40.850  SPELL_CAST_SUCCESS,Player-4755-015FEBD5,"Sauvage-Dreadmist",0x514,0x0,Creature-0-4457-249-1045-10184-000028665C,"Onyxia",0x10a48,0x0,10181,"Frostbolt",0x10,Player-4755-015FEBD5,0000000000000000,100,100,0,0,0,-1,0,0,0,-2.42,-186.07,0,4.9229,64
4/28 18:49:40.867  SPELL_CAST_SUCCESS,Player-4755-0178F416,"Eltorero-Dreadmist",0x514,0x0,Creature-0-4457-249-1045-10184-000028665C,"Onyxia",0x10a48,0x0,11567,"Heroic Strike",0x1,Player-4755-0178F416,0000000000000000,100,100,0,0,0,-1,0,0,0,9.49,-206.65,0,4.8095,67
4/28 18:49:40.867  SPELL_AURA_REMOVED_DOSE,Player-4755-0178F416,"Eltorero-Dreadmist",0x514,0x0,Player-4755-0178F416,"Eltorero-Dreadmist",0x514,0x0,12970,"Flurry",0x1,BUFF,2
4/28 18:49:40.867  SPELL_AURA_APPLIED,Player-4755-0178F416,"Eltorero-Dreadmist",0x514,0x0,Player-4755-0178F416,"Eltorero-Dreadmist",0x514,0x0,20007,"Holy Strength",0x2,BUFF
4/28 18:49:40.867  SPELL_HEAL,Player-4755-0178F416,"Eltorero-Dreadmist",0x514,0x0,Player-4755-0178F416,"Eltorero-Dreadmist",0x514,0x0,20007,"Holy Strength",0x2,Player-4755-0178F416,0000000000000000,100,100,0,0,0,-1,0,0,0,9.49,-206.65,0,4.8095,67,99,99,99,0,nil
4/28 18:49:40.867  SWING_MISSED,Player-4755-01F21AE6,"Blahu-Dreadmist",0x40514,0x0,Creature-0-4457-249-1045-10184-000028665C,"Onyxia",0x10a48,0x0,PARRY,1
4/28 18:49:40.901  SPELL_PERIODIC_DAMAGE,Player-4755-01614AC7,"Mirrimazduur-Dreadmist",0x512,0x0,Creature-0-4457-249-1045-10184-000028665C,"Onyxia",0x10a48,0x0,11672,"Corruption",0x20,Creature-0-4457-249-1045-10184-000028665C,0000000000000000,68,100,0,0,0,-1,0,0,0,10.16,-218.04,0,0.0023,63,207,188,-1,32,0,0,0,nil,nil,nil
4/28 18:49:40.901  SPELL_AURA_REMOVED,Player-4755-01614AC7,"Mirrimazduur-Dreadmist",0x512,0x0,Creature-0-4457-249-1045-10184-000028665C,"Onyxia",0x10a48,0x0,11672,"Corruption",0x20,DEBUFF
4/28 18:49:40.901  SPELL_DAMAGE,Player-4755-01802FE5,"Angrybat-Dreadmist",0x514,0x0,Creature-0-4457-249-1045-10184-000028665C,"Onyxia",0x10a48,0x0,10181,"Frostbolt",0x10,Creature-0-4457-249-1045-10184-000028665C,0000000000000000,68,100,0,0,0,-1,0,0,0,10.16,-218.04,0,0.0023,63,972,884,-1,16,0,0,0,nil,nil,nil
4/28 18:49:40.901  SWING_MISSED,Player-4755-01AC9FD9,"Alexinho-Dreadmist",0x514,0x0,Creature-0-4457-249-1045-10184-000028665C,"Onyxia",0x10a48,0x0,PARRY,1
4/28 18:49:40.950  SPELL_CAST_SUCCESS,Player-4755-01F36B30,"Rectumqeef-Dreadmist",0x514,0x0,Creature-0-4457-249-1045-10184-000028665C,"Onyxia",0x10a48,0x0,5019,"Shoot",0x1,Player-4755-01F36B30,0000000000000000,100,100,0,0,0,-1,0,0,0,1.78,-187.28,0,4.6930,66
4/28 18:49:40.965  SPELL_CAST_SUCCESS,Player-4755-01AC9FD9,"Alexinho-Dreadmist",0x514,0x0,Creature-0-4457-249-1045-10184-000028665C,"Onyxia",0x10a48,0x0,11294,"Sinister Strike",0x1,Player-4755-01AC9FD9,0000000000000000,100,100,0,0,0,-1,0,0,0,14.04,-202.29,0,4.4934,66
4/28 18:49:41.049  RANGE_DAMAGE,Player-4755-01F36B30,"Rectumqeef-Dreadmist",0x514,0x0,Creature-0-4457-249-1045-10184-000028665C,"Onyxia",0x10a48,0x0,5019,"Shoot",0x1,Creature-0-4457-249-1045-10184-000028665C,0000000000000000,68,100,0,0,0,-1,0,0,0,10.16,-218.04,0,0.0023,63,75,68,-1,64,0,0,0,nil,nil,nil
4/28 18:49:41.049  RANGE_DAMAGE,Player-4755-01E83279,"Nlmasters-Dreadmist",0x514,0x8,Creature-0-4457-249-1045-10184-000028665C,"Onyxia",0x10a48,0x0,75,"Auto Shot",0x1,Creature-0-4457-249-1045-10184-000028665C,0000000000000000,68,100,0,0,0,-1,0,0,0,10.16,-218.04,0,0.0023,63,809,416,-1,1,0,0,0,1,nil,nil
4/28 18:49:41.049  RANGE_DAMAGE,Player-4755-01B60A5F,"Zurok-Dreadmist",0x514,0x0,Creature-0-4457-249-1045-10184-000028665C,"Onyxia",0x10a48,0x0,75,"Auto Shot",0x1,Creature-0-4457-249-1045-10184-000028665C,0000000000000000,68,100,0,0,0,-1,0,0,0,10.16,-218.04,0,0.0023,63,376,433,-1,1,0,0,0,nil,nil,nil
4/28 18:49:41.065  SPELL_AURA_APPLIED,Player-4755-01AC9FD9,"Alexinho-Dreadmist",0x514,0x0,Player-4755-01AC9FD9,"Alexinho-Dreadmist",0x514,0x0,10610,"Windfury Totem",0x8,BUFF
4/28 18:49:41.065  SPELL_EXTRA_ATTACKS,Player-4755-01AC9FD9,"Alexinho-Dreadmist",0x514,0x0,Player-4755-01AC9FD9,"Alexinho-Dreadmist",0x514,0x0,10610,"Windfury Totem",0x8,1
4/28 18:49:41.065  SWING_DAMAGE,Player-4755-01AC9FD9,"Alexinho-Dreadmist",0x514,0x0,Creature-0-4457-249-1045-10184-000028665C,"Onyxia",0x10a48,0x0,Player-4755-01AC9FD9,0000000000000000,100,100,0,0,0,-1,0,0,0,14.04,-202.29,0,4.4934,66,673,380,-1,1,0,0,0,1,nil,nil
4/28 18:49:41.082  SWING_MISSED,Player-4755-01AC9FD9,"Alexinho-Dreadmist",0x514,0x0,Creature-0-4457-249-1045-10184-000028665C,"Onyxia",0x10a48,0x0,PARRY,nil
4/28 18:49:41.104  SWING_DAMAGE,Player-4755-01733879,"Hocwar-Dreadmist",0x40514,0x0,Creature-0-4457-249-1045-10184-000028665C,"Onyxia",0x10a48,0x0,Player-4755-01733879,0000000000000000,90,100,0,0,0,-1,0,0,0,21.18,-218.01,0,3.1397,71,233,134,-1,1,0,0,0,1,nil,nil
4/28 18:49:41.118  SPELL_AURA_APPLIED,Pet-0-4457-249-1045-7456-03003178E8,"Owl",0x1114,0x0,Pet-0-4457-249-1045-7456-03003178E8,"Owl",0x1114,0x0,23148,"Dive",0x1,BUFF
4/28 18:49:41.118  SPELL_CAST_SUCCESS,Pet-0-4457-249-1045-7456-03003178E8,"Owl",0x1114,0x0,0000000000000000,nil,0x80000000,0x80000000,23148,"Dive",0x1,Pet-0-4457-249-1045-7456-03003178E8,Player-4755-01B60A5F,100,100,0,0,0,-1,0,0,0,14.31,-193.80,0,4.5427,62
4/28 18:49:41.118  SPELL_HEAL,Player-4755-01733879,"Hocwar-Dreadmist",0x40514,0x0,Player-4755-01733879,"Hocwar-Dreadmist",0x40514,0x0,23880,"Bloodthirst",0x1,Player-4755-01733879,0000000000000000,90,100,0,0,0,-1,0,0,0,21.18,-218.01,0,3.1397,71,10,10,0,0,nil
4/28 18:49:41.118  SPELL_AURA_REMOVED,Player-4755-01733879,"Hocwar-Dreadmist",0x40514,0x0,Player-4755-01733879,"Hocwar-Dreadmist",0x40514,0x0,23885,"Bloodthirst",0x1,BUFF
4/28 18:49:41.118  SPELL_DAMAGE,Player-4755-0160BD13,"Mafkees-Dreadmist",0x514,0x0,Creature-0-4457-249-1045-10184-000028665C,"Onyxia",0x10a48,0x0,20569,"Cleave",0x1,Creature-0-4457-249-1045-10184-000028665C,0000000000000000,68,100,0,0,0,-1,0,0,0,10.16,-218.04,0,0.0023,63,699,806,-1,1,0,0,0,nil,nil,nil
4/28 18:49:41.118  SWING_DAMAGE_LANDED,Player-4755-01637B0A,"Pindle-Dreadmist",0x514,0x0,Creature-0-4457-249-1045-10184-000028665C,"Onyxia",0x10a48,0x0,Creature-0-4457-249-1045-10184-000028665C,0000000000000000,68,100,0,0,0,-1,0,0,0,10.16,-218.04,0,0.0023,63,85,107,-1,1,0,0,0,nil,1,nil
4/28 18:49:41.118  SWING_DAMAGE_LANDED,Pet-0-4457-249-1045-2850-01001956F9,"Kratos",0x1114,0x0,Creature-0-4457-249-1045-10184-000028665C,"Onyxia",0x10a48,0x0,Creature-0-4457-249-1045-10184-000028665C,0000000000000000,68,100,0,0,0,-1,0,0,0,10.16,-218.04,0,0.0023,63,218,125,-1,1,0,0,0,1,nil,nil
4/28 18:49:41.118  SPELL_DAMAGE,Player-4755-0178F416,"Eltorero-Dreadmist",0x514,0x0,Creature-0-4457-249-1045-10184-000028665C,"Onyxia",0x10a48,0x0,11567,"Heroic Strike",0x1,Creature-0-4457-249-1045-10184-000028665C,0000000000000000,67,100,0,0,0,-1,0,0,0,10.16,-218.04,0,0.0023,63,733,844,-1,1,0,0,0,nil,nil,nil
4/28 18:49:41.118  SPELL_DAMAGE,Player-4755-01AC9FD9,"Alexinho-Dreadmist",0x514,0x0,Creature-0-4457-249-1045-10184-000028665C,"Onyxia",0x10a48,0x0,11294,"Sinister Strike",0x1,Creature-0-4457-249-1045-10184-000028665C,0000000000000000,67,100,0,0,0,-1,0,0,0,10.16,-218.04,0,0.0023,63,425,490,-1,1,0,0,0,nil,nil,nil
4/28 18:49:41.118  SWING_DAMAGE_LANDED,Player-4755-01AC9FD9,"Alexinho-Dreadmist",0x514,0x0,Creature-0-4457-249-1045-10184-000028665C,"Onyxia",0x10a48,0x0,Creature-0-4457-249-1045-10184-000028665C,0000000000000000,67,100,0,0,0,-1,0,0,0,10.16,-218.04,0,0.0023,63,673,380,-1,1,0,0,0,1,nil,nil
4/28 18:49:41.118  SWING_DAMAGE_LANDED,Player-4755-01733879,"Hocwar-Dreadmist",0x40514,0x0,Creature-0-4457-249-1045-10184-000028665C,"Onyxia",0x10a48,0x0,Creature-0-4457-249-1045-10184-000028665C,0000000000000000,67,100,0,0,0,-1,0,0,0,10.16,-218.04,0,0.0023,63,233,134,-1,1,0,0,0,1,nil,nil
4/28 18:49:41.139  SWING_DAMAGE,Player-4755-01F21AE6,"Blahu-Dreadmist",0x40514,0x0,Creature-0-4457-249-1045-10184-000028665C,"Onyxia",0x10a48,0x0,Player-4755-01F21AE6,0000000000000000,100,100,0,0,0,-1,0,0,0,13.36,-210.14,0,4.6774,70,175,355,-1,1,0,0,0,nil,1,nil
4/28 18:49:41.139  SWING_DAMAGE,Creature-0-4457-249-1045-10184-000028665C,"Onyxia",0x10a48,0x0,Player-4755-01733879,"Hocwar-Dreadmist",0x40514,0x0,Creature-0-4457-249-1045-10184-000028665C,0000000000000000,67,100,0,0,0,-1,0,0,0,10.16,-218.04,0,0.0023,63,630,1487,-1,1,0,0,0,nil,nil,nil
4/28 18:49:41.155  SPELL_CAST_START,Player-4755-0178F576,"Atreas-Dreadmist",0x514,0x0,0000000000000000,nil,0x80000000,0x80000000,75,"Auto Shot",0x1
4/28 18:49:41.226  SPELL_CAST_SUCCESS,Player-4755-01637B0A,"Pindle-Dreadmist",0x514,0x0,Creature-0-4457-249-1045-10184-000028665C,"Onyxia",0x10a48,0x0,11281,"Backstab",0x1,Player-4755-01637B0A,0000000000000000,100,100,0,0,0,-1,0,0,0,6.07,-209.81,0,5.0515,65
4/28 18:49:41.285  SWING_DAMAGE,Pet-0-4457-249-1045-7456-03003178E8,"Owl",0x1114,0x0,Creature-0-4457-249-1045-10184-000028665C,"Onyxia",0x10a48,0x0,Pet-0-4457-249-1045-7456-03003178E8,Player-4755-01B60A5F,100,100,0,0,0,-1,0,0,0,14.31,-193.80,0,4.5427,62,55,161,-1,1,0,0,0,nil,1,nil
4/28 18:49:41.304  SPELL_CAST_START,Player-4755-0210153A,"Hapuseneb-Dreadmist",0x514,0x0,0000000000000000,nil,0x80000000,0x80000000,2053,"Lesser Heal",0x2
4/28 18:49:41.380  SPELL_PERIODIC_DAMAGE,Player-4755-01F36B30,"Rectumqeef-Dreadmist",0x514,0x0,Creature-0-4457-249-1045-10184-000028665C,"Onyxia",0x10a48,0x0,11672,"Corruption",0x20,Creature-0-4457-249-1045-10184-000028665C,0000000000000000,67,100,0,0,0,-1,0,0,0,10.16,-218.04,0,0.0023,63,224,203,-1,32,0,0,0,nil,nil,nil
4/28 18:49:41.380  SPELL_CAST_SUCCESS,Player-4755-01804B95,"Moymoy-Dreadmist",0x514,0x0,Player-4755-01614AC7,"Mirrimazduur-Dreadmist",0x512,0x0,1064,"Chain Heal",0x8,Player-4755-01804B95,0000000000000000,100,100,0,0,0,-1,0,0,0,13.22,-186.11,0,4.8801,66
4/28 18:49:41.397  SPELL_CAST_SUCCESS,Player-4755-016296D3,"Nivl-Dreadmist",0x514,0x0,Creature-0-4457-249-1045-10184-000028665C,"Onyxia",0x10a48,0x0,15208,"Lightning Bolt",0x8,Player-4755-016296D3,0000000000000000,100,100,0,0,0,-1,0,0,0,12.99,-204.08,0,4.6027,69
4/28 18:49:41.397  SPELL_AURA_REMOVED,Player-4755-016296D3,"Nivl-Dreadmist",0x514,0x0,Player-4755-016296D3,"Nivl-Dreadmist",0x514,0x0,16246,"Clearcasting",0x40,BUFF
4/28 18:49:41.418  SPELL_CAST_SUCCESS,Player-4755-01614AC7,"Mirrimazduur-Dreadmist",0x512,0x0,Creature-0-4457-249-1045-10184-000028665C,"Onyxia",0x10a48,0x0,11661,"Shadow Bolt",0x20,Player-4755-01614AC7,0000000000000000,96,100,0,0,0,-1,0,0,0,-1.52,-178.92,0,4.8760,68
4/28 18:49:41.451  SPELL_CAST_SUCCESS,Player-4755-0163DD9D,"Kaspais-Dreadmist",0x514,0x0,Creature-0-4457-249-1045-10184-000028665C,"Onyxia",0x10a48,0x0,10181,"Frostbolt",0x10,Player-4755-0163DD9D,0000000000000000,100,100,0,0,0,-1,0,0,0,-2.78,-188.61,0,4.9259,66
4/28 18:49:41.466  SPELL_CAST_START,Player-4755-01614AC7,"Mirrimazduur-Dreadmist",0x512,0x0,0000000000000000,nil,0x80000000,0x80000000,11672,"Corruption",0x20
4/28 18:49:41.466  SPELL_CAST_SUCCESS,Player-4755-01614AC7,"Mirrimazduur-Dreadmist",0x512,0x0,Creature-0-4457-249-1045-10184-000028665C,"Onyxia",0x10a48,0x0,11672,"Corruption",0x20,Player-4755-01614AC7,0000000000000000,96,100,0,0,0,-1,0,0,0,-1.52,-178.92,0,4.8760,68
4/28 18:49:41.485  SPELL_AURA_APPLIED,Player-4755-0220BD00,"Krikoff-Dreadmist",0x40514,0x0,Player-4755-0220BD00,"Krikoff-Dreadmist",0x40514,0x0,10610,"Windfury Totem",0x8,BUFF
4/28 18:49:41.485  SPELL_EXTRA_ATTACKS,Player-4755-0220BD00,"Krikoff-Dreadmist",0x40514,0x0,Player-4755-0220BD00,"Krikoff-Dreadmist",0x40514,0x0,10610,"Windfury Totem",0x8,1
4/28 18:49:41.485  SWING_DAMAGE,Player-4755-0220BD00,"Krikoff-Dreadmist",0x40514,0x0,Creature-0-4457-249-1045-10184-000028665C,"Onyxia",0x10a48,0x0,Player-4755-0220BD00,0000000000000000,100,100,0,0,0,-1,0,0,0,10.75,-211.32,0,4.7242,68,300,392,-1,1,0,0,0,nil,1,nil
4/28 18:49:41.485  SPELL_CAST_SUCCESS,Player-4755-0178F416,"Eltorero-Dreadmist",0x514,0x0,Creature-0-4457-249-1045-10184-000028665C,"Onyxia",0x10a48,0x0,23894,"Bloodthirst",0x1,Player-4755-0178F416,0000000000000000,100,100,0,0,0,-1,0,0,0,9.43,-206.08,0,4.8095,67
4/28 18:49:41.485  SPELL_AURA_APPLIED,Player-4755-0178F416,"Eltorero-Dreadmist",0x514,0x0,Player-4755-0178F416,"Eltorero-Dreadmist",0x514,0x0,10610,"Windfury Totem",0x8,BUFF
4/28 18:49:41.485  SPELL_EXTRA_ATTACKS,Player-4755-0178F416,"Eltorero-Dreadmist",0x514,0x0,Player-4755-0178F416,"Eltorero-Dreadmist",0x514,0x0,10610,"Windfury Totem",0x8,1
4/28 18:49:41.485  SWING_MISSED,Player-4755-0220BD00,"Krikoff-Dreadmist",0x40514,0x0,Creature-0-4457-249-1045-10184-000028665C,"Onyxia",0x10a48,0x0,PARRY,nil
4/28 18:49:41.485  SWING_DAMAGE,Player-4755-0178F416,"Eltorero-Dreadmist",0x514,0x0,Creature-0-4457-249-1045-10184-000028665C,"Onyxia",0x10a48,0x0,Player-4755-0178F416,0000000000000000,100,100,0,0,0,-1,0,0,0,9.43,-206.08,0,4.8095,67,1532,882,-1,1,0,0,0,1,nil,nil
4/28 18:49:41.504  SPELL_AURA_REMOVED,Player-4755-0178F576,"Atreas-Dreadmist",0x514,0x0,Player-4755-0160BD13,"Mafkees-Dreadmist",0x514,0x0,20906,"Trueshot Aura",0x40,BUFF
4/28 18:49:41.522  SPELL_AURA_APPLIED,Player-4755-01802FE5,"Angrybat-Dreadmist",0x514,0x0,Creature-0-4457-249-1045-10184-000028665C,"Onyxia",0x10a48,0x0,12579,"Winter's Chill",0x10,DEBUFF
4/28 18:49:41.522  SPELL_AURA_REMOVED_DOSE,Player-4755-01AC9FD9,"Alexinho-Dreadmist",0x514,0x0,Player-4755-01AC9FD9,"Alexinho-Dreadmist",0x514,0x0,10610,"Windfury Totem",0x8,BUFF,1
4/28 18:49:41.522  SPELL_AURA_REMOVED,Player-4755-01AC9FD9,"Alexinho-Dreadmist",0x514,0x0,Player-4755-01AC9FD9,"Alexinho-Dreadmist",0x514,0x0,10610,"Windfury Totem",0x8,BUFF
4/28 18:49:41.522  SPELL_AURA_REMOVED_DOSE,Player-4755-01733879,"Hocwar-Dreadmist",0x40514,0x0,Player-4755-01733879,"Hocwar-Dreadmist",0x40514,0x0,12970,"Flurry",0x1,BUFF,1
4/28 18:49:41.522  SPELL_AURA_APPLIED_DOSE,Player-4755-01733879,"Hocwar-Dreadmist",0x40514,0x0,Player-4755-01733879,"Hocwar-Dreadmist",0x40514,0x0,12970,"Flurry",0x1,BUFF,3
4/28 18:49:41.522  SWING_DAMAGE_LANDED,Player-4755-01F21AE6,"Blahu-Dreadmist",0x40514,0x0,Creature-0-4457-249-1045-10184-000028665C,"Onyxia",0x10a48,0x0,Creature-0-4457-249-1045-10184-000028665C,0000000000000000,67,100,0,0,0,-1,0,0,0,10.16,-218.04,0,0.0023,63,175,355,-1,1,0,0,0,nil,1,nil
4/28 18:49:41.542  SWING_DAMAGE_LANDED,Creature-0-4457-249-1045-10184-000028665C,"Onyxia",0x10a48,0x0,Player-4755-01733879,"Hocwar-Dreadmist",0x40514,0x0,Player-4755-01733879,0000000000000000,80,100,0,0,0,-1,0,0,0,21.18,-218.01,0,3.1397,71,630,1487,-1,1,0,0,0,nil,nil,nil
4/28 18:49:41.542  SPELL_DAMAGE,Player-4755-01637B0A,"Pindle-Dreadmist",0x514,0x0,Creature-0-4457-249-1045-10184-000028665C,"Onyxia",0x10a48,0x0,11281,"Backstab",0x1,Creature-0-4457-249-1045-10184-000028665C,0000000000000000,67,100,0,0,0,-1,0,0,0,10.16,-218.04,0,0.0023,63,1387,698,-1,1,0,0,0,1,nil,nil
4/28 18:49:41.542  SWING_DAMAGE_LANDED,Pet-0-4457-249-1045-7456-03003178E8,"Owl",0x1114,0x0,Creature-0-4457-249-1045-10184-000028665C,"Onyxia",0x10a48,0x0,Creature-0-4457-249-1045-10184-000028665C,0000000000000000,67,100,0,0,0,-1,0,0,0,10.16,-218.04,0,0.0023,63,55,161,-1,1,0,0,0,nil,1,nil
4/28 18:49:41.542  SPELL_HEAL,Player-4755-01804B95,"Moymoy-Dreadmist",0x514,0x0,Player-4755-01614AC7,"Mirrimazduur-Dreadmist",0x512,0x0,1064,"Chain Heal",0x8,Player-4755-01614AC7,0000000000000000,100,100,0,0,0,-1,0,0,0,-1.52,-178.92,0,4.8760,68,762,762,606,0,nil
4/28 18:49:41.542  SPELL_AURA_APPLIED,Player-4755-01614AC7,"Mirrimazduur-Dreadmist",0x512,0x0,Creature-0-4457-249-1045-10184-000028665C,"Onyxia",0x10a48,0x0,11672,"Corruption",0x20,DEBUFF
4/28 18:49:41.542  SWING_DAMAGE_LANDED,Player-4755-0220BD00,"Krikoff-Dreadmist",0x40514,0x0,Creature-0-4457-249-1045-10184-000028665C,"Onyxia",0x10a48,0x0,Creature-0-4457-249-1045-10184-000028665C,0000000000000000,67,100,0,0,0,-1,0,0,0,10.16,-218.04,0,0.0023,63,300,392,-1,1,0,0,0,nil,1,nil
4/28 18:49:41.542  SPELL_DAMAGE,Player-4755-0178F416,"Eltorero-Dreadmist",0x514,0x0,Creature-0-4457-249-1045-10184-000028665C,"Onyxia",0x10a48,0x0,23894,"Bloodthirst",0x1,Creature-0-4457-249-1045-10184-000028665C,0000000000000000,67,100,0,0,0,-1,0,0,0,10.16,-218.04,0,0.0023,63,636,733,-1,1,0,0,0,nil,nil,nil
4/28 18:49:41.542  SPELL_AURA_APPLIED,Player-4755-0178F416,"Eltorero-Dreadmist",0x514,0x0,Player-4755-0178F416,"Eltorero-Dreadmist",0x514,0x0,23888,"Bloodthirst",0x1,BUFF
4/28 18:49:41.542  SWING_DAMAGE_LANDED,Player-4755-0178F416,"Eltorero-Dreadmist",0x514,0x0,Creature-0-4457-249-1045-10184-000028665C,"Onyxia",0x10a48,0x0,Creature-0-4457-249-1045-10184-000028665C,0000000000000000,67,100,0,0,0,-1,0,0,0,10.16,-218.04,0,0.0023,63,1532,882,-1,1,0,0,0,1,nil,nil
4/28 18:49:41.582  SPELL_CAST_SUCCESS,Player-4755-0178F576,"Atreas-Dreadmist",0x514,0x0,Creature-0-4457-249-1045-10184-000028665C,"Onyxia",0x10a48,0x0,75,"Auto Shot",0x1,Player-4755-0178F576,0000000000000000,100,100,0,0,0,-1,0,0,0,6.14,-178.76,0,4.8144,66
4/28 18:49:41.630  RANGE_DAMAGE,Player-4755-020BD78D,"Lonehunter-Dreadmist",0x514,0x0,Creature-0-4457-249-1045-10184-000028665C,"Onyxia",0x10a48,0x0,75,"Auto Shot",0x1,Creature-0-4457-249-1045-10184-000028665C,0000000000000000,67,100,0,0,0,-1,0,0,0,10.16,-218.04,0,0.0023,63,950,465,-1,1,0,0,0,1,nil,nil
4/28 18:49:41.689  SWING_MISSED,Player-4755-01637B0A,"Pindle-Dreadmist",0x514,0x0,Creature-0-4457-249-1045-10184-000028665C,"Onyxia",0x10a48,0x0,MISS,1
4/28 18:49:41.689  SPELL_CAST_SUCCESS,Player-4755-01A6B139,"Sakatan-Dreadmist",0x514,0x0,Creature-0-4457-249-1045-10184-000028665C,"Onyxia",0x10a48,0x0,11281,"Backstab",0x1,Player-4755-01A6B139,0000000000000000,100,100,0,0,0,-1,0,0,0,9.54,-199.57,0,5.0548,69
4/28 18:49:41.751  SWING_DAMAGE,Pet-0-4457-249-1045-9622-02002CD5BC,"Bokito",0x1114,0x0,Creature-0-4457-249-1045-10184-000028665C,"Onyxia",0x10a48,0x0,Pet-0-4457-249-1045-9622-02002CD5BC,Player-4755-020BD78D,100,100,0,0,0,-1,0,0,0,-4.27,-198.08,0,5.3385,70,113,237,-1,1,0,0,0,nil,1,nil
4/28 18:49:41.766  SPELL_PERIODIC_ENERGIZE,Creature-0-4457-249-1045-7416-0000286C87,"Mana Spring Totem IV",0x2114,0x0,Player-4755-016296D3,"Nivl-Dreadmist",0x514,0x0,10494,"Mana Spring",0x8,Player-4755-016296D3,0000000000000000,100,100,0,0,0,-1,0,0,0,12.99,-204.08,0,4.6027,69,10.0000,0.0000,0,5845
4/28 18:49:41.766  SPELL_PERIODIC_ENERGIZE,Creature-0-4457-249-1045-7416-0000286C87,"Mana Spring Totem IV",0x2114,0x0,Player-4755-0178F576,"Atreas-Dreadmist",0x514,0x0,10494,"Mana Spring",0x8,Player-4755-0178F576,0000000000000000,100,100,0,0,0,-1,0,0,0,6.14,-178.76,0,4.8144,66,10.0000,0.0000,0,3765
4/28 18:49:41.783  SPELL_CAST_SUCCESS,Player-4755-01733879,"Hocwar-Dreadmist",0x40514,0x0,Creature-0-4457-249-1045-10184-000028665C,"Onyxia",0x10a48,0x0,11597,"Sunder Armor",0x1,Player-4755-01733879,0000000000000000,80,100,0,0,0,-1,0,0,0,21.18,-218.01,0,3.1397,71
4/28 18:49:41.813  SWING_MISSED,Player-4755-01637B0A,"Pindle-Dreadmist",0x514,0x0,Creature-0-4457-249-1045-10184-000028665C,"Onyxia",0x10a48,0x0,MISS,nil
4/28 18:49:41.842  SWING_DAMAGE,Pet-0-4457-249-1045-2850-01001956F9,"Kratos",0x1114,0x0,Creature-0-4457-249-1045-10184-000028665C,"Onyxia",0x10a48,0x0,Pet-0-4457-249-1045-2850-01001956F9,Player-4755-0178F576,100,100,0,0,0,-1,0,0,0,9.46,-193.00,0,4.7404,66,107,123,-1,1,0,0,0,nil,nil,nil
4/28 18:49:41.858  SPELL_CAST_START,Player-4755-01B60A5F,"Zurok-Dreadmist",0x514,0x0,0000000000000000,nil,0x80000000,0x80000000,14290,"Multi-Shot",0x1
4/28 18:49:41.902  SPELL_CAST_START,Creature-0-4457-249-1045-10184-000028665C,"Onyxia",0x10a48,0x0,0000000000000000,nil,0x80000000,0x80000000,18500,"Wing Buffet",0x1
4/28 18:49:41.920  SPELL_ENERGIZE,Player-4755-0160BD13,"Mafkees-Dreadmist",0x514,0x0,Player-4755-0160BD13,"Mafkees-Dreadmist",0x514,0x0,12964,"Unbridled Wrath",0x1,Player-4755-0160BD13,0000000000000000,100,100,0,0,0,-1,0,0,0,2.87,-226.84,0,0.9095,64,1.0000,0.0000,1,1000
4/28 18:49:41.920  SPELL_AURA_APPLIED,Player-4755-01F36B30,"Rectumqeef-Dreadmist",0x514,0x0,Player-4755-01F36B30,"Rectumqeef-Dreadmist",0x514,0x0,17941,"Shadow Trance",0x20,BUFF
4/28 18:49:41.920  SPELL_AURA_REMOVED_DOSE,Player-4755-0220BD00,"Krikoff-Dreadmist",0x40514,0x0,Player-4755-0220BD00,"Krikoff-Dreadmist",0x40514,0x0,10610,"Windfury Totem",0x8,BUFF,1
4/28 18:49:41.920  SPELL_AURA_REMOVED_DOSE,Player-4755-0220BD00,"Krikoff-Dreadmist",0x40514,0x0,Player-4755-0220BD00,"Krikoff-Dreadmist",0x40514,0x0,12970,"Flurry",0x1,BUFF,1
4/28 18:49:41.920  SPELL_AURA_REMOVED_DOSE,Player-4755-0178F416,"Eltorero-Dreadmist",0x514,0x0,Player-4755-0178F416,"Eltorero-Dreadmist",0x514,0x0,23888,"Bloodthirst",0x1,BUFF,4
4/28 18:49:41.920  SPELL_HEAL,Player-4755-0178F416,"Eltorero-Dreadmist",0x514,0x0,Player-4755-0178F416,"Eltorero-Dreadmist",0x514,0x0,23891,"Bloodthirst",0x1,Player-4755-0178F416,0000000000000000,100,100,0,0,0,-1,0,0,0,9.43,-206.08,0,4.8095,67,20,20,20,0,nil
4/28 18:49:41.949  SPELL_AURA_REMOVED,Player-4755-0220BD00,"Krikoff-Dreadmist",0x40514,0x0,Player-4755-0220BD00,"Krikoff-Dreadmist",0x40514,0x0,12970,"Flurry",0x1,BUFF
4/28 18:49:41.949  SPELL_AURA_REMOVED,Player-4755-0220BD00,"Krikoff-Dreadmist",0x40514,0x0,Player-4755-0220BD00,"Krikoff-Dreadmist",0x40514,0x0,10610,"Windfury Totem",0x8,BUFF
4/28 18:49:41.949  SPELL_AURA_REMOVED_DOSE,Player-4755-0178F416,"Eltorero-Dreadmist",0x514,0x0,Player-4755-0178F416,"Eltorero-Dreadmist",0x514,0x0,23888,"Bloodthirst",0x1,BUFF,3
4/28 18:49:41.949  SPELL_AURA_REMOVED_DOSE,Player-4755-0178F416,"Eltorero-Dreadmist",0x514,0x0,Player-4755-0178F416,"Eltorero-Dreadmist",0x514,0x0,10610,"Windfury Totem",0x8,BUFF,1
4/28 18:49:41.949  SPELL_AURA_REMOVED_DOSE,Player-4755-0178F416,"Eltorero-Dreadmist",0x514,0x0,Player-4755-0178F416,"Eltorero-Dreadmist",0x514,0x0,12970,"Flurry",0x1,BUFF,1
4/28 18:49:41.949  SPELL_AURA_APPLIED_DOSE,Player-4755-0178F416,"Eltorero-Dreadmist",0x514,0x0,Player-4755-0178F416,"Eltorero-Dreadmist",0x514,0x0,12970,"Flurry",0x1,BUFF,3
4/28 18:49:41.949  SPELL_HEAL,Player-4755-0178F416,"Eltorero-Dreadmist",0x514,0x0,Player-4755-0178F416,"Eltorero-Dreadmist",0x514,0x0,23891,"Bloodthirst",0x1,Player-4755-0178F416,0000000000000000,100,100,0,0,0,-1,0,0,0,9.43,-206.08,0,4.8095,67,20,20,20,0,nil
4/28 18:49:41.949  SPELL_DAMAGE,Player-4755-01A6B139,"Sakatan-Dreadmist",0x514,0x0,Creature-0-4457-249-1045-10184-000028665C,"Onyxia",0x10a48,0x0,11281,"Backstab",0x1,Creature-0-4457-249-1045-10184-000028665C,0000000000000000,67,100,0,0,0,-1,0,0,0,10.16,-218.04,0,0.0027,63,584,672,-1,1,0,0,0,nil,nil,nil
4/28 18:49:41.949  SWING_DAMAGE_LANDED,Pet-0-4457-249-1045-9622-02002CD5BC,"Bokito",0x1114,0x0,Creature-0-4457-249-1045-10184-000028665C,"Onyxia",0x10a48,0x0,Creature-0-4457-249-1045-10184-000028665C,0000000000000000,67,100,0,0,0,-1,0,0,0,10.16,-218.04,0,0.0027,63,113,237,-1,1,0,0,0,nil,1,nil
4/28 18:49:41.949  SWING_DAMAGE_LANDED,Pet-0-4457-249-1045-2850-01001956F9,"Kratos",0x1114,0x0,Creature-0-4457-249-1045-10184-000028665C,"Onyxia",0x10a48,0x0,Creature-0-4457-249-1045-10184-000028665C,0000000000000000,67,100,0,0,0,-1,0,0,0,10.16,-218.04,0,0.0027,63,107,123,-1,1,0,0,0,nil,nil,nil
4/28 18:49:41.949  SPELL_CAST_START,Player-4755-01F36B30,"Rectumqeef-Dreadmist",0x514,0x0,0000000000000000,nil,0x80000000,0x80000000,5019,"Shoot",0x1
4/28 18:49:41.971  SWING_MISSED,Player-4755-01A6B139,"Sakatan-Dreadmist",0x514,0x0,Creature-0-4457-249-1045-10184-000028665C,"Onyxia",0x10a48,0x0,MISS,1
4/28 18:49:41.988  SPELL_AURA_APPLIED,Player-4755-016DF694,"Ashalan-Dreadmist",0x514,0x0,Player-4755-016DF694,"Ashalan-Dreadmist",0x514,0x0,16361,"Windfury Weapon",0x8,BUFF
4/28 18:49:41.988  SPELL_EXTRA_ATTACKS,Player-4755-016DF694,"Ashalan-Dreadmist",0x514,0x0,Player-4755-016DF694,"Ashalan-Dreadmist",0x514,0x0,16361,"Windfury Weapon",0x8,2
4/28 18:49:41.988  SWING_DAMAGE,Player-4755-016DF694,"Ashalan-Dreadmist",0x514,0x0,Creature-0-4457-249-1045-10184-000028665C,"Onyxia",0x10a48,0x0,Player-4755-016DF694,0000000000000000,100,100,0,0,0,-1,0,0,0,10.97,-210.75,0,4.5498,67,374,588,-1,1,0,0,0,nil,1,nil
4/28 18:49:42.006  SWING_MISSED,Player-4755-01A6B139,"Sakatan-Dreadmist",0x514,0x0,Creature-0-4457-249-1045-10184-000028665C,"Onyxia",0x10a48,0x0,MISS,nil
4/28 18:49:42.006  SWING_DAMAGE,Player-4755-016DF694,"Ashalan-Dreadmist",0x514,0x0,Creature-0-4457-249-1045-10184-000028665C,"Onyxia",0x10a48,0x0,Player-4755-016DF694,0000000000000000,100,100,0,0,0,-1,0,0,0,10.97,-210.75,0,4.5498,67,1131,652,-1,1,0,0,0,1,nil,nil
4/28 18:49:42.006  SWING_DAMAGE,Player-4755-016DF694,"Ashalan-Dreadmist",0x514,0x0,Creature-0-4457-249-1045-10184-000028665C,"Onyxia",0x10a48,0x0,Player-4755-016DF694,0000000000000000,100,100,0,0,0,-1,0,0,0,10.97,-210.75,0,4.5498,67,1104,636,-1,1,0,0,0,1,nil,nil
4/28 18:49:42.054  SPELL_CAST_SUCCESS,Player-4755-01733879,"Hocwar-Dreadmist",0x40514,0x0,Creature-0-4457-249-1045-10184-000028665C,"Onyxia",0x10a48,0x0,11567,"Heroic Strike",0x1,Player-4755-01733879,0000000000000000,80,100,0,0,0,-1,0,0,0,21.18,-218.01,0,3.1397,71
4/28 18:49:42.054  SPELL_AURA_REMOVED_DOSE,Player-4755-01733879,"Hocwar-Dreadmist",0x40514,0x0,Player-4755-01733879,"Hocwar-Dreadmist",0x40514,0x0,12970,"Flurry",0x1,BUFF,2
4/28 18:49:42.072  SPELL_CAST_START,Player-4755-021D6506,"Bloodlady-Dreadmist",0x514,0x0,0000000000000000,nil,0x80000000,0x80000000,5019,"Shoot",0x1
4/28 18:49:42.088  SPELL_DAMAGE,Player-4755-015FEBD5,"Sauvage-Dreadmist",0x514,0x0,Creature-0-4457-249-1045-10184-000028665C,"Onyxia",0x10a48,0x0,10181,"Frostbolt",0x10,Creature-0-4457-249-1045-10184-000028665C,0000000000000000,67,100,0,0,0,-1,0,0,0,10.16,-218.04,0,0.0027,63,903,820,-1,16,0,0,0,nil,nil,nil
4/28 18:49:42.088  SPELL_PERIODIC_DAMAGE,Player-4755-0160BD13,"Mafkees-Dreadmist",0x514,0x0,Creature-0-4457-249-1045-10184-000028665C,"Onyxia",0x10a48,0x0,12721,"Deep Wound",0x1,Creature-0-4457-249-1045-10184-000028665C,0000000000000000,67,100,0,0,0,-1,0,0,0,10.16,-218.04,0,0.0027,63,152,151,-1,1,0,0,0,nil,nil,nil
4/28 18:49:42.104  SPELL_DAMAGE,Player-4755-016296D3,"Nivl-Dreadmist",0x514,0x0,Creature-0-4457-249-1045-10184-000028665C,"Onyxia",0x10a48,0x0,15208,"Lightning Bolt",0x8,Creature-0-4457-249-1045-10184-000028665C,0000000000000000,67,100,0,0,0,-1,0,0,0,10.16,-218.04,0,0.0027,63,575,574,-1,8,0,0,0,nil,nil,nil
4/28 18:49:42.120  SPELL_CAST_START,Player-4755-01E83279,"Nlmasters-Dreadmist",0x514,0x8,0000000000000000,nil,0x80000000,0x80000000,75,"Auto Shot",0x1
4/28 18:49:42.140  SPELL_CAST_START,Player-4755-015FEBD5,"Sauvage-Dreadmist",0x514,0x0,0000000000000000,nil,0x80000000,0x80000000,10181,"Frostbolt",0x10
4/28 18:49:42.240  SPELL_CAST_SUCCESS,Player-4755-01617EEE,"Fenix-Dreadmist",0x512,0x0,Player-4755-01614AC7,"Mirrimazduur-Dreadmist",0x512,0x0,6064,"Heal",0x2,Player-4755-01617EEE,0000000000000000,100,100,0,0,0,-1,0,0,0,26.44,-181.95,0,4.6344,66
4/28 18:49:42.240  SPELL_CAST_START,Player-4755-01617EEE,"Fenix-Dreadmist",0x512,0x0,0000000000000000,nil,0x80000000,0x80000000,6064,"Heal",0x2
4/28 18:49:42.256  SPELL_CAST_SUCCESS,Player-4755-01F21AE6,"Blahu-Dreadmist",0x40514,0x0,Creature-0-4457-249-1045-10184-000028665C,"Onyxia",0x10a48,0x0,23894,"Bloodthirst",0x1,Player-4755-01F21AE6,0000000000000000,100,100,0,0,0,-1,0,0,0,13.36,-210.14,0,4.6774,70
4/28 18:49:42.256  SPELL_AURA_APPLIED,Player-4755-01F21AE6,"Blahu-Dreadmist",0x40514,0x0,Player-4755-01F21AE6,"Blahu-Dreadmist",0x40514,0x0,10610,"Windfury Totem",0x8,BUFF
4/28 18:49:42.256  SPELL_EXTRA_ATTACKS,Player-4755-01F21AE6,"Blahu-Dreadmist",0x40514,0x0,Player-4755-01F21AE6,"Blahu-Dreadmist",0x40514,0x0,10610,"Windfury Totem",0x8,1
4/28 18:49:42.256  SPELL_CAST_START,Player-4755-020BD78D,"Lonehunter-Dreadmist",0x514,0x0,0000000000000000,nil,0x80000000,0x80000000,75,"Auto Shot",0x1
4/28 18:49:42.258  SPELL_CAST_SUCCESS,Player-4755-01F21AE6,"Blahu-Dreadmist",0x40514,0x0,Creature-0-4457-249-1045-10184-000028665C,"Onyxia",0x10a48,0x0,11567,"Heroic Strike",0x1,Player-4755-01F21AE6,0000000000000000,100,100,0,0,0,-1,0,0,0,13.36,-210.14,0,4.6774,70
4/28 18:49:42.258  SPELL_AURA_REMOVED_DOSE,Player-4755-01F21AE6,"Blahu-Dreadmist",0x40514,0x0,Player-4755-01F21AE6,"Blahu-Dreadmist",0x40514,0x0,10610,"Windfury Totem",0x8,BUFF,1
4/28 18:49:42.292  SWING_DAMAGE,Player-4755-01AC9FD9,"Alexinho-Dreadmist",0x514,0x0,Creature-0-4457-249-1045-10184-000028665C,"Onyxia",0x10a48,0x0,Player-4755-01AC9FD9,0000000000000000,100,100,0,0,0,-1,0,0,0,14.04,-202.29,0,4.4934,66,127,181,-1,1,0,0,0,nil,1,nil
4/28 18:49:42.292  SPELL_CAST_SUCCESS,Player-4755-01B60A5F,"Zurok-Dreadmist",0x514,0x0,Creature-0-4457-249-1045-10184-000028665C,"Onyxia",0x10a48,0x0,14290,"Multi-Shot",0x1,Player-4755-01B60A5F,0000000000000000,100,100,0,0,0,-1,0,0,0,14.47,-175.17,0,4.6123,62
4/28 18:49:42.328  SPELL_ENERGIZE,Player-4755-01F21AE6,"Blahu-Dreadmist",0x40514,0x0,Player-4755-01F21AE6,"Blahu-Dreadmist",0x40514,0x0,12964,"Unbridled Wrath",0x1,Player-4755-01F21AE6,0000000000000000,100,100,0,0,0,-1,0,0,0,13.36,-210.14,0,4.6774,70,1.0000,0.0000,1,1000
4/28 18:49:42.328  SPELL_ENERGIZE,Player-4755-0220BD00,"Krikoff-Dreadmist",0x40514,0x0,Player-4755-0220BD00,"Krikoff-Dreadmist",0x40514,0x0,12964,"Unbridled Wrath",0x1,Player-4755-0220BD00,0000000000000000,100,100,0,0,0,-1,0,0,0,10.75,-211.32,0,4.7242,68,0.0000,1.0000,1,1000
4/28 18:49:42.328  SPELL_AURA_REFRESH,Player-4755-0178F416,"Eltorero-Dreadmist",0x514,0x0,Creature-0-4457-249-1045-10184-000028665C,"Onyxia",0x10a48,0x0,12721,"Deep Wound",0x1,DEBUFF
4/28 18:49:42.328  SWING_DAMAGE_LANDED,Player-4755-016DF694,"Ashalan-Dreadmist",0x514,0x0,Creature-0-4457-249-1045-10184-000028665C,"Onyxia",0x10a48,0x0,Creature-0-4457-249-1045-10184-000028665C,0000000000000000,67,100,0,0,0,-1,0,0,0,10.16,-218.04,0,0.0027,63,374,588,-1,1,0,0,0,nil,1,nil
4/28 18:49:42.328  SWING_DAMAGE_LANDED,Player-4755-016DF694,"Ashalan-Dreadmist",0x514,0x0,Creature-0-4457-249-1045-10184-000028665C,"Onyxia",0x10a48,0x0,Creature-0-4457-249-1045-10184-000028665C,0000000000000000,66,100,0,0,0,-1,0,0,0,10.16,-218.04,0,0.0027,63,1131,652,-1,1,0,0,0,1,nil,nil
4/28 18:49:42.328  SWING_DAMAGE_LANDED,Player-4755-016DF694,"Ashalan-Dreadmist",0x514,0x0,Creature-0-4457-249-1045-10184-000028665C,"Onyxia",0x10a48,0x0,Creature-0-4457-249-1045-10184-000028665C,0000000000000000,66,100,0,0,0,-1,0,0,0,10.16,-218.04,0,0.0027,63,1104,636,-1,1,0,0,0,1,nil,nil
4/28 18:49:42.328  SPELL_DAMAGE,Player-4755-01733879,"Hocwar-Dreadmist",0x40514,0x0,Creature-0-4457-249-1045-10184-000028665C,"Onyxia",0x10a48,0x0,11567,"Heroic Strike",0x1,Creature-0-4457-249-1045-10184-000028665C,0000000000000000,66,100,0,0,0,-1,0,0,0,10.16,-218.04,0,0.0027,63,291,335,-1,1,0,0,0,nil,nil,nil
4/28 18:49:42.328  SPELL_HEAL,Player-4755-01617EEE,"Fenix-Dreadmist",0x512,0x0,Player-4755-01614AC7,"Mirrimazduur-Dreadmist",0x512,0x0,6064,"Heal",0x2,Player-4755-01614AC7,0000000000000000,100,100,0,0,0,-1,0,0,0,-1.52,-178.92,0,4.8760,68,1439,1439,1439,0,nil
4/28 18:49:42.328  SPELL_DAMAGE,Player-4755-01F21AE6,"Blahu-Dreadmist",0x40514,0x0,Creature-0-4457-249-1045-10184-000028665C,"Onyxia",0x10a48,0x0,23894,"Bloodthirst",0x1,Creature-0-4457-249-1045-10184-000028665C,0000000000000000,66,100,0,0,0,-1,0,0,0,10.16,-218.04,0,0.0027,63,549,632,-1,1,0,0,0,nil,nil,nil
4/28 18:49:42.328  SPELL_AURA_APPLIED,Player-4755-01F21AE6,"Blahu-Dreadmist",0x40514,0x0,Player-4755-01F21AE6,"Blahu-Dreadmist",0x40514,0x0,23888,"Bloodthirst",0x1,BUFF
4/28 18:49:42.328  SPELL_DAMAGE,Player-4755-01F21AE6,"Blahu-Dreadmist",0x40514,0x0,Creature-0-4457-249-1045-10184-000028665C,"Onyxia",0x10a48,0x0,11567,"Heroic Strike",0x1,Creature-0-4457-249-1045-10184-000028665C,0000000000000000,66,100,0,0,0,-1,0,0,0,10.16,-218.04,0,0.0027,63,465,536,-1,1,0,0,0,nil,nil,nil
4/28 18:49:42.328  SWING_DAMAGE_LANDED,Player-4755-01AC9FD9,"Alexinho-Dreadmist",0x514,0x0,Creature-0-4457-249-1045-10184-000028665C,"Onyxia",0x10a48,0x0,Creature-0-4457-249-1045-10184-000028665C,0000000000000000,66,100,0,0,0,-1,0,0,0,10.16,-218.04,0,0.0027,63,127,181,-1,1,0,0,0,nil,1,nil
4/28 18:49:42.348  SWING_DAMAGE,Player-4755-01733879,"Hocwar-Dreadmist",0x40514,0x0,Creature-0-4457-249-1045-10184-000028665C,"Onyxia",0x10a48,0x0,Player-4755-01733879,0000000000000000,80,100,0,0,0,-1,0,0,0,21.18,-218.01,0,3.1397,71,91,121,-1,1,0,0,0,nil,1,nil
4/28 18:49:42.438  SPELL_MISSED,Player-4755-01FA8D0D,"Roackeru-Dreadmist",0x514,0x0,Creature-0-4457-249-1045-10184-000028665C,"Onyxia",0x10a48,0x0,11661,"Shadow Bolt",0x20,RESIST,nil,0
4/28 18:49:42.448  SPELL_CAST_SUCCESS,Player-4755-0160BD13,"Mafkees-Dreadmist",0x514,0x0,Creature-0-4457-249-1045-10184-000028665C,"Onyxia",0x10a48,0x0,23894,"Bloodthirst",0x1,Player-4755-0160BD13,0000000000000000,100,100,0,0,0,-1,0,0,0,2.87,-226.84,0,0.9252,64
4/28 18:49:42.448  SPELL_CAST_SUCCESS,Player-4755-01F36B30,"Rectumqeef-Dreadmist",0x514,0x0,Creature-0-4457-249-1045-10184-000028665C,"Onyxia",0x10a48,0x0,5019,"Shoot",0x1,Player-4755-01F36B30,0000000000000000,100,100,0,0,0,-1,0,0,0,1.78,-187.28,0,4.6930,66
4/28 18:49:42.448  RANGE_MISSED,Player-4755-021D6506,"Bloodlady-Dreadmist",0x514,0x0,Creature-0-4457-249-1045-10184-000028665C,"Onyxia",0x10a48,0x0,5019,"Shoot",0x1,RESIST,nil,0
4/28 18:49:42.514  SPELL_CAST_START,Player-4755-01B60A5F,"Zurok-Dreadmist",0x514,0x0,0000000000000000,nil,0x80000000,0x80000000,75,"Auto Shot",0x1
4/28 18:49:42.514  SWING_DAMAGE,Player-4755-0220BD00,"Krikoff-Dreadmist",0x40514,0x0,Creature-0-4457-249-1045-10184-000028665C,"Onyxia",0x10a48,0x0,Player-4755-0220BD00,0000000000000000,100,100,0,0,0,-1,0,0,0,10.75,-211.32,0,4.7242,68,197,226,-1,1,0,0,0,nil,nil,nil
4/28 18:49:42.549  RANGE_DAMAGE,Player-4755-01F36B30,"Rectumqeef-Dreadmist",0x514,0x0,Creature-0-4457-249-1045-10184-000028665C,"Onyxia",0x10a48,0x0,5019,"Shoot",0x1,Creature-0-4457-249-1045-10184-000028665C,0000000000000000,66,100,0,0,0,-1,0,0,0,10.16,-218.04,0,0.0027,63,83,75,-1,64,0,0,0,nil,nil,nil
4/28 18:49:42.549  SPELL_CAST_START,Player-4755-01804B95,"Moymoy-Dreadmist",0x514,0x0,0000000000000000,nil,0x80000000,0x80000000,939,"Healing Wave",0x8
4/28 18:49:42.566  SPELL_CAST_SUCCESS,Player-4755-01E83279,"Nlmasters-Dreadmist",0x514,0x8,Creature-0-4457-249-1045-10184-000028665C,"Onyxia",0x10a48,0x0,75,"Auto Shot",0x1,Player-4755-01E83279,0000000000000000,100,100,0,0,0,-1,0,0,0,-15.75,-186.13,0,4.8018,70
4/28 18:49:42.566  SPELL_CAST_SUCCESS,Player-4755-01ED7A64,"Sperzieboon-Dreadmist",0x514,0x0,Player-4755-01733879,"Hocwar-Dreadmist",0x40514,0x0,10929,"Renew",0x2,Player-4755-01ED7A64,0000000000000000,100,100,0,0,0,-1,0,0,0,13.04,-191.67,0,4.2314,67
4/28 18:49:42.583  SPELL_CAST_SUCCESS,Player-4755-021D6506,"Bloodlady-Dreadmist",0x514,0x0,Creature-0-4457-249-1045-10184-000028665C,"Onyxia",0x10a48,0x0,5019,"Shoot",0x1,Player-4755-021D6506,0000000000000000,100,100,0,0,0,-1,0,0,0,-13.45,-189.53,0,5.1759,69
4/28 18:49:42.583  RANGE_DAMAGE,Player-4755-0178F576,"Atreas-Dreadmist",0x514,0x0,Creature-0-4457-249-1045-10184-000028665C,"Onyxia",0x10a48,0x0,75,"Auto Shot",0x1,Creature-0-4457-249-1045-10184-000028665C,0000000000000000,66,100,0,0,0,-1,0,0,0,10.16,-218.04,0,0.0027,63,456,525,-1,1,0,0,0,nil,nil,nil
4/28 18:49:42.583  SWING_DAMAGE,Player-4755-01637B0A,"Pindle-Dreadmist",0x514,0x0,Creature-0-4457-249-1045-10184-000028665C,"Onyxia",0x10a48,0x0,Player-4755-01637B0A,0000000000000000,100,100,0,0,0,-1,0,0,0,6.11,-209.81,0,5.0790,65,93,112,-1,1,0,0,0,nil,1,nil
4/28 18:49:42.600  SPELL_PERIODIC_HEAL,Player-4755-01FA8DD8,"Roackerita-Dreadmist",0x514,0x0,Player-4755-01FA8D0D,"Roackeru-Dreadmist",0x514,0x0,6078,"Renew",0x2,Player-4755-01FA8D0D,0000000000000000,100,100,0,0,0,-1,0,0,0,14.13,-180.96,0,4.7241,65,236,236,236,0,nil
4/28 18:49:42.600  SPELL_CAST_SUCCESS,Player-4755-01802FE5,"Angrybat-Dreadmist",0x514,0x0,Creature-0-4457-249-1045-10184-000028665C,"Onyxia",0x10a48,0x0,10181,"Frostbolt",0x10,Player-4755-01802FE5,0000000000000000,100,100,0,0,0,-1,0,0,0,-4.64,-184.83,0,4.7233,66
4/28 18:49:42.601  SPELL_CAST_SUCCESS,Player-4755-020BD78D,"Lonehunter-Dreadmist",0x514,0x0,Creature-0-4457-249-1045-10184-000028665C,"Onyxia",0x10a48,0x0,75,"Auto Shot",0x1,Player-4755-020BD78D,0000000000000000,100,100,0,0,0,-1,0,0,0,1.62,-179.46,0,4.9304,70
4/28 18:49:42.618  SPELL_DAMAGE,Player-4755-0163DD9D,"Kaspais-Dreadmist",0x514,0x0,Creature-0-4457-249-1045-10184-000028665C,"Onyxia",0x10a48,0x0,10181,"Frostbolt",0x10,Creature-0-4457-249-1045-10184-000028665C,0000000000000000,66,100,0,0,0,-1,0,0,0,10.16,-218.04,0,0.0027,63,926,841,-1,16,0,0,0,nil,nil,nil
4/28 18:49:42.652  SWING_DAMAGE,Player-4755-01F21AE6,"Blahu-Dreadmist",0x40514,0x0,Creature-0-4457-249-1045-10184-000028665C,"Onyxia",0x10a48,0x0,Player-4755-01F21AE6,0000000000000000,100,100,0,0,0,-1,0,0,0,13.36,-210.14,0,4.6774,70,143,186,-1,1,0,0,0,nil,1,nil
4/28 18:49:42.720  SPELL_CAST_START,Player-4755-0163DD9D,"Kaspais-Dreadmist",0x514,0x0,0000000000000000,nil,0x80000000,0x80000000,5019,"Shoot",0x1
4/28 18:49:42.720  SPELL_CAST_SUCCESS,Pet-0-4457-249-1045-7456-03003178E8,"Owl",0x1114,0x0,Creature-0-4457-249-1045-10184-000028665C,"Onyxia",0x10a48,0x0,24579,"Screech",0x1,Pet-0-4457-249-1045-7456-03003178E8,Player-4755-01B60A5F,100,100,0,0,0,-1,0,0,0,14.31,-193.80,0,4.5427,62
4/28 18:49:42.743  SPELL_AURA_REMOVED_DOSE,Player-4755-016DF694,"Ashalan-Dreadmist",0x514,0x0,Player-4755-016DF694,"Ashalan-Dreadmist",0x514,0x0,16361,"Windfury Weapon",0x8,BUFF,2
4/28 18:49:42.743  SPELL_AURA_REMOVED,Player-4755-016DF694,"Ashalan-Dreadmist",0x514,0x0,Player-4755-016DF694,"Ashalan-Dreadmist",0x514,0x0,16280,"Flurry",0x1,BUFF
4/28 18:49:42.743  SPELL_AURA_REMOVED_DOSE,Player-4755-016DF694,"Ashalan-Dreadmist",0x514,0x0,Player-4755-016DF694,"Ashalan-Dreadmist",0x514,0x0,16361,"Windfury Weapon",0x8,BUFF,1
4/28 18:49:42.743  SPELL_AURA_APPLIED,Player-4755-016DF694,"Ashalan-Dreadmist",0x514,0x0,Player-4755-016DF694,"Ashalan-Dreadmist",0x514,0x0,16280,"Flurry",0x1,BUFF
4/28 18:49:42.743  SPELL_AURA_REFRESH,Player-4755-016DF694,"Ashalan-Dreadmist",0x514,0x0,Player-4755-016DF694,"Ashalan-Dreadmist",0x514,0x0,16280,"Flurry",0x1,BUFF
4/28 18:49:42.743  SPELL_AURA_REMOVED,Player-4755-016DF694,"Ashalan-Dreadmist",0x514,0x0,Player-4755-016DF694,"Ashalan-Dreadmist",0x514,0x0,16361,"Windfury Weapon",0x8,BUFF
4/28 18:49:42.743  SPELL_AURA_REMOVED_DOSE,Player-4755-01F21AE6,"Blahu-Dreadmist",0x40514,0x0,Player-4755-01F21AE6,"Blahu-Dreadmist",0x40514,0x0,23888,"Bloodthirst",0x1,BUFF,4
4/28 18:49:42.743  SPELL_HEAL,Player-4755-01F21AE6,"Blahu-Dreadmist",0x40514,0x0,Player-4755-01F21AE6,"Blahu-Dreadmist",0x40514,0x0,23891,"Bloodthirst",0x1,Player-4755-01F21AE6,0000000000000000,100,100,0,0,0,-1,0,0,0,13.36,-210.14,0,4.6774,70,20,20,20,0,nil
4/28 18:49:42.743  SPELL_AURA_REMOVED_DOSE,Player-4755-01F21AE6,"Blahu-Dreadmist",0x40514,0x0,Player-4755-01F21AE6,"Blahu-Dreadmist",0x40514,0x0,23888,"Bloodthirst",0x1,BUFF,3
4/28 18:49:42.743  SPELL_HEAL,Player-4755-01F21AE6,"Blahu-Dreadmist",0x40514,0x0,Player-4755-01F21AE6,"Blahu-Dreadmist",0x40514,0x0,23891,"Bloodthirst",0x1,Player-4755-01F21AE6,0000000000000000,100,100,0,0,0,-1,0,0,0,13.36,-210.14,0,4.6774,70,20,20,20,0,nil
4/28 18:49:42.743  SWING_DAMAGE_LANDED,Player-4755-01733879,"Hocwar-Dreadmist",0x40514,0x0,Creature-0-4457-249-1045-10184-000028665C,"Onyxia",0x10a48,0x0,Creature-0-4457-249-1045-10184-000028665C,0000000000000000,66,100,0,0,0,-1,0,0,0,10.16,-218.04,0,0.0027,63,91,121,-1,1,0,0,0,nil,1,nil
4/28 18:49:42.743  SPELL_DAMAGE,Player-4755-0160BD13,"Mafkees-Dreadmist",0x514,0x0,Creature-0-4457-249-1045-10184-000028665C,"Onyxia",0x10a48,0x0,23894,"Bloodthirst",0x1,Creature-0-4457-249-1045-10184-000028665C,0000000000000000,66,100,0,0,0,-1,0,0,0,10.16,-218.04,0,0.0027,63,667,768,-1,1,0,0,0,nil,nil,nil
4/28 18:49:42.743  SPELL_AURA_APPLIED,Player-4755-0160BD13,"Mafkees-Dreadmist",0x514,0x0,Player-4755-0160BD13,"Mafkees-Dreadmist",0x514,0x0,23888,"Bloodthirst",0x1,BUFF
4/28 18:49:42.743  SWING_DAMAGE_LANDED,Player-4755-0220BD00,"Krikoff-Dreadmist",0x40514,0x0,Creature-0-4457-249-1045-10184-000028665C,"Onyxia",0x10a48,0x0,Creature-0-4457-249-1045-10184-000028665C,0000000000000000,66,100,0,0,0,-1,0,0,0,10.16,-218.04,0,0.0027,63,197,226,-1,1,0,0,0,nil,nil,nil
4/28 18:49:42.743  SPELL_AURA_APPLIED,Player-4755-01ED7A64,"Sperzieboon-Dreadmist",0x514,0x0,Player-4755-01733879,"Hocwar-Dreadmist",0x40514,0x0,10929,"Renew",0x2,BUFF
4/28 18:49:42.743  SWING_DAMAGE_LANDED,Player-4755-01637B0A,"Pindle-Dreadmist",0x514,0x0,Creature-0-4457-249-1045-10184-000028665C,"Onyxia",0x10a48,0x0,Creature-0-4457-249-1045-10184-000028665C,0000000000000000,66,100,0,0,0,-1,0,0,0,10.16,-218.04,0,0.0027,63,93,112,-1,1,0,0,0,nil,1,nil
4/28 18:49:42.743  SWING_DAMAGE_LANDED,Player-4755-01F21AE6,"Blahu-Dreadmist",0x40514,0x0,Creature-0-4457-249-1045-10184-000028665C,"Onyxia",0x10a48,0x0,Creature-0-4457-249-1045-10184-000028665C,0000000000000000,66,100,0,0,0,-1,0,0,0,10.16,-218.04,0,0.0027,63,143,186,-1,1,0,0,0,nil,1,nil
4/28 18:49:42.743  SPELL_DAMAGE,Pet-0-4457-249-1045-7456-03003178E8,"Owl",0x1114,0x0,Creature-0-4457-249-1045-10184-000028665C,"Onyxia",0x10a48,0x0,24579,"Screech",0x1,Creature-0-4457-249-1045-10184-000028665C,0000000000000000,66,100,0,0,0,-1,0,0,0,10.16,-218.04,0,0.0027,63,46,53,-1,1,0,0,0,nil,nil,nil
4/28 18:49:42.743  SPELL_AURA_APPLIED,Pet-0-4457-249-1045-7456-03003178E8,"Owl",0x1114,0x0,Creature-0-4457-249-1045-10184-000028665C,"Onyxia",0x10a48,0x0,24579,"Screech",0x1,DEBUFF
4/28 18:49:42.770  SPELL_PERIODIC_ENERGIZE,Player-4755-01802FE5,"Angrybat-Dreadmist",0x514,0x0,Player-4755-01802FE5,"Angrybat-Dreadmist",0x514,0x0,18194,"Mana Regeneration",0x1,Player-4755-01802FE5,0000000000000000,100,100,0,0,0,-1,0,0,0,-4.64,-184.83,0,4.7233,66,8.0000,0.0000,0,6033
4/28 18:49:42.838  SWING_DAMAGE,Pet-0-4457-249-1045-2850-01001956F9,"Kratos",0x1114,0x0,Creature-0-4457-249-1045-10184-000028665C,"Onyxia",0x10a48,0x0,Pet-0-4457-249-1045-2850-01001956F9,Player-4755-0178F576,100,100,0,0,0,-1,0,0,0,9.46,-193.00,0,4.7404,66,57,116,-1,1,0,0,0,nil,1,nil
4/28 18:49:42.838  SPELL_CAST_START,Player-4755-01802FE5,"Angrybat-Dreadmist",0x514,0x0,0000000000000000,nil,0x80000000,0x80000000,10181,"Frostbolt",0x10
4/28 18:49:42.915  SPELL_CAST_SUCCESS,Creature-0-4457-249-1045-10184-000028665C,"Onyxia",0x10a48,0x0,0000000000000000,nil,0x80000000,0x80000000,18500,"Wing Buffet",0x1,Creature-0-4457-249-1045-10184-000028665C,0000000000000000,66,100,0,0,0,-1,0,0,0,10.16,-218.04,0,0.0027,63
4/28 18:49:42.947  SPELL_CAST_SUCCESS,Player-4755-01B60A5F,"Zurok-Dreadmist",0x514,0x0,Creature-0-4457-249-1045-10184-000028665C,"Onyxia",0x10a48,0x0,75,"Auto Shot",0x1,Player-4755-01B60A5F,0000000000000000,100,100,0,0,0,-1,0,0,0,14.47,-175.17,0,4.6123,62
4/28 18:49:42.965  SPELL_AURA_REMOVED,Player-4755-01637B0A,"Pindle-Dreadmist",0x514,0x0,Player-4755-01637B0A,"Pindle-Dreadmist",0x514,0x0,13877,"Blade Flurry",0x1,BUFF
4/28 18:49:42.965  SPELL_CAST_START,Player-4755-01614AC7,"Mirrimazduur-Dreadmist",0x512,0x0,0000000000000000,nil,0x80000000,0x80000000,11661,"Shadow Bolt",0x20
4/28 18:49:42.965  SWING_MISSED,Player-4755-01637B0A,"Pindle-Dreadmist",0x514,0x0,Creature-0-4457-249-1045-10184-000028665C,"Onyxia",0x10a48,0x0,MISS,nil
4/28 18:49:42.983  SPELL_AURA_REMOVED,Player-4755-0178F416,"Eltorero-Dreadmist",0x514,0x0,Player-4755-0178F416,"Eltorero-Dreadmist",0x514,0x0,10610,"Windfury Totem",0x8,BUFF
4/28 18:49:43.028  SPELL_CAST_SUCCESS,Player-4755-01FA8D0D,"Roackeru-Dreadmist",0x514,0x0,Creature-0-4457-249-1045-10184-000028665C,"Onyxia",0x10a48,0x0,11661,"Shadow Bolt",0x20,Player-4755-01FA8D0D,0000000000000000,100,100,0,0,0,-1,0,0,0,14.13,-180.96,0,4.7241,65
4/28 18:49:43.028  SPELL_CAST_START,Player-4755-01FA8D0D,"Roackeru-Dreadmist",0x514,0x0,0000000000000000,nil,0x80000000,0x80000000,11661,"Shadow Bolt",0x20
4/28 18:49:43.073  SPELL_AURA_APPLIED,Player-4755-01AC9FD9,"Alexinho-Dreadmist",0x514,0x0,Player-4755-01AC9FD9,"Alexinho-Dreadmist",0x514,0x0,10610,"Windfury Totem",0x8,BUFF
4/28 18:49:43.073  SPELL_EXTRA_ATTACKS,Player-4755-01AC9FD9,"Alexinho-Dreadmist",0x514,0x0,Player-4755-01AC9FD9,"Alexinho-Dreadmist",0x514,0x0,10610,"Windfury Totem",0x8,1
4/28 18:49:43.073  SWING_DAMAGE,Player-4755-01AC9FD9,"Alexinho-Dreadmist",0x514,0x0,Creature-0-4457-249-1045-10184-000028665C,"Onyxia",0x10a48,0x0,Player-4755-01AC9FD9,0000000000000000,100,100,0,0,0,-1,0,0,0,14.04,-202.29,0,4.4934,66,285,391,-1,1,0,0,0,nil,1,nil
4/28 18:49:43.089  SWING_MISSED,Player-4755-01AC9FD9,"Alexinho-Dreadmist",0x514,0x0,Creature-0-4457-249-1045-10184-000028665C,"Onyxia",0x10a48,0x0,MISS,nil
4/28 18:49:43.118  SPELL_CAST_SUCCESS,Player-4755-02045EF4,"Necrosini-Dreadmist",0x512,0x0,Player-4755-01733879,"Hocwar-Dreadmist",0x40514,0x0,2054,"Heal",0x2,Player-4755-02045EF4,0000000000000000,100,100,0,0,0,-1,0,0,0,5.83,-191.53,0,2.9798,69
4/28 18:49:43.138  SPELL_AURA_REMOVED_DOSE,Player-4755-01733879,"Hocwar-Dreadmist",0x40514,0x0,Player-4755-01733879,"Hocwar-Dreadmist",0x40514,0x0,12970,"Flurry",0x1,BUFF,1
4/28 18:49:43.138  SPELL_AURA_REMOVED_DOSE,Player-4755-0160BD13,"Mafkees-Dreadmist",0x514,0x0,Player-4755-0160BD13,"Mafkees-Dreadmist",0x514,0x0,23888,"Bloodthirst",0x1,BUFF,4
4/28 18:49:43.138  SPELL_HEAL,Player-4755-0160BD13,"Mafkees-Dreadmist",0x514,0x0,Player-4755-0160BD13,"Mafkees-Dreadmist",0x514,0x0,23891,"Bloodthirst",0x1,Player-4755-0160BD13,0000000000000000,100,100,0,0,0,-1,0,0,0,2.87,-226.84,0,0.9134,64,10,10,10,0,nil
4/28 18:49:43.138  SPELL_AURA_REMOVED_DOSE,Player-4755-01F21AE6,"Blahu-Dreadmist",0x40514,0x0,Player-4755-01F21AE6,"Blahu-Dreadmist",0x40514,0x0,23888,"Bloodthirst",0x1,BUFF,2
4/28 18:49:43.138  SPELL_HEAL,Player-4755-01F21AE6,"Blahu-Dreadmist",0x40514,0x0,Player-4755-01F21AE6,"Blahu-Dreadmist",0x40514,0x0,23891,"Bloodthirst",0x1,Player-4755-01F21AE6,0000000000000000,100,100,0,0,0,-1,0,0,0,13.36,-210.14,0,4.6774,70,20,20,20,0,nil
4/28 18:49:43.138  SPELL_AURA_REMOVED,Player-4755-01F21AE6,"Blahu-Dreadmist",0x40514,0x0,Player-4755-01F21AE6,"Blahu-Dreadmist",0x40514,0x0,10610,"Windfury Totem",0x8,BUFF
4/28 18:49:43.138  SWING_DAMAGE_LANDED,Pet-0-4457-249-1045-2850-01001956F9,"Kratos",0x1114,0x0,Creature-0-4457-249-1045-10184-000028665C,"Onyxia",0x10a48,0x0,Creature-0-4457-249-1045-10184-000028665C,0000000000000000,66,100,0,0,0,-1,0,0,0,10.16,-218.04,0,0.0027,63,57,116,-1,1,0,0,0,nil,1,nil
4/28 18:49:43.138  SPELL_DAMAGE,Creature-0-4457-249-1045-10184-000028665C,"Onyxia",0x10a48,0x0,Player-4755-01733879,"Hocwar-Dreadmist",0x40514,0x0,18500,"Wing Buffet",0x1,Player-4755-01733879,0000000000000000,74,100,0,0,0,-1,0,0,0,21.18,-218.01,0,3.1397,71,374,883,-1,1,0,0,0,nil,nil,nil
4/28 18:49:43.138  SWING_DAMAGE_LANDED,Player-4755-01AC9FD9,"Alexinho-Dreadmist",0x514,0x0,Creature-0-4457-249-1045-10184-000028665C,"Onyxia",0x10a48,0x0,Creature-0-4457-249-1045-10184-000028665C,0000000000000000,66,100,0,0,0,-1,0,0,0,10.16,-218.04,0,0.0027,63,285,391,-1,1,0,0,0,nil,1,nil
4/28 18:49:43.138  SPELL_HEAL,Player-4755-02045EF4,"Necrosini-Dreadmist",0x512,0x0,Player-4755-01733879,"Hocwar-Dreadmist",0x40514,0x0,2054,"Heal",0x2,Player-4755-01733879,0000000000000000,90,100,0,0,0,-1,0,0,0,21.18,-218.01,0,3.1397,71,995,995,0,0,1
4/28 18:49:43.162  SPELL_AURA_REMOVED,Player-4755-01BC57A3,"Saintis-Dreadmist",0x511,0x0,Pet-0-4457-249-1045-9622-02002CD5BC,"Bokito",0x1114,0x0,15359,"Inspiration",0x2,BUFF
4/28 18:49:43.162  SPELL_CAST_SUCCESS,Player-4755-0178F416,"Eltorero-Dreadmist",0x514,0x0,Creature-0-4457-249-1045-10184-000028665C,"Onyxia",0x10a48,0x0,7373,"Hamstring",0x1,Player-4755-0178F416,0000000000000000,100,100,0,0,0,-1,0,0,0,9.43,-206.08,0,4.8095,67
4/28 18:49:43.218  SPELL_CAST_SUCCESS,Player-4755-0163DD9D,"Kaspais-Dreadmist",0x514,0x0,Creature-0-4457-249-1045-10184-000028665C,"Onyxia",0x10a48,0x0,5019,"Shoot",0x1,Player-4755-0163DD9D,0000000000000000,100,100,0,0,0,-1,0,0,0,-2.78,-188.61,0,4.9259,66
4/28 18:49:43.293  SWING_MISSED,Pet-0-4457-249-1045-7456-03003178E8,"Owl",0x1114,0x0,Creature-0-4457-249-1045-10184-000028665C,"Onyxia",0x10a48,0x0,MISS,nil
4/28 18:49:43.322  SPELL_PERIODIC_HEAL,Player-4755-01ED7A64,"Sperzieboon-Dreadmist",0x514,0x0,Player-4755-01614AC7,"Mirrimazduur-Dreadmist",0x512,0x0,10929,"Renew",0x2,Player-4755-01614AC7,0000000000000000,100,100,0,0,0,-1,0,0,0,-1.52,-178.92,0,4.8760,68,319,319,319,0,nil
4/28 18:49:43.336  SWING_DAMAGE,Player-4755-01A6B139,"Sakatan-Dreadmist",0x514,0x0,Creature-0-4457-249-1045-10184-000028665C,"Onyxia",0x10a48,0x0,Player-4755-01A6B139,0000000000000000,100,100,0,0,0,-1,0,0,0,9.54,-199.57,0,5.0548,69,117,134,-1,1,0,0,0,nil,nil,nil
4/28 18:49:43.351  SWING_DAMAGE,Player-4755-0160BD13,"Mafkees-Dreadmist",0x514,0x0,Creature-0-4457-249-1045-10184-000028665C,"Onyxia",0x10a48,0x0,Player-4755-0160BD13,0000000000000000,100,100,0,0,0,-1,0,0,0,2.87,-226.84,0,0.9134,64,1267,730,-1,1,0,0,0,1,nil,nil
4/28 18:49:43.434  SWING_DAMAGE,Player-4755-01A6B139,"Sakatan-Dreadmist",0x514,0x0,Creature-0-4457-249-1045-10184-000028665C,"Onyxia",0x10a48,0x0,Player-4755-01A6B139,0000000000000000,100,100,0,0,0,-1,0,0,0,9.54,-199.57,0,5.0548,69,171,201,-1,1,0,0,0,nil,1,nil
4/28 18:49:43.450  SPELL_AURA_APPLIED,Player-4755-01733879,"Hocwar-Dreadmist",0x40514,0x0,Player-4755-01733879,"Hocwar-Dreadmist",0x40514,0x0,10610,"Windfury Totem",0x8,BUFF
4/28 18:49:43.450  SPELL_EXTRA_ATTACKS,Player-4755-01733879,"Hocwar-Dreadmist",0x40514,0x0,Player-4755-01733879,"Hocwar-Dreadmist",0x40514,0x0,10610,"Windfury Totem",0x8,1
4/28 18:49:43.450  SWING_DAMAGE,Player-4755-01733879,"Hocwar-Dreadmist",0x40514,0x0,Creature-0-4457-249-1045-10184-000028665C,"Onyxia",0x10a48,0x0,Player-4755-01733879,0000000000000000,90,100,0,0,0,-1,0,0,0,25.59,-217.99,0,3.1397,71,148,195,-1,1,0,0,0,nil,1,nil
4/28 18:49:43.467  SPELL_CAST_START,Player-4755-01F36B30,"Rectumqeef-Dreadmist",0x514,0x0,0000000000000000,nil,0x80000000,0x80000000,5019,"Shoot",0x1
4/28 18:49:43.467  SWING_DAMAGE,Player-4755-01733879,"Hocwar-Dreadmist",0x40514,0x0,Creature-0-4457-249-1045-10184-000028665C,"Onyxia",0x10a48,0x0,Player-4755-01733879,0000000000000000,90,100,0,0,0,-1,0,0,0,25.99,-217.99,0,3.1397,71,462,266,-1,1,0,0,0,1,nil,nil
4/28 18:49:43.467  SPELL_DAMAGE,Player-4755-01614AC7,"Mirrimazduur-Dreadmist",0x512,0x0,Creature-0-4457-249-1045-10184-000028665C,"Onyxia",0x10a48,0x0,11661,"Shadow Bolt",0x20,Creature-0-4457-249-1045-10184-000028665C,0000000000000000,66,100,0,0,0,-1,0,0,0,10.16,-218.04,0,0.0027,63,980,891,-1,32,0,0,0,nil,nil,nil
4/28 18:49:43.533  SPELL_AURA_APPLIED,Pet-0-4457-249-1045-7432-01002D8BC6,"Cat",0x1114,0x0,Pet-0-4457-249-1045-7432-01002D8BC6,"Cat",0x1114,0x0,23110,"Dash",0x1,BUFF
4/28 18:49:43.533  SPELL_CAST_SUCCESS,Pet-0-4457-249-1045-7432-01002D8BC6,"Cat",0x1114,0x0,0000000000000000,nil,0x80000000,0x80000000,23110,"Dash",0x1,Pet-0-4457-249-1045-7432-01002D8BC6,Player-4755-01E83279,100,100,0,0,0,-1,0,0,0,-11.57,-186.00,0,3.1542,70
4/28 18:49:43.552  SPELL_ENERGIZE,Player-4755-0220BD00,"Krikoff-Dreadmist",0x40514,0x0,Player-4755-0220BD00,"Krikoff-Dreadmist",0x40514,0x0,12964,"Unbridled Wrath",0x1,Player-4755-0220BD00,0000000000000000,100,100,0,0,0,-1,0,0,0,10.75,-211.32,0,4.7242,68,0.0000,1.0000,1,1000
4/28 18:49:43.552  SPELL_AURA_REMOVED_DOSE,Player-4755-01AC9FD9,"Alexinho-Dreadmist",0x514,0x0,Player-4755-01AC9FD9,"Alexinho-Dreadmist",0x514,0x0,10610,"Windfury Totem",0x8,BUFF,1
4/28 18:49:43.552  SPELL_AURA_REMOVED,Player-4755-01AC9FD9,"Alexinho-Dreadmist",0x514,0x0,Player-4755-01AC9FD9,"Alexinho-Dreadmist",0x514,0x0,10610,"Windfury Totem",0x8,BUFF
4/28 18:49:43.552  SPELL_DAMAGE,Player-4755-0178F416,"Eltorero-Dreadmist",0x514,0x0,Creature-0-4457-249-1045-10184-000028665C,"Onyxia",0x10a48,0x0,7373,"Hamstring",0x1,Creature-0-4457-249-1045-10184-000028665C,0000000000000000,66,100,0,0,0,-1,0,0,0,10.16,-218.04,0,0.0027,63,40,46,-1,1,0,0,0,nil,nil,nil
4/28 18:49:43.552  SWING_DAMAGE_LANDED,Player-4755-01A6B139,"Sakatan-Dreadmist",0x514,0x0,Creature-0-4457-249-1045-10184-000028665C,"Onyxia",0x10a48,0x0,Creature-0-4457-249-1045-10184-000028665C,0000000000000000,66,100,0,0,0,-1,0,0,0,10.16,-218.04,0,0.0027,63,117,134,-1,1,0,0,0,nil,nil,nil
4/28 18:49:43.552  SWING_DAMAGE_LANDED,Player-4755-0160BD13,"Mafkees-Dreadmist",0x514,0x0,Creature-0-4457-249-1045-10184-000028665C,"Onyxia",0x10a48,0x0,Creature-0-4457-249-1045-10184-000028665C,0000000000000000,66,100,0,0,0,-1,0,0,0,10.16,-218.04,0,0.0027,63,1267,730,-1,1,0,0,0,1,nil,nil
4/28 18:49:43.552  SWING_DAMAGE_LANDED,Player-4755-01A6B139,"Sakatan-Dreadmist",0x514,0x0,Creature-0-4457-249-1045-10184-000028665C,"Onyxia",0x10a48,0x0,Creature-0-4457-249-1045-10184-000028665C,0000000000000000,66,100,0,0,0,-1,0,0,0,10.16,-218.04,0,0.0027,63,171,201,-1,1,0,0,0,nil,1,nil
4/28 18:49:43.552  SWING_DAMAGE_LANDED,Player-4755-01733879,"Hocwar-Dreadmist",0x40514,0x0,Creature-0-4457-249-1045-10184-000028665C,"Onyxia",0x10a48,0x0,Creature-0-4457-249-1045-10184-000028665C,0000000000000000,66,100,0,0,0,-1,0,0,0,10.16,-218.04,0,0.0027,63,148,195,-1,1,0,0,0,nil,1,nil
4/28 18:49:43.552  SWING_DAMAGE_LANDED,Player-4755-01733879,"Hocwar-Dreadmist",0x40514,0x0,Creature-0-4457-249-1045-10184-000028665C,"Onyxia",0x10a48,0x0,Creature-0-4457-249-1045-10184-000028665C,0000000000000000,66,100,0,0,0,-1,0,0,0,10.16,-218.04,0,0.0027,63,462,266,-1,1,0,0,0,1,nil,nil
4/28 18:49:43.570  SWING_DAMAGE,Player-4755-01733879,"Hocwar-Dreadmist",0x40514,0x0,Creature-0-4457-249-1045-10184-000028665C,"Onyxia",0x10a48,0x0,Player-4755-01733879,0000000000000000,90,100,0,0,0,-1,0,0,0,28.56,-217.98,0,3.1397,71,99,136,-1,1,0,0,0,nil,1,nil
4/28 18:49:43.570  SPELL_CAST_START,Player-4755-021D6506,"Bloodlady-Dreadmist",0x514,0x0,0000000000000000,nil,0x80000000,0x80000000,5019,"Shoot",0x1
4/28 18:49:43.570  RANGE_DAMAGE,Player-4755-020BD78D,"Lonehunter-Dreadmist",0x514,0x0,Creature-0-4457-249-1045-10184-000028665C,"Onyxia",0x10a48,0x0,75,"Auto Shot",0x1,Creature-0-4457-249-1045-10184-000028665C,0000000000000000,66,100,0,0,0,-1,0,0,0,10.16,-218.04,0,0.0027,63,977,478,-1,1,0,0,0,1,nil,nil
4/28 18:49:43.570  SWING_DAMAGE,Player-4755-01637B0A,"Pindle-Dreadmist",0x514,0x0,Creature-0-4457-249-1045-10184-000028665C,"Onyxia",0x10a48,0x0,Player-4755-01637B0A,0000000000000000,100,100,0,0,0,-1,0,0,0,6.11,-209.81,0,5.0731,65,195,110,-1,1,0,0,0,1,nil,nil
4/28 18:49:43.599  RANGE_DAMAGE,Player-4755-01E83279,"Nlmasters-Dreadmist",0x514,0x8,Creature-0-4457-249-1045-10184-000028665C,"Onyxia",0x10a48,0x0,75,"Auto Shot",0x1,Creature-0-4457-249-1045-10184-000028665C,0000000000000000,66,100,0,0,0,-1,0,0,0,10.16,-218.04,0,0.0027,63,423,487,-1,1,0,0,0,nil,nil,nil
4/28 18:49:43.684  SPELL_CAST_START,Player-4755-0178F576,"Atreas-Dreadmist",0x514,0x0,0000000000000000,nil,0x80000000,0x80000000,75,"Auto Shot",0x1
4/28 18:49:43.698  SWING_MISSED,Player-4755-01AC9FD9,"Alexinho-Dreadmist",0x514,0x0,Creature-0-4457-249-1045-10184-000028665C,"Onyxia",0x10a48,0x0,MISS,1
4/28 18:49:43.740  SPELL_DAMAGE,Player-4755-01B60A5F,"Zurok-Dreadmist",0x514,0x0,Creature-0-4457-249-1045-10184-000028665C,"Onyxia",0x10a48,0x0,14290,"Multi-Shot",0x1,Creature-0-4457-249-1045-10184-000028665C,0000000000000000,66,100,0,0,0,-1,0,0,0,10.16,-218.04,0,0.0027,63,589,679,-1,1,0,0,0,nil,nil,nil
4/28 18:49:43.757  SWING_DAMAGE,Pet-0-4457-249-1045-9622-02002CD5BC,"Bokito",0x1114,0x0,Creature-0-4457-249-1045-10184-000028665C,"Onyxia",0x10a48,0x0,Pet-0-4457-249-1045-9622-02002CD5BC,Player-4755-020BD78D,100,100,0,0,0,-1,0,0,0,-4.27,-198.08,0,5.3385,70,205,236,-1,1,0,0,0,nil,nil,nil
4/28 18:49:43.757  SPELL_PERIODIC_ENERGIZE,Creature-0-4457-249-1045-7416-0000286C87,"Mana Spring Totem IV",0x2114,0x0,Player-4755-016296D3,"Nivl-Dreadmist",0x514,0x0,10494,"Mana Spring",0x8,Player-4755-016296D3,0000000000000000,100,100,0,0,0,-1,0,0,0,12.99,-204.08,0,4.6027,69,10.0000,0.0000,0,5845
4/28 18:49:43.757  SPELL_PERIODIC_ENERGIZE,Creature-0-4457-249-1045-7416-0000286C87,"Mana Spring Totem IV",0x2114,0x0,Player-4755-0178F576,"Atreas-Dreadmist",0x514,0x0,10494,"Mana Spring",0x8,Player-4755-0178F576,0000000000000000,100,100,0,0,0,-1,0,0,0,6.14,-178.76,0,4.8144,66,10.0000,0.0000,0,3765
4/28 18:49:43.789  SPELL_CAST_START,Player-4755-01BC57A3,"Saintis-Dreadmist",0x511,0x0,0000000000000000,nil,0x80000000,0x80000000,2061,"Flash Heal",0x2
4/28 18:49:43.826  SPELL_CAST_SUCCESS,Player-4755-0210153A,"Hapuseneb-Dreadmist",0x514,0x0,Player-4755-01733879,"Hocwar-Dreadmist",0x40514,0x0,2053,"Lesser Heal",0x2,Player-4755-0210153A,0000000000000000,100,100,0,0,0,-1,0,0,0,5.11,-196.13,0,4.4807,66
4/28 18:49:43.841  SWING_DAMAGE,Pet-0-4457-249-1045-2850-01001956F9,"Kratos",0x1114,0x0,Creature-0-4457-249-1045-10184-000028665C,"Onyxia",0x10a48,0x0,Pet-0-4457-249-1045-2850-01001956F9,Player-4755-0178F576,100,100,0,0,0,-1,0,0,0,9.46,-193.00,0,4.7404,66,63,118,-1,1,0,0,0,nil,1,nil
4/28 18:49:43.901  SPELL_DAMAGE,Player-4755-01802FE5,"Angrybat-Dreadmist",0x514,0x0,Creature-0-4457-249-1045-10184-000028665C,"Onyxia",0x10a48,0x0,10181,"Frostbolt",0x10,Creature-0-4457-249-1045-10184-000028665C,0000000000000000,65,100,0,0,0,-1,0,0,0,10.16,-218.04,0,0.0027,63,953,866,-1,16,0,0,0,nil,nil,nil
4/28 18:49:43.935  SPELL_AURA_REMOVED,Player-4755-01B60A5F,"Zurok-Dreadmist",0x514,0x0,Player-4755-01733879,"Hocwar-Dreadmist",0x40514,0x0,20906,"Trueshot Aura",0x40,BUFF
4/28 18:49:43.954  SPELL_AURA_REMOVED_DOSE,Player-4755-0178F416,"Eltorero-Dreadmist",0x514,0x0,Player-4755-0178F416,"Eltorero-Dreadmist",0x514,0x0,23888,"Bloodthirst",0x1,BUFF,2
4/28 18:49:43.954  SPELL_HEAL,Player-4755-0178F416,"Eltorero-Dreadmist",0x514,0x0,Player-4755-0178F416,"Eltorero-Dreadmist",0x514,0x0,23891,"Bloodthirst",0x1,Player-4755-0178F416,0000000000000000,100,100,0,0,0,-1,0,0,0,9.43,-206.08,0,4.8095,67,20,20,20,0,nil
4/28 18:49:43.954  SPELL_AURA_REMOVED_DOSE,Player-4755-0160BD13,"Mafkees-Dreadmist",0x514,0x0,Player-4755-0160BD13,"Mafkees-Dreadmist",0x514,0x0,12970,"Flurry",0x1,BUFF,1
4/28 18:49:43.954  SPELL_AURA_REMOVED_DOSE,Player-4755-0160BD13,"Mafkees-Dreadmist",0x514,0x0,Player-4755-0160BD13,"Mafkees-Dreadmist",0x514,0x0,23888,"Bloodthirst",0x1,BUFF,3
4/28 18:49:43.954  SPELL_AURA_APPLIED_DOSE,Player-4755-0160BD13,"Mafkees-Dreadmist",0x514,0x0,Player-4755-0160BD13,"Mafkees-Dreadmist",0x514,0x0,12970,"Flurry",0x1,BUFF,3
4/28 18:49:43.954  SPELL_HEAL,Player-4755-0160BD13,"Mafkees-Dreadmist",0x514,0x0,Player-4755-0160BD13,"Mafkees-Dreadmist",0x514,0x0,23891,"Bloodthirst",0x1,Player-4755-0160BD13,0000000000000000,100,100,0,0,0,-1,0,0,0,2.87,-226.84,0,0.9056,64,10,10,10,0,nil
4/28 18:49:43.954  SPELL_AURA_REMOVED_DOSE,Player-4755-01733879,"Hocwar-Dreadmist",0x40514,0x0,Player-4755-01733879,"Hocwar-Dreadmist",0x40514,0x0,10610,"Windfury Totem",0x8,BUFF,1
4/28 18:49:43.954  SPELL_AURA_REMOVED,Player-4755-01733879,"Hocwar-Dreadmist",0x40514,0x0,Player-4755-01733879,"Hocwar-Dreadmist",0x40514,0x0,12970,"Flurry",0x1,BUFF
4/28 18:49:43.954  SPELL_AURA_APPLIED,Player-4755-01733879,"Hocwar-Dreadmist",0x40514,0x0,Player-4755-01733879,"Hocwar-Dreadmist",0x40514,0x0,12970,"Flurry",0x1,BUFF
4/28 18:49:43.954  SPELL_AURA_REMOVED,Player-4755-01733879,"Hocwar-Dreadmist",0x40514,0x0,Player-4755-01733879,"Hocwar-Dreadmist",0x40514,0x0,10610,"Windfury Totem",0x8,BUFF
4/28 18:49:43.954  SWING_DAMAGE_LANDED,Player-4755-01733879,"Hocwar-Dreadmist",0x40514,0x0,Creature-0-4457-249-1045-10184-000028665C,"Onyxia",0x10a48,0x0,Creature-0-4457-249-1045-10184-000028665C,0000000000000000,65,100,0,0,0,-1,0,0,0,10.16,-218.04,0,0.0027,63,99,136,-1,1,0,0,0,nil,1,nil
4/28 18:49:43.954  SWING_DAMAGE_LANDED,Player-4755-01637B0A,"Pindle-Dreadmist",0x514,0x0,Creature-0-4457-249-1045-10184-000028665C,"Onyxia",0x10a48,0x0,Creature-0-4457-249-1045-10184-000028665C,0000000000000000,65,100,0,0,0,-1,0,0,0,10.16,-218.04,0,0.0027,63,195,110,-1,1,0,0,0,1,nil,nil
4/28 18:49:43.954  SPELL_DAMAGE,Player-4755-01637B0A,"Pindle-Dreadmist",0x514,0x0,Creature-0-4457-249-1045-10184-000028665C,"Onyxia",0x10a48,0x0,11337,"Instant Poison VI",0x8,Creature-0-4457-249-1045-10184-000028665C,0000000000000000,65,100,0,0,0,-1,0,0,0,10.16,-218.04,0,0.0027,63,92,122,-1,8,31,0,0,nil,nil,nil
4/28 18:49:43.954  SWING_DAMAGE_LANDED,Pet-0-4457-249-1045-9622-02002CD5BC,"Bokito",0x1114,0x0,Creature-0-4457-249-1045-10184-000028665C,"Onyxia",0x10a48,0x0,Creature-0-4457-249-1045-10184-000028665C,0000000000000000,65,100,0,0,0,-1,0,0,0,10.16,-218.04,0,0.0027,63,205,236,-1,1,0,0,0,nil,nil,nil
4/28 18:49:43.954  SPELL_HEAL,Player-4755-0210153A,"Hapuseneb-Dreadmist",0x514,0x0,Player-4755-01733879,"Hocwar-Dreadmist",0x40514,0x0,2053,"Lesser Heal",0x2,Player-4755-01733879,0000000000000000,100,100,0,0,0,-1,0,0,0,37.87,-217.96,0,3.1397,71,645,645,35,0,1
4/28 18:49:43.954  SWING_DAMAGE_LANDED,Pet-0-4457-249-1045-2850-01001956F9,"Kratos",0x1114,0x0,Creature-0-4457-249-1045-10184-000028665C,"Onyxia",0x10a48,0x0,Creature-0-4457-249-1045-10184-000028665C,0000000000000000,65,100,0,0,0,-1,0,0,0,10.16,-218.04,0,0.0027,63,63,118,-1,1,0,0,0,nil,1,nil
4/28 18:49:43.954  SPELL_CAST_SUCCESS,Player-4755-0160BD13,"Mafkees-Dreadmist",0x514,0x0,0000000000000000,nil,0x80000000,0x80000000,1680,"Whirlwind",0x1,Player-4755-0160BD13,0000000000000000,100,100,0,0,0,-1,0,0,0,2.87,-226.84,0,0.9056,64
4/28 18:49:43.976  SPELL_CAST_SUCCESS,Player-4755-01F36B30,"Rectumqeef-Dreadmist",0x514,0x0,Creature-0-4457-249-1045-10184-000028665C,"Onyxia",0x10a48,0x0,5019,"Shoot",0x1,Player-4755-01F36B30,0000000000000000,100,100,0,0,0,-1,0,0,0,1.78,-187.28,0,4.6930,66
4/28 18:49:43.993  SPELL_CAST_SUCCESS,Player-4755-01AC9FD9,"Alexinho-Dreadmist",0x514,0x0,Creature-0-4457-249-1045-10184-000028665C,"Onyxia",0x10a48,0x0,11303,"Feint",0x1,Player-4755-01AC9FD9,0000000000000000,100,100,0,0,0,-1,0,0,0,14.04,-202.29,0,4.4934,66
4/28 18:49:44.010  SWING_DAMAGE,Player-4755-016296D3,"Nivl-Dreadmist",0x514,0x0,Creature-0-4457-249-1045-10184-000028665C,"Onyxia",0x10a48,0x0,Player-4755-016296D3,0000000000000000,100,100,0,0,0,-1,0,0,0,12.99,-204.08,0,4.6027,69,174,253,-1,1,0,46,0,nil,nil,nil
4/28 18:49:44.041  RANGE_DAMAGE,Player-4755-01B60A5F,"Zurok-Dreadmist",0x514,0x0,Creature-0-4457-249-1045-10184-000028665C,"Onyxia",0x10a48,0x0,75,"Auto Shot",0x1,Creature-0-4457-249-1045-10184-000028665C,0000000000000000,65,100,0,0,0,-1,0,0,0,10.16,-218.04,0,0.0027,63,381,439,-1,1,0,0,0,nil,nil,nil
4/28 18:49:44.057  RANGE_DAMAGE,Player-4755-01F36B30,"Rectumqeef-Dreadmist",0x514,0x0,Creature-0-4457-249-1045-10184-000028665C,"Onyxia",0x10a48,0x0,5019,"Shoot",0x1,Creature-0-4457-249-1045-10184-000028665C,0000000000000000,65,100,0,0,0,-1,0,0,0,10.16,-218.04,0,0.0027,63,84,76,-1,64,0,0,0,nil,nil,nil
4/28 18:49:44.088  SPELL_CAST_SUCCESS,Player-4755-021D6506,"Bloodlady-Dreadmist",0x514,0x0,Creature-0-4457-249-1045-10184-000028665C,"Onyxia",0x10a48,0x0,5019,"Shoot",0x1,Player-4755-021D6506,0000000000000000,100,100,0,0,0,-1,0,0,0,-13.45,-189.53,0,5.1876,69
4/28 18:49:44.108  SPELL_PERIODIC_ENERGIZE,Player-4755-01BC57A3,"Saintis-Dreadmist",0x511,0x0,Player-4755-01BC57A3,"Saintis-Dreadmist",0x511,0x0,18194,"Mana Regeneration",0x1,Player-4755-01BC57A3,0000000000000000,100,100,0,0,0,-1,0,0,0,2.84,-191.58,0,4.8799,68,8.0000,0.0000,0,7212
4/28 18:49:44.123  SPELL_CAST_SUCCESS,Player-4755-0178F576,"Atreas-Dreadmist",0x514,0x0,Creature-0-4457-249-1045-10184-000028665C,"Onyxia",0x10a48,0x0,75,"Auto Shot",0x1,Player-4755-0178F576,0000000000000000,100,100,0,0,0,-1,0,0,0,6.14,-178.76,0,4.8144,66
4/28 18:49:44.123  SWING_MISSED,Player-4755-01840577,"Raggèn-Dreadmist",0x514,0x0,Creature-0-4457-249-1045-10184-000028665C,"Onyxia",0x10a48,0x0,DODGE,nil
4/28 18:49:44.212  SPELL_CAST_START,Player-4755-020BD78D,"Lonehunter-Dreadmist",0x514,0x0,0000000000000000,nil,0x80000000,0x80000000,75,"Auto Shot",0x1
4/28 18:49:44.212  SPELL_CAST_START,Player-4755-0163DD9D,"Kaspais-Dreadmist",0x514,0x0,0000000000000000,nil,0x80000000,0x80000000,5019,"Shoot",0x1
4/28 18:49:44.334  SWING_MISSED,Player-4755-0178F416,"Eltorero-Dreadmist",0x514,0x0,Creature-0-4457-249-1045-10184-000028665C,"Onyxia",0x10a48,0x0,DODGE,nil
4/28 18:49:44.349  SWING_DAMAGE,Pet-0-4457-249-1045-7432-01002D8BC6,"Cat",0x1114,0x0,Creature-0-4457-249-1045-10184-000028665C,"Onyxia",0x10a48,0x0,Pet-0-4457-249-1045-7432-01002D8BC6,Player-4755-01E83279,100,100,0,0,0,-1,0,0,0,-4.94,-195.66,0,5.2732,70,63,105,-1,1,0,0,0,nil,1,nil
4/28 18:49:44.349  SPELL_CAST_SUCCESS,Pet-0-4457-249-1045-2850-01001956F9,"Kratos",0x1114,0x0,Creature-0-4457-249-1045-10184-000028665C,"Onyxia",0x10a48,0x0,3009,"Claw",0x1,Pet-0-4457-249-1045-2850-01001956F9,Player-4755-0178F576,100,100,0,0,0,-1,0,0,0,9.46,-193.00,0,4.7404,66
4/28 18:49:44.354  SPELL_AURA_REFRESH,Player-4755-0160BD13,"Mafkees-Dreadmist",0x514,0x0,Creature-0-4457-249-1045-10184-000028665C,"Onyxia",0x10a48,0x0,12721,"Deep Wound",0x1,DEBUFF
4/28 18:49:44.354  SPELL_ENERGIZE,Player-4755-0160BD13,"Mafkees-Dreadmist",0x514,0x0,Player-4755-0160BD13,"Mafkees-Dreadmist",0x514,0x0,12964,"Unbridled Wrath",0x1,Player-4755-0160BD13,0000000000000000,100,100,0,0,0,-1,0,0,0,2.87,-226.84,0,0.9213,64,1.0000,0.0000,1,1000
4/28 18:49:44.354  SPELL_AURA_REMOVED_DOSE,Player-4755-01733879,"Hocwar-Dreadmist",0x40514,0x0,Player-4755-01733879,"Hocwar-Dreadmist",0x40514,0x0,12970,"Flurry",0x1,BUFF,2
4/28 18:49:44.354  SPELL_AURA_APPLIED_DOSE,Player-4755-01802FE5,"Angrybat-Dreadmist",0x514,0x0,Creature-0-4457-249-1045-10184-000028665C,"Onyxia",0x10a48,0x0,12579,"Winter's Chill",0x10,DEBUFF,2
4/28 18:49:44.354  SPELL_DAMAGE,Player-4755-0160BD13,"Mafkees-Dreadmist",0x514,0x0,Creature-0-4457-249-1045-10184-000028665C,"Onyxia",0x10a48,0x0,1680,"Whirlwind",0x1,Creature-0-4457-249-1045-10184-000028665C,0000000000000000,65,100,0,0,0,-1,0,0,0,10.16,-218.04,0,0.0027,63,567,654,-1,1,0,0,0,nil,nil,nil
4/28 18:49:44.354  SWING_DAMAGE_LANDED,Player-4755-016296D3,"Nivl-Dreadmist",0x514,0x0,Creature-0-4457-249-1045-10184-000028665C,"Onyxia",0x10a48,0x0,Creature-0-4457-249-1045-10184-000028665C,0000000000000000,65,100,0,0,0,-1,0,0,0,10.16,-218.04,0,0.0027,63,174,253,-1,1,0,0,0,nil,nil,nil
4/28 18:49:44.354  SWING_DAMAGE_LANDED,Pet-0-4457-249-1045-7432-01002D8BC6,"Cat",0x1114,0x0,Creature-0-4457-249-1045-10184-000028665C,"Onyxia",0x10a48,0x0,Creature-0-4457-249-1045-10184-000028665C,0000000000000000,65,100,0,0,0,-1,0,0,0,10.16,-218.04,0,0.0027,63,63,105,-1,1,0,0,0,nil,1,nil
4/28 18:49:44.354  SPELL_DAMAGE,Pet-0-4457-249-1045-2850-01001956F9,"Kratos",0x1114,0x0,Creature-0-4457-249-1045-10184-000028665C,"Onyxia",0x10a48,0x0,3009,"Claw",0x1,Creature-0-4457-249-1045-10184-000028665C,0000000000000000,65,100,0,0,0,-1,0,0,0,10.16,-218.04,0,0.0027,63,70,80,-1,1,0,0,0,nil,nil,nil
4/28 18:49:44.354  SPELL_CAST_SUCCESS,Player-4755-0220BD00,"Krikoff-Dreadmist",0x40514,0x0,Creature-0-4457-249-1045-10184-000028665C,"Onyxia",0x10a48,0x0,23894,"Bloodthirst",0x1,Player-4755-0220BD00,0000000000000000,100,100,0,0,0,-1,0,0,0,10.74,-210.65,0,4.7242,68
4/28 18:49:44.354  SPELL_AURA_APPLIED,Player-4755-0220BD00,"Krikoff-Dreadmist",0x40514,0x0,Player-4755-0220BD00,"Krikoff-Dreadmist",0x40514,0x0,10610,"Windfury Totem",0x8,BUFF
4/28 18:49:44.354  SPELL_EXTRA_ATTACKS,Player-4755-0220BD00,"Krikoff-Dreadmist",0x40514,0x0,Player-4755-0220BD00,"Krikoff-Dreadmist",0x40514,0x0,10610,"Windfury Totem",0x8,1
4/28 18:49:44.354  SWING_DAMAGE,Player-4755-0220BD00,"Krikoff-Dreadmist",0x40514,0x0,Creature-0-4457-249-1045-10184-000028665C,"Onyxia",0x10a48,0x0,Player-4755-0220BD00,0000000000000000,100,100,0,0,0,-1,0,0,0,10.74,-210.65,0,4.7242,68,715,411,-1,1,0,0,0,1,nil,nil
4/28 18:49:44.377  SWING_DAMAGE,Player-4755-01637B0A,"Pindle-Dreadmist",0x514,0x0,Creature-0-4457-249-1045-10184-000028665C,"Onyxia",0x10a48,0x0,Player-4755-01637B0A,0000000000000000,100,100,0,0,0,-1,0,0,0,6.11,-209.81,0,5.0731,65,169,206,-1,1,0,0,0,nil,1,nil
4/28 18:49:44.377  SWING_DAMAGE,Player-4755-0220BD00,"Krikoff-Dreadmist",0x40514,0x0,Creature-0-4457-249-1045-10184-000028665C,"Onyxia",0x10a48,0x0,Player-4755-0220BD00,0000000000000000,100,100,0,0,0,-1,0,0,0,10.74,-210.65,0,4.7242,68,328,463,-1,1,0,0,0,nil,1,nil
4/28 18:49:44.377  SPELL_PERIODIC_DAMAGE,Player-4755-01F36B30,"Rectumqeef-Dreadmist",0x514,0x0,Creature-0-4457-249-1045-10184-000028665C,"Onyxia",0x10a48,0x0,11672,"Corruption",0x20,Creature-0-4457-249-1045-10184-000028665C,0000000000000000,65,100,0,0,0,-1,0,0,0,9.95,-218.03,0,3.0913,63,224,203,-1,32,0,0,0,nil,nil,nil
4/28 18:49:44.429  RANGE_DAMAGE,Player-4755-021D6506,"Bloodlady-Dreadmist",0x514,0x0,Creature-0-4457-249-1045-10184-000028665C,"Onyxia",0x10a48,0x0,5019,"Shoot",0x1,Creature-0-4457-249-1045-10184-000028665C,0000000000000000,65,100,0,0,0,-1,0,0,0,9.44,-218.00,0,3.0913,63,80,72,-1,16,0,0,0,nil,nil,nil
4/28 18:49:44.477  SWING_DAMAGE,Player-4755-01F21AE6,"Blahu-Dreadmist",0x40514,0x0,Creature-0-4457-249-1045-10184-000028665C,"Onyxia",0x10a48,0x0,Player-4755-01F21AE6,0000000000000000,100,100,0,0,0,-1,0,0,0,13.36,-210.14,0,4.6774,70,138,159,-1,1,0,0,0,nil,nil,nil
4/28 18:49:44.540  SPELL_PERIODIC_DAMAGE,Player-4755-01614AC7,"Mirrimazduur-Dreadmist",0x512,0x0,Creature-0-4457-249-1045-10184-000028665C,"Onyxia",0x10a48,0x0,11672,"Corruption",0x20,Creature-0-4457-249-1045-10184-000028665C,0000000000000000,65,100,0,0,0,-1,0,0,0,8.44,-217.95,0,3.0913,63,207,188,-1,32,0,0,0,nil,nil,nil
4/28 18:49:44.540  SPELL_CAST_SUCCESS,Player-4755-020BD78D,"Lonehunter-Dreadmist",0x514,0x0,Creature-0-4457-249-1045-10184-000028665C,"Onyxia",0x10a48,0x0,75,"Auto Shot",0x1,Player-4755-020BD78D,0000000000000000,100,100,0,0,0,-1,0,0,0,1.62,-179.46,0,4.9304,70
4/28 18:49:44.575  SWING_DAMAGE,Player-4755-016DF694,"Ashalan-Dreadmist",0x514,0x0,Creature-0-4457-249-1045-10184-000028665C,"Onyxia",0x10a48,0x0,Player-4755-016DF694,0000000000000000,100,100,0,0,0,-1,0,0,0,7.75,-210.22,0,4.5498,67,297,563,-1,1,0,0,0,nil,1,nil
4/28 18:49:44.639  SPELL_CAST_SUCCESS,Player-4755-015FEBD5,"Sauvage-Dreadmist",0x514,0x0,Creature-0-4457-249-1045-10184-000028665C,"Onyxia",0x10a48,0x0,10181,"Frostbolt",0x10,Player-4755-015FEBD5,0000000000000000,100,100,0,0,0,-1,0,0,0,-2.42,-186.07,0,4.9229,64
4/28 18:49:44.656  SPELL_CAST_START,Player-4755-01E83279,"Nlmasters-Dreadmist",0x514,0x8,0000000000000000,nil,0x80000000,0x80000000,75,"Auto Shot",0x1
4/28 18:49:44.673  SWING_MISSED,Player-4755-01637B0A,"Pindle-Dreadmist",0x514,0x0,Creature-0-4457-249-1045-10184-000028665C,"Onyxia",0x10a48,0x0,MISS,1
4/28 18:49:44.707  SWING_DAMAGE,Player-4755-01A6B139,"Sakatan-Dreadmist",0x514,0x0,Creature-0-4457-249-1045-10184-000028665C,"Onyxia",0x10a48,0x0,Player-4755-01A6B139,0000000000000000,100,100,0,0,0,-1,0,0,0,9.54,-199.57,0,5.0548,69,237,133,-1,1,0,0,0,1,nil,nil
4/28 18:49:44.739  SPELL_CAST_SUCCESS,Player-4755-0163DD9D,"Kaspais-Dreadmist",0x514,0x0,Creature-0-4457-249-1045-10184-000028665C,"Onyxia",0x10a48,0x0,5019,"Shoot",0x1,Player-4755-0163DD9D,0000000000000000,100,100,0,0,0,-1,0,0,0,-2.78,-188.61,0,4.9259,66
4/28 18:49:44.739  SPELL_CAST_SUCCESS,Player-4755-01617EEE,"Fenix-Dreadmist",0x512,0x0,Player-4755-01733879,"Hocwar-Dreadmist",0x40514,0x0,6064,"Heal",0x2,Player-4755-01617EEE,0000000000000000,100,100,0,0,0,-1,0,0,0,26.44,-181.95,0,4.6344,66
4/28 18:49:44.759  SPELL_AURA_REMOVED_DOSE,Player-4755-0160BD13,"Mafkees-Dreadmist",0x514,0x0,Player-4755-0160BD13,"Mafkees-Dreadmist",0x514,0x0,23888,"Bloodthirst",0x1,BUFF,2
4/28 18:49:44.759  SPELL_HEAL,Player-4755-0160BD13,"Mafkees-Dreadmist",0x514,0x0,Player-4755-0160BD13,"Mafkees-Dreadmist",0x514,0x0,23891,"Bloodthirst",0x1,Player-4755-0160BD13,0000000000000000,100,100,0,0,0,-1,0,0,0,3.01,-226.95,0,0.9252,64,10,10,10,0,nil
4/28 18:49:44.759  SPELL_AURA_REMOVED_DOSE,Player-4755-0178F416,"Eltorero-Dreadmist",0x514,0x0,Player-4755-0178F416,"Eltorero-Dreadmist",0x514,0x0,12970,"Flurry",0x1,BUFF,2
4/28 18:49:44.759  SPELL_DAMAGE,Player-4755-0220BD00,"Krikoff-Dreadmist",0x40514,0x0,Creature-0-4457-249-1045-10184-000028665C,"Onyxia",0x10a48,0x0,23894,"Bloodthirst",0x1,Creature-0-4457-249-1045-10184-000028665C,0000000000000000,65,100,0,0,0,-1,0,0,0,6.46,-217.85,0,3.0913,63,1128,650,-1,1,0,0,0,1,nil,nil
4/28 18:49:44.759  SPELL_AURA_APPLIED,Player-4755-0220BD00,"Krikoff-Dreadmist",0x40514,0x0,Player-4755-0220BD00,"Krikoff-Dreadmist",0x40514,0x0,23888,"Bloodthirst",0x1,BUFF
4/28 18:49:44.759  SWING_DAMAGE_LANDED,Player-4755-0220BD00,"Krikoff-Dreadmist",0x40514,0x0,Creature-0-4457-249-1045-10184-000028665C,"Onyxia",0x10a48,0x0,Creature-0-4457-249-1045-10184-000028665C,0000000000000000,65,100,0,0,0,-1,0,0,0,6.46,-217.85,0,3.0913,63,715,411,-1,1,0,0,0,1,nil,nil
4/28 18:49:44.759  SWING_DAMAGE_LANDED,Player-4755-01637B0A,"Pindle-Dreadmist",0x514,0x0,Creature-0-4457-249-1045-10184-000028665C,"Onyxia",0x10a48,0x0,Creature-0-4457-249-1045-10184-000028665C,0000000000000000,65,100,0,0,0,-1,0,0,0,6.46,-217.85,0,3.0913,63,169,206,-1,1,0,0,0,nil,1,nil
4/28 18:49:44.759  SWING_DAMAGE_LANDED,Player-4755-0220BD00,"Krikoff-Dreadmist",0x40514,0x0,Creature-0-4457-249-1045-10184-000028665C,"Onyxia",0x10a48,0x0,Creature-0-4457-249-1045-10184-000028665C,0000000000000000,65,100,0,0,0,-1,0,0,0,6.46,-217.85,0,3.0913,63,328,463,-1,1,0,0,0,nil,1,nil
4/28 18:49:44.759  SWING_DAMAGE_LANDED,Player-4755-01F21AE6,"Blahu-Dreadmist",0x40514,0x0,Creature-0-4457-249-1045-10184-000028665C,"Onyxia",0x10a48,0x0,Creature-0-4457-249-1045-10184-000028665C,0000000000000000,65,100,0,0,0,-1,0,0,0,6.46,-217.85,0,3.0913,63,138,159,-1,1,0,0,0,nil,nil,nil
4/28 18:49:44.759  SWING_DAMAGE_LANDED,Player-4755-016DF694,"Ashalan-Dreadmist",0x514,0x0,Creature-0-4457-249-1045-10184-000028665C,"Onyxia",0x10a48,0x0,Creature-0-4457-249-1045-10184-000028665C,0000000000000000,65,100,0,0,0,-1,0,0,0,6.46,-217.85,0,3.0913,63,297,563,-1,1,0,0,0,nil,1,nil
4/28 18:49:44.759  SWING_DAMAGE_LANDED,Player-4755-01A6B139,"Sakatan-Dreadmist",0x514,0x0,Creature-0-4457-249-1045-10184-000028665C,"Onyxia",0x10a48,0x0,Creature-0-4457-249-1045-10184-000028665C,0000000000000000,65,100,0,0,0,-1,0,0,0,6.46,-217.85,0,3.0913,63,237,133,-1,1,0,0,0,1,nil,nil
4/28 18:49:44.759  SPELL_HEAL,Player-4755-01617EEE,"Fenix-Dreadmist",0x512,0x0,Player-4755-01733879,"Hocwar-Dreadmist",0x40514,0x0,6064,"Heal",0x2,Player-4755-01733879,0000000000000000,100,100,0,0,0,-1,0,0,0,35.10,-217.92,0,3.1397,71,2202,2202,2202,0,1
4/28 18:49:44.759  SPELL_AURA_REFRESH,Player-4755-01637B0A,"Pindle-Dreadmist",0x514,0x0,Player-4755-01637B0A,"Pindle-Dreadmist",0x514,0x0,6774,"Slice and Dice",0x1,BUFF
4/28 18:49:44.759  SPELL_CAST_SUCCESS,Player-4755-01637B0A,"Pindle-Dreadmist",0x514,0x0,Creature-0-4457-249-1045-10184-000028665C,"Onyxia",0x10a48,0x0,6774,"Slice and Dice",0x1,Player-4755-01637B0A,0000000000000000,100,100,0,0,0,-1,0,0,0,6.62,-209.61,0,5.0849,65
4/28 18:49:44.782  SPELL_CAST_START,Player-4755-016296D3,"Nivl-Dreadmist",0x514,0x0,0000000000000000,nil,0x80000000,0x80000000,10468,"Lesser Healing Wave",0x8
4/28 18:49:44.814  SWING_MISSED,Player-4755-01733879,"Hocwar-Dreadmist",0x40514,0x0,Creature-0-4457-249-1045-10184-000028665C,"Onyxia",0x10a48,0x0,MISS,1
4/28 18:49:44.830  RANGE_DAMAGE,Player-4755-0163DD9D,"Kaspais-Dreadmist",0x514,0x0,Creature-0-4457-249-1045-10184-000028665C,"Onyxia",0x10a48,0x0,5019,"Shoot",0x1,Creature-0-4457-249-1045-10184-000028665C,0000000000000000,65,100,0,0,0,-1,0,0,0,5.78,-217.82,0,3.0913,63,116,105,-1,16,0,0,0,nil,nil,nil
4/28 18:49:44.845  SWING_DAMAGE,Pet-0-4457-249-1045-2850-01001956F9,"Kratos",0x1114,0x0,Creature-0-4457-249-1045-10184-000028665C,"Onyxia",0x10a48,0x0,Pet-0-4457-249-1045-2850-01001956F9,Player-4755-0178F576,100,100,0,0,0,-1,0,0,0,9.42,-193.33,0,4.5842,66,101,116,-1,1,0,0,0,nil,nil,nil
4/28 18:49:44.845  SWING_DAMAGE,Player-4755-01733879,"Hocwar-Dreadmist",0x40514,0x0,Creature-0-4457-249-1045-10184-000028665C,"Onyxia",0x10a48,0x0,Player-4755-01733879,0000000000000000,100,100,0,0,0,-1,0,0,0,34.42,-217.92,0,3.1397,71,147,201,-1,1,0,0,0,nil,1,nil
4/28 18:49:44.861  SWING_DAMAGE,Player-4755-01F21AE6,"Blahu-Dreadmist",0x40514,0x0,Creature-0-4457-249-1045-10184-000028665C,"Onyxia",0x10a48,0x0,Player-4755-01F21AE6,0000000000000000,100,100,0,0,0,-1,0,0,0,13.36,-210.14,0,4.6774,70,345,398,-1,1,0,0,0,nil,nil,nil
4/28 18:49:44.878  SWING_MISSED,Player-4755-01A6B139,"Sakatan-Dreadmist",0x514,0x0,Creature-0-4457-249-1045-10184-000028665C,"Onyxia",0x10a48,0x0,MISS,nil
4/28 18:49:44.911  SPELL_DAMAGE,Player-4755-01FA8D0D,"Roackeru-Dreadmist",0x514,0x0,Creature-0-4457-249-1045-10184-000028665C,"Onyxia",0x10a48,0x0,11661,"Shadow Bolt",0x20,Creature-0-4457-249-1045-10184-000028665C,0000000000000000,65,100,0,0,0,-1,0,0,0,5.05,-217.78,0,3.0913,63,994,903,-1,32,0,0,0,nil,nil,nil
4/28 18:49:44.978  SPELL_CAST_START,Player-4755-01F36B30,"Rectumqeef-Dreadmist",0x514,0x0,0000000000000000,nil,0x80000000,0x80000000,5019,"Shoot",0x1
4/28 18:49:44.994  SPELL_CAST_START,Player-4755-01B60A5F,"Zurok-Dreadmist",0x514,0x0,0000000000000000,nil,0x80000000,0x80000000,75,"Auto Shot",0x1
4/28 18:49:45.061  SPELL_CAST_SUCCESS,Player-4755-01804B95,"Moymoy-Dreadmist",0x514,0x0,Player-4755-01733879,"Hocwar-Dreadmist",0x40514,0x0,939,"Healing Wave",0x8,Player-4755-01804B95,0000000000000000,100,100,0,0,0,-1,0,0,0,13.22,-186.11,0,4.8801,66
4/28 18:49:45.093  SWING_DAMAGE,Player-4755-01AC9FD9,"Alexinho-Dreadmist",0x514,0x0,Creature-0-4457-249-1045-10184-000028665C,"Onyxia",0x10a48,0x0,Player-4755-01AC9FD9,0000000000000000,100,100,0,0,0,-1,0,0,0,14.04,-202.29,0,4.4934,66,287,162,-1,1,0,0,0,1,nil,nil
4/28 18:49:45.109  SPELL_CAST_SUCCESS,Player-4755-01E83279,"Nlmasters-Dreadmist",0x514,0x8,Creature-0-4457-249-1045-10184-000028665C,"Onyxia",0x10a48,0x0,75,"Auto Shot",0x1,Player-4755-01E83279,0000000000000000,100,100,0,0,0,-1,0,0,0,-15.75,-186.13,0,4.8018,70
4/28 18:49:45.109  SPELL_AURA_APPLIED,Player-4755-01E83279,"Nlmasters-Dreadmist",0x514,0x8,Player-4755-01E83279,"Nlmasters-Dreadmist",0x514,0x8,6150,"Quick Shots",0x1,BUFF
4/28 18:49:45.109  SWING_DAMAGE,Player-4755-01AC9FD9,"Alexinho-Dreadmist",0x514,0x0,Creature-0-4457-249-1045-10184-000028665C,"Onyxia",0x10a48,0x0,Player-4755-01AC9FD9,0000000000000000,100,100,0,0,0,-1,0,0,0,14.04,-202.29,0,4.4934,66,263,356,-1,1,0,0,0,nil,1,nil
4/28 18:49:45.109  RANGE_DAMAGE,Player-4755-0178F576,"Atreas-Dreadmist",0x514,0x0,Creature-0-4457-249-1045-10184-000028665C,"Onyxia",0x10a48,0x0,75,"Auto Shot",0x1,Creature-0-4457-249-1045-10184-000028665C,0000000000000000,65,100,0,0,0,-1,0,0,0,3.23,-217.69,0,3.0913,63,461,530,-1,1,0,0,0,nil,nil,nil
4/28 18:49:45.157  SPELL_CAST_SUCCESS,Pet-0-4457-249-1045-7432-01002D8BC6,"Cat",0x1114,0x0,Creature-0-4457-249-1045-10184-000028665C,"Onyxia",0x10a48,0x0,17261,"Bite",0x1,Pet-0-4457-249-1045-7432-01002D8BC6,Player-4755-01E83279,100,100,0,0,0,-1,0,0,0,-3.89,-197.32,0,5.2654,70
4/28 18:49:45.157  SPELL_MISSED,Pet-0-4457-249-1045-7432-01002D8BC6,"Cat",0x1114,0x0,Creature-0-4457-249-1045-10184-000028665C,"Onyxia",0x10a48,0x0,17261,"Bite",0x1,PARRY,nil
4/28 18:49:45.157  SPELL_AURA_REMOVED_DOSE,Player-4755-0220BD00,"Krikoff-Dreadmist",0x40514,0x0,Player-4755-0220BD00,"Krikoff-Dreadmist",0x40514,0x0,23888,"Bloodthirst",0x1,BUFF,4
4/28 18:49:45.178  SPELL_AURA_APPLIED,Player-4755-0220BD00,"Krikoff-Dreadmist",0x40514,0x0,Player-4755-0220BD00,"Krikoff-Dreadmist",0x40514,0x0,12970,"Flurry",0x1,BUFF
4/28 18:49:45.178  SPELL_HEAL,Player-4755-0220BD00,"Krikoff-Dreadmist",0x40514,0x0,Player-4755-0220BD00,"Krikoff-Dreadmist",0x40514,0x0,23891,"Bloodthirst",0x1,Player-4755-0220BD00,0000000000000000,100,100,0,0,0,-1,0,0,0,10.74,-210.65,0,4.7242,68,20,20,20,0,nil
4/28 18:49:45.178  SPELL_AURA_REMOVED_DOSE,Player-4755-0220BD00,"Krikoff-Dreadmist",0x40514,0x0,Player-4755-0220BD00,"Krikoff-Dreadmist",0x40514,0x0,12970,"Flurry",0x1,BUFF,2
4/28 18:49:45.179  SPELL_AURA_REMOVED_DOSE,Player-4755-0220BD00,"Krikoff-Dreadmist",0x40514,0x0,Player-4755-0220BD00,"Krikoff-Dreadmist",0x40514,0x0,23888,"Bloodthirst",0x1,BUFF,3
4/28 18:49:45.179  SPELL_AURA_REMOVED_DOSE,Player-4755-0220BD00,"Krikoff-Dreadmist",0x40514,0x0,Player-4755-0220BD00,"Krikoff-Dreadmist",0x40514,0x0,10610,"Windfury Totem",0x8,BUFF,1
4/28 18:49:45.179  SPELL_AURA_APPLIED_DOSE,Player-4755-0220BD00,"Krikoff-Dreadmist",0x40514,0x0,Player-4755-0220BD00,"Krikoff-Dreadmist",0x40514,0x0,12970,"Flurry",0x1,BUFF,3
4/28 18:49:45.179  SPELL_HEAL,Player-4755-0220BD00,"Krikoff-Dreadmist",0x40514,0x0,Player-4755-0220BD00,"Krikoff-Dreadmist",0x40514,0x0,23891,"Bloodthirst",0x1,Player-4755-0220BD00,0000000000000000,100,100,0,0,0,-1,0,0,0,10.74,-210.65,0,4.7242,68,20,20,20,0,nil
4/28 18:49:45.179  SPELL_AURA_REMOVED_DOSE,Player-4755-0220BD00,"Krikoff-Dreadmist",0x40514,0x0,Player-4755-0220BD00,"Krikoff-Dreadmist",0x40514,0x0,12970,"Flurry",0x1,BUFF,2
4/28 18:49:45.179  SPELL_AURA_REMOVED_DOSE,Player-4755-0220BD00,"Krikoff-Dreadmist",0x40514,0x0,Player-4755-0220BD00,"Krikoff-Dreadmist",0x40514,0x0,23888,"Bloodthirst",0x1,BUFF,2
4/28 18:49:45.179  SPELL_HEAL,Player-4755-0220BD00,"Krikoff-Dreadmist",0x40514,0x0,Player-4755-0220BD00,"Krikoff-Dreadmist",0x40514,0x0,23891,"Bloodthirst",0x1,Player-4755-0220BD00,0000000000000000,100,100,0,0,0,-1,0,0,0,10.74,-210.65,0,4.7242,68,20,20,20,0,nil
4/28 18:49:45.179  SPELL_AURA_REMOVED,Player-4755-0220BD00,"Krikoff-Dreadmist",0x40514,0x0,Player-4755-0220BD00,"Krikoff-Dreadmist",0x40514,0x0,10610,"Windfury Totem",0x8,BUFF
4/28 18:49:45.179  SPELL_AURA_REMOVED_DOSE,Player-4755-01F21AE6,"Blahu-Dreadmist",0x40514,0x0,Player-4755-01F21AE6,"Blahu-Dreadmist",0x40514,0x0,23888,"Bloodthirst",0x1,BUFF,1
4/28 18:49:45.179  SPELL_HEAL,Player-4755-01F21AE6,"Blahu-Dreadmist",0x40514,0x0,Player-4755-01F21AE6,"Blahu-Dreadmist",0x40514,0x0,23891,"Bloodthirst",0x1,Player-4755-01F21AE6,0000000000000000,100,100,0,0,0,-1,0,0,0,13.36,-210.14,0,4.6774,70,20,20,20,0,nil
4/28 18:49:45.179  SPELL_AURA_REMOVED_DOSE,Player-4755-016DF694,"Ashalan-Dreadmist",0x514,0x0,Player-4755-016DF694,"Ashalan-Dreadmist",0x514,0x0,16280,"Flurry",0x1,BUFF,2
4/28 18:49:45.179  SPELL_ENERGIZE,Player-4755-01637B0A,"Pindle-Dreadmist",0x514,0x0,Player-4755-01637B0A,"Pindle-Dreadmist",0x514,0x0,14181,"Relentless Strikes Effect",0x1,Player-4755-01637B0A,0000000000000000,100,100,0,0,0,-1,0,0,0,5.93,-209.06,0,4.0482,65,25.0000,0.0000,3,100
4/28 18:49:45.179  SWING_DAMAGE_LANDED,Pet-0-4457-249-1045-2850-01001956F9,"Kratos",0x1114,0x0,Creature-0-4457-249-1045-10184-000028665C,"Onyxia",0x10a48,0x0,Creature-0-4457-249-1045-10184-000028665C,0000000000000000,65,100,0,0,0,-1,0,0,0,2.63,-217.66,0,3.0913,63,101,116,-1,1,0,0,0,nil,nil,nil
4/28 18:49:45.179  SWING_DAMAGE_LANDED,Player-4755-01733879,"Hocwar-Dreadmist",0x40514,0x0,Creature-0-4457-249-1045-10184-000028665C,"Onyxia",0x10a48,0x0,Creature-0-4457-249-1045-10184-000028665C,0000000000000000,65,100,0,0,0,-1,0,0,0,2.63,-217.66,0,3.0913,63,147,201,-1,1,0,0,0,nil,1,nil
4/28 18:49:45.179  SWING_DAMAGE_LANDED,Player-4755-01F21AE6,"Blahu-Dreadmist",0x40514,0x0,Creature-0-4457-249-1045-10184-000028665C,"Onyxia",0x10a48,0x0,Creature-0-4457-249-1045-10184-000028665C,0000000000000000,65,100,0,0,0,-1,0,0,0,2.63,-217.66,0,3.0913,63,345,398,-1,1,0,0,0,nil,nil,nil
4/28 18:49:45.179  SPELL_HEAL,Player-4755-01804B95,"Moymoy-Dreadmist",0x514,0x0,Player-4755-01733879,"Hocwar-Dreadmist",0x40514,0x0,939,"Healing Wave",0x8,Player-4755-01733879,0000000000000000,100,100,0,0,0,-1,0,0,0,31.93,-217.91,0,3.1397,71,995,995,995,0,nil
4/28 18:49:45.179  SWING_DAMAGE_LANDED,Player-4755-01AC9FD9,"Alexinho-Dreadmist",0x514,0x0,Creature-0-4457-249-1045-10184-000028665C,"Onyxia",0x10a48,0x0,Creature-0-4457-249-1045-10184-000028665C,0000000000000000,65,100,0,0,0,-1,0,0,0,2.63,-217.66,0,3.0913,63,287,162,-1,1,0,0,0,1,nil,nil
4/28 18:49:45.179  SWING_DAMAGE_LANDED,Player-4755-01AC9FD9,"Alexinho-Dreadmist",0x514,0x0,Creature-0-4457-249-1045-10184-000028665C,"Onyxia",0x10a48,0x0,Creature-0-4457-249-1045-10184-000028665C,0000000000000000,65,100,0,0,0,-1,0,0,0,2.63,-217.66,0,3.0913,63,263,356,-1,1,0,0,0,nil,1,nil
4/28 18:49:45.179  SPELL_CAST_SUCCESS,Player-4755-01E83279,"Nlmasters-Dreadmist",0x514,0x8,0000000000000000,nil,0x80000000,0x80000000,19574,"Bestial Wrath",0x1,Player-4755-01E83279,0000000000000000,100,100,0,0,0,-1,0,0,0,-15.75,-186.13,0,4.8018,70
4/28 18:49:45.179  SPELL_CAST_SUCCESS,Player-4755-01BC57A3,"Saintis-Dreadmist",0x511,0x0,Player-4755-01733879,"Hocwar-Dreadmist",0x40514,0x0,2061,"Flash Heal",0x2,Player-4755-01BC57A3,0000000000000000,100,100,0,0,0,-1,0,0,0,2.84,-191.58,0,4.8799,68
4/28 18:49:45.213  SWING_MISSED,Player-4755-0220BD00,"Krikoff-Dreadmist",0x40514,0x0,Creature-0-4457-249-1045-10184-000028665C,"Onyxia",0x10a48,0x0,MISS,1
4/28 18:49:45.213  SPELL_AURA_REMOVED,Player-4755-01637B0A,"Pindle-Dreadmist",0x514,0x0,Player-4755-01637B0A,"Pindle-Dreadmist",0x514,0x0,20007,"Holy Strength",0x2,BUFF
4/28 18:49:45.290  SWING_MISSED,Pet-0-4457-249-1045-7456-03003178E8,"Owl",0x1114,0x0,Creature-0-4457-249-1045-10184-000028665C,"Onyxia",0x10a48,0x0,DODGE,nil
4/28 18:49:45.319  SPELL_AURA_REMOVED,Player-4755-020BD78D,"Lonehunter-Dreadmist",0x514,0x0,Player-4755-020BD78D,"Lonehunter-Dreadmist",0x514,0x0,6150,"Quick Shots",0x1,BUFF
4/28 18:49:45.319  SPELL_AURA_REMOVED,Player-4755-01F36B30,"Rectumqeef-Dreadmist",0x514,0x0,Player-4755-01F36B30,"Rectumqeef-Dreadmist",0x514,0x0,17941,"Shadow Trance",0x20,BUFF
4/28 18:49:45.319  SPELL_CAST_START,Player-4755-01F36B30,"Rectumqeef-Dreadmist",0x514,0x0,0000000000000000,nil,0x80000000,0x80000000,11661,"Shadow Bolt",0x20
4/28 18:49:45.319  SPELL_CAST_SUCCESS,Player-4755-01F36B30,"Rectumqeef-Dreadmist",0x514,0x0,Creature-0-4457-249-1045-10184-000028665C,"Onyxia",0x10a48,0x0,11661,"Shadow Bolt",0x20,Player-4755-01F36B30,0000000000000000,100,100,0,0,0,-1,0,0,0,1.78,-187.28,0,4.6930,66
4/28 18:49:45.319  SPELL_PERIODIC_DAMAGE,Player-4755-0178F416,"Eltorero-Dreadmist",0x514,0x0,Creature-0-4457-249-1045-10184-000028665C,"Onyxia",0x10a48,0x0,12721,"Deep Wound",0x1,Creature-0-4457-249-1045-10184-000028665C,0000000000000000,65,100,0,0,0,-1,0,0,0,1.30,-217.59,0,3.0913,63,124,123,-1,1,0,0,0,nil,nil,nil
4/28 18:49:45.319  SPELL_AURA_APPLIED,Player-4755-021D6506,"Bloodlady-Dreadmist",0x514,0x0,Player-4755-021D6506,"Bloodlady-Dreadmist",0x514,0x0,1953,"Blink",0x40,BUFF
4/28 18:49:45.319  SPELL_CAST_SUCCESS,Player-4755-021D6506,"Bloodlady-Dreadmist",0x514,0x0,0000000000000000,nil,0x80000000,0x80000000,1953,"Blink",0x40,Player-4755-021D6506,0000000000000000,100,100,0,0,0,-1,0,0,0,-15.89,-190.43,0,3.5281,69
4/28 18:49:45.343  SPELL_CAST_SUCCESS,Player-4755-01802FE5,"Angrybat-Dreadmist",0x514,0x0,Creature-0-4457-249-1045-10184-000028665C,"Onyxia",0x10a48,0x0,10181,"Frostbolt",0x10,Player-4755-01802FE5,0000000000000000,100,100,0,0,0,-1,0,0,0,-4.64,-184.83,0,4.7233,66
4/28 18:49:45.437  SPELL_CAST_SUCCESS,Player-4755-01B60A5F,"Zurok-Dreadmist",0x514,0x0,Creature-0-4457-249-1045-10184-000028665C,"Onyxia",0x10a48,0x0,75,"Auto Shot",0x1,Player-4755-01B60A5F,0000000000000000,100,100,0,0,0,-1,0,0,0,14.47,-175.17,0,4.6123,62
4/28 18:49:45.437  SPELL_AURA_REMOVED,Player-4755-01ED7A64,"Sperzieboon-Dreadmist",0x514,0x0,Player-4755-01733879,"Hocwar-Dreadmist",0x40514,0x0,10929,"Renew",0x2,BUFF
4/28 18:49:45.471  SPELL_CAST_SUCCESS,Player-4755-01614AC7,"Mirrimazduur-Dreadmist",0x512,0x0,Creature-0-4457-249-1045-10184-000028665C,"Onyxia",0x10a48,0x0,11661,"Shadow Bolt",0x20,Player-4755-01614AC7,0000000000000000,100,100,0,0,0,-1,0,0,0,-1.52,-178.92,0,4.7032,68
4/28 18:49:45.488  SPELL_CAST_START,Player-4755-01614AC7,"Mirrimazduur-Dreadmist",0x512,0x0,0000000000000000,nil,0x80000000,0x80000000,11661,"Shadow Bolt",0x20
4/28 18:49:45.533  RANGE_MISSED,Player-4755-01F36B30,"Rectumqeef-Dreadmist",0x514,0x0,Creature-0-4457-249-1045-10184-000028665C,"Onyxia",0x10a48,0x0,5019,"Shoot",0x1,RESIST,nil,0
4/28 18:49:45.545  RANGE_DAMAGE,Player-4755-020BD78D,"Lonehunter-Dreadmist",0x514,0x0,Creature-0-4457-249-1045-10184-000028665C,"Onyxia",0x10a48,0x0,75,"Auto Shot",0x1,Creature-0-4457-249-1045-10184-000028665C,0000000000000000,65,100,0,0,0,-1,0,0,0,-0.73,-217.49,0,3.0913,63,437,503,-1,1,0,0,0,nil,nil,nil
4/28 18:49:45.545  SPELL_CAST_SUCCESS,Player-4755-01FA8D0D,"Roackeru-Dreadmist",0x514,0x0,Creature-0-4457-249-1045-10184-000028665C,"Onyxia",0x10a48,0x0,11661,"Shadow Bolt",0x20,Player-4755-01FA8D0D,0000000000000000,100,100,0,0,0,-1,0,0,0,14.13,-180.96,0,4.6142,65
4/28 18:49:45.589  SPELL_ENERGIZE,Player-4755-01F21AE6,"Blahu-Dreadmist",0x40514,0x0,Player-4755-01F21AE6,"Blahu-Dreadmist",0x40514,0x0,12964,"Unbridled Wrath",0x1,Player-4755-01F21AE6,0000000000000000,100,100,0,0,0,-1,0,0,0,12.59,-209.87,0,4.1994,70,1.0000,0.0000,1,1000
4/28 18:49:45.589  SPELL_AURA_REMOVED,Player-4755-01ED7A64,"Sperzieboon-Dreadmist",0x514,0x0,Player-4755-01733879,"Hocwar-Dreadmist",0x40514,0x0,15359,"Inspiration",0x2,BUFF
4/28 18:49:45.589  SPELL_AURA_APPLIED,Player-4755-01617EEE,"Fenix-Dreadmist",0x512,0x0,Player-4755-01733879,"Hocwar-Dreadmist",0x40514,0x0,15359,"Inspiration",0x2,BUFF
4/28 18:49:45.589  SPELL_AURA_REMOVED_DOSE,Player-4755-01733879,"Hocwar-Dreadmist",0x40514,0x0,Player-4755-01733879,"Hocwar-Dreadmist",0x40514,0x0,12970,"Flurry",0x1,BUFF,1
4/28 18:49:45.589  SPELL_AURA_REMOVED,Player-4755-01733879,"Hocwar-Dreadmist",0x40514,0x0,Player-4755-01733879,"Hocwar-Dreadmist",0x40514,0x0,12970,"Flurry",0x1,BUFF
4/28 18:49:45.589  SPELL_HEAL,Player-4755-01F21AE6,"Blahu-Dreadmist",0x40514,0x0,Player-4755-01F21AE6,"Blahu-Dreadmist",0x40514,0x0,23891,"Bloodthirst",0x1,Player-4755-01F21AE6,0000000000000000,100,100,0,0,0,-1,0,0,0,12.59,-209.87,0,4.1994,70,20,20,20,0,nil
4/28 18:49:45.589  SPELL_AURA_REMOVED,Player-4755-01F21AE6,"Blahu-Dreadmist",0x40514,0x0,Player-4755-01F21AE6,"Blahu-Dreadmist",0x40514,0x0,23888,"Bloodthirst",0x1,BUFF
4/28 18:49:45.589  SPELL_AURA_APPLIED,Player-4755-01E83279,"Nlmasters-Dreadmist",0x514,0x8,Pet-0-4457-249-1045-7432-01002D8BC6,"Cat",0x1114,0x0,19574,"Bestial Wrath",0x1,BUFF
4/28 18:49:45.589  SPELL_HEAL,Player-4755-01BC57A3,"Saintis-Dreadmist",0x511,0x0,Player-4755-01733879,"Hocwar-Dreadmist",0x40514,0x0,2061,"Flash Heal",0x2,Player-4755-01733879,0000000000000000,100,100,0,0,0,-1,0,0,0,28.83,-217.91,0,3.1397,71,525,525,525,0,nil
4/28 18:49:45.589  SPELL_PERIODIC_HEAL,Player-4755-01FA8DD8,"Roackerita-Dreadmist",0x514,0x0,Player-4755-01FA8D0D,"Roackeru-Dreadmist",0x514,0x0,6078,"Renew",0x2,Player-4755-01FA8D0D,0000000000000000,100,100,0,0,0,-1,0,0,0,14.13,-180.96,0,4.6142,65,235,235,235,0,nil
4/28 18:49:45.589  SPELL_AURA_REMOVED,Player-4755-01FA8DD8,"Roackerita-Dreadmist",0x514,0x0,Player-4755-01FA8D0D,"Roackeru-Dreadmist",0x514,0x0,6078,"Renew",0x2,BUFF
4/28 18:49:45.631  SPELL_CAST_START,Player-4755-0178F576,"Atreas-Dreadmist",0x514,0x0,0000000000000000,nil,0x80000000,0x80000000,20904,"Aimed Shot",0x1
4/28 18:49:45.670  SPELL_CAST_SUCCESS,Player-4755-01FA8D0D,"Roackeru-Dreadmist",0x514,0x0,0000000000000000,nil,0x80000000,0x80000000,11689,"Life Tap",0x20,Player-4755-01FA8D0D,0000000000000000,87,100,0,0,0,-1,0,0,0,14.13,-180.96,0,4.6142,65
4/28 18:49:45.687  SPELL_AURA_REMOVED,Player-4755-01A6B139,"Sakatan-Dreadmist",0x514,0x0,Player-4755-01A6B139,"Sakatan-Dreadmist",0x514,0x0,6774,"Slice and Dice",0x1,BUFF
4/28 18:49:45.687  SPELL_CAST_SUCCESS,Player-4755-0178F416,"Eltorero-Dreadmist",0x514,0x0,Creature-0-4457-249-1045-10184-000028665C,"Onyxia",0x10a48,0x0,7373,"Hamstring",0x1,Player-4755-0178F416,0000000000000000,100,100,0,0,0,-1,0,0,0,5.32,-206.77,0,4.2126,67
4/28 18:49:45.687  SPELL_AURA_APPLIED,Player-4755-0178F416,"Eltorero-Dreadmist",0x514,0x0,Player-4755-0178F416,"Eltorero-Dreadmist",0x514,0x0,10610,"Windfury Totem",0x8,BUFF
4/28 18:49:45.687  SPELL_EXTRA_ATTACKS,Player-4755-0178F416,"Eltorero-Dreadmist",0x514,0x0,Player-4755-0178F416,"Eltorero-Dreadmist",0x514,0x0,10610,"Windfury Totem",0x8,1
4/28 18:49:45.707  SWING_DAMAGE,Player-4755-0178F416,"Eltorero-Dreadmist",0x514,0x0,Creature-0-4457-249-1045-10184-000028665C,"Onyxia",0x10a48,0x0,Player-4755-0178F416,0000000000000000,100,100,0,0,0,-1,0,0,0,5.18,-206.81,0,4.2126,67,1552,894,-1,1,0,0,0,1,nil,nil
4/28 18:49:45.756  SWING_DAMAGE,Player-4755-01637B0A,"Pindle-Dreadmist",0x514,0x0,Creature-0-4457-249-1045-10184-000028665C,"Onyxia",0x10a48,0x0,Player-4755-01637B0A,0000000000000000,100,100,0,0,0,-1,0,0,0,1.86,-209.80,0,3.9088,65,185,104,-1,1,0,0,0,1,nil,nil
4/28 18:49:45.756  SPELL_AURA_APPLIED,Player-4755-01637B0A,"Pindle-Dreadmist",0x514,0x0,Player-4755-01637B0A,"Pindle-Dreadmist",0x514,0x0,10610,"Windfury Totem",0x8,BUFF
4/28 18:49:45.757  SPELL_EXTRA_ATTACKS,Player-4755-01637B0A,"Pindle-Dreadmist",0x514,0x0,Player-4755-01637B0A,"Pindle-Dreadmist",0x514,0x0,10610,"Windfury Totem",0x8,1
4/28 18:49:45.757  SWING_DAMAGE,Player-4755-01637B0A,"Pindle-Dreadmist",0x514,0x0,Creature-0-4457-249-1045-10184-000028665C,"Onyxia",0x10a48,0x0,Player-4755-01637B0A,0000000000000000,100,100,0,0,0,-1,0,0,0,1.86,-209.80,0,3.9088,65,182,210,-1,1,0,0,0,nil,nil,nil
4/28 18:49:45.757  SWING_DAMAGE,Player-4755-01637B0A,"Pindle-Dreadmist",0x514,0x0,Creature-0-4457-249-1045-10184-000028665C,"Onyxia",0x10a48,0x0,Player-4755-01637B0A,0000000000000000,100,100,0,0,0,-1,0,0,0,1.86,-209.80,0,3.9088,65,459,259,-1,1,0,0,0,1,nil,nil
4/28 18:49:45.773  SPELL_PERIODIC_ENERGIZE,Creature-0-4457-249-1045-7416-0000286C87,"Mana Spring Totem IV",0x2114,0x0,Player-4755-016296D3,"Nivl-Dreadmist",0x514,0x0,10494,"Mana Spring",0x8,Player-4755-016296D3,0000000000000000,100,100,0,0,0,-1,0,0,0,12.67,-205.34,0,4.2342,69,10.0000,0.0000,0,5845
4/28 18:49:45.773  SPELL_PERIODIC_ENERGIZE,Creature-0-4457-249-1045-7416-0000286C87,"Mana Spring Totem IV",0x2114,0x0,Player-4755-0178F576,"Atreas-Dreadmist",0x514,0x0,10494,"Mana Spring",0x8,Player-4755-0178F576,0000000000000000,100,100,0,0,0,-1,0,0,0,6.14,-178.76,0,4.6748,66,10.0000,0.0000,0,3765
4/28 18:49:45.773  SWING_DAMAGE,Pet-0-4457-249-1045-9622-02002CD5BC,"Bokito",0x1114,0x0,Creature-0-4457-249-1045-10184-000028665C,"Onyxia",0x10a48,0x0,Pet-0-4457-249-1045-9622-02002CD5BC,Player-4755-020BD78D,100,100,0,0,0,-1,0,0,0,-4.27,-198.08,0,5.3385,70,120,239,-1,1,0,0,0,nil,1,nil
4/28 18:49:45.773  SPELL_CAST_SUCCESS,Player-4755-01637B0A,"Pindle-Dreadmist",0x514,0x0,Creature-0-4457-249-1045-10184-000028665C,"Onyxia",0x10a48,0x0,11281,"Backstab",0x1,Player-4755-01637B0A,0000000000000000,100,100,0,0,0,-1,0,0,0,1.76,-209.89,0,3.9088,65
4/28 18:49:45.828  SPELL_AURA_APPLIED,Player-4755-01A6B139,"Sakatan-Dreadmist",0x514,0x0,Player-4755-01A6B139,"Sakatan-Dreadmist",0x514,0x0,6774,"Slice and Dice",0x1,BUFF
4/28 18:49:45.828  SPELL_CAST_SUCCESS,Player-4755-01A6B139,"Sakatan-Dreadmist",0x514,0x0,Creature-0-4457-249-1045-10184-000028665C,"Onyxia",0x10a48,0x0,6774,"Slice and Dice",0x1,Player-4755-01A6B139,0000000000000000,100,100,0,0,0,-1,0,0,0,9.54,-199.57,0,5.0548,69
4/28 18:49:45.845  SWING_DAMAGE,Pet-0-4457-249-1045-7432-01002D8BC6,"Cat",0x1114,0x0,Creature-0-4457-249-1045-10184-000028665C,"Onyxia",0x10a48,0x0,Pet-0-4457-249-1045-7432-01002D8BC6,Player-4755-01E83279,100,100,0,0,0,-1,0,0,0,-3.89,-197.32,0,5.2654,70,80,144,-1,1,0,0,0,nil,1,nil
4/28 18:49:45.845  SWING_MISSED,Pet-0-4457-249-1045-2850-01001956F9,"Kratos",0x1114,0x0,Creature-0-4457-249-1045-10184-000028665C,"Onyxia",0x10a48,0x0,MISS,nil
4/28 18:49:45.845  SPELL_CAST_SUCCESS,Player-4755-01840577,"Raggèn-Dreadmist",0x514,0x0,Creature-0-4457-249-1045-10184-000028665C,"Onyxia",0x10a48,0x0,17364,"Stormstrike",0x1,Player-4755-01840577,0000000000000000,100,100,0,0,0,-1,0,0,0,6.13,-209.43,0,3.7888,67
4/28 18:49:45.845  SPELL_CAST_SUCCESS,Player-4755-0160BD13,"Mafkees-Dreadmist",0x514,0x0,Creature-0-4457-249-1045-10184-000028665C,"Onyxia",0x10a48,0x0,7373,"Hamstring",0x1,Player-4755-0160BD13,0000000000000000,100,100,0,0,0,-1,0,0,0,-1.84,-223.70,0,2.3271,64
4/28 18:49:45.845  SPELL_MISSED,Player-4755-0160BD13,"Mafkees-Dreadmist",0x514,0x0,Creature-0-4457-249-1045-10184-000028665C,"Onyxia",0x10a48,0x0,7373,"Hamstring",0x1,BLOCK,nil,0
4/28 18:49:45.884  SPELL_DAMAGE,Player-4755-015FEBD5,"Sauvage-Dreadmist",0x514,0x0,Creature-0-4457-249-1045-10184-000028665C,"Onyxia",0x10a48,0x0,10181,"Frostbolt",0x10,Creature-0-4457-249-1045-10184-000028665C,0000000000000000,65,100,0,0,0,-1,0,0,0,-2.48,-217.48,0,3.0962,63,903,820,-1,16,0,0,0,nil,nil,nil
4/28 18:49:45.954  SPELL_AURA_APPLIED,Player-4755-01802FE5,"Angrybat-Dreadmist",0x514,0x0,Player-4755-01802FE5,"Angrybat-Dreadmist",0x514,0x0,23723,"Mind Quickening",0x40,BUFF
4/28 18:49:45.954  SPELL_CAST_SUCCESS,Player-4755-01802FE5,"Angrybat-Dreadmist",0x514,0x0,0000000000000000,nil,0x80000000,0x80000000,23723,"Mind Quickening",0x40,Player-4755-01802FE5,0000000000000000,100,100,0,0,0,-1,0,0,0,-4.64,-184.83,0,4.7233,66
4/28 18:49:46.002  SPELL_ENERGIZE,Player-4755-01F21AE6,"Blahu-Dreadmist",0x40514,0x0,Player-4755-01F21AE6,"Blahu-Dreadmist",0x40514,0x0,12964,"Unbridled Wrath",0x1,Player-4755-01F21AE6,0000000000000000,100,100,0,0,0,-1,0,0,0,11.68,-206.96,0,3.3520,70,1.0000,0.0000,1,1000
4/28 18:49:46.002  SPELL_AURA_REMOVED_DOSE,Player-4755-0220BD00,"Krikoff-Dreadmist",0x40514,0x0,Player-4755-0220BD00,"Krikoff-Dreadmist",0x40514,0x0,12970,"Flurry",0x1,BUFF,1
4/28 18:49:46.002  SPELL_ENERGIZE,Player-4755-01FA8D0D,"Roackeru-Dreadmist",0x514,0x0,Player-4755-01FA8D0D,"Roackeru-Dreadmist",0x514,0x0,31818,"Life Tap",0x20,Player-4755-01FA8D0D,0000000000000000,87,100,0,0,0,-1,0,0,0,14.10,-181.25,0,4.6063,65,835.0000,0.0000,0,6373
4/28 18:49:46.002  SPELL_DAMAGE,Player-4755-0178F416,"Eltorero-Dreadmist",0x514,0x0,Creature-0-4457-249-1045-10184-000028665C,"Onyxia",0x10a48,0x0,7373,"Hamstring",0x1,Creature-0-4457-249-1045-10184-000028665C,0000000000000000,65,100,0,0,0,-1,0,0,0,-3.55,-217.43,0,3.0962,63,40,46,-1,1,0,0,0,nil,nil,nil
4/28 18:49:46.002  SWING_DAMAGE_LANDED,Player-4755-0178F416,"Eltorero-Dreadmist",0x514,0x0,Creature-0-4457-249-1045-10184-000028665C,"Onyxia",0x10a48,0x0,Creature-0-4457-249-1045-10184-000028665C,0000000000000000,64,100,0,0,0,-1,0,0,0,-3.55,-217.43,0,3.0962,63,1552,894,-1,1,0,0,0,1,nil,nil
4/28 18:49:46.002  SWING_DAMAGE_LANDED,Player-4755-01637B0A,"Pindle-Dreadmist",0x514,0x0,Creature-0-4457-249-1045-10184-000028665C,"Onyxia",0x10a48,0x0,Creature-0-4457-249-1045-10184-000028665C,0000000000000000,64,100,0,0,0,-1,0,0,0,-3.55,-217.43,0,3.0962,63,185,104,-1,1,0,0,0,1,nil,nil
4/28 18:49:46.002  SWING_DAMAGE_LANDED,Player-4755-01637B0A,"Pindle-Dreadmist",0x514,0x0,Creature-0-4457-249-1045-10184-000028665C,"Onyxia",0x10a48,0x0,Creature-0-4457-249-1045-10184-000028665C,0000000000000000,64,100,0,0,0,-1,0,0,0,-3.55,-217.43,0,3.0962,63,182,210,-1,1,0,0,0,nil,nil,nil
4/28 18:49:46.002  SWING_DAMAGE_LANDED,Player-4755-01637B0A,"Pindle-Dreadmist",0x514,0x0,Creature-0-4457-249-1045-10184-000028665C,"Onyxia",0x10a48,0x0,Creature-0-4457-249-1045-10184-000028665C,0000000000000000,64,100,0,0,0,-1,0,0,0,-3.55,-217.43,0,3.0962,63,459,259,-1,1,0,0,0,1,nil,nil
4/28 18:49:46.002  SWING_DAMAGE_LANDED,Pet-0-4457-249-1045-9622-02002CD5BC,"Bokito",0x1114,0x0,Creature-0-4457-249-1045-10184-000028665C,"Onyxia",0x10a48,0x0,Creature-0-4457-249-1045-10184-000028665C,0000000000000000,64,100,0,0,0,-1,0,0,0,-3.55,-217.43,0,3.0962,63,120,239,-1,1,0,0,0,nil,1,nil
4/28 18:49:46.002  SPELL_DAMAGE,Player-4755-01637B0A,"Pindle-Dreadmist",0x514,0x0,Creature-0-4457-249-1045-10184-000028665C,"Onyxia",0x10a48,0x0,11281,"Backstab",0x1,Creature-0-4457-249-1045-10184-000028665C,0000000000000000,64,100,0,0,0,-1,0,0,0,-3.55,-217.43,0,3.0962,63,603,694,-1,1,0,0,0,nil,nil,nil
4/28 18:49:46.002  SWING_DAMAGE_LANDED,Pet-0-4457-249-1045-7432-01002D8BC6,"Cat",0x1114,0x0,Creature-0-4457-249-1045-10184-000028665C,"Onyxia",0x10a48,0x0,Creature-0-4457-249-1045-10184-000028665C,0000000000000000,64,100,0,0,0,-1,0,0,0,-3.55,-217.43,0,3.0962,63,80,144,-1,1,0,0,0,nil,1,nil
4/28 18:49:46.002  SPELL_DAMAGE,Player-4755-01840577,"Raggèn-Dreadmist",0x514,0x0,Creature-0-4457-249-1045-10184-000028665C,"Onyxia",0x10a48,0x0,17364,"Stormstrike",0x1,Creature-0-4457-249-1045-10184-000028665C,0000000000000000,64,100,0,0,0,-1,0,0,0,-3.55,-217.43,0,3.0962,63,467,538,-1,1,0,0,0,nil,nil,nil
4/28 18:49:46.002  SPELL_AURA_APPLIED,Player-4755-01840577,"Raggèn-Dreadmist",0x514,0x0,Creature-0-4457-249-1045-10184-000028665C,"Onyxia",0x10a48,0x0,17364,"Stormstrike",0x1,DEBUFF
4/28 18:49:46.002  SWING_DAMAGE,Player-4755-0160BD13,"Mafkees-Dreadmist",0x514,0x0,Creature-0-4457-249-1045-10184-000028665C,"Onyxia",0x10a48,0x0,Player-4755-0160BD13,0000000000000000,100,100,0,0,0,-1,0,0,0,-2.65,-222.87,0,2.3546,64,567,755,-1,1,0,0,0,nil,1,nil
4/28 18:49:46.002  SPELL_CAST_SUCCESS,Player-4755-015FEBD5,"Sauvage-Dreadmist",0x514,0x0,0000000000000000,nil,0x80000000,0x80000000,10058,"Replenish Mana",0x1,Player-4755-015FEBD5,0000000000000000,100,100,0,0,0,-1,0,0,0,-2.42,-186.07,0,4.9229,64
4/28 18:49:46.041  SPELL_CAST_SUCCESS,Player-4755-02045EF4,"Necrosini-Dreadmist",0x512,0x0,Player-4755-01733879,"Hocwar-Dreadmist",0x40514,0x0,10929,"Renew",0x2,Player-4755-02045EF4,0000000000000000,100,100,0,0,0,-1,0,0,0,5.83,-191.53,0,3.0858,69
4/28 18:49:46.041  SPELL_AURA_APPLIED,Player-4755-01E83279,"Nlmasters-Dreadmist",0x514,0x8,Player-4755-01E83279,"Nlmasters-Dreadmist",0x514,0x8,24352,"Devilsaur Fury",0x1,BUFF
4/28 18:49:46.041  SPELL_CAST_SUCCESS,Player-4755-01E83279,"Nlmasters-Dreadmist",0x514,0x8,0000000000000000,nil,0x80000000,0x80000000,24352,"Devilsaur Fury",0x1,Player-4755-01E83279,0000000000000000,100,100,0,0,0,-1,0,0,0,-15.75,-186.13,0,4.6667,70
4/28 18:49:46.076  RANGE_DAMAGE,Player-4755-01E83279,"Nlmasters-Dreadmist",0x514,0x8,Creature-0-4457-249-1045-10184-000028665C,"Onyxia",0x10a48,0x0,75,"Auto Shot",0x1,Creature-0-4457-249-1045-10184-000028665C,0000000000000000,64,100,0,0,0,-1,0,0,0,-4.24,-217.40,0,3.0962,63,386,444,-1,1,0,0,0,nil,nil,nil
4/28 18:49:46.091  SWING_DAMAGE,Player-4755-01A6B139,"Sakatan-Dreadmist",0x514,0x0,Creature-0-4457-249-1045-10184-000028665C,"Onyxia",0x10a48,0x0,Player-4755-01A6B139,0000000000000000,100,100,0,0,0,-1,0,0,0,9.54,-199.57,0,5.0548,69,262,148,-1,1,0,0,0,1,nil,nil
4/28 18:49:46.091  SPELL_CAST_START,Player-4755-01802FE5,"Angrybat-Dreadmist",0x514,0x0,0000000000000000,nil,0x80000000,0x80000000,10181,"Frostbolt",0x10
4/28 18:49:46.156  SPELL_CAST_START,Player-4755-020BD78D,"Lonehunter-Dreadmist",0x514,0x0,0000000000000000,nil,0x80000000,0x80000000,75,"Auto Shot",0x1
4/28 18:49:46.163  RANGE_MISSED,Player-4755-021D6506,"Bloodlady-Dreadmist",0x514,0x0,Creature-0-4457-249-1045-10184-000028665C,"Onyxia",0x10a48,0x0,5019,"Shoot",0x1,RESIST,nil,0
4/28 18:49:46.190  SWING_MISSED,Player-4755-01733879,"Hocwar-Dreadmist",0x40514,0x0,Creature-0-4457-249-1045-10184-000028665C,"Onyxia",0x10a48,0x0,DODGE,1
4/28 18:49:46.245  SPELL_AURA_APPLIED,Player-4755-01E83279,"Nlmasters-Dreadmist",0x514,0x8,Player-4755-01E83279,"Nlmasters-Dreadmist",0x514,0x8,3045,"Rapid Fire",0x40,BUFF
4/28 18:49:46.245  SPELL_CAST_SUCCESS,Player-4755-01E83279,"Nlmasters-Dreadmist",0x514,0x8,0000000000000000,nil,0x80000000,0x80000000,3045,"Rapid Fire",0x40,Player-4755-01E83279,0000000000000000,100,100,0,0,0,-1,0,0,0,-15.75,-186.13,0,4.6667,70
4/28 18:49:46.292  SWING_MISSED,Player-4755-01F21AE6,"Blahu-Dreadmist",0x40514,0x0,Creature-0-4457-249-1045-10184-000028665C,"Onyxia",0x10a48,0x0,MISS,1
4/28 18:49:46.310  SPELL_PERIODIC_HEAL,Player-4755-01ED7A64,"Sperzieboon-Dreadmist",0x514,0x0,Player-4755-01614AC7,"Mirrimazduur-Dreadmist",0x512,0x0,10929,"Renew",0x2,Player-4755-01614AC7,0000000000000000,100,100,0,0,0,-1,0,0,0,-1.52,-178.92,0,4.2595,68,318,318,318,0,nil
4/28 18:49:46.326  SPELL_AURA_REMOVED,Player-4755-021D6506,"Bloodlady-Dreadmist",0x514,0x0,Player-4755-021D6506,"Bloodlady-Dreadmist",0x514,0x0,1953,"Blink",0x40,BUFF
4/28 18:49:46.343  SWING_DAMAGE,Player-4755-01A6B139,"Sakatan-Dreadmist",0x514,0x0,Creature-0-4457-249-1045-10184-000028665C,"Onyxia",0x10a48,0x0,Player-4755-01A6B139,0000000000000000,100,100,0,0,0,-1,0,0,0,9.54,-199.57,0,5.0548,69,156,193,-1,1,0,0,0,nil,1,nil
4/28 18:49:46.343  RANGE_DAMAGE,Player-4755-0163DD9D,"Kaspais-Dreadmist",0x514,0x0,Creature-0-4457-249-1045-10184-000028665C,"Onyxia",0x10a48,0x0,5019,"Shoot",0x1,Creature-0-4457-249-1045-10184-000028665C,0000000000000000,64,100,0,0,0,-1,0,0,0,-6.65,-217.29,0,3.0962,63,152,138,-1,16,0,0,0,nil,nil,nil
4/28 18:49:46.361  SPELL_CAST_SUCCESS,Player-4755-016DF694,"Ashalan-Dreadmist",0x514,0x0,Creature-0-4457-249-1045-10184-000028665C,"Onyxia",0x10a48,0x0,17364,"Stormstrike",0x1,Player-4755-016DF694,0000000000000000,100,100,0,0,0,-1,0,0,0,4.02,-210.87,0,3.0811,67
4/28 18:49:46.402  SPELL_AURA_REMOVED_DOSE,Player-4755-0178F416,"Eltorero-Dreadmist",0x514,0x0,Player-4755-0178F416,"Eltorero-Dreadmist",0x514,0x0,23888,"Bloodthirst",0x1,BUFF,1
4/28 18:49:46.402  SPELL_HEAL,Player-4755-0178F416,"Eltorero-Dreadmist",0x514,0x0,Player-4755-0178F416,"Eltorero-Dreadmist",0x514,0x0,23891,"Bloodthirst",0x1,Player-4755-0178F416,0000000000000000,100,100,0,0,0,-1,0,0,0,1.58,-210.00,0,4.1733,67,20,20,20,0,nil
4/28 18:49:46.402  SPELL_AURA_REMOVED_DOSE,Player-4755-0178F416,"Eltorero-Dreadmist",0x514,0x0,Player-4755-0178F416,"Eltorero-Dreadmist",0x514,0x0,10610,"Windfury Totem",0x8,BUFF,1
4/28 18:49:46.402  SPELL_AURA_REMOVED_DOSE,Player-4755-0178F416,"Eltorero-Dreadmist",0x514,0x0,Player-4755-0178F416,"Eltorero-Dreadmist",0x514,0x0,12970,"Flurry",0x1,BUFF,1
4/28 18:49:46.402  SPELL_AURA_APPLIED_DOSE,Player-4755-0178F416,"Eltorero-Dreadmist",0x514,0x0,Player-4755-0178F416,"Eltorero-Dreadmist",0x514,0x0,12970,"Flurry",0x1,BUFF,3
4/28 18:49:46.402  SPELL_HEAL,Player-4755-0178F416,"Eltorero-Dreadmist",0x514,0x0,Player-4755-0178F416,"Eltorero-Dreadmist",0x514,0x0,23891,"Bloodthirst",0x1,Player-4755-0178F416,0000000000000000,100,100,0,0,0,-1,0,0,0,1.58,-210.00,0,4.1733,67,20,20,20,0,nil
4/28 18:49:46.402  SPELL_AURA_REMOVED,Player-4755-0178F416,"Eltorero-Dreadmist",0x514,0x0,Player-4755-0178F416,"Eltorero-Dreadmist",0x514,0x0,23888,"Bloodthirst",0x1,BUFF
4/28 18:49:46.402  SPELL_AURA_REMOVED_DOSE,Player-4755-01637B0A,"Pindle-Dreadmist",0x514,0x0,Player-4755-01637B0A,"Pindle-Dreadmist",0x514,0x0,10610,"Windfury Totem",0x8,BUFF,1
4/28 18:49:46.402  SPELL_AURA_REMOVED,Player-4755-01637B0A,"Pindle-Dreadmist",0x514,0x0,Player-4755-01637B0A,"Pindle-Dreadmist",0x514,0x0,10610,"Windfury Totem",0x8,BUFF
4/28 18:49:46.402  SWING_DAMAGE_LANDED,Player-4755-0160BD13,"Mafkees-Dreadmist",0x514,0x0,Creature-0-4457-249-1045-10184-000028665C,"Onyxia",0x10a48,0x0,Creature-0-4457-249-1045-10184-000028665C,0000000000000000,64,100,0,0,0,-1,0,0,0,-7.11,-217.27,0,3.0962,63,567,755,-1,1,0,0,0,nil,1,nil
4/28 18:49:46.402  SPELL_ENERGIZE,Player-4755-015FEBD5,"Sauvage-Dreadmist",0x514,0x0,Player-4755-015FEBD5,"Sauvage-Dreadmist",0x514,0x0,10058,"Replenish Mana",0x1,Player-4755-015FEBD5,0000000000000000,100,100,0,0,0,-1,0,0,0,-2.42,-186.07,0,4.9229,64,1093.0000,0.0000,0,6158
4/28 18:49:46.402  SPELL_AURA_APPLIED,Player-4755-02045EF4,"Necrosini-Dreadmist",0x512,0x0,Player-4755-01733879,"Hocwar-Dreadmist",0x40514,0x0,10929,"Renew",0x2,BUFF
4/28 18:49:46.402  SWING_DAMAGE_LANDED,Player-4755-01A6B139,"Sakatan-Dreadmist",0x514,0x0,Creature-0-4457-249-1045-10184-000028665C,"Onyxia",0x10a48,0x0,Creature-0-4457-249-1045-10184-000028665C,0000000000000000,64,100,0,0,0,-1,0,0,0,-7.11,-217.27,0,3.0962,63,262,148,-1,1,0,0,0,1,nil,nil
4/28 18:49:46.402  SWING_DAMAGE_LANDED,Player-4755-01A6B139,"Sakatan-Dreadmist",0x514,0x0,Creature-0-4457-249-1045-10184-000028665C,"Onyxia",0x10a48,0x0,Creature-0-4457-249-1045-10184-000028665C,0000000000000000,64,100,0,0,0,-1,0,0,0,-7.11,-217.27,0,3.0962,63,156,193,-1,1,0,0,0,nil,1,nil
4/28 18:49:46.402  SPELL_DAMAGE,Player-4755-016DF694,"Ashalan-Dreadmist",0x514,0x0,Creature-0-4457-249-1045-10184-000028665C,"Onyxia",0x10a48,0x0,17364,"Stormstrike",0x1,Creature-0-4457-249-1045-10184-000028665C,0000000000000000,64,100,0,0,0,-1,0,0,0,-7.11,-217.27,0,3.0962,63,945,544,-1,1,0,0,0,1,nil,nil
4/28 18:49:46.402  SPELL_AURA_REMOVED,Player-4755-01840577,"Raggèn-Dreadmist",0x514,0x0,Creature-0-4457-249-1045-10184-000028665C,"Onyxia",0x10a48,0x0,17364,"Stormstrike",0x1,DEBUFF
4/28 18:49:46.402  SPELL_AURA_APPLIED,Player-4755-016DF694,"Ashalan-Dreadmist",0x514,0x0,Creature-0-4457-249-1045-10184-000028665C,"Onyxia",0x10a48,0x0,17364,"Stormstrike",0x1,DEBUFF
4/28 18:49:46.402  SPELL_AURA_APPLIED,Player-4755-01B60A5F,"Zurok-Dreadmist",0x514,0x0,Player-4755-01733879,"Hocwar-Dreadmist",0x40514,0x0,20906,"Trueshot Aura",0x40,BUFF
4/28 18:49:46.468  SWING_MISSED,Player-4755-01AC9FD9,"Alexinho-Dreadmist",0x514,0x0,Creature-0-4457-249-1045-10184-000028665C,"Onyxia",0x10a48,0x0,MISS,1
4/28 18:49:46.518  SPELL_AURA_APPLIED,Player-4755-01E83279,"Nlmasters-Dreadmist",0x514,0x8,Player-4755-01E83279,"Nlmasters-Dreadmist",0x514,0x8,26635,"Berserking",0x1,BUFF
4/28 18:49:46.518  SPELL_CAST_SUCCESS,Player-4755-01E83279,"Nlmasters-Dreadmist",0x514,0x8,0000000000000000,nil,0x80000000,0x80000000,20554,"Berserking",0x1,Player-4755-01E83279,0000000000000000,100,100,0,0,0,-1,0,0,0,-15.75,-186.13,0,4.6667,70
4/28 18:49:46.518  SPELL_AURA_APPLIED,Player-4755-021D6506,"Bloodlady-Dreadmist",0x514,0x0,Player-4755-021D6506,"Bloodlady-Dreadmist",0x514,0x0,12042,"Arcane Power",0x40,BUFF
4/28 18:49:46.518  SPELL_CAST_SUCCESS,Player-4755-021D6506,"Bloodlady-Dreadmist",0x514,0x0,0000000000000000,nil,0x80000000,0x80000000,12042,"Arcane Power",0x40,Player-4755-021D6506,0000000000000000,100,100,0,0,0,-1,0,0,0,-35.99,-204.67,0,5.7139,69
4/28 18:49:46.518  SPELL_AURA_APPLIED,Player-4755-021D6506,"Bloodlady-Dreadmist",0x514,0x0,Player-4755-021D6506,"Bloodlady-Dreadmist",0x514,0x0,23723,"Mind Quickening",0x40,BUFF
4/28 18:49:46.518  SPELL_CAST_SUCCESS,Player-4755-021D6506,"Bloodlady-Dreadmist",0x514,0x0,0000000000000000,nil,0x80000000,0x80000000,23723,"Mind Quickening",0x40,Player-4755-021D6506,0000000000000000,100,100,0,0,0,-1,0,0,0,-35.99,-204.67,0,5.7139,69
4/28 18:49:46.518  SPELL_CAST_START,Player-4755-0163DD9D,"Kaspais-Dreadmist",0x514,0x0,0000000000000000,nil,0x80000000,0x80000000,10181,"Frostbolt",0x10
4/28 18:49:46.556  RANGE_DAMAGE,Player-4755-01B60A5F,"Zurok-Dreadmist",0x514,0x0,Creature-0-4457-249-1045-10184-000028665C,"Onyxia",0x10a48,0x0,75,"Auto Shot",0x1,Creature-0-4457-249-1045-10184-000028665C,0000000000000000,64,100,0,0,0,-1,0,0,0,-8.55,-217.22,0,3.1224,63,381,439,-1,1,0,0,0,nil,nil,nil
4/28 18:49:46.573  SPELL_DAMAGE,Player-4755-01802FE5,"Angrybat-Dreadmist",0x514,0x0,Creature-0-4457-249-1045-10184-000028665C,"Onyxia",0x10a48,0x0,10181,"Frostbolt",0x10,Creature-0-4457-249-1045-10184-000028665C,0000000000000000,64,100,0,0,0,-1,0,0,0,-8.70,-217.22,0,3.1224,63,1955,888,-1,16,0,0,0,1,nil,nil
4/28 18:49:46.590  SPELL_CAST_SUCCESS,Player-4755-020BD78D,"Lonehunter-Dreadmist",0x514,0x0,Creature-0-4457-249-1045-10184-000028665C,"Onyxia",0x10a48,0x0,75,"Auto Shot",0x1,Player-4755-020BD78D,0000000000000000,100,100,0,0,0,-1,0,0,0,1.62,-179.46,0,4.5157,70
4/28 18:49:46.739  SPELL_AURA_REMOVED,Pet-0-4457-249-1045-7456-03003178E8,"Owl",0x1114,0x0,Creature-0-4457-249-1045-10184-000028665C,"Onyxia",0x10a48,0x0,24579,"Screech",0x1,DEBUFF
4/28 18:49:46.792  SPELL_CAST_SUCCESS,Pet-0-4457-249-1045-7432-01002D8BC6,"Cat",0x1114,0x0,Creature-0-4457-249-1045-10184-000028665C,"Onyxia",0x10a48,0x0,3009,"Claw",0x1,Pet-0-4457-249-1045-7432-01002D8BC6,Player-4755-01E83279,100,100,0,0,0,-1,0,0,0,-3.89,-197.32,0,5.2654,70
4/28 18:49:46.792  SPELL_CAST_SUCCESS,Pet-0-4457-249-1045-7456-03003178E8,"Owl",0x1114,0x0,Creature-0-4457-249-1045-10184-000028665C,"Onyxia",0x10a48,0x0,24579,"Screech",0x1,Pet-0-4457-249-1045-7456-03003178E8,Player-4755-01B60A5F,100,100,0,0,0,-1,0,0,0,6.98,-201.84,0,3.7922,62
4/28 18:49:46.792  SPELL_AURA_REFRESH,Player-4755-0178F416,"Eltorero-Dreadmist",0x514,0x0,Creature-0-4457-249-1045-10184-000028665C,"Onyxia",0x10a48,0x0,12721,"Deep Wound",0x1,DEBUFF
4/28 18:49:46.792  SPELL_AURA_REMOVED_DOSE,Player-4755-0160BD13,"Mafkees-Dreadmist",0x514,0x0,Player-4755-0160BD13,"Mafkees-Dreadmist",0x514,0x0,12970,"Flurry",0x1,BUFF,2
4/28 18:49:46.792  SPELL_AURA_REMOVED_DOSE,Player-4755-0160BD13,"Mafkees-Dreadmist",0x514,0x0,Player-4755-0160BD13,"Mafkees-Dreadmist",0x514,0x0,23888,"Bloodthirst",0x1,BUFF,1
4/28 18:49:46.792  SPELL_HEAL,Player-4755-0160BD13,"Mafkees-Dreadmist",0x514,0x0,Player-4755-0160BD13,"Mafkees-Dreadmist",0x514,0x0,23891,"Bloodthirst",0x1,Player-4755-0160BD13,0000000000000000,100,100,0,0,0,-1,0,0,0,-8.00,-224.32,0,1.9069,64,20,20,20,0,nil
4/28 18:49:46.792  SPELL_AURA_APPLIED_DOSE,Player-4755-016DF694,"Ashalan-Dreadmist",0x514,0x0,Player-4755-016DF694,"Ashalan-Dreadmist",0x514,0x0,16280,"Flurry",0x1,BUFF,3
4/28 18:49:46.792  SPELL_DAMAGE,Pet-0-4457-249-1045-7432-01002D8BC6,"Cat",0x1114,0x0,Creature-0-4457-249-1045-10184-000028665C,"Onyxia",0x10a48,0x0,3009,"Claw",0x1,Creature-0-4457-249-1045-10184-000028665C,0000000000000000,64,100,0,0,0,-1,0,0,0,-10.69,-217.18,0,3.1224,63,100,116,-1,1,0,0,0,nil,nil,nil
4/28 18:49:46.792  SPELL_DAMAGE,Pet-0-4457-249-1045-7456-03003178E8,"Owl",0x1114,0x0,Creature-0-4457-249-1045-10184-000028665C,"Onyxia",0x10a48,0x0,24579,"Screech",0x1,Creature-0-4457-249-1045-10184-000028665C,0000000000000000,64,100,0,0,0,-1,0,0,0,-10.69,-217.18,0,3.1224,63,52,60,-1,1,0,0,0,nil,nil,nil
4/28 18:49:46.792  SPELL_AURA_APPLIED,Pet-0-4457-249-1045-7456-03003178E8,"Owl",0x1114,0x0,Creature-0-4457-249-1045-10184-000028665C,"Onyxia",0x10a48,0x0,24579,"Screech",0x1,DEBUFF
4/28 18:49:46.820  SPELL_CAST_SUCCESS,Player-4755-01804B95,"Moymoy-Dreadmist",0x514,0x0,0000000000000000,nil,0x80000000,0x80000000,10497,"Mana Spring Totem",0x10,Player-4755-01804B95,0000000000000000,100,100,0,0,0,-1,0,0,0,13.22,-186.11,0,2.9134,66
4/28 18:49:46.820  SPELL_SUMMON,Player-4755-01804B95,"Moymoy-Dreadmist",0x514,0x0,Creature-0-4457-249-1045-7416-0000286CBA,"Mana Spring Totem IV",0xa28,0x0,10497,"Mana Spring Totem",0x10
4/28 18:49:46.820  SPELL_CAST_START,Player-4755-01F36B30,"Rectumqeef-Dreadmist",0x514,0x0,0000000000000000,nil,0x80000000,0x80000000,11672,"Corruption",0x20
4/28 18:49:46.820  SPELL_CAST_SUCCESS,Player-4755-01F36B30,"Rectumqeef-Dreadmist",0x514,0x0,Creature-0-4457-249-1045-10184-000028665C,"Onyxia",0x10a48,0x0,11672,"Corruption",0x20,Player-4755-01F36B30,0000000000000000,100,100,0,0,0,-1,0,0,0,-1.54,-191.11,0,4.3043,66
4/28 18:49:46.858  SPELL_AURA_APPLIED,Player-4755-01637B0A,"Pindle-Dreadmist",0x514,0x0,Player-4755-01637B0A,"Pindle-Dreadmist",0x514,0x0,20007,"Holy Strength",0x2,BUFF
4/28 18:49:46.858  SPELL_HEAL,Player-4755-01637B0A,"Pindle-Dreadmist",0x514,0x0,Player-4755-01637B0A,"Pindle-Dreadmist",0x514,0x0,20007,"Holy Strength",0x2,Player-4755-01637B0A,0000000000000000,100,100,0,0,0,-1,0,0,0,-5.74,-211.39,0,3.8911,65,97,97,97,0,nil
4/28 18:49:46.858  SWING_DAMAGE,Player-4755-01637B0A,"Pindle-Dreadmist",0x514,0x0,Creature-0-4457-249-1045-10184-000028665C,"Onyxia",0x10a48,0x0,Player-4755-01637B0A,0000000000000000,100,100,0,0,0,-1,0,0,0,-5.74,-211.39,0,3.8911,65,107,123,-1,1,0,0,0,nil,nil,nil
4/28 18:49:46.858  SWING_DAMAGE,Pet-0-4457-249-1045-2850-01001956F9,"Kratos",0x1114,0x0,Creature-0-4457-249-1045-10184-000028665C,"Onyxia",0x10a48,0x0,Pet-0-4457-249-1045-2850-01001956F9,Player-4755-0178F576,100,100,0,0,0,-1,0,0,0,5.44,-197.95,0,3.7636,66,105,120,-1,1,0,0,0,nil,nil,nil
4/28 18:49:46.876  SPELL_CAST_START,Player-4755-020BD78D,"Lonehunter-Dreadmist",0x514,0x0,0000000000000000,nil,0x80000000,0x80000000,20904,"Aimed Shot",0x1
4/28 18:49:46.893  SPELL_CAST_START,Player-4755-021D6506,"Bloodlady-Dreadmist",0x514,0x0,0000000000000000,nil,0x80000000,0x80000000,10181,"Frostbolt",0x10
4/28 18:49:47.059  SPELL_CAST_START,Player-4755-01FA8DD8,"Roackerita-Dreadmist",0x514,0x0,0000000000000000,nil,0x80000000,0x80000000,2055,"Heal",0x2
4/28 18:49:47.059  SPELL_CAST_START,Player-4755-01617EEE,"Fenix-Dreadmist",0x512,0x0,0000000000000000,nil,0x80000000,0x80000000,6064,"Heal",0x2
4/28 18:49:47.098  SPELL_AURA_APPLIED,Player-4755-01AC9FD9,"Alexinho-Dreadmist",0x514,0x0,Player-4755-01AC9FD9,"Alexinho-Dreadmist",0x514,0x0,13877,"Blade Flurry",0x1,BUFF
4/28 18:49:47.098  SPELL_CAST_SUCCESS,Player-4755-01AC9FD9,"Alexinho-Dreadmist",0x514,0x0,0000000000000000,nil,0x80000000,0x80000000,13877,"Blade Flurry",0x1,Player-4755-01AC9FD9,0000000000000000,100,100,0,0,0,-1,0,0,0,3.49,-206.38,0,3.5572,66
4/28 18:49:47.107  SPELL_MISSED,Player-4755-01F36B30,"Rectumqeef-Dreadmist",0x514,0x0,Creature-0-4457-249-1045-10184-000028665C,"Onyxia",0x10a48,0x0,11661,"Shadow Bolt",0x20,RESIST,nil,0
4/28 18:49:47.117  SWING_DAMAGE,Player-4755-01AC9FD9,"Alexinho-Dreadmist",0x514,0x0,Creature-0-4457-249-1045-10184-000028665C,"Onyxia",0x10a48,0x0,Player-4755-01AC9FD9,0000000000000000,100,100,0,0,0,-1,0,0,0,3.33,-206.45,0,3.5572,66,259,345,-1,1,0,0,0,nil,1,nil
4/28 18:49:47.155  SWING_DAMAGE,Player-4755-016DF694,"Ashalan-Dreadmist",0x514,0x0,Creature-0-4457-249-1045-10184-000028665C,"Onyxia",0x10a48,0x0,Player-4755-016DF694,0000000000000000,100,100,0,0,0,-1,0,0,0,-1.21,-212.37,0,3.5524,67,316,531,-1,1,0,0,0,nil,1,nil
4/28 18:49:47.155  SWING_DAMAGE,Player-4755-01637B0A,"Pindle-Dreadmist",0x514,0x0,Creature-0-4457-249-1045-10184-000028665C,"Onyxia",0x10a48,0x0,Player-4755-01637B0A,0000000000000000,100,100,0,0,0,-1,0,0,0,-7.96,-211.34,0,3.9048,65,186,219,-1,1,0,0,0,nil,1,nil
4/28 18:49:47.192  SPELL_AURA_APPLIED_DOSE,Player-4755-01802FE5,"Angrybat-Dreadmist",0x514,0x0,Creature-0-4457-249-1045-10184-000028665C,"Onyxia",0x10a48,0x0,12579,"Winter's Chill",0x10,DEBUFF,3
4/28 18:49:47.192  SPELL_AURA_REFRESH,Player-4755-01F36B30,"Rectumqeef-Dreadmist",0x514,0x0,Creature-0-4457-249-1045-10184-000028665C,"Onyxia",0x10a48,0x0,11672,"Corruption",0x20,DEBUFF
4/28 18:49:47.192  SWING_DAMAGE_LANDED,Player-4755-01637B0A,"Pindle-Dreadmist",0x514,0x0,Creature-0-4457-249-1045-10184-000028665C,"Onyxia",0x10a48,0x0,Creature-0-4457-249-1045-10184-000028665C,0000000000000000,64,100,0,0,0,-1,0,0,0,-14.29,-217.11,0,3.1224,63,107,123,-1,1,0,0,0,nil,nil,nil
4/28 18:49:47.192  SWING_DAMAGE_LANDED,Pet-0-4457-249-1045-2850-01001956F9,"Kratos",0x1114,0x0,Creature-0-4457-249-1045-10184-000028665C,"Onyxia",0x10a48,0x0,Creature-0-4457-249-1045-10184-000028665C,0000000000000000,64,100,0,0,0,-1,0,0,0,-14.29,-217.11,0,3.1224,63,105,120,-1,1,0,0,0,nil,nil,nil
4/28 18:49:47.192  SWING_DAMAGE_LANDED,Player-4755-01AC9FD9,"Alexinho-Dreadmist",0x514,0x0,Creature-0-4457-249-1045-10184-000028665C,"Onyxia",0x10a48,0x0,Creature-0-4457-249-1045-10184-000028665C,0000000000000000,64,100,0,0,0,-1,0,0,0,-14.29,-217.11,0,3.1224,63,259,345,-1,1,0,0,0,nil,1,nil
4/28 18:49:47.192  SWING_DAMAGE_LANDED,Player-4755-016DF694,"Ashalan-Dreadmist",0x514,0x0,Creature-0-4457-249-1045-10184-000028665C,"Onyxia",0x10a48,0x0,Creature-0-4457-249-1045-10184-000028665C,0000000000000000,64,100,0,0,0,-1,0,0,0,-14.29,-217.11,0,3.1224,63,316,531,-1,1,0,0,0,nil,1,nil
4/28 18:49:47.192  SWING_DAMAGE_LANDED,Player-4755-01637B0A,"Pindle-Dreadmist",0x514,0x0,Creature-0-4457-249-1045-10184-000028665C,"Onyxia",0x10a48,0x0,Creature-0-4457-249-1045-10184-000028665C,0000000000000000,64,100,0,0,0,-1,0,0,0,-14.29,-217.11,0,3.1224,63,186,219,-1,1,0,0,0,nil,1,nil
4/28 18:49:47.192  SPELL_CAST_SUCCESS,Player-4755-0178F416,"Eltorero-Dreadmist",0x514,0x0,0000000000000000,nil,0x80000000,0x80000000,1680,"Whirlwind",0x1,Player-4755-0178F416,0000000000000000,100,100,0,0,0,-1,0,0,0,-3.36,-210.08,0,3.9456,67
4/28 18:49:47.192  SPELL_AURA_REMOVED,Player-4755-0178F416,"Eltorero-Dreadmist",0x514,0x0,Player-4755-0178F416,"Eltorero-Dreadmist",0x514,0x0,10610,"Windfury Totem",0x8,BUFF
4/28 18:49:47.283  SPELL_CAST_SUCCESS,Player-4755-01637B0A,"Pindle-Dreadmist",0x514,0x0,Creature-0-4457-249-1045-10184-000028665C,"Onyxia",0x10a48,0x0,11281,"Backstab",0x1,Player-4755-01637B0A,0000000000000000,100,100,0,0,0,-1,0,0,0,-8.97,-211.31,0,3.9107,65
4/28 18:49:47.300  SWING_MISSED,Pet-0-4457-249-1045-7456-03003178E8,"Owl",0x1114,0x0,Creature-0-4457-249-1045-10184-000028665C,"Onyxia",0x10a48,0x0,DODGE,nil
4/28 18:49:47.354  SWING_DAMAGE,Pet-0-4457-249-1045-7432-01002D8BC6,"Cat",0x1114,0x0,Creature-0-4457-249-1045-10184-000028665C,"Onyxia",0x10a48,0x0,Pet-0-4457-249-1045-7432-01002D8BC6,Player-4755-01E83279,100,100,0,0,0,-1,0,0,0,-3.89,-197.32,0,5.2654,70,235,135,-1,1,0,0,0,1,nil,nil
4/28 18:49:47.354  SPELL_CAST_SUCCESS,Player-4755-0160BD13,"Mafkees-Dreadmist",0x514,0x0,Creature-0-4457-249-1045-10184-000028665C,"Onyxia",0x10a48,0x0,7373,"Hamstring",0x1,Player-4755-0160BD13,0000000000000000,100,100,0,0,0,-1,0,0,0,-12.06,-225.54,0,1.8598,64
4/28 18:49:47.371  SPELL_PERIODIC_DAMAGE,Player-4755-0160BD13,"Mafkees-Dreadmist",0x514,0x0,Creature-0-4457-249-1045-10184-000028665C,"Onyxia",0x10a48,0x0,12721,"Deep Wound",0x1,Creature-0-4457-249-1045-10184-000028665C,0000000000000000,64,100,0,0,0,-1,0,0,0,-15.94,-217.08,0,3.1224,63,129,129,-1,1,0,0,0,nil,nil,nil
4/28 18:49:47.427  SPELL_DAMAGE,Player-4755-01614AC7,"Mirrimazduur-Dreadmist",0x512,0x0,Creature-0-4457-249-1045-10184-000028665C,"Onyxia",0x10a48,0x0,11661,"Shadow Bolt",0x20,Creature-0-4457-249-1045-10184-000028665C,0000000000000000,63,100,0,0,0,-1,0,0,0,-16.45,-217.07,0,3.1224,63,1958,890,-1,32,0,0,0,1,nil,nil
4/28 18:49:47.461  SWING_DAMAGE,Player-4755-01A6B139,"Sakatan-Dreadmist",0x514,0x0,Creature-0-4457-249-1045-10184-000028665C,"Onyxia",0x10a48,0x0,Player-4755-01A6B139,0000000000000000,100,100,0,0,0,-1,0,0,0,5.25,-203.45,0,3.8845,69,118,135,-1,1,0,0,0,nil,nil,nil
4/28 18:49:47.477  SPELL_DAMAGE,Player-4755-01FA8D0D,"Roackeru-Dreadmist",0x514,0x0,Creature-0-4457-249-1045-10184-000028665C,"Onyxia",0x10a48,0x0,11661,"Shadow Bolt",0x20,Creature-0-4457-249-1045-10184-000028665C,0000000000000000,63,100,0,0,0,-1,0,0,0,-16.91,-217.06,0,3.1224,63,953,866,-1,32,0,0,0,nil,nil,nil
4/28 18:49:47.477  SPELL_CAST_SUCCESS,Player-4755-01FA8D0D,"Roackeru-Dreadmist",0x514,0x0,Creature-0-4457-249-1045-10184-000028665C,"Onyxia",0x10a48,0x0,11713,"Curse of Agony",0x20,Player-4755-01FA8D0D,0000000000000000,87,100,0,0,0,-1,0,0,0,8.02,-190.16,0,3.8524,65
4/28 18:49:47.524  SPELL_PERIODIC_DAMAGE,Player-4755-01614AC7,"Mirrimazduur-Dreadmist",0x512,0x0,Creature-0-4457-249-1045-10184-000028665C,"Onyxia",0x10a48,0x0,11672,"Corruption",0x20,Creature-0-4457-249-1045-10184-000028665C,0000000000000000,63,100,0,0,0,-1,0,0,0,-17.34,-217.05,0,3.1224,63,207,188,-1,32,0,0,0,nil,nil,nil
4/28 18:49:47.524  SWING_MISSED,Player-4755-01840577,"Raggèn-Dreadmist",0x514,0x0,Creature-0-4457-249-1045-10184-000028665C,"Onyxia",0x10a48,0x0,DODGE,nil
4/28 18:49:47.575  RANGE_DAMAGE,Player-4755-020BD78D,"Lonehunter-Dreadmist",0x514,0x0,Creature-0-4457-249-1045-10184-000028665C,"Onyxia",0x10a48,0x0,75,"Auto Shot",0x1,Creature-0-4457-249-1045-10184-000028665C,0000000000000000,63,100,0,0,0,-1,0,0,0,-17.80,-217.04,0,3.1224,63,457,527,-1,1,0,0,0,nil,nil,nil
4/28 18:49:47.593  SPELL_AURA_REMOVED_DOSE,Player-4755-016DF694,"Ashalan-Dreadmist",0x514,0x0,Player-4755-016DF694,"Ashalan-Dreadmist",0x514,0x0,16280,"Flurry",0x1,BUFF,2
4/28 18:49:47.593  SPELL_DAMAGE,Player-4755-0178F416,"Eltorero-Dreadmist",0x514,0x0,Creature-0-4457-249-1045-10184-000028665C,"Onyxia",0x10a48,0x0,1680,"Whirlwind",0x1,Creature-0-4457-249-1045-10184-000028665C,0000000000000000,63,100,0,0,0,-1,0,0,0,-17.94,-217.04,0,3.1224,63,685,789,-1,1,0,0,0,nil,nil,nil
4/28 18:49:47.593  SPELL_DAMAGE,Player-4755-01637B0A,"Pindle-Dreadmist",0x514,0x0,Creature-0-4457-249-1045-10184-000028665C,"Onyxia",0x10a48,0x0,11281,"Backstab",0x1,Creature-0-4457-249-1045-10184-000028665C,0000000000000000,63,100,0,0,0,-1,0,0,0,-17.94,-217.04,0,3.1224,63,1329,669,-1,1,0,0,0,1,nil,nil
4/28 18:49:47.593  SWING_DAMAGE_LANDED,Pet-0-4457-249-1045-7432-01002D8BC6,"Cat",0x1114,0x0,Creature-0-4457-249-1045-10184-000028665C,"Onyxia",0x10a48,0x0,Creature-0-4457-249-1045-10184-000028665C,0000000000000000,63,100,0,0,0,-1,0,0,0,-17.94,-217.04,0,3.1224,63,235,135,-1,1,0,0,0,1,nil,nil
4/28 18:49:47.593  SPELL_DAMAGE,Player-4755-0160BD13,"Mafkees-Dreadmist",0x514,0x0,Creature-0-4457-249-1045-10184-000028665C,"Onyxia",0x10a48,0x0,7373,"Hamstring",0x1,Creature-0-4457-249-1045-10184-000028665C,0000000000000000,63,100,0,0,0,-1,0,0,0,-17.94,-217.04,0,3.1224,63,47,55,-1,1,0,0,0,nil,nil,nil
4/28 18:49:47.593  SWING_DAMAGE_LANDED,Player-4755-01A6B139,"Sakatan-Dreadmist",0x514,0x0,Creature-0-4457-249-1045-10184-000028665C,"Onyxia",0x10a48,0x0,Creature-0-4457-249-1045-10184-000028665C,0000000000000000,63,100,0,0,0,-1,0,0,0,-17.94,-217.04,0,3.1224,63,118,135,-1,1,0,0,0,nil,nil,nil
4/28 18:49:47.616  SPELL_AURA_REMOVED,Player-4755-01FA8D0D,"Roackeru-Dreadmist",0x514,0x0,Creature-0-4457-249-1045-10184-000028665C,"Onyxia",0x10a48,0x0,11717,"Curse of Recklessness",0x20,DEBUFF
4/28 18:49:47.616  SPELL_AURA_APPLIED,Player-4755-01FA8D0D,"Roackeru-Dreadmist",0x514,0x0,Creature-0-4457-249-1045-10184-000028665C,"Onyxia",0x10a48,0x0,11713,"Curse of Agony",0x20,DEBUFF
4/28 18:49:47.731  SWING_DAMAGE,Player-4755-01AC9FD9,"Alexinho-Dreadmist",0x514,0x0,Creature-0-4457-249-1045-10184-000028665C,"Onyxia",0x10a48,0x0,Player-4755-01AC9FD9,0000000000000000,100,100,0,0,0,-1,0,0,0,-0.50,-209.08,0,3.7692,66,144,181,-1,1,0,0,0,nil,nil,nil
4/28 18:49:47.769  SPELL_PERIODIC_ENERGIZE,Creature-0-4457-249-1045-7416-0000286C87,"Mana Spring Totem IV",0x2114,0x0,Player-4755-016296D3,"Nivl-Dreadmist",0x514,0x0,10494,"Mana Spring",0x8,Player-4755-016296D3,0000000000000000,100,100,0,0,0,-1,0,0,0,6.65,-191.90,0,3.0358,69,10.0000,0.0000,0,5845
4/28 18:49:47.769  SPELL_PERIODIC_ENERGIZE,Creature-0-4457-249-1045-7416-0000286C87,"Mana Spring Totem IV",0x2114,0x0,Player-4755-0178F576,"Atreas-Dreadmist",0x514,0x0,10494,"Mana Spring",0x8,Player-4755-0178F576,0000000000000000,100,100,0,0,0,-1,0,0,0,6.14,-178.76,0,4.1617,66,10.0000,0.0000,0,3765
4/28 18:49:47.769  SWING_DAMAGE,Pet-0-4457-249-1045-9622-02002CD5BC,"Bokito",0x1114,0x0,Creature-0-4457-249-1045-10184-000028665C,"Onyxia",0x10a48,0x0,Pet-0-4457-249-1045-9622-02002CD5BC,Player-4755-020BD78D,100,100,0,0,0,-1,0,0,0,-7.78,-201.07,0,3.8207,70,117,226,-1,1,0,0,0,nil,1,nil
4/28 18:49:47.786  SPELL_PERIODIC_ENERGIZE,Player-4755-01802FE5,"Angrybat-Dreadmist",0x514,0x0,Player-4755-01802FE5,"Angrybat-Dreadmist",0x514,0x0,18194,"Mana Regeneration",0x1,Player-4755-01802FE5,0000000000000000,100,100,0,0,0,-1,0,0,0,-4.64,-184.83,0,3.9971,66,8.0000,0.0000,0,6033
4/28 18:49:47.786  SPELL_AURA_REMOVED,Player-4755-01F21AE6,"Blahu-Dreadmist",0x40514,0x0,Player-4755-01F21AE6,"Blahu-Dreadmist",0x40514,0x0,20007,"Holy Strength",0x2,BUFF
4/28 18:49:47.786  SWING_DAMAGE,Player-4755-01A6B139,"Sakatan-Dreadmist",0x514,0x0,Creature-0-4457-249-1045-10184-000028665C,"Onyxia",0x10a48,0x0,Player-4755-01A6B139,0000000000000000,100,100,0,0,0,-1,0,0,0,3.45,-204.84,0,3.6921,69,147,194,-1,1,0,0,0,nil,1,nil
4/28 18:49:47.805  SPELL_CAST_SUCCESS,Player-4755-0210153A,"Hapuseneb-Dreadmist",0x514,0x0,Creature-0-4457-249-1045-10184-000028665C,"Onyxia",0x10a48,0x0,10893,"Shadow Word: Pain",0x20,Player-4755-0210153A,0000000000000000,100,100,0,0,0,-1,0,0,0,-5.44,-204.37,0,4.4807,66
4/28 18:49:47.841  SWING_DAMAGE,Pet-0-4457-249-1045-2850-01001956F9,"Kratos",0x1114,0x0,Creature-0-4457-249-1045-10184-000028665C,"Onyxia",0x10a48,0x0,Pet-0-4457-249-1045-2850-01001956F9,Player-4755-0178F576,100,100,0,0,0,-1,0,0,0,-1.18,-202.07,0,3.6025,66,102,129,-1,1,0,0,0,nil,nil,nil
4/28 18:49:47.861  SPELL_CAST_SUCCESS,Player-4755-016DF694,"Ashalan-Dreadmist",0x514,0x0,Creature-0-4457-249-1045-10184-000028665C,"Onyxia",0x10a48,0x0,10473,"Frost Shock",0x10,Player-4755-016DF694,0000000000000000,100,100,0,0,0,-1,0,0,0,-6.07,-213.12,0,3.2366,67
4/28 18:49:47.861  SPELL_MISSED,Player-4755-016DF694,"Ashalan-Dreadmist",0x514,0x0,Creature-0-4457-249-1045-10184-000028665C,"Onyxia",0x10a48,0x0,10473,"Frost Shock",0x10,RESIST,nil,0
4/28 18:49:47.921  SWING_DAMAGE,Player-4755-01637B0A,"Pindle-Dreadmist",0x514,0x0,Creature-0-4457-249-1045-10184-000028665C,"Onyxia",0x10a48,0x0,Player-4755-01637B0A,0000000000000000,100,100,0,0,0,-1,0,0,0,-13.78,-211.29,0,3.9088,65,179,111,-1,1,0,0,0,1,nil,nil
4/28 18:49:47.921  SPELL_CAST_START,Player-4755-01BC57A3,"Saintis-Dreadmist",0x511,0x0,0000000000000000,nil,0x80000000,0x80000000,5019,"Shoot",0x1
4/28 18:49:47.980  SPELL_CAST_SUCCESS,Player-4755-01802FE5,"Angrybat-Dreadmist",0x514,0x0,Creature-0-4457-249-1045-10184-000028665C,"Onyxia",0x10a48,0x0,10181,"Frostbolt",0x10,Player-4755-01802FE5,0000000000000000,100,100,0,0,0,-1,0,0,0,-4.64,-184.83,0,3.9853,66
4/28 18:49:47.980  SPELL_CAST_START,Player-4755-01802FE5,"Angrybat-Dreadmist",0x514,0x0,0000000000000000,nil,0x80000000,0x80000000,10181,"Frostbolt",0x10
4/28 18:49:47.996  SPELL_AURA_REMOVED,Player-4755-0160BD13,"Mafkees-Dreadmist",0x514,0x0,Player-4755-0160BD13,"Mafkees-Dreadmist",0x514,0x0,12328,"Death Wish",0x1,DEBUFF
4/28 18:49:48.022  SPELL_AURA_APPLIED,Pet-0-4457-249-1045-7432-01002D8BC6,"Cat",0x1114,0x0,Pet-0-4457-249-1045-7432-01002D8BC6,"Cat",0x1114,0x0,19615,"Frenzy Effect",0x1,BUFF
4/28 18:49:48.022  SPELL_HEAL,Player-4755-0160BD13,"Mafkees-Dreadmist",0x514,0x0,Player-4755-0160BD13,"Mafkees-Dreadmist",0x514,0x0,23891,"Bloodthirst",0x1,Player-4755-0160BD13,0000000000000000,100,100,0,0,0,-1,0,0,0,-13.60,-226.21,0,2.4174,64,20,20,20,0,nil
4/28 18:49:48.022  SPELL_AURA_REMOVED,Player-4755-0160BD13,"Mafkees-Dreadmist",0x514,0x0,Player-4755-0160BD13,"Mafkees-Dreadmist",0x514,0x0,23888,"Bloodthirst",0x1,BUFF
4/28 18:49:48.022  SPELL_AURA_APPLIED,Player-4755-01614AC7,"Mirrimazduur-Dreadmist",0x512,0x0,Creature-0-4457-249-1045-10184-000028665C,"Onyxia",0x10a48,0x0,17800,"Shadow Vulnerability",0x20,DEBUFF
4/28 18:49:48.023  SWING_DAMAGE_LANDED,Player-4755-01AC9FD9,"Alexinho-Dreadmist",0x514,0x0,Creature-0-4457-249-1045-10184-000028665C,"Onyxia",0x10a48,0x0,Creature-0-4457-249-1045-10184-000028665C,0000000000000000,63,100,0,0,0,-1,0,0,0,-21.83,-216.98,0,3.1416,63,144,181,-1,1,0,0,0,nil,nil,nil
4/28 18:49:48.023  SWING_DAMAGE_LANDED,Pet-0-4457-249-1045-9622-02002CD5BC,"Bokito",0x1114,0x0,Creature-0-4457-249-1045-10184-000028665C,"Onyxia",0x10a48,0x0,Creature-0-4457-249-1045-10184-000028665C,0000000000000000,63,100,0,0,0,-1,0,0,0,-21.83,-216.98,0,3.1416,63,117,226,-1,1,0,0,0,nil,1,nil
4/28 18:49:48.023  SWING_DAMAGE_LANDED,Player-4755-01A6B139,"Sakatan-Dreadmist",0x514,0x0,Creature-0-4457-249-1045-10184-000028665C,"Onyxia",0x10a48,0x0,Creature-0-4457-249-1045-10184-000028665C,0000000000000000,63,100,0,0,0,-1,0,0,0,-21.83,-216.98,0,3.1416,63,147,194,-1,1,0,0,0,nil,1,nil
4/28 18:49:48.023  SPELL_AURA_APPLIED,Player-4755-0210153A,"Hapuseneb-Dreadmist",0x514,0x0,Creature-0-4457-249-1045-10184-000028665C,"Onyxia",0x10a48,0x0,10893,"Shadow Word: Pain",0x20,DEBUFF
4/28 18:49:48.023  SWING_DAMAGE_LANDED,Pet-0-4457-249-1045-2850-01001956F9,"Kratos",0x1114,0x0,Creature-0-4457-249-1045-10184-000028665C,"Onyxia",0x10a48,0x0,Creature-0-4457-249-1045-10184-000028665C,0000000000000000,63,100,0,0,0,-1,0,0,0,-21.83,-216.98,0,3.1416,63,102,129,-1,1,0,0,0,nil,nil,nil
4/28 18:49:48.023  SWING_DAMAGE_LANDED,Player-4755-01637B0A,"Pindle-Dreadmist",0x514,0x0,Creature-0-4457-249-1045-10184-000028665C,"Onyxia",0x10a48,0x0,Creature-0-4457-249-1045-10184-000028665C,0000000000000000,63,100,0,0,0,-1,0,0,0,-21.83,-216.98,0,3.1416,63,179,111,-1,1,0,0,0,1,nil,nil
4/28 18:49:48.023  SPELL_AURA_REMOVED_DOSE,Player-4755-016DF694,"Ashalan-Dreadmist",0x514,0x0,Creature-0-4457-249-1045-10184-000028665C,"Onyxia",0x10a48,0x0,17364,"Stormstrike",0x1,DEBUFF,1
4/28 18:49:48.023  SPELL_DAMAGE,Player-4755-01637B0A,"Pindle-Dreadmist",0x514,0x0,Creature-0-4457-249-1045-10184-000028665C,"Onyxia",0x10a48,0x0,11337,"Instant Poison VI",0x8,Creature-0-4457-249-1045-10184-000028665C,0000000000000000,63,100,0,0,0,-1,0,0,0,-21.83,-216.98,0,3.1416,63,139,115,-1,8,0,0,0,nil,nil,nil
4/28 18:49:48.023  SPELL_CAST_SUCCESS,Player-4755-01614AC7,"Mirrimazduur-Dreadmist",0x512,0x0,Creature-0-4457-249-1045-10184-000028665C,"Onyxia",0x10a48,0x0,11661,"Shadow Bolt",0x20,Player-4755-01614AC7,0000000000000000,100,100,0,0,0,-1,0,0,0,-1.52,-178.92,0,4.2595,68
4/28 18:49:48.023  SPELL_CAST_START,Player-4755-01614AC7,"Mirrimazduur-Dreadmist",0x512,0x0,0000000000000000,nil,0x80000000,0x80000000,11661,"Shadow Bolt",0x20
4/28 18:49:48.095  SPELL_CAST_SUCCESS,Player-4755-01AC9FD9,"Alexinho-Dreadmist",0x514,0x0,Creature-0-4457-249-1045-10184-000028665C,"Onyxia",0x10a48,0x0,11294,"Sinister Strike",0x1,Player-4755-01AC9FD9,0000000000000000,100,100,0,0,0,-1,0,0,0,-2.99,-210.22,0,3.3899,66
4/28 18:49:48.095  SPELL_AURA_APPLIED,Player-4755-01AC9FD9,"Alexinho-Dreadmist",0x514,0x0,Player-4755-01AC9FD9,"Alexinho-Dreadmist",0x514,0x0,10610,"Windfury Totem",0x8,BUFF
4/28 18:49:48.095  SPELL_EXTRA_ATTACKS,Player-4755-01AC9FD9,"Alexinho-Dreadmist",0x514,0x0,Player-4755-01AC9FD9,"Alexinho-Dreadmist",0x514,0x0,10610,"Windfury Totem",0x8,1
4/28 18:49:48.114  SWING_DAMAGE,Player-4755-01AC9FD9,"Alexinho-Dreadmist",0x514,0x0,Creature-0-4457-249-1045-10184-000028665C,"Onyxia",0x10a48,0x0,Player-4755-01AC9FD9,0000000000000000,100,100,0,0,0,-1,0,0,0,-3.13,-210.25,0,3.3475,66,273,424,-1,1,0,0,0,nil,1,nil
4/28 18:49:48.114  SPELL_CAST_START,Player-4755-01E83279,"Nlmasters-Dreadmist",0x514,0x8,0000000000000000,nil,0x80000000,0x80000000,14290,"Multi-Shot",0x1
4/28 18:49:48.191  SPELL_CAST_SUCCESS,Player-4755-01ED7A64,"Sperzieboon-Dreadmist",0x514,0x0,Player-4755-01802FE5,"Angrybat-Dreadmist",0x514,0x0,10060,"Power Infusion",0x2,Player-4755-01ED7A64,0000000000000000,100,100,0,0,0,-1,0,0,0,-6.11,-192.07,0,3.2277,67
4/28 18:49:48.208  SPELL_CAST_SUCCESS,Player-4755-01840577,"Raggèn-Dreadmist",0x514,0x0,Creature-0-4457-249-1045-10184-000028665C,"Onyxia",0x10a48,0x0,10473,"Frost Shock",0x10,Player-4755-01840577,0000000000000000,100,100,0,0,0,-1,0,0,0,-9.66,-211.59,0,3.9341,67
4/28 18:49:48.319  SPELL_CAST_START,Player-4755-01F36B30,"Rectumqeef-Dreadmist",0x514,0x0,0000000000000000,nil,0x80000000,0x80000000,11661,"Shadow Bolt",0x20
4/28 18:49:48.319  SPELL_CAST_SUCCESS,Player-4755-01E83279,"Nlmasters-Dreadmist",0x514,0x8,Creature-0-4457-249-1045-10184-000028665C,"Onyxia",0x10a48,0x0,14290,"Multi-Shot",0x1,Player-4755-01E83279,0000000000000000,100,100,0,0,0,-1,0,0,0,-12.65,-183.56,0,3.8342,70
4/28 18:49:48.365  SPELL_CAST_START,Player-4755-01E83279,"Nlmasters-Dreadmist",0x514,0x8,0000000000000000,nil,0x80000000,0x80000000,75,"Auto Shot",0x1
4/28 18:49:48.419  SPELL_CAST_SUCCESS,Pet-0-4457-249-1045-7432-01002D8BC6,"Cat",0x1114,0x0,Creature-0-4457-249-1045-10184-000028665C,"Onyxia",0x10a48,0x0,3009,"Claw",0x1,Pet-0-4457-249-1045-7432-01002D8BC6,Player-4755-01E83279,100,100,0,0,0,-1,0,0,0,-8.07,-200.97,0,3.9501,70
4/28 18:49:48.442  SPELL_AURA_REMOVED_DOSE,Player-4755-01AC9FD9,"Alexinho-Dreadmist",0x514,0x0,Player-4755-01AC9FD9,"Alexinho-Dreadmist",0x514,0x0,10610,"Windfury Totem",0x8,BUFF,1
4/28 18:49:48.442  SPELL_DAMAGE,Player-4755-01AC9FD9,"Alexinho-Dreadmist",0x514,0x0,Creature-0-4457-249-1045-10184-000028665C,"Onyxia",0x10a48,0x0,11294,"Sinister Strike",0x1,Creature-0-4457-249-1045-10184-000028665C,0000000000000000,63,100,0,0,0,-1,0,0,0,-25.67,-216.98,0,3.1416,63,332,420,-1,1,0,0,0,nil,nil,nil
4/28 18:49:48.442  SWING_DAMAGE_LANDED,Player-4755-01AC9FD9,"Alexinho-Dreadmist",0x514,0x0,Creature-0-4457-249-1045-10184-000028665C,"Onyxia",0x10a48,0x0,Creature-0-4457-249-1045-10184-000028665C,0000000000000000,63,100,0,0,0,-1,0,0,0,-25.67,-216.98,0,3.1416,63,273,424,-1,1,0,0,0,nil,1,nil
4/28 18:49:48.442  SPELL_AURA_APPLIED,Player-4755-01ED7A64,"Sperzieboon-Dreadmist",0x514,0x0,Player-4755-01802FE5,"Angrybat-Dreadmist",0x514,0x0,10060,"Power Infusion",0x2,BUFF
4/28 18:49:48.442  SPELL_DAMAGE,Player-4755-01840577,"Raggèn-Dreadmist",0x514,0x0,Creature-0-4457-249-1045-10184-000028665C,"Onyxia",0x10a48,0x0,10473,"Frost Shock",0x10,Creature-0-4457-249-1045-10184-000028665C,0000000000000000,63,100,0,0,0,-1,0,0,0,-25.67,-216.98,0,3.1416,63,582,529,-1,16,0,0,0,nil,nil,nil
4/28 18:49:48.442  SPELL_DAMAGE,Pet-0-4457-249-1045-7432-01002D8BC6,"Cat",0x1114,0x0,Creature-0-4457-249-1045-10184-000028665C,"Onyxia",0x10a48,0x0,3009,"Claw",0x1,Creature-0-4457-249-1045-10184-000028665C,0000000000000000,63,100,0,0,0,-1,0,0,0,-25.67,-216.98,0,3.1416,63,109,138,-1,1,0,0,0,nil,nil,nil
4/28 18:49:48.442  SPELL_CAST_SUCCESS,Player-4755-01BC57A3,"Saintis-Dreadmist",0x511,0x0,Creature-0-4457-249-1045-10184-000028665C,"Onyxia",0x10a48,0x0,5019,"Shoot",0x1,Player-4755-01BC57A3,0000000000000000,100,100,0,0,0,-1,0,0,0,-14.52,-193.25,0,4.0607,68
4/28 18:49:48.508  SPELL_CAST_SUCCESS,Player-4755-01B60A5F,"Zurok-Dreadmist",0x514,0x0,Creature-0-4457-249-1045-10184-000028665C,"Onyxia",0x10a48,0x0,14287,"Arcane Shot",0x40,Player-4755-01B60A5F,0000000000000000,100,100,0,0,0,-1,0,0,0,9.87,-184.35,0,4.1175,62
4/28 18:49:48.525  SWING_MISSED,Player-4755-01637B0A,"Pindle-Dreadmist",0x514,0x0,Creature-0-4457-249-1045-10184-000028665C,"Onyxia",0x10a48,0x0,MISS,nil
4/28 18:49:48.560  SPELL_AURA_APPLIED,Player-4755-0178F416,"Eltorero-Dreadmist",0x514,0x0,Player-4755-0178F416,"Eltorero-Dreadmist",0x514,0x0,10610,"Windfury Totem",0x8,BUFF
4/28 18:49:48.560  SPELL_EXTRA_ATTACKS,Player-4755-0178F416,"Eltorero-Dreadmist",0x514,0x0,Player-4755-0178F416,"Eltorero-Dreadmist",0x514,0x0,10610,"Windfury Totem",0x8,1
4/28 18:49:48.560  SWING_DAMAGE,Player-4755-0178F416,"Eltorero-Dreadmist",0x514,0x0,Creature-0-4457-249-1045-10184-000028665C,"Onyxia",0x10a48,0x0,Player-4755-0178F416,0000000000000000,100,100,0,0,0,-1,0,0,0,-12.86,-212.50,0,3.4900,67,1068,678,-1,1,0,0,0,1,nil,nil
4/28 18:49:48.560  SWING_DAMAGE,Player-4755-0178F416,"Eltorero-Dreadmist",0x514,0x0,Creature-0-4457-249-1045-10184-000028665C,"Onyxia",0x10a48,0x0,Player-4755-0178F416,0000000000000000,100,100,0,0,0,-1,0,0,0,-12.86,-212.50,0,3.4900,67,413,754,-1,1,0,0,0,nil,1,nil
4/28 18:49:48.595  SPELL_CAST_SUCCESS,Player-4755-01E83279,"Nlmasters-Dreadmist",0x514,0x8,Creature-0-4457-249-1045-10184-000028665C,"Onyxia",0x10a48,0x0,75,"Auto Shot",0x1,Player-4755-01E83279,0000000000000000,100,100,0,0,0,-1,0,0,0,-12.65,-183.56,0,3.8342,70
4/28 18:49:48.612  SWING_DAMAGE,Player-4755-0160BD13,"Mafkees-Dreadmist",0x514,0x0,Creature-0-4457-249-1045-10184-000028665C,"Onyxia",0x10a48,0x0,Player-4755-0160BD13,0000000000000000,100,100,0,0,0,-1,0,0,0,-15.85,-224.33,0,2.4606,64,384,608,-1,1,0,0,0,nil,1,nil
4/28 18:49:48.663  SWING_DAMAGE,Pet-0-4457-249-1045-7432-01002D8BC6,"Cat",0x1114,0x0,Creature-0-4457-249-1045-10184-000028665C,"Onyxia",0x10a48,0x0,Pet-0-4457-249-1045-7432-01002D8BC6,Player-4755-01E83279,100,100,0,0,0,-1,0,0,0,-10.53,-202.60,0,3.8526,70,128,162,-1,1,0,0,0,nil,nil,nil
4/28 18:49:48.697  SPELL_CAST_SUCCESS,Player-4755-0178F576,"Atreas-Dreadmist",0x514,0x0,Creature-0-4457-249-1045-10184-000028665C,"Onyxia",0x10a48,0x0,20904,"Aimed Shot",0x1,Player-4755-0178F576,0000000000000000,100,100,0,0,0,-1,0,0,0,6.14,-178.76,0,4.0015,66
4/28 18:49:48.697  SPELL_CAST_START,Player-4755-0178F576,"Atreas-Dreadmist",0x514,0x0,0000000000000000,nil,0x80000000,0x80000000,14290,"Multi-Shot",0x1
4/28 18:49:48.697  SPELL_CAST_SUCCESS,Player-4755-0178F416,"Eltorero-Dreadmist",0x514,0x0,Creature-0-4457-249-1045-10184-000028665C,"Onyxia",0x10a48,0x0,23894,"Bloodthirst",0x1,Player-4755-0178F416,0000000000000000,100,100,0,0,0,-1,0,0,0,-13.85,-212.86,0,3.4900,67
4/28 18:49:48.772  SPELL_CAST_SUCCESS,Player-4755-021D6506,"Bloodlady-Dreadmist",0x514,0x0,Creature-0-4457-249-1045-10184-000028665C,"Onyxia",0x10a48,0x0,10181,"Frostbolt",0x10,Player-4755-021D6506,0000000000000000,100,100,0,0,0,-1,0,0,0,-35.99,-204.67,0,4.9795,69
4/28 18:49:48.773  SPELL_CAST_START,Player-4755-021D6506,"Bloodlady-Dreadmist",0x514,0x0,0000000000000000,nil,0x80000000,0x80000000,10181,"Frostbolt",0x10
4/28 18:49:48.814  SWING_DAMAGE,Player-4755-01A6B139,"Sakatan-Dreadmist",0x514,0x0,Creature-0-4457-249-1045-10184-000028665C,"Onyxia",0x10a48,0x0,Player-4755-01A6B139,0000000000000000,100,100,0,0,0,-1,0,0,0,-3.00,-207.95,0,3.5664,69,265,165,-1,1,0,0,0,1,nil,nil
4/28 18:49:48.841  SPELL_AURA_REMOVED,Player-4755-01AC9FD9,"Alexinho-Dreadmist",0x514,0x0,Player-4755-01AC9FD9,"Alexinho-Dreadmist",0x514,0x0,10610,"Windfury Totem",0x8,BUFF
4/28 18:49:48.841  SWING_DAMAGE_LANDED,Player-4755-0178F416,"Eltorero-Dreadmist",0x514,0x0,Creature-0-4457-249-1045-10184-000028665C,"Onyxia",0x10a48,0x0,Creature-0-4457-249-1045-10184-000028665C,0000000000000000,63,100,0,0,0,-1,0,0,0,-29.22,-216.98,0,3.1416,63,1068,678,-1,1,0,0,0,1,nil,nil
4/28 18:49:48.841  SWING_DAMAGE_LANDED,Player-4755-0178F416,"Eltorero-Dreadmist",0x514,0x0,Creature-0-4457-249-1045-10184-000028665C,"Onyxia",0x10a48,0x0,Creature-0-4457-249-1045-10184-000028665C,0000000000000000,63,100,0,0,0,-1,0,0,0,-29.22,-216.98,0,3.1416,63,413,754,-1,1,0,0,0,nil,1,nil
4/28 18:49:48.841  SWING_DAMAGE_LANDED,Player-4755-0160BD13,"Mafkees-Dreadmist",0x514,0x0,Creature-0-4457-249-1045-10184-000028665C,"Onyxia",0x10a48,0x0,Creature-0-4457-249-1045-10184-000028665C,0000000000000000,63,100,0,0,0,-1,0,0,0,-29.22,-216.98,0,3.1416,63,384,608,-1,1,0,0,0,nil,1,nil
4/28 18:49:48.841  SWING_DAMAGE_LANDED,Pet-0-4457-249-1045-7432-01002D8BC6,"Cat",0x1114,0x0,Creature-0-4457-249-1045-10184-000028665C,"Onyxia",0x10a48,0x0,Creature-0-4457-249-1045-10184-000028665C,0000000000000000,63,100,0,0,0,-1,0,0,0,-29.22,-216.98,0,3.1416,63,128,162,-1,1,0,0,0,nil,nil,nil
4/28 18:49:48.841  SPELL_DAMAGE,Player-4755-0178F416,"Eltorero-Dreadmist",0x514,0x0,Creature-0-4457-249-1045-10184-000028665C,"Onyxia",0x10a48,0x0,23894,"Bloodthirst",0x1,Creature-0-4457-249-1045-10184-000028665C,0000000000000000,63,100,0,0,0,-1,0,0,0,-29.22,-216.98,0,3.1416,63,693,879,-1,1,0,0,0,nil,nil,nil
4/28 18:49:48.841  SPELL_AURA_APPLIED,Player-4755-0178F416,"Eltorero-Dreadmist",0x514,0x0,Player-4755-0178F416,"Eltorero-Dreadmist",0x514,0x0,23888,"Bloodthirst",0x1,BUFF
4/28 18:49:48.841  SWING_DAMAGE_LANDED,Player-4755-01A6B139,"Sakatan-Dreadmist",0x514,0x0,Creature-0-4457-249-1045-10184-000028665C,"Onyxia",0x10a48,0x0,Creature-0-4457-249-1045-10184-000028665C,0000000000000000,63,100,0,0,0,-1,0,0,0,-29.22,-216.98,0,3.1416,63,265,165,-1,1,0,0,0,1,nil,nil
4/28 18:49:48.841  SPELL_AURA_REMOVED,Player-4755-016DF694,"Ashalan-Dreadmist",0x514,0x0,Creature-0-4457-249-1045-10184-000028665C,"Onyxia",0x10a48,0x0,17364,"Stormstrike",0x1,DEBUFF
4/28 18:49:48.841  SPELL_DAMAGE,Player-4755-01A6B139,"Sakatan-Dreadmist",0x514,0x0,Creature-0-4457-249-1045-10184-000028665C,"Onyxia",0x10a48,0x0,11337,"Instant Poison VI",0x8,Creature-0-4457-249-1045-10184-000028665C,0000000000000000,63,100,0,0,0,-1,0,0,0,-29.22,-216.98,0,3.1416,63,149,124,-1,8,0,0,0,nil,nil,nil
4/28 18:49:48.841  SWING_DAMAGE,Pet-0-4457-249-1045-2850-01001956F9,"Kratos",0x1114,0x0,Creature-0-4457-249-1045-10184-000028665C,"Onyxia",0x10a48,0x0,Pet-0-4457-249-1045-2850-01001956F9,Player-4755-0178F576,100,100,0,0,0,-1,0,0,0,-8.32,-205.38,0,3.4574,66,59,119,-1,1,0,0,0,nil,1,nil
4/28 18:49:48.841  SPELL_CAST_SUCCESS,Player-4755-0160BD13,"Mafkees-Dreadmist",0x514,0x0,Creature-0-4457-249-1045-10184-000028665C,"Onyxia",0x10a48,0x0,23894,"Bloodthirst",0x1,Player-4755-0160BD13,0000000000000000,100,100,0,0,0,-1,0,0,0,-17.27,-223.44,0,2.5863,64
4/28 18:49:48.891  SWING_DAMAGE,Player-4755-01AC9FD9,"Alexinho-Dreadmist",0x514,0x0,Creature-0-4457-249-1045-10184-000028665C,"Onyxia",0x10a48,0x0,Player-4755-01AC9FD9,0000000000000000,100,100,0,0,0,-1,0,0,0,-8.80,-211.55,0,3.5006,66,118,183,-1,1,0,0,0,nil,1,nil
4/28 18:49:49.003  SWING_MISSED,Player-4755-01637B0A,"Pindle-Dreadmist",0x514,0x0,Creature-0-4457-249-1045-10184-000028665C,"Onyxia",0x10a48,0x0,MISS,1
4/28 18:49:49.021  SPELL_CAST_SUCCESS,Player-4755-0163DD9D,"Kaspais-Dreadmist",0x514,0x0,Creature-0-4457-249-1045-10184-000028665C,"Onyxia",0x10a48,0x0,10181,"Frostbolt",0x10,Player-4755-0163DD9D,0000000000000000,100,100,0,0,0,-1,0,0,0,-11.52,-191.04,0,3.9285,66
4/28 18:49:49.077  SPELL_CAST_SUCCESS,Player-4755-02045EF4,"Necrosini-Dreadmist",0x512,0x0,Player-4755-01FA8D0D,"Roackeru-Dreadmist",0x514,0x0,10929,"Renew",0x2,Player-4755-02045EF4,0000000000000000,100,100,0,0,0,-1,0,0,0,5.18,-197.07,0,3.9419,69
4/28 18:49:49.077  SPELL_CAST_START,Player-4755-01FA8D0D,"Roackeru-Dreadmist",0x514,0x0,0000000000000000,nil,0x80000000,0x80000000,11672,"Corruption",0x20
4/28 18:49:49.097  SPELL_PERIODIC_ENERGIZE,Player-4755-01BC57A3,"Saintis-Dreadmist",0x511,0x0,Player-4755-01BC57A3,"Saintis-Dreadmist",0x511,0x0,18194,"Mana Regeneration",0x1,Player-4755-01BC57A3,0000000000000000,100,100,0,0,0,-1,0,0,0,-16.81,-194.36,0,4.0586,68,8.0000,0.0000,0,7212
4/28 18:49:49.134  SPELL_CAST_SUCCESS,Player-4755-0178F576,"Atreas-Dreadmist",0x514,0x0,Creature-0-4457-249-1045-10184-000028665C,"Onyxia",0x10a48,0x0,14290,"Multi-Shot",0x1,Player-4755-0178F576,0000000000000000,100,100,0,0,0,-1,0,0,0,6.14,-178.76,0,3.9829,66
4/28 18:49:49.134  SPELL_AURA_APPLIED,Player-4755-0163DD9D,"Kaspais-Dreadmist",0x514,0x0,Player-4755-0163DD9D,"Kaspais-Dreadmist",0x514,0x0,12042,"Arcane Power",0x40,BUFF
4/28 18:49:49.134  SPELL_CAST_SUCCESS,Player-4755-0163DD9D,"Kaspais-Dreadmist",0x514,0x0,0000000000000000,nil,0x80000000,0x80000000,12042,"Arcane Power",0x40,Player-4755-0163DD9D,0000000000000000,100,100,0,0,0,-1,0,0,0,-11.52,-191.04,0,3.7910,66
4/28 18:49:49.134  SPELL_AURA_APPLIED,Player-4755-0163DD9D,"Kaspais-Dreadmist",0x514,0x0,Player-4755-0163DD9D,"Kaspais-Dreadmist",0x514,0x0,12043,"Presence of Mind",0x1,BUFF
4/28 18:49:49.134  SPELL_CAST_SUCCESS,Player-4755-0163DD9D,"Kaspais-Dreadmist",0x514,0x0,0000000000000000,nil,0x80000000,0x80000000,12043,"Presence of Mind",0x1,Player-4755-0163DD9D,0000000000000000,100,100,0,0,0,-1,0,0,0,-11.52,-191.04,0,3.7910,66
4/28 18:49:49.134  SPELL_AURA_APPLIED,Player-4755-0163DD9D,"Kaspais-Dreadmist",0x514,0x0,Player-4755-0163DD9D,"Kaspais-Dreadmist",0x514,0x0,24659,"Unstable Power",0x1,BUFF
4/28 18:49:49.134  SPELL_AURA_APPLIED_DOSE,Player-4755-0163DD9D,"Kaspais-Dreadmist",0x514,0x0,Player-4755-0163DD9D,"Kaspais-Dreadmist",0x514,0x0,24659,"Unstable Power",0x1,BUFF,2
4/28 18:49:49.134  SPELL_AURA_APPLIED_DOSE,Player-4755-0163DD9D,"Kaspais-Dreadmist",0x514,0x0,Player-4755-0163DD9D,"Kaspais-Dreadmist",0x514,0x0,24659,"Unstable Power",0x1,BUFF,3
4/28 18:49:49.134  SPELL_AURA_APPLIED_DOSE,Player-4755-0163DD9D,"Kaspais-Dreadmist",0x514,0x0,Player-4755-0163DD9D,"Kaspais-Dreadmist",0x514,0x0,24659,"Unstable Power",0x1,BUFF,4
4/28 18:49:49.134  SPELL_AURA_APPLIED_DOSE,Player-4755-0163DD9D,"Kaspais-Dreadmist",0x514,0x0,Player-4755-0163DD9D,"Kaspais-Dreadmist",0x514,0x0,24659,"Unstable Power",0x1,BUFF,5
4/28 18:49:49.134  SPELL_AURA_APPLIED_DOSE,Player-4755-0163DD9D,"Kaspais-Dreadmist",0x514,0x0,Player-4755-0163DD9D,"Kaspais-Dreadmist",0x514,0x0,24659,"Unstable Power",0x1,BUFF,6
4/28 18:49:49.158  SPELL_AURA_APPLIED_DOSE,Player-4755-0163DD9D,"Kaspais-Dreadmist",0x514,0x0,Player-4755-0163DD9D,"Kaspais-Dreadmist",0x514,0x0,24659,"Unstable Power",0x1,BUFF,7
4/28 18:49:49.158  SPELL_AURA_APPLIED_DOSE,Player-4755-0163DD9D,"Kaspais-Dreadmist",0x514,0x0,Player-4755-0163DD9D,"Kaspais-Dreadmist",0x514,0x0,24659,"Unstable Power",0x1,BUFF,8
4/28 18:49:49.158  SPELL_AURA_APPLIED_DOSE,Player-4755-0163DD9D,"Kaspais-Dreadmist",0x514,0x0,Player-4755-0163DD9D,"Kaspais-Dreadmist",0x514,0x0,24659,"Unstable Power",0x1,BUFF,9
4/28 18:49:49.158  SPELL_AURA_APPLIED_DOSE,Player-4755-0163DD9D,"Kaspais-Dreadmist",0x514,0x0,Player-4755-0163DD9D,"Kaspais-Dreadmist",0x514,0x0,24659,"Unstable Power",0x1,BUFF,10
4/28 18:49:49.158  SPELL_AURA_APPLIED_DOSE,Player-4755-0163DD9D,"Kaspais-Dreadmist",0x514,0x0,Player-4755-0163DD9D,"Kaspais-Dreadmist",0x514,0x0,24659,"Unstable Power",0x1,BUFF,11
4/28 18:49:49.158  SPELL_AURA_APPLIED_DOSE,Player-4755-0163DD9D,"Kaspais-Dreadmist",0x514,0x0,Player-4755-0163DD9D,"Kaspais-Dreadmist",0x514,0x0,24659,"Unstable Power",0x1,BUFF,12
4/28 18:49:49.218  SWING_DAMAGE,Player-4755-01A6B139,"Sakatan-Dreadmist",0x514,0x0,Creature-0-4457-249-1045-10184-000028665C,"Onyxia",0x10a48,0x0,Player-4755-01A6B139,0000000000000000,100,100,0,0,0,-1,0,0,0,-5.65,-209.01,0,3.4722,69,189,248,-1,1,0,0,0,nil,1,nil
4/28 18:49:49.236  SPELL_AURA_APPLIED,Pet-0-4457-249-1045-2850-01001956F9,"Kratos",0x1114,0x0,Pet-0-4457-249-1045-2850-01001956F9,"Kratos",0x1114,0x0,23110,"Dash",0x1,BUFF
4/28 18:49:49.236  SPELL_CAST_SUCCESS,Pet-0-4457-249-1045-2850-01001956F9,"Kratos",0x1114,0x0,0000000000000000,nil,0x80000000,0x80000000,23110,"Dash",0x1,Pet-0-4457-249-1045-2850-01001956F9,Player-4755-0178F576,100,100,0,0,0,-1,0,0,0,-11.39,-206.38,0,3.4574,66
4/28 18:49:49.236  SPELL_AURA_REMOVED_DOSE,Player-4755-0178F416,"Eltorero-Dreadmist",0x514,0x0,Player-4755-0178F416,"Eltorero-Dreadmist",0x514,0x0,23888,"Bloodthirst",0x1,BUFF,4
4/28 18:49:49.236  SPELL_AURA_REMOVED_DOSE,Player-4755-0178F416,"Eltorero-Dreadmist",0x514,0x0,Player-4755-0178F416,"Eltorero-Dreadmist",0x514,0x0,10610,"Windfury Totem",0x8,BUFF,1
4/28 18:49:49.236  SPELL_AURA_REMOVED_DOSE,Player-4755-0178F416,"Eltorero-Dreadmist",0x514,0x0,Player-4755-0178F416,"Eltorero-Dreadmist",0x514,0x0,12970,"Flurry",0x1,BUFF,2
4/28 18:49:49.236  SPELL_AURA_APPLIED_DOSE,Player-4755-0178F416,"Eltorero-Dreadmist",0x514,0x0,Player-4755-0178F416,"Eltorero-Dreadmist",0x514,0x0,12970,"Flurry",0x1,BUFF,3
4/28 18:49:49.241  SPELL_HEAL,Player-4755-0178F416,"Eltorero-Dreadmist",0x514,0x0,Player-4755-0178F416,"Eltorero-Dreadmist",0x514,0x0,23891,"Bloodthirst",0x1,Player-4755-0178F416,0000000000000000,100,100,0,0,0,-1,0,0,0,-17.66,-213.98,0,3.4861,67,20,20,20,0,nil
4/28 18:49:49.241  SPELL_AURA_REMOVED_DOSE,Player-4755-0178F416,"Eltorero-Dreadmist",0x514,0x0,Player-4755-0178F416,"Eltorero-Dreadmist",0x514,0x0,23888,"Bloodthirst",0x1,BUFF,3
4/28 18:49:49.241  SPELL_AURA_REMOVED_DOSE,Player-4755-0178F416,"Eltorero-Dreadmist",0x514,0x0,Player-4755-0178F416,"Eltorero-Dreadmist",0x514,0x0,12970,"Flurry",0x1,BUFF,2
4/28 18:49:49.241  SPELL_HEAL,Player-4755-0178F416,"Eltorero-Dreadmist",0x514,0x0,Player-4755-0178F416,"Eltorero-Dreadmist",0x514,0x0,23891,"Bloodthirst",0x1,Player-4755-0178F416,0000000000000000,100,100,0,0,0,-1,0,0,0,-17.66,-213.98,0,3.4861,67,20,20,20,0,nil
4/28 18:49:49.241  SPELL_AURA_REMOVED,Player-4755-0178F416,"Eltorero-Dreadmist",0x514,0x0,Player-4755-0178F416,"Eltorero-Dreadmist",0x514,0x0,10610,"Windfury Totem",0x8,BUFF
4/28 18:49:49.241  SPELL_AURA_REMOVED_DOSE,Player-4755-0160BD13,"Mafkees-Dreadmist",0x514,0x0,Player-4755-0160BD13,"Mafkees-Dreadmist",0x514,0x0,12970,"Flurry",0x1,BUFF,1
4/28 18:49:49.241  SPELL_AURA_REMOVED_DOSE,Player-4755-0178F416,"Eltorero-Dreadmist",0x514,0x0,Player-4755-0178F416,"Eltorero-Dreadmist",0x514,0x0,23888,"Bloodthirst",0x1,BUFF,2
4/28 18:49:49.241  SPELL_HEAL,Player-4755-0178F416,"Eltorero-Dreadmist",0x514,0x0,Player-4755-0178F416,"Eltorero-Dreadmist",0x514,0x0,23891,"Bloodthirst",0x1,Player-4755-0178F416,0000000000000000,100,100,0,0,0,-1,0,0,0,-17.66,-213.98,0,3.4861,67,20,20,20,0,nil
4/28 18:49:49.241  SWING_DAMAGE_LANDED,Pet-0-4457-249-1045-2850-01001956F9,"Kratos",0x1114,0x0,Creature-0-4457-249-1045-10184-000028665C,"Onyxia",0x10a48,0x0,Creature-0-4457-249-1045-10184-000028665C,0000000000000000,63,100,0,0,0,-1,0,0,0,-32.79,-216.95,0,3.0940,63,59,119,-1,1,0,0,0,nil,1,nil
4/28 18:49:49.241  SPELL_DAMAGE,Player-4755-0160BD13,"Mafkees-Dreadmist",0x514,0x0,Creature-0-4457-249-1045-10184-000028665C,"Onyxia",0x10a48,0x0,23894,"Bloodthirst",0x1,Creature-0-4457-249-1045-10184-000028665C,0000000000000000,63,100,0,0,0,-1,0,0,0,-32.79,-216.95,0,3.0940,63,504,640,-1,1,0,0,0,nil,nil,nil
4/28 18:49:49.241  SPELL_AURA_APPLIED,Player-4755-0160BD13,"Mafkees-Dreadmist",0x514,0x0,Player-4755-0160BD13,"Mafkees-Dreadmist",0x514,0x0,23888,"Bloodthirst",0x1,BUFF
4/28 18:49:49.241  SWING_DAMAGE_LANDED,Player-4755-01AC9FD9,"Alexinho-Dreadmist",0x514,0x0,Creature-0-4457-249-1045-10184-000028665C,"Onyxia",0x10a48,0x0,Creature-0-4457-249-1045-10184-000028665C,0000000000000000,63,100,0,0,0,-1,0,0,0,-32.79,-216.95,0,3.0940,63,118,183,-1,1,0,0,0,nil,1,nil
4/28 18:49:49.241  SPELL_AURA_APPLIED,Player-4755-02045EF4,"Necrosini-Dreadmist",0x512,0x0,Player-4755-01FA8D0D,"Roackeru-Dreadmist",0x514,0x0,10929,"Renew",0x2,BUFF
4/28 18:49:49.241  SWING_DAMAGE_LANDED,Player-4755-01A6B139,"Sakatan-Dreadmist",0x514,0x0,Creature-0-4457-249-1045-10184-000028665C,"Onyxia",0x10a48,0x0,Creature-0-4457-249-1045-10184-000028665C,0000000000000000,63,100,0,0,0,-1,0,0,0,-32.79,-216.95,0,3.0940,63,189,248,-1,1,0,0,0,nil,1,nil
4/28 18:49:49.241  SPELL_DAMAGE,Player-4755-01802FE5,"Angrybat-Dreadmist",0x514,0x0,Creature-0-4457-249-1045-10184-000028665C,"Onyxia",0x10a48,0x0,10181,"Frostbolt",0x10,Creature-0-4457-249-1045-10184-000028665C,0000000000000000,62,100,0,0,0,-1,0,0,0,-32.79,-216.95,0,3.0940,63,982,892,-1,16,0,0,0,nil,nil,nil
4/28 18:49:49.241  SPELL_CAST_START,Player-4755-0178F576,"Atreas-Dreadmist",0x514,0x0,0000000000000000,nil,0x80000000,0x80000000,75,"Auto Shot",0x1
4/28 18:49:49.304  SWING_MISSED,Pet-0-4457-249-1045-7456-03003178E8,"Owl",0x1114,0x0,Creature-0-4457-249-1045-10184-000028665C,"Onyxia",0x10a48,0x0,MISS,nil
4/28 18:49:49.323  SPELL_PERIODIC_HEAL,Player-4755-01ED7A64,"Sperzieboon-Dreadmist",0x514,0x0,Player-4755-01614AC7,"Mirrimazduur-Dreadmist",0x512,0x0,10929,"Renew",0x2,Player-4755-01614AC7,0000000000000000,100,100,0,0,0,-1,0,0,0,-1.52,-178.92,0,3.9846,68,318,318,318,0,nil
4/28 18:49:49.377  SPELL_DAMAGE,Player-4755-021D6506,"Bloodlady-Dreadmist",0x514,0x0,Creature-0-4457-249-1045-10184-000028665C,"Onyxia",0x10a48,0x0,10181,"Frostbolt",0x10,Creature-0-4457-249-1045-10184-000028665C,0000000000000000,62,100,0,0,0,-1,0,0,0,-34.02,-216.89,0,3.0940,63,1266,1150,-1,16,0,0,0,nil,nil,nil
4/28 18:49:49.377  SPELL_CAST_START,Player-4755-0163DD9D,"Kaspais-Dreadmist",0x514,0x0,0000000000000000,nil,0x80000000,0x80000000,10181,"Frostbolt",0x10
4/28 18:49:49.377  SPELL_CAST_SUCCESS,Player-4755-0163DD9D,"Kaspais-Dreadmist",0x514,0x0,Creature-0-4457-249-1045-10184-000028665C,"Onyxia",0x10a48,0x0,10181,"Frostbolt",0x10,Player-4755-0163DD9D,0000000000000000,100,100,0,0,0,-1,0,0,0,-12.40,-191.65,0,3.7518,66
4/28 18:49:49.377  SPELL_AURA_REMOVED_DOSE,Player-4755-0163DD9D,"Kaspais-Dreadmist",0x514,0x0,Player-4755-0163DD9D,"Kaspais-Dreadmist",0x514,0x0,24659,"Unstable Power",0x1,BUFF,11
4/28 18:49:49.377  SPELL_AURA_REMOVED,Player-4755-0163DD9D,"Kaspais-Dreadmist",0x514,0x0,Player-4755-0163DD9D,"Kaspais-Dreadmist",0x514,0x0,12043,"Presence of Mind",0x1,BUFF
4/28 18:49:49.398  SPELL_PERIODIC_HEAL,Player-4755-02045EF4,"Necrosini-Dreadmist",0x512,0x0,Player-4755-01733879,"Hocwar-Dreadmist",0x40514,0x0,10929,"Renew",0x2,Player-4755-01733879,0000000000000000,100,100,0,0,0,-1,0,0,0,0.22,-219.01,0,3.4068,71,253,253,253,0,nil
4/28 18:49:49.476  RANGE_DAMAGE,Player-4755-01E83279,"Nlmasters-Dreadmist",0x514,0x8,Creature-0-4457-249-1045-10184-000028665C,"Onyxia",0x10a48,0x0,75,"Auto Shot",0x1,Creature-0-4457-249-1045-10184-000028665C,0000000000000000,62,100,0,0,0,-1,0,0,0,-34.84,-216.85,0,3.0940,63,400,508,-1,1,0,0,0,nil,nil,nil
4/28 18:49:49.476  SPELL_CAST_START,Player-4755-015FEBD5,"Sauvage-Dreadmist",0x514,0x0,0000000000000000,nil,0x80000000,0x80000000,10181,"Frostbolt",0x10
4/28 18:49:49.497  SPELL_DAMAGE,Player-4755-01E83279,"Nlmasters-Dreadmist",0x514,0x8,Creature-0-4457-249-1045-10184-000028665C,"Onyxia",0x10a48,0x0,14290,"Multi-Shot",0x1,Creature-0-4457-249-1045-10184-000028665C,0000000000000000,62,100,0,0,0,-1,0,0,0,-35.02,-216.84,0,3.0940,63,451,572,-1,1,0,0,0,nil,nil,nil
4/28 18:49:49.555  SPELL_CAST_SUCCESS,Player-4755-01FA8DD8,"Roackerita-Dreadmist",0x514,0x0,Player-4755-01FA8D0D,"Roackeru-Dreadmist",0x514,0x0,2055,"Heal",0x2,Player-4755-01FA8DD8,0000000000000000,100,100,0,0,0,-1,0,0,0,8.47,-177.56,0,4.0009,69
4/28 18:49:49.609  SPELL_PERIODIC_ENERGIZE,Creature-0-4457-249-1045-7416-0000286CBA,"Mana Spring Totem IV",0x2114,0x0,Player-4755-01804B95,"Moymoy-Dreadmist",0x514,0x0,10494,"Mana Spring",0x8,Player-4755-01804B95,0000000000000000,100,100,0,0,0,-1,0,0,0,14.50,-181.02,0,3.3847,66,12.0000,0.0000,0,5366
4/28 18:49:49.609  SPELL_PERIODIC_ENERGIZE,Creature-0-4457-249-1045-7416-0000286CBA,"Mana Spring Totem IV",0x2114,0x0,Player-4755-0210153A,"Hapuseneb-Dreadmist",0x514,0x0,10494,"Mana Spring",0x8,Player-4755-0210153A,0000000000000000,100,100,0,0,0,-1,0,0,0,-14.04,-206.49,0,3.5146,66,12.0000,0.0000,0,6736
4/28 18:49:49.609  SPELL_PERIODIC_ENERGIZE,Creature-0-4457-249-1045-7416-0000286CBA,"Mana Spring Totem IV",0x2114,0x0,Player-4755-015FEBD5,"Sauvage-Dreadmist",0x514,0x0,10494,"Mana Spring",0x8,Player-4755-015FEBD5,0000000000000000,100,100,0,0,0,-1,0,0,0,-5.22,-189.40,0,3.8194,64,13.0000,0.0000,0,6158
4/28 18:49:49.609  SPELL_PERIODIC_ENERGIZE,Creature-0-4457-249-1045-7416-0000286CBA,"Mana Spring Totem IV",0x2114,0x0,Player-4755-01ED7A64,"Sperzieboon-Dreadmist",0x514,0x0,10494,"Mana Spring",0x8,Player-4755-01ED7A64,0000000000000000,100,100,0,0,0,-1,0,0,0,-8.63,-192.16,0,3.5104,67,12.0000,0.0000,0,7261
4/28 18:49:49.609  SPELL_PERIODIC_ENERGIZE,Creature-0-4457-249-1045-7416-0000286CBA,"Mana Spring Totem IV",0x2114,0x0,Player-4755-01FA8DD8,"Roackerita-Dreadmist",0x514,0x0,10494,"Mana Spring",0x8,Player-4755-01FA8DD8,0000000000000000,100,100,0,0,0,-1,0,0,0,8.47,-177.56,0,4.0009,69,12.0000,0.0000,0,6736
4/28 18:49:49.609  SPELL_PERIODIC_DAMAGE,Player-4755-01FA8D0D,"Roackeru-Dreadmist",0x514,0x0,Creature-0-4457-249-1045-10184-000028665C,"Onyxia",0x10a48,0x0,11713,"Curse of Agony",0x20,Creature-0-4457-249-1045-10184-000028665C,0000000000000000,62,100,0,0,0,-1,0,0,0,-36.01,-216.80,0,3.0940,63,109,82,-1,32,0,0,0,nil,nil,nil
4/28 18:49:49.609  SPELL_CAST_START,Player-4755-01E83279,"Nlmasters-Dreadmist",0x514,0x8,0000000000000000,nil,0x80000000,0x80000000,20904,"Aimed Shot",0x1
4/28 18:49:49.631  SPELL_AURA_REFRESH,Player-4755-0178F416,"Eltorero-Dreadmist",0x514,0x0,Creature-0-4457-249-1045-10184-000028665C,"Onyxia",0x10a48,0x0,12721,"Deep Wound",0x1,DEBUFF
4/28 18:49:49.631  SPELL_ENERGIZE,Player-4755-0160BD13,"Mafkees-Dreadmist",0x514,0x0,Player-4755-0160BD13,"Mafkees-Dreadmist",0x514,0x0,12964,"Unbridled Wrath",0x1,Player-4755-0160BD13,0000000000000000,100,100,0,0,0,-1,0,0,0,-22.97,-221.50,0,2.8219,64,1.0000,0.0000,1,1000
4/28 18:49:49.632  SPELL_AURA_REMOVED_DOSE,Player-4755-0160BD13,"Mafkees-Dreadmist",0x514,0x0,Player-4755-0160BD13,"Mafkees-Dreadmist",0x514,0x0,23888,"Bloodthirst",0x1,BUFF,4
4/28 18:49:49.632  SPELL_HEAL,Player-4755-0160BD13,"Mafkees-Dreadmist",0x514,0x0,Player-4755-0160BD13,"Mafkees-Dreadmist",0x514,0x0,23891,"Bloodthirst",0x1,Player-4755-0160BD13,0000000000000000,100,100,0,0,0,-1,0,0,0,-22.97,-221.50,0,2.8219,64,20,20,20,0,nil
4/28 18:49:49.632  SPELL_EXTRA_ATTACKS,Player-4755-01AC9FD9,"Alexinho-Dreadmist",0x514,0x0,Player-4755-01AC9FD9,"Alexinho-Dreadmist",0x514,0x0,15601,"Hand of Justice",0x1,1
4/28 18:49:49.632  SPELL_HEAL,Player-4755-01FA8DD8,"Roackerita-Dreadmist",0x514,0x0,Player-4755-01FA8D0D,"Roackeru-Dreadmist",0x514,0x0,2055,"Heal",0x2,Player-4755-01FA8D0D,0000000000000000,100,100,0,0,0,-1,0,0,0,-1.04,-196.57,0,3.6756,65,1111,1111,431,0,nil
4/28 18:49:49.632  SPELL_AURA_REMOVED,Player-4755-01637B0A,"Pindle-Dreadmist",0x514,0x0,Player-4755-01637B0A,"Pindle-Dreadmist",0x514,0x0,13750,"Adrenaline Rush",0x1,BUFF
4/28 18:49:49.656  SWING_MISSED,Player-4755-01AC9FD9,"Alexinho-Dreadmist",0x514,0x0,Creature-0-4457-249-1045-10184-000028665C,"Onyxia",0x10a48,0x0,DODGE,nil
4/28 18:49:49.692  SPELL_CAST_FAILED,Player-4755-01BC57A3,"Saintis-Dreadmist",0x511,0x0,0000000000000000,nil,0x80000000,0x80000000,5019,"Shoot",0x1,"Can't do that while moving"
4/28 18:49:49.711  SPELL_DAMAGE,Player-4755-01B60A5F,"Zurok-Dreadmist",0x514,0x0,Creature-0-4457-249-1045-10184-000028665C,"Onyxia",0x10a48,0x0,14287,"Arcane Shot",0x40,Creature-0-4457-249-1045-10184-000028665C,0000000000000000,62,100,0,0,0,-1,0,0,0,-36.90,-216.75,0,3.0940,63,218,197,-1,64,0,0,0,nil,nil,nil
4/28 18:49:49.711  SWING_DAMAGE,Player-4755-016DF694,"Ashalan-Dreadmist",0x514,0x0,Creature-0-4457-249-1045-10184-000028665C,"Onyxia",0x10a48,0x0,Player-4755-016DF694,0000000000000000,100,100,0,0,0,-1,0,0,0,-19.00,-214.04,0,3.1589,67,254,573,-1,1,0,0,0,nil,1,nil
4/28 18:49:49.762  SPELL_PERIODIC_ENERGIZE,Creature-0-4457-249-1045-7416-0000286C87,"Mana Spring Totem IV",0x2114,0x0,Player-4755-016296D3,"Nivl-Dreadmist",0x514,0x0,10494,"Mana Spring",0x8,Player-4755-016296D3,0000000000000000,100,100,0,0,0,-1,0,0,0,-4.02,-185.35,0,3.0711,69,10.0000,0.0000,0,5845
4/28 18:49:49.762  SPELL_PERIODIC_ENERGIZE,Creature-0-4457-249-1045-7416-0000286C87,"Mana Spring Totem IV",0x2114,0x0,Player-4755-0178F576,"Atreas-Dreadmist",0x514,0x0,10494,"Mana Spring",0x8,Player-4755-0178F576,0000000000000000,100,100,0,0,0,-1,0,0,0,4.87,-179.40,0,3.4959,66,10.0000,0.0000,0,3765
4/28 18:49:49.783  SWING_DAMAGE,Pet-0-4457-249-1045-9622-02002CD5BC,"Bokito",0x1114,0x0,Creature-0-4457-249-1045-10184-000028665C,"Onyxia",0x10a48,0x0,Pet-0-4457-249-1045-9622-02002CD5BC,Player-4755-020BD78D,100,100,0,0,0,-1,0,0,0,-21.48,-208.05,0,3.4643,70,173,219,-1,1,0,0,0,nil,nil,nil
4/28 18:49:49.802  SPELL_CAST_START,Player-4755-0210153A,"Hapuseneb-Dreadmist",0x514,0x0,0000000000000000,nil,0x80000000,0x80000000,10934,"Smite",0x2
4/28 18:49:49.818  SWING_DAMAGE,Pet-0-4457-249-1045-7432-01002D8BC6,"Cat",0x1114,0x0,Creature-0-4457-249-1045-10184-000028665C,"Onyxia",0x10a48,0x0,Pet-0-4457-249-1045-7432-01002D8BC6,Player-4755-01E83279,100,100,0,0,0,-1,0,0,0,-18.33,-206.43,0,3.5393,70,75,143,-1,1,0,0,0,nil,1,nil
4/28 18:49:49.871  SWING_DAMAGE,Pet-0-4457-249-1045-2850-01001956F9,"Kratos",0x1114,0x0,Creature-0-4457-249-1045-10184-000028665C,"Onyxia",0x10a48,0x0,Pet-0-4457-249-1045-2850-01001956F9,Player-4755-0178F576,100,100,0,0,0,-1,0,0,0,-16.34,-208.21,0,3.5534,66,100,127,-1,1,0,0,0,nil,nil,nil
4/28 18:49:49.871  SPELL_CAST_SUCCESS,Player-4755-01802FE5,"Angrybat-Dreadmist",0x514,0x0,Creature-0-4457-249-1045-10184-000028665C,"Onyxia",0x10a48,0x0,10181,"Frostbolt",0x10,Player-4755-01802FE5,0000000000000000,100,100,0,0,0,-1,0,0,0,-4.64,-184.83,0,3.9029,66
4/28 18:49:49.871  SPELL_CAST_START,Player-4755-01802FE5,"Angrybat-Dreadmist",0x514,0x0,0000000000000000,nil,0x80000000,0x80000000,10181,"Frostbolt",0x10
4/28 18:49:49.871  SPELL_CAST_SUCCESS,Player-4755-01A6B139,"Sakatan-Dreadmist",0x514,0x0,Creature-0-4457-249-1045-10184-000028665C,"Onyxia",0x10a48,0x0,11281,"Backstab",0x1,Player-4755-01A6B139,0000000000000000,100,100,0,0,0,-1,0,0,0,-10.03,-210.36,0,3.4290,69
4/28 18:49:49.911  SPELL_CAST_SUCCESS,Player-4755-020BD78D,"Lonehunter-Dreadmist",0x514,0x0,Creature-0-4457-249-1045-10184-000028665C,"Onyxia",0x10a48,0x0,20904,"Aimed Shot",0x1,Player-4755-020BD78D,0000000000000000,100,100,0,0,0,-1,0,0,0,1.62,-179.46,0,3.8194,70
4/28 18:49:49.911  SPELL_CAST_START,Player-4755-020BD78D,"Lonehunter-Dreadmist",0x514,0x0,0000000000000000,nil,0x80000000,0x80000000,14290,"Multi-Shot",0x1
4/28 18:49:49.911  SWING_DAMAGE,Player-4755-01637B0A,"Pindle-Dreadmist",0x514,0x0,Creature-0-4457-249-1045-10184-000028665C,"Onyxia",0x10a48,0x0,Player-4755-01637B0A,0000000000000000,100,100,0,0,0,-1,0,0,0,-28.80,-210.94,0,3.9755,65,176,227,-1,1,0,0,0,nil,1,nil
4/28 18:49:49.927  SPELL_DAMAGE,Player-4755-0178F576,"Atreas-Dreadmist",0x514,0x0,Creature-0-4457-249-1045-10184-000028665C,"Onyxia",0x10a48,0x0,20904,"Aimed Shot",0x1,Creature-0-4457-249-1045-10184-000028665C,0000000000000000,62,100,0,0,0,-1,0,0,0,-38.87,-216.67,0,3.1000,63,934,1186,-1,1,0,0,0,nil,nil,nil
4/28 18:49:49.977  SPELL_AURA_APPLIED,Player-4755-0178F576,"Atreas-Dreadmist",0x514,0x0,Player-4755-0178F576,"Atreas-Dreadmist",0x514,0x0,24352,"Devilsaur Fury",0x1,BUFF
4/28 18:49:49.977  SPELL_CAST_SUCCESS,Player-4755-0178F576,"Atreas-Dreadmist",0x514,0x0,0000000000000000,nil,0x80000000,0x80000000,24352,"Devilsaur Fury",0x1,Player-4755-0178F576,0000000000000000,100,100,0,0,0,-1,0,0,0,3.42,-179.80,0,3.3286,66
4/28 18:49:50.046  SPELL_AURA_APPLIED_DOSE,Player-4755-01802FE5,"Angrybat-Dreadmist",0x514,0x0,Creature-0-4457-249-1045-10184-000028665C,"Onyxia",0x10a48,0x0,12579,"Winter's Chill",0x10,DEBUFF,4
4/28 18:49:50.046  SWING_DAMAGE_LANDED,Player-4755-016DF694,"Ashalan-Dreadmist",0x514,0x0,Creature-0-4457-249-1045-10184-000028665C,"Onyxia",0x10a48,0x0,Creature-0-4457-249-1045-10184-000028665C,0000000000000000,62,100,0,0,0,-1,0,0,0,-39.94,-216.62,0,3.1000,63,254,573,-1,1,0,0,0,nil,1,nil
4/28 18:49:50.046  SWING_DAMAGE_LANDED,Pet-0-4457-249-1045-9622-02002CD5BC,"Bokito",0x1114,0x0,Creature-0-4457-249-1045-10184-000028665C,"Onyxia",0x10a48,0x0,Creature-0-4457-249-1045-10184-000028665C,0000000000000000,62,100,0,0,0,-1,0,0,0,-39.94,-216.62,0,3.1000,63,173,219,-1,1,0,0,0,nil,nil,nil
4/28 18:49:50.046  SWING_DAMAGE_LANDED,Pet-0-4457-249-1045-7432-01002D8BC6,"Cat",0x1114,0x0,Creature-0-4457-249-1045-10184-000028665C,"Onyxia",0x10a48,0x0,Creature-0-4457-249-1045-10184-000028665C,0000000000000000,62,100,0,0,0,-1,0,0,0,-39.94,-216.62,0,3.1000,63,75,143,-1,1,0,0,0,nil,1,nil
4/28 18:49:50.046  SWING_DAMAGE_LANDED,Pet-0-4457-249-1045-2850-01001956F9,"Kratos",0x1114,0x0,Creature-0-4457-249-1045-10184-000028665C,"Onyxia",0x10a48,0x0,Creature-0-4457-249-1045-10184-000028665C,0000000000000000,62,100,0,0,0,-1,0,0,0,-39.94,-216.62,0,3.1000,63,100,127,-1,1,0,0,0,nil,nil,nil
4/28 18:49:50.046  SPELL_DAMAGE,Player-4755-01A6B139,"Sakatan-Dreadmist",0x514,0x0,Creature-0-4457-249-1045-10184-000028665C,"Onyxia",0x10a48,0x0,11281,"Backstab",0x1,Creature-0-4457-249-1045-10184-000028665C,0000000000000000,62,100,0,0,0,-1,0,0,0,-39.94,-216.62,0,3.1000,63,493,625,-1,1,0,0,0,nil,nil,nil
4/28 18:49:50.046  SWING_DAMAGE_LANDED,Player-4755-01637B0A,"Pindle-Dreadmist",0x514,0x0,Creature-0-4457-249-1045-10184-000028665C,"Onyxia",0x10a48,0x0,Creature-0-4457-249-1045-10184-000028665C,0000000000000000,62,100,0,0,0,-1,0,0,0,-39.94,-216.62,0,3.1000,63,176,227,-1,1,0,0,0,nil,1,nil
4/28 18:49:50.046  SWING_DAMAGE,Player-4755-01AC9FD9,"Alexinho-Dreadmist",0x514,0x0,Creature-0-4457-249-1045-10184-000028665C,"Onyxia",0x10a48,0x0,Player-4755-01AC9FD9,0000000000000000,100,100,0,0,0,-1,0,0,0,-17.30,-213.63,0,3.2626,66,258,160,-1,1,0,0,0,1,nil,nil
4/28 18:49:50.066  SWING_MISSED,Player-4755-0220BD00,"Krikoff-Dreadmist",0x40514,0x0,Creature-0-4457-249-1045-10184-000028665C,"Onyxia",0x10a48,0x0,MISS,nil
4/28 18:49:50.087  SWING_DAMAGE,Player-4755-01637B0A,"Pindle-Dreadmist",0x514,0x0,Creature-0-4457-249-1045-10184-000028665C,"Onyxia",0x10a48,0x0,Player-4755-01637B0A,0000000000000000,100,100,0,0,0,-1,0,0,0,-30.12,-211.00,0,3.9755,65,104,132,-1,1,0,0,0,nil,nil,nil
4/28 18:49:50.142  SPELL_CAST_START,Player-4755-01BC57A3,"Saintis-Dreadmist",0x511,0x0,0000000000000000,nil,0x80000000,0x80000000,10934,"Smite",0x2
4/28 18:49:50.160  SPELL_DAMAGE,Player-4755-0163DD9D,"Kaspais-Dreadmist",0x514,0x0,Creature-0-4457-249-1045-10184-000028665C,"Onyxia",0x10a48,0x0,10181,"Frostbolt",0x10,Creature-0-4457-249-1045-10184-000028665C,0000000000000000,62,100,0,0,0,-1,0,0,0,-40.98,-216.58,0,3.1000,63,939,854,-1,16,0,0,0,nil,nil,nil
4/28 18:49:50.180  SPELL_AURA_REMOVED_DOSE,Player-4755-01614AC7,"Mirrimazduur-Dreadmist",0x512,0x0,Creature-0-4457-249-1045-10184-000028665C,"Onyxia",0x10a48,0x0,17800,"Shadow Vulnerability",0x20,DEBUFF,3
4/28 18:49:50.180  SPELL_DAMAGE,Player-4755-01614AC7,"Mirrimazduur-Dreadmist",0x512,0x0,Creature-0-4457-249-1045-10184-000028665C,"Onyxia",0x10a48,0x0,11661,"Shadow Bolt",0x20,Creature-0-4457-249-1045-10184-000028665C,0000000000000000,62,100,0,0,0,-1,0,0,0,-41.14,-216.57,0,3.1000,63,1178,892,-1,32,0,0,0,nil,nil,nil
4/28 18:49:50.198  SPELL_PERIODIC_DAMAGE,Player-4755-01F36B30,"Rectumqeef-Dreadmist",0x514,0x0,Creature-0-4457-249-1045-10184-000028665C,"Onyxia",0x10a48,0x0,11672,"Corruption",0x20,Creature-0-4457-249-1045-10184-000028665C,0000000000000000,62,100,0,0,0,-1,0,0,0,-41.32,-216.57,0,3.1000,63,269,203,-1,32,0,0,0,nil,nil,nil
4/28 18:49:50.198  SPELL_CAST_SUCCESS,Player-4755-01804B95,"Moymoy-Dreadmist",0x514,0x0,0000000000000000,nil,0x80000000,0x80000000,17531,"Restore Mana",0x1,Player-4755-01804B95,0000000000000000,100,100,0,0,0,-1,0,0,0,14.50,-181.02,0,3.3808,66
4/28 18:49:50.238  RANGE_MISSED,Player-4755-01BC57A3,"Saintis-Dreadmist",0x511,0x0,Creature-0-4457-249-1045-10184-000028665C,"Onyxia",0x10a48,0x0,5019,"Shoot",0x1,IMMUNE,nil
4/28 18:49:50.345  SPELL_CAST_SUCCESS,Player-4755-020BD78D,"Lonehunter-Dreadmist",0x514,0x0,Creature-0-4457-249-1045-10184-000028665C,"Onyxia",0x10a48,0x0,14290,"Multi-Shot",0x1,Player-4755-020BD78D,0000000000000000,100,100,0,0,0,-1,0,0,0,1.62,-179.46,0,3.8071,70
4/28 18:49:50.345  SPELL_PERIODIC_DAMAGE,Player-4755-0160BD13,"Mafkees-Dreadmist",0x514,0x0,Creature-0-4457-249-1045-10184-000028665C,"Onyxia",0x10a48,0x0,12721,"Deep Wound",0x1,Creature-0-4457-249-1045-10184-000028665C,0000000000000000,62,100,0,0,0,-1,0,0,0,-42.68,-216.51,0,3.1000,63,129,129,-1,1,0,0,0,nil,nil,nil
4/28 18:49:50.361  SPELL_CAST_SUCCESS,Player-4755-0220BD00,"Krikoff-Dreadmist",0x40514,0x0,Creature-0-4457-249-1045-10184-000028665C,"Onyxia",0x10a48,0x0,23894,"Bloodthirst",0x1,Player-4755-0220BD00,0000000000000000,100,100,0,0,0,-1,0,0,0,-23.36,-208.54,0,3.4008,68
4/28 18:49:50.361  SPELL_AURA_APPLIED,Player-4755-0220BD00,"Krikoff-Dreadmist",0x40514,0x0,Player-4755-0220BD00,"Krikoff-Dreadmist",0x40514,0x0,20007,"Holy Strength",0x2,BUFF
4/28 18:49:50.361  SPELL_HEAL,Player-4755-0220BD00,"Krikoff-Dreadmist",0x40514,0x0,Player-4755-0220BD00,"Krikoff-Dreadmist",0x40514,0x0,20007,"Holy Strength",0x2,Player-4755-0220BD00,0000000000000000,100,100,0,0,0,-1,0,0,0,-23.36,-208.54,0,3.4008,68,87,87,87,0,nil
4/28 18:49:50.444  SPELL_AURA_APPLIED,Player-4755-0178F576,"Atreas-Dreadmist",0x514,0x0,Player-4755-0178F576,"Atreas-Dreadmist",0x514,0x0,26635,"Berserking",0x1,BUFF
4/28 18:49:50.444  SPELL_CAST_SUCCESS,Player-4755-0178F576,"Atreas-Dreadmist",0x514,0x0,0000000000000000,nil,0x80000000,0x80000000,20554,"Berserking",0x1,Player-4755-0178F576,0000000000000000,100,100,0,0,0,-1,0,0,0,0.20,-180.41,0,3.3286,66
4/28 18:49:50.444  SPELL_AURA_REMOVED_DOSE,Player-4755-016DF694,"Ashalan-Dreadmist",0x514,0x0,Player-4755-016DF694,"Ashalan-Dreadmist",0x514,0x0,16280,"Flurry",0x1,BUFF,1
4/28 18:49:50.444  SWING_DAMAGE_LANDED,Player-4755-01AC9FD9,"Alexinho-Dreadmist",0x514,0x0,Creature-0-4457-249-1045-10184-000028665C,"Onyxia",0x10a48,0x0,Creature-0-4457-249-1045-10184-000028665C,0000000000000000,62,100,0,0,0,-1,0,0,0,-43.59,-216.47,0,3.1104,63,258,160,-1,1,0,0,0,1,nil,nil
4/28 18:49:50.444  SPELL_DAMAGE,Player-4755-01AC9FD9,"Alexinho-Dreadmist",0x514,0x0,Creature-0-4457-249-1045-10184-000028665C,"Onyxia",0x10a48,0x0,11337,"Instant Poison VI",0x8,Creature-0-4457-249-1045-10184-000028665C,0000000000000000,62,100,0,0,0,-1,0,0,0,-43.59,-216.47,0,3.1104,63,104,137,-1,8,34,0,0,nil,nil,nil
4/28 18:49:50.444  SWING_DAMAGE_LANDED,Player-4755-01637B0A,"Pindle-Dreadmist",0x514,0x0,Creature-0-4457-249-1045-10184-000028665C,"Onyxia",0x10a48,0x0,Creature-0-4457-249-1045-10184-000028665C,0000000000000000,62,100,0,0,0,-1,0,0,0,-43.59,-216.47,0,3.1104,63,104,132,-1,1,0,0,0,nil,nil,nil
4/28 18:49:50.444  SPELL_ENERGIZE,Player-4755-01804B95,"Moymoy-Dreadmist",0x514,0x0,Player-4755-01804B95,"Moymoy-Dreadmist",0x514,0x0,17531,"Restore Mana",0x1,Player-4755-01804B95,0000000000000000,100,100,0,0,0,-1,0,0,0,14.50,-181.02,0,3.3808,66,1571.0000,0.0000,0,5366
4/28 18:49:50.444  SPELL_DAMAGE,Player-4755-0220BD00,"Krikoff-Dreadmist",0x40514,0x0,Creature-0-4457-249-1045-10184-000028665C,"Onyxia",0x10a48,0x0,23894,"Bloodthirst",0x1,Creature-0-4457-249-1045-10184-000028665C,0000000000000000,62,100,0,0,0,-1,0,0,0,-43.59,-216.47,0,3.1104,63,512,650,-1,1,0,0,0,nil,nil,nil
4/28 18:49:50.444  SPELL_AURA_APPLIED_DOSE,Player-4755-0220BD00,"Krikoff-Dreadmist",0x40514,0x0,Player-4755-0220BD00,"Krikoff-Dreadmist",0x40514,0x0,23888,"Bloodthirst",0x1,BUFF,5
4/28 18:49:50.518  SPELL_CAST_SUCCESS,Player-4755-01614AC7,"Mirrimazduur-Dreadmist",0x512,0x0,Creature-0-4457-249-1045-10184-000028665C,"Onyxia",0x10a48,0x0,11661,"Shadow Bolt",0x20,Player-4755-01614AC7,0000000000000000,100,100,0,0,0,-1,0,0,0,-1.52,-178.92,0,3.4584,68
4/28 18:49:50.518  SPELL_CAST_SUCCESS,Player-4755-01614AC7,"Mirrimazduur-Dreadmist",0x512,0x0,0000000000000000,nil,0x80000000,0x80000000,11689,"Life Tap",0x20,Player-4755-01614AC7,0000000000000000,83,100,0,0,0,-1,0,0,0,-1.52,-178.92,0,3.4584,68
4/28 18:49:50.534  SPELL_PERIODIC_DAMAGE,Player-4755-01614AC7,"Mirrimazduur-Dreadmist",0x512,0x0,Creature-0-4457-249-1045-10184-000028665C,"Onyxia",0x10a48,0x0,11672,"Corruption",0x20,Creature-0-4457-249-1045-10184-000028665C,0000000000000000,62,100,0,0,0,-1,0,0,0,-44.41,-216.45,0,3.1104,63,249,188,-1,32,0,0,0,nil,nil,nil
4/28 18:49:50.534  SPELL_DAMAGE,Player-4755-0163DD9D,"Kaspais-Dreadmist",0x514,0x0,Creature-0-4457-249-1045-10184-000028665C,"Onyxia",0x10a48,0x0,10181,"Frostbolt",0x10,Creature-0-4457-249-1045-10184-000028665C,0000000000000000,61,100,0,0,0,-1,0,0,0,-44.41,-216.45,0,3.1104,63,2935,1333,-1,16,0,0,0,1,nil,nil
4/28 18:49:50.599  SPELL_CAST_START,Player-4755-01FA8DD8,"Roackerita-Dreadmist",0x514,0x0,0000000000000000,nil,0x80000000,0x80000000,2055,"Heal",0x2
4/28 18:49:50.631  SPELL_CAST_SUCCESS,Player-4755-0178F416,"Eltorero-Dreadmist",0x514,0x0,Creature-0-4457-249-1045-10184-000028665C,"Onyxia",0x10a48,0x0,7373,"Hamstring",0x1,Player-4755-0178F416,0000000000000000,100,100,0,0,0,-1,0,0,0,-27.66,-215.16,0,3.3722,67
4/28 18:49:50.664  SPELL_CAST_SUCCESS,Player-4755-021D6506,"Bloodlady-Dreadmist",0x514,0x0,Creature-0-4457-249-1045-10184-000028665C,"Onyxia",0x10a48,0x0,10181,"Frostbolt",0x10,Player-4755-021D6506,0000000000000000,100,100,0,0,0,-1,0,0,0,-35.99,-204.67,0,4.0802,69
4/28 18:49:50.664  SPELL_CAST_START,Player-4755-021D6506,"Bloodlady-Dreadmist",0x514,0x0,0000000000000000,nil,0x80000000,0x80000000,10181,"Frostbolt",0x10
4/28 18:49:50.712  SPELL_AURA_APPLIED,Player-4755-01804B95,"Moymoy-Dreadmist",0x514,0x0,Player-4755-01804B95,"Moymoy-Dreadmist",0x514,0x0,15604,"Second Wind",0x40,BUFF
4/28 18:49:50.712  SPELL_CAST_SUCCESS,Player-4755-01804B95,"Moymoy-Dreadmist",0x514,0x0,0000000000000000,nil,0x80000000,0x80000000,15604,"Second Wind",0x40,Player-4755-01804B95,0000000000000000,100,100,0,0,0,-1,0,0,0,14.50,-181.02,0,3.3808,66
4/28 18:49:50.802  SPELL_AURA_REMOVED,Pet-0-4457-249-1045-7456-03003178E8,"Owl",0x1114,0x0,Creature-0-4457-249-1045-10184-000028665C,"Onyxia",0x10a48,0x0,24579,"Screech",0x1,DEBUFF
4/28 18:49:50.802  SPELL_CAST_SUCCESS,Player-4755-0160BD13,"Mafkees-Dreadmist",0x514,0x0,Creature-0-4457-249-1045-10184-000028665C,"Onyxia",0x10a48,0x0,7373,"Hamstring",0x1,Player-4755-0160BD13,0000000000000000,100,100,0,0,0,-1,0,0,0,-31.48,-219.13,0,2.9044,64
4/28 18:49:50.821  SPELL_AURA_APPLIED,Player-4755-0178F576,"Atreas-Dreadmist",0x514,0x0,Player-4755-0178F576,"Atreas-Dreadmist",0x514,0x0,3045,"Rapid Fire",0x40,BUFF
4/28 18:49:50.821  SPELL_CAST_SUCCESS,Player-4755-0178F576,"Atreas-Dreadmist",0x514,0x0,0000000000000000,nil,0x80000000,0x80000000,3045,"Rapid Fire",0x40,Player-4755-0178F576,0000000000000000,100,100,0,0,0,-1,0,0,0,-2.38,-180.89,0,3.3286,66
4/28 18:49:50.821  SPELL_CAST_SUCCESS,Player-4755-01F36B30,"Rectumqeef-Dreadmist",0x514,0x0,Creature-0-4457-249-1045-10184-000028665C,"Onyxia",0x10a48,0x0,11661,"Shadow Bolt",0x20,Player-4755-01F36B30,0000000000000000,100,100,0,0,0,-1,0,0,0,-9.02,-196.69,0,3.7859,66
4/28 18:49:50.821  SPELL_CAST_START,Player-4755-01F36B30,"Rectumqeef-Dreadmist",0x514,0x0,0000000000000000,nil,0x80000000,0x80000000,11661,"Shadow Bolt",0x20
4/28 18:49:50.863  SPELL_AURA_REMOVED,Player-4755-0220BD00,"Krikoff-Dreadmist",0x40514,0x0,Player-4755-0220BD00,"Krikoff-Dreadmist",0x40514,0x0,12970,"Flurry",0x1,BUFF
4/28 18:49:50.863  SPELL_AURA_REMOVED_DOSE,Player-4755-0220BD00,"Krikoff-Dreadmist",0x40514,0x0,Player-4755-0220BD00,"Krikoff-Dreadmist",0x40514,0x0,23888,"Bloodthirst",0x1,BUFF,4
4/28 18:49:50.863  SPELL_HEAL,Player-4755-0220BD00,"Krikoff-Dreadmist",0x40514,0x0,Player-4755-0220BD00,"Krikoff-Dreadmist",0x40514,0x0,23891,"Bloodthirst",0x1,Player-4755-0220BD00,0000000000000000,100,100,0,0,0,-1,0,0,0,-27.02,-209.51,0,3.4008,68,20,20,20,0,nil
4/28 18:49:50.863  SPELL_ENERGIZE,Player-4755-01614AC7,"Mirrimazduur-Dreadmist",0x512,0x0,Player-4755-01614AC7,"Mirrimazduur-Dreadmist",0x512,0x0,31818,"Life Tap",0x20,Player-4755-01614AC7,0000000000000000,83,100,0,0,0,-1,0,0,0,-1.52,-178.92,0,3.4584,68,855.0000,0.0000,0,5098
4/28 18:49:50.863  SPELL_DAMAGE,Player-4755-0178F416,"Eltorero-Dreadmist",0x514,0x0,Creature-0-4457-249-1045-10184-000028665C,"Onyxia",0x10a48,0x0,7373,"Hamstring",0x1,Creature-0-4457-249-1045-10184-000028665C,0000000000000000,61,100,0,0,0,-1,0,0,0,-47.38,-216.36,0,3.1104,63,37,46,-1,1,0,0,0,nil,nil,nil
4/28 18:49:50.863  SPELL_DAMAGE,Player-4755-0160BD13,"Mafkees-Dreadmist",0x514,0x0,Creature-0-4457-249-1045-10184-000028665C,"Onyxia",0x10a48,0x0,7373,"Hamstring",0x1,Creature-0-4457-249-1045-10184-000028665C,0000000000000000,61,100,0,0,0,-1,0,0,0,-47.38,-216.36,0,3.1104,63,79,45,-1,1,0,0,0,1,nil,nil
4/28 18:49:50.863  SWING_DAMAGE,Pet-0-4457-249-1045-2850-01001956F9,"Kratos",0x1114,0x0,Creature-0-4457-249-1045-10184-000028665C,"Onyxia",0x10a48,0x0,Pet-0-4457-249-1045-2850-01001956F9,Player-4755-0178F576,100,100,0,0,0,-1,0,0,0,-26.31,-210.78,0,3.4147,66,99,126,-1,1,0,0,0,nil,nil,nil
4/28 18:49:50.888  SPELL_DAMAGE,Player-4755-0178F576,"Atreas-Dreadmist",0x514,0x0,Creature-0-4457-249-1045-10184-000028665C,"Onyxia",0x10a48,0x0,14290,"Multi-Shot",0x1,Creature-0-4457-249-1045-10184-000028665C,0000000000000000,61,100,0,0,0,-1,0,0,0,-47.56,-216.35,0,3.1104,63,641,813,-1,1,0,0,0,nil,nil,nil
4/28 18:49:50.888  SPELL_AURA_APPLIED,Player-4755-0163DD9D,"Kaspais-Dreadmist",0x514,0x0,Player-4755-0163DD9D,"Kaspais-Dreadmist",0x514,0x0,1953,"Blink",0x40,BUFF
4/28 18:49:50.888  SPELL_CAST_SUCCESS,Player-4755-0163DD9D,"Kaspais-Dreadmist",0x514,0x0,0000000000000000,nil,0x80000000,0x80000000,1953,"Blink",0x40,Player-4755-0163DD9D,0000000000000000,100,100,0,0,0,-1,0,0,0,-22.93,-195.87,0,3.4376,66
4/28 18:49:50.925  SWING_DAMAGE,Player-4755-01840577,"Raggèn-Dreadmist",0x514,0x0,Creature-0-4457-249-1045-10184-000028665C,"Onyxia",0x10a48,0x0,Player-4755-01840577,0000000000000000,100,100,0,0,0,-1,0,0,0,-26.85,-211.08,0,3.5453,67,326,512,-1,1,0,0,0,nil,1,nil
4/28 18:49:50.980  SWING_DAMAGE,Pet-0-4457-249-1045-7432-01002D8BC6,"Cat",0x1114,0x0,Creature-0-4457-249-1045-10184-000028665C,"Onyxia",0x10a48,0x0,Pet-0-4457-249-1045-7432-01002D8BC6,Player-4755-01E83279,100,100,0,0,0,-1,0,0,0,-27.52,-209.38,0,3.3977,70,108,137,-1,1,0,0,0,nil,nil,nil
4/28 18:49:50.999  SPELL_CAST_SUCCESS,Player-4755-01AC9FD9,"Alexinho-Dreadmist",0x514,0x0,Creature-0-4457-249-1045-10184-000028665C,"Onyxia",0x10a48,0x0,11294,"Sinister Strike",0x1,Player-4755-01AC9FD9,0000000000000000,100,100,0,0,0,-1,0,0,0,-24.46,-214.23,0,3.2234,66
4/28 18:49:51.016  SPELL_CAST_START,Player-4755-01B60A5F,"Zurok-Dreadmist",0x514,0x0,0000000000000000,nil,0x80000000,0x80000000,75,"Auto Shot",0x1
4/28 18:49:51.016  SPELL_PERIODIC_DAMAGE,Player-4755-0210153A,"Hapuseneb-Dreadmist",0x514,0x0,Creature-0-4457-249-1045-10184-000028665C,"Onyxia",0x10a48,0x0,10893,"Shadow Word: Pain",0x20,Creature-0-4457-249-1045-10184-000028665C,0000000000000000,61,100,0,0,0,-1,0,0,0,-48.79,-216.31,0,3.1104,63,168,127,-1,32,0,0,0,nil,nil,nil
4/28 18:49:51.083  SPELL_CAST_SUCCESS,Player-4755-01FA8D0D,"Roackeru-Dreadmist",0x514,0x0,Creature-0-4457-249-1045-10184-000028665C,"Onyxia",0x10a48,0x0,11672,"Corruption",0x20,Player-4755-01FA8D0D,0000000000000000,100,100,0,0,0,-1,0,0,0,-1.04,-196.57,0,3.6756,65
4/28 18:49:51.099  SWING_DAMAGE,Player-4755-0220BD00,"Krikoff-Dreadmist",0x40514,0x0,Creature-0-4457-249-1045-10184-000028665C,"Onyxia",0x10a48,0x0,Player-4755-0220BD00,0000000000000000,100,100,0,0,0,-1,0,0,0,-28.75,-209.97,0,3.4008,68,218,276,-1,1,0,0,0,nil,nil,nil
4/28 18:49:51.120  SPELL_CAST_SUCCESS,Player-4755-01E83279,"Nlmasters-Dreadmist",0x514,0x8,Creature-0-4457-249-1045-10184-000028665C,"Onyxia",0x10a48,0x0,20904,"Aimed Shot",0x1,Player-4755-01E83279,0000000000000000,100,100,0,0,0,-1,0,0,0,-12.65,-183.56,0,3.8847,70
4/28 18:49:51.152  SPELL_CAST_START,Player-4755-01E83279,"Nlmasters-Dreadmist",0x514,0x8,0000000000000000,nil,0x80000000,0x80000000,75,"Auto Shot",0x1
4/28 18:49:51.168  SWING_DAMAGE,Player-4755-01637B0A,"Pindle-Dreadmist",0x514,0x0,Creature-0-4457-249-1045-10184-000028665C,"Onyxia",0x10a48,0x0,Player-4755-01637B0A,0000000000000000,100,100,0,0,0,-1,0,0,0,-37.83,-211.65,0,3.7183,65,192,119,-1,1,0,0,0,1,nil,nil
4/28 18:49:51.168  SPELL_DAMAGE,Player-4755-021D6506,"Bloodlady-Dreadmist",0x514,0x0,Creature-0-4457-249-1045-10184-000028665C,"Onyxia",0x10a48,0x0,10181,"Frostbolt",0x10,Creature-0-4457-249-1045-10184-000028665C,0000000000000000,61,100,0,0,0,-1,0,0,0,-50.17,-216.27,0,3.1104,63,2599,1181,-1,16,0,0,0,1,nil,nil
4/28 18:49:51.205  SWING_DAMAGE,Player-4755-01AC9FD9,"Alexinho-Dreadmist",0x514,0x0,Creature-0-4457-249-1045-10184-000028665C,"Onyxia",0x10a48,0x0,Player-4755-01AC9FD9,0000000000000000,100,100,0,0,0,-1,0,0,0,-26.00,-214.36,0,3.2155,66,124,181,-1,1,0,0,0,nil,1,nil
4/28 18:49:51.238  SPELL_AURA_REFRESH,Player-4755-0160BD13,"Mafkees-Dreadmist",0x514,0x0,Player-4755-0160BD13,"Mafkees-Dreadmist",0x514,0x0,20007,"Holy Strength",0x2,BUFF
4/28 18:49:51.238  SPELL_HEAL,Player-4755-0160BD13,"Mafkees-Dreadmist",0x514,0x0,Player-4755-0160BD13,"Mafkees-Dreadmist",0x514,0x0,20007,"Holy Strength",0x2,Player-4755-0160BD13,0000000000000000,100,100,0,0,0,-1,0,0,0,-34.73,-218.37,0,2.9162,64,77,77,77,0,nil
4/28 18:49:51.238  SWING_DAMAGE,Player-4755-0160BD13,"Mafkees-Dreadmist",0x514,0x0,Creature-0-4457-249-1045-10184-000028665C,"Onyxia",0x10a48,0x0,Player-4755-0160BD13,0000000000000000,100,100,0,0,0,-1,0,0,0,-34.73,-218.37,0,2.9162,64,509,646,-1,1,0,0,0,nil,nil,nil
4/28 18:49:51.256  SPELL_DAMAGE,Player-4755-020BD78D,"Lonehunter-Dreadmist",0x514,0x0,Creature-0-4457-249-1045-10184-000028665C,"Onyxia",0x10a48,0x0,20904,"Aimed Shot",0x1,Creature-0-4457-249-1045-10184-000028665C,0000000000000000,61,100,0,0,0,-1,0,0,0,-50.95,-216.24,0,3.1104,63,894,1134,-1,1,0,0,0,nil,nil,nil
4/28 18:49:51.261  SPELL_AURA_REMOVED_DOSE,Player-4755-0178F416,"Eltorero-Dreadmist",0x514,0x0,Player-4755-0178F416,"Eltorero-Dreadmist",0x514,0x0,23888,"Bloodthirst",0x1,BUFF,1
4/28 18:49:51.281  SPELL_HEAL,Player-4755-0178F416,"Eltorero-Dreadmist",0x514,0x0,Player-4755-0178F416,"Eltorero-Dreadmist",0x514,0x0,23891,"Bloodthirst",0x1,Player-4755-0178F416,0000000000000000,100,100,0,0,0,-1,0,0,0,-32.42,-216.19,0,3.3565,67,20,20,20,0,nil
4/28 18:49:51.281  SPELL_AURA_REMOVED_DOSE,Player-4755-0160BD13,"Mafkees-Dreadmist",0x514,0x0,Player-4755-0160BD13,"Mafkees-Dreadmist",0x514,0x0,23888,"Bloodthirst",0x1,BUFF,3
4/28 18:49:51.281  SPELL_AURA_APPLIED_DOSE,Player-4755-0160BD13,"Mafkees-Dreadmist",0x514,0x0,Player-4755-0160BD13,"Mafkees-Dreadmist",0x514,0x0,12970,"Flurry",0x1,BUFF,3
4/28 18:49:51.281  SPELL_HEAL,Player-4755-0160BD13,"Mafkees-Dreadmist",0x514,0x0,Player-4755-0160BD13,"Mafkees-Dreadmist",0x514,0x0,23891,"Bloodthirst",0x1,Player-4755-0160BD13,0000000000000000,100,100,0,0,0,-1,0,0,0,-35.02,-218.30,0,2.9162,64,20,20,20,0,nil
4/28 18:49:51.281  SWING_DAMAGE_LANDED,Pet-0-4457-249-1045-2850-01001956F9,"Kratos",0x1114,0x0,Creature-0-4457-249-1045-10184-000028665C,"Onyxia",0x10a48,0x0,Creature-0-4457-249-1045-10184-000028665C,0000000000000000,61,100,0,0,0,-1,0,0,0,-51.16,-216.24,0,3.1104,63,99,126,-1,1,0,0,0,nil,nil,nil
4/28 18:49:51.281  SWING_DAMAGE_LANDED,Player-4755-01840577,"Raggèn-Dreadmist",0x514,0x0,Creature-0-4457-249-1045-10184-000028665C,"Onyxia",0x10a48,0x0,Creature-0-4457-249-1045-10184-000028665C,0000000000000000,61,100,0,0,0,-1,0,0,0,-51.16,-216.24,0,3.1104,63,326,512,-1,1,0,0,0,nil,1,nil
4/28 18:49:51.281  SWING_DAMAGE_LANDED,Pet-0-4457-249-1045-7432-01002D8BC6,"Cat",0x1114,0x0,Creature-0-4457-249-1045-10184-000028665C,"Onyxia",0x10a48,0x0,Creature-0-4457-249-1045-10184-000028665C,0000000000000000,61,100,0,0,0,-1,0,0,0,-51.16,-216.24,0,3.1104,63,108,137,-1,1,0,0,0,nil,nil,nil
4/28 18:49:51.281  SPELL_DAMAGE,Player-4755-01AC9FD9,"Alexinho-Dreadmist",0x514,0x0,Creature-0-4457-249-1045-10184-000028665C,"Onyxia",0x10a48,0x0,11294,"Sinister Strike",0x1,Creature-0-4457-249-1045-10184-000028665C,0000000000000000,61,100,0,0,0,-1,0,0,0,-51.16,-216.24,0,3.1104,63,376,476,-1,1,0,0,0,nil,nil,nil
4/28 18:49:51.281  SPELL_AURA_APPLIED,Player-4755-01FA8D0D,"Roackeru-Dreadmist",0x514,0x0,Creature-0-4457-249-1045-10184-000028665C,"Onyxia",0x10a48,0x0,11672,"Corruption",0x20,DEBUFF
4/28 18:49:51.281  SWING_DAMAGE_LANDED,Player-4755-0220BD00,"Krikoff-Dreadmist",0x40514,0x0,Creature-0-4457-249-1045-10184-000028665C,"Onyxia",0x10a48,0x0,Creature-0-4457-249-1045-10184-000028665C,0000000000000000,61,100,0,0,0,-1,0,0,0,-51.16,-216.24,0,3.1104,63,218,276,-1,1,0,0,0,nil,nil,nil
4/28 18:49:51.281  SWING_DAMAGE_LANDED,Player-4755-01637B0A,"Pindle-Dreadmist",0x514,0x0,Creature-0-4457-249-1045-10184-000028665C,"Onyxia",0x10a48,0x0,Creature-0-4457-249-1045-10184-000028665C,0000000000000000,61,100,0,0,0,-1,0,0,0,-51.16,-216.24,0,3.1104,63,192,119,-1,1,0,0,0,1,nil,nil
4/28 18:49:51.281  SWING_DAMAGE_LANDED,Player-4755-01AC9FD9,"Alexinho-Dreadmist",0x514,0x0,Creature-0-4457-249-1045-10184-000028665C,"Onyxia",0x10a48,0x0,Creature-0-4457-249-1045-10184-000028665C,0000000000000000,61,100,0,0,0,-1,0,0,0,-51.16,-216.24,0,3.1104,63,124,181,-1,1,0,0,0,nil,1,nil
4/28 18:49:51.281  SWING_DAMAGE_LANDED,Player-4755-0160BD13,"Mafkees-Dreadmist",0x514,0x0,Creature-0-4457-249-1045-10184-000028665C,"Onyxia",0x10a48,0x0,Creature-0-4457-249-1045-10184-000028665C,0000000000000000,61,100,0,0,0,-1,0,0,0,-51.16,-216.24,0,3.1104,63,509,646,-1,1,0,0,0,nil,nil,nil
4/28 18:49:51.281  SPELL_DAMAGE,Player-4755-0160BD13,"Mafkees-Dreadmist",0x514,0x0,Creature-0-4457-249-1045-10184-000028665C,"Onyxia",0x10a48,0x0,21140,"Fatal Wound",0x1,Creature-0-4457-249-1045-10184-000028665C,0000000000000000,61,100,0,0,0,-1,0,0,0,-51.16,-216.24,0,3.1104,63,193,244,-1,1,0,0,0,nil,nil,nil
4/28 18:49:51.281  SPELL_CAST_SUCCESS,Player-4755-01FA8D0D,"Roackeru-Dreadmist",0x514,0x0,0000000000000000,nil,0x80000000,0x80000000,11689,"Life Tap",0x20,Player-4755-01FA8D0D,0000000000000000,87,100,0,0,0,-1,0,0,0,-1.04,-196.57,0,3.6756,65
4/28 18:49:51.304  SWING_DAMAGE,Player-4755-01637B0A,"Pindle-Dreadmist",0x514,0x0,Creature-0-4457-249-1045-10184-000028665C,"Onyxia",0x10a48,0x0,Player-4755-01637B0A,0000000000000000,100,100,0,0,0,-1,0,0,0,-38.81,-211.47,0,3.7379,65,153,210,-1,1,0,0,0,nil,1,nil
4/28 18:49:51.304  SWING_DAMAGE,Pet-0-4457-249-1045-7456-03003178E8,"Owl",0x1114,0x0,Creature-0-4457-249-1045-10184-000028665C,"Onyxia",0x10a48,0x0,Pet-0-4457-249-1045-7456-03003178E8,Player-4755-01B60A5F,100,100,0,0,0,-1,0,0,0,-30.32,-213.32,0,3.2148,62,122,155,-1,1,0,0,0,nil,nil,nil
4/28 18:49:51.322  SPELL_AURA_APPLIED,Player-4755-01AC9FD9,"Alexinho-Dreadmist",0x514,0x0,Player-4755-01AC9FD9,"Alexinho-Dreadmist",0x514,0x0,10610,"Windfury Totem",0x8,BUFF
4/28 18:49:51.322  SPELL_EXTRA_ATTACKS,Player-4755-01AC9FD9,"Alexinho-Dreadmist",0x514,0x0,Player-4755-01AC9FD9,"Alexinho-Dreadmist",0x514,0x0,10610,"Windfury Totem",0x8,1
4/28 18:49:51.322  SWING_DAMAGE,Player-4755-01AC9FD9,"Alexinho-Dreadmist",0x514,0x0,Creature-0-4457-249-1045-10184-000028665C,"Onyxia",0x10a48,0x0,Player-4755-01AC9FD9,0000000000000000,100,100,0,0,0,-1,0,0,0,-26.90,-214.43,0,3.0741,66,271,344,-1,1,0,0,0,nil,nil,nil
4/28 18:49:51.340  SWING_DAMAGE,Player-4755-01AC9FD9,"Alexinho-Dreadmist",0x514,0x0,Creature-0-4457-249-1045-10184-000028665C,"Onyxia",0x10a48,0x0,Player-4755-01AC9FD9,0000000000000000,100,100,0,0,0,-1,0,0,0,-27.04,-214.44,0,3.0741,66,319,470,-1,1,0,0,0,nil,1,nil
4/28 18:49:51.358  SPELL_CAST_SUCCESS,Player-4755-01637B0A,"Pindle-Dreadmist",0x514,0x0,Creature-0-4457-249-1045-10184-000028665C,"Onyxia",0x10a48,0x0,11281,"Backstab",0x1,Player-4755-01637B0A,0000000000000000,100,100,0,0,0,-1,0,0,0,-39.22,-211.39,0,3.7379,65
4/28 18:49:51.358  SPELL_AURA_APPLIED,Player-4755-01637B0A,"Pindle-Dreadmist",0x514,0x0,Player-4755-01637B0A,"Pindle-Dreadmist",0x514,0x0,20007,"Holy Strength",0x2,BUFF
4/28 18:49:51.358  SPELL_HEAL,Player-4755-01637B0A,"Pindle-Dreadmist",0x514,0x0,Player-4755-01637B0A,"Pindle-Dreadmist",0x514,0x0,20007,"Holy Strength",0x2,Player-4755-01637B0A,0000000000000000,100,100,0,0,0,-1,0,0,0,-39.22,-211.39,0,3.7379,65,103,103,103,0,nil
4/28 18:49:51.358  SPELL_AURA_APPLIED,Player-4755-01637B0A,"Pindle-Dreadmist",0x514,0x0,Player-4755-01637B0A,"Pindle-Dreadmist",0x514,0x0,10610,"Windfury Totem",0x8,BUFF
4/28 18:49:51.358  SPELL_EXTRA_ATTACKS,Player-4755-01637B0A,"Pindle-Dreadmist",0x514,0x0,Player-4755-01637B0A,"Pindle-Dreadmist",0x514,0x0,10610,"Windfury Totem",0x8,1
4/28 18:49:51.358  SWING_DAMAGE,Player-4755-01637B0A,"Pindle-Dreadmist",0x514,0x0,Creature-0-4457-249-1045-10184-000028665C,"Onyxia",0x10a48,0x0,Player-4755-01637B0A,0000000000000000,100,100,0,0,0,-1,0,0,0,-39.22,-211.39,0,3.7379,65,195,268,-1,1,0,0,0,nil,1,nil
4/28 18:49:51.358  SPELL_CAST_SUCCESS,Player-4755-01E83279,"Nlmasters-Dreadmist",0x514,0x8,Creature-0-4457-249-1045-10184-000028665C,"Onyxia",0x10a48,0x0,75,"Auto Shot",0x1,Player-4755-01E83279,0000000000000000,100,100,0,0,0,-1,0,0,0,-12.65,-183.56,0,3.8629,70
4/28 18:49:51.395  SPELL_CAST_SUCCESS,Player-4755-0178F416,"Eltorero-Dreadmist",0x514,0x0,Creature-0-4457-249-1045-10184-000028665C,"Onyxia",0x10a48,0x0,11567,"Heroic Strike",0x1,Player-4755-0178F416,0000000000000000,100,100,0,0,0,-1,0,0,0,-33.29,-216.38,0,3.3565,67
4/28 18:49:51.395  SPELL_AURA_REMOVED_DOSE,Player-4755-0178F416,"Eltorero-Dreadmist",0x514,0x0,Player-4755-0178F416,"Eltorero-Dreadmist",0x514,0x0,12970,"Flurry",0x1,BUFF,1
4/28 18:49:51.472  SPELL_CAST_SUCCESS,Player-4755-01B60A5F,"Zurok-Dreadmist",0x514,0x0,Creature-0-4457-249-1045-10184-000028665C,"Onyxia",0x10a48,0x0,75,"Auto Shot",0x1,Player-4755-01B60A5F,0000000000000000,100,100,0,0,0,-1,0,0,0,-0.62,-196.47,0,3.7602,62
4/28 18:49:51.472  SPELL_CAST_SUCCESS,Player-4755-01B60A5F,"Zurok-Dreadmist",0x514,0x0,Creature-0-4457-249-1045-10184-000028665C,"Onyxia",0x10a48,0x0,13555,"Serpent Sting",0x8,Player-4755-01B60A5F,0000000000000000,100,100,0,0,0,-1,0,0,0,-0.62,-196.47,0,3.7602,62
4/28 18:49:51.472  SPELL_DAMAGE,Player-4755-01802FE5,"Angrybat-Dreadmist",0x514,0x0,Creature-0-4457-249-1045-10184-000028665C,"Onyxia",0x10a48,0x0,10181,"Frostbolt",0x10,Creature-0-4457-249-1045-10184-000028665C,0000000000000000,61,100,0,0,0,-1,0,0,0,-52.91,-216.23,0,3.1416,63,1152,1047,-1,16,0,0,0,nil,nil,nil
4/28 18:49:51.588  SPELL_CAST_SUCCESS,Player-4755-0178F576,"Atreas-Dreadmist",0x514,0x0,Creature-0-4457-249-1045-10184-000028665C,"Onyxia",0x10a48,0x0,5116,"Concussive Shot",0x40,Player-4755-0178F576,0000000000000000,100,100,0,0,0,-1,0,0,0,-7.53,-182.16,0,3.5266,66
4/28 18:49:51.606  SPELL_PERIODIC_ENERGIZE,Creature-0-4457-249-1045-7416-0000286CBA,"Mana Spring Totem IV",0x2114,0x0,Player-4755-01804B95,"Moymoy-Dreadmist",0x514,0x0,10494,"Mana Spring",0x8,Player-4755-01804B95,0000000000000000,100,100,0,0,0,-1,0,0,0,14.50,-181.02,0,3.3808,66,13.0000,0.0000,0,5366
4/28 18:49:51.606  SPELL_PERIODIC_ENERGIZE,Creature-0-4457-249-1045-7416-0000286CBA,"Mana Spring Totem IV",0x2114,0x0,Player-4755-01ED7A64,"Sperzieboon-Dreadmist",0x514,0x0,10494,"Mana Spring",0x8,Player-4755-01ED7A64,0000000000000000,100,100,0,0,0,-1,0,0,0,-7.46,-195.44,0,3.5615,67,13.0000,0.0000,0,7261
4/28 18:49:51.606  SPELL_PERIODIC_ENERGIZE,Creature-0-4457-249-1045-7416-0000286CBA,"Mana Spring Totem IV",0x2114,0x0,Player-4755-015FEBD5,"Sauvage-Dreadmist",0x514,0x0,10494,"Mana Spring",0x8,Player-4755-015FEBD5,0000000000000000,100,100,0,0,0,-1,0,0,0,-5.22,-189.40,0,3.7448,64,12.0000,0.0000,0,6158
4/28 18:49:51.606  SPELL_PERIODIC_ENERGIZE,Creature-0-4457-249-1045-7416-0000286CBA,"Mana Spring Totem IV",0x2114,0x0,Player-4755-0210153A,"Hapuseneb-Dreadmist",0x514,0x0,10494,"Mana Spring",0x8,Player-4755-0210153A,0000000000000000,100,100,0,0,0,-1,0,0,0,-14.18,-206.54,0,3.5146,66,13.0000,0.0000,0,6736
4/28 18:49:51.606  SPELL_PERIODIC_ENERGIZE,Creature-0-4457-249-1045-7416-0000286CBA,"Mana Spring Totem IV",0x2114,0x0,Player-4755-01FA8DD8,"Roackerita-Dreadmist",0x514,0x0,10494,"Mana Spring",0x8,Player-4755-01FA8DD8,0000000000000000,100,100,0,0,0,-1,0,0,0,8.47,-177.56,0,3.2909,69,13.0000,0.0000,0,6736
4/28 18:49:51.606  SPELL_PERIODIC_DAMAGE,Player-4755-01FA8D0D,"Roackeru-Dreadmist",0x514,0x0,Creature-0-4457-249-1045-10184-000028665C,"Onyxia",0x10a48,0x0,11713,"Curse of Agony",0x20,Creature-0-4457-249-1045-10184-000028665C,0000000000000000,61,100,0,0,0,-1,0,0,0,-54.14,-216.23,0,3.1416,63,109,82,-1,32,0,0,0,nil,nil,nil
4/28 18:49:51.662  SPELL_CAST_SUCCESS,Pet-0-4457-249-1045-7432-01002D8BC6,"Cat",0x1114,0x0,Creature-0-4457-249-1045-10184-000028665C,"Onyxia",0x10a48,0x0,3009,"Claw",0x1,Pet-0-4457-249-1045-7432-01002D8BC6,Player-4755-01E83279,100,100,0,0,0,-1,0,0,0,-32.47,-210.54,0,3.4108,70
4/28 18:49:51.684  SPELL_AURA_REFRESH,Player-4755-0160BD13,"Mafkees-Dreadmist",0x514,0x0,Creature-0-4457-249-1045-10184-000028665C,"Onyxia",0x10a48,0x0,12721,"Deep Wound",0x1,DEBUFF
4/28 18:49:51.684  SPELL_AURA_REMOVED_DOSE,Player-4755-0220BD00,"Krikoff-Dreadmist",0x40514,0x0,Player-4755-0220BD00,"Krikoff-Dreadmist",0x40514,0x0,23888,"Bloodthirst",0x1,BUFF,3
4/28 18:49:51.684  SPELL_HEAL,Player-4755-0220BD00,"Krikoff-Dreadmist",0x40514,0x0,Player-4755-0220BD00,"Krikoff-Dreadmist",0x40514,0x0,23891,"Bloodthirst",0x1,Player-4755-0220BD00,0000000000000000,100,100,0,0,0,-1,0,0,0,-32.99,-211.09,0,3.4008,68,20,20,20,0,nil
4/28 18:49:51.684  SPELL_AURA_REMOVED_DOSE,Player-4755-01637B0A,"Pindle-Dreadmist",0x514,0x0,Player-4755-01637B0A,"Pindle-Dreadmist",0x514,0x0,10610,"Windfury Totem",0x8,BUFF,1
4/28 18:49:51.684  SPELL_AURA_REMOVED_DOSE,Player-4755-01AC9FD9,"Alexinho-Dreadmist",0x514,0x0,Player-4755-01AC9FD9,"Alexinho-Dreadmist",0x514,0x0,10610,"Windfury Totem",0x8,BUFF,1
4/28 18:49:51.684  SPELL_AURA_REMOVED_DOSE,Player-4755-0160BD13,"Mafkees-Dreadmist",0x514,0x0,Player-4755-0160BD13,"Mafkees-Dreadmist",0x514,0x0,12970,"Flurry",0x1,BUFF,2
4/28 18:49:51.684  SPELL_AURA_REMOVED_DOSE,Player-4755-0160BD13,"Mafkees-Dreadmist",0x514,0x0,Player-4755-0160BD13,"Mafkees-Dreadmist",0x514,0x0,23888,"Bloodthirst",0x1,BUFF,2
4/28 18:49:51.684  SPELL_HEAL,Player-4755-0160BD13,"Mafkees-Dreadmist",0x514,0x0,Player-4755-0160BD13,"Mafkees-Dreadmist",0x514,0x0,23891,"Bloodthirst",0x1,Player-4755-0160BD13,0000000000000000,100,100,0,0,0,-1,0,0,0,-38.02,-217.77,0,2.9515,64,20,20,20,0,nil
4/28 18:49:51.684  SPELL_ENERGIZE,Player-4755-01FA8D0D,"Roackeru-Dreadmist",0x514,0x0,Player-4755-01FA8D0D,"Roackeru-Dreadmist",0x514,0x0,31818,"Life Tap",0x20,Player-4755-01FA8D0D,0000000000000000,87,100,0,0,0,-1,0,0,0,-1.04,-196.57,0,3.6756,65,836.0000,0.0000,0,6373
4/28 18:49:51.684  SWING_DAMAGE_LANDED,Player-4755-01637B0A,"Pindle-Dreadmist",0x514,0x0,Creature-0-4457-249-1045-10184-000028665C,"Onyxia",0x10a48,0x0,Creature-0-4457-249-1045-10184-000028665C,0000000000000000,61,100,0,0,0,-1,0,0,0,-54.83,-216.23,0,3.1416,63,153,210,-1,1,0,0,0,nil,1,nil
4/28 18:49:51.684  SWING_DAMAGE_LANDED,Pet-0-4457-249-1045-7456-03003178E8,"Owl",0x1114,0x0,Creature-0-4457-249-1045-10184-000028665C,"Onyxia",0x10a48,0x0,Creature-0-4457-249-1045-10184-000028665C,0000000000000000,61,100,0,0,0,-1,0,0,0,-54.83,-216.23,0,3.1416,63,122,155,-1,1,0,0,0,nil,nil,nil
4/28 18:49:51.684  SWING_DAMAGE_LANDED,Player-4755-01AC9FD9,"Alexinho-Dreadmist",0x514,0x0,Creature-0-4457-249-1045-10184-000028665C,"Onyxia",0x10a48,0x0,Creature-0-4457-249-1045-10184-000028665C,0000000000000000,61,100,0,0,0,-1,0,0,0,-54.83,-216.23,0,3.1416,63,271,344,-1,1,0,0,0,nil,nil,nil
4/28 18:49:51.684  SWING_DAMAGE_LANDED,Player-4755-01AC9FD9,"Alexinho-Dreadmist",0x514,0x0,Creature-0-4457-249-1045-10184-000028665C,"Onyxia",0x10a48,0x0,Creature-0-4457-249-1045-10184-000028665C,0000000000000000,61,100,0,0,0,-1,0,0,0,-54.83,-216.23,0,3.1416,63,319,470,-1,1,0,0,0,nil,1,nil
4/28 18:49:51.684  SPELL_DAMAGE,Player-4755-01637B0A,"Pindle-Dreadmist",0x514,0x0,Creature-0-4457-249-1045-10184-000028665C,"Onyxia",0x10a48,0x0,11281,"Backstab",0x1,Creature-0-4457-249-1045-10184-000028665C,0000000000000000,61,100,0,0,0,-1,0,0,0,-54.83,-216.23,0,3.1416,63,473,600,-1,1,0,0,0,nil,nil,nil
4/28 18:49:51.684  SWING_DAMAGE_LANDED,Player-4755-01637B0A,"Pindle-Dreadmist",0x514,0x0,Creature-0-4457-249-1045-10184-000028665C,"Onyxia",0x10a48,0x0,Creature-0-4457-249-1045-10184-000028665C,0000000000000000,61,100,0,0,0,-1,0,0,0,-54.83,-216.23,0,3.1416,63,195,268,-1,1,0,0,0,nil,1,nil
4/28 18:49:51.684  SPELL_DAMAGE,Player-4755-0178F416,"Eltorero-Dreadmist",0x514,0x0,Creature-0-4457-249-1045-10184-000028665C,"Onyxia",0x10a48,0x0,11567,"Heroic Strike",0x1,Creature-0-4457-249-1045-10184-000028665C,0000000000000000,60,100,0,0,0,-1,0,0,0,-54.83,-216.23,0,3.1416,63,1494,861,-1,1,0,0,0,1,nil,nil
4/28 18:49:51.684  SPELL_DAMAGE,Pet-0-4457-249-1045-7432-01002D8BC6,"Cat",0x1114,0x0,Creature-0-4457-249-1045-10184-000028665C,"Onyxia",0x10a48,0x0,3009,"Claw",0x1,Creature-0-4457-249-1045-10184-000028665C,0000000000000000,60,100,0,0,0,-1,0,0,0,-54.83,-216.23,0,3.1416,63,90,113,-1,1,0,0,0,nil,nil,nil
4/28 18:49:51.715  SPELL_PERIODIC_ENERGIZE,Player-4755-01804B95,"Moymoy-Dreadmist",0x514,0x0,Player-4755-01804B95,"Moymoy-Dreadmist",0x514,0x0,15604,"Second Wind",0x40,Player-4755-01804B95,0000000000000000,100,100,0,0,0,-1,0,0,0,14.50,-181.02,0,3.3808,66,30.0000,0.0000,0,5366
4/28 18:49:51.715  SPELL_CAST_START,Player-4755-020BD78D,"Lonehunter-Dreadmist",0x514,0x0,0000000000000000,nil,0x80000000,0x80000000,75,"Auto Shot",0x1
4/28 18:49:51.752  SPELL_CAST_SUCCESS,Player-4755-01802FE5,"Angrybat-Dreadmist",0x514,0x0,Creature-0-4457-249-1045-10184-000028665C,"Onyxia",0x10a48,0x0,10181,"Frostbolt",0x10,Player-4755-01802FE5,0000000000000000,100,100,0,0,0,-1,0,0,0,-4.64,-184.83,0,3.6319,66
4/28 18:49:51.777  SPELL_PERIODIC_ENERGIZE,Creature-0-4457-249-1045-7416-0000286C87,"Mana Spring Totem IV",0x2114,0x0,Player-4755-016296D3,"Nivl-Dreadmist",0x514,0x0,10494,"Mana Spring",0x8,Player-4755-016296D3,0000000000000000,100,100,0,0,0,-1,0,0,0,-4.02,-185.35,0,5.3959,69,10.0000,0.0000,0,5845
4/28 18:49:51.777  SPELL_PERIODIC_ENERGIZE,Creature-0-4457-249-1045-7416-0000286C87,"Mana Spring Totem IV",0x2114,0x0,Player-4755-0178F576,"Atreas-Dreadmist",0x514,0x0,10494,"Mana Spring",0x8,Player-4755-0178F576,0000000000000000,100,100,0,0,0,-1,0,0,0,-8.75,-182.65,0,3.5266,66,10.0000,0.0000,0,3765
4/28 18:49:51.777  SWING_DAMAGE,Pet-0-4457-249-1045-9622-02002CD5BC,"Bokito",0x1114,0x0,Creature-0-4457-249-1045-10184-000028665C,"Onyxia",0x10a48,0x0,Pet-0-4457-249-1045-9622-02002CD5BC,Player-4755-020BD78D,100,100,0,0,0,-1,0,0,0,-36.56,-211.53,0,3.2442,70,173,218,-1,1,0,0,0,nil,nil,nil
4/28 18:49:51.815  SPELL_CAST_SUCCESS,Player-4755-0210153A,"Hapuseneb-Dreadmist",0x514,0x0,Creature-0-4457-249-1045-10184-000028665C,"Onyxia",0x10a48,0x0,10934,"Smite",0x2,Player-4755-0210153A,0000000000000000,100,100,0,0,0,-1,0,0,0,-14.18,-206.54,0,3.5146,66
4/28 18:49:51.815  SPELL_CAST_START,Player-4755-0210153A,"Hapuseneb-Dreadmist",0x514,0x0,0000000000000000,nil,0x80000000,0x80000000,10934,"Smite",0x2
4/28 18:49:51.869  SWING_DAMAGE,Pet-0-4457-249-1045-2850-01001956F9,"Kratos",0x1114,0x0,Creature-0-4457-249-1045-10184-000028665C,"Onyxia",0x10a48,0x0,Pet-0-4457-249-1045-2850-01001956F9,Player-4755-0178F576,100,100,0,0,0,-1,0,0,0,-35.90,-212.41,0,3.2847,66,62,118,-1,1,0,0,0,nil,1,nil
4/28 18:49:51.887  SPELL_AURA_REMOVED,Player-4755-0163DD9D,"Kaspais-Dreadmist",0x514,0x0,Player-4755-0163DD9D,"Kaspais-Dreadmist",0x514,0x0,1953,"Blink",0x40,BUFF
4/28 18:49:51.961  SPELL_AURA_APPLIED,Player-4755-01802FE5,"Angrybat-Dreadmist",0x514,0x0,Player-4755-01802FE5,"Angrybat-Dreadmist",0x514,0x0,1953,"Blink",0x40,BUFF
4/28 18:49:51.961  SPELL_CAST_SUCCESS,Player-4755-01802FE5,"Angrybat-Dreadmist",0x514,0x0,0000000000000000,nil,0x80000000,0x80000000,1953,"Blink",0x40,Player-4755-01802FE5,0000000000000000,100,100,0,0,0,-1,0,0,0,-4.93,-184.99,0,3.6319,66
4/28 18:49:51.985  SPELL_CAST_SUCCESS,Player-4755-015FEBD5,"Sauvage-Dreadmist",0x514,0x0,Creature-0-4457-249-1045-10184-000028665C,"Onyxia",0x10a48,0x0,10181,"Frostbolt",0x10,Player-4755-015FEBD5,0000000000000000,100,100,0,0,0,-1,0,0,0,-5.22,-189.40,0,3.7448,64
4/28 18:49:51.985  SPELL_CAST_START,Player-4755-01804B95,"Moymoy-Dreadmist",0x514,0x0,0000000000000000,nil,0x80000000,0x80000000,939,"Healing Wave",0x8
4/28 18:49:52.023  SPELL_CAST_SUCCESS,Player-4755-01614AC7,"Mirrimazduur-Dreadmist",0x512,0x0,0000000000000000,nil,0x80000000,0x80000000,11689,"Life Tap",0x20,Player-4755-01614AC7,0000000000000000,67,100,0,0,0,-1,0,0,0,-8.77,-180.38,0,3.5173,68
4/28 18:49:52.089  SPELL_AURA_REMOVED,Player-4755-01637B0A,"Pindle-Dreadmist",0x514,0x0,Player-4755-01637B0A,"Pindle-Dreadmist",0x514,0x0,10610,"Windfury Totem",0x8,BUFF
4/28 18:49:52.089  SPELL_AURA_REMOVED,Player-4755-01AC9FD9,"Alexinho-Dreadmist",0x514,0x0,Player-4755-01AC9FD9,"Alexinho-Dreadmist",0x514,0x0,10610,"Windfury Totem",0x8,BUFF
4/28 18:49:52.089  SPELL_AURA_APPLIED_DOSE,Player-4755-0178F416,"Eltorero-Dreadmist",0x514,0x0,Player-4755-0178F416,"Eltorero-Dreadmist",0x514,0x0,12970,"Flurry",0x1,BUFF,3
4/28 18:49:52.089  SPELL_HEAL,Player-4755-0178F416,"Eltorero-Dreadmist",0x514,0x0,Player-4755-0178F416,"Eltorero-Dreadmist",0x514,0x0,23891,"Bloodthirst",0x1,Player-4755-0178F416,0000000000000000,100,100,0,0,0,-1,0,0,0,-38.44,-216.48,0,3.1130,67,20,20,20,0,nil
4/28 18:49:52.089  SPELL_AURA_REMOVED,Player-4755-0178F416,"Eltorero-Dreadmist",0x514,0x0,Player-4755-0178F416,"Eltorero-Dreadmist",0x514,0x0,23888,"Bloodthirst",0x1,BUFF
4/28 18:49:52.089  SPELL_AURA_APPLIED_DOSE,Player-4755-01802FE5,"Angrybat-Dreadmist",0x514,0x0,Creature-0-4457-249-1045-10184-000028665C,"Onyxia",0x10a48,0x0,12579,"Winter's Chill",0x10,DEBUFF,5
4/28 18:49:52.089  SWING_DAMAGE_LANDED,Pet-0-4457-249-1045-9622-02002CD5BC,"Bokito",0x1114,0x0,Creature-0-4457-249-1045-10184-000028665C,"Onyxia",0x10a48,0x0,Creature-0-4457-249-1045-10184-000028665C,0000000000000000,60,100,0,0,0,-1,0,0,0,-58.44,-216.23,0,3.1416,63,173,218,-1,1,0,0,0,nil,nil,nil
4/28 18:49:52.089  SPELL_DAMAGE,Player-4755-0210153A,"Hapuseneb-Dreadmist",0x514,0x0,Creature-0-4457-249-1045-10184-000028665C,"Onyxia",0x10a48,0x0,10934,"Smite",0x2,Creature-0-4457-249-1045-10184-000028665C,0000000000000000,60,100,0,0,0,-1,0,0,0,-58.44,-216.23,0,3.1416,63,463,463,-1,2,0,0,0,nil,nil,nil
4/28 18:49:52.089  SWING_DAMAGE_LANDED,Pet-0-4457-249-1045-2850-01001956F9,"Kratos",0x1114,0x0,Creature-0-4457-249-1045-10184-000028665C,"Onyxia",0x10a48,0x0,Creature-0-4457-249-1045-10184-000028665C,0000000000000000,60,100,0,0,0,-1,0,0,0,-58.44,-216.23,0,3.1416,63,62,118,-1,1,0,0,0,nil,1,nil
4/28 18:49:52.089  SPELL_ENERGIZE,Player-4755-01614AC7,"Mirrimazduur-Dreadmist",0x512,0x0,Player-4755-01614AC7,"Mirrimazduur-Dreadmist",0x512,0x0,31818,"Life Tap",0x20,Player-4755-01614AC7,0000000000000000,67,100,0,0,0,-1,0,0,0,-9.16,-180.53,0,3.5173,68,855.0000,0.0000,0,5098
4/28 18:49:52.132  SPELL_CAST_SUCCESS,Player-4755-0178F416,"Eltorero-Dreadmist",0x514,0x0,Creature-0-4457-249-1045-10184-000028665C,"Onyxia",0x10a48,0x0,7373,"Hamstring",0x1,Player-4755-0178F416,0000000000000000,100,100,0,0,0,-1,0,0,0,-38.85,-216.39,0,3.0934,67
4/28 18:49:52.132  SPELL_AURA_APPLIED,Player-4755-0178F416,"Eltorero-Dreadmist",0x514,0x0,Player-4755-0178F416,"Eltorero-Dreadmist",0x514,0x0,10610,"Windfury Totem",0x8,BUFF
4/28 18:49:52.132  SPELL_EXTRA_ATTACKS,Player-4755-0178F416,"Eltorero-Dreadmist",0x514,0x0,Player-4755-0178F416,"Eltorero-Dreadmist",0x514,0x0,10610,"Windfury Totem",0x8,1
4/28 18:49:52.155  SWING_DAMAGE,Pet-0-4457-249-1045-7432-01002D8BC6,"Cat",0x1114,0x0,Creature-0-4457-249-1045-10184-000028665C,"Onyxia",0x10a48,0x0,Pet-0-4457-249-1045-7432-01002D8BC6,Player-4755-01E83279,100,100,0,0,0,-1,0,0,0,-36.97,-211.38,0,3.3039,70,72,163,-1,1,0,0,0,nil,1,nil
4/28 18:49:52.155  SWING_DAMAGE,Player-4755-0178F416,"Eltorero-Dreadmist",0x514,0x0,Creature-0-4457-249-1045-10184-000028665C,"Onyxia",0x10a48,0x0,Player-4755-0178F416,0000000000000000,100,100,0,0,0,-1,0,0,0,-38.99,-216.39,0,3.0934,67,450,823,-1,1,0,0,0,nil,1,nil
4/28 18:49:52.155  SPELL_CAST_SUCCESS,Player-4755-020BD78D,"Lonehunter-Dreadmist",0x514,0x0,Creature-0-4457-249-1045-10184-000028665C,"Onyxia",0x10a48,0x0,75,"Auto Shot",0x1,Player-4755-020BD78D,0000000000000000,100,100,0,0,0,-1,0,0,0,-5.87,-183.65,0,3.6330,70
4/28 18:49:52.155  SPELL_CAST_SUCCESS,Player-4755-01BC57A3,"Saintis-Dreadmist",0x511,0x0,Creature-0-4457-249-1045-10184-000028665C,"Onyxia",0x10a48,0x0,10934,"Smite",0x2,Player-4755-01BC57A3,0000000000000000,100,100,0,0,0,-1,0,0,0,-22.79,-196.70,0,3.7112,68
4/28 18:49:52.188  SPELL_CAST_START,Player-4755-01BC57A3,"Saintis-Dreadmist",0x511,0x0,0000000000000000,nil,0x80000000,0x80000000,10947,"Mind Blast",0x20
4/28 18:49:52.228  SPELL_DAMAGE,Player-4755-020BD78D,"Lonehunter-Dreadmist",0x514,0x0,Creature-0-4457-249-1045-10184-000028665C,"Onyxia",0x10a48,0x0,14290,"Multi-Shot",0x1,Creature-0-4457-249-1045-10184-000028665C,0000000000000000,60,100,0,0,0,-1,0,0,0,-59.80,-216.21,0,3.0982,63,566,717,-1,1,0,0,0,nil,nil,nil
4/28 18:49:52.246  SPELL_PERIODIC_HEAL,Player-4755-02045EF4,"Necrosini-Dreadmist",0x512,0x0,Player-4755-01FA8D0D,"Roackeru-Dreadmist",0x514,0x0,10929,"Renew",0x2,Player-4755-01FA8D0D,0000000000000000,92,100,0,0,0,-1,0,0,0,-1.32,-196.74,0,3.6835,65,253,253,0,0,nil
4/28 18:49:52.265  SWING_DAMAGE,Player-4755-01637B0A,"Pindle-Dreadmist",0x514,0x0,Creature-0-4457-249-1045-10184-000028665C,"Onyxia",0x10a48,0x0,Player-4755-01637B0A,0000000000000000,100,100,0,0,0,-1,0,0,0,-45.98,-210.20,0,3.8106,65,93,118,-1,1,0,0,0,nil,nil,nil
4/28 18:49:52.284  SWING_MISSED,Player-4755-016DF694,"Ashalan-Dreadmist",0x514,0x0,Creature-0-4457-249-1045-10184-000028665C,"Onyxia",0x10a48,0x0,DODGE,nil
4/28 18:49:52.321  SPELL_PERIODIC_HEAL,Player-4755-01ED7A64,"Sperzieboon-Dreadmist",0x514,0x0,Player-4755-01614AC7,"Mirrimazduur-Dreadmist",0x512,0x0,10929,"Renew",0x2,Player-4755-01614AC7,0000000000000000,74,100,0,0,0,-1,0,0,0,-10.84,-180.42,0,3.5251,68,318,318,0,0,nil
4/28 18:49:52.321  SPELL_DAMAGE,Player-4755-01E83279,"Nlmasters-Dreadmist",0x514,0x8,Creature-0-4457-249-1045-10184-000028665C,"Onyxia",0x10a48,0x0,20904,"Aimed Shot",0x1,Creature-0-4457-249-1045-10184-000028665C,0000000000000000,60,100,0,0,0,-1,0,0,0,-60.65,-216.18,0,3.0982,63,865,1098,-1,1,0,0,0,nil,nil,nil
4/28 18:49:52.376  SWING_DAMAGE,Player-4755-01AC9FD9,"Alexinho-Dreadmist",0x514,0x0,Creature-0-4457-249-1045-10184-000028665C,"Onyxia",0x10a48,0x0,Player-4755-01AC9FD9,0000000000000000,100,100,0,0,0,-1,0,0,0,-34.83,-214.31,0,3.1252,66,111,161,-1,1,0,0,0,nil,1,nil
4/28 18:49:52.376  SPELL_CAST_SUCCESS,Player-4755-0160BD13,"Mafkees-Dreadmist",0x514,0x0,Creature-0-4457-249-1045-10184-000028665C,"Onyxia",0x10a48,0x0,7373,"Hamstring",0x1,Player-4755-0160BD13,0000000000000000,100,100,0,0,0,-1,0,0,0,-43.19,-216.91,0,2.9908,64
4/28 18:49:52.396  SPELL_PERIODIC_HEAL,Player-4755-02045EF4,"Necrosini-Dreadmist",0x512,0x0,Player-4755-01733879,"Hocwar-Dreadmist",0x40514,0x0,10929,"Renew",0x2,Player-4755-01733879,0000000000000000,100,100,0,0,0,-1,0,0,0,-22.24,-219.27,0,2.9630,71,253,253,253,0,nil
4/28 18:49:52.472  SPELL_CAST_SUCCESS,Pet-0-4457-249-1045-7456-03003178E8,"Owl",0x1114,0x0,Creature-0-4457-249-1045-10184-000028665C,"Onyxia",0x10a48,0x0,24579,"Screech",0x1,Pet-0-4457-249-1045-7456-03003178E8,Player-4755-01B60A5F,100,100,0,0,0,-1,0,0,0,-40.56,-214.22,0,3.2386,62
4/28 18:49:52.494  SPELL_AURA_REFRESH,Player-4755-0178F416,"Eltorero-Dreadmist",0x514,0x0,Creature-0-4457-249-1045-10184-000028665C,"Onyxia",0x10a48,0x0,12721,"Deep Wound",0x1,DEBUFF
4/28 18:49:52.494  SPELL_DAMAGE,Player-4755-0178F416,"Eltorero-Dreadmist",0x514,0x0,Creature-0-4457-249-1045-10184-000028665C,"Onyxia",0x10a48,0x0,7373,"Hamstring",0x1,Creature-0-4457-249-1045-10184-000028665C,0000000000000000,60,100,0,0,0,-1,0,0,0,-62.23,-216.11,0,3.0982,63,36,46,-1,1,0,0,0,nil,nil,nil
4/28 18:49:52.494  SWING_DAMAGE_LANDED,Pet-0-4457-249-1045-7432-01002D8BC6,"Cat",0x1114,0x0,Creature-0-4457-249-1045-10184-000028665C,"Onyxia",0x10a48,0x0,Creature-0-4457-249-1045-10184-000028665C,0000000000000000,60,100,0,0,0,-1,0,0,0,-62.23,-216.11,0,3.0982,63,72,163,-1,1,0,0,0,nil,1,nil
4/28 18:49:52.494  SWING_DAMAGE_LANDED,Player-4755-0178F416,"Eltorero-Dreadmist",0x514,0x0,Creature-0-4457-249-1045-10184-000028665C,"Onyxia",0x10a48,0x0,Creature-0-4457-249-1045-10184-000028665C,0000000000000000,60,100,0,0,0,-1,0,0,0,-62.23,-216.11,0,3.0982,63,450,823,-1,1,0,0,0,nil,1,nil
4/28 18:49:52.494  SPELL_DAMAGE,Player-4755-01BC57A3,"Saintis-Dreadmist",0x511,0x0,Creature-0-4457-249-1045-10184-000028665C,"Onyxia",0x10a48,0x0,10934,"Smite",0x2,Creature-0-4457-249-1045-10184-000028665C,0000000000000000,60,100,0,0,0,-1,0,0,0,-62.23,-216.11,0,3.0982,63,460,459,-1,2,0,0,0,nil,nil,nil
4/28 18:49:52.494  SWING_DAMAGE_LANDED,Player-4755-01637B0A,"Pindle-Dreadmist",0x514,0x0,Creature-0-4457-249-1045-10184-000028665C,"Onyxia",0x10a48,0x0,Creature-0-4457-249-1045-10184-000028665C,0000000000000000,60,100,0,0,0,-1,0,0,0,-62.23,-216.11,0,3.0982,63,93,118,-1,1,0,0,0,nil,nil,nil
4/28 18:49:52.494  SWING_DAMAGE_LANDED,Player-4755-01AC9FD9,"Alexinho-Dreadmist",0x514,0x0,Creature-0-4457-249-1045-10184-000028665C,"Onyxia",0x10a48,0x0,Creature-0-4457-249-1045-10184-000028665C,0000000000000000,60,100,0,0,0,-1,0,0,0,-62.23,-216.11,0,3.0982,63,111,161,-1,1,0,0,0,nil,1,nil
4/28 18:49:52.494  SPELL_DAMAGE,Player-4755-0160BD13,"Mafkees-Dreadmist",0x514,0x0,Creature-0-4457-249-1045-10184-000028665C,"Onyxia",0x10a48,0x0,7373,"Hamstring",0x1,Creature-0-4457-249-1045-10184-000028665C,0000000000000000,60,100,0,0,0,-1,0,0,0,-62.23,-216.11,0,3.0982,63,36,45,-1,1,0,0,0,nil,nil,nil
4/28 18:49:52.494  SPELL_DAMAGE,Pet-0-4457-249-1045-7456-03003178E8,"Owl",0x1114,0x0,Creature-0-4457-249-1045-10184-000028665C,"Onyxia",0x10a48,0x0,24579,"Screech",0x1,Creature-0-4457-249-1045-10184-000028665C,0000000000000000,60,100,0,0,0,-1,0,0,0,-62.23,-216.11,0,3.0982,63,29,36,-1,1,0,0,0,nil,nil,nil
4/28 18:49:52.494  SPELL_AURA_APPLIED,Pet-0-4457-249-1045-7456-03003178E8,"Owl",0x1114,0x0,Creature-0-4457-249-1045-10184-000028665C,"Onyxia",0x10a48,0x0,24579,"Screech",0x1,DEBUFF
4/28 18:49:52.494  SPELL_CAST_START,Player-4755-0163DD9D,"Kaspais-Dreadmist",0x514,0x0,0000000000000000,nil,0x80000000,0x80000000,10181,"Frostbolt",0x10
4/28 18:49:52.535  SPELL_CAST_SUCCESS,Player-4755-0220BD00,"Krikoff-Dreadmist",0x40514,0x0,Creature-0-4457-249-1045-10184-000028665C,"Onyxia",0x10a48,0x0,11567,"Heroic Strike",0x1,Player-4755-0220BD00,0000000000000000,100,100,0,0,0,-1,0,0,0,-39.22,-212.74,0,3.4008,68
4/28 18:49:52.553  SPELL_CAST_SUCCESS,Player-4755-021D6506,"Bloodlady-Dreadmist",0x514,0x0,Creature-0-4457-249-1045-10184-000028665C,"Onyxia",0x10a48,0x0,10181,"Frostbolt",0x10,Player-4755-021D6506,0000000000000000,100,100,0,0,0,-1,0,0,0,-35.99,-204.67,0,3.5933,69
4/28 18:49:52.553  SPELL_CAST_START,Player-4755-021D6506,"Bloodlady-Dreadmist",0x514,0x0,0000000000000000,nil,0x80000000,0x80000000,10181,"Frostbolt",0x10
4/28 18:49:52.625  RANGE_DAMAGE,Player-4755-01E83279,"Nlmasters-Dreadmist",0x514,0x8,Creature-0-4457-249-1045-10184-000028665C,"Onyxia",0x10a48,0x0,75,"Auto Shot",0x1,Creature-0-4457-249-1045-10184-000028665C,0000000000000000,60,100,0,0,0,-1,0,0,0,-63.43,-216.06,0,3.0982,63,394,499,-1,1,0,0,0,nil,nil,nil
4/28 18:49:52.718  SPELL_PERIODIC_ENERGIZE,Player-4755-01804B95,"Moymoy-Dreadmist",0x514,0x0,Player-4755-01804B95,"Moymoy-Dreadmist",0x514,0x0,15604,"Second Wind",0x40,Player-4755-01804B95,0000000000000000,100,100,0,0,0,-1,0,0,0,14.50,-181.02,0,3.3808,66,30.0000,0.0000,0,5366
4/28 18:49:52.759  SWING_DAMAGE,Player-4755-01637B0A,"Pindle-Dreadmist",0x514,0x0,Creature-0-4457-249-1045-10184-000028665C,"Onyxia",0x10a48,0x0,Player-4755-01637B0A,0000000000000000,100,100,0,0,0,-1,0,0,0,-49.65,-209.77,0,3.8558,65,388,241,-1,1,0,0,0,1,nil,nil
4/28 18:49:52.759  SPELL_PERIODIC_ENERGIZE,Player-4755-01802FE5,"Angrybat-Dreadmist",0x514,0x0,Player-4755-01802FE5,"Angrybat-Dreadmist",0x514,0x0,18194,"Mana Regeneration",0x1,Player-4755-01802FE5,0000000000000000,100,100,0,0,0,-1,0,0,0,-27.37,-196.97,0,3.6319,66,8.0000,0.0000,0,6033
4/28 18:49:52.778  SPELL_CAST_SUCCESS,Player-4755-01FA8D0D,"Roackeru-Dreadmist",0x514,0x0,0000000000000000,nil,0x80000000,0x80000000,11689,"Life Tap",0x20,Player-4755-01FA8D0D,0000000000000000,79,100,0,0,0,-1,0,0,0,-4.96,-198.45,0,3.5657,65
4/28 18:49:52.835  RANGE_DAMAGE,Player-4755-01B60A5F,"Zurok-Dreadmist",0x514,0x0,Creature-0-4457-249-1045-10184-000028665C,"Onyxia",0x10a48,0x0,75,"Auto Shot",0x1,Creature-0-4457-249-1045-10184-000028665C,0000000000000000,60,100,0,0,0,-1,0,0,0,-65.35,-215.97,0,3.0982,63,346,438,-1,1,0,0,0,nil,nil,nil
4/28 18:49:52.835  SPELL_AURA_APPLIED,Player-4755-01B60A5F,"Zurok-Dreadmist",0x514,0x0,Creature-0-4457-249-1045-10184-000028665C,"Onyxia",0x10a48,0x0,13555,"Serpent Sting",0x8,DEBUFF
4/28 18:49:52.855  SWING_DAMAGE,Pet-0-4457-249-1045-2850-01001956F9,"Kratos",0x1114,0x0,Creature-0-4457-249-1045-10184-000028665C,"Onyxia",0x10a48,0x0,Pet-0-4457-249-1045-2850-01001956F9,Player-4755-0178F576,100,100,0,0,0,-1,0,0,0,-43.91,-213.33,0,3.2728,66,68,117,-1,1,0,0,0,nil,1,nil
4/28 18:49:52.895  SPELL_AURA_REMOVED_DOSE,Player-4755-0178F416,"Eltorero-Dreadmist",0x514,0x0,Player-4755-0178F416,"Eltorero-Dreadmist",0x514,0x0,10610,"Windfury Totem",0x8,BUFF,1
4/28 18:49:52.895  SPELL_AURA_REMOVED_DOSE,Player-4755-0178F416,"Eltorero-Dreadmist",0x514,0x0,Player-4755-0178F416,"Eltorero-Dreadmist",0x514,0x0,12970,"Flurry",0x1,BUFF,2
4/28 18:49:52.895  SPELL_AURA_REMOVED,Player-4755-016DF694,"Ashalan-Dreadmist",0x514,0x0,Player-4755-016DF694,"Ashalan-Dreadmist",0x514,0x0,16280,"Flurry",0x1,BUFF
4/28 18:49:52.895  SPELL_AURA_REMOVED_DOSE,Player-4755-0160BD13,"Mafkees-Dreadmist",0x514,0x0,Player-4755-0160BD13,"Mafkees-Dreadmist",0x514,0x0,23888,"Bloodthirst",0x1,BUFF,1
4/28 18:49:52.895  SPELL_HEAL,Player-4755-0160BD13,"Mafkees-Dreadmist",0x514,0x0,Player-4755-0160BD13,"Mafkees-Dreadmist",0x514,0x0,23891,"Bloodthirst",0x1,Player-4755-0160BD13,0000000000000000,100,100,0,0,0,-1,0,0,0,-47.09,-216.59,0,3.0772,64,20,20,20,0,nil
4/28 18:49:52.895  SPELL_DAMAGE,Player-4755-0220BD00,"Krikoff-Dreadmist",0x40514,0x0,Creature-0-4457-249-1045-10184-000028665C,"Onyxia",0x10a48,0x0,11567,"Heroic Strike",0x1,Creature-0-4457-249-1045-10184-000028665C,0000000000000000,60,100,0,0,0,-1,0,0,0,-65.88,-215.95,0,3.0982,63,424,538,-1,1,0,0,0,nil,nil,nil
4/28 18:49:52.898  SWING_DAMAGE_LANDED,Player-4755-01637B0A,"Pindle-Dreadmist",0x514,0x0,Creature-0-4457-249-1045-10184-000028665C,"Onyxia",0x10a48,0x0,Creature-0-4457-249-1045-10184-000028665C,0000000000000000,60,100,0,0,0,-1,0,0,0,-65.88,-215.95,0,3.0982,63,388,241,-1,1,0,0,0,1,nil,nil
4/28 18:49:52.898  SPELL_ENERGIZE,Player-4755-01FA8D0D,"Roackeru-Dreadmist",0x514,0x0,Player-4755-01FA8D0D,"Roackeru-Dreadmist",0x514,0x0,31818,"Life Tap",0x20,Player-4755-01FA8D0D,0000000000000000,79,100,0,0,0,-1,0,0,0,-5.76,-198.80,0,3.5578,65,836.0000,0.0000,0,6373
4/28 18:49:52.898  SWING_DAMAGE_LANDED,Pet-0-4457-249-1045-2850-01001956F9,"Kratos",0x1114,0x0,Creature-0-4457-249-1045-10184-000028665C,"Onyxia",0x10a48,0x0,Creature-0-4457-249-1045-10184-000028665C,0000000000000000,60,100,0,0,0,-1,0,0,0,-65.88,-215.95,0,3.0982,63,68,117,-1,1,0,0,0,nil,1,nil
4/28 18:49:52.919  SPELL_CAST_START,Player-4755-01E83279,"Nlmasters-Dreadmist",0x514,0x8,0000000000000000,nil,0x80000000,0x80000000,75,"Auto Shot",0x1
4/28 18:49:52.957  SPELL_AURA_REMOVED,Player-4755-01802FE5,"Angrybat-Dreadmist",0x514,0x0,Player-4755-01802FE5,"Angrybat-Dreadmist",0x514,0x0,1953,"Blink",0x40,BUFF
4/28 18:49:52.993  SPELL_AURA_APPLIED,Player-4755-01AC9FD9,"Alexinho-Dreadmist",0x514,0x0,Player-4755-01AC9FD9,"Alexinho-Dreadmist",0x514,0x0,20007,"Holy Strength",0x2,BUFF
4/28 18:49:52.993  SPELL_HEAL,Player-4755-01AC9FD9,"Alexinho-Dreadmist",0x514,0x0,Player-4755-01AC9FD9,"Alexinho-Dreadmist",0x514,0x0,20007,"Holy Strength",0x2,Player-4755-01AC9FD9,0000000000000000,100,100,0,0,0,-1,0,0,0,-39.51,-214.21,0,3.1448,66,91,91,91,0,nil
4/28 18:49:52.993  SWING_DAMAGE,Player-4755-01AC9FD9,"Alexinho-Dreadmist",0x514,0x0,Creature-0-4457-249-1045-10184-000028665C,"Onyxia",0x10a48,0x0,Player-4755-01AC9FD9,0000000000000000,100,100,0,0,0,-1,0,0,0,-39.51,-214.21,0,3.1448,66,244,380,-1,1,0,0,0,nil,1,nil
4/28 18:49:53.108  SPELL_CAST_SUCCESS,Player-4755-01FA8DD8,"Roackerita-Dreadmist",0x514,0x0,Player-4755-01FA8D0D,"Roackeru-Dreadmist",0x514,0x0,2055,"Heal",0x2,Player-4755-01FA8DD8,0000000000000000,100,100,0,0,0,-1,0,0,0,8.47,-177.56,0,3.2909,69
4/28 18:49:53.126  SPELL_CAST_SUCCESS,Player-4755-01E83279,"Nlmasters-Dreadmist",0x514,0x8,Creature-0-4457-249-1045-10184-000028665C,"Onyxia",0x10a48,0x0,75,"Auto Shot",0x1,Player-4755-01E83279,0000000000000000,100,100,0,0,0,-1,0,0,0,-19.47,-187.31,0,3.5896,70
4/28 18:49:53.162  SPELL_CAST_SUCCESS,Player-4755-01617EEE,"Fenix-Dreadmist",0x512,0x0,Player-4755-01614AC7,"Mirrimazduur-Dreadmist",0x512,0x0,10929,"Renew",0x2,Player-4755-01617EEE,0000000000000000,100,100,0,0,0,-1,0,0,0,8.35,-191.98,0,3.6533,66
4/28 18:49:53.201  SPELL_PERIODIC_DAMAGE,Player-4755-01F36B30,"Rectumqeef-Dreadmist",0x514,0x0,Creature-0-4457-249-1045-10184-000028665C,"Onyxia",0x10a48,0x0,11672,"Corruption",0x20,Creature-0-4457-249-1045-10184-000028665C,0000000000000000,60,100,0,0,0,-1,0,0,0,-66.36,-215.93,0,3.0982,63,269,203,-1,32,0,0,0,nil,nil,nil
4/28 18:49:53.278  SPELL_AURA_REMOVED,Player-4755-020BD78D,"Lonehunter-Dreadmist",0x514,0x0,Player-4755-0220BD00,"Krikoff-Dreadmist",0x40514,0x0,20906,"Trueshot Aura",0x40,BUFF
4/28 18:49:53.278  SPELL_AURA_REMOVED,Pet-0-4457-249-1045-416-01001C47E2,"Ababis",0x1114,0x0,Player-4755-0220BD00,"Krikoff-Dreadmist",0x40514,0x0,11767,"Blood Pact",0x20,BUFF
4/28 18:49:53.289  SPELL_MISSED,Player-4755-0178F576,"Atreas-Dreadmist",0x514,0x0,Creature-0-4457-249-1045-10184-000028665C,"Onyxia",0x10a48,0x0,5116,"Concussive Shot",0x40,IMMUNE,nil
4/28 18:49:53.289  SPELL_CAST_SUCCESS,Pet-0-4457-249-1045-7432-01002D8BC6,"Cat",0x1114,0x0,Creature-0-4457-249-1045-10184-000028665C,"Onyxia",0x10a48,0x0,3009,"Claw",0x1,Pet-0-4457-249-1045-7432-01002D8BC6,Player-4755-01E83279,100,100,0,0,0,-1,0,0,0,-46.81,-212.73,0,3.3035,70
4/28 18:49:53.289  SPELL_AURA_REMOVED_DOSE,Player-4755-0220BD00,"Krikoff-Dreadmist",0x40514,0x0,Player-4755-0220BD00,"Krikoff-Dreadmist",0x40514,0x0,23888,"Bloodthirst",0x1,BUFF,2
4/28 18:49:53.289  SPELL_HEAL,Player-4755-0220BD00,"Krikoff-Dreadmist",0x40514,0x0,Player-4755-0220BD00,"Krikoff-Dreadmist",0x40514,0x0,23891,"Bloodthirst",0x1,Player-4755-0220BD00,0000000000000000,100,100,0,0,0,-1,0,0,0,-44.89,-213.65,0,3.1455,68,20,20,20,0,nil
4/28 18:49:53.289  SWING_DAMAGE_LANDED,Player-4755-01AC9FD9,"Alexinho-Dreadmist",0x514,0x0,Creature-0-4457-249-1045-10184-000028665C,"Onyxia",0x10a48,0x0,Creature-0-4457-249-1045-10184-000028665C,0000000000000000,60,100,0,0,0,-1,0,0,0,-66.36,-215.93,0,3.0982,63,244,380,-1,1,0,0,0,nil,1,nil
4/28 18:49:53.304  SPELL_HEAL,Player-4755-01FA8DD8,"Roackerita-Dreadmist",0x514,0x0,Player-4755-01FA8D0D,"Roackeru-Dreadmist",0x514,0x0,2055,"Heal",0x2,Player-4755-01FA8D0D,0000000000000000,100,100,0,0,0,-1,0,0,0,-8.55,-200.03,0,3.5578,65,1146,1146,15,0,nil
4/28 18:49:53.304  SPELL_AURA_REMOVED,Player-4755-01ED7A64,"Sperzieboon-Dreadmist",0x514,0x0,Player-4755-01614AC7,"Mirrimazduur-Dreadmist",0x512,0x0,10929,"Renew",0x2,BUFF
4/28 18:49:53.304  SPELL_AURA_APPLIED,Player-4755-01617EEE,"Fenix-Dreadmist",0x512,0x0,Player-4755-01614AC7,"Mirrimazduur-Dreadmist",0x512,0x0,10929,"Renew",0x2,BUFF
4/28 18:49:53.304  SPELL_DAMAGE,Pet-0-4457-249-1045-7432-01002D8BC6,"Cat",0x1114,0x0,Creature-0-4457-249-1045-10184-000028665C,"Onyxia",0x10a48,0x0,3009,"Claw",0x1,Creature-0-4457-249-1045-10184-000028665C,0000000000000000,60,100,0,0,0,-1,0,0,0,-66.36,-215.93,0,3.0982,63,96,121,-1,1,0,0,0,nil,nil,nil
4/28 18:49:53.304  SWING_DAMAGE,Pet-0-4457-249-1045-7432-01002D8BC6,"Cat",0x1114,0x0,Creature-0-4457-249-1045-10184-000028665C,"Onyxia",0x10a48,0x0,Pet-0-4457-249-1045-7432-01002D8BC6,Player-4755-01E83279,100,100,0,0,0,-1,0,0,0,-46.81,-212.73,0,3.3035,70,72,148,-1,1,0,0,0,nil,1,nil
4/28 18:49:53.326  SWING_DAMAGE,Pet-0-4457-249-1045-7456-03003178E8,"Owl",0x1114,0x0,Creature-0-4457-249-1045-10184-000028665C,"Onyxia",0x10a48,0x0,Pet-0-4457-249-1045-7456-03003178E8,Player-4755-01B60A5F,100,100,0,0,0,-1,0,0,0,-47.94,-214.61,0,3.2130,62,99,125,-1,1,0,0,0,nil,nil,nil
4/28 18:49:53.326  SPELL_CAST_SUCCESS,Player-4755-01F36B30,"Rectumqeef-Dreadmist",0x514,0x0,Creature-0-4457-249-1045-10184-000028665C,"Onyxia",0x10a48,0x0,11661,"Shadow Bolt",0x20,Player-4755-01F36B30,0000000000000000,100,100,0,0,0,-1,0,0,0,-9.02,-196.69,0,3.6681,66
4/28 18:49:53.326  SPELL_CAST_START,Player-4755-01F36B30,"Rectumqeef-Dreadmist",0x514,0x0,0000000000000000,nil,0x80000000,0x80000000,11661,"Shadow Bolt",0x20
4/28 18:49:53.345  SWING_MISSED,Player-4755-01637B0A,"Pindle-Dreadmist",0x514,0x0,Creature-0-4457-249-1045-10184-000028665C,"Onyxia",0x10a48,0x0,MISS,1
4/28 18:49:53.363  SPELL_AURA_APPLIED,Player-4755-01733879,"Hocwar-Dreadmist",0x40514,0x0,Player-4755-01733879,"Hocwar-Dreadmist",0x40514,0x0,11551,"Battle Shout",0x1,BUFF
4/28 18:49:53.363  SPELL_CAST_SUCCESS,Player-4755-01733879,"Hocwar-Dreadmist",0x40514,0x0,0000000000000000,nil,0x80000000,0x80000000,11551,"Battle Shout",0x1,Player-4755-01733879,0000000000000000,100,100,0,0,0,-1,0,0,0,-29.44,-218.02,0,2.9866,71
4/28 18:49:53.453  SPELL_CAST_START,Player-4755-01802FE5,"Angrybat-Dreadmist",0x514,0x0,0000000000000000,nil,0x80000000,0x80000000,10181,"Frostbolt",0x10
4/28 18:49:53.529  SWING_DAMAGE,Player-4755-01AC9FD9,"Alexinho-Dreadmist",0x514,0x0,Creature-0-4457-249-1045-10184-000028665C,"Onyxia",0x10a48,0x0,Player-4755-01AC9FD9,0000000000000000,100,100,0,0,0,-1,0,0,0,-43.51,-214.20,0,3.1920,66,152,193,-1,1,0,0,0,nil,nil,nil
4/28 18:49:53.529  SPELL_PERIODIC_DAMAGE,Player-4755-01614AC7,"Mirrimazduur-Dreadmist",0x512,0x0,Creature-0-4457-249-1045-10184-000028665C,"Onyxia",0x10a48,0x0,11672,"Corruption",0x20,Creature-0-4457-249-1045-10184-000028665C,0000000000000000,60,100,0,0,0,-1,0,0,0,-66.36,-215.93,0,3.0982,63,249,188,-1,32,0,0,0,nil,nil,nil
4/28 18:49:53.548  SPELL_CAST_SUCCESS,Player-4755-01614AC7,"Mirrimazduur-Dreadmist",0x512,0x0,0000000000000000,nil,0x80000000,0x80000000,11689,"Life Tap",0x20,Player-4755-01614AC7,0000000000000000,58,100,0,0,0,-1,0,0,0,-17.83,-181.92,0,3.6194,68
4/28 18:49:53.566  SPELL_DAMAGE,Player-4755-021D6506,"Bloodlady-Dreadmist",0x514,0x0,Creature-0-4457-249-1045-10184-000028665C,"Onyxia",0x10a48,0x0,10181,"Frostbolt",0x10,Creature-0-4457-249-1045-10184-000028665C,0000000000000000,60,100,0,0,0,-1,0,0,0,-66.36,-215.93,0,3.0982,63,1291,1173,-1,16,0,0,0,nil,nil,nil
4/28 18:49:53.617  SPELL_PERIODIC_ENERGIZE,Creature-0-4457-249-1045-7416-0000286CBA,"Mana Spring Totem IV",0x2114,0x0,Player-4755-01804B95,"Moymoy-Dreadmist",0x514,0x0,10494,"Mana Spring",0x8,Player-4755-01804B95,0000000000000000,100,100,0,0,0,-1,0,0,0,14.50,-181.02,0,3.3808,66,13.0000,0.0000,0,5366
4/28 18:49:53.617  SPELL_PERIODIC_ENERGIZE,Creature-0-4457-249-1045-7416-0000286CBA,"Mana Spring Totem IV",0x2114,0x0,Player-4755-01ED7A64,"Sperzieboon-Dreadmist",0x514,0x0,10494,"Mana Spring",0x8,Player-4755-01ED7A64,0000000000000000,100,100,0,0,0,-1,0,0,0,-16.09,-186.68,0,3.4358,67,13.0000,0.0000,0,7261
4/28 18:49:53.617  SPELL_PERIODIC_ENERGIZE,Creature-0-4457-249-1045-7416-0000286CBA,"Mana Spring Totem IV",0x2114,0x0,Player-4755-015FEBD5,"Sauvage-Dreadmist",0x514,0x0,10494,"Mana Spring",0x8,Player-4755-015FEBD5,0000000000000000,100,100,0,0,0,-1,0,0,0,-13.34,-193.39,0,3.4934,64,13.0000,0.0000,0,6158
4/28 18:49:53.617  SPELL_PERIODIC_ENERGIZE,Creature-0-4457-249-1045-7416-0000286CBA,"Mana Spring Totem IV",0x2114,0x0,Player-4755-01FA8DD8,"Roackerita-Dreadmist",0x514,0x0,10494,"Mana Spring",0x8,Player-4755-01FA8DD8,0000000000000000,100,100,0,0,0,-1,0,0,0,6.88,-177.80,0,3.2909,69,13.0000,0.0000,0,6736
4/28 18:49:53.617  SPELL_PERIODIC_DAMAGE,Player-4755-01FA8D0D,"Roackeru-Dreadmist",0x514,0x0,Creature-0-4457-249-1045-10184-000028665C,"Onyxia",0x10a48,0x0,11713,"Curse of Agony",0x20,Creature-0-4457-249-1045-10184-000028665C,0000000000000000,60,100,0,0,0,-1,0,0,0,-66.36,-215.93,0,3.0982,63,109,82,-1,32,0,0,0,nil,nil,nil
4/28 18:49:53.635  SPELL_AURA_REMOVED,Player-4755-0178F416,"Eltorero-Dreadmist",0x514,0x0,Player-4755-0178F416,"Eltorero-Dreadmist",0x514,0x0,10610,"Windfury Totem",0x8,BUFF
4/28 18:49:53.692  SPELL_ENERGIZE,Player-4755-0220BD00,"Krikoff-Dreadmist",0x40514,0x0,Player-4755-0220BD00,"Krikoff-Dreadmist",0x40514,0x0,12964,"Unbridled Wrath",0x1,Player-4755-0220BD00,0000000000000000,100,100,0,0,0,-1,0,0,0,-47.87,-213.94,0,3.1534,68,1.0000,0.0000,1,1000
4/28 18:49:53.692  SWING_DAMAGE_LANDED,Pet-0-4457-249-1045-7432-01002D8BC6,"Cat",0x1114,0x0,Creature-0-4457-249-1045-10184-000028665C,"Onyxia",0x10a48,0x0,Creature-0-4457-249-1045-10184-000028665C,0000000000000000,60,100,0,0,0,-1,0,0,0,-66.36,-215.93,0,3.0982,63,72,148,-1,1,0,0,0,nil,1,nil
4/28 18:49:53.692  SWING_DAMAGE_LANDED,Pet-0-4457-249-1045-7456-03003178E8,"Owl",0x1114,0x0,Creature-0-4457-249-1045-10184-000028665C,"Onyxia",0x10a48,0x0,Creature-0-4457-249-1045-10184-000028665C,0000000000000000,60,100,0,0,0,-1,0,0,0,-66.36,-215.93,0,3.0982,63,99,125,-1,1,0,0,0,nil,nil,nil
4/28 18:49:53.692  SPELL_AURA_APPLIED,Player-4755-01733879,"Hocwar-Dreadmist",0x40514,0x0,Pet-0-4457-249-1045-7456-03003178E8,"Owl",0x1114,0x0,11551,"Battle Shout",0x1,BUFF
4/28 18:49:53.692  SPELL_AURA_APPLIED,Player-4755-01733879,"Hocwar-Dreadmist",0x40514,0x0,Player-4755-016DF694,"Ashalan-Dreadmist",0x514,0x0,11551,"Battle Shout",0x1,BUFF
4/28 18:49:53.692  SPELL_AURA_APPLIED,Player-4755-01733879,"Hocwar-Dreadmist",0x40514,0x0,Player-4755-01802FE5,"Angrybat-Dreadmist",0x514,0x0,11551,"Battle Shout",0x1,BUFF
4/28 18:49:53.692  SWING_DAMAGE_LANDED,Player-4755-01AC9FD9,"Alexinho-Dreadmist",0x514,0x0,Creature-0-4457-249-1045-10184-000028665C,"Onyxia",0x10a48,0x0,Creature-0-4457-249-1045-10184-000028665C,0000000000000000,60,100,0,0,0,-1,0,0,0,-66.36,-215.93,0,3.0982,63,152,193,-1,1,0,0,0,nil,nil,nil
4/28 18:49:53.694  SPELL_ENERGIZE,Player-4755-01614AC7,"Mirrimazduur-Dreadmist",0x512,0x0,Player-4755-01614AC7,"Mirrimazduur-Dreadmist",0x512,0x0,31818,"Life Tap",0x20,Player-4755-01614AC7,0000000000000000,58,100,0,0,0,-1,0,0,0,-18.78,-182.42,0,3.6194,68,856.0000,0.0000,0,5098
4/28 18:49:53.694  SPELL_CAST_SUCCESS,Player-4755-01BC57A3,"Saintis-Dreadmist",0x511,0x0,Creature-0-4457-249-1045-10184-000028665C,"Onyxia",0x10a48,0x0,10947,"Mind Blast",0x20,Player-4755-01BC57A3,0000000000000000,100,100,0,0,0,-1,0,0,0,-22.79,-196.70,0,3.7112,68
4/28 18:49:53.694  RANGE_DAMAGE,Player-4755-020BD78D,"Lonehunter-Dreadmist",0x514,0x0,Creature-0-4457-249-1045-10184-000028665C,"Onyxia",0x10a48,0x0,75,"Auto Shot",0x1,Creature-0-4457-249-1045-10184-000028665C,0000000000000000,60,100,0,0,0,-1,0,0,0,-66.36,-215.93,0,3.0982,63,374,475,-1,1,0,0,0,nil,nil,nil
4/28 18:49:53.720  SPELL_PERIODIC_ENERGIZE,Player-4755-01804B95,"Moymoy-Dreadmist",0x514,0x0,Player-4755-01804B95,"Moymoy-Dreadmist",0x514,0x0,15604,"Second Wind",0x40,Player-4755-01804B95,0000000000000000,100,100,0,0,0,-1,0,0,0,14.50,-181.02,0,3.3808,66,30.0000,0.0000,0,5366
4/28 18:49:53.764  SPELL_PERIODIC_ENERGIZE,Creature-0-4457-249-1045-7416-0000286C87,"Mana Spring Totem IV",0x2114,0x0,Player-4755-016296D3,"Nivl-Dreadmist",0x514,0x0,10494,"Mana Spring",0x8,Player-4755-016296D3,0000000000000000,100,100,0,0,0,-1,0,0,0,-13.24,-186.11,0,3.5070,69,10.0000,0.0000,0,5845
4/28 18:49:53.764  SPELL_PERIODIC_ENERGIZE,Creature-0-4457-249-1045-7416-0000286C87,"Mana Spring Totem IV",0x2114,0x0,Player-4755-0178F576,"Atreas-Dreadmist",0x514,0x0,10494,"Mana Spring",0x8,Player-4755-0178F576,0000000000000000,100,100,0,0,0,-1,0,0,0,-21.69,-187.89,0,3.5266,66,10.0000,0.0000,0,3765
4/28 18:49:53.783  SWING_DAMAGE,Pet-0-4457-249-1045-9622-02002CD5BC,"Bokito",0x1114,0x0,Creature-0-4457-249-1045-10184-000028665C,"Onyxia",0x10a48,0x0,Pet-0-4457-249-1045-9622-02002CD5BC,Player-4755-020BD78D,100,100,0,0,0,-1,0,0,0,-48.47,-212.87,0,3.1936,70,153,194,-1,1,0,0,0,nil,nil,nil
4/28 18:49:53.800  SPELL_AURA_REMOVED,Player-4755-0220BD00,"Krikoff-Dreadmist",0x40514,0x0,Player-4755-0220BD00,"Krikoff-Dreadmist",0x40514,0x0,20007,"Holy Strength",0x2,BUFF
4/28 18:49:53.819  SWING_DAMAGE,Player-4755-0220BD00,"Krikoff-Dreadmist",0x40514,0x0,Creature-0-4457-249-1045-10184-000028665C,"Onyxia",0x10a48,0x0,Player-4755-0220BD00,0000000000000000,100,100,0,0,0,-1,0,0,0,-48.83,-213.95,0,3.1534,68,138,215,-1,1,0,0,0,nil,1,nil
4/28 18:49:53.819  SPELL_CAST_SUCCESS,Player-4755-0210153A,"Hapuseneb-Dreadmist",0x514,0x0,Creature-0-4457-249-1045-10184-000028665C,"Onyxia",0x10a48,0x0,10934,"Smite",0x2,Player-4755-0210153A,0000000000000000,100,100,0,0,0,-1,0,0,0,-14.18,-206.54,0,3.5146,66
4/28 18:49:53.819  SPELL_CAST_START,Player-4755-0210153A,"Hapuseneb-Dreadmist",0x514,0x0,0000000000000000,nil,0x80000000,0x80000000,10934,"Smite",0x2
4/28 18:49:53.856  SPELL_AURA_APPLIED,Player-4755-0160BD13,"Mafkees-Dreadmist",0x514,0x0,Player-4755-0160BD13,"Mafkees-Dreadmist",0x514,0x0,10610,"Windfury Totem",0x8,BUFF
4/28 18:49:53.856  SPELL_EXTRA_ATTACKS,Player-4755-0160BD13,"Mafkees-Dreadmist",0x514,0x0,Player-4755-0160BD13,"Mafkees-Dreadmist",0x514,0x0,10610,"Windfury Totem",0x8,1
4/28 18:49:53.856  SWING_DAMAGE,Player-4755-0160BD13,"Mafkees-Dreadmist",0x514,0x0,Creature-0-4457-249-1045-10184-000028665C,"Onyxia",0x10a48,0x0,Player-4755-0160BD13,0000000000000000,100,100,0,0,0,-1,0,0,0,-54.37,-216.25,0,3.0693,64,438,618,-1,1,0,0,0,nil,1,nil
4/28 18:49:53.881  SWING_DAMAGE,Pet-0-4457-249-1045-2850-01001956F9,"Kratos",0x1114,0x0,Creature-0-4457-249-1045-10184-000028665C,"Onyxia",0x10a48,0x0,Pet-0-4457-249-1045-2850-01001956F9,Player-4755-0178F576,100,100,0,0,0,-1,0,0,0,-47.54,-213.64,0,3.2626,66,100,126,-1,1,0,0,0,nil,nil,nil
4/28 18:49:53.881  SPELL_CAST_SUCCESS,Player-4755-016DF694,"Ashalan-Dreadmist",0x514,0x0,Creature-0-4457-249-1045-10184-000028665C,"Onyxia",0x10a48,0x0,10473,"Frost Shock",0x10,Player-4755-016DF694,0000000000000000,100,100,0,0,0,-1,0,0,0,-47.99,-214.58,0,3.0411,67
4/28 18:49:53.882  SWING_DAMAGE,Player-4755-0160BD13,"Mafkees-Dreadmist",0x514,0x0,Creature-0-4457-249-1045-10184-000028665C,"Onyxia",0x10a48,0x0,Player-4755-0160BD13,0000000000000000,100,100,0,0,0,-1,0,0,0,-54.50,-216.25,0,3.1950,64,434,640,-1,1,0,0,0,nil,1,nil
4/28 18:49:53.882  SPELL_DAMAGE,Player-4755-01802FE5,"Angrybat-Dreadmist",0x514,0x0,Creature-0-4457-249-1045-10184-000028665C,"Onyxia",0x10a48,0x0,10181,"Frostbolt",0x10,Creature-0-4457-249-1045-10184-000028665C,0000000000000000,60,100,0,0,0,-1,0,0,0,-66.36,-215.93,0,3.0982,63,1162,1056,-1,16,0,0,0,nil,nil,nil
4/28 18:49:53.882  SPELL_MISSED,Player-4755-01F36B30,"Rectumqeef-Dreadmist",0x514,0x0,Creature-0-4457-249-1045-10184-000028665C,"Onyxia",0x10a48,0x0,11661,"Shadow Bolt",0x20,RESIST,nil,0
4/28 18:49:53.969  SPELL_CAST_SUCCESS,Player-4755-0160BD13,"Mafkees-Dreadmist",0x514,0x0,0000000000000000,nil,0x80000000,0x80000000,1680,"Whirlwind",0x1,Player-4755-0160BD13,0000000000000000,100,100,0,0,0,-1,0,0,0,-55.21,-216.29,0,3.1950,64
4/28 18:49:54.021  SPELL_CAST_START,Player-4755-01B60A5F,"Zurok-Dreadmist",0x514,0x0,0000000000000000,nil,0x80000000,0x80000000,75,"Auto Shot",0x1
4/28 18:49:54.021  SPELL_PERIODIC_DAMAGE,Player-4755-0210153A,"Hapuseneb-Dreadmist",0x514,0x0,Creature-0-4457-249-1045-10184-000028665C,"Onyxia",0x10a48,0x0,10893,"Shadow Word: Pain",0x20,Creature-0-4457-249-1045-10184-000028665C,0000000000000000,60,100,0,0,0,-1,0,0,0,-66.36,-215.93,0,3.0982,63,168,127,-1,32,0,0,0,nil,nil,nil
4/28 18:49:54.098  SPELL_AURA_REMOVED_DOSE,Player-4755-01614AC7,"Mirrimazduur-Dreadmist",0x512,0x0,Creature-0-4457-249-1045-10184-000028665C,"Onyxia",0x10a48,0x0,17800,"Shadow Vulnerability",0x20,DEBUFF,2
4/28 18:49:54.098  SPELL_DAMAGE,Player-4755-01BC57A3,"Saintis-Dreadmist",0x511,0x0,Creature-0-4457-249-1045-10184-000028665C,"Onyxia",0x10a48,0x0,10947,"Mind Blast",0x20,Creature-0-4457-249-1045-10184-000028665C,0000000000000000,60,100,0,0,0,-1,0,0,0,-66.36,-215.93,0,6.2483,63,753,570,-1,32,0,0,0,nil,nil,nil
4/28 18:49:54.098  SWING_DAMAGE_LANDED,Pet-0-4457-249-1045-9622-02002CD5BC,"Bokito",0x1114,0x0,Creature-0-4457-249-1045-10184-000028665C,"Onyxia",0x10a48,0x0,Creature-0-4457-249-1045-10184-000028665C,0000000000000000,60,100,0,0,0,-1,0,0,0,-66.36,-215.93,0,6.2483,63,153,194,-1,1,0,0,0,nil,nil,nil
4/28 18:49:54.098  SWING_DAMAGE_LANDED,Player-4755-0220BD00,"Krikoff-Dreadmist",0x40514,0x0,Creature-0-4457-249-1045-10184-000028665C,"Onyxia",0x10a48,0x0,Creature-0-4457-249-1045-10184-000028665C,0000000000000000,59,100,0,0,0,-1,0,0,0,-66.36,-215.93,0,6.2483,63,138,215,-1,1,0,0,0,nil,1,nil
4/28 18:49:54.098  SPELL_DAMAGE,Player-4755-0210153A,"Hapuseneb-Dreadmist",0x514,0x0,Creature-0-4457-249-1045-10184-000028665C,"Onyxia",0x10a48,0x0,10934,"Smite",0x2,Creature-0-4457-249-1045-10184-000028665C,0000000000000000,59,100,0,0,0,-1,0,0,0,-66.36,-215.93,0,6.2483,63,493,493,-1,2,0,0,0,nil,nil,nil
4/28 18:49:54.098  SWING_DAMAGE_LANDED,Player-4755-0160BD13,"Mafkees-Dreadmist",0x514,0x0,Creature-0-4457-249-1045-10184-000028665C,"Onyxia",0x10a48,0x0,Creature-0-4457-249-1045-10184-000028665C,0000000000000000,59,100,0,0,0,-1,0,0,0,-66.36,-215.93,0,6.2483,63,438,618,-1,1,0,0,0,nil,1,nil
4/28 18:49:54.098  SPELL_DAMAGE,Player-4755-0160BD13,"Mafkees-Dreadmist",0x514,0x0,Creature-0-4457-249-1045-10184-000028665C,"Onyxia",0x10a48,0x0,21140,"Fatal Wound",0x1,Creature-0-4457-249-1045-10184-000028665C,0000000000000000,59,100,0,0,0,-1,0,0,0,-66.36,-215.93,0,6.2483,63,193,244,-1,1,0,0,0,nil,nil,nil
4/28 18:49:54.098  SWING_DAMAGE_LANDED,Pet-0-4457-249-1045-2850-01001956F9,"Kratos",0x1114,0x0,Creature-0-4457-249-1045-10184-000028665C,"Onyxia",0x10a48,0x0,Creature-0-4457-249-1045-10184-000028665C,0000000000000000,59,100,0,0,0,-1,0,0,0,-66.36,-215.93,0,6.2483,63,100,126,-1,1,0,0,0,nil,nil,nil
4/28 18:49:54.098  SPELL_DAMAGE,Player-4755-016DF694,"Ashalan-Dreadmist",0x514,0x0,Creature-0-4457-249-1045-10184-000028665C,"Onyxia",0x10a48,0x0,10473,"Frost Shock",0x10,Creature-0-4457-249-1045-10184-000028665C,0000000000000000,59,100,0,0,0,-1,0,0,0,-66.36,-215.93,0,6.2483,63,907,549,-1,16,0,0,0,1,nil,nil
4/28 18:49:54.098  SWING_DAMAGE_LANDED,Player-4755-0160BD13,"Mafkees-Dreadmist",0x514,0x0,Creature-0-4457-249-1045-10184-000028665C,"Onyxia",0x10a48,0x0,Creature-0-4457-249-1045-10184-000028665C,0000000000000000,59,100,0,0,0,-1,0,0,0,-66.36,-215.93,0,6.2483,63,434,640,-1,1,0,0,0,nil,1,nil
4/28 18:49:54.098  SPELL_DAMAGE,Player-4755-0160BD13,"Mafkees-Dreadmist",0x514,0x0,Creature-0-4457-249-1045-10184-000028665C,"Onyxia",0x10a48,0x0,1680,"Whirlwind",0x1,Creature-0-4457-249-1045-10184-000028665C,0000000000000000,59,100,0,0,0,-1,0,0,0,-66.36,-215.93,0,6.2483,63,485,615,-1,1,0,0,0,nil,nil,nil
4/28 18:49:54.098  SPELL_PERIODIC_ENERGIZE,Player-4755-01BC57A3,"Saintis-Dreadmist",0x511,0x0,Player-4755-01BC57A3,"Saintis-Dreadmist",0x511,0x0,18194,"Mana Regeneration",0x1,Player-4755-01BC57A3,0000000000000000,100,100,0,0,0,-1,0,0,0,-22.79,-196.70,0,3.7112,68,8.0000,0.0000,0,7212
4/28 18:49:54.138  SWING_MISSED,Player-4755-01637B0A,"Pindle-Dreadmist",0x514,0x0,Creature-0-4457-249-1045-10184-000028665C,"Onyxia",0x10a48,0x0,PARRY,nil
4/28 18:49:54.173  SPELL_CAST_START,Player-4755-01E83279,"Nlmasters-Dreadmist",0x514,0x8,0000000000000000,nil,0x80000000,0x80000000,75,"Auto Shot",0x1
4/28 18:49:54.224  SPELL_CAST_SUCCESS,Player-4755-01840577,"Raggèn-Dreadmist",0x514,0x0,Creature-0-4457-249-1045-10184-000028665C,"Onyxia",0x10a48,0x0,10473,"Frost Shock",0x10,Player-4755-01840577,0000000000000000,100,100,0,0,0,-1,0,0,0,-49.50,-213.12,0,3.1369,67
4/28 18:49:54.242  SPELL_CAST_START,Player-4755-020BD78D,"Lonehunter-Dreadmist",0x514,0x0,0000000000000000,nil,0x80000000,0x80000000,75,"Auto Shot",0x1
4/28 18:49:54.261  SPELL_AURA_REMOVED,Player-4755-01A6B139,"Sakatan-Dreadmist",0x514,0x0,Player-4755-01A6B139,"Sakatan-Dreadmist",0x514,0x0,20007,"Holy Strength",0x2,BUFF
4/28 18:49:54.279  SPELL_PERIODIC_DAMAGE,Player-4755-01FA8D0D,"Roackeru-Dreadmist",0x514,0x0,Creature-0-4457-249-1045-10184-000028665C,"Onyxia",0x10a48,0x0,11672,"Corruption",0x20,Creature-0-4457-249-1045-10184-000028665C,0000000000000000,59,100,0,0,0,-1,0,0,0,-66.36,-215.93,0,6.2483,63,64,192,-1,32,145,0,0,nil,nil,nil
4/28 18:49:54.329  SWING_DAMAGE,Player-4755-01840577,"Raggèn-Dreadmist",0x514,0x0,Creature-0-4457-249-1045-10184-000028665C,"Onyxia",0x10a48,0x0,Player-4755-01840577,0000000000000000,100,100,0,0,0,-1,0,0,0,-50.25,-213.12,0,3.1369,67,416,529,-1,1,0,0,0,nil,nil,nil
4/28 18:49:54.402  SPELL_CAST_SUCCESS,Player-4755-01E83279,"Nlmasters-Dreadmist",0x514,0x8,Creature-0-4457-249-1045-10184-000028665C,"Onyxia",0x10a48,0x0,75,"Auto Shot",0x1,Player-4755-01E83279,0000000000000000,100,100,0,0,0,-1,0,0,0,-21.61,-188.34,0,3.5896,70
4/28 18:49:54.419  SWING_DAMAGE,Player-4755-01637B0A,"Pindle-Dreadmist",0x514,0x0,Creature-0-4457-249-1045-10184-000028665C,"Onyxia",0x10a48,0x0,Player-4755-01637B0A,0000000000000000,100,100,0,0,0,-1,0,0,0,-61.67,-208.11,0,4.0580,65,185,114,-1,1,0,0,0,1,nil,nil
4/28 18:49:54.419  SPELL_CAST_SUCCESS,Player-4755-021D6506,"Bloodlady-Dreadmist",0x514,0x0,Creature-0-4457-249-1045-10184-000028665C,"Onyxia",0x10a48,0x0,10181,"Frostbolt",0x10,Player-4755-021D6506,0000000000000000,100,100,0,0,0,-1,0,0,0,-35.99,-204.67,0,3.4990,69
4/28 18:49:54.419  SPELL_CAST_START,Player-4755-021D6506,"Bloodlady-Dreadmist",0x514,0x0,0000000000000000,nil,0x80000000,0x80000000,10181,"Frostbolt",0x10
4/28 18:49:54.454  SWING_MISSED,Pet-0-4457-249-1045-7432-01002D8BC6,"Cat",0x1114,0x0,Creature-0-4457-249-1045-10184-000028665C,"Onyxia",0x10a48,0x0,PARRY,nil
4/28 18:49:54.454  SPELL_CAST_SUCCESS,Player-4755-01B60A5F,"Zurok-Dreadmist",0x514,0x0,Creature-0-4457-249-1045-10184-000028665C,"Onyxia",0x10a48,0x0,75,"Auto Shot",0x1,Player-4755-01B60A5F,0000000000000000,100,100,0,0,0,-1,0,0,0,-14.22,-204.35,0,3.5010,62
4/28 18:49:54.454  SPELL_CAST_START,Player-4755-01B60A5F,"Zurok-Dreadmist",0x514,0x0,0000000000000000,nil,0x80000000,0x80000000,14290,"Multi-Shot",0x1
4/28 18:49:54.492  SPELL_CAST_SUCCESS,Player-4755-01804B95,"Moymoy-Dreadmist",0x514,0x0,Player-4755-01614AC7,"Mirrimazduur-Dreadmist",0x512,0x0,939,"Healing Wave",0x8,Player-4755-01804B95,0000000000000000,100,100,0,0,0,-1,0,0,0,14.50,-181.02,0,3.3808,66
4/28 18:49:54.492  SPELL_MISSED,Player-4755-01614AC7,"Mirrimazduur-Dreadmist",0x512,0x0,Creature-0-4457-249-1045-10184-000028665C,"Onyxia",0x10a48,0x0,11661,"Shadow Bolt",0x20,RESIST,nil,0
4/28 18:49:54.515  SPELL_AURA_REMOVED_DOSE,Player-4755-0220BD00,"Krikoff-Dreadmist",0x40514,0x0,Player-4755-0220BD00,"Krikoff-Dreadmist",0x40514,0x0,23888,"Bloodthirst",0x1,BUFF,1
4/28 18:49:54.515  SPELL_HEAL,Player-4755-0220BD00,"Krikoff-Dreadmist",0x40514,0x0,Player-4755-0220BD00,"Krikoff-Dreadmist",0x40514,0x0,23891,"Bloodthirst",0x1,Player-4755-0220BD00,0000000000000000,100,100,0,0,0,-1,0,0,0,-54.07,-214.01,0,3.1534,68,20,20,20,0,nil
4/28 18:49:54.515  SPELL_AURA_REMOVED_DOSE,Player-4755-0160BD13,"Mafkees-Dreadmist",0x514,0x0,Player-4755-0160BD13,"Mafkees-Dreadmist",0x514,0x0,12970,"Flurry",0x1,BUFF,1
4/28 18:49:54.515  SPELL_AURA_REMOVED_DOSE,Player-4755-0160BD13,"Mafkees-Dreadmist",0x514,0x0,Player-4755-0160BD13,"Mafkees-Dreadmist",0x514,0x0,10610,"Windfury Totem",0x8,BUFF,1
4/28 18:49:54.515  SPELL_HEAL,Player-4755-0160BD13,"Mafkees-Dreadmist",0x514,0x0,Player-4755-0160BD13,"Mafkees-Dreadmist",0x514,0x0,23891,"Bloodthirst",0x1,Player-4755-0160BD13,0000000000000000,100,100,0,0,0,-1,0,0,0,-59.18,-216.67,0,3.0693,64,20,20,20,0,nil
4/28 18:49:54.515  SPELL_AURA_REMOVED,Player-4755-0160BD13,"Mafkees-Dreadmist",0x514,0x0,Player-4755-0160BD13,"Mafkees-Dreadmist",0x514,0x0,23888,"Bloodthirst",0x1,BUFF
4/28 18:49:54.515  SPELL_AURA_REMOVED,Player-4755-0160BD13,"Mafkees-Dreadmist",0x514,0x0,Player-4755-0160BD13,"Mafkees-Dreadmist",0x514,0x0,10610,"Windfury Totem",0x8,BUFF
4/28 18:49:54.515  SPELL_AURA_REMOVED,Player-4755-0160BD13,"Mafkees-Dreadmist",0x514,0x0,Player-4755-0160BD13,"Mafkees-Dreadmist",0x514,0x0,12970,"Flurry",0x1,BUFF
4/28 18:49:54.515  SPELL_DAMAGE,Player-4755-01840577,"Raggèn-Dreadmist",0x514,0x0,Creature-0-4457-249-1045-10184-000028665C,"Onyxia",0x10a48,0x0,10473,"Frost Shock",0x10,Creature-0-4457-249-1045-10184-000028665C,0000000000000000,59,100,0,0,0,-1,0,0,0,-66.36,-215.93,0,6.2483,63,573,520,-1,16,0,0,0,nil,nil,nil
4/28 18:49:54.515  SWING_DAMAGE_LANDED,Player-4755-01840577,"Raggèn-Dreadmist",0x514,0x0,Creature-0-4457-249-1045-10184-000028665C,"Onyxia",0x10a48,0x0,Creature-0-4457-249-1045-10184-000028665C,0000000000000000,59,100,0,0,0,-1,0,0,0,-66.36,-215.93,0,6.2483,63,416,529,-1,1,0,0,0,nil,nil,nil
4/28 18:49:54.515  SWING_DAMAGE_LANDED,Player-4755-01637B0A,"Pindle-Dreadmist",0x514,0x0,Creature-0-4457-249-1045-10184-000028665C,"Onyxia",0x10a48,0x0,Creature-0-4457-249-1045-10184-000028665C,0000000000000000,59,100,0,0,0,-1,0,0,0,-66.36,-215.93,0,6.2483,63,185,114,-1,1,0,0,0,1,nil,nil
4/28 18:49:54.515  SPELL_HEAL,Player-4755-01804B95,"Moymoy-Dreadmist",0x514,0x0,Player-4755-01614AC7,"Mirrimazduur-Dreadmist",0x512,0x0,939,"Healing Wave",0x8,Player-4755-01614AC7,0000000000000000,78,100,0,0,0,-1,0,0,0,-18.69,-185.15,0,3.7215,68,855,855,0,0,nil
4/28 18:49:54.515  SPELL_AURA_APPLIED,Player-4755-01804B95,"Moymoy-Dreadmist",0x514,0x0,Player-4755-01614AC7,"Mirrimazduur-Dreadmist",0x512,0x0,29203,"Healing Way",0x2,BUFF
4/28 18:49:54.515  RANGE_DAMAGE,Player-4755-01E83279,"Nlmasters-Dreadmist",0x514,0x8,Creature-0-4457-249-1045-10184-000028665C,"Onyxia",0x10a48,0x0,75,"Auto Shot",0x1,Creature-0-4457-249-1045-10184-000028665C,0000000000000000,59,100,0,0,0,-1,0,0,0,-66.36,-215.93,0,6.2483,63,400,507,-1,1,0,0,0,nil,nil,nil
4/28 18:49:54.530  SPELL_MISSED,Player-4755-015FEBD5,"Sauvage-Dreadmist",0x514,0x0,Creature-0-4457-249-1045-10184-000028665C,"Onyxia",0x10a48,0x0,10181,"Frostbolt",0x10,RESIST,nil,0
4/28 18:49:54.679  SWING_DAMAGE,Player-4755-01AC9FD9,"Alexinho-Dreadmist",0x514,0x0,Creature-0-4457-249-1045-10184-000028665C,"Onyxia",0x10a48,0x0,Player-4755-01AC9FD9,0000000000000000,100,100,0,0,0,-1,0,0,0,-52.22,-214.53,0,3.1213,66,226,354,-1,1,0,0,0,nil,1,nil
4/28 18:49:54.679  SPELL_AURA_APPLIED,Player-4755-015FEBD5,"Sauvage-Dreadmist",0x514,0x0,Player-4755-015FEBD5,"Sauvage-Dreadmist",0x514,0x0,12043,"Presence of Mind",0x1,BUFF
4/28 18:49:54.679  SPELL_CAST_SUCCESS,Player-4755-015FEBD5,"Sauvage-Dreadmist",0x514,0x0,0000000000000000,nil,0x80000000,0x80000000,12043,"Presence of Mind",0x1,Player-4755-015FEBD5,0000000000000000,100,100,0,0,0,-1,0,0,0,-20.87,-196.13,0,3.4895,64
4/28 18:49:54.702  SPELL_PERIODIC_DAMAGE,Player-4755-0160BD13,"Mafkees-Dreadmist",0x514,0x0,Creature-0-4457-249-1045-10184-000028665C,"Onyxia",0x10a48,0x0,12721,"Deep Wound",0x1,Creature-0-4457-249-1045-10184-000028665C,0000000000000000,59,100,0,0,0,-1,0,0,0,-66.36,-215.93,0,6.2483,63,90,90,-1,1,0,0,0,nil,nil,nil
4/28 18:49:54.702  SWING_DAMAGE,Player-4755-01AC9FD9,"Alexinho-Dreadmist",0x514,0x0,Creature-0-4457-249-1045-10184-000028665C,"Onyxia",0x10a48,0x0,Player-4755-01AC9FD9,0000000000000000,100,100,0,0,0,-1,0,0,0,-52.37,-214.53,0,3.1213,66,116,181,-1,1,0,0,0,nil,1,nil
4/28 18:49:54.702  SPELL_PERIODIC_ENERGIZE,Player-4755-01804B95,"Moymoy-Dreadmist",0x514,0x0,Player-4755-01804B95,"Moymoy-Dreadmist",0x514,0x0,15604,"Second Wind",0x40,Player-4755-01804B95,0000000000000000,100,100,0,0,0,-1,0,0,0,14.50,-181.02,0,3.3808,66,30.0000,0.0000,0,5366
4/28 18:49:54.702  SWING_MISSED,Player-4755-01A6B139,"Sakatan-Dreadmist",0x514,0x0,Creature-0-4457-249-1045-10184-000028665C,"Onyxia",0x10a48,0x0,MISS,nil
4/28 18:49:54.720  SWING_DAMAGE,Player-4755-01A6B139,"Sakatan-Dreadmist",0x514,0x0,Creature-0-4457-249-1045-10184-000028665C,"Onyxia",0x10a48,0x0,Player-4755-01A6B139,0000000000000000,100,100,0,0,0,-1,0,0,0,-43.49,-215.95,0,3.2915,69,111,153,-1,1,0,0,0,nil,1,nil
4/28 18:49:54.720  SPELL_CAST_START,Player-4755-01804B95,"Moymoy-Dreadmist",0x514,0x0,0000000000000000,nil,0x80000000,0x80000000,939,"Healing Wave",0x8
4/28 18:49:54.776  SPELL_CAST_SUCCESS,Player-4755-0178F416,"Eltorero-Dreadmist",0x514,0x0,Creature-0-4457-249-1045-10184-000028665C,"Onyxia",0x10a48,0x0,23894,"Bloodthirst",0x1,Player-4755-0178F416,0000000000000000,100,100,0,0,0,-1,0,0,0,-56.97,-212.55,0,3.7924,67
4/28 18:49:54.849  SPELL_CAST_START,Player-4755-0178F576,"Atreas-Dreadmist",0x514,0x0,0000000000000000,nil,0x80000000,0x80000000,20904,"Aimed Shot",0x1
4/28 18:49:54.867  SPELL_CAST_START,Player-4755-01FA8D0D,"Roackeru-Dreadmist",0x514,0x0,0000000000000000,nil,0x80000000,0x80000000,11661,"Shadow Bolt",0x20
4/28 18:49:54.886  SWING_DAMAGE,Pet-0-4457-249-1045-2850-01001956F9,"Kratos",0x1114,0x0,Creature-0-4457-249-1045-10184-000028665C,"Onyxia",0x10a48,0x0,Pet-0-4457-249-1045-2850-01001956F9,Player-4755-0178F576,100,100,0,0,0,-1,0,0,0,-47.54,-213.64,0,3.2626,66,51,118,-1,1,0,0,0,nil,1,nil
4/28 18:49:54.903  SPELL_CAST_SUCCESS,Pet-0-4457-249-1045-2850-01001956F9,"Kratos",0x1114,0x0,Creature-0-4457-249-1045-10184-000028665C,"Onyxia",0x10a48,0x0,17261,"Bite",0x1,Pet-0-4457-249-1045-2850-01001956F9,Player-4755-0178F576,100,100,0,0,0,-1,0,0,0,-47.54,-213.64,0,3.2626,66
4/28 18:49:54.903  SPELL_ENERGIZE,Player-4755-0160BD13,"Mafkees-Dreadmist",0x514,0x0,Player-4755-0160BD13,"Mafkees-Dreadmist",0x514,0x0,12964,"Unbridled Wrath",0x1,Player-4755-0160BD13,0000000000000000,100,100,0,0,0,-1,0,0,0,-60.92,-218.85,0,2.8612,64,1.0000,0.0000,1,1000
4/28 18:49:54.903  SWING_DAMAGE_LANDED,Player-4755-01AC9FD9,"Alexinho-Dreadmist",0x514,0x0,Creature-0-4457-249-1045-10184-000028665C,"Onyxia",0x10a48,0x0,Creature-0-4457-249-1045-10184-000028665C,0000000000000000,59,100,0,0,0,-1,0,0,0,-66.36,-215.93,0,6.2483,63,226,354,-1,1,0,0,0,nil,1,nil
4/28 18:49:54.903  SWING_DAMAGE_LANDED,Player-4755-01AC9FD9,"Alexinho-Dreadmist",0x514,0x0,Creature-0-4457-249-1045-10184-000028665C,"Onyxia",0x10a48,0x0,Creature-0-4457-249-1045-10184-000028665C,0000000000000000,59,100,0,0,0,-1,0,0,0,-66.36,-215.93,0,6.2483,63,116,181,-1,1,0,0,0,nil,1,nil
4/28 18:49:54.933  SPELL_DAMAGE,Player-4755-01AC9FD9,"Alexinho-Dreadmist",0x514,0x0,Creature-0-4457-249-1045-10184-000028665C,"Onyxia",0x10a48,0x0,11337,"Instant Poison VI",0x8,Creature-0-4457-249-1045-10184-000028665C,0000000000000000,59,100,0,0,0,-1,0,0,0,-66.36,-215.93,0,6.2483,63,147,146,-1,8,0,0,0,nil,nil,nil
4/28 18:49:54.933  SWING_DAMAGE_LANDED,Player-4755-01A6B139,"Sakatan-Dreadmist",0x514,0x0,Creature-0-4457-249-1045-10184-000028665C,"Onyxia",0x10a48,0x0,Creature-0-4457-249-1045-10184-000028665C,0000000000000000,59,100,0,0,0,-1,0,0,0,-66.36,-215.93,0,6.2483,63,111,153,-1,1,0,0,0,nil,1,nil
4/28 18:49:54.933  SPELL_DAMAGE,Player-4755-0178F416,"Eltorero-Dreadmist",0x514,0x0,Creature-0-4457-249-1045-10184-000028665C,"Onyxia",0x10a48,0x0,23894,"Bloodthirst",0x1,Creature-0-4457-249-1045-10184-000028665C,0000000000000000,59,100,0,0,0,-1,0,0,0,-66.36,-215.93,0,6.2483,63,534,677,-1,1,0,0,0,nil,nil,nil
4/28 18:49:54.933  SPELL_AURA_APPLIED,Player-4755-0178F416,"Eltorero-Dreadmist",0x514,0x0,Player-4755-0178F416,"Eltorero-Dreadmist",0x514,0x0,23888,"Bloodthirst",0x1,BUFF
4/28 18:49:54.933  SWING_DAMAGE_LANDED,Pet-0-4457-249-1045-2850-01001956F9,"Kratos",0x1114,0x0,Creature-0-4457-249-1045-10184-000028665C,"Onyxia",0x10a48,0x0,Creature-0-4457-249-1045-10184-000028665C,0000000000000000,59,100,0,0,0,-1,0,0,0,-66.36,-215.93,0,6.2483,63,51,118,-1,1,0,0,0,nil,1,nil
4/28 18:49:54.933  SPELL_DAMAGE,Pet-0-4457-249-1045-2850-01001956F9,"Kratos",0x1114,0x0,Creature-0-4457-249-1045-10184-000028665C,"Onyxia",0x10a48,0x0,17261,"Bite",0x1,Creature-0-4457-249-1045-10184-000028665C,0000000000000000,59,100,0,0,0,-1,0,0,0,-66.36,-215.93,0,6.2483,63,213,135,-1,1,0,0,0,1,nil,nil
4/28 18:49:54.933  SPELL_CAST_SUCCESS,Player-4755-01B60A5F,"Zurok-Dreadmist",0x514,0x0,Creature-0-4457-249-1045-10184-000028665C,"Onyxia",0x10a48,0x0,14290,"Multi-Shot",0x1,Player-4755-01B60A5F,0000000000000000,100,100,0,0,0,-1,0,0,0,-14.22,-204.35,0,3.5010,62
4/28 18:49:54.954  SPELL_AURA_APPLIED,Player-4755-015FEBD5,"Sauvage-Dreadmist",0x514,0x0,Player-4755-015FEBD5,"Sauvage-Dreadmist",0x514,0x0,12042,"Arcane Power",0x40,BUFF
4/28 18:49:54.954  SPELL_CAST_SUCCESS,Player-4755-015FEBD5,"Sauvage-Dreadmist",0x514,0x0,0000000000000000,nil,0x80000000,0x80000000,12042,"Arcane Power",0x40,Player-4755-015FEBD5,0000000000000000,100,100,0,0,0,-1,0,0,0,-22.83,-196.84,0,3.4895,64
4/28 18:49:54.991  SPELL_CAST_SUCCESS,Player-4755-0178F416,"Eltorero-Dreadmist",0x514,0x0,Creature-0-4457-249-1045-10184-000028665C,"Onyxia",0x10a48,0x0,11567,"Heroic Strike",0x1,Player-4755-0178F416,0000000000000000,100,100,0,0,0,-1,0,0,0,-58.21,-211.62,0,3.8984,67
4/28 18:49:54.991  SPELL_MISSED,Player-4755-0178F416,"Eltorero-Dreadmist",0x514,0x0,Creature-0-4457-249-1045-10184-000028665C,"Onyxia",0x10a48,0x0,11567,"Heroic Strike",0x1,PARRY,nil
4/28 18:49:54.991  SPELL_AURA_REMOVED_DOSE,Player-4755-0178F416,"Eltorero-Dreadmist",0x514,0x0,Player-4755-0178F416,"Eltorero-Dreadmist",0x514,0x0,12970,"Flurry",0x1,BUFF,1
4/28 18:49:54.991  SPELL_CAST_SUCCESS,Player-4755-0163DD9D,"Kaspais-Dreadmist",0x514,0x0,Creature-0-4457-249-1045-10184-000028665C,"Onyxia",0x10a48,0x0,10181,"Frostbolt",0x10,Player-4755-0163DD9D,0000000000000000,100,100,0,0,0,-1,0,0,0,-50.34,-203.35,0,3.6614,66
4/28 18:49:54.991  SPELL_AURA_REMOVED_DOSE,Player-4755-0163DD9D,"Kaspais-Dreadmist",0x514,0x0,Player-4755-0163DD9D,"Kaspais-Dreadmist",0x514,0x0,24659,"Unstable Power",0x1,BUFF,10
4/28 18:49:54.991  SPELL_CAST_START,Player-4755-0163DD9D,"Kaspais-Dreadmist",0x514,0x0,0000000000000000,nil,0x80000000,0x80000000,10181,"Frostbolt",0x10
4/28 18:49:55.033  SPELL_CAST_START,Player-4755-01614AC7,"Mirrimazduur-Dreadmist",0x512,0x0,0000000000000000,nil,0x80000000,0x80000000,11661,"Shadow Bolt",0x20
4/28 18:49:55.051  SPELL_CAST_SUCCESS,Player-4755-01AC9FD9,"Alexinho-Dreadmist",0x514,0x0,Creature-0-4457-249-1045-10184-000028665C,"Onyxia",0x10a48,0x0,11294,"Sinister Strike",0x1,Player-4755-01AC9FD9,0000000000000000,100,100,0,0,0,-1,0,0,0,-55.05,-214.51,0,3.1370,66
4/28 18:49:55.213  SPELL_AURA_APPLIED,Player-4755-01F21AE6,"Blahu-Dreadmist",0x40514,0x0,Player-4755-01F21AE6,"Blahu-Dreadmist",0x40514,0x0,29131,"Bloodrage",0x1,BUFF
4/28 18:49:55.213  SPELL_CAST_SUCCESS,Player-4755-01F21AE6,"Blahu-Dreadmist",0x40514,0x0,0000000000000000,nil,0x80000000,0x80000000,2687,"Bloodrage",0x1,Player-4755-01F21AE6,0000000000000000,100,100,0,0,0,-1,0,0,0,-31.60,-210.94,0,3.5071,70
4/28 18:49:55.233  SPELL_CAST_SUCCESS,Player-4755-0220BD00,"Krikoff-Dreadmist",0x40514,0x0,Creature-0-4457-249-1045-10184-000028665C,"Onyxia",0x10a48,0x0,11567,"Heroic Strike",0x1,Player-4755-0220BD00,0000000000000000,100,100,0,0,0,-1,0,0,0,-59.52,-214.08,0,3.1573,68
4/28 18:49:55.249  SPELL_PERIODIC_HEAL,Player-4755-02045EF4,"Necrosini-Dreadmist",0x512,0x0,Player-4755-01FA8D0D,"Roackeru-Dreadmist",0x514,0x0,10929,"Renew",0x2,Player-4755-01FA8D0D,0000000000000000,100,100,0,0,0,-1,0,0,0,-19.39,-203.97,0,3.4361,65,253,253,253,0,nil
4/28 18:49:55.298  SPELL_AURA_REMOVED,Pet-0-4457-249-1045-416-01001C47E2,"Ababis",0x1114,0x0,Pet-0-4457-249-1045-9622-02002CD5BC,"Bokito",0x1114,0x0,11767,"Blood Pact",0x20,BUFF
4/28 18:49:55.319  SPELL_AURA_REMOVED_DOSE,Player-4755-0178F416,"Eltorero-Dreadmist",0x514,0x0,Player-4755-0178F416,"Eltorero-Dreadmist",0x514,0x0,23888,"Bloodthirst",0x1,BUFF,4
4/28 18:49:55.319  SPELL_HEAL,Player-4755-0178F416,"Eltorero-Dreadmist",0x514,0x0,Player-4755-0178F416,"Eltorero-Dreadmist",0x514,0x0,23891,"Bloodthirst",0x1,Player-4755-0178F416,0000000000000000,100,100,0,0,0,-1,0,0,0,-60.67,-211.71,0,3.9848,67,20,20,20,0,nil
4/28 18:49:55.319  SPELL_DAMAGE,Player-4755-01AC9FD9,"Alexinho-Dreadmist",0x514,0x0,Creature-0-4457-249-1045-10184-000028665C,"Onyxia",0x10a48,0x0,11294,"Sinister Strike",0x1,Creature-0-4457-249-1045-10184-000028665C,0000000000000000,59,100,0,0,0,-1,0,0,0,-66.36,-215.93,0,6.2483,63,931,501,-1,1,0,0,0,1,nil,nil
4/28 18:49:55.319  SPELL_ENERGIZE,Player-4755-01F21AE6,"Blahu-Dreadmist",0x40514,0x0,Player-4755-01F21AE6,"Blahu-Dreadmist",0x40514,0x0,2687,"Bloodrage",0x1,Player-4755-01F21AE6,0000000000000000,96,100,0,0,0,-1,0,0,0,-32.33,-211.21,0,3.5071,70,10.0000,0.0000,1,1000
4/28 18:49:55.319  SPELL_DAMAGE,Player-4755-0220BD00,"Krikoff-Dreadmist",0x40514,0x0,Creature-0-4457-249-1045-10184-000028665C,"Onyxia",0x10a48,0x0,11567,"Heroic Strike",0x1,Creature-0-4457-249-1045-10184-000028665C,0000000000000000,59,100,0,0,0,-1,0,0,0,-66.36,-215.93,0,6.2483,63,747,473,-1,1,0,0,0,1,nil,nil
4/28 18:49:55.337  SPELL_CAST_SUCCESS,Player-4755-01802FE5,"Angrybat-Dreadmist",0x514,0x0,Creature-0-4457-249-1045-10184-000028665C,"Onyxia",0x10a48,0x0,10181,"Frostbolt",0x10,Player-4755-01802FE5,0000000000000000,100,100,0,0,0,-1,0,0,0,-27.37,-196.97,0,3.6319,66
4/28 18:49:55.337  SPELL_CAST_START,Player-4755-01802FE5,"Angrybat-Dreadmist",0x514,0x0,0000000000000000,nil,0x80000000,0x80000000,10181,"Frostbolt",0x10
4/28 18:49:55.358  SPELL_CAST_START,Player-4755-02045EF4,"Necrosini-Dreadmist",0x512,0x0,0000000000000000,nil,0x80000000,0x80000000,6064,"Heal",0x2
4/28 18:49:55.390  SPELL_PERIODIC_HEAL,Player-4755-02045EF4,"Necrosini-Dreadmist",0x512,0x0,Player-4755-01733879,"Hocwar-Dreadmist",0x40514,0x0,10929,"Renew",0x2,Player-4755-01733879,0000000000000000,100,100,0,0,0,-1,0,0,0,-44.51,-215.71,0,3.0495,71,253,253,253,0,nil
4/28 18:49:55.434  SPELL_CAST_START,Player-4755-01E83279,"Nlmasters-Dreadmist",0x514,0x8,0000000000000000,nil,0x80000000,0x80000000,75,"Auto Shot",0x1
4/28 18:49:55.494  SPELL_PERIODIC_DAMAGE,Player-4755-0178F416,"Eltorero-Dreadmist",0x514,0x0,Creature-0-4457-249-1045-10184-000028665C,"Onyxia",0x10a48,0x0,12721,"Deep Wound",0x1,Creature-0-4457-249-1045-10184-000028665C,0000000000000000,59,100,0,0,0,-1,0,0,0,-66.36,-215.93,0,6.2483,63,111,110,-1,1,0,0,0,nil,nil,nil
4/28 18:49:55.523  SPELL_CAST_SUCCESS,Player-4755-0160BD13,"Mafkees-Dreadmist",0x514,0x0,Creature-0-4457-249-1045-10184-000028665C,"Onyxia",0x10a48,0x0,23894,"Bloodthirst",0x1,Player-4755-0160BD13,0000000000000000,100,100,0,0,0,-1,0,0,0,-63.07,-220.05,0,1.9855,64
4/28 18:49:55.592  SPELL_DAMAGE,Player-4755-021D6506,"Bloodlady-Dreadmist",0x514,0x0,Creature-0-4457-249-1045-10184-000028665C,"Onyxia",0x10a48,0x0,10181,"Frostbolt",0x10,Creature-0-4457-249-1045-10184-000028665C,0000000000000000,59,100,0,0,0,-1,0,0,0,-66.36,-215.93,0,6.2483,63,1271,1154,-1,16,0,0,0,nil,nil,nil
4/28 18:49:55.605  SPELL_PERIODIC_ENERGIZE,Creature-0-4457-249-1045-7416-0000286CBA,"Mana Spring Totem IV",0x2114,0x0,Player-4755-01804B95,"Moymoy-Dreadmist",0x514,0x0,10494,"Mana Spring",0x8,Player-4755-01804B95,0000000000000000,100,100,0,0,0,-1,0,0,0,14.50,-181.02,0,3.3808,66,12.0000,0.0000,0,5366
4/28 18:49:55.605  SPELL_PERIODIC_ENERGIZE,Creature-0-4457-249-1045-7416-0000286CBA,"Mana Spring Totem IV",0x2114,0x0,Player-4755-015FEBD5,"Sauvage-Dreadmist",0x514,0x0,10494,"Mana Spring",0x8,Player-4755-015FEBD5,0000000000000000,100,100,0,0,0,-1,0,0,0,-26.47,-198.15,0,2.9664,64,13.0000,0.0000,0,6158
4/28 18:49:55.605  SPELL_PERIODIC_ENERGIZE,Creature-0-4457-249-1045-7416-0000286CBA,"Mana Spring Totem IV",0x2114,0x0,Player-4755-01FA8DD8,"Roackerita-Dreadmist",0x514,0x0,10494,"Mana Spring",0x8,Player-4755-01FA8DD8,0000000000000000,100,100,0,0,0,-1,0,0,0,-6.48,-184.26,0,3.6906,69,12.0000,0.0000,0,6736
4/28 18:49:55.605  SPELL_PERIODIC_ENERGIZE,Creature-0-4457-249-1045-7416-0000286CBA,"Mana Spring Totem IV",0x2114,0x0,Player-4755-01ED7A64,"Sperzieboon-Dreadmist",0x514,0x0,10494,"Mana Spring",0x8,Player-4755-01ED7A64,0000000000000000,100,100,0,0,0,-1,0,0,0,-29.42,-188.29,0,3.5654,67,13.0000,0.0000,0,7261
4/28 18:49:55.605  SPELL_PERIODIC_DAMAGE,Player-4755-01FA8D0D,"Roackeru-Dreadmist",0x514,0x0,Creature-0-4457-249-1045-10184-000028665C,"Onyxia",0x10a48,0x0,11713,"Curse of Agony",0x20,Creature-0-4457-249-1045-10184-000028665C,0000000000000000,59,100,0,0,0,-1,0,0,0,-66.36,-215.93,0,6.2483,63,109,82,-1,32,0,0,0,nil,nil,nil
4/28 18:49:55.651  SPELL_CAST_START,Player-4755-020BD78D,"Lonehunter-Dreadmist",0x514,0x0,0000000000000000,nil,0x80000000,0x80000000,75,"Auto Shot",0x1
4/28 18:49:55.651  SPELL_CAST_SUCCESS,Player-4755-01E83279,"Nlmasters-Dreadmist",0x514,0x8,Creature-0-4457-249-1045-10184-000028665C,"Onyxia",0x10a48,0x0,75,"Auto Shot",0x1,Player-4755-01E83279,0000000000000000,100,100,0,0,0,-1,0,0,0,-21.61,-188.34,0,3.5896,70
4/28 18:49:55.695  SPELL_PERIODIC_ENERGIZE,Player-4755-01804B95,"Moymoy-Dreadmist",0x514,0x0,Player-4755-01804B95,"Moymoy-Dreadmist",0x514,0x0,15604,"Second Wind",0x40,Player-4755-01804B95,0000000000000000,100,100,0,0,0,-1,0,0,0,14.50,-181.02,0,3.3808,66,30.0000,0.0000,0,5366
4/28 18:49:55.711  SPELL_AURA_REMOVED,Pet-0-4457-249-1045-416-01001C47E2,"Ababis",0x1114,0x0,Player-4755-01840577,"Raggèn-Dreadmist",0x514,0x0,11767,"Blood Pact",0x20,BUFF
4/28 18:49:55.711  SPELL_AURA_REMOVED,Player-4755-020BD78D,"Lonehunter-Dreadmist",0x514,0x0,Player-4755-01840577,"Raggèn-Dreadmist",0x514,0x0,20906,"Trueshot Aura",0x40,BUFF
4/28 18:49:55.728  UNIT_DESTROYED,0000000000000000,nil,0x80000000,0x80000000,Creature-0-4457-249-1045-7416-0000286C87,"Mana Spring Totem IV",0x2114,0x0
4/28 18:49:55.728  SPELL_AURA_APPLIED,Player-4755-0220BD00,"Krikoff-Dreadmist",0x40514,0x0,Player-4755-0220BD00,"Krikoff-Dreadmist",0x40514,0x0,12970,"Flurry",0x1,BUFF
4/28 18:49:55.728  SPELL_HEAL,Player-4755-0220BD00,"Krikoff-Dreadmist",0x40514,0x0,Player-4755-0220BD00,"Krikoff-Dreadmist",0x40514,0x0,23891,"Bloodthirst",0x1,Player-4755-0220BD00,0000000000000000,100,100,0,0,0,-1,0,0,0,-63.27,-214.14,0,3.1691,68,20,20,20,0,nil
4/28 18:49:55.728  SPELL_AURA_REMOVED,Player-4755-0220BD00,"Krikoff-Dreadmist",0x40514,0x0,Player-4755-0220BD00,"Krikoff-Dreadmist",0x40514,0x0,23888,"Bloodthirst",0x1,BUFF
4/28 18:49:55.728  SPELL_DAMAGE,Player-4755-0160BD13,"Mafkees-Dreadmist",0x514,0x0,Creature-0-4457-249-1045-10184-000028665C,"Onyxia",0x10a48,0x0,23894,"Bloodthirst",0x1,Creature-0-4457-249-1045-10184-000028665C,0000000000000000,59,100,0,0,0,-1,0,0,0,-66.36,-215.93,0,6.2483,63,460,584,-1,1,0,0,0,nil,nil,nil
4/28 18:49:55.728  SPELL_AURA_APPLIED,Player-4755-0160BD13,"Mafkees-Dreadmist",0x514,0x0,Player-4755-0160BD13,"Mafkees-Dreadmist",0x514,0x0,23888,"Bloodthirst",0x1,BUFF
4/28 18:49:55.728  RANGE_DAMAGE,Player-4755-01E83279,"Nlmasters-Dreadmist",0x514,0x8,Creature-0-4457-249-1045-10184-000028665C,"Onyxia",0x10a48,0x0,75,"Auto Shot",0x1,Creature-0-4457-249-1045-10184-000028665C,0000000000000000,59,100,0,0,0,-1,0,0,0,-66.36,-215.93,0,6.2483,63,398,505,-1,1,0,0,0,nil,nil,nil
4/28 18:49:55.728  SPELL_DAMAGE,Player-4755-0163DD9D,"Kaspais-Dreadmist",0x514,0x0,Creature-0-4457-249-1045-10184-000028665C,"Onyxia",0x10a48,0x0,10181,"Frostbolt",0x10,Creature-0-4457-249-1045-10184-000028665C,0000000000000000,58,100,0,0,0,-1,0,0,0,-66.36,-215.93,0,6.2483,63,1417,1288,-1,16,0,0,0,nil,nil,nil
4/28 18:49:55.762  SPELL_CAST_START,Player-4755-016296D3,"Nivl-Dreadmist",0x514,0x0,0000000000000000,nil,0x80000000,0x80000000,15208,"Lightning Bolt",0x8
4/28 18:49:55.778  SPELL_PERIODIC_ENERGIZE,Creature-0-4457-249-1045-7416-0000286C87,"Mana Spring Totem IV",0x2114,0x0,Player-4755-016296D3,"Nivl-Dreadmist",0x514,0x0,10494,"Mana Spring",0x8,Player-4755-016296D3,0000000000000000,100,100,0,0,0,-1,0,0,0,-26.03,-188.35,0,3.5070,69,10.0000,0.0000,0,5845
4/28 18:49:55.778  SPELL_PERIODIC_ENERGIZE,Creature-0-4457-249-1045-7416-0000286C87,"Mana Spring Totem IV",0x2114,0x0,Player-4755-0178F576,"Atreas-Dreadmist",0x514,0x0,10494,"Mana Spring",0x8,Player-4755-0178F576,0000000000000000,100,100,0,0,0,-1,0,0,0,-27.44,-190.22,0,3.7253,66,10.0000,0.0000,0,3765
4/28 18:49:55.807  RANGE_DAMAGE,Player-4755-01B60A5F,"Zurok-Dreadmist",0x514,0x0,Creature-0-4457-249-1045-10184-000028665C,"Onyxia",0x10a48,0x0,75,"Auto Shot",0x1,Creature-0-4457-249-1045-10184-000028665C,0000000000000000,58,100,0,0,0,-1,0,0,0,-66.36,-215.93,0,6.2483,63,322,466,-1,1,0,46,0,nil,nil,nil
4/28 18:49:55.835  SPELL_CAST_SUCCESS,Player-4755-0210153A,"Hapuseneb-Dreadmist",0x514,0x0,Creature-0-4457-249-1045-10184-000028665C,"Onyxia",0x10a48,0x0,10934,"Smite",0x2,Player-4755-0210153A,0000000000000000,100,100,0,0,0,-1,0,0,0,-14.18,-206.54,0,3.5146,66
4/28 18:49:55.835  SPELL_CAST_SUCCESS,Player-4755-01F36B30,"Rectumqeef-Dreadmist",0x514,0x0,Creature-0-4457-249-1045-10184-000028665C,"Onyxia",0x10a48,0x0,11661,"Shadow Bolt",0x20,Player-4755-01F36B30,0000000000000000,100,100,0,0,0,-1,0,0,0,-9.02,-196.69,0,3.7192,66
4/28 18:49:55.835  SPELL_CAST_START,Player-4755-01F36B30,"Rectumqeef-Dreadmist",0x514,0x0,0000000000000000,nil,0x80000000,0x80000000,11661,"Shadow Bolt",0x20
4/28 18:49:55.835  SPELL_CAST_START,Player-4755-015FEBD5,"Sauvage-Dreadmist",0x514,0x0,0000000000000000,nil,0x80000000,0x80000000,10181,"Frostbolt",0x10
4/28 18:49:55.836  SPELL_CAST_SUCCESS,Player-4755-015FEBD5,"Sauvage-Dreadmist",0x514,0x0,Creature-0-4457-249-1045-10184-000028665C,"Onyxia",0x10a48,0x0,10181,"Frostbolt",0x10,Player-4755-015FEBD5,0000000000000000,100,100,0,0,0,-1,0,0,0,-27.46,-197.80,0,2.7120,64
4/28 18:49:55.836  SPELL_AURA_REMOVED,Player-4755-015FEBD5,"Sauvage-Dreadmist",0x514,0x0,Player-4755-015FEBD5,"Sauvage-Dreadmist",0x514,0x0,12043,"Presence of Mind",0x1,BUFF
4/28 18:49:55.836  SPELL_PERIODIC_DAMAGE,Player-4755-01B60A5F,"Zurok-Dreadmist",0x514,0x0,Creature-0-4457-249-1045-10184-000028665C,"Onyxia",0x10a48,0x0,13555,"Serpent Sting",0x8,Creature-0-4457-249-1045-10184-000028665C,0000000000000000,58,100,0,0,0,-1,0,0,0,-66.36,-215.93,0,6.2483,63,76,100,-1,8,25,0,0,nil,nil,nil
4/28 18:49:55.873  SPELL_AURA_REMOVED,Player-4755-0178F416,"Eltorero-Dreadmist",0x514,0x0,Player-4755-0178F416,"Eltorero-Dreadmist",0x514,0x0,20007,"Holy Strength",0x2,BUFF
4/28 18:49:55.976  SPELL_CAST_SUCCESS,Player-4755-01733879,"Hocwar-Dreadmist",0x40514,0x0,Creature-0-4457-249-1045-10184-000028665C,"Onyxia",0x10a48,0x0,11597,"Sunder Armor",0x1,Player-4755-01733879,0000000000000000,100,100,0,0,0,-1,0,0,0,-49.00,-215.38,0,3.1044,71
4/28 18:49:56.017  SPELL_AURA_REMOVED,Pet-0-4457-249-1045-7432-01002D8BC6,"Cat",0x1114,0x0,Pet-0-4457-249-1045-7432-01002D8BC6,"Cat",0x1114,0x0,19615,"Frenzy Effect",0x1,BUFF
4/28 18:49:56.031  SPELL_CAST_START,Player-4755-01FA8DD8,"Roackerita-Dreadmist",0x514,0x0,0000000000000000,nil,0x80000000,0x80000000,2055,"Heal",0x2
4/28 18:49:56.045  SPELL_CAST_START,Player-4755-0210153A,"Hapuseneb-Dreadmist",0x514,0x0,0000000000000000,nil,0x80000000,0x80000000,10934,"Smite",0x2
4/28 18:49:56.060  SPELL_CAST_SUCCESS,Player-4755-020BD78D,"Lonehunter-Dreadmist",0x514,0x0,Creature-0-4457-249-1045-10184-000028665C,"Onyxia",0x10a48,0x0,75,"Auto Shot",0x1,Player-4755-020BD78D,0000000000000000,100,100,0,0,0,-1,0,0,0,-13.67,-187.83,0,3.6330,70
4/28 18:49:56.102  SPELL_AURA_REMOVED,Pet-0-4457-249-1045-7456-03003178E8,"Owl",0x1114,0x0,Pet-0-4457-249-1045-7456-03003178E8,"Owl",0x1114,0x0,23148,"Dive",0x1,BUFF
4/28 18:49:56.120  SPELL_AURA_REMOVED_DOSE,Player-4755-0160BD13,"Mafkees-Dreadmist",0x514,0x0,Player-4755-0160BD13,"Mafkees-Dreadmist",0x514,0x0,23888,"Bloodthirst",0x1,BUFF,4
4/28 18:49:56.120  SPELL_HEAL,Player-4755-0160BD13,"Mafkees-Dreadmist",0x514,0x0,Player-4755-0160BD13,"Mafkees-Dreadmist",0x514,0x0,23891,"Bloodthirst",0x1,Player-4755-0160BD13,0000000000000000,100,100,0,0,0,-1,0,0,0,-63.47,-220.39,0,1.6614,64,20,20,20,0,nil
4/28 18:49:56.120  SPELL_DAMAGE,Player-4755-0210153A,"Hapuseneb-Dreadmist",0x514,0x0,Creature-0-4457-249-1045-10184-000028665C,"Onyxia",0x10a48,0x0,10934,"Smite",0x2,Creature-0-4457-249-1045-10184-000028665C,0000000000000000,58,100,0,0,0,-1,0,0,0,-66.36,-215.93,0,6.2483,63,456,455,-1,2,0,0,0,nil,nil,nil
4/28 18:49:56.196  SPELL_PERIODIC_DAMAGE,Player-4755-01F36B30,"Rectumqeef-Dreadmist",0x514,0x0,Creature-0-4457-249-1045-10184-000028665C,"Onyxia",0x10a48,0x0,11672,"Corruption",0x20,Creature-0-4457-249-1045-10184-000028665C,0000000000000000,58,100,0,0,0,-1,0,0,0,-66.36,-215.93,0,6.2483,63,269,203,-1,32,0,0,0,nil,nil,nil
4/28 18:49:56.224  SPELL_PERIODIC_ENERGIZE,Player-4755-01F21AE6,"Blahu-Dreadmist",0x40514,0x0,Player-4755-01F21AE6,"Blahu-Dreadmist",0x40514,0x0,29131,"Bloodrage",0x1,Player-4755-01F21AE6,0000000000000000,96,100,0,0,0,-1,0,0,0,-39.05,-212.02,0,3.1014,70,1.0000,0.0000,1,1000
4/28 18:49:56.311  SPELL_PERIODIC_HEAL,Player-4755-01617EEE,"Fenix-Dreadmist",0x512,0x0,Player-4755-01614AC7,"Mirrimazduur-Dreadmist",0x512,0x0,10929,"Renew",0x2,Player-4755-01614AC7,0000000000000000,86,100,0,0,0,-1,0,0,0,-18.69,-185.15,0,3.4976,68,331,331,0,0,nil
4/28 18:49:56.311  SPELL_CAST_SUCCESS,Player-4755-021D6506,"Bloodlady-Dreadmist",0x514,0x0,Creature-0-4457-249-1045-10184-000028665C,"Onyxia",0x10a48,0x0,10181,"Frostbolt",0x10,Player-4755-021D6506,0000000000000000,100,100,0,0,0,-1,0,0,0,-35.99,-204.67,0,3.6169,69
4/28 18:49:56.311  SPELL_CAST_START,Player-4755-021D6506,"Bloodlady-Dreadmist",0x514,0x0,0000000000000000,nil,0x80000000,0x80000000,10181,"Frostbolt",0x10
4/28 18:49:56.352  SPELL_AURA_REMOVED_DOSE,Player-4755-01614AC7,"Mirrimazduur-Dreadmist",0x512,0x0,Creature-0-4457-249-1045-10184-000028665C,"Onyxia",0x10a48,0x0,17800,"Shadow Vulnerability",0x20,DEBUFF,1
4/28 18:49:56.352  SPELL_DAMAGE,Player-4755-01F36B30,"Rectumqeef-Dreadmist",0x514,0x0,Creature-0-4457-249-1045-10184-000028665C,"Onyxia",0x10a48,0x0,11661,"Shadow Bolt",0x20,Creature-0-4457-249-1045-10184-000028665C,0000000000000000,58,100,0,0,0,-1,0,0,0,-66.36,-215.93,0,6.2483,63,1249,946,-1,32,0,0,0,nil,nil,nil
4/28 18:49:56.451  SPELL_CAST_START,Player-4755-01ED7A64,"Sperzieboon-Dreadmist",0x514,0x0,0000000000000000,nil,0x80000000,0x80000000,9474,"Flash Heal",0x2
4/28 18:49:56.467  SPELL_CAST_SUCCESS,Player-4755-0220BD00,"Krikoff-Dreadmist",0x40514,0x0,Creature-0-4457-249-1045-10184-000028665C,"Onyxia",0x10a48,0x0,11597,"Sunder Armor",0x1,Player-4755-0220BD00,0000000000000000,100,100,0,0,0,-1,0,0,0,-64.57,-214.16,0,3.1769,68
4/28 18:49:56.497  SPELL_AURA_REMOVED,Pet-0-4457-249-1045-7456-03003178E8,"Owl",0x1114,0x0,Creature-0-4457-249-1045-10184-000028665C,"Onyxia",0x10a48,0x0,24579,"Screech",0x1,DEBUFF
4/28 18:49:56.515  SPELL_AURA_REMOVED,Player-4755-01E83279,"Nlmasters-Dreadmist",0x514,0x8,Player-4755-01E83279,"Nlmasters-Dreadmist",0x514,0x8,26635,"Berserking",0x1,BUFF
4/28 18:49:56.533  SPELL_PERIODIC_DAMAGE,Player-4755-01614AC7,"Mirrimazduur-Dreadmist",0x512,0x0,Creature-0-4457-249-1045-10184-000028665C,"Onyxia",0x10a48,0x0,11672,"Corruption",0x20,Creature-0-4457-249-1045-10184-000028665C,0000000000000000,58,100,0,0,0,-1,0,0,0,-66.36,-215.93,0,6.2483,63,249,188,-1,32,0,0,0,nil,nil,nil
4/28 18:49:56.698  SPELL_CAST_START,Player-4755-01E83279,"Nlmasters-Dreadmist",0x514,0x8,0000000000000000,nil,0x80000000,0x80000000,75,"Auto Shot",0x1
4/28 18:49:56.714  SPELL_DAMAGE,Player-4755-01B60A5F,"Zurok-Dreadmist",0x514,0x0,Creature-0-4457-249-1045-10184-000028665C,"Onyxia",0x10a48,0x0,14290,"Multi-Shot",0x1,Creature-0-4457-249-1045-10184-000028665C,0000000000000000,58,100,0,0,0,-1,0,0,0,-66.36,-215.93,0,6.2483,63,1222,652,-1,1,0,0,0,1,nil,nil
4/28 18:49:56.714  SPELL_PERIODIC_ENERGIZE,Player-4755-01804B95,"Moymoy-Dreadmist",0x514,0x0,Player-4755-01804B95,"Moymoy-Dreadmist",0x514,0x0,15604,"Second Wind",0x40,Player-4755-01804B95,0000000000000000,100,100,0,0,0,-1,0,0,0,14.50,-181.02,0,3.3808,66,30.0000,0.0000,0,5366
4/28 18:49:56.834  SPELL_CAST_SUCCESS,Player-4755-0178F576,"Atreas-Dreadmist",0x514,0x0,Creature-0-4457-249-1045-10184-000028665C,"Onyxia",0x10a48,0x0,20904,"Aimed Shot",0x1,Player-4755-0178F576,0000000000000000,100,100,0,0,0,-1,0,0,0,-27.44,-190.22,0,3.7253,66
4/28 18:49:56.868  SPELL_CAST_SUCCESS,Player-4755-0178F416,"Eltorero-Dreadmist",0x514,0x0,Creature-0-4457-249-1045-10184-000028665C,"Onyxia",0x10a48,0x0,7373,"Hamstring",0x1,Player-4755-0178F416,0000000000000000,100,100,0,0,0,-1,0,0,0,-69.55,-211.50,0,4.2361,67
4/28 18:49:56.868  SPELL_AURA_APPLIED,Player-4755-0178F416,"Eltorero-Dreadmist",0x514,0x0,Player-4755-0178F416,"Eltorero-Dreadmist",0x514,0x0,10610,"Windfury Totem",0x8,BUFF
4/28 18:49:56.868  SPELL_EXTRA_ATTACKS,Player-4755-0178F416,"Eltorero-Dreadmist",0x514,0x0,Player-4755-0178F416,"Eltorero-Dreadmist",0x514,0x0,10610,"Windfury Totem",0x8,1
4/28 18:49:56.932  SPELL_DAMAGE,Player-4755-0178F416,"Eltorero-Dreadmist",0x514,0x0,Creature-0-4457-249-1045-10184-000028665C,"Onyxia",0x10a48,0x0,7373,"Hamstring",0x1,Creature-0-4457-249-1045-10184-000028665C,0000000000000000,58,100,0,0,0,-1,0,0,0,-66.36,-215.93,0,6.2483,63,37,46,-1,1,0,0,0,nil,nil,nil
4/28 18:49:56.932  SPELL_CAST_SUCCESS,Player-4755-01E83279,"Nlmasters-Dreadmist",0x514,0x8,Creature-0-4457-249-1045-10184-000028665C,"Onyxia",0x10a48,0x0,75,"Auto Shot",0x1,Player-4755-01E83279,0000000000000000,100,100,0,0,0,-1,0,0,0,-21.61,-188.34,0,3.5896,70
4/28 18:49:56.950  SPELL_CAST_START,Player-4755-020BD78D,"Lonehunter-Dreadmist",0x514,0x0,0000000000000000,nil,0x80000000,0x80000000,20904,"Aimed Shot",0x1
4/28 18:49:56.950  SPELL_MISSED,Player-4755-01802FE5,"Angrybat-Dreadmist",0x514,0x0,Creature-0-4457-249-1045-10184-000028665C,"Onyxia",0x10a48,0x0,10181,"Frostbolt",0x10,RESIST,nil,0
4/28 18:49:56.969  RANGE_DAMAGE,Player-4755-01E83279,"Nlmasters-Dreadmist",0x514,0x8,Creature-0-4457-249-1045-10184-000028665C,"Onyxia",0x10a48,0x0,75,"Auto Shot",0x1,Creature-0-4457-249-1045-10184-000028665C,0000000000000000,58,100,0,0,0,-1,0,0,0,-66.36,-215.93,0,6.2483,63,378,479,-1,1,0,0,0,nil,nil,nil
4/28 18:49:57.017  SPELL_CAST_START,Player-4755-01B60A5F,"Zurok-Dreadmist",0x514,0x0,0000000000000000,nil,0x80000000,0x80000000,75,"Auto Shot",0x1
4/28 18:49:57.034  SPELL_PERIODIC_DAMAGE,Player-4755-0210153A,"Hapuseneb-Dreadmist",0x514,0x0,Creature-0-4457-249-1045-10184-000028665C,"Onyxia",0x10a48,0x0,10893,"Shadow Word: Pain",0x20,Creature-0-4457-249-1045-10184-000028665C,0000000000000000,58,100,0,0,0,-1,0,0,0,-66.36,-215.93,0,6.2483,63,168,127,-1,32,0,0,0,nil,nil,nil
4/28 18:49:57.034  SPELL_CAST_SUCCESS,Player-4755-0160BD13,"Mafkees-Dreadmist",0x514,0x0,Creature-0-4457-249-1045-10184-000028665C,"Onyxia",0x10a48,0x0,7373,"Hamstring",0x1,Player-4755-0160BD13,0000000000000000,100,100,0,0,0,-1,0,0,0,-68.56,-220.07,0,0.6346,64
4/28 18:49:57.050  SPELL_CAST_SUCCESS,Player-4755-01AC9FD9,"Alexinho-Dreadmist",0x514,0x0,Creature-0-4457-249-1045-10184-000028665C,"Onyxia",0x10a48,0x0,11300,"Eviscerate",0x1,Player-4755-01AC9FD9,0000000000000000,100,100,0,0,0,-1,0,0,0,-69.12,-212.31,0,4.7038,66
4/28 18:49:57.068  SPELL_CAST_START,Player-4755-0178F576,"Atreas-Dreadmist",0x514,0x0,0000000000000000,nil,0x80000000,0x80000000,75,"Auto Shot",0x1
4/28 18:49:57.101  SPELL_AURA_REMOVED,Player-4755-01E83279,"Nlmasters-Dreadmist",0x514,0x8,Player-4755-01E83279,"Nlmasters-Dreadmist",0x514,0x8,6150,"Quick Shots",0x1,BUFF
4/28 18:49:57.209  SPELL_PERIODIC_ENERGIZE,Player-4755-01F21AE6,"Blahu-Dreadmist",0x40514,0x0,Player-4755-01F21AE6,"Blahu-Dreadmist",0x40514,0x0,29131,"Bloodrage",0x1,Player-4755-01F21AE6,0000000000000000,96,100,0,0,0,-1,0,0,0,-44.99,-216.21,0,2.8500,70,1.0000,0.0000,1,1000
4/28 18:49:57.225  SPELL_CAST_SUCCESS,Player-4755-01802FE5,"Angrybat-Dreadmist",0x514,0x0,Creature-0-4457-249-1045-10184-000028665C,"Onyxia",0x10a48,0x0,10181,"Frostbolt",0x10,Player-4755-01802FE5,0000000000000000,100,100,0,0,0,-1,0,0,0,-27.37,-196.97,0,3.5612,66
4/28 18:49:57.226  SPELL_CAST_START,Player-4755-01802FE5,"Angrybat-Dreadmist",0x514,0x0,0000000000000000,nil,0x80000000,0x80000000,10181,"Frostbolt",0x10
4/28 18:49:57.286  SPELL_PERIODIC_DAMAGE,Player-4755-01FA8D0D,"Roackeru-Dreadmist",0x514,0x0,Creature-0-4457-249-1045-10184-000028665C,"Onyxia",0x10a48,0x0,11672,"Corruption",0x20,Creature-0-4457-249-1045-10184-000028665C,0000000000000000,58,100,0,0,0,-1,0,0,0,-66.36,-215.93,0,6.2483,63,64,192,-1,32,145,0,0,nil,nil,nil
4/28 18:49:57.316  SPELL_AURA_REMOVED,Player-4755-01B60A5F,"Zurok-Dreadmist",0x514,0x0,Player-4755-01637B0A,"Pindle-Dreadmist",0x514,0x0,20906,"Trueshot Aura",0x40,BUFF
4/28 18:49:57.316  SPELL_CAST_SUCCESS,Pet-0-4457-249-1045-7432-01002D8BC6,"Cat",0x1114,0x0,Creature-0-4457-249-1045-10184-000028665C,"Onyxia",0x10a48,0x0,3009,"Claw",0x1,Pet-0-4457-249-1045-7432-01002D8BC6,Player-4755-01E83279,100,100,0,0,0,-1,0,0,0,-46.81,-212.73,0,3.3035,70
4/28 18:49:57.349  SPELL_AURA_REMOVED_DOSE,Player-4755-0178F416,"Eltorero-Dreadmist",0x514,0x0,Player-4755-0178F416,"Eltorero-Dreadmist",0x514,0x0,23888,"Bloodthirst",0x1,BUFF,3
4/28 18:49:57.349  SPELL_EXTRA_ATTACKS,Player-4755-0178F416,"Eltorero-Dreadmist",0x514,0x0,Player-4755-0178F416,"Eltorero-Dreadmist",0x514,0x0,15601,"Hand of Justice",0x1,1
4/28 18:49:57.349  SPELL_HEAL,Player-4755-0178F416,"Eltorero-Dreadmist",0x514,0x0,Player-4755-0178F416,"Eltorero-Dreadmist",0x514,0x0,23891,"Bloodthirst",0x1,Player-4755-0178F416,0000000000000000,100,100,0,0,0,-1,0,0,0,-69.55,-211.50,0,4.2244,67,20,20,20,0,nil
4/28 18:49:57.349  SPELL_DAMAGE,Player-4755-0160BD13,"Mafkees-Dreadmist",0x514,0x0,Creature-0-4457-249-1045-10184-000028665C,"Onyxia",0x10a48,0x0,7373,"Hamstring",0x1,Creature-0-4457-249-1045-10184-000028665C,0000000000000000,58,100,0,0,0,-1,0,0,0,-66.36,-215.93,0,6.2483,63,36,45,-1,1,0,0,0,nil,nil,nil
4/28 18:49:57.349  SPELL_DAMAGE,Player-4755-01AC9FD9,"Alexinho-Dreadmist",0x514,0x0,Creature-0-4457-249-1045-10184-000028665C,"Onyxia",0x10a48,0x0,11300,"Eviscerate",0x1,Creature-0-4457-249-1045-10184-000028665C,0000000000000000,58,100,0,0,0,-1,0,0,0,-66.36,-215.93,0,6.2483,63,1741,1083,-1,1,0,0,0,1,nil,nil
4/28 18:49:57.349  SPELL_ENERGIZE,Player-4755-01AC9FD9,"Alexinho-Dreadmist",0x514,0x0,Player-4755-01AC9FD9,"Alexinho-Dreadmist",0x514,0x0,14181,"Relentless Strikes Effect",0x1,Player-4755-01AC9FD9,0000000000000000,100,100,0,0,0,-1,0,0,0,-69.11,-211.21,0,4.7038,66,25.0000,0.0000,3,100
4/28 18:49:57.349  SPELL_DAMAGE,Pet-0-4457-249-1045-7432-01002D8BC6,"Cat",0x1114,0x0,Creature-0-4457-249-1045-10184-000028665C,"Onyxia",0x10a48,0x0,3009,"Claw",0x1,Creature-0-4457-249-1045-10184-000028665C,0000000000000000,58,100,0,0,0,-1,0,0,0,-66.36,-215.93,0,6.2483,63,89,113,-1,1,0,0,0,nil,nil,nil
4/28 18:49:57.349  SPELL_CAST_START,Player-4755-015FEBD5,"Sauvage-Dreadmist",0x514,0x0,0000000000000000,nil,0x80000000,0x80000000,10181,"Frostbolt",0x10
4/28 18:49:57.367  SPELL_CAST_SUCCESS,Player-4755-0178F576,"Atreas-Dreadmist",0x514,0x0,Creature-0-4457-249-1045-10184-000028665C,"Onyxia",0x10a48,0x0,75,"Auto Shot",0x1,Player-4755-0178F576,0000000000000000,100,100,0,0,0,-1,0,0,0,-27.44,-190.22,0,3.7253,66
4/28 18:49:57.367  SPELL_CAST_SUCCESS,Player-4755-01FA8D0D,"Roackeru-Dreadmist",0x514,0x0,Creature-0-4457-249-1045-10184-000028665C,"Onyxia",0x10a48,0x0,11661,"Shadow Bolt",0x20,Player-4755-01FA8D0D,0000000000000000,100,100,0,0,0,-1,0,0,0,-19.39,-203.97,0,3.4597,65
4/28 18:49:57.367  SPELL_CAST_START,Player-4755-01FA8D0D,"Roackeru-Dreadmist",0x514,0x0,0000000000000000,nil,0x80000000,0x80000000,11661,"Shadow Bolt",0x20
4/28 18:49:57.384  SPELL_DAMAGE,Player-4755-015FEBD5,"Sauvage-Dreadmist",0x514,0x0,Creature-0-4457-249-1045-10184-000028665C,"Onyxia",0x10a48,0x0,10181,"Frostbolt",0x10,Creature-0-4457-249-1045-10184-000028665C,0000000000000000,58,100,0,0,0,-1,0,0,0,-66.36,-215.93,0,6.2483,63,1166,1060,-1,16,0,0,0,nil,nil,nil
4/28 18:49:57.414  SPELL_CAST_START,Player-4755-01E83279,"Nlmasters-Dreadmist",0x514,0x8,0000000000000000,nil,0x80000000,0x80000000,20904,"Aimed Shot",0x1
4/28 18:49:57.414  SPELL_CAST_SUCCESS,Player-4755-01637B0A,"Pindle-Dreadmist",0x514,0x0,Creature-0-4457-249-1045-10184-000028665C,"Onyxia",0x10a48,0x0,11281,"Backstab",0x1,Player-4755-01637B0A,0000000000000000,100,100,0,0,0,-1,0,0,0,-72.39,-212.49,0,5.6641,65
4/28 18:49:57.460  SPELL_CAST_SUCCESS,Player-4755-01B60A5F,"Zurok-Dreadmist",0x514,0x0,Creature-0-4457-249-1045-10184-000028665C,"Onyxia",0x10a48,0x0,75,"Auto Shot",0x1,Player-4755-01B60A5F,0000000000000000,100,100,0,0,0,-1,0,0,0,-15.84,-196.94,0,3.5677,62
4/28 18:49:57.460  SPELL_CAST_START,Player-4755-01B60A5F,"Zurok-Dreadmist",0x514,0x0,0000000000000000,nil,0x80000000,0x80000000,20904,"Aimed Shot",0x1
4/28 18:49:57.476  SPELL_DAMAGE,Player-4755-021D6506,"Bloodlady-Dreadmist",0x514,0x0,Creature-0-4457-249-1045-10184-000028665C,"Onyxia",0x10a48,0x0,10181,"Frostbolt",0x10,Creature-0-4457-249-1045-10184-000028665C,0000000000000000,58,100,0,0,0,-1,0,0,0,-66.36,-215.93,0,6.2483,63,1281,1164,-1,16,0,0,0,nil,nil,nil
4/28 18:49:57.509  SPELL_CAST_SUCCESS,Player-4755-0163DD9D,"Kaspais-Dreadmist",0x514,0x0,Creature-0-4457-249-1045-10184-000028665C,"Onyxia",0x10a48,0x0,10181,"Frostbolt",0x10,Player-4755-0163DD9D,0000000000000000,100,100,0,0,0,-1,0,0,0,-50.34,-203.35,0,3.7282,66
4/28 18:49:57.509  SPELL_AURA_REMOVED_DOSE,Player-4755-0163DD9D,"Kaspais-Dreadmist",0x514,0x0,Player-4755-0163DD9D,"Kaspais-Dreadmist",0x514,0x0,24659,"Unstable Power",0x1,BUFF,9
4/28 18:49:57.524  SPELL_CAST_START,Player-4755-01617EEE,"Fenix-Dreadmist",0x512,0x0,0000000000000000,nil,0x80000000,0x80000000,6064,"Heal",0x2
4/28 18:49:57.539  SPELL_CAST_SUCCESS,Player-4755-01614AC7,"Mirrimazduur-Dreadmist",0x512,0x0,Creature-0-4457-249-1045-10184-000028665C,"Onyxia",0x10a48,0x0,11661,"Shadow Bolt",0x20,Player-4755-01614AC7,0000000000000000,86,100,0,0,0,-1,0,0,0,-18.69,-185.15,0,3.5330,68
4/28 18:49:57.555  SPELL_AURA_REMOVED,Player-4755-02045EF4,"Necrosini-Dreadmist",0x512,0x0,Player-4755-01733879,"Hocwar-Dreadmist",0x40514,0x0,10929,"Renew",0x2,BUFF
4/28 18:49:57.573  RANGE_DAMAGE,Player-4755-020BD78D,"Lonehunter-Dreadmist",0x514,0x0,Creature-0-4457-249-1045-10184-000028665C,"Onyxia",0x10a48,0x0,75,"Auto Shot",0x1,Creature-0-4457-249-1045-10184-000028665C,0000000000000000,58,100,0,0,0,-1,0,0,0,-66.36,-215.93,0,6.2483,63,380,541,-1,1,0,46,0,nil,nil,nil
4/28 18:49:57.605  SPELL_PERIODIC_ENERGIZE,Creature-0-4457-249-1045-7416-0000286CBA,"Mana Spring Totem IV",0x2114,0x0,Player-4755-01804B95,"Moymoy-Dreadmist",0x514,0x0,10494,"Mana Spring",0x8,Player-4755-01804B95,0000000000000000,100,100,0,0,0,-1,0,0,0,14.72,-183.07,0,3.8520,66,12.0000,0.0000,0,5366
4/28 18:49:57.605  SPELL_PERIODIC_ENERGIZE,Creature-0-4457-249-1045-7416-0000286CBA,"Mana Spring Totem IV",0x2114,0x0,Player-4755-015FEBD5,"Sauvage-Dreadmist",0x514,0x0,10494,"Mana Spring",0x8,Player-4755-015FEBD5,0000000000000000,100,100,0,0,0,-1,0,0,0,-27.46,-197.80,0,3.4188,64,12.0000,0.0000,0,6158
4/28 18:49:57.605  SPELL_PERIODIC_ENERGIZE,Creature-0-4457-249-1045-7416-0000286CBA,"Mana Spring Totem IV",0x2114,0x0,Player-4755-01FA8DD8,"Roackerita-Dreadmist",0x514,0x0,10494,"Mana Spring",0x8,Player-4755-01FA8DD8,0000000000000000,100,100,0,0,0,-1,0,0,0,-9.28,-185.94,0,3.6831,69,12.0000,0.0000,0,6736
4/28 18:49:57.605  SPELL_PERIODIC_ENERGIZE,Creature-0-4457-249-1045-7416-0000286CBA,"Mana Spring Totem IV",0x2114,0x0,Player-4755-01ED7A64,"Sperzieboon-Dreadmist",0x514,0x0,10494,"Mana Spring",0x8,Player-4755-01ED7A64,0000000000000000,100,100,0,0,0,-1,0,0,0,-34.52,-189.92,0,3.5536,67,13.0000,0.0000,0,7261
4/28 18:49:57.605  SPELL_PERIODIC_DAMAGE,Player-4755-01FA8D0D,"Roackeru-Dreadmist",0x514,0x0,Creature-0-4457-249-1045-10184-000028665C,"Onyxia",0x10a48,0x0,11713,"Curse of Agony",0x20,Creature-0-4457-249-1045-10184-000028665C,0000000000000000,58,100,0,0,0,-1,0,0,0,-66.36,-215.93,0,6.2483,63,175,132,-1,32,0,0,0,nil,nil,nil
4/28 18:49:57.653  SPELL_CAST_START,Player-4755-0163DD9D,"Kaspais-Dreadmist",0x514,0x0,0000000000000000,nil,0x80000000,0x80000000,10181,"Frostbolt",0x10
4/28 18:49:57.684  SPELL_PERIODIC_DAMAGE,Player-4755-0160BD13,"Mafkees-Dreadmist",0x514,0x0,Creature-0-4457-249-1045-10184-000028665C,"Onyxia",0x10a48,0x0,12721,"Deep Wound",0x1,Creature-0-4457-249-1045-10184-000028665C,0000000000000000,58,100,0,0,0,-1,0,0,0,-66.36,-215.93,0,6.2483,63,90,90,-1,1,0,0,0,nil,nil,nil
4/28 18:49:57.714  SPELL_PERIODIC_ENERGIZE,Player-4755-01804B95,"Moymoy-Dreadmist",0x514,0x0,Player-4755-01804B95,"Moymoy-Dreadmist",0x514,0x0,15604,"Second Wind",0x40,Player-4755-01804B95,0000000000000000,100,100,0,0,0,-1,0,0,0,14.72,-183.07,0,3.8520,66,30.0000,0.0000,0,5366
4/28 18:49:57.733  SPELL_AURA_REMOVED_DOSE,Player-4755-0160BD13,"Mafkees-Dreadmist",0x514,0x0,Player-4755-0160BD13,"Mafkees-Dreadmist",0x514,0x0,23888,"Bloodthirst",0x1,BUFF,3
4/28 18:49:57.733  SPELL_HEAL,Player-4755-0160BD13,"Mafkees-Dreadmist",0x514,0x0,Player-4755-0160BD13,"Mafkees-Dreadmist",0x514,0x0,23891,"Bloodthirst",0x1,Player-4755-0160BD13,0000000000000000,100,100,0,0,0,-1,0,0,0,-68.56,-220.07,0,0.8270,64,20,20,20,0,nil
4/28 18:49:57.733  SPELL_DAMAGE,Player-4755-01637B0A,"Pindle-Dreadmist",0x514,0x0,Creature-0-4457-249-1045-10184-000028665C,"Onyxia",0x10a48,0x0,11281,"Backstab",0x1,Creature-0-4457-249-1045-10184-000028665C,0000000000000000,57,100,0,0,0,-1,0,0,0,-66.36,-215.93,0,6.2483,63,1130,626,-1,1,0,0,0,1,nil,nil
4/28 18:49:57.750  SPELL_CAST_SUCCESS,Player-4755-016296D3,"Nivl-Dreadmist",0x514,0x0,Creature-0-4457-249-1045-10184-000028665C,"Onyxia",0x10a48,0x0,15208,"Lightning Bolt",0x8,Player-4755-016296D3,0000000000000000,100,100,0,0,0,-1,0,0,0,-26.03,-188.35,0,3.5070,69
4/28 18:49:57.767  SPELL_CAST_START,Player-4755-016296D3,"Nivl-Dreadmist",0x514,0x0,0000000000000000,nil,0x80000000,0x80000000,15208,"Lightning Bolt",0x8
4/28 18:49:57.767  SPELL_PERIODIC_ENERGIZE,Creature-0-4457-249-1045-7416-0000286C87,"Mana Spring Totem IV",0xa28,0x0,Player-4755-016296D3,"Nivl-Dreadmist",0x514,0x0,10494,"Mana Spring",0x8,Player-4755-016296D3,0000000000000000,100,100,0,0,0,-1,0,0,0,-26.03,-188.35,0,3.5070,69,10.0000,0.0000,0,5845
4/28 18:49:57.767  SPELL_PERIODIC_ENERGIZE,Player-4755-01802FE5,"Angrybat-Dreadmist",0x514,0x0,Player-4755-01802FE5,"Angrybat-Dreadmist",0x514,0x0,18194,"Mana Regeneration",0x1,Player-4755-01802FE5,0000000000000000,100,100,0,0,0,-1,0,0,0,-27.37,-196.97,0,3.5730,66,8.0000,0.0000,0,6033
4/28 18:49:57.861  SPELL_CAST_SUCCESS,Player-4755-01ED7A64,"Sperzieboon-Dreadmist",0x514,0x0,Player-4755-01614AC7,"Mirrimazduur-Dreadmist",0x512,0x0,9474,"Flash Heal",0x2,Player-4755-01ED7A64,0000000000000000,100,100,0,0,0,-1,0,0,0,-34.52,-189.92,0,3.5536,67
4/28 18:49:57.972  SPELL_CAST_SUCCESS,Player-4755-0220BD00,"Krikoff-Dreadmist",0x40514,0x0,Creature-0-4457-249-1045-10184-000028665C,"Onyxia",0x10a48,0x0,23894,"Bloodthirst",0x1,Player-4755-0220BD00,0000000000000000,100,100,0,0,0,-1,0,0,0,-64.57,-214.16,0,3.0120,68
4/28 18:49:58.005  SPELL_DAMAGE,Player-4755-0178F576,"Atreas-Dreadmist",0x514,0x0,Creature-0-4457-249-1045-10184-000028665C,"Onyxia",0x10a48,0x0,20904,"Aimed Shot",0x1,Creature-0-4457-249-1045-10184-000028665C,0000000000000000,57,100,0,0,0,-1,0,0,0,-66.36,-215.93,0,6.2483,63,2258,1205,-1,1,0,0,0,1,nil,nil
4/28 18:49:58.050  SPELL_CAST_SUCCESS,Player-4755-0210153A,"Hapuseneb-Dreadmist",0x514,0x0,Creature-0-4457-249-1045-10184-000028665C,"Onyxia",0x10a48,0x0,10934,"Smite",0x2,Player-4755-0210153A,0000000000000000,100,100,0,0,0,-1,0,0,0,-14.18,-206.54,0,3.5146,66
4/28 18:49:58.050  SPELL_CAST_START,Player-4755-0210153A,"Hapuseneb-Dreadmist",0x514,0x0,0000000000000000,nil,0x80000000,0x80000000,15261,"Holy Fire",0x2
4/28 18:49:58.133  SPELL_CAST_SUCCESS,Pet-0-4457-249-1045-7456-03003178E8,"Owl",0x1114,0x0,Creature-0-4457-249-1045-10184-000028665C,"Onyxia",0x10a48,0x0,3009,"Claw",0x1,Pet-0-4457-249-1045-7456-03003178E8,Player-4755-01B60A5F,100,100,0,0,0,-1,0,0,0,-47.94,-214.61,0,3.2130,62
4/28 18:49:58.133  SPELL_HEAL,Player-4755-01ED7A64,"Sperzieboon-Dreadmist",0x514,0x0,Player-4755-01614AC7,"Mirrimazduur-Dreadmist",0x512,0x0,9474,"Flash Heal",0x2,Player-4755-01614AC7,0000000000000000,100,100,0,0,0,-1,0,0,0,-18.69,-185.15,0,3.5330,68,749,749,145,0,nil
4/28 18:49:58.133  SPELL_DAMAGE,Player-4755-0220BD00,"Krikoff-Dreadmist",0x40514,0x0,Creature-0-4457-249-1045-10184-000028665C,"Onyxia",0x10a48,0x0,23894,"Bloodthirst",0x1,Creature-0-4457-249-1045-10184-000028665C,0000000000000000,57,100,0,0,0,-1,0,0,0,-66.36,-215.93,0,6.2483,63,871,552,-1,1,0,0,0,1,nil,nil
4/28 18:49:58.133  SPELL_AURA_APPLIED,Player-4755-0220BD00,"Krikoff-Dreadmist",0x40514,0x0,Player-4755-0220BD00,"Krikoff-Dreadmist",0x40514,0x0,23888,"Bloodthirst",0x1,BUFF
4/28 18:49:58.133  SPELL_DAMAGE,Player-4755-0210153A,"Hapuseneb-Dreadmist",0x514,0x0,Creature-0-4457-249-1045-10184-000028665C,"Onyxia",0x10a48,0x0,10934,"Smite",0x2,Creature-0-4457-249-1045-10184-000028665C,0000000000000000,57,100,0,0,0,-1,0,0,0,-66.36,-215.93,0,6.2483,63,732,488,-1,2,0,0,0,1,nil,nil
4/28 18:49:58.133  SPELL_DAMAGE,Pet-0-4457-249-1045-7456-03003178E8,"Owl",0x1114,0x0,Creature-0-4457-249-1045-10184-000028665C,"Onyxia",0x10a48,0x0,3009,"Claw",0x1,Creature-0-4457-249-1045-10184-000028665C,0000000000000000,57,100,0,0,0,-1,0,0,0,-66.36,-215.93,0,6.2483,63,59,74,-1,1,0,0,0,nil,nil,nil
4/28 18:49:58.133  SPELL_CAST_START,Player-4755-01804B95,"Moymoy-Dreadmist",0x514,0x0,0000000000000000,nil,0x80000000,0x80000000,331,"Healing Wave",0x8
4/28 18:49:58.215  SPELL_CAST_SUCCESS,Player-4755-021D6506,"Bloodlady-Dreadmist",0x514,0x0,Creature-0-4457-249-1045-10184-000028665C,"Onyxia",0x10a48,0x0,10181,"Frostbolt",0x10,Player-4755-021D6506,0000000000000000,100,100,0,0,0,-1,0,0,0,-35.99,-204.67,0,3.6993,69
4/28 18:49:58.215  SPELL_CAST_START,Player-4755-021D6506,"Bloodlady-Dreadmist",0x514,0x0,0000000000000000,nil,0x80000000,0x80000000,10181,"Frostbolt",0x10
4/28 18:49:58.215  SPELL_PERIODIC_ENERGIZE,Player-4755-01F21AE6,"Blahu-Dreadmist",0x40514,0x0,Player-4755-01F21AE6,"Blahu-Dreadmist",0x40514,0x0,29131,"Bloodrage",0x1,Player-4755-01F21AE6,0000000000000000,96,100,0,0,0,-1,0,0,0,-51.87,-219.44,0,2.7505,70,1.0000,0.0000,1,1000
4/28 18:49:58.233  SPELL_DAMAGE,Player-4755-0163DD9D,"Kaspais-Dreadmist",0x514,0x0,Creature-0-4457-249-1045-10184-000028665C,"Onyxia",0x10a48,0x0,10181,"Frostbolt",0x10,Creature-0-4457-249-1045-10184-000028665C,0000000000000000,57,100,0,0,0,-1,0,0,0,-66.36,-215.93,0,6.2483,63,1411,1282,-1,16,0,0,0,nil,nil,nil
4/28 18:49:58.233  SPELL_PERIODIC_HEAL,Player-4755-02045EF4,"Necrosini-Dreadmist",0x512,0x0,Player-4755-01FA8D0D,"Roackeru-Dreadmist",0x514,0x0,10929,"Renew",0x2,Player-4755-01FA8D0D,0000000000000000,100,100,0,0,0,-1,0,0,0,-19.39,-203.97,0,3.4793,65,253,253,253,0,nil
4/28 18:49:58.265  RANGE_DAMAGE,Player-4755-01E83279,"Nlmasters-Dreadmist",0x514,0x8,Creature-0-4457-249-1045-10184-000028665C,"Onyxia",0x10a48,0x0,75,"Auto Shot",0x1,Creature-0-4457-249-1045-10184-000028665C,0000000000000000,57,100,0,0,0,-1,0,0,0,-66.36,-215.93,0,6.2483,63,370,470,-1,1,0,0,0,nil,nil,nil
4/28 18:49:58.265  SPELL_CAST_SUCCESS,Player-4755-01A6B139,"Sakatan-Dreadmist",0x514,0x0,Creature-0-4457-249-1045-10184-000028665C,"Onyxia",0x10a48,0x0,11281,"Backstab",0x1,Player-4755-01A6B139,0000000000000000,100,100,0,0,0,-1,0,0,0,-67.05,-219.96,0,1.6226,69
4/28 18:49:58.330  SPELL_CAST_SUCCESS,Player-4755-01F36B30,"Rectumqeef-Dreadmist",0x514,0x0,Creature-0-4457-249-1045-10184-000028665C,"Onyxia",0x10a48,0x0,11661,"Shadow Bolt",0x20,Player-4755-01F36B30,0000000000000000,100,100,0,0,0,-1,0,0,0,-9.02,-196.69,0,3.6131,66
4/28 18:49:58.330  SPELL_CAST_START,Player-4755-01F36B30,"Rectumqeef-Dreadmist",0x514,0x0,0000000000000000,nil,0x80000000,0x80000000,11661,"Shadow Bolt",0x20
4/28 18:49:58.378  SPELL_AURA_REMOVED,Player-4755-0178F416,"Eltorero-Dreadmist",0x514,0x0,Player-4755-0178F416,"Eltorero-Dreadmist",0x514,0x0,10610,"Windfury Totem",0x8,BUFF
4/28 18:49:58.485  SPELL_PERIODIC_DAMAGE,Player-4755-0178F416,"Eltorero-Dreadmist",0x514,0x0,Creature-0-4457-249-1045-10184-000028665C,"Onyxia",0x10a48,0x0,12721,"Deep Wound",0x1,Creature-0-4457-249-1045-10184-000028665C,0000000000000000,57,100,0,0,0,-1,0,0,0,-66.36,-215.93,0,6.2483,63,111,110,-1,1,0,0,0,nil,nil,nil
4/28 18:49:58.533  SPELL_AURA_REMOVED,Player-4755-01B60A5F,"Zurok-Dreadmist",0x514,0x0,Player-4755-016DF694,"Ashalan-Dreadmist",0x514,0x0,20906,"Trueshot Aura",0x40,BUFF
4/28 18:49:58.533  SPELL_AURA_REMOVED,Player-4755-0178F576,"Atreas-Dreadmist",0x514,0x0,Player-4755-0178F416,"Eltorero-Dreadmist",0x514,0x0,20906,"Trueshot Aura",0x40,BUFF
4/28 18:49:58.554  SPELL_AURA_REMOVED_DOSE,Player-4755-0220BD00,"Krikoff-Dreadmist",0x40514,0x0,Player-4755-0220BD00,"Krikoff-Dreadmist",0x40514,0x0,23888,"Bloodthirst",0x1,BUFF,4
4/28 18:49:58.554  SPELL_AURA_REFRESH,Player-4755-0220BD00,"Krikoff-Dreadmist",0x40514,0x0,Player-4755-0220BD00,"Krikoff-Dreadmist",0x40514,0x0,12970,"Flurry",0x1,BUFF
4/28 18:49:58.554  SPELL_HEAL,Player-4755-0220BD00,"Krikoff-Dreadmist",0x40514,0x0,Player-4755-0220BD00,"Krikoff-Dreadmist",0x40514,0x0,23891,"Bloodthirst",0x1,Player-4755-0220BD00,0000000000000000,100,100,0,0,0,-1,0,0,0,-66.08,-215.96,0,2.1795,68,20,20,20,0,nil
4/28 18:49:58.554  SPELL_DAMAGE,Player-4755-01A6B139,"Sakatan-Dreadmist",0x514,0x0,Creature-0-4457-249-1045-10184-000028665C,"Onyxia",0x10a48,0x0,11281,"Backstab",0x1,Creature-0-4457-249-1045-10184-000028665C,0000000000000000,57,100,0,0,0,-1,0,0,0,-66.36,-215.93,0,6.2483,63,1043,578,-1,1,0,0,0,1,nil,nil
4/28 18:49:58.554  SPELL_CAST_SUCCESS,Player-4755-01FA8DD8,"Roackerita-Dreadmist",0x514,0x0,Player-4755-01614AC7,"Mirrimazduur-Dreadmist",0x512,0x0,2055,"Heal",0x2,Player-4755-01FA8DD8,0000000000000000,100,100,0,0,0,-1,0,0,0,-9.28,-185.94,0,3.6831,69
4/28 18:49:58.554  RANGE_DAMAGE,Player-4755-0178F576,"Atreas-Dreadmist",0x514,0x0,Creature-0-4457-249-1045-10184-000028665C,"Onyxia",0x10a48,0x0,75,"Auto Shot",0x1,Creature-0-4457-249-1045-10184-000028665C,0000000000000000,57,100,0,0,0,-1,0,0,0,-66.36,-215.93,0,6.2483,63,1006,537,-1,1,0,0,0,1,nil,nil
4/28 18:49:58.554  SPELL_AURA_REMOVED,Pet-0-4457-249-1045-7432-01002D8BC6,"Cat",0x1114,0x0,Pet-0-4457-249-1045-7432-01002D8BC6,"Cat",0x1114,0x0,23110,"Dash",0x1,BUFF
4/28 18:49:58.709  SPELL_CAST_START,Player-4755-0178F576,"Atreas-Dreadmist",0x514,0x0,0000000000000000,nil,0x80000000,0x80000000,75,"Auto Shot",0x1
4/28 18:49:58.709  SPELL_PERIODIC_ENERGIZE,Player-4755-01804B95,"Moymoy-Dreadmist",0x514,0x0,Player-4755-01804B95,"Moymoy-Dreadmist",0x514,0x0,15604,"Second Wind",0x40,Player-4755-01804B95,0000000000000000,100,100,0,0,0,-1,0,0,0,14.72,-183.07,0,3.2040,66,30.0000,0.0000,0,5366
4/28 18:49:58.724  SPELL_CAST_START,Player-4755-01614AC7,"Mirrimazduur-Dreadmist",0x512,0x0,0000000000000000,nil,0x80000000,0x80000000,11672,"Corruption",0x20
4/28 18:49:58.724  SPELL_CAST_SUCCESS,Player-4755-01614AC7,"Mirrimazduur-Dreadmist",0x512,0x0,Creature-0-4457-249-1045-10184-000028665C,"Onyxia",0x10a48,0x0,11672,"Corruption",0x20,Player-4755-01614AC7,0000000000000000,100,100,0,0,0,-1,0,0,0,-19.28,-183.73,0,3.5330,68
4/28 18:49:58.791  SPELL_DAMAGE,Player-4755-01802FE5,"Angrybat-Dreadmist",0x514,0x0,Creature-0-4457-249-1045-10184-000028665C,"Onyxia",0x10a48,0x0,10181,"Frostbolt",0x10,Creature-0-4457-249-1045-10184-000028665C,0000000000000000,57,100,0,0,0,-1,0,0,0,-66.36,-215.93,0,6.2483,63,1171,1065,-1,16,0,0,0,nil,nil,nil
4/28 18:49:58.806  RANGE_DAMAGE,Player-4755-01B60A5F,"Zurok-Dreadmist",0x514,0x0,Creature-0-4457-249-1045-10184-000028665C,"Onyxia",0x10a48,0x0,75,"Auto Shot",0x1,Creature-0-4457-249-1045-10184-000028665C,0000000000000000,57,100,0,0,0,-1,0,0,0,-66.36,-215.93,0,6.2483,63,334,423,-1,1,0,0,0,nil,nil,nil
4/28 18:49:58.850  SPELL_PERIODIC_DAMAGE,Player-4755-01B60A5F,"Zurok-Dreadmist",0x514,0x0,Creature-0-4457-249-1045-10184-000028665C,"Onyxia",0x10a48,0x0,13555,"Serpent Sting",0x8,Creature-0-4457-249-1045-10184-000028665C,0000000000000000,57,100,0,0,0,-1,0,0,0,-66.36,-215.93,0,6.2483,63,76,100,-1,8,25,0,0,nil,nil,nil
4/28 18:49:58.866  SPELL_AURA_REMOVED,Player-4755-01614AC7,"Mirrimazduur-Dreadmist",0x512,0x0,Creature-0-4457-249-1045-10184-000028665C,"Onyxia",0x10a48,0x0,17800,"Shadow Vulnerability",0x20,DEBUFF
4/28 18:49:58.866  SPELL_DAMAGE,Player-4755-01F36B30,"Rectumqeef-Dreadmist",0x514,0x0,Creature-0-4457-249-1045-10184-000028665C,"Onyxia",0x10a48,0x0,11661,"Shadow Bolt",0x20,Creature-0-4457-249-1045-10184-000028665C,0000000000000000,57,100,0,0,0,-1,0,0,0,-66.36,-215.93,0,6.2483,63,1241,939,-1,32,0,0,0,nil,nil,nil
4/28 18:49:58.951  SPELL_HEAL,Player-4755-01FA8DD8,"Roackerita-Dreadmist",0x514,0x0,Player-4755-01614AC7,"Mirrimazduur-Dreadmist",0x512,0x0,2055,"Heal",0x2,Player-4755-01614AC7,0000000000000000,100,100,0,0,0,-1,0,0,0,-19.28,-183.73,0,3.5330,68,1101,1101,1101,0,nil
4/28 18:49:58.951  SPELL_AURA_REFRESH,Player-4755-01614AC7,"Mirrimazduur-Dreadmist",0x512,0x0,Creature-0-4457-249-1045-10184-000028665C,"Onyxia",0x10a48,0x0,11672,"Corruption",0x20,DEBUFF
4/28 18:49:58.983  SPELL_CAST_SUCCESS,Player-4755-0178F576,"Atreas-Dreadmist",0x514,0x0,Creature-0-4457-249-1045-10184-000028665C,"Onyxia",0x10a48,0x0,75,"Auto Shot",0x1,Player-4755-0178F576,0000000000000000,100,100,0,0,0,-1,0,0,0,-27.44,-190.22,0,3.7253,66
4/28 18:49:59.092  SPELL_PERIODIC_ENERGIZE,Player-4755-01BC57A3,"Saintis-Dreadmist",0x511,0x0,Player-4755-01BC57A3,"Saintis-Dreadmist",0x511,0x0,18194,"Mana Regeneration",0x1,Player-4755-01BC57A3,0000000000000000,100,100,0,0,0,-1,0,0,0,-11.08,-190.67,0,3.3421,68,8.0000,0.0000,0,7212
4/28 18:49:59.112  SPELL_CAST_SUCCESS,Player-4755-01802FE5,"Angrybat-Dreadmist",0x514,0x0,Creature-0-4457-249-1045-10184-000028665C,"Onyxia",0x10a48,0x0,10181,"Frostbolt",0x10,Player-4755-01802FE5,0000000000000000,100,100,0,0,0,-1,0,0,0,-27.37,-196.97,0,3.5769,66
4/28 18:49:59.112  SPELL_CAST_START,Player-4755-01802FE5,"Angrybat-Dreadmist",0x514,0x0,0000000000000000,nil,0x80000000,0x80000000,10181,"Frostbolt",0x10
4/28 18:49:59.127  SPELL_CAST_START,Player-4755-0178F576,"Atreas-Dreadmist",0x514,0x0,0000000000000000,nil,0x80000000,0x80000000,14290,"Multi-Shot",0x1
4/28 18:49:59.143  SPELL_CAST_SUCCESS,Player-4755-01804B95,"Moymoy-Dreadmist",0x514,0x0,Player-4755-01614AC7,"Mirrimazduur-Dreadmist",0x512,0x0,331,"Healing Wave",0x8,Player-4755-01804B95,0000000000000000,100,100,0,0,0,-1,0,0,0,14.72,-183.07,0,3.2040,66
4/28 18:49:59.174  SPELL_CAST_SUCCESS,Player-4755-0160BD13,"Mafkees-Dreadmist",0x514,0x0,Creature-0-4457-249-1045-10184-000028665C,"Onyxia",0x10a48,0x0,7373,"Hamstring",0x1,Player-4755-0160BD13,0000000000000000,100,100,0,0,0,-1,0,0,0,-68.56,-220.07,0,0.9252,64
4/28 18:49:59.205  SPELL_PERIODIC_DAMAGE,Player-4755-01F36B30,"Rectumqeef-Dreadmist",0x514,0x0,Creature-0-4457-249-1045-10184-000028665C,"Onyxia",0x10a48,0x0,11672,"Corruption",0x20,Creature-0-4457-249-1045-10184-000028665C,0000000000000000,56,100,0,0,0,-1,0,0,0,-63.89,-215.91,0,0.0057,63,224,203,-1,32,0,0,0,nil,nil,nil
4/28 18:49:59.221  SPELL_PERIODIC_ENERGIZE,Player-4755-01F21AE6,"Blahu-Dreadmist",0x40514,0x0,Player-4755-01F21AE6,"Blahu-Dreadmist",0x40514,0x0,29131,"Bloodrage",0x1,Player-4755-01F21AE6,0000000000000000,96,100,0,0,0,-1,0,0,0,-56.04,-225.21,0,2.7479,70,1.0000,0.0000,1,1000
4/28 18:49:59.314  SPELL_PERIODIC_HEAL,Player-4755-01617EEE,"Fenix-Dreadmist",0x512,0x0,Player-4755-01614AC7,"Mirrimazduur-Dreadmist",0x512,0x0,10929,"Renew",0x2,Player-4755-01614AC7,0000000000000000,100,100,0,0,0,-1,0,0,0,-19.28,-183.73,0,3.5330,68,331,331,331,0,nil
4/28 18:49:59.350  SPELL_HEAL,Player-4755-01804B95,"Moymoy-Dreadmist",0x514,0x0,Player-4755-01614AC7,"Mirrimazduur-Dreadmist",0x512,0x0,331,"Healing Wave",0x8,Player-4755-01614AC7,0000000000000000,100,100,0,0,0,-1,0,0,0,-19.51,-183.83,0,3.5330,68,115,115,115,0,nil
4/28 18:49:59.350  SPELL_AURA_APPLIED_DOSE,Player-4755-01804B95,"Moymoy-Dreadmist",0x514,0x0,Player-4755-01614AC7,"Mirrimazduur-Dreadmist",0x512,0x0,29203,"Healing Way",0x2,BUFF,2
4/28 18:49:59.350  SPELL_DAMAGE,Player-4755-0160BD13,"Mafkees-Dreadmist",0x514,0x0,Creature-0-4457-249-1045-10184-000028665C,"Onyxia",0x10a48,0x0,7373,"Hamstring",0x1,Creature-0-4457-249-1045-10184-000028665C,0000000000000000,56,100,0,0,0,-1,0,0,0,-62.58,-215.91,0,0.0055,63,36,45,-1,1,0,0,0,nil,nil,nil
4/28 18:49:59.375  SPELL_DAMAGE,Player-4755-021D6506,"Bloodlady-Dreadmist",0x514,0x0,Creature-0-4457-249-1045-10184-000028665C,"Onyxia",0x10a48,0x0,10181,"Frostbolt",0x10,Creature-0-4457-249-1045-10184-000028665C,0000000000000000,56,100,0,0,0,-1,0,0,0,-62.43,-215.90,0,0.0055,63,1268,1152,-1,16,0,0,0,nil,nil,nil
4/28 18:49:59.394  SPELL_CAST_SUCCESS,Player-4755-01AC9FD9,"Alexinho-Dreadmist",0x514,0x0,Creature-0-4457-249-1045-10184-000028665C,"Onyxia",0x10a48,0x0,11294,"Sinister Strike",0x1,Player-4755-01AC9FD9,0000000000000000,100,100,0,0,0,-1,0,0,0,-67.54,-210.44,0,6.0060,66
4/28 18:49:59.394  SPELL_MISSED,Player-4755-01AC9FD9,"Alexinho-Dreadmist",0x514,0x0,Creature-0-4457-249-1045-10184-000028665C,"Onyxia",0x10a48,0x0,11294,"Sinister Strike",0x1,DODGE,nil
4/28 18:49:59.427  SPELL_CAST_SUCCESS,Player-4755-0178F576,"Atreas-Dreadmist",0x514,0x0,Creature-0-4457-249-1045-10184-000028665C,"Onyxia",0x10a48,0x0,14290,"Multi-Shot",0x1,Player-4755-0178F576,0000000000000000,100,100,0,0,0,-1,0,0,0,-27.44,-190.22,0,3.7253,66
4/28 18:49:59.603  SPELL_CAST_SUCCESS,Player-4755-01E83279,"Nlmasters-Dreadmist",0x514,0x8,Creature-0-4457-249-1045-10184-000028665C,"Onyxia",0x10a48,0x0,20904,"Aimed Shot",0x1,Player-4755-01E83279,0000000000000000,100,100,0,0,0,-1,0,0,0,-21.61,-188.34,0,3.7353,70
4/28 18:49:59.603  SPELL_CAST_START,Player-4755-01E83279,"Nlmasters-Dreadmist",0x514,0x8,0000000000000000,nil,0x80000000,0x80000000,75,"Auto Shot",0x1
4/28 18:49:59.603  SPELL_PERIODIC_ENERGIZE,Creature-0-4457-249-1045-7416-0000286CBA,"Mana Spring Totem IV",0x2114,0x0,Player-4755-01804B95,"Moymoy-Dreadmist",0x514,0x0,10494,"Mana Spring",0x8,Player-4755-01804B95,0000000000000000,100,100,0,0,0,-1,0,0,0,14.72,-183.07,0,3.2040,66,12.0000,0.0000,0,5366
4/28 18:49:59.603  SPELL_PERIODIC_ENERGIZE,Creature-0-4457-249-1045-7416-0000286CBA,"Mana Spring Totem IV",0x2114,0x0,Player-4755-01FA8DD8,"Roackerita-Dreadmist",0x514,0x0,10494,"Mana Spring",0x8,Player-4755-01FA8DD8,0000000000000000,100,100,0,0,0,-1,0,0,0,-10.68,-186.79,0,3.6831,69,12.0000,0.0000,0,6736
4/28 18:49:59.603  SPELL_PERIODIC_DAMAGE,Player-4755-01FA8D0D,"Roackeru-Dreadmist",0x514,0x0,Creature-0-4457-249-1045-10184-000028665C,"Onyxia",0x10a48,0x0,11713,"Curse of Agony",0x20,Creature-0-4457-249-1045-10184-000028665C,0000000000000000,56,100,0,0,0,-1,0,0,0,-60.24,-215.89,0,0.0052,63,146,132,-1,32,0,0,0,nil,nil,nil
4/28 18:49:59.705  SPELL_PERIODIC_ENERGIZE,Player-4755-01804B95,"Moymoy-Dreadmist",0x514,0x0,Player-4755-01804B95,"Moymoy-Dreadmist",0x514,0x0,15604,"Second Wind",0x40,Player-4755-01804B95,0000000000000000,100,100,0,0,0,-1,0,0,0,14.46,-183.09,0,3.2037,66,30.0000,0.0000,0,5366
4/28 18:49:59.737  SPELL_AURA_REMOVED,Player-4755-020BD78D,"Lonehunter-Dreadmist",0x514,0x0,Player-4755-01F21AE6,"Blahu-Dreadmist",0x40514,0x0,20906,"Trueshot Aura",0x40,BUFF
4/28 18:49:59.737  SPELL_AURA_REMOVED,Pet-0-4457-249-1045-416-01001C47E2,"Ababis",0x1114,0x0,Player-4755-01F21AE6,"Blahu-Dreadmist",0x40514,0x0,11767,"Blood Pact",0x20,BUFF
4/28 18:49:59.756  SPELL_AURA_REMOVED_DOSE,Player-4755-0160BD13,"Mafkees-Dreadmist",0x514,0x0,Player-4755-0160BD13,"Mafkees-Dreadmist",0x514,0x0,23888,"Bloodthirst",0x1,BUFF,2
4/28 18:49:59.756  SPELL_HEAL,Player-4755-0160BD13,"Mafkees-Dreadmist",0x514,0x0,Player-4755-0160BD13,"Mafkees-Dreadmist",0x514,0x0,23891,"Bloodthirst",0x1,Player-4755-0160BD13,0000000000000000,100,100,0,0,0,-1,0,0,0,-68.56,-220.07,0,0.7877,64,20,20,20,0,nil
4/28 18:49:59.756  SPELL_CAST_SUCCESS,Player-4755-016296D3,"Nivl-Dreadmist",0x514,0x0,Creature-0-4457-249-1045-10184-000028665C,"Onyxia",0x10a48,0x0,15208,"Lightning Bolt",0x8,Player-4755-016296D3,0000000000000000,100,100,0,0,0,-1,0,0,0,-26.03,-188.35,0,3.5070,69
4/28 18:49:59.756  SPELL_CAST_START,Player-4755-016296D3,"Nivl-Dreadmist",0x514,0x0,0000000000000000,nil,0x80000000,0x80000000,15208,"Lightning Bolt",0x8
4/28 18:49:59.840  SPELL_CAST_SUCCESS,Player-4755-015FEBD5,"Sauvage-Dreadmist",0x514,0x0,Creature-0-4457-249-1045-10184-000028665C,"Onyxia",0x10a48,0x0,10181,"Frostbolt",0x10,Player-4755-015FEBD5,0000000000000000,100,100,0,0,0,-1,0,0,0,-27.46,-197.80,0,3.6230,64
4/28 18:49:59.886  SPELL_CAST_SUCCESS,Player-4755-01FA8D0D,"Roackeru-Dreadmist",0x514,0x0,Creature-0-4457-249-1045-10184-000028665C,"Onyxia",0x10a48,0x0,11661,"Shadow Bolt",0x20,Player-4755-01FA8D0D,0000000000000000,100,100,0,0,0,-1,0,0,0,-19.39,-203.97,0,3.5735,65
4/28 18:49:59.886  SPELL_CAST_START,Player-4755-01FA8D0D,"Roackeru-Dreadmist",0x514,0x0,0000000000000000,nil,0x80000000,0x80000000,11661,"Shadow Bolt",0x20
4/28 18:49:59.886  SPELL_CAST_SUCCESS,Player-4755-016DF694,"Ashalan-Dreadmist",0x514,0x0,Creature-0-4457-249-1045-10184-000028665C,"Onyxia",0x10a48,0x0,10473,"Frost Shock",0x10,Player-4755-016DF694,0000000000000000,100,100,0,0,0,-1,0,0,0,-61.38,-210.50,0,4.2074,67
4/28 18:49:59.919  SPELL_CAST_SUCCESS,Player-4755-01E83279,"Nlmasters-Dreadmist",0x514,0x8,Creature-0-4457-249-1045-10184-000028665C,"Onyxia",0x10a48,0x0,75,"Auto Shot",0x1,Player-4755-01E83279,0000000000000000,100,100,0,0,0,-1,0,0,0,-21.61,-188.34,0,3.7567,70
4/28 18:49:59.942  SPELL_MISSED,Player-4755-01FA8D0D,"Roackeru-Dreadmist",0x514,0x0,Creature-0-4457-249-1045-10184-000028665C,"Onyxia",0x10a48,0x0,11661,"Shadow Bolt",0x20,RESIST,nil,0
4/28 18:49:59.995  SPELL_CAST_SUCCESS,Player-4755-020BD78D,"Lonehunter-Dreadmist",0x514,0x0,Creature-0-4457-249-1045-10184-000028665C,"Onyxia",0x10a48,0x0,20904,"Aimed Shot",0x1,Player-4755-020BD78D,0000000000000000,100,100,0,0,0,-1,0,0,0,-13.67,-187.83,0,3.7065,70
4/28 18:50:00.018  SPELL_PERIODIC_DAMAGE,Player-4755-0210153A,"Hapuseneb-Dreadmist",0x514,0x0,Creature-0-4457-249-1045-10184-000028665C,"Onyxia",0x10a48,0x0,10893,"Shadow Word: Pain",0x20,Creature-0-4457-249-1045-10184-000028665C,0000000000000000,56,100,0,0,0,-1,0,0,0,-56.49,-215.87,0,0.0050,63,140,127,-1,32,0,0,0,nil,nil,nil
4/28 18:50:00.035  SPELL_CAST_SUCCESS,Player-4755-01637B0A,"Pindle-Dreadmist",0x514,0x0,Creature-0-4457-249-1045-10184-000028665C,"Onyxia",0x10a48,0x0,11300,"Eviscerate",0x1,Player-4755-01637B0A,0000000000000000,100,100,0,0,0,-1,0,0,0,-68.16,-211.79,0,5.2871,65
4/28 18:50:00.084  SPELL_CAST_SUCCESS,Player-4755-021D6506,"Bloodlady-Dreadmist",0x514,0x0,Creature-0-4457-249-1045-10184-000028665C,"Onyxia",0x10a48,0x0,10181,"Frostbolt",0x10,Player-4755-021D6506,0000000000000000,100,100,0,0,0,-1,0,0,0,-35.99,-204.67,0,3.6993,69
4/28 18:50:00.084  SPELL_CAST_START,Player-4755-021D6506,"Bloodlady-Dreadmist",0x514,0x0,0000000000000000,nil,0x80000000,0x80000000,10181,"Frostbolt",0x10
4/28 18:50:00.167  SPELL_DAMAGE,Player-4755-016DF694,"Ashalan-Dreadmist",0x514,0x0,Creature-0-4457-249-1045-10184-000028665C,"Onyxia",0x10a48,0x0,10473,"Frost Shock",0x10,Creature-0-4457-249-1045-10184-000028665C,0000000000000000,56,100,0,0,0,-1,0,0,0,-55.09,-215.87,0,0.0050,63,592,538,-1,16,0,0,0,nil,nil,nil
4/28 18:50:00.167  SPELL_DAMAGE,Player-4755-01637B0A,"Pindle-Dreadmist",0x514,0x0,Creature-0-4457-249-1045-10184-000028665C,"Onyxia",0x10a48,0x0,11300,"Eviscerate",0x1,Creature-0-4457-249-1045-10184-000028665C,0000000000000000,56,100,0,0,0,-1,0,0,0,-55.09,-215.87,0,0.0050,63,1303,810,-1,1,0,0,0,1,nil,nil
4/28 18:50:00.167  SPELL_ENERGIZE,Player-4755-01637B0A,"Pindle-Dreadmist",0x514,0x0,Player-4755-01637B0A,"Pindle-Dreadmist",0x514,0x0,14181,"Relentless Strikes Effect",0x1,Player-4755-01637B0A,0000000000000000,100,100,0,0,0,-1,0,0,0,-67.24,-212.08,0,5.4148,65,25.0000,0.0000,3,100
4/28 18:50:00.167  SPELL_CAST_SUCCESS,Player-4755-0163DD9D,"Kaspais-Dreadmist",0x514,0x0,Creature-0-4457-249-1045-10184-000028665C,"Onyxia",0x10a48,0x0,10181,"Frostbolt",0x10,Player-4755-0163DD9D,0000000000000000,100,100,0,0,0,-1,0,0,0,-50.34,-203.35,0,4.0070,66
4/28 18:50:00.167  SPELL_AURA_REMOVED_DOSE,Player-4755-0163DD9D,"Kaspais-Dreadmist",0x514,0x0,Player-4755-0163DD9D,"Kaspais-Dreadmist",0x514,0x0,24659,"Unstable Power",0x1,BUFF,8
4/28 18:50:00.167  SPELL_CAST_START,Player-4755-0163DD9D,"Kaspais-Dreadmist",0x514,0x0,0000000000000000,nil,0x80000000,0x80000000,10181,"Frostbolt",0x10
4/28 18:50:00.167  RANGE_DAMAGE,Player-4755-0178F576,"Atreas-Dreadmist",0x514,0x0,Creature-0-4457-249-1045-10184-000028665C,"Onyxia",0x10a48,0x0,75,"Auto Shot",0x1,Creature-0-4457-249-1045-10184-000028665C,0000000000000000,56,100,0,0,0,-1,0,0,0,-55.09,-215.87,0,0.0050,63,416,528,-1,1,0,0,0,nil,nil,nil
4/28 18:50:00.186  SPELL_CAST_START,Player-4755-020BD78D,"Lonehunter-Dreadmist",0x514,0x0,0000000000000000,nil,0x80000000,0x80000000,75,"Auto Shot",0x1
4/28 18:50:00.186  SPELL_AURA_REMOVED,Player-4755-01804B95,"Moymoy-Dreadmist",0x514,0x0,Player-4755-01733879,"Hocwar-Dreadmist",0x40514,0x0,29203,"Healing Way",0x2,BUFF
4/28 18:50:00.220  SPELL_PERIODIC_ENERGIZE,Player-4755-01F21AE6,"Blahu-Dreadmist",0x40514,0x0,Player-4755-01F21AE6,"Blahu-Dreadmist",0x40514,0x0,29131,"Bloodrage",0x1,Player-4755-01F21AE6,0000000000000000,100,100,0,0,0,-1,0,0,0,-59.10,-232.08,0,2.7191,70,1.0000,0.0000,1,1000
4/28 18:50:00.236  SPELL_CAST_START,Player-4755-01614AC7,"Mirrimazduur-Dreadmist",0x512,0x0,0000000000000000,nil,0x80000000,0x80000000,11661,"Shadow Bolt",0x20
4/28 18:50:00.269  SPELL_PERIODIC_DAMAGE,Player-4755-01FA8D0D,"Roackeru-Dreadmist",0x514,0x0,Creature-0-4457-249-1045-10184-000028665C,"Onyxia",0x10a48,0x0,11672,"Corruption",0x20,Creature-0-4457-249-1045-10184-000028665C,0000000000000000,56,100,0,0,0,-1,0,0,0,-54.13,-215.86,0,0.0050,63,54,192,-1,32,145,0,0,nil,nil,nil
4/28 18:50:00.288  SPELL_CAST_SUCCESS,Player-4755-01617EEE,"Fenix-Dreadmist",0x512,0x0,Creature-0-4457-249-1045-10184-000028665C,"Onyxia",0x10a48,0x0,10894,"Shadow Word: Pain",0x20,Player-4755-01617EEE,0000000000000000,100,100,0,0,0,-1,0,0,0,-9.38,-201.04,0,3.4842,66
4/28 18:50:00.288  SPELL_MISSED,Player-4755-01617EEE,"Fenix-Dreadmist",0x512,0x0,Creature-0-4457-249-1045-10184-000028665C,"Onyxia",0x10a48,0x0,10894,"Shadow Word: Pain",0x20,RESIST,nil,0
4/28 18:50:00.340  SPELL_CAST_START,Player-4755-0178F576,"Atreas-Dreadmist",0x514,0x0,0000000000000000,nil,0x80000000,0x80000000,75,"Auto Shot",0x1
4/28 18:50:00.401  SPELL_CAST_SUCCESS,Player-4755-01AC9FD9,"Alexinho-Dreadmist",0x514,0x0,Creature-0-4457-249-1045-10184-000028665C,"Onyxia",0x10a48,0x0,11294,"Sinister Strike",0x1,Player-4755-01AC9FD9,0000000000000000,100,100,0,0,0,-1,0,0,0,-61.91,-215.43,0,5.1554,66
4/28 18:50:00.401  SPELL_DAMAGE,Player-4755-01614AC7,"Mirrimazduur-Dreadmist",0x512,0x0,Creature-0-4457-249-1045-10184-000028665C,"Onyxia",0x10a48,0x0,11661,"Shadow Bolt",0x20,Creature-0-4457-249-1045-10184-000028665C,0000000000000000,56,100,0,0,0,-1,0,0,0,-52.88,-215.86,0,0.0050,63,2362,894,-1,32,0,0,0,1,nil,nil
4/28 18:50:00.401  SPELL_CAST_START,Player-4755-01E83279,"Nlmasters-Dreadmist",0x514,0x8,0000000000000000,nil,0x80000000,0x80000000,14290,"Multi-Shot",0x1
4/28 18:50:00.434  SPELL_AURA_REMOVED,Player-4755-0178F576,"Atreas-Dreadmist",0x514,0x0,Player-4755-0178F576,"Atreas-Dreadmist",0x514,0x0,26635,"Berserking",0x1,BUFF
4/28 18:50:00.520  SPELL_MISSED,Player-4755-016296D3,"Nivl-Dreadmist",0x514,0x0,Creature-0-4457-249-1045-10184-000028665C,"Onyxia",0x10a48,0x0,15208,"Lightning Bolt",0x8,RESIST,nil,0
4/28 18:50:00.548  SPELL_CAST_SUCCESS,Pet-0-4457-249-1045-2850-01001956F9,"Kratos",0x1114,0x0,Creature-0-4457-249-1045-10184-000028665C,"Onyxia",0x10a48,0x0,3009,"Claw",0x1,Pet-0-4457-249-1045-2850-01001956F9,Player-4755-0178F576,100,100,0,0,0,-1,0,0,0,-47.54,-213.64,0,3.2626,66
4/28 18:50:00.548  SPELL_MISSED,Pet-0-4457-249-1045-2850-01001956F9,"Kratos",0x1114,0x0,Creature-0-4457-249-1045-10184-000028665C,"Onyxia",0x10a48,0x0,3009,"Claw",0x1,PARRY,nil
4/28 18:50:00.569  SPELL_DAMAGE,Player-4755-01AC9FD9,"Alexinho-Dreadmist",0x514,0x0,Creature-0-4457-249-1045-10184-000028665C,"Onyxia",0x10a48,0x0,11294,"Sinister Strike",0x1,Creature-0-4457-249-1045-10184-000028665C,0000000000000000,56,100,0,0,0,-1,0,0,0,-51.36,-215.85,0,0.0051,63,896,483,-1,1,0,0,0,1,nil,nil
4/28 18:50:00.569  SPELL_MISSED,Player-4755-01614AC7,"Mirrimazduur-Dreadmist",0x512,0x0,Creature-0-4457-249-1045-10184-000028665C,"Onyxia",0x10a48,0x0,17800,"Shadow Vulnerability",0x20,RESIST,nil,0
4/28 18:50:00.570  SPELL_CAST_SUCCESS,Player-4755-01B60A5F,"Zurok-Dreadmist",0x514,0x0,Creature-0-4457-249-1045-10184-000028665C,"Onyxia",0x10a48,0x0,20904,"Aimed Shot",0x1,Player-4755-01B60A5F,0000000000000000,100,100,0,0,0,-1,0,0,0,-15.84,-196.94,0,3.6502,62
4/28 18:50:00.588  SPELL_AURA_REMOVED,Player-4755-01617EEE,"Fenix-Dreadmist",0x512,0x0,Player-4755-01733879,"Hocwar-Dreadmist",0x40514,0x0,15359,"Inspiration",0x2,BUFF
4/28 18:50:00.624  SPELL_CAST_SUCCESS,Player-4755-020BD78D,"Lonehunter-Dreadmist",0x514,0x0,Creature-0-4457-249-1045-10184-000028665C,"Onyxia",0x10a48,0x0,75,"Auto Shot",0x1,Player-4755-020BD78D,0000000000000000,100,100,0,0,0,-1,0,0,0,-13.67,-187.83,0,3.7065,70
4/28 18:50:00.624  SPELL_CAST_START,Player-4755-020BD78D,"Lonehunter-Dreadmist",0x514,0x0,0000000000000000,nil,0x80000000,0x80000000,14290,"Multi-Shot",0x1
4/28 18:50:00.624  SPELL_CAST_SUCCESS,Player-4755-0178F576,"Atreas-Dreadmist",0x514,0x0,Creature-0-4457-249-1045-10184-000028665C,"Onyxia",0x10a48,0x0,75,"Auto Shot",0x1,Player-4755-0178F576,0000000000000000,100,100,0,0,0,-1,0,0,0,-27.44,-190.22,0,3.7253,66
4/28 18:50:00.671  SPELL_DAMAGE,Player-4755-0163DD9D,"Kaspais-Dreadmist",0x514,0x0,Creature-0-4457-249-1045-10184-000028665C,"Onyxia",0x10a48,0x0,10181,"Frostbolt",0x10,Creature-0-4457-249-1045-10184-000028665C,0000000000000000,56,100,0,0,0,-1,0,0,0,-50.39,-215.84,0,0.0052,63,1362,1238,-1,16,0,0,0,nil,nil,nil
4/28 18:50:00.671  SPELL_DAMAGE,Player-4755-01802FE5,"Angrybat-Dreadmist",0x514,0x0,Creature-0-4457-249-1045-10184-000028665C,"Onyxia",0x10a48,0x0,10181,"Frostbolt",0x10,Creature-0-4457-249-1045-10184-000028665C,0000000000000000,56,100,0,0,0,-1,0,0,0,-50.39,-215.84,0,0.0052,63,1138,1034,-1,16,0,0,0,nil,nil,nil
4/28 18:50:00.686  SPELL_PERIODIC_DAMAGE,Player-4755-0160BD13,"Mafkees-Dreadmist",0x514,0x0,Creature-0-4457-249-1045-10184-000028665C,"Onyxia",0x10a48,0x0,12721,"Deep Wound",0x1,Creature-0-4457-249-1045-10184-000028665C,0000000000000000,56,100,0,0,0,-1,0,0,0,-50.25,-215.84,0,0.0053,63,90,90,-1,1,0,0,0,nil,nil,nil
4/28 18:50:00.703  SPELL_CAST_SUCCESS,Player-4755-01E83279,"Nlmasters-Dreadmist",0x514,0x8,Creature-0-4457-249-1045-10184-000028665C,"Onyxia",0x10a48,0x0,14290,"Multi-Shot",0x1,Player-4755-01E83279,0000000000000000,100,100,0,0,0,-1,0,0,0,-21.61,-188.34,0,3.7614,70
4/28 18:50:00.703  SPELL_PERIODIC_ENERGIZE,Player-4755-01804B95,"Moymoy-Dreadmist",0x514,0x0,Player-4755-01804B95,"Moymoy-Dreadmist",0x514,0x0,15604,"Second Wind",0x40,Player-4755-01804B95,0000000000000000,100,100,0,0,0,-1,0,0,0,12.31,-181.92,0,2.8231,66,30.0000,0.0000,0,5366
4/28 18:50:00.703  SPELL_AURA_REMOVED,Player-4755-01804B95,"Moymoy-Dreadmist",0x514,0x0,Player-4755-01804B95,"Moymoy-Dreadmist",0x514,0x0,15604,"Second Wind",0x40,BUFF
4/28 18:50:00.832  SPELL_DAMAGE,Player-4755-01E83279,"Nlmasters-Dreadmist",0x514,0x8,Creature-0-4457-249-1045-10184-000028665C,"Onyxia",0x10a48,0x0,20904,"Aimed Shot",0x1,Creature-0-4457-249-1045-10184-000028665C,0000000000000000,56,100,0,0,0,-1,0,0,0,-48.93,-215.84,0,0.0054,63,848,1075,-1,1,0,0,0,nil,nil,nil
4/28 18:50:00.832  SPELL_CAST_SUCCESS,Player-4755-01F36B30,"Rectumqeef-Dreadmist",0x514,0x0,Creature-0-4457-249-1045-10184-000028665C,"Onyxia",0x10a48,0x0,11661,"Shadow Bolt",0x20,Player-4755-01F36B30,0000000000000000,100,100,0,0,0,-1,0,0,0,-9.02,-196.69,0,3.3500,66
4/28 18:50:00.832  SPELL_CAST_START,Player-4755-01F36B30,"Rectumqeef-Dreadmist",0x514,0x0,0000000000000000,nil,0x80000000,0x80000000,11661,"Shadow Bolt",0x20
4/28 18:50:00.865  SPELL_DAMAGE,Player-4755-0178F576,"Atreas-Dreadmist",0x514,0x0,Creature-0-4457-249-1045-10184-000028665C,"Onyxia",0x10a48,0x0,14290,"Multi-Shot",0x1,Creature-0-4457-249-1045-10184-000028665C,0000000000000000,55,100,0,0,0,-1,0,0,0,-48.63,-215.83,0,0.0055,63,648,822,-1,1,0,0,0,nil,nil,nil
4/28 18:50:00.956  SPELL_MISSED,Player-4755-01802FE5,"Angrybat-Dreadmist",0x514,0x0,Creature-0-4457-249-1045-10184-000028665C,"Onyxia",0x10a48,0x0,12579,"Winter's Chill",0x10,RESIST,nil,0
4/28 18:50:00.990  SPELL_CAST_SUCCESS,Player-4755-01802FE5,"Angrybat-Dreadmist",0x514,0x0,Creature-0-4457-249-1045-10184-000028665C,"Onyxia",0x10a48,0x0,10181,"Frostbolt",0x10,Player-4755-01802FE5,0000000000000000,100,100,0,0,0,-1,0,0,0,-27.37,-196.97,0,3.5848,66
4/28 18:50:00.990  SPELL_CAST_START,Player-4755-01802FE5,"Angrybat-Dreadmist",0x514,0x0,0000000000000000,nil,0x80000000,0x80000000,10181,"Frostbolt",0x10
4/28 18:50:01.011  SPELL_CAST_START,Player-4755-01B60A5F,"Zurok-Dreadmist",0x514,0x0,0000000000000000,nil,0x80000000,0x80000000,75,"Auto Shot",0x1
4/28 18:50:01.067  SPELL_CAST_SUCCESS,Player-4755-0210153A,"Hapuseneb-Dreadmist",0x514,0x0,Creature-0-4457-249-1045-10184-000028665C,"Onyxia",0x10a48,0x0,15261,"Holy Fire",0x2,Player-4755-0210153A,0000000000000000,100,100,0,0,0,-1,0,0,0,-14.18,-206.54,0,3.5146,66
4/28 18:50:01.067  SPELL_CAST_SUCCESS,Player-4755-020BD78D,"Lonehunter-Dreadmist",0x514,0x0,Creature-0-4457-249-1045-10184-000028665C,"Onyxia",0x10a48,0x0,14290,"Multi-Shot",0x1,Player-4755-020BD78D,0000000000000000,100,100,0,0,0,-1,0,0,0,-13.67,-187.83,0,3.6255,70
4/28 18:50:01.067  RANGE_DAMAGE,Player-4755-01E83279,"Nlmasters-Dreadmist",0x514,0x8,Creature-0-4457-249-1045-10184-000028665C,"Onyxia",0x10a48,0x0,75,"Auto Shot",0x1,Creature-0-4457-249-1045-10184-000028665C,0000000000000000,55,100,0,0,0,-1,0,0,0,-46.82,-215.82,0,0.0058,63,370,469,-1,1,0,0,0,nil,nil,nil
4/28 18:50:01.152  SPELL_DAMAGE,Player-4755-015FEBD5,"Sauvage-Dreadmist",0x514,0x0,Creature-0-4457-249-1045-10184-000028665C,"Onyxia",0x10a48,0x0,10181,"Frostbolt",0x10,Creature-0-4457-249-1045-10184-000028665C,0000000000000000,55,100,0,0,0,-1,0,0,0,-46.02,-215.82,0,0.0060,63,1134,1030,-1,16,0,0,0,nil,nil,nil
4/28 18:50:01.221  SPELL_PERIODIC_ENERGIZE,Player-4755-01F21AE6,"Blahu-Dreadmist",0x40514,0x0,Player-4755-01F21AE6,"Blahu-Dreadmist",0x40514,0x0,29131,"Bloodrage",0x1,Player-4755-01F21AE6,0000000000000000,100,100,0,0,0,-1,0,0,0,-54.78,-236.20,0,1.0384,70,1.0000,0.0000,1,1000
4/28 18:50:01.228  SPELL_MISSED,Player-4755-021D6506,"Bloodlady-Dreadmist",0x514,0x0,Creature-0-4457-249-1045-10184-000028665C,"Onyxia",0x10a48,0x0,10181,"Frostbolt",0x10,RESIST,nil,0
4/28 18:50:01.228  SPELL_PERIODIC_HEAL,Player-4755-02045EF4,"Necrosini-Dreadmist",0x512,0x0,Player-4755-01FA8D0D,"Roackeru-Dreadmist",0x514,0x0,10929,"Renew",0x2,Player-4755-01FA8D0D,0000000000000000,100,100,0,0,0,-1,0,0,0,-19.39,-203.97,0,3.5735,65,254,254,254,0,nil
4/28 18:50:01.253  SPELL_AURA_REMOVED,Player-4755-01E83279,"Nlmasters-Dreadmist",0x514,0x8,Player-4755-01E83279,"Nlmasters-Dreadmist",0x514,0x8,3045,"Rapid Fire",0x40,BUFF
4/28 18:50:01.307  SPELL_CAST_START,Player-4755-0210153A,"Hapuseneb-Dreadmist",0x514,0x0,0000000000000000,nil,0x80000000,0x80000000,10934,"Smite",0x2
4/28 18:50:01.323  SPELL_DAMAGE,Player-4755-020BD78D,"Lonehunter-Dreadmist",0x514,0x0,Creature-0-4457-249-1045-10184-000028665C,"Onyxia",0x10a48,0x0,20904,"Aimed Shot",0x1,Creature-0-4457-249-1045-10184-000028665C,0000000000000000,55,100,0,0,0,-1,0,0,0,-44.48,-215.81,0,0.0063,63,903,1145,-1,1,0,0,0,nil,nil,nil
4/28 18:50:01.372  SPELL_DAMAGE,Player-4755-0210153A,"Hapuseneb-Dreadmist",0x514,0x0,Creature-0-4457-249-1045-10184-000028665C,"Onyxia",0x10a48,0x0,15261,"Holy Fire",0x2,Creature-0-4457-249-1045-10184-000028665C,0000000000000000,55,100,0,0,0,-1,0,0,0,-44.06,-215.81,0,0.0065,63,488,488,-1,2,0,0,0,nil,nil,nil
4/28 18:50:01.372  SPELL_AURA_APPLIED,Player-4755-0210153A,"Hapuseneb-Dreadmist",0x514,0x0,Creature-0-4457-249-1045-10184-000028665C,"Onyxia",0x10a48,0x0,15261,"Holy Fire",0x2,DEBUFF
4/28 18:50:01.372  SPELL_DAMAGE,Player-4755-01F36B30,"Rectumqeef-Dreadmist",0x514,0x0,Creature-0-4457-249-1045-10184-000028665C,"Onyxia",0x10a48,0x0,11661,"Shadow Bolt",0x20,Creature-0-4457-249-1045-10184-000028665C,0000000000000000,55,100,0,0,0,-1,0,0,0,-44.06,-215.81,0,0.0065,63,936,945,-1,32,236,0,0,nil,nil,nil
4/28 18:50:01.410  SPELL_CAST_START,Player-4755-01E83279,"Nlmasters-Dreadmist",0x514,0x8,0000000000000000,nil,0x80000000,0x80000000,75,"Auto Shot",0x1
4/28 18:50:01.455  SPELL_CAST_SUCCESS,Player-4755-01B60A5F,"Zurok-Dreadmist",0x514,0x0,Creature-0-4457-249-1045-10184-000028665C,"Onyxia",0x10a48,0x0,75,"Auto Shot",0x1,Player-4755-01B60A5F,0000000000000000,100,100,0,0,0,-1,0,0,0,-15.84,-196.94,0,4.2746,62
4/28 18:50:01.499  SPELL_PERIODIC_DAMAGE,Player-4755-0178F416,"Eltorero-Dreadmist",0x514,0x0,Creature-0-4457-249-1045-10184-000028665C,"Onyxia",0x10a48,0x0,12721,"Deep Wound",0x1,Creature-0-4457-249-1045-10184-000028665C,0000000000000000,55,100,0,0,0,-1,0,0,0,-42.90,-215.80,0,0.0068,63,111,110,-1,1,0,0,0,nil,nil,nil
4/28 18:50:01.514  SPELL_AURA_REMOVED,Player-4755-021D6506,"Bloodlady-Dreadmist",0x514,0x0,Player-4755-021D6506,"Bloodlady-Dreadmist",0x514,0x0,12042,"Arcane Power",0x40,BUFF
4/28 18:50:01.514  RANGE_DAMAGE,Player-4755-0178F576,"Atreas-Dreadmist",0x514,0x0,Creature-0-4457-249-1045-10184-000028665C,"Onyxia",0x10a48,0x0,75,"Auto Shot",0x1,Creature-0-4457-249-1045-10184-000028665C,0000000000000000,55,100,0,0,0,-1,0,0,0,-42.77,-215.80,0,0.0068,63,437,554,-1,1,0,0,0,nil,nil,nil
4/28 18:50:01.582  SPELL_DAMAGE,Player-4755-01B60A5F,"Zurok-Dreadmist",0x514,0x0,Creature-0-4457-249-1045-10184-000028665C,"Onyxia",0x10a48,0x0,20904,"Aimed Shot",0x1,Creature-0-4457-249-1045-10184-000028665C,0000000000000000,55,100,0,0,0,-1,0,0,0,-42.21,-215.79,0,0.0070,63,849,1077,-1,1,0,0,0,nil,nil,nil
4/28 18:50:01.598  SPELL_PERIODIC_ENERGIZE,Creature-0-4457-249-1045-7416-0000286CBA,"Mana Spring Totem IV",0x2114,0x0,Player-4755-01804B95,"Moymoy-Dreadmist",0x514,0x0,10494,"Mana Spring",0x8,Player-4755-01804B95,0000000000000000,100,100,0,0,0,-1,0,0,0,12.31,-181.92,0,3.5889,66,13.0000,0.0000,0,5366
4/28 18:50:01.615  SPELL_PERIODIC_DAMAGE,Player-4755-01FA8D0D,"Roackeru-Dreadmist",0x514,0x0,Creature-0-4457-249-1045-10184-000028665C,"Onyxia",0x10a48,0x0,11713,"Curse of Agony",0x20,Creature-0-4457-249-1045-10184-000028665C,0000000000000000,55,100,0,0,0,-1,0,0,0,-41.91,-215.79,0,0.0071,63,146,132,-1,32,0,0,0,nil,nil,nil
4/28 18:50:01.797  RANGE_DAMAGE,Player-4755-020BD78D,"Lonehunter-Dreadmist",0x514,0x0,Creature-0-4457-249-1045-10184-000028665C,"Onyxia",0x10a48,0x0,75,"Auto Shot",0x1,Creature-0-4457-249-1045-10184-000028665C,0000000000000000,55,100,0,0,0,-1,0,0,0,-40.30,-215.78,0,0.0077,63,367,466,-1,1,0,0,0,nil,nil,nil
4/28 18:50:01.827  SPELL_CAST_SUCCESS,Player-4755-016296D3,"Nivl-Dreadmist",0x514,0x0,0000000000000000,nil,0x80000000,0x80000000,10497,"Mana Spring Totem",0x10,Player-4755-016296D3,0000000000000000,100,100,0,0,0,-1,0,0,0,-30.34,-184.23,0,3.5070,69
4/28 18:50:01.827  SPELL_SUMMON,Player-4755-016296D3,"Nivl-Dreadmist",0x514,0x0,Creature-0-4457-249-1045-7416-0000286CC9,"Mana Spring Totem IV",0xa28,0x0,10497,"Mana Spring Totem",0x10
4/28 18:50:01.846  SPELL_PERIODIC_DAMAGE,Player-4755-01B60A5F,"Zurok-Dreadmist",0x514,0x0,Creature-0-4457-249-1045-10184-000028665C,"Onyxia",0x10a48,0x0,13555,"Serpent Sting",0x8,Creature-0-4457-249-1045-10184-000028665C,0000000000000000,55,100,0,0,0,-1,0,0,0,-39.92,-215.78,0,0.0079,63,76,100,-1,8,25,0,0,nil,nil,nil
4/28 18:50:01.846  SPELL_CAST_SUCCESS,Player-4755-01E83279,"Nlmasters-Dreadmist",0x514,0x8,Creature-0-4457-249-1045-10184-000028665C,"Onyxia",0x10a48,0x0,75,"Auto Shot",0x1,Player-4755-01E83279,0000000000000000,100,100,0,0,0,-1,0,0,0,-21.61,-188.34,0,3.9845,70
4/28 18:50:01.846  SPELL_AURA_REMOVED,Player-4755-01637B0A,"Pindle-Dreadmist",0x514,0x0,Player-4755-01637B0A,"Pindle-Dreadmist",0x514,0x0,20007,"Holy Strength",0x2,BUFF
4/28 18:50:01.908  SPELL_DAMAGE,Player-4755-016296D3,"Nivl-Dreadmist",0x514,0x0,Creature-0-4457-249-1045-10184-000028665C,"Onyxia",0x10a48,0x0,15208,"Lightning Bolt",0x8,Creature-0-4457-249-1045-10184-000028665C,0000000000000000,55,100,0,0,0,-1,0,0,0,-39.34,-215.77,0,0.0081,63,402,536,-1,8,134,0,0,nil,nil,nil
4/28 18:50:01.953  SPELL_PERIODIC_DAMAGE,Player-4755-01614AC7,"Mirrimazduur-Dreadmist",0x512,0x0,Creature-0-4457-249-1045-10184-000028665C,"Onyxia",0x10a48,0x0,11672,"Corruption",0x20,Creature-0-4457-249-1045-10184-000028665C,0000000000000000,55,100,0,0,0,-1,0,0,0,-38.97,-215.77,0,0.0083,63,207,188,-1,32,0,0,0,nil,nil,nil
4/28 18:50:01.960  SPELL_MISSED,Player-4755-01FA8D0D,"Roackeru-Dreadmist",0x514,0x0,Creature-0-4457-249-1045-10184-000028665C,"Onyxia",0x10a48,0x0,11661,"Shadow Bolt",0x20,RESIST,nil,0
4/28 18:50:01.960  SPELL_CAST_SUCCESS,Player-4755-021D6506,"Bloodlady-Dreadmist",0x514,0x0,Creature-0-4457-249-1045-10184-000028665C,"Onyxia",0x10a48,0x0,10181,"Frostbolt",0x10,Player-4755-021D6506,0000000000000000,100,100,0,0,0,-1,0,0,0,-35.99,-204.67,0,4.4376,69
4/28 18:50:01.960  SPELL_CAST_START,Player-4755-021D6506,"Bloodlady-Dreadmist",0x514,0x0,0000000000000000,nil,0x80000000,0x80000000,10181,"Frostbolt",0x10
4/28 18:50:02.029  SPELL_DAMAGE,Player-4755-01802FE5,"Angrybat-Dreadmist",0x514,0x0,Creature-0-4457-249-1045-10184-000028665C,"Onyxia",0x10a48,0x0,10181,"Frostbolt",0x10,Creature-0-4457-249-1045-10184-000028665C,0000000000000000,55,100,0,0,0,-1,0,0,0,-38.32,-215.76,0,0.0086,63,1161,1055,-1,16,0,0,0,nil,nil,nil
4/28 18:50:02.047  SWING_DAMAGE,Player-4755-01733879,"Hocwar-Dreadmist",0x40514,0x0,Creature-0-4457-249-1045-11262-0001A86CB9,"Onyxian Whelp",0xa48,0x0,Player-4755-01733879,0000000000000000,100,100,0,0,0,-1,0,0,0,-42.29,-232.65,0,5.4135,71,146,236,-1,1,0,0,0,nil,nil,nil
4/28 18:50:02.047  SPELL_CAST_SUCCESS,Player-4755-0178F416,"Eltorero-Dreadmist",0x514,0x0,Creature-0-4457-249-1045-10184-000028665C,"Onyxia",0x10a48,0x0,7373,"Hamstring",0x1,Player-4755-0178F416,0000000000000000,100,100,0,0,0,-1,0,0,0,-50.71,-220.30,0,0.5272,67
4/28 18:50:02.064  SPELL_DAMAGE,Player-4755-01E83279,"Nlmasters-Dreadmist",0x514,0x8,Creature-0-4457-249-1045-10184-000028665C,"Onyxia",0x10a48,0x0,14290,"Multi-Shot",0x1,Creature-0-4457-249-1045-10184-000028665C,0000000000000000,55,100,0,0,0,-1,0,0,0,-38.02,-215.76,0,0.0088,63,463,588,-1,1,0,0,0,nil,nil,nil
4/28 18:50:02.064  SPELL_CAST_START,Player-4755-016DF694,"Ashalan-Dreadmist",0x514,0x0,0000000000000000,nil,0x80000000,0x80000000,15208,"Lightning Bolt",0x8
4/28 18:50:02.093  SPELL_AURA_REMOVED,Player-4755-01AC9FD9,"Alexinho-Dreadmist",0x514,0x0,Player-4755-01AC9FD9,"Alexinho-Dreadmist",0x514,0x0,13877,"Blade Flurry",0x1,BUFF
4/28 18:50:02.174  SWING_DAMAGE,Creature-0-4457-249-1045-11262-0001A86CB9,"Onyxian Whelp",0xa48,0x0,Player-4755-01733879,"Hocwar-Dreadmist",0x40514,0x0,Creature-0-4457-249-1045-11262-0001A86CB9,0000000000000000,100,100,0,0,0,-1,0,0,0,-40.38,-238.86,0,2.9038,57,208,457,-1,1,0,0,0,nil,nil,nil
4/28 18:50:02.174  SWING_DAMAGE_LANDED,Player-4755-01733879,"Hocwar-Dreadmist",0x40514,0x0,Creature-0-4457-249-1045-11262-0001A86CB9,"Onyxian Whelp",0xa48,0x0,Creature-0-4457-249-1045-11262-0001A86CB9,0000000000000000,95,100,0,0,0,-1,0,0,0,-40.38,-238.86,0,2.9038,57,146,236,-1,1,0,0,0,nil,nil,nil
4/28 18:50:02.174  SPELL_DAMAGE,Player-4755-0178F416,"Eltorero-Dreadmist",0x514,0x0,Creature-0-4457-249-1045-10184-000028665C,"Onyxia",0x10a48,0x0,7373,"Hamstring",0x1,Creature-0-4457-249-1045-10184-000028665C,0000000000000000,55,100,0,0,0,-1,0,0,0,-37.13,-215.75,0,0.0093,63,37,46,-1,1,0,0,0,nil,nil,nil
4/28 18:50:02.206  SPELL_PERIODIC_DAMAGE,Player-4755-01F36B30,"Rectumqeef-Dreadmist",0x514,0x0,Creature-0-4457-249-1045-10184-000028665C,"Onyxia",0x10a48,0x0,11672,"Corruption",0x20,Creature-0-4457-249-1045-10184-000028665C,0000000000000000,55,100,0,0,0,-1,0,0,0,-36.83,-215.75,0,0.0094,63,224,203,-1,32,0,0,0,nil,nil,nil
4/28 18:50:02.220  SPELL_PERIODIC_ENERGIZE,Player-4755-01F21AE6,"Blahu-Dreadmist",0x40514,0x0,Player-4755-01F21AE6,"Blahu-Dreadmist",0x40514,0x0,29131,"Bloodrage",0x1,Player-4755-01F21AE6,0000000000000000,100,100,0,0,0,-1,0,0,0,-48.79,-238.89,0,0.0304,70,1.0000,0.0000,1,1000
4/28 18:50:02.286  SPELL_CAST_SUCCESS,Player-4755-01733879,"Hocwar-Dreadmist",0x40514,0x0,Creature-0-4457-249-1045-11262-0001A86CB9,"Onyxian Whelp",0xa48,0x0,23881,"Bloodthirst",0x1,Player-4755-01733879,0000000000000000,100,100,0,0,0,-1,0,0,0,-42.15,-234.33,0,5.3820,71
4/28 18:50:02.302  SPELL_PERIODIC_HEAL,Player-4755-01617EEE,"Fenix-Dreadmist",0x512,0x0,Player-4755-01614AC7,"Mirrimazduur-Dreadmist",0x512,0x0,10929,"Renew",0x2,Player-4755-01614AC7,0000000000000000,100,100,0,0,0,-1,0,0,0,-19.69,-185.50,0,3.7686,68,331,331,331,0,nil
4/28 18:50:02.317  RANGE_DAMAGE,Player-4755-01B60A5F,"Zurok-Dreadmist",0x514,0x0,Creature-0-4457-249-1045-10184-000028665C,"Onyxia",0x10a48,0x0,75,"Auto Shot",0x1,Creature-0-4457-249-1045-10184-000028665C,0000000000000000,55,100,0,0,0,-1,0,0,0,-35.92,-215.74,0,0.0100,63,822,438,-1,1,0,0,0,1,nil,nil
4/28 18:50:02.347  SPELL_CAST_SUCCESS,Player-4755-01A6B139,"Sakatan-Dreadmist",0x514,0x0,Creature-0-4457-249-1045-10184-000028665C,"Onyxia",0x10a48,0x0,11281,"Backstab",0x1,Player-4755-01A6B139,0000000000000000,100,100,0,0,0,-1,0,0,0,-50.10,-216.69,0,0.0478,69
4/28 18:50:02.361  SWING_DAMAGE,Player-4755-01733879,"Hocwar-Dreadmist",0x40514,0x0,Creature-0-4457-249-1045-11262-0001A86CB9,"Onyxian Whelp",0xa48,0x0,Player-4755-01733879,0000000000000000,100,100,0,0,0,-1,0,0,0,-42.04,-234.87,0,5.3820,71,84,135,-1,1,0,0,0,nil,nil,nil
4/28 18:50:02.391  SPELL_CAST_SUCCESS,Player-4755-01FA8D0D,"Roackeru-Dreadmist",0x514,0x0,Creature-0-4457-249-1045-10184-000028665C,"Onyxia",0x10a48,0x0,11661,"Shadow Bolt",0x20,Player-4755-01FA8D0D,0000000000000000,100,100,0,0,0,-1,0,0,0,-19.39,-203.97,0,3.6717,65
4/28 18:50:02.391  SPELL_CAST_START,Player-4755-01FA8D0D,"Roackeru-Dreadmist",0x514,0x0,0000000000000000,nil,0x80000000,0x80000000,11661,"Shadow Bolt",0x20
4/28 18:50:02.420  SPELL_DAMAGE,Player-4755-021D6506,"Bloodlady-Dreadmist",0x514,0x0,Creature-0-4457-249-1045-10184-000028665C,"Onyxia",0x10a48,0x0,10181,"Frostbolt",0x10,Creature-0-4457-249-1045-10184-000028665C,0000000000000000,55,100,0,0,0,-1,0,0,0,-35.06,-215.73,0,0.0105,63,1017,924,-1,16,0,0,0,nil,nil,nil
4/28 18:50:02.545  SPELL_DAMAGE,Player-4755-020BD78D,"Lonehunter-Dreadmist",0x514,0x0,Creature-0-4457-249-1045-10184-000028665C,"Onyxia",0x10a48,0x0,14290,"Multi-Shot",0x1,Creature-0-4457-249-1045-10184-000028665C,0000000000000000,54,100,0,0,0,-1,0,0,0,-33.99,-215.72,0,0.0118,63,538,683,-1,1,0,0,0,nil,nil,nil
4/28 18:50:02.576  SWING_DAMAGE,Creature-0-4457-249-1045-11262-0003A86CB9,"Onyxian Whelp",0xa48,0x0,Player-4755-01F21AE6,"Blahu-Dreadmist",0x40514,0x0,Creature-0-4457-249-1045-11262-0003A86CB9,0000000000000000,100,100,0,0,0,-1,0,0,0,-43.18,-245.09,0,2.4572,56,171,390,-1,1,0,0,0,nil,nil,nil
4/28 18:50:02.593  SWING_DAMAGE_LANDED,Creature-0-4457-249-1045-11262-0001A86CB9,"Onyxian Whelp",0xa48,0x0,Player-4755-01733879,"Hocwar-Dreadmist",0x40514,0x0,Player-4755-01733879,0000000000000000,97,100,0,0,0,-1,0,0,0,-41.22,-236.40,0,4.9736,71,208,457,-1,1,0,0,0,nil,nil,nil
4/28 18:50:02.593  SPELL_AURA_REMOVED_DOSE,Player-4755-0178F416,"Eltorero-Dreadmist",0x514,0x0,Player-4755-0178F416,"Eltorero-Dreadmist",0x514,0x0,23888,"Bloodthirst",0x1,BUFF,2
4/28 18:50:02.593  SPELL_HEAL,Player-4755-0178F416,"Eltorero-Dreadmist",0x514,0x0,Player-4755-0178F416,"Eltorero-Dreadmist",0x514,0x0,23891,"Bloodthirst",0x1,Player-4755-0178F416,0000000000000000,100,100,0,0,0,-1,0,0,0,-47.08,-218.23,0,0.6665,67,20,20,20,0,nil
4/28 18:50:02.593  SPELL_DAMAGE,Player-4755-01733879,"Hocwar-Dreadmist",0x40514,0x0,Creature-0-4457-249-1045-11262-0001A86CB9,"Onyxian Whelp",0xa48,0x0,23881,"Bloodthirst",0x1,Creature-0-4457-249-1045-11262-0001A86CB9,0000000000000000,84,100,0,0,0,-1,0,0,0,-42.56,-241.10,0,6.0407,57,306,495,-1,1,0,0,0,nil,nil,nil
4/28 18:50:02.593  SPELL_AURA_APPLIED,Player-4755-01733879,"Hocwar-Dreadmist",0x40514,0x0,Player-4755-01733879,"Hocwar-Dreadmist",0x40514,0x0,23885,"Bloodthirst",0x1,BUFF
4/28 18:50:02.593  SPELL_DAMAGE,Player-4755-01A6B139,"Sakatan-Dreadmist",0x514,0x0,Creature-0-4457-249-1045-10184-000028665C,"Onyxia",0x10a48,0x0,11281,"Backstab",0x1,Creature-0-4457-249-1045-10184-000028665C,0000000000000000,54,100,0,0,0,-1,0,0,0,-33.52,-215.72,0,0.0127,63,1100,609,-1,1,0,0,0,1,nil,nil
4/28 18:50:02.593  SWING_DAMAGE_LANDED,Player-4755-01733879,"Hocwar-Dreadmist",0x40514,0x0,Creature-0-4457-249-1045-11262-0001A86CB9,"Onyxian Whelp",0xa48,0x0,Creature-0-4457-249-1045-11262-0001A86CB9,0000000000000000,81,100,0,0,0,-1,0,0,0,-42.56,-241.10,0,6.0407,57,84,135,-1,1,0,0,0,nil,nil,nil
4/28 18:50:02.593  SPELL_AURA_APPLIED,Player-4755-0178F576,"Atreas-Dreadmist",0x514,0x0,Player-4755-0178F416,"Eltorero-Dreadmist",0x514,0x0,20906,"Trueshot Aura",0x40,BUFF
4/28 18:50:02.593  SPELL_AURA_APPLIED,Player-4755-0178F576,"Atreas-Dreadmist",0x514,0x0,Player-4755-0160BD13,"Mafkees-Dreadmist",0x514,0x0,20906,"Trueshot Aura",0x40,BUFF
4/28 18:50:02.593  SWING_DAMAGE_LANDED,Creature-0-4457-249-1045-11262-0003A86CB9,"Onyxian Whelp",0xa48,0x0,Player-4755-01F21AE6,"Blahu-Dreadmist",0x40514,0x0,Player-4755-01F21AE6,0000000000000000,98,100,0,0,0,-1,0,0,0,-48.79,-241.69,0,6.2770,70,171,390,-1,1,0,0,0,nil,nil,nil
4/28 18:50:02.676  SPELL_CAST_SUCCESS,Player-4755-0163DD9D,"Kaspais-Dreadmist",0x514,0x0,Creature-0-4457-249-1045-10184-000028665C,"Onyxia",0x10a48,0x0,10181,"Frostbolt",0x10,Player-4755-0163DD9D,0000000000000000,100,100,0,0,0,-1,0,0,0,-50.34,-203.35,0,5.8448,66
4/28 18:50:02.676  SPELL_AURA_REMOVED_DOSE,Player-4755-0163DD9D,"Kaspais-Dreadmist",0x514,0x0,Player-4755-0163DD9D,"Kaspais-Dreadmist",0x514,0x0,24659,"Unstable Power",0x1,BUFF,7
4/28 18:50:02.676  SPELL_CAST_START,Player-4755-0163DD9D,"Kaspais-Dreadmist",0x514,0x0,0000000000000000,nil,0x80000000,0x80000000,10181,"Frostbolt",0x10
4/28 18:50:02.707  RANGE_DAMAGE,Player-4755-01E83279,"Nlmasters-Dreadmist",0x514,0x8,Creature-0-4457-249-1045-10184-000028665C,"Onyxia",0x10a48,0x0,75,"Auto Shot",0x1,Creature-0-4457-249-1045-10184-000028665C,0000000000000000,54,100,0,0,0,-1,0,0,0,-32.41,-215.70,0,0.0148,63,879,498,-1,1,0,0,0,1,nil,nil
4/28 18:50:02.707  SPELL_CAST_START,Player-4755-020BD78D,"Lonehunter-Dreadmist",0x514,0x0,0000000000000000,nil,0x80000000,0x80000000,75,"Auto Shot",0x1
4/28 18:50:02.757  SPELL_DAMAGE,Player-4755-01E83279,"Nlmasters-Dreadmist",0x514,0x8,Creature-0-4457-249-1045-11262-0001A86CB9,"Onyxian Whelp",0xa48,0x0,14290,"Multi-Shot",0x1,Creature-0-4457-249-1045-11262-0001A86CB9,0000000000000000,52,100,0,0,0,-1,0,0,0,-41.76,-241.30,0,6.0407,57,813,587,-1,1,0,0,0,1,nil,nil
4/28 18:50:02.757  SPELL_PERIODIC_ENERGIZE,Player-4755-01802FE5,"Angrybat-Dreadmist",0x514,0x0,Player-4755-01802FE5,"Angrybat-Dreadmist",0x514,0x0,18194,"Mana Regeneration",0x1,Player-4755-01802FE5,0000000000000000,100,100,0,0,0,-1,0,0,0,-27.37,-196.97,0,3.8832,66,8.0000,0.0000,0,6033
4/28 18:50:02.757  SPELL_CAST_START,Player-4755-01614AC7,"Mirrimazduur-Dreadmist",0x512,0x0,0000000000000000,nil,0x80000000,0x80000000,11661,"Shadow Bolt",0x20
4/28 18:50:02.817  SWING_MISSED,Player-4755-01F21AE6,"Blahu-Dreadmist",0x40514,0x0,Creature-0-4457-249-1045-11262-0003A86CB9,"Onyxian Whelp",0xa48,0x0,MISS,nil
4/28 18:50:02.877  SPELL_AURA_APPLIED,Player-4755-0160BD13,"Mafkees-Dreadmist",0x514,0x0,Player-4755-0160BD13,"Mafkees-Dreadmist",0x514,0x0,18499,"Berserker Rage",0x1,BUFF
4/28 18:50:02.877  SPELL_CAST_SUCCESS,Player-4755-0160BD13,"Mafkees-Dreadmist",0x514,0x0,0000000000000000,nil,0x80000000,0x80000000,18499,"Berserker Rage",0x1,Player-4755-0160BD13,0000000000000000,100,100,0,0,0,-1,0,0,0,-51.13,-218.55,0,0.1908,64
4/28 18:50:02.877  SPELL_CAST_SUCCESS,Player-4755-01802FE5,"Angrybat-Dreadmist",0x514,0x0,Creature-0-4457-249-1045-10184-000028665C,"Onyxia",0x10a48,0x0,10181,"Frostbolt",0x10,Player-4755-01802FE5,0000000000000000,100,100,0,0,0,-1,0,0,0,-27.37,-196.97,0,3.9578,66
4/28 18:50:02.877  SPELL_CAST_START,Player-4755-01802FE5,"Angrybat-Dreadmist",0x514,0x0,0000000000000000,nil,0x80000000,0x80000000,10181,"Frostbolt",0x10
4/28 18:50:02.910  SPELL_AURA_REMOVED,Player-4755-0178F416,"Eltorero-Dreadmist",0x514,0x0,Player-4755-0178F416,"Eltorero-Dreadmist",0x514,0x0,23888,"Bloodthirst",0x1,BUFF
4/28 18:50:02.996  SPELL_CAST_SUCCESS,Pet-0-4457-249-1045-7432-01002D8BC6,"Cat",0x1114,0x0,Creature-0-4457-249-1045-10184-000028665C,"Onyxia",0x10a48,0x0,17261,"Bite",0x1,Pet-0-4457-249-1045-7432-01002D8BC6,Player-4755-01E83279,100,100,0,0,0,-1,0,0,0,-46.81,-212.73,0,3.3035,70
4/28 18:50:02.996  SPELL_CAST_SUCCESS,Pet-0-4457-249-1045-7456-03003178E8,"Owl",0x1114,0x0,Creature-0-4457-249-1045-10184-000028665C,"Onyxia",0x10a48,0x0,3009,"Claw",0x1,Pet-0-4457-249-1045-7456-03003178E8,Player-4755-01B60A5F,100,100,0,0,0,-1,0,0,0,-47.94,-214.61,0,3.2130,62
4/28 18:50:02.996  SPELL_ENERGIZE,Player-4755-01733879,"Hocwar-Dreadmist",0x40514,0x0,Player-4755-01733879,"Hocwar-Dreadmist",0x40514,0x0,12964,"Unbridled Wrath",0x1,Player-4755-01733879,0000000000000000,97,100,0,0,0,-1,0,0,0,-41.12,-239.22,0,4.3885,71,1.0000,0.0000,1,1000
4/28 18:50:02.996  SPELL_AURA_REMOVED_DOSE,Player-4755-01733879,"Hocwar-Dreadmist",0x40514,0x0,Player-4755-01733879,"Hocwar-Dreadmist",0x40514,0x0,23885,"Bloodthirst",0x1,BUFF,4
4/28 18:50:02.996  SPELL_HEAL,Player-4755-01733879,"Hocwar-Dreadmist",0x40514,0x0,Player-4755-01733879,"Hocwar-Dreadmist",0x40514,0x0,23880,"Bloodthirst",0x1,Player-4755-01733879,0000000000000000,97,100,0,0,0,-1,0,0,0,-41.12,-239.22,0,4.3885,71,10,10,0,0,nil
4/28 18:50:02.996  SPELL_AURA_REMOVED_DOSE,Player-4755-01733879,"Hocwar-Dreadmist",0x40514,0x0,Player-4755-01733879,"Hocwar-Dreadmist",0x40514,0x0,23885,"Bloodthirst",0x1,BUFF,3
4/28 18:50:02.996  SPELL_HEAL,Player-4755-01733879,"Hocwar-Dreadmist",0x40514,0x0,Player-4755-01733879,"Hocwar-Dreadmist",0x40514,0x0,23880,"Bloodthirst",0x1,Player-4755-01733879,0000000000000000,97,100,0,0,0,-1,0,0,0,-41.12,-239.22,0,4.3885,71,10,10,0,0,nil
4/28 18:50:02.996  SPELL_AURA_APPLIED,Player-4755-01B60A5F,"Zurok-Dreadmist",0x514,0x0,Player-4755-016DF694,"Ashalan-Dreadmist",0x514,0x0,20906,"Trueshot Aura",0x40,BUFF
4/28 18:50:02.996  SPELL_AURA_APPLIED,Player-4755-01B60A5F,"Zurok-Dreadmist",0x514,0x0,Player-4755-01637B0A,"Pindle-Dreadmist",0x514,0x0,20906,"Trueshot Aura",0x40,BUFF
4/28 18:50:02.996  SPELL_DAMAGE,Pet-0-4457-249-1045-7432-01002D8BC6,"Cat",0x1114,0x0,Creature-0-4457-249-1045-10184-000028665C,"Onyxia",0x10a48,0x0,17261,"Bite",0x1,Creature-0-4457-249-1045-10184-000028665C,0000000000000000,54,100,0,0,0,-1,0,0,0,-29.80,-215.66,0,0.0194,63,162,205,-1,1,0,0,0,nil,nil,nil
4/28 18:50:02.996  SPELL_DAMAGE,Pet-0-4457-249-1045-7456-03003178E8,"Owl",0x1114,0x0,Creature-0-4457-249-1045-10184-000028665C,"Onyxia",0x10a48,0x0,3009,"Claw",0x1,Creature-0-4457-249-1045-10184-000028665C,0000000000000000,54,100,0,0,0,-1,0,0,0,-29.80,-215.66,0,0.0194,63,48,61,-1,1,0,0,0,nil,nil,nil
4/28 18:50:03.022  SPELL_PERIODIC_DAMAGE,Player-4755-0210153A,"Hapuseneb-Dreadmist",0x514,0x0,Creature-0-4457-249-1045-10184-000028665C,"Onyxia",0x10a48,0x0,10893,"Shadow Word: Pain",0x20,Creature-0-4457-249-1045-10184-000028665C,0000000000000000,54,100,0,0,0,-1,0,0,0,-29.55,-215.65,0,0.0198,63,140,127,-1,32,0,0,0,nil,nil,nil
4/28 18:50:03.063  SPELL_DAMAGE,Player-4755-01E83279,"Nlmasters-Dreadmist",0x514,0x8,Creature-0-4457-249-1045-11262-0003A86CB9,"Onyxian Whelp",0xa48,0x0,14290,"Multi-Shot",0x1,Creature-0-4457-249-1045-11262-0003A86CB9,0000000000000000,87,100,0,0,0,-1,0,0,0,-44.24,-244.46,0,2.6269,56,361,580,-1,1,0,0,0,nil,nil,nil
4/28 18:50:03.080  SWING_DAMAGE,Creature-0-4457-249-1045-11262-0004A86CB9,"Onyxian Whelp",0xa48,0x0,Player-4755-01F21AE6,"Blahu-Dreadmist",0x40514,0x0,Creature-0-4457-249-1045-11262-0004A86CB9,0000000000000000,100,100,0,0,0,-1,0,0,0,-44.71,-246.35,0,2.4553,57,212,478,-1,1,0,0,0,nil,nil,nil
4/28 18:50:03.130  SPELL_DAMAGE,Player-4755-020BD78D,"Lonehunter-Dreadmist",0x514,0x0,Creature-0-4457-249-1045-11262-0001A86CB9,"Onyxian Whelp",0xa48,0x0,14290,"Multi-Shot",0x1,Creature-0-4457-249-1045-11262-0001A86CB9,0000000000000000,15,100,0,0,0,-1,0,0,0,-40.47,-241.45,0,6.1924,57,1015,698,-1,1,0,0,0,1,nil,nil
4/28 18:50:03.148  SPELL_CAST_SUCCESS,Player-4755-01AC9FD9,"Alexinho-Dreadmist",0x514,0x0,Creature-0-4457-249-1045-10184-000028665C,"Onyxia",0x10a48,0x0,11294,"Sinister Strike",0x1,Player-4755-01AC9FD9,0000000000000000,100,100,0,0,0,-1,0,0,0,-49.11,-214.85,0,1.5929,66
4/28 18:50:03.148  SPELL_CAST_SUCCESS,Player-4755-020BD78D,"Lonehunter-Dreadmist",0x514,0x0,Creature-0-4457-249-1045-10184-000028665C,"Onyxia",0x10a48,0x0,75,"Auto Shot",0x1,Player-4755-020BD78D,0000000000000000,100,100,0,0,0,-1,0,0,0,-13.52,-180.56,0,4.1569,70
4/28 18:50:03.181  SPELL_DAMAGE,Player-4755-01F36B30,"Rectumqeef-Dreadmist",0x514,0x0,Creature-0-4457-249-1045-10184-000028665C,"Onyxia",0x10a48,0x0,11661,"Shadow Bolt",0x20,Creature-0-4457-249-1045-10184-000028665C,0000000000000000,54,100,0,0,0,-1,0,0,0,-28.13,-215.62,0,0.0219,63,1014,922,-1,32,0,0,0,nil,nil,nil
4/28 18:50:03.226  SPELL_PERIODIC_ENERGIZE,Player-4755-01F21AE6,"Blahu-Dreadmist",0x40514,0x0,Player-4755-01F21AE6,"Blahu-Dreadmist",0x40514,0x0,29131,"Bloodrage",0x1,Player-4755-01F21AE6,0000000000000000,98,100,0,0,0,-1,0,0,0,-49.76,-244.28,0,0.1116,70,1.0000,0.0000,1,1000
4/28 18:50:03.273  SPELL_PERIODIC_DAMAGE,Player-4755-01FA8D0D,"Roackeru-Dreadmist",0x514,0x0,Creature-0-4457-249-1045-10184-000028665C,"Onyxia",0x10a48,0x0,11672,"Corruption",0x20,Creature-0-4457-249-1045-10184-000028665C,0000000000000000,54,100,0,0,0,-1,0,0,0,-27.33,-215.60,0,0.0228,63,54,192,-1,32,145,0,0,nil,nil,nil
4/28 18:50:03.304  SPELL_CAST_SUCCESS,Player-4755-0210153A,"Hapuseneb-Dreadmist",0x514,0x0,Creature-0-4457-249-1045-10184-000028665C,"Onyxia",0x10a48,0x0,10934,"Smite",0x2,Player-4755-0210153A,0000000000000000,100,100,0,0,0,-1,0,0,0,-14.18,-206.54,0,3.5146,66
4/28 18:50:03.354  SPELL_CAST_SUCCESS,Player-4755-01F36B30,"Rectumqeef-Dreadmist",0x514,0x0,Creature-0-4457-249-1045-10184-000028665C,"Onyxia",0x10a48,0x0,11661,"Shadow Bolt",0x20,Player-4755-01F36B30,0000000000000000,100,100,0,0,0,-1,0,0,0,-9.02,-196.69,0,3.4914,66
4/28 18:50:03.354  SPELL_CAST_START,Player-4755-01F36B30,"Rectumqeef-Dreadmist",0x514,0x0,0000000000000000,nil,0x80000000,0x80000000,11661,"Shadow Bolt",0x20
4/28 18:50:03.374  SPELL_PERIODIC_DAMAGE,Player-4755-0210153A,"Hapuseneb-Dreadmist",0x514,0x0,Creature-0-4457-249-1045-10184-000028665C,"Onyxia",0x10a48,0x0,15261,"Holy Fire",0x2,Creature-0-4457-249-1045-10184-000028665C,0000000000000000,54,100,0,0,0,-1,0,0,0,-26.50,-215.58,0,0.0236,63,26,33,-1,2,8,0,0,nil,nil,nil
4/28 18:50:03.374  SPELL_CAST_START,Player-4755-016296D3,"Nivl-Dreadmist",0x514,0x0,0000000000000000,nil,0x80000000,0x80000000,15208,"Lightning Bolt",0x8
4/28 18:50:03.393  SWING_DAMAGE_LANDED,Creature-0-4457-249-1045-11262-0004A86CB9,"Onyxian Whelp",0xa48,0x0,Player-4755-01F21AE6,"Blahu-Dreadmist",0x40514,0x0,Player-4755-01F21AE6,0000000000000000,95,100,0,0,0,-1,0,0,0,-50.41,-244.03,0,0.1535,70,212,478,-1,1,0,0,0,nil,nil,nil
4/28 18:50:03.410  SPELL_DAMAGE,Player-4755-01AC9FD9,"Alexinho-Dreadmist",0x514,0x0,Creature-0-4457-249-1045-10184-000028665C,"Onyxia",0x10a48,0x0,11294,"Sinister Strike",0x1,Creature-0-4457-249-1045-10184-000028665C,0000000000000000,54,100,0,0,0,-1,0,0,0,-26.18,-215.58,0,0.0239,63,356,451,-1,1,0,0,0,nil,nil,nil
4/28 18:50:03.410  SPELL_DAMAGE,Player-4755-0210153A,"Hapuseneb-Dreadmist",0x514,0x0,Creature-0-4457-249-1045-10184-000028665C,"Onyxia",0x10a48,0x0,10934,"Smite",0x2,Creature-0-4457-249-1045-10184-000028665C,0000000000000000,54,100,0,0,0,-1,0,0,0,-26.18,-215.58,0,0.0239,63,467,467,-1,2,0,0,0,nil,nil,nil
4/28 18:50:03.410  SPELL_AURA_APPLIED,Player-4755-020BD78D,"Lonehunter-Dreadmist",0x514,0x0,Player-4755-01840577,"Raggèn-Dreadmist",0x514,0x0,20906,"Trueshot Aura",0x40,BUFF
4/28 18:50:03.428  SPELL_DAMAGE,Player-4755-020BD78D,"Lonehunter-Dreadmist",0x514,0x0,Creature-0-4457-249-1045-11262-0003A86CB9,"Onyxian Whelp",0xa48,0x0,14290,"Multi-Shot",0x1,Creature-0-4457-249-1045-11262-0003A86CB9,0000000000000000,71,100,0,0,0,-1,0,0,0,-46.47,-243.35,0,2.7234,56,416,668,-1,1,0,0,0,nil,nil,nil
4/28 18:50:03.444  SPELL_AURA_REMOVED,Player-4755-01ED7A64,"Sperzieboon-Dreadmist",0x514,0x0,Player-4755-01802FE5,"Angrybat-Dreadmist",0x514,0x0,10060,"Power Infusion",0x2,BUFF
4/28 18:50:03.461  SPELL_DAMAGE,Player-4755-0163DD9D,"Kaspais-Dreadmist",0x514,0x0,Creature-0-4457-249-1045-10184-000028665C,"Onyxia",0x10a48,0x0,10181,"Frostbolt",0x10,Creature-0-4457-249-1045-10184-000028665C,0000000000000000,54,100,0,0,0,-1,0,0,0,-25.74,-215.57,0,0.0242,63,1341,1219,-1,16,0,0,0,nil,nil,nil
4/28 18:50:03.481  SPELL_CAST_SUCCESS,Player-4755-01637B0A,"Pindle-Dreadmist",0x514,0x0,Creature-0-4457-249-1045-10184-000028665C,"Onyxia",0x10a48,0x0,11281,"Backstab",0x1,Player-4755-01637B0A,0000000000000000,100,100,0,0,0,-1,0,0,0,-43.88,-216.78,0,0.0878,65
4/28 18:50:03.532  SPELL_DAMAGE,Player-4755-01FA8D0D,"Roackeru-Dreadmist",0x514,0x0,Creature-0-4457-249-1045-10184-000028665C,"Onyxia",0x10a48,0x0,11661,"Shadow Bolt",0x20,Creature-0-4457-249-1045-10184-000028665C,0000000000000000,54,100,0,0,0,-1,0,0,0,-25.14,-215.55,0,0.0246,63,944,858,-1,32,0,0,0,nil,nil,nil
4/28 18:50:03.582  SPELL_AURA_REMOVED,Player-4755-01E83279,"Nlmasters-Dreadmist",0x514,0x8,Pet-0-4457-249-1045-7432-01002D8BC6,"Cat",0x1114,0x0,19574,"Bestial Wrath",0x1,BUFF
4/28 18:50:03.618  SPELL_PERIODIC_ENERGIZE,Creature-0-4457-249-1045-7416-0000286CBA,"Mana Spring Totem IV",0x2114,0x0,Player-4755-01804B95,"Moymoy-Dreadmist",0x514,0x0,10494,"Mana Spring",0x8,Player-4755-01804B95,0000000000000000,100,100,0,0,0,-1,0,0,0,11.26,-181.35,0,2.6417,66,13.0000,0.0000,0,5366
4/28 18:50:03.618  SPELL_PERIODIC_DAMAGE,Player-4755-01FA8D0D,"Roackeru-Dreadmist",0x514,0x0,Creature-0-4457-249-1045-10184-000028665C,"Onyxia",0x10a48,0x0,11713,"Curse of Agony",0x20,Creature-0-4457-249-1045-10184-000028665C,0000000000000000,54,100,0,0,0,-1,0,0,0,-24.46,-215.53,0,0.0248,63,146,132,-1,32,0,0,0,nil,nil,nil
4/28 18:50:03.652  SPELL_DAMAGE,Player-4755-01802FE5,"Angrybat-Dreadmist",0x514,0x0,Creature-0-4457-249-1045-10184-000028665C,"Onyxia",0x10a48,0x0,10181,"Frostbolt",0x10,Creature-0-4457-249-1045-10184-000028665C,0000000000000000,54,100,0,0,0,-1,0,0,0,-24.15,-215.53,0,0.0249,63,1143,1038,-1,16,0,0,0,nil,nil,nil
4/28 18:50:03.689  SPELL_PERIODIC_DAMAGE,Player-4755-0160BD13,"Mafkees-Dreadmist",0x514,0x0,Creature-0-4457-249-1045-10184-000028665C,"Onyxia",0x10a48,0x0,12721,"Deep Wound",0x1,Creature-0-4457-249-1045-10184-000028665C,0000000000000000,54,100,0,0,0,-1,0,0,0,-23.88,-215.52,0,0.0249,63,90,90,-1,1,0,0,0,nil,nil,nil
4/28 18:50:03.689  SPELL_AURA_REMOVED,Player-4755-0160BD13,"Mafkees-Dreadmist",0x514,0x0,Creature-0-4457-249-1045-10184-000028665C,"Onyxia",0x10a48,0x0,12721,"Deep Wound",0x1,DEBUFF
4/28 18:50:03.741  SPELL_AURA_REMOVED,Player-4755-0160BD13,"Mafkees-Dreadmist",0x514,0x0,Player-4755-0160BD13,"Mafkees-Dreadmist",0x514,0x0,23888,"Bloodthirst",0x1,BUFF
4/28 18:50:03.808  SPELL_DAMAGE,Player-4755-01637B0A,"Pindle-Dreadmist",0x514,0x0,Creature-0-4457-249-1045-10184-000028665C,"Onyxia",0x10a48,0x0,11281,"Backstab",0x1,Creature-0-4457-249-1045-10184-000028665C,0000000000000000,54,100,0,0,0,-1,0,0,0,-22.88,-215.50,0,0.0248,63,1212,672,-1,1,0,0,0,1,nil,nil
4/28 18:50:03.859  SPELL_CAST_SUCCESS,Player-4755-021D6506,"Bloodlady-Dreadmist",0x514,0x0,Creature-0-4457-249-1045-10184-000028665C,"Onyxia",0x10a48,0x0,10181,"Frostbolt",0x10,Player-4755-021D6506,0000000000000000,100,100,0,0,0,-1,0,0,0,-35.99,-204.67,0,4.8107,69
4/28 18:50:03.859  SPELL_CAST_START,Player-4755-021D6506,"Bloodlady-Dreadmist",0x514,0x0,0000000000000000,nil,0x80000000,0x80000000,10181,"Frostbolt",0x10
4/28 18:50:03.859  SPELL_AURA_APPLIED,Player-4755-01733879,"Hocwar-Dreadmist",0x40514,0x0,Player-4755-01733879,"Hocwar-Dreadmist",0x40514,0x0,10610,"Windfury Totem",0x8,BUFF
4/28 18:50:03.859  SPELL_EXTRA_ATTACKS,Player-4755-01733879,"Hocwar-Dreadmist",0x40514,0x0,Player-4755-01733879,"Hocwar-Dreadmist",0x40514,0x0,10610,"Windfury Totem",0x8,1
4/28 18:50:03.859  SWING_DAMAGE,Player-4755-01733879,"Hocwar-Dreadmist",0x40514,0x0,Creature-0-4457-249-1045-11262-0001A86CB9,"Onyxian Whelp",0xa48,0x0,Player-4755-01733879,0000000000000000,97,100,0,0,0,-1,0,0,0,-39.67,-245.24,0,4.2707,71,129,207,-1,1,0,0,0,nil,nil,nil
4/28 18:50:03.876  SWING_DAMAGE,Player-4755-01733879,"Hocwar-Dreadmist",0x40514,0x0,Creature-0-4457-249-1045-11262-0001A86CB9,"Onyxian Whelp",0xa48,0x0,Player-4755-01733879,0000000000000000,97,100,0,0,0,-1,0,0,0,-39.72,-245.35,0,4.2707,71,164,266,-1,1,0,0,0,nil,nil,nil
4/28 18:50:03.959  SWING_DAMAGE,Player-4755-01733879,"Hocwar-Dreadmist",0x40514,0x0,Creature-0-4457-249-1045-11262-0001A86CB9,"Onyxian Whelp",0xa48,0x0,Player-4755-01733879,0000000000000000,97,100,0,0,0,-1,0,0,0,-40.00,-245.93,0,4.2707,71,100,162,-1,1,0,0,0,nil,nil,nil
4/28 18:50:04.100  SPELL_PERIODIC_ENERGIZE,Player-4755-01BC57A3,"Saintis-Dreadmist",0x511,0x0,Player-4755-01BC57A3,"Saintis-Dreadmist",0x511,0x0,18194,"Mana Regeneration",0x1,Player-4755-01BC57A3,0000000000000000,100,100,0,0,0,-1,0,0,0,1.56,-192.73,0,3.2675,68,8.0000,0.0000,0,7212
4/28 18:50:04.148  RANGE_DAMAGE,Player-4755-020BD78D,"Lonehunter-Dreadmist",0x514,0x0,Creature-0-4457-249-1045-10184-000028665C,"Onyxia",0x10a48,0x0,75,"Auto Shot",0x1,Creature-0-4457-249-1045-10184-000028665C,0000000000000000,54,100,0,0,0,-1,0,0,0,-20.06,-215.43,0,0.0226,63,407,516,-1,1,0,0,0,nil,nil,nil
4/28 18:50:04.148  SPELL_AURA_REMOVED,Player-4755-0163DD9D,"Kaspais-Dreadmist",0x514,0x0,Player-4755-0163DD9D,"Kaspais-Dreadmist",0x514,0x0,12042,"Arcane Power",0x40,BUFF
4/28 18:50:04.181  SWING_DAMAGE,Creature-0-4457-249-1045-11262-0001A86CB9,"Onyxian Whelp",0xa48,0x0,Player-4755-01733879,"Hocwar-Dreadmist",0x40514,0x0,Creature-0-4457-249-1045-11262-0001A86CB9,0000000000000000,15,100,0,0,0,-1,0,0,0,-39.36,-244.06,0,5.0164,57,183,404,-1,1,0,0,0,nil,nil,nil
4/28 18:50:04.222  SWING_DAMAGE_LANDED,Player-4755-01733879,"Hocwar-Dreadmist",0x40514,0x0,Creature-0-4457-249-1045-11262-0001A86CB9,"Onyxian Whelp",0xa48,0x0,Creature-0-4457-249-1045-11262-0001A86CB9,0000000000000000,10,100,0,0,0,-1,0,0,0,-39.36,-244.06,0,5.0164,57,129,207,-1,1,0,0,0,nil,nil,nil
4/28 18:50:04.222  SWING_DAMAGE_LANDED,Player-4755-01733879,"Hocwar-Dreadmist",0x40514,0x0,Creature-0-4457-249-1045-11262-0001A86CB9,"Onyxian Whelp",0xa48,0x0,Creature-0-4457-249-1045-11262-0001A86CB9,0000000000000000,5,100,0,0,0,-1,0,0,0,-39.36,-244.06,0,5.0164,57,164,266,-1,1,0,0,0,nil,nil,nil
4/28 18:50:04.222  SWING_DAMAGE_LANDED,Player-4755-01733879,"Hocwar-Dreadmist",0x40514,0x0,Creature-0-4457-249-1045-11262-0001A86CB9,"Onyxian Whelp",0xa48,0x0,Creature-0-4457-249-1045-11262-0001A86CB9,0000000000000000,1,100,0,0,0,-1,0,0,0,-39.36,-244.06,0,5.0164,57,100,162,-1,1,0,0,0,nil,nil,nil
4/28 18:50:04.222  SWING_DAMAGE_LANDED,Creature-0-4457-249-1045-11262-0001A86CB9,"Onyxian Whelp",0xa48,0x0,Player-4755-01733879,"Hocwar-Dreadmist",0x40514,0x0,Player-4755-01733879,0000000000000000,94,100,0,0,0,-1,0,0,0,-40.84,-247.71,0,4.2707,71,183,404,-1,1,0,0,0,nil,nil,nil
4/28 18:50:04.239  SPELL_AURA_REMOVED,Pet-0-4457-249-1045-2850-01001956F9,"Kratos",0x1114,0x0,Pet-0-4457-249-1045-2850-01001956F9,"Kratos",0x1114,0x0,23110,"Dash",0x1,BUFF
4/28 18:50:04.239  SPELL_PERIODIC_HEAL,Player-4755-02045EF4,"Necrosini-Dreadmist",0x512,0x0,Player-4755-01FA8D0D,"Roackeru-Dreadmist",0x514,0x0,10929,"Renew",0x2,Player-4755-01FA8D0D,0000000000000000,100,100,0,0,0,-1,0,0,0,-19.39,-203.97,0,3.8916,65,253,253,253,0,nil
4/28 18:50:04.239  SPELL_AURA_REMOVED,Player-4755-02045EF4,"Necrosini-Dreadmist",0x512,0x0,Player-4755-01FA8D0D,"Roackeru-Dreadmist",0x514,0x0,10929,"Renew",0x2,BUFF
4/28 18:50:04.437  SPELL_CAST_SUCCESS,Player-4755-01733879,"Hocwar-Dreadmist",0x40514,0x0,0000000000000000,nil,0x80000000,0x80000000,11556,"Demoralizing Shout",0x1,Player-4755-01733879,0000000000000000,94,100,0,0,0,-1,0,0,0,-41.50,-249.11,0,4.2225,71
4/28 18:50:04.499  SPELL_PERIODIC_DAMAGE,Player-4755-0178F416,"Eltorero-Dreadmist",0x514,0x0,Creature-0-4457-249-1045-10184-000028665C,"Onyxia",0x10a48,0x0,12721,"Deep Wound",0x1,Creature-0-4457-249-1045-10184-000028665C,0000000000000000,54,100,0,0,0,-1,0,0,0,-17.10,-215.37,0,0.0178,63,111,110,-1,1,0,0,0,nil,nil,nil
4/28 18:50:04.499  SPELL_AURA_REMOVED,Player-4755-0178F416,"Eltorero-Dreadmist",0x514,0x0,Creature-0-4457-249-1045-10184-000028665C,"Onyxia",0x10a48,0x0,12721,"Deep Wound",0x1,DEBUFF
4/28 18:50:04.499  SPELL_DAMAGE,Player-4755-021D6506,"Bloodlady-Dreadmist",0x514,0x0,Creature-0-4457-249-1045-10184-000028665C,"Onyxia",0x10a48,0x0,10181,"Frostbolt",0x10,Creature-0-4457-249-1045-10184-000028665C,0000000000000000,54,100,0,0,0,-1,0,0,0,-17.10,-215.37,0,0.0178,63,995,904,-1,16,0,0,0,nil,nil,nil
4/28 18:50:04.592  SPELL_PERIODIC_ENERGIZE,Creature-0-4457-249-1045-7416-0000286CC9,"Mana Spring Totem IV",0x2114,0x0,Player-4755-016296D3,"Nivl-Dreadmist",0x514,0x0,10494,"Mana Spring",0x8,Player-4755-016296D3,0000000000000000,100,100,0,0,0,-1,0,0,0,-27.19,-179.56,0,5.3252,69,10.0000,0.0000,0,5845
4/28 18:50:04.592  SPELL_PERIODIC_ENERGIZE,Creature-0-4457-249-1045-7416-0000286CC9,"Mana Spring Totem IV",0x2114,0x0,Player-4755-0178F576,"Atreas-Dreadmist",0x514,0x0,10494,"Mana Spring",0x8,Player-4755-0178F576,0000000000000000,100,100,0,0,0,-1,0,0,0,-31.72,-188.94,0,5.1076,66,10.0000,0.0000,0,3765
4/28 18:50:04.614  SPELL_AURA_REMOVED_DOSE,Player-4755-01733879,"Hocwar-Dreadmist",0x40514,0x0,Player-4755-01733879,"Hocwar-Dreadmist",0x40514,0x0,10610,"Windfury Totem",0x8,BUFF,1
4/28 18:50:04.614  SPELL_AURA_REMOVED_DOSE,Player-4755-01733879,"Hocwar-Dreadmist",0x40514,0x0,Player-4755-01733879,"Hocwar-Dreadmist",0x40514,0x0,23885,"Bloodthirst",0x1,BUFF,2
4/28 18:50:04.631  SPELL_HEAL,Player-4755-01733879,"Hocwar-Dreadmist",0x40514,0x0,Player-4755-01733879,"Hocwar-Dreadmist",0x40514,0x0,23880,"Bloodthirst",0x1,Player-4755-01733879,0000000000000000,94,100,0,0,0,-1,0,0,0,-41.29,-249.11,0,3.5599,71,10,10,0,0,nil
4/28 18:50:04.631  SPELL_AURA_REMOVED_DOSE,Player-4755-01733879,"Hocwar-Dreadmist",0x40514,0x0,Player-4755-01733879,"Hocwar-Dreadmist",0x40514,0x0,23885,"Bloodthirst",0x1,BUFF,1
4/28 18:50:04.631  SPELL_HEAL,Player-4755-01733879,"Hocwar-Dreadmist",0x40514,0x0,Player-4755-01733879,"Hocwar-Dreadmist",0x40514,0x0,23880,"Bloodthirst",0x1,Player-4755-01733879,0000000000000000,94,100,0,0,0,-1,0,0,0,-41.29,-249.11,0,3.5599,71,10,10,0,0,nil
4/28 18:50:04.631  SPELL_AURA_REMOVED,Player-4755-01733879,"Hocwar-Dreadmist",0x40514,0x0,Player-4755-01733879,"Hocwar-Dreadmist",0x40514,0x0,10610,"Windfury Totem",0x8,BUFF
4/28 18:50:04.631  SPELL_HEAL,Player-4755-01733879,"Hocwar-Dreadmist",0x40514,0x0,Player-4755-01733879,"Hocwar-Dreadmist",0x40514,0x0,23880,"Bloodthirst",0x1,Player-4755-01733879,0000000000000000,95,100,0,0,0,-1,0,0,0,-41.29,-249.11,0,3.5599,71,10,10,0,0,nil
4/28 18:50:04.631  SPELL_AURA_REMOVED,Player-4755-01733879,"Hocwar-Dreadmist",0x40514,0x0,Player-4755-01733879,"Hocwar-Dreadmist",0x40514,0x0,23885,"Bloodthirst",0x1,BUFF
4/28 18:50:04.631  SPELL_AURA_APPLIED,Player-4755-01733879,"Hocwar-Dreadmist",0x40514,0x0,Creature-0-4457-249-1045-11262-0001A86CB9,"Onyxian Whelp",0xa48,0x0,11556,"Demoralizing Shout",0x1,DEBUFF
4/28 18:50:04.631  SPELL_AURA_APPLIED,Player-4755-01733879,"Hocwar-Dreadmist",0x40514,0x0,Creature-0-4457-249-1045-11262-0002286CB9,"Onyxian Whelp",0xa48,0x0,11556,"Demoralizing Shout",0x1,DEBUFF
4/28 18:50:04.632  SPELL_AURA_APPLIED,Player-4755-01733879,"Hocwar-Dreadmist",0x40514,0x0,Creature-0-4457-249-1045-11262-0003286CB9,"Onyxian Whelp",0xa48,0x0,11556,"Demoralizing Shout",0x1,DEBUFF
4/28 18:50:04.632  SPELL_AURA_APPLIED,Player-4755-01733879,"Hocwar-Dreadmist",0x40514,0x0,Creature-0-4457-249-1045-11262-0003A86CB9,"Onyxian Whelp",0xa48,0x0,11556,"Demoralizing Shout",0x1,DEBUFF
4/28 18:50:04.632  SPELL_AURA_APPLIED,Player-4755-01733879,"Hocwar-Dreadmist",0x40514,0x0,Creature-0-4457-249-1045-11262-0004A86CB9,"Onyxian Whelp",0xa48,0x0,11556,"Demoralizing Shout",0x1,DEBUFF
4/28 18:50:04.632  SPELL_AURA_APPLIED,Player-4755-01733879,"Hocwar-Dreadmist",0x40514,0x0,Creature-0-4457-249-1045-11262-0006286CB9,"Onyxian Whelp",0xa48,0x0,11556,"Demoralizing Shout",0x1,DEBUFF
4/28 18:50:04.632  SWING_DAMAGE,Creature-0-4457-249-1045-11262-0003286CB9,"Onyxian Whelp",0xa48,0x0,Player-4755-01733879,"Hocwar-Dreadmist",0x40514,0x0,Creature-0-4457-249-1045-11262-0003286CB9,0000000000000000,100,100,0,0,0,-1,0,0,0,-40.03,-251.82,0,1.8925,57,141,310,-1,1,0,0,0,nil,nil,nil
4/28 18:50:04.695  SPELL_CAST_SUCCESS,Player-4755-01F21AE6,"Blahu-Dreadmist",0x40514,0x0,Creature-0-4457-249-1045-11262-0004A86CB9,"Onyxian Whelp",0xa48,0x0,23894,"Bloodthirst",0x1,Player-4755-01F21AE6,0000000000000000,95,100,0,0,0,-1,0,0,0,-53.51,-242.17,0,6.2744,70
4/28 18:50:04.769  SPELL_CAST_SUCCESS,Player-4755-01802FE5,"Angrybat-Dreadmist",0x514,0x0,Creature-0-4457-249-1045-10184-000028665C,"Onyxia",0x10a48,0x0,10181,"Frostbolt",0x10,Player-4755-01802FE5,0000000000000000,100,100,0,0,0,-1,0,0,0,-27.37,-196.97,0,4.5861,66
4/28 18:50:04.769  SPELL_CAST_START,Player-4755-01802FE5,"Angrybat-Dreadmist",0x514,0x0,0000000000000000,nil,0x80000000,0x80000000,10181,"Frostbolt",0x10
4/28 18:50:04.815  SPELL_DAMAGE,Player-4755-01F36B30,"Rectumqeef-Dreadmist",0x514,0x0,Creature-0-4457-249-1045-10184-000028665C,"Onyxia",0x10a48,0x0,11661,"Shadow Bolt",0x20,Creature-0-4457-249-1045-10184-000028665C,0000000000000000,53,100,0,0,0,-1,0,0,0,-14.31,-215.33,0,0.0118,63,1022,928,-1,32,0,0,0,nil,nil,nil
4/28 18:50:04.843  SPELL_PERIODIC_DAMAGE,Player-4755-01B60A5F,"Zurok-Dreadmist",0x514,0x0,Creature-0-4457-249-1045-10184-000028665C,"Onyxia",0x10a48,0x0,13555,"Serpent Sting",0x8,Creature-0-4457-249-1045-10184-000028665C,0000000000000000,53,100,0,0,0,-1,0,0,0,-14.04,-215.32,0,0.0111,63,76,100,-1,8,25,0,0,nil,nil,nil
4/28 18:50:04.873  SPELL_CAST_SUCCESS,Player-4755-01FA8D0D,"Roackeru-Dreadmist",0x514,0x0,Creature-0-4457-249-1045-10184-000028665C,"Onyxia",0x10a48,0x0,11661,"Shadow Bolt",0x20,Player-4755-01FA8D0D,0000000000000000,100,100,0,0,0,-1,0,0,0,-19.39,-203.97,0,4.4610,65
4/28 18:50:04.873  SPELL_CAST_START,Player-4755-01FA8D0D,"Roackeru-Dreadmist",0x514,0x0,0000000000000000,nil,0x80000000,0x80000000,11661,"Shadow Bolt",0x20
4/28 18:50:04.904  SWING_DAMAGE,Player-4755-01F21AE6,"Blahu-Dreadmist",0x40514,0x0,Creature-0-4457-249-1045-11262-0004A86CB9,"Onyxian Whelp",0xa48,0x0,Player-4755-01F21AE6,0000000000000000,95,100,0,0,0,-1,0,0,0,-53.51,-242.17,0,6.2744,70,82,132,-1,1,0,0,0,nil,nil,nil
4/28 18:50:04.940  SPELL_PERIODIC_DAMAGE,Player-4755-01614AC7,"Mirrimazduur-Dreadmist",0x512,0x0,Creature-0-4457-249-1045-10184-000028665C,"Onyxia",0x10a48,0x0,11672,"Corruption",0x20,Creature-0-4457-249-1045-10184-000028665C,0000000000000000,53,100,0,0,0,-1,0,0,0,-13.18,-215.31,0,0.0091,63,207,188,-1,32,0,0,0,nil,nil,nil
4/28 18:50:05.003  SPELL_AURA_REMOVED,Player-4755-01B60A5F,"Zurok-Dreadmist",0x514,0x0,Player-4755-01733879,"Hocwar-Dreadmist",0x40514,0x0,20906,"Trueshot Aura",0x40,BUFF
4/28 18:50:05.023  SPELL_ENERGIZE,Player-4755-01733879,"Hocwar-Dreadmist",0x40514,0x0,Player-4755-01733879,"Hocwar-Dreadmist",0x40514,0x0,12964,"Unbridled Wrath",0x1,Player-4755-01733879,0000000000000000,95,100,0,0,0,-1,0,0,0,-39.86,-248.22,0,3.5599,71,1.0000,0.0000,1,1000
4/28 18:50:05.023  SPELL_ENERGIZE,Player-4755-01733879,"Hocwar-Dreadmist",0x40514,0x0,Player-4755-01733879,"Hocwar-Dreadmist",0x40514,0x0,12964,"Unbridled Wrath",0x1,Player-4755-01733879,0000000000000000,95,100,0,0,0,-1,0,0,0,-39.86,-248.22,0,3.5599,71,1.0000,0.0000,1,1000
4/28 18:50:05.023  SWING_DAMAGE_LANDED,Creature-0-4457-249-1045-11262-0003286CB9,"Onyxian Whelp",0xa48,0x0,Player-4755-01733879,"Hocwar-Dreadmist",0x40514,0x0,Player-4755-01733879,0000000000000000,92,100,0,0,0,-1,0,0,0,-39.86,-248.22,0,3.5599,71,141,310,-1,1,0,0,0,nil,nil,nil
4/28 18:50:05.023  SPELL_DAMAGE,Player-4755-01F21AE6,"Blahu-Dreadmist",0x40514,0x0,Creature-0-4457-249-1045-11262-0004A86CB9,"Onyxian Whelp",0xa48,0x0,23894,"Bloodthirst",0x1,Creature-0-4457-249-1045-11262-0004A86CB9,0000000000000000,80,100,0,0,0,-1,0,0,0,-50.73,-243.19,0,5.9268,57,562,454,-1,1,0,0,0,1,nil,nil
4/28 18:50:05.023  SPELL_AURA_APPLIED,Player-4755-01F21AE6,"Blahu-Dreadmist",0x40514,0x0,Player-4755-01F21AE6,"Blahu-Dreadmist",0x40514,0x0,23888,"Bloodthirst",0x1,BUFF
4/28 18:50:05.023  SWING_DAMAGE_LANDED,Player-4755-01F21AE6,"Blahu-Dreadmist",0x40514,0x0,Creature-0-4457-249-1045-11262-0004A86CB9,"Onyxian Whelp",0xa48,0x0,Creature-0-4457-249-1045-11262-0004A86CB9,0000000000000000,77,100,0,0,0,-1,0,0,0,-50.73,-243.19,0,5.9268,57,82,132,-1,1,0,0,0,nil,nil,nil
4/28 18:50:05.071  SPELL_CAST_SUCCESS,Player-4755-016DF694,"Ashalan-Dreadmist",0x514,0x0,Creature-0-4457-249-1045-10184-000028665C,"Onyxia",0x10a48,0x0,15208,"Lightning Bolt",0x8,Player-4755-016DF694,0000000000000000,100,100,0,0,0,-1,0,0,0,-53.63,-206.20,0,0.1170,67
4/28 18:50:05.071  SPELL_CAST_START,Player-4755-016DF694,"Ashalan-Dreadmist",0x514,0x0,0000000000000000,nil,0x80000000,0x80000000,15208,"Lightning Bolt",0x8
4/28 18:50:05.087  SWING_DAMAGE,Creature-0-4457-249-1045-11262-0004A86CB9,"Onyxian Whelp",0xa48,0x0,Player-4755-01F21AE6,"Blahu-Dreadmist",0x40514,0x0,Creature-0-4457-249-1045-11262-0004A86CB9,0000000000000000,77,100,0,0,0,-1,0,0,0,-50.23,-243.38,0,5.9268,57,165,372,-1,1,0,0,0,nil,nil,nil
4/28 18:50:05.124  SWING_MISSED,Creature-0-4457-249-1045-11262-0002286CB9,"Onyxian Whelp",0xa48,0x0,Player-4755-01733879,"Hocwar-Dreadmist",0x40514,0x0,DODGE,nil
4/28 18:50:05.183  SPELL_CAST_SUCCESS,Player-4755-0163DD9D,"Kaspais-Dreadmist",0x514,0x0,Creature-0-4457-249-1045-10184-000028665C,"Onyxia",0x10a48,0x0,10181,"Frostbolt",0x10,Player-4755-0163DD9D,0000000000000000,100,100,0,0,0,-1,0,0,0,-50.34,-203.35,0,6.1433,66
4/28 18:50:05.183  SPELL_AURA_REMOVED_DOSE,Player-4755-0163DD9D,"Kaspais-Dreadmist",0x514,0x0,Player-4755-0163DD9D,"Kaspais-Dreadmist",0x514,0x0,24659,"Unstable Power",0x1,BUFF,6
4/28 18:50:05.204  SPELL_PERIODIC_DAMAGE,Player-4755-01F36B30,"Rectumqeef-Dreadmist",0x514,0x0,Creature-0-4457-249-1045-10184-000028665C,"Onyxia",0x10a48,0x0,11672,"Corruption",0x20,Creature-0-4457-249-1045-10184-000028665C,0000000000000000,53,100,0,0,0,-1,0,0,0,-10.66,-215.30,0,0.0031,63,224,203,-1,32,0,0,0,nil,nil,nil
4/28 18:50:05.204  SPELL_AURA_REMOVED,Player-4755-01F36B30,"Rectumqeef-Dreadmist",0x514,0x0,Creature-0-4457-249-1045-10184-000028665C,"Onyxia",0x10a48,0x0,11672,"Corruption",0x20,DEBUFF
4/28 18:50:05.204  SPELL_CAST_START,Player-4755-0163DD9D,"Kaspais-Dreadmist",0x514,0x0,0000000000000000,nil,0x80000000,0x80000000,10181,"Frostbolt",0x10
4/28 18:50:05.225  SPELL_PERIODIC_ENERGIZE,Player-4755-01F21AE6,"Blahu-Dreadmist",0x40514,0x0,Player-4755-01F21AE6,"Blahu-Dreadmist",0x40514,0x0,29131,"Bloodrage",0x1,Player-4755-01F21AE6,0000000000000000,95,100,0,0,0,-1,0,0,0,-53.51,-242.17,0,6.2744,70,1.0000,0.0000,1,1000
4/28 18:50:05.225  SPELL_AURA_REMOVED,Player-4755-01F21AE6,"Blahu-Dreadmist",0x40514,0x0,Player-4755-01F21AE6,"Blahu-Dreadmist",0x40514,0x0,29131,"Bloodrage",0x1,BUFF
4/28 18:50:05.241  SPELL_CAST_START,Player-4755-020BD78D,"Lonehunter-Dreadmist",0x514,0x0,0000000000000000,nil,0x80000000,0x80000000,75,"Auto Shot",0x1
4/28 18:50:05.272  SPELL_CAST_SUCCESS,Player-4755-01614AC7,"Mirrimazduur-Dreadmist",0x512,0x0,Creature-0-4457-249-1045-10184-000028665C,"Onyxia",0x10a48,0x0,11661,"Shadow Bolt",0x20,Player-4755-01614AC7,0000000000000000,100,100,0,0,0,-1,0,0,0,-18.12,-187.68,0,4.4597,68
4/28 18:50:05.272  SPELL_CAST_START,Player-4755-01614AC7,"Mirrimazduur-Dreadmist",0x512,0x0,0000000000000000,nil,0x80000000,0x80000000,11661,"Shadow Bolt",0x20
4/28 18:50:05.302  SPELL_PERIODIC_HEAL,Player-4755-01617EEE,"Fenix-Dreadmist",0x512,0x0,Player-4755-01614AC7,"Mirrimazduur-Dreadmist",0x512,0x0,10929,"Renew",0x2,Player-4755-01614AC7,0000000000000000,100,100,0,0,0,-1,0,0,0,-18.12,-187.68,0,4.5658,68,330,330,330,0,nil
4/28 18:50:05.361  SPELL_AURA_REMOVED,Player-4755-0220BD00,"Krikoff-Dreadmist",0x40514,0x0,Player-4755-0220BD00,"Krikoff-Dreadmist",0x40514,0x0,20007,"Holy Strength",0x2,BUFF
4/28 18:50:05.376  SPELL_PERIODIC_DAMAGE,Player-4755-0210153A,"Hapuseneb-Dreadmist",0x514,0x0,Creature-0-4457-249-1045-10184-000028665C,"Onyxia",0x10a48,0x0,15261,"Holy Fire",0x2,Creature-0-4457-249-1045-10184-000028665C,0000000000000000,53,100,0,0,0,-1,0,0,0,-8.90,-215.30,0,6.2822,63,26,33,-1,2,8,0,0,nil,nil,nil
4/28 18:50:05.391  SPELL_CAST_SUCCESS,Player-4755-016296D3,"Nivl-Dreadmist",0x514,0x0,Creature-0-4457-249-1045-10184-000028665C,"Onyxia",0x10a48,0x0,15208,"Lightning Bolt",0x8,Player-4755-016296D3,0000000000000000,100,100,0,0,0,-1,0,0,0,-27.19,-179.56,0,5.3252,69
4/28 18:50:05.426  SPELL_AURA_REMOVED_DOSE,Player-4755-01F21AE6,"Blahu-Dreadmist",0x40514,0x0,Player-4755-01F21AE6,"Blahu-Dreadmist",0x40514,0x0,23888,"Bloodthirst",0x1,BUFF,4
4/28 18:50:05.426  SPELL_AURA_APPLIED,Player-4755-01F21AE6,"Blahu-Dreadmist",0x40514,0x0,Player-4755-01F21AE6,"Blahu-Dreadmist",0x40514,0x0,12970,"Flurry",0x1,BUFF
4/28 18:50:05.426  SPELL_HEAL,Player-4755-01F21AE6,"Blahu-Dreadmist",0x40514,0x0,Player-4755-01F21AE6,"Blahu-Dreadmist",0x40514,0x0,23891,"Bloodthirst",0x1,Player-4755-01F21AE6,0000000000000000,95,100,0,0,0,-1,0,0,0,-53.74,-242.27,0,6.2744,70,20,20,0,0,nil
4/28 18:50:05.426  SPELL_AURA_REMOVED_DOSE,Player-4755-01F21AE6,"Blahu-Dreadmist",0x40514,0x0,Player-4755-01F21AE6,"Blahu-Dreadmist",0x40514,0x0,23888,"Bloodthirst",0x1,BUFF,3
4/28 18:50:05.426  SPELL_AURA_REMOVED_DOSE,Player-4755-01F21AE6,"Blahu-Dreadmist",0x40514,0x0,Player-4755-01F21AE6,"Blahu-Dreadmist",0x40514,0x0,12970,"Flurry",0x1,BUFF,2
4/28 18:50:05.426  SPELL_HEAL,Player-4755-01F21AE6,"Blahu-Dreadmist",0x40514,0x0,Player-4755-01F21AE6,"Blahu-Dreadmist",0x40514,0x0,23891,"Bloodthirst",0x1,Player-4755-01F21AE6,0000000000000000,95,100,0,0,0,-1,0,0,0,-53.74,-242.27,0,6.2744,70,20,20,0,0,nil
4/28 18:50:05.426  SPELL_AURA_APPLIED,Player-4755-01614AC7,"Mirrimazduur-Dreadmist",0x512,0x0,Player-4755-01614AC7,"Mirrimazduur-Dreadmist",0x512,0x0,17941,"Shadow Trance",0x20,BUFF
4/28 18:50:05.426  SWING_DAMAGE_LANDED,Creature-0-4457-249-1045-11262-0004A86CB9,"Onyxian Whelp",0xa48,0x0,Player-4755-01F21AE6,"Blahu-Dreadmist",0x40514,0x0,Player-4755-01F21AE6,0000000000000000,93,100,0,0,0,-1,0,0,0,-53.74,-242.27,0,6.2744,70,165,372,-1,1,0,0,0,nil,nil,nil
4/28 18:50:05.426  SWING_DAMAGE,Player-4755-01F21AE6,"Blahu-Dreadmist",0x40514,0x0,Creature-0-4457-249-1045-11262-0004A86CB9,"Onyxian Whelp",0xa48,0x0,Player-4755-01F21AE6,0000000000000000,93,100,0,0,0,-1,0,0,0,-53.74,-242.27,0,6.2744,70,191,308,-1,1,0,0,0,nil,nil,nil
4/28 18:50:05.446  SPELL_AURA_REMOVED,Player-4755-0178F416,"Eltorero-Dreadmist",0x514,0x0,Creature-0-4457-249-1045-10184-000028665C,"Onyxia",0x10a48,0x0,11556,"Demoralizing Shout",0x1,DEBUFF
4/28 18:50:05.573  SWING_MISSED,Player-4755-01733879,"Hocwar-Dreadmist",0x40514,0x0,Creature-0-4457-249-1045-11262-0006286CB9,"Onyxian Whelp",0xa48,0x0,DODGE,1
4/28 18:50:05.608  SPELL_PERIODIC_ENERGIZE,Creature-0-4457-249-1045-7416-0000286CBA,"Mana Spring Totem IV",0x2114,0x0,Player-4755-01804B95,"Moymoy-Dreadmist",0x514,0x0,10494,"Mana Spring",0x8,Player-4755-01804B95,0000000000000000,100,100,0,0,0,-1,0,0,0,9.90,-181.87,0,2.7642,66,12.0000,0.0000,0,5366
4/28 18:50:05.608  SPELL_PERIODIC_DAMAGE,Player-4755-01FA8D0D,"Roackeru-Dreadmist",0x514,0x0,Creature-0-4457-249-1045-10184-000028665C,"Onyxia",0x10a48,0x0,11713,"Curse of Agony",0x20,Creature-0-4457-249-1045-10184-000028665C,0000000000000000,53,100,0,0,0,-1,0,0,0,-7.00,-215.30,0,6.2783,63,201,182,-1,32,0,0,0,nil,nil,nil
4/28 18:50:05.626  SWING_DAMAGE,Creature-0-4457-249-1045-11262-0006286CB9,"Onyxian Whelp",0xa48,0x0,Player-4755-01733879,"Hocwar-Dreadmist",0x40514,0x0,Creature-0-4457-249-1045-11262-0006286CB9,0000000000000000,100,100,0,0,0,-1,0,0,0,-44.31,-245.78,0,5.7510,56,167,370,-1,1,0,0,0,nil,nil,nil
4/28 18:50:05.671  SPELL_DAMAGE,Player-4755-01802FE5,"Angrybat-Dreadmist",0x514,0x0,Creature-0-4457-249-1045-10184-000028665C,"Onyxia",0x10a48,0x0,10181,"Frostbolt",0x10,Creature-0-4457-249-1045-10184-000028665C,0000000000000000,53,100,0,0,0,-1,0,0,0,-6.46,-215.31,0,6.2774,63,972,883,-1,16,0,0,0,nil,nil,nil
4/28 18:50:05.671  SPELL_CAST_SUCCESS,Player-4755-020BD78D,"Lonehunter-Dreadmist",0x514,0x0,Creature-0-4457-249-1045-10184-000028665C,"Onyxia",0x10a48,0x0,75,"Auto Shot",0x1,Player-4755-020BD78D,0000000000000000,100,100,0,0,0,-1,0,0,0,-9.97,-179.97,0,5.2252,70
4/28 18:50:05.671  SWING_DAMAGE,Player-4755-01733879,"Hocwar-Dreadmist",0x40514,0x0,Creature-0-4457-249-1045-11262-0006286CB9,"Onyxian Whelp",0xa48,0x0,Player-4755-01733879,0000000000000000,92,100,0,0,0,-1,0,0,0,-41.47,-243.96,0,3.9605,71,268,215,-1,1,0,0,0,1,nil,nil
4/28 18:50:05.715  SPELL_CAST_SUCCESS,Player-4755-021D6506,"Bloodlady-Dreadmist",0x514,0x0,0000000000000000,nil,0x80000000,0x80000000,2023,"Restore Mana",0x1,Player-4755-021D6506,0000000000000000,100,100,0,0,0,-1,0,0,0,-35.81,-205.31,0,4.9834,69
4/28 18:50:05.729  SPELL_DAMAGE,Player-4755-01FA8D0D,"Roackeru-Dreadmist",0x514,0x0,Creature-0-4457-249-1045-10184-000028665C,"Onyxia",0x10a48,0x0,11661,"Shadow Bolt",0x20,Creature-0-4457-249-1045-10184-000028665C,0000000000000000,53,100,0,0,0,-1,0,0,0,-5.94,-215.31,0,6.2767,63,1944,883,-1,32,0,0,0,1,nil,nil
4/28 18:50:05.824  SPELL_ENERGIZE,Player-4755-01F21AE6,"Blahu-Dreadmist",0x40514,0x0,Player-4755-01F21AE6,"Blahu-Dreadmist",0x40514,0x0,12964,"Unbridled Wrath",0x1,Player-4755-01F21AE6,0000000000000000,93,100,0,0,0,-1,0,0,0,-54.05,-242.26,0,6.2744,70,1.0000,0.0000,1,1000
4/28 18:50:05.824  SWING_DAMAGE_LANDED,Player-4755-01F21AE6,"Blahu-Dreadmist",0x40514,0x0,Creature-0-4457-249-1045-11262-0004A86CB9,"Onyxian Whelp",0xa48,0x0,Creature-0-4457-249-1045-11262-0004A86CB9,0000000000000000,70,100,0,0,0,-1,0,0,0,-48.51,-244.29,0,3.0550,57,191,308,-1,1,0,0,0,nil,nil,nil
4/28 18:50:05.824  SWING_DAMAGE_LANDED,Creature-0-4457-249-1045-11262-0006286CB9,"Onyxian Whelp",0xa48,0x0,Player-4755-01733879,"Hocwar-Dreadmist",0x40514,0x0,Player-4755-01733879,0000000000000000,90,100,0,0,0,-1,0,0,0,-41.34,-243.30,0,4.6045,71,167,370,-1,1,0,0,0,nil,nil,nil
4/28 18:50:05.824  SPELL_MISSED,Player-4755-01802FE5,"Angrybat-Dreadmist",0x514,0x0,Creature-0-4457-249-1045-10184-000028665C,"Onyxia",0x10a48,0x0,12579,"Winter's Chill",0x10,RESIST,nil,0
4/28 18:50:05.824  SWING_DAMAGE_LANDED,Player-4755-01733879,"Hocwar-Dreadmist",0x40514,0x0,Creature-0-4457-249-1045-11262-0006286CB9,"Onyxian Whelp",0xa48,0x0,Creature-0-4457-249-1045-11262-0006286CB9,0000000000000000,90,100,0,0,0,-1,0,0,0,-43.05,-246.40,0,1.2993,56,268,215,-1,1,0,0,0,1,nil,nil
4/28 18:50:05.824  SPELL_ENERGIZE,Player-4755-021D6506,"Bloodlady-Dreadmist",0x514,0x0,Player-4755-021D6506,"Bloodlady-Dreadmist",0x514,0x0,2023,"Restore Mana",0x1,Player-4755-021D6506,0000000000000000,100,100,0,0,0,-1,0,0,0,-36.10,-206.03,0,4.9834,69,462.0000,0.0000,0,6933
4/28 18:50:05.824  SPELL_MISSED,Player-4755-01FA8D0D,"Roackeru-Dreadmist",0x514,0x0,Creature-0-4457-249-1045-10184-000028665C,"Onyxia",0x10a48,0x0,17800,"Shadow Vulnerability",0x20,RESIST,nil,0
4/28 18:50:05.824  SPELL_AURA_REMOVED,Player-4755-0178F576,"Atreas-Dreadmist",0x514,0x0,Player-4755-0178F576,"Atreas-Dreadmist",0x514,0x0,3045,"Rapid Fire",0x40,BUFF
4/28 18:50:05.850  SPELL_CAST_SUCCESS,Player-4755-01F36B30,"Rectumqeef-Dreadmist",0x514,0x0,Creature-0-4457-249-1045-10184-000028665C,"Onyxia",0x10a48,0x0,11661,"Shadow Bolt",0x20,Player-4755-01F36B30,0000000000000000,100,100,0,0,0,-1,0,0,0,-9.02,-196.69,0,4.3592,66
4/28 18:50:05.965  SPELL_AURA_REMOVED,Player-4755-01802FE5,"Angrybat-Dreadmist",0x514,0x0,Player-4755-01802FE5,"Angrybat-Dreadmist",0x514,0x0,23723,"Mind Quickening",0x40,BUFF
4/28 18:50:06.010  SPELL_PERIODIC_DAMAGE,Player-4755-0210153A,"Hapuseneb-Dreadmist",0x514,0x0,Creature-0-4457-249-1045-10184-000028665C,"Onyxia",0x10a48,0x0,10893,"Shadow Word: Pain",0x20,Creature-0-4457-249-1045-10184-000028665C,0000000000000000,53,100,0,0,0,-1,0,0,0,-3.36,-215.33,0,6.2737,63,140,127,-1,32,0,0,0,nil,nil,nil
4/28 18:50:06.010  SPELL_AURA_REMOVED,Player-4755-0210153A,"Hapuseneb-Dreadmist",0x514,0x0,Creature-0-4457-249-1045-10184-000028665C,"Onyxia",0x10a48,0x0,10893,"Shadow Word: Pain",0x20,DEBUFF
4/28 18:50:06.057  SPELL_AURA_REMOVED,Player-4755-01E83279,"Nlmasters-Dreadmist",0x514,0x8,Player-4755-01E83279,"Nlmasters-Dreadmist",0x514,0x8,24352,"Devilsaur Fury",0x1,BUFF
4/28 18:50:06.132  SPELL_AURA_REMOVED,Player-4755-0220BD00,"Krikoff-Dreadmist",0x40514,0x0,Player-4755-0220BD00,"Krikoff-Dreadmist",0x40514,0x0,23888,"Bloodthirst",0x1,BUFF
4/28 18:50:06.201  SWING_MISSED,Creature-0-4457-249-1045-11262-0001A86CB9,"Onyxian Whelp",0xa48,0x0,Player-4755-01733879,"Hocwar-Dreadmist",0x40514,0x0,DODGE,nil
4/28 18:50:06.250  SPELL_AURA_REMOVED_DOSE,Player-4755-01F21AE6,"Blahu-Dreadmist",0x40514,0x0,Player-4755-01F21AE6,"Blahu-Dreadmist",0x40514,0x0,23888,"Bloodthirst",0x1,BUFF,2
4/28 18:50:06.250  SPELL_AURA_REMOVED_DOSE,Player-4755-01F21AE6,"Blahu-Dreadmist",0x40514,0x0,Player-4755-01F21AE6,"Blahu-Dreadmist",0x40514,0x0,12970,"Flurry",0x1,BUFF,1
4/28 18:50:06.250  SPELL_HEAL,Player-4755-01F21AE6,"Blahu-Dreadmist",0x40514,0x0,Player-4755-01F21AE6,"Blahu-Dreadmist",0x40514,0x0,23891,"Bloodthirst",0x1,Player-4755-01F21AE6,0000000000000000,93,100,0,0,0,-1,0,0,0,-53.00,-242.27,0,6.2770,70,20,20,0,0,nil
4/28 18:50:06.250  SPELL_AURA_APPLIED,Player-4755-01733879,"Hocwar-Dreadmist",0x40514,0x0,Player-4755-01733879,"Hocwar-Dreadmist",0x40514,0x0,12970,"Flurry",0x1,BUFF
4/28 18:50:06.250  SPELL_AURA_APPLIED,Pet-0-4457-249-1045-416-01001C47E2,"Ababis",0x1114,0x0,Player-4755-0220BD00,"Krikoff-Dreadmist",0x40514,0x0,11767,"Blood Pact",0x20,BUFF
4/28 18:50:06.250  SPELL_AURA_APPLIED,Pet-0-4457-249-1045-416-01001C47E2,"Ababis",0x1114,0x0,Player-4755-01840577,"Raggèn-Dreadmist",0x514,0x0,11767,"Blood Pact",0x20,BUFF
4/28 18:50:06.250  SPELL_AURA_APPLIED,Pet-0-4457-249-1045-416-01001C47E2,"Ababis",0x1114,0x0,Pet-0-4457-249-1045-9622-02002CD5BC,"Bokito",0x1114,0x0,11767,"Blood Pact",0x20,BUFF
4/28 18:50:06.250  SPELL_AURA_REMOVED,Player-4755-0160BD13,"Mafkees-Dreadmist",0x514,0x0,Player-4755-0160BD13,"Mafkees-Dreadmist",0x514,0x0,20007,"Holy Strength",0x2,BUFF
4/28 18:50:06.272  SPELL_PERIODIC_DAMAGE,Player-4755-01FA8D0D,"Roackeru-Dreadmist",0x514,0x0,Creature-0-4457-249-1045-10184-000028665C,"Onyxia",0x10a48,0x0,11672,"Corruption",0x20,Creature-0-4457-249-1045-10184-000028665C,0000000000000000,53,100,0,0,0,-1,0,0,0,-0.86,-215.36,0,6.2715,63,54,192,-1,32,145,0,0,nil,nil,nil
4/28 18:50:06.332  SPELL_CAST_START,Player-4755-01B60A5F,"Zurok-Dreadmist",0x514,0x0,0000000000000000,nil,0x80000000,0x80000000,14290,"Multi-Shot",0x1
4/28 18:50:06.362  SPELL_AURA_REMOVED,Player-4755-01637B0A,"Pindle-Dreadmist",0x514,0x0,Player-4755-01637B0A,"Pindle-Dreadmist",0x514,0x0,20007,"Holy Strength",0x2,BUFF
4/28 18:50:06.362  SWING_DAMAGE,Player-4755-0178F416,"Eltorero-Dreadmist",0x514,0x0,Creature-0-4457-249-1045-11262-0003A86CB9,"Onyxian Whelp",0xa48,0x0,Player-4755-0178F416,0000000000000000,100,100,0,0,0,-1,0,0,0,-38.06,-229.20,0,3.5057,67,754,607,-1,1,0,0,0,1,nil,nil
4/28 18:50:06.504  SPELL_AURA_REMOVED,Player-4755-021D6506,"Bloodlady-Dreadmist",0x514,0x0,Player-4755-021D6506,"Bloodlady-Dreadmist",0x514,0x0,23723,"Mind Quickening",0x40,BUFF
4/28 18:50:06.550  SPELL_CAST_START,Player-4755-0178F576,"Atreas-Dreadmist",0x514,0x0,0000000000000000,nil,0x80000000,0x80000000,75,"Auto Shot",0x1
4/28 18:50:06.580  SPELL_AURA_REFRESH,Player-4755-01637B0A,"Pindle-Dreadmist",0x514,0x0,Player-4755-01637B0A,"Pindle-Dreadmist",0x514,0x0,6774,"Slice and Dice",0x1,BUFF
4/28 18:50:06.580  SPELL_CAST_SUCCESS,Player-4755-01637B0A,"Pindle-Dreadmist",0x514,0x0,Creature-0-4457-249-1045-10184-000028665C,"Onyxia",0x10a48,0x0,6774,"Slice and Dice",0x1,Player-4755-01637B0A,0000000000000000,100,100,0,0,0,-1,0,0,0,-31.25,-225.77,0,3.6790,65
4/28 18:50:06.596  SPELL_PERIODIC_ENERGIZE,Creature-0-4457-249-1045-7416-0000286CC9,"Mana Spring Totem IV",0x2114,0x0,Player-4755-016296D3,"Nivl-Dreadmist",0x514,0x0,10494,"Mana Spring",0x8,Player-4755-016296D3,0000000000000000,100,100,0,0,0,-1,0,0,0,-25.58,-184.93,0,4.9782,69,10.0000,0.0000,0,5845
4/28 18:50:06.596  SPELL_PERIODIC_ENERGIZE,Creature-0-4457-249-1045-7416-0000286CC9,"Mana Spring Totem IV",0x2114,0x0,Player-4755-0178F576,"Atreas-Dreadmist",0x514,0x0,10494,"Mana Spring",0x8,Player-4755-0178F576,0000000000000000,100,100,0,0,0,-1,0,0,0,-42.91,-185.04,0,5.4178,66,10.0000,0.0000,0,3765
4/28 18:50:06.612  RANGE_DAMAGE,Player-4755-020BD78D,"Lonehunter-Dreadmist",0x514,0x0,Creature-0-4457-249-1045-10184-000028665C,"Onyxia",0x10a48,0x0,75,"Auto Shot",0x1,Creature-0-4457-249-1045-10184-000028665C,0000000000000000,53,100,0,0,0,-1,0,0,0,2.67,-215.40,0,6.2694,63,411,521,-1,1,0,0,0,nil,nil,nil
4/28 18:50:06.612  SPELL_CAST_START,Player-4755-01E83279,"Nlmasters-Dreadmist",0x514,0x8,0000000000000000,nil,0x80000000,0x80000000,75,"Auto Shot",0x1
4/28 18:50:06.612  SPELL_CAST_SUCCESS,Player-4755-01733879,"Hocwar-Dreadmist",0x40514,0x0,Creature-0-4457-249-1045-11262-0006286CB9,"Onyxian Whelp",0xa48,0x0,11601,"Revenge",0x1,Player-4755-01733879,0000000000000000,90,100,0,0,0,-1,0,0,0,-43.28,-241.71,0,5.1543,71
4/28 18:50:06.612  SPELL_AURA_APPLIED,Player-4755-01733879,"Hocwar-Dreadmist",0x40514,0x0,Player-4755-01733879,"Hocwar-Dreadmist",0x40514,0x0,20007,"Holy Strength",0x2,BUFF
4/28 18:50:06.612  SPELL_HEAL,Player-4755-01733879,"Hocwar-Dreadmist",0x40514,0x0,Player-4755-01733879,"Hocwar-Dreadmist",0x40514,0x0,20007,"Holy Strength",0x2,Player-4755-01733879,0000000000000000,91,100,0,0,0,-1,0,0,0,-43.28,-241.71,0,5.1543,71,101,101,0,0,nil
4/28 18:50:06.633  SPELL_ENERGIZE,Player-4755-01733879,"Hocwar-Dreadmist",0x40514,0x0,Player-4755-01733879,"Hocwar-Dreadmist",0x40514,0x0,12964,"Unbridled Wrath",0x1,Player-4755-01733879,0000000000000000,91,100,0,0,0,-1,0,0,0,-43.28,-241.71,0,5.1543,71,1.0000,0.0000,1,1000
4/28 18:50:06.633  SWING_DAMAGE,Creature-0-4457-249-1045-11262-0003A86CB9,"Onyxian Whelp",0xa48,0x0,Player-4755-0178F416,"Eltorero-Dreadmist",0x514,0x0,Creature-0-4457-249-1045-11262-0003A86CB9,0000000000000000,71,100,0,0,0,-1,0,0,0,-38.94,-221.84,0,1.2154,56,214,333,-1,1,0,0,0,nil,nil,nil
4/28 18:50:06.633  SWING_DAMAGE_LANDED,Player-4755-0178F416,"Eltorero-Dreadmist",0x514,0x0,Creature-0-4457-249-1045-11262-0003A86CB9,"Onyxian Whelp",0xa48,0x0,Creature-0-4457-249-1045-11262-0003A86CB9,0000000000000000,43,100,0,0,0,-1,0,0,0,-38.94,-221.84,0,1.2154,56,754,607,-1,1,0,0,0,1,nil,nil
4/28 18:50:06.633  SPELL_DAMAGE,Player-4755-01733879,"Hocwar-Dreadmist",0x40514,0x0,Creature-0-4457-249-1045-11262-0006286CB9,"Onyxian Whelp",0xa48,0x0,11601,"Revenge",0x1,Creature-0-4457-249-1045-11262-0006286CB9,0000000000000000,87,100,0,0,0,-1,0,0,0,-42.57,-241.31,0,1.7028,56,87,69,-1,1,0,0,0,1,nil,nil
4/28 18:50:06.633  SWING_MISSED,Creature-0-4457-249-1045-11262-0003286CB9,"Onyxian Whelp",0xa48,0x0,Player-4755-01733879,"Hocwar-Dreadmist",0x40514,0x0,PARRY,nil
4/28 18:50:06.650  SPELL_CAST_SUCCESS,Player-4755-01802FE5,"Angrybat-Dreadmist",0x514,0x0,Creature-0-4457-249-1045-10184-000028665C,"Onyxia",0x10a48,0x0,10181,"Frostbolt",0x10,Player-4755-01802FE5,0000000000000000,100,100,0,0,0,-1,0,0,0,-27.37,-196.97,0,5.4226,66
4/28 18:50:06.650  SPELL_CAST_START,Player-4755-01802FE5,"Angrybat-Dreadmist",0x514,0x0,0000000000000000,nil,0x80000000,0x80000000,10181,"Frostbolt",0x10
4/28 18:50:06.650  SPELL_DAMAGE,Player-4755-0163DD9D,"Kaspais-Dreadmist",0x514,0x0,Creature-0-4457-249-1045-10184-000028665C,"Onyxia",0x10a48,0x0,10181,"Frostbolt",0x10,Creature-0-4457-249-1045-10184-000028665C,0000000000000000,53,100,0,0,0,-1,0,0,0,3.05,-215.41,0,6.2692,63,2131,968,-1,16,0,0,0,1,nil,nil
4/28 18:50:06.681  SPELL_CAST_START,Player-4755-01F36B30,"Rectumqeef-Dreadmist",0x514,0x0,0000000000000000,nil,0x80000000,0x80000000,11672,"Corruption",0x20
4/28 18:50:06.681  SPELL_CAST_SUCCESS,Player-4755-01F36B30,"Rectumqeef-Dreadmist",0x514,0x0,Creature-0-4457-249-1045-10184-000028665C,"Onyxia",0x10a48,0x0,11672,"Corruption",0x20,Player-4755-01F36B30,0000000000000000,100,100,0,0,0,-1,0,0,0,-9.02,-196.69,0,5.1800,66
4/28 18:50:06.720  SWING_DAMAGE,Creature-0-4457-249-1045-11262-0000A86CB9,"Onyxian Whelp",0xa48,0x0,Player-4755-01804B95,"Moymoy-Dreadmist",0x514,0x0,Creature-0-4457-249-1045-11262-0000A86CB9,0000000000000000,100,100,0,0,0,-1,0,0,0,10.46,-182.21,0,5.8195,56,217,452,-1,1,0,0,0,nil,nil,nil
4/28 18:50:06.764  SPELL_CAST_SUCCESS,Player-4755-01B60A5F,"Zurok-Dreadmist",0x514,0x0,Creature-0-4457-249-1045-11262-0001A86CB9,"Onyxian Whelp",0xa48,0x0,14290,"Multi-Shot",0x1,Player-4755-01B60A5F,0000000000000000,100,100,0,0,0,-1,0,0,0,-22.19,-209.88,0,4.3021,62
4/28 18:50:06.843  SPELL_DAMAGE,Player-4755-01614AC7,"Mirrimazduur-Dreadmist",0x512,0x0,Creature-0-4457-249-1045-10184-000028665C,"Onyxia",0x10a48,0x0,11661,"Shadow Bolt",0x20,Creature-0-4457-249-1045-10184-000028665C,0000000000000000,53,100,0,0,0,-1,0,0,0,5.05,-215.44,0,6.2683,63,973,884,-1,32,0,0,0,nil,nil,nil
4/28 18:50:06.843  SPELL_CAST_START,Player-4755-01B60A5F,"Zurok-Dreadmist",0x514,0x0,0000000000000000,nil,0x80000000,0x80000000,75,"Auto Shot",0x1
4/28 18:50:06.875  SPELL_CAST_START,Player-4755-016296D3,"Nivl-Dreadmist",0x514,0x0,0000000000000000,nil,0x80000000,0x80000000,15208,"Lightning Bolt",0x8
4/28 18:50:06.965  SWING_DAMAGE,Player-4755-01733879,"Hocwar-Dreadmist",0x40514,0x0,Creature-0-4457-249-1045-11262-0006286CB9,"Onyxian Whelp",0xa48,0x0,Player-4755-01733879,0000000000000000,91,100,0,0,0,-1,0,0,0,-43.28,-241.71,0,5.1543,71,156,125,-1,1,0,0,0,1,nil,nil
4/28 18:50:06.994  SPELL_CAST_SUCCESS,Player-4755-0178F576,"Atreas-Dreadmist",0x514,0x0,Creature-0-4457-249-1045-10184-000028665C,"Onyxia",0x10a48,0x0,75,"Auto Shot",0x1,Player-4755-0178F576,0000000000000000,100,100,0,0,0,-1,0,0,0,-42.91,-185.04,0,5.4178,66
4/28 18:50:06.994  SWING_MISSED,Player-4755-01F21AE6,"Blahu-Dreadmist",0x40514,0x0,Creature-0-4457-249-1045-11262-0004A86CB9,"Onyxian Whelp",0xa48,0x0,MISS,1
4/28 18:50:06.994  SPELL_CAST_START,Player-4755-020BD78D,"Lonehunter-Dreadmist",0x514,0x0,0000000000000000,nil,0x80000000,0x80000000,20904,"Aimed Shot",0x1
4/28 18:50:07.009  SPELL_DAMAGE,Player-4755-01F36B30,"Rectumqeef-Dreadmist",0x514,0x0,Creature-0-4457-249-1045-10184-000028665C,"Onyxia",0x10a48,0x0,11661,"Shadow Bolt",0x20,Creature-0-4457-249-1045-10184-000028665C,0000000000000000,53,100,0,0,0,-1,0,0,0,6.81,-215.46,0,6.2676,63,1067,970,-1,32,0,0,0,nil,nil,nil
4/28 18:50:07.043  SPELL_AURA_APPLIED_DOSE,Player-4755-0178F416,"Eltorero-Dreadmist",0x514,0x0,Player-4755-0178F416,"Eltorero-Dreadmist",0x514,0x0,12970,"Flurry",0x1,BUFF,3
4/28 18:50:07.043  SWING_DAMAGE_LANDED,Creature-0-4457-249-1045-11262-0003A86CB9,"Onyxian Whelp",0xa48,0x0,Player-4755-0178F416,"Eltorero-Dreadmist",0x514,0x0,Player-4755-0178F416,0000000000000000,96,100,0,0,0,-1,0,0,0,-36.88,-226.60,0,2.3747,67,214,333,-1,1,0,0,0,nil,nil,nil
4/28 18:50:07.043  SPELL_AURA_REFRESH,Player-4755-01733879,"Hocwar-Dreadmist",0x40514,0x0,Player-4755-01733879,"Hocwar-Dreadmist",0x40514,0x0,12970,"Flurry",0x1,BUFF
4/28 18:50:07.043  SPELL_AURA_APPLIED,Player-4755-01F36B30,"Rectumqeef-Dreadmist",0x514,0x0,Creature-0-4457-249-1045-10184-000028665C,"Onyxia",0x10a48,0x0,11672,"Corruption",0x20,DEBUFF
4/28 18:50:07.043  SWING_DAMAGE_LANDED,Creature-0-4457-249-1045-11262-0000A86CB9,"Onyxian Whelp",0xa48,0x0,Player-4755-01804B95,"Moymoy-Dreadmist",0x514,0x0,Player-4755-01804B95,0000000000000000,95,100,0,0,0,-1,0,0,0,13.94,-184.31,0,4.7709,66,217,452,-1,1,0,0,0,nil,nil,nil
4/28 18:50:07.043  SWING_DAMAGE_LANDED,Player-4755-01733879,"Hocwar-Dreadmist",0x40514,0x0,Creature-0-4457-249-1045-11262-0006286CB9,"Onyxian Whelp",0xa48,0x0,Creature-0-4457-249-1045-11262-0006286CB9,0000000000000000,81,100,0,0,0,-1,0,0,0,-42.61,-241.01,0,1.7028,56,156,125,-1,1,0,0,0,1,nil,nil
4/28 18:50:07.064  SPELL_CAST_SUCCESS,Player-4755-01E83279,"Nlmasters-Dreadmist",0x514,0x8,Creature-0-4457-249-1045-10184-000028665C,"Onyxia",0x10a48,0x0,75,"Auto Shot",0x1,Player-4755-01E83279,0000000000000000,100,100,0,0,0,-1,0,0,0,-27.72,-193.97,0,5.1247,70
4/28 18:50:07.064  SPELL_AURA_APPLIED,Player-4755-01E83279,"Nlmasters-Dreadmist",0x514,0x8,Player-4755-01E83279,"Nlmasters-Dreadmist",0x514,0x8,6150,"Quick Shots",0x1,BUFF
4/28 18:50:07.064  SPELL_CAST_SUCCESS,Player-4755-01733879,"Hocwar-Dreadmist",0x40514,0x0,Creature-0-4457-249-1045-11262-0006286CB9,"Onyxian Whelp",0xa48,0x0,20569,"Cleave",0x1,Player-4755-01733879,0000000000000000,91,100,0,0,0,-1,0,0,0,-43.28,-241.71,0,5.1543,71
4/28 18:50:07.064  SPELL_AURA_REMOVED_DOSE,Player-4755-01733879,"Hocwar-Dreadmist",0x40514,0x0,Player-4755-01733879,"Hocwar-Dreadmist",0x40514,0x0,12970,"Flurry",0x1,BUFF,2
4/28 18:50:07.105  SWING_DAMAGE,Creature-0-4457-249-1045-11262-0004A86CB9,"Onyxian Whelp",0xa48,0x0,Player-4755-01F21AE6,"Blahu-Dreadmist",0x40514,0x0,Creature-0-4457-249-1045-11262-0004A86CB9,0000000000000000,70,100,0,0,0,-1,0,0,0,-48.51,-244.29,0,3.0550,57,152,342,-1,1,0,0,0,nil,nil,nil
4/28 18:50:07.120  SWING_MISSED,Creature-0-4457-249-1045-11262-0002286CB9,"Onyxian Whelp",0xa48,0x0,Player-4755-01733879,"Hocwar-Dreadmist",0x40514,0x0,MISS,nil
4/28 18:50:07.212  SPELL_CAST_START,Player-4755-0178F576,"Atreas-Dreadmist",0x514,0x0,0000000000000000,nil,0x80000000,0x80000000,20904,"Aimed Shot",0x1
4/28 18:50:07.241  SPELL_DAMAGE,Player-4755-016DF694,"Ashalan-Dreadmist",0x514,0x0,Creature-0-4457-249-1045-10184-000028665C,"Onyxia",0x10a48,0x0,15208,"Lightning Bolt",0x8,Creature-0-4457-249-1045-10184-000028665C,0000000000000000,53,100,0,0,0,-1,0,0,0,9.22,-215.50,0,6.2669,63,494,494,-1,8,0,0,0,nil,nil,nil
4/28 18:50:07.289  SPELL_CAST_SUCCESS,Player-4755-01B60A5F,"Zurok-Dreadmist",0x514,0x0,Creature-0-4457-249-1045-11262-0001A86CB9,"Onyxian Whelp",0xa48,0x0,75,"Auto Shot",0x1,Player-4755-01B60A5F,0000000000000000,100,100,0,0,0,-1,0,0,0,-22.19,-209.88,0,4.2589,62
4/28 18:50:07.345  SPELL_AURA_APPLIED,Player-4755-01617EEE,"Fenix-Dreadmist",0x512,0x0,Player-4755-01617EEE,"Fenix-Dreadmist",0x512,0x0,10942,"Fade",0x20,BUFF
4/28 18:50:07.345  SPELL_CAST_SUCCESS,Player-4755-01617EEE,"Fenix-Dreadmist",0x512,0x0,0000000000000000,nil,0x80000000,0x80000000,10942,"Fade",0x20,Player-4755-01617EEE,0000000000000000,100,100,0,0,0,-1,0,0,0,15.26,-185.03,0,5.5393,66
4/28 18:50:07.376  SPELL_PERIODIC_DAMAGE,Player-4755-0210153A,"Hapuseneb-Dreadmist",0x514,0x0,Creature-0-4457-249-1045-10184-000028665C,"Onyxia",0x10a48,0x0,15261,"Holy Fire",0x2,Creature-0-4457-249-1045-10184-000028665C,0000000000000000,53,100,0,0,0,-1,0,0,0,10.60,-215.52,0,6.2665,63,26,33,-1,2,8,0,0,nil,nil,nil
4/28 18:50:07.376  SPELL_CAST_START,Player-4755-01E83279,"Nlmasters-Dreadmist",0x514,0x8,0000000000000000,nil,0x80000000,0x80000000,20904,"Aimed Shot",0x1
4/28 18:50:07.393  SPELL_CAST_SUCCESS,Player-4755-01FA8D0D,"Roackeru-Dreadmist",0x514,0x0,Creature-0-4457-249-1045-10184-000028665C,"Onyxia",0x10a48,0x0,11661,"Shadow Bolt",0x20,Player-4755-01FA8D0D,0000000000000000,100,100,0,0,0,-1,0,0,0,-19.39,-203.97,0,5.8001,65
4/28 18:50:07.393  SPELL_CAST_START,Player-4755-01FA8D0D,"Roackeru-Dreadmist",0x514,0x0,0000000000000000,nil,0x80000000,0x80000000,11661,"Shadow Bolt",0x20
4/28 18:50:07.442  SWING_DAMAGE,Creature-0-4457-249-1045-11262-0000286CB9,"Onyxian Whelp",0xa48,0x0,Player-4755-01804B95,"Moymoy-Dreadmist",0x514,0x0,Creature-0-4457-249-1045-11262-0000286CB9,0000000000000000,100,100,0,0,0,-1,0,0,0,10.64,-182.73,0,5.8379,56,184,388,-1,1,0,0,0,nil,nil,nil
4/28 18:50:07.442  SPELL_AURA_APPLIED,Player-4755-0178F416,"Eltorero-Dreadmist",0x514,0x0,Creature-0-4457-249-1045-11262-0003A86CB9,"Onyxian Whelp",0xa48,0x0,12721,"Deep Wound",0x1,DEBUFF
4/28 18:50:07.442  DAMAGE_SHIELD,Player-4755-0178F416,"Eltorero-Dreadmist",0x514,0x0,Creature-0-4457-249-1045-11262-0003A86CB9,"Onyxian Whelp",0xa48,0x0,21142,"Immolation",0x4,Creature-0-4457-249-1045-11262-0003A86CB9,0000000000000000,43,100,0,0,0,-1,0,0,0,-37.67,-218.70,0,0.5669,56,4,5,-1,4,0,0,0,nil,nil,nil
4/28 18:50:07.445  SPELL_AURA_REMOVED_DOSE,Player-4755-01733879,"Hocwar-Dreadmist",0x40514,0x0,Player-4755-01733879,"Hocwar-Dreadmist",0x40514,0x0,12970,"Flurry",0x1,BUFF,1
4/28 18:50:07.445  SPELL_AURA_APPLIED_DOSE,Player-4755-01733879,"Hocwar-Dreadmist",0x40514,0x0,Player-4755-01733879,"Hocwar-Dreadmist",0x40514,0x0,12970,"Flurry",0x1,BUFF,3
4/28 18:50:07.445  SPELL_AURA_REMOVED,Player-4755-01F21AE6,"Blahu-Dreadmist",0x40514,0x0,Player-4755-01F21AE6,"Blahu-Dreadmist",0x40514,0x0,12970,"Flurry",0x1,BUFF
4/28 18:50:07.445  SPELL_DAMAGE,Player-4755-01733879,"Hocwar-Dreadmist",0x40514,0x0,Creature-0-4457-249-1045-11262-0003286CB9,"Onyxian Whelp",0xa48,0x0,20569,"Cleave",0x1,Creature-0-4457-249-1045-11262-0003286CB9,0000000000000000,94,100,0,0,0,-1,0,0,0,-41.61,-243.51,0,1.6914,57,168,271,-1,1,0,0,0,nil,nil,nil
4/28 18:50:07.445  SPELL_DAMAGE,Player-4755-01733879,"Hocwar-Dreadmist",0x40514,0x0,Creature-0-4457-249-1045-11262-0006286CB9,"Onyxian Whelp",0xa48,0x0,20569,"Cleave",0x1,Creature-0-4457-249-1045-11262-0006286CB9,0000000000000000,67,100,0,0,0,-1,0,0,0,-42.61,-241.01,0,1.7028,56,387,311,-1,1,0,0,0,1,nil,nil
4/28 18:50:07.445  SWING_DAMAGE_LANDED,Creature-0-4457-249-1045-11262-0004A86CB9,"Onyxian Whelp",0xa48,0x0,Player-4755-01F21AE6,"Blahu-Dreadmist",0x40514,0x0,Player-4755-01F21AE6,0000000000000000,91,100,0,0,0,-1,0,0,0,-51.73,-241.37,0,6.2744,70,152,342,-1,1,0,0,0,nil,nil,nil
4/28 18:50:07.445  SWING_DAMAGE_LANDED,Creature-0-4457-249-1045-11262-0000286CB9,"Onyxian Whelp",0xa48,0x0,Player-4755-01804B95,"Moymoy-Dreadmist",0x514,0x0,Player-4755-01804B95,0000000000000000,90,100,0,0,0,-1,0,0,0,13.94,-184.31,0,4.6845,66,184,388,-1,1,0,0,0,nil,nil,nil
4/28 18:50:07.462  SPELL_DAMAGE,Player-4755-016296D3,"Nivl-Dreadmist",0x514,0x0,Creature-0-4457-249-1045-10184-000028665C,"Onyxia",0x10a48,0x0,15208,"Lightning Bolt",0x8,Creature-0-4457-249-1045-10184-000028665C,0000000000000000,53,100,0,0,0,-1,0,0,0,11.44,-215.54,0,6.2663,63,575,574,-1,8,0,0,0,nil,nil,nil
4/28 18:50:07.550  SPELL_CAST_SUCCESS,Player-4755-021D6506,"Bloodlady-Dreadmist",0x514,0x0,0000000000000000,nil,0x80000000,0x80000000,1449,"Arcane Explosion",0x40,Player-4755-021D6506,0000000000000000,100,100,0,0,0,-1,0,0,0,-36.08,-218.20,0,4.2530,69
4/28 18:50:07.578  SPELL_AURA_REMOVED,Player-4755-01A6B139,"Sakatan-Dreadmist",0x514,0x0,Player-4755-01A6B139,"Sakatan-Dreadmist",0x514,0x0,6774,"Slice and Dice",0x1,BUFF
4/28 18:50:07.594  SPELL_PERIODIC_ENERGIZE,Creature-0-4457-249-1045-7416-0000286CBA,"Mana Spring Totem IV",0x2114,0x0,Player-4755-01804B95,"Moymoy-Dreadmist",0x514,0x0,10494,"Mana Spring",0x8,Player-4755-01804B95,0000000000000000,90,100,0,0,0,-1,0,0,0,13.80,-183.55,0,3.3336,66,13.0000,0.0000,0,5366
4/28 18:50:07.594  SPELL_PERIODIC_DAMAGE,Player-4755-01FA8D0D,"Roackeru-Dreadmist",0x514,0x0,Creature-0-4457-249-1045-10184-000028665C,"Onyxia",0x10a48,0x0,11713,"Curse of Agony",0x20,Creature-0-4457-249-1045-10184-000028665C,0000000000000000,53,100,0,0,0,-1,0,0,0,12.77,-215.56,0,6.2660,63,201,182,-1,32,0,0,0,nil,nil,nil
4/28 18:50:07.624  SWING_DAMAGE,Creature-0-4457-249-1045-11262-0006286CB9,"Onyxian Whelp",0xa48,0x0,Player-4755-01733879,"Hocwar-Dreadmist",0x40514,0x0,Creature-0-4457-249-1045-11262-0006286CB9,0000000000000000,67,100,0,0,0,-1,0,0,0,-42.61,-241.01,0,1.7028,56,140,312,-1,1,0,0,0,nil,nil,nil
4/28 18:50:07.714  SPELL_CAST_SUCCESS,Player-4755-0163DD9D,"Kaspais-Dreadmist",0x514,0x0,Creature-0-4457-249-1045-10184-000028665C,"Onyxia",0x10a48,0x0,10181,"Frostbolt",0x10,Player-4755-0163DD9D,0000000000000000,100,100,0,0,0,-1,0,0,0,-50.34,-203.35,0,0.3117,66
4/28 18:50:07.714  SPELL_AURA_REMOVED_DOSE,Player-4755-0163DD9D,"Kaspais-Dreadmist",0x514,0x0,Player-4755-0163DD9D,"Kaspais-Dreadmist",0x514,0x0,24659,"Unstable Power",0x1,BUFF,5
4/28 18:50:07.761  SPELL_PERIODIC_ENERGIZE,Player-4755-01802FE5,"Angrybat-Dreadmist",0x514,0x0,Player-4755-01802FE5,"Angrybat-Dreadmist",0x514,0x0,18194,"Mana Regeneration",0x1,Player-4755-01802FE5,0000000000000000,100,100,0,0,0,-1,0,0,0,-27.37,-196.97,0,5.7446,66,8.0000,0.0000,0,6033
4/28 18:50:07.802  SPELL_CAST_SUCCESS,Player-4755-01614AC7,"Mirrimazduur-Dreadmist",0x512,0x0,Creature-0-4457-249-1045-10184-000028665C,"Onyxia",0x10a48,0x0,11661,"Shadow Bolt",0x20,Player-4755-01614AC7,0000000000000000,100,100,0,0,0,-1,0,0,0,-18.12,-187.68,0,5.5593,68
4/28 18:50:07.802  SPELL_AURA_REMOVED,Player-4755-01614AC7,"Mirrimazduur-Dreadmist",0x512,0x0,Player-4755-01614AC7,"Mirrimazduur-Dreadmist",0x512,0x0,17941,"Shadow Trance",0x20,BUFF
4/28 18:50:07.802  SPELL_CAST_START,Player-4755-01614AC7,"Mirrimazduur-Dreadmist",0x512,0x0,0000000000000000,nil,0x80000000,0x80000000,11661,"Shadow Bolt",0x20
4/28 18:50:07.802  SPELL_CAST_SUCCESS,Player-4755-01614AC7,"Mirrimazduur-Dreadmist",0x512,0x0,Creature-0-4457-249-1045-10184-000028665C,"Onyxia",0x10a48,0x0,11661,"Shadow Bolt",0x20,Player-4755-01614AC7,0000000000000000,100,100,0,0,0,-1,0,0,0,-18.12,-187.68,0,5.5593,68
4/28 18:50:07.846  SPELL_PERIODIC_DAMAGE,Player-4755-01B60A5F,"Zurok-Dreadmist",0x514,0x0,Creature-0-4457-249-1045-10184-000028665C,"Onyxia",0x10a48,0x0,13555,"Serpent Sting",0x8,Creature-0-4457-249-1045-10184-000028665C,0000000000000000,53,100,0,0,0,-1,0,0,0,15.21,-215.60,0,6.2657,63,76,100,-1,8,25,0,0,nil,nil,nil
4/28 18:50:07.846  SPELL_AURA_REMOVED,Player-4755-01B60A5F,"Zurok-Dreadmist",0x514,0x0,Creature-0-4457-249-1045-10184-000028665C,"Onyxia",0x10a48,0x0,13555,"Serpent Sting",0x8,DEBUFF
4/28 18:50:07.853  SPELL_ENERGIZE,Player-4755-01733879,"Hocwar-Dreadmist",0x40514,0x0,Player-4755-01733879,"Hocwar-Dreadmist",0x40514,0x0,12964,"Unbridled Wrath",0x1,Player-4755-01733879,0000000000000000,91,100,0,0,0,-1,0,0,0,-43.28,-241.71,0,5.1543,71,1.0000,0.0000,1,1000
4/28 18:50:07.853  SPELL_AURA_REFRESH,Player-4755-01733879,"Hocwar-Dreadmist",0x40514,0x0,Player-4755-01733879,"Hocwar-Dreadmist",0x40514,0x0,12970,"Flurry",0x1,BUFF
4/28 18:50:07.853  SPELL_DAMAGE,Player-4755-021D6506,"Bloodlady-Dreadmist",0x514,0x0,Creature-0-4457-249-1045-11262-0003A86CB9,"Onyxian Whelp",0xa48,0x0,1449,"Arcane Explosion",0x40,Creature-0-4457-249-1045-11262-0003A86CB9,0000000000000000,40,100,0,0,0,-1,0,0,0,-36.27,-218.35,0,0.2394,56,84,83,-1,64,0,0,0,nil,nil,nil
4/28 18:50:07.853  SWING_DAMAGE_LANDED,Creature-0-4457-249-1045-11262-0006286CB9,"Onyxian Whelp",0xa48,0x0,Player-4755-01733879,"Hocwar-Dreadmist",0x40514,0x0,Player-4755-01733879,0000000000000000,89,100,0,0,0,-1,0,0,0,-43.28,-241.71,0,5.1543,71,140,312,-1,1,0,0,0,nil,nil,nil
4/28 18:50:07.945  SWING_DAMAGE,Creature-0-4457-249-1045-11262-0005A86CB9,"Onyxian Whelp",0xa48,0x0,Player-4755-016296D3,"Nivl-Dreadmist",0x514,0x0,Creature-0-4457-249-1045-11262-0005A86CB9,0000000000000000,100,100,0,0,0,-1,0,0,0,-27.85,-182.28,0,5.3998,56,232,455,-1,1,0,0,0,nil,nil,nil
4/28 18:50:07.945  SPELL_PERIODIC_DAMAGE,Player-4755-01614AC7,"Mirrimazduur-Dreadmist",0x512,0x0,Creature-0-4457-249-1045-10184-000028665C,"Onyxia",0x10a48,0x0,11672,"Corruption",0x20,Creature-0-4457-249-1045-10184-000028665C,0000000000000000,53,100,0,0,0,-1,0,0,0,16.12,-215.62,0,6.2656,63,207,188,-1,32,0,0,0,nil,nil,nil
4/28 18:50:07.960  SWING_DAMAGE,Player-4755-01F21AE6,"Blahu-Dreadmist",0x40514,0x0,Creature-0-4457-249-1045-11262-0006286CB9,"Onyxian Whelp",0xa48,0x0,Player-4755-01F21AE6,0000000000000000,91,100,0,0,0,-1,0,0,0,-48.11,-241.87,0,6.2560,70,202,324,-1,1,0,0,0,nil,nil,nil
4/28 18:50:07.989  SPELL_AURA_REMOVED,Player-4755-01733879,"Hocwar-Dreadmist",0x40514,0x0,Creature-0-4457-249-1045-11262-0001A86CB9,"Onyxian Whelp",0xa48,0x0,11556,"Demoralizing Shout",0x1,DEBUFF
4/28 18:50:07.989  SPELL_DAMAGE,Player-4755-01B60A5F,"Zurok-Dreadmist",0x514,0x0,Creature-0-4457-249-1045-11262-0001A86CB9,"Onyxian Whelp",0xa48,0x0,14290,"Multi-Shot",0x1,Creature-0-4457-249-1045-11262-0001A86CB9,0000000000000000,0,100,0,0,0,-1,0,0,0,-40.28,-241.43,0,3.2077,57,385,624,358,1,0,0,0,nil,nil,nil
4/28 18:50:08.005  SPELL_AURA_REMOVED,Player-4755-01AC9FD9,"Alexinho-Dreadmist",0x514,0x0,Player-4755-01AC9FD9,"Alexinho-Dreadmist",0x514,0x0,20007,"Holy Strength",0x2,BUFF
4/28 18:50:08.022  SPELL_DAMAGE,Player-4755-01B60A5F,"Zurok-Dreadmist",0x514,0x0,Creature-0-4457-249-1045-11262-0006286CB9,"Onyxian Whelp",0xa48,0x0,14290,"Multi-Shot",0x1,Creature-0-4457-249-1045-11262-0006286CB9,0000000000000000,52,100,0,0,0,-1,0,0,0,-42.61,-241.01,0,1.7028,56,395,634,-1,1,0,0,0,nil,nil,nil
4/28 18:50:08.040  SPELL_DAMAGE,Player-4755-01802FE5,"Angrybat-Dreadmist",0x514,0x0,Creature-0-4457-249-1045-10184-000028665C,"Onyxia",0x10a48,0x0,10181,"Frostbolt",0x10,Creature-0-4457-249-1045-10184-000028665C,0000000000000000,52,100,0,0,0,-1,0,0,0,16.96,-215.63,0,6.2655,63,1939,881,-1,16,0,0,0,1,nil,nil
4/28 18:50:08.040  SWING_DAMAGE,Player-4755-01840577,"Raggèn-Dreadmist",0x514,0x0,Creature-0-4457-249-1045-11262-0005A86CB9,"Onyxian Whelp",0xa48,0x0,Player-4755-01840577,0000000000000000,91,100,0,0,0,-1,0,0,0,-25.28,-186.01,0,1.9352,67,333,535,-1,1,0,0,0,nil,nil,nil
4/28 18:50:08.071  SPELL_DAMAGE,Player-4755-01B60A5F,"Zurok-Dreadmist",0x514,0x0,Creature-0-4457-249-1045-11262-0003286CB9,"Onyxian Whelp",0xa48,0x0,14290,"Multi-Shot",0x1,Creature-0-4457-249-1045-11262-0003286CB9,0000000000000000,80,100,0,0,0,-1,0,0,0,-41.61,-243.51,0,1.6914,57,385,623,-1,1,0,0,0,nil,nil,nil
4/28 18:50:08.114  SPELL_AURA_APPLIED,Player-4755-0163DD9D,"Kaspais-Dreadmist",0x514,0x0,Player-4755-0163DD9D,"Kaspais-Dreadmist",0x514,0x0,1953,"Blink",0x40,BUFF
4/28 18:50:08.114  SPELL_CAST_SUCCESS,Player-4755-0163DD9D,"Kaspais-Dreadmist",0x514,0x0,0000000000000000,nil,0x80000000,0x80000000,1953,"Blink",0x40,Player-4755-0163DD9D,0000000000000000,100,100,0,0,0,-1,0,0,0,-50.15,-203.29,0,0.3156,66
4/28 18:50:08.158  RANGE_DAMAGE,Player-4755-01E83279,"Nlmasters-Dreadmist",0x514,0x8,Creature-0-4457-249-1045-10184-000028665C,"Onyxia",0x10a48,0x0,75,"Auto Shot",0x1,Creature-0-4457-249-1045-10184-000028665C,0000000000000000,52,100,0,0,0,-1,0,0,0,18.01,-215.65,0,6.2655,63,371,470,-1,1,0,0,0,nil,nil,nil
4/28 18:50:08.187  SPELL_CAST_SUCCESS,Player-4755-01F21AE6,"Blahu-Dreadmist",0x40514,0x0,Creature-0-4457-249-1045-11262-0006286CB9,"Onyxian Whelp",0xa48,0x0,11597,"Sunder Armor",0x1,Player-4755-01F21AE6,0000000000000000,91,100,0,0,0,-1,0,0,0,-46.69,-241.21,0,6.2560,70
4/28 18:50:08.255  UNIT_DIED,0000000000000000,nil,0x80000000,0x80000000,Creature-0-4457-249-1045-11262-0001A86CB9,"Onyxian Whelp",0xa48,0x0
4/28 18:50:08.255  SPELL_ENERGIZE,Player-4755-01733879,"Hocwar-Dreadmist",0x40514,0x0,Player-4755-01733879,"Hocwar-Dreadmist",0x40514,0x0,12964,"Unbridled Wrath",0x1,Player-4755-01733879,0000000000000000,89,100,0,0,0,-1,0,0,0,-43.28,-241.71,0,5.1543,71,1.0000,0.0000,1,1000
4/28 18:50:08.255  SPELL_AURA_REMOVED_DOSE,Player-4755-016296D3,"Nivl-Dreadmist",0x514,0x0,Player-4755-016296D3,"Nivl-Dreadmist",0x514,0x0,10432,"Lightning Shield",0x8,BUFF,2
4/28 18:50:08.255  SWING_DAMAGE_LANDED,Creature-0-4457-249-1045-11262-0005A86CB9,"Onyxian Whelp",0xa48,0x0,Player-4755-016296D3,"Nivl-Dreadmist",0x514,0x0,Player-4755-016296D3,0000000000000000,95,100,0,0,0,-1,0,0,0,-25.53,-185.11,0,5.7898,69,232,455,-1,1,0,0,0,nil,nil,nil
4/28 18:50:08.255  SWING_DAMAGE_LANDED,Player-4755-01F21AE6,"Blahu-Dreadmist",0x40514,0x0,Creature-0-4457-249-1045-11262-0006286CB9,"Onyxian Whelp",0xa48,0x0,Creature-0-4457-249-1045-11262-0006286CB9,0000000000000000,45,100,0,0,0,-1,0,0,0,-42.61,-241.01,0,1.7028,56,202,324,-1,1,0,0,0,nil,nil,nil
4/28 18:50:08.255  SPELL_MISSED,Player-4755-01802FE5,"Angrybat-Dreadmist",0x514,0x0,Creature-0-4457-249-1045-10184-000028665C,"Onyxia",0x10a48,0x0,12579,"Winter's Chill",0x10,RESIST,nil,0
4/28 18:50:08.255  SWING_DAMAGE_LANDED,Player-4755-01840577,"Raggèn-Dreadmist",0x514,0x0,Creature-0-4457-249-1045-11262-0005A86CB9,"Onyxian Whelp",0xa48,0x0,Creature-0-4457-249-1045-11262-0005A86CB9,0000000000000000,88,100,0,0,0,-1,0,0,0,-27.85,-182.28,0,5.3998,56,333,535,-1,1,0,0,0,nil,nil,nil
4/28 18:50:08.255  SPELL_AURA_APPLIED,Player-4755-01F21AE6,"Blahu-Dreadmist",0x40514,0x0,Creature-0-4457-249-1045-11262-0006286CB9,"Onyxian Whelp",0xa48,0x0,11597,"Sunder Armor",0x1,DEBUFF
4/28 18:50:08.257  SPELL_AURA_APPLIED,Player-4755-01B60A5F,"Zurok-Dreadmist",0x514,0x0,Player-4755-01733879,"Hocwar-Dreadmist",0x40514,0x0,20906,"Trueshot Aura",0x40,BUFF
4/28 18:50:08.257  SPELL_CAST_SUCCESS,Player-4755-0178F416,"Eltorero-Dreadmist",0x514,0x0,Creature-0-4457-249-1045-11262-0003A86CB9,"Onyxian Whelp",0xa48,0x0,23894,"Bloodthirst",0x1,Player-4755-0178F416,0000000000000000,96,100,0,0,0,-1,0,0,0,-36.07,-219.04,0,2.5632,67
4/28 18:50:08.291  SPELL_PERIODIC_HEAL,Player-4755-01617EEE,"Fenix-Dreadmist",0x512,0x0,Player-4755-01614AC7,"Mirrimazduur-Dreadmist",0x512,0x0,10929,"Renew",0x2,Player-4755-01614AC7,0000000000000000,100,100,0,0,0,-1,0,0,0,-18.12,-187.68,0,5.5593,68,331,331,331,0,nil
4/28 18:50:08.291  SPELL_AURA_REMOVED,Player-4755-01617EEE,"Fenix-Dreadmist",0x512,0x0,Player-4755-01614AC7,"Mirrimazduur-Dreadmist",0x512,0x0,10929,"Renew",0x2,BUFF
4/28 18:50:08.321  SPELL_CAST_START,Player-4755-01F36B30,"Rectumqeef-Dreadmist",0x514,0x0,0000000000000000,nil,0x80000000,0x80000000,11661,"Shadow Bolt",0x20
4/28 18:50:08.336  SPELL_AURA_REMOVED,Player-4755-01AC9FD9,"Alexinho-Dreadmist",0x514,0x0,Player-4755-01AC9FD9,"Alexinho-Dreadmist",0x514,0x0,6774,"Slice and Dice",0x1,BUFF
4/28 18:50:08.355  SPELL_CAST_SUCCESS,Player-4755-01FA8DD8,"Roackerita-Dreadmist",0x514,0x0,Player-4755-0220BD00,"Krikoff-Dreadmist",0x40514,0x0,6078,"Renew",0x2,Player-4755-01FA8DD8,0000000000000000,100,100,0,0,0,-1,0,0,0,-11.27,-193.54,0,6.1388,69
4/28 18:50:08.407  RANGE_DAMAGE,Player-4755-0178F576,"Atreas-Dreadmist",0x514,0x0,Creature-0-4457-249-1045-10184-000028665C,"Onyxia",0x10a48,0x0,75,"Auto Shot",0x1,Creature-0-4457-249-1045-10184-000028665C,0000000000000000,52,100,0,0,0,-1,0,0,0,20.03,-215.69,0,6.2656,63,449,570,-1,1,0,0,0,nil,nil,nil
4/28 18:50:08.557  SPELL_AURA_APPLIED,Player-4755-01AC9FD9,"Alexinho-Dreadmist",0x514,0x0,Player-4755-01AC9FD9,"Alexinho-Dreadmist",0x514,0x0,6774,"Slice and Dice",0x1,BUFF
4/28 18:50:08.557  SPELL_CAST_SUCCESS,Player-4755-01AC9FD9,"Alexinho-Dreadmist",0x514,0x0,Creature-0-4457-249-1045-10184-000028665C,"Onyxia",0x10a48,0x0,6774,"Slice and Dice",0x1,Player-4755-01AC9FD9,0000000000000000,100,100,0,0,0,-1,0,0,0,-17.54,-207.09,0,0.3794,66
4/28 18:50:08.589  SPELL_PERIODIC_ENERGIZE,Creature-0-4457-249-1045-7416-0000286CC9,"Mana Spring Totem IV",0x2114,0x0,Player-4755-016296D3,"Nivl-Dreadmist",0x514,0x0,10494,"Mana Spring",0x8,Player-4755-016296D3,0000000000000000,95,100,0,0,0,-1,0,0,0,-25.53,-185.11,0,5.8801,69,10.0000,0.0000,0,5845
4/28 18:50:08.589  SPELL_PERIODIC_ENERGIZE,Creature-0-4457-249-1045-7416-0000286CC9,"Mana Spring Totem IV",0x2114,0x0,Player-4755-0178F576,"Atreas-Dreadmist",0x514,0x0,10494,"Mana Spring",0x8,Player-4755-0178F576,0000000000000000,100,100,0,0,0,-1,0,0,0,-42.91,-185.04,0,5.8209,66,10.0000,0.0000,0,3765
4/28 18:50:08.607  SPELL_AURA_APPLIED,Player-4755-021D6506,"Bloodlady-Dreadmist",0x514,0x0,Player-4755-021D6506,"Bloodlady-Dreadmist",0x514,0x0,12043,"Presence of Mind",0x1,BUFF
4/28 18:50:08.607  SPELL_CAST_SUCCESS,Player-4755-021D6506,"Bloodlady-Dreadmist",0x514,0x0,0000000000000000,nil,0x80000000,0x80000000,12043,"Presence of Mind",0x1,Player-4755-021D6506,0000000000000000,100,100,0,0,0,-1,0,0,0,-38.00,-225.64,0,4.3865,69
4/28 18:50:08.636  SWING_DAMAGE,Creature-0-4457-249-1045-11262-0003286CB9,"Onyxian Whelp",0xa48,0x0,Player-4755-01733879,"Hocwar-Dreadmist",0x40514,0x0,Creature-0-4457-249-1045-11262-0003286CB9,0000000000000000,80,100,0,0,0,-1,0,0,0,-41.61,-243.51,0,1.6914,57,138,304,-1,1,0,0,0,nil,nil,nil
4/28 18:50:08.636  SWING_DAMAGE,Creature-0-4457-249-1045-11262-0003A86CB9,"Onyxian Whelp",0xa48,0x0,Player-4755-0178F416,"Eltorero-Dreadmist",0x514,0x0,Creature-0-4457-249-1045-11262-0003A86CB9,0000000000000000,40,100,0,0,0,-1,0,0,0,-37.86,-216.96,0,2.7142,56,219,340,-1,1,0,0,0,nil,nil,nil
4/28 18:50:08.636  SWING_DAMAGE,Creature-0-4457-249-1045-11262-0005286CB9,"Onyxian Whelp",0xa48,0x0,Player-4755-01804B95,"Moymoy-Dreadmist",0x514,0x0,Creature-0-4457-249-1045-11262-0005286CB9,0000000000000000,100,100,0,0,0,-1,0,0,0,7.40,-182.24,0,0.0498,57,217,449,-1,1,0,0,0,nil,nil,nil
4/28 18:50:08.636  SWING_DAMAGE,Creature-0-4457-249-1045-11262-0006A86CB9,"Onyxian Whelp",0xa48,0x0,Player-4755-01804B95,"Moymoy-Dreadmist",0x514,0x0,Creature-0-4457-249-1045-11262-0006A86CB9,0000000000000000,100,100,0,0,0,-1,0,0,0,6.72,-181.95,0,6.2697,56,205,429,-1,1,0,0,0,nil,nil,nil
4/28 18:50:08.636  SWING_DAMAGE,Creature-0-4457-249-1045-11262-0007286CB9,"Onyxian Whelp",0xa48,0x0,Player-4755-01804B95,"Moymoy-Dreadmist",0x514,0x0,Creature-0-4457-249-1045-11262-0007286CB9,0000000000000000,100,100,0,0,0,-1,0,0,0,3.73,-181.16,0,6.1325,56,199,416,-1,1,0,0,0,nil,nil,nil
4/28 18:50:08.659  SPELL_AURA_APPLIED,Player-4755-01614AC7,"Mirrimazduur-Dreadmist",0x512,0x0,Player-4755-01614AC7,"Mirrimazduur-Dreadmist",0x512,0x0,17941,"Shadow Trance",0x20,BUFF
4/28 18:50:08.659  SPELL_AURA_REMOVED_DOSE,Player-4755-01F21AE6,"Blahu-Dreadmist",0x40514,0x0,Player-4755-01F21AE6,"Blahu-Dreadmist",0x40514,0x0,23888,"Bloodthirst",0x1,BUFF,1
4/28 18:50:08.659  SPELL_HEAL,Player-4755-01F21AE6,"Blahu-Dreadmist",0x40514,0x0,Player-4755-01F21AE6,"Blahu-Dreadmist",0x40514,0x0,23891,"Bloodthirst",0x1,Player-4755-01F21AE6,0000000000000000,91,100,0,0,0,-1,0,0,0,-46.31,-239.01,0,6.0885,70,20,20,0,0,nil
4/28 18:50:08.659  SPELL_DAMAGE,Player-4755-0178F416,"Eltorero-Dreadmist",0x514,0x0,Creature-0-4457-249-1045-11262-0003A86CB9,"Onyxian Whelp",0xa48,0x0,23894,"Bloodthirst",0x1,Creature-0-4457-249-1045-11262-0003A86CB9,0000000000000000,10,100,0,0,0,-1,0,0,0,-37.95,-216.86,0,5.4648,56,799,584,-1,1,0,0,0,1,nil,nil
4/28 18:50:08.659  SPELL_AURA_APPLIED,Player-4755-0178F416,"Eltorero-Dreadmist",0x514,0x0,Player-4755-0178F416,"Eltorero-Dreadmist",0x514,0x0,23888,"Bloodthirst",0x1,BUFF
4/28 18:50:08.659  SPELL_AURA_APPLIED,Player-4755-01FA8DD8,"Roackerita-Dreadmist",0x514,0x0,Player-4755-0220BD00,"Krikoff-Dreadmist",0x40514,0x0,6078,"Renew",0x2,BUFF
4/28 18:50:08.659  SPELL_ENERGIZE,Player-4755-01AC9FD9,"Alexinho-Dreadmist",0x514,0x0,Player-4755-01AC9FD9,"Alexinho-Dreadmist",0x514,0x0,14181,"Relentless Strikes Effect",0x1,Player-4755-01AC9FD9,0000000000000000,100,100,0,0,0,-1,0,0,0,-16.85,-206.81,0,0.3794,66,25.0000,0.0000,3,100
4/28 18:50:08.659  SWING_DAMAGE_LANDED,Creature-0-4457-249-1045-11262-0003286CB9,"Onyxian Whelp",0xa48,0x0,Player-4755-01733879,"Hocwar-Dreadmist",0x40514,0x0,Player-4755-01733879,0000000000000000,87,100,0,0,0,-1,0,0,0,-43.28,-241.71,0,5.1543,71,138,304,-1,1,0,0,0,nil,nil,nil
4/28 18:50:08.659  SWING_DAMAGE_LANDED,Creature-0-4457-249-1045-11262-0003A86CB9,"Onyxian Whelp",0xa48,0x0,Player-4755-0178F416,"Eltorero-Dreadmist",0x514,0x0,Player-4755-0178F416,0000000000000000,91,100,0,0,0,-1,0,0,0,-37.34,-217.51,0,2.0606,67,219,340,-1,1,0,0,0,nil,nil,nil
4/28 18:50:08.659  SPELL_AURA_APPLIED,Player-4755-020BD78D,"Lonehunter-Dreadmist",0x514,0x0,Player-4755-0220BD00,"Krikoff-Dreadmist",0x40514,0x0,20906,"Trueshot Aura",0x40,BUFF
4/28 18:50:08.659  SWING_DAMAGE_LANDED,Creature-0-4457-249-1045-11262-0005286CB9,"Onyxian Whelp",0xa48,0x0,Player-4755-01804B95,"Moymoy-Dreadmist",0x514,0x0,Player-4755-01804B95,0000000000000000,85,100,0,0,0,-1,0,0,0,6.83,-182.35,0,3.1137,66,217,449,-1,1,0,0,0,nil,nil,nil
4/28 18:50:08.659  SPELL_AURA_APPLIED,Creature-0-4457-249-1045-11262-0005286CB9,"Onyxian Whelp",0xa48,0x0,Player-4755-01804B95,"Moymoy-Dreadmist",0x514,0x0,1604,"Dazed",0x1,DEBUFF
4/28 18:50:08.659  SWING_DAMAGE_LANDED,Creature-0-4457-249-1045-11262-0006A86CB9,"Onyxian Whelp",0xa48,0x0,Player-4755-01804B95,"Moymoy-Dreadmist",0x514,0x0,Player-4755-01804B95,0000000000000000,80,100,0,0,0,-1,0,0,0,6.83,-182.35,0,3.1137,66,205,429,-1,1,0,0,0,nil,nil,nil
4/28 18:50:08.659  SWING_DAMAGE_LANDED,Creature-0-4457-249-1045-11262-0007286CB9,"Onyxian Whelp",0xa48,0x0,Player-4755-01804B95,"Moymoy-Dreadmist",0x514,0x0,Player-4755-01804B95,0000000000000000,75,100,0,0,0,-1,0,0,0,6.83,-182.35,0,3.1137,66,199,416,-1,1,0,0,0,nil,nil,nil
4/28 18:50:08.659  SWING_DAMAGE,Player-4755-01F21AE6,"Blahu-Dreadmist",0x40514,0x0,Creature-0-4457-249-1045-11262-0006286CB9,"Onyxian Whelp",0xa48,0x0,Player-4755-01F21AE6,0000000000000000,91,100,0,0,0,-1,0,0,0,-46.31,-239.01,0,6.0885,70,79,119,-1,1,0,0,0,nil,nil,nil
4/28 18:50:08.681  SPELL_CAST_SUCCESS,Player-4755-01B60A5F,"Zurok-Dreadmist",0x514,0x0,Creature-0-4457-249-1045-11262-0003A86CB9,"Onyxian Whelp",0xa48,0x0,14287,"Arcane Shot",0x40,Player-4755-01B60A5F,0000000000000000,100,100,0,0,0,-1,0,0,0,-22.19,-209.88,0,4.2471,62
4/28 18:50:08.695  SWING_MISSED,Player-4755-01733879,"Hocwar-Dreadmist",0x40514,0x0,Creature-0-4457-249-1045-11262-0006286CB9,"Onyxian Whelp",0xa48,0x0,MISS,1
4/28 18:50:08.724  SWING_DAMAGE,Creature-0-4457-249-1045-11262-0000A86CB9,"Onyxian Whelp",0xa48,0x0,Player-4755-01804B95,"Moymoy-Dreadmist",0x514,0x0,Creature-0-4457-249-1045-11262-0000A86CB9,0000000000000000,100,100,0,0,0,-1,0,0,0,10.04,-182.50,0,3.0658,56,191,401,-1,1,0,0,0,nil,nil,nil
4/28 18:50:08.949  SWING_DAMAGE,Player-4755-01733879,"Hocwar-Dreadmist",0x40514,0x0,Creature-0-4457-249-1045-11262-0006286CB9,"Onyxian Whelp",0xa48,0x0,Player-4755-01733879,0000000000000000,87,100,0,0,0,-1,0,0,0,-43.28,-241.71,0,5.1543,71,164,249,-1,1,0,0,0,nil,nil,nil
4/28 18:50:09.070  SPELL_DAMAGE,Player-4755-016296D3,"Nivl-Dreadmist",0x514,0x0,Creature-0-4457-249-1045-11262-0005A86CB9,"Onyxian Whelp",0xa48,0x0,26363,"Lightning Shield",0x8,Creature-0-4457-249-1045-11262-0005A86CB9,0000000000000000,79,100,0,0,0,-1,0,0,0,-24.93,-182.48,0,6.2230,56,221,220,-1,8,0,0,0,nil,nil,nil
4/28 18:50:09.070  SPELL_ENERGIZE,Player-4755-01F21AE6,"Blahu-Dreadmist",0x40514,0x0,Player-4755-01F21AE6,"Blahu-Dreadmist",0x40514,0x0,12964,"Unbridled Wrath",0x1,Player-4755-01F21AE6,0000000000000000,91,100,0,0,0,-1,0,0,0,-47.76,-238.08,0,5.9681,70,1.0000,0.0000,1,1000
4/28 18:50:09.070  SPELL_AURA_APPLIED,Player-4755-01F21AE6,"Blahu-Dreadmist",0x40514,0x0,Player-4755-01F21AE6,"Blahu-Dreadmist",0x40514,0x0,21887,"Warrior's Wrath",0x1,BUFF
4/28 18:50:09.070  SPELL_AURA_REMOVED_DOSE,Player-4755-0178F416,"Eltorero-Dreadmist",0x514,0x0,Player-4755-0178F416,"Eltorero-Dreadmist",0x514,0x0,23888,"Bloodthirst",0x1,BUFF,4
4/28 18:50:09.070  SPELL_AURA_REFRESH,Player-4755-0178F416,"Eltorero-Dreadmist",0x514,0x0,Player-4755-0178F416,"Eltorero-Dreadmist",0x514,0x0,12970,"Flurry",0x1,BUFF
4/28 18:50:09.070  SPELL_HEAL,Player-4755-0178F416,"Eltorero-Dreadmist",0x514,0x0,Player-4755-0178F416,"Eltorero-Dreadmist",0x514,0x0,23891,"Bloodthirst",0x1,Player-4755-0178F416,0000000000000000,92,100,0,0,0,-1,0,0,0,-36.84,-219.00,0,2.3316,67,20,20,0,0,nil
4/28 18:50:09.070  DAMAGE_SHIELD,Player-4755-0178F416,"Eltorero-Dreadmist",0x514,0x0,Creature-0-4457-249-1045-11262-0003A86CB9,"Onyxian Whelp",0xa48,0x0,21142,"Immolation",0x4,Creature-0-4457-249-1045-11262-0003A86CB9,0000000000000000,10,100,0,0,0,-1,0,0,0,-40.20,-214.45,0,5.4648,56,2,5,-1,4,0,0,0,nil,nil,nil
4/28 18:50:09.070  SWING_DAMAGE_LANDED,Player-4755-01F21AE6,"Blahu-Dreadmist",0x40514,0x0,Creature-0-4457-249-1045-11262-0006286CB9,"Onyxian Whelp",0xa48,0x0,Creature-0-4457-249-1045-11262-0006286CB9,0000000000000000,42,100,0,0,0,-1,0,0,0,-42.61,-241.01,0,1.7028,56,79,119,-1,1,0,0,0,nil,nil,nil
4/28 18:50:09.070  SWING_DAMAGE_LANDED,Creature-0-4457-249-1045-11262-0000A86CB9,"Onyxian Whelp",0xa48,0x0,Player-4755-01804B95,"Moymoy-Dreadmist",0x514,0x0,Player-4755-01804B95,0000000000000000,70,100,0,0,0,-1,0,0,0,4.72,-182.22,0,3.0823,66,191,401,-1,1,0,0,0,nil,nil,nil
4/28 18:50:09.070  SWING_DAMAGE_LANDED,Player-4755-01733879,"Hocwar-Dreadmist",0x40514,0x0,Creature-0-4457-249-1045-11262-0006286CB9,"Onyxian Whelp",0xa48,0x0,Creature-0-4457-249-1045-11262-0006286CB9,0000000000000000,36,100,0,0,0,-1,0,0,0,-42.61,-241.01,0,1.7028,56,164,249,-1,1,0,0,0,nil,nil,nil
4/28 18:50:09.070  SPELL_DAMAGE,Player-4755-01FA8D0D,"Roackeru-Dreadmist",0x514,0x0,Creature-0-4457-249-1045-10184-000028665C,"Onyxia",0x10a48,0x0,11661,"Shadow Bolt",0x20,Creature-0-4457-249-1045-10184-000028665C,0000000000000000,52,100,0,0,0,-1,0,0,0,24.34,-215.76,0,6.2681,63,998,907,-1,32,0,0,0,nil,nil,nil
4/28 18:50:09.107  SPELL_PERIODIC_ENERGIZE,Player-4755-01BC57A3,"Saintis-Dreadmist",0x511,0x0,Player-4755-01BC57A3,"Saintis-Dreadmist",0x511,0x0,18194,"Mana Regeneration",0x1,Player-4755-01BC57A3,0000000000000000,100,100,0,0,0,-1,0,0,0,8.89,-193.75,0,2.3025,68,8.0000,0.0000,0,7212
4/28 18:50:09.107  SWING_MISSED,Creature-0-4457-249-1045-11262-0004A86CB9,"Onyxian Whelp",0xa48,0x0,Player-4755-01F21AE6,"Blahu-Dreadmist",0x40514,0x0,PARRY,nil
4/28 18:50:09.107  SPELL_DAMAGE,Player-4755-01B60A5F,"Zurok-Dreadmist",0x514,0x0,Creature-0-4457-249-1045-11262-0003A86CB9,"Onyxian Whelp",0xa48,0x0,14287,"Arcane Shot",0x40,Creature-0-4457-249-1045-11262-0003A86CB9,0000000000000000,3,100,0,0,0,-1,0,0,0,-40.42,-214.22,0,5.4648,56,197,197,-1,64,0,0,0,nil,nil,nil
4/28 18:50:09.107  SPELL_AURA_REMOVED,Player-4755-0163DD9D,"Kaspais-Dreadmist",0x514,0x0,Player-4755-0163DD9D,"Kaspais-Dreadmist",0x514,0x0,1953,"Blink",0x40,BUFF
4/28 18:50:09.125  SPELL_CAST_START,Player-4755-021D6506,"Bloodlady-Dreadmist",0x514,0x0,0000000000000000,nil,0x80000000,0x80000000,10216,"Flamestrike",0x4
4/28 18:50:09.125  SPELL_CAST_SUCCESS,Player-4755-021D6506,"Bloodlady-Dreadmist",0x514,0x0,0000000000000000,nil,0x80000000,0x80000000,10216,"Flamestrike",0x4,Player-4755-021D6506,0000000000000000,100,100,0,0,0,-1,0,0,0,-39.26,-229.35,0,4.3905,69
4/28 18:50:09.125  SPELL_AURA_REMOVED,Player-4755-021D6506,"Bloodlady-Dreadmist",0x514,0x0,Player-4755-021D6506,"Bloodlady-Dreadmist",0x514,0x0,12043,"Presence of Mind",0x1,BUFF
4/28 18:50:09.140  SWING_DAMAGE,Creature-0-4457-249-1045-11262-0002286CB9,"Onyxian Whelp",0xa48,0x0,Player-4755-01733879,"Hocwar-Dreadmist",0x40514,0x0,Creature-0-4457-249-1045-11262-0002286CB9,0000000000000000,100,100,0,0,0,-1,0,0,0,-41.38,-244.82,0,2.7282,57,159,349,-1,1,0,0,0,nil,nil,nil
4/28 18:50:09.140  SPELL_AURA_REMOVED,Player-4755-0163DD9D,"Kaspais-Dreadmist",0x514,0x0,Player-4755-0163DD9D,"Kaspais-Dreadmist",0x514,0x0,24659,"Unstable Power",0x1,BUFF
4/28 18:50:09.157  SPELL_CAST_SUCCESS,Player-4755-01802FE5,"Angrybat-Dreadmist",0x514,0x0,Creature-0-4457-249-1045-10184-000028665C,"Onyxia",0x10a48,0x0,10181,"Frostbolt",0x10,Player-4755-01802FE5,0000000000000000,100,100,0,0,0,-1,0,0,0,-27.37,-196.97,0,5.9370,66
4/28 18:50:09.216  SWING_DAMAGE,Player-4755-0178F416,"Eltorero-Dreadmist",0x514,0x0,Creature-0-4457-249-1045-11262-0003A86CB9,"Onyxian Whelp",0xa48,0x0,Player-4755-0178F416,0000000000000000,92,100,0,0,0,-1,0,0,0,-36.86,-219.67,0,2.3316,67,714,573,632,1,0,0,0,1,nil,nil
4/28 18:50:09.281  SPELL_PERIODIC_DAMAGE,Player-4755-01FA8D0D,"Roackeru-Dreadmist",0x514,0x0,Creature-0-4457-249-1045-10184-000028665C,"Onyxia",0x10a48,0x0,11672,"Corruption",0x20,Creature-0-4457-249-1045-10184-000028665C,0000000000000000,52,100,0,0,0,-1,0,0,0,24.88,-215.77,0,6.2693,63,54,192,-1,32,145,0,0,nil,nil,nil
4/28 18:50:09.281  SPELL_AURA_REMOVED,Player-4755-01FA8D0D,"Roackeru-Dreadmist",0x514,0x0,Creature-0-4457-249-1045-10184-000028665C,"Onyxia",0x10a48,0x0,11672,"Corruption",0x20,DEBUFF
4/28 18:50:09.299  SPELL_AURA_REMOVED,Player-4755-01614AC7,"Mirrimazduur-Dreadmist",0x512,0x0,Player-4755-01614AC7,"Mirrimazduur-Dreadmist",0x512,0x0,17941,"Shadow Trance",0x20,BUFF
4/28 18:50:09.299  SPELL_CAST_START,Player-4755-01614AC7,"Mirrimazduur-Dreadmist",0x512,0x0,0000000000000000,nil,0x80000000,0x80000000,11661,"Shadow Bolt",0x20
4/28 18:50:09.299  SPELL_CAST_SUCCESS,Player-4755-01614AC7,"Mirrimazduur-Dreadmist",0x512,0x0,Creature-0-4457-249-1045-10184-000028665C,"Onyxia",0x10a48,0x0,11661,"Shadow Bolt",0x20,Player-4755-01614AC7,0000000000000000,100,100,0,0,0,-1,0,0,0,-18.12,-187.68,0,5.8735,68
4/28 18:50:09.328  SPELL_CAST_START,Player-4755-01B60A5F,"Zurok-Dreadmist",0x514,0x0,0000000000000000,nil,0x80000000,0x80000000,75,"Auto Shot",0x1
4/28 18:50:09.372  SPELL_PERIODIC_DAMAGE,Player-4755-0210153A,"Hapuseneb-Dreadmist",0x514,0x0,Creature-0-4457-249-1045-10184-000028665C,"Onyxia",0x10a48,0x0,15261,"Holy Fire",0x2,Creature-0-4457-249-1045-10184-000028665C,0000000000000000,52,100,0,0,0,-1,0,0,0,24.88,-215.77,0,6.2693,63,26,33,-1,2,8,0,0,nil,nil,nil
4/28 18:50:09.430  SWING_DAMAGE,Creature-0-4457-249-1045-11262-0000286CB9,"Onyxian Whelp",0xa48,0x0,Player-4755-01804B95,"Moymoy-Dreadmist",0x514,0x0,Creature-0-4457-249-1045-11262-0000286CB9,0000000000000000,100,100,0,0,0,-1,0,0,0,7.23,-181.44,0,3.1416,56,226,469,-1,1,0,0,0,nil,nil,nil
4/28 18:50:09.464  SPELL_AURA_REFRESH,Player-4755-0178F416,"Eltorero-Dreadmist",0x514,0x0,Creature-0-4457-249-1045-11262-0003A86CB9,"Onyxian Whelp",0xa48,0x0,12721,"Deep Wound",0x1,DEBUFF
4/28 18:50:09.464  SPELL_HEAL,Player-4755-01F21AE6,"Blahu-Dreadmist",0x40514,0x0,Player-4755-01F21AE6,"Blahu-Dreadmist",0x40514,0x0,23891,"Bloodthirst",0x1,Player-4755-01F21AE6,0000000000000000,92,100,0,0,0,-1,0,0,0,-49.23,-237.79,0,5.9681,70,20,20,0,0,nil
4/28 18:50:09.464  SPELL_AURA_REMOVED,Player-4755-01F21AE6,"Blahu-Dreadmist",0x40514,0x0,Player-4755-01F21AE6,"Blahu-Dreadmist",0x40514,0x0,23888,"Bloodthirst",0x1,BUFF
4/28 18:50:09.464  SPELL_AURA_REMOVED_DOSE,Player-4755-01733879,"Hocwar-Dreadmist",0x40514,0x0,Player-4755-01733879,"Hocwar-Dreadmist",0x40514,0x0,12970,"Flurry",0x1,BUFF,2
4/28 18:50:09.464  SPELL_AURA_REMOVED_DOSE,Player-4755-01733879,"Hocwar-Dreadmist",0x40514,0x0,Player-4755-01733879,"Hocwar-Dreadmist",0x40514,0x0,12970,"Flurry",0x1,BUFF,1
4/28 18:50:09.464  SPELL_DAMAGE,Player-4755-021D6506,"Bloodlady-Dreadmist",0x514,0x0,Creature-0-4457-249-1045-11262-0006286CB9,"Onyxian Whelp",0xa48,0x0,10216,"Flamestrike",0x4,Creature-0-4457-249-1045-11262-0006286CB9,0000000000000000,18,100,0,0,0,-1,0,0,0,-42.61,-241.01,0,1.7028,56,483,483,-1,4,0,0,0,nil,nil,nil
4/28 18:50:09.464  SPELL_DAMAGE,Player-4755-021D6506,"Bloodlady-Dreadmist",0x514,0x0,Creature-0-4457-249-1045-11262-0004A86CB9,"Onyxian Whelp",0xa48,0x0,10216,"Flamestrike",0x4,Creature-0-4457-249-1045-11262-0004A86CB9,0000000000000000,60,100,0,0,0,-1,0,0,0,-48.22,-238.79,0,2.7256,57,265,528,-1,4,264,0,0,nil,nil,nil
4/28 18:50:09.464  SPELL_DAMAGE,Player-4755-021D6506,"Bloodlady-Dreadmist",0x514,0x0,Creature-0-4457-249-1045-11262-0003286CB9,"Onyxian Whelp",0xa48,0x0,10216,"Flamestrike",0x4,Creature-0-4457-249-1045-11262-0003286CB9,0000000000000000,76,100,0,0,0,-1,0,0,0,-41.61,-243.51,0,1.6914,57,120,480,-1,4,360,0,0,nil,nil,nil
4/28 18:50:09.464  SPELL_DAMAGE,Player-4755-021D6506,"Bloodlady-Dreadmist",0x514,0x0,Creature-0-4457-249-1045-11262-0002286CB9,"Onyxian Whelp",0xa48,0x0,10216,"Flamestrike",0x4,Creature-0-4457-249-1045-11262-0002286CB9,0000000000000000,90,100,0,0,0,-1,0,0,0,-41.38,-244.82,0,2.7282,57,268,535,-1,4,268,0,0,nil,nil,nil
4/28 18:50:09.464  SPELL_AURA_APPLIED,Player-4755-021D6506,"Bloodlady-Dreadmist",0x514,0x0,Creature-0-4457-249-1045-11262-0002286CB9,"Onyxian Whelp",0xa48,0x0,10216,"Flamestrike",0x4,DEBUFF
4/28 18:50:09.464  SPELL_AURA_APPLIED,Player-4755-021D6506,"Bloodlady-Dreadmist",0x514,0x0,Creature-0-4457-249-1045-11262-0003286CB9,"Onyxian Whelp",0xa48,0x0,10216,"Flamestrike",0x4,DEBUFF
4/28 18:50:09.464  SPELL_AURA_APPLIED,Player-4755-021D6506,"Bloodlady-Dreadmist",0x514,0x0,Creature-0-4457-249-1045-11262-0004A86CB9,"Onyxian Whelp",0xa48,0x0,10216,"Flamestrike",0x4,DEBUFF
4/28 18:50:09.464  SPELL_AURA_APPLIED,Player-4755-021D6506,"Bloodlady-Dreadmist",0x514,0x0,Creature-0-4457-249-1045-11262-0006286CB9,"Onyxian Whelp",0xa48,0x0,10216,"Flamestrike",0x4,DEBUFF
4/28 18:50:09.464  SWING_DAMAGE_LANDED,Creature-0-4457-249-1045-11262-0002286CB9,"Onyxian Whelp",0xa48,0x0,Player-4755-01733879,"Hocwar-Dreadmist",0x40514,0x0,Player-4755-01733879,0000000000000000,84,100,0,0,0,-1,0,0,0,-43.28,-241.71,0,5.1543,71,159,349,-1,1,0,0,0,nil,nil,nil
4/28 18:50:09.464  SPELL_AURA_REMOVED,Player-4755-01733879,"Hocwar-Dreadmist",0x40514,0x0,Creature-0-4457-249-1045-11262-0003A86CB9,"Onyxian Whelp",0xa48,0x0,11556,"Demoralizing Shout",0x1,DEBUFF
4/28 18:50:09.464  SPELL_AURA_REMOVED,Player-4755-0178F416,"Eltorero-Dreadmist",0x514,0x0,Creature-0-4457-249-1045-11262-0003A86CB9,"Onyxian Whelp",0xa48,0x0,12721,"Deep Wound",0x1,DEBUFF
4/28 18:50:09.464  SWING_DAMAGE_LANDED,Player-4755-0178F416,"Eltorero-Dreadmist",0x514,0x0,Creature-0-4457-249-1045-11262-0003A86CB9,"Onyxian Whelp",0xa48,0x0,Creature-0-4457-249-1045-11262-0003A86CB9,0000000000000000,0,100,0,0,0,-1,0,0,0,-41.05,-213.55,0,5.1265,56,714,573,632,1,0,0,0,1,nil,nil
4/28 18:50:09.464  SWING_DAMAGE_LANDED,Creature-0-4457-249-1045-11262-0000286CB9,"Onyxian Whelp",0xa48,0x0,Player-4755-01804B95,"Moymoy-Dreadmist",0x514,0x0,Player-4755-01804B95,0000000000000000,64,100,0,0,0,-1,0,0,0,3.22,-182.13,0,3.0823,66,226,469,-1,1,0,0,0,nil,nil,nil
4/28 18:50:09.603  SPELL_PERIODIC_ENERGIZE,Creature-0-4457-249-1045-7416-0000286CBA,"Mana Spring Totem IV",0x2114,0x0,Player-4755-01804B95,"Moymoy-Dreadmist",0x514,0x0,10494,"Mana Spring",0x8,Player-4755-01804B95,0000000000000000,64,100,0,0,0,-1,0,0,0,2.69,-182.10,0,3.0823,66,13.0000,0.0000,0,5366
4/28 18:50:09.603  SPELL_PERIODIC_DAMAGE,Player-4755-01FA8D0D,"Roackeru-Dreadmist",0x514,0x0,Creature-0-4457-249-1045-10184-000028665C,"Onyxia",0x10a48,0x0,11713,"Curse of Agony",0x20,Creature-0-4457-249-1045-10184-000028665C,0000000000000000,52,100,0,0,0,-1,0,0,0,24.88,-215.77,0,6.2693,63,201,182,-1,32,0,0,0,nil,nil,nil
4/28 18:50:09.618  SPELL_CAST_START,Player-4755-0163DD9D,"Kaspais-Dreadmist",0x514,0x0,0000000000000000,nil,0x80000000,0x80000000,10181,"Frostbolt",0x10
4/28 18:50:09.618  SWING_DAMAGE,Creature-0-4457-249-1045-11262-0006286CB9,"Onyxian Whelp",0xa48,0x0,Player-4755-01733879,"Hocwar-Dreadmist",0x40514,0x0,Creature-0-4457-249-1045-11262-0006286CB9,0000000000000000,18,100,0,0,0,-1,0,0,0,-42.61,-241.01,0,1.7028,56,145,323,-1,1,0,0,0,nil,nil,nil
4/28 18:50:09.737  SPELL_CAST_SUCCESS,Player-4755-01E83279,"Nlmasters-Dreadmist",0x514,0x8,Creature-0-4457-249-1045-10184-000028665C,"Onyxia",0x10a48,0x0,20904,"Aimed Shot",0x1,Player-4755-01E83279,0000000000000000,100,100,0,0,0,-1,0,0,0,-27.72,-193.97,0,0.1681,70
4/28 18:50:09.857  UNIT_DIED,0000000000000000,nil,0x80000000,0x80000000,Creature-0-4457-249-1045-11262-0003A86CB9,"Onyxian Whelp",0xa48,0x0
4/28 18:50:09.880  SPELL_ENERGIZE,Player-4755-01F21AE6,"Blahu-Dreadmist",0x40514,0x0,Player-4755-01F21AE6,"Blahu-Dreadmist",0x40514,0x0,12964,"Unbridled Wrath",0x1,Player-4755-01F21AE6,0000000000000000,92,100,0,0,0,-1,0,0,0,-50.96,-237.62,0,5.9628,70,1.0000,0.0000,1,1000
4/28 18:50:09.880  SPELL_ENERGIZE,Player-4755-01733879,"Hocwar-Dreadmist",0x40514,0x0,Player-4755-01733879,"Hocwar-Dreadmist",0x40514,0x0,12964,"Unbridled Wrath",0x1,Player-4755-01733879,0000000000000000,84,100,0,0,0,-1,0,0,0,-43.28,-241.71,0,5.1543,71,1.0000,0.0000,1,1000
4/28 18:50:09.880  SPELL_AURA_REMOVED_DOSE,Player-4755-0178F416,"Eltorero-Dreadmist",0x514,0x0,Player-4755-0178F416,"Eltorero-Dreadmist",0x514,0x0,12970,"Flurry",0x1,BUFF,2
4/28 18:50:09.880  SPELL_AURA_REMOVED_DOSE,Player-4755-0178F416,"Eltorero-Dreadmist",0x514,0x0,Player-4755-0178F416,"Eltorero-Dreadmist",0x514,0x0,23888,"Bloodthirst",0x1,BUFF,3
4/28 18:50:09.880  SPELL_AURA_APPLIED_DOSE,Player-4755-0178F416,"Eltorero-Dreadmist",0x514,0x0,Player-4755-0178F416,"Eltorero-Dreadmist",0x514,0x0,12970,"Flurry",0x1,BUFF,3
4/28 18:50:09.880  SPELL_HEAL,Player-4755-0178F416,"Eltorero-Dreadmist",0x514,0x0,Player-4755-0178F416,"Eltorero-Dreadmist",0x514,0x0,23891,"Bloodthirst",0x1,Player-4755-0178F416,0000000000000000,92,100,0,0,0,-1,0,0,0,-39.78,-217.71,0,2.1431,67,20,20,0,0,nil
4/28 18:50:09.880  SWING_DAMAGE_LANDED,Creature-0-4457-249-1045-11262-0006286CB9,"Onyxian Whelp",0xa48,0x0,Player-4755-01733879,"Hocwar-Dreadmist",0x40514,0x0,Player-4755-01733879,0000000000000000,82,100,0,0,0,-1,0,0,0,-43.28,-241.71,0,5.1543,71,145,323,-1,1,0,0,0,nil,nil,nil
4/28 18:50:09.880  SPELL_CAST_SUCCESS,Player-4755-016296D3,"Nivl-Dreadmist",0x514,0x0,Creature-0-4457-249-1045-10184-000028665C,"Onyxia",0x10a48,0x0,15208,"Lightning Bolt",0x8,Player-4755-016296D3,0000000000000000,95,100,0,0,0,-1,0,0,0,-25.53,-185.11,0,5.8801,69
4/28 18:50:09.880  SPELL_CAST_START,Player-4755-01FA8D0D,"Roackeru-Dreadmist",0x514,0x0,0000000000000000,nil,0x80000000,0x80000000,11661,"Shadow Bolt",0x20
4/28 18:50:09.937  SWING_DAMAGE,Player-4755-01733879,"Hocwar-Dreadmist",0x40514,0x0,Creature-0-4457-249-1045-11262-0006286CB9,"Onyxian Whelp",0xa48,0x0,Player-4755-01733879,0000000000000000,82,100,0,0,0,-1,0,0,0,-43.28,-241.71,0,5.1543,71,102,154,-1,1,0,0,0,nil,nil,nil
4/28 18:50:09.937  SWING_DAMAGE,Creature-0-4457-249-1045-11262-0005A86CB9,"Onyxian Whelp",0xa48,0x0,Player-4755-01840577,"Raggèn-Dreadmist",0x514,0x0,Creature-0-4457-249-1045-11262-0005A86CB9,0000000000000000,79,100,0,0,0,-1,0,0,0,-23.67,-182.56,0,4.4286,56,271,406,-1,1,0,0,0,nil,nil,nil
4/28 18:50:09.955  SPELL_AURA_REMOVED,Player-4755-015FEBD5,"Sauvage-Dreadmist",0x514,0x0,Player-4755-015FEBD5,"Sauvage-Dreadmist",0x514,0x0,12042,"Arcane Power",0x40,BUFF
4/28 18:50:09.974  SPELL_AURA_REMOVED,Player-4755-0178F576,"Atreas-Dreadmist",0x514,0x0,Player-4755-0178F576,"Atreas-Dreadmist",0x514,0x0,24352,"Devilsaur Fury",0x1,BUFF
4/28 18:50:09.991  SPELL_DAMAGE,Player-4755-01614AC7,"Mirrimazduur-Dreadmist",0x512,0x0,Creature-0-4457-249-1045-10184-000028665C,"Onyxia",0x10a48,0x0,11661,"Shadow Bolt",0x20,Creature-0-4457-249-1045-10184-000028665C,0000000000000000,52,100,0,0,0,-1,0,0,0,24.88,-215.77,0,2.9671,63,953,866,-1,32,0,0,0,nil,nil,nil
4/28 18:50:09.991  SPELL_DAMAGE,Player-4755-01614AC7,"Mirrimazduur-Dreadmist",0x512,0x0,Creature-0-4457-249-1045-10184-000028665C,"Onyxia",0x10a48,0x0,11661,"Shadow Bolt",0x20,Creature-0-4457-249-1045-10184-000028665C,0000000000000000,52,100,0,0,0,-1,0,0,0,24.88,-215.77,0,2.9671,63,1876,852,-1,32,0,0,0,1,nil,nil
4/28 18:50:10.006  SPELL_DAMAGE,Player-4755-0163DD9D,"Kaspais-Dreadmist",0x514,0x0,Creature-0-4457-249-1045-10184-000028665C,"Onyxia",0x10a48,0x0,10181,"Frostbolt",0x10,Creature-0-4457-249-1045-10184-000028665C,0000000000000000,52,100,0,0,0,-1,0,0,0,24.88,-215.77,0,2.9671,63,2066,939,-1,16,0,0,0,1,nil,nil
4/28 18:50:10.036  SPELL_PERIODIC_DAMAGE,Player-4755-01F36B30,"Rectumqeef-Dreadmist",0x514,0x0,Creature-0-4457-249-1045-10184-000028665C,"Onyxia",0x10a48,0x0,11672,"Corruption",0x20,Creature-0-4457-249-1045-10184-000028665C,0000000000000000,52,100,0,0,0,-1,0,0,0,24.88,-215.77,0,2.9671,63,224,203,-1,32,0,0,0,nil,nil,nil
4/28 18:50:10.051  SPELL_CAST_SUCCESS,Player-4755-020BD78D,"Lonehunter-Dreadmist",0x514,0x0,Creature-0-4457-249-1045-10184-000028665C,"Onyxia",0x10a48,0x0,20904,"Aimed Shot",0x1,Player-4755-020BD78D,0000000000000000,100,100,0,0,0,-1,0,0,0,-9.97,-179.97,0,5.6601,70
4/28 18:50:10.143  SPELL_CAST_START,Player-4755-01E83279,"Nlmasters-Dreadmist",0x514,0x8,0000000000000000,nil,0x80000000,0x80000000,75,"Auto Shot",0x1
4/28 18:50:10.243  SPELL_CAST_START,Player-4755-01FA8DD8,"Roackerita-Dreadmist",0x514,0x0,0000000000000000,nil,0x80000000,0x80000000,2055,"Heal",0x2
4/28 18:50:10.261  SWING_DAMAGE_LANDED,Player-4755-01733879,"Hocwar-Dreadmist",0x40514,0x0,Creature-0-4457-249-1045-11262-0006286CB9,"Onyxian Whelp",0xa48,0x0,Creature-0-4457-249-1045-11262-0006286CB9,0000000000000000,14,100,0,0,0,-1,0,0,0,-42.61,-241.01,0,1.7028,56,102,154,-1,1,0,0,0,nil,nil,nil
4/28 18:50:10.261  SPELL_AURA_REMOVED_DOSE,Player-4755-01840577,"Raggèn-Dreadmist",0x514,0x0,Player-4755-01840577,"Raggèn-Dreadmist",0x514,0x0,10432,"Lightning Shield",0x8,BUFF,2
4/28 18:50:10.261  SWING_DAMAGE_LANDED,Creature-0-4457-249-1045-11262-0005A86CB9,"Onyxian Whelp",0xa48,0x0,Player-4755-01840577,"Raggèn-Dreadmist",0x514,0x0,Player-4755-01840577,0000000000000000,86,100,0,0,0,-1,0,0,0,-21.75,-181.48,0,2.7285,67,271,406,-1,1,0,0,0,nil,nil,nil
4/28 18:50:10.261  SPELL_AURA_APPLIED,Player-4755-021D6506,"Bloodlady-Dreadmist",0x514,0x0,Creature-0-4457-249-1045-11262-0004286CB9,"Onyxian Whelp",0xa48,0x0,10216,"Flamestrike",0x4,DEBUFF
4/28 18:50:10.261  SPELL_AURA_APPLIED,Player-4755-021D6506,"Bloodlady-Dreadmist",0x514,0x0,Creature-0-4457-249-1045-11262-0008286CB9,"Onyxian Whelp",0xa48,0x0,10216,"Flamestrike",0x4,DEBUFF
4/28 18:50:10.261  SPELL_PERIODIC_ENERGIZE,Creature-0-4457-249-1045-7416-0000286CBA,"Mana Spring Totem IV",0x2114,0x0,Player-4755-01FA8DD8,"Roackerita-Dreadmist",0x514,0x0,10494,"Mana Spring",0x8,Player-4755-01FA8DD8,0000000000000000,100,100,0,0,0,-1,0,0,0,-11.27,-193.54,0,6.1388,69,12.0000,0.0000,0,6736
4/28 18:50:10.295  SPELL_CAST_START,Player-4755-020BD78D,"Lonehunter-Dreadmist",0x514,0x0,0000000000000000,nil,0x80000000,0x80000000,75,"Auto Shot",0x1
4/28 18:50:10.343  SPELL_CAST_SUCCESS,Player-4755-01733879,"Hocwar-Dreadmist",0x40514,0x0,Creature-0-4457-249-1045-11262-0006286CB9,"Onyxian Whelp",0xa48,0x0,20569,"Cleave",0x1,Player-4755-01733879,0000000000000000,82,100,0,0,0,-1,0,0,0,-43.28,-241.71,0,5.1543,71
4/28 18:50:10.343  SPELL_AURA_REMOVED,Player-4755-01733879,"Hocwar-Dreadmist",0x40514,0x0,Player-4755-01733879,"Hocwar-Dreadmist",0x40514,0x0,12970,"Flurry",0x1,BUFF
4/28 18:50:10.376  SWING_DAMAGE,Player-4755-01F21AE6,"Blahu-Dreadmist",0x40514,0x0,Creature-0-4457-249-1045-11262-0004A86CB9,"Onyxian Whelp",0xa48,0x0,Player-4755-01F21AE6,0000000000000000,92,100,0,0,0,-1,0,0,0,-53.09,-236.95,0,5.9724,70,213,344,-1,1,0,0,0,nil,nil,nil
4/28 18:50:10.376  SPELL_CAST_SUCCESS,Player-4755-01F21AE6,"Blahu-Dreadmist",0x40514,0x0,Creature-0-4457-249-1045-11262-0004A86CB9,"Onyxian Whelp",0xa48,0x0,11597,"Sunder Armor",0x1,Player-4755-01F21AE6,0000000000000000,92,100,0,0,0,-1,0,0,0,-53.09,-236.95,0,5.9724,70
4/28 18:50:10.426  SPELL_CAST_START,Player-4755-01804B95,"Moymoy-Dreadmist",0x514,0x0,0000000000000000,nil,0x80000000,0x80000000,10468,"Lesser Healing Wave",0x8
4/28 18:50:10.459  SPELL_CAST_START,Player-4755-01BC57A3,"Saintis-Dreadmist",0x511,0x0,0000000000000000,nil,0x80000000,0x80000000,10917,"Flash Heal",0x2
4/28 18:50:10.492  SPELL_CAST_SUCCESS,Player-4755-01E83279,"Nlmasters-Dreadmist",0x514,0x8,Creature-0-4457-249-1045-10184-000028665C,"Onyxia",0x10a48,0x0,75,"Auto Shot",0x1,Player-4755-01E83279,0000000000000000,100,100,0,0,0,-1,0,0,0,-27.72,-193.97,0,0.1681,70
4/28 18:50:10.509  SPELL_CAST_SUCCESS,Player-4755-01802FE5,"Angrybat-Dreadmist",0x514,0x0,0000000000000000,nil,0x80000000,0x80000000,17531,"Restore Mana",0x1,Player-4755-01802FE5,0000000000000000,100,100,0,0,0,-1,0,0,0,-27.37,-196.97,0,5.9370,66
4/28 18:50:10.581  SPELL_PERIODIC_ENERGIZE,Creature-0-4457-249-1045-7416-0000286CC9,"Mana Spring Totem IV",0x2114,0x0,Player-4755-0178F576,"Atreas-Dreadmist",0x514,0x0,10494,"Mana Spring",0x8,Player-4755-0178F576,0000000000000000,100,100,0,0,0,-1,0,0,0,-32.82,-189.29,0,6.1511,66,10.0000,0.0000,0,3765
4/28 18:50:10.581  SPELL_PERIODIC_ENERGIZE,Creature-0-4457-249-1045-7416-0000286CC9,"Mana Spring Totem IV",0x2114,0x0,Player-4755-016296D3,"Nivl-Dreadmist",0x514,0x0,10494,"Mana Spring",0x8,Player-4755-016296D3,0000000000000000,95,100,0,0,0,-1,0,0,0,-25.53,-185.11,0,5.8801,69,10.0000,0.0000,0,5845
4/28 18:50:10.647  SWING_DAMAGE,Creature-0-4457-249-1045-11262-0003286CB9,"Onyxian Whelp",0xa48,0x0,Player-4755-01733879,"Hocwar-Dreadmist",0x40514,0x0,Creature-0-4457-249-1045-11262-0003286CB9,0000000000000000,76,100,0,0,0,-1,0,0,0,-41.61,-243.51,0,1.6914,57,172,380,-1,1,0,0,0,nil,nil,nil
4/28 18:50:10.647  SWING_DAMAGE,Creature-0-4457-249-1045-11262-0006A86CB9,"Onyxian Whelp",0xa48,0x0,Player-4755-01804B95,"Moymoy-Dreadmist",0x514,0x0,Creature-0-4457-249-1045-11262-0006A86CB9,0000000000000000,100,100,0,0,0,-1,0,0,0,1.69,-181.86,0,3.1240,56,196,410,-1,1,0,0,0,nil,nil,nil
4/28 18:50:10.647  SWING_DAMAGE,Creature-0-4457-249-1045-11262-0005286CB9,"Onyxian Whelp",0xa48,0x0,Player-4755-01804B95,"Moymoy-Dreadmist",0x514,0x0,Creature-0-4457-249-1045-11262-0005286CB9,0000000000000000,100,100,0,0,0,-1,0,0,0,1.00,-182.00,0,3.0815,57,215,445,-1,1,0,0,0,nil,nil,nil
4/28 18:50:10.647  SWING_DAMAGE,Creature-0-4457-249-1045-11262-0007286CB9,"Onyxian Whelp",0xa48,0x0,Player-4755-01804B95,"Moymoy-Dreadmist",0x514,0x0,Creature-0-4457-249-1045-11262-0007286CB9,0000000000000000,100,100,0,0,0,-1,0,0,0,0.97,-181.43,0,3.4911,56,184,387,-1,1,0,0,0,nil,nil,nil
4/28 18:50:10.667  SPELL_AURA_REMOVED,Pet-0-4457-249-1045-416-0100019757,"Chotik",0x1112,0x0,Player-4755-02045EF4,"Necrosini-Dreadmist",0x512,0x0,11767,"Blood Pact",0x20,BUFF
4/28 18:50:10.667  SPELL_CAST_SUCCESS,Pet-0-4457-249-1045-416-01001C47E2,"Ababis",0x1114,0x0,Player-4755-01840577,"Raggèn-Dreadmist",0x514,0x0,11771,"Fire Shield",0x4,Pet-0-4457-249-1045-416-01001C47E2,Player-4755-01F36B30,100,100,0,0,0,-1,0,0,0,0.83,-187.59,0,5.4653,66
4/28 18:50:10.691  SPELL_AURA_APPLIED,Player-4755-01614AC7,"Mirrimazduur-Dreadmist",0x512,0x0,Creature-0-4457-249-1045-10184-000028665C,"Onyxia",0x10a48,0x0,17800,"Shadow Vulnerability",0x20,DEBUFF
4/28 18:50:10.691  SPELL_DAMAGE,Player-4755-01733879,"Hocwar-Dreadmist",0x40514,0x0,Creature-0-4457-249-1045-11262-0003286CB9,"Onyxian Whelp",0xa48,0x0,20569,"Cleave",0x1,Creature-0-4457-249-1045-11262-0003286CB9,0000000000000000,69,100,0,0,0,-1,0,0,0,-41.61,-243.51,0,1.6914,57,182,293,-1,1,0,0,0,nil,nil,nil
4/28 18:50:10.691  SPELL_DAMAGE,Player-4755-01733879,"Hocwar-Dreadmist",0x40514,0x0,Creature-0-4457-249-1045-11262-0006286CB9,"Onyxian Whelp",0xa48,0x0,20569,"Cleave",0x1,Creature-0-4457-249-1045-11262-0006286CB9,0000000000000000,6,100,0,0,0,-1,0,0,0,-42.61,-241.01,0,1.7028,56,203,310,-1,1,0,0,0,nil,nil,nil
4/28 18:50:10.691  SWING_DAMAGE_LANDED,Player-4755-01F21AE6,"Blahu-Dreadmist",0x40514,0x0,Creature-0-4457-249-1045-11262-0004A86CB9,"Onyxian Whelp",0xa48,0x0,Creature-0-4457-249-1045-11262-0004A86CB9,0000000000000000,53,100,0,0,0,-1,0,0,0,-49.83,-238.18,0,2.7923,57,213,344,-1,1,0,0,0,nil,nil,nil
4/28 18:50:10.691  SPELL_AURA_APPLIED,Player-4755-01F21AE6,"Blahu-Dreadmist",0x40514,0x0,Creature-0-4457-249-1045-11262-0004A86CB9,"Onyxian Whelp",0xa48,0x0,11597,"Sunder Armor",0x1,DEBUFF
4/28 18:50:10.691  SPELL_ENERGIZE,Player-4755-01802FE5,"Angrybat-Dreadmist",0x514,0x0,Player-4755-01802FE5,"Angrybat-Dreadmist",0x514,0x0,17531,"Restore Mana",0x1,Player-4755-01802FE5,0000000000000000,100,100,0,0,0,-1,0,0,0,-27.37,-196.97,0,5.9370,66,1722.0000,0.0000,0,6033
4/28 18:50:10.691  SWING_DAMAGE_LANDED,Creature-0-4457-249-1045-11262-0003286CB9,"Onyxian Whelp",0xa48,0x0,Player-4755-01733879,"Hocwar-Dreadmist",0x40514,0x0,Player-4755-01733879,0000000000000000,79,100,0,0,0,-1,0,0,0,-43.28,-241.71,0,5.1543,71,172,380,-1,1,0,0,0,nil,nil,nil
4/28 18:50:10.691  SWING_DAMAGE_LANDED,Creature-0-4457-249-1045-11262-0006A86CB9,"Onyxian Whelp",0xa48,0x0,Player-4755-01804B95,"Moymoy-Dreadmist",0x514,0x0,Player-4755-01804B95,0000000000000000,59,100,0,0,0,-1,0,0,0,-0.36,-181.92,0,3.0823,66,196,410,-1,1,0,0,0,nil,nil,nil
4/28 18:50:10.691  SWING_DAMAGE_LANDED,Creature-0-4457-249-1045-11262-0005286CB9,"Onyxian Whelp",0xa48,0x0,Player-4755-01804B95,"Moymoy-Dreadmist",0x514,0x0,Player-4755-01804B95,0000000000000000,54,100,0,0,0,-1,0,0,0,-0.36,-181.92,0,3.0823,66,215,445,-1,1,0,0,0,nil,nil,nil
4/28 18:50:10.691  SWING_DAMAGE_LANDED,Creature-0-4457-249-1045-11262-0007286CB9,"Onyxian Whelp",0xa48,0x0,Player-4755-01804B95,"Moymoy-Dreadmist",0x514,0x0,Player-4755-01804B95,0000000000000000,49,100,0,0,0,-1,0,0,0,-0.36,-181.92,0,3.0823,66,184,387,-1,1,0,0,0,nil,nil,nil
4/28 18:50:10.691  SPELL_AURA_APPLIED,Pet-0-4457-249-1045-416-01001C47E2,"Ababis",0x1114,0x0,Player-4755-01840577,"Raggèn-Dreadmist",0x514,0x0,11771,"Fire Shield",0x4,BUFF
4/28 18:50:10.691  SPELL_CAST_SUCCESS,Player-4755-02045EF4,"Necrosini-Dreadmist",0x512,0x0,Player-4755-01ED7A64,"Sperzieboon-Dreadmist",0x514,0x0,10929,"Renew",0x2,Player-4755-02045EF4,0000000000000000,100,100,0,0,0,-1,0,0,0,13.81,-183.66,0,2.5577,69
4/28 18:50:10.742  SWING_DAMAGE,Creature-0-4457-249-1045-11262-0000A86CB9,"Onyxian Whelp",0xa48,0x0,Player-4755-01804B95,"Moymoy-Dreadmist",0x514,0x0,Creature-0-4457-249-1045-11262-0000A86CB9,0000000000000000,100,100,0,0,0,-1,0,0,0,1.62,-182.05,0,3.0769,56,207,430,-1,1,0,0,0,nil,nil,nil
4/28 18:50:10.742  SPELL_CAST_SUCCESS,Player-4755-020BD78D,"Lonehunter-Dreadmist",0x514,0x0,Creature-0-4457-249-1045-10184-000028665C,"Onyxia",0x10a48,0x0,75,"Auto Shot",0x1,Player-4755-020BD78D,0000000000000000,100,100,0,0,0,-1,0,0,0,-9.97,-179.97,0,5.6601,70
4/28 18:50:10.791  SPELL_CAST_START,Player-4755-01614AC7,"Mirrimazduur-Dreadmist",0x512,0x0,0000000000000000,nil,0x80000000,0x80000000,11661,"Shadow Bolt",0x20
4/28 18:50:10.823  SPELL_CAST_SUCCESS,Player-4755-01F36B30,"Rectumqeef-Dreadmist",0x514,0x0,Creature-0-4457-249-1045-10184-000028665C,"Onyxia",0x10a48,0x0,11661,"Shadow Bolt",0x20,Player-4755-01F36B30,0000000000000000,100,100,0,0,0,-1,0,0,0,-1.18,-189.82,0,5.8397,66
4/28 18:50:10.823  SPELL_CAST_START,Player-4755-01F36B30,"Rectumqeef-Dreadmist",0x514,0x0,0000000000000000,nil,0x80000000,0x80000000,11661,"Shadow Bolt",0x20
4/28 18:50:10.840  SPELL_CAST_START,Player-4755-01E83279,"Nlmasters-Dreadmist",0x514,0x8,0000000000000000,nil,0x80000000,0x80000000,14290,"Multi-Shot",0x1
4/28 18:50:10.956  SPELL_PERIODIC_DAMAGE,Player-4755-01614AC7,"Mirrimazduur-Dreadmist",0x512,0x0,Creature-0-4457-249-1045-10184-000028665C,"Onyxia",0x10a48,0x0,11672,"Corruption",0x20,Creature-0-4457-249-1045-10184-000028665C,0000000000000000,52,100,0,0,0,-1,0,0,0,24.88,-215.77,0,2.9671,63,249,188,-1,32,0,0,0,nil,nil,nil
4/28 18:50:10.956  SPELL_CAST_START,Player-4755-01B60A5F,"Zurok-Dreadmist",0x514,0x0,0000000000000000,nil,0x80000000,0x80000000,75,"Auto Shot",0x1
4/28 18:50:11.021  SPELL_AURA_REMOVED,Player-4755-0160BD13,"Mafkees-Dreadmist",0x514,0x0,Player-4755-0178F416,"Eltorero-Dreadmist",0x514,0x0,11551,"Battle Shout",0x1,BUFF
4/28 18:50:11.021  SPELL_AURA_APPLIED,Player-4755-0178F416,"Eltorero-Dreadmist",0x514,0x0,Player-4755-0178F416,"Eltorero-Dreadmist",0x514,0x0,11551,"Battle Shout",0x1,BUFF
4/28 18:50:11.021  SPELL_CAST_SUCCESS,Player-4755-0178F416,"Eltorero-Dreadmist",0x514,0x0,0000000000000000,nil,0x80000000,0x80000000,11551,"Battle Shout",0x1,Player-4755-0178F416,0000000000000000,92,100,0,0,0,-1,0,0,0,-38.84,-221.51,0,5.1001,67
4/28 18:50:11.039  SPELL_CAST_SUCCESS,Player-4755-021D6506,"Bloodlady-Dreadmist",0x514,0x0,0000000000000000,nil,0x80000000,0x80000000,122,"Frost Nova",0x10,Player-4755-021D6506,0000000000000000,100,100,0,0,0,-1,0,0,0,-39.15,-241.04,0,3.5501,69
4/28 18:50:11.074  SWING_DAMAGE,Creature-0-4457-249-1045-11262-0000A86CBE,"Onyxian Whelp",0xa48,0x0,Player-4755-0178F576,"Atreas-Dreadmist",0x514,0x0,Creature-0-4457-249-1045-11262-0000A86CBE,0000000000000000,100,100,0,0,0,-1,0,0,0,-34.78,-182.99,0,4.9863,57,267,435,-1,1,0,0,0,nil,nil,nil
4/28 18:50:11.074  SWING_MISSED,Creature-0-4457-249-1045-11262-0004286CB9,"Onyxian Whelp",0xa48,0x0,Player-4755-01733879,"Hocwar-Dreadmist",0x40514,0x0,PARRY,nil
4/28 18:50:11.074  SPELL_CAST_SUCCESS,Pet-0-4457-249-1045-7432-01002D8BC6,"Cat",0x1114,0x0,Creature-0-4457-249-1045-10184-000028665C,"Onyxia",0x10a48,0x0,3009,"Claw",0x1,Pet-0-4457-249-1045-7432-01002D8BC6,Player-4755-01E83279,100,100,0,0,0,-1,0,0,0,6.72,-215.08,0,0.0000,70
4/28 18:50:11.074  SPELL_CAST_SUCCESS,Pet-0-4457-249-1045-2850-01001956F9,"Kratos",0x1114,0x0,Creature-0-4457-249-1045-10184-000028665C,"Onyxia",0x10a48,0x0,3009,"Claw",0x1,Pet-0-4457-249-1045-2850-01001956F9,Player-4755-0178F576,100,100,0,0,0,-1,0,0,0,6.88,-215.27,0,0.0000,66
4/28 18:50:11.074  SPELL_MISSED,Pet-0-4457-249-1045-2850-01001956F9,"Kratos",0x1114,0x0,Creature-0-4457-249-1045-10184-000028665C,"Onyxia",0x10a48,0x0,3009,"Claw",0x1,PARRY,nil
4/28 18:50:11.074  SPELL_ENERGIZE,Player-4755-01733879,"Hocwar-Dreadmist",0x40514,0x0,Player-4755-01733879,"Hocwar-Dreadmist",0x40514,0x0,12964,"Unbridled Wrath",0x1,Player-4755-01733879,0000000000000000,79,100,0,0,0,-1,0,0,0,-43.28,-241.71,0,5.1543,71,1.0000,0.0000,1,1000
4/28 18:50:11.074  SPELL_DAMAGE,Player-4755-01840577,"Raggèn-Dreadmist",0x514,0x0,Creature-0-4457-249-1045-11262-0005A86CB9,"Onyxian Whelp",0xa48,0x0,26363,"Lightning Shield",0x8,Creature-0-4457-249-1045-11262-0005A86CB9,0000000000000000,71,100,0,0,0,-1,0,0,0,-23.67,-182.56,0,4.4286,56,218,217,-1,8,0,0,0,nil,nil,nil
4/28 18:50:11.074  SPELL_AURA_REMOVED,Player-4755-01F21AE6,"Blahu-Dreadmist",0x40514,0x0,Player-4755-01F21AE6,"Blahu-Dreadmist",0x40514,0x0,21887,"Warrior's Wrath",0x1,BUFF
4/28 18:50:11.074  SPELL_AURA_APPLIED,Player-4755-02045EF4,"Necrosini-Dreadmist",0x512,0x0,Player-4755-01ED7A64,"Sperzieboon-Dreadmist",0x514,0x0,10929,"Renew",0x2,BUFF
4/28 18:50:11.074  SWING_DAMAGE_LANDED,Creature-0-4457-249-1045-11262-0000A86CB9,"Onyxian Whelp",0xa48,0x0,Player-4755-01804B95,"Moymoy-Dreadmist",0x514,0x0,Player-4755-01804B95,0000000000000000,44,100,0,0,0,-1,0,0,0,-0.36,-181.92,0,3.0823,66,207,430,-1,1,0,0,0,nil,nil,nil
4/28 18:50:11.074  SPELL_DAMAGE,Player-4755-021D6506,"Bloodlady-Dreadmist",0x514,0x0,Creature-0-4457-249-1045-11262-0008286CB9,"Onyxian Whelp",0xa48,0x0,122,"Frost Nova",0x10,Creature-0-4457-249-1045-11262-0008286CB9,0000000000000000,99,100,0,0,0,-1,0,0,0,-36.16,-247.66,0,0.8202,57,33,33,-1,16,0,0,0,nil,nil,nil
4/28 18:50:11.074  SPELL_DAMAGE,Player-4755-021D6506,"Bloodlady-Dreadmist",0x514,0x0,Creature-0-4457-249-1045-11262-0006286CB9,"Onyxian Whelp",0xa48,0x0,122,"Frost Nova",0x10,Creature-0-4457-249-1045-11262-0006286CB9,0000000000000000,5,100,0,0,0,-1,0,0,0,-42.61,-241.01,0,1.7028,56,34,33,-1,16,0,0,0,nil,nil,nil
4/28 18:50:11.074  SPELL_DAMAGE,Player-4755-021D6506,"Bloodlady-Dreadmist",0x514,0x0,Creature-0-4457-249-1045-11262-0004A86CB9,"Onyxian Whelp",0xa48,0x0,122,"Frost Nova",0x10,Creature-0-4457-249-1045-11262-0004A86CB9,0000000000000000,52,100,0,0,0,-1,0,0,0,-49.83,-238.18,0,2.7923,57,34,33,-1,16,0,0,0,nil,nil,nil
4/28 18:50:11.074  SPELL_DAMAGE,Player-4755-021D6506,"Bloodlady-Dreadmist",0x514,0x0,Creature-0-4457-249-1045-11262-0004286CB9,"Onyxian Whelp",0xa48,0x0,122,"Frost Nova",0x10,Creature-0-4457-249-1045-11262-0004286CB9,0000000000000000,99,100,0,0,0,-1,0,0,0,-42.15,-245.19,0,1.9189,57,34,33,-1,16,0,0,0,nil,nil,nil
4/28 18:50:11.074  SPELL_DAMAGE,Player-4755-021D6506,"Bloodlady-Dreadmist",0x514,0x0,Creature-0-4457-249-1045-11262-0003286CB9,"Onyxian Whelp",0xa48,0x0,122,"Frost Nova",0x10,Creature-0-4457-249-1045-11262-0003286CB9,0000000000000000,67,100,0,0,0,-1,0,0,0,-41.61,-243.51,0,1.6914,57,69,34,-1,16,0,0,0,1,nil,nil
4/28 18:50:11.074  SPELL_DAMAGE,Player-4755-021D6506,"Bloodlady-Dreadmist",0x514,0x0,Creature-0-4457-249-1045-11262-0002286CB9,"Onyxian Whelp",0xa48,0x0,122,"Frost Nova",0x10,Creature-0-4457-249-1045-11262-0002286CB9,0000000000000000,89,100,0,0,0,-1,0,0,0,-38.04,-242.39,0,0.6108,57,32,32,-1,16,0,0,0,nil,nil,nil
4/28 18:50:11.074  SPELL_AURA_APPLIED,Player-4755-021D6506,"Bloodlady-Dreadmist",0x514,0x0,Creature-0-4457-249-1045-11262-0002286CB9,"Onyxian Whelp",0xa48,0x0,122,"Frost Nova",0x10,DEBUFF
4/28 18:50:11.074  SPELL_AURA_APPLIED,Player-4755-021D6506,"Bloodlady-Dreadmist",0x514,0x0,Creature-0-4457-249-1045-11262-0003286CB9,"Onyxian Whelp",0xa48,0x0,122,"Frost Nova",0x10,DEBUFF
4/28 18:50:11.074  SPELL_AURA_APPLIED,Player-4755-021D6506,"Bloodlady-Dreadmist",0x514,0x0,Creature-0-4457-249-1045-11262-0004286CB9,"Onyxian Whelp",0xa48,0x0,122,"Frost Nova",0x10,DEBUFF
4/28 18:50:11.074  SPELL_AURA_APPLIED,Player-4755-021D6506,"Bloodlady-Dreadmist",0x514,0x0,Creature-0-4457-249-1045-11262-0004A86CB9,"Onyxian Whelp",0xa48,0x0,122,"Frost Nova",0x10,DEBUFF
4/28 18:50:11.074  SPELL_AURA_APPLIED,Player-4755-021D6506,"Bloodlady-Dreadmist",0x514,0x0,Creature-0-4457-249-1045-11262-0006286CB9,"Onyxian Whelp",0xa48,0x0,122,"Frost Nova",0x10,DEBUFF
4/28 18:50:11.074  SPELL_AURA_APPLIED,Player-4755-021D6506,"Bloodlady-Dreadmist",0x514,0x0,Creature-0-4457-249-1045-11262-0008286CB9,"Onyxian Whelp",0xa48,0x0,122,"Frost Nova",0x10,DEBUFF
4/28 18:50:11.074  SWING_DAMAGE_LANDED,Creature-0-4457-249-1045-11262-0000A86CBE,"Onyxian Whelp",0xa48,0x0,Player-4755-0178F576,"Atreas-Dreadmist",0x514,0x0,Player-4755-0178F576,0000000000000000,94,100,0,0,0,-1,0,0,0,-29.39,-189.75,0,6.1511,66,267,435,-1,1,0,0,0,nil,nil,nil
4/28 18:50:11.074  SPELL_DAMAGE,Pet-0-4457-249-1045-7432-01002D8BC6,"Cat",0x1114,0x0,Creature-0-4457-249-1045-10184-000028665C,"Onyxia",0x10a48,0x0,3009,"Claw",0x1,Creature-0-4457-249-1045-10184-000028665C,0000000000000000,52,100,0,0,0,-1,0,0,0,24.88,-215.77,0,2.9671,63,125,79,-1,1,0,0,0,1,nil,nil
4/28 18:50:11.074  SPELL_CAST_START,Player-4755-020BD78D,"Lonehunter-Dreadmist",0x514,0x0,0000000000000000,nil,0x80000000,0x80000000,14290,"Multi-Shot",0x1
4/28 18:50:11.101  SWING_DAMAGE,Creature-0-4457-249-1045-11262-0004A86CB9,"Onyxian Whelp",0xa48,0x0,Player-4755-01F21AE6,"Blahu-Dreadmist",0x40514,0x0,Creature-0-4457-249-1045-11262-0004A86CB9,0000000000000000,52,100,0,0,0,-1,0,0,0,-49.83,-238.18,0,2.7923,57,134,301,-1,1,0,0,0,nil,nil,nil
4/28 18:50:11.157  SWING_DAMAGE,Creature-0-4457-249-1045-11262-0002286CB9,"Onyxian Whelp",0xa48,0x0,Player-4755-021D6506,"Bloodlady-Dreadmist",0x514,0x0,Creature-0-4457-249-1045-11262-0002286CB9,0000000000000000,89,100,0,0,0,-1,0,0,0,-38.04,-242.39,0,0.6108,57,308,362,-1,1,0,0,0,nil,nil,nil
4/28 18:50:11.175  SPELL_CAST_START,Player-4755-0178F576,"Atreas-Dreadmist",0x514,0x0,0000000000000000,nil,0x80000000,0x80000000,20904,"Aimed Shot",0x1
4/28 18:50:11.196  SPELL_CAST_SUCCESS,Player-4755-01E83279,"Nlmasters-Dreadmist",0x514,0x8,Creature-0-4457-249-1045-10184-000028665C,"Onyxia",0x10a48,0x0,14290,"Multi-Shot",0x1,Player-4755-01E83279,0000000000000000,100,100,0,0,0,-1,0,0,0,-27.72,-193.97,0,0.1681,70
4/28 18:50:11.245  SPELL_DAMAGE,Player-4755-01E83279,"Nlmasters-Dreadmist",0x514,0x8,Creature-0-4457-249-1045-10184-000028665C,"Onyxia",0x10a48,0x0,20904,"Aimed Shot",0x1,Creature-0-4457-249-1045-10184-000028665C,0000000000000000,51,100,0,0,0,-1,0,0,0,24.88,-215.77,0,2.9671,63,1837,1040,-1,1,0,0,0,1,nil,nil
4/28 18:50:11.245  SPELL_DAMAGE,Player-4755-01802FE5,"Angrybat-Dreadmist",0x514,0x0,Creature-0-4457-249-1045-10184-000028665C,"Onyxia",0x10a48,0x0,10181,"Frostbolt",0x10,Creature-0-4457-249-1045-10184-000028665C,0000000000000000,51,100,0,0,0,-1,0,0,0,24.88,-215.77,0,2.9671,63,953,866,-1,16,0,0,0,nil,nil,nil
4/28 18:50:11.281  SWING_DAMAGE,Player-4755-0160BD13,"Mafkees-Dreadmist",0x514,0x0,Creature-0-4457-249-1045-11262-0007286CB9,"Onyxian Whelp",0xa48,0x0,Player-4755-0160BD13,0000000000000000,100,100,0,0,0,-1,0,0,0,-0.96,-184.64,0,1.2825,64,318,511,-1,1,0,0,0,nil,nil,nil
4/28 18:50:11.385  SPELL_PERIODIC_DAMAGE,Player-4755-0210153A,"Hapuseneb-Dreadmist",0x514,0x0,Creature-0-4457-249-1045-10184-000028665C,"Onyxia",0x10a48,0x0,15261,"Holy Fire",0x2,Creature-0-4457-249-1045-10184-000028665C,0000000000000000,51,100,0,0,0,-1,0,0,0,24.88,-215.77,0,2.9671,63,26,33,-1,2,8,0,0,nil,nil,nil
4/28 18:50:11.385  SPELL_AURA_REMOVED,Player-4755-0210153A,"Hapuseneb-Dreadmist",0x514,0x0,Creature-0-4457-249-1045-10184-000028665C,"Onyxia",0x10a48,0x0,15261,"Holy Fire",0x2,DEBUFF
4/28 18:50:11.385  SPELL_DAMAGE,Player-4755-020BD78D,"Lonehunter-Dreadmist",0x514,0x0,Creature-0-4457-249-1045-10184-000028665C,"Onyxia",0x10a48,0x0,20904,"Aimed Shot",0x1,Creature-0-4457-249-1045-10184-000028665C,0000000000000000,51,100,0,0,0,-1,0,0,0,24.88,-215.77,0,2.9671,63,870,1104,-1,1,0,0,0,nil,nil,nil
4/28 18:50:11.406  SPELL_CAST_SUCCESS,Player-4755-01B60A5F,"Zurok-Dreadmist",0x514,0x0,Creature-0-4457-249-1045-11262-0006286CB9,"Onyxian Whelp",0xa48,0x0,75,"Auto Shot",0x1,Player-4755-01B60A5F,0000000000000000,100,100,0,0,0,-1,0,0,0,-22.97,-211.43,0,5.6451,62
4/28 18:50:11.424  SWING_MISSED,Player-4755-01733879,"Hocwar-Dreadmist",0x40514,0x0,Creature-0-4457-249-1045-11262-0006286CB9,"Onyxian Whelp",0xa48,0x0,PARRY,1
4/28 18:50:11.424  SWING_MISSED,Player-4755-01733879,"Hocwar-Dreadmist",0x40514,0x0,Creature-0-4457-249-1045-11262-0006286CB9,"Onyxian Whelp",0xa48,0x0,MISS,nil
4/28 18:50:11.441  SWING_DAMAGE,Player-4755-01840577,"Raggèn-Dreadmist",0x514,0x0,Creature-0-4457-249-1045-11262-0005A86CB9,"Onyxian Whelp",0xa48,0x0,Player-4755-01840577,0000000000000000,86,100,0,0,0,-1,0,0,0,-20.40,-182.07,0,3.0654,67,354,569,-1,1,0,0,0,nil,nil,nil
4/28 18:50:11.460  SPELL_PERIODIC_DAMAGE,Player-4755-021D6506,"Bloodlady-Dreadmist",0x514,0x0,Creature-0-4457-249-1045-11262-0004A86CB9,"Onyxian Whelp",0xa48,0x0,10216,"Flamestrike",0x4,Creature-0-4457-249-1045-11262-0004A86CB9,0000000000000000,48,100,0,0,0,-1,0,0,0,-49.83,-238.18,0,2.7923,57,96,95,-1,4,0,0,0,nil,nil,nil
4/28 18:50:11.460  SPELL_PERIODIC_DAMAGE,Player-4755-021D6506,"Bloodlady-Dreadmist",0x514,0x0,Creature-0-4457-249-1045-11262-0003286CB9,"Onyxian Whelp",0xa48,0x0,10216,"Flamestrike",0x4,Creature-0-4457-249-1045-11262-0003286CB9,0000000000000000,64,100,0,0,0,-1,0,0,0,-41.61,-243.51,0,1.6914,57,72,95,-1,4,24,0,0,nil,nil,nil
4/28 18:50:11.477  SPELL_PERIODIC_DAMAGE,Player-4755-021D6506,"Bloodlady-Dreadmist",0x514,0x0,Creature-0-4457-249-1045-11262-0002286CB9,"Onyxian Whelp",0xa48,0x0,10216,"Flamestrike",0x4,Creature-0-4457-249-1045-11262-0002286CB9,0000000000000000,86,100,0,0,0,-1,0,0,0,-38.04,-242.39,0,0.6108,57,96,95,-1,4,0,0,0,nil,nil,nil
4/28 18:50:11.477  SPELL_PERIODIC_DAMAGE,Player-4755-021D6506,"Bloodlady-Dreadmist",0x514,0x0,Creature-0-4457-249-1045-11262-0006286CB9,"Onyxian Whelp",0xa48,0x0,10216,"Flamestrike",0x4,Creature-0-4457-249-1045-11262-0006286CB9,0000000000000000,2,100,0,0,0,-1,0,0,0,-42.61,-241.01,0,1.7028,56,96,95,-1,4,0,0,0,nil,nil,nil
4/28 18:50:11.477  SPELL_ENERGIZE,Player-4755-01733879,"Hocwar-Dreadmist",0x40514,0x0,Player-4755-01733879,"Hocwar-Dreadmist",0x40514,0x0,12964,"Unbridled Wrath",0x1,Player-4755-01733879,0000000000000000,79,100,0,0,0,-1,0,0,0,-43.28,-241.71,0,5.1543,71,1.0000,0.0000,1,1000
4/28 18:50:11.477  SPELL_ENERGIZE,Player-4755-01F21AE6,"Blahu-Dreadmist",0x40514,0x0,Player-4755-01F21AE6,"Blahu-Dreadmist",0x40514,0x0,12964,"Unbridled Wrath",0x1,Player-4755-01F21AE6,0000000000000000,92,100,0,0,0,-1,0,0,0,-57.11,-235.12,0,5.8686,70,1.0000,0.0000,1,1000
4/28 18:50:11.477  SPELL_AURA_APPLIED,Pet-0-4457-249-1045-7432-01002D8BC6,"Cat",0x1114,0x0,Pet-0-4457-249-1045-7432-01002D8BC6,"Cat",0x1114,0x0,19615,"Frenzy Effect",0x1,BUFF
4/28 18:50:11.477  SWING_DAMAGE_LANDED,Creature-0-4457-249-1045-11262-0004A86CB9,"Onyxian Whelp",0xa48,0x0,Player-4755-01F21AE6,"Blahu-Dreadmist",0x40514,0x0,Player-4755-01F21AE6,0000000000000000,90,100,0,0,0,-1,0,0,0,-57.11,-235.12,0,5.8686,70,134,301,-1,1,0,0,0,nil,nil,nil
4/28 18:50:11.477  SWING_DAMAGE_LANDED,Creature-0-4457-249-1045-11262-0002286CB9,"Onyxian Whelp",0xa48,0x0,Player-4755-021D6506,"Bloodlady-Dreadmist",0x514,0x0,Player-4755-021D6506,0000000000000000,91,100,0,0,0,-1,0,0,0,-40.72,-241.15,0,2.8629,69,308,362,-1,1,0,0,0,nil,nil,nil
4/28 18:50:11.477  SWING_DAMAGE_LANDED,Player-4755-0160BD13,"Mafkees-Dreadmist",0x514,0x0,Creature-0-4457-249-1045-11262-0007286CB9,"Onyxian Whelp",0xa48,0x0,Creature-0-4457-249-1045-11262-0007286CB9,0000000000000000,88,100,0,0,0,-1,0,0,0,0.97,-181.43,0,3.4911,56,318,511,-1,1,0,0,0,nil,nil,nil
4/28 18:50:11.477  SWING_DAMAGE_LANDED,Player-4755-01840577,"Raggèn-Dreadmist",0x514,0x0,Creature-0-4457-249-1045-11262-0005A86CB9,"Onyxian Whelp",0xa48,0x0,Creature-0-4457-249-1045-11262-0005A86CB9,0000000000000000,58,100,0,0,0,-1,0,0,0,-23.67,-182.56,0,4.4286,56,354,569,-1,1,0,0,0,nil,nil,nil
4/28 18:50:11.531  SPELL_CAST_SUCCESS,Player-4755-020BD78D,"Lonehunter-Dreadmist",0x514,0x0,Creature-0-4457-249-1045-10184-000028665C,"Onyxia",0x10a48,0x0,14290,"Multi-Shot",0x1,Player-4755-020BD78D,0000000000000000,100,100,0,0,0,-1,0,0,0,-9.97,-179.97,0,5.6601,70
4/28 18:50:11.610  SPELL_PERIODIC_DAMAGE,Player-4755-01FA8D0D,"Roackeru-Dreadmist",0x514,0x0,Creature-0-4457-249-1045-10184-000028665C,"Onyxia",0x10a48,0x0,11713,"Curse of Agony",0x20,Creature-0-4457-249-1045-10184-000028665C,0000000000000000,51,100,0,0,0,-1,0,0,0,24.88,-215.77,0,2.9671,63,241,182,-1,32,0,0,0,nil,nil,nil
4/28 18:50:11.610  SPELL_AURA_REMOVED,Player-4755-01FA8D0D,"Roackeru-Dreadmist",0x514,0x0,Creature-0-4457-249-1045-10184-000028665C,"Onyxia",0x10a48,0x0,11713,"Curse of Agony",0x20,DEBUFF
4/28 18:50:11.628  SWING_DAMAGE,Creature-0-4457-249-1045-11262-0006286CB9,"Onyxian Whelp",0xa48,0x0,Player-4755-01733879,"Hocwar-Dreadmist",0x40514,0x0,Creature-0-4457-249-1045-11262-0006286CB9,0000000000000000,2,100,0,0,0,-1,0,0,0,-42.61,-241.01,0,1.7028,56,159,355,-1,1,0,0,0,nil,nil,nil
4/28 18:50:11.661  SPELL_PERIODIC_HEAL,Player-4755-01FA8DD8,"Roackerita-Dreadmist",0x514,0x0,Player-4755-0220BD00,"Krikoff-Dreadmist",0x40514,0x0,6078,"Renew",0x2,Player-4755-0220BD00,0000000000000000,97,100,0,0,0,-1,0,0,0,11.81,-221.53,0,5.3800,68,235,235,0,0,nil
4/28 18:50:11.661  SPELL_CAST_SUCCESS,Player-4755-01733879,"Hocwar-Dreadmist",0x40514,0x0,Creature-0-4457-249-1045-11262-0006286CB9,"Onyxian Whelp",0xa48,0x0,11601,"Revenge",0x1,Player-4755-01733879,0000000000000000,79,100,0,0,0,-1,0,0,0,-43.28,-241.71,0,5.1543,71
4/28 18:50:11.661  SPELL_MISSED,Player-4755-01733879,"Hocwar-Dreadmist",0x40514,0x0,Creature-0-4457-249-1045-11262-0006286CB9,"Onyxian Whelp",0xa48,0x0,11601,"Revenge",0x1,PARRY,nil
4/28 18:50:11.699  SPELL_CAST_SUCCESS,Player-4755-01AC9FD9,"Alexinho-Dreadmist",0x514,0x0,Creature-0-4457-249-1045-11262-0005286CB9,"Onyxian Whelp",0xa48,0x0,11294,"Sinister Strike",0x1,Player-4755-01AC9FD9,0000000000000000,100,100,0,0,0,-1,0,0,0,-2.70,-190.03,0,1.3203,66
4/28 18:50:11.773  SWING_MISSED,Player-4755-01637B0A,"Pindle-Dreadmist",0x514,0x0,Creature-0-4457-249-1045-11262-0006286CB9,"Onyxian Whelp",0xa48,0x0,MISS,nil
4/28 18:50:11.830  SPELL_CAST_START,Player-4755-01ED7A64,"Sperzieboon-Dreadmist",0x514,0x0,0000000000000000,nil,0x80000000,0x80000000,10917,"Flash Heal",0x2
4/28 18:50:11.848  SPELL_CAST_SUCCESS,Player-4755-01BC57A3,"Saintis-Dreadmist",0x511,0x0,Player-4755-01804B95,"Moymoy-Dreadmist",0x514,0x0,10917,"Flash Heal",0x2,Player-4755-01BC57A3,0000000000000000,100,100,0,0,0,-1,0,0,0,5.89,-196.16,0,2.3763,68
4/28 18:50:11.884  SPELL_AURA_REMOVED,Player-4755-021D6506,"Bloodlady-Dreadmist",0x514,0x0,Creature-0-4457-249-1045-11262-0004A86CB9,"Onyxian Whelp",0xa48,0x0,10216,"Flamestrike",0x4,DEBUFF
4/28 18:50:11.884  SWING_DAMAGE_LANDED,Creature-0-4457-249-1045-11262-0006286CB9,"Onyxian Whelp",0xa48,0x0,Player-4755-01733879,"Hocwar-Dreadmist",0x40514,0x0,Player-4755-01733879,0000000000000000,77,100,0,0,0,-1,0,0,0,-43.28,-241.71,0,5.1543,71,159,355,-1,1,0,0,0,nil,nil,nil
4/28 18:50:11.884  SPELL_DAMAGE,Player-4755-01AC9FD9,"Alexinho-Dreadmist",0x514,0x0,Creature-0-4457-249-1045-11262-0005286CB9,"Onyxian Whelp",0xa48,0x0,11294,"Sinister Strike",0x1,Creature-0-4457-249-1045-11262-0005286CB9,0000000000000000,89,100,0,0,0,-1,0,0,0,-1.90,-183.50,0,3.6189,57,295,477,-1,1,0,0,0,nil,nil,nil
4/28 18:50:11.884  SPELL_HEAL,Player-4755-01BC57A3,"Saintis-Dreadmist",0x511,0x0,Player-4755-01804B95,"Moymoy-Dreadmist",0x514,0x0,10917,"Flash Heal",0x2,Player-4755-01804B95,0000000000000000,76,100,0,0,0,-1,0,0,0,-0.36,-181.92,0,3.0823,66,1263,1263,0,0,nil
4/28 18:50:11.923  SPELL_HEAL,Player-4755-01804B95,"Moymoy-Dreadmist",0x514,0x0,Player-4755-01804B95,"Moymoy-Dreadmist",0x514,0x0,10468,"Lesser Healing Wave",0x8,Player-4755-01804B95,0000000000000000,100,100,0,0,0,-1,0,0,0,-0.36,-181.92,0,3.0823,66,1210,1210,232,0,nil
4/28 18:50:11.923  SPELL_CAST_SUCCESS,Player-4755-01804B95,"Moymoy-Dreadmist",0x514,0x0,Player-4755-01804B95,"Moymoy-Dreadmist",0x514,0x0,10468,"Lesser Healing Wave",0x8,Player-4755-01804B95,0000000000000000,100,100,0,0,0,-1,0,0,0,-0.36,-181.92,0,3.0823,66
4/28 18:50:11.923  SPELL_CAST_START,Player-4755-01804B95,"Moymoy-Dreadmist",0x514,0x0,0000000000000000,nil,0x80000000,0x80000000,10468,"Lesser Healing Wave",0x8
4/28 18:50:11.940  SWING_DAMAGE,Creature-0-4457-249-1045-11262-0005A86CB9,"Onyxian Whelp",0xa48,0x0,Player-4755-01840577,"Raggèn-Dreadmist",0x514,0x0,Creature-0-4457-249-1045-11262-0005A86CB9,0000000000000000,58,100,0,0,0,-1,0,0,0,-23.67,-182.56,0,4.4286,56,267,400,-1,1,0,0,0,nil,nil,nil
4/28 18:50:12.003  RANGE_DAMAGE,Player-4755-01E83279,"Nlmasters-Dreadmist",0x514,0x8,Creature-0-4457-249-1045-10184-000028665C,"Onyxia",0x10a48,0x0,75,"Auto Shot",0x1,Creature-0-4457-249-1045-10184-000028665C,0000000000000000,51,100,0,0,0,-1,0,0,0,24.88,-215.77,0,2.9671,63,354,448,-1,1,0,0,0,nil,nil,nil
4/28 18:50:12.003  SPELL_CAST_START,Player-4755-01617EEE,"Fenix-Dreadmist",0x512,0x0,0000000000000000,nil,0x80000000,0x80000000,10916,"Flash Heal",0x2
4/28 18:50:12.021  SWING_MISSED,Player-4755-01AC9FD9,"Alexinho-Dreadmist",0x514,0x0,Creature-0-4457-249-1045-11262-0005286CB9,"Onyxian Whelp",0xa48,0x0,PARRY,nil
4/28 18:50:12.021  SPELL_AURA_REMOVED_DOSE,Player-4755-01614AC7,"Mirrimazduur-Dreadmist",0x512,0x0,Creature-0-4457-249-1045-10184-000028665C,"Onyxia",0x10a48,0x0,17800,"Shadow Vulnerability",0x20,DEBUFF,3
4/28 18:50:12.021  SPELL_DAMAGE,Player-4755-01614AC7,"Mirrimazduur-Dreadmist",0x512,0x0,Creature-0-4457-249-1045-10184-000028665C,"Onyxia",0x10a48,0x0,11661,"Shadow Bolt",0x20,Creature-0-4457-249-1045-10184-000028665C,0000000000000000,51,100,0,0,0,-1,0,0,0,24.88,-215.77,0,2.9671,63,718,869,-1,32,217,0,0,nil,nil,nil
4/28 18:50:12.078  RANGE_DAMAGE,Player-4755-020BD78D,"Lonehunter-Dreadmist",0x514,0x0,Creature-0-4457-249-1045-10184-000028665C,"Onyxia",0x10a48,0x0,75,"Auto Shot",0x1,Creature-0-4457-249-1045-10184-000028665C,0000000000000000,51,100,0,0,0,-1,0,0,0,24.88,-215.77,0,2.9671,63,423,536,-1,1,0,0,0,nil,nil,nil
4/28 18:50:12.094  SPELL_CAST_START,Player-4755-01E83279,"Nlmasters-Dreadmist",0x514,0x8,0000000000000000,nil,0x80000000,0x80000000,75,"Auto Shot",0x1
4/28 18:50:12.126  SPELL_CAST_SUCCESS,Player-4755-0163DD9D,"Kaspais-Dreadmist",0x514,0x0,Creature-0-4457-249-1045-10184-000028665C,"Onyxia",0x10a48,0x0,10181,"Frostbolt",0x10,Player-4755-0163DD9D,0000000000000000,100,100,0,0,0,-1,0,0,0,-21.59,-193.96,0,6.0254,66
4/28 18:50:12.126  SPELL_CAST_START,Player-4755-0163DD9D,"Kaspais-Dreadmist",0x514,0x0,0000000000000000,nil,0x80000000,0x80000000,10181,"Frostbolt",0x10
4/28 18:50:12.178  SPELL_CAST_START,Player-4755-01BC57A3,"Saintis-Dreadmist",0x511,0x0,0000000000000000,nil,0x80000000,0x80000000,10917,"Flash Heal",0x2
4/28 18:50:12.198  SPELL_CAST_SUCCESS,Player-4755-02045EF4,"Necrosini-Dreadmist",0x512,0x0,Player-4755-01804B95,"Moymoy-Dreadmist",0x514,0x0,10901,"Power Word: Shield",0x2,Player-4755-02045EF4,0000000000000000,100,100,0,0,0,-1,0,0,0,13.15,-185.03,0,2.8483,69
4/28 18:50:12.214  SWING_DAMAGE,Player-4755-01AC9FD9,"Alexinho-Dreadmist",0x514,0x0,Creature-0-4457-249-1045-11262-0005286CB9,"Onyxian Whelp",0xa48,0x0,Player-4755-01AC9FD9,0000000000000000,100,100,0,0,0,-1,0,0,0,-1.42,-186.35,0,1.2117,66,106,170,-1,1,0,0,0,nil,nil,nil
4/28 18:50:12.282  SPELL_PERIODIC_ENERGIZE,Creature-0-4457-249-1045-7416-0000286CBA,"Mana Spring Totem IV",0x2114,0x0,Player-4755-01FA8DD8,"Roackerita-Dreadmist",0x514,0x0,10494,"Mana Spring",0x8,Player-4755-01FA8DD8,0000000000000000,100,100,0,0,0,-1,0,0,0,-11.27,-193.54,0,6.1388,69,12.0000,0.0000,0,6736
4/28 18:50:12.282  SPELL_PERIODIC_DAMAGE,Player-4755-021D6506,"Bloodlady-Dreadmist",0x514,0x0,Creature-0-4457-249-1045-11262-0004286CB9,"Onyxian Whelp",0xa48,0x0,10216,"Flamestrike",0x4,Creature-0-4457-249-1045-11262-0004286CB9,0000000000000000,95,100,0,0,0,-1,0,0,0,-42.15,-245.19,0,1.9189,57,96,95,-1,4,0,0,0,nil,nil,nil
4/28 18:50:12.282  SPELL_PERIODIC_DAMAGE,Player-4755-021D6506,"Bloodlady-Dreadmist",0x514,0x0,Creature-0-4457-249-1045-11262-0008286CB9,"Onyxian Whelp",0xa48,0x0,10216,"Flamestrike",0x4,Creature-0-4457-249-1045-11262-0008286CB9,0000000000000000,96,100,0,0,0,-1,0,0,0,-36.16,-247.66,0,1.9319,57,72,95,-1,4,24,0,0,nil,nil,nil
4/28 18:50:12.282  SPELL_CAST_START,Creature-0-4457-249-1045-10184-000028665C,"Onyxia",0x10a48,0x0,0000000000000000,nil,0x80000000,0x80000000,18392,"Fireball",0x4
4/28 18:50:12.282  SWING_DAMAGE,Creature-0-4457-249-1045-11262-0002A86CB9,"Onyxian Whelp",0xa48,0x0,Player-4755-01802FE5,"Angrybat-Dreadmist",0x514,0x0,Creature-0-4457-249-1045-11262-0002A86CB9,0000000000000000,100,100,0,0,0,-1,0,0,0,-23.33,-191.68,0,4.0977,56,326,368,-1,1,0,0,0,nil,nil,nil
4/28 18:50:12.309  SWING_DAMAGE_LANDED,Creature-0-4457-249-1045-11262-0005A86CB9,"Onyxian Whelp",0xa48,0x0,Player-4755-01840577,"Raggèn-Dreadmist",0x514,0x0,Player-4755-01840577,0000000000000000,80,100,0,0,0,-1,0,0,0,-20.30,-182.85,0,3.2539,67,267,400,-1,1,0,0,0,nil,nil,nil
4/28 18:50:12.309  SPELL_AURA_APPLIED,Player-4755-02045EF4,"Necrosini-Dreadmist",0x512,0x0,Player-4755-01804B95,"Moymoy-Dreadmist",0x514,0x0,10901,"Power Word: Shield",0x2,BUFF
4/28 18:50:12.309  SWING_DAMAGE_LANDED,Player-4755-01AC9FD9,"Alexinho-Dreadmist",0x514,0x0,Creature-0-4457-249-1045-11262-0005286CB9,"Onyxian Whelp",0xa48,0x0,Creature-0-4457-249-1045-11262-0005286CB9,0000000000000000,86,100,0,0,0,-1,0,0,0,-4.52,-184.78,0,0.7608,57,106,170,-1,1,0,0,0,nil,nil,nil
4/28 18:50:12.309  SWING_DAMAGE_LANDED,Creature-0-4457-249-1045-11262-0002A86CB9,"Onyxian Whelp",0xa48,0x0,Player-4755-01802FE5,"Angrybat-Dreadmist",0x514,0x0,Player-4755-01802FE5,0000000000000000,90,100,0,0,0,-1,0,0,0,-21.14,-198.91,0,6.0352,66,326,368,-1,1,0,0,0,nil,nil,nil
4/28 18:50:12.309  SPELL_AURA_REMOVED,Player-4755-01733879,"Hocwar-Dreadmist",0x40514,0x0,Creature-0-4457-249-1045-11262-0006286CB9,"Onyxian Whelp",0xa48,0x0,11556,"Demoralizing Shout",0x1,DEBUFF
4/28 18:50:12.309  SPELL_AURA_REMOVED,Player-4755-01F21AE6,"Blahu-Dreadmist",0x40514,0x0,Creature-0-4457-249-1045-11262-0006286CB9,"Onyxian Whelp",0xa48,0x0,11597,"Sunder Armor",0x1,DEBUFF
4/28 18:50:12.309  SPELL_AURA_REMOVED,Player-4755-021D6506,"Bloodlady-Dreadmist",0x514,0x0,Creature-0-4457-249-1045-11262-0006286CB9,"Onyxian Whelp",0xa48,0x0,10216,"Flamestrike",0x4,DEBUFF
4/28 18:50:12.309  SPELL_AURA_REMOVED,Player-4755-021D6506,"Bloodlady-Dreadmist",0x514,0x0,Creature-0-4457-249-1045-11262-0006286CB9,"Onyxian Whelp",0xa48,0x0,122,"Frost Nova",0x10,DEBUFF
4/28 18:50:12.309  RANGE_DAMAGE,Player-4755-01B60A5F,"Zurok-Dreadmist",0x514,0x0,Creature-0-4457-249-1045-11262-0006286CB9,"Onyxian Whelp",0xa48,0x0,75,"Auto Shot",0x1,Creature-0-4457-249-1045-11262-0006286CB9,0000000000000000,0,100,0,0,0,-1,0,0,0,-42.61,-241.01,0,1.7028,56,276,422,233,1,0,0,0,nil,nil,nil
4/28 18:50:12.437  SWING_DAMAGE,Creature-0-4457-249-1045-11262-0005286CB9,"Onyxian Whelp",0xa48,0x0,Player-4755-01AC9FD9,"Alexinho-Dreadmist",0x514,0x0,Creature-0-4457-249-1045-11262-0005286CB9,0000000000000000,86,100,0,0,0,-1,0,0,0,-3.78,-184.08,0,0.7608,57,301,410,-1,1,0,0,0,nil,nil,nil
4/28 18:50:12.437  SPELL_CAST_SUCCESS,Player-4755-01E83279,"Nlmasters-Dreadmist",0x514,0x8,Creature-0-4457-249-1045-10184-000028665C,"Onyxia",0x10a48,0x0,75,"Auto Shot",0x1,Player-4755-01E83279,0000000000000000,100,100,0,0,0,-1,0,0,0,-27.72,-193.97,0,0.1681,70
4/28 18:50:12.476  SPELL_CAST_SUCCESS,Player-4755-01A6B139,"Sakatan-Dreadmist",0x514,0x0,Creature-0-4457-249-1045-10184-000028665C,"Onyxia",0x10a48,0x0,11294,"Sinister Strike",0x1,Player-4755-01A6B139,0000000000000000,100,100,0,0,0,-1,0,0,0,19.54,-218.88,0,0.9236,69
4/28 18:50:12.514  SPELL_CAST_SUCCESS,Player-4755-01FA8D0D,"Roackeru-Dreadmist",0x514,0x0,0000000000000000,nil,0x80000000,0x80000000,11689,"Life Tap",0x20,Player-4755-01FA8D0D,0000000000000000,87,100,0,0,0,-1,0,0,0,-6.43,-217.39,0,4.9362,65
4/28 18:50:12.566  SPELL_CAST_SUCCESS,Player-4755-016DF694,"Ashalan-Dreadmist",0x514,0x0,0000000000000000,nil,0x80000000,0x80000000,2484,"Earthbind Totem",0x8,Player-4755-016DF694,0000000000000000,100,100,0,0,0,-1,0,0,0,-12.63,-189.74,0,1.1208,67
4/28 18:50:12.566  SPELL_SUMMON,Player-4755-016DF694,"Ashalan-Dreadmist",0x514,0x0,Creature-0-4457-249-1045-2630-0000286CD4,"Earthbind Totem",0xa28,0x0,2484,"Earthbind Totem",0x8
4/28 18:50:12.598  SPELL_PERIODIC_ENERGIZE,Creature-0-4457-249-1045-7416-0000286CC9,"Mana Spring Totem IV",0x2114,0x0,Player-4755-0178F576,"Atreas-Dreadmist",0x514,0x0,10494,"Mana Spring",0x8,Player-4755-0178F576,0000000000000000,94,100,0,0,0,-1,0,0,0,-28.81,-189.82,0,5.8330,66,10.0000,0.0000,0,3765
4/28 18:50:12.598  SPELL_PERIODIC_ENERGIZE,Creature-0-4457-249-1045-7416-0000286CC9,"Mana Spring Totem IV",0x2114,0x0,Player-4755-016296D3,"Nivl-Dreadmist",0x514,0x0,10494,"Mana Spring",0x8,Player-4755-016296D3,0000000000000000,95,100,0,0,0,-1,0,0,0,-16.69,-180.34,0,5.8487,69,10.0000,0.0000,0,5845
4/28 18:50:12.647  SPELL_CAST_SUCCESS,Player-4755-01840577,"Raggèn-Dreadmist",0x514,0x0,0000000000000000,nil,0x80000000,0x80000000,10428,"Stoneclaw Totem",0x8,Player-4755-01840577,0000000000000000,80,100,0,0,0,-1,0,0,0,-20.30,-182.85,0,3.2539,67
4/28 18:50:12.647  SPELL_SUMMON,Player-4755-01840577,"Raggèn-Dreadmist",0x514,0x0,Creature-0-4457-249-1045-7399-0000286CD4,"Stoneclaw Totem VI",0xa28,0x0,10428,"Stoneclaw Totem",0x8
4/28 18:50:12.647  SWING_DAMAGE,Creature-0-4457-249-1045-11262-0007286CB9,"Onyxian Whelp",0xa48,0x0,Player-4755-0160BD13,"Mafkees-Dreadmist",0x514,0x0,Creature-0-4457-249-1045-11262-0007286CB9,0000000000000000,88,100,0,0,0,-1,0,0,0,-1.53,-182.94,0,0.1436,56,273,439,-1,1,0,0,0,nil,nil,nil
4/28 18:50:12.647  SWING_DAMAGE,Creature-0-4457-249-1045-11262-0003286CB9,"Onyxian Whelp",0xa48,0x0,Player-4755-01733879,"Hocwar-Dreadmist",0x40514,0x0,Creature-0-4457-249-1045-11262-0003286CB9,0000000000000000,64,100,0,0,0,-1,0,0,0,-41.61,-243.51,0,1.6914,57,136,299,-1,1,0,0,0,nil,nil,nil
4/28 18:50:12.664  SPELL_AURA_REMOVED,Creature-0-4457-249-1045-11262-0005286CB9,"Onyxian Whelp",0xa48,0x0,Player-4755-01804B95,"Moymoy-Dreadmist",0x514,0x0,1604,"Dazed",0x1,DEBUFF
4/28 18:50:12.664  SPELL_CAST_START,Player-4755-0210153A,"Hapuseneb-Dreadmist",0x514,0x0,0000000000000000,nil,0x80000000,0x80000000,2053,"Lesser Heal",0x2
4/28 18:50:12.690  SPELL_CAST_SUCCESS,Pet-0-4457-249-1045-2850-01001956F9,"Kratos",0x1114,0x0,Creature-0-4457-249-1045-10184-000028665C,"Onyxia",0x10a48,0x0,3009,"Claw",0x1,Pet-0-4457-249-1045-2850-01001956F9,Player-4755-0178F576,100,100,0,0,0,-1,0,0,0,13.22,-215.35,0,6.2220,66
4/28 18:50:12.690  UNIT_DIED,0000000000000000,nil,0x80000000,0x80000000,Creature-0-4457-249-1045-11262-0006286CB9,"Onyxian Whelp",0xa48,0x0
4/28 18:50:12.690  SPELL_CAST_SUCCESS,Creature-0-4457-249-1045-2630-0000286CD4,"Earthbind Totem",0x2114,0x0,0000000000000000,nil,0x80000000,0x80000000,3600,"Earthbind",0x8,Creature-0-4457-249-1045-2630-0000286CD4,Player-4755-016DF694,100,100,0,0,0,-1,0,0,0,-9.79,-188.54,0,1.1592,67
4/28 18:50:12.695  DAMAGE_SHIELD,Player-4755-01840577,"Raggèn-Dreadmist",0x514,0x0,Creature-0-4457-249-1045-11262-0005A86CB9,"Onyxian Whelp",0xa48,0x0,11771,"Fire Shield",0x4,Creature-0-4457-249-1045-11262-0005A86CB9,0000000000000000,58,100,0,0,0,-1,0,0,0,-23.67,-182.56,0,4.4286,56,13,13,-1,4,0,0,0,nil,nil,nil
4/28 18:50:12.718  SWING_DAMAGE_LANDED,Creature-0-4457-249-1045-11262-0005286CB9,"Onyxian Whelp",0xa48,0x0,Player-4755-01AC9FD9,"Alexinho-Dreadmist",0x514,0x0,Player-4755-01AC9FD9,0000000000000000,93,100,0,0,0,-1,0,0,0,-0.66,-184.30,0,1.4407,66,301,410,-1,1,0,0,0,nil,nil,nil
4/28 18:50:12.718  SPELL_DAMAGE,Player-4755-01A6B139,"Sakatan-Dreadmist",0x514,0x0,Creature-0-4457-249-1045-10184-000028665C,"Onyxia",0x10a48,0x0,11294,"Sinister Strike",0x1,Creature-0-4457-249-1045-10184-000028665C,0000000000000000,51,100,0,0,0,-1,0,0,0,24.88,-215.77,0,3.5053,63,500,276,-1,1,0,0,0,1,nil,nil
4/28 18:50:12.718  SPELL_ENERGIZE,Player-4755-01FA8D0D,"Roackeru-Dreadmist",0x514,0x0,Player-4755-01FA8D0D,"Roackeru-Dreadmist",0x514,0x0,31818,"Life Tap",0x20,Player-4755-01FA8D0D,0000000000000000,87,100,0,0,0,-1,0,0,0,-6.10,-218.85,0,4.9362,65,835.0000,0.0000,0,6373
4/28 18:50:12.718  SPELL_AURA_APPLIED,Creature-0-4457-249-1045-2630-0000286CD4,"Earthbind Totem",0x2114,0x0,Creature-0-4457-249-1045-11262-0000286CB9,"Onyxian Whelp",0xa48,0x0,3600,"Earthbind",0x8,DEBUFF
4/28 18:50:12.718  SPELL_AURA_APPLIED,Creature-0-4457-249-1045-2630-0000286CD4,"Earthbind Totem",0x2114,0x0,Creature-0-4457-249-1045-11262-0000A86CB9,"Onyxian Whelp",0xa48,0x0,3600,"Earthbind",0x8,DEBUFF
4/28 18:50:12.718  SPELL_AURA_APPLIED,Creature-0-4457-249-1045-2630-0000286CD4,"Earthbind Totem",0x2114,0x0,Creature-0-4457-249-1045-11262-0005286CB9,"Onyxian Whelp",0xa48,0x0,3600,"Earthbind",0x8,DEBUFF
4/28 18:50:12.718  SPELL_AURA_APPLIED,Creature-0-4457-249-1045-2630-0000286CD4,"Earthbind Totem",0x2114,0x0,Creature-0-4457-249-1045-11262-0006A86CB9,"Onyxian Whelp",0xa48,0x0,3600,"Earthbind",0x8,DEBUFF
4/28 18:50:12.718  SPELL_AURA_APPLIED,Creature-0-4457-249-1045-2630-0000286CD4,"Earthbind Totem",0x2114,0x0,Creature-0-4457-249-1045-11262-0007286CB9,"Onyxian Whelp",0xa48,0x0,3600,"Earthbind",0x8,DEBUFF
4/28 18:50:12.718  SWING_DAMAGE_LANDED,Creature-0-4457-249-1045-11262-0007286CB9,"Onyxian Whelp",0xa48,0x0,Player-4755-0160BD13,"Mafkees-Dreadmist",0x514,0x0,Player-4755-0160BD13,0000000000000000,94,100,0,0,0,-1,0,0,0,-1.87,-185.31,0,2.0012,64,273,439,-1,1,0,0,0,nil,nil,nil
4/28 18:50:12.718  SWING_DAMAGE_LANDED,Creature-0-4457-249-1045-11262-0003286CB9,"Onyxian Whelp",0xa48,0x0,Player-4755-01733879,"Hocwar-Dreadmist",0x40514,0x0,Player-4755-01733879,0000000000000000,75,100,0,0,0,-1,0,0,0,-43.28,-241.71,0,5.1543,71,136,299,-1,1,0,0,0,nil,nil,nil
4/28 18:50:12.718  SPELL_AURA_APPLIED,Player-4755-021D6506,"Bloodlady-Dreadmist",0x514,0x0,Creature-0-4457-249-1045-11262-0004A86CB9,"Onyxian Whelp",0xa48,0x0,10216,"Flamestrike",0x4,DEBUFF
4/28 18:50:12.718  SPELL_DAMAGE,Pet-0-4457-249-1045-2850-01001956F9,"Kratos",0x1114,0x0,Creature-0-4457-249-1045-10184-000028665C,"Onyxia",0x10a48,0x0,3009,"Claw",0x1,Creature-0-4457-249-1045-10184-000028665C,0000000000000000,51,100,0,0,0,-1,0,0,0,24.88,-215.77,0,3.5053,63,71,90,-1,1,0,0,0,nil,nil,nil
4/28 18:50:12.718  SPELL_CAST_SUCCESS,Player-4755-01AC9FD9,"Alexinho-Dreadmist",0x514,0x0,Creature-0-4457-249-1045-11262-0005286CB9,"Onyxian Whelp",0xa48,0x0,11294,"Sinister Strike",0x1,Player-4755-01AC9FD9,0000000000000000,93,100,0,0,0,-1,0,0,0,-0.66,-184.30,0,1.4407,66
4/28 18:50:12.718  SPELL_CAST_SUCCESS,Player-4755-021D6506,"Bloodlady-Dreadmist",0x514,0x0,0000000000000000,nil,0x80000000,0x80000000,10161,"Cone of Cold",0x10,Player-4755-021D6506,0000000000000000,91,100,0,0,0,-1,0,0,0,-40.09,-237.53,0,4.6221,69
4/28 18:50:12.741  SPELL_CAST_SUCCESS,Player-4755-01FA8DD8,"Roackerita-Dreadmist",0x514,0x0,Player-4755-0220BD00,"Krikoff-Dreadmist",0x40514,0x0,2055,"Heal",0x2,Player-4755-01FA8DD8,0000000000000000,100,100,0,0,0,-1,0,0,0,-11.27,-193.54,0,6.1388,69
4/28 18:50:12.741  SPELL_CAST_START,Player-4755-01FA8DD8,"Roackerita-Dreadmist",0x514,0x0,0000000000000000,nil,0x80000000,0x80000000,2055,"Heal",0x2
4/28 18:50:12.798  SPELL_PERIODIC_ENERGIZE,Player-4755-01802FE5,"Angrybat-Dreadmist",0x514,0x0,Player-4755-01802FE5,"Angrybat-Dreadmist",0x514,0x0,18194,"Mana Regeneration",0x1,Player-4755-01802FE5,0000000000000000,90,100,0,0,0,-1,0,0,0,-17.77,-200.12,0,5.9998,66,8.0000,0.0000,0,6033
4/28 18:50:12.833  SPELL_CAST_START,Player-4755-020BD78D,"Lonehunter-Dreadmist",0x514,0x0,0000000000000000,nil,0x80000000,0x80000000,75,"Auto Shot",0x1
4/28 18:50:12.833  SPELL_CAST_FAILED,Player-4755-01BC57A3,"Saintis-Dreadmist",0x511,0x0,0000000000000000,nil,0x80000000,0x80000000,10917,"Flash Heal",0x2,"Interrupted"
4/28 18:50:12.869  SPELL_AURA_REMOVED,Player-4755-0160BD13,"Mafkees-Dreadmist",0x514,0x0,Player-4755-0160BD13,"Mafkees-Dreadmist",0x514,0x0,18499,"Berserker Rage",0x1,BUFF
4/28 18:50:12.887  SPELL_AURA_REMOVED_DOSE,Player-4755-01614AC7,"Mirrimazduur-Dreadmist",0x512,0x0,Creature-0-4457-249-1045-10184-000028665C,"Onyxia",0x10a48,0x0,17800,"Shadow Vulnerability",0x20,DEBUFF,2
4/28 18:50:12.887  SPELL_DAMAGE,Player-4755-01F36B30,"Rectumqeef-Dreadmist",0x514,0x0,Creature-0-4457-249-1045-10184-000028665C,"Onyxia",0x10a48,0x0,11661,"Shadow Bolt",0x20,Creature-0-4457-249-1045-10184-000028665C,0000000000000000,51,100,0,0,0,-1,0,0,0,24.88,-215.77,0,3.5053,63,1214,920,-1,32,0,0,0,nil,nil,nil
4/28 18:50:12.999  SPELL_DAMAGE,Player-4755-016296D3,"Nivl-Dreadmist",0x514,0x0,Creature-0-4457-249-1045-10184-000028665C,"Onyxia",0x10a48,0x0,15208,"Lightning Bolt",0x8,Creature-0-4457-249-1045-10184-000028665C,0000000000000000,51,100,0,0,0,-1,0,0,0,24.88,-215.77,0,3.5053,63,535,535,-1,8,0,0,0,nil,nil,nil
4/28 18:50:13.038  SPELL_PERIODIC_DAMAGE,Player-4755-01F36B30,"Rectumqeef-Dreadmist",0x514,0x0,Creature-0-4457-249-1045-10184-000028665C,"Onyxia",0x10a48,0x0,11672,"Corruption",0x20,Creature-0-4457-249-1045-10184-000028665C,0000000000000000,51,100,0,0,0,-1,0,0,0,24.88,-215.77,0,3.5053,63,269,203,-1,32,0,0,0,nil,nil,nil
4/28 18:50:13.055  SWING_DAMAGE,Creature-0-4457-249-1045-11262-0004286CB9,"Onyxian Whelp",0xa48,0x0,Player-4755-01733879,"Hocwar-Dreadmist",0x40514,0x0,Creature-0-4457-249-1045-11262-0004286CB9,0000000000000000,95,100,0,0,0,-1,0,0,0,-42.15,-245.19,0,1.3362,57,217,480,-1,1,0,0,0,nil,nil,nil
4/28 18:50:13.090  SPELL_AURA_REMOVED,Player-4755-021D6506,"Bloodlady-Dreadmist",0x514,0x0,Creature-0-4457-249-1045-11262-0008286CB9,"Onyxian Whelp",0xa48,0x0,10216,"Flamestrike",0x4,DEBUFF
4/28 18:50:13.090  SPELL_AURA_APPLIED,Player-4755-02045EF4,"Necrosini-Dreadmist",0x512,0x0,Player-4755-01804B95,"Moymoy-Dreadmist",0x514,0x0,6788,"Weakened Soul",0x2,DEBUFF
4/28 18:50:13.090  SPELL_DAMAGE,Player-4755-01AC9FD9,"Alexinho-Dreadmist",0x514,0x0,Creature-0-4457-249-1045-11262-0005286CB9,"Onyxian Whelp",0xa48,0x0,11294,"Sinister Strike",0x1,Creature-0-4457-249-1045-11262-0005286CB9,0000000000000000,64,100,0,0,0,-1,0,0,0,-2.38,-182.75,0,0.7608,57,604,415,-1,1,0,0,0,1,nil,nil
4/28 18:50:13.121  SPELL_AURA_APPLIED,Player-4755-021D6506,"Bloodlady-Dreadmist",0x514,0x0,Creature-0-4457-249-1045-11262-0002286CB9,"Onyxian Whelp",0xa48,0x0,10161,"Cone of Cold",0x10,DEBUFF
4/28 18:50:13.121  SPELL_AURA_APPLIED,Player-4755-021D6506,"Bloodlady-Dreadmist",0x514,0x0,Creature-0-4457-249-1045-11262-0003286CB9,"Onyxian Whelp",0xa48,0x0,10161,"Cone of Cold",0x10,DEBUFF
4/28 18:50:13.121  SPELL_AURA_APPLIED,Player-4755-021D6506,"Bloodlady-Dreadmist",0x514,0x0,Creature-0-4457-249-1045-11262-0004286CB9,"Onyxian Whelp",0xa48,0x0,10161,"Cone of Cold",0x10,DEBUFF
4/28 18:50:13.121  SPELL_AURA_APPLIED,Player-4755-021D6506,"Bloodlady-Dreadmist",0x514,0x0,Creature-0-4457-249-1045-11262-0008286CB9,"Onyxian Whelp",0xa48,0x0,10161,"Cone of Cold",0x10,DEBUFF
4/28 18:50:13.121  SPELL_AURA_REMOVED,Player-4755-021D6506,"Bloodlady-Dreadmist",0x514,0x0,Creature-0-4457-249-1045-11262-0008286CB9,"Onyxian Whelp",0xa48,0x0,122,"Frost Nova",0x10,DEBUFF
4/28 18:50:13.121  SPELL_DAMAGE,Player-4755-021D6506,"Bloodlady-Dreadmist",0x514,0x0,Creature-0-4457-249-1045-11262-0008286CB9,"Onyxian Whelp",0xa48,0x0,10161,"Cone of Cold",0x10,Creature-0-4457-249-1045-11262-0008286CB9,0000000000000000,80,100,0,0,0,-1,0,0,0,-36.16,-247.66,0,1.9064,57,461,461,-1,16,0,0,0,nil,nil,nil
4/28 18:50:13.121  SPELL_DAMAGE,Player-4755-021D6506,"Bloodlady-Dreadmist",0x514,0x0,Creature-0-4457-249-1045-11262-0004286CB9,"Onyxian Whelp",0xa48,0x0,10161,"Cone of Cold",0x10,Creature-0-4457-249-1045-11262-0004286CB9,0000000000000000,79,100,0,0,0,-1,0,0,0,-42.15,-245.19,0,1.3362,57,456,455,-1,16,0,0,0,nil,nil,nil
4/28 18:50:13.121  SPELL_AURA_REMOVED,Player-4755-021D6506,"Bloodlady-Dreadmist",0x514,0x0,Creature-0-4457-249-1045-11262-0003286CB9,"Onyxian Whelp",0xa48,0x0,122,"Frost Nova",0x10,DEBUFF
4/28 18:50:13.121  SPELL_DAMAGE,Player-4755-021D6506,"Bloodlady-Dreadmist",0x514,0x0,Creature-0-4457-249-1045-11262-0003286CB9,"Onyxian Whelp",0xa48,0x0,10161,"Cone of Cold",0x10,Creature-0-4457-249-1045-11262-0003286CB9,0000000000000000,48,100,0,0,0,-1,0,0,0,-41.61,-243.51,0,2.2263,57,448,448,-1,16,0,0,0,nil,nil,nil
4/28 18:50:13.121  SPELL_DAMAGE,Player-4755-021D6506,"Bloodlady-Dreadmist",0x514,0x0,Creature-0-4457-249-1045-11262-0002286CB9,"Onyxian Whelp",0xa48,0x0,10161,"Cone of Cold",0x10,Creature-0-4457-249-1045-11262-0002286CB9,0000000000000000,69,100,0,0,0,-1,0,0,0,-38.04,-242.39,0,0.6108,57,465,464,-1,16,0,0,0,nil,nil,nil
4/28 18:50:13.121  SPELL_HEAL,Player-4755-01FA8DD8,"Roackerita-Dreadmist",0x514,0x0,Player-4755-0220BD00,"Krikoff-Dreadmist",0x40514,0x0,2055,"Heal",0x2,Player-4755-0220BD00,0000000000000000,100,100,0,0,0,-1,0,0,0,8.22,-227.39,0,5.5371,68,1136,1136,951,0,nil
4/28 18:50:13.121  SWING_DAMAGE_LANDED,Creature-0-4457-249-1045-11262-0004286CB9,"Onyxian Whelp",0xa48,0x0,Player-4755-01733879,"Hocwar-Dreadmist",0x40514,0x0,Player-4755-01733879,0000000000000000,71,100,0,0,0,-1,0,0,0,-43.28,-241.71,0,5.1543,71,217,480,-1,1,0,0,0,nil,nil,nil
4/28 18:50:13.143  SWING_DAMAGE,Creature-0-4457-249-1045-11262-0002286CB9,"Onyxian Whelp",0xa48,0x0,Player-4755-021D6506,"Bloodlady-Dreadmist",0x514,0x0,Creature-0-4457-249-1045-11262-0002286CB9,0000000000000000,69,100,0,0,0,-1,0,0,0,-38.04,-242.39,0,0.6108,57,252,295,-1,1,0,0,0,nil,nil,nil
4/28 18:50:13.143  SPELL_CAST_SUCCESS,Player-4755-01F21AE6,"Blahu-Dreadmist",0x40514,0x0,Creature-0-4457-249-1045-11262-0004A86CB9,"Onyxian Whelp",0xa48,0x0,23894,"Bloodthirst",0x1,Player-4755-01F21AE6,0000000000000000,90,100,0,0,0,-1,0,0,0,-56.56,-237.11,0,6.1696,70
4/28 18:50:13.163  SPELL_CAST_SUCCESS,Player-4755-01637B0A,"Pindle-Dreadmist",0x514,0x0,Creature-0-4457-249-1045-11262-0004286CB9,"Onyxian Whelp",0xa48,0x0,11294,"Sinister Strike",0x1,Player-4755-01637B0A,0000000000000000,100,100,0,0,0,-1,0,0,0,-41.16,-242.40,0,3.9107,65
4/28 18:50:13.163  SWING_MISSED,Player-4755-01637B0A,"Pindle-Dreadmist",0x514,0x0,Creature-0-4457-249-1045-11262-0004286CB9,"Onyxian Whelp",0xa48,0x0,MISS,nil
4/28 18:50:13.218  SPELL_DAMAGE,Player-4755-01E83279,"Nlmasters-Dreadmist",0x514,0x8,Creature-0-4457-249-1045-10184-000028665C,"Onyxia",0x10a48,0x0,14290,"Multi-Shot",0x1,Creature-0-4457-249-1045-10184-000028665C,0000000000000000,51,100,0,0,0,-1,0,0,0,24.88,-215.77,0,3.5053,63,450,570,-1,1,0,0,0,nil,nil,nil
4/28 18:50:13.278  SPELL_CAST_SUCCESS,Player-4755-020BD78D,"Lonehunter-Dreadmist",0x514,0x0,Creature-0-4457-249-1045-10184-000028665C,"Onyxia",0x10a48,0x0,75,"Auto Shot",0x1,Player-4755-020BD78D,0000000000000000,100,100,0,0,0,-1,0,0,0,-9.97,-179.97,0,5.5105,70
4/28 18:50:13.298  SPELL_DAMAGE,Player-4755-020BD78D,"Lonehunter-Dreadmist",0x514,0x0,Creature-0-4457-249-1045-10184-000028665C,"Onyxia",0x10a48,0x0,14290,"Multi-Shot",0x1,Creature-0-4457-249-1045-10184-000028665C,0000000000000000,51,100,0,0,0,-1,0,0,0,24.88,-215.77,0,3.5053,63,556,706,-1,1,0,0,0,nil,nil,nil
4/28 18:50:13.298  SWING_MISSED,Player-4755-01F21AE6,"Blahu-Dreadmist",0x40514,0x0,Creature-0-4457-249-1045-11262-0004A86CB9,"Onyxian Whelp",0xa48,0x0,PARRY,1
4/28 18:50:13.298  SPELL_CAST_SUCCESS,Player-4755-01614AC7,"Mirrimazduur-Dreadmist",0x512,0x0,Creature-0-4457-249-1045-10184-000028665C,"Onyxia",0x10a48,0x0,11661,"Shadow Bolt",0x20,Player-4755-01614AC7,0000000000000000,100,100,0,0,0,-1,0,0,0,-18.12,-187.68,0,6.0109,68
4/28 18:50:13.415  SPELL_CAST_SUCCESS,Player-4755-01617EEE,"Fenix-Dreadmist",0x512,0x0,Player-4755-01804B95,"Moymoy-Dreadmist",0x514,0x0,10916,"Flash Heal",0x2,Player-4755-01617EEE,0000000000000000,100,100,0,0,0,-1,0,0,0,-7.38,-191.28,0,3.2361,66
4/28 18:50:13.452  SWING_DAMAGE,Player-4755-0178F416,"Eltorero-Dreadmist",0x514,0x0,Creature-0-4457-249-1045-11262-0003286CB9,"Onyxian Whelp",0xa48,0x0,Player-4755-0178F416,0000000000000000,92,100,0,0,0,-1,0,0,0,-41.18,-238.84,0,4.6642,67,318,581,-1,1,0,41,0,nil,nil,nil
4/28 18:50:13.469  SPELL_PERIODIC_DAMAGE,Player-4755-021D6506,"Bloodlady-Dreadmist",0x514,0x0,Creature-0-4457-249-1045-11262-0003286CB9,"Onyxian Whelp",0xa48,0x0,10216,"Flamestrike",0x4,Creature-0-4457-249-1045-11262-0003286CB9,0000000000000000,45,100,0,0,0,-1,0,0,0,-41.61,-243.51,0,2.2263,57,96,95,-1,4,0,0,0,nil,nil,nil
4/28 18:50:13.469  SPELL_PERIODIC_DAMAGE,Player-4755-021D6506,"Bloodlady-Dreadmist",0x514,0x0,Creature-0-4457-249-1045-11262-0002286CB9,"Onyxian Whelp",0xa48,0x0,10216,"Flamestrike",0x4,Creature-0-4457-249-1045-11262-0002286CB9,0000000000000000,66,100,0,0,0,-1,0,0,0,-38.04,-242.39,0,0.6108,57,96,95,-1,4,0,0,0,nil,nil,nil
4/28 18:50:13.491  SWING_MISSED,Player-4755-01F21AE6,"Blahu-Dreadmist",0x40514,0x0,Creature-0-4457-249-1045-11262-0004A86CB9,"Onyxian Whelp",0xa48,0x0,PARRY,nil
4/28 18:50:13.491  SWING_MISSED,Creature-0-4457-249-1045-11262-0004A86CB9,"Onyxian Whelp",0xa48,0x0,Player-4755-01F21AE6,"Blahu-Dreadmist",0x40514,0x0,PARRY,nil
4/28 18:50:13.492  SPELL_CAST_SUCCESS,Pet-0-4457-249-1045-7432-01002D8BC6,"Cat",0x1114,0x0,Creature-0-4457-249-1045-10184-000028665C,"Onyxia",0x10a48,0x0,3009,"Claw",0x1,Pet-0-4457-249-1045-7432-01002D8BC6,Player-4755-01E83279,100,100,0,0,0,-1,0,0,0,13.13,-215.17,0,6.2034,70
4/28 18:50:13.514  SWING_DAMAGE_LANDED,Creature-0-4457-249-1045-11262-0002286CB9,"Onyxian Whelp",0xa48,0x0,Player-4755-021D6506,"Bloodlady-Dreadmist",0x514,0x0,Player-4755-021D6506,0000000000000000,84,100,0,0,0,-1,0,0,0,-37.91,-238.46,0,4.6536,69,252,295,-1,1,0,0,0,nil,nil,nil
4/28 18:50:13.514  SPELL_AURA_REMOVED,Player-4755-021D6506,"Bloodlady-Dreadmist",0x514,0x0,Creature-0-4457-249-1045-11262-0004A86CB9,"Onyxian Whelp",0xa48,0x0,122,"Frost Nova",0x10,DEBUFF
4/28 18:50:13.514  SPELL_DAMAGE,Player-4755-01F21AE6,"Blahu-Dreadmist",0x40514,0x0,Creature-0-4457-249-1045-11262-0004A86CB9,"Onyxian Whelp",0xa48,0x0,23894,"Bloodthirst",0x1,Creature-0-4457-249-1045-11262-0004A86CB9,0000000000000000,38,100,0,0,0,-1,0,0,0,-49.83,-238.18,0,2.7923,57,296,454,-1,1,0,0,0,nil,nil,nil
4/28 18:50:13.514  SPELL_AURA_APPLIED,Player-4755-01F21AE6,"Blahu-Dreadmist",0x40514,0x0,Player-4755-01F21AE6,"Blahu-Dreadmist",0x40514,0x0,23888,"Bloodthirst",0x1,BUFF
4/28 18:50:13.514  SPELL_DAMAGE,Player-4755-01637B0A,"Pindle-Dreadmist",0x514,0x0,Creature-0-4457-249-1045-11262-0004286CB9,"Onyxian Whelp",0xa48,0x0,11294,"Sinister Strike",0x1,Creature-0-4457-249-1045-11262-0004286CB9,0000000000000000,73,100,0,0,0,-1,0,0,0,-42.15,-245.19,0,1.3362,57,164,264,-1,1,0,0,0,nil,nil,nil
4/28 18:50:13.514  SPELL_HEAL,Player-4755-01617EEE,"Fenix-Dreadmist",0x512,0x0,Player-4755-01804B95,"Moymoy-Dreadmist",0x514,0x0,10916,"Flash Heal",0x2,Player-4755-01804B95,0000000000000000,100,100,0,0,0,-1,0,0,0,1.09,-179.24,0,6.0943,66,1588,1588,1588,0,1
4/28 18:50:13.514  SWING_DAMAGE_LANDED,Player-4755-0178F416,"Eltorero-Dreadmist",0x514,0x0,Creature-0-4457-249-1045-11262-0003286CB9,"Onyxian Whelp",0xa48,0x0,Creature-0-4457-249-1045-11262-0003286CB9,0000000000000000,33,100,0,0,0,-1,0,0,0,-41.61,-243.51,0,2.2263,57,318,581,-1,1,0,0,0,nil,nil,nil
4/28 18:50:13.514  SPELL_DAMAGE,Pet-0-4457-249-1045-7432-01002D8BC6,"Cat",0x1114,0x0,Creature-0-4457-249-1045-10184-000028665C,"Onyxia",0x10a48,0x0,3009,"Claw",0x1,Creature-0-4457-249-1045-10184-000028665C,0000000000000000,51,100,0,0,0,-1,0,0,0,24.88,-215.77,0,3.5053,63,73,92,-1,1,0,0,0,nil,nil,nil
4/28 18:50:13.514  SWING_DAMAGE,Player-4755-016DF694,"Ashalan-Dreadmist",0x514,0x0,Creature-0-4457-249-1045-11262-0005286CB9,"Onyxian Whelp",0xa48,0x0,Player-4755-016DF694,0000000000000000,100,100,0,0,0,-1,0,0,0,-7.13,-187.69,0,0.4807,67,741,599,-1,1,0,0,0,1,nil,nil
4/28 18:50:13.514  SWING_DAMAGE,Player-4755-01733879,"Hocwar-Dreadmist",0x40514,0x0,Creature-0-4457-249-1045-11262-0004286CB9,"Onyxian Whelp",0xa48,0x0,Player-4755-01733879,0000000000000000,71,100,0,0,0,-1,0,0,0,-43.20,-241.75,0,5.7708,71,290,234,-1,1,0,0,0,1,nil,nil
4/28 18:50:13.552  SPELL_AURA_REMOVED,Player-4755-0220BD00,"Krikoff-Dreadmist",0x40514,0x0,Player-4755-0220BD00,"Krikoff-Dreadmist",0x40514,0x0,12970,"Flurry",0x1,BUFF
4/28 18:50:13.598  SPELL_CAST_SUCCESS,Player-4755-01F36B30,"Rectumqeef-Dreadmist",0x514,0x0,0000000000000000,nil,0x80000000,0x80000000,11689,"Life Tap",0x20,Player-4755-01F36B30,0000000000000000,82,100,0,0,0,-1,0,0,0,8.75,-193.20,0,5.8240,66
4/28 18:50:13.598  SWING_DAMAGE,Player-4755-01AC9FD9,"Alexinho-Dreadmist",0x514,0x0,Creature-0-4457-249-1045-11262-0005286CB9,"Onyxian Whelp",0xa48,0x0,Player-4755-01AC9FD9,0000000000000000,93,100,0,0,0,-1,0,0,0,-6.51,-181.80,0,1.5193,66,211,167,-1,1,0,0,0,1,nil,nil
4/28 18:50:13.598  SPELL_PERIODIC_ENERGIZE,Creature-0-4457-249-1045-7416-0000286CBA,"Mana Spring Totem IV",0x2114,0x0,Player-4755-01804B95,"Moymoy-Dreadmist",0x514,0x0,10494,"Mana Spring",0x8,Player-4755-01804B95,0000000000000000,100,100,0,0,0,-1,0,0,0,1.56,-178.93,0,6.0943,66,12.0000,0.0000,0,5366
4/28 18:50:13.598  SPELL_CAST_START,Player-4755-01802FE5,"Angrybat-Dreadmist",0x514,0x0,0000000000000000,nil,0x80000000,0x80000000,10181,"Frostbolt",0x10
4/28 18:50:13.652  SPELL_CAST_SUCCESS,Player-4755-0178F416,"Eltorero-Dreadmist",0x514,0x0,0000000000000000,nil,0x80000000,0x80000000,1680,"Whirlwind",0x1,Player-4755-0178F416,0000000000000000,92,100,0,0,0,-1,0,0,0,-41.20,-239.97,0,4.6838,67
4/28 18:50:13.652  SPELL_AURA_APPLIED,Player-4755-0178F416,"Eltorero-Dreadmist",0x514,0x0,Player-4755-0178F416,"Eltorero-Dreadmist",0x514,0x0,20007,"Holy Strength",0x2,BUFF
4/28 18:50:13.652  SPELL_HEAL,Player-4755-0178F416,"Eltorero-Dreadmist",0x514,0x0,Player-4755-0178F416,"Eltorero-Dreadmist",0x514,0x0,20007,"Holy Strength",0x2,Player-4755-0178F416,0000000000000000,94,100,0,0,0,-1,0,0,0,-41.20,-239.97,0,4.6838,67,105,105,0,0,nil
4/28 18:50:13.652  SWING_DAMAGE,Player-4755-01637B0A,"Pindle-Dreadmist",0x514,0x0,Creature-0-4457-249-1045-11262-0004286CB9,"Onyxian Whelp",0xa48,0x0,Player-4755-01637B0A,0000000000000000,100,100,0,0,0,-1,0,0,0,-40.96,-242.16,0,3.9873,65,63,101,-1,1,0,0,0,nil,nil,nil
4/28 18:50:13.734  SPELL_CAST_START,Player-4755-01BC57A3,"Saintis-Dreadmist",0x511,0x0,0000000000000000,nil,0x80000000,0x80000000,2061,"Flash Heal",0x2
4/28 18:50:13.904  SPELL_AURA_REMOVED_DOSE,Player-4755-01F21AE6,"Blahu-Dreadmist",0x40514,0x0,Player-4755-01F21AE6,"Blahu-Dreadmist",0x40514,0x0,23888,"Bloodthirst",0x1,BUFF,4
4/28 18:50:13.904  SPELL_HEAL,Player-4755-01F21AE6,"Blahu-Dreadmist",0x40514,0x0,Player-4755-01F21AE6,"Blahu-Dreadmist",0x40514,0x0,23891,"Bloodthirst",0x1,Player-4755-01F21AE6,0000000000000000,90,100,0,0,0,-1,0,0,0,-56.56,-237.11,0,6.1880,70,20,20,0,0,nil
4/28 18:50:13.904  SPELL_AURA_REMOVED_DOSE,Player-4755-0178F416,"Eltorero-Dreadmist",0x514,0x0,Player-4755-0178F416,"Eltorero-Dreadmist",0x514,0x0,12970,"Flurry",0x1,BUFF,2
4/28 18:50:13.904  SPELL_AURA_REMOVED_DOSE,Player-4755-0178F416,"Eltorero-Dreadmist",0x514,0x0,Player-4755-0178F416,"Eltorero-Dreadmist",0x514,0x0,23888,"Bloodthirst",0x1,BUFF,2
4/28 18:50:13.904  SPELL_HEAL,Player-4755-0178F416,"Eltorero-Dreadmist",0x514,0x0,Player-4755-0178F416,"Eltorero-Dreadmist",0x514,0x0,23891,"Bloodthirst",0x1,Player-4755-0178F416,0000000000000000,95,100,0,0,0,-1,0,0,0,-41.20,-239.97,0,4.6838,67,20,20,0,0,nil
4/28 18:50:13.904  SWING_DAMAGE_LANDED,Player-4755-016DF694,"Ashalan-Dreadmist",0x514,0x0,Creature-0-4457-249-1045-11262-0005286CB9,"Onyxian Whelp",0xa48,0x0,Creature-0-4457-249-1045-11262-0005286CB9,0000000000000000,37,100,0,0,0,-1,0,0,0,-3.14,-181.41,0,2.0864,57,741,599,-1,1,0,0,0,1,nil,nil
4/28 18:50:13.904  SWING_DAMAGE_LANDED,Player-4755-01733879,"Hocwar-Dreadmist",0x40514,0x0,Creature-0-4457-249-1045-11262-0004286CB9,"Onyxian Whelp",0xa48,0x0,Creature-0-4457-249-1045-11262-0004286CB9,0000000000000000,63,100,0,0,0,-1,0,0,0,-42.15,-245.19,0,1.3362,57,290,234,-1,1,0,0,0,1,nil,nil
4/28 18:50:13.904  SPELL_ENERGIZE,Player-4755-01F36B30,"Rectumqeef-Dreadmist",0x514,0x0,Player-4755-01F36B30,"Rectumqeef-Dreadmist",0x514,0x0,31818,"Life Tap",0x20,Player-4755-01F36B30,0000000000000000,82,100,0,0,0,-1,0,0,0,10.83,-194.23,0,5.8240,66,935.0000,0.0000,0,5218
4/28 18:50:13.904  SWING_DAMAGE_LANDED,Player-4755-01AC9FD9,"Alexinho-Dreadmist",0x514,0x0,Creature-0-4457-249-1045-11262-0005286CB9,"Onyxian Whelp",0xa48,0x0,Creature-0-4457-249-1045-11262-0005286CB9,0000000000000000,30,100,0,0,0,-1,0,0,0,-3.14,-181.41,0,2.0864,57,211,167,-1,1,0,0,0,1,nil,nil
4/28 18:50:13.904  SPELL_DAMAGE,Player-4755-0178F416,"Eltorero-Dreadmist",0x514,0x0,Creature-0-4457-249-1045-11262-0004A86CB9,"Onyxian Whelp",0xa48,0x0,1680,"Whirlwind",0x1,Creature-0-4457-249-1045-11262-0004A86CB9,0000000000000000,5,100,0,0,0,-1,0,0,0,-49.83,-238.18,0,2.7923,57,919,641,-1,1,0,0,0,1,nil,nil
4/28 18:50:13.904  SPELL_DAMAGE,Player-4755-0178F416,"Eltorero-Dreadmist",0x514,0x0,Creature-0-4457-249-1045-11262-0004286CB9,"Onyxian Whelp",0xa48,0x0,1680,"Whirlwind",0x1,Creature-0-4457-249-1045-11262-0004286CB9,0000000000000000,50,100,0,0,0,-1,0,0,0,-42.15,-245.19,0,1.3362,57,342,554,-1,1,0,0,0,nil,nil,nil
4/28 18:50:13.904  SPELL_DAMAGE,Player-4755-0178F416,"Eltorero-Dreadmist",0x514,0x0,Creature-0-4457-249-1045-11262-0003286CB9,"Onyxian Whelp",0xa48,0x0,1680,"Whirlwind",0x1,Creature-0-4457-249-1045-11262-0003286CB9,0000000000000000,19,100,0,0,0,-1,0,0,0,-41.61,-243.51,0,2.2263,57,404,655,-1,1,0,0,0,nil,nil,nil
4/28 18:50:13.904  SPELL_DAMAGE,Player-4755-0178F416,"Eltorero-Dreadmist",0x514,0x0,Creature-0-4457-249-1045-11262-0002286CB9,"Onyxian Whelp",0xa48,0x0,1680,"Whirlwind",0x1,Creature-0-4457-249-1045-11262-0002286CB9,0000000000000000,39,100,0,0,0,-1,0,0,0,-38.04,-242.39,0,0.6108,57,739,543,-1,1,0,0,0,1,nil,nil
4/28 18:50:13.904  SWING_DAMAGE_LANDED,Player-4755-01637B0A,"Pindle-Dreadmist",0x514,0x0,Creature-0-4457-249-1045-11262-0004286CB9,"Onyxian Whelp",0xa48,0x0,Creature-0-4457-249-1045-11262-0004286CB9,0000000000000000,48,100,0,0,0,-1,0,0,0,-42.15,-245.19,0,1.3362,57,63,101,-1,1,0,0,0,nil,nil,nil
4/28 18:50:13.904  SPELL_DAMAGE,Player-4755-01637B0A,"Pindle-Dreadmist",0x514,0x0,Creature-0-4457-249-1045-11262-0004286CB9,"Onyxian Whelp",0xa48,0x0,11337,"Instant Poison VI",0x8,Creature-0-4457-249-1045-11262-0004286CB9,0000000000000000,43,100,0,0,0,-1,0,0,0,-42.15,-245.19,0,1.3362,57,137,136,-1,8,0,0,0,nil,nil,nil
4/28 18:50:13.904  SPELL_AURA_APPLIED,Player-4755-021D6506,"Bloodlady-Dreadmist",0x514,0x0,Creature-0-4457-249-1045-11262-0008286CB9,"Onyxian Whelp",0xa48,0x0,10216,"Flamestrike",0x4,DEBUFF
4/28 18:50:13.949  SPELL_PERIODIC_DAMAGE,Player-4755-01614AC7,"Mirrimazduur-Dreadmist",0x512,0x0,Creature-0-4457-249-1045-10184-000028665C,"Onyxia",0x10a48,0x0,11672,"Corruption",0x20,Creature-0-4457-249-1045-10184-000028665C,0000000000000000,51,100,0,0,0,-1,0,0,0,24.88,-215.77,0,3.5053,63,249,188,-1,32,0,0,0,nil,nil,nil
4/28 18:50:13.949  SWING_DAMAGE,Creature-0-4457-249-1045-11262-0005A86CB9,"Onyxian Whelp",0xa48,0x0,Player-4755-01840577,"Raggèn-Dreadmist",0x514,0x0,Creature-0-4457-249-1045-11262-0005A86CB9,0000000000000000,58,100,0,0,0,-1,0,0,0,-21.82,-182.58,0,6.2153,56,490,367,-1,1,0,0,0,1,nil,nil
4/28 18:50:13.949  RANGE_DAMAGE,Player-4755-01E83279,"Nlmasters-Dreadmist",0x514,0x8,Creature-0-4457-249-1045-10184-000028665C,"Onyxia",0x10a48,0x0,75,"Auto Shot",0x1,Creature-0-4457-249-1045-10184-000028665C,0000000000000000,51,100,0,0,0,-1,0,0,0,24.88,-215.77,0,3.5053,63,384,486,-1,1,0,0,0,nil,nil,nil
4/28 18:50:14.018  SPELL_CAST_SUCCESS,Player-4755-01614AC7,"Mirrimazduur-Dreadmist",0x512,0x0,0000000000000000,nil,0x80000000,0x80000000,11689,"Life Tap",0x20,Player-4755-01614AC7,0000000000000000,83,100,0,0,0,-1,0,0,0,-17.85,-187.75,0,6.0305,68
4/28 18:50:14.018  SPELL_CAST_SUCCESS,Player-4755-01FA8D0D,"Roackeru-Dreadmist",0x514,0x0,0000000000000000,nil,0x80000000,0x80000000,11689,"Life Tap",0x20,Player-4755-01FA8D0D,0000000000000000,75,100,0,0,0,-1,0,0,0,-2.28,-227.86,0,5.1914,65
4/28 18:50:14.018  SWING_DAMAGE,Player-4755-01AC9FD9,"Alexinho-Dreadmist",0x514,0x0,Creature-0-4457-249-1045-11262-0005286CB9,"Onyxian Whelp",0xa48,0x0,Player-4755-01AC9FD9,0000000000000000,93,100,0,0,0,-1,0,0,0,-4.01,-181.15,0,5.7447,66,210,341,-1,1,0,0,0,nil,nil,nil
4/28 18:50:14.056  SPELL_CAST_SUCCESS,Player-4755-01A6B139,"Sakatan-Dreadmist",0x514,0x0,Creature-0-4457-249-1045-10184-000028665C,"Onyxia",0x10a48,0x0,11281,"Backstab",0x1,Player-4755-01A6B139,0000000000000000,100,100,0,0,0,-1,0,0,0,30.17,-216.30,0,1.4775,69
4/28 18:50:14.079  SPELL_PERIODIC_HEAL,Player-4755-02045EF4,"Necrosini-Dreadmist",0x512,0x0,Player-4755-01ED7A64,"Sperzieboon-Dreadmist",0x514,0x0,10929,"Renew",0x2,Player-4755-01ED7A64,0000000000000000,100,100,0,0,0,-1,0,0,0,3.96,-188.05,0,0.2432,67,253,253,253,0,nil
4/28 18:50:14.100  SPELL_DAMAGE,Player-4755-0163DD9D,"Kaspais-Dreadmist",0x514,0x0,Creature-0-4457-249-1045-10184-000028665C,"Onyxia",0x10a48,0x0,10181,"Frostbolt",0x10,Creature-0-4457-249-1045-10184-000028665C,0000000000000000,51,100,0,0,0,-1,0,0,0,24.88,-215.77,0,3.5053,63,920,836,-1,16,0,0,0,nil,nil,nil
4/28 18:50:14.101  SPELL_PERIODIC_ENERGIZE,Player-4755-01BC57A3,"Saintis-Dreadmist",0x511,0x0,Player-4755-01BC57A3,"Saintis-Dreadmist",0x511,0x0,18194,"Mana Regeneration",0x1,Player-4755-01BC57A3,0000000000000000,100,100,0,0,0,-1,0,0,0,4.60,-195.67,0,2.8719,68,8.0000,0.0000,0,7212
4/28 18:50:14.119  SWING_DAMAGE,Creature-0-4457-249-1045-11262-0008286CB9,"Onyxian Whelp",0xa48,0x0,Player-4755-021D6506,"Bloodlady-Dreadmist",0x514,0x0,Creature-0-4457-249-1045-11262-0008286CB9,0000000000000000,80,100,0,0,0,-1,0,0,0,-36.57,-245.43,0,2.3742,57,353,415,-1,1,0,0,0,nil,nil,nil
4/28 18:50:14.155  SPELL_CAST_SUCCESS,Player-4755-01637B0A,"Pindle-Dreadmist",0x514,0x0,Creature-0-4457-249-1045-11262-0004286CB9,"Onyxian Whelp",0xa48,0x0,11294,"Sinister Strike",0x1,Player-4755-01637B0A,0000000000000000,100,100,0,0,0,-1,0,0,0,-42.66,-242.36,0,6.2492,65
4/28 18:50:14.208  SPELL_CAST_SUCCESS,Player-4755-0178F576,"Atreas-Dreadmist",0x514,0x0,Creature-0-4457-249-1045-10184-000028665C,"Onyxia",0x10a48,0x0,20904,"Aimed Shot",0x1,Player-4755-0178F576,0000000000000000,94,100,0,0,0,-1,0,0,0,-28.81,-189.82,0,5.8330,66
4/28 18:50:14.208  SPELL_CAST_START,Player-4755-0178F576,"Atreas-Dreadmist",0x514,0x0,0000000000000000,nil,0x80000000,0x80000000,14290,"Multi-Shot",0x1
4/28 18:50:14.263  SPELL_PERIODIC_ENERGIZE,Creature-0-4457-249-1045-7416-0000286CBA,"Mana Spring Totem IV",0x2114,0x0,Player-4755-01FA8DD8,"Roackerita-Dreadmist",0x514,0x0,10494,"Mana Spring",0x8,Player-4755-01FA8DD8,0000000000000000,100,100,0,0,0,-1,0,0,0,-11.27,-193.54,0,6.1388,69,13.0000,0.0000,0,6736
4/28 18:50:14.281  SPELL_PERIODIC_DAMAGE,Player-4755-021D6506,"Bloodlady-Dreadmist",0x514,0x0,Creature-0-4457-249-1045-11262-0004286CB9,"Onyxian Whelp",0xa48,0x0,10216,"Flamestrike",0x4,Creature-0-4457-249-1045-11262-0004286CB9,0000000000000000,40,100,0,0,0,-1,0,0,0,-42.15,-245.19,0,1.3362,57,96,95,-1,4,0,0,0,nil,nil,nil
4/28 18:50:14.300  SPELL_AURA_REMOVED,Player-4755-0178F576,"Atreas-Dreadmist",0x514,0x0,Player-4755-0178F416,"Eltorero-Dreadmist",0x514,0x0,20906,"Trueshot Aura",0x40,BUFF
4/28 18:50:14.300  SPELL_AURA_REMOVED,Pet-0-4457-249-1045-416-01001C47E2,"Ababis",0x1114,0x0,Player-4755-0220BD00,"Krikoff-Dreadmist",0x40514,0x0,11767,"Blood Pact",0x20,BUFF
4/28 18:50:14.300  SPELL_AURA_REMOVED,Player-4755-020BD78D,"Lonehunter-Dreadmist",0x514,0x0,Player-4755-0220BD00,"Krikoff-Dreadmist",0x40514,0x0,20906,"Trueshot Aura",0x40,BUFF
4/28 18:50:14.307  SPELL_AURA_APPLIED,Player-4755-01F21AE6,"Blahu-Dreadmist",0x40514,0x0,Player-4755-01F21AE6,"Blahu-Dreadmist",0x40514,0x0,21887,"Warrior's Wrath",0x1,BUFF
4/28 18:50:14.307  SPELL_AURA_APPLIED,Player-4755-01617EEE,"Fenix-Dreadmist",0x512,0x0,Player-4755-01804B95,"Moymoy-Dreadmist",0x514,0x0,15359,"Inspiration",0x2,BUFF
4/28 18:50:14.307  SPELL_AURA_APPLIED,Player-4755-016DF694,"Ashalan-Dreadmist",0x514,0x0,Player-4755-016DF694,"Ashalan-Dreadmist",0x514,0x0,16280,"Flurry",0x1,BUFF
4/28 18:50:14.307  SPELL_AURA_APPLIED,Player-4755-01733879,"Hocwar-Dreadmist",0x40514,0x0,Player-4755-01733879,"Hocwar-Dreadmist",0x40514,0x0,12970,"Flurry",0x1,BUFF
4/28 18:50:14.307  SPELL_AURA_REMOVED_DOSE,Player-4755-0178F416,"Eltorero-Dreadmist",0x514,0x0,Player-4755-0178F416,"Eltorero-Dreadmist",0x514,0x0,23888,"Bloodthirst",0x1,BUFF,1
4/28 18:50:14.333  SPELL_AURA_APPLIED_DOSE,Player-4755-0178F416,"Eltorero-Dreadmist",0x514,0x0,Player-4755-0178F416,"Eltorero-Dreadmist",0x514,0x0,12970,"Flurry",0x1,BUFF,3
4/28 18:50:14.333  SPELL_HEAL,Player-4755-0178F416,"Eltorero-Dreadmist",0x514,0x0,Player-4755-0178F416,"Eltorero-Dreadmist",0x514,0x0,23891,"Bloodthirst",0x1,Player-4755-0178F416,0000000000000000,95,100,0,0,0,-1,0,0,0,-41.20,-239.97,0,4.8409,67,20,20,0,0,nil
4/28 18:50:14.333  SPELL_HEAL,Player-4755-0178F416,"Eltorero-Dreadmist",0x514,0x0,Player-4755-0178F416,"Eltorero-Dreadmist",0x514,0x0,23891,"Bloodthirst",0x1,Player-4755-0178F416,0000000000000000,95,100,0,0,0,-1,0,0,0,-41.20,-239.97,0,4.8409,67,20,20,0,0,nil
4/28 18:50:14.333  SPELL_AURA_REMOVED,Player-4755-0178F416,"Eltorero-Dreadmist",0x514,0x0,Player-4755-0178F416,"Eltorero-Dreadmist",0x514,0x0,23888,"Bloodthirst",0x1,BUFF
4/28 18:50:14.333  SPELL_AURA_REFRESH,Player-4755-0178F416,"Eltorero-Dreadmist",0x514,0x0,Player-4755-0178F416,"Eltorero-Dreadmist",0x514,0x0,12970,"Flurry",0x1,BUFF
4/28 18:50:14.333  SPELL_AURA_REMOVED_DOSE,Player-4755-01840577,"Raggèn-Dreadmist",0x514,0x0,Player-4755-01840577,"Raggèn-Dreadmist",0x514,0x0,10432,"Lightning Shield",0x8,BUFF,1
4/28 18:50:14.333  SWING_DAMAGE_LANDED,Creature-0-4457-249-1045-11262-0005A86CB9,"Onyxian Whelp",0xa48,0x0,Player-4755-01840577,"Raggèn-Dreadmist",0x514,0x0,Player-4755-01840577,0000000000000000,71,100,0,0,0,-1,0,0,0,-18.84,-182.68,0,3.2696,67,490,367,-1,1,0,0,0,1,nil,nil
4/28 18:50:14.333  SPELL_ENERGIZE,Player-4755-01614AC7,"Mirrimazduur-Dreadmist",0x512,0x0,Player-4755-01614AC7,"Mirrimazduur-Dreadmist",0x512,0x0,31818,"Life Tap",0x20,Player-4755-01614AC7,0000000000000000,83,100,0,0,0,-1,0,0,0,-15.49,-187.95,0,6.2504,68,855.0000,0.0000,0,5098
4/28 18:50:14.333  SPELL_ENERGIZE,Player-4755-01FA8D0D,"Roackeru-Dreadmist",0x514,0x0,Player-4755-01FA8D0D,"Roackeru-Dreadmist",0x514,0x0,31818,"Life Tap",0x20,Player-4755-01FA8D0D,0000000000000000,75,100,0,0,0,-1,0,0,0,-1.19,-229.97,0,5.1914,65,836.0000,0.0000,0,6373
4/28 18:50:14.333  SWING_DAMAGE_LANDED,Player-4755-01AC9FD9,"Alexinho-Dreadmist",0x514,0x0,Creature-0-4457-249-1045-11262-0005286CB9,"Onyxian Whelp",0xa48,0x0,Creature-0-4457-249-1045-11262-0005286CB9,0000000000000000,22,100,0,0,0,-1,0,0,0,-3.21,-181.33,0,2.2411,57,210,341,-1,1,0,0,0,nil,nil,nil
4/28 18:50:14.333  SPELL_DAMAGE,Player-4755-01A6B139,"Sakatan-Dreadmist",0x514,0x0,Creature-0-4457-249-1045-10184-000028665C,"Onyxia",0x10a48,0x0,11281,"Backstab",0x1,Creature-0-4457-249-1045-10184-000028665C,0000000000000000,51,100,0,0,0,-1,0,0,0,24.88,-215.77,0,3.5053,63,448,568,-1,1,0,0,0,nil,nil,nil
4/28 18:50:14.333  SWING_DAMAGE_LANDED,Creature-0-4457-249-1045-11262-0008286CB9,"Onyxian Whelp",0xa48,0x0,Player-4755-021D6506,"Bloodlady-Dreadmist",0x514,0x0,Player-4755-021D6506,0000000000000000,75,100,0,0,0,-1,0,0,0,-39.58,-239.72,0,4.4494,69,353,415,-1,1,0,0,0,nil,nil,nil
4/28 18:50:14.333  SPELL_DAMAGE,Player-4755-01637B0A,"Pindle-Dreadmist",0x514,0x0,Creature-0-4457-249-1045-11262-0004286CB9,"Onyxian Whelp",0xa48,0x0,11294,"Sinister Strike",0x1,Creature-0-4457-249-1045-11262-0004286CB9,0000000000000000,34,100,0,0,0,-1,0,0,0,-42.15,-245.19,0,1.3362,57,155,251,-1,1,0,0,0,nil,nil,nil
4/28 18:50:14.333  SWING_MISSED,Player-4755-01733879,"Hocwar-Dreadmist",0x40514,0x0,Creature-0-4457-249-1045-11262-0004286CB9,"Onyxian Whelp",0xa48,0x0,DODGE,1
4/28 18:50:14.359  SPELL_AURA_REMOVED,Player-4755-01804B95,"Moymoy-Dreadmist",0x514,0x0,Player-4755-01614AC7,"Mirrimazduur-Dreadmist",0x512,0x0,29203,"Healing Way",0x2,BUFF
4/28 18:50:14.413  SPELL_CAST_SUCCESS,Player-4755-021D6506,"Bloodlady-Dreadmist",0x514,0x0,0000000000000000,nil,0x80000000,0x80000000,10202,"Arcane Explosion",0x40,Player-4755-021D6506,0000000000000000,75,100,0,0,0,-1,0,0,0,-40.17,-239.57,0,4.4586,69
4/28 18:50:14.433  SWING_MISSED,Creature-0-4457-249-1045-11262-0005286CB9,"Onyxian Whelp",0xa48,0x0,Player-4755-01AC9FD9,"Alexinho-Dreadmist",0x514,0x0,DODGE,nil
4/28 18:50:14.549  SPELL_CAST_SUCCESS,Player-4755-02045EF4,"Necrosini-Dreadmist",0x512,0x0,Player-4755-01840577,"Raggèn-Dreadmist",0x514,0x0,10929,"Renew",0x2,Player-4755-02045EF4,0000000000000000,100,100,0,0,0,-1,0,0,0,7.52,-188.08,0,2.8758,69
4/28 18:50:14.549  SPELL_CAST_START,Player-4755-01E83279,"Nlmasters-Dreadmist",0x514,0x8,0000000000000000,nil,0x80000000,0x80000000,75,"Auto Shot",0x1
4/28 18:50:14.592  SPELL_PERIODIC_ENERGIZE,Creature-0-4457-249-1045-7416-0000286CC9,"Mana Spring Totem IV",0x2114,0x0,Player-4755-016296D3,"Nivl-Dreadmist",0x514,0x0,10494,"Mana Spring",0x8,Player-4755-016296D3,0000000000000000,95,100,0,0,0,-1,0,0,0,-12.89,-182.11,0,5.8487,69,10.0000,0.0000,0,5845
4/28 18:50:14.592  SPELL_PERIODIC_ENERGIZE,Creature-0-4457-249-1045-7416-0000286CC9,"Mana Spring Totem IV",0x2114,0x0,Player-4755-0178F576,"Atreas-Dreadmist",0x514,0x0,10494,"Mana Spring",0x8,Player-4755-0178F576,0000000000000000,94,100,0,0,0,-1,0,0,0,-28.81,-189.82,0,5.8330,66,10.0000,0.0000,0,3765
4/28 18:50:14.592  RANGE_DAMAGE,Player-4755-020BD78D,"Lonehunter-Dreadmist",0x514,0x0,Creature-0-4457-249-1045-10184-000028665C,"Onyxia",0x10a48,0x0,75,"Auto Shot",0x1,Creature-0-4457-249-1045-10184-000028665C,0000000000000000,51,100,0,0,0,-1,0,0,0,24.88,-215.77,0,3.5053,63,413,524,-1,1,0,0,0,nil,nil,nil
4/28 18:50:14.636  SPELL_CAST_SUCCESS,Player-4755-0163DD9D,"Kaspais-Dreadmist",0x514,0x0,Creature-0-4457-249-1045-10184-000028665C,"Onyxia",0x10a48,0x0,10181,"Frostbolt",0x10,Player-4755-0163DD9D,0000000000000000,100,100,0,0,0,-1,0,0,0,-21.59,-193.96,0,5.9430,66
4/28 18:50:14.636  SPELL_CAST_START,Player-4755-0163DD9D,"Kaspais-Dreadmist",0x514,0x0,0000000000000000,nil,0x80000000,0x80000000,10181,"Frostbolt",0x10
4/28 18:50:14.653  SWING_DAMAGE,Creature-0-4457-249-1045-11262-0003286CB9,"Onyxian Whelp",0xa48,0x0,Player-4755-01733879,"Hocwar-Dreadmist",0x40514,0x0,Creature-0-4457-249-1045-11262-0003286CB9,0000000000000000,19,100,0,0,0,-1,0,0,0,-41.61,-243.51,0,2.2263,57,158,348,-1,1,0,0,0,nil,nil,nil
4/28 18:50:14.653  SPELL_CAST_SUCCESS,Player-4755-0178F576,"Atreas-Dreadmist",0x514,0x0,Creature-0-4457-249-1045-10184-000028665C,"Onyxia",0x10a48,0x0,14290,"Multi-Shot",0x1,Player-4755-0178F576,0000000000000000,94,100,0,0,0,-1,0,0,0,-28.81,-189.82,0,5.8330,66
4/28 18:50:14.653  SPELL_PERIODIC_HEAL,Player-4755-01FA8DD8,"Roackerita-Dreadmist",0x514,0x0,Player-4755-0220BD00,"Krikoff-Dreadmist",0x40514,0x0,6078,"Renew",0x2,Player-4755-0220BD00,0000000000000000,100,100,0,0,0,-1,0,0,0,17.89,-223.25,0,0.6990,68,236,236,236,0,nil
4/28 18:50:14.699  SPELL_AURA_APPLIED,Player-4755-0160BD13,"Mafkees-Dreadmist",0x514,0x0,Player-4755-0160BD13,"Mafkees-Dreadmist",0x514,0x0,10610,"Windfury Totem",0x8,BUFF
4/28 18:50:14.699  SPELL_EXTRA_ATTACKS,Player-4755-0160BD13,"Mafkees-Dreadmist",0x514,0x0,Player-4755-0160BD13,"Mafkees-Dreadmist",0x514,0x0,10610,"Windfury Totem",0x8,1
4/28 18:50:14.699  SWING_DAMAGE,Player-4755-0160BD13,"Mafkees-Dreadmist",0x514,0x0,Creature-0-4457-249-1045-11262-0000286CB9,"Onyxian Whelp",0xa48,0x0,Player-4755-0160BD13,0000000000000000,94,100,0,0,0,-1,0,0,0,-11.03,-191.07,0,4.8915,64,746,600,-1,1,0,0,0,1,nil,nil
4/28 18:50:14.699  SWING_DAMAGE,Player-4755-0160BD13,"Mafkees-Dreadmist",0x514,0x0,Creature-0-4457-249-1045-11262-0000286CB9,"Onyxian Whelp",0xa48,0x0,Player-4755-0160BD13,0000000000000000,94,100,0,0,0,-1,0,0,0,-11.03,-191.07,0,4.8915,64,824,662,-1,1,0,0,0,1,nil,nil
4/28 18:50:14.699  SWING_DAMAGE,Creature-0-4457-249-1045-11262-0000A86CBE,"Onyxian Whelp",0xa48,0x0,Player-4755-01802FE5,"Angrybat-Dreadmist",0x514,0x0,Creature-0-4457-249-1045-11262-0000A86CBE,0000000000000000,100,100,0,0,0,-1,0,0,0,-17.26,-201.25,0,5.5661,57,408,461,-1,1,0,0,0,nil,nil,nil
4/28 18:50:14.699  SWING_DAMAGE,Creature-0-4457-249-1045-11262-0008A86CB9,"Onyxian Whelp",0xa48,0x0,Creature-0-4457-249-1045-7399-0000286CD4,"Stoneclaw Totem VI",0x2114,0x0,Creature-0-4457-249-1045-11262-0008A86CB9,0000000000000000,100,100,0,0,0,-1,0,0,0,-22.05,-185.34,0,1.9004,56,218,368,-1,1,0,0,0,nil,nil,nil
4/28 18:50:14.732  SPELL_AURA_APPLIED,Player-4755-0178F416,"Eltorero-Dreadmist",0x514,0x0,Creature-0-4457-249-1045-11262-0004A86CB9,"Onyxian Whelp",0xa48,0x0,12721,"Deep Wound",0x1,DEBUFF
4/28 18:50:14.732  SPELL_AURA_APPLIED,Player-4755-0178F416,"Eltorero-Dreadmist",0x514,0x0,Creature-0-4457-249-1045-11262-0002286CB9,"Onyxian Whelp",0xa48,0x0,12721,"Deep Wound",0x1,DEBUFF
4/28 18:50:14.732  DAMAGE_SHIELD,Player-4755-01840577,"Raggèn-Dreadmist",0x514,0x0,Creature-0-4457-249-1045-11262-0005A86CB9,"Onyxian Whelp",0xa48,0x0,11771,"Fire Shield",0x4,Creature-0-4457-249-1045-11262-0005A86CB9,0000000000000000,57,100,0,0,0,-1,0,0,0,-20.56,-182.54,0,0.0206,56,13,13,-1,4,0,0,0,nil,nil,nil
4/28 18:50:14.732  SPELL_DAMAGE,Player-4755-021D6506,"Bloodlady-Dreadmist",0x514,0x0,Creature-0-4457-249-1045-11262-0008286CB9,"Onyxian Whelp",0xa48,0x0,10202,"Arcane Explosion",0x40,Creature-0-4457-249-1045-11262-0008286CB9,0000000000000000,62,100,0,0,0,-1,0,0,0,-38.40,-243.81,0,2.5018,57,485,323,-1,64,0,0,0,1,nil,nil
4/28 18:50:14.732  SPELL_DAMAGE,Player-4755-021D6506,"Bloodlady-Dreadmist",0x514,0x0,Creature-0-4457-249-1045-11262-0007A86CB9,"Onyxian Whelp",0xa48,0x0,10202,"Arcane Explosion",0x40,Creature-0-4457-249-1045-11262-0007A86CB9,0000000000000000,88,100,0,0,0,-1,0,0,0,-29.30,-238.43,0,1.1696,57,325,324,-1,64,0,0,0,nil,nil,nil
4/28 18:50:14.732  SPELL_AURA_REMOVED,Player-4755-01733879,"Hocwar-Dreadmist",0x40514,0x0,Creature-0-4457-249-1045-11262-0004A86CB9,"Onyxian Whelp",0xa48,0x0,11556,"Demoralizing Shout",0x1,DEBUFF
4/28 18:50:14.732  SPELL_AURA_REMOVED,Player-4755-021D6506,"Bloodlady-Dreadmist",0x514,0x0,Creature-0-4457-249-1045-11262-0004A86CB9,"Onyxian Whelp",0xa48,0x0,10216,"Flamestrike",0x4,DEBUFF
4/28 18:50:14.732  SPELL_AURA_REMOVED,Player-4755-01F21AE6,"Blahu-Dreadmist",0x40514,0x0,Creature-0-4457-249-1045-11262-0004A86CB9,"Onyxian Whelp",0xa48,0x0,11597,"Sunder Armor",0x1,DEBUFF
4/28 18:50:14.732  SPELL_AURA_REMOVED,Player-4755-0178F416,"Eltorero-Dreadmist",0x514,0x0,Creature-0-4457-249-1045-11262-0004A86CB9,"Onyxian Whelp",0xa48,0x0,12721,"Deep Wound",0x1,DEBUFF
4/28 18:50:14.732  SPELL_DAMAGE,Player-4755-021D6506,"Bloodlady-Dreadmist",0x514,0x0,Creature-0-4457-249-1045-11262-0004A86CB9,"Onyxian Whelp",0xa48,0x0,10202,"Arcane Explosion",0x40,Creature-0-4457-249-1045-11262-0004A86CB9,0000000000000000,0,100,0,0,0,-1,0,0,0,-49.83,-238.18,0,2.9704,57,332,331,206,64,0,0,0,nil,nil,nil
4/28 18:50:14.732  SPELL_DAMAGE,Player-4755-021D6506,"Bloodlady-Dreadmist",0x514,0x0,Creature-0-4457-249-1045-11262-0004286CB9,"Onyxian Whelp",0xa48,0x0,10202,"Arcane Explosion",0x40,Creature-0-4457-249-1045-11262-0004286CB9,0000000000000000,22,100,0,0,0,-1,0,0,0,-42.15,-245.19,0,1.3362,57,327,326,-1,64,0,0,0,nil,nil,nil
4/28 18:50:14.732  SPELL_DAMAGE,Player-4755-021D6506,"Bloodlady-Dreadmist",0x514,0x0,Creature-0-4457-249-1045-11262-0003286CB9,"Onyxian Whelp",0xa48,0x0,10202,"Arcane Explosion",0x40,Creature-0-4457-249-1045-11262-0003286CB9,0000000000000000,7,100,0,0,0,-1,0,0,0,-41.61,-243.51,0,2.2263,57,338,337,-1,64,0,0,0,nil,nil,nil
4/28 18:50:14.732  SPELL_DAMAGE,Player-4755-021D6506,"Bloodlady-Dreadmist",0x514,0x0,Creature-0-4457-249-1045-11262-0002286CB9,"Onyxian Whelp",0xa48,0x0,10202,"Arcane Explosion",0x40,Creature-0-4457-249-1045-11262-0002286CB9,0000000000000000,28,100,0,0,0,-1,0,0,0,-38.04,-242.39,0,0.6108,57,322,321,-1,64,0,0,0,nil,nil,nil
4/28 18:50:14.732  SPELL_AURA_APPLIED,Player-4755-02045EF4,"Necrosini-Dreadmist",0x512,0x0,Player-4755-01840577,"Raggèn-Dreadmist",0x514,0x0,10929,"Renew",0x2,BUFF
4/28 18:50:14.732  SWING_DAMAGE_LANDED,Creature-0-4457-249-1045-11262-0003286CB9,"Onyxian Whelp",0xa48,0x0,Player-4755-01733879,"Hocwar-Dreadmist",0x40514,0x0,Player-4755-01733879,0000000000000000,69,100,0,0,0,-1,0,0,0,-43.15,-242.49,0,5.5470,71,158,348,-1,1,0,0,0,nil,nil,nil
4/28 18:50:14.732  SWING_DAMAGE,Creature-0-4457-249-1045-11262-0000286CB9,"Onyxian Whelp",0xa48,0x0,Player-4755-0160BD13,"Mafkees-Dreadmist",0x514,0x0,Creature-0-4457-249-1045-11262-0000286CB9,0000000000000000,100,100,0,0,0,-1,0,0,0,-11.29,-192.72,0,4.4572,56,265,424,-1,1,0,0,0,nil,nil,nil
4/28 18:50:14.732  SWING_DAMAGE_LANDED,Player-4755-0160BD13,"Mafkees-Dreadmist",0x514,0x0,Creature-0-4457-249-1045-11262-0000286CB9,"Onyxian Whelp",0xa48,0x0,Creature-0-4457-249-1045-11262-0000286CB9,0000000000000000,72,100,0,0,0,-1,0,0,0,-11.29,-192.72,0,4.4572,56,746,600,-1,1,0,0,0,1,nil,nil
4/28 18:50:14.732  SWING_DAMAGE_LANDED,Player-4755-0160BD13,"Mafkees-Dreadmist",0x514,0x0,Creature-0-4457-249-1045-11262-0000286CB9,"Onyxian Whelp",0xa48,0x0,Creature-0-4457-249-1045-11262-0000286CB9,0000000000000000,42,100,0,0,0,-1,0,0,0,-11.29,-192.72,0,4.4572,56,824,662,-1,1,0,0,0,1,nil,nil
4/28 18:50:14.732  SWING_DAMAGE_LANDED,Creature-0-4457-249-1045-11262-0000A86CBE,"Onyxian Whelp",0xa48,0x0,Player-4755-01802FE5,"Angrybat-Dreadmist",0x514,0x0,Player-4755-01802FE5,0000000000000000,78,100,0,0,0,-1,0,0,0,-14.50,-203.66,0,5.9998,66,408,461,-1,1,0,0,0,nil,nil,nil
4/28 18:50:14.732  SWING_DAMAGE_LANDED,Creature-0-4457-249-1045-11262-0008A86CB9,"Onyxian Whelp",0xa48,0x0,Creature-0-4457-249-1045-7399-0000286CD4,"Stoneclaw Totem VI",0x2114,0x0,Creature-0-4457-249-1045-7399-0000286CD4,Player-4755-01840577,55,100,0,0,0,-1,0,0,0,-22.64,-180.98,0,3.2539,67,218,368,-1,1,0,0,0,nil,nil,nil
4/28 18:50:14.732  SWING_DAMAGE,Player-4755-01637B0A,"Pindle-Dreadmist",0x514,0x0,Creature-0-4457-249-1045-11262-0004286CB9,"Onyxian Whelp",0xa48,0x0,Player-4755-01637B0A,0000000000000000,100,100,0,0,0,-1,0,0,0,-45.06,-242.11,0,0.2351,65,74,119,-1,1,0,0,0,nil,nil,nil
4/28 18:50:14.795  SWING_DAMAGE,Creature-0-4457-249-1045-11262-0002A86CB9,"Onyxian Whelp",0xa48,0x0,Player-4755-01802FE5,"Angrybat-Dreadmist",0x514,0x0,Creature-0-4457-249-1045-11262-0002A86CB9,0000000000000000,100,100,0,0,0,-1,0,0,0,-17.06,-201.04,0,5.4850,56,710,402,-1,1,0,0,0,1,nil,nil
4/28 18:50:14.856  SWING_DAMAGE,Player-4755-01840577,"Raggèn-Dreadmist",0x514,0x0,Creature-0-4457-249-1045-11262-0005A86CB9,"Onyxian Whelp",0xa48,0x0,Player-4755-01840577,0000000000000000,71,100,0,0,0,-1,0,0,0,-18.53,-182.34,0,3.8979,67,335,540,-1,1,0,0,0,nil,nil,nil
4/28 18:50:14.856  SPELL_CAST_SUCCESS,Player-4755-01733879,"Hocwar-Dreadmist",0x40514,0x0,Creature-0-4457-249-1045-11262-0003286CB9,"Onyxian Whelp",0xa48,0x0,23881,"Bloodthirst",0x1,Player-4755-01733879,0000000000000000,69,100,0,0,0,-1,0,0,0,-43.63,-242.40,0,5.5470,71
4/28 18:50:14.895  SPELL_CAST_SUCCESS,Player-4755-01E83279,"Nlmasters-Dreadmist",0x514,0x8,Creature-0-4457-249-1045-10184-000028665C,"Onyxia",0x10a48,0x0,75,"Auto Shot",0x1,Player-4755-01E83279,0000000000000000,100,100,0,0,0,-1,0,0,0,-25.18,-194.93,0,5.9259,70
4/28 18:50:14.991  SPELL_CAST_SUCCESS,Player-4755-0160BD13,"Mafkees-Dreadmist",0x514,0x0,Creature-0-4457-249-1045-11262-0000286CB9,"Onyxian Whelp",0xa48,0x0,23894,"Bloodthirst",0x1,Player-4755-0160BD13,0000000000000000,94,100,0,0,0,-1,0,0,0,-11.13,-191.24,0,4.7658,64
4/28 18:50:14.991  SPELL_CAST_START,Player-4755-01ED7A64,"Sperzieboon-Dreadmist",0x514,0x0,0000000000000000,nil,0x80000000,0x80000000,10917,"Flash Heal",0x2
4/28 18:50:14.991  SWING_DAMAGE,Player-4755-01AC9FD9,"Alexinho-Dreadmist",0x514,0x0,Creature-0-4457-249-1045-11262-0005286CB9,"Onyxian Whelp",0xa48,0x0,Player-4755-01AC9FD9,0000000000000000,93,100,0,0,0,-1,0,0,0,-4.47,-180.67,0,4.7323,66,105,169,-1,1,0,0,0,nil,nil,nil
4/28 18:50:15.068  SWING_DAMAGE,Player-4755-01637B0A,"Pindle-Dreadmist",0x514,0x0,Creature-0-4457-249-1045-11262-0004286CB9,"Onyxian Whelp",0xa48,0x0,Player-4755-01637B0A,0000000000000000,100,100,0,0,0,-1,0,0,0,-45.06,-242.11,0,5.9528,65,228,181,-1,1,0,0,0,1,nil,nil
4/28 18:50:15.068  SWING_DAMAGE,Creature-0-4457-249-1045-11262-0004286CB9,"Onyxian Whelp",0xa48,0x0,Player-4755-01733879,"Hocwar-Dreadmist",0x40514,0x0,Creature-0-4457-249-1045-11262-0004286CB9,0000000000000000,22,100,0,0,0,-1,0,0,0,-42.15,-245.19,0,1.3362,57,195,428,-1,1,0,0,0,nil,nil,nil
4/28 18:50:15.086  SWING_DAMAGE,Player-4755-01733879,"Hocwar-Dreadmist",0x40514,0x0,Creature-0-4457-249-1045-11262-0003286CB9,"Onyxian Whelp",0xa48,0x0,Player-4755-01733879,0000000000000000,69,100,0,0,0,-1,0,0,0,-43.65,-243.62,0,5.5691,71,175,282,-1,1,0,0,0,nil,nil,nil
4/28 18:50:15.086  SPELL_CAST_SUCCESS,Player-4755-01F36B30,"Rectumqeef-Dreadmist",0x514,0x0,0000000000000000,nil,0x80000000,0x80000000,11689,"Life Tap",0x20,Player-4755-01F36B30,0000000000000000,65,100,0,0,0,-1,0,0,0,18.59,-191.79,0,5.7140,66
4/28 18:50:15.124  SPELL_AURA_APPLIED,Pet-0-4457-249-1045-7432-01002D8BC6,"Cat",0x1114,0x0,Pet-0-4457-249-1045-7432-01002D8BC6,"Cat",0x1114,0x0,23110,"Dash",0x1,BUFF
4/28 18:50:15.124  SPELL_CAST_SUCCESS,Pet-0-4457-249-1045-7432-01002D8BC6,"Cat",0x1114,0x0,0000000000000000,nil,0x80000000,0x80000000,23110,"Dash",0x1,Pet-0-4457-249-1045-7432-01002D8BC6,Player-4755-01E83279,100,100,0,0,0,-1,0,0,0,13.13,-215.17,0,6.2034,70
4/28 18:50:15.124  UNIT_DIED,0000000000000000,nil,0x80000000,0x80000000,Creature-0-4457-249-1045-11262-0004A86CB9,"Onyxian Whelp",0xa48,0x0
4/28 18:50:15.132  SPELL_DAMAGE,Player-4755-01840577,"Raggèn-Dreadmist",0x514,0x0,Creature-0-4457-249-1045-11262-0005A86CB9,"Onyxian Whelp",0xa48,0x0,26363,"Lightning Shield",0x8,Creature-0-4457-249-1045-11262-0005A86CB9,0000000000000000,49,100,0,0,0,-1,0,0,0,-20.50,-182.44,0,0.9835,56,218,217,-1,8,0,0,0,nil,nil,nil
4/28 18:50:15.132  SPELL_AURA_REMOVED_DOSE,Player-4755-01733879,"Hocwar-Dreadmist",0x40514,0x0,Player-4755-01733879,"Hocwar-Dreadmist",0x40514,0x0,12970,"Flurry",0x1,BUFF,2
4/28 18:50:15.132  SPELL_AURA_REMOVED_DOSE,Player-4755-0160BD13,"Mafkees-Dreadmist",0x514,0x0,Player-4755-0160BD13,"Mafkees-Dreadmist",0x514,0x0,10610,"Windfury Totem",0x8,BUFF,1
4/28 18:50:15.132  SPELL_AURA_APPLIED,Player-4755-0160BD13,"Mafkees-Dreadmist",0x514,0x0,Player-4755-0160BD13,"Mafkees-Dreadmist",0x514,0x0,12970,"Flurry",0x1,BUFF
4/28 18:50:15.132  SWING_DAMAGE_LANDED,Creature-0-4457-249-1045-11262-0000286CB9,"Onyxian Whelp",0xa48,0x0,Player-4755-0160BD13,"Mafkees-Dreadmist",0x514,0x0,Player-4755-0160BD13,0000000000000000,89,100,0,0,0,-1,0,0,0,-11.13,-191.24,0,4.7658,64,265,424,-1,1,0,0,0,nil,nil,nil
4/28 18:50:15.132  SPELL_AURA_REMOVED_DOSE,Player-4755-0160BD13,"Mafkees-Dreadmist",0x514,0x0,Player-4755-0160BD13,"Mafkees-Dreadmist",0x514,0x0,12970,"Flurry",0x1,BUFF,2
4/28 18:50:15.155  SPELL_AURA_APPLIED_DOSE,Player-4755-0160BD13,"Mafkees-Dreadmist",0x514,0x0,Player-4755-0160BD13,"Mafkees-Dreadmist",0x514,0x0,12970,"Flurry",0x1,BUFF,3
4/28 18:50:15.155  SPELL_AURA_REMOVED,Player-4755-0160BD13,"Mafkees-Dreadmist",0x514,0x0,Player-4755-0160BD13,"Mafkees-Dreadmist",0x514,0x0,10610,"Windfury Totem",0x8,BUFF
4/28 18:50:15.155  SWING_DAMAGE_LANDED,Player-4755-01637B0A,"Pindle-Dreadmist",0x514,0x0,Creature-0-4457-249-1045-11262-0004286CB9,"Onyxian Whelp",0xa48,0x0,Creature-0-4457-249-1045-11262-0004286CB9,0000000000000000,20,100,0,0,0,-1,0,0,0,-42.15,-245.19,0,1.3362,57,74,119,-1,1,0,0,0,nil,nil,nil
4/28 18:50:15.155  SWING_DAMAGE_LANDED,Creature-0-4457-249-1045-11262-0002A86CB9,"Onyxian Whelp",0xa48,0x0,Player-4755-01802FE5,"Angrybat-Dreadmist",0x514,0x0,Player-4755-01802FE5,0000000000000000,56,100,0,0,0,-1,0,0,0,-14.50,-203.66,0,5.9998,66,710,402,-1,1,0,0,0,1,nil,nil
4/28 18:50:15.155  SWING_DAMAGE_LANDED,Player-4755-01840577,"Raggèn-Dreadmist",0x514,0x0,Creature-0-4457-249-1045-11262-0005A86CB9,"Onyxian Whelp",0xa48,0x0,Creature-0-4457-249-1045-11262-0005A86CB9,0000000000000000,37,100,0,0,0,-1,0,0,0,-20.40,-182.30,0,0.9835,56,335,540,-1,1,0,0,0,nil,nil,nil
4/28 18:50:15.155  SPELL_AURA_REMOVED,Player-4755-01733879,"Hocwar-Dreadmist",0x40514,0x0,Creature-0-4457-249-1045-11262-0003286CB9,"Onyxian Whelp",0xa48,0x0,11556,"Demoralizing Shout",0x1,DEBUFF
4/28 18:50:15.155  SPELL_AURA_REMOVED,Player-4755-021D6506,"Bloodlady-Dreadmist",0x514,0x0,Creature-0-4457-249-1045-11262-0003286CB9,"Onyxian Whelp",0xa48,0x0,10216,"Flamestrike",0x4,DEBUFF
4/28 18:50:15.155  SPELL_AURA_REMOVED,Player-4755-021D6506,"Bloodlady-Dreadmist",0x514,0x0,Creature-0-4457-249-1045-11262-0003286CB9,"Onyxian Whelp",0xa48,0x0,10161,"Cone of Cold",0x10,DEBUFF
4/28 18:50:15.155  SPELL_DAMAGE,Player-4755-01733879,"Hocwar-Dreadmist",0x40514,0x0,Creature-0-4457-249-1045-11262-0003286CB9,"Onyxian Whelp",0xa48,0x0,23881,"Bloodthirst",0x1,Creature-0-4457-249-1045-11262-0003286CB9,0000000000000000,0,100,0,0,0,-1,0,0,0,-41.52,-243.58,0,5.5722,57,712,576,528,1,0,0,0,1,nil,nil
4/28 18:50:15.155  SPELL_AURA_APPLIED,Player-4755-01733879,"Hocwar-Dreadmist",0x40514,0x0,Player-4755-01733879,"Hocwar-Dreadmist",0x40514,0x0,23885,"Bloodthirst",0x1,BUFF
4/28 18:50:15.155  SPELL_DAMAGE,Player-4755-0160BD13,"Mafkees-Dreadmist",0x514,0x0,Creature-0-4457-249-1045-11262-0000286CB9,"Onyxian Whelp",0xa48,0x0,23894,"Bloodthirst",0x1,Creature-0-4457-249-1045-11262-0000286CB9,0000000000000000,6,100,0,0,0,-1,0,0,0,-11.72,-194.38,0,4.4572,56,971,738,-1,1,0,40,0,1,nil,nil
4/28 18:50:15.155  SPELL_AURA_APPLIED,Player-4755-0160BD13,"Mafkees-Dreadmist",0x514,0x0,Player-4755-0160BD13,"Mafkees-Dreadmist",0x514,0x0,23888,"Bloodthirst",0x1,BUFF
4/28 18:50:15.155  SPELL_DAMAGE,Player-4755-0160BD13,"Mafkees-Dreadmist",0x514,0x0,Creature-0-4457-249-1045-11262-0000286CB9,"Onyxian Whelp",0xa48,0x0,21140,"Fatal Wound",0x1,Creature-0-4457-249-1045-11262-0000286CB9,0000000000000000,0,100,0,0,0,-1,0,0,0,-11.72,-194.38,0,4.4572,56,152,244,-1,1,0,0,0,nil,nil,nil
4/28 18:50:15.155  SWING_DAMAGE_LANDED,Player-4755-01AC9FD9,"Alexinho-Dreadmist",0x514,0x0,Creature-0-4457-249-1045-11262-0005286CB9,"Onyxian Whelp",0xa48,0x0,Creature-0-4457-249-1045-11262-0005286CB9,0000000000000000,18,100,0,0,0,-1,0,0,0,-4.46,-180.23,0,4.6981,57,105,169,-1,1,0,0,0,nil,nil,nil
4/28 18:50:15.155  SWING_DAMAGE_LANDED,Player-4755-01637B0A,"Pindle-Dreadmist",0x514,0x0,Creature-0-4457-249-1045-11262-0004286CB9,"Onyxian Whelp",0xa48,0x0,Creature-0-4457-249-1045-11262-0004286CB9,0000000000000000,12,100,0,0,0,-1,0,0,0,-42.15,-245.19,0,1.3362,57,228,181,-1,1,0,0,0,1,nil,nil
4/28 18:50:15.155  SWING_DAMAGE_LANDED,Creature-0-4457-249-1045-11262-0004286CB9,"Onyxian Whelp",0xa48,0x0,Player-4755-01733879,"Hocwar-Dreadmist",0x40514,0x0,Player-4755-01733879,0000000000000000,65,100,0,0,0,-1,0,0,0,-43.21,-243.93,0,5.6883,71,195,428,-1,1,0,0,0,nil,nil,nil
4/28 18:50:15.155  SWING_DAMAGE_LANDED,Player-4755-01733879,"Hocwar-Dreadmist",0x40514,0x0,Creature-0-4457-249-1045-11262-0003286CB9,"Onyxian Whelp",0xa48,0x0,Creature-0-4457-249-1045-11262-0003286CB9,0000000000000000,0,100,0,0,0,-1,0,0,0,-41.52,-243.58,0,5.5722,57,175,282,-1,1,0,0,0,nil,nil,nil
4/28 18:50:15.155  SPELL_ENERGIZE,Player-4755-01F36B30,"Rectumqeef-Dreadmist",0x514,0x0,Player-4755-01F36B30,"Rectumqeef-Dreadmist",0x514,0x0,31818,"Life Tap",0x20,Player-4755-01F36B30,0000000000000000,65,100,0,0,0,-1,0,0,0,19.00,-192.06,0,5.7140,66,935.0000,0.0000,0,5218
4/28 18:50:15.155  SPELL_CAST_START,Player-4755-0178F576,"Atreas-Dreadmist",0x514,0x0,0000000000000000,nil,0x80000000,0x80000000,75,"Auto Shot",0x1
4/28 18:50:15.155  SPELL_CAST_SUCCESS,Player-4755-01BC57A3,"Saintis-Dreadmist",0x511,0x0,Player-4755-01FA8D0D,"Roackeru-Dreadmist",0x514,0x0,2061,"Flash Heal",0x2,Player-4755-01BC57A3,0000000000000000,100,100,0,0,0,-1,0,0,0,4.60,-195.67,0,3.1743,68
4/28 18:50:15.183  SPELL_CAST_SUCCESS,Player-4755-0210153A,"Hapuseneb-Dreadmist",0x514,0x0,Player-4755-0178F416,"Eltorero-Dreadmist",0x514,0x0,2053,"Lesser Heal",0x2,Player-4755-0210153A,0000000000000000,100,100,0,0,0,-1,0,0,0,-4.50,-234.33,0,3.2162,66
4/28 18:50:15.255  SPELL_CAST_SUCCESS,Player-4755-01FA8DD8,"Roackerita-Dreadmist",0x514,0x0,Player-4755-01840577,"Raggèn-Dreadmist",0x514,0x0,2055,"Heal",0x2,Player-4755-01FA8DD8,0000000000000000,100,100,0,0,0,-1,0,0,0,-11.27,-193.54,0,6.1388,69
4/28 18:50:15.275  SPELL_CAST_SUCCESS,Creature-0-4457-249-1045-10184-000028665C,"Onyxia",0x10a48,0x0,Player-4755-01733879,"Hocwar-Dreadmist",0x40514,0x0,18392,"Fireball",0x4,Creature-0-4457-249-1045-10184-000028665C,0000000000000000,51,100,0,0,0,-1,0,0,0,24.88,-215.77,0,3.5053,63
4/28 18:50:15.313  SPELL_CAST_START,Player-4755-01804B95,"Moymoy-Dreadmist",0x514,0x0,0000000000000000,nil,0x80000000,0x80000000,939,"Healing Wave",0x8
4/28 18:50:15.352  SPELL_CAST_START,Player-4755-020BD78D,"Lonehunter-Dreadmist",0x514,0x0,0000000000000000,nil,0x80000000,0x80000000,75,"Auto Shot",0x1
4/28 18:50:15.390  SPELL_AURA_REMOVED,Player-4755-01733879,"Hocwar-Dreadmist",0x40514,0x0,Player-4755-01733879,"Hocwar-Dreadmist",0x40514,0x0,23885,"Bloodthirst",0x1,BUFF
4/28 18:50:15.410  SPELL_CAST_START,Player-4755-01617EEE,"Fenix-Dreadmist",0x512,0x0,0000000000000000,nil,0x80000000,0x80000000,10916,"Flash Heal",0x2
4/28 18:50:15.447  SPELL_CAST_SUCCESS,Player-4755-01AC9FD9,"Alexinho-Dreadmist",0x514,0x0,Creature-0-4457-249-1045-11262-0005286CB9,"Onyxian Whelp",0xa48,0x0,11294,"Sinister Strike",0x1,Player-4755-01AC9FD9,0000000000000000,93,100,0,0,0,-1,0,0,0,-4.47,-180.67,0,4.0789,66
4/28 18:50:15.463  SPELL_PERIODIC_DAMAGE,Player-4755-021D6506,"Bloodlady-Dreadmist",0x514,0x0,Creature-0-4457-249-1045-11262-0002286CB9,"Onyxian Whelp",0xa48,0x0,10216,"Flamestrike",0x4,Creature-0-4457-249-1045-11262-0002286CB9,0000000000000000,25,100,0,0,0,-1,0,0,0,-38.04,-242.39,0,0.6108,57,72,95,-1,4,24,0,0,nil,nil,nil
4/28 18:50:15.498  SPELL_PERIODIC_ENERGIZE,Creature-0-4457-249-1045-7416-0000286CBA,"Mana Spring Totem IV",0x2114,0x0,Player-4755-01ED7A64,"Sperzieboon-Dreadmist",0x514,0x0,10494,"Mana Spring",0x8,Player-4755-01ED7A64,0000000000000000,100,100,0,0,0,-1,0,0,0,5.47,-187.67,0,0.2432,67,13.0000,0.0000,0,7261
4/28 18:50:15.516  SPELL_CAST_START,Player-4755-0210153A,"Hapuseneb-Dreadmist",0x514,0x0,0000000000000000,nil,0x80000000,0x80000000,2053,"Lesser Heal",0x2
4/28 18:50:15.516  UNIT_DIED,0000000000000000,nil,0x80000000,0x80000000,Creature-0-4457-249-1045-11262-0003286CB9,"Onyxian Whelp",0xa48,0x0
4/28 18:50:15.546  SPELL_AURA_APPLIED,Player-4755-0160BD13,"Mafkees-Dreadmist",0x514,0x0,Creature-0-4457-249-1045-11262-0000286CB9,"Onyxian Whelp",0xa48,0x0,12721,"Deep Wound",0x1,DEBUFF
4/28 18:50:15.546  SPELL_AURA_REFRESH,Player-4755-0160BD13,"Mafkees-Dreadmist",0x514,0x0,Creature-0-4457-249-1045-11262-0000286CB9,"Onyxian Whelp",0xa48,0x0,12721,"Deep Wound",0x1,DEBUFF
4/28 18:50:15.546  SPELL_AURA_APPLIED_DOSE,Player-4755-01733879,"Hocwar-Dreadmist",0x40514,0x0,Player-4755-01733879,"Hocwar-Dreadmist",0x40514,0x0,12970,"Flurry",0x1,BUFF,3
4/28 18:50:15.546  SPELL_AURA_REMOVED_DOSE,Player-4755-0160BD13,"Mafkees-Dreadmist",0x514,0x0,Player-4755-0160BD13,"Mafkees-Dreadmist",0x514,0x0,23888,"Bloodthirst",0x1,BUFF,4
4/28 18:50:15.546  SPELL_AURA_REFRESH,Player-4755-0160BD13,"Mafkees-Dreadmist",0x514,0x0,Player-4755-0160BD13,"Mafkees-Dreadmist",0x514,0x0,12970,"Flurry",0x1,BUFF
4/28 18:50:15.546  SPELL_HEAL,Player-4755-0160BD13,"Mafkees-Dreadmist",0x514,0x0,Player-4755-0160BD13,"Mafkees-Dreadmist",0x514,0x0,23891,"Bloodthirst",0x1,Player-4755-0160BD13,0000000000000000,89,100,0,0,0,-1,0,0,0,-12.20,-192.95,0,4.6362,64,20,20,0,0,nil
4/28 18:50:15.546  SPELL_CAST_START,Creature-0-4457-249-1045-10184-000028665C,"Onyxia",0x10a48,0x0,0000000000000000,nil,0x80000000,0x80000000,18392,"Fireball",0x4
4/28 18:50:15.546  SPELL_HEAL,Player-4755-01BC57A3,"Saintis-Dreadmist",0x511,0x0,Player-4755-01FA8D0D,"Roackeru-Dreadmist",0x514,0x0,2061,"Flash Heal",0x2,Player-4755-01FA8D0D,0000000000000000,84,100,0,0,0,-1,0,0,0,1.51,-238.66,0,4.8459,65,521,521,0,0,nil
4/28 18:50:15.546  SPELL_HEAL,Player-4755-0210153A,"Hapuseneb-Dreadmist",0x514,0x0,Player-4755-0178F416,"Eltorero-Dreadmist",0x514,0x0,2053,"Lesser Heal",0x2,Player-4755-0178F416,0000000000000000,100,100,0,0,0,-1,0,0,0,-40.90,-239.35,0,4.9548,67,417,417,189,0,nil
4/28 18:50:15.546  SPELL_HEAL,Player-4755-01FA8DD8,"Roackerita-Dreadmist",0x514,0x0,Player-4755-01840577,"Raggèn-Dreadmist",0x514,0x0,2055,"Heal",0x2,Player-4755-01840577,0000000000000000,93,100,0,0,0,-1,0,0,0,-16.85,-180.33,0,3.7919,67,1115,1115,0,0,nil
4/28 18:50:15.546  SPELL_AURA_REMOVED,Creature-0-4457-249-1045-2630-0000286CD4,"Earthbind Totem",0x2114,0x0,Creature-0-4457-249-1045-11262-0005286CB9,"Onyxian Whelp",0xa48,0x0,3600,"Earthbind",0x8,DEBUFF
4/28 18:50:15.546  SPELL_DAMAGE,Player-4755-01AC9FD9,"Alexinho-Dreadmist",0x514,0x0,Creature-0-4457-249-1045-11262-0005286CB9,"Onyxian Whelp",0xa48,0x0,11294,"Sinister Strike",0x1,Creature-0-4457-249-1045-11262-0005286CB9,0000000000000000,0,100,0,0,0,-1,0,0,0,-4.46,-180.23,0,4.6981,57,671,461,159,1,0,0,0,1,nil,nil
4/28 18:50:15.546  SPELL_AURA_APPLIED,Pet-0-4457-249-1045-416-0100019757,"Chotik",0x1112,0x0,Player-4755-02045EF4,"Necrosini-Dreadmist",0x512,0x0,11767,"Blood Pact",0x20,BUFF
4/28 18:50:15.546  SPELL_CAST_SUCCESS,Player-4755-01614AC7,"Mirrimazduur-Dreadmist",0x512,0x0,0000000000000000,nil,0x80000000,0x80000000,11689,"Life Tap",0x20,Player-4755-01614AC7,0000000000000000,67,100,0,0,0,-1,0,0,0,-7.50,-184.47,0,0.5406,68
4/28 18:50:15.546  SPELL_CAST_SUCCESS,Player-4755-01B60A5F,"Zurok-Dreadmist",0x514,0x0,Creature-0-4457-249-1045-11262-0008286CB9,"Onyxian Whelp",0xa48,0x0,14287,"Arcane Shot",0x40,Player-4755-01B60A5F,0000000000000000,100,100,0,0,0,-1,0,0,0,-9.25,-231.56,0,3.7130,62
4/28 18:50:15.577  SPELL_CAST_SUCCESS,Player-4755-0178F576,"Atreas-Dreadmist",0x514,0x0,Creature-0-4457-249-1045-10184-000028665C,"Onyxia",0x10a48,0x0,75,"Auto Shot",0x1,Player-4755-0178F576,0000000000000000,94,100,0,0,0,-1,0,0,0,-28.81,-189.82,0,5.8330,66
4/28 18:50:15.602  SPELL_PERIODIC_ENERGIZE,Creature-0-4457-249-1045-7416-0000286CBA,"Mana Spring Totem IV",0x2114,0x0,Player-4755-01804B95,"Moymoy-Dreadmist",0x514,0x0,10494,"Mana Spring",0x8,Player-4755-01804B95,0000000000000000,100,100,0,0,0,-1,0,0,0,13.46,-179.10,0,5.7723,66,12.0000,0.0000,0,5366
4/28 18:50:15.740  SPELL_CAST_START,Player-4755-016296D3,"Nivl-Dreadmist",0x514,0x0,0000000000000000,nil,0x80000000,0x80000000,10605,"Chain Lightning",0x8
4/28 18:50:15.795  SPELL_DAMAGE,Player-4755-0178F576,"Atreas-Dreadmist",0x514,0x0,Creature-0-4457-249-1045-10184-000028665C,"Onyxia",0x10a48,0x0,20904,"Aimed Shot",0x1,Creature-0-4457-249-1045-10184-000028665C,0000000000000000,51,100,0,0,0,-1,0,0,0,24.88,-215.77,0,3.1056,63,899,1141,-1,1,0,0,0,nil,nil,nil
4/28 18:50:15.795  SPELL_CAST_SUCCESS,Player-4755-020BD78D,"Lonehunter-Dreadmist",0x514,0x0,Creature-0-4457-249-1045-10184-000028665C,"Onyxia",0x10a48,0x0,75,"Auto Shot",0x1,Player-4755-020BD78D,0000000000000000,100,100,0,0,0,-1,0,0,0,-9.97,-179.97,0,5.5105,70
4/28 18:50:15.814  SWING_DAMAGE,Player-4755-01637B0A,"Pindle-Dreadmist",0x514,0x0,Creature-0-4457-249-1045-11262-0004286CB9,"Onyxian Whelp",0xa48,0x0,Player-4755-01637B0A,0000000000000000,100,100,0,0,0,-1,0,0,0,-43.10,-242.77,0,6.0529,65,72,117,-1,1,0,0,0,nil,nil,nil
4/28 18:50:15.835  SPELL_CAST_START,Player-4755-01BC57A3,"Saintis-Dreadmist",0x511,0x0,0000000000000000,nil,0x80000000,0x80000000,2061,"Flash Heal",0x2
4/28 18:50:15.906  SPELL_PERIODIC_DAMAGE,Player-4755-021D6506,"Bloodlady-Dreadmist",0x514,0x0,Creature-0-4457-249-1045-11262-0008286CB9,"Onyxian Whelp",0xa48,0x0,10216,"Flamestrike",0x4,Creature-0-4457-249-1045-11262-0008286CB9,0000000000000000,59,100,0,0,0,-1,0,0,0,-41.36,-242.39,0,2.3501,57,96,95,-1,4,0,0,0,nil,nil,nil
4/28 18:50:15.906  SPELL_AURA_REMOVED,Player-4755-021D6506,"Bloodlady-Dreadmist",0x514,0x0,Creature-0-4457-249-1045-11262-0008286CB9,"Onyxian Whelp",0xa48,0x0,10216,"Flamestrike",0x4,DEBUFF
4/28 18:50:15.925  SPELL_CAST_SUCCESS,Player-4755-021D6506,"Bloodlady-Dreadmist",0x514,0x0,0000000000000000,nil,0x80000000,0x80000000,10202,"Arcane Explosion",0x40,Player-4755-021D6506,0000000000000000,75,100,0,0,0,-1,0,0,0,-45.13,-239.38,0,4.9442,69
4/28 18:50:15.925  SPELL_AURA_REMOVED,Player-4755-0178F576,"Atreas-Dreadmist",0x514,0x0,Pet-0-4457-249-1045-2850-01001956F9,"Kratos",0x1114,0x0,20906,"Trueshot Aura",0x40,BUFF
4/28 18:50:15.925  SPELL_CAST_SUCCESS,Pet-0-4457-249-1045-2850-01001956F9,"Kratos",0x1114,0x0,Creature-0-4457-249-1045-10184-000028665C,"Onyxia",0x10a48,0x0,17261,"Bite",0x1,Pet-0-4457-249-1045-2850-01001956F9,Player-4755-0178F576,100,100,0,0,0,-1,0,0,0,13.22,-215.35,0,6.2220,66
4/28 18:50:15.929  UNIT_DIED,0000000000000000,nil,0x80000000,0x80000000,Creature-0-4457-249-1045-11262-0005286CB9,"Onyxian Whelp",0xa48,0x0
4/28 18:50:15.959  SPELL_AURA_REFRESH,Player-4755-0160BD13,"Mafkees-Dreadmist",0x514,0x0,Creature-0-4457-249-1045-11262-0000286CB9,"Onyxian Whelp",0xa48,0x0,12721,"Deep Wound",0x1,DEBUFF
4/28 18:50:15.959  SPELL_ENERGIZE,Player-4755-01614AC7,"Mirrimazduur-Dreadmist",0x512,0x0,Player-4755-01614AC7,"Mirrimazduur-Dreadmist",0x512,0x0,31818,"Life Tap",0x20,Player-4755-01614AC7,0000000000000000,67,100,0,0,0,-1,0,0,0,-4.89,-182.82,0,0.5642,68,855.0000,0.0000,0,5098
4/28 18:50:15.959  SPELL_AURA_REFRESH,Creature-0-4457-249-1045-2630-0000286CD4,"Earthbind Totem",0x2114,0x0,Creature-0-4457-249-1045-11262-0000286CB9,"Onyxian Whelp",0xa48,0x0,3600,"Earthbind",0x8,DEBUFF
4/28 18:50:15.959  SPELL_AURA_REFRESH,Creature-0-4457-249-1045-2630-0000286CD4,"Earthbind Totem",0x2114,0x0,Creature-0-4457-249-1045-11262-0000A86CB9,"Onyxian Whelp",0xa48,0x0,3600,"Earthbind",0x8,DEBUFF
4/28 18:50:15.960  SPELL_AURA_REFRESH,Creature-0-4457-249-1045-2630-0000286CD4,"Earthbind Totem",0x2114,0x0,Creature-0-4457-249-1045-11262-0006A86CB9,"Onyxian Whelp",0xa48,0x0,3600,"Earthbind",0x8,DEBUFF
4/28 18:50:15.960  SPELL_AURA_REFRESH,Creature-0-4457-249-1045-2630-0000286CD4,"Earthbind Totem",0x2114,0x0,Creature-0-4457-249-1045-11262-0007286CB9,"Onyxian Whelp",0xa48,0x0,3600,"Earthbind",0x8,DEBUFF
4/28 18:50:15.960  SWING_DAMAGE_LANDED,Player-4755-01637B0A,"Pindle-Dreadmist",0x514,0x0,Creature-0-4457-249-1045-11262-0004286CB9,"Onyxian Whelp",0xa48,0x0,Creature-0-4457-249-1045-11262-0004286CB9,0000000000000000,9,100,0,0,0,-1,0,0,0,-42.15,-245.19,0,1.3362,57,72,117,-1,1,0,0,0,nil,nil,nil
4/28 18:50:15.960  SPELL_DAMAGE,Player-4755-021D6506,"Bloodlady-Dreadmist",0x514,0x0,Creature-0-4457-249-1045-11262-0008286CB9,"Onyxian Whelp",0xa48,0x0,10202,"Arcane Explosion",0x40,Creature-0-4457-249-1045-11262-0008286CB9,0000000000000000,47,100,0,0,0,-1,0,0,0,-41.45,-242.32,0,2.4671,57,335,335,-1,64,0,0,0,nil,nil,nil
4/28 18:50:15.960  SPELL_AURA_REMOVED,Player-4755-021D6506,"Bloodlady-Dreadmist",0x514,0x0,Creature-0-4457-249-1045-11262-0004286CB9,"Onyxian Whelp",0xa48,0x0,122,"Frost Nova",0x10,DEBUFF
4/28 18:50:15.960  SPELL_AURA_REMOVED,Player-4755-021D6506,"Bloodlady-Dreadmist",0x514,0x0,Creature-0-4457-249-1045-11262-0004286CB9,"Onyxian Whelp",0xa48,0x0,10216,"Flamestrike",0x4,DEBUFF
4/28 18:50:15.960  SPELL_AURA_REMOVED,Player-4755-021D6506,"Bloodlady-Dreadmist",0x514,0x0,Creature-0-4457-249-1045-11262-0004286CB9,"Onyxian Whelp",0xa48,0x0,10161,"Cone of Cold",0x10,DEBUFF
4/28 18:50:15.960  SPELL_DAMAGE,Player-4755-021D6506,"Bloodlady-Dreadmist",0x514,0x0,Creature-0-4457-249-1045-11262-0004286CB9,"Onyxian Whelp",0xa48,0x0,10202,"Arcane Explosion",0x40,Creature-0-4457-249-1045-11262-0004286CB9,0000000000000000,0,100,0,0,0,-1,0,0,0,-42.15,-245.19,0,1.9971,57,326,326,76,64,0,0,0,nil,nil,nil
4/28 18:50:15.960  SPELL_AURA_REMOVED,Player-4755-021D6506,"Bloodlady-Dreadmist",0x514,0x0,Creature-0-4457-249-1045-11262-0002286CB9,"Onyxian Whelp",0xa48,0x0,122,"Frost Nova",0x10,DEBUFF
4/28 18:50:15.960  SPELL_DAMAGE,Player-4755-021D6506,"Bloodlady-Dreadmist",0x514,0x0,Creature-0-4457-249-1045-11262-0002286CB9,"Onyxian Whelp",0xa48,0x0,10202,"Arcane Explosion",0x40,Creature-0-4457-249-1045-11262-0002286CB9,0000000000000000,8,100,0,0,0,-1,0,0,0,-38.04,-242.39,0,2.7399,57,481,320,-1,64,0,0,0,1,nil,nil
4/28 18:50:15.960  SPELL_DAMAGE,Pet-0-4457-249-1045-2850-01001956F9,"Kratos",0x1114,0x0,Creature-0-4457-249-1045-10184-000028665C,"Onyxia",0x10a48,0x0,17261,"Bite",0x1,Creature-0-4457-249-1045-10184-000028665C,0000000000000000,51,100,0,0,0,-1,0,0,0,24.88,-215.77,0,3.1056,63,117,148,-1,1,0,0,0,nil,nil,nil
4/28 18:50:15.960  SWING_DAMAGE,Creature-0-4457-249-1045-11262-0005A86CB9,"Onyxian Whelp",0xa48,0x0,Player-4755-01840577,"Raggèn-Dreadmist",0x514,0x0,Creature-0-4457-249-1045-11262-0005A86CB9,0000000000000000,37,100,0,0,0,-1,0,0,0,-18.12,-178.79,0,0.5520,56,295,441,-1,1,0,0,0,nil,nil,nil
4/28 18:50:16.054  SPELL_PERIODIC_DAMAGE,Player-4755-01F36B30,"Rectumqeef-Dreadmist",0x514,0x0,Creature-0-4457-249-1045-10184-000028665C,"Onyxia",0x10a48,0x0,11672,"Corruption",0x20,Creature-0-4457-249-1045-10184-000028665C,0000000000000000,50,100,0,0,0,-1,0,0,0,24.88,-215.77,0,3.1056,63,269,203,-1,32,0,0,0,nil,nil,nil
4/28 18:50:16.054  SPELL_AURA_REMOVED_DOSE,Player-4755-01614AC7,"Mirrimazduur-Dreadmist",0x512,0x0,Creature-0-4457-249-1045-10184-000028665C,"Onyxia",0x10a48,0x0,17800,"Shadow Vulnerability",0x20,DEBUFF,1
4/28 18:50:16.054  SPELL_DAMAGE,Player-4755-01614AC7,"Mirrimazduur-Dreadmist",0x512,0x0,Creature-0-4457-249-1045-10184-000028665C,"Onyxia",0x10a48,0x0,11661,"Shadow Bolt",0x20,Creature-0-4457-249-1045-10184-000028665C,0000000000000000,50,100,0,0,0,-1,0,0,0,24.88,-215.77,0,3.1056,63,1134,859,-1,32,0,0,0,nil,nil,nil
4/28 18:50:16.054  SPELL_CAST_START,Player-4755-01E83279,"Nlmasters-Dreadmist",0x514,0x8,0000000000000000,nil,0x80000000,0x80000000,20904,"Aimed Shot",0x1
4/28 18:50:16.121  SWING_DAMAGE,Creature-0-4457-249-1045-11262-0008286CB9,"Onyxian Whelp",0xa48,0x0,Player-4755-021D6506,"Bloodlady-Dreadmist",0x514,0x0,Creature-0-4457-249-1045-11262-0008286CB9,0000000000000000,47,100,0,0,0,-1,0,0,0,-41.95,-241.92,0,2.4671,57,354,415,-1,1,0,0,0,nil,nil,nil
4/28 18:50:16.159  SPELL_CAST_SUCCESS,Player-4755-01802FE5,"Angrybat-Dreadmist",0x514,0x0,0000000000000000,nil,0x80000000,0x80000000,122,"Frost Nova",0x10,Player-4755-01802FE5,0000000000000000,56,100,0,0,0,-1,0,0,0,-14.16,-203.70,0,6.1569,66
4/28 18:50:16.232  SPELL_AURA_APPLIED,Player-4755-015FEBD5,"Sauvage-Dreadmist",0x514,0x0,Player-4755-015FEBD5,"Sauvage-Dreadmist",0x514,0x0,10193,"Mana Shield",0x40,BUFF
4/28 18:50:16.232  SPELL_CAST_SUCCESS,Player-4755-015FEBD5,"Sauvage-Dreadmist",0x514,0x0,0000000000000000,nil,0x80000000,0x80000000,10193,"Mana Shield",0x40,Player-4755-015FEBD5,0000000000000000,100,100,0,0,0,-1,0,0,0,-1.81,-195.50,0,1.3571,64
4/28 18:50:16.252  SPELL_CAST_SUCCESS,Player-4755-01A6B139,"Sakatan-Dreadmist",0x514,0x0,Creature-0-4457-249-1045-10184-000028665C,"Onyxia",0x10a48,0x0,11275,"Rupture",0x1,Player-4755-01A6B139,0000000000000000,100,100,0,0,0,-1,0,0,0,28.68,-213.38,0,2.4433,69
4/28 18:50:16.252  SPELL_PERIODIC_ENERGIZE,Creature-0-4457-249-1045-7416-0000286CBA,"Mana Spring Totem IV",0x2114,0x0,Player-4755-01FA8DD8,"Roackerita-Dreadmist",0x514,0x0,10494,"Mana Spring",0x8,Player-4755-01FA8DD8,0000000000000000,100,100,0,0,0,-1,0,0,0,-11.27,-193.54,0,6.1388,69,13.0000,0.0000,0,6736
4/28 18:50:16.332  SPELL_AURA_REMOVED,Pet-0-4457-249-1045-416-01001C47E2,"Ababis",0x1114,0x0,Player-4755-01840577,"Raggèn-Dreadmist",0x514,0x0,11767,"Blood Pact",0x20,BUFF
4/28 18:50:16.335  UNIT_DIED,0000000000000000,nil,0x80000000,0x80000000,Creature-0-4457-249-1045-11262-0004286CB9,"Onyxian Whelp",0xa48,0x0
4/28 18:50:16.360  SWING_DAMAGE_LANDED,Creature-0-4457-249-1045-11262-0005A86CB9,"Onyxian Whelp",0xa48,0x0,Player-4755-01840577,"Raggèn-Dreadmist",0x514,0x0,Player-4755-01840577,0000000000000000,93,100,0,0,0,-1,0,0,0,-15.89,-177.07,0,3.9097,67,295,441,-1,1,0,0,0,nil,nil,nil
4/28 18:50:16.360  SWING_DAMAGE_LANDED,Creature-0-4457-249-1045-11262-0008286CB9,"Onyxian Whelp",0xa48,0x0,Player-4755-021D6506,"Bloodlady-Dreadmist",0x514,0x0,Player-4755-021D6506,0000000000000000,65,100,0,0,0,-1,0,0,0,-42.51,-239.58,0,5.1130,69,354,415,-1,1,0,0,0,nil,nil,nil
4/28 18:50:16.360  SPELL_DAMAGE,Player-4755-01802FE5,"Angrybat-Dreadmist",0x514,0x0,Creature-0-4457-249-1045-11262-0006A86CB9,"Onyxian Whelp",0xa48,0x0,122,"Frost Nova",0x10,Creature-0-4457-249-1045-11262-0006A86CB9,0000000000000000,99,100,0,0,0,-1,0,0,0,-13.34,-200.09,0,4.6356,56,32,31,-1,16,0,0,0,nil,nil,nil
4/28 18:50:16.360  SPELL_DAMAGE,Player-4755-01802FE5,"Angrybat-Dreadmist",0x514,0x0,Creature-0-4457-249-1045-11262-0002A86CB9,"Onyxian Whelp",0xa48,0x0,122,"Frost Nova",0x10,Creature-0-4457-249-1045-11262-0002A86CB9,0000000000000000,99,100,0,0,0,-1,0,0,0,-16.90,-201.16,0,5.5895,56,32,32,-1,16,0,0,0,nil,nil,nil
4/28 18:50:16.360  SPELL_DAMAGE,Player-4755-01802FE5,"Angrybat-Dreadmist",0x514,0x0,Creature-0-4457-249-1045-11262-0001286CB9,"Onyxian Whelp",0xa48,0x0,122,"Frost Nova",0x10,Creature-0-4457-249-1045-11262-0001286CB9,0000000000000000,99,100,0,0,0,-1,0,0,0,-16.65,-200.94,0,5.5109,56,33,32,-1,16,0,0,0,nil,nil,nil
4/28 18:50:16.360  SPELL_DAMAGE,Player-4755-01802FE5,"Angrybat-Dreadmist",0x514,0x0,Creature-0-4457-249-1045-11262-0000A86CBE,"Onyxian Whelp",0xa48,0x0,122,"Frost Nova",0x10,Creature-0-4457-249-1045-11262-0000A86CBE,0000000000000000,99,100,0,0,0,-1,0,0,0,-15.85,-200.47,0,5.2947,57,34,33,-1,16,0,0,0,nil,nil,nil
4/28 18:50:16.360  SPELL_DAMAGE,Player-4755-01802FE5,"Angrybat-Dreadmist",0x514,0x0,Creature-0-4457-249-1045-11262-0000A86CB9,"Onyxian Whelp",0xa48,0x0,122,"Frost Nova",0x10,Creature-0-4457-249-1045-11262-0000A86CB9,0000000000000000,98,100,0,0,0,-1,0,0,0,-12.99,-199.38,0,4.5638,56,67,33,-1,16,0,0,0,1,nil,nil
4/28 18:50:16.360  SPELL_AURA_REMOVED,Creature-0-4457-249-1045-2630-0000286CD4,"Earthbind Totem",0x2114,0x0,Creature-0-4457-249-1045-11262-0000286CB9,"Onyxian Whelp",0xa48,0x0,3600,"Earthbind",0x8,DEBUFF
4/28 18:50:16.360  SPELL_AURA_REMOVED,Player-4755-0160BD13,"Mafkees-Dreadmist",0x514,0x0,Creature-0-4457-249-1045-11262-0000286CB9,"Onyxian Whelp",0xa48,0x0,12721,"Deep Wound",0x1,DEBUFF
4/28 18:50:16.360  SPELL_DAMAGE,Player-4755-01802FE5,"Angrybat-Dreadmist",0x514,0x0,Creature-0-4457-249-1045-11262-0000286CB9,"Onyxian Whelp",0xa48,0x0,122,"Frost Nova",0x10,Creature-0-4457-249-1045-11262-0000286CB9,0000000000000000,0,100,0,0,0,-1,0,0,0,-12.72,-196.43,0,3.7622,56,32,32,26,16,0,0,0,nil,nil,nil
4/28 18:50:16.360  SPELL_AURA_APPLIED,Player-4755-01802FE5,"Angrybat-Dreadmist",0x514,0x0,Creature-0-4457-249-1045-11262-0000A86CB9,"Onyxian Whelp",0xa48,0x0,122,"Frost Nova",0x10,DEBUFF
4/28 18:50:16.360  SPELL_AURA_APPLIED,Player-4755-01802FE5,"Angrybat-Dreadmist",0x514,0x0,Creature-0-4457-249-1045-11262-0000A86CBE,"Onyxian Whelp",0xa48,0x0,122,"Frost Nova",0x10,DEBUFF
4/28 18:50:16.360  SPELL_AURA_APPLIED,Player-4755-01802FE5,"Angrybat-Dreadmist",0x514,0x0,Creature-0-4457-249-1045-11262-0001286CB9,"Onyxian Whelp",0xa48,0x0,122,"Frost Nova",0x10,DEBUFF
4/28 18:50:16.360  SPELL_AURA_APPLIED,Player-4755-01802FE5,"Angrybat-Dreadmist",0x514,0x0,Creature-0-4457-249-1045-11262-0002A86CB9,"Onyxian Whelp",0xa48,0x0,122,"Frost Nova",0x10,DEBUFF
4/28 18:50:16.360  SPELL_AURA_APPLIED,Player-4755-01802FE5,"Angrybat-Dreadmist",0x514,0x0,Creature-0-4457-249-1045-11262-0006A86CB9,"Onyxian Whelp",0xa48,0x0,122,"Frost Nova",0x10,DEBUFF
4/28 18:50:16.360  SPELL_AURA_APPLIED,Player-4755-01A6B139,"Sakatan-Dreadmist",0x514,0x0,Creature-0-4457-249-1045-10184-000028665C,"Onyxia",0x10a48,0x0,11275,"Rupture",0x1,DEBUFF
4/28 18:50:16.360  SPELL_ENERGIZE,Player-4755-01A6B139,"Sakatan-Dreadmist",0x514,0x0,Player-4755-01A6B139,"Sakatan-Dreadmist",0x514,0x0,14181,"Relentless Strikes Effect",0x1,Player-4755-01A6B139,0000000000000000,100,100,0,0,0,-1,0,0,0,28.68,-213.38,0,2.4433,69,25.0000,0.0000,3,100
4/28 18:50:16.360  SPELL_AURA_APPLIED,Player-4755-021D6506,"Bloodlady-Dreadmist",0x514,0x0,Creature-0-4457-249-1045-11262-0007A86CB9,"Onyxian Whelp",0xa48,0x0,10216,"Flamestrike",0x4,DEBUFF
4/28 18:50:16.360  SPELL_AURA_APPLIED,Player-4755-021D6506,"Bloodlady-Dreadmist",0x514,0x0,Creature-0-4457-249-1045-11262-0008286CB9,"Onyxian Whelp",0xa48,0x0,10216,"Flamestrike",0x4,DEBUFF
4/28 18:50:16.360  RANGE_DAMAGE,Player-4755-01E83279,"Nlmasters-Dreadmist",0x514,0x8,Creature-0-4457-249-1045-10184-000028665C,"Onyxia",0x10a48,0x0,75,"Auto Shot",0x1,Creature-0-4457-249-1045-10184-000028665C,0000000000000000,50,100,0,0,0,-1,0,0,0,24.88,-215.77,0,3.1056,63,381,484,-1,1,0,0,0,nil,nil,nil
4/28 18:50:16.385  SPELL_CAST_SUCCESS,Player-4755-01ED7A64,"Sperzieboon-Dreadmist",0x514,0x0,Player-4755-01840577,"Raggèn-Dreadmist",0x514,0x0,10917,"Flash Heal",0x2,Player-4755-01ED7A64,0000000000000000,100,100,0,0,0,-1,0,0,0,5.47,-187.67,0,0.2432,67
4/28 18:50:16.385  SPELL_DAMAGE,Player-4755-01B60A5F,"Zurok-Dreadmist",0x514,0x0,Creature-0-4457-249-1045-11262-0008286CB9,"Onyxian Whelp",0xa48,0x0,14287,"Arcane Shot",0x40,Creature-0-4457-249-1045-11262-0008286CB9,0000000000000000,40,100,0,0,0,-1,0,0,0,-42.33,-241.62,0,2.0596,57,198,197,-1,64,0,0,0,nil,nil,nil
4/28 18:50:16.441  SWING_DAMAGE,Creature-0-4457-249-1045-11262-0006A86CB9,"Onyxian Whelp",0xa48,0x0,Player-4755-01802FE5,"Angrybat-Dreadmist",0x514,0x0,Creature-0-4457-249-1045-11262-0006A86CB9,0000000000000000,99,100,0,0,0,-1,0,0,0,-13.34,-200.09,0,4.6356,56,408,462,-1,1,0,0,0,nil,nil,nil
4/28 18:50:16.462  SPELL_DAMAGE,Creature-0-4457-249-1045-10184-000028665C,"Onyxia",0x10a48,0x0,Player-4755-01733879,"Hocwar-Dreadmist",0x40514,0x0,18392,"Fireball",0x4,Player-4755-01733879,0000000000000000,34,100,0,0,0,-1,0,0,0,-36.51,-249.31,0,0.2180,71,1946,2163,-1,4,0,0,0,nil,nil,nil
4/28 18:50:16.462  SPELL_DAMAGE,Creature-0-4457-249-1045-10184-000028665C,"Onyxia",0x10a48,0x0,Player-4755-0178F416,"Eltorero-Dreadmist",0x514,0x0,18392,"Fireball",0x4,Player-4755-0178F416,0000000000000000,87,100,0,0,0,-1,0,0,0,-36.72,-235.94,0,5.5635,67,618,2244,-1,4,1683,0,0,nil,nil,nil
4/28 18:50:16.462  SPELL_DAMAGE,Creature-0-4457-249-1045-10184-000028665C,"Onyxia",0x10a48,0x0,Player-4755-021D6506,"Bloodlady-Dreadmist",0x514,0x0,18392,"Fireball",0x4,Player-4755-021D6506,0000000000000000,2,100,0,0,0,-1,0,0,0,-41.79,-239.28,0,5.1130,69,2241,2241,-1,4,0,0,0,nil,nil,nil
4/28 18:50:16.462  SPELL_DAMAGE,Creature-0-4457-249-1045-10184-000028665C,"Onyxia",0x10a48,0x0,Player-4755-01637B0A,"Pindle-Dreadmist",0x514,0x0,18392,"Fireball",0x4,Player-4755-01637B0A,0000000000000000,68,100,0,0,0,-1,0,0,0,-39.44,-239.86,0,6.0431,65,1341,1788,-1,4,447,0,0,nil,nil,nil
4/28 18:50:16.462  SWING_DAMAGE,Creature-0-4457-249-1045-11262-0002286CB9,"Onyxian Whelp",0xa48,0x0,Player-4755-021D6506,"Bloodlady-Dreadmist",0x514,0x0,Creature-0-4457-249-1045-11262-0002286CB9,0000000000000000,8,100,0,0,0,-1,0,0,0,-38.34,-242.27,0,2.7481,57,276,323,194,1,0,0,0,nil,nil,nil
4/28 18:50:16.462  SPELL_AURA_APPLIED,Player-4755-01637B0A,"Pindle-Dreadmist",0x514,0x0,Player-4755-01637B0A,"Pindle-Dreadmist",0x514,0x0,20007,"Holy Strength",0x2,BUFF
4/28 18:50:16.462  SPELL_HEAL,Player-4755-01637B0A,"Pindle-Dreadmist",0x514,0x0,Player-4755-01637B0A,"Pindle-Dreadmist",0x514,0x0,20007,"Holy Strength",0x2,Player-4755-01637B0A,0000000000000000,70,100,0,0,0,-1,0,0,0,-39.44,-239.86,0,6.0431,65,84,84,0,0,nil
4/28 18:50:16.462  SWING_DAMAGE,Player-4755-01637B0A,"Pindle-Dreadmist",0x514,0x0,Creature-0-4457-249-1045-11262-0007A86CB9,"Onyxian Whelp",0xa48,0x0,Player-4755-01637B0A,0000000000000000,70,100,0,0,0,-1,0,0,0,-39.44,-239.86,0,6.0431,65,281,222,-1,1,0,0,0,1,nil,nil
4/28 18:50:16.543  SPELL_AURA_APPLIED,Player-4755-0220BD00,"Krikoff-Dreadmist",0x40514,0x0,Player-4755-0220BD00,"Krikoff-Dreadmist",0x40514,0x0,29131,"Bloodrage",0x1,BUFF
4/28 18:50:16.543  SPELL_CAST_SUCCESS,Player-4755-0220BD00,"Krikoff-Dreadmist",0x40514,0x0,0000000000000000,nil,0x80000000,0x80000000,2687,"Bloodrage",0x1,Player-4755-0220BD00,0000000000000000,100,100,0,0,0,-1,0,0,0,28.94,-214.23,0,0.6912,68
4/28 18:50:16.602  SPELL_PERIODIC_ENERGIZE,Creature-0-4457-249-1045-7416-0000286CC9,"Mana Spring Totem IV",0x2114,0x0,Player-4755-016296D3,"Nivl-Dreadmist",0x514,0x0,10494,"Mana Spring",0x8,Player-4755-016296D3,0000000000000000,95,100,0,0,0,-1,0,0,0,-11.45,-183.53,0,4.5803,69,10.0000,0.0000,0,5845
4/28 18:50:16.602  SPELL_PERIODIC_ENERGIZE,Creature-0-4457-249-1045-7416-0000286CC9,"Mana Spring Totem IV",0x2114,0x0,Player-4755-0178F576,"Atreas-Dreadmist",0x514,0x0,10494,"Mana Spring",0x8,Player-4755-0178F576,0000000000000000,94,100,0,0,0,-1,0,0,0,-28.81,-189.82,0,5.8330,66,10.0000,0.0000,0,3765
4/28 18:50:16.602  SPELL_DAMAGE,Player-4755-0163DD9D,"Kaspais-Dreadmist",0x514,0x0,Creature-0-4457-249-1045-10184-000028665C,"Onyxia",0x10a48,0x0,10181,"Frostbolt",0x10,Creature-0-4457-249-1045-10184-000028665C,0000000000000000,50,100,0,0,0,-1,0,0,0,24.88,-215.77,0,3.1056,63,1915,870,-1,16,0,0,0,1,nil,nil
4/28 18:50:16.673  SPELL_CAST_SUCCESS,Player-4755-0160BD13,"Mafkees-Dreadmist",0x514,0x0,0000000000000000,nil,0x80000000,0x80000000,1680,"Whirlwind",0x1,Player-4755-0160BD13,0000000000000000,89,100,0,0,0,-1,0,0,0,-16.88,-199.37,0,5.3626,64
4/28 18:50:16.673  SPELL_AURA_APPLIED,Player-4755-0160BD13,"Mafkees-Dreadmist",0x514,0x0,Player-4755-0160BD13,"Mafkees-Dreadmist",0x514,0x0,10610,"Windfury Totem",0x8,BUFF
4/28 18:50:16.673  SPELL_EXTRA_ATTACKS,Player-4755-0160BD13,"Mafkees-Dreadmist",0x514,0x0,Player-4755-0160BD13,"Mafkees-Dreadmist",0x514,0x0,10610,"Windfury Totem",0x8,1
4/28 18:50:16.673  SWING_DAMAGE,Player-4755-0160BD13,"Mafkees-Dreadmist",0x514,0x0,Creature-0-4457-249-1045-11262-0000A86CBE,"Onyxian Whelp",0xa48,0x0,Player-4755-0160BD13,0000000000000000,89,100,0,0,0,-1,0,0,0,-16.88,-199.37,0,5.3626,64,388,629,-1,1,0,0,0,nil,nil,nil
4/28 18:50:16.713  SWING_DAMAGE,Creature-0-4457-249-1045-11262-0008A86CB9,"Onyxian Whelp",0xa48,0x0,Creature-0-4457-249-1045-7399-0000286CD4,"Stoneclaw Totem VI",0x2114,0x0,Creature-0-4457-249-1045-11262-0008A86CB9,0000000000000000,100,100,0,0,0,-1,0,0,0,-22.30,-184.62,0,1.6658,56,250,421,-1,1,0,0,0,nil,nil,nil
4/28 18:50:16.735  UNIT_DIED,0000000000000000,nil,0x80000000,0x80000000,Creature-0-4457-249-1045-11262-0000286CB9,"Onyxian Whelp",0xa48,0x0
4/28 18:50:16.761  DAMAGE_SHIELD,Player-4755-01840577,"Raggèn-Dreadmist",0x514,0x0,Creature-0-4457-249-1045-11262-0005A86CB9,"Onyxian Whelp",0xa48,0x0,11771,"Fire Shield",0x4,Creature-0-4457-249-1045-11262-0005A86CB9,0000000000000000,36,100,0,0,0,-1,0,0,0,-15.39,-176.65,0,2.6749,56,13,13,-1,4,0,0,0,nil,nil,nil
4/28 18:50:16.761  SPELL_HEAL,Player-4755-01ED7A64,"Sperzieboon-Dreadmist",0x514,0x0,Player-4755-01840577,"Raggèn-Dreadmist",0x514,0x0,10917,"Flash Heal",0x2,Player-4755-01840577,0000000000000000,100,100,0,0,0,-1,0,0,0,-15.22,-176.42,0,3.9097,67,1247,1247,952,0,nil
4/28 18:50:16.761  SWING_DAMAGE_LANDED,Creature-0-4457-249-1045-11262-0006A86CB9,"Onyxian Whelp",0xa48,0x0,Player-4755-01802FE5,"Angrybat-Dreadmist",0x514,0x0,Player-4755-01802FE5,0000000000000000,44,100,0,0,0,-1,0,0,0,-14.21,-207.03,0,5.6307,66,408,462,-1,1,0,0,0,nil,nil,nil
4/28 18:50:16.761  SPELL_AURA_REMOVED,Player-4755-0163DD9D,"Kaspais-Dreadmist",0x514,0x0,Player-4755-021D6506,"Bloodlady-Dreadmist",0x514,0x0,23028,"Arcane Brilliance",0x40,BUFF
4/28 18:50:16.761  SPELL_AURA_REMOVED,Player-4755-021D6506,"Bloodlady-Dreadmist",0x514,0x0,Player-4755-021D6506,"Bloodlady-Dreadmist",0x514,0x0,22783,"Mage Armor",0x40,BUFF
4/28 18:50:16.761  SPELL_AURA_REMOVED,Player-4755-01FA8DD8,"Roackerita-Dreadmist",0x514,0x0,Player-4755-021D6506,"Bloodlady-Dreadmist",0x514,0x0,21564,"Prayer of Fortitude",0x2,BUFF
4/28 18:50:16.761  SPELL_AURA_REMOVED,Player-4755-01BC57A3,"Saintis-Dreadmist",0x511,0x0,Player-4755-021D6506,"Bloodlady-Dreadmist",0x514,0x0,27681,"Prayer of Spirit",0x2,BUFF
4/28 18:50:16.761  SPELL_AURA_REMOVED,Player-4755-0210153A,"Hapuseneb-Dreadmist",0x514,0x0,Player-4755-021D6506,"Bloodlady-Dreadmist",0x514,0x0,10958,"Shadow Protection",0x20,BUFF
4/28 18:50:16.761  SWING_DAMAGE_LANDED,Creature-0-4457-249-1045-11262-0002286CB9,"Onyxian Whelp",0xa48,0x0,Player-4755-021D6506,"Bloodlady-Dreadmist",0x514,0x0,Player-4755-021D6506,0000000000000000,0,100,0,0,0,-1,0,0,0,-40.92,-239.11,0,5.2819,69,276,323,194,1,0,0,0,nil,nil,nil
4/28 18:50:16.761  SWING_DAMAGE_LANDED,Player-4755-01637B0A,"Pindle-Dreadmist",0x514,0x0,Creature-0-4457-249-1045-11262-0007A86CB9,"Onyxian Whelp",0xa48,0x0,Creature-0-4457-249-1045-11262-0007A86CB9,0000000000000000,78,100,0,0,0,-1,0,0,0,-40.26,-238.52,0,5.0394,57,281,222,-1,1,0,0,0,1,nil,nil
4/28 18:50:16.761  SPELL_ENERGIZE,Player-4755-0220BD00,"Krikoff-Dreadmist",0x40514,0x0,Player-4755-0220BD00,"Krikoff-Dreadmist",0x40514,0x0,2687,"Bloodrage",0x1,Player-4755-0220BD00,0000000000000000,94,100,0,0,0,-1,0,0,0,29.33,-213.90,0,0.7108,68,15.0000,0.0000,1,1000
4/28 18:50:16.761  SPELL_DAMAGE,Player-4755-0160BD13,"Mafkees-Dreadmist",0x514,0x0,Creature-0-4457-249-1045-11262-0006A86CB9,"Onyxian Whelp",0xa48,0x0,1680,"Whirlwind",0x1,Creature-0-4457-249-1045-11262-0006A86CB9,0000000000000000,86,100,0,0,0,-1,0,0,0,-13.34,-200.09,0,4.6356,56,335,539,-1,1,0,0,0,nil,nil,nil
4/28 18:50:16.761  SPELL_DAMAGE,Player-4755-0160BD13,"Mafkees-Dreadmist",0x514,0x0,Creature-0-4457-249-1045-11262-0002A86CB9,"Onyxian Whelp",0xa48,0x0,1680,"Whirlwind",0x1,Creature-0-4457-249-1045-11262-0002A86CB9,0000000000000000,85,100,0,0,0,-1,0,0,0,-16.90,-201.16,0,5.5895,56,381,612,-1,1,0,0,0,nil,nil,nil
4/28 18:50:16.761  SWING_DAMAGE,Creature-0-4457-249-1045-11262-0001286CB9,"Onyxian Whelp",0xa48,0x0,Player-4755-0160BD13,"Mafkees-Dreadmist",0x514,0x0,Creature-0-4457-249-1045-11262-0001286CB9,0000000000000000,99,100,0,0,0,-1,0,0,0,-16.65,-200.94,0,5.5109,56,568,456,-1,1,0,0,0,1,nil,nil
4/28 18:50:16.761  SPELL_DAMAGE,Player-4755-0160BD13,"Mafkees-Dreadmist",0x514,0x0,Creature-0-4457-249-1045-11262-0001286CB9,"Onyxian Whelp",0xa48,0x0,1680,"Whirlwind",0x1,Creature-0-4457-249-1045-11262-0001286CB9,0000000000000000,86,100,0,0,0,-1,0,0,0,-16.65,-200.94,0,5.5109,56,354,570,-1,1,0,0,0,nil,nil,nil
4/28 18:50:16.761  SWING_MISSED,Creature-0-4457-249-1045-11262-0000A86CBE,"Onyxian Whelp",0xa48,0x0,Player-4755-0160BD13,"Mafkees-Dreadmist",0x514,0x0,DODGE,nil
4/28 18:50:16.761  SPELL_DAMAGE,Player-4755-0160BD13,"Mafkees-Dreadmist",0x514,0x0,Creature-0-4457-249-1045-11262-0000A86CBE,"Onyxian Whelp",0xa48,0x0,1680,"Whirlwind",0x1,Creature-0-4457-249-1045-11262-0000A86CBE,0000000000000000,85,100,0,0,0,-1,0,0,0,-15.85,-200.47,0,5.2947,57,377,609,-1,1,0,0,0,nil,nil,nil
4/28 18:50:16.761  SWING_DAMAGE_LANDED,Player-4755-0160BD13,"Mafkees-Dreadmist",0x514,0x0,Creature-0-4457-249-1045-11262-0000A86CBE,"Onyxian Whelp",0xa48,0x0,Creature-0-4457-249-1045-11262-0000A86CBE,0000000000000000,71,100,0,0,0,-1,0,0,0,-15.85,-200.47,0,5.2947,57,388,629,-1,1,0,0,0,nil,nil,nil
4/28 18:50:16.761  SWING_DAMAGE_LANDED,Creature-0-4457-249-1045-11262-0008A86CB9,"Onyxian Whelp",0xa48,0x0,Creature-0-4457-249-1045-7399-0000286CD4,"Stoneclaw Totem VI",0x2114,0x0,Creature-0-4457-249-1045-7399-0000286CD4,Player-4755-01840577,4,100,0,0,0,-1,0,0,0,-22.64,-180.98,0,3.2539,67,250,421,-1,1,0,0,0,nil,nil,nil
4/28 18:50:16.761  SPELL_AURA_APPLIED,Pet-0-4457-249-1045-416-01001C47E2,"Ababis",0x1114,0x0,Player-4755-0220BD00,"Krikoff-Dreadmist",0x40514,0x0,11767,"Blood Pact",0x20,BUFF
4/28 18:50:16.761  SPELL_DAMAGE,Player-4755-0178F576,"Atreas-Dreadmist",0x514,0x0,Creature-0-4457-249-1045-10184-000028665C,"Onyxia",0x10a48,0x0,14290,"Multi-Shot",0x1,Creature-0-4457-249-1045-10184-000028665C,0000000000000000,50,100,0,0,0,-1,0,0,0,24.88,-215.77,0,3.1056,63,677,858,-1,1,0,0,0,nil,nil,nil
4/28 18:50:16.805  SWING_DAMAGE,Creature-0-4457-249-1045-11262-0002A86CB9,"Onyxian Whelp",0xa48,0x0,Player-4755-0160BD13,"Mafkees-Dreadmist",0x514,0x0,Creature-0-4457-249-1045-11262-0002A86CB9,0000000000000000,85,100,0,0,0,-1,0,0,0,-16.90,-201.16,0,5.5895,56,286,460,-1,1,0,0,0,nil,nil,nil
4/28 18:50:16.823  SPELL_CAST_SUCCESS,Player-4755-01617EEE,"Fenix-Dreadmist",0x512,0x0,Player-4755-01840577,"Raggèn-Dreadmist",0x514,0x0,10916,"Flash Heal",0x2,Player-4755-01617EEE,0000000000000000,100,100,0,0,0,-1,0,0,0,-5.20,-187.82,0,1.3559,66
4/28 18:50:16.823  SPELL_CAST_START,Player-4755-01617EEE,"Fenix-Dreadmist",0x512,0x0,0000000000000000,nil,0x80000000,0x80000000,10916,"Flash Heal",0x2
4/28 18:50:16.959  SPELL_PERIODIC_DAMAGE,Player-4755-01614AC7,"Mirrimazduur-Dreadmist",0x512,0x0,Creature-0-4457-249-1045-10184-000028665C,"Onyxia",0x10a48,0x0,11672,"Corruption",0x20,Creature-0-4457-249-1045-10184-000028665C,0000000000000000,50,100,0,0,0,-1,0,0,0,24.88,-215.77,0,3.1056,63,249,188,-1,32,0,0,0,nil,nil,nil
4/28 18:50:16.959  SPELL_AURA_REMOVED,Player-4755-01614AC7,"Mirrimazduur-Dreadmist",0x512,0x0,Creature-0-4457-249-1045-10184-000028665C,"Onyxia",0x10a48,0x0,11672,"Corruption",0x20,DEBUFF
4/28 18:50:17.055  SPELL_CAST_SUCCESS,Player-4755-01614AC7,"Mirrimazduur-Dreadmist",0x512,0x0,0000000000000000,nil,0x80000000,0x80000000,11689,"Life Tap",0x20,Player-4755-01614AC7,0000000000000000,50,100,0,0,0,-1,0,0,0,2.24,-178.51,0,0.4581,68
4/28 18:50:17.077  SPELL_PERIODIC_HEAL,Player-4755-02045EF4,"Necrosini-Dreadmist",0x512,0x0,Player-4755-01ED7A64,"Sperzieboon-Dreadmist",0x514,0x0,10929,"Renew",0x2,Player-4755-01ED7A64,0000000000000000,100,100,0,0,0,-1,0,0,0,5.00,-185.75,0,0.1810,67,253,253,253,0,nil
4/28 18:50:17.130  RANGE_DAMAGE,Player-4755-020BD78D,"Lonehunter-Dreadmist",0x514,0x0,Creature-0-4457-249-1045-10184-000028665C,"Onyxia",0x10a48,0x0,75,"Auto Shot",0x1,Creature-0-4457-249-1045-10184-000028665C,0000000000000000,50,100,0,0,0,-1,0,0,0,24.88,-215.77,0,3.1056,63,426,540,-1,1,0,0,0,nil,nil,nil
4/28 18:50:17.148  SPELL_CAST_SUCCESS,Player-4755-0163DD9D,"Kaspais-Dreadmist",0x514,0x0,Creature-0-4457-249-1045-10184-000028665C,"Onyxia",0x10a48,0x0,10181,"Frostbolt",0x10,Player-4755-0163DD9D,0000000000000000,100,100,0,0,0,-1,0,0,0,-21.59,-193.96,0,5.9430,66
4/28 18:50:17.148  SPELL_AURA_REMOVED,Player-4755-021D6506,"Bloodlady-Dreadmist",0x514,0x0,Creature-0-4457-249-1045-11262-0002286CB9,"Onyxian Whelp",0xa48,0x0,10216,"Flamestrike",0x4,DEBUFF
4/28 18:50:17.148  SWING_DAMAGE,Creature-0-4457-249-1045-11262-0007A86CB9,"Onyxian Whelp",0xa48,0x0,Player-4755-01637B0A,"Pindle-Dreadmist",0x514,0x0,Creature-0-4457-249-1045-11262-0007A86CB9,0000000000000000,78,100,0,0,0,-1,0,0,0,-39.85,-239.74,0,3.7898,57,560,381,-1,1,0,0,0,1,nil,nil
4/28 18:50:17.148  UNIT_DIED,0000000000000000,nil,0x80000000,0x80000000,Player-4755-021D6506,"Bloodlady-Dreadmist",0x514,0x0
4/28 18:50:17.175  SPELL_AURA_APPLIED,Player-4755-01802FE5,"Angrybat-Dreadmist",0x514,0x0,Creature-0-4457-249-1045-11262-0006A86CB9,"Onyxian Whelp",0xa48,0x0,12579,"Winter's Chill",0x10,DEBUFF
4/28 18:50:17.175  SPELL_AURA_APPLIED,Player-4755-01802FE5,"Angrybat-Dreadmist",0x514,0x0,Creature-0-4457-249-1045-11262-0002A86CB9,"Onyxian Whelp",0xa48,0x0,12579,"Winter's Chill",0x10,DEBUFF
4/28 18:50:17.175  SPELL_AURA_APPLIED,Player-4755-01802FE5,"Angrybat-Dreadmist",0x514,0x0,Creature-0-4457-249-1045-11262-0001286CB9,"Onyxian Whelp",0xa48,0x0,12579,"Winter's Chill",0x10,DEBUFF
4/28 18:50:17.175  SPELL_AURA_APPLIED,Player-4755-01802FE5,"Angrybat-Dreadmist",0x514,0x0,Creature-0-4457-249-1045-11262-0000A86CBE,"Onyxian Whelp",0xa48,0x0,12579,"Winter's Chill",0x10,DEBUFF
4/28 18:50:17.175  SPELL_AURA_APPLIED,Player-4755-01802FE5,"Angrybat-Dreadmist",0x514,0x0,Creature-0-4457-249-1045-11262-0000A86CB9,"Onyxian Whelp",0xa48,0x0,12579,"Winter's Chill",0x10,DEBUFF
4/28 18:50:17.175  SPELL_AURA_REMOVED_DOSE,Player-4755-0160BD13,"Mafkees-Dreadmist",0x514,0x0,Player-4755-0160BD13,"Mafkees-Dreadmist",0x514,0x0,23888,"Bloodthirst",0x1,BUFF,3
4/28 18:50:17.175  SPELL_HEAL,Player-4755-0160BD13,"Mafkees-Dreadmist",0x514,0x0,Player-4755-0160BD13,"Mafkees-Dreadmist",0x514,0x0,23891,"Bloodthirst",0x1,Player-4755-0160BD13,0000000000000000,90,100,0,0,0,-1,0,0,0,-17.93,-202.74,0,0.1825,64,20,20,0,0,nil
4/28 18:50:17.175  SPELL_AURA_REMOVED_DOSE,Player-4755-0160BD13,"Mafkees-Dreadmist",0x514,0x0,Player-4755-0160BD13,"Mafkees-Dreadmist",0x514,0x0,23888,"Bloodthirst",0x1,BUFF,2
4/28 18:50:17.175  SPELL_HEAL,Player-4755-0160BD13,"Mafkees-Dreadmist",0x514,0x0,Player-4755-0160BD13,"Mafkees-Dreadmist",0x514,0x0,23891,"Bloodthirst",0x1,Player-4755-0160BD13,0000000000000000,90,100,0,0,0,-1,0,0,0,-17.93,-202.74,0,0.1825,64,20,20,0,0,nil
4/28 18:50:17.175  SPELL_AURA_REMOVED_DOSE,Player-4755-0160BD13,"Mafkees-Dreadmist",0x514,0x0,Player-4755-0160BD13,"Mafkees-Dreadmist",0x514,0x0,23888,"Bloodthirst",0x1,BUFF,1
4/28 18:50:17.175  SPELL_HEAL,Player-4755-0160BD13,"Mafkees-Dreadmist",0x514,0x0,Player-4755-0160BD13,"Mafkees-Dreadmist",0x514,0x0,23891,"Bloodthirst",0x1,Player-4755-0160BD13,0000000000000000,90,100,0,0,0,-1,0,0,0,-17.93,-202.74,0,0.1825,64,20,20,0,0,nil
4/28 18:50:17.175  SPELL_AURA_APPLIED,Player-4755-0160BD13,"Mafkees-Dreadmist",0x514,0x0,Player-4755-0160BD13,"Mafkees-Dreadmist",0x514,0x0,14204,"Enrage",0x1,BUFF
4/28 18:50:17.175  SWING_DAMAGE_LANDED,Creature-0-4457-249-1045-11262-0001286CB9,"Onyxian Whelp",0xa48,0x0,Player-4755-0160BD13,"Mafkees-Dreadmist",0x514,0x0,Player-4755-0160BD13,0000000000000000,79,100,0,0,0,-1,0,0,0,-17.93,-202.74,0,0.1825,64,568,456,-1,1,0,0,0,1,nil,nil
4/28 18:50:17.175  SPELL_AURA_REMOVED_DOSE,Player-4755-0160BD13,"Mafkees-Dreadmist",0x514,0x0,Player-4755-0160BD13,"Mafkees-Dreadmist",0x514,0x0,14204,"Enrage",0x1,BUFF,11
4/28 18:50:17.175  SPELL_HEAL,Player-4755-0160BD13,"Mafkees-Dreadmist",0x514,0x0,Player-4755-0160BD13,"Mafkees-Dreadmist",0x514,0x0,23891,"Bloodthirst",0x1,Player-4755-0160BD13,0000000000000000,79,100,0,0,0,-1,0,0,0,-17.93,-202.74,0,0.1825,64,20,20,0,0,nil
4/28 18:50:17.175  SPELL_AURA_REMOVED,Player-4755-0160BD13,"Mafkees-Dreadmist",0x514,0x0,Player-4755-0160BD13,"Mafkees-Dreadmist",0x514,0x0,23888,"Bloodthirst",0x1,BUFF
4/28 18:50:17.179  SPELL_AURA_REMOVED_DOSE,Player-4755-0160BD13,"Mafkees-Dreadmist",0x514,0x0,Player-4755-0160BD13,"Mafkees-Dreadmist",0x514,0x0,14204,"Enrage",0x1,BUFF,10
4/28 18:50:17.179  SPELL_AURA_REMOVED_DOSE,Player-4755-0160BD13,"Mafkees-Dreadmist",0x514,0x0,Player-4755-0160BD13,"Mafkees-Dreadmist",0x514,0x0,10610,"Windfury Totem",0x8,BUFF,1
4/28 18:50:17.179  SPELL_AURA_REMOVED_DOSE,Player-4755-0160BD13,"Mafkees-Dreadmist",0x514,0x0,Player-4755-0160BD13,"Mafkees-Dreadmist",0x514,0x0,12970,"Flurry",0x1,BUFF,2
4/28 18:50:17.179  SWING_DAMAGE_LANDED,Creature-0-4457-249-1045-11262-0002A86CB9,"Onyxian Whelp",0xa48,0x0,Player-4755-0160BD13,"Mafkees-Dreadmist",0x514,0x0,Player-4755-0160BD13,0000000000000000,73,100,0,0,0,-1,0,0,0,-17.93,-202.74,0,0.1825,64,286,460,-1,1,0,0,0,nil,nil,nil
4/28 18:50:17.179  SPELL_HEAL,Player-4755-01617EEE,"Fenix-Dreadmist",0x512,0x0,Player-4755-01840577,"Raggèn-Dreadmist",0x514,0x0,10916,"Flash Heal",0x2,Player-4755-01840577,0000000000000000,100,100,0,0,0,-1,0,0,0,-14.46,-175.69,0,3.9097,67,1093,1093,1093,0,nil
4/28 18:50:17.179  SPELL_ENERGIZE,Player-4755-01614AC7,"Mirrimazduur-Dreadmist",0x512,0x0,Player-4755-01614AC7,"Mirrimazduur-Dreadmist",0x512,0x0,31818,"Life Tap",0x20,Player-4755-01614AC7,0000000000000000,50,100,0,0,0,-1,0,0,0,3.11,-178.28,0,0.3717,68,855.0000,0.0000,0,5098
4/28 18:50:17.179  SWING_DAMAGE_LANDED,Creature-0-4457-249-1045-11262-0007A86CB9,"Onyxian Whelp",0xa48,0x0,Player-4755-01637B0A,"Pindle-Dreadmist",0x514,0x0,Player-4755-01637B0A,0000000000000000,57,100,0,0,0,-1,0,0,0,-36.64,-238.48,0,4.5528,65,560,381,-1,1,0,0,0,1,nil,nil
4/28 18:50:17.179  RANGE_DAMAGE,Player-4755-0178F576,"Atreas-Dreadmist",0x514,0x0,Creature-0-4457-249-1045-10184-000028665C,"Onyxia",0x10a48,0x0,75,"Auto Shot",0x1,Creature-0-4457-249-1045-10184-000028665C,0000000000000000,50,100,0,0,0,-1,0,0,0,24.88,-215.77,0,3.1056,63,945,504,-1,1,0,0,0,1,nil,nil
4/28 18:50:17.199  SPELL_CAST_START,Player-4755-0163DD9D,"Kaspais-Dreadmist",0x514,0x0,0000000000000000,nil,0x80000000,0x80000000,10181,"Frostbolt",0x10
4/28 18:50:17.220  SPELL_CAST_SUCCESS,Player-4755-01BC57A3,"Saintis-Dreadmist",0x511,0x0,Player-4755-01614AC7,"Mirrimazduur-Dreadmist",0x512,0x0,2061,"Flash Heal",0x2,Player-4755-01BC57A3,0000000000000000,100,100,0,0,0,-1,0,0,0,4.60,-195.67,0,3.2960,68
4/28 18:50:17.220  SPELL_CAST_START,Player-4755-01BC57A3,"Saintis-Dreadmist",0x511,0x0,0000000000000000,nil,0x80000000,0x80000000,10917,"Flash Heal",0x2
4/28 18:50:17.317  SPELL_CAST_START,Player-4755-01FA8DD8,"Roackerita-Dreadmist",0x514,0x0,0000000000000000,nil,0x80000000,0x80000000,2055,"Heal",0x2
4/28 18:50:17.335  SPELL_CAST_START,Player-4755-01F36B30,"Rectumqeef-Dreadmist",0x514,0x0,0000000000000000,nil,0x80000000,0x80000000,11661,"Shadow Bolt",0x20
4/28 18:50:17.352  SPELL_AURA_REMOVED,Player-4755-01617EEE,"Fenix-Dreadmist",0x512,0x0,Player-4755-01617EEE,"Fenix-Dreadmist",0x512,0x0,10942,"Fade",0x20,BUFF
4/28 18:50:17.454  SPELL_CAST_START,Player-4755-020BD78D,"Lonehunter-Dreadmist",0x514,0x0,0000000000000000,nil,0x80000000,0x80000000,20904,"Aimed Shot",0x1
4/28 18:50:17.454  SPELL_CAST_START,Player-4755-016296D3,"Nivl-Dreadmist",0x514,0x0,0000000000000000,nil,0x80000000,0x80000000,10605,"Chain Lightning",0x8
4/28 18:50:17.508  SPELL_PERIODIC_ENERGIZE,Creature-0-4457-249-1045-7416-0000286CBA,"Mana Spring Totem IV",0x2114,0x0,Player-4755-01ED7A64,"Sperzieboon-Dreadmist",0x514,0x0,10494,"Mana Spring",0x8,Player-4755-01ED7A64,0000000000000000,100,100,0,0,0,-1,0,0,0,6.46,-183.05,0,6.0512,67,12.0000,0.0000,0,7261
4/28 18:50:17.508  SWING_DAMAGE,Player-4755-01637B0A,"Pindle-Dreadmist",0x514,0x0,Creature-0-4457-249-1045-11262-0007A86CB9,"Onyxian Whelp",0xa48,0x0,Player-4755-01637B0A,0000000000000000,57,100,0,0,0,-1,0,0,0,-37.00,-240.41,0,3.1999,65,74,118,-1,1,0,0,0,nil,nil,nil
4/28 18:50:17.544  SPELL_PERIODIC_ENERGIZE,Player-4755-0220BD00,"Krikoff-Dreadmist",0x40514,0x0,Player-4755-0220BD00,"Krikoff-Dreadmist",0x40514,0x0,29131,"Bloodrage",0x1,Player-4755-0220BD00,0000000000000000,88,100,0,0,0,-1,0,0,0,28.27,-214.82,0,0.7383,68,1.0000,0.0000,1,1000
4/28 18:50:17.568  SPELL_HEAL,Player-4755-01BC57A3,"Saintis-Dreadmist",0x511,0x0,Player-4755-01614AC7,"Mirrimazduur-Dreadmist",0x512,0x0,2061,"Flash Heal",0x2,Player-4755-01614AC7,0000000000000000,63,100,0,0,0,-1,0,0,0,5.82,-177.81,0,6.1044,68,550,550,0,0,nil
4/28 18:50:17.568  SWING_DAMAGE_LANDED,Player-4755-01637B0A,"Pindle-Dreadmist",0x514,0x0,Creature-0-4457-249-1045-11262-0007A86CB9,"Onyxian Whelp",0xa48,0x0,Creature-0-4457-249-1045-11262-0007A86CB9,0000000000000000,76,100,0,0,0,-1,0,0,0,-36.72,-239.76,0,6.2788,57,74,118,-1,1,0,0,0,nil,nil,nil
4/28 18:50:17.619  SPELL_PERIODIC_ENERGIZE,Creature-0-4457-249-1045-7416-0000286CBA,"Mana Spring Totem IV",0x2114,0x0,Player-4755-01804B95,"Moymoy-Dreadmist",0x514,0x0,10494,"Mana Spring",0x8,Player-4755-01804B95,0000000000000000,100,100,0,0,0,-1,0,0,0,13.46,-179.10,0,4.6602,66,12.0000,0.0000,0,5366
4/28 18:50:17.619  SWING_DAMAGE,Player-4755-0178F416,"Eltorero-Dreadmist",0x514,0x0,Creature-0-4457-249-1045-11262-0002286CB9,"Onyxian Whelp",0xa48,0x0,Player-4755-0178F416,0000000000000000,87,100,0,0,0,-1,0,0,0,-39.00,-237.29,0,5.2140,67,799,647,586,1,0,0,0,1,nil,nil
4/28 18:50:17.619  SPELL_CAST_START,Player-4755-02045EF4,"Necrosini-Dreadmist",0x512,0x0,0000000000000000,nil,0x80000000,0x80000000,6064,"Heal",0x2
4/28 18:50:17.658  SPELL_PERIODIC_HEAL,Player-4755-01FA8DD8,"Roackerita-Dreadmist",0x514,0x0,Player-4755-0220BD00,"Krikoff-Dreadmist",0x40514,0x0,6078,"Renew",0x2,Player-4755-0220BD00,0000000000000000,92,100,0,0,0,-1,0,0,0,28.27,-214.82,0,0.7383,68,236,236,0,0,nil
4/28 18:50:17.676  SPELL_CAST_START,Player-4755-0178F576,"Atreas-Dreadmist",0x514,0x0,0000000000000000,nil,0x80000000,0x80000000,75,"Auto Shot",0x1
4/28 18:50:17.712  SWING_DAMAGE,Player-4755-01AC9FD9,"Alexinho-Dreadmist",0x514,0x0,Creature-0-4457-249-1045-11262-0007286CB9,"Onyxian Whelp",0xa48,0x0,Player-4755-01AC9FD9,0000000000000000,93,100,0,0,0,-1,0,0,0,-9.91,-188.08,0,4.0789,66,208,335,-1,1,0,0,0,nil,nil,nil
4/28 18:50:17.730  SPELL_PERIODIC_DAMAGE,Player-4755-0178F416,"Eltorero-Dreadmist",0x514,0x0,Creature-0-4457-249-1045-11262-0002286CB9,"Onyxian Whelp",0xa48,0x0,12721,"Deep Wound",0x1,Creature-0-4457-249-1045-11262-0002286CB9,0000000000000000,4,100,0,0,0,-1,0,0,0,-39.70,-241.35,0,2.4183,57,102,101,-1,1,0,0,0,nil,nil,nil
4/28 18:50:17.730  SPELL_CAST_START,Player-4755-01FA8D0D,"Roackeru-Dreadmist",0x514,0x0,0000000000000000,nil,0x80000000,0x80000000,11661,"Shadow Bolt",0x20
4/28 18:50:17.730  SPELL_PERIODIC_HEAL,Player-4755-02045EF4,"Necrosini-Dreadmist",0x512,0x0,Player-4755-01840577,"Raggèn-Dreadmist",0x514,0x0,10929,"Renew",0x2,Player-4755-01840577,0000000000000000,100,100,0,0,0,-1,0,0,0,-14.31,-175.55,0,3.9097,67,254,254,254,0,nil
4/28 18:50:17.778  SPELL_PERIODIC_ENERGIZE,Player-4755-01802FE5,"Angrybat-Dreadmist",0x514,0x0,Player-4755-01802FE5,"Angrybat-Dreadmist",0x514,0x0,18194,"Mana Regeneration",0x1,Player-4755-01802FE5,0000000000000000,44,100,0,0,0,-1,0,0,0,-15.38,-212.50,0,1.4563,66,8.0000,0.0000,0,6033
4/28 18:50:17.799  SPELL_CAST_SUCCESS,Player-4755-01804B95,"Moymoy-Dreadmist",0x514,0x0,Player-4755-01802FE5,"Angrybat-Dreadmist",0x514,0x0,939,"Healing Wave",0x8,Player-4755-01804B95,0000000000000000,100,100,0,0,0,-1,0,0,0,13.46,-179.10,0,4.6602,66
4/28 18:50:17.799  SPELL_CAST_START,Player-4755-01804B95,"Moymoy-Dreadmist",0x514,0x0,0000000000000000,nil,0x80000000,0x80000000,939,"Healing Wave",0x8
4/28 18:50:17.851  SWING_DAMAGE,Player-4755-01637B0A,"Pindle-Dreadmist",0x514,0x0,Creature-0-4457-249-1045-11262-0007A86CB9,"Onyxian Whelp",0xa48,0x0,Player-4755-01637B0A,0000000000000000,57,100,0,0,0,-1,0,0,0,-37.08,-240.27,0,2.7403,65,145,233,-1,1,0,0,0,nil,nil,nil
4/28 18:50:17.888  SWING_DAMAGE,Player-4755-01AC9FD9,"Alexinho-Dreadmist",0x514,0x0,Creature-0-4457-249-1045-11262-0007286CB9,"Onyxian Whelp",0xa48,0x0,Player-4755-01AC9FD9,0000000000000000,93,100,0,0,0,-1,0,0,0,-10.71,-189.17,0,4.0789,66,105,169,-1,1,0,0,0,nil,nil,nil
4/28 18:50:17.965  SPELL_AURA_REMOVED,Player-4755-021D6506,"Bloodlady-Dreadmist",0x514,0x0,Creature-0-4457-249-1045-11262-0007A86CB9,"Onyxian Whelp",0xa48,0x0,10216,"Flamestrike",0x4,DEBUFF
4/28 18:50:17.965  SPELL_AURA_REMOVED,Player-4755-021D6506,"Bloodlady-Dreadmist",0x514,0x0,Creature-0-4457-249-1045-11262-0008286CB9,"Onyxian Whelp",0xa48,0x0,10216,"Flamestrike",0x4,DEBUFF
4/28 18:50:17.965  SPELL_EXTRA_ATTACKS,Player-4755-01637B0A,"Pindle-Dreadmist",0x514,0x0,Player-4755-01637B0A,"Pindle-Dreadmist",0x514,0x0,15601,"Hand of Justice",0x1,1
4/28 18:50:17.965  SPELL_AURA_REMOVED,Player-4755-01733879,"Hocwar-Dreadmist",0x40514,0x0,Creature-0-4457-249-1045-11262-0002286CB9,"Onyxian Whelp",0xa48,0x0,11556,"Demoralizing Shout",0x1,DEBUFF
4/28 18:50:17.965  SPELL_AURA_REMOVED,Player-4755-021D6506,"Bloodlady-Dreadmist",0x514,0x0,Creature-0-4457-249-1045-11262-0002286CB9,"Onyxian Whelp",0xa48,0x0,10161,"Cone of Cold",0x10,DEBUFF
4/28 18:50:17.965  SPELL_AURA_REMOVED,Player-4755-0178F416,"Eltorero-Dreadmist",0x514,0x0,Creature-0-4457-249-1045-11262-0002286CB9,"Onyxian Whelp",0xa48,0x0,12721,"Deep Wound",0x1,DEBUFF
4/28 18:50:17.965  SWING_DAMAGE_LANDED,Player-4755-0178F416,"Eltorero-Dreadmist",0x514,0x0,Creature-0-4457-249-1045-11262-0002286CB9,"Onyxian Whelp",0xa48,0x0,Creature-0-4457-249-1045-11262-0002286CB9,0000000000000000,0,100,0,0,0,-1,0,0,0,-39.70,-241.35,0,2.4183,57,799,647,688,1,0,0,0,1,nil,nil
4/28 18:50:17.965  SWING_DAMAGE_LANDED,Player-4755-01AC9FD9,"Alexinho-Dreadmist",0x514,0x0,Creature-0-4457-249-1045-11262-0007286CB9,"Onyxian Whelp",0xa48,0x0,Creature-0-4457-249-1045-11262-0007286CB9,0000000000000000,81,100,0,0,0,-1,0,0,0,-14.11,-194.45,0,3.7454,56,208,335,-1,1,0,0,0,nil,nil,nil
4/28 18:50:17.965  SPELL_HEAL,Player-4755-01804B95,"Moymoy-Dreadmist",0x514,0x0,Player-4755-01802FE5,"Angrybat-Dreadmist",0x514,0x0,939,"Healing Wave",0x8,Player-4755-01802FE5,0000000000000000,70,100,0,0,0,-1,0,0,0,-16.26,-211.40,0,1.4563,66,855,855,0,0,nil
4/28 18:50:17.965  SPELL_AURA_APPLIED,Player-4755-01804B95,"Moymoy-Dreadmist",0x514,0x0,Player-4755-01802FE5,"Angrybat-Dreadmist",0x514,0x0,29203,"Healing Way",0x2,BUFF
4/28 18:50:17.965  SWING_DAMAGE_LANDED,Player-4755-01637B0A,"Pindle-Dreadmist",0x514,0x0,Creature-0-4457-249-1045-11262-0007A86CB9,"Onyxian Whelp",0xa48,0x0,Creature-0-4457-249-1045-11262-0007A86CB9,0000000000000000,70,100,0,0,0,-1,0,0,0,-36.72,-239.76,0,6.2788,57,145,233,-1,1,0,0,0,nil,nil,nil
4/28 18:50:17.965  SWING_DAMAGE_LANDED,Player-4755-01AC9FD9,"Alexinho-Dreadmist",0x514,0x0,Creature-0-4457-249-1045-11262-0007286CB9,"Onyxian Whelp",0xa48,0x0,Creature-0-4457-249-1045-11262-0007286CB9,0000000000000000,77,100,0,0,0,-1,0,0,0,-14.11,-194.45,0,3.7454,56,105,169,-1,1,0,0,0,nil,nil,nil
4/28 18:50:17.965  SPELL_DAMAGE,Player-4755-01AC9FD9,"Alexinho-Dreadmist",0x514,0x0,Creature-0-4457-249-1045-11262-0007286CB9,"Onyxian Whelp",0xa48,0x0,11337,"Instant Poison VI",0x8,Creature-0-4457-249-1045-11262-0007286CB9,0000000000000000,72,100,0,0,0,-1,0,0,0,-14.11,-194.45,0,3.7454,56,115,115,-1,8,0,0,0,nil,nil,nil
4/28 18:50:17.965  SWING_MISSED,Creature-0-4457-249-1045-11262-0005A86CB9,"Onyxian Whelp",0xa48,0x0,Player-4755-01840577,"Raggèn-Dreadmist",0x514,0x0,DODGE,nil
4/28 18:50:17.993  SWING_DAMAGE,Player-4755-01637B0A,"Pindle-Dreadmist",0x514,0x0,Creature-0-4457-249-1045-11262-0007A86CB9,"Onyxian Whelp",0xa48,0x0,Player-4755-01637B0A,0000000000000000,57,100,0,0,0,-1,0,0,0,-36.59,-239.40,0,2.6562,65,150,243,-1,1,0,0,0,nil,nil,nil
4/28 18:50:18.028  SPELL_CAST_SUCCESS,Player-4755-0210153A,"Hapuseneb-Dreadmist",0x514,0x0,Player-4755-01FA8D0D,"Roackeru-Dreadmist",0x514,0x0,2053,"Lesser Heal",0x2,Player-4755-0210153A,0000000000000000,100,100,0,0,0,-1,0,0,0,-4.50,-234.33,0,3.2162,66
4/28 18:50:18.063  SPELL_CAST_SUCCESS,Player-4755-015FEBD5,"Sauvage-Dreadmist",0x514,0x0,0000000000000000,nil,0x80000000,0x80000000,10230,"Frost Nova",0x10,Player-4755-015FEBD5,0000000000000000,100,100,0,0,0,-1,0,0,0,-6.39,-197.65,0,3.3874,64
4/28 18:50:18.098  SPELL_CAST_SUCCESS,Player-4755-0178F576,"Atreas-Dreadmist",0x514,0x0,Creature-0-4457-249-1045-10184-000028665C,"Onyxia",0x10a48,0x0,75,"Auto Shot",0x1,Player-4755-0178F576,0000000000000000,94,100,0,0,0,-1,0,0,0,-28.81,-189.82,0,5.8330,66
4/28 18:50:18.169  SPELL_AURA_REMOVED,Player-4755-0160BD13,"Mafkees-Dreadmist",0x514,0x0,Player-4755-0160BD13,"Mafkees-Dreadmist",0x514,0x0,10610,"Windfury Totem",0x8,BUFF
4/28 18:50:18.205  SWING_DAMAGE,Creature-0-4457-249-1045-11262-0007286CB9,"Onyxian Whelp",0xa48,0x0,Player-4755-0160BD13,"Mafkees-Dreadmist",0x514,0x0,Creature-0-4457-249-1045-11262-0007286CB9,0000000000000000,72,100,0,0,0,-1,0,0,0,-14.91,-195.00,0,3.7454,56,225,361,-1,1,0,0,0,nil,nil,nil
4/28 18:50:18.205  SPELL_CAST_SUCCESS,Player-4755-01617EEE,"Fenix-Dreadmist",0x512,0x0,Player-4755-01802FE5,"Angrybat-Dreadmist",0x514,0x0,10916,"Flash Heal",0x2,Player-4755-01617EEE,0000000000000000,100,100,0,0,0,-1,0,0,0,-5.20,-187.82,0,1.3559,66
4/28 18:50:18.205  SPELL_CAST_START,Player-4755-01617EEE,"Fenix-Dreadmist",0x512,0x0,0000000000000000,nil,0x80000000,0x80000000,10916,"Flash Heal",0x2
4/28 18:50:18.242  SPELL_AURA_APPLIED,Player-4755-01840577,"Raggèn-Dreadmist",0x514,0x0,Player-4755-01840577,"Raggèn-Dreadmist",0x514,0x0,20007,"Holy Strength",0x2,BUFF
4/28 18:50:18.242  SPELL_HEAL,Player-4755-01840577,"Raggèn-Dreadmist",0x514,0x0,Player-4755-01840577,"Raggèn-Dreadmist",0x514,0x0,20007,"Holy Strength",0x2,Player-4755-01840577,0000000000000000,100,100,0,0,0,-1,0,0,0,-14.31,-175.55,0,3.9097,67,77,77,77,0,nil
4/28 18:50:18.242  SWING_DAMAGE,Player-4755-01840577,"Raggèn-Dreadmist",0x514,0x0,Creature-0-4457-249-1045-11262-0005A86CB9,"Onyxian Whelp",0xa48,0x0,Player-4755-01840577,0000000000000000,100,100,0,0,0,-1,0,0,0,-14.31,-175.55,0,3.9097,67,359,577,-1,1,0,0,0,nil,nil,nil
4/28 18:50:18.262  SPELL_PERIODIC_ENERGIZE,Creature-0-4457-249-1045-7416-0000286CBA,"Mana Spring Totem IV",0x2114,0x0,Player-4755-01FA8DD8,"Roackerita-Dreadmist",0x514,0x0,10494,"Mana Spring",0x8,Player-4755-01FA8DD8,0000000000000000,100,100,0,0,0,-1,0,0,0,-9.35,-191.75,0,0.7695,69,12.0000,0.0000,0,6736
4/28 18:50:18.262  SPELL_AURA_REMOVED,Player-4755-0160BD13,"Mafkees-Dreadmist",0x514,0x0,Player-4755-0160BD13,"Mafkees-Dreadmist",0x514,0x0,11551,"Battle Shout",0x1,BUFF
4/28 18:50:18.364  SPELL_PERIODIC_DAMAGE,Player-4755-01A6B139,"Sakatan-Dreadmist",0x514,0x0,Creature-0-4457-249-1045-10184-000028665C,"Onyxia",0x10a48,0x0,11275,"Rupture",0x1,Creature-0-4457-249-1045-10184-000028665C,0000000000000000,50,100,0,0,0,-1,0,0,0,24.88,-215.77,0,3.1056,63,125,125,-1,1,0,0,0,nil,nil,nil
4/28 18:50:18.364  SPELL_AURA_REMOVED,Player-4755-0160BD13,"Mafkees-Dreadmist",0x514,0x0,Player-4755-0178F576,"Atreas-Dreadmist",0x514,0x0,11551,"Battle Shout",0x1,BUFF
4/28 18:50:18.364  SPELL_AURA_REMOVED,Player-4755-0160BD13,"Mafkees-Dreadmist",0x514,0x0,Player-4755-016296D3,"Nivl-Dreadmist",0x514,0x0,11551,"Battle Shout",0x1,BUFF
4/28 18:50:18.364  SPELL_AURA_REMOVED,Player-4755-0160BD13,"Mafkees-Dreadmist",0x514,0x0,Pet-0-4457-249-1045-2850-01001956F9,"Kratos",0x1114,0x0,11551,"Battle Shout",0x1,BUFF
4/28 18:50:18.364  SPELL_AURA_REMOVED,Player-4755-0160BD13,"Mafkees-Dreadmist",0x514,0x0,Player-4755-01AC9FD9,"Alexinho-Dreadmist",0x514,0x0,11551,"Battle Shout",0x1,BUFF
4/28 18:50:18.386  SPELL_CAST_SUCCESS,Pet-0-4457-249-1045-7432-01002D8BC6,"Cat",0x1114,0x0,Creature-0-4457-249-1045-10184-000028665C,"Onyxia",0x10a48,0x0,17261,"Bite",0x1,Pet-0-4457-249-1045-7432-01002D8BC6,Player-4755-01E83279,100,100,0,0,0,-1,0,0,0,13.13,-215.17,0,6.2034,70
4/28 18:50:18.386  UNIT_DIED,0000000000000000,nil,0x80000000,0x80000000,Creature-0-4457-249-1045-11262-0002286CB9,"Onyxian Whelp",0xa48,0x0
4/28 18:50:18.386  SPELL_AURA_REMOVED_DOSE,Player-4755-0178F416,"Eltorero-Dreadmist",0x514,0x0,Player-4755-0178F416,"Eltorero-Dreadmist",0x514,0x0,12970,"Flurry",0x1,BUFF,2
4/28 18:50:18.386  SPELL_AURA_APPLIED_DOSE,Player-4755-0178F416,"Eltorero-Dreadmist",0x514,0x0,Player-4755-0178F416,"Eltorero-Dreadmist",0x514,0x0,12970,"Flurry",0x1,BUFF,3
4/28 18:50:18.386  SWING_DAMAGE_LANDED,Player-4755-01637B0A,"Pindle-Dreadmist",0x514,0x0,Creature-0-4457-249-1045-11262-0007A86CB9,"Onyxian Whelp",0xa48,0x0,Creature-0-4457-249-1045-11262-0007A86CB9,0000000000000000,65,100,0,0,0,-1,0,0,0,-35.51,-236.59,0,1.2060,57,150,243,-1,1,0,0,0,nil,nil,nil
4/28 18:50:18.386  SPELL_HEAL,Player-4755-0210153A,"Hapuseneb-Dreadmist",0x514,0x0,Player-4755-01FA8D0D,"Roackeru-Dreadmist",0x514,0x0,2053,"Lesser Heal",0x2,Player-4755-01FA8D0D,0000000000000000,96,100,0,0,0,-1,0,0,0,0.06,-252.89,0,1.2173,65,637,637,0,0,1
4/28 18:50:18.386  SPELL_DAMAGE,Player-4755-015FEBD5,"Sauvage-Dreadmist",0x514,0x0,Creature-0-4457-249-1045-11262-0007286CB9,"Onyxian Whelp",0xa48,0x0,10230,"Frost Nova",0x10,Creature-0-4457-249-1045-11262-0007286CB9,0000000000000000,69,100,0,0,0,-1,0,0,0,-15.46,-195.29,0,1.9624,56,99,99,-1,16,0,0,0,nil,nil,nil
4/28 18:50:18.386  SPELL_AURA_REMOVED,Player-4755-01802FE5,"Angrybat-Dreadmist",0x514,0x0,Creature-0-4457-249-1045-11262-0006A86CB9,"Onyxian Whelp",0xa48,0x0,122,"Frost Nova",0x10,DEBUFF
4/28 18:50:18.386  SPELL_DAMAGE,Player-4755-015FEBD5,"Sauvage-Dreadmist",0x514,0x0,Creature-0-4457-249-1045-11262-0006A86CB9,"Onyxian Whelp",0xa48,0x0,10230,"Frost Nova",0x10,Creature-0-4457-249-1045-11262-0006A86CB9,0000000000000000,83,100,0,0,0,-1,0,0,0,-13.34,-200.09,0,2.6723,56,92,92,-1,16,0,0,0,nil,nil,nil
4/28 18:50:18.386  SPELL_DAMAGE,Player-4755-015FEBD5,"Sauvage-Dreadmist",0x514,0x0,Creature-0-4457-249-1045-11262-0002A86CB9,"Onyxian Whelp",0xa48,0x0,10230,"Frost Nova",0x10,Creature-0-4457-249-1045-11262-0002A86CB9,0000000000000000,81,100,0,0,0,-1,0,0,0,-16.90,-201.16,0,5.5895,56,92,92,-1,16,0,0,0,nil,nil,nil
4/28 18:50:18.386  SPELL_DAMAGE,Player-4755-015FEBD5,"Sauvage-Dreadmist",0x514,0x0,Creature-0-4457-249-1045-11262-0001286CB9,"Onyxian Whelp",0xa48,0x0,10230,"Frost Nova",0x10,Creature-0-4457-249-1045-11262-0001286CB9,0000000000000000,82,100,0,0,0,-1,0,0,0,-16.65,-200.94,0,5.5109,56,96,96,-1,16,0,0,0,nil,nil,nil
4/28 18:50:18.386  SPELL_AURA_REMOVED,Player-4755-01802FE5,"Angrybat-Dreadmist",0x514,0x0,Creature-0-4457-249-1045-11262-0000A86CBE,"Onyxian Whelp",0xa48,0x0,122,"Frost Nova",0x10,DEBUFF
4/28 18:50:18.386  SPELL_DAMAGE,Player-4755-015FEBD5,"Sauvage-Dreadmist",0x514,0x0,Creature-0-4457-249-1045-11262-0000A86CBE,"Onyxian Whelp",0xa48,0x0,10230,"Frost Nova",0x10,Creature-0-4457-249-1045-11262-0000A86CBE,0000000000000000,68,100,0,0,0,-1,0,0,0,-15.85,-200.47,0,2.3577,57,97,97,-1,16,0,0,0,nil,nil,nil
4/28 18:50:18.386  SPELL_DAMAGE,Player-4755-015FEBD5,"Sauvage-Dreadmist",0x514,0x0,Creature-0-4457-249-1045-11262-0000A86CB9,"Onyxian Whelp",0xa48,0x0,10230,"Frost Nova",0x10,Creature-0-4457-249-1045-11262-0000A86CB9,0000000000000000,94,100,0,0,0,-1,0,0,0,-12.99,-199.38,0,4.5638,56,100,100,-1,16,0,0,0,nil,nil,nil
4/28 18:50:18.386  SPELL_AURA_REMOVED,Player-4755-01802FE5,"Angrybat-Dreadmist",0x514,0x0,Creature-0-4457-249-1045-11262-0000A86CB9,"Onyxian Whelp",0xa48,0x0,122,"Frost Nova",0x10,DEBUFF
4/28 18:50:18.386  SPELL_AURA_APPLIED,Player-4755-015FEBD5,"Sauvage-Dreadmist",0x514,0x0,Creature-0-4457-249-1045-11262-0000A86CB9,"Onyxian Whelp",0xa48,0x0,10230,"Frost Nova",0x10,DEBUFF
4/28 18:50:18.386  SPELL_AURA_APPLIED,Player-4755-015FEBD5,"Sauvage-Dreadmist",0x514,0x0,Creature-0-4457-249-1045-11262-0000A86CBE,"Onyxian Whelp",0xa48,0x0,10230,"Frost Nova",0x10,DEBUFF
4/28 18:50:18.386  SPELL_AURA_REMOVED,Player-4755-01802FE5,"Angrybat-Dreadmist",0x514,0x0,Creature-0-4457-249-1045-11262-0001286CB9,"Onyxian Whelp",0xa48,0x0,122,"Frost Nova",0x10,DEBUFF
4/28 18:50:18.386  SPELL_AURA_APPLIED,Player-4755-015FEBD5,"Sauvage-Dreadmist",0x514,0x0,Creature-0-4457-249-1045-11262-0001286CB9,"Onyxian Whelp",0xa48,0x0,10230,"Frost Nova",0x10,DEBUFF
4/28 18:50:18.386  SPELL_AURA_REMOVED,Player-4755-01802FE5,"Angrybat-Dreadmist",0x514,0x0,Creature-0-4457-249-1045-11262-0002A86CB9,"Onyxian Whelp",0xa48,0x0,122,"Frost Nova",0x10,DEBUFF
4/28 18:50:18.386  SPELL_AURA_APPLIED,Player-4755-015FEBD5,"Sauvage-Dreadmist",0x514,0x0,Creature-0-4457-249-1045-11262-0002A86CB9,"Onyxian Whelp",0xa48,0x0,10230,"Frost Nova",0x10,DEBUFF
4/28 18:50:18.386  SPELL_AURA_APPLIED,Player-4755-015FEBD5,"Sauvage-Dreadmist",0x514,0x0,Creature-0-4457-249-1045-11262-0006A86CB9,"Onyxian Whelp",0xa48,0x0,10230,"Frost Nova",0x10,DEBUFF
4/28 18:50:18.386  SPELL_AURA_APPLIED,Player-4755-015FEBD5,"Sauvage-Dreadmist",0x514,0x0,Creature-0-4457-249-1045-11262-0007286CB9,"Onyxian Whelp",0xa48,0x0,10230,"Frost Nova",0x10,DEBUFF
4/28 18:50:18.386  SWING_DAMAGE_LANDED,Creature-0-4457-249-1045-11262-0007286CB9,"Onyxian Whelp",0xa48,0x0,Player-4755-0160BD13,"Mafkees-Dreadmist",0x514,0x0,Player-4755-0160BD13,0000000000000000,68,100,0,0,0,-1,0,0,0,-19.35,-196.91,0,0.0181,64,225,361,-1,1,0,0,0,nil,nil,nil
4/28 18:50:18.386  SPELL_HEAL,Player-4755-01617EEE,"Fenix-Dreadmist",0x512,0x0,Player-4755-01802FE5,"Angrybat-Dreadmist",0x514,0x0,10916,"Flash Heal",0x2,Player-4755-01802FE5,0000000000000000,100,100,0,0,0,-1,0,0,0,-17.24,-208.68,0,1.2678,66,1021,1021,24,0,nil
4/28 18:50:18.386  SWING_DAMAGE_LANDED,Player-4755-01840577,"Raggèn-Dreadmist",0x514,0x0,Creature-0-4457-249-1045-11262-0005A86CB9,"Onyxian Whelp",0xa48,0x0,Creature-0-4457-249-1045-11262-0005A86CB9,0000000000000000,23,100,0,0,0,-1,0,0,0,-15.39,-176.65,0,2.6749,56,359,577,-1,1,0,0,0,nil,nil,nil
4/28 18:50:18.386  SPELL_DAMAGE,Pet-0-4457-249-1045-7432-01002D8BC6,"Cat",0x1114,0x0,Creature-0-4457-249-1045-10184-000028665C,"Onyxia",0x10a48,0x0,17261,"Bite",0x1,Creature-0-4457-249-1045-10184-000028665C,0000000000000000,50,100,0,0,0,-1,0,0,0,24.88,-215.77,0,3.1056,63,224,141,-1,1,0,0,0,1,nil,nil
4/28 18:50:18.386  SWING_MISSED,Player-4755-01733879,"Hocwar-Dreadmist",0x40514,0x0,Creature-0-4457-249-1045-11262-0000286CBE,"Onyxian Whelp",0xa48,0x0,MISS,nil
4/28 18:50:18.386  SPELL_CAST_SUCCESS,Player-4755-01E83279,"Nlmasters-Dreadmist",0x514,0x8,Creature-0-4457-249-1045-10184-000028665C,"Onyxia",0x10a48,0x0,20904,"Aimed Shot",0x1,Player-4755-01E83279,0000000000000000,100,100,0,0,0,-1,0,0,0,-25.18,-194.93,0,5.8887,70
4/28 18:50:18.456  SPELL_CAST_SUCCESS,Player-4755-01802FE5,"Angrybat-Dreadmist",0x514,0x0,0000000000000000,nil,0x80000000,0x80000000,10161,"Cone of Cold",0x10,Player-4755-01802FE5,0000000000000000,100,100,0,0,0,-1,0,0,0,-17.07,-208.16,0,1.2678,66
4/28 18:50:18.501  SWING_DAMAGE,Player-4755-01733879,"Hocwar-Dreadmist",0x40514,0x0,Creature-0-4457-249-1045-11262-0000286CBE,"Onyxian Whelp",0xa48,0x0,Player-4755-01733879,0000000000000000,34,100,0,0,0,-1,0,0,0,-29.77,-248.70,0,3.2575,71,169,136,-1,1,0,0,0,1,nil,nil
4/28 18:50:18.520  SPELL_CAST_START,Player-4755-01E83279,"Nlmasters-Dreadmist",0x514,0x8,0000000000000000,nil,0x80000000,0x80000000,75,"Auto Shot",0x1
4/28 18:50:18.520  SPELL_CAST_START,Player-4755-01ED7A64,"Sperzieboon-Dreadmist",0x514,0x0,0000000000000000,nil,0x80000000,0x80000000,10917,"Flash Heal",0x2
4/28 18:50:18.540  SPELL_PERIODIC_ENERGIZE,Player-4755-0220BD00,"Krikoff-Dreadmist",0x40514,0x0,Player-4755-0220BD00,"Krikoff-Dreadmist",0x40514,0x0,29131,"Bloodrage",0x1,Player-4755-0220BD00,0000000000000000,92,100,0,0,0,-1,0,0,0,27.65,-215.38,0,0.4948,68,1.0000,0.0000,1,1000
4/28 18:50:18.540  SPELL_CAST_SUCCESS,Creature-0-4457-249-1045-10184-000028665C,"Onyxia",0x10a48,0x0,Pet-0-4457-249-1045-7432-01002D8BC6,"Cat",0x1114,0x0,18392,"Fireball",0x4,Creature-0-4457-249-1045-10184-000028665C,0000000000000000,50,100,0,0,0,-1,0,0,0,24.88,-215.77,0,3.1056,63
4/28 18:50:18.540  SPELL_CAST_START,Player-4755-01614AC7,"Mirrimazduur-Dreadmist",0x512,0x0,0000000000000000,nil,0x80000000,0x80000000,11661,"Shadow Bolt",0x20
4/28 18:50:18.540  SPELL_CAST_SUCCESS,Player-4755-01A6B139,"Sakatan-Dreadmist",0x514,0x0,Creature-0-4457-249-1045-10184-000028665C,"Onyxia",0x10a48,0x0,11281,"Backstab",0x1,Player-4755-01A6B139,0000000000000000,100,100,0,0,0,-1,0,0,0,30.62,-211.31,0,3.1855,69
4/28 18:50:18.581  SPELL_CAST_START,Player-4755-01B60A5F,"Zurok-Dreadmist",0x514,0x0,0000000000000000,nil,0x80000000,0x80000000,14290,"Multi-Shot",0x1
4/28 18:50:18.581  SPELL_PERIODIC_ENERGIZE,Creature-0-4457-249-1045-7416-0000286CC9,"Mana Spring Totem IV",0x2114,0x0,Player-4755-0178F576,"Atreas-Dreadmist",0x514,0x0,10494,"Mana Spring",0x8,Player-4755-0178F576,0000000000000000,94,100,0,0,0,-1,0,0,0,-28.81,-189.82,0,5.8330,66,10.0000,0.0000,0,3765
4/28 18:50:18.581  SPELL_PERIODIC_ENERGIZE,Creature-0-4457-249-1045-7416-0000286CC9,"Mana Spring Totem IV",0x2114,0x0,Player-4755-016296D3,"Nivl-Dreadmist",0x514,0x0,10494,"Mana Spring",0x8,Player-4755-016296D3,0000000000000000,95,100,0,0,0,-1,0,0,0,-11.86,-186.52,0,4.5764,69,10.0000,0.0000,0,5845
4/28 18:50:18.628  SPELL_CAST_SUCCESS,Player-4755-01BC57A3,"Saintis-Dreadmist",0x511,0x0,Player-4755-01802FE5,"Angrybat-Dreadmist",0x514,0x0,10917,"Flash Heal",0x2,Player-4755-01BC57A3,0000000000000000,100,100,0,0,0,-1,0,0,0,4.60,-195.67,0,3.2960,68
4/28 18:50:18.648  SPELL_CAST_SUCCESS,Player-4755-01637B0A,"Pindle-Dreadmist",0x514,0x0,Creature-0-4457-249-1045-11262-0007A86CB9,"Onyxian Whelp",0xa48,0x0,11294,"Sinister Strike",0x1,Player-4755-01637B0A,0000000000000000,57,100,0,0,0,-1,0,0,0,-38.38,-236.84,0,5.0908,65
4/28 18:50:18.648  SPELL_CAST_START,Player-4755-0210153A,"Hapuseneb-Dreadmist",0x514,0x0,0000000000000000,nil,0x80000000,0x80000000,10917,"Flash Heal",0x2
4/28 18:50:18.688  SPELL_CAST_SUCCESS,Player-4755-0178F416,"Eltorero-Dreadmist",0x514,0x0,Creature-0-4457-249-1045-11262-0008286CB9,"Onyxian Whelp",0xa48,0x0,23894,"Bloodthirst",0x1,Player-4755-0178F416,0000000000000000,87,100,0,0,0,-1,0,0,0,-39.41,-237.96,0,5.3592,67
4/28 18:50:18.706  SWING_DAMAGE,Player-4755-016DF694,"Ashalan-Dreadmist",0x514,0x0,Creature-0-4457-249-1045-11262-0005A86CB9,"Onyxian Whelp",0xa48,0x0,Player-4755-016DF694,0000000000000000,100,100,0,0,0,-1,0,0,0,-11.32,-175.23,0,3.8060,67,769,618,147,1,0,0,0,1,nil,nil
4/28 18:50:18.723  SWING_DAMAGE,Creature-0-4457-249-1045-11262-0008A86CB9,"Onyxian Whelp",0xa48,0x0,Creature-0-4457-249-1045-7399-0000286CD4,"Stoneclaw Totem VI",0x2114,0x0,Creature-0-4457-249-1045-11262-0008A86CB9,0000000000000000,100,100,0,0,0,-1,0,0,0,-22.30,-184.62,0,1.6658,56,236,399,218,1,0,0,0,nil,nil,nil
4/28 18:50:18.757  SWING_DAMAGE,Creature-0-4457-249-1045-11262-0001286CB9,"Onyxian Whelp",0xa48,0x0,Player-4755-0160BD13,"Mafkees-Dreadmist",0x514,0x0,Creature-0-4457-249-1045-11262-0001286CB9,0000000000000000,82,100,0,0,0,-1,0,0,0,-16.65,-200.94,0,2.1543,56,236,379,-1,1,0,0,0,nil,nil,nil
4/28 18:50:18.757  SWING_MISSED,Creature-0-4457-249-1045-11262-0000A86CBE,"Onyxian Whelp",0xa48,0x0,Player-4755-0160BD13,"Mafkees-Dreadmist",0x514,0x0,PARRY,nil
4/28 18:50:18.773  SPELL_CAST_SUCCESS,Player-4755-01733879,"Hocwar-Dreadmist",0x40514,0x0,Creature-0-4457-249-1045-11262-0000286CBE,"Onyxian Whelp",0xa48,0x0,11597,"Sunder Armor",0x1,Player-4755-01733879,0000000000000000,34,100,0,0,0,-1,0,0,0,-30.12,-248.74,0,3.0730,71
4/28 18:50:18.773  SPELL_AURA_REMOVED,Pet-0-4457-249-1045-416-01001C47E2,"Ababis",0x1114,0x0,Player-4755-020BD78D,"Lonehunter-Dreadmist",0x514,0x0,11767,"Blood Pact",0x20,BUFF
4/28 18:50:18.773  SPELL_AURA_REFRESH,Pet-0-4457-249-1045-7432-01002D8BC6,"Cat",0x1114,0x0,Pet-0-4457-249-1045-7432-01002D8BC6,"Cat",0x1114,0x0,19615,"Frenzy Effect",0x1,BUFF
4/28 18:50:18.802  SPELL_AURA_REMOVED,Creature-0-4457-249-1045-2630-0000286CD4,"Earthbind Totem",0x2114,0x0,Creature-0-4457-249-1045-11262-0000A86CB9,"Onyxian Whelp",0xa48,0x0,3600,"Earthbind",0x8,DEBUFF
4/28 18:50:18.802  SPELL_AURA_APPLIED,Player-4755-01802FE5,"Angrybat-Dreadmist",0x514,0x0,Creature-0-4457-249-1045-11262-0000A86CB9,"Onyxian Whelp",0xa48,0x0,10161,"Cone of Cold",0x10,DEBUFF
4/28 18:50:18.802  SPELL_AURA_APPLIED,Player-4755-01802FE5,"Angrybat-Dreadmist",0x514,0x0,Creature-0-4457-249-1045-11262-0000A86CBE,"Onyxian Whelp",0xa48,0x0,10161,"Cone of Cold",0x10,DEBUFF
4/28 18:50:18.802  SPELL_AURA_APPLIED,Player-4755-01802FE5,"Angrybat-Dreadmist",0x514,0x0,Creature-0-4457-249-1045-11262-0001286CB9,"Onyxian Whelp",0xa48,0x0,10161,"Cone of Cold",0x10,DEBUFF
4/28 18:50:18.802  SPELL_AURA_APPLIED,Player-4755-01802FE5,"Angrybat-Dreadmist",0x514,0x0,Creature-0-4457-249-1045-11262-0002A86CB9,"Onyxian Whelp",0xa48,0x0,10161,"Cone of Cold",0x10,DEBUFF
4/28 18:50:18.802  SPELL_AURA_REMOVED,Creature-0-4457-249-1045-2630-0000286CD4,"Earthbind Totem",0x2114,0x0,Creature-0-4457-249-1045-11262-0006A86CB9,"Onyxian Whelp",0xa48,0x0,3600,"Earthbind",0x8,DEBUFF
4/28 18:50:18.802  SPELL_AURA_APPLIED,Player-4755-01802FE5,"Angrybat-Dreadmist",0x514,0x0,Creature-0-4457-249-1045-11262-0006A86CB9,"Onyxian Whelp",0xa48,0x0,10161,"Cone of Cold",0x10,DEBUFF
4/28 18:50:18.802  SPELL_DAMAGE,Player-4755-01802FE5,"Angrybat-Dreadmist",0x514,0x0,Creature-0-4457-249-1045-11262-0006A86CB9,"Onyxian Whelp",0xa48,0x0,10161,"Cone of Cold",0x10,Creature-0-4457-249-1045-11262-0006A86CB9,0000000000000000,61,100,0,0,0,-1,0,0,0,-13.34,-200.09,0,0.2066,56,600,599,-1,16,0,0,0,nil,nil,nil
4/28 18:50:18.802  SPELL_DAMAGE,Player-4755-01802FE5,"Angrybat-Dreadmist",0x514,0x0,Creature-0-4457-249-1045-11262-0002A86CB9,"Onyxian Whelp",0xa48,0x0,10161,"Cone of Cold",0x10,Creature-0-4457-249-1045-11262-0002A86CB9,0000000000000000,59,100,0,0,0,-1,0,0,0,-16.90,-201.16,0,2.0790,56,596,596,-1,16,0,0,0,nil,nil,nil
4/28 18:50:18.802  SPELL_DAMAGE,Player-4755-01802FE5,"Angrybat-Dreadmist",0x514,0x0,Creature-0-4457-249-1045-11262-0001286CB9,"Onyxian Whelp",0xa48,0x0,10161,"Cone of Cold",0x10,Creature-0-4457-249-1045-11262-0001286CB9,0000000000000000,61,100,0,0,0,-1,0,0,0,-16.65,-200.94,0,2.1543,56,579,579,-1,16,0,0,0,nil,nil,nil
4/28 18:50:18.802  SPELL_DAMAGE,Player-4755-01802FE5,"Angrybat-Dreadmist",0x514,0x0,Creature-0-4457-249-1045-11262-0000A86CBE,"Onyxian Whelp",0xa48,0x0,10161,"Cone of Cold",0x10,Creature-0-4457-249-1045-11262-0000A86CBE,0000000000000000,46,100,0,0,0,-1,0,0,0,-15.85,-200.47,0,2.3577,57,601,600,-1,16,0,0,0,nil,nil,nil
4/28 18:50:18.802  SPELL_DAMAGE,Player-4755-01802FE5,"Angrybat-Dreadmist",0x514,0x0,Creature-0-4457-249-1045-11262-0000A86CB9,"Onyxian Whelp",0xa48,0x0,10161,"Cone of Cold",0x10,Creature-0-4457-249-1045-11262-0000A86CB9,0000000000000000,72,100,0,0,0,-1,0,0,0,-12.99,-199.38,0,4.5638,56,579,579,-1,16,0,0,0,nil,nil,nil
4/28 18:50:18.802  SWING_DAMAGE,Creature-0-4457-249-1045-11262-0000286CBE,"Onyxian Whelp",0xa48,0x0,Player-4755-01733879,"Hocwar-Dreadmist",0x40514,0x0,Creature-0-4457-249-1045-11262-0000286CBE,0000000000000000,100,100,0,0,0,-1,0,0,0,-29.28,-245.23,0,0.9467,56,211,470,-1,1,0,0,0,nil,nil,nil
4/28 18:50:18.802  SWING_DAMAGE_LANDED,Player-4755-01733879,"Hocwar-Dreadmist",0x40514,0x0,Creature-0-4457-249-1045-11262-0000286CBE,"Onyxian Whelp",0xa48,0x0,Creature-0-4457-249-1045-11262-0000286CBE,0000000000000000,94,100,0,0,0,-1,0,0,0,-29.28,-245.23,0,0.9467,56,169,136,-1,1,0,0,0,1,nil,nil
4/28 18:50:18.802  SPELL_DAMAGE,Player-4755-01A6B139,"Sakatan-Dreadmist",0x514,0x0,Creature-0-4457-249-1045-10184-000028665C,"Onyxia",0x10a48,0x0,11281,"Backstab",0x1,Creature-0-4457-249-1045-10184-000028665C,0000000000000000,50,100,0,0,0,-1,0,0,0,24.88,-215.77,0,3.1056,63,461,585,-1,1,0,0,0,nil,nil,nil
4/28 18:50:18.804  SPELL_HEAL,Player-4755-01BC57A3,"Saintis-Dreadmist",0x511,0x0,Player-4755-01802FE5,"Angrybat-Dreadmist",0x514,0x0,10917,"Flash Heal",0x2,Player-4755-01802FE5,0000000000000000,100,100,0,0,0,-1,0,0,0,-16.83,-207.47,0,1.2442,66,1196,1196,1196,0,nil
4/28 18:50:18.804  SPELL_DAMAGE,Player-4755-01637B0A,"Pindle-Dreadmist",0x514,0x0,Creature-0-4457-249-1045-11262-0007A86CB9,"Onyxian Whelp",0xa48,0x0,11294,"Sinister Strike",0x1,Creature-0-4457-249-1045-11262-0007A86CB9,0000000000000000,58,100,0,0,0,-1,0,0,0,-38.37,-235.87,0,3.1416,57,182,294,-1,1,0,0,0,nil,nil,nil
4/28 18:50:18.804  SWING_DAMAGE,Creature-0-4457-249-1045-11262-0008286CB9,"Onyxian Whelp",0xa48,0x0,Player-4755-0178F416,"Eltorero-Dreadmist",0x514,0x0,Creature-0-4457-249-1045-11262-0008286CB9,0000000000000000,40,100,0,0,0,-1,0,0,0,-35.32,-242.89,0,6.1843,57,273,421,-1,1,0,0,0,nil,nil,nil
4/28 18:50:18.804  SPELL_DAMAGE,Player-4755-0178F416,"Eltorero-Dreadmist",0x514,0x0,Creature-0-4457-249-1045-11262-0008286CB9,"Onyxian Whelp",0xa48,0x0,23894,"Bloodthirst",0x1,Creature-0-4457-249-1045-11262-0008286CB9,0000000000000000,9,100,0,0,0,-1,0,0,0,-35.32,-242.89,0,6.1843,57,857,630,-1,1,0,0,0,1,nil,nil
4/28 18:50:18.804  SPELL_AURA_APPLIED,Player-4755-0178F416,"Eltorero-Dreadmist",0x514,0x0,Player-4755-0178F416,"Eltorero-Dreadmist",0x514,0x0,23888,"Bloodthirst",0x1,BUFF
4/28 18:50:18.804  SPELL_AURA_REFRESH,Creature-0-4457-249-1045-2630-0000286CD4,"Earthbind Totem",0x2114,0x0,Creature-0-4457-249-1045-11262-0007286CB9,"Onyxian Whelp",0xa48,0x0,3600,"Earthbind",0x8,DEBUFF
4/28 18:50:18.804  SWING_DAMAGE_LANDED,Player-4755-016DF694,"Ashalan-Dreadmist",0x514,0x0,Creature-0-4457-249-1045-11262-0005A86CB9,"Onyxian Whelp",0xa48,0x0,Creature-0-4457-249-1045-11262-0005A86CB9,0000000000000000,0,100,0,0,0,-1,0,0,0,-15.39,-176.65,0,0.7986,56,769,618,147,1,0,0,0,1,nil,nil
4/28 18:50:18.804  SWING_DAMAGE_LANDED,Creature-0-4457-249-1045-11262-0008A86CB9,"Onyxian Whelp",0xa48,0x0,Creature-0-4457-249-1045-7399-0000286CD4,"Stoneclaw Totem VI",0x2114,0x0,Creature-0-4457-249-1045-7399-0000286CD4,Player-4755-01840577,0,100,0,0,0,-1,0,0,0,-22.64,-180.98,0,3.2539,67,236,399,218,1,0,0,0,nil,nil,nil
4/28 18:50:18.804  SWING_DAMAGE_LANDED,Creature-0-4457-249-1045-11262-0001286CB9,"Onyxian Whelp",0xa48,0x0,Player-4755-0160BD13,"Mafkees-Dreadmist",0x514,0x0,Player-4755-0160BD13,0000000000000000,64,100,0,0,0,-1,0,0,0,-19.41,-193.80,0,0.0181,64,236,379,-1,1,0,0,0,nil,nil,nil
4/28 18:50:18.804  SPELL_AURA_APPLIED,Player-4755-01733879,"Hocwar-Dreadmist",0x40514,0x0,Creature-0-4457-249-1045-11262-0000286CBE,"Onyxian Whelp",0xa48,0x0,11597,"Sunder Armor",0x1,DEBUFF
4/28 18:50:18.804  SWING_DAMAGE,Creature-0-4457-249-1045-11262-0002A86CB9,"Onyxian Whelp",0xa48,0x0,Player-4755-0160BD13,"Mafkees-Dreadmist",0x514,0x0,Creature-0-4457-249-1045-11262-0002A86CB9,0000000000000000,59,100,0,0,0,-1,0,0,0,-16.90,-201.16,0,2.0790,56,225,360,-1,1,0,0,0,nil,nil,nil
4/28 18:50:18.868  SPELL_CAST_SUCCESS,Player-4755-01E83279,"Nlmasters-Dreadmist",0x514,0x8,Creature-0-4457-249-1045-10184-000028665C,"Onyxia",0x10a48,0x0,75,"Auto Shot",0x1,Player-4755-01E83279,0000000000000000,100,100,0,0,0,-1,0,0,0,-25.18,-194.93,0,5.8887,70
4/28 18:50:18.885  SPELL_DAMAGE,Creature-0-4457-249-1045-10184-000028665C,"Onyxia",0x10a48,0x0,Pet-0-4457-249-1045-7432-01002D8BC6,"Cat",0x1114,0x0,18392,"Fireball",0x4,Pet-0-4457-249-1045-7432-01002D8BC6,Player-4755-01E83279,58,100,0,0,0,-1,0,0,0,13.13,-215.17,0,6.2034,70,1999,1999,-1,4,0,0,0,nil,nil,nil
4/28 18:50:18.885  SPELL_DAMAGE,Creature-0-4457-249-1045-10184-000028665C,"Onyxia",0x10a48,0x0,Pet-0-4457-249-1045-2850-01001956F9,"Kratos",0x1114,0x0,18392,"Fireball",0x4,Pet-0-4457-249-1045-2850-01001956F9,Player-4755-0178F576,72,100,0,0,0,-1,0,0,0,13.22,-215.35,0,6.2220,66,1377,1836,-1,4,459,0,0,nil,nil,nil
4/28 18:50:18.885  SPELL_DAMAGE,Creature-0-4457-249-1045-10184-000028665C,"Onyxia",0x10a48,0x0,Pet-0-4457-249-1045-9622-02002CD5BC,"Bokito",0x1114,0x0,18392,"Fireball",0x4,Pet-0-4457-249-1045-9622-02002CD5BC,Player-4755-020BD78D,74,100,0,0,0,-1,0,0,0,12.33,-215.26,0,6.2271,70,917,1834,-1,4,917,0,0,nil,nil,nil
4/28 18:50:18.960  SPELL_CAST_SUCCESS,Player-4755-016296D3,"Nivl-Dreadmist",0x514,0x0,Creature-0-4457-249-1045-11262-0002A86CB9,"Onyxian Whelp",0xa48,0x0,10605,"Chain Lightning",0x8,Player-4755-016296D3,0000000000000000,95,100,0,0,0,-1,0,0,0,-11.86,-186.52,0,4.5764,69
4/28 18:50:19.029  SPELL_CAST_SUCCESS,Player-4755-01B60A5F,"Zurok-Dreadmist",0x514,0x0,Creature-0-4457-249-1045-11262-0000286CBE,"Onyxian Whelp",0xa48,0x0,14290,"Multi-Shot",0x1,Player-4755-01B60A5F,0000000000000000,100,100,0,0,0,-1,0,0,0,-0.87,-247.51,0,3.0415,62
4/28 18:50:19.047  SPELL_PERIODIC_DAMAGE,Player-4755-01F36B30,"Rectumqeef-Dreadmist",0x514,0x0,Creature-0-4457-249-1045-10184-000028665C,"Onyxia",0x10a48,0x0,11672,"Corruption",0x20,Creature-0-4457-249-1045-10184-000028665C,0000000000000000,50,100,0,0,0,-1,0,0,0,24.88,-215.77,0,3.1056,63,269,203,-1,32,0,0,0,nil,nil,nil
4/28 18:50:19.066  SPELL_AURA_REMOVED,Player-4755-01E83279,"Nlmasters-Dreadmist",0x514,0x8,Player-4755-01E83279,"Nlmasters-Dreadmist",0x514,0x8,6150,"Quick Shots",0x1,BUFF
4/28 18:50:19.103  SWING_DAMAGE,Player-4755-01637B0A,"Pindle-Dreadmist",0x514,0x0,Creature-0-4457-249-1045-11262-0007A86CB9,"Onyxian Whelp",0xa48,0x0,Player-4755-01637B0A,0000000000000000,57,100,0,0,0,-1,0,0,0,-38.38,-236.84,0,5.9135,65,151,120,-1,1,0,0,0,1,nil,nil
4/28 18:50:19.103  SPELL_PERIODIC_ENERGIZE,Player-4755-01BC57A3,"Saintis-Dreadmist",0x511,0x0,Player-4755-01BC57A3,"Saintis-Dreadmist",0x511,0x0,18194,"Mana Regeneration",0x1,Player-4755-01BC57A3,0000000000000000,100,100,0,0,0,-1,0,0,0,4.60,-195.67,0,3.2960,68,8.0000,0.0000,0,7212
4/28 18:50:19.123  SPELL_DAMAGE,Player-4755-0163DD9D,"Kaspais-Dreadmist",0x514,0x0,Creature-0-4457-249-1045-10184-000028665C,"Onyxia",0x10a48,0x0,10181,"Frostbolt",0x10,Creature-0-4457-249-1045-10184-000028665C,0000000000000000,50,100,0,0,0,-1,0,0,0,24.88,-215.77,0,3.1056,63,926,842,-1,16,0,0,0,nil,nil,nil
4/28 18:50:19.155  SWING_MISSED,Creature-0-4457-249-1045-11262-0007A86CB9,"Onyxian Whelp",0xa48,0x0,Player-4755-01637B0A,"Pindle-Dreadmist",0x514,0x0,DODGE,nil
4/28 18:50:19.189  SPELL_CAST_START,Player-4755-01B60A5F,"Zurok-Dreadmist",0x514,0x0,0000000000000000,nil,0x80000000,0x80000000,75,"Auto Shot",0x1
4/28 18:50:19.189  SPELL_AURA_APPLIED,Pet-0-4457-249-1045-7456-03003178E8,"Owl",0x1114,0x0,Pet-0-4457-249-1045-7456-03003178E8,"Owl",0x1114,0x0,23148,"Dive",0x1,BUFF
4/28 18:50:19.189  SPELL_CAST_SUCCESS,Pet-0-4457-249-1045-7456-03003178E8,"Owl",0x1114,0x0,0000000000000000,nil,0x80000000,0x80000000,23148,"Dive",0x1,Pet-0-4457-249-1045-7456-03003178E8,Player-4755-01B60A5F,100,100,0,0,0,-1,0,0,0,1.34,-249.10,0,3.0141,62
4/28 18:50:19.189  UNIT_DIED,0000000000000000,nil,0x80000000,0x80000000,Creature-0-4457-249-1045-11262-0005A86CB9,"Onyxian Whelp",0xa48,0x0
4/28 18:50:19.220  SPELL_AURA_REMOVED_DOSE,Player-4755-01733879,"Hocwar-Dreadmist",0x40514,0x0,Player-4755-01733879,"Hocwar-Dreadmist",0x40514,0x0,12970,"Flurry",0x1,BUFF,2
4/28 18:50:19.220  SPELL_AURA_REMOVED_DOSE,Player-4755-01733879,"Hocwar-Dreadmist",0x40514,0x0,Player-4755-01733879,"Hocwar-Dreadmist",0x40514,0x0,12970,"Flurry",0x1,BUFF,1
4/28 18:50:19.220  SPELL_AURA_APPLIED_DOSE,Player-4755-01733879,"Hocwar-Dreadmist",0x40514,0x0,Player-4755-01733879,"Hocwar-Dreadmist",0x40514,0x0,12970,"Flurry",0x1,BUFF,3
4/28 18:50:19.220  SWING_DAMAGE_LANDED,Creature-0-4457-249-1045-11262-0000286CBE,"Onyxian Whelp",0xa48,0x0,Player-4755-01733879,"Hocwar-Dreadmist",0x40514,0x0,Player-4755-01733879,0000000000000000,31,100,0,0,0,-1,0,0,0,-27.50,-247.82,0,1.7574,71,211,470,-1,1,0,0,0,nil,nil,nil
4/28 18:50:19.220  SPELL_AURA_REMOVED_DOSE,Player-4755-0178F416,"Eltorero-Dreadmist",0x514,0x0,Player-4755-0178F416,"Eltorero-Dreadmist",0x514,0x0,23888,"Bloodthirst",0x1,BUFF,4
4/28 18:50:19.220  SPELL_EXTRA_ATTACKS,Player-4755-0178F416,"Eltorero-Dreadmist",0x514,0x0,Player-4755-0178F416,"Eltorero-Dreadmist",0x514,0x0,15601,"Hand of Justice",0x1,1
4/28 18:50:19.220  SPELL_AURA_REFRESH,Player-4755-0178F416,"Eltorero-Dreadmist",0x514,0x0,Player-4755-0178F416,"Eltorero-Dreadmist",0x514,0x0,12970,"Flurry",0x1,BUFF
4/28 18:50:19.220  SPELL_HEAL,Player-4755-0178F416,"Eltorero-Dreadmist",0x514,0x0,Player-4755-0178F416,"Eltorero-Dreadmist",0x514,0x0,23891,"Bloodthirst",0x1,Player-4755-0178F416,0000000000000000,88,100,0,0,0,-1,0,0,0,-40.13,-240.04,0,0.8982,67,20,20,0,0,nil
4/28 18:50:19.220  SWING_DAMAGE_LANDED,Creature-0-4457-249-1045-11262-0008286CB9,"Onyxian Whelp",0xa48,0x0,Player-4755-0178F416,"Eltorero-Dreadmist",0x514,0x0,Player-4755-0178F416,0000000000000000,82,100,0,0,0,-1,0,0,0,-40.13,-240.04,0,0.8982,67,273,421,-1,1,0,0,0,nil,nil,nil
4/28 18:50:19.220  SPELL_AURA_REMOVED_DOSE,Player-4755-016DF694,"Ashalan-Dreadmist",0x514,0x0,Player-4755-016DF694,"Ashalan-Dreadmist",0x514,0x0,16280,"Flurry",0x1,BUFF,2
4/28 18:50:19.220  SPELL_AURA_APPLIED_DOSE,Player-4755-016DF694,"Ashalan-Dreadmist",0x514,0x0,Player-4755-016DF694,"Ashalan-Dreadmist",0x514,0x0,16280,"Flurry",0x1,BUFF,3
4/28 18:50:19.220  SWING_DAMAGE_LANDED,Creature-0-4457-249-1045-11262-0002A86CB9,"Onyxian Whelp",0xa48,0x0,Player-4755-0160BD13,"Mafkees-Dreadmist",0x514,0x0,Player-4755-0160BD13,0000000000000000,59,100,0,0,0,-1,0,0,0,-18.95,-190.69,0,6.0538,64,225,360,-1,1,0,0,0,nil,nil,nil
4/28 18:50:19.220  SPELL_DAMAGE,Player-4755-016296D3,"Nivl-Dreadmist",0x514,0x0,Creature-0-4457-249-1045-11262-0000A86CBE,"Onyxian Whelp",0xa48,0x0,10605,"Chain Lightning",0x8,Creature-0-4457-249-1045-11262-0000A86CBE,0000000000000000,35,100,0,0,0,-1,0,0,0,-15.85,-200.47,0,2.3577,57,308,307,-1,8,0,0,0,nil,nil,nil
4/28 18:50:19.220  SPELL_DAMAGE,Player-4755-016296D3,"Nivl-Dreadmist",0x514,0x0,Creature-0-4457-249-1045-11262-0001286CB9,"Onyxian Whelp",0xa48,0x0,10605,"Chain Lightning",0x8,Creature-0-4457-249-1045-11262-0001286CB9,0000000000000000,45,100,0,0,0,-1,0,0,0,-16.65,-200.94,0,2.1543,56,417,417,-1,8,0,0,0,nil,nil,nil
4/28 18:50:19.220  SPELL_DAMAGE,Player-4755-016296D3,"Nivl-Dreadmist",0x514,0x0,Creature-0-4457-249-1045-11262-0002A86CB9,"Onyxian Whelp",0xa48,0x0,10605,"Chain Lightning",0x8,Creature-0-4457-249-1045-11262-0002A86CB9,0000000000000000,37,100,0,0,0,-1,0,0,0,-16.90,-201.16,0,2.0790,56,603,603,-1,8,0,0,0,nil,nil,nil
4/28 18:50:19.220  SWING_DAMAGE_LANDED,Player-4755-01637B0A,"Pindle-Dreadmist",0x514,0x0,Creature-0-4457-249-1045-11262-0007A86CB9,"Onyxian Whelp",0xa48,0x0,Creature-0-4457-249-1045-11262-0007A86CB9,0000000000000000,53,100,0,0,0,-1,0,0,0,-38.37,-235.87,0,3.1416,57,151,120,-1,1,0,0,0,1,nil,nil
4/28 18:50:19.266  SPELL_CAST_SUCCESS,Player-4755-01AC9FD9,"Alexinho-Dreadmist",0x514,0x0,Creature-0-4457-249-1045-11262-0007286CB9,"Onyxian Whelp",0xa48,0x0,11294,"Sinister Strike",0x1,Player-4755-01AC9FD9,0000000000000000,93,100,0,0,0,-1,0,0,0,-15.51,-194.48,0,3.2283,66
4/28 18:50:19.284  SWING_DAMAGE,Player-4755-01AC9FD9,"Alexinho-Dreadmist",0x514,0x0,Creature-0-4457-249-1045-11262-0007286CB9,"Onyxian Whelp",0xa48,0x0,Player-4755-01AC9FD9,0000000000000000,93,100,0,0,0,-1,0,0,0,-15.67,-194.50,0,3.2283,66,53,150,-1,1,0,40,0,nil,nil,nil
4/28 18:50:19.370  SWING_DAMAGE,Player-4755-01637B0A,"Pindle-Dreadmist",0x514,0x0,Creature-0-4457-249-1045-11262-0007A86CB9,"Onyxian Whelp",0xa48,0x0,Player-4755-01637B0A,0000000000000000,57,100,0,0,0,-1,0,0,0,-38.38,-236.84,0,6.1628,65,126,203,-1,1,0,0,0,nil,nil,nil
4/28 18:50:19.518  SPELL_PERIODIC_ENERGIZE,Creature-0-4457-249-1045-7416-0000286CBA,"Mana Spring Totem IV",0x2114,0x0,Player-4755-01ED7A64,"Sperzieboon-Dreadmist",0x514,0x0,10494,"Mana Spring",0x8,Player-4755-01ED7A64,0000000000000000,100,100,0,0,0,-1,0,0,0,10.91,-179.32,0,0.0005,67,12.0000,0.0000,0,7261
4/28 18:50:19.538  SPELL_PERIODIC_ENERGIZE,Player-4755-0220BD00,"Krikoff-Dreadmist",0x40514,0x0,Player-4755-0220BD00,"Krikoff-Dreadmist",0x40514,0x0,29131,"Bloodrage",0x1,Player-4755-0220BD00,0000000000000000,92,100,0,0,0,-1,0,0,0,27.65,-215.38,0,0.4948,68,1.0000,0.0000,1,1000
4/28 18:50:19.597  SPELL_AURA_REMOVED,Player-4755-01B60A5F,"Zurok-Dreadmist",0x514,0x0,Player-4755-016DF694,"Ashalan-Dreadmist",0x514,0x0,20906,"Trueshot Aura",0x40,BUFF
4/28 18:50:19.597  SPELL_AURA_REMOVED,Pet-0-4457-249-1045-416-01001C47E2,"Ababis",0x1114,0x0,Player-4755-0220BD00,"Krikoff-Dreadmist",0x40514,0x0,11767,"Blood Pact",0x20,BUFF
4/28 18:50:19.597  SPELL_CAST_START,Creature-0-4457-249-1045-10184-000028665C,"Onyxia",0x10a48,0x0,0000000000000000,nil,0x80000000,0x80000000,18392,"Fireball",0x4
4/28 18:50:19.602  SPELL_AURA_APPLIED_DOSE,Player-4755-01802FE5,"Angrybat-Dreadmist",0x514,0x0,Creature-0-4457-249-1045-11262-0006A86CB9,"Onyxian Whelp",0xa48,0x0,12579,"Winter's Chill",0x10,DEBUFF,2
4/28 18:50:19.602  SPELL_AURA_APPLIED_DOSE,Player-4755-01802FE5,"Angrybat-Dreadmist",0x514,0x0,Creature-0-4457-249-1045-11262-0002A86CB9,"Onyxian Whelp",0xa48,0x0,12579,"Winter's Chill",0x10,DEBUFF,2
4/28 18:50:19.602  SPELL_AURA_APPLIED_DOSE,Player-4755-01802FE5,"Angrybat-Dreadmist",0x514,0x0,Creature-0-4457-249-1045-11262-0001286CB9,"Onyxian Whelp",0xa48,0x0,12579,"Winter's Chill",0x10,DEBUFF,2
4/28 18:50:19.602  SPELL_AURA_APPLIED_DOSE,Player-4755-01802FE5,"Angrybat-Dreadmist",0x514,0x0,Creature-0-4457-249-1045-11262-0000A86CBE,"Onyxian Whelp",0xa48,0x0,12579,"Winter's Chill",0x10,DEBUFF,2
4/28 18:50:19.602  SPELL_AURA_APPLIED_DOSE,Player-4755-01802FE5,"Angrybat-Dreadmist",0x514,0x0,Creature-0-4457-249-1045-11262-0000A86CB9,"Onyxian Whelp",0xa48,0x0,12579,"Winter's Chill",0x10,DEBUFF,2
4/28 18:50:19.602  SPELL_ENERGIZE,Player-4755-01733879,"Hocwar-Dreadmist",0x40514,0x0,Player-4755-01733879,"Hocwar-Dreadmist",0x40514,0x0,12964,"Unbridled Wrath",0x1,Player-4755-01733879,0000000000000000,31,100,0,0,0,-1,0,0,0,-25.89,-245.46,0,1.7574,71,1.0000,0.0000,1,1000
4/28 18:50:19.602  SPELL_AURA_APPLIED,Player-4755-0178F416,"Eltorero-Dreadmist",0x514,0x0,Creature-0-4457-249-1045-11262-0008286CB9,"Onyxian Whelp",0xa48,0x0,12721,"Deep Wound",0x1,DEBUFF
4/28 18:50:19.602  DAMAGE_SHIELD,Player-4755-0178F416,"Eltorero-Dreadmist",0x514,0x0,Creature-0-4457-249-1045-11262-0008286CB9,"Onyxian Whelp",0xa48,0x0,21142,"Immolation",0x4,Creature-0-4457-249-1045-11262-0008286CB9,0000000000000000,9,100,0,0,0,-1,0,0,0,-34.90,-242.66,0,2.8119,57,2,5,-1,4,0,0,0,nil,nil,nil
4/28 18:50:19.602  SPELL_DAMAGE,Player-4755-01AC9FD9,"Alexinho-Dreadmist",0x514,0x0,Creature-0-4457-249-1045-11262-0007286CB9,"Onyxian Whelp",0xa48,0x0,11294,"Sinister Strike",0x1,Creature-0-4457-249-1045-11262-0007286CB9,0000000000000000,60,100,0,0,0,-1,0,0,0,-15.46,-195.29,0,1.9624,56,242,389,-1,1,0,0,0,nil,nil,nil
4/28 18:50:19.602  SWING_DAMAGE_LANDED,Player-4755-01AC9FD9,"Alexinho-Dreadmist",0x514,0x0,Creature-0-4457-249-1045-11262-0007286CB9,"Onyxian Whelp",0xa48,0x0,Creature-0-4457-249-1045-11262-0007286CB9,0000000000000000,58,100,0,0,0,-1,0,0,0,-15.46,-195.29,0,1.9624,56,53,150,-1,1,0,0,0,nil,nil,nil
4/28 18:50:19.602  SWING_DAMAGE_LANDED,Player-4755-01637B0A,"Pindle-Dreadmist",0x514,0x0,Creature-0-4457-249-1045-11262-0007A86CB9,"Onyxian Whelp",0xa48,0x0,Creature-0-4457-249-1045-11262-0007A86CB9,0000000000000000,48,100,0,0,0,-1,0,0,0,-38.37,-235.87,0,3.1416,57,126,203,-1,1,0,0,0,nil,nil,nil
4/28 18:50:19.602  SPELL_PERIODIC_ENERGIZE,Creature-0-4457-249-1045-7416-0000286CBA,"Mana Spring Totem IV",0x2114,0x0,Player-4755-01804B95,"Moymoy-Dreadmist",0x514,0x0,10494,"Mana Spring",0x8,Player-4755-01804B95,0000000000000000,100,100,0,0,0,-1,0,0,0,13.46,-179.10,0,4.6602,66,13.0000,0.0000,0,5366
4/28 18:50:19.627  SPELL_CAST_SUCCESS,Player-4755-01617EEE,"Fenix-Dreadmist",0x512,0x0,Player-4755-01F36B30,"Rectumqeef-Dreadmist",0x514,0x0,10916,"Flash Heal",0x2,Player-4755-01617EEE,0000000000000000,100,100,0,0,0,-1,0,0,0,-5.20,-187.82,0,1.3559,66
4/28 18:50:19.627  SPELL_CAST_START,Player-4755-01617EEE,"Fenix-Dreadmist",0x512,0x0,0000000000000000,nil,0x80000000,0x80000000,10916,"Flash Heal",0x2
4/28 18:50:19.627  SPELL_CAST_SUCCESS,Player-4755-01B60A5F,"Zurok-Dreadmist",0x514,0x0,Creature-0-4457-249-1045-11262-0000286CBE,"Onyxian Whelp",0xa48,0x0,75,"Auto Shot",0x1,Player-4755-01B60A5F,0000000000000000,100,100,0,0,0,-1,0,0,0,-0.87,-247.51,0,3.0415,62
4/28 18:50:19.646  SPELL_AURA_REMOVED,Player-4755-01637B0A,"Pindle-Dreadmist",0x514,0x0,Player-4755-01637B0A,"Pindle-Dreadmist",0x514,0x0,6774,"Slice and Dice",0x1,BUFF
4/28 18:50:19.684  RANGE_DAMAGE,Player-4755-0178F576,"Atreas-Dreadmist",0x514,0x0,Creature-0-4457-249-1045-10184-000028665C,"Onyxia",0x10a48,0x0,75,"Auto Shot",0x1,Creature-0-4457-249-1045-10184-000028665C,0000000000000000,50,100,0,0,0,-1,0,0,0,24.88,-215.77,0,2.3427,63,419,532,-1,1,0,0,0,nil,nil,nil
4/28 18:50:19.723  SPELL_CAST_SUCCESS,Player-4755-0163DD9D,"Kaspais-Dreadmist",0x514,0x0,Creature-0-4457-249-1045-10184-000028665C,"Onyxia",0x10a48,0x0,10181,"Frostbolt",0x10,Player-4755-0163DD9D,0000000000000000,100,100,0,0,0,-1,0,0,0,-21.59,-193.96,0,5.9508,66
4/28 18:50:19.723  SPELL_CAST_START,Player-4755-0163DD9D,"Kaspais-Dreadmist",0x514,0x0,0000000000000000,nil,0x80000000,0x80000000,10181,"Frostbolt",0x10
4/28 18:50:19.741  SWING_MISSED,Player-4755-01733879,"Hocwar-Dreadmist",0x40514,0x0,Creature-0-4457-249-1045-11262-0000286CBE,"Onyxian Whelp",0xa48,0x0,DODGE,1
4/28 18:50:19.779  SPELL_CAST_SUCCESS,Player-4755-01733879,"Hocwar-Dreadmist",0x40514,0x0,Creature-0-4457-249-1045-11262-0000286CBE,"Onyxian Whelp",0xa48,0x0,11567,"Heroic Strike",0x1,Player-4755-01733879,0000000000000000,31,100,0,0,0,-1,0,0,0,-24.88,-244.63,0,1.7456,71
4/28 18:50:19.779  SPELL_AURA_REMOVED_DOSE,Player-4755-01733879,"Hocwar-Dreadmist",0x40514,0x0,Player-4755-01733879,"Hocwar-Dreadmist",0x40514,0x0,12970,"Flurry",0x1,BUFF,2
4/28 18:50:19.836  SPELL_CAST_SUCCESS,Player-4755-01FA8DD8,"Roackerita-Dreadmist",0x514,0x0,Player-4755-01AC9FD9,"Alexinho-Dreadmist",0x514,0x0,2055,"Heal",0x2,Player-4755-01FA8DD8,0000000000000000,100,100,0,0,0,-1,0,0,0,-9.35,-191.75,0,0.7695,69
4/28 18:50:19.836  SPELL_CAST_SUCCESS,Player-4755-01F36B30,"Rectumqeef-Dreadmist",0x514,0x0,Creature-0-4457-249-1045-10184-000028665C,"Onyxia",0x10a48,0x0,11661,"Shadow Bolt",0x20,Player-4755-01F36B30,0000000000000000,65,100,0,0,0,-1,0,0,0,25.30,-184.24,0,4.5988,66
4/28 18:50:19.836  SPELL_CAST_START,Player-4755-01F36B30,"Rectumqeef-Dreadmist",0x514,0x0,0000000000000000,nil,0x80000000,0x80000000,11661,"Shadow Bolt",0x20
4/28 18:50:19.854  SPELL_DAMAGE,Player-4755-01E83279,"Nlmasters-Dreadmist",0x514,0x8,Creature-0-4457-249-1045-10184-000028665C,"Onyxia",0x10a48,0x0,20904,"Aimed Shot",0x1,Creature-0-4457-249-1045-10184-000028665C,0000000000000000,50,100,0,0,0,-1,0,0,0,24.88,-215.77,0,2.3427,63,816,1035,-1,1,0,0,0,nil,nil,nil
4/28 18:50:19.935  SPELL_CAST_SUCCESS,Player-4755-01ED7A64,"Sperzieboon-Dreadmist",0x514,0x0,Player-4755-01614AC7,"Mirrimazduur-Dreadmist",0x512,0x0,10917,"Flash Heal",0x2,Player-4755-01ED7A64,0000000000000000,100,100,0,0,0,-1,0,0,0,10.91,-179.32,0,0.0005,67
4/28 18:50:19.935  SPELL_CAST_START,Player-4755-01BC57A3,"Saintis-Dreadmist",0x511,0x0,0000000000000000,nil,0x80000000,0x80000000,10917,"Flash Heal",0x2
4/28 18:50:19.994  SPELL_DAMAGE,Player-4755-01B60A5F,"Zurok-Dreadmist",0x514,0x0,Creature-0-4457-249-1045-11262-0000286CBE,"Onyxian Whelp",0xa48,0x0,14290,"Multi-Shot",0x1,Creature-0-4457-249-1045-11262-0000286CBE,0000000000000000,79,100,0,0,0,-1,0,0,0,-27.11,-242.81,0,5.2687,56,402,613,-1,1,0,0,0,nil,nil,nil
4/28 18:50:20.018  SPELL_HEAL,Player-4755-01617EEE,"Fenix-Dreadmist",0x512,0x0,Player-4755-01F36B30,"Rectumqeef-Dreadmist",0x514,0x0,10916,"Flash Heal",0x2,Player-4755-01F36B30,0000000000000000,90,100,0,0,0,-1,0,0,0,25.30,-184.24,0,4.5988,66,1071,1071,0,0,nil
4/28 18:50:20.018  SPELL_DAMAGE,Player-4755-01733879,"Hocwar-Dreadmist",0x40514,0x0,Creature-0-4457-249-1045-11262-0000286CBE,"Onyxian Whelp",0xa48,0x0,11567,"Heroic Strike",0x1,Creature-0-4457-249-1045-11262-0000286CBE,0000000000000000,70,100,0,0,0,-1,0,0,0,-27.11,-242.81,0,5.2687,56,252,384,-1,1,0,0,0,nil,nil,nil
4/28 18:50:20.018  SPELL_HEAL,Player-4755-01FA8DD8,"Roackerita-Dreadmist",0x514,0x0,Player-4755-01AC9FD9,"Alexinho-Dreadmist",0x514,0x0,2055,"Heal",0x2,Player-4755-01AC9FD9,0000000000000000,100,100,0,0,0,-1,0,0,0,-18.46,-195.51,0,5.0583,66,1137,1137,836,0,nil
4/28 18:50:20.018  SPELL_HEAL,Player-4755-01ED7A64,"Sperzieboon-Dreadmist",0x514,0x0,Player-4755-01614AC7,"Mirrimazduur-Dreadmist",0x512,0x0,10917,"Flash Heal",0x2,Player-4755-01614AC7,0000000000000000,90,100,0,0,0,-1,0,0,0,7.91,-176.32,0,4.7857,68,1156,1156,0,0,nil
4/28 18:50:20.054  SPELL_CAST_SUCCESS,Player-4755-0210153A,"Hapuseneb-Dreadmist",0x514,0x0,Player-4755-01733879,"Hocwar-Dreadmist",0x40514,0x0,10917,"Flash Heal",0x2,Player-4755-0210153A,0000000000000000,100,100,0,0,0,-1,0,0,0,-4.50,-234.33,0,3.2162,66
4/28 18:50:20.088  SPELL_PERIODIC_HEAL,Player-4755-02045EF4,"Necrosini-Dreadmist",0x512,0x0,Player-4755-01ED7A64,"Sperzieboon-Dreadmist",0x514,0x0,10929,"Renew",0x2,Player-4755-01ED7A64,0000000000000000,100,100,0,0,0,-1,0,0,0,10.91,-179.32,0,0.0005,67,253,253,253,0,nil
4/28 18:50:20.107  SPELL_CAST_SUCCESS,Player-4755-01802FE5,"Angrybat-Dreadmist",0x514,0x0,0000000000000000,nil,0x80000000,0x80000000,10202,"Arcane Explosion",0x40,Player-4755-01802FE5,0000000000000000,100,100,0,0,0,-1,0,0,0,-21.98,-205.52,0,1.0799,66
4/28 18:50:20.147  SPELL_CAST_SUCCESS,Player-4755-02045EF4,"Necrosini-Dreadmist",0x512,0x0,Player-4755-01802FE5,"Angrybat-Dreadmist",0x514,0x0,6064,"Heal",0x2,Player-4755-02045EF4,0000000000000000,91,100,0,0,0,-1,0,0,0,7.90,-189.05,0,3.8120,69
4/28 18:50:20.205  SPELL_AURA_REMOVED,Player-4755-021D6506,"Bloodlady-Dreadmist",0x514,0x0,Creature-0-4457-249-1045-11262-0008286CB9,"Onyxian Whelp",0xa48,0x0,10161,"Cone of Cold",0x10,DEBUFF
4/28 18:50:20.205  SPELL_AURA_REMOVED,Player-4755-0178F416,"Eltorero-Dreadmist",0x514,0x0,Creature-0-4457-249-1045-11262-0008286CB9,"Onyxian Whelp",0xa48,0x0,12721,"Deep Wound",0x1,DEBUFF
4/28 18:50:20.205  SPELL_DAMAGE,Player-4755-01B60A5F,"Zurok-Dreadmist",0x514,0x0,Creature-0-4457-249-1045-11262-0008286CB9,"Onyxian Whelp",0xa48,0x0,14290,"Multi-Shot",0x1,Creature-0-4457-249-1045-11262-0008286CB9,0000000000000000,0,100,0,0,0,-1,0,0,0,-35.69,-241.95,0,2.4218,57,399,646,154,1,0,0,0,nil,nil,nil
4/28 18:50:20.205  SPELL_CAST_START,Player-4755-0178F576,"Atreas-Dreadmist",0x514,0x0,0000000000000000,nil,0x80000000,0x80000000,75,"Auto Shot",0x1
4/28 18:50:20.205  SWING_MISSED,Creature-0-4457-249-1045-11262-0007286CB9,"Onyxian Whelp",0xa48,0x0,Player-4755-01AC9FD9,"Alexinho-Dreadmist",0x514,0x0,DODGE,nil
4/28 18:50:20.205  SPELL_CAST_SUCCESS,Player-4755-015FEBD5,"Sauvage-Dreadmist",0x514,0x0,0000000000000000,nil,0x80000000,0x80000000,10187,"Blizzard",0x10,Player-4755-015FEBD5,0000000000000000,100,100,0,0,0,-1,0,0,0,0.61,-199.35,0,2.9751,64
4/28 18:50:20.229  SPELL_CAST_SUCCESS,Player-4755-01FA8D0D,"Roackeru-Dreadmist",0x514,0x0,Creature-0-4457-249-1045-10184-000028665C,"Onyxia",0x10a48,0x0,11661,"Shadow Bolt",0x20,Player-4755-01FA8D0D,0000000000000000,96,100,0,0,0,-1,0,0,0,0.06,-252.89,0,1.1820,65
4/28 18:50:20.229  SPELL_CAST_START,Player-4755-01FA8D0D,"Roackeru-Dreadmist",0x514,0x0,0000000000000000,nil,0x80000000,0x80000000,11661,"Shadow Bolt",0x20
4/28 18:50:20.273  SPELL_PERIODIC_ENERGIZE,Creature-0-4457-249-1045-7416-0000286CBA,"Mana Spring Totem IV",0x2114,0x0,Player-4755-01FA8DD8,"Roackerita-Dreadmist",0x514,0x0,10494,"Mana Spring",0x8,Player-4755-01FA8DD8,0000000000000000,100,100,0,0,0,-1,0,0,0,-9.35,-191.75,0,0.7695,69,13.0000,0.0000,0,6736
4/28 18:50:20.273  SPELL_CAST_SUCCESS,Player-4755-01733879,"Hocwar-Dreadmist",0x40514,0x0,Creature-0-4457-249-1045-11262-0000286CBE,"Onyxian Whelp",0xa48,0x0,11597,"Sunder Armor",0x1,Player-4755-01733879,0000000000000000,31,100,0,0,0,-1,0,0,0,-24.66,-244.99,0,2.5939,71
4/28 18:50:20.291  SPELL_CAST_SUCCESS,Player-4755-01804B95,"Moymoy-Dreadmist",0x514,0x0,Player-4755-01614AC7,"Mirrimazduur-Dreadmist",0x512,0x0,939,"Healing Wave",0x8,Player-4755-01804B95,0000000000000000,100,100,0,0,0,-1,0,0,0,13.46,-179.10,0,4.6602,66
4/28 18:50:20.308  RANGE_DAMAGE,Player-4755-01B60A5F,"Zurok-Dreadmist",0x514,0x0,Creature-0-4457-249-1045-11262-0000286CBE,"Onyxian Whelp",0xa48,0x0,75,"Auto Shot",0x1,Creature-0-4457-249-1045-11262-0000286CBE,0000000000000000,60,100,0,0,0,-1,0,0,0,-27.11,-242.81,0,5.2687,56,268,409,-1,1,0,0,0,nil,nil,nil
4/28 18:50:20.329  RANGE_DAMAGE,Player-4755-01E83279,"Nlmasters-Dreadmist",0x514,0x8,Creature-0-4457-249-1045-10184-000028665C,"Onyxia",0x10a48,0x0,75,"Auto Shot",0x1,Creature-0-4457-249-1045-10184-000028665C,0000000000000000,50,100,0,0,0,-1,0,0,0,24.88,-215.77,0,2.3427,63,371,471,-1,1,0,0,0,nil,nil,nil
4/28 18:50:20.329  SWING_DAMAGE,Player-4755-01637B0A,"Pindle-Dreadmist",0x514,0x0,Creature-0-4457-249-1045-11262-0007A86CB9,"Onyxian Whelp",0xa48,0x0,Player-4755-01637B0A,0000000000000000,57,100,0,0,0,-1,0,0,0,-37.77,-234.65,0,6.1982,65,137,108,-1,1,0,0,0,1,nil,nil
4/28 18:50:20.347  SPELL_DAMAGE,Player-4755-01B60A5F,"Zurok-Dreadmist",0x514,0x0,Creature-0-4457-249-1045-11262-0007A86CB9,"Onyxian Whelp",0xa48,0x0,14290,"Multi-Shot",0x1,Creature-0-4457-249-1045-11262-0007A86CB9,0000000000000000,33,100,0,0,0,-1,0,0,0,-38.37,-235.87,0,3.1416,57,422,682,-1,1,0,0,0,nil,nil,nil
4/28 18:50:20.347  SPELL_PERIODIC_DAMAGE,Player-4755-01A6B139,"Sakatan-Dreadmist",0x514,0x0,Creature-0-4457-249-1045-10184-000028665C,"Onyxia",0x10a48,0x0,11275,"Rupture",0x1,Creature-0-4457-249-1045-10184-000028665C,0000000000000000,50,100,0,0,0,-1,0,0,0,24.88,-215.77,0,2.3427,63,125,125,-1,1,0,0,0,nil,nil,nil
4/28 18:50:20.390  SPELL_AURA_APPLIED,Player-4755-01637B0A,"Pindle-Dreadmist",0x514,0x0,Player-4755-01637B0A,"Pindle-Dreadmist",0x514,0x0,6774,"Slice and Dice",0x1,BUFF
4/28 18:50:20.390  SPELL_CAST_SUCCESS,Player-4755-01637B0A,"Pindle-Dreadmist",0x514,0x0,Creature-0-4457-249-1045-11262-0007A86CB9,"Onyxian Whelp",0xa48,0x0,6774,"Slice and Dice",0x1,Player-4755-01637B0A,0000000000000000,57,100,0,0,0,-1,0,0,0,-37.73,-234.21,0,6.1982,65
4/28 18:50:20.415  UNIT_DIED,0000000000000000,nil,0x80000000,0x80000000,Creature-0-4457-249-1045-11262-0008286CB9,"Onyxian Whelp",0xa48,0x0
4/28 18:50:20.415  SPELL_AURA_REMOVED_DOSE,Player-4755-01733879,"Hocwar-Dreadmist",0x40514,0x0,Player-4755-01733879,"Hocwar-Dreadmist",0x40514,0x0,12970,"Flurry",0x1,BUFF,1
4/28 18:50:20.415  SPELL_HEAL,Player-4755-0210153A,"Hapuseneb-Dreadmist",0x514,0x0,Player-4755-01733879,"Hocwar-Dreadmist",0x40514,0x0,10917,"Flash Heal",0x2,Player-4755-01733879,0000000000000000,52,100,0,0,0,-1,0,0,0,-24.66,-244.99,0,2.5939,71,1317,1317,0,0,nil
4/28 18:50:20.415  SPELL_DAMAGE,Player-4755-01802FE5,"Angrybat-Dreadmist",0x514,0x0,Creature-0-4457-249-1045-11262-0007286CB9,"Onyxian Whelp",0xa48,0x0,10202,"Arcane Explosion",0x40,Creature-0-4457-249-1045-11262-0007286CB9,0000000000000000,46,100,0,0,0,-1,0,0,0,-15.46,-195.29,0,1.9624,56,315,314,-1,64,0,0,0,nil,nil,nil
4/28 18:50:20.415  SPELL_DAMAGE,Player-4755-01802FE5,"Angrybat-Dreadmist",0x514,0x0,Creature-0-4457-249-1045-11262-0006A86CB9,"Onyxian Whelp",0xa48,0x0,10202,"Arcane Explosion",0x40,Creature-0-4457-249-1045-11262-0006A86CB9,0000000000000000,49,100,0,0,0,-1,0,0,0,-13.34,-200.09,0,1.4825,56,309,309,-1,64,0,0,0,nil,nil,nil
4/28 18:50:20.415  SPELL_DAMAGE,Player-4755-01802FE5,"Angrybat-Dreadmist",0x514,0x0,Creature-0-4457-249-1045-11262-0002A86CB9,"Onyxian Whelp",0xa48,0x0,10202,"Arcane Explosion",0x40,Creature-0-4457-249-1045-11262-0002A86CB9,0000000000000000,25,100,0,0,0,-1,0,0,0,-16.90,-201.16,0,3.9941,56,316,315,-1,64,0,0,0,nil,nil,nil
4/28 18:50:20.415  SPELL_DAMAGE,Player-4755-01802FE5,"Angrybat-Dreadmist",0x514,0x0,Creature-0-4457-249-1045-11262-0001286CB9,"Onyxian Whelp",0xa48,0x0,10202,"Arcane Explosion",0x40,Creature-0-4457-249-1045-11262-0001286CB9,0000000000000000,33,100,0,0,0,-1,0,0,0,-16.65,-200.94,0,3.9881,56,322,321,-1,64,0,0,0,nil,nil,nil
4/28 18:50:20.415  SPELL_DAMAGE,Player-4755-01802FE5,"Angrybat-Dreadmist",0x514,0x0,Creature-0-4457-249-1045-11262-0000A86CBE,"Onyxian Whelp",0xa48,0x0,10202,"Arcane Explosion",0x40,Creature-0-4457-249-1045-11262-0000A86CBE,0000000000000000,24,100,0,0,0,-1,0,0,0,-15.85,-200.47,0,3.9526,57,307,307,-1,64,0,0,0,nil,nil,nil
4/28 18:50:20.415  SPELL_DAMAGE,Player-4755-01802FE5,"Angrybat-Dreadmist",0x514,0x0,Creature-0-4457-249-1045-11262-0000A86CB9,"Onyxian Whelp",0xa48,0x0,10202,"Arcane Explosion",0x40,Creature-0-4457-249-1045-11262-0000A86CB9,0000000000000000,56,100,0,0,0,-1,0,0,0,-12.99,-199.38,0,4.5638,56,455,303,-1,64,0,0,0,1,nil,nil
4/28 18:50:20.415  SPELL_HEAL,Player-4755-02045EF4,"Necrosini-Dreadmist",0x512,0x0,Player-4755-01802FE5,"Angrybat-Dreadmist",0x514,0x0,6064,"Heal",0x2,Player-4755-01802FE5,0000000000000000,100,100,0,0,0,-1,0,0,0,-22.45,-203.27,0,0.7141,66,1799,1799,1799,0,1
4/28 18:50:20.415  SPELL_AURA_APPLIED,Player-4755-015FEBD5,"Sauvage-Dreadmist",0x514,0x0,Creature-0-4457-249-1045-11262-0000A86CB9,"Onyxian Whelp",0xa48,0x0,10187,"Blizzard",0x10,DEBUFF
4/28 18:50:20.415  SPELL_AURA_APPLIED,Player-4755-015FEBD5,"Sauvage-Dreadmist",0x514,0x0,Creature-0-4457-249-1045-11262-0000A86CBE,"Onyxian Whelp",0xa48,0x0,10187,"Blizzard",0x10,DEBUFF
4/28 18:50:20.415  SPELL_AURA_APPLIED,Player-4755-015FEBD5,"Sauvage-Dreadmist",0x514,0x0,Creature-0-4457-249-1045-11262-0001286CB9,"Onyxian Whelp",0xa48,0x0,10187,"Blizzard",0x10,DEBUFF
4/28 18:50:20.415  SPELL_AURA_APPLIED,Player-4755-015FEBD5,"Sauvage-Dreadmist",0x514,0x0,Creature-0-4457-249-1045-11262-0002A86CB9,"Onyxian Whelp",0xa48,0x0,10187,"Blizzard",0x10,DEBUFF
4/28 18:50:20.415  SPELL_AURA_APPLIED,Player-4755-015FEBD5,"Sauvage-Dreadmist",0x514,0x0,Creature-0-4457-249-1045-11262-0006A86CB9,"Onyxian Whelp",0xa48,0x0,10187,"Blizzard",0x10,DEBUFF
4/28 18:50:20.415  SPELL_AURA_APPLIED,Player-4755-015FEBD5,"Sauvage-Dreadmist",0x514,0x0,Creature-0-4457-249-1045-11262-0007286CB9,"Onyxian Whelp",0xa48,0x0,10187,"Blizzard",0x10,DEBUFF
4/28 18:50:20.415  SPELL_AURA_APPLIED_DOSE,Player-4755-01733879,"Hocwar-Dreadmist",0x40514,0x0,Creature-0-4457-249-1045-11262-0000286CBE,"Onyxian Whelp",0xa48,0x0,11597,"Sunder Armor",0x1,DEBUFF,2
4/28 18:50:20.415  SPELL_HEAL,Player-4755-01804B95,"Moymoy-Dreadmist",0x514,0x0,Player-4755-01614AC7,"Mirrimazduur-Dreadmist",0x512,0x0,939,"Healing Wave",0x8,Player-4755-01614AC7,0000000000000000,100,100,0,0,0,-1,0,0,0,7.91,-176.32,0,4.7857,68,864,864,454,0,nil
4/28 18:50:20.415  SPELL_AURA_APPLIED,Player-4755-01804B95,"Moymoy-Dreadmist",0x514,0x0,Player-4755-01614AC7,"Mirrimazduur-Dreadmist",0x512,0x0,29203,"Healing Way",0x2,BUFF
4/28 18:50:20.415  SWING_DAMAGE_LANDED,Player-4755-01637B0A,"Pindle-Dreadmist",0x514,0x0,Creature-0-4457-249-1045-11262-0007A86CB9,"Onyxian Whelp",0xa48,0x0,Creature-0-4457-249-1045-11262-0007A86CB9,0000000000000000,28,100,0,0,0,-1,0,0,0,-38.37,-235.87,0,3.1416,57,137,108,-1,1,0,0,0,1,nil,nil
4/28 18:50:20.489  SPELL_CAST_SUCCESS,Player-4755-020BD78D,"Lonehunter-Dreadmist",0x514,0x0,Creature-0-4457-249-1045-10184-000028665C,"Onyxia",0x10a48,0x0,20904,"Aimed Shot",0x1,Player-4755-020BD78D,0000000000000000,100,100,0,0,0,-1,0,0,0,-9.97,-179.97,0,5.4842,70
4/28 18:50:20.553  SPELL_PERIODIC_ENERGIZE,Player-4755-0220BD00,"Krikoff-Dreadmist",0x40514,0x0,Player-4755-0220BD00,"Krikoff-Dreadmist",0x40514,0x0,29131,"Bloodrage",0x1,Player-4755-0220BD00,0000000000000000,98,100,0,0,0,-1,0,0,0,28.66,-214.97,0,4.9559,68,1.0000,0.0000,1,1000
4/28 18:50:20.553  SPELL_CAST_START,Player-4755-0210153A,"Hapuseneb-Dreadmist",0x514,0x0,0000000000000000,nil,0x80000000,0x80000000,6064,"Heal",0x2
4/28 18:50:20.572  SPELL_CAST_SUCCESS,Player-4755-016296D3,"Nivl-Dreadmist",0x514,0x0,0000000000000000,nil,0x80000000,0x80000000,11315,"Fire Nova Totem",0x4,Player-4755-016296D3,0000000000000000,95,100,0,0,0,-1,0,0,0,-15.49,-195.39,0,4.5764,69
4/28 18:50:20.572  SPELL_SUMMON,Player-4755-016296D3,"Nivl-Dreadmist",0x514,0x0,Creature-0-4457-249-1045-7845-0000286CDC,"Fire Nova Totem V",0xa28,0x0,11315,"Fire Nova Totem",0x4
4/28 18:50:20.594  SPELL_PERIODIC_ENERGIZE,Creature-0-4457-249-1045-7416-0000286CC9,"Mana Spring Totem IV",0x2114,0x0,Player-4755-016296D3,"Nivl-Dreadmist",0x514,0x0,10494,"Mana Spring",0x8,Player-4755-016296D3,0000000000000000,95,100,0,0,0,-1,0,0,0,-15.51,-195.53,0,4.5764,69,10.0000,0.0000,0,5845
4/28 18:50:20.594  SPELL_PERIODIC_ENERGIZE,Creature-0-4457-249-1045-7416-0000286CC9,"Mana Spring Totem IV",0x2114,0x0,Player-4755-0178F576,"Atreas-Dreadmist",0x514,0x0,10494,"Mana Spring",0x8,Player-4755-0178F576,0000000000000000,94,100,0,0,0,-1,0,0,0,-28.81,-189.82,0,5.8330,66,10.0000,0.0000,0,3765
4/28 18:50:20.650  SWING_DAMAGE,Player-4755-0160BD13,"Mafkees-Dreadmist",0x514,0x0,Creature-0-4457-249-1045-11262-0007286CB9,"Onyxian Whelp",0xa48,0x0,Player-4755-0160BD13,0000000000000000,59,100,0,0,0,-1,0,0,0,-16.83,-194.48,0,5.7318,64,419,673,-1,1,0,0,0,nil,nil,nil
4/28 18:50:20.650  SPELL_CAST_SUCCESS,Player-4755-0178F576,"Atreas-Dreadmist",0x514,0x0,Creature-0-4457-249-1045-10184-000028665C,"Onyxia",0x10a48,0x0,75,"Auto Shot",0x1,Player-4755-0178F576,0000000000000000,94,100,0,0,0,-1,0,0,0,-28.81,-189.82,0,5.8330,66
4/28 18:50:20.650  SPELL_CAST_SUCCESS,Player-4755-0178F576,"Atreas-Dreadmist",0x514,0x0,Creature-0-4457-249-1045-10184-000028665C,"Onyxia",0x10a48,0x0,14287,"Arcane Shot",0x40,Player-4755-0178F576,0000000000000000,94,100,0,0,0,-1,0,0,0,-28.81,-189.82,0,5.8330,66
4/28 18:50:20.671  SPELL_PERIODIC_HEAL,Player-4755-01FA8DD8,"Roackerita-Dreadmist",0x514,0x0,Player-4755-0220BD00,"Krikoff-Dreadmist",0x40514,0x0,6078,"Renew",0x2,Player-4755-0220BD00,0000000000000000,100,100,0,0,0,-1,0,0,0,29.52,-214.63,0,4.7634,68,235,235,133,0,nil
4/28 18:50:20.671  SPELL_CAST_START,Player-4755-01804B95,"Moymoy-Dreadmist",0x514,0x0,0000000000000000,nil,0x80000000,0x80000000,939,"Healing Wave",0x8
4/28 18:50:20.671  SWING_MISSED,Player-4755-01AC9FD9,"Alexinho-Dreadmist",0x514,0x0,Creature-0-4457-249-1045-11262-0007286CB9,"Onyxian Whelp",0xa48,0x0,MISS,1
4/28 18:50:20.728  SPELL_PERIODIC_HEAL,Player-4755-02045EF4,"Necrosini-Dreadmist",0x512,0x0,Player-4755-01840577,"Raggèn-Dreadmist",0x514,0x0,10929,"Renew",0x2,Player-4755-01840577,0000000000000000,100,100,0,0,0,-1,0,0,0,-15.53,-181.12,0,4.8687,67,253,253,253,0,nil
4/28 18:50:20.728  SWING_DAMAGE,Player-4755-01AC9FD9,"Alexinho-Dreadmist",0x514,0x0,Creature-0-4457-249-1045-11262-0007286CB9,"Onyxian Whelp",0xa48,0x0,Player-4755-01AC9FD9,0000000000000000,100,100,0,0,0,-1,0,0,0,-18.99,-194.57,0,5.4070,66,180,289,-1,1,0,0,0,nil,nil,nil
4/28 18:50:20.746  SPELL_CAST_SUCCESS,Player-4755-0220BD00,"Krikoff-Dreadmist",0x40514,0x0,Creature-0-4457-249-1045-10184-000028665C,"Onyxia",0x10a48,0x0,23894,"Bloodthirst",0x1,Player-4755-0220BD00,0000000000000000,100,100,0,0,0,-1,0,0,0,30.06,-214.42,0,4.6692,68
4/28 18:50:20.781  SWING_DAMAGE,Creature-0-4457-249-1045-11262-0000286CBE,"Onyxian Whelp",0xa48,0x0,Player-4755-01733879,"Hocwar-Dreadmist",0x40514,0x0,Creature-0-4457-249-1045-11262-0000286CBE,0000000000000000,60,100,0,0,0,-1,0,0,0,-27.11,-242.81,0,5.2687,56,166,368,-1,1,0,0,0,nil,nil,nil
4/28 18:50:20.798  SPELL_PERIODIC_ENERGIZE,Creature-0-4457-249-1045-7416-0000286CBA,"Mana Spring Totem IV",0x2114,0x0,Player-4755-015FEBD5,"Sauvage-Dreadmist",0x514,0x0,10494,"Mana Spring",0x8,Player-4755-015FEBD5,0000000000000000,100,100,0,0,0,-1,0,0,0,0.61,-199.35,0,2.9751,64,13.0000,0.0000,0,6158
4/28 18:50:20.816  SWING_DAMAGE,Creature-0-4457-249-1045-11262-0000A86CBE,"Onyxian Whelp",0xa48,0x0,Player-4755-016296D3,"Nivl-Dreadmist",0x514,0x0,Creature-0-4457-249-1045-11262-0000A86CBE,0000000000000000,24,100,0,0,0,-1,0,0,0,-15.85,-200.47,0,1.4688,57,236,458,-1,1,0,0,0,nil,nil,nil
4/28 18:50:20.816  SWING_DAMAGE,Creature-0-4457-249-1045-11262-0001286CB9,"Onyxian Whelp",0xa48,0x0,Player-4755-016296D3,"Nivl-Dreadmist",0x514,0x0,Creature-0-4457-249-1045-11262-0001286CB9,0000000000000000,33,100,0,0,0,-1,0,0,0,-16.65,-200.94,0,3.5105,56,210,412,-1,1,0,0,0,nil,nil,nil
4/28 18:50:20.816  SWING_DAMAGE,Creature-0-4457-249-1045-11262-0006A86CB9,"Onyxian Whelp",0xa48,0x0,Player-4755-016296D3,"Nivl-Dreadmist",0x514,0x0,Creature-0-4457-249-1045-11262-0006A86CB9,0000000000000000,49,100,0,0,0,-1,0,0,0,-13.34,-200.09,0,1.9177,56,211,414,-1,1,0,0,0,nil,nil,nil
4/28 18:50:20.816  SWING_DAMAGE,Creature-0-4457-249-1045-11262-0000A86CB9,"Onyxian Whelp",0xa48,0x0,Player-4755-016296D3,"Nivl-Dreadmist",0x514,0x0,Creature-0-4457-249-1045-11262-0000A86CB9,0000000000000000,56,100,0,0,0,-1,0,0,0,-12.99,-199.38,0,4.5638,56,201,393,-1,1,0,0,0,nil,nil,nil
4/28 18:50:20.816  SWING_MISSED,Pet-0-4457-249-1045-7456-03003178E8,"Owl",0x1114,0x0,Creature-0-4457-249-1045-11262-0000286CBE,"Onyxian Whelp",0xa48,0x0,PARRY,nil
4/28 18:50:20.822  SWING_DAMAGE_LANDED,Player-4755-0160BD13,"Mafkees-Dreadmist",0x514,0x0,Creature-0-4457-249-1045-11262-0007286CB9,"Onyxian Whelp",0xa48,0x0,Creature-0-4457-249-1045-11262-0007286CB9,0000000000000000,31,100,0,0,0,-1,0,0,0,-15.46,-195.29,0,1.9624,56,419,673,-1,1,0,0,0,nil,nil,nil
4/28 18:50:20.822  SWING_DAMAGE_LANDED,Player-4755-01AC9FD9,"Alexinho-Dreadmist",0x514,0x0,Creature-0-4457-249-1045-11262-0007286CB9,"Onyxian Whelp",0xa48,0x0,Creature-0-4457-249-1045-11262-0007286CB9,0000000000000000,24,100,0,0,0,-1,0,0,0,-15.46,-195.29,0,1.9624,56,180,289,-1,1,0,0,0,nil,nil,nil
4/28 18:50:20.822  SPELL_DAMAGE,Player-4755-0220BD00,"Krikoff-Dreadmist",0x40514,0x0,Creature-0-4457-249-1045-10184-000028665C,"Onyxia",0x10a48,0x0,23894,"Bloodthirst",0x1,Creature-0-4457-249-1045-10184-000028665C,0000000000000000,50,100,0,0,0,-1,0,0,0,24.88,-215.77,0,2.3427,63,372,471,-1,1,0,0,0,nil,nil,nil
4/28 18:50:20.822  SPELL_AURA_APPLIED,Player-4755-0220BD00,"Krikoff-Dreadmist",0x40514,0x0,Player-4755-0220BD00,"Krikoff-Dreadmist",0x40514,0x0,23888,"Bloodthirst",0x1,BUFF
4/28 18:50:20.822  SWING_DAMAGE_LANDED,Creature-0-4457-249-1045-11262-0000286CBE,"Onyxian Whelp",0xa48,0x0,Player-4755-01733879,"Hocwar-Dreadmist",0x40514,0x0,Player-4755-01733879,0000000000000000,49,100,0,0,0,-1,0,0,0,-24.66,-244.99,0,2.5939,71,166,368,-1,1,0,0,0,nil,nil,nil
4/28 18:50:20.822  SPELL_AURA_REMOVED_DOSE,Player-4755-016296D3,"Nivl-Dreadmist",0x514,0x0,Player-4755-016296D3,"Nivl-Dreadmist",0x514,0x0,10432,"Lightning Shield",0x8,BUFF,1
4/28 18:50:20.822  SWING_DAMAGE_LANDED,Creature-0-4457-249-1045-11262-0000A86CBE,"Onyxian Whelp",0xa48,0x0,Player-4755-016296D3,"Nivl-Dreadmist",0x514,0x0,Player-4755-016296D3,0000000000000000,89,100,0,0,0,-1,0,0,0,-15.57,-195.99,0,4.5764,69,236,458,-1,1,0,0,0,nil,nil,nil
4/28 18:50:20.822  SWING_DAMAGE_LANDED,Creature-0-4457-249-1045-11262-0001286CB9,"Onyxian Whelp",0xa48,0x0,Player-4755-016296D3,"Nivl-Dreadmist",0x514,0x0,Player-4755-016296D3,0000000000000000,84,100,0,0,0,-1,0,0,0,-15.57,-195.99,0,4.5764,69,210,412,-1,1,0,0,0,nil,nil,nil
4/28 18:50:20.822  SWING_DAMAGE_LANDED,Creature-0-4457-249-1045-11262-0006A86CB9,"Onyxian Whelp",0xa48,0x0,Player-4755-016296D3,"Nivl-Dreadmist",0x514,0x0,Player-4755-016296D3,0000000000000000,79,100,0,0,0,-1,0,0,0,-15.57,-195.99,0,4.5764,69,211,414,-1,1,0,0,0,nil,nil,nil
4/28 18:50:20.822  SWING_DAMAGE_LANDED,Creature-0-4457-249-1045-11262-0000A86CB9,"Onyxian Whelp",0xa48,0x0,Player-4755-016296D3,"Nivl-Dreadmist",0x514,0x0,Player-4755-016296D3,0000000000000000,74,100,0,0,0,-1,0,0,0,-15.57,-195.99,0,4.5764,69,201,393,-1,1,0,0,0,nil,nil,nil
4/28 18:50:20.923  SPELL_CAST_START,Player-4755-020BD78D,"Lonehunter-Dreadmist",0x514,0x0,0000000000000000,nil,0x80000000,0x80000000,75,"Auto Shot",0x1
4/28 18:50:20.923  SWING_DAMAGE,Player-4755-01637B0A,"Pindle-Dreadmist",0x514,0x0,Creature-0-4457-249-1045-11262-0007A86CB9,"Onyxian Whelp",0xa48,0x0,Player-4755-01637B0A,0000000000000000,57,100,0,0,0,-1,0,0,0,-37.62,-233.27,0,5.0044,65,148,239,-1,1,0,0,0,nil,nil,nil
4/28 18:50:20.981  SWING_DAMAGE,Player-4755-01733879,"Hocwar-Dreadmist",0x40514,0x0,Creature-0-4457-249-1045-11262-0000286CBE,"Onyxian Whelp",0xa48,0x0,Player-4755-01733879,0000000000000000,49,100,0,0,0,-1,0,0,0,-25.14,-245.69,0,2.2090,71,182,131,-1,1,0,0,0,1,nil,nil
4/28 18:50:20.981  SPELL_CAST_SUCCESS,Player-4755-0160BD13,"Mafkees-Dreadmist",0x514,0x0,Creature-0-4457-249-1045-11262-0007286CB9,"Onyxian Whelp",0xa48,0x0,23894,"Bloodthirst",0x1,Player-4755-0160BD13,0000000000000000,59,100,0,0,0,-1,0,0,0,-16.44,-194.07,0,5.3745,64
4/28 18:50:20.981  SPELL_CAST_START,Player-4755-01ED7A64,"Sperzieboon-Dreadmist",0x514,0x0,0000000000000000,nil,0x80000000,0x80000000,10917,"Flash Heal",0x2
4/28 18:50:21.026  SPELL_CAST_SUCCESS,Player-4755-01617EEE,"Fenix-Dreadmist",0x512,0x0,Player-4755-0160BD13,"Mafkees-Dreadmist",0x514,0x0,10916,"Flash Heal",0x2,Player-4755-01617EEE,0000000000000000,100,100,0,0,0,-1,0,0,0,-5.20,-187.82,0,1.3559,66
4/28 18:50:21.026  SPELL_CAST_START,Player-4755-01617EEE,"Fenix-Dreadmist",0x512,0x0,0000000000000000,nil,0x80000000,0x80000000,10916,"Flash Heal",0x2
4/28 18:50:21.063  SPELL_CAST_SUCCESS,Player-4755-01614AC7,"Mirrimazduur-Dreadmist",0x512,0x0,Creature-0-4457-249-1045-10184-000028665C,"Onyxia",0x10a48,0x0,11661,"Shadow Bolt",0x20,Player-4755-01614AC7,0000000000000000,100,100,0,0,0,-1,0,0,0,7.91,-176.32,0,4.7857,68
4/28 18:50:21.063  SPELL_CAST_START,Player-4755-01614AC7,"Mirrimazduur-Dreadmist",0x512,0x0,0000000000000000,nil,0x80000000,0x80000000,11661,"Shadow Bolt",0x20
4/28 18:50:21.138  SWING_DAMAGE,Creature-0-4457-249-1045-11262-0007A86CB9,"Onyxian Whelp",0xa48,0x0,Player-4755-01637B0A,"Pindle-Dreadmist",0x514,0x0,Creature-0-4457-249-1045-11262-0007A86CB9,0000000000000000,28,100,0,0,0,-1,0,0,0,-38.37,-235.87,0,3.1416,57,349,475,-1,1,0,0,0,nil,nil,nil
4/28 18:50:21.172  SWING_DAMAGE,Player-4755-01733879,"Hocwar-Dreadmist",0x40514,0x0,Creature-0-4457-249-1045-11262-0000286CBE,"Onyxian Whelp",0xa48,0x0,Player-4755-01733879,0000000000000000,49,100,0,0,0,-1,0,0,0,-25.14,-245.69,0,1.9498,71,194,279,-1,1,0,0,0,nil,nil,nil
4/28 18:50:21.193  SPELL_CAST_SUCCESS,Player-4755-0178F416,"Eltorero-Dreadmist",0x514,0x0,Creature-0-4457-249-1045-11262-0007A86CB9,"Onyxian Whelp",0xa48,0x0,7373,"Hamstring",0x1,Player-4755-0178F416,0000000000000000,82,100,0,0,0,-1,0,0,0,-40.83,-240.17,0,1.4205,67
4/28 18:50:21.193  SWING_MISSED,Player-4755-0178F416,"Eltorero-Dreadmist",0x514,0x0,Creature-0-4457-249-1045-11262-0007A86CB9,"Onyxian Whelp",0xa48,0x0,DODGE,nil
4/28 18:50:21.211  SPELL_AURA_REMOVED,Player-4755-01B60A5F,"Zurok-Dreadmist",0x514,0x0,Player-4755-01802FE5,"Angrybat-Dreadmist",0x514,0x0,20906,"Trueshot Aura",0x40,BUFF
4/28 18:50:21.211  SPELL_AURA_REMOVED_DOSE,Player-4755-0160BD13,"Mafkees-Dreadmist",0x514,0x0,Player-4755-0160BD13,"Mafkees-Dreadmist",0x514,0x0,14204,"Enrage",0x1,BUFF,9
4/28 18:50:21.211  SPELL_AURA_REMOVED_DOSE,Player-4755-0160BD13,"Mafkees-Dreadmist",0x514,0x0,Player-4755-0160BD13,"Mafkees-Dreadmist",0x514,0x0,12970,"Flurry",0x1,BUFF,1
4/28 18:50:21.211  SPELL_AURA_REMOVED_DOSE,Player-4755-0220BD00,"Krikoff-Dreadmist",0x40514,0x0,Player-4755-0220BD00,"Krikoff-Dreadmist",0x40514,0x0,23888,"Bloodthirst",0x1,BUFF,4
4/28 18:50:21.211  SPELL_HEAL,Player-4755-0220BD00,"Krikoff-Dreadmist",0x40514,0x0,Player-4755-0220BD00,"Krikoff-Dreadmist",0x40514,0x0,23891,"Bloodthirst",0x1,Player-4755-0220BD00,0000000000000000,100,100,0,0,0,-1,0,0,0,33.04,-213.25,0,3.5068,68,20,20,20,0,nil
4/28 18:50:21.211  SWING_DAMAGE_LANDED,Player-4755-01637B0A,"Pindle-Dreadmist",0x514,0x0,Creature-0-4457-249-1045-11262-0007A86CB9,"Onyxian Whelp",0xa48,0x0,Creature-0-4457-249-1045-11262-0007A86CB9,0000000000000000,23,100,0,0,0,-1,0,0,0,-38.37,-235.87,0,3.1416,57,148,239,-1,1,0,0,0,nil,nil,nil
4/28 18:50:21.211  SWING_DAMAGE_LANDED,Player-4755-01733879,"Hocwar-Dreadmist",0x40514,0x0,Creature-0-4457-249-1045-11262-0000286CBE,"Onyxian Whelp",0xa48,0x0,Creature-0-4457-249-1045-11262-0000286CBE,0000000000000000,53,100,0,0,0,-1,0,0,0,-26.96,-244.60,0,5.7409,56,182,131,-1,1,0,0,0,1,nil,nil
4/28 18:50:21.211  SPELL_AURA_REMOVED,Player-4755-015FEBD5,"Sauvage-Dreadmist",0x514,0x0,Creature-0-4457-249-1045-11262-0007286CB9,"Onyxian Whelp",0xa48,0x0,10230,"Frost Nova",0x10,DEBUFF
4/28 18:50:21.211  SPELL_AURA_REMOVED,Creature-0-4457-249-1045-2630-0000286CD4,"Earthbind Totem",0x2114,0x0,Creature-0-4457-249-1045-11262-0007286CB9,"Onyxian Whelp",0xa48,0x0,3600,"Earthbind",0x8,DEBUFF
4/28 18:50:21.211  SPELL_AURA_REMOVED,Player-4755-015FEBD5,"Sauvage-Dreadmist",0x514,0x0,Creature-0-4457-249-1045-11262-0007286CB9,"Onyxian Whelp",0xa48,0x0,10187,"Blizzard",0x10,DEBUFF
4/28 18:50:21.211  SPELL_DAMAGE,Player-4755-0160BD13,"Mafkees-Dreadmist",0x514,0x0,Creature-0-4457-249-1045-11262-0007286CB9,"Onyxian Whelp",0xa48,0x0,23894,"Bloodthirst",0x1,Creature-0-4457-249-1045-11262-0007286CB9,0000000000000000,0,100,0,0,0,-1,0,0,0,-15.46,-195.29,0,1.7917,56,827,604,182,1,0,0,0,1,nil,nil
4/28 18:50:21.211  SPELL_AURA_APPLIED,Player-4755-0160BD13,"Mafkees-Dreadmist",0x514,0x0,Player-4755-0160BD13,"Mafkees-Dreadmist",0x514,0x0,23888,"Bloodthirst",0x1,BUFF
4/28 18:50:21.211  SPELL_HEAL,Player-4755-01617EEE,"Fenix-Dreadmist",0x512,0x0,Player-4755-0160BD13,"Mafkees-Dreadmist",0x514,0x0,10916,"Flash Heal",0x2,Player-4755-0160BD13,0000000000000000,82,100,0,0,0,-1,0,0,0,-15.60,-193.81,0,5.0053,64,1123,1123,0,0,nil
4/28 18:50:21.211  SWING_DAMAGE_LANDED,Creature-0-4457-249-1045-11262-0007A86CB9,"Onyxian Whelp",0xa48,0x0,Player-4755-01637B0A,"Pindle-Dreadmist",0x514,0x0,Player-4755-01637B0A,0000000000000000,49,100,0,0,0,-1,0,0,0,-36.08,-233.06,0,4.8022,65,349,475,-1,1,0,0,0,nil,nil,nil
4/28 18:50:21.211  SWING_DAMAGE_LANDED,Player-4755-01733879,"Hocwar-Dreadmist",0x40514,0x0,Creature-0-4457-249-1045-11262-0000286CBE,"Onyxian Whelp",0xa48,0x0,Creature-0-4457-249-1045-11262-0000286CBE,0000000000000000,46,100,0,0,0,-1,0,0,0,-26.96,-244.60,0,5.7409,56,194,279,-1,1,0,0,0,nil,nil,nil
4/28 18:50:21.211  SPELL_DAMAGE,Player-4755-0178F416,"Eltorero-Dreadmist",0x514,0x0,Creature-0-4457-249-1045-11262-0007A86CB9,"Onyxian Whelp",0xa48,0x0,7373,"Hamstring",0x1,Creature-0-4457-249-1045-11262-0007A86CB9,0000000000000000,22,100,0,0,0,-1,0,0,0,-38.37,-235.87,0,3.1416,57,28,46,-1,1,0,0,0,nil,nil,nil
4/28 18:50:21.211  SPELL_AURA_APPLIED,Player-4755-0178F416,"Eltorero-Dreadmist",0x514,0x0,Creature-0-4457-249-1045-11262-0007A86CB9,"Onyxian Whelp",0xa48,0x0,7373,"Hamstring",0x1,DEBUFF
4/28 18:50:21.211  SPELL_AURA_APPLIED,Player-4755-015FEBD5,"Sauvage-Dreadmist",0x514,0x0,Creature-0-4457-249-1045-11262-0008A86CB9,"Onyxian Whelp",0xa48,0x0,10187,"Blizzard",0x10,DEBUFF
4/28 18:50:21.289  SWING_DAMAGE,Player-4755-016DF694,"Ashalan-Dreadmist",0x514,0x0,Creature-0-4457-249-1045-11262-0008A86CB9,"Onyxian Whelp",0xa48,0x0,Player-4755-016DF694,0000000000000000,100,100,0,0,0,-1,0,0,0,-17.74,-186.83,0,5.6910,67,347,558,-1,1,0,0,0,nil,nil,nil
4/28 18:50:21.358  SPELL_CAST_SUCCESS,Player-4755-01BC57A3,"Saintis-Dreadmist",0x511,0x0,Player-4755-0160BD13,"Mafkees-Dreadmist",0x514,0x0,10917,"Flash Heal",0x2,Player-4755-01BC57A3,0000000000000000,100,100,0,0,0,-1,0,0,0,4.60,-195.67,0,3.2960,68
4/28 18:50:21.358  SPELL_CAST_START,Player-4755-01BC57A3,"Saintis-Dreadmist",0x511,0x0,0000000000000000,nil,0x80000000,0x80000000,2061,"Flash Heal",0x2
4/28 18:50:21.382  SPELL_CAST_SUCCESS,Player-4755-020BD78D,"Lonehunter-Dreadmist",0x514,0x0,Creature-0-4457-249-1045-10184-000028665C,"Onyxia",0x10a48,0x0,75,"Auto Shot",0x1,Player-4755-020BD78D,0000000000000000,100,100,0,0,0,-1,0,0,0,-9.97,-179.97,0,5.4842,70
4/28 18:50:21.418  SPELL_AURA_REMOVED,Player-4755-015FEBD5,"Sauvage-Dreadmist",0x514,0x0,Creature-0-4457-249-1045-11262-0000A86CB9,"Onyxian Whelp",0xa48,0x0,10230,"Frost Nova",0x10,DEBUFF
4/28 18:50:21.418  SPELL_PERIODIC_DAMAGE,Player-4755-015FEBD5,"Sauvage-Dreadmist",0x514,0x0,Creature-0-4457-249-1045-11262-0000A86CB9,"Onyxian Whelp",0xa48,0x0,10187,"Blizzard",0x10,Creature-0-4457-249-1045-11262-0000A86CB9,0000000000000000,49,100,0,0,0,-1,0,0,0,-12.99,-199.38,0,1.7831,56,179,179,-1,16,0,0,0,nil,nil,nil
4/28 18:50:21.418  SPELL_PERIODIC_DAMAGE,Player-4755-015FEBD5,"Sauvage-Dreadmist",0x514,0x0,Creature-0-4457-249-1045-11262-0002A86CB9,"Onyxian Whelp",0xa48,0x0,10187,"Blizzard",0x10,Creature-0-4457-249-1045-11262-0002A86CB9,0000000000000000,19,100,0,0,0,-1,0,0,0,-16.90,-201.16,0,3.1790,56,179,179,-1,16,0,0,0,nil,nil,nil
4/28 18:50:21.418  SPELL_AURA_REMOVED,Player-4755-015FEBD5,"Sauvage-Dreadmist",0x514,0x0,Creature-0-4457-249-1045-11262-0001286CB9,"Onyxian Whelp",0xa48,0x0,10230,"Frost Nova",0x10,DEBUFF
4/28 18:50:21.418  SPELL_PERIODIC_DAMAGE,Player-4755-015FEBD5,"Sauvage-Dreadmist",0x514,0x0,Creature-0-4457-249-1045-11262-0001286CB9,"Onyxian Whelp",0xa48,0x0,10187,"Blizzard",0x10,Creature-0-4457-249-1045-11262-0001286CB9,0000000000000000,27,100,0,0,0,-1,0,0,0,-16.65,-200.94,0,1.3629,56,179,179,-1,16,0,0,0,nil,nil,nil
4/28 18:50:21.418  SPELL_PERIODIC_DAMAGE,Player-4755-015FEBD5,"Sauvage-Dreadmist",0x514,0x0,Creature-0-4457-249-1045-11262-0006A86CB9,"Onyxian Whelp",0xa48,0x0,10187,"Blizzard",0x10,Creature-0-4457-249-1045-11262-0006A86CB9,0000000000000000,43,100,0,0,0,-1,0,0,0,-13.34,-200.09,0,1.9177,56,179,179,-1,16,0,0,0,nil,nil,nil
4/28 18:50:21.437  SPELL_PERIODIC_DAMAGE,Player-4755-015FEBD5,"Sauvage-Dreadmist",0x514,0x0,Creature-0-4457-249-1045-11262-0000A86CBE,"Onyxian Whelp",0xa48,0x0,10187,"Blizzard",0x10,Creature-0-4457-249-1045-11262-0000A86CBE,0000000000000000,18,100,0,0,0,-1,0,0,0,-15.85,-200.47,0,1.4688,57,179,179,-1,16,0,0,0,nil,nil,nil
4/28 18:50:21.437  SWING_DAMAGE,Player-4755-01637B0A,"Pindle-Dreadmist",0x514,0x0,Creature-0-4457-249-1045-11262-0007A86CB9,"Onyxian Whelp",0xa48,0x0,Player-4755-01637B0A,0000000000000000,49,100,0,0,0,-1,0,0,0,-35.08,-233.40,0,4.6274,65,139,110,-1,1,0,0,0,1,nil,nil
4/28 18:50:21.498  SPELL_CAST_START,Player-4755-01E83279,"Nlmasters-Dreadmist",0x514,0x8,0000000000000000,nil,0x80000000,0x80000000,75,"Auto Shot",0x1
4/28 18:50:21.498  SPELL_PERIODIC_ENERGIZE,Creature-0-4457-249-1045-7416-0000286CBA,"Mana Spring Totem IV",0x2114,0x0,Player-4755-01ED7A64,"Sperzieboon-Dreadmist",0x514,0x0,10494,"Mana Spring",0x8,Player-4755-01ED7A64,0000000000000000,100,100,0,0,0,-1,0,0,0,10.91,-179.32,0,0.0005,67,13.0000,0.0000,0,7261
4/28 18:50:21.498  SPELL_AURA_REMOVED,Player-4755-01F21AE6,"Blahu-Dreadmist",0x40514,0x0,Player-4755-01F21AE6,"Blahu-Dreadmist",0x40514,0x0,23888,"Bloodthirst",0x1,BUFF
4/28 18:50:21.537  SPELL_CAST_START,Player-4755-020BD78D,"Lonehunter-Dreadmist",0x514,0x0,0000000000000000,nil,0x80000000,0x80000000,14290,"Multi-Shot",0x1
4/28 18:50:21.557  SPELL_PERIODIC_ENERGIZE,Player-4755-0220BD00,"Krikoff-Dreadmist",0x40514,0x0,Player-4755-0220BD00,"Krikoff-Dreadmist",0x40514,0x0,29131,"Bloodrage",0x1,Player-4755-0220BD00,0000000000000000,100,100,0,0,0,-1,0,0,0,33.04,-213.25,0,3.3183,68,1.0000,0.0000,1,1000
4/28 18:50:21.596  SPELL_PERIODIC_ENERGIZE,Creature-0-4457-249-1045-7416-0000286CBA,"Mana Spring Totem IV",0x2114,0x0,Player-4755-01804B95,"Moymoy-Dreadmist",0x514,0x0,10494,"Mana Spring",0x8,Player-4755-01804B95,0000000000000000,100,100,0,0,0,-1,0,0,0,13.46,-179.10,0,4.6602,66,13.0000,0.0000,0,5366
4/28 18:50:21.613  SPELL_CAST_SUCCESS,Player-4755-01802FE5,"Angrybat-Dreadmist",0x514,0x0,0000000000000000,nil,0x80000000,0x80000000,10202,"Arcane Explosion",0x40,Player-4755-01802FE5,0000000000000000,100,100,0,0,0,-1,0,0,0,-23.26,-195.14,0,6.2119,66
4/28 18:50:21.613  SPELL_AURA_REMOVED,Pet-0-4457-249-1045-416-01001C47E2,"Ababis",0x1114,0x0,Pet-0-4457-249-1045-9622-02002CD5BC,"Bokito",0x1114,0x0,11767,"Blood Pact",0x20,BUFF
4/28 18:50:21.613  SPELL_CAST_SUCCESS,Pet-0-4457-249-1045-7456-03003178E8,"Owl",0x1114,0x0,Creature-0-4457-249-1045-11262-0000286CBE,"Onyxian Whelp",0xa48,0x0,3009,"Claw",0x1,Pet-0-4457-249-1045-7456-03003178E8,Player-4755-01B60A5F,100,100,0,0,0,-1,0,0,0,-23.68,-245.31,0,2.9261,62
4/28 18:50:21.613  SPELL_AURA_APPLIED,Pet-0-4457-249-1045-2850-01001956F9,"Kratos",0x1114,0x0,Pet-0-4457-249-1045-2850-01001956F9,"Kratos",0x1114,0x0,23110,"Dash",0x1,BUFF
4/28 18:50:21.613  SPELL_CAST_SUCCESS,Pet-0-4457-249-1045-2850-01001956F9,"Kratos",0x1114,0x0,0000000000000000,nil,0x80000000,0x80000000,23110,"Dash",0x1,Pet-0-4457-249-1045-2850-01001956F9,Player-4755-0178F576,72,100,0,0,0,-1,0,0,0,13.22,-215.35,0,6.2220,66
4/28 18:50:21.613  UNIT_DIED,0000000000000000,nil,0x80000000,0x80000000,Creature-0-4457-249-1045-11262-0007286CB9,"Onyxian Whelp",0xa48,0x0
4/28 18:50:21.621  SPELL_ENERGIZE,Player-4755-0160BD13,"Mafkees-Dreadmist",0x514,0x0,Player-4755-0160BD13,"Mafkees-Dreadmist",0x514,0x0,12964,"Unbridled Wrath",0x1,Player-4755-0160BD13,0000000000000000,82,100,0,0,0,-1,0,0,0,-13.51,-193.37,0,4.4673,64,1.0000,0.0000,1,1000
4/28 18:50:21.621  SPELL_DAMAGE,Player-4755-016296D3,"Nivl-Dreadmist",0x514,0x0,Creature-0-4457-249-1045-11262-0000A86CBE,"Onyxian Whelp",0xa48,0x0,26363,"Lightning Shield",0x8,Creature-0-4457-249-1045-11262-0000A86CBE,0000000000000000,10,100,0,0,0,-1,0,0,0,-15.85,-200.47,0,1.4688,57,220,220,-1,8,0,0,0,nil,nil,nil
4/28 18:50:21.621  SPELL_AURA_APPLIED_DOSE,Player-4755-01733879,"Hocwar-Dreadmist",0x40514,0x0,Player-4755-01733879,"Hocwar-Dreadmist",0x40514,0x0,12970,"Flurry",0x1,BUFF,3
4/28 18:50:21.621  SPELL_AURA_REMOVED_DOSE,Player-4755-0160BD13,"Mafkees-Dreadmist",0x514,0x0,Player-4755-0160BD13,"Mafkees-Dreadmist",0x514,0x0,14204,"Enrage",0x1,BUFF,8
4/28 18:50:21.621  SPELL_AURA_REMOVED_DOSE,Player-4755-0160BD13,"Mafkees-Dreadmist",0x514,0x0,Player-4755-0160BD13,"Mafkees-Dreadmist",0x514,0x0,23888,"Bloodthirst",0x1,BUFF,4
4/28 18:50:21.642  SPELL_AURA_APPLIED_DOSE,Player-4755-0160BD13,"Mafkees-Dreadmist",0x514,0x0,Player-4755-0160BD13,"Mafkees-Dreadmist",0x514,0x0,12970,"Flurry",0x1,BUFF,3
4/28 18:50:21.642  SPELL_HEAL,Player-4755-0160BD13,"Mafkees-Dreadmist",0x514,0x0,Player-4755-0160BD13,"Mafkees-Dreadmist",0x514,0x0,23891,"Bloodthirst",0x1,Player-4755-0160BD13,0000000000000000,83,100,0,0,0,-1,0,0,0,-13.32,-193.42,0,4.4673,64,20,20,0,0,nil
4/28 18:50:21.642  SWING_DAMAGE,Creature-0-4457-249-1045-11262-0008A86CB9,"Onyxian Whelp",0xa48,0x0,Player-4755-01617EEE,"Fenix-Dreadmist",0x512,0x0,Creature-0-4457-249-1045-11262-0008A86CB9,0000000000000000,100,100,0,0,0,-1,0,0,0,-7.29,-190.57,0,5.9244,56,405,462,-1,1,0,0,0,nil,nil,nil
4/28 18:50:21.642  SPELL_AURA_REMOVED_DOSE,Player-4755-01733879,"Hocwar-Dreadmist",0x40514,0x0,Player-4755-01733879,"Hocwar-Dreadmist",0x40514,0x0,12970,"Flurry",0x1,BUFF,2
4/28 18:50:21.642  SPELL_AURA_REMOVED_DOSE,Player-4755-0178F416,"Eltorero-Dreadmist",0x514,0x0,Player-4755-0178F416,"Eltorero-Dreadmist",0x514,0x0,23888,"Bloodthirst",0x1,BUFF,3
4/28 18:50:21.642  SPELL_HEAL,Player-4755-0178F416,"Eltorero-Dreadmist",0x514,0x0,Player-4755-0178F416,"Eltorero-Dreadmist",0x514,0x0,23891,"Bloodthirst",0x1,Player-4755-0178F416,0000000000000000,83,100,0,0,0,-1,0,0,0,-41.44,-240.08,0,1.4205,67,20,20,0,0,nil
4/28 18:50:21.642  SPELL_AURA_REMOVED_DOSE,Player-4755-0178F416,"Eltorero-Dreadmist",0x514,0x0,Player-4755-0178F416,"Eltorero-Dreadmist",0x514,0x0,12970,"Flurry",0x1,BUFF,2
4/28 18:50:21.642  SWING_DAMAGE_LANDED,Player-4755-016DF694,"Ashalan-Dreadmist",0x514,0x0,Creature-0-4457-249-1045-11262-0008A86CB9,"Onyxian Whelp",0xa48,0x0,Creature-0-4457-249-1045-11262-0008A86CB9,0000000000000000,87,100,0,0,0,-1,0,0,0,-7.29,-190.57,0,5.9244,56,347,558,-1,1,0,0,0,nil,nil,nil
4/28 18:50:21.642  SPELL_HEAL,Player-4755-01BC57A3,"Saintis-Dreadmist",0x511,0x0,Player-4755-0160BD13,"Mafkees-Dreadmist",0x514,0x0,10917,"Flash Heal",0x2,Player-4755-0160BD13,0000000000000000,100,100,0,0,0,-1,0,0,0,-13.32,-193.42,0,4.4673,64,1796,1796,961,0,1
4/28 18:50:21.642  SWING_DAMAGE_LANDED,Player-4755-01637B0A,"Pindle-Dreadmist",0x514,0x0,Creature-0-4457-249-1045-11262-0007A86CB9,"Onyxian Whelp",0xa48,0x0,Creature-0-4457-249-1045-11262-0007A86CB9,0000000000000000,17,100,0,0,0,-1,0,0,0,-38.37,-235.87,0,3.1416,57,139,110,-1,1,0,0,0,1,nil,nil
4/28 18:50:21.642  SPELL_DAMAGE,Player-4755-01802FE5,"Angrybat-Dreadmist",0x514,0x0,Creature-0-4457-249-1045-11262-0006A86CB9,"Onyxian Whelp",0xa48,0x0,10202,"Arcane Explosion",0x40,Creature-0-4457-249-1045-11262-0006A86CB9,0000000000000000,31,100,0,0,0,-1,0,0,0,-13.34,-200.09,0,1.9177,56,308,307,-1,64,0,0,0,nil,nil,nil
4/28 18:50:21.642  SPELL_AURA_REMOVED,Player-4755-015FEBD5,"Sauvage-Dreadmist",0x514,0x0,Creature-0-4457-249-1045-11262-0002A86CB9,"Onyxian Whelp",0xa48,0x0,10230,"Frost Nova",0x10,DEBUFF
4/28 18:50:21.642  SPELL_DAMAGE,Player-4755-01802FE5,"Angrybat-Dreadmist",0x514,0x0,Creature-0-4457-249-1045-11262-0002A86CB9,"Onyxian Whelp",0xa48,0x0,10202,"Arcane Explosion",0x40,Creature-0-4457-249-1045-11262-0002A86CB9,0000000000000000,7,100,0,0,0,-1,0,0,0,-16.90,-201.16,0,1.8382,56,318,318,-1,64,0,0,0,nil,nil,nil
4/28 18:50:21.642  SPELL_DAMAGE,Player-4755-01802FE5,"Angrybat-Dreadmist",0x514,0x0,Creature-0-4457-249-1045-11262-0001286CB9,"Onyxian Whelp",0xa48,0x0,10202,"Arcane Explosion",0x40,Creature-0-4457-249-1045-11262-0001286CB9,0000000000000000,15,100,0,0,0,-1,0,0,0,-16.65,-200.94,0,1.3629,56,305,304,-1,64,0,0,0,nil,nil,nil
4/28 18:50:21.642  SPELL_AURA_REMOVED,Player-4755-015FEBD5,"Sauvage-Dreadmist",0x514,0x0,Creature-0-4457-249-1045-11262-0000A86CBE,"Onyxian Whelp",0xa48,0x0,10230,"Frost Nova",0x10,DEBUFF
4/28 18:50:21.642  SPELL_AURA_REMOVED,Player-4755-01802FE5,"Angrybat-Dreadmist",0x514,0x0,Creature-0-4457-249-1045-11262-0000A86CBE,"Onyxian Whelp",0xa48,0x0,12579,"Winter's Chill",0x10,DEBUFF
4/28 18:50:21.642  SPELL_AURA_REMOVED,Player-4755-01802FE5,"Angrybat-Dreadmist",0x514,0x0,Creature-0-4457-249-1045-11262-0000A86CBE,"Onyxian Whelp",0xa48,0x0,10161,"Cone of Cold",0x10,DEBUFF
4/28 18:50:21.642  SPELL_AURA_REMOVED,Player-4755-015FEBD5,"Sauvage-Dreadmist",0x514,0x0,Creature-0-4457-249-1045-11262-0000A86CBE,"Onyxian Whelp",0xa48,0x0,10187,"Blizzard",0x10,DEBUFF
4/28 18:50:21.642  SPELL_DAMAGE,Player-4755-01802FE5,"Angrybat-Dreadmist",0x514,0x0,Creature-0-4457-249-1045-11262-0000A86CBE,"Onyxian Whelp",0xa48,0x0,10202,"Arcane Explosion",0x40,Creature-0-4457-249-1045-11262-0000A86CBE,0000000000000000,0,100,0,0,0,-1,0,0,0,-15.85,-200.47,0,1.4632,57,305,304,32,64,0,0,0,nil,nil,nil
4/28 18:50:21.642  SPELL_DAMAGE,Player-4755-01802FE5,"Angrybat-Dreadmist",0x514,0x0,Creature-0-4457-249-1045-11262-0000A86CB9,"Onyxian Whelp",0xa48,0x0,10202,"Arcane Explosion",0x40,Creature-0-4457-249-1045-11262-0000A86CB9,0000000000000000,37,100,0,0,0,-1,0,0,0,-12.99,-199.38,0,1.7831,56,308,307,-1,64,0,0,0,nil,nil,nil
4/28 18:50:21.642  SPELL_DAMAGE,Pet-0-4457-249-1045-7456-03003178E8,"Owl",0x1114,0x0,Creature-0-4457-249-1045-11262-0000286CBE,"Onyxian Whelp",0xa48,0x0,3009,"Claw",0x1,Creature-0-4457-249-1045-11262-0000286CBE,0000000000000000,42,100,0,0,0,-1,0,0,0,-27.09,-244.72,0,3.8968,56,91,66,-1,1,0,0,0,1,nil,nil
4/28 18:50:21.642  SPELL_AURA_REMOVED,Player-4755-01733879,"Hocwar-Dreadmist",0x40514,0x0,Player-4755-01733879,"Hocwar-Dreadmist",0x40514,0x0,20007,"Holy Strength",0x2,BUFF
4/28 18:50:21.642  SWING_DAMAGE,Player-4755-01840577,"Raggèn-Dreadmist",0x514,0x0,Creature-0-4457-249-1045-11262-0008A86CB9,"Onyxian Whelp",0xa48,0x0,Player-4755-01840577,0000000000000000,100,100,0,0,0,-1,0,0,0,-12.16,-185.82,0,4.9834,67,754,606,-1,1,0,0,0,1,nil,nil
4/28 18:50:21.668  SPELL_CAST_START,Player-4755-01B60A5F,"Zurok-Dreadmist",0x514,0x0,0000000000000000,nil,0x80000000,0x80000000,75,"Auto Shot",0x1
4/28 18:50:21.689  SPELL_DAMAGE,Player-4755-0163DD9D,"Kaspais-Dreadmist",0x514,0x0,Creature-0-4457-249-1045-10184-000028665C,"Onyxia",0x10a48,0x0,10181,"Frostbolt",0x10,Creature-0-4457-249-1045-10184-000028665C,0000000000000000,49,100,0,0,0,-1,0,0,0,24.88,-215.77,0,2.3427,63,1876,853,-1,16,0,0,0,1,nil,nil
4/28 18:50:21.797  SPELL_CAST_START,Player-4755-02045EF4,"Necrosini-Dreadmist",0x512,0x0,0000000000000000,nil,0x80000000,0x80000000,6064,"Heal",0x2
4/28 18:50:21.833  SPELL_DAMAGE,Player-4755-020BD78D,"Lonehunter-Dreadmist",0x514,0x0,Creature-0-4457-249-1045-10184-000028665C,"Onyxia",0x10a48,0x0,20904,"Aimed Shot",0x1,Creature-0-4457-249-1045-10184-000028665C,0000000000000000,49,100,0,0,0,-1,0,0,0,24.88,-215.77,0,2.3427,63,2029,1094,-1,1,0,0,0,1,nil,nil
4/28 18:50:21.932  SPELL_CAST_SUCCESS,Player-4755-01E83279,"Nlmasters-Dreadmist",0x514,0x8,Creature-0-4457-249-1045-10184-000028665C,"Onyxia",0x10a48,0x0,75,"Auto Shot",0x1,Player-4755-01E83279,0000000000000000,100,100,0,0,0,-1,0,0,0,-31.13,-202.91,0,5.8396,70
4/28 18:50:21.932  SPELL_CAST_START,Player-4755-01E83279,"Nlmasters-Dreadmist",0x514,0x8,0000000000000000,nil,0x80000000,0x80000000,14290,"Multi-Shot",0x1
4/28 18:50:21.985  SWING_MISSED,Creature-0-4457-249-1045-11262-0000286CBE,"Onyxian Whelp",0xa48,0x0,Player-4755-01733879,"Hocwar-Dreadmist",0x40514,0x0,DODGE,nil
4/28 18:50:22.024  UNIT_DIED,0000000000000000,nil,0x80000000,0x80000000,Creature-0-4457-249-1045-11262-0000A86CBE,"Onyxian Whelp",0xa48,0x0
4/28 18:50:22.047  SWING_DAMAGE_LANDED,Creature-0-4457-249-1045-11262-0008A86CB9,"Onyxian Whelp",0xa48,0x0,Player-4755-01617EEE,"Fenix-Dreadmist",0x512,0x0,Player-4755-01617EEE,0000000000000000,90,100,0,0,0,-1,0,0,0,-5.20,-187.82,0,1.3559,66,405,462,-1,1,0,0,0,nil,nil,nil
4/28 18:50:22.047  SPELL_ENERGIZE,Player-4755-01733879,"Hocwar-Dreadmist",0x40514,0x0,Player-4755-01733879,"Hocwar-Dreadmist",0x40514,0x0,12964,"Unbridled Wrath",0x1,Player-4755-01733879,0000000000000000,50,100,0,0,0,-1,0,0,0,-26.41,-245.59,0,1.9145,71,1.0000,0.0000,1,1000
4/28 18:50:22.047  SPELL_AURA_REMOVED_DOSE,Player-4755-016DF694,"Ashalan-Dreadmist",0x514,0x0,Player-4755-016DF694,"Ashalan-Dreadmist",0x514,0x0,16280,"Flurry",0x1,BUFF,2
4/28 18:50:22.047  SPELL_EXTRA_ATTACKS,Player-4755-01637B0A,"Pindle-Dreadmist",0x514,0x0,Player-4755-01637B0A,"Pindle-Dreadmist",0x514,0x0,15601,"Hand of Justice",0x1,1
4/28 18:50:22.047  SWING_DAMAGE_LANDED,Player-4755-01840577,"Raggèn-Dreadmist",0x514,0x0,Creature-0-4457-249-1045-11262-0008A86CB9,"Onyxian Whelp",0xa48,0x0,Creature-0-4457-249-1045-11262-0008A86CB9,0000000000000000,59,100,0,0,0,-1,0,0,0,-4.54,-191.78,0,3.4259,56,754,606,-1,1,0,0,0,1,nil,nil
4/28 18:50:22.047  SPELL_AURA_APPLIED,Player-4755-01840577,"Raggèn-Dreadmist",0x514,0x0,Creature-0-4457-249-1045-11262-0008A86CB9,"Onyxian Whelp",0xa48,0x0,23605,"Spell Vulnerability",0x1,DEBUFF
4/28 18:50:22.047  SPELL_AURA_APPLIED,Creature-0-4457-249-1045-2630-0000286CD4,"Earthbind Totem",0x2114,0x0,Creature-0-4457-249-1045-11262-0008A86CB9,"Onyxian Whelp",0xa48,0x0,3600,"Earthbind",0x8,DEBUFF
4/28 18:50:22.047  SPELL_PERIODIC_DAMAGE,Player-4755-01F36B30,"Rectumqeef-Dreadmist",0x514,0x0,Creature-0-4457-249-1045-10184-000028665C,"Onyxia",0x10a48,0x0,11672,"Corruption",0x20,Creature-0-4457-249-1045-10184-000028665C,0000000000000000,49,100,0,0,0,-1,0,0,0,24.88,-215.77,0,2.3427,63,269,203,-1,32,0,0,0,nil,nil,nil
4/28 18:50:22.047  SWING_MISSED,Player-4755-01637B0A,"Pindle-Dreadmist",0x514,0x0,Creature-0-4457-249-1045-11262-0007A86CB9,"Onyxian Whelp",0xa48,0x0,DODGE,nil
4/28 18:50:22.128  SPELL_CAST_SUCCESS,Player-4755-01B60A5F,"Zurok-Dreadmist",0x514,0x0,Creature-0-4457-249-1045-11262-0000286CBE,"Onyxian Whelp",0xa48,0x0,75,"Auto Shot",0x1,Player-4755-01B60A5F,0000000000000000,100,100,0,0,0,-1,0,0,0,-0.87,-247.51,0,3.0415,62
4/28 18:50:22.218  RANGE_DAMAGE,Player-4755-0178F576,"Atreas-Dreadmist",0x514,0x0,Creature-0-4457-249-1045-10184-000028665C,"Onyxia",0x10a48,0x0,75,"Auto Shot",0x1,Creature-0-4457-249-1045-10184-000028665C,0000000000000000,49,100,0,0,0,-1,0,0,0,24.88,-215.77,0,2.3427,63,387,491,-1,1,0,0,0,nil,nil,nil
4/28 18:50:22.218  SPELL_DAMAGE,Player-4755-0178F576,"Atreas-Dreadmist",0x514,0x0,Creature-0-4457-249-1045-10184-000028665C,"Onyxia",0x10a48,0x0,14287,"Arcane Shot",0x40,Creature-0-4457-249-1045-10184-000028665C,0000000000000000,49,100,0,0,0,-1,0,0,0,24.88,-215.77,0,2.3427,63,218,197,-1,64,0,0,0,nil,nil,nil
4/28 18:50:22.218  SPELL_CAST_SUCCESS,Player-4755-0163DD9D,"Kaspais-Dreadmist",0x514,0x0,Creature-0-4457-249-1045-10184-000028665C,"Onyxia",0x10a48,0x0,10181,"Frostbolt",0x10,Player-4755-0163DD9D,0000000000000000,100,100,0,0,0,-1,0,0,0,-21.59,-193.96,0,5.9548,66
4/28 18:50:22.218  SPELL_CAST_START,Player-4755-0163DD9D,"Kaspais-Dreadmist",0x514,0x0,0000000000000000,nil,0x80000000,0x80000000,10181,"Frostbolt",0x10
4/28 18:50:22.276  SPELL_PERIODIC_ENERGIZE,Creature-0-4457-249-1045-7416-0000286CBA,"Mana Spring Totem IV",0x2114,0x0,Player-4755-01FA8DD8,"Roackerita-Dreadmist",0x514,0x0,10494,"Mana Spring",0x8,Player-4755-01FA8DD8,0000000000000000,100,100,0,0,0,-1,0,0,0,-9.35,-191.75,0,0.7695,69,12.0000,0.0000,0,6736
4/28 18:50:22.348  SPELL_CAST_SUCCESS,Player-4755-01FA8DD8,"Roackerita-Dreadmist",0x514,0x0,Player-4755-01802FE5,"Angrybat-Dreadmist",0x514,0x0,10901,"Power Word: Shield",0x2,Player-4755-01FA8DD8,0000000000000000,100,100,0,0,0,-1,0,0,0,-9.35,-191.75,0,0.7695,69
4/28 18:50:22.348  SPELL_CAST_SUCCESS,Player-4755-01F36B30,"Rectumqeef-Dreadmist",0x514,0x0,Creature-0-4457-249-1045-10184-000028665C,"Onyxia",0x10a48,0x0,11661,"Shadow Bolt",0x20,Player-4755-01F36B30,0000000000000000,90,100,0,0,0,-1,0,0,0,25.30,-184.24,0,4.4378,66
4/28 18:50:22.348  SPELL_CAST_START,Player-4755-01F36B30,"Rectumqeef-Dreadmist",0x514,0x0,0000000000000000,nil,0x80000000,0x80000000,11661,"Shadow Bolt",0x20
4/28 18:50:22.348  SPELL_PERIODIC_DAMAGE,Player-4755-01A6B139,"Sakatan-Dreadmist",0x514,0x0,Creature-0-4457-249-1045-10184-000028665C,"Onyxia",0x10a48,0x0,11275,"Rupture",0x1,Creature-0-4457-249-1045-10184-000028665C,0000000000000000,49,100,0,0,0,-1,0,0,0,24.88,-215.77,0,2.3427,63,125,125,-1,1,0,0,0,nil,nil,nil
4/28 18:50:22.355  SPELL_MISSED,Player-4755-01F36B30,"Rectumqeef-Dreadmist",0x514,0x0,Creature-0-4457-249-1045-10184-000028665C,"Onyxia",0x10a48,0x0,11661,"Shadow Bolt",0x20,RESIST,nil,0
4/28 18:50:22.367  SPELL_CAST_SUCCESS,Player-4755-01E83279,"Nlmasters-Dreadmist",0x514,0x8,Creature-0-4457-249-1045-10184-000028665C,"Onyxia",0x10a48,0x0,14290,"Multi-Shot",0x1,Player-4755-01E83279,0000000000000000,100,100,0,0,0,-1,0,0,0,-31.13,-202.91,0,5.8396,70
4/28 18:50:22.385  SPELL_CAST_SUCCESS,Player-4755-01ED7A64,"Sperzieboon-Dreadmist",0x514,0x0,Player-4755-0160BD13,"Mafkees-Dreadmist",0x514,0x0,10917,"Flash Heal",0x2,Player-4755-01ED7A64,0000000000000000,100,100,0,0,0,-1,0,0,0,10.91,-179.32,0,5.8690,67
4/28 18:50:22.385  SPELL_CAST_START,Player-4755-01ED7A64,"Sperzieboon-Dreadmist",0x514,0x0,0000000000000000,nil,0x80000000,0x80000000,10917,"Flash Heal",0x2
4/28 18:50:22.403  SPELL_PERIODIC_DAMAGE,Player-4755-015FEBD5,"Sauvage-Dreadmist",0x514,0x0,Creature-0-4457-249-1045-11262-0002A86CB9,"Onyxian Whelp",0xa48,0x0,10187,"Blizzard",0x10,Creature-0-4457-249-1045-11262-0002A86CB9,0000000000000000,0,100,0,0,0,-1,0,0,0,-17.11,-200.23,0,1.7880,56,179,179,-1,16,0,0,0,nil,nil,nil
4/28 18:50:22.403  SPELL_PERIODIC_DAMAGE,Player-4755-015FEBD5,"Sauvage-Dreadmist",0x514,0x0,Creature-0-4457-249-1045-11262-0000A86CB9,"Onyxian Whelp",0xa48,0x0,10187,"Blizzard",0x10,Creature-0-4457-249-1045-11262-0000A86CB9,0000000000000000,31,100,0,0,0,-1,0,0,0,-13.49,-197.92,0,2.0344,56,179,179,-1,16,0,0,0,nil,nil,nil
4/28 18:50:22.403  SPELL_PERIODIC_DAMAGE,Player-4755-015FEBD5,"Sauvage-Dreadmist",0x514,0x0,Creature-0-4457-249-1045-11262-0001286CB9,"Onyxian Whelp",0xa48,0x0,10187,"Blizzard",0x10,Creature-0-4457-249-1045-11262-0001286CB9,0000000000000000,9,100,0,0,0,-1,0,0,0,-16.94,-199.80,0,1.8256,56,179,179,-1,16,0,0,0,nil,nil,nil
4/28 18:50:22.403  SPELL_PERIODIC_DAMAGE,Player-4755-015FEBD5,"Sauvage-Dreadmist",0x514,0x0,Creature-0-4457-249-1045-11262-0006A86CB9,"Onyxian Whelp",0xa48,0x0,10187,"Blizzard",0x10,Creature-0-4457-249-1045-11262-0006A86CB9,0000000000000000,25,100,0,0,0,-1,0,0,0,-13.34,-200.09,0,1.9177,56,180,179,-1,16,0,0,0,nil,nil,nil
4/28 18:50:22.447  SPELL_AURA_APPLIED,Player-4755-01BC57A3,"Saintis-Dreadmist",0x511,0x0,Player-4755-0160BD13,"Mafkees-Dreadmist",0x514,0x0,15359,"Inspiration",0x2,BUFF
4/28 18:50:22.447  SPELL_AURA_APPLIED,Player-4755-01840577,"Raggèn-Dreadmist",0x514,0x0,Player-4755-01840577,"Raggèn-Dreadmist",0x514,0x0,16280,"Flurry",0x1,BUFF
4/28 18:50:22.447  SPELL_AURA_APPLIED,Player-4755-01FA8DD8,"Roackerita-Dreadmist",0x514,0x0,Player-4755-01802FE5,"Angrybat-Dreadmist",0x514,0x0,10901,"Power Word: Shield",0x2,BUFF
4/28 18:50:22.447  SPELL_HEAL,Player-4755-01ED7A64,"Sperzieboon-Dreadmist",0x514,0x0,Player-4755-0160BD13,"Mafkees-Dreadmist",0x514,0x0,10917,"Flash Heal",0x2,Player-4755-0160BD13,0000000000000000,100,100,0,0,0,-1,0,0,0,-13.86,-197.04,0,4.3220,64,1250,1250,1250,0,nil
4/28 18:50:22.505  SWING_DAMAGE,Player-4755-01637B0A,"Pindle-Dreadmist",0x514,0x0,Creature-0-4457-249-1045-11262-0007A86CB9,"Onyxian Whelp",0xa48,0x0,Player-4755-01637B0A,0000000000000000,49,100,0,0,0,-1,0,0,0,-35.75,-233.78,0,4.5273,65,146,116,-1,1,0,0,0,1,nil,nil
4/28 18:50:22.543  SPELL_PERIODIC_ENERGIZE,Player-4755-0220BD00,"Krikoff-Dreadmist",0x40514,0x0,Player-4755-0220BD00,"Krikoff-Dreadmist",0x40514,0x0,29131,"Bloodrage",0x1,Player-4755-0220BD00,0000000000000000,100,100,0,0,0,-1,0,0,0,31.67,-216.44,0,3.6971,68,1.0000,0.0000,1,1000
4/28 18:50:22.588  SPELL_PERIODIC_ENERGIZE,Creature-0-4457-249-1045-7416-0000286CC9,"Mana Spring Totem IV",0x2114,0x0,Player-4755-016296D3,"Nivl-Dreadmist",0x514,0x0,10494,"Mana Spring",0x8,Player-4755-016296D3,0000000000000000,74,100,0,0,0,-1,0,0,0,-16.22,-188.57,0,4.5764,69,10.0000,0.0000,0,5845
4/28 18:50:22.588  SPELL_PERIODIC_ENERGIZE,Creature-0-4457-249-1045-7416-0000286CC9,"Mana Spring Totem IV",0x2114,0x0,Player-4755-0178F576,"Atreas-Dreadmist",0x514,0x0,10494,"Mana Spring",0x8,Player-4755-0178F576,0000000000000000,95,100,0,0,0,-1,0,0,0,-28.81,-189.82,0,5.8330,66,10.0000,0.0000,0,3765
4/28 18:50:22.588  SPELL_CAST_SUCCESS,Creature-0-4457-249-1045-10184-000028665C,"Onyxia",0x10a48,0x0,Player-4755-020BD78D,"Lonehunter-Dreadmist",0x514,0x0,18392,"Fireball",0x4,Creature-0-4457-249-1045-10184-000028665C,0000000000000000,49,100,0,0,0,-1,0,0,0,24.88,-215.77,0,2.3427,63
4/28 18:50:22.606  SPELL_AURA_REMOVED,Player-4755-01614AC7,"Mirrimazduur-Dreadmist",0x512,0x0,Creature-0-4457-249-1045-10184-000028665C,"Onyxia",0x10a48,0x0,17800,"Shadow Vulnerability",0x20,DEBUFF
4/28 18:50:22.606  SPELL_CAST_START,Creature-0-4457-249-1045-10184-000028665C,"Onyxia",0x10a48,0x0,0000000000000000,nil,0x80000000,0x80000000,18392,"Fireball",0x4
4/28 18:50:22.606  SPELL_DAMAGE,Player-4755-01FA8D0D,"Roackeru-Dreadmist",0x514,0x0,Creature-0-4457-249-1045-10184-000028665C,"Onyxia",0x10a48,0x0,11661,"Shadow Bolt",0x20,Creature-0-4457-249-1045-10184-000028665C,0000000000000000,49,100,0,0,0,-1,0,0,0,24.88,-215.77,0,4.1231,63,1142,865,-1,32,0,0,0,nil,nil,nil
4/28 18:50:22.685  RANGE_DAMAGE,Player-4755-020BD78D,"Lonehunter-Dreadmist",0x514,0x0,Creature-0-4457-249-1045-10184-000028665C,"Onyxia",0x10a48,0x0,75,"Auto Shot",0x1,Creature-0-4457-249-1045-10184-000028665C,0000000000000000,49,100,0,0,0,-1,0,0,0,24.88,-215.77,0,4.1231,63,384,487,-1,1,0,0,0,nil,nil,nil
4/28 18:50:22.720  SPELL_CAST_SUCCESS,Player-4755-01FA8D0D,"Roackeru-Dreadmist",0x514,0x0,Creature-0-4457-249-1045-10184-000028665C,"Onyxia",0x10a48,0x0,11661,"Shadow Bolt",0x20,Player-4755-01FA8D0D,0000000000000000,96,100,0,0,0,-1,0,0,0,0.06,-252.89,0,1.2056,65
4/28 18:50:22.720  SPELL_CAST_START,Player-4755-01FA8D0D,"Roackeru-Dreadmist",0x514,0x0,0000000000000000,nil,0x80000000,0x80000000,11661,"Shadow Bolt",0x20
4/28 18:50:22.737  SWING_DAMAGE,Player-4755-01AC9FD9,"Alexinho-Dreadmist",0x514,0x0,Creature-0-4457-249-1045-11262-0000A86CB9,"Onyxian Whelp",0xa48,0x0,Player-4755-01AC9FD9,0000000000000000,100,100,0,0,0,-1,0,0,0,-17.83,-196.43,0,5.3065,66,361,284,-1,1,0,0,0,1,nil,nil
4/28 18:50:22.737  SPELL_CAST_START,Player-4755-0178F576,"Atreas-Dreadmist",0x514,0x0,0000000000000000,nil,0x80000000,0x80000000,75,"Auto Shot",0x1
4/28 18:50:22.737  SPELL_CAST_SUCCESS,Player-4755-01BC57A3,"Saintis-Dreadmist",0x511,0x0,Player-4755-02045EF4,"Necrosini-Dreadmist",0x512,0x0,2061,"Flash Heal",0x2,Player-4755-01BC57A3,0000000000000000,100,100,0,0,0,-1,0,0,0,4.60,-195.67,0,3.2960,68
4/28 18:50:22.758  SPELL_CAST_SUCCESS,Player-4755-0178F416,"Eltorero-Dreadmist",0x514,0x0,Creature-0-4457-249-1045-11262-0007A86CB9,"Onyxian Whelp",0xa48,0x0,7373,"Hamstring",0x1,Player-4755-0178F416,0000000000000000,83,100,0,0,0,-1,0,0,0,-42.37,-238.55,0,0.8864,67
4/28 18:50:22.758  SPELL_AURA_REFRESH,Player-4755-0178F416,"Eltorero-Dreadmist",0x514,0x0,Player-4755-0178F416,"Eltorero-Dreadmist",0x514,0x0,20007,"Holy Strength",0x2,BUFF
4/28 18:50:22.758  SPELL_HEAL,Player-4755-0178F416,"Eltorero-Dreadmist",0x514,0x0,Player-4755-0178F416,"Eltorero-Dreadmist",0x514,0x0,20007,"Holy Strength",0x2,Player-4755-0178F416,0000000000000000,85,100,0,0,0,-1,0,0,0,-42.37,-238.55,0,0.8864,67,111,111,0,0,nil
4/28 18:50:22.780  SPELL_PERIODIC_ENERGIZE,Player-4755-01802FE5,"Angrybat-Dreadmist",0x514,0x0,Player-4755-01802FE5,"Angrybat-Dreadmist",0x514,0x0,18194,"Mana Regeneration",0x1,Player-4755-01802FE5,0000000000000000,100,100,0,0,0,-1,0,0,0,-19.01,-188.48,0,5.6935,66,8.0000,0.0000,0,6033
4/28 18:50:22.802  SPELL_PERIODIC_ENERGIZE,Creature-0-4457-249-1045-7416-0000286CBA,"Mana Spring Totem IV",0x2114,0x0,Player-4755-015FEBD5,"Sauvage-Dreadmist",0x514,0x0,10494,"Mana Spring",0x8,Player-4755-015FEBD5,0000000000000000,100,100,0,0,0,-1,0,0,0,0.61,-199.35,0,2.9751,64,13.0000,0.0000,0,6158
4/28 18:50:22.802  SWING_MISSED,Creature-0-4457-249-1045-11262-0006A86CB9,"Onyxian Whelp",0xa48,0x0,Player-4755-0160BD13,"Mafkees-Dreadmist",0x514,0x0,DODGE,nil
4/28 18:50:22.802  RANGE_DAMAGE,Player-4755-01B60A5F,"Zurok-Dreadmist",0x514,0x0,Creature-0-4457-249-1045-11262-0000286CBE,"Onyxian Whelp",0xa48,0x0,75,"Auto Shot",0x1,Creature-0-4457-249-1045-11262-0000286CBE,0000000000000000,31,100,0,0,0,-1,0,0,0,-28.23,-245.79,0,0.0518,56,309,446,-1,1,0,0,0,nil,nil,nil
4/28 18:50:22.802  SWING_DAMAGE,Pet-0-4457-249-1045-7456-03003178E8,"Owl",0x1114,0x0,Creature-0-4457-249-1045-11262-0000286CBE,"Onyxian Whelp",0xa48,0x0,Pet-0-4457-249-1045-7456-03003178E8,Player-4755-01B60A5F,100,100,0,0,0,-1,0,0,0,-26.27,-246.13,0,2.7506,62,131,191,-1,1,0,0,0,nil,nil,nil
4/28 18:50:22.847  SWING_DAMAGE_LANDED,Player-4755-01637B0A,"Pindle-Dreadmist",0x514,0x0,Creature-0-4457-249-1045-11262-0007A86CB9,"Onyxian Whelp",0xa48,0x0,Creature-0-4457-249-1045-11262-0007A86CB9,0000000000000000,12,100,0,0,0,-1,0,0,0,-38.17,-235.24,0,0.7356,57,146,116,-1,1,0,0,0,1,nil,nil
4/28 18:50:22.847  SWING_DAMAGE_LANDED,Player-4755-01AC9FD9,"Alexinho-Dreadmist",0x514,0x0,Creature-0-4457-249-1045-11262-0000A86CB9,"Onyxian Whelp",0xa48,0x0,Creature-0-4457-249-1045-11262-0000A86CB9,0000000000000000,17,100,0,0,0,-1,0,0,0,-13.55,-196.17,0,1.5871,56,361,284,-1,1,0,0,0,1,nil,nil
4/28 18:50:22.847  SPELL_HEAL,Player-4755-01BC57A3,"Saintis-Dreadmist",0x511,0x0,Player-4755-02045EF4,"Necrosini-Dreadmist",0x512,0x0,2061,"Flash Heal",0x2,Player-4755-02045EF4,0000000000000000,100,100,0,0,0,-1,0,0,0,5.99,-190.56,0,3.8120,69,553,553,133,0,nil
4/28 18:50:22.847  SPELL_DAMAGE,Player-4755-0178F416,"Eltorero-Dreadmist",0x514,0x0,Creature-0-4457-249-1045-11262-0007A86CB9,"Onyxian Whelp",0xa48,0x0,7373,"Hamstring",0x1,Creature-0-4457-249-1045-11262-0007A86CB9,0000000000000000,11,100,0,0,0,-1,0,0,0,-38.17,-235.24,0,0.7356,57,28,46,-1,1,0,0,0,nil,nil,nil
4/28 18:50:22.847  SPELL_AURA_REFRESH,Player-4755-0178F416,"Eltorero-Dreadmist",0x514,0x0,Creature-0-4457-249-1045-11262-0007A86CB9,"Onyxian Whelp",0xa48,0x0,7373,"Hamstring",0x1,DEBUFF
4/28 18:50:22.847  SWING_DAMAGE_LANDED,Pet-0-4457-249-1045-7456-03003178E8,"Owl",0x1114,0x0,Creature-0-4457-249-1045-11262-0000286CBE,"Onyxian Whelp",0xa48,0x0,Creature-0-4457-249-1045-11262-0000286CBE,0000000000000000,26,100,0,0,0,-1,0,0,0,-28.23,-245.79,0,0.0518,56,131,191,-1,1,0,0,0,nil,nil,nil
4/28 18:50:22.852  SPELL_CAST_START,Player-4755-01BC57A3,"Saintis-Dreadmist",0x511,0x0,0000000000000000,nil,0x80000000,0x80000000,2061,"Flash Heal",0x2
4/28 18:50:22.967  SPELL_CAST_SUCCESS,Player-4755-016DF694,"Ashalan-Dreadmist",0x514,0x0,Creature-0-4457-249-1045-11262-0008A86CB9,"Onyxian Whelp",0xa48,0x0,17364,"Stormstrike",0x1,Player-4755-016DF694,0000000000000000,100,100,0,0,0,-1,0,0,0,-7.81,-191.12,0,5.7381,67
4/28 18:50:22.967  SPELL_CAST_SUCCESS,Player-4755-02045EF4,"Necrosini-Dreadmist",0x512,0x0,Player-4755-016296D3,"Nivl-Dreadmist",0x514,0x0,10929,"Renew",0x2,Player-4755-02045EF4,0000000000000000,100,100,0,0,0,-1,0,0,0,5.86,-190.66,0,3.8120,69
4/28 18:50:23.040  SPELL_CAST_SUCCESS,Player-4755-01733879,"Hocwar-Dreadmist",0x40514,0x0,Creature-0-4457-249-1045-11262-0000286CBE,"Onyxian Whelp",0xa48,0x0,11601,"Revenge",0x1,Player-4755-01733879,0000000000000000,50,100,0,0,0,-1,0,0,0,-26.41,-245.59,0,2.0441,71
4/28 18:50:23.059  SPELL_CAST_SUCCESS,Player-4755-0210153A,"Hapuseneb-Dreadmist",0x514,0x0,Player-4755-01733879,"Hocwar-Dreadmist",0x40514,0x0,6064,"Heal",0x2,Player-4755-0210153A,0000000000000000,100,100,0,0,0,-1,0,0,0,-4.50,-234.33,0,3.2162,66
4/28 18:50:23.079  SPELL_PERIODIC_HEAL,Player-4755-02045EF4,"Necrosini-Dreadmist",0x512,0x0,Player-4755-01ED7A64,"Sperzieboon-Dreadmist",0x514,0x0,10929,"Renew",0x2,Player-4755-01ED7A64,0000000000000000,100,100,0,0,0,-1,0,0,0,10.91,-179.32,0,5.8690,67,253,253,253,0,nil
4/28 18:50:23.118  SPELL_CAST_SUCCESS,Player-4755-01802FE5,"Angrybat-Dreadmist",0x514,0x0,0000000000000000,nil,0x80000000,0x80000000,10202,"Arcane Explosion",0x40,Player-4755-01802FE5,0000000000000000,100,100,0,0,0,-1,0,0,0,-17.17,-186.89,0,5.5286,66
4/28 18:50:23.173  SPELL_CAST_SUCCESS,Player-4755-01804B95,"Moymoy-Dreadmist",0x514,0x0,Player-4755-0160BD13,"Mafkees-Dreadmist",0x514,0x0,939,"Healing Wave",0x8,Player-4755-01804B95,0000000000000000,100,100,0,0,0,-1,0,0,0,13.46,-179.10,0,4.6602,66
4/28 18:50:23.173  SPELL_CAST_START,Player-4755-01804B95,"Moymoy-Dreadmist",0x514,0x0,0000000000000000,nil,0x80000000,0x80000000,939,"Healing Wave",0x8
4/28 18:50:23.209  SPELL_CAST_START,Player-4755-016296D3,"Nivl-Dreadmist",0x514,0x0,0000000000000000,nil,0x80000000,0x80000000,10623,"Chain Heal",0x8
4/28 18:50:23.227  SPELL_AURA_REMOVED,Player-4755-015FEBD5,"Sauvage-Dreadmist",0x514,0x0,Creature-0-4457-249-1045-11262-0008A86CB9,"Onyxian Whelp",0xa48,0x0,10187,"Blizzard",0x10,DEBUFF
4/28 18:50:23.248  SPELL_CAST_SUCCESS,Pet-0-4457-249-1045-7456-03003178E8,"Owl",0x1114,0x0,Creature-0-4457-249-1045-11262-0000286CBE,"Onyxian Whelp",0xa48,0x0,3009,"Claw",0x1,Pet-0-4457-249-1045-7456-03003178E8,Player-4755-01B60A5F,100,100,0,0,0,-1,0,0,0,-26.27,-246.13,0,2.7506,62
4/28 18:50:23.248  SPELL_AURA_APPLIED,Player-4755-01FA8DD8,"Roackerita-Dreadmist",0x514,0x0,Player-4755-01802FE5,"Angrybat-Dreadmist",0x514,0x0,6788,"Weakened Soul",0x2,DEBUFF
4/28 18:50:23.248  SPELL_AURA_REMOVED_DOSE,Player-4755-0178F416,"Eltorero-Dreadmist",0x514,0x0,Player-4755-0178F416,"Eltorero-Dreadmist",0x514,0x0,23888,"Bloodthirst",0x1,BUFF,2
4/28 18:50:23.248  SPELL_HEAL,Player-4755-0178F416,"Eltorero-Dreadmist",0x514,0x0,Player-4755-0178F416,"Eltorero-Dreadmist",0x514,0x0,23891,"Bloodthirst",0x1,Player-4755-0178F416,0000000000000000,85,100,0,0,0,-1,0,0,0,-39.33,-240.62,0,1.1770,67,20,20,0,0,nil
4/28 18:50:23.248  SPELL_DAMAGE,Player-4755-016DF694,"Ashalan-Dreadmist",0x514,0x0,Creature-0-4457-249-1045-11262-0008A86CB9,"Onyxian Whelp",0xa48,0x0,17364,"Stormstrike",0x1,Creature-0-4457-249-1045-11262-0008A86CB9,0000000000000000,46,100,0,0,0,-1,0,0,0,-3.29,-191.09,0,0.4340,56,357,573,-1,1,0,0,0,nil,nil,nil
4/28 18:50:23.248  SPELL_AURA_APPLIED,Player-4755-016DF694,"Ashalan-Dreadmist",0x514,0x0,Creature-0-4457-249-1045-11262-0008A86CB9,"Onyxian Whelp",0xa48,0x0,17364,"Stormstrike",0x1,DEBUFF
4/28 18:50:23.248  SPELL_AURA_APPLIED,Player-4755-02045EF4,"Necrosini-Dreadmist",0x512,0x0,Player-4755-016296D3,"Nivl-Dreadmist",0x514,0x0,10929,"Renew",0x2,BUFF
4/28 18:50:23.248  SPELL_DAMAGE,Player-4755-01733879,"Hocwar-Dreadmist",0x40514,0x0,Creature-0-4457-249-1045-11262-0000286CBE,"Onyxian Whelp",0xa48,0x0,11601,"Revenge",0x1,Creature-0-4457-249-1045-11262-0000286CBE,0000000000000000,24,100,0,0,0,-1,0,0,0,-28.23,-245.79,0,0.0518,56,40,58,-1,1,0,0,0,nil,nil,nil
4/28 18:50:23.248  SPELL_HEAL,Player-4755-0210153A,"Hapuseneb-Dreadmist",0x514,0x0,Player-4755-01733879,"Hocwar-Dreadmist",0x40514,0x0,6064,"Heal",0x2,Player-4755-01733879,0000000000000000,71,100,0,0,0,-1,0,0,0,-26.41,-245.59,0,2.2012,71,1351,1351,0,0,nil
4/28 18:50:23.248  SPELL_DAMAGE,Player-4755-01802FE5,"Angrybat-Dreadmist",0x514,0x0,Creature-0-4457-249-1045-11262-0006A86CB9,"Onyxian Whelp",0xa48,0x0,10202,"Arcane Explosion",0x40,Creature-0-4457-249-1045-11262-0006A86CB9,0000000000000000,13,100,0,0,0,-1,0,0,0,-13.34,-200.09,0,1.9177,56,308,307,-1,64,0,0,0,nil,nil,nil
4/28 18:50:23.248  SPELL_AURA_REMOVED,Player-4755-01802FE5,"Angrybat-Dreadmist",0x514,0x0,Creature-0-4457-249-1045-11262-0002A86CB9,"Onyxian Whelp",0xa48,0x0,10161,"Cone of Cold",0x10,DEBUFF
4/28 18:50:23.248  SPELL_AURA_REMOVED,Player-4755-01802FE5,"Angrybat-Dreadmist",0x514,0x0,Creature-0-4457-249-1045-11262-0002A86CB9,"Onyxian Whelp",0xa48,0x0,12579,"Winter's Chill",0x10,DEBUFF
4/28 18:50:23.248  SPELL_AURA_REMOVED,Player-4755-015FEBD5,"Sauvage-Dreadmist",0x514,0x0,Creature-0-4457-249-1045-11262-0002A86CB9,"Onyxian Whelp",0xa48,0x0,10187,"Blizzard",0x10,DEBUFF
4/28 18:50:23.248  SPELL_DAMAGE,Player-4755-01802FE5,"Angrybat-Dreadmist",0x514,0x0,Creature-0-4457-249-1045-11262-0002A86CB9,"Onyxian Whelp",0xa48,0x0,10202,"Arcane Explosion",0x40,Creature-0-4457-249-1045-11262-0002A86CB9,0000000000000000,0,100,0,0,0,-1,0,0,0,-16.78,-198.55,0,0.9418,56,469,312,466,64,0,0,0,1,nil,nil
4/28 18:50:23.248  SPELL_AURA_REMOVED,Player-4755-01802FE5,"Angrybat-Dreadmist",0x514,0x0,Creature-0-4457-249-1045-11262-0001286CB9,"Onyxian Whelp",0xa48,0x0,10161,"Cone of Cold",0x10,DEBUFF
4/28 18:50:23.248  SPELL_AURA_REMOVED,Player-4755-01802FE5,"Angrybat-Dreadmist",0x514,0x0,Creature-0-4457-249-1045-11262-0001286CB9,"Onyxian Whelp",0xa48,0x0,12579,"Winter's Chill",0x10,DEBUFF
4/28 18:50:23.248  SPELL_AURA_REMOVED,Player-4755-015FEBD5,"Sauvage-Dreadmist",0x514,0x0,Creature-0-4457-249-1045-11262-0001286CB9,"Onyxian Whelp",0xa48,0x0,10187,"Blizzard",0x10,DEBUFF
4/28 18:50:23.248  SPELL_DAMAGE,Player-4755-01802FE5,"Angrybat-Dreadmist",0x514,0x0,Creature-0-4457-249-1045-11262-0001286CB9,"Onyxian Whelp",0xa48,0x0,10202,"Arcane Explosion",0x40,Creature-0-4457-249-1045-11262-0001286CB9,0000000000000000,0,100,0,0,0,-1,0,0,0,-16.50,-197.66,0,0.8975,56,318,317,83,64,0,0,0,nil,nil,nil
4/28 18:50:23.248  SPELL_DAMAGE,Player-4755-01802FE5,"Angrybat-Dreadmist",0x514,0x0,Creature-0-4457-249-1045-11262-0000A86CB9,"Onyxian Whelp",0xa48,0x0,10202,"Arcane Explosion",0x40,Creature-0-4457-249-1045-11262-0000A86CB9,0000000000000000,6,100,0,0,0,-1,0,0,0,-13.66,-194.58,0,0.9512,56,304,304,-1,64,0,0,0,nil,nil,nil
4/28 18:50:23.248  SPELL_HEAL,Player-4755-01804B95,"Moymoy-Dreadmist",0x514,0x0,Player-4755-0160BD13,"Mafkees-Dreadmist",0x514,0x0,939,"Healing Wave",0x8,Player-4755-0160BD13,0000000000000000,100,100,0,0,0,-1,0,0,0,-12.65,-198.79,0,4.3024,64,1374,1374,1374,0,1
4/28 18:50:23.248  SPELL_AURA_APPLIED,Player-4755-01804B95,"Moymoy-Dreadmist",0x514,0x0,Player-4755-0160BD13,"Mafkees-Dreadmist",0x514,0x0,29203,"Healing Way",0x2,BUFF
4/28 18:50:23.248  SPELL_DAMAGE,Pet-0-4457-249-1045-7456-03003178E8,"Owl",0x1114,0x0,Creature-0-4457-249-1045-11262-0000286CBE,"Onyxian Whelp",0xa48,0x0,3009,"Claw",0x1,Creature-0-4457-249-1045-11262-0000286CBE,0000000000000000,23,100,0,0,0,-1,0,0,0,-28.23,-245.79,0,0.0518,56,44,63,-1,1,0,0,0,nil,nil,nil
4/28 18:50:23.279  SPELL_CAST_START,Player-4755-0178F576,"Atreas-Dreadmist",0x514,0x0,0000000000000000,nil,0x80000000,0x80000000,75,"Auto Shot",0x1
4/28 18:50:23.279  SWING_DAMAGE,Player-4755-0160BD13,"Mafkees-Dreadmist",0x514,0x0,Creature-0-4457-249-1045-11262-0006A86CB9,"Onyxian Whelp",0xa48,0x0,Player-4755-0160BD13,0000000000000000,100,100,0,0,0,-1,0,0,0,-12.85,-198.70,0,4.3024,64,374,600,18,1,0,0,0,nil,nil,nil
4/28 18:50:23.296  SPELL_CAST_START,Player-4755-0210153A,"Hapuseneb-Dreadmist",0x514,0x0,0000000000000000,nil,0x80000000,0x80000000,10965,"Greater Heal",0x2
4/28 18:50:23.368  SPELL_DAMAGE,Player-4755-01614AC7,"Mirrimazduur-Dreadmist",0x512,0x0,Creature-0-4457-249-1045-10184-000028665C,"Onyxia",0x10a48,0x0,11661,"Shadow Bolt",0x20,Creature-0-4457-249-1045-10184-000028665C,0000000000000000,49,100,0,0,0,-1,0,0,0,24.88,-215.77,0,4.1231,63,1152,872,-1,32,0,0,0,nil,nil,nil
4/28 18:50:23.387  SPELL_CAST_START,Player-4755-01614AC7,"Mirrimazduur-Dreadmist",0x512,0x0,0000000000000000,nil,0x80000000,0x80000000,11672,"Corruption",0x20
4/28 18:50:23.387  SPELL_CAST_SUCCESS,Player-4755-01614AC7,"Mirrimazduur-Dreadmist",0x512,0x0,Creature-0-4457-249-1045-10184-000028665C,"Onyxia",0x10a48,0x0,11672,"Corruption",0x20,Player-4755-01614AC7,0000000000000000,100,100,0,0,0,-1,0,0,0,9.05,-176.14,0,4.7425,68
4/28 18:50:23.425  SPELL_AURA_REMOVED,Player-4755-015FEBD5,"Sauvage-Dreadmist",0x514,0x0,Creature-0-4457-249-1045-11262-0000A86CB9,"Onyxian Whelp",0xa48,0x0,10187,"Blizzard",0x10,DEBUFF
4/28 18:50:23.425  SPELL_AURA_REMOVED,Player-4755-01802FE5,"Angrybat-Dreadmist",0x514,0x0,Creature-0-4457-249-1045-11262-0000A86CB9,"Onyxian Whelp",0xa48,0x0,10161,"Cone of Cold",0x10,DEBUFF
4/28 18:50:23.425  SPELL_AURA_REMOVED,Player-4755-01802FE5,"Angrybat-Dreadmist",0x514,0x0,Creature-0-4457-249-1045-11262-0000A86CB9,"Onyxian Whelp",0xa48,0x0,12579,"Winter's Chill",0x10,DEBUFF
4/28 18:50:23.425  SPELL_PERIODIC_DAMAGE,Player-4755-015FEBD5,"Sauvage-Dreadmist",0x514,0x0,Creature-0-4457-249-1045-11262-0000A86CB9,"Onyxian Whelp",0xa48,0x0,10187,"Blizzard",0x10,Creature-0-4457-249-1045-11262-0000A86CB9,0000000000000000,0,100,0,0,0,-1,0,0,0,-13.77,-194.56,0,0.9512,56,179,179,12,16,0,0,0,nil,nil,nil
4/28 18:50:23.425  SPELL_PERIODIC_DAMAGE,Player-4755-015FEBD5,"Sauvage-Dreadmist",0x514,0x0,Creature-0-4457-249-1045-11262-0006A86CB9,"Onyxian Whelp",0xa48,0x0,10187,"Blizzard",0x10,Creature-0-4457-249-1045-11262-0006A86CB9,0000000000000000,7,100,0,0,0,-1,0,0,0,-13.34,-200.09,0,1.9177,56,179,179,-1,16,0,0,0,nil,nil,nil
4/28 18:50:23.425  SPELL_DAMAGE,Creature-0-4457-249-1045-10184-000028665C,"Onyxia",0x10a48,0x0,Player-4755-020BD78D,"Lonehunter-Dreadmist",0x514,0x0,18392,"Fireball",0x4,Player-4755-020BD78D,0000000000000000,65,100,0,0,0,-1,0,0,0,-6.98,-174.70,0,5.4354,70,1596,2127,-1,4,532,0,0,nil,nil,nil
4/28 18:50:23.446  RANGE_DAMAGE,Player-4755-01E83279,"Nlmasters-Dreadmist",0x514,0x8,Creature-0-4457-249-1045-10184-000028665C,"Onyxia",0x10a48,0x0,75,"Auto Shot",0x1,Creature-0-4457-249-1045-10184-000028665C,0000000000000000,49,100,0,0,0,-1,0,0,0,24.88,-215.77,0,4.1231,63,351,445,-1,1,0,0,0,nil,nil,nil
4/28 18:50:23.446  SPELL_CAST_START,Player-4755-020BD78D,"Lonehunter-Dreadmist",0x514,0x0,0000000000000000,nil,0x80000000,0x80000000,75,"Auto Shot",0x1
4/28 18:50:23.498  SPELL_PERIODIC_ENERGIZE,Creature-0-4457-249-1045-7416-0000286CBA,"Mana Spring Totem IV",0x2114,0x0,Player-4755-01ED7A64,"Sperzieboon-Dreadmist",0x514,0x0,10494,"Mana Spring",0x8,Player-4755-01ED7A64,0000000000000000,100,100,0,0,0,-1,0,0,0,10.91,-179.32,0,5.8690,67,13.0000,0.0000,0,7261
4/28 18:50:23.533  SPELL_PERIODIC_ENERGIZE,Player-4755-0220BD00,"Krikoff-Dreadmist",0x40514,0x0,Player-4755-0220BD00,"Krikoff-Dreadmist",0x40514,0x0,29131,"Bloodrage",0x1,Player-4755-0220BD00,0000000000000000,100,100,0,0,0,-1,0,0,0,29.47,-223.43,0,4.3618,68,1.0000,0.0000,1,1000
4/28 18:50:23.574  SWING_DAMAGE,Player-4755-01733879,"Hocwar-Dreadmist",0x40514,0x0,Creature-0-4457-249-1045-11262-0000286CBE,"Onyxian Whelp",0xa48,0x0,Player-4755-01733879,0000000000000000,71,100,0,0,0,-1,0,0,0,-26.70,-245.80,0,2.2012,71,346,250,-1,1,0,0,0,1,nil,nil
4/28 18:50:23.610  SPELL_PERIODIC_ENERGIZE,Creature-0-4457-249-1045-7416-0000286CBA,"Mana Spring Totem IV",0x2114,0x0,Player-4755-01804B95,"Moymoy-Dreadmist",0x514,0x0,10494,"Mana Spring",0x8,Player-4755-01804B95,0000000000000000,100,100,0,0,0,-1,0,0,0,13.46,-179.10,0,4.6602,66,12.0000,0.0000,0,5366
4/28 18:50:23.627  SWING_DAMAGE,Creature-0-4457-249-1045-11262-0008A86CB9,"Onyxian Whelp",0xa48,0x0,Player-4755-01840577,"Raggèn-Dreadmist",0x514,0x0,Creature-0-4457-249-1045-11262-0008A86CB9,0000000000000000,46,100,0,0,0,-1,0,0,0,-3.29,-191.09,0,0.4340,56,289,433,-1,1,0,0,0,nil,nil,nil
4/28 18:50:23.648  UNIT_DIED,0000000000000000,nil,0x80000000,0x80000000,Creature-0-4457-249-1045-11262-0000A86CB9,"Onyxian Whelp",0xa48,0x0
4/28 18:50:23.648  UNIT_DIED,0000000000000000,nil,0x80000000,0x80000000,Creature-0-4457-249-1045-11262-0002A86CB9,"Onyxian Whelp",0xa48,0x0
4/28 18:50:23.648  UNIT_DIED,0000000000000000,nil,0x80000000,0x80000000,Creature-0-4457-249-1045-11262-0001286CB9,"Onyxian Whelp",0xa48,0x0
4/28 18:50:23.673  SPELL_AURA_APPLIED,Player-4755-01802FE5,"Angrybat-Dreadmist",0x514,0x0,Player-4755-01802FE5,"Angrybat-Dreadmist",0x514,0x0,12536,"Clearcasting",0x40,BUFF
4/28 18:50:23.673  SPELL_AURA_REMOVED,Player-4755-015FEBD5,"Sauvage-Dreadmist",0x514,0x0,Creature-0-4457-249-1045-11262-0006A86CB9,"Onyxian Whelp",0xa48,0x0,10187,"Blizzard",0x10,DEBUFF
4/28 18:50:23.673  SPELL_AURA_REMOVED,Player-4755-015FEBD5,"Sauvage-Dreadmist",0x514,0x0,Creature-0-4457-249-1045-11262-0006A86CB9,"Onyxian Whelp",0xa48,0x0,10230,"Frost Nova",0x10,DEBUFF
4/28 18:50:23.673  SPELL_AURA_REMOVED,Player-4755-01802FE5,"Angrybat-Dreadmist",0x514,0x0,Creature-0-4457-249-1045-11262-0006A86CB9,"Onyxian Whelp",0xa48,0x0,12579,"Winter's Chill",0x10,DEBUFF
4/28 18:50:23.673  SPELL_AURA_REMOVED,Player-4755-01802FE5,"Angrybat-Dreadmist",0x514,0x0,Creature-0-4457-249-1045-11262-0006A86CB9,"Onyxian Whelp",0xa48,0x0,10161,"Cone of Cold",0x10,DEBUFF
4/28 18:50:23.673  SWING_DAMAGE_LANDED,Player-4755-0160BD13,"Mafkees-Dreadmist",0x514,0x0,Creature-0-4457-249-1045-11262-0006A86CB9,"Onyxian Whelp",0xa48,0x0,Creature-0-4457-249-1045-11262-0006A86CB9,0000000000000000,0,100,0,0,0,-1,0,0,0,-13.34,-200.09,0,2.2834,56,374,600,197,1,0,0,0,nil,nil,nil
4/28 18:50:23.673  SPELL_AURA_APPLIED,Player-4755-01614AC7,"Mirrimazduur-Dreadmist",0x512,0x0,Creature-0-4457-249-1045-10184-000028665C,"Onyxia",0x10a48,0x0,11672,"Corruption",0x20,DEBUFF
4/28 18:50:23.673  SWING_DAMAGE_LANDED,Player-4755-01733879,"Hocwar-Dreadmist",0x40514,0x0,Creature-0-4457-249-1045-11262-0000286CBE,"Onyxian Whelp",0xa48,0x0,Creature-0-4457-249-1045-11262-0000286CBE,0000000000000000,10,100,0,0,0,-1,0,0,0,-28.23,-245.79,0,0.0518,56,346,250,-1,1,0,0,0,1,nil,nil
4/28 18:50:23.673  SPELL_AURA_REMOVED,Player-4755-01840577,"Raggèn-Dreadmist",0x514,0x0,Player-4755-01840577,"Raggèn-Dreadmist",0x514,0x0,10432,"Lightning Shield",0x8,BUFF
4/28 18:50:23.673  SWING_DAMAGE_LANDED,Creature-0-4457-249-1045-11262-0008A86CB9,"Onyxian Whelp",0xa48,0x0,Player-4755-01840577,"Raggèn-Dreadmist",0x514,0x0,Player-4755-01840577,0000000000000000,94,100,0,0,0,-1,0,0,0,-3.17,-187.79,0,4.4493,67,289,433,-1,1,0,0,0,nil,nil,nil
4/28 18:50:23.673  SPELL_PERIODIC_HEAL,Player-4755-01FA8DD8,"Roackerita-Dreadmist",0x514,0x0,Player-4755-0220BD00,"Krikoff-Dreadmist",0x40514,0x0,6078,"Renew",0x2,Player-4755-0220BD00,0000000000000000,100,100,0,0,0,-1,0,0,0,28.93,-224.39,0,4.2215,68,236,236,236,0,nil
4/28 18:50:23.673  SPELL_AURA_REMOVED,Player-4755-01FA8DD8,"Roackerita-Dreadmist",0x514,0x0,Player-4755-0220BD00,"Krikoff-Dreadmist",0x40514,0x0,6078,"Renew",0x2,BUFF
4/28 18:50:23.699  SPELL_CAST_SUCCESS,Player-4755-0178F576,"Atreas-Dreadmist",0x514,0x0,Creature-0-4457-249-1045-10184-000028665C,"Onyxia",0x10a48,0x0,75,"Auto Shot",0x1,Player-4755-0178F576,0000000000000000,95,100,0,0,0,-1,0,0,0,-30.18,-191.53,0,5.5883,66
4/28 18:50:23.699  SWING_DAMAGE,Player-4755-01733879,"Hocwar-Dreadmist",0x40514,0x0,Creature-0-4457-249-1045-11262-0000286CBE,"Onyxian Whelp",0xa48,0x0,Player-4755-01733879,0000000000000000,71,100,0,0,0,-1,0,0,0,-26.93,-245.98,0,2.2012,71,175,126,-1,1,0,0,0,1,nil,nil
4/28 18:50:23.718  SPELL_PERIODIC_HEAL,Player-4755-02045EF4,"Necrosini-Dreadmist",0x512,0x0,Player-4755-01840577,"Raggèn-Dreadmist",0x514,0x0,10929,"Renew",0x2,Player-4755-01840577,0000000000000000,99,100,0,0,0,-1,0,0,0,-3.12,-187.59,0,4.4493,67,254,254,0,0,nil
4/28 18:50:23.789  SPELL_CAST_SUCCESS,Player-4755-01ED7A64,"Sperzieboon-Dreadmist",0x514,0x0,Player-4755-016296D3,"Nivl-Dreadmist",0x514,0x0,10917,"Flash Heal",0x2,Player-4755-01ED7A64,0000000000000000,100,100,0,0,0,-1,0,0,0,10.91,-179.32,0,5.8690,67
4/28 18:50:23.841  SPELL_AURA_APPLIED,Player-4755-016DF694,"Ashalan-Dreadmist",0x514,0x0,Player-4755-016DF694,"Ashalan-Dreadmist",0x514,0x0,16361,"Windfury Weapon",0x8,BUFF
4/28 18:50:23.841  SPELL_EXTRA_ATTACKS,Player-4755-016DF694,"Ashalan-Dreadmist",0x514,0x0,Player-4755-016DF694,"Ashalan-Dreadmist",0x514,0x0,16361,"Windfury Weapon",0x8,2
4/28 18:50:23.841  SWING_DAMAGE,Player-4755-016DF694,"Ashalan-Dreadmist",0x514,0x0,Creature-0-4457-249-1045-11262-0008A86CB9,"Onyxian Whelp",0xa48,0x0,Player-4755-016DF694,0000000000000000,100,100,0,0,0,-1,0,0,0,-4.20,-195.06,0,0.6919,67,726,583,-1,1,0,0,0,1,nil,nil
4/28 18:50:23.860  SWING_DAMAGE,Player-4755-016DF694,"Ashalan-Dreadmist",0x514,0x0,Creature-0-4457-249-1045-11262-0008A86CB9,"Onyxian Whelp",0xa48,0x0,Player-4755-016DF694,0000000000000000,100,100,0,0,0,-1,0,0,0,-4.12,-195.15,0,0.7343,67,913,735,-1,1,0,0,0,1,nil,nil
4/28 18:50:23.860  SWING_DAMAGE,Player-4755-016DF694,"Ashalan-Dreadmist",0x514,0x0,Creature-0-4457-249-1045-11262-0008A86CB9,"Onyxian Whelp",0xa48,0x0,Player-4755-016DF694,0000000000000000,100,100,0,0,0,-1,0,0,0,-4.12,-195.15,0,0.7343,67,447,719,-1,1,0,0,0,nil,nil,nil
4/28 18:50:23.902  SPELL_CAST_SUCCESS,Player-4755-020BD78D,"Lonehunter-Dreadmist",0x514,0x0,Creature-0-4457-249-1045-10184-000028665C,"Onyxia",0x10a48,0x0,75,"Auto Shot",0x1,Player-4755-020BD78D,0000000000000000,65,100,0,0,0,-1,0,0,0,-6.98,-174.70,0,5.4354,70
4/28 18:50:23.902  SPELL_AURA_APPLIED,Player-4755-020BD78D,"Lonehunter-Dreadmist",0x514,0x0,Player-4755-020BD78D,"Lonehunter-Dreadmist",0x514,0x0,6150,"Quick Shots",0x1,BUFF
4/28 18:50:23.996  SWING_DAMAGE,Creature-0-4457-249-1045-11262-0000286CBE,"Onyxian Whelp",0xa48,0x0,Player-4755-01733879,"Hocwar-Dreadmist",0x40514,0x0,Creature-0-4457-249-1045-11262-0000286CBE,0000000000000000,10,100,0,0,0,-1,0,0,0,-28.23,-245.79,0,0.0518,56,167,371,-1,1,0,0,0,nil,nil,nil
4/28 18:50:24.014  SPELL_CAST_START,Player-4755-01E83279,"Nlmasters-Dreadmist",0x514,0x8,0000000000000000,nil,0x80000000,0x80000000,75,"Auto Shot",0x1
4/28 18:50:24.031  SPELL_AURA_REFRESH,Player-4755-0178F416,"Eltorero-Dreadmist",0x514,0x0,Player-4755-0178F416,"Eltorero-Dreadmist",0x514,0x0,20007,"Holy Strength",0x2,BUFF
4/28 18:50:24.031  SPELL_HEAL,Player-4755-0178F416,"Eltorero-Dreadmist",0x514,0x0,Player-4755-0178F416,"Eltorero-Dreadmist",0x514,0x0,20007,"Holy Strength",0x2,Player-4755-0178F416,0000000000000000,87,100,0,0,0,-1,0,0,0,-40.59,-240.16,0,1.1770,67,104,104,0,0,nil
4/28 18:50:24.031  SWING_DAMAGE,Player-4755-0178F416,"Eltorero-Dreadmist",0x514,0x0,Creature-0-4457-249-1045-11262-0007A86CB9,"Onyxian Whelp",0xa48,0x0,Player-4755-0178F416,0000000000000000,87,100,0,0,0,-1,0,0,0,-40.59,-240.16,0,1.1770,67,391,633,89,1,0,0,0,nil,nil,nil
4/28 18:50:24.031  SPELL_CAST_SUCCESS,Pet-0-4457-249-1045-7432-01002D8BC6,"Cat",0x1114,0x0,Creature-0-4457-249-1045-10184-000028665C,"Onyxia",0x10a48,0x0,3009,"Claw",0x1,Pet-0-4457-249-1045-7432-01002D8BC6,Player-4755-01E83279,58,100,0,0,0,-1,0,0,0,13.13,-215.17,0,6.2034,70
4/28 18:50:24.031  SPELL_MISSED,Pet-0-4457-249-1045-7432-01002D8BC6,"Cat",0x1114,0x0,Creature-0-4457-249-1045-10184-000028665C,"Onyxia",0x10a48,0x0,3009,"Claw",0x1,MISS,nil
4/28 18:50:24.054  UNIT_DIED,0000000000000000,nil,0x80000000,0x80000000,Creature-0-4457-249-1045-11262-0006A86CB9,"Onyxian Whelp",0xa48,0x0
4/28 18:50:24.075  SPELL_AURA_REMOVED,Player-4755-01BC57A3,"Saintis-Dreadmist",0x511,0x0,Player-4755-0160BD13,"Mafkees-Dreadmist",0x514,0x0,15359,"Inspiration",0x2,BUFF
4/28 18:50:24.075  SPELL_AURA_APPLIED,Player-4755-01804B95,"Moymoy-Dreadmist",0x514,0x0,Player-4755-0160BD13,"Mafkees-Dreadmist",0x514,0x0,16237,"Ancestral Fortitude",0x2,BUFF
4/28 18:50:24.075  SPELL_AURA_REMOVED_DOSE,Player-4755-0160BD13,"Mafkees-Dreadmist",0x514,0x0,Player-4755-0160BD13,"Mafkees-Dreadmist",0x514,0x0,14204,"Enrage",0x1,BUFF,7
4/28 18:50:24.075  SPELL_AURA_REMOVED_DOSE,Player-4755-0160BD13,"Mafkees-Dreadmist",0x514,0x0,Player-4755-0160BD13,"Mafkees-Dreadmist",0x514,0x0,12970,"Flurry",0x1,BUFF,2
4/28 18:50:24.075  SPELL_AURA_REMOVED_DOSE,Player-4755-0160BD13,"Mafkees-Dreadmist",0x514,0x0,Player-4755-0160BD13,"Mafkees-Dreadmist",0x514,0x0,23888,"Bloodthirst",0x1,BUFF,3
4/28 18:50:24.075  SPELL_HEAL,Player-4755-0160BD13,"Mafkees-Dreadmist",0x514,0x0,Player-4755-0160BD13,"Mafkees-Dreadmist",0x514,0x0,23891,"Bloodthirst",0x1,Player-4755-0160BD13,0000000000000000,100,100,0,0,0,-1,0,0,0,-15.24,-197.19,0,4.3299,64,20,20,20,0,nil
4/28 18:50:24.075  SPELL_AURA_REMOVED_DOSE,Player-4755-01733879,"Hocwar-Dreadmist",0x40514,0x0,Player-4755-01733879,"Hocwar-Dreadmist",0x40514,0x0,12970,"Flurry",0x1,BUFF,1
4/28 18:50:24.075  SPELL_AURA_APPLIED_DOSE,Player-4755-01733879,"Hocwar-Dreadmist",0x40514,0x0,Player-4755-01733879,"Hocwar-Dreadmist",0x40514,0x0,12970,"Flurry",0x1,BUFF,3
4/28 18:50:24.075  DAMAGE_SHIELD,Player-4755-01840577,"Raggèn-Dreadmist",0x514,0x0,Creature-0-4457-249-1045-11262-0008A86CB9,"Onyxian Whelp",0xa48,0x0,11771,"Fire Shield",0x4,Creature-0-4457-249-1045-11262-0008A86CB9,0000000000000000,45,100,0,0,0,-1,0,0,0,-3.03,-189.47,0,1.4126,56,15,13,-1,4,0,0,0,nil,nil,nil
4/28 18:50:24.075  SWING_DAMAGE_LANDED,Player-4755-01733879,"Hocwar-Dreadmist",0x40514,0x0,Creature-0-4457-249-1045-11262-0000286CBE,"Onyxian Whelp",0xa48,0x0,Creature-0-4457-249-1045-11262-0000286CBE,0000000000000000,4,100,0,0,0,-1,0,0,0,-28.01,-245.79,0,0.0250,56,175,126,-1,1,0,0,0,1,nil,nil
4/28 18:50:24.075  SPELL_HEAL,Player-4755-01ED7A64,"Sperzieboon-Dreadmist",0x514,0x0,Player-4755-016296D3,"Nivl-Dreadmist",0x514,0x0,10917,"Flash Heal",0x2,Player-4755-016296D3,0000000000000000,100,100,0,0,0,-1,0,0,0,-15.90,-186.24,0,4.5764,69,1724,1724,634,0,1
4/28 18:50:24.075  SWING_DAMAGE_LANDED,Player-4755-016DF694,"Ashalan-Dreadmist",0x514,0x0,Creature-0-4457-249-1045-11262-0008A86CB9,"Onyxian Whelp",0xa48,0x0,Creature-0-4457-249-1045-11262-0008A86CB9,0000000000000000,19,100,0,0,0,-1,0,0,0,-3.03,-189.47,0,1.4126,56,726,583,-1,1,0,0,0,1,nil,nil
4/28 18:50:24.075  SPELL_AURA_REMOVED,Player-4755-016DF694,"Ashalan-Dreadmist",0x514,0x0,Creature-0-4457-249-1045-11262-0008A86CB9,"Onyxian Whelp",0xa48,0x0,17364,"Stormstrike",0x1,DEBUFF
4/28 18:50:24.075  SPELL_AURA_REMOVED,Player-4755-01840577,"Raggèn-Dreadmist",0x514,0x0,Creature-0-4457-249-1045-11262-0008A86CB9,"Onyxian Whelp",0xa48,0x0,23605,"Spell Vulnerability",0x1,DEBUFF
4/28 18:50:24.075  SPELL_AURA_REMOVED,Creature-0-4457-249-1045-2630-0000286CD4,"Earthbind Totem",0x2114,0x0,Creature-0-4457-249-1045-11262-0008A86CB9,"Onyxian Whelp",0xa48,0x0,3600,"Earthbind",0x8,DEBUFF
4/28 18:50:24.075  SWING_DAMAGE_LANDED,Player-4755-016DF694,"Ashalan-Dreadmist",0x514,0x0,Creature-0-4457-249-1045-11262-0008A86CB9,"Onyxian Whelp",0xa48,0x0,Creature-0-4457-249-1045-11262-0008A86CB9,0000000000000000,0,100,0,0,0,-1,0,0,0,-3.03,-189.47,0,4.7570,56,913,735,413,1,0,0,0,1,nil,nil
4/28 18:50:24.075  SWING_DAMAGE_LANDED,Player-4755-016DF694,"Ashalan-Dreadmist",0x514,0x0,Creature-0-4457-249-1045-11262-0008A86CB9,"Onyxian Whelp",0xa48,0x0,Creature-0-4457-249-1045-11262-0008A86CB9,0000000000000000,0,100,0,0,0,-1,0,0,0,-3.03,-189.47,0,4.7570,56,447,719,-1,1,0,0,0,nil,nil,nil
4/28 18:50:24.075  SWING_DAMAGE_LANDED,Creature-0-4457-249-1045-11262-0000286CBE,"Onyxian Whelp",0xa48,0x0,Player-4755-01733879,"Hocwar-Dreadmist",0x40514,0x0,Player-4755-01733879,0000000000000000,69,100,0,0,0,-1,0,0,0,-25.91,-244.96,0,2.9787,71,167,371,-1,1,0,0,0,nil,nil,nil
4/28 18:50:24.075  SPELL_AURA_REMOVED,Player-4755-0178F416,"Eltorero-Dreadmist",0x514,0x0,Creature-0-4457-249-1045-11262-0007A86CB9,"Onyxian Whelp",0xa48,0x0,7373,"Hamstring",0x1,DEBUFF
4/28 18:50:24.075  SWING_DAMAGE_LANDED,Player-4755-0178F416,"Eltorero-Dreadmist",0x514,0x0,Creature-0-4457-249-1045-11262-0007A86CB9,"Onyxian Whelp",0xa48,0x0,Creature-0-4457-249-1045-11262-0007A86CB9,0000000000000000,0,100,0,0,0,-1,0,0,0,-36.11,-235.11,0,5.0736,57,391,633,89,1,0,0,0,nil,nil,nil
4/28 18:50:24.097  SPELL_PERIODIC_ENERGIZE,Player-4755-01BC57A3,"Saintis-Dreadmist",0x511,0x0,Player-4755-01BC57A3,"Saintis-Dreadmist",0x511,0x0,18194,"Mana Regeneration",0x1,Player-4755-01BC57A3,0000000000000000,100,100,0,0,0,-1,0,0,0,4.60,-195.67,0,3.2960,68,8.0000,0.0000,0,7212
4/28 18:50:24.097  SPELL_DAMAGE,Player-4755-01F36B30,"Rectumqeef-Dreadmist",0x514,0x0,Creature-0-4457-249-1045-10184-000028665C,"Onyxia",0x10a48,0x0,11661,"Shadow Bolt",0x20,Creature-0-4457-249-1045-10184-000028665C,0000000000000000,49,100,0,0,0,-1,0,0,0,24.88,-215.77,0,4.1231,63,1235,935,-1,32,0,0,0,nil,nil,nil
4/28 18:50:24.150  SPELL_CAST_START,Player-4755-01B60A5F,"Zurok-Dreadmist",0x514,0x0,0000000000000000,nil,0x80000000,0x80000000,75,"Auto Shot",0x1
4/28 18:50:24.184  SPELL_DAMAGE,Player-4755-0163DD9D,"Kaspais-Dreadmist",0x514,0x0,Creature-0-4457-249-1045-10184-000028665C,"Onyxia",0x10a48,0x0,10181,"Frostbolt",0x10,Creature-0-4457-249-1045-10184-000028665C,0000000000000000,49,100,0,0,0,-1,0,0,0,24.88,-215.77,0,4.1231,63,1869,849,-1,16,0,0,0,1,nil,nil
4/28 18:50:24.262  SPELL_CAST_SUCCESS,Player-4755-01BC57A3,"Saintis-Dreadmist",0x511,0x0,Pet-0-4457-249-1045-9622-02002CD5BC,"Bokito",0x1114,0x0,2061,"Flash Heal",0x2,Player-4755-01BC57A3,0000000000000000,100,100,0,0,0,-1,0,0,0,4.60,-195.67,0,3.2960,68
4/28 18:50:24.262  SPELL_PERIODIC_ENERGIZE,Creature-0-4457-249-1045-7416-0000286CBA,"Mana Spring Totem IV",0x2114,0x0,Player-4755-01FA8DD8,"Roackerita-Dreadmist",0x514,0x0,10494,"Mana Spring",0x8,Player-4755-01FA8DD8,0000000000000000,100,100,0,0,0,-1,0,0,0,-4.42,-187.22,0,5.9416,69,12.0000,0.0000,0,6736
4/28 18:50:24.303  SPELL_AURA_REMOVED,Player-4755-01F21AE6,"Blahu-Dreadmist",0x40514,0x0,Player-4755-01F21AE6,"Blahu-Dreadmist",0x40514,0x0,21887,"Warrior's Wrath",0x1,BUFF
4/28 18:50:24.354  SPELL_PERIODIC_DAMAGE,Player-4755-01A6B139,"Sakatan-Dreadmist",0x514,0x0,Creature-0-4457-249-1045-10184-000028665C,"Onyxia",0x10a48,0x0,11275,"Rupture",0x1,Creature-0-4457-249-1045-10184-000028665C,0000000000000000,49,100,0,0,0,-1,0,0,0,24.88,-215.77,0,4.1231,63,125,125,-1,1,0,0,0,nil,nil,nil
4/28 18:50:24.388  SPELL_DAMAGE,Player-4755-01E83279,"Nlmasters-Dreadmist",0x514,0x8,Creature-0-4457-249-1045-10184-000028665C,"Onyxia",0x10a48,0x0,14290,"Multi-Shot",0x1,Creature-0-4457-249-1045-10184-000028665C,0000000000000000,49,100,0,0,0,-1,0,0,0,24.88,-215.77,0,4.1231,63,474,600,-1,1,0,0,0,nil,nil,nil
4/28 18:50:24.406  SPELL_CAST_SUCCESS,Player-4755-01A6B139,"Sakatan-Dreadmist",0x514,0x0,Creature-0-4457-249-1045-10184-000028665C,"Onyxia",0x10a48,0x0,11281,"Backstab",0x1,Player-4755-01A6B139,0000000000000000,100,100,0,0,0,-1,0,0,0,32.51,-207.41,0,3.4918,69
4/28 18:50:24.462  UNIT_DIED,0000000000000000,nil,0x80000000,0x80000000,Creature-0-4457-249-1045-11262-0008A86CB9,"Onyxian Whelp",0xa48,0x0
4/28 18:50:24.462  UNIT_DIED,0000000000000000,nil,0x80000000,0x80000000,Creature-0-4457-249-1045-11262-0007A86CB9,"Onyxian Whelp",0xa48,0x0
4/28 18:50:24.462  SPELL_AURA_REMOVED_DOSE,Player-4755-01733879,"Hocwar-Dreadmist",0x40514,0x0,Player-4755-01733879,"Hocwar-Dreadmist",0x40514,0x0,12970,"Flurry",0x1,BUFF,2
4/28 18:50:24.462  SPELL_AURA_APPLIED_DOSE,Player-4755-01733879,"Hocwar-Dreadmist",0x40514,0x0,Player-4755-01733879,"Hocwar-Dreadmist",0x40514,0x0,12970,"Flurry",0x1,BUFF,3
4/28 18:50:24.462  SPELL_AURA_REMOVED_DOSE,Player-4755-016DF694,"Ashalan-Dreadmist",0x514,0x0,Player-4755-016DF694,"Ashalan-Dreadmist",0x514,0x0,16280,"Flurry",0x1,BUFF,1
4/28 18:50:24.462  SPELL_AURA_REMOVED_DOSE,Player-4755-016DF694,"Ashalan-Dreadmist",0x514,0x0,Player-4755-016DF694,"Ashalan-Dreadmist",0x514,0x0,16361,"Windfury Weapon",0x8,BUFF,2
4/28 18:50:24.462  SPELL_AURA_APPLIED_DOSE,Player-4755-016DF694,"Ashalan-Dreadmist",0x514,0x0,Player-4755-016DF694,"Ashalan-Dreadmist",0x514,0x0,16280,"Flurry",0x1,BUFF,3
4/28 18:50:24.462  SPELL_AURA_REMOVED_DOSE,Player-4755-016DF694,"Ashalan-Dreadmist",0x514,0x0,Player-4755-016DF694,"Ashalan-Dreadmist",0x514,0x0,16361,"Windfury Weapon",0x8,BUFF,1
4/28 18:50:24.462  SPELL_AURA_REFRESH,Player-4755-016DF694,"Ashalan-Dreadmist",0x514,0x0,Player-4755-016DF694,"Ashalan-Dreadmist",0x514,0x0,16280,"Flurry",0x1,BUFF
4/28 18:50:24.462  SPELL_AURA_REMOVED_DOSE,Player-4755-0178F416,"Eltorero-Dreadmist",0x514,0x0,Player-4755-0178F416,"Eltorero-Dreadmist",0x514,0x0,12970,"Flurry",0x1,BUFF,1
4/28 18:50:24.462  SPELL_AURA_REMOVED_DOSE,Player-4755-0178F416,"Eltorero-Dreadmist",0x514,0x0,Player-4755-0178F416,"Eltorero-Dreadmist",0x514,0x0,23888,"Bloodthirst",0x1,BUFF,1
4/28 18:50:24.462  SPELL_HEAL,Player-4755-0178F416,"Eltorero-Dreadmist",0x514,0x0,Player-4755-0178F416,"Eltorero-Dreadmist",0x514,0x0,23891,"Bloodthirst",0x1,Player-4755-0178F416,0000000000000000,88,100,0,0,0,-1,0,0,0,-39.36,-239.29,0,0.9924,67,20,20,0,0,nil
4/28 18:50:24.462  SPELL_HEAL,Player-4755-01BC57A3,"Saintis-Dreadmist",0x511,0x0,Pet-0-4457-249-1045-9622-02002CD5BC,"Bokito",0x1114,0x0,2061,"Flash Heal",0x2,Pet-0-4457-249-1045-9622-02002CD5BC,Player-4755-020BD78D,92,100,0,0,0,-1,0,0,0,12.33,-215.26,0,6.2271,70,513,513,0,0,nil
4/28 18:50:24.462  SPELL_DAMAGE,Player-4755-01A6B139,"Sakatan-Dreadmist",0x514,0x0,Creature-0-4457-249-1045-10184-000028665C,"Onyxia",0x10a48,0x0,11281,"Backstab",0x1,Creature-0-4457-249-1045-10184-000028665C,0000000000000000,48,100,0,0,0,-1,0,0,0,24.88,-215.77,0,4.1231,63,443,562,-1,1,0,0,0,nil,nil,nil
4/28 18:50:24.462  SPELL_CAST_SUCCESS,Player-4755-01E83279,"Nlmasters-Dreadmist",0x514,0x8,Creature-0-4457-249-1045-10184-000028665C,"Onyxia",0x10a48,0x0,75,"Auto Shot",0x1,Player-4755-01E83279,0000000000000000,100,100,0,0,0,-1,0,0,0,-31.13,-202.91,0,5.8396,70
4/28 18:50:24.462  SPELL_AURA_REFRESH,Player-4755-01E83279,"Nlmasters-Dreadmist",0x514,0x8,Player-4755-01E83279,"Nlmasters-Dreadmist",0x514,0x8,19879,"Track Dragonkin",0x1,BUFF
4/28 18:50:24.462  SPELL_CAST_SUCCESS,Player-4755-01E83279,"Nlmasters-Dreadmist",0x514,0x8,0000000000000000,nil,0x80000000,0x80000000,19879,"Track Dragonkin",0x1,Player-4755-01E83279,0000000000000000,100,100,0,0,0,-1,0,0,0,-31.13,-202.91,0,5.8396,70
4/28 18:50:24.494  SPELL_CAST_START,Player-4755-01BC57A3,"Saintis-Dreadmist",0x511,0x0,0000000000000000,nil,0x80000000,0x80000000,2055,"Heal",0x2
4/28 18:50:24.549  SPELL_PERIODIC_ENERGIZE,Player-4755-0220BD00,"Krikoff-Dreadmist",0x40514,0x0,Player-4755-0220BD00,"Krikoff-Dreadmist",0x40514,0x0,29131,"Bloodrage",0x1,Player-4755-0220BD00,0000000000000000,100,100,0,0,0,-1,0,0,0,26.71,-225.95,0,2.6821,68,1.0000,0.0000,1,1000
4/28 18:50:24.586  SPELL_PERIODIC_ENERGIZE,Creature-0-4457-249-1045-7416-0000286CC9,"Mana Spring Totem IV",0x2114,0x0,Player-4755-016296D3,"Nivl-Dreadmist",0x514,0x0,10494,"Mana Spring",0x8,Player-4755-016296D3,0000000000000000,100,100,0,0,0,-1,0,0,0,-15.90,-186.24,0,4.5764,69,10.0000,0.0000,0,5845
4/28 18:50:24.586  SPELL_PERIODIC_ENERGIZE,Creature-0-4457-249-1045-7416-0000286CC9,"Mana Spring Totem IV",0x2114,0x0,Player-4755-0178F576,"Atreas-Dreadmist",0x514,0x0,10494,"Mana Spring",0x8,Player-4755-0178F576,0000000000000000,95,100,0,0,0,-1,0,0,0,-30.18,-191.53,0,5.5883,66,10.0000,0.0000,0,3765
4/28 18:50:24.602  SPELL_CAST_SUCCESS,Player-4755-01B60A5F,"Zurok-Dreadmist",0x514,0x0,Creature-0-4457-249-1045-11262-0000286CBE,"Onyxian Whelp",0xa48,0x0,75,"Auto Shot",0x1,Player-4755-01B60A5F,0000000000000000,100,100,0,0,0,-1,0,0,0,-0.87,-247.51,0,3.0415,62
4/28 18:50:24.620  SPELL_CAST_SUCCESS,Player-4755-01802FE5,"Angrybat-Dreadmist",0x514,0x0,0000000000000000,nil,0x80000000,0x80000000,10202,"Arcane Explosion",0x40,Player-4755-01802FE5,0000000000000000,100,100,0,0,0,-1,0,0,0,-8.94,-189.06,0,5.1124,66
4/28 18:50:24.620  SPELL_AURA_REMOVED,Player-4755-01802FE5,"Angrybat-Dreadmist",0x514,0x0,Player-4755-01802FE5,"Angrybat-Dreadmist",0x514,0x0,12536,"Clearcasting",0x40,BUFF
4/28 18:50:24.672  SPELL_CAST_SUCCESS,Player-4755-01FA8DD8,"Roackerita-Dreadmist",0x514,0x0,Player-4755-01617EEE,"Fenix-Dreadmist",0x512,0x0,6078,"Renew",0x2,Player-4755-01FA8DD8,0000000000000000,100,100,0,0,0,-1,0,0,0,-4.42,-187.22,0,5.7625,69
4/28 18:50:24.672  SPELL_CAST_SUCCESS,Player-4755-02045EF4,"Necrosini-Dreadmist",0x512,0x0,Player-4755-020BD78D,"Lonehunter-Dreadmist",0x514,0x0,10929,"Renew",0x2,Player-4755-02045EF4,0000000000000000,100,100,0,0,0,-1,0,0,0,4.27,-191.92,0,3.8120,69
4/28 18:50:24.726  SPELL_CAST_SUCCESS,Player-4755-0163DD9D,"Kaspais-Dreadmist",0x514,0x0,Creature-0-4457-249-1045-10184-000028665C,"Onyxia",0x10a48,0x0,10181,"Frostbolt",0x10,Player-4755-0163DD9D,0000000000000000,100,100,0,0,0,-1,0,0,0,-21.59,-193.96,0,5.9548,66
4/28 18:50:24.726  SPELL_CAST_START,Player-4755-0163DD9D,"Kaspais-Dreadmist",0x514,0x0,0000000000000000,nil,0x80000000,0x80000000,10181,"Frostbolt",0x10
4/28 18:50:24.797  SPELL_PERIODIC_ENERGIZE,Creature-0-4457-249-1045-7416-0000286CBA,"Mana Spring Totem IV",0x2114,0x0,Player-4755-015FEBD5,"Sauvage-Dreadmist",0x514,0x0,10494,"Mana Spring",0x8,Player-4755-015FEBD5,0000000000000000,100,100,0,0,0,-1,0,0,0,0.61,-199.35,0,2.9751,64,12.0000,0.0000,0,6158
4/28 18:50:24.814  SWING_DAMAGE,Pet-0-4457-249-1045-7456-03003178E8,"Owl",0x1114,0x0,Creature-0-4457-249-1045-11262-0000286CBE,"Onyxian Whelp",0xa48,0x0,Pet-0-4457-249-1045-7456-03003178E8,Player-4755-01B60A5F,100,100,0,0,0,-1,0,0,0,-26.27,-246.13,0,2.7506,62,123,179,27,1,0,0,0,nil,nil,nil
4/28 18:50:24.853  SPELL_CAST_SUCCESS,Pet-0-4457-249-1045-7456-03003178E8,"Owl",0x1114,0x0,Creature-0-4457-249-1045-11262-0000286CBE,"Onyxian Whelp",0xa48,0x0,3009,"Claw",0x1,Pet-0-4457-249-1045-7456-03003178E8,Player-4755-01B60A5F,100,100,0,0,0,-1,0,0,0,-26.27,-246.13,0,2.7506,62
4/28 18:50:24.853  SPELL_ENERGIZE,Player-4755-01733879,"Hocwar-Dreadmist",0x40514,0x0,Player-4755-01733879,"Hocwar-Dreadmist",0x40514,0x0,12964,"Unbridled Wrath",0x1,Player-4755-01733879,0000000000000000,69,100,0,0,0,-1,0,0,0,-24.95,-244.80,0,3.3129,71,1.0000,0.0000,1,1000
4/28 18:50:24.853  SPELL_AURA_APPLIED,Player-4755-01ED7A64,"Sperzieboon-Dreadmist",0x514,0x0,Player-4755-016296D3,"Nivl-Dreadmist",0x514,0x0,15359,"Inspiration",0x2,BUFF
4/28 18:50:24.853  SPELL_AURA_APPLIED,Player-4755-01FA8DD8,"Roackerita-Dreadmist",0x514,0x0,Player-4755-01617EEE,"Fenix-Dreadmist",0x512,0x0,6078,"Renew",0x2,BUFF
4/28 18:50:24.853  SPELL_AURA_APPLIED,Player-4755-02045EF4,"Necrosini-Dreadmist",0x512,0x0,Player-4755-020BD78D,"Lonehunter-Dreadmist",0x514,0x0,10929,"Renew",0x2,BUFF
4/28 18:50:24.853  SPELL_AURA_REMOVED,Player-4755-01733879,"Hocwar-Dreadmist",0x40514,0x0,Creature-0-4457-249-1045-11262-0000286CBE,"Onyxian Whelp",0xa48,0x0,11597,"Sunder Armor",0x1,DEBUFF
4/28 18:50:24.853  SWING_DAMAGE_LANDED,Pet-0-4457-249-1045-7456-03003178E8,"Owl",0x1114,0x0,Creature-0-4457-249-1045-11262-0000286CBE,"Onyxian Whelp",0xa48,0x0,Creature-0-4457-249-1045-11262-0000286CBE,0000000000000000,0,100,0,0,0,-1,0,0,0,-26.07,-245.74,0,0.0250,56,123,179,27,1,0,0,0,nil,nil,nil
4/28 18:50:24.853  SPELL_CAST_SUCCESS,Player-4755-01F36B30,"Rectumqeef-Dreadmist",0x514,0x0,Creature-0-4457-249-1045-10184-000028665C,"Onyxia",0x10a48,0x0,11661,"Shadow Bolt",0x20,Player-4755-01F36B30,0000000000000000,90,100,0,0,0,-1,0,0,0,25.30,-184.24,0,4.4653,66
4/28 18:50:24.853  SPELL_CAST_START,Player-4755-01F36B30,"Rectumqeef-Dreadmist",0x514,0x0,0000000000000000,nil,0x80000000,0x80000000,11661,"Shadow Bolt",0x20
4/28 18:50:24.879  SPELL_CAST_START,Player-4755-01614AC7,"Mirrimazduur-Dreadmist",0x512,0x0,0000000000000000,nil,0x80000000,0x80000000,11661,"Shadow Bolt",0x20
4/28 18:50:25.044  SPELL_PERIODIC_DAMAGE,Player-4755-01F36B30,"Rectumqeef-Dreadmist",0x514,0x0,Creature-0-4457-249-1045-10184-000028665C,"Onyxia",0x10a48,0x0,11672,"Corruption",0x20,Creature-0-4457-249-1045-10184-000028665C,0000000000000000,48,100,0,0,0,-1,0,0,0,24.88,-215.77,0,4.1231,63,224,203,-1,32,0,0,0,nil,nil,nil
4/28 18:50:25.044  SPELL_AURA_REMOVED,Player-4755-01F36B30,"Rectumqeef-Dreadmist",0x514,0x0,Creature-0-4457-249-1045-10184-000028665C,"Onyxia",0x10a48,0x0,11672,"Corruption",0x20,DEBUFF
4/28 18:50:25.119  SPELL_DAMAGE,Player-4755-01FA8D0D,"Roackeru-Dreadmist",0x514,0x0,Creature-0-4457-249-1045-10184-000028665C,"Onyxia",0x10a48,0x0,11661,"Shadow Bolt",0x20,Creature-0-4457-249-1045-10184-000028665C,0000000000000000,48,100,0,0,0,-1,0,0,0,24.88,-215.77,0,4.1231,63,990,899,-1,32,0,0,0,nil,nil,nil
4/28 18:50:25.234  SPELL_CAST_SUCCESS,Player-4755-01FA8D0D,"Roackeru-Dreadmist",0x514,0x0,Creature-0-4457-249-1045-10184-000028665C,"Onyxia",0x10a48,0x0,11661,"Shadow Bolt",0x20,Player-4755-01FA8D0D,0000000000000000,97,100,0,0,0,-1,0,0,0,0.06,-252.89,0,1.2056,65
4/28 18:50:25.234  SPELL_CAST_START,Player-4755-01FA8D0D,"Roackeru-Dreadmist",0x514,0x0,0000000000000000,nil,0x80000000,0x80000000,11661,"Shadow Bolt",0x20
4/28 18:50:25.252  RANGE_DAMAGE,Player-4755-020BD78D,"Lonehunter-Dreadmist",0x514,0x0,Creature-0-4457-249-1045-10184-000028665C,"Onyxia",0x10a48,0x0,75,"Auto Shot",0x1,Creature-0-4457-249-1045-10184-000028665C,0000000000000000,48,100,0,0,0,-1,0,0,0,24.88,-215.77,0,4.1231,63,400,506,-1,1,0,0,0,nil,nil,nil
4/28 18:50:25.271  UNIT_DIED,0000000000000000,nil,0x80000000,0x80000000,Creature-0-4457-249-1045-11262-0000286CBE,"Onyxian Whelp",0xa48,0x0
4/28 18:50:25.297  RANGE_DAMAGE,Player-4755-0178F576,"Atreas-Dreadmist",0x514,0x0,Creature-0-4457-249-1045-10184-000028665C,"Onyxia",0x10a48,0x0,75,"Auto Shot",0x1,Creature-0-4457-249-1045-10184-000028665C,0000000000000000,48,100,0,0,0,-1,0,0,0,24.88,-215.77,0,4.1231,63,433,550,-1,1,0,0,0,nil,nil,nil
4/28 18:50:25.349  SPELL_AURA_REMOVED,Player-4755-016DF694,"Ashalan-Dreadmist",0x514,0x0,Player-4755-016DF694,"Ashalan-Dreadmist",0x514,0x0,16361,"Windfury Weapon",0x8,BUFF
4/28 18:50:25.492  SPELL_PERIODIC_ENERGIZE,Creature-0-4457-249-1045-7416-0000286CBA,"Mana Spring Totem IV",0x2114,0x0,Player-4755-01ED7A64,"Sperzieboon-Dreadmist",0x514,0x0,10494,"Mana Spring",0x8,Player-4755-01ED7A64,0000000000000000,100,100,0,0,0,-1,0,0,0,8.64,-176.71,0,3.6212,67,12.0000,0.0000,0,7261
4/28 18:50:25.546  SPELL_PERIODIC_ENERGIZE,Player-4755-0220BD00,"Krikoff-Dreadmist",0x40514,0x0,Player-4755-0220BD00,"Krikoff-Dreadmist",0x40514,0x0,29131,"Bloodrage",0x1,Player-4755-0220BD00,0000000000000000,100,100,0,0,0,-1,0,0,0,29.18,-220.17,0,1.7435,68,1.0000,0.0000,1,1000
4/28 18:50:25.595  SPELL_CAST_START,Player-4755-01617EEE,"Fenix-Dreadmist",0x512,0x0,0000000000000000,nil,0x80000000,0x80000000,10916,"Flash Heal",0x2
4/28 18:50:25.613  SPELL_PERIODIC_ENERGIZE,Creature-0-4457-249-1045-7416-0000286CBA,"Mana Spring Totem IV",0x2114,0x0,Player-4755-01804B95,"Moymoy-Dreadmist",0x514,0x0,10494,"Mana Spring",0x8,Player-4755-01804B95,0000000000000000,100,100,0,0,0,-1,0,0,0,13.46,-179.10,0,4.6602,66,12.0000,0.0000,0,5366
4/28 18:50:25.613  SPELL_CAST_SUCCESS,Creature-0-4457-249-1045-10184-000028665C,"Onyxia",0x10a48,0x0,Player-4755-01FA8D0D,"Roackeru-Dreadmist",0x514,0x0,18392,"Fireball",0x4,Creature-0-4457-249-1045-10184-000028665C,0000000000000000,48,100,0,0,0,-1,0,0,0,24.88,-215.77,0,4.1231,63
4/28 18:50:25.667  UNIT_DESTROYED,0000000000000000,nil,0x80000000,0x80000000,Creature-0-4457-249-1045-7845-0000286CDC,"Fire Nova Totem V",0x2114,0x0
4/28 18:50:25.686  SPELL_CAST_SUCCESS,Player-4755-01804B95,"Moymoy-Dreadmist",0x514,0x0,Player-4755-016296D3,"Nivl-Dreadmist",0x514,0x0,939,"Healing Wave",0x8,Player-4755-01804B95,0000000000000000,100,100,0,0,0,-1,0,0,0,13.46,-179.10,0,4.6602,66
4/28 18:50:25.686  SPELL_CAST_START,Player-4755-01804B95,"Moymoy-Dreadmist",0x514,0x0,0000000000000000,nil,0x80000000,0x80000000,939,"Healing Wave",0x8
4/28 18:50:25.720  SPELL_CAST_SUCCESS,Player-4755-016296D3,"Nivl-Dreadmist",0x514,0x0,Pet-0-4457-249-1045-2850-01001956F9,"Kratos",0x1114,0x0,10623,"Chain Heal",0x8,Player-4755-016296D3,0000000000000000,100,100,0,0,0,-1,0,0,0,-15.90,-186.24,0,4.5764,69
4/28 18:50:25.720  SPELL_CAST_START,Player-4755-016296D3,"Nivl-Dreadmist",0x514,0x0,0000000000000000,nil,0x80000000,0x80000000,10623,"Chain Heal",0x8
4/28 18:50:25.804  SPELL_CAST_START,Player-4755-0178F576,"Atreas-Dreadmist",0x514,0x0,0000000000000000,nil,0x80000000,0x80000000,75,"Auto Shot",0x1
4/28 18:50:25.804  SPELL_CAST_SUCCESS,Player-4755-0210153A,"Hapuseneb-Dreadmist",0x514,0x0,Player-4755-01637B0A,"Pindle-Dreadmist",0x514,0x0,10965,"Greater Heal",0x2,Player-4755-0210153A,0000000000000000,100,100,0,0,0,-1,0,0,0,-4.50,-234.33,0,3.2162,66
4/28 18:50:25.804  SPELL_AURA_REMOVED,Player-4755-01F21AE6,"Blahu-Dreadmist",0x40514,0x0,Player-4755-01F36B30,"Rectumqeef-Dreadmist",0x514,0x0,11551,"Battle Shout",0x1,BUFF
4/28 18:50:25.804  SPELL_AURA_REMOVED,Player-4755-01F21AE6,"Blahu-Dreadmist",0x40514,0x0,Player-4755-020BD78D,"Lonehunter-Dreadmist",0x514,0x0,11551,"Battle Shout",0x1,BUFF
4/28 18:50:25.804  SPELL_AURA_REMOVED,Player-4755-01F21AE6,"Blahu-Dreadmist",0x40514,0x0,Pet-0-4457-249-1045-9622-02002CD5BC,"Bokito",0x1114,0x0,11551,"Battle Shout",0x1,BUFF
4/28 18:50:25.942  SPELL_CAST_START,Player-4755-01F36B30,"Rectumqeef-Dreadmist",0x514,0x0,0000000000000000,nil,0x80000000,0x80000000,11672,"Corruption",0x20
4/28 18:50:25.959  SPELL_CAST_SUCCESS,Player-4755-01F36B30,"Rectumqeef-Dreadmist",0x514,0x0,Creature-0-4457-249-1045-10184-000028665C,"Onyxia",0x10a48,0x0,11672,"Corruption",0x20,Player-4755-01F36B30,0000000000000000,90,100,0,0,0,-1,0,0,0,22.46,-183.57,0,4.4849,66
4/28 18:50:25.975  SPELL_AURA_REMOVED,Player-4755-01AC9FD9,"Alexinho-Dreadmist",0x514,0x0,Player-4755-01AC9FD9,"Alexinho-Dreadmist",0x514,0x0,6774,"Slice and Dice",0x1,BUFF
4/28 18:50:25.976  SPELL_CAST_START,Player-4755-020BD78D,"Lonehunter-Dreadmist",0x514,0x0,0000000000000000,nil,0x80000000,0x80000000,75,"Auto Shot",0x1
4/28 18:50:25.992  RANGE_DAMAGE,Player-4755-01E83279,"Nlmasters-Dreadmist",0x514,0x8,Creature-0-4457-249-1045-10184-000028665C,"Onyxia",0x10a48,0x0,75,"Auto Shot",0x1,Creature-0-4457-249-1045-10184-000028665C,0000000000000000,48,100,0,0,0,-1,0,0,0,24.63,-213.32,0,1.7379,63,355,450,-1,1,0,0,0,nil,nil,nil
4/28 18:50:26.082  SPELL_HEAL,Player-4755-01804B95,"Moymoy-Dreadmist",0x514,0x0,Player-4755-016296D3,"Nivl-Dreadmist",0x514,0x0,939,"Healing Wave",0x8,Player-4755-016296D3,0000000000000000,100,100,0,0,0,-1,0,0,0,-15.90,-186.24,0,4.5764,69,1293,1293,1293,0,1
4/28 18:50:26.082  SPELL_AURA_APPLIED,Player-4755-01804B95,"Moymoy-Dreadmist",0x514,0x0,Player-4755-016296D3,"Nivl-Dreadmist",0x514,0x0,29203,"Healing Way",0x2,BUFF
4/28 18:50:26.082  SPELL_HEAL,Player-4755-016296D3,"Nivl-Dreadmist",0x514,0x0,Pet-0-4457-249-1045-9622-02002CD5BC,"Bokito",0x1114,0x0,10623,"Chain Heal",0x8,Pet-0-4457-249-1045-9622-02002CD5BC,Player-4755-020BD78D,100,100,0,0,0,-1,0,0,0,12.33,-215.26,0,6.2271,70,404,404,0,0,nil
4/28 18:50:26.082  SPELL_HEAL,Player-4755-016296D3,"Nivl-Dreadmist",0x514,0x0,Pet-0-4457-249-1045-7432-01002D8BC6,"Cat",0x1114,0x0,10623,"Chain Heal",0x8,Pet-0-4457-249-1045-7432-01002D8BC6,Player-4755-01E83279,71,100,0,0,0,-1,0,0,0,13.13,-215.17,0,6.2034,70,602,602,0,0,nil
4/28 18:50:26.082  SPELL_HEAL,Player-4755-016296D3,"Nivl-Dreadmist",0x514,0x0,Pet-0-4457-249-1045-2850-01001956F9,"Kratos",0x1114,0x0,10623,"Chain Heal",0x8,Pet-0-4457-249-1045-2850-01001956F9,Player-4755-0178F576,91,100,0,0,0,-1,0,0,0,13.22,-215.35,0,6.2583,66,923,923,0,0,nil
4/28 18:50:26.082  SPELL_HEAL,Player-4755-0210153A,"Hapuseneb-Dreadmist",0x514,0x0,Player-4755-01637B0A,"Pindle-Dreadmist",0x514,0x0,10965,"Greater Heal",0x2,Player-4755-01637B0A,0000000000000000,100,100,0,0,0,-1,0,0,0,-29.56,-237.82,0,0.4393,65,2570,2570,404,0,nil
4/28 18:50:26.082  SPELL_AURA_APPLIED,Player-4755-01F36B30,"Rectumqeef-Dreadmist",0x514,0x0,Creature-0-4457-249-1045-10184-000028665C,"Onyxia",0x10a48,0x0,11672,"Corruption",0x20,DEBUFF
4/28 18:50:26.082  SPELL_PERIODIC_HEAL,Player-4755-02045EF4,"Necrosini-Dreadmist",0x512,0x0,Player-4755-01ED7A64,"Sperzieboon-Dreadmist",0x514,0x0,10929,"Renew",0x2,Player-4755-01ED7A64,0000000000000000,100,100,0,0,0,-1,0,0,0,6.61,-176.14,0,3.6212,67,253,253,253,0,nil
4/28 18:50:26.086  SPELL_AURA_REMOVED,Player-4755-02045EF4,"Necrosini-Dreadmist",0x512,0x0,Player-4755-01ED7A64,"Sperzieboon-Dreadmist",0x514,0x0,10929,"Renew",0x2,BUFF
4/28 18:50:26.178  SPELL_CAST_START,Player-4755-01FA8DD8,"Roackerita-Dreadmist",0x514,0x0,0000000000000000,nil,0x80000000,0x80000000,2055,"Heal",0x2
4/28 18:50:26.244  SPELL_PERIODIC_HEAL,Player-4755-02045EF4,"Necrosini-Dreadmist",0x512,0x0,Player-4755-016296D3,"Nivl-Dreadmist",0x514,0x0,10929,"Renew",0x2,Player-4755-016296D3,0000000000000000,100,100,0,0,0,-1,0,0,0,-15.90,-186.24,0,4.5764,69,254,254,254,0,nil
4/28 18:50:26.260  SPELL_PERIODIC_ENERGIZE,Creature-0-4457-249-1045-7416-0000286CBA,"Mana Spring Totem IV",0x2114,0x0,Player-4755-01FA8DD8,"Roackerita-Dreadmist",0x514,0x0,10494,"Mana Spring",0x8,Player-4755-01FA8DD8,0000000000000000,100,100,0,0,0,-1,0,0,0,-4.42,-187.22,0,5.7625,69,12.0000,0.0000,0,6736
4/28 18:50:26.325  SPELL_CAST_SUCCESS,Player-4755-020BD78D,"Lonehunter-Dreadmist",0x514,0x0,Creature-0-4457-249-1045-10184-000028665C,"Onyxia",0x10a48,0x0,75,"Auto Shot",0x1,Player-4755-020BD78D,0000000000000000,65,100,0,0,0,-1,0,0,0,-6.98,-174.70,0,5.4354,70
4/28 18:50:26.346  SPELL_DAMAGE,Creature-0-4457-249-1045-10184-000028665C,"Onyxia",0x10a48,0x0,Player-4755-01FA8D0D,"Roackeru-Dreadmist",0x514,0x0,18392,"Fireball",0x4,Player-4755-01FA8D0D,0000000000000000,81,100,0,0,0,-1,0,0,0,0.06,-252.89,0,1.2056,65,886,1772,-1,4,886,0,0,nil,nil,nil
4/28 18:50:26.346  SPELL_DAMAGE,Creature-0-4457-249-1045-10184-000028665C,"Onyxia",0x10a48,0x0,Player-4755-01B60A5F,"Zurok-Dreadmist",0x514,0x0,18392,"Fireball",0x4,Player-4755-01B60A5F,0000000000000000,61,100,0,0,0,-1,0,0,0,3.38,-247.18,0,3.0415,62,1799,1799,-1,4,0,0,0,nil,nil,nil
4/28 18:50:26.346  SPELL_PERIODIC_DAMAGE,Player-4755-01A6B139,"Sakatan-Dreadmist",0x514,0x0,Creature-0-4457-249-1045-10184-000028665C,"Onyxia",0x10a48,0x0,11275,"Rupture",0x1,Creature-0-4457-249-1045-10184-000028665C,0000000000000000,48,100,0,0,0,-1,0,0,0,24.20,-210.47,0,1.6858,63,125,125,-1,1,0,0,0,nil,nil,nil
4/28 18:50:26.499  SPELL_CAST_START,Player-4755-0178F576,"Atreas-Dreadmist",0x514,0x0,0000000000000000,nil,0x80000000,0x80000000,75,"Auto Shot",0x1
4/28 18:50:26.533  SPELL_AURA_REMOVED,Player-4755-01733879,"Hocwar-Dreadmist",0x40514,0x0,Creature-0-4457-249-1045-10184-000028665C,"Onyxia",0x10a48,0x0,11597,"Sunder Armor",0x1,DEBUFF
4/28 18:50:26.551  SPELL_PERIODIC_ENERGIZE,Player-4755-0220BD00,"Krikoff-Dreadmist",0x40514,0x0,Player-4755-0220BD00,"Krikoff-Dreadmist",0x40514,0x0,29131,"Bloodrage",0x1,Player-4755-0220BD00,0000000000000000,100,100,0,0,0,-1,0,0,0,31.67,-214.52,0,1.5198,68,1.0000,0.0000,1,1000
4/28 18:50:26.551  SPELL_AURA_REMOVED,Player-4755-0220BD00,"Krikoff-Dreadmist",0x40514,0x0,Player-4755-0220BD00,"Krikoff-Dreadmist",0x40514,0x0,29131,"Bloodrage",0x1,BUFF
4/28 18:50:26.571  SPELL_CAST_START,Player-4755-01E83279,"Nlmasters-Dreadmist",0x514,0x8,0000000000000000,nil,0x80000000,0x80000000,75,"Auto Shot",0x1
4/28 18:50:26.588  SPELL_PERIODIC_ENERGIZE,Creature-0-4457-249-1045-7416-0000286CC9,"Mana Spring Totem IV",0x2114,0x0,Player-4755-0178F576,"Atreas-Dreadmist",0x514,0x0,10494,"Mana Spring",0x8,Player-4755-0178F576,0000000000000000,95,100,0,0,0,-1,0,0,0,-30.18,-191.53,0,5.5883,66,10.0000,0.0000,0,3765
4/28 18:50:26.588  SPELL_PERIODIC_ENERGIZE,Creature-0-4457-249-1045-7416-0000286CC9,"Mana Spring Totem IV",0x2114,0x0,Player-4755-016296D3,"Nivl-Dreadmist",0x514,0x0,10494,"Mana Spring",0x8,Player-4755-016296D3,0000000000000000,100,100,0,0,0,-1,0,0,0,-15.90,-186.24,0,4.5764,69,10.0000,0.0000,0,5845
4/28 18:50:26.625  SPELL_CAST_START,Player-4755-01ED7A64,"Sperzieboon-Dreadmist",0x514,0x0,0000000000000000,nil,0x80000000,0x80000000,10917,"Flash Heal",0x2
4/28 18:50:26.658  SPELL_PERIODIC_DAMAGE,Player-4755-01614AC7,"Mirrimazduur-Dreadmist",0x512,0x0,Creature-0-4457-249-1045-10184-000028665C,"Onyxia",0x10a48,0x0,11672,"Corruption",0x20,Creature-0-4457-249-1045-10184-000028665C,0000000000000000,48,100,0,0,0,-1,0,0,0,23.91,-207.96,0,1.6937,63,207,188,-1,32,0,0,0,nil,nil,nil
4/28 18:50:26.691  SPELL_DAMAGE,Player-4755-0163DD9D,"Kaspais-Dreadmist",0x514,0x0,Creature-0-4457-249-1045-10184-000028665C,"Onyxia",0x10a48,0x0,10181,"Frostbolt",0x10,Creature-0-4457-249-1045-10184-000028665C,0000000000000000,48,100,0,0,0,-1,0,0,0,23.88,-207.67,0,1.6976,63,917,833,-1,16,0,0,0,nil,nil,nil
4/28 18:50:26.726  SPELL_PERIODIC_HEAL,Player-4755-02045EF4,"Necrosini-Dreadmist",0x512,0x0,Player-4755-01840577,"Raggèn-Dreadmist",0x514,0x0,10929,"Renew",0x2,Player-4755-01840577,0000000000000000,100,100,0,0,0,-1,0,0,0,-2.89,-179.97,0,5.4585,67,253,253,218,0,nil
4/28 18:50:26.797  SPELL_AURA_REMOVED,Pet-0-4457-249-1045-7432-01002D8BC6,"Cat",0x1114,0x0,Pet-0-4457-249-1045-7432-01002D8BC6,"Cat",0x1114,0x0,19615,"Frenzy Effect",0x1,BUFF
4/28 18:50:26.797  SPELL_AURA_REMOVED,Player-4755-0178F416,"Eltorero-Dreadmist",0x514,0x0,Player-4755-0178F416,"Eltorero-Dreadmist",0x514,0x0,23888,"Bloodthirst",0x1,BUFF
4/28 18:50:26.797  SPELL_PERIODIC_ENERGIZE,Creature-0-4457-249-1045-7416-0000286CBA,"Mana Spring Totem IV",0x2114,0x0,Player-4755-015FEBD5,"Sauvage-Dreadmist",0x514,0x0,10494,"Mana Spring",0x8,Player-4755-015FEBD5,0000000000000000,100,100,0,0,0,-1,0,0,0,-2.86,-191.02,0,3.4267,64,13.0000,0.0000,0,6158
4/28 18:50:26.902  SPELL_AURA_REMOVED,Player-4755-01ED7A64,"Sperzieboon-Dreadmist",0x514,0x0,Player-4755-016296D3,"Nivl-Dreadmist",0x514,0x0,15359,"Inspiration",0x2,BUFF
4/28 18:50:26.902  SPELL_AURA_APPLIED,Player-4755-01804B95,"Moymoy-Dreadmist",0x514,0x0,Player-4755-016296D3,"Nivl-Dreadmist",0x514,0x0,16237,"Ancestral Fortitude",0x2,BUFF
4/28 18:50:26.902  SPELL_AURA_REMOVED,Player-4755-01802FE5,"Angrybat-Dreadmist",0x514,0x0,Creature-0-4457-249-1045-10184-000028665C,"Onyxia",0x10a48,0x0,12579,"Winter's Chill",0x10,DEBUFF
4/28 18:50:26.921  SPELL_CAST_SUCCESS,Player-4755-0178F576,"Atreas-Dreadmist",0x514,0x0,Creature-0-4457-249-1045-10184-000028665C,"Onyxia",0x10a48,0x0,75,"Auto Shot",0x1,Player-4755-0178F576,0000000000000000,95,100,0,0,0,-1,0,0,0,-30.18,-191.53,0,5.5883,66
4/28 18:50:26.921  SPELL_CAST_START,Player-4755-0178F576,"Atreas-Dreadmist",0x514,0x0,0000000000000000,nil,0x80000000,0x80000000,20904,"Aimed Shot",0x1
4/28 18:50:26.958  SPELL_CAST_START,Player-4755-01802FE5,"Angrybat-Dreadmist",0x514,0x0,0000000000000000,nil,0x80000000,0x80000000,10181,"Frostbolt",0x10
4/28 18:50:26.976  SPELL_CAST_SUCCESS,Player-4755-01BC57A3,"Saintis-Dreadmist",0x511,0x0,Pet-0-4457-249-1045-7432-01002D8BC6,"Cat",0x1114,0x0,2055,"Heal",0x2,Player-4755-01BC57A3,0000000000000000,100,100,0,0,0,-1,0,0,0,4.60,-195.67,0,3.2960,68
4/28 18:50:26.995  SPELL_CAST_SUCCESS,Player-4755-01E83279,"Nlmasters-Dreadmist",0x514,0x8,Creature-0-4457-249-1045-10184-000028665C,"Onyxia",0x10a48,0x0,75,"Auto Shot",0x1,Player-4755-01E83279,0000000000000000,100,100,0,0,0,-1,0,0,0,-31.13,-202.91,0,5.8396,70
4/28 18:50:26.995  SPELL_CAST_SUCCESS,Player-4755-01617EEE,"Fenix-Dreadmist",0x512,0x0,Player-4755-016296D3,"Nivl-Dreadmist",0x514,0x0,10916,"Flash Heal",0x2,Player-4755-01617EEE,0000000000000000,91,100,0,0,0,-1,0,0,0,5.05,-184.36,0,4.1797,66
4/28 18:50:26.995  SPELL_CAST_START,Player-4755-01617EEE,"Fenix-Dreadmist",0x512,0x0,0000000000000000,nil,0x80000000,0x80000000,6064,"Heal",0x2
4/28 18:50:27.119  SPELL_CAST_START,Player-4755-020BD78D,"Lonehunter-Dreadmist",0x514,0x0,0000000000000000,nil,0x80000000,0x80000000,20904,"Aimed Shot",0x1
4/28 18:50:27.181  SPELL_CAST_START,Player-4755-0210153A,"Hapuseneb-Dreadmist",0x514,0x0,0000000000000000,nil,0x80000000,0x80000000,6064,"Heal",0x2
4/28 18:50:27.228  SPELL_CAST_SUCCESS,Player-4755-0163DD9D,"Kaspais-Dreadmist",0x514,0x0,Creature-0-4457-249-1045-10184-000028665C,"Onyxia",0x10a48,0x0,10181,"Frostbolt",0x10,Player-4755-0163DD9D,0000000000000000,100,100,0,0,0,-1,0,0,0,-21.59,-193.96,0,5.9665,66
4/28 18:50:27.282  SPELL_AURA_REMOVED,Player-4755-020BD78D,"Lonehunter-Dreadmist",0x514,0x0,Pet-0-4457-249-1045-9622-02002CD5BC,"Bokito",0x1114,0x0,20906,"Trueshot Aura",0x40,BUFF
4/28 18:50:27.282  SPELL_CAST_SUCCESS,Pet-0-4457-249-1045-2850-01001956F9,"Kratos",0x1114,0x0,Creature-0-4457-249-1045-10184-000028665C,"Onyxia",0x10a48,0x0,17261,"Bite",0x1,Pet-0-4457-249-1045-2850-01001956F9,Player-4755-0178F576,91,100,0,0,0,-1,0,0,0,13.22,-215.35,0,6.2583,66
4/28 18:50:27.301  SPELL_HEAL,Player-4755-01BC57A3,"Saintis-Dreadmist",0x511,0x0,Pet-0-4457-249-1045-7432-01002D8BC6,"Cat",0x1114,0x0,2055,"Heal",0x2,Pet-0-4457-249-1045-7432-01002D8BC6,Player-4755-01E83279,100,100,0,0,0,-1,0,0,0,13.13,-215.17,0,6.2034,70,1647,1647,250,0,1
4/28 18:50:27.301  SPELL_HEAL,Player-4755-01617EEE,"Fenix-Dreadmist",0x512,0x0,Player-4755-016296D3,"Nivl-Dreadmist",0x514,0x0,10916,"Flash Heal",0x2,Player-4755-016296D3,0000000000000000,100,100,0,0,0,-1,0,0,0,-15.90,-186.24,0,4.5764,69,1038,1038,1038,0,nil
4/28 18:50:27.301  SPELL_DAMAGE,Pet-0-4457-249-1045-2850-01001956F9,"Kratos",0x1114,0x0,Creature-0-4457-249-1045-10184-000028665C,"Onyxia",0x10a48,0x0,17261,"Bite",0x1,Creature-0-4457-249-1045-10184-000028665C,0000000000000000,48,100,0,0,0,-1,0,0,0,22.73,-201.77,0,1.8453,63,82,138,-1,1,0,0,0,nil,nil,nil
4/28 18:50:27.319  SPELL_CAST_START,Player-4755-02045EF4,"Necrosini-Dreadmist",0x512,0x0,0000000000000000,nil,0x80000000,0x80000000,2054,"Heal",0x2
4/28 18:50:27.387  SPELL_CAST_SUCCESS,Player-4755-01614AC7,"Mirrimazduur-Dreadmist",0x512,0x0,Creature-0-4457-249-1045-10184-000028665C,"Onyxia",0x10a48,0x0,11661,"Shadow Bolt",0x20,Player-4755-01614AC7,0000000000000000,100,100,0,0,0,-1,0,0,0,8.12,-176.09,0,4.6796,68
4/28 18:50:27.387  SPELL_CAST_START,Player-4755-01614AC7,"Mirrimazduur-Dreadmist",0x512,0x0,0000000000000000,nil,0x80000000,0x80000000,11661,"Shadow Bolt",0x20
4/28 18:50:27.410  SPELL_CAST_START,Player-4755-0163DD9D,"Kaspais-Dreadmist",0x514,0x0,0000000000000000,nil,0x80000000,0x80000000,10181,"Frostbolt",0x10
4/28 18:50:27.456  SPELL_CAST_START,Player-4755-01F36B30,"Rectumqeef-Dreadmist",0x514,0x0,0000000000000000,nil,0x80000000,0x80000000,11661,"Shadow Bolt",0x20
4/28 18:50:27.505  SPELL_PERIODIC_ENERGIZE,Creature-0-4457-249-1045-7416-0000286CBA,"Mana Spring Totem IV",0x2114,0x0,Player-4755-01ED7A64,"Sperzieboon-Dreadmist",0x514,0x0,10494,"Mana Spring",0x8,Player-4755-01ED7A64,0000000000000000,100,100,0,0,0,-1,0,0,0,6.61,-176.14,0,3.6408,67,12.0000,0.0000,0,7261
4/28 18:50:27.527  SPELL_MISSED,Player-4755-01F36B30,"Rectumqeef-Dreadmist",0x514,0x0,Creature-0-4457-249-1045-10184-000028665C,"Onyxia",0x10a48,0x0,11661,"Shadow Bolt",0x20,RESIST,nil,0
4/28 18:50:27.611  SPELL_PERIODIC_ENERGIZE,Creature-0-4457-249-1045-7416-0000286CBA,"Mana Spring Totem IV",0x2114,0x0,Player-4755-01804B95,"Moymoy-Dreadmist",0x514,0x0,10494,"Mana Spring",0x8,Player-4755-01804B95,0000000000000000,100,100,0,0,0,-1,0,0,0,13.46,-179.10,0,4.6602,66,12.0000,0.0000,0,5366
4/28 18:50:27.611  SPELL_DAMAGE,Player-4755-01FA8D0D,"Roackeru-Dreadmist",0x514,0x0,Creature-0-4457-249-1045-10184-000028665C,"Onyxia",0x10a48,0x0,11661,"Shadow Bolt",0x20,Creature-0-4457-249-1045-10184-000028665C,0000000000000000,48,100,0,0,0,-1,0,0,0,21.68,-198.70,0,1.9583,63,974,885,-1,32,0,0,0,nil,nil,nil
4/28 18:50:27.611  RANGE_DAMAGE,Player-4755-020BD78D,"Lonehunter-Dreadmist",0x514,0x0,Creature-0-4457-249-1045-10184-000028665C,"Onyxia",0x10a48,0x0,75,"Auto Shot",0x1,Creature-0-4457-249-1045-10184-000028665C,0000000000000000,48,100,0,0,0,-1,0,0,0,21.68,-198.70,0,1.9583,63,371,469,-1,1,0,0,0,nil,nil,nil
4/28 18:50:27.717  SPELL_AURA_APPLIED,Pet-0-4457-249-1045-416-01001C47E2,"Ababis",0x1114,0x0,Player-4755-01840577,"Raggèn-Dreadmist",0x514,0x0,11767,"Blood Pact",0x20,BUFF
4/28 18:50:27.717  SPELL_AURA_APPLIED,Pet-0-4457-249-1045-416-01001C47E2,"Ababis",0x1114,0x0,Player-4755-020BD78D,"Lonehunter-Dreadmist",0x514,0x0,11767,"Blood Pact",0x20,BUFF
4/28 18:50:27.776  SPELL_PERIODIC_ENERGIZE,Player-4755-01802FE5,"Angrybat-Dreadmist",0x514,0x0,Player-4755-01802FE5,"Angrybat-Dreadmist",0x514,0x0,18194,"Mana Regeneration",0x1,Player-4755-01802FE5,0000000000000000,100,100,0,0,0,-1,0,0,0,-21.09,-197.29,0,0.0976,66,8.0000,0.0000,0,6033
4/28 18:50:27.866  SPELL_PERIODIC_HEAL,Player-4755-01FA8DD8,"Roackerita-Dreadmist",0x514,0x0,Player-4755-01617EEE,"Fenix-Dreadmist",0x512,0x0,6078,"Renew",0x2,Player-4755-01617EEE,0000000000000000,96,100,0,0,0,-1,0,0,0,5.05,-184.36,0,4.1797,66,235,235,0,0,nil
4/28 18:50:27.867  SPELL_PERIODIC_HEAL,Player-4755-02045EF4,"Necrosini-Dreadmist",0x512,0x0,Player-4755-020BD78D,"Lonehunter-Dreadmist",0x514,0x0,10929,"Renew",0x2,Player-4755-020BD78D,0000000000000000,65,100,0,0,0,-1,0,0,0,-6.98,-174.70,0,5.5893,70,253,253,0,0,nil
4/28 18:50:28.043  SPELL_CAST_SUCCESS,Player-4755-01ED7A64,"Sperzieboon-Dreadmist",0x514,0x0,Player-4755-020BD78D,"Lonehunter-Dreadmist",0x514,0x0,10917,"Flash Heal",0x2,Player-4755-01ED7A64,0000000000000000,100,100,0,0,0,-1,0,0,0,6.61,-176.14,0,3.6408,67
4/28 18:50:28.111  SPELL_AURA_APPLIED,Player-4755-01BC57A3,"Saintis-Dreadmist",0x511,0x0,Pet-0-4457-249-1045-7432-01002D8BC6,"Cat",0x1114,0x0,15359,"Inspiration",0x2,BUFF
4/28 18:50:28.111  SPELL_HEAL,Player-4755-01ED7A64,"Sperzieboon-Dreadmist",0x514,0x0,Player-4755-020BD78D,"Lonehunter-Dreadmist",0x514,0x0,10917,"Flash Heal",0x2,Player-4755-020BD78D,0000000000000000,89,100,0,0,0,-1,0,0,0,-6.98,-174.70,0,5.6112,70,1229,1229,0,0,nil
4/28 18:50:28.111  SPELL_AURA_REMOVED,Player-4755-02045EF4,"Necrosini-Dreadmist",0x512,0x0,Player-4755-01804B95,"Moymoy-Dreadmist",0x514,0x0,6788,"Weakened Soul",0x2,DEBUFF
4/28 18:50:28.181  SPELL_CAST_SUCCESS,Player-4755-01804B95,"Moymoy-Dreadmist",0x514,0x0,Player-4755-020BD78D,"Lonehunter-Dreadmist",0x514,0x0,939,"Healing Wave",0x8,Player-4755-01804B95,0000000000000000,100,100,0,0,0,-1,0,0,0,13.46,-179.10,0,4.6602,66
4/28 18:50:28.228  SPELL_CAST_SUCCESS,Player-4755-016296D3,"Nivl-Dreadmist",0x514,0x0,Pet-0-4457-249-1045-7432-01002D8BC6,"Cat",0x1114,0x0,10623,"Chain Heal",0x8,Player-4755-016296D3,0000000000000000,100,100,0,0,0,-1,0,0,0,-15.90,-186.24,0,4.5764,69
4/28 18:50:28.260  SPELL_PERIODIC_ENERGIZE,Creature-0-4457-249-1045-7416-0000286CBA,"Mana Spring Totem IV",0x2114,0x0,Player-4755-01FA8DD8,"Roackerita-Dreadmist",0x514,0x0,10494,"Mana Spring",0x8,Player-4755-01FA8DD8,0000000000000000,100,100,0,0,0,-1,0,0,0,-4.42,-187.22,0,5.1342,69,13.0000,0.0000,0,6736
4/28 18:50:28.344  SPELL_CAST_SUCCESS,Player-4755-01840577,"Raggèn-Dreadmist",0x514,0x0,0000000000000000,nil,0x80000000,0x80000000,16362,"Windfury Weapon",0x8,Player-4755-01840577,0000000000000000,91,100,0,0,0,-1,0,0,0,0.88,-172.90,0,4.4964,67
4/28 18:50:28.360  SPELL_PERIODIC_DAMAGE,Player-4755-01A6B139,"Sakatan-Dreadmist",0x514,0x0,Creature-0-4457-249-1045-10184-000028665C,"Onyxia",0x10a48,0x0,11275,"Rupture",0x1,Creature-0-4457-249-1045-10184-000028665C,0000000000000000,48,100,0,0,0,-1,0,0,0,18.62,-192.35,0,2.0544,63,125,125,-1,1,0,0,0,nil,nil,nil
4/28 18:50:28.409  RANGE_DAMAGE,Player-4755-0178F576,"Atreas-Dreadmist",0x514,0x0,Creature-0-4457-249-1045-10184-000028665C,"Onyxia",0x10a48,0x0,75,"Auto Shot",0x1,Creature-0-4457-249-1045-10184-000028665C,0000000000000000,48,100,0,0,0,-1,0,0,0,18.38,-191.90,0,2.0574,63,312,523,-1,1,0,0,0,nil,nil,nil
4/28 18:50:28.444  RANGE_DAMAGE,Player-4755-01E83279,"Nlmasters-Dreadmist",0x514,0x8,Creature-0-4457-249-1045-10184-000028665C,"Onyxia",0x10a48,0x0,75,"Auto Shot",0x1,Creature-0-4457-249-1045-10184-000028665C,0000000000000000,48,100,0,0,0,-1,0,0,0,18.22,-191.60,0,2.0592,63,268,449,-1,1,0,0,0,nil,nil,nil
4/28 18:50:28.511  SPELL_HEAL,Player-4755-01804B95,"Moymoy-Dreadmist",0x514,0x0,Player-4755-020BD78D,"Lonehunter-Dreadmist",0x514,0x0,939,"Healing Wave",0x8,Player-4755-020BD78D,0000000000000000,100,100,0,0,0,-1,0,0,0,-6.98,-174.70,0,5.7652,70,870,870,348,0,nil
4/28 18:50:28.511  SPELL_AURA_APPLIED,Player-4755-01804B95,"Moymoy-Dreadmist",0x514,0x0,Player-4755-020BD78D,"Lonehunter-Dreadmist",0x514,0x0,29203,"Healing Way",0x2,BUFF
4/28 18:50:28.511  SPELL_HEAL,Player-4755-016296D3,"Nivl-Dreadmist",0x514,0x0,Pet-0-4457-249-1045-2850-01001956F9,"Kratos",0x1114,0x0,10623,"Chain Heal",0x8,Pet-0-4457-249-1045-2850-01001956F9,Player-4755-0178F576,100,100,0,0,0,-1,0,0,0,14.10,-212.94,0,1.3276,66,607,607,153,0,nil
4/28 18:50:28.511  SPELL_HEAL,Player-4755-016296D3,"Nivl-Dreadmist",0x514,0x0,Pet-0-4457-249-1045-7432-01002D8BC6,"Cat",0x1114,0x0,10623,"Chain Heal",0x8,Pet-0-4457-249-1045-7432-01002D8BC6,Player-4755-01E83279,100,100,0,0,0,-1,0,0,0,14.02,-212.91,0,1.3180,70,939,939,939,0,nil
4/28 18:50:28.590  SPELL_PERIODIC_ENERGIZE,Creature-0-4457-249-1045-7416-0000286CC9,"Mana Spring Totem IV",0x2114,0x0,Player-4755-0178F576,"Atreas-Dreadmist",0x514,0x0,10494,"Mana Spring",0x8,Player-4755-0178F576,0000000000000000,95,100,0,0,0,-1,0,0,0,-30.18,-191.53,0,6.0414,66,10.0000,0.0000,0,3765
4/28 18:50:28.590  SPELL_PERIODIC_ENERGIZE,Creature-0-4457-249-1045-7416-0000286CC9,"Mana Spring Totem IV",0x2114,0x0,Player-4755-016296D3,"Nivl-Dreadmist",0x514,0x0,10494,"Mana Spring",0x8,Player-4755-016296D3,0000000000000000,100,100,0,0,0,-1,0,0,0,-15.90,-186.24,0,4.5764,69,10.0000,0.0000,0,5845
4/28 18:50:28.637  SPELL_AURA_REMOVED,Player-4755-020BD78D,"Lonehunter-Dreadmist",0x514,0x0,Creature-0-4457-249-1045-10184-000028665C,"Onyxia",0x10a48,0x0,14325,"Hunter's Mark",0x40,DEBUFF
4/28 18:50:28.689  SPELL_CAST_SUCCESS,Player-4755-01FA8DD8,"Roackerita-Dreadmist",0x514,0x0,Player-4755-01617EEE,"Fenix-Dreadmist",0x512,0x0,2055,"Heal",0x2,Player-4755-01FA8DD8,0000000000000000,100,100,0,0,0,-1,0,0,0,-4.42,-187.22,0,5.1342,69
4/28 18:50:28.722  SPELL_CAST_SUCCESS,Player-4755-01FA8D0D,"Roackeru-Dreadmist",0x514,0x0,Creature-0-4457-249-1045-10184-000028665C,"Onyxia",0x10a48,0x0,11661,"Shadow Bolt",0x20,Player-4755-01FA8D0D,0000000000000000,81,100,0,0,0,-1,0,0,0,0.06,-252.89,0,1.2056,65
4/28 18:50:28.797  SPELL_PERIODIC_ENERGIZE,Creature-0-4457-249-1045-7416-0000286CBA,"Mana Spring Totem IV",0x2114,0x0,Player-4755-015FEBD5,"Sauvage-Dreadmist",0x514,0x0,10494,"Mana Spring",0x8,Player-4755-015FEBD5,0000000000000000,100,100,0,0,0,-1,0,0,0,4.10,-186.13,0,3.9804,64,13.0000,0.0000,0,6158
4/28 18:50:28.811  SPELL_AURA_REMOVED,Player-4755-0220BD00,"Krikoff-Dreadmist",0x40514,0x0,Player-4755-0220BD00,"Krikoff-Dreadmist",0x40514,0x0,23888,"Bloodthirst",0x1,BUFF
4/28 18:50:28.917  SPELL_HEAL,Player-4755-01FA8DD8,"Roackerita-Dreadmist",0x514,0x0,Player-4755-01617EEE,"Fenix-Dreadmist",0x512,0x0,2055,"Heal",0x2,Player-4755-01617EEE,0000000000000000,100,100,0,0,0,-1,0,0,0,5.05,-184.36,0,4.1797,66,1093,1093,946,0,nil
4/28 18:50:28.917  SPELL_AURA_APPLIED,Player-4755-020BD78D,"Lonehunter-Dreadmist",0x514,0x0,Pet-0-4457-249-1045-9622-02002CD5BC,"Bokito",0x1114,0x0,20906,"Trueshot Aura",0x40,BUFF
4/28 18:50:28.917  SPELL_AURA_APPLIED,Player-4755-020BD78D,"Lonehunter-Dreadmist",0x514,0x0,Player-4755-0220BD00,"Krikoff-Dreadmist",0x40514,0x0,20906,"Trueshot Aura",0x40,BUFF
4/28 18:50:29.072  SPELL_DAMAGE,Player-4755-01614AC7,"Mirrimazduur-Dreadmist",0x512,0x0,Creature-0-4457-249-1045-10184-000028665C,"Onyxia",0x10a48,0x0,11661,"Shadow Bolt",0x20,Creature-0-4457-249-1045-10184-000028665C,0000000000000000,48,100,0,0,0,-1,0,0,0,15.05,-185.81,0,2.0804,63,955,868,-1,32,0,0,0,nil,nil,nil
4/28 18:50:29.088  SPELL_CAST_START,Player-4755-01E83279,"Nlmasters-Dreadmist",0x514,0x8,0000000000000000,nil,0x80000000,0x80000000,75,"Auto Shot",0x1
4/28 18:50:29.088  SPELL_PERIODIC_DAMAGE,Player-4755-01F36B30,"Rectumqeef-Dreadmist",0x514,0x0,Creature-0-4457-249-1045-10184-000028665C,"Onyxia",0x10a48,0x0,11672,"Corruption",0x20,Creature-0-4457-249-1045-10184-000028665C,0000000000000000,48,100,0,0,0,-1,0,0,0,14.98,-185.67,0,2.0806,63,224,203,-1,32,0,0,0,nil,nil,nil
4/28 18:50:29.103  SPELL_PERIODIC_ENERGIZE,Player-4755-01BC57A3,"Saintis-Dreadmist",0x511,0x0,Player-4755-01BC57A3,"Saintis-Dreadmist",0x511,0x0,18194,"Mana Regeneration",0x1,Player-4755-01BC57A3,0000000000000000,100,100,0,0,0,-1,0,0,0,6.45,-195.67,0,1.0851,68,8.0000,0.0000,0,7212
4/28 18:50:29.118  SPELL_CAST_START,Player-4755-01FA8DD8,"Roackerita-Dreadmist",0x514,0x0,0000000000000000,nil,0x80000000,0x80000000,2055,"Heal",0x2
4/28 18:50:29.153  SPELL_MISSED,Player-4755-0163DD9D,"Kaspais-Dreadmist",0x514,0x0,Creature-0-4457-249-1045-10184-000028665C,"Onyxia",0x10a48,0x0,10181,"Frostbolt",0x10,RESIST,nil,0
4/28 18:50:29.176  SPELL_AURA_REMOVED,Player-4755-0160BD13,"Mafkees-Dreadmist",0x514,0x0,Player-4755-0160BD13,"Mafkees-Dreadmist",0x514,0x0,14204,"Enrage",0x1,BUFF
4/28 18:50:29.221  SPELL_AURA_REMOVED,Player-4755-0160BD13,"Mafkees-Dreadmist",0x514,0x0,Player-4755-0160BD13,"Mafkees-Dreadmist",0x514,0x0,23888,"Bloodthirst",0x1,BUFF
4/28 18:50:29.250  SPELL_PERIODIC_HEAL,Player-4755-02045EF4,"Necrosini-Dreadmist",0x512,0x0,Player-4755-016296D3,"Nivl-Dreadmist",0x514,0x0,10929,"Renew",0x2,Player-4755-016296D3,0000000000000000,100,100,0,0,0,-1,0,0,0,-15.90,-186.24,0,4.5764,69,254,254,254,0,nil
4/28 18:50:29.308  SPELL_AURA_REMOVED,Player-4755-01617EEE,"Fenix-Dreadmist",0x512,0x0,Player-4755-01804B95,"Moymoy-Dreadmist",0x514,0x0,15359,"Inspiration",0x2,BUFF
4/28 18:50:29.416  SPELL_CAST_START,Player-4755-016296D3,"Nivl-Dreadmist",0x514,0x0,0000000000000000,nil,0x80000000,0x80000000,1064,"Chain Heal",0x8
4/28 18:50:29.445  SPELL_CAST_SUCCESS,Player-4755-01802FE5,"Angrybat-Dreadmist",0x514,0x0,Creature-0-4457-249-1045-10184-000028665C,"Onyxia",0x10a48,0x0,10181,"Frostbolt",0x10,Player-4755-01802FE5,0000000000000000,100,100,0,0,0,-1,0,0,0,-21.09,-197.29,0,0.2036,66
4/28 18:50:29.445  SPELL_CAST_START,Player-4755-01802FE5,"Angrybat-Dreadmist",0x514,0x0,0000000000000000,nil,0x80000000,0x80000000,10181,"Frostbolt",0x10
4/28 18:50:29.506  SPELL_PERIODIC_ENERGIZE,Creature-0-4457-249-1045-7416-0000286CBA,"Mana Spring Totem IV",0x2114,0x0,Player-4755-01ED7A64,"Sperzieboon-Dreadmist",0x514,0x0,10494,"Mana Spring",0x8,Player-4755-01ED7A64,0000000000000000,100,100,0,0,0,-1,0,0,0,6.61,-176.14,0,3.6408,67,12.0000,0.0000,0,7261
4/28 18:50:29.507  SPELL_CAST_SUCCESS,Player-4755-01617EEE,"Fenix-Dreadmist",0x512,0x0,Player-4755-020BD78D,"Lonehunter-Dreadmist",0x514,0x0,6064,"Heal",0x2,Player-4755-01617EEE,0000000000000000,100,100,0,0,0,-1,0,0,0,5.05,-184.36,0,4.1797,66
4/28 18:50:29.507  SPELL_CAST_SUCCESS,Player-4755-01E83279,"Nlmasters-Dreadmist",0x514,0x8,Creature-0-4457-249-1045-10184-000028665C,"Onyxia",0x10a48,0x0,75,"Auto Shot",0x1,Player-4755-01E83279,0000000000000000,100,100,0,0,0,-1,0,0,0,-31.13,-202.91,0,5.8396,70
4/28 18:50:29.611  SPELL_PERIODIC_ENERGIZE,Creature-0-4457-249-1045-7416-0000286CBA,"Mana Spring Totem IV",0x2114,0x0,Player-4755-01804B95,"Moymoy-Dreadmist",0x514,0x0,10494,"Mana Spring",0x8,Player-4755-01804B95,0000000000000000,100,100,0,0,0,-1,0,0,0,15.62,-184.74,0,5.1353,66,13.0000,0.0000,0,5366
4/28 18:50:29.667  SPELL_PERIODIC_DAMAGE,Player-4755-01614AC7,"Mirrimazduur-Dreadmist",0x512,0x0,Creature-0-4457-249-1045-10184-000028665C,"Onyxia",0x10a48,0x0,11672,"Corruption",0x20,Creature-0-4457-249-1045-10184-000028665C,0000000000000000,48,100,0,0,0,-1,0,0,0,12.60,-181.43,0,2.0752,63,207,188,-1,32,0,0,0,nil,nil,nil
4/28 18:50:29.680  SPELL_CAST_SUCCESS,Player-4755-0210153A,"Hapuseneb-Dreadmist",0x514,0x0,Player-4755-01733879,"Hocwar-Dreadmist",0x40514,0x0,6064,"Heal",0x2,Player-4755-0210153A,0000000000000000,100,100,0,0,0,-1,0,0,0,-4.50,-234.33,0,3.2162,66
4/28 18:50:29.708  SPELL_CAST_SUCCESS,Pet-0-4457-249-1045-7432-01002D8BC6,"Cat",0x1114,0x0,Creature-0-4457-249-1045-10184-000028665C,"Onyxia",0x10a48,0x0,17261,"Bite",0x1,Pet-0-4457-249-1045-7432-01002D8BC6,Player-4755-01E83279,100,100,0,0,0,-1,0,0,0,13.91,-200.31,0,1.7000,70
4/28 18:50:29.725  SPELL_HEAL,Player-4755-01617EEE,"Fenix-Dreadmist",0x512,0x0,Player-4755-020BD78D,"Lonehunter-Dreadmist",0x514,0x0,6064,"Heal",0x2,Player-4755-020BD78D,0000000000000000,100,100,0,0,0,-1,0,0,0,-6.96,-176.64,0,5.7500,70,1475,1475,1475,0,nil
4/28 18:50:29.725  SPELL_HEAL,Player-4755-0210153A,"Hapuseneb-Dreadmist",0x514,0x0,Player-4755-01733879,"Hocwar-Dreadmist",0x40514,0x0,6064,"Heal",0x2,Player-4755-01733879,0000000000000000,91,100,0,0,0,-1,0,0,0,-18.29,-240.03,0,0.9956,71,1347,1347,0,0,nil
4/28 18:50:29.725  SPELL_DAMAGE,Pet-0-4457-249-1045-7432-01002D8BC6,"Cat",0x1114,0x0,Creature-0-4457-249-1045-10184-000028665C,"Onyxia",0x10a48,0x0,17261,"Bite",0x1,Creature-0-4457-249-1045-10184-000028665C,0000000000000000,48,100,0,0,0,-1,0,0,0,12.43,-181.11,0,2.0723,63,88,146,-1,1,0,0,0,nil,nil,nil
4/28 18:50:29.725  SPELL_PERIODIC_HEAL,Player-4755-02045EF4,"Necrosini-Dreadmist",0x512,0x0,Player-4755-01840577,"Raggèn-Dreadmist",0x514,0x0,10929,"Renew",0x2,Player-4755-01840577,0000000000000000,97,100,0,0,0,-1,0,0,0,0.88,-172.90,0,4.9087,67,253,253,0,0,nil
4/28 18:50:29.725  SPELL_AURA_REMOVED,Player-4755-02045EF4,"Necrosini-Dreadmist",0x512,0x0,Player-4755-01840577,"Raggèn-Dreadmist",0x514,0x0,10929,"Renew",0x2,BUFF
4/28 18:50:29.799  SPELL_CAST_SUCCESS,Player-4755-02045EF4,"Necrosini-Dreadmist",0x512,0x0,Player-4755-020BD78D,"Lonehunter-Dreadmist",0x514,0x0,2054,"Heal",0x2,Player-4755-02045EF4,0000000000000000,100,100,0,0,0,-1,0,0,0,9.38,-197.21,0,3.5410,69
4/28 18:50:29.867  SPELL_AURA_REMOVED,Player-4755-020BD78D,"Lonehunter-Dreadmist",0x514,0x0,Player-4755-020BD78D,"Lonehunter-Dreadmist",0x514,0x0,14322,"Aspect of the Hawk",0x8,BUFF
4/28 18:50:29.867  SPELL_AURA_APPLIED,Player-4755-020BD78D,"Lonehunter-Dreadmist",0x514,0x0,Player-4755-020BD78D,"Lonehunter-Dreadmist",0x514,0x0,5118,"Aspect of the Cheetah",0x8,BUFF
4/28 18:50:29.867  SPELL_CAST_SUCCESS,Player-4755-020BD78D,"Lonehunter-Dreadmist",0x514,0x0,0000000000000000,nil,0x80000000,0x80000000,5118,"Aspect of the Cheetah",0x8,Player-4755-020BD78D,0000000000000000,100,100,0,0,0,-1,0,0,0,-6.23,-177.24,0,5.8080,70
4/28 18:50:29.886  SPELL_CAST_SUCCESS,Player-4755-01614AC7,"Mirrimazduur-Dreadmist",0x512,0x0,Creature-0-4457-249-1045-10184-000028665C,"Onyxia",0x10a48,0x0,11661,"Shadow Bolt",0x20,Player-4755-01614AC7,0000000000000000,100,100,0,0,0,-1,0,0,0,8.12,-176.09,0,4.7503,68
4/28 18:50:29.886  SPELL_CAST_START,Player-4755-01614AC7,"Mirrimazduur-Dreadmist",0x512,0x0,0000000000000000,nil,0x80000000,0x80000000,11661,"Shadow Bolt",0x20
4/28 18:50:29.886  SPELL_CAST_SUCCESS,Player-4755-01617EEE,"Fenix-Dreadmist",0x512,0x0,0000000000000000,nil,0x80000000,0x80000000,17530,"Restore Mana",0x1,Player-4755-01617EEE,0000000000000000,100,100,0,0,0,-1,0,0,0,5.05,-184.36,0,4.1797,66
4/28 18:50:29.900  SPELL_CAST_SUCCESS,Player-4755-0163DD9D,"Kaspais-Dreadmist",0x514,0x0,Creature-0-4457-249-1045-10184-000028665C,"Onyxia",0x10a48,0x0,10181,"Frostbolt",0x10,Player-4755-0163DD9D,0000000000000000,100,100,0,0,0,-1,0,0,0,-21.59,-193.96,0,0.2567,66
4/28 18:50:29.900  SPELL_CAST_START,Player-4755-0163DD9D,"Kaspais-Dreadmist",0x514,0x0,0000000000000000,nil,0x80000000,0x80000000,10181,"Frostbolt",0x10
4/28 18:50:29.974  SPELL_CAST_SUCCESS,Player-4755-0178F576,"Atreas-Dreadmist",0x514,0x0,Creature-0-4457-249-1045-10184-000028665C,"Onyxia",0x10a48,0x0,20904,"Aimed Shot",0x1,Player-4755-0178F576,0000000000000000,95,100,0,0,0,-1,0,0,0,-30.18,-191.53,0,6.0414,66
4/28 18:50:30.027  SPELL_AURA_APPLIED,Player-4755-01840577,"Raggèn-Dreadmist",0x514,0x0,Player-4755-01840577,"Raggèn-Dreadmist",0x514,0x0,10432,"Lightning Shield",0x8,BUFF
4/28 18:50:30.027  SPELL_CAST_SUCCESS,Player-4755-01840577,"Raggèn-Dreadmist",0x514,0x0,0000000000000000,nil,0x80000000,0x80000000,10432,"Lightning Shield",0x8,Player-4755-01840577,0000000000000000,97,100,0,0,0,-1,0,0,0,0.88,-172.90,0,4.7988,67
4/28 18:50:30.027  SPELL_CAST_START,Player-4755-0178F576,"Atreas-Dreadmist",0x514,0x0,0000000000000000,nil,0x80000000,0x80000000,75,"Auto Shot",0x1
4/28 18:50:30.109  SPELL_AURA_REMOVED,Pet-0-4457-249-1045-7432-01002D8BC6,"Cat",0x1114,0x0,Pet-0-4457-249-1045-7432-01002D8BC6,"Cat",0x1114,0x0,23110,"Dash",0x1,BUFF
4/28 18:50:30.139  SPELL_HEAL,Player-4755-02045EF4,"Necrosini-Dreadmist",0x512,0x0,Player-4755-020BD78D,"Lonehunter-Dreadmist",0x514,0x0,2054,"Heal",0x2,Player-4755-020BD78D,0000000000000000,100,100,0,0,0,-1,0,0,0,-4.39,-178.48,0,5.6889,70,677,677,677,0,nil
4/28 18:50:30.139  SPELL_ENERGIZE,Player-4755-01617EEE,"Fenix-Dreadmist",0x512,0x0,Player-4755-01617EEE,"Fenix-Dreadmist",0x512,0x0,17530,"Restore Mana",0x1,Player-4755-01617EEE,0000000000000000,100,100,0,0,0,-1,0,0,0,5.11,-184.25,0,4.1797,66,1152.0000,0.0000,0,5746
4/28 18:50:30.264  SPELL_PERIODIC_ENERGIZE,Creature-0-4457-249-1045-7416-0000286CBA,"Mana Spring Totem IV",0x2114,0x0,Player-4755-01FA8DD8,"Roackerita-Dreadmist",0x514,0x0,10494,"Mana Spring",0x8,Player-4755-01FA8DD8,0000000000000000,100,100,0,0,0,-1,0,0,0,-4.42,-187.22,0,4.7384,69,13.0000,0.0000,0,6736
4/28 18:50:30.344  SPELL_PERIODIC_DAMAGE,Player-4755-01A6B139,"Sakatan-Dreadmist",0x514,0x0,Creature-0-4457-249-1045-10184-000028665C,"Onyxia",0x10a48,0x0,11275,"Rupture",0x1,Creature-0-4457-249-1045-10184-000028665C,0000000000000000,48,100,0,0,0,-1,0,0,0,11.92,-180.18,0,2.0533,63,125,125,-1,1,0,0,0,nil,nil,nil
4/28 18:50:30.467  SPELL_CAST_SUCCESS,Player-4755-0178F576,"Atreas-Dreadmist",0x514,0x0,Creature-0-4457-249-1045-10184-000028665C,"Onyxia",0x10a48,0x0,75,"Auto Shot",0x1,Player-4755-0178F576,0000000000000000,95,100,0,0,0,-1,0,0,0,-30.18,-191.53,0,6.0414,66
4/28 18:50:30.467  SPELL_CAST_START,Player-4755-0178F576,"Atreas-Dreadmist",0x514,0x0,0000000000000000,nil,0x80000000,0x80000000,14290,"Multi-Shot",0x1
4/28 18:50:30.595  SPELL_PERIODIC_ENERGIZE,Creature-0-4457-249-1045-7416-0000286CC9,"Mana Spring Totem IV",0x2114,0x0,Player-4755-0178F576,"Atreas-Dreadmist",0x514,0x0,10494,"Mana Spring",0x8,Player-4755-0178F576,0000000000000000,95,100,0,0,0,-1,0,0,0,-30.18,-191.53,0,6.0414,66,10.0000,0.0000,0,3765
4/28 18:50:30.595  SPELL_PERIODIC_ENERGIZE,Creature-0-4457-249-1045-7416-0000286CC9,"Mana Spring Totem IV",0x2114,0x0,Player-4755-016296D3,"Nivl-Dreadmist",0x514,0x0,10494,"Mana Spring",0x8,Player-4755-016296D3,0000000000000000,100,100,0,0,0,-1,0,0,0,-15.90,-186.24,0,4.5764,69,10.0000,0.0000,0,5845
4/28 18:50:30.702  SPELL_MISSED,Creature-0-4457-249-1045-2630-0000286CD4,"Earthbind Totem",0x2114,0x0,Creature-0-4457-249-1045-10184-000028665C,"Onyxia",0x10a48,0x0,3600,"Earthbind",0x8,IMMUNE,nil
4/28 18:50:30.715  SPELL_CAST_START,Player-4755-01E83279,"Nlmasters-Dreadmist",0x514,0x8,0000000000000000,nil,0x80000000,0x80000000,20904,"Aimed Shot",0x1
4/28 18:50:30.729  SPELL_DAMAGE,Player-4755-01614AC7,"Mirrimazduur-Dreadmist",0x512,0x0,Creature-0-4457-249-1045-10184-000028665C,"Onyxia",0x10a48,0x0,11661,"Shadow Bolt",0x20,Creature-0-4457-249-1045-10184-000028665C,0000000000000000,48,100,0,0,0,-1,0,0,0,11.92,-180.18,0,4.0492,63,937,851,-1,32,0,0,0,nil,nil,nil
4/28 18:50:30.799  SPELL_PERIODIC_ENERGIZE,Creature-0-4457-249-1045-7416-0000286CBA,"Mana Spring Totem IV",0x2114,0x0,Player-4755-015FEBD5,"Sauvage-Dreadmist",0x514,0x0,10494,"Mana Spring",0x8,Player-4755-015FEBD5,0000000000000000,100,100,0,0,0,-1,0,0,0,7.06,-182.83,0,3.7322,64,12.0000,0.0000,0,6158
4/28 18:50:30.825  RANGE_DAMAGE,Player-4755-01E83279,"Nlmasters-Dreadmist",0x514,0x8,Creature-0-4457-249-1045-10184-000028665C,"Onyxia",0x10a48,0x0,75,"Auto Shot",0x1,Creature-0-4457-249-1045-10184-000028665C,0000000000000000,48,100,0,0,0,-1,0,0,0,11.92,-180.18,0,4.0492,63,524,392,-1,1,0,0,0,1,nil,nil
4/28 18:50:30.866  SPELL_PERIODIC_HEAL,Player-4755-01FA8DD8,"Roackerita-Dreadmist",0x514,0x0,Player-4755-01617EEE,"Fenix-Dreadmist",0x512,0x0,6078,"Renew",0x2,Player-4755-01617EEE,0000000000000000,100,100,0,0,0,-1,0,0,0,6.94,-181.81,0,3.3836,66,235,235,235,0,nil
4/28 18:50:30.866  SPELL_PERIODIC_HEAL,Player-4755-02045EF4,"Necrosini-Dreadmist",0x512,0x0,Player-4755-020BD78D,"Lonehunter-Dreadmist",0x514,0x0,10929,"Renew",0x2,Player-4755-020BD78D,0000000000000000,100,100,0,0,0,-1,0,0,0,1.25,-181.97,0,5.7561,70,253,253,253,0,nil
4/28 18:50:30.906  SPELL_CAST_SUCCESS,Player-4755-0178F576,"Atreas-Dreadmist",0x514,0x0,Creature-0-4457-249-1045-10184-000028665C,"Onyxia",0x10a48,0x0,14290,"Multi-Shot",0x1,Player-4755-0178F576,0000000000000000,95,100,0,0,0,-1,0,0,0,-30.18,-191.53,0,6.0414,66
4/28 18:50:30.947  SPELL_DAMAGE,Player-4755-01802FE5,"Angrybat-Dreadmist",0x514,0x0,Creature-0-4457-249-1045-10184-000028665C,"Onyxia",0x10a48,0x0,10181,"Frostbolt",0x10,Creature-0-4457-249-1045-10184-000028665C,0000000000000000,48,100,0,0,0,-1,0,0,0,11.92,-180.18,0,4.0492,63,1935,879,-1,16,0,0,0,1,nil,nil
4/28 18:50:31.177  SPELL_DAMAGE,Player-4755-0178F576,"Atreas-Dreadmist",0x514,0x0,Creature-0-4457-249-1045-10184-000028665C,"Onyxia",0x10a48,0x0,20904,"Aimed Shot",0x1,Creature-0-4457-249-1045-10184-000028665C,0000000000000000,47,100,0,0,0,-1,0,0,0,11.92,-180.18,0,4.0492,63,686,1151,-1,1,0,0,0,nil,nil,nil
4/28 18:50:31.354  SPELL_DAMAGE,Player-4755-0163DD9D,"Kaspais-Dreadmist",0x514,0x0,Creature-0-4457-249-1045-10184-000028665C,"Onyxia",0x10a48,0x0,10181,"Frostbolt",0x10,Creature-0-4457-249-1045-10184-000028665C,0000000000000000,47,100,0,0,0,-1,0,0,0,11.92,-180.18,0,4.0492,63,941,855,-1,16,0,0,0,nil,nil,nil
4/28 18:50:31.462  SPELL_AURA_REMOVED,Player-4755-01637B0A,"Pindle-Dreadmist",0x514,0x0,Player-4755-01637B0A,"Pindle-Dreadmist",0x514,0x0,20007,"Holy Strength",0x2,BUFF
4/28 18:50:31.502  SPELL_PERIODIC_ENERGIZE,Creature-0-4457-249-1045-7416-0000286CBA,"Mana Spring Totem IV",0x2114,0x0,Player-4755-01ED7A64,"Sperzieboon-Dreadmist",0x514,0x0,10494,"Mana Spring",0x8,Player-4755-01ED7A64,0000000000000000,100,100,0,0,0,-1,0,0,0,5.55,-182.88,0,4.9328,67,13.0000,0.0000,0,7261
4/28 18:50:31.604  SPELL_PERIODIC_ENERGIZE,Creature-0-4457-249-1045-7416-0000286CBA,"Mana Spring Totem IV",0x2114,0x0,Player-4755-01804B95,"Moymoy-Dreadmist",0x514,0x0,10494,"Mana Spring",0x8,Player-4755-01804B95,0000000000000000,100,100,0,0,0,-1,0,0,0,21.38,-198.36,0,4.8644,66,12.0000,0.0000,0,5366
4/28 18:50:31.631  SPELL_CAST_SUCCESS,Player-4755-01FA8DD8,"Roackerita-Dreadmist",0x514,0x0,Player-4755-0178F576,"Atreas-Dreadmist",0x514,0x0,2055,"Heal",0x2,Player-4755-01FA8DD8,0000000000000000,100,100,0,0,0,-1,0,0,0,-4.42,-187.22,0,4.7384,69
4/28 18:50:31.644  RANGE_DAMAGE,Player-4755-0178F576,"Atreas-Dreadmist",0x514,0x0,Creature-0-4457-249-1045-10184-000028665C,"Onyxia",0x10a48,0x0,75,"Auto Shot",0x1,Creature-0-4457-249-1045-10184-000028665C,0000000000000000,47,100,0,0,0,-1,0,0,0,11.92,-180.18,0,4.0492,63,312,523,-1,1,0,0,0,nil,nil,nil
4/28 18:50:31.739  SPELL_CAST_START,Creature-0-4457-249-1045-10184-000028665C,"Onyxia",0x10a48,0x0,0000000000000000,nil,0x80000000,0x80000000,18392,"Fireball",0x4
4/28 18:50:31.757  SPELL_AURA_APPLIED,Player-4755-01802FE5,"Angrybat-Dreadmist",0x514,0x0,Creature-0-4457-249-1045-10184-000028665C,"Onyxia",0x10a48,0x0,12579,"Winter's Chill",0x10,DEBUFF
4/28 18:50:31.757  SPELL_HEAL,Player-4755-01FA8DD8,"Roackerita-Dreadmist",0x514,0x0,Player-4755-0178F576,"Atreas-Dreadmist",0x514,0x0,2055,"Heal",0x2,Player-4755-0178F576,0000000000000000,100,100,0,0,0,-1,0,0,0,-30.18,-191.53,0,6.0414,66,1101,1101,873,0,nil
4/28 18:50:31.912  SPELL_CAST_SUCCESS,Player-4755-016296D3,"Nivl-Dreadmist",0x514,0x0,Player-4755-0178F576,"Atreas-Dreadmist",0x514,0x0,1064,"Chain Heal",0x8,Player-4755-016296D3,0000000000000000,100,100,0,0,0,-1,0,0,0,-15.90,-186.24,0,6.0647,69
4/28 18:50:31.952  SPELL_CAST_SUCCESS,Player-4755-01802FE5,"Angrybat-Dreadmist",0x514,0x0,Creature-0-4457-249-1045-10184-000028665C,"Onyxia",0x10a48,0x0,10181,"Frostbolt",0x10,Player-4755-01802FE5,0000000000000000,100,100,0,0,0,-1,0,0,0,-21.09,-197.29,0,0.3450,66
4/28 18:50:31.952  SPELL_CAST_START,Player-4755-01802FE5,"Angrybat-Dreadmist",0x514,0x0,0000000000000000,nil,0x80000000,0x80000000,10181,"Frostbolt",0x10
4/28 18:50:31.952  SPELL_CAST_SUCCESS,Player-4755-01F36B30,"Rectumqeef-Dreadmist",0x514,0x0,0000000000000000,nil,0x80000000,0x80000000,11689,"Life Tap",0x20,Player-4755-01F36B30,0000000000000000,73,100,0,0,0,-1,0,0,0,25.28,-201.70,0,5.2349,66
4/28 18:50:32.033  SPELL_DAMAGE,Player-4755-01FA8D0D,"Roackeru-Dreadmist",0x514,0x0,Creature-0-4457-249-1045-10184-000028665C,"Onyxia",0x10a48,0x0,11661,"Shadow Bolt",0x20,Creature-0-4457-249-1045-10184-000028665C,0000000000000000,47,100,0,0,0,-1,0,0,0,11.92,-180.18,0,4.2889,63,946,860,-1,32,0,0,0,nil,nil,nil
4/28 18:50:32.086  SPELL_PERIODIC_DAMAGE,Player-4755-01F36B30,"Rectumqeef-Dreadmist",0x514,0x0,Creature-0-4457-249-1045-10184-000028665C,"Onyxia",0x10a48,0x0,11672,"Corruption",0x20,Creature-0-4457-249-1045-10184-000028665C,0000000000000000,47,100,0,0,0,-1,0,0,0,11.92,-180.18,0,4.2889,63,224,203,-1,32,0,0,0,nil,nil,nil
4/28 18:50:32.155  SPELL_HEAL,Player-4755-016296D3,"Nivl-Dreadmist",0x514,0x0,Player-4755-0178F576,"Atreas-Dreadmist",0x514,0x0,1064,"Chain Heal",0x8,Player-4755-0178F576,0000000000000000,100,100,0,0,0,-1,0,0,0,-30.18,-191.53,0,6.0414,66,668,668,668,0,nil
4/28 18:50:32.155  SPELL_ENERGIZE,Player-4755-01F36B30,"Rectumqeef-Dreadmist",0x514,0x0,Player-4755-01F36B30,"Rectumqeef-Dreadmist",0x514,0x0,31818,"Life Tap",0x20,Player-4755-01F36B30,0000000000000000,73,100,0,0,0,-1,0,0,0,25.89,-203.12,0,5.1760,66,935.0000,0.0000,0,5218
4/28 18:50:32.251  SPELL_PERIODIC_HEAL,Player-4755-02045EF4,"Necrosini-Dreadmist",0x512,0x0,Player-4755-016296D3,"Nivl-Dreadmist",0x514,0x0,10929,"Renew",0x2,Player-4755-016296D3,0000000000000000,100,100,0,0,0,-1,0,0,0,-14.30,-186.57,0,6.0804,69,253,253,253,0,nil
4/28 18:50:32.251  SPELL_PERIODIC_ENERGIZE,Creature-0-4457-249-1045-7416-0000286CBA,"Mana Spring Totem IV",0x2114,0x0,Player-4755-01FA8DD8,"Roackerita-Dreadmist",0x514,0x0,10494,"Mana Spring",0x8,Player-4755-01FA8DD8,0000000000000000,100,100,0,0,0,-1,0,0,0,-4.42,-187.22,0,4.7384,69,12.0000,0.0000,0,6736
4/28 18:50:32.353  SPELL_PERIODIC_DAMAGE,Player-4755-01A6B139,"Sakatan-Dreadmist",0x514,0x0,Creature-0-4457-249-1045-10184-000028665C,"Onyxia",0x10a48,0x0,11275,"Rupture",0x1,Creature-0-4457-249-1045-10184-000028665C,0000000000000000,47,100,0,0,0,-1,0,0,0,11.92,-180.18,0,4.2889,63,125,125,-1,1,0,0,0,nil,nil,nil
4/28 18:50:32.353  SPELL_AURA_REMOVED,Player-4755-01A6B139,"Sakatan-Dreadmist",0x514,0x0,Creature-0-4457-249-1045-10184-000028665C,"Onyxia",0x10a48,0x0,11275,"Rupture",0x1,DEBUFF
4/28 18:50:32.394  SPELL_CAST_SUCCESS,Player-4755-01614AC7,"Mirrimazduur-Dreadmist",0x512,0x0,Creature-0-4457-249-1045-10184-000028665C,"Onyxia",0x10a48,0x0,11661,"Shadow Bolt",0x20,Player-4755-01614AC7,0000000000000000,100,100,0,0,0,-1,0,0,0,8.12,-176.09,0,4.6482,68
4/28 18:50:32.394  SPELL_CAST_START,Player-4755-01614AC7,"Mirrimazduur-Dreadmist",0x512,0x0,0000000000000000,nil,0x80000000,0x80000000,11661,"Shadow Bolt",0x20
4/28 18:50:32.394  SPELL_CAST_SUCCESS,Player-4755-0163DD9D,"Kaspais-Dreadmist",0x514,0x0,Creature-0-4457-249-1045-10184-000028665C,"Onyxia",0x10a48,0x0,10181,"Frostbolt",0x10,Player-4755-0163DD9D,0000000000000000,100,100,0,0,0,-1,0,0,0,-21.59,-193.96,0,0.2567,66
4/28 18:50:32.394  SPELL_CAST_START,Player-4755-0163DD9D,"Kaspais-Dreadmist",0x514,0x0,0000000000000000,nil,0x80000000,0x80000000,10181,"Frostbolt",0x10
4/28 18:50:32.477  SPELL_CAST_START,Player-4755-016296D3,"Nivl-Dreadmist",0x514,0x0,0000000000000000,nil,0x80000000,0x80000000,15208,"Lightning Bolt",0x8
4/28 18:50:32.477  SPELL_DAMAGE,Player-4755-0178F576,"Atreas-Dreadmist",0x514,0x0,Creature-0-4457-249-1045-10184-000028665C,"Onyxia",0x10a48,0x0,14290,"Multi-Shot",0x1,Creature-0-4457-249-1045-10184-000028665C,0000000000000000,47,100,0,0,0,-1,0,0,0,11.92,-180.18,0,4.2889,63,445,823,-1,1,0,46,0,nil,nil,nil
4/28 18:50:32.558  SPELL_CAST_START,Player-4755-0178F576,"Atreas-Dreadmist",0x514,0x0,0000000000000000,nil,0x80000000,0x80000000,75,"Auto Shot",0x1
4/28 18:50:32.572  SPELL_CAST_START,Player-4755-0210153A,"Hapuseneb-Dreadmist",0x514,0x0,0000000000000000,nil,0x80000000,0x80000000,6064,"Heal",0x2
4/28 18:50:32.585  SPELL_PERIODIC_ENERGIZE,Creature-0-4457-249-1045-7416-0000286CC9,"Mana Spring Totem IV",0x2114,0x0,Player-4755-016296D3,"Nivl-Dreadmist",0x514,0x0,10494,"Mana Spring",0x8,Player-4755-016296D3,0000000000000000,100,100,0,0,0,-1,0,0,0,-13.47,-186.74,0,6.0844,69,10.0000,0.0000,0,5845
4/28 18:50:32.585  SPELL_PERIODIC_ENERGIZE,Creature-0-4457-249-1045-7416-0000286CC9,"Mana Spring Totem IV",0x2114,0x0,Player-4755-0178F576,"Atreas-Dreadmist",0x514,0x0,10494,"Mana Spring",0x8,Player-4755-0178F576,0000000000000000,100,100,0,0,0,-1,0,0,0,-30.18,-191.53,0,6.0414,66,10.0000,0.0000,0,3765
4/28 18:50:32.625  SPELL_CAST_START,Player-4755-01FA8DD8,"Roackerita-Dreadmist",0x514,0x0,0000000000000000,nil,0x80000000,0x80000000,2055,"Heal",0x2
4/28 18:50:32.652  SPELL_PERIODIC_DAMAGE,Player-4755-01614AC7,"Mirrimazduur-Dreadmist",0x512,0x0,Creature-0-4457-249-1045-10184-000028665C,"Onyxia",0x10a48,0x0,11672,"Corruption",0x20,Creature-0-4457-249-1045-10184-000028665C,0000000000000000,47,100,0,0,0,-1,0,0,0,11.92,-180.18,0,4.2889,63,207,188,-1,32,0,0,0,nil,nil,nil
4/28 18:50:32.778  SPELL_PERIODIC_ENERGIZE,Player-4755-01802FE5,"Angrybat-Dreadmist",0x514,0x0,Player-4755-01802FE5,"Angrybat-Dreadmist",0x514,0x0,18194,"Mana Regeneration",0x1,Player-4755-01802FE5,0000000000000000,100,100,0,0,0,-1,0,0,0,-21.09,-197.29,0,0.3450,66,8.0000,0.0000,0,6033
4/28 18:50:32.792  SPELL_PERIODIC_ENERGIZE,Creature-0-4457-249-1045-7416-0000286CBA,"Mana Spring Totem IV",0x2114,0x0,Player-4755-015FEBD5,"Sauvage-Dreadmist",0x514,0x0,10494,"Mana Spring",0x8,Player-4755-015FEBD5,0000000000000000,100,100,0,0,0,-1,0,0,0,7.06,-182.83,0,3.7989,64,12.0000,0.0000,0,6158
4/28 18:50:32.832  SPELL_CAST_SUCCESS,Player-4755-016DF694,"Ashalan-Dreadmist",0x514,0x0,0000000000000000,nil,0x80000000,0x80000000,16362,"Windfury Weapon",0x8,Player-4755-016DF694,0000000000000000,100,100,0,0,0,-1,0,0,0,-18.61,-174.18,0,5.9447,67
4/28 18:50:32.925  SPELL_CAST_SUCCESS,Player-4755-01A6B139,"Sakatan-Dreadmist",0x514,0x0,Creature-0-4457-249-1045-10184-000028665C,"Onyxia",0x10a48,0x0,11281,"Backstab",0x1,Player-4755-01A6B139,0000000000000000,100,100,0,0,0,-1,0,0,0,15.99,-180.23,0,2.8164,69
4/28 18:50:32.952  SPELL_AURA_REMOVED,Pet-0-4457-249-1045-416-01001C47E2,"Ababis",0x1114,0x0,Player-4755-01840577,"Raggèn-Dreadmist",0x514,0x0,11767,"Blood Pact",0x20,BUFF
4/28 18:50:32.952  SPELL_CAST_SUCCESS,Pet-0-4457-249-1045-2850-01001956F9,"Kratos",0x1114,0x0,Creature-0-4457-249-1045-10184-000028665C,"Onyxia",0x10a48,0x0,3009,"Claw",0x1,Pet-0-4457-249-1045-2850-01001956F9,Player-4755-0178F576,100,100,0,0,0,-1,0,0,0,12.73,-194.44,0,1.6273,66
4/28 18:50:32.970  SPELL_DAMAGE,Player-4755-01A6B139,"Sakatan-Dreadmist",0x514,0x0,Creature-0-4457-249-1045-10184-000028665C,"Onyxia",0x10a48,0x0,11281,"Backstab",0x1,Creature-0-4457-249-1045-10184-000028665C,0000000000000000,47,100,0,0,0,-1,0,0,0,11.92,-180.18,0,4.2889,63,372,624,-1,1,0,0,0,nil,nil,nil
4/28 18:50:32.970  SPELL_DAMAGE,Pet-0-4457-249-1045-2850-01001956F9,"Kratos",0x1114,0x0,Creature-0-4457-249-1045-10184-000028665C,"Onyxia",0x10a48,0x0,3009,"Claw",0x1,Creature-0-4457-249-1045-10184-000028665C,0000000000000000,47,100,0,0,0,-1,0,0,0,11.92,-180.18,0,4.2889,63,47,77,-1,1,0,0,0,nil,nil,nil
4/28 18:50:32.984  SPELL_AURA_REMOVED,Player-4755-01804B95,"Moymoy-Dreadmist",0x514,0x0,Player-4755-01802FE5,"Angrybat-Dreadmist",0x514,0x0,29203,"Healing Way",0x2,BUFF
4/28 18:50:32.999  SPELL_CAST_SUCCESS,Player-4755-0178F576,"Atreas-Dreadmist",0x514,0x0,Creature-0-4457-249-1045-10184-000028665C,"Onyxia",0x10a48,0x0,75,"Auto Shot",0x1,Player-4755-0178F576,0000000000000000,100,100,0,0,0,-1,0,0,0,-30.18,-191.53,0,6.0414,66
4/28 18:50:33.228  SPELL_DAMAGE,Player-4755-01614AC7,"Mirrimazduur-Dreadmist",0x512,0x0,Creature-0-4457-249-1045-10184-000028665C,"Onyxia",0x10a48,0x0,11661,"Shadow Bolt",0x20,Creature-0-4457-249-1045-10184-000028665C,0000000000000000,47,100,0,0,0,-1,0,0,0,11.92,-180.18,0,4.2889,63,931,846,-1,32,0,0,0,nil,nil,nil
4/28 18:50:33.257  SPELL_AURA_REMOVED,Player-4755-01840577,"Raggèn-Dreadmist",0x514,0x0,Player-4755-01840577,"Raggèn-Dreadmist",0x514,0x0,20007,"Holy Strength",0x2,BUFF
4/28 18:50:33.364  SPELL_AURA_APPLIED,Pet-0-4457-249-1045-416-01001C47E2,"Ababis",0x1114,0x0,Player-4755-0220BD00,"Krikoff-Dreadmist",0x40514,0x0,11767,"Blood Pact",0x20,BUFF
4/28 18:50:33.364  SPELL_AURA_APPLIED,Pet-0-4457-249-1045-416-01001C47E2,"Ababis",0x1114,0x0,Pet-0-4457-249-1045-9622-02002CD5BC,"Bokito",0x1114,0x0,11767,"Blood Pact",0x20,BUFF
4/28 18:50:33.427  SPELL_DAMAGE,Player-4755-01802FE5,"Angrybat-Dreadmist",0x514,0x0,Creature-0-4457-249-1045-10184-000028665C,"Onyxia",0x10a48,0x0,10181,"Frostbolt",0x10,Creature-0-4457-249-1045-10184-000028665C,0000000000000000,47,100,0,0,0,-1,0,0,0,11.92,-180.18,0,4.2889,63,949,862,-1,16,0,0,0,nil,nil,nil
4/28 18:50:33.443  SPELL_AURA_REMOVED,Player-4755-01637B0A,"Pindle-Dreadmist",0x514,0x0,Player-4755-01637B0A,"Pindle-Dreadmist",0x514,0x0,6774,"Slice and Dice",0x1,BUFF
4/28 18:50:33.513  SPELL_PERIODIC_ENERGIZE,Creature-0-4457-249-1045-7416-0000286CBA,"Mana Spring Totem IV",0x2114,0x0,Player-4755-01ED7A64,"Sperzieboon-Dreadmist",0x514,0x0,10494,"Mana Spring",0x8,Player-4755-01ED7A64,0000000000000000,100,100,0,0,0,-1,0,0,0,15.15,-193.35,0,5.0192,67,13.0000,0.0000,0,7261
4/28 18:50:33.612  SPELL_PERIODIC_ENERGIZE,Creature-0-4457-249-1045-7416-0000286CBA,"Mana Spring Totem IV",0x2114,0x0,Player-4755-01804B95,"Moymoy-Dreadmist",0x514,0x0,10494,"Mana Spring",0x8,Player-4755-01804B95,0000000000000000,100,100,0,0,0,-1,0,0,0,20.49,-213.43,0,4.5816,66,12.0000,0.0000,0,5366
4/28 18:50:33.699  SPELL_MISSED,Creature-0-4457-249-1045-2630-0000286CD4,"Earthbind Totem",0x2114,0x0,Creature-0-4457-249-1045-10184-000028665C,"Onyxia",0x10a48,0x0,3600,"Earthbind",0x8,IMMUNE,nil
4/28 18:50:33.767  SPELL_CAST_SUCCESS,Player-4755-01E83279,"Nlmasters-Dreadmist",0x514,0x8,Creature-0-4457-249-1045-10184-000028665C,"Onyxia",0x10a48,0x0,20904,"Aimed Shot",0x1,Player-4755-01E83279,0000000000000000,100,100,0,0,0,-1,0,0,0,-31.13,-202.91,0,0.4858,70
4/28 18:50:33.854  SPELL_CAST_SUCCESS,Player-4755-0160BD13,"Mafkees-Dreadmist",0x514,0x0,Creature-0-4457-249-1045-10184-000028665C,"Onyxia",0x10a48,0x0,11597,"Sunder Armor",0x1,Player-4755-0160BD13,0000000000000000,100,100,0,0,0,-1,0,0,0,14.96,-182.36,0,2.2564,64
4/28 18:50:33.871  SPELL_PERIODIC_HEAL,Player-4755-02045EF4,"Necrosini-Dreadmist",0x512,0x0,Player-4755-020BD78D,"Lonehunter-Dreadmist",0x514,0x0,10929,"Renew",0x2,Player-4755-020BD78D,0000000000000000,100,100,0,0,0,-1,0,0,0,18.68,-202.62,0,6.2478,70,254,254,254,0,nil
4/28 18:50:33.871  SPELL_PERIODIC_HEAL,Player-4755-01FA8DD8,"Roackerita-Dreadmist",0x514,0x0,Player-4755-01617EEE,"Fenix-Dreadmist",0x512,0x0,6078,"Renew",0x2,Player-4755-01617EEE,0000000000000000,100,100,0,0,0,-1,0,0,0,6.36,-173.56,0,4.8879,66,236,236,236,0,nil
4/28 18:50:33.935  SPELL_CAST_START,Player-4755-01BC57A3,"Saintis-Dreadmist",0x511,0x0,0000000000000000,nil,0x80000000,0x80000000,2061,"Flash Heal",0x2
4/28 18:50:34.090  SPELL_PERIODIC_ENERGIZE,Player-4755-01BC57A3,"Saintis-Dreadmist",0x511,0x0,Player-4755-01BC57A3,"Saintis-Dreadmist",0x511,0x0,18194,"Mana Regeneration",0x1,Player-4755-01BC57A3,0000000000000000,100,100,0,0,0,-1,0,0,0,26.13,-219.80,0,1.9216,68,8.0000,0.0000,0,7212
4/28 18:50:34.121  SPELL_CAST_START,Player-4755-01E83279,"Nlmasters-Dreadmist",0x514,0x8,0000000000000000,nil,0x80000000,0x80000000,75,"Auto Shot",0x1
4/28 18:50:34.167  SPELL_AURA_REMOVED,Pet-0-4457-249-1045-416-0100019757,"Chotik",0x1112,0x0,Player-4755-01BC57A3,"Saintis-Dreadmist",0x511,0x0,11767,"Blood Pact",0x20,BUFF
4/28 18:50:34.167  SPELL_AURA_APPLIED_DOSE,Player-4755-01802FE5,"Angrybat-Dreadmist",0x514,0x0,Creature-0-4457-249-1045-10184-000028665C,"Onyxia",0x10a48,0x0,12579,"Winter's Chill",0x10,DEBUFF,2
4/28 18:50:34.167  SPELL_AURA_APPLIED,Player-4755-0160BD13,"Mafkees-Dreadmist",0x514,0x0,Creature-0-4457-249-1045-10184-000028665C,"Onyxia",0x10a48,0x0,11597,"Sunder Armor",0x1,DEBUFF
4/28 18:50:34.167  SPELL_AURA_APPLIED,Player-4755-0178F576,"Atreas-Dreadmist",0x514,0x0,Pet-0-4457-249-1045-2850-01001956F9,"Kratos",0x1114,0x0,20906,"Trueshot Aura",0x40,BUFF
4/28 18:50:34.167  SPELL_AURA_APPLIED,Player-4755-01733879,"Hocwar-Dreadmist",0x40514,0x0,Player-4755-01733879,"Hocwar-Dreadmist",0x40514,0x0,29131,"Bloodrage",0x1,BUFF
4/28 18:50:34.167  SPELL_CAST_SUCCESS,Player-4755-01733879,"Hocwar-Dreadmist",0x40514,0x0,0000000000000000,nil,0x80000000,0x80000000,2687,"Bloodrage",0x1,Player-4755-01733879,0000000000000000,91,100,0,0,0,-1,0,0,0,10.19,-225.56,0,1.6239,71
4/28 18:50:34.200  SPELL_AURA_REMOVED,Pet-0-4457-249-1045-7456-03003178E8,"Owl",0x1114,0x0,Pet-0-4457-249-1045-7456-03003178E8,"Owl",0x1114,0x0,23148,"Dive",0x1,BUFF
4/28 18:50:34.200  RANGE_DAMAGE,Player-4755-0178F576,"Atreas-Dreadmist",0x514,0x0,Creature-0-4457-249-1045-10184-000028665C,"Onyxia",0x10a48,0x0,75,"Auto Shot",0x1,Creature-0-4457-249-1045-10184-000028665C,0000000000000000,47,100,0,0,0,-1,0,0,0,11.92,-180.18,0,4.2889,63,720,508,-1,1,0,0,0,1,nil,nil
4/28 18:50:34.221  SPELL_AURA_REMOVED,Player-4755-0178F416,"Eltorero-Dreadmist",0x514,0x0,Player-4755-0178F416,"Eltorero-Dreadmist",0x514,0x0,12970,"Flurry",0x1,BUFF
4/28 18:50:34.259  SPELL_PERIODIC_ENERGIZE,Creature-0-4457-249-1045-7416-0000286CBA,"Mana Spring Totem IV",0x2114,0x0,Player-4755-01FA8DD8,"Roackerita-Dreadmist",0x514,0x0,10494,"Mana Spring",0x8,Player-4755-01FA8DD8,0000000000000000,100,100,0,0,0,-1,0,0,0,-4.42,-187.22,0,5.3447,69,12.0000,0.0000,0,6736
4/28 18:50:34.381  SPELL_CAST_START,Player-4755-01B60A5F,"Zurok-Dreadmist",0x514,0x0,0000000000000000,nil,0x80000000,0x80000000,20904,"Aimed Shot",0x1
4/28 18:50:34.462  SPELL_CAST_SUCCESS,Player-4755-01802FE5,"Angrybat-Dreadmist",0x514,0x0,Creature-0-4457-249-1045-10184-000028665C,"Onyxia",0x10a48,0x0,10181,"Frostbolt",0x10,Player-4755-01802FE5,0000000000000000,100,100,0,0,0,-1,0,0,0,-21.09,-197.29,0,0.3450,66
4/28 18:50:34.462  SPELL_CAST_START,Player-4755-01802FE5,"Angrybat-Dreadmist",0x514,0x0,0000000000000000,nil,0x80000000,0x80000000,10181,"Frostbolt",0x10
4/28 18:50:34.462  SPELL_CAST_SUCCESS,Player-4755-016296D3,"Nivl-Dreadmist",0x514,0x0,Creature-0-4457-249-1045-10184-000028665C,"Onyxia",0x10a48,0x0,15208,"Lightning Bolt",0x8,Player-4755-016296D3,0000000000000000,100,100,0,0,0,-1,0,0,0,-13.47,-186.74,0,6.0844,69
4/28 18:50:34.462  SPELL_CAST_START,Player-4755-016296D3,"Nivl-Dreadmist",0x514,0x0,0000000000000000,nil,0x80000000,0x80000000,15208,"Lightning Bolt",0x8
4/28 18:50:34.502  SPELL_MISSED,Player-4755-0163DD9D,"Kaspais-Dreadmist",0x514,0x0,Creature-0-4457-249-1045-10184-000028665C,"Onyxia",0x10a48,0x0,10181,"Frostbolt",0x10,RESIST,nil,0
4/28 18:50:34.563  SPELL_AURA_REMOVED,Player-4755-0178F576,"Atreas-Dreadmist",0x514,0x0,Player-4755-0160BD13,"Mafkees-Dreadmist",0x514,0x0,20906,"Trueshot Aura",0x40,BUFF
4/28 18:50:34.563  SPELL_CAST_SUCCESS,Pet-0-4457-249-1045-7432-01002D8BC6,"Cat",0x1114,0x0,Creature-0-4457-249-1045-10184-000028665C,"Onyxia",0x10a48,0x0,3009,"Claw",0x1,Pet-0-4457-249-1045-7432-01002D8BC6,Player-4755-01E83279,100,100,0,0,0,-1,0,0,0,13.21,-197.18,0,1.7565,70
4/28 18:50:34.563  SPELL_MISSED,Pet-0-4457-249-1045-7432-01002D8BC6,"Cat",0x1114,0x0,Creature-0-4457-249-1045-10184-000028665C,"Onyxia",0x10a48,0x0,3009,"Claw",0x1,MISS,nil
4/28 18:50:34.589  SPELL_ENERGIZE,Player-4755-01733879,"Hocwar-Dreadmist",0x40514,0x0,Player-4755-01733879,"Hocwar-Dreadmist",0x40514,0x0,2687,"Bloodrage",0x1,Player-4755-01733879,0000000000000000,85,100,0,0,0,-1,0,0,0,12.25,-223.27,0,1.6239,71,15.0000,0.0000,1,1000
4/28 18:50:34.589  SPELL_CAST_SUCCESS,Player-4755-01E83279,"Nlmasters-Dreadmist",0x514,0x8,Creature-0-4457-249-1045-10184-000028665C,"Onyxia",0x10a48,0x0,75,"Auto Shot",0x1,Player-4755-01E83279,0000000000000000,100,100,0,0,0,-1,0,0,0,-31.13,-202.91,0,0.4858,70
4/28 18:50:34.589  SPELL_CAST_START,Player-4755-01E83279,"Nlmasters-Dreadmist",0x514,0x8,0000000000000000,nil,0x80000000,0x80000000,14290,"Multi-Shot",0x1
4/28 18:50:34.589  SPELL_PERIODIC_ENERGIZE,Creature-0-4457-249-1045-7416-0000286CC9,"Mana Spring Totem IV",0x2114,0x0,Player-4755-016296D3,"Nivl-Dreadmist",0x514,0x0,10494,"Mana Spring",0x8,Player-4755-016296D3,0000000000000000,100,100,0,0,0,-1,0,0,0,-13.47,-186.74,0,6.0844,69,10.0000,0.0000,0,5845
4/28 18:50:34.589  SPELL_PERIODIC_ENERGIZE,Creature-0-4457-249-1045-7416-0000286CC9,"Mana Spring Totem IV",0x2114,0x0,Player-4755-0178F576,"Atreas-Dreadmist",0x514,0x0,10494,"Mana Spring",0x8,Player-4755-0178F576,0000000000000000,100,100,0,0,0,-1,0,0,0,-30.18,-191.53,0,6.0414,66,10.0000,0.0000,0,3765
4/28 18:50:34.753  SPELL_CAST_SUCCESS,Creature-0-4457-249-1045-10184-000028665C,"Onyxia",0x10a48,0x0,Player-4755-0160BD13,"Mafkees-Dreadmist",0x514,0x0,18392,"Fireball",0x4,Creature-0-4457-249-1045-10184-000028665C,0000000000000000,47,100,0,0,0,-1,0,0,0,11.92,-180.18,0,4.2889,63
4/28 18:50:34.790  SPELL_PERIODIC_ENERGIZE,Creature-0-4457-249-1045-7416-0000286CBA,"Mana Spring Totem IV",0x2114,0x0,Player-4755-015FEBD5,"Sauvage-Dreadmist",0x514,0x0,10494,"Mana Spring",0x8,Player-4755-015FEBD5,0000000000000000,100,100,0,0,0,-1,0,0,0,7.06,-182.83,0,3.3356,64,13.0000,0.0000,0,6158
4/28 18:50:34.894  SPELL_CAST_SUCCESS,Player-4755-01614AC7,"Mirrimazduur-Dreadmist",0x512,0x0,Creature-0-4457-249-1045-10184-000028665C,"Onyxia",0x10a48,0x0,11661,"Shadow Bolt",0x20,Player-4755-01614AC7,0000000000000000,100,100,0,0,0,-1,0,0,0,8.12,-176.09,0,4.6482,68
4/28 18:50:34.894  SPELL_CAST_START,Player-4755-01614AC7,"Mirrimazduur-Dreadmist",0x512,0x0,0000000000000000,nil,0x80000000,0x80000000,11661,"Shadow Bolt",0x20
4/28 18:50:34.915  SPELL_CAST_SUCCESS,Player-4755-0163DD9D,"Kaspais-Dreadmist",0x514,0x0,Creature-0-4457-249-1045-10184-000028665C,"Onyxia",0x10a48,0x0,10181,"Frostbolt",0x10,Player-4755-0163DD9D,0000000000000000,100,100,0,0,0,-1,0,0,0,-21.59,-193.96,0,0.2488,66
4/28 18:50:34.915  SPELL_CAST_START,Player-4755-0163DD9D,"Kaspais-Dreadmist",0x514,0x0,0000000000000000,nil,0x80000000,0x80000000,10181,"Frostbolt",0x10
4/28 18:50:34.984  SPELL_CAST_START,Creature-0-4457-249-1045-10184-000028665C,"Onyxia",0x10a48,0x0,0000000000000000,nil,0x80000000,0x80000000,18392,"Fireball",0x4
4/28 18:50:35.000  SPELL_DAMAGE,Creature-0-4457-249-1045-10184-000028665C,"Onyxia",0x10a48,0x0,Player-4755-0160BD13,"Mafkees-Dreadmist",0x514,0x0,18392,"Fireball",0x4,Player-4755-0160BD13,0000000000000000,51,100,0,0,0,-1,0,0,0,13.38,-175.15,0,2.5353,64,2369,2153,-1,4,0,0,0,nil,nil,nil
4/28 18:50:35.000  SPELL_DAMAGE,Creature-0-4457-249-1045-10184-000028665C,"Onyxia",0x10a48,0x0,Player-4755-01614AC7,"Mirrimazduur-Dreadmist",0x512,0x0,18392,"Fireball",0x4,Player-4755-01614AC7,0000000000000000,54,100,0,0,0,-1,0,0,0,8.12,-176.09,0,4.6482,68,1972,1972,-1,4,0,0,0,nil,nil,nil
4/28 18:50:35.000  SPELL_DAMAGE,Creature-0-4457-249-1045-10184-000028665C,"Onyxia",0x10a48,0x0,Player-4755-01A6B139,"Sakatan-Dreadmist",0x514,0x0,18392,"Fireball",0x4,Player-4755-01A6B139,0000000000000000,70,100,0,0,0,-1,0,0,0,19.55,-184.82,0,3.4722,69,1429,1905,-1,4,476,0,0,nil,nil,nil
4/28 18:50:35.000  SPELL_DAMAGE,Creature-0-4457-249-1045-10184-000028665C,"Onyxia",0x10a48,0x0,Player-4755-01617EEE,"Fenix-Dreadmist",0x512,0x0,18392,"Fireball",0x4,Player-4755-01617EEE,0000000000000000,74,100,0,0,0,-1,0,0,0,12.77,-173.76,0,4.6852,66,1102,2249,-1,4,1124,0,0,nil,nil,nil
4/28 18:50:35.017  SPELL_CAST_SUCCESS,Player-4755-01E83279,"Nlmasters-Dreadmist",0x514,0x8,Creature-0-4457-249-1045-10184-000028665C,"Onyxia",0x10a48,0x0,14290,"Multi-Shot",0x1,Player-4755-01E83279,0000000000000000,100,100,0,0,0,-1,0,0,0,-31.13,-202.91,0,0.4858,70
4/28 18:50:35.067  SPELL_DAMAGE,Player-4755-01E83279,"Nlmasters-Dreadmist",0x514,0x8,Creature-0-4457-249-1045-10184-000028665C,"Onyxia",0x10a48,0x0,20904,"Aimed Shot",0x1,Creature-0-4457-249-1045-10184-000028665C,0000000000000000,47,100,0,0,0,-1,0,0,0,11.92,-180.18,0,4.7515,63,603,1012,-1,1,0,0,0,nil,nil,nil
4/28 18:50:35.086  SPELL_CAST_SUCCESS,Player-4755-0210153A,"Hapuseneb-Dreadmist",0x514,0x0,Player-4755-01B60A5F,"Zurok-Dreadmist",0x514,0x0,6064,"Heal",0x2,Player-4755-0210153A,0000000000000000,100,100,0,0,0,-1,0,0,0,-4.50,-234.33,0,0.8600,66
4/28 18:50:35.086  SPELL_PERIODIC_DAMAGE,Player-4755-01F36B30,"Rectumqeef-Dreadmist",0x514,0x0,Creature-0-4457-249-1045-10184-000028665C,"Onyxia",0x10a48,0x0,11672,"Corruption",0x20,Creature-0-4457-249-1045-10184-000028665C,0000000000000000,47,100,0,0,0,-1,0,0,0,11.92,-180.18,0,4.7515,63,224,203,-1,32,0,0,0,nil,nil,nil
4/28 18:50:35.086  SPELL_CAST_START,Player-4755-0178F576,"Atreas-Dreadmist",0x514,0x0,0000000000000000,nil,0x80000000,0x80000000,75,"Auto Shot",0x1
4/28 18:50:35.143  SPELL_CAST_SUCCESS,Player-4755-01FA8DD8,"Roackerita-Dreadmist",0x514,0x0,Player-4755-01840577,"Raggèn-Dreadmist",0x514,0x0,2055,"Heal",0x2,Player-4755-01FA8DD8,0000000000000000,100,100,0,0,0,-1,0,0,0,-4.42,-187.22,0,5.3447,69
4/28 18:50:35.179  SPELL_PERIODIC_ENERGIZE,Player-4755-01733879,"Hocwar-Dreadmist",0x40514,0x0,Player-4755-01733879,"Hocwar-Dreadmist",0x40514,0x0,29131,"Bloodrage",0x1,Player-4755-01733879,0000000000000000,85,100,0,0,0,-1,0,0,0,15.29,-219.89,0,1.6239,71,1.0000,0.0000,1,1000
4/28 18:50:35.195  SPELL_CAST_START,Player-4755-01FA8D0D,"Roackeru-Dreadmist",0x514,0x0,0000000000000000,nil,0x80000000,0x80000000,11661,"Shadow Bolt",0x20
4/28 18:50:35.259  SPELL_PERIODIC_HEAL,Player-4755-02045EF4,"Necrosini-Dreadmist",0x512,0x0,Player-4755-016296D3,"Nivl-Dreadmist",0x514,0x0,10929,"Renew",0x2,Player-4755-016296D3,0000000000000000,100,100,0,0,0,-1,0,0,0,-13.47,-186.74,0,6.0844,69,253,253,253,0,nil
4/28 18:50:35.340  SPELL_CAST_SUCCESS,Player-4755-01BC57A3,"Saintis-Dreadmist",0x511,0x0,Player-4755-01733879,"Hocwar-Dreadmist",0x40514,0x0,2061,"Flash Heal",0x2,Player-4755-01BC57A3,0000000000000000,100,100,0,0,0,-1,0,0,0,26.13,-219.80,0,1.9216,68
4/28 18:50:35.340  SPELL_CAST_START,Player-4755-01BC57A3,"Saintis-Dreadmist",0x511,0x0,0000000000000000,nil,0x80000000,0x80000000,2061,"Flash Heal",0x2
4/28 18:50:35.340  SPELL_CAST_START,Player-4755-01F36B30,"Rectumqeef-Dreadmist",0x514,0x0,0000000000000000,nil,0x80000000,0x80000000,11661,"Shadow Bolt",0x20
4/28 18:50:35.361  SPELL_CAST_SUCCESS,Player-4755-0160BD13,"Mafkees-Dreadmist",0x514,0x0,Creature-0-4457-249-1045-10184-000028665C,"Onyxia",0x10a48,0x0,11597,"Sunder Armor",0x1,Player-4755-0160BD13,0000000000000000,51,100,0,0,0,-1,0,0,0,13.25,-176.13,0,3.1047,64
4/28 18:50:35.361  SPELL_AURA_APPLIED,Player-4755-0160BD13,"Mafkees-Dreadmist",0x514,0x0,Player-4755-0160BD13,"Mafkees-Dreadmist",0x514,0x0,10610,"Windfury Totem",0x8,BUFF
4/28 18:50:35.361  SPELL_EXTRA_ATTACKS,Player-4755-0160BD13,"Mafkees-Dreadmist",0x514,0x0,Player-4755-0160BD13,"Mafkees-Dreadmist",0x514,0x0,10610,"Windfury Totem",0x8,1
4/28 18:50:35.380  SPELL_CAST_SUCCESS,Player-4755-020BD78D,"Lonehunter-Dreadmist",0x514,0x0,Creature-0-4457-249-1045-10184-000028665C,"Onyxia",0x10a48,0x0,19503,"Scatter Shot",0x1,Player-4755-020BD78D,0000000000000000,100,100,0,0,0,-1,0,0,0,25.52,-211.68,0,1.9041,70
4/28 18:50:35.380  SPELL_MISSED,Player-4755-020BD78D,"Lonehunter-Dreadmist",0x514,0x0,Creature-0-4457-249-1045-10184-000028665C,"Onyxia",0x10a48,0x0,19503,"Scatter Shot",0x1,IMMUNE,nil
4/28 18:50:35.380  SPELL_AURA_REMOVED,Pet-0-4457-249-1045-416-01001C47E2,"Ababis",0x1114,0x0,Player-4755-0220BD00,"Krikoff-Dreadmist",0x40514,0x0,11767,"Blood Pact",0x20,BUFF
4/28 18:50:35.412  SPELL_HEAL,Player-4755-0210153A,"Hapuseneb-Dreadmist",0x514,0x0,Player-4755-01B60A5F,"Zurok-Dreadmist",0x514,0x0,6064,"Heal",0x2,Player-4755-01B60A5F,0000000000000000,100,100,0,0,0,-1,0,0,0,30.20,-231.97,0,2.1933,62,2013,2013,214,0,1
4/28 18:50:35.412  SPELL_HEAL,Player-4755-01FA8DD8,"Roackerita-Dreadmist",0x514,0x0,Player-4755-01840577,"Raggèn-Dreadmist",0x514,0x0,2055,"Heal",0x2,Player-4755-01840577,0000000000000000,100,100,0,0,0,-1,0,0,0,3.80,-205.73,0,4.9951,67,1094,1094,1094,0,nil
4/28 18:50:35.412  SPELL_HEAL,Player-4755-01BC57A3,"Saintis-Dreadmist",0x511,0x0,Player-4755-01733879,"Hocwar-Dreadmist",0x40514,0x0,2061,"Flash Heal",0x2,Player-4755-01733879,0000000000000000,94,100,0,0,0,-1,0,0,0,16.31,-218.55,0,1.5297,71,527,527,0,0,nil
4/28 18:50:35.412  SPELL_AURA_APPLIED_DOSE,Player-4755-0160BD13,"Mafkees-Dreadmist",0x514,0x0,Creature-0-4457-249-1045-10184-000028665C,"Onyxia",0x10a48,0x0,11597,"Sunder Armor",0x1,DEBUFF,2
4/28 18:50:35.414  SPELL_AURA_REMOVED,Player-4755-01804B95,"Moymoy-Dreadmist",0x514,0x0,Player-4755-01614AC7,"Mirrimazduur-Dreadmist",0x512,0x0,29203,"Healing Way",0x2,BUFF
4/28 18:50:35.449  SPELL_CAST_SUCCESS,Player-4755-01637B0A,"Pindle-Dreadmist",0x514,0x0,Creature-0-4457-249-1045-10184-000028665C,"Onyxia",0x10a48,0x0,11294,"Sinister Strike",0x1,Player-4755-01637B0A,0000000000000000,100,100,0,0,0,-1,0,0,0,14.11,-201.59,0,1.1638,65
4/28 18:50:35.510  SPELL_PERIODIC_ENERGIZE,Creature-0-4457-249-1045-7416-0000286CBA,"Mana Spring Totem IV",0x2114,0x0,Player-4755-01ED7A64,"Sperzieboon-Dreadmist",0x514,0x0,10494,"Mana Spring",0x8,Player-4755-01ED7A64,0000000000000000,100,100,0,0,0,-1,0,0,0,19.79,-207.70,0,5.0270,67,13.0000,0.0000,0,7261
4/28 18:50:35.527  SPELL_CAST_SUCCESS,Player-4755-0178F576,"Atreas-Dreadmist",0x514,0x0,Creature-0-4457-249-1045-10184-000028665C,"Onyxia",0x10a48,0x0,75,"Auto Shot",0x1,Player-4755-0178F576,0000000000000000,100,100,0,0,0,-1,0,0,0,-30.18,-191.53,0,6.0414,66
4/28 18:50:35.609  SPELL_PERIODIC_ENERGIZE,Creature-0-4457-249-1045-7416-0000286CBA,"Mana Spring Totem IV",0x2114,0x0,Player-4755-01804B95,"Moymoy-Dreadmist",0x514,0x0,10494,"Mana Spring",0x8,Player-4755-01804B95,0000000000000000,100,100,0,0,0,-1,0,0,0,18.52,-228.38,0,4.5816,66,13.0000,0.0000,0,5366
4/28 18:50:35.662  SPELL_PERIODIC_DAMAGE,Player-4755-01614AC7,"Mirrimazduur-Dreadmist",0x512,0x0,Creature-0-4457-249-1045-10184-000028665C,"Onyxia",0x10a48,0x0,11672,"Corruption",0x20,Creature-0-4457-249-1045-10184-000028665C,0000000000000000,47,100,0,0,0,-1,0,0,0,11.92,-180.18,0,4.7515,63,207,188,-1,32,0,0,0,nil,nil,nil
4/28 18:50:35.711  SPELL_DAMAGE,Player-4755-01614AC7,"Mirrimazduur-Dreadmist",0x512,0x0,Creature-0-4457-249-1045-10184-000028665C,"Onyxia",0x10a48,0x0,11661,"Shadow Bolt",0x20,Creature-0-4457-249-1045-10184-000028665C,0000000000000000,47,100,0,0,0,-1,0,0,0,11.92,-180.18,0,4.7515,63,947,860,-1,32,0,0,0,nil,nil,nil
4/28 18:50:35.778  SPELL_CAST_SUCCESS,Player-4755-01FA8DD8,"Roackerita-Dreadmist",0x514,0x0,Player-4755-0220BD00,"Krikoff-Dreadmist",0x40514,0x0,6078,"Renew",0x2,Player-4755-01FA8DD8,0000000000000000,100,100,0,0,0,-1,0,0,0,-4.42,-187.22,0,5.3447,69
4/28 18:50:35.798  SPELL_DAMAGE,Player-4755-01637B0A,"Pindle-Dreadmist",0x514,0x0,Creature-0-4457-249-1045-10184-000028665C,"Onyxia",0x10a48,0x0,11294,"Sinister Strike",0x1,Creature-0-4457-249-1045-10184-000028665C,0000000000000000,47,100,0,0,0,-1,0,0,0,11.92,-180.18,0,4.7515,63,160,241,-1,1,0,0,0,nil,nil,nil
4/28 18:50:35.798  SPELL_AURA_APPLIED,Player-4755-01FA8DD8,"Roackerita-Dreadmist",0x514,0x0,Player-4755-0220BD00,"Krikoff-Dreadmist",0x40514,0x0,6078,"Renew",0x2,BUFF
4/28 18:50:35.871  RANGE_DAMAGE,Player-4755-01E83279,"Nlmasters-Dreadmist",0x514,0x8,Creature-0-4457-249-1045-10184-000028665C,"Onyxia",0x10a48,0x0,75,"Auto Shot",0x1,Creature-0-4457-249-1045-10184-000028665C,0000000000000000,47,100,0,0,0,-1,0,0,0,11.92,-180.18,0,4.7515,63,278,443,-1,1,0,0,0,nil,nil,nil
4/28 18:50:35.899  SPELL_AURA_REMOVED,Player-4755-020BD78D,"Lonehunter-Dreadmist",0x514,0x0,Player-4755-020BD78D,"Lonehunter-Dreadmist",0x514,0x0,6150,"Quick Shots",0x1,BUFF
4/28 18:50:35.952  SPELL_DAMAGE,Player-4755-01802FE5,"Angrybat-Dreadmist",0x514,0x0,Creature-0-4457-249-1045-10184-000028665C,"Onyxia",0x10a48,0x0,10181,"Frostbolt",0x10,Creature-0-4457-249-1045-10184-000028665C,0000000000000000,47,100,0,0,0,-1,0,0,0,11.92,-180.18,0,4.7515,63,981,891,-1,16,0,0,0,nil,nil,nil
4/28 18:50:36.047  SPELL_DAMAGE,Player-4755-016296D3,"Nivl-Dreadmist",0x514,0x0,Creature-0-4457-249-1045-10184-000028665C,"Onyxia",0x10a48,0x0,15208,"Lightning Bolt",0x8,Creature-0-4457-249-1045-10184-000028665C,0000000000000000,47,100,0,0,0,-1,0,0,0,11.92,-180.18,0,4.7515,63,133,531,-1,8,399,0,0,nil,nil,nil
4/28 18:50:36.176  SPELL_CAST_START,Player-4755-01804B95,"Moymoy-Dreadmist",0x514,0x0,0000000000000000,nil,0x80000000,0x80000000,939,"Healing Wave",0x8
4/28 18:50:36.176  SPELL_PERIODIC_ENERGIZE,Player-4755-01733879,"Hocwar-Dreadmist",0x40514,0x0,Player-4755-01733879,"Hocwar-Dreadmist",0x40514,0x0,29131,"Bloodrage",0x1,Player-4755-01733879,0000000000000000,94,100,0,0,0,-1,0,0,0,16.66,-212.73,0,1.7535,71,1.0000,0.0000,1,1000
4/28 18:50:36.199  SPELL_AURA_APPLIED,Player-4755-0210153A,"Hapuseneb-Dreadmist",0x514,0x0,Player-4755-01B60A5F,"Zurok-Dreadmist",0x514,0x0,15359,"Inspiration",0x2,BUFF
4/28 18:50:36.252  SPELL_CAST_FAILED,Player-4755-01BC57A3,"Saintis-Dreadmist",0x511,0x0,0000000000000000,nil,0x80000000,0x80000000,2061,"Flash Heal",0x2,"Interrupted"
4/28 18:50:36.271  SPELL_PERIODIC_ENERGIZE,Creature-0-4457-249-1045-7416-0000286CBA,"Mana Spring Totem IV",0x2114,0x0,Player-4755-01FA8DD8,"Roackerita-Dreadmist",0x514,0x0,10494,"Mana Spring",0x8,Player-4755-01FA8DD8,0000000000000000,100,100,0,0,0,-1,0,0,0,-4.42,-187.22,0,5.3447,69,13.0000,0.0000,0,6736
4/28 18:50:36.358  SPELL_DAMAGE,Player-4755-0163DD9D,"Kaspais-Dreadmist",0x514,0x0,Creature-0-4457-249-1045-10184-000028665C,"Onyxia",0x10a48,0x0,10181,"Frostbolt",0x10,Creature-0-4457-249-1045-10184-000028665C,0000000000000000,46,100,0,0,0,-1,0,0,0,11.92,-180.18,0,4.7515,63,954,867,-1,16,0,0,0,nil,nil,nil
4/28 18:50:36.438  SPELL_CAST_START,Player-4755-01617EEE,"Fenix-Dreadmist",0x512,0x0,0000000000000000,nil,0x80000000,0x80000000,6064,"Heal",0x2
4/28 18:50:36.438  SPELL_CAST_SUCCESS,Player-4755-01637B0A,"Pindle-Dreadmist",0x514,0x0,Creature-0-4457-249-1045-10184-000028665C,"Onyxia",0x10a48,0x0,11294,"Sinister Strike",0x1,Player-4755-01637B0A,0000000000000000,100,100,0,0,0,-1,0,0,0,15.95,-197.32,0,1.6350,65
4/28 18:50:36.469  SPELL_CAST_SUCCESS,Player-4755-016296D3,"Nivl-Dreadmist",0x514,0x0,Creature-0-4457-249-1045-10184-000028665C,"Onyxia",0x10a48,0x0,15208,"Lightning Bolt",0x8,Player-4755-016296D3,0000000000000000,100,100,0,0,0,-1,0,0,0,-13.47,-186.74,0,6.0844,69
4/28 18:50:36.469  SPELL_CAST_START,Player-4755-016296D3,"Nivl-Dreadmist",0x514,0x0,0000000000000000,nil,0x80000000,0x80000000,15208,"Lightning Bolt",0x8
4/28 18:50:36.585  SPELL_PERIODIC_ENERGIZE,Creature-0-4457-249-1045-7416-0000286CC9,"Mana Spring Totem IV",0x2114,0x0,Player-4755-0178F576,"Atreas-Dreadmist",0x514,0x0,10494,"Mana Spring",0x8,Player-4755-0178F576,0000000000000000,100,100,0,0,0,-1,0,0,0,-30.18,-191.53,0,6.0414,66,10.0000,0.0000,0,3765
4/28 18:50:36.585  SPELL_PERIODIC_ENERGIZE,Creature-0-4457-249-1045-7416-0000286CC9,"Mana Spring Totem IV",0x2114,0x0,Player-4755-016296D3,"Nivl-Dreadmist",0x514,0x0,10494,"Mana Spring",0x8,Player-4755-016296D3,0000000000000000,100,100,0,0,0,-1,0,0,0,-13.47,-186.74,0,6.0844,69,10.0000,0.0000,0,5845
4/28 18:50:36.603  SPELL_AURA_APPLIED_DOSE,Player-4755-01802FE5,"Angrybat-Dreadmist",0x514,0x0,Creature-0-4457-249-1045-10184-000028665C,"Onyxia",0x10a48,0x0,12579,"Winter's Chill",0x10,DEBUFF,3
4/28 18:50:36.603  SPELL_AURA_APPLIED,Player-4755-0163DD9D,"Kaspais-Dreadmist",0x514,0x0,Player-4755-0163DD9D,"Kaspais-Dreadmist",0x514,0x0,12536,"Clearcasting",0x40,BUFF
4/28 18:50:36.603  SPELL_DAMAGE,Player-4755-01637B0A,"Pindle-Dreadmist",0x514,0x0,Creature-0-4457-249-1045-10184-000028665C,"Onyxia",0x10a48,0x0,11294,"Sinister Strike",0x1,Creature-0-4457-249-1045-10184-000028665C,0000000000000000,46,100,0,0,0,-1,0,0,0,11.92,-180.18,0,4.7515,63,386,255,-1,1,0,0,0,1,nil,nil
4/28 18:50:36.624  SPELL_AURA_REMOVED,Pet-0-4457-249-1045-2850-01001956F9,"Kratos",0x1114,0x0,Pet-0-4457-249-1045-2850-01001956F9,"Kratos",0x1114,0x0,23110,"Dash",0x1,BUFF
4/28 18:50:36.624  SPELL_AURA_REMOVED,Player-4755-0160BD13,"Mafkees-Dreadmist",0x514,0x0,Player-4755-0160BD13,"Mafkees-Dreadmist",0x514,0x0,12970,"Flurry",0x1,BUFF
4/28 18:50:36.680  SPELL_CAST_START,Player-4755-01E83279,"Nlmasters-Dreadmist",0x514,0x8,0000000000000000,nil,0x80000000,0x80000000,75,"Auto Shot",0x1
4/28 18:50:36.699  SPELL_MISSED,Creature-0-4457-249-1045-2630-0000286CD4,"Earthbind Totem",0x2114,0x0,Creature-0-4457-249-1045-10184-000028665C,"Onyxia",0x10a48,0x0,3600,"Earthbind",0x8,IMMUNE,nil
4/28 18:50:36.715  RANGE_DAMAGE,Player-4755-0178F576,"Atreas-Dreadmist",0x514,0x0,Creature-0-4457-249-1045-10184-000028665C,"Onyxia",0x10a48,0x0,75,"Auto Shot",0x1,Creature-0-4457-249-1045-10184-000028665C,0000000000000000,46,100,0,0,0,-1,0,0,0,11.92,-180.18,0,4.7515,63,311,470,-1,1,0,0,0,nil,nil,nil
4/28 18:50:36.744  SPELL_DAMAGE,Player-4755-01E83279,"Nlmasters-Dreadmist",0x514,0x8,Creature-0-4457-249-1045-10184-000028665C,"Onyxia",0x10a48,0x0,14290,"Multi-Shot",0x1,Creature-0-4457-249-1045-10184-000028665C,0000000000000000,46,100,0,0,0,-1,0,0,0,11.92,-180.18,0,4.7515,63,320,510,-1,1,0,0,0,nil,nil,nil
4/28 18:50:36.790  SPELL_PERIODIC_ENERGIZE,Creature-0-4457-249-1045-7416-0000286CBA,"Mana Spring Totem IV",0x2114,0x0,Player-4755-015FEBD5,"Sauvage-Dreadmist",0x514,0x0,10494,"Mana Spring",0x8,Player-4755-015FEBD5,0000000000000000,100,100,0,0,0,-1,0,0,0,7.06,-182.83,0,3.1667,64,13.0000,0.0000,0,6158
4/28 18:50:36.790  SPELL_CAST_START,Player-4755-020BD78D,"Lonehunter-Dreadmist",0x514,0x0,0000000000000000,nil,0x80000000,0x80000000,75,"Auto Shot",0x1
4/28 18:50:36.868  SPELL_CAST_SUCCESS,Player-4755-02045EF4,"Necrosini-Dreadmist",0x512,0x0,Player-4755-01614AC7,"Mirrimazduur-Dreadmist",0x512,0x0,10929,"Renew",0x2,Player-4755-02045EF4,0000000000000000,100,100,0,0,0,-1,0,0,0,27.67,-212.54,0,5.0789,69
4/28 18:50:36.868  SPELL_PERIODIC_HEAL,Player-4755-02045EF4,"Necrosini-Dreadmist",0x512,0x0,Player-4755-020BD78D,"Lonehunter-Dreadmist",0x514,0x0,10929,"Renew",0x2,Player-4755-020BD78D,0000000000000000,100,100,0,0,0,-1,0,0,0,26.72,-218.56,0,2.4631,70,253,253,253,0,nil
4/28 18:50:36.868  SPELL_PERIODIC_HEAL,Player-4755-01FA8DD8,"Roackerita-Dreadmist",0x514,0x0,Player-4755-01617EEE,"Fenix-Dreadmist",0x512,0x0,6078,"Renew",0x2,Player-4755-01617EEE,0000000000000000,80,100,0,0,0,-1,0,0,0,12.73,-175.10,0,4.6842,66,236,236,0,0,nil
4/28 18:50:36.868  SPELL_CAST_SUCCESS,Player-4755-0160BD13,"Mafkees-Dreadmist",0x514,0x0,Creature-0-4457-249-1045-10184-000028665C,"Onyxia",0x10a48,0x0,23894,"Bloodthirst",0x1,Player-4755-0160BD13,0000000000000000,51,100,0,0,0,-1,0,0,0,12.48,-176.96,0,3.1871,64
4/28 18:50:36.868  SPELL_AURA_REMOVED,Player-4755-0160BD13,"Mafkees-Dreadmist",0x514,0x0,Player-4755-0160BD13,"Mafkees-Dreadmist",0x514,0x0,10610,"Windfury Totem",0x8,BUFF
4/28 18:50:36.971  SPELL_CAST_SUCCESS,Player-4755-01802FE5,"Angrybat-Dreadmist",0x514,0x0,Creature-0-4457-249-1045-10184-000028665C,"Onyxia",0x10a48,0x0,10181,"Frostbolt",0x10,Player-4755-01802FE5,0000000000000000,100,100,0,0,0,-1,0,0,0,-21.09,-197.29,0,0.3450,66
4/28 18:50:36.971  SPELL_CAST_START,Player-4755-01802FE5,"Angrybat-Dreadmist",0x514,0x0,0000000000000000,nil,0x80000000,0x80000000,10181,"Frostbolt",0x10
4/28 18:50:37.016  SPELL_AURA_APPLIED,Player-4755-02045EF4,"Necrosini-Dreadmist",0x512,0x0,Player-4755-01614AC7,"Mirrimazduur-Dreadmist",0x512,0x0,10929,"Renew",0x2,BUFF
4/28 18:50:37.016  SPELL_DAMAGE,Player-4755-0160BD13,"Mafkees-Dreadmist",0x514,0x0,Creature-0-4457-249-1045-10184-000028665C,"Onyxia",0x10a48,0x0,23894,"Bloodthirst",0x1,Creature-0-4457-249-1045-10184-000028665C,0000000000000000,46,100,0,0,0,-1,0,0,0,11.92,-180.18,0,4.7515,63,384,582,-1,1,0,0,0,nil,nil,nil
4/28 18:50:37.016  SPELL_AURA_APPLIED,Player-4755-0160BD13,"Mafkees-Dreadmist",0x514,0x0,Player-4755-0160BD13,"Mafkees-Dreadmist",0x514,0x0,23888,"Bloodthirst",0x1,BUFF
4/28 18:50:37.102  SPELL_CAST_SUCCESS,Player-4755-01E83279,"Nlmasters-Dreadmist",0x514,0x8,Creature-0-4457-249-1045-10184-000028665C,"Onyxia",0x10a48,0x0,75,"Auto Shot",0x1,Player-4755-01E83279,0000000000000000,100,100,0,0,0,-1,0,0,0,-31.13,-202.91,0,0.4858,70
4/28 18:50:37.181  SPELL_PERIODIC_ENERGIZE,Player-4755-01733879,"Hocwar-Dreadmist",0x40514,0x0,Player-4755-01733879,"Hocwar-Dreadmist",0x40514,0x0,29131,"Bloodrage",0x1,Player-4755-01733879,0000000000000000,94,100,0,0,0,-1,0,0,0,17.41,-205.30,0,1.6710,71,1.0000,0.0000,1,1000
4/28 18:50:37.248  SPELL_CAST_SUCCESS,Player-4755-020BD78D,"Lonehunter-Dreadmist",0x514,0x0,Creature-0-4457-249-1045-10184-000028665C,"Onyxia",0x10a48,0x0,75,"Auto Shot",0x1,Player-4755-020BD78D,0000000000000000,100,100,0,0,0,-1,0,0,0,26.72,-218.56,0,1.9377,70
4/28 18:50:37.284  SPELL_CAST_SUCCESS,Player-4755-01FA8DD8,"Roackerita-Dreadmist",0x514,0x0,Player-4755-01F21AE6,"Blahu-Dreadmist",0x40514,0x0,6078,"Renew",0x2,Player-4755-01FA8DD8,0000000000000000,100,100,0,0,0,-1,0,0,0,-4.42,-187.22,0,5.3447,69
4/28 18:50:37.408  SPELL_CAST_SUCCESS,Player-4755-0163DD9D,"Kaspais-Dreadmist",0x514,0x0,Creature-0-4457-249-1045-10184-000028665C,"Onyxia",0x10a48,0x0,10181,"Frostbolt",0x10,Player-4755-0163DD9D,0000000000000000,100,100,0,0,0,-1,0,0,0,-21.59,-193.96,0,0.2488,66
4/28 18:50:37.408  SPELL_AURA_REMOVED,Player-4755-0163DD9D,"Kaspais-Dreadmist",0x514,0x0,Player-4755-0163DD9D,"Kaspais-Dreadmist",0x514,0x0,12536,"Clearcasting",0x40,BUFF
4/28 18:50:37.408  SPELL_CAST_START,Player-4755-0163DD9D,"Kaspais-Dreadmist",0x514,0x0,0000000000000000,nil,0x80000000,0x80000000,10181,"Frostbolt",0x10
4/28 18:50:37.408  SPELL_AURA_REMOVED,Pet-0-4457-249-1045-416-0100019757,"Chotik",0x1112,0x0,Player-4755-02045EF4,"Necrosini-Dreadmist",0x512,0x0,11767,"Blood Pact",0x20,BUFF
4/28 18:50:37.431  SPELL_AURA_REMOVED_DOSE,Player-4755-0160BD13,"Mafkees-Dreadmist",0x514,0x0,Player-4755-0160BD13,"Mafkees-Dreadmist",0x514,0x0,23888,"Bloodthirst",0x1,BUFF,4
4/28 18:50:37.431  SPELL_HEAL,Player-4755-0160BD13,"Mafkees-Dreadmist",0x514,0x0,Player-4755-0160BD13,"Mafkees-Dreadmist",0x514,0x0,23891,"Bloodthirst",0x1,Player-4755-0160BD13,0000000000000000,51,100,0,0,0,-1,0,0,0,12.61,-177.42,0,3.3521,64,20,20,0,0,nil
4/28 18:50:37.431  SPELL_AURA_APPLIED,Player-4755-01FA8DD8,"Roackerita-Dreadmist",0x514,0x0,Player-4755-01F21AE6,"Blahu-Dreadmist",0x40514,0x0,6078,"Renew",0x2,BUFF
4/28 18:50:37.451  SPELL_AURA_REMOVED,Player-4755-01840577,"Raggèn-Dreadmist",0x514,0x0,Player-4755-01840577,"Raggèn-Dreadmist",0x514,0x0,16280,"Flurry",0x1,BUFF
4/28 18:50:37.451  SPELL_CAST_SUCCESS,Player-4755-01637B0A,"Pindle-Dreadmist",0x514,0x0,Creature-0-4457-249-1045-10184-000028665C,"Onyxia",0x10a48,0x0,11294,"Sinister Strike",0x1,Player-4755-01637B0A,0000000000000000,100,100,0,0,0,-1,0,0,0,15.95,-197.32,0,1.7882,65
4/28 18:50:37.492  SPELL_CAST_SUCCESS,Player-4755-01B60A5F,"Zurok-Dreadmist",0x514,0x0,Creature-0-4457-249-1045-10184-000028665C,"Onyxia",0x10a48,0x0,20904,"Aimed Shot",0x1,Player-4755-01B60A5F,0000000000000000,100,100,0,0,0,-1,0,0,0,30.20,-231.97,0,1.6435,62
4/28 18:50:37.492  SPELL_CAST_SUCCESS,Player-4755-01614AC7,"Mirrimazduur-Dreadmist",0x512,0x0,Creature-0-4457-249-1045-10184-000028665C,"Onyxia",0x10a48,0x0,11661,"Shadow Bolt",0x20,Player-4755-01614AC7,0000000000000000,54,100,0,0,0,-1,0,0,0,8.12,-176.09,0,4.6482,68
4/28 18:50:37.509  SPELL_PERIODIC_ENERGIZE,Creature-0-4457-249-1045-7416-0000286CBA,"Mana Spring Totem IV",0x2114,0x0,Player-4755-01ED7A64,"Sperzieboon-Dreadmist",0x514,0x0,10494,"Mana Spring",0x8,Player-4755-01ED7A64,0000000000000000,100,100,0,0,0,-1,0,0,0,24.36,-222.12,0,4.8267,67,13.0000,0.0000,0,7261
4/28 18:50:37.558  SPELL_CAST_SUCCESS,Player-4755-0210153A,"Hapuseneb-Dreadmist",0x514,0x0,Player-4755-01F36B30,"Rectumqeef-Dreadmist",0x514,0x0,10929,"Renew",0x2,Player-4755-0210153A,0000000000000000,100,100,0,0,0,-1,0,0,0,4.72,-237.69,0,1.2213,66
4/28 18:50:37.591  SPELL_CAST_START,Player-4755-01B60A5F,"Zurok-Dreadmist",0x514,0x0,0000000000000000,nil,0x80000000,0x80000000,75,"Auto Shot",0x1
4/28 18:50:37.591  SPELL_CAST_START,Player-4755-01614AC7,"Mirrimazduur-Dreadmist",0x512,0x0,0000000000000000,nil,0x80000000,0x80000000,11661,"Shadow Bolt",0x20
4/28 18:50:37.625  SPELL_CAST_START,Player-4755-0178F576,"Atreas-Dreadmist",0x514,0x0,0000000000000000,nil,0x80000000,0x80000000,75,"Auto Shot",0x1
4/28 18:50:37.639  SPELL_CAST_SUCCESS,Player-4755-01733879,"Hocwar-Dreadmist",0x40514,0x0,Creature-0-4457-249-1045-10184-000028665C,"Onyxia",0x10a48,0x0,11597,"Sunder Armor",0x1,Player-4755-01733879,0000000000000000,94,100,0,0,0,-1,0,0,0,17.15,-201.83,0,1.8124,71
4/28 18:50:37.684  SPELL_CAST_SUCCESS,Player-4755-01FA8D0D,"Roackeru-Dreadmist",0x514,0x0,Creature-0-4457-249-1045-10184-000028665C,"Onyxia",0x10a48,0x0,11661,"Shadow Bolt",0x20,Player-4755-01FA8D0D,0000000000000000,81,100,0,0,0,-1,0,0,0,29.89,-232.68,0,2.1794,65
4/28 18:50:37.684  SPELL_CAST_START,Player-4755-01FA8D0D,"Roackeru-Dreadmist",0x514,0x0,0000000000000000,nil,0x80000000,0x80000000,11661,"Shadow Bolt",0x20
4/28 18:50:37.785  SPELL_PERIODIC_ENERGIZE,Player-4755-01802FE5,"Angrybat-Dreadmist",0x514,0x0,Player-4755-01802FE5,"Angrybat-Dreadmist",0x514,0x0,18194,"Mana Regeneration",0x1,Player-4755-01802FE5,0000000000000000,100,100,0,0,0,-1,0,0,0,-21.09,-197.29,0,0.3450,66,8.0000,0.0000,0,6033
4/28 18:50:37.815  SPELL_CAST_SUCCESS,Pet-0-4457-249-1045-2850-01001956F9,"Kratos",0x1114,0x0,Creature-0-4457-249-1045-10184-000028665C,"Onyxia",0x10a48,0x0,3009,"Claw",0x1,Pet-0-4457-249-1045-2850-01001956F9,Player-4755-0178F576,100,100,0,0,0,-1,0,0,0,12.73,-194.44,0,1.6273,66
4/28 18:50:37.819  SPELL_DAMAGE,Player-4755-01637B0A,"Pindle-Dreadmist",0x514,0x0,Creature-0-4457-249-1045-10184-000028665C,"Onyxia",0x10a48,0x0,11294,"Sinister Strike",0x1,Creature-0-4457-249-1045-10184-000028665C,0000000000000000,46,100,0,0,0,-1,0,0,0,11.92,-180.18,0,4.7515,63,174,263,-1,1,0,0,0,nil,nil,nil
4/28 18:50:37.819  SPELL_AURA_APPLIED,Player-4755-0210153A,"Hapuseneb-Dreadmist",0x514,0x0,Player-4755-01F36B30,"Rectumqeef-Dreadmist",0x514,0x0,10929,"Renew",0x2,BUFF
4/28 18:50:37.819  SPELL_AURA_APPLIED_DOSE,Player-4755-0160BD13,"Mafkees-Dreadmist",0x514,0x0,Creature-0-4457-249-1045-10184-000028665C,"Onyxia",0x10a48,0x0,11597,"Sunder Armor",0x1,DEBUFF,3
4/28 18:50:37.819  SPELL_DAMAGE,Pet-0-4457-249-1045-2850-01001956F9,"Kratos",0x1114,0x0,Creature-0-4457-249-1045-10184-000028665C,"Onyxia",0x10a48,0x0,3009,"Claw",0x1,Creature-0-4457-249-1045-10184-000028665C,0000000000000000,46,100,0,0,0,-1,0,0,0,11.92,-180.18,0,4.7515,63,52,79,-1,1,0,0,0,nil,nil,nil
4/28 18:50:37.838  SPELL_CAST_SUCCESS,Player-4755-01F36B30,"Rectumqeef-Dreadmist",0x514,0x0,Creature-0-4457-249-1045-10184-000028665C,"Onyxia",0x10a48,0x0,11661,"Shadow Bolt",0x20,Player-4755-01F36B30,0000000000000000,74,100,0,0,0,-1,0,0,0,32.65,-224.05,0,2.0934,66
4/28 18:50:37.838  SPELL_CAST_START,Player-4755-01F36B30,"Rectumqeef-Dreadmist",0x514,0x0,0000000000000000,nil,0x80000000,0x80000000,11661,"Shadow Bolt",0x20
4/28 18:50:37.971  SPELL_CAST_START,Player-4755-01BC57A3,"Saintis-Dreadmist",0x511,0x0,0000000000000000,nil,0x80000000,0x80000000,2061,"Flash Heal",0x2
4/28 18:50:37.992  SPELL_CAST_SUCCESS,Creature-0-4457-249-1045-10184-000028665C,"Onyxia",0x10a48,0x0,Player-4755-01733879,"Hocwar-Dreadmist",0x40514,0x0,18392,"Fireball",0x4,Creature-0-4457-249-1045-10184-000028665C,0000000000000000,46,100,0,0,0,-1,0,0,0,11.92,-180.18,0,4.7515,63
4/28 18:50:38.053  SPELL_DAMAGE,Player-4755-016296D3,"Nivl-Dreadmist",0x514,0x0,Creature-0-4457-249-1045-10184-000028665C,"Onyxia",0x10a48,0x0,15208,"Lightning Bolt",0x8,Creature-0-4457-249-1045-10184-000028665C,0000000000000000,46,100,0,0,0,-1,0,0,0,11.92,-180.18,0,4.7515,63,571,571,-1,8,0,0,0,nil,nil,nil
4/28 18:50:38.070  SPELL_CAST_SUCCESS,Player-4755-0178F576,"Atreas-Dreadmist",0x514,0x0,Creature-0-4457-249-1045-10184-000028665C,"Onyxia",0x10a48,0x0,75,"Auto Shot",0x1,Player-4755-0178F576,0000000000000000,100,100,0,0,0,-1,0,0,0,-30.18,-191.53,0,6.0414,66
4/28 18:50:38.094  SPELL_PERIODIC_DAMAGE,Player-4755-01F36B30,"Rectumqeef-Dreadmist",0x514,0x0,Creature-0-4457-249-1045-10184-000028665C,"Onyxia",0x10a48,0x0,11672,"Corruption",0x20,Creature-0-4457-249-1045-10184-000028665C,0000000000000000,46,100,0,0,0,-1,0,0,0,11.92,-180.18,0,4.7515,63,224,203,-1,32,0,0,0,nil,nil,nil
4/28 18:50:38.128  SPELL_AURA_REMOVED,Player-4755-01B60A5F,"Zurok-Dreadmist",0x514,0x0,Player-4755-01B60A5F,"Zurok-Dreadmist",0x514,0x0,14322,"Aspect of the Hawk",0x8,BUFF
4/28 18:50:38.128  SPELL_AURA_APPLIED,Player-4755-01B60A5F,"Zurok-Dreadmist",0x514,0x0,Player-4755-01B60A5F,"Zurok-Dreadmist",0x514,0x0,5118,"Aspect of the Cheetah",0x8,BUFF
4/28 18:50:38.128  SPELL_CAST_SUCCESS,Player-4755-01B60A5F,"Zurok-Dreadmist",0x514,0x0,0000000000000000,nil,0x80000000,0x80000000,5118,"Aspect of the Cheetah",0x8,Player-4755-01B60A5F,0000000000000000,100,100,0,0,0,-1,0,0,0,30.39,-229.46,0,1.4707,62
4/28 18:50:38.186  SPELL_PERIODIC_ENERGIZE,Player-4755-01733879,"Hocwar-Dreadmist",0x40514,0x0,Player-4755-01733879,"Hocwar-Dreadmist",0x40514,0x0,29131,"Bloodrage",0x1,Player-4755-01733879,0000000000000000,94,100,0,0,0,-1,0,0,0,16.75,-197.81,0,1.8674,71,1.0000,0.0000,1,1000
4/28 18:50:38.204  SPELL_AURA_REMOVED,Pet-0-4457-249-1045-416-01001C47E2,"Ababis",0x1114,0x0,Pet-0-4457-249-1045-9622-02002CD5BC,"Bokito",0x1114,0x0,11767,"Blood Pact",0x20,BUFF
4/28 18:50:38.254  SPELL_AURA_REMOVED,Player-4755-01FA8DD8,"Roackerita-Dreadmist",0x514,0x0,Player-4755-01802FE5,"Angrybat-Dreadmist",0x514,0x0,6788,"Weakened Soul",0x2,DEBUFF
4/28 18:50:38.254  SPELL_PERIODIC_HEAL,Player-4755-02045EF4,"Necrosini-Dreadmist",0x512,0x0,Player-4755-016296D3,"Nivl-Dreadmist",0x514,0x0,10929,"Renew",0x2,Player-4755-016296D3,0000000000000000,100,100,0,0,0,-1,0,0,0,-13.47,-186.74,0,6.0844,69,253,253,253,0,nil
4/28 18:50:38.254  SPELL_AURA_REMOVED,Player-4755-02045EF4,"Necrosini-Dreadmist",0x512,0x0,Player-4755-016296D3,"Nivl-Dreadmist",0x514,0x0,10929,"Renew",0x2,BUFF
4/28 18:50:38.254  SPELL_AURA_REMOVED,Player-4755-01804B95,"Moymoy-Dreadmist",0x514,0x0,Player-4755-0160BD13,"Mafkees-Dreadmist",0x514,0x0,29203,"Healing Way",0x2,BUFF
4/28 18:50:38.275  SPELL_PERIODIC_ENERGIZE,Creature-0-4457-249-1045-7416-0000286CBA,"Mana Spring Totem IV",0x2114,0x0,Player-4755-01FA8DD8,"Roackerita-Dreadmist",0x514,0x0,10494,"Mana Spring",0x8,Player-4755-01FA8DD8,0000000000000000,100,100,0,0,0,-1,0,0,0,-3.76,-187.46,0,5.9455,69,12.0000,0.0000,0,6736
4/28 18:50:38.305  SPELL_DAMAGE,Player-4755-01614AC7,"Mirrimazduur-Dreadmist",0x512,0x0,Creature-0-4457-249-1045-10184-000028665C,"Onyxia",0x10a48,0x0,11661,"Shadow Bolt",0x20,Creature-0-4457-249-1045-10184-000028665C,0000000000000000,46,100,0,0,0,-1,0,0,0,11.92,-180.18,0,4.7515,63,951,865,-1,32,0,0,0,nil,nil,nil
4/28 18:50:38.320  RANGE_DAMAGE,Player-4755-020BD78D,"Lonehunter-Dreadmist",0x514,0x0,Creature-0-4457-249-1045-10184-000028665C,"Onyxia",0x10a48,0x0,75,"Auto Shot",0x1,Creature-0-4457-249-1045-10184-000028665C,0000000000000000,46,100,0,0,0,-1,0,0,0,11.92,-180.18,0,4.7515,63,298,451,-1,1,0,0,0,nil,nil,nil
4/28 18:50:38.381  SPELL_CAST_SUCCESS,Player-4755-0160BD13,"Mafkees-Dreadmist",0x514,0x0,Creature-0-4457-249-1045-10184-000028665C,"Onyxia",0x10a48,0x0,11597,"Sunder Armor",0x1,Player-4755-0160BD13,0000000000000000,51,100,0,0,0,-1,0,0,0,12.89,-177.84,0,3.5249,64
4/28 18:50:38.381  SPELL_MISSED,Player-4755-0160BD13,"Mafkees-Dreadmist",0x514,0x0,Creature-0-4457-249-1045-10184-000028665C,"Onyxia",0x10a48,0x0,11597,"Sunder Armor",0x1,DODGE,nil
4/28 18:50:38.381  SPELL_DAMAGE,Creature-0-4457-249-1045-10184-000028665C,"Onyxia",0x10a48,0x0,Pet-0-4457-249-1045-7432-01002D8BC6,"Cat",0x1114,0x0,18392,"Fireball",0x4,Pet-0-4457-249-1045-7432-01002D8BC6,Player-4755-01E83279,63,100,0,0,0,-1,0,0,0,13.21,-197.18,0,1.7565,70,1777,1777,-1,4,0,0,0,nil,nil,nil
4/28 18:50:38.382  SPELL_DAMAGE,Creature-0-4457-249-1045-10184-000028665C,"Onyxia",0x10a48,0x0,Pet-0-4457-249-1045-2850-01001956F9,"Kratos",0x1114,0x0,18392,"Fireball",0x4,Pet-0-4457-249-1045-2850-01001956F9,Player-4755-0178F576,68,100,0,0,0,-1,0,0,0,12.73,-194.44,0,1.6273,66,1595,2126,-1,4,532,0,0,nil,nil,nil
4/28 18:50:38.382  SPELL_DAMAGE,Creature-0-4457-249-1045-10184-000028665C,"Onyxia",0x10a48,0x0,Player-4755-01637B0A,"Pindle-Dreadmist",0x514,0x0,18392,"Fireball",0x4,Player-4755-01637B0A,0000000000000000,76,100,0,0,0,-1,0,0,0,15.68,-197.94,0,2.7228,65,1021,2041,-1,4,1020,0,0,nil,nil,nil
4/28 18:50:38.382  SPELL_DAMAGE,Creature-0-4457-249-1045-10184-000028665C,"Onyxia",0x10a48,0x0,Player-4755-01733879,"Hocwar-Dreadmist",0x40514,0x0,18392,"Fireball",0x4,Player-4755-01733879,0000000000000000,78,100,0,0,0,-1,0,0,0,18.20,-197.40,0,1.7614,71,990,2199,-1,4,1100,0,0,nil,nil,nil
4/28 18:50:38.398  RANGE_DAMAGE,Player-4755-01E83279,"Nlmasters-Dreadmist",0x514,0x8,Creature-0-4457-249-1045-10184-000028665C,"Onyxia",0x10a48,0x0,75,"Auto Shot",0x1,Creature-0-4457-249-1045-10184-000028665C,0000000000000000,46,100,0,0,0,-1,0,0,0,11.92,-180.18,0,4.7515,63,281,425,-1,1,0,0,0,nil,nil,nil
4/28 18:50:38.465  SPELL_DAMAGE,Player-4755-01802FE5,"Angrybat-Dreadmist",0x514,0x0,Creature-0-4457-249-1045-10184-000028665C,"Onyxia",0x10a48,0x0,10181,"Frostbolt",0x10,Creature-0-4457-249-1045-10184-000028665C,0000000000000000,46,100,0,0,0,-1,0,0,0,11.92,-180.18,0,4.7515,63,1960,890,-1,16,0,0,0,1,nil,nil
4/28 18:50:38.480  SPELL_CAST_SUCCESS,Player-4755-016296D3,"Nivl-Dreadmist",0x514,0x0,Creature-0-4457-249-1045-10184-000028665C,"Onyxia",0x10a48,0x0,15208,"Lightning Bolt",0x8,Player-4755-016296D3,0000000000000000,100,100,0,0,0,-1,0,0,0,-13.47,-186.74,0,6.0844,69
4/28 18:50:38.480  SPELL_AURA_APPLIED,Player-4755-016296D3,"Nivl-Dreadmist",0x514,0x0,Player-4755-016296D3,"Nivl-Dreadmist",0x514,0x0,16246,"Clearcasting",0x40,BUFF
4/28 18:50:38.480  SPELL_CAST_START,Player-4755-016296D3,"Nivl-Dreadmist",0x514,0x0,0000000000000000,nil,0x80000000,0x80000000,15208,"Lightning Bolt",0x8
4/28 18:50:38.587  SPELL_PERIODIC_ENERGIZE,Creature-0-4457-249-1045-7416-0000286CC9,"Mana Spring Totem IV",0x2114,0x0,Player-4755-0178F576,"Atreas-Dreadmist",0x514,0x0,10494,"Mana Spring",0x8,Player-4755-0178F576,0000000000000000,100,100,0,0,0,-1,0,0,0,-30.18,-191.53,0,6.0414,66,10.0000,0.0000,0,3765
4/28 18:50:38.587  SPELL_PERIODIC_ENERGIZE,Creature-0-4457-249-1045-7416-0000286CC9,"Mana Spring Totem IV",0x2114,0x0,Player-4755-016296D3,"Nivl-Dreadmist",0x514,0x0,10494,"Mana Spring",0x8,Player-4755-016296D3,0000000000000000,100,100,0,0,0,-1,0,0,0,-13.47,-186.74,0,6.0844,69,10.0000,0.0000,0,5845
4/28 18:50:38.647  SPELL_AURA_APPLIED,Pet-0-4457-249-1045-416-01001C47E2,"Ababis",0x1114,0x0,Player-4755-01840577,"Raggèn-Dreadmist",0x514,0x0,11767,"Blood Pact",0x20,BUFF
4/28 18:50:38.664  SPELL_PERIODIC_DAMAGE,Player-4755-01614AC7,"Mirrimazduur-Dreadmist",0x512,0x0,Creature-0-4457-249-1045-10184-000028665C,"Onyxia",0x10a48,0x0,11672,"Corruption",0x20,Creature-0-4457-249-1045-10184-000028665C,0000000000000000,46,100,0,0,0,-1,0,0,0,11.92,-180.18,0,4.7515,63,207,188,-1,32,0,0,0,nil,nil,nil
4/28 18:50:38.664  SPELL_CAST_SUCCESS,Player-4755-01804B95,"Moymoy-Dreadmist",0x514,0x0,Player-4755-01F36B30,"Rectumqeef-Dreadmist",0x514,0x0,939,"Healing Wave",0x8,Player-4755-01804B95,0000000000000000,100,100,0,0,0,-1,0,0,0,17.96,-232.62,0,4.5816,66
4/28 18:50:38.789  SPELL_PERIODIC_HEAL,Player-4755-01FA8DD8,"Roackerita-Dreadmist",0x514,0x0,Player-4755-0220BD00,"Krikoff-Dreadmist",0x40514,0x0,6078,"Renew",0x2,Player-4755-0220BD00,0000000000000000,100,100,0,0,0,-1,0,0,0,10.93,-181.68,0,1.2763,68,235,235,235,0,nil
4/28 18:50:38.789  SPELL_PERIODIC_ENERGIZE,Creature-0-4457-249-1045-7416-0000286CBA,"Mana Spring Totem IV",0x2114,0x0,Player-4755-015FEBD5,"Sauvage-Dreadmist",0x514,0x0,10494,"Mana Spring",0x8,Player-4755-015FEBD5,0000000000000000,100,100,0,0,0,-1,0,0,0,4.05,-185.90,0,2.9154,64,13.0000,0.0000,0,6158
4/28 18:50:38.789  SPELL_CAST_START,Player-4755-0178F576,"Atreas-Dreadmist",0x514,0x0,0000000000000000,nil,0x80000000,0x80000000,20904,"Aimed Shot",0x1
4/28 18:50:38.866  SPELL_DAMAGE,Player-4755-0163DD9D,"Kaspais-Dreadmist",0x514,0x0,Creature-0-4457-249-1045-10184-000028665C,"Onyxia",0x10a48,0x0,10181,"Frostbolt",0x10,Creature-0-4457-249-1045-10184-000028665C,0000000000000000,46,100,0,0,0,-1,0,0,0,11.92,-180.18,0,4.7515,63,917,833,-1,16,0,0,0,nil,nil,nil
4/28 18:50:38.901  SPELL_DAMAGE,Player-4755-01B60A5F,"Zurok-Dreadmist",0x514,0x0,Creature-0-4457-249-1045-10184-000028665C,"Onyxia",0x10a48,0x0,20904,"Aimed Shot",0x1,Creature-0-4457-249-1045-10184-000028665C,0000000000000000,46,100,0,0,0,-1,0,0,0,11.92,-180.18,0,4.7515,63,714,1081,-1,1,0,0,0,nil,nil,nil
4/28 18:50:38.932  SPELL_CAST_SUCCESS,Player-4755-01617EEE,"Fenix-Dreadmist",0x512,0x0,Player-4755-0160BD13,"Mafkees-Dreadmist",0x514,0x0,6064,"Heal",0x2,Player-4755-01617EEE,0000000000000000,80,100,0,0,0,-1,0,0,0,12.73,-175.10,0,4.6842,66
4/28 18:50:38.999  SPELL_AURA_REMOVED,Player-4755-020BD78D,"Lonehunter-Dreadmist",0x514,0x0,Player-4755-020BD78D,"Lonehunter-Dreadmist",0x514,0x0,5118,"Aspect of the Cheetah",0x8,BUFF
4/28 18:50:38.999  SPELL_AURA_APPLIED,Player-4755-020BD78D,"Lonehunter-Dreadmist",0x514,0x0,Player-4755-020BD78D,"Lonehunter-Dreadmist",0x514,0x0,14322,"Aspect of the Hawk",0x8,BUFF
4/28 18:50:38.999  SPELL_CAST_SUCCESS,Player-4755-020BD78D,"Lonehunter-Dreadmist",0x514,0x0,0000000000000000,nil,0x80000000,0x80000000,14322,"Aspect of the Hawk",0x8,Player-4755-020BD78D,0000000000000000,100,100,0,0,0,-1,0,0,0,26.72,-218.56,0,1.9377,70
4/28 18:50:39.039  SPELL_CAST_START,Creature-0-4457-249-1045-10184-000028665C,"Onyxia",0x10a48,0x0,0000000000000000,nil,0x80000000,0x80000000,18392,"Fireball",0x4
4/28 18:50:39.039  SPELL_AURA_APPLIED_DOSE,Player-4755-01802FE5,"Angrybat-Dreadmist",0x514,0x0,Creature-0-4457-249-1045-10184-000028665C,"Onyxia",0x10a48,0x0,12579,"Winter's Chill",0x10,DEBUFF,4
4/28 18:50:39.039  SPELL_HEAL,Player-4755-01804B95,"Moymoy-Dreadmist",0x514,0x0,Player-4755-01F36B30,"Rectumqeef-Dreadmist",0x514,0x0,939,"Healing Wave",0x8,Player-4755-01F36B30,0000000000000000,94,100,0,0,0,-1,0,0,0,32.65,-224.05,0,2.1640,66,897,897,0,0,nil
4/28 18:50:39.039  SPELL_AURA_APPLIED,Player-4755-01804B95,"Moymoy-Dreadmist",0x514,0x0,Player-4755-01F36B30,"Rectumqeef-Dreadmist",0x514,0x0,29203,"Healing Way",0x2,BUFF
4/28 18:50:39.039  SPELL_HEAL,Player-4755-01617EEE,"Fenix-Dreadmist",0x512,0x0,Player-4755-0160BD13,"Mafkees-Dreadmist",0x514,0x0,6064,"Heal",0x2,Player-4755-0160BD13,0000000000000000,81,100,0,0,0,-1,0,0,0,13.12,-178.19,0,3.7251,64,1412,1412,0,0,nil
4/28 18:50:39.063  SPELL_AURA_REMOVED,Player-4755-0178F416,"Eltorero-Dreadmist",0x514,0x0,Player-4755-0178F416,"Eltorero-Dreadmist",0x514,0x0,20007,"Holy Strength",0x2,BUFF
4/28 18:50:39.063  SPELL_AURA_REMOVED,Player-4755-01804B95,"Moymoy-Dreadmist",0x514,0x0,Player-4755-0160BD13,"Mafkees-Dreadmist",0x514,0x0,16237,"Ancestral Fortitude",0x2,BUFF
4/28 18:50:39.105  SPELL_PERIODIC_ENERGIZE,Player-4755-01BC57A3,"Saintis-Dreadmist",0x511,0x0,Player-4755-01BC57A3,"Saintis-Dreadmist",0x511,0x0,18194,"Mana Regeneration",0x1,Player-4755-01BC57A3,0000000000000000,100,100,0,0,0,-1,0,0,0,23.77,-220.66,0,1.9216,68,8.0000,0.0000,0,7212
4/28 18:50:39.179  SPELL_PERIODIC_ENERGIZE,Player-4755-01733879,"Hocwar-Dreadmist",0x40514,0x0,Player-4755-01733879,"Hocwar-Dreadmist",0x40514,0x0,29131,"Bloodrage",0x1,Player-4755-01733879,0000000000000000,78,100,0,0,0,-1,0,0,0,23.95,-197.17,0,2.3308,71,1.0000,0.0000,1,1000
4/28 18:50:39.201  SPELL_CAST_START,Player-4755-01E83279,"Nlmasters-Dreadmist",0x514,0x8,0000000000000000,nil,0x80000000,0x80000000,75,"Auto Shot",0x1
4/28 18:50:39.250  SPELL_CAST_SUCCESS,Player-4755-01A6B139,"Sakatan-Dreadmist",0x514,0x0,Creature-0-4457-249-1045-10184-000028665C,"Onyxia",0x10a48,0x0,11281,"Backstab",0x1,Player-4755-01A6B139,0000000000000000,70,100,0,0,0,-1,0,0,0,16.33,-179.78,0,3.3308,69
4/28 18:50:39.269  RANGE_DAMAGE,Player-4755-0178F576,"Atreas-Dreadmist",0x514,0x0,Creature-0-4457-249-1045-10184-000028665C,"Onyxia",0x10a48,0x0,75,"Auto Shot",0x1,Creature-0-4457-249-1045-10184-000028665C,0000000000000000,46,100,0,0,0,-1,0,0,0,11.92,-180.18,0,2.3213,63,366,524,-1,1,0,0,0,nil,nil,nil
4/28 18:50:39.353  SPELL_CAST_START,Player-4755-020BD78D,"Lonehunter-Dreadmist",0x514,0x0,0000000000000000,nil,0x80000000,0x80000000,75,"Auto Shot",0x1
4/28 18:50:39.353  SPELL_CAST_START,Player-4755-01804B95,"Moymoy-Dreadmist",0x514,0x0,0000000000000000,nil,0x80000000,0x80000000,939,"Healing Wave",0x8
4/28 18:50:39.389  SPELL_CAST_SUCCESS,Player-4755-01BC57A3,"Saintis-Dreadmist",0x511,0x0,Player-4755-01A6B139,"Sakatan-Dreadmist",0x514,0x0,2061,"Flash Heal",0x2,Player-4755-01BC57A3,0000000000000000,100,100,0,0,0,-1,0,0,0,23.77,-220.66,0,1.9216,68
4/28 18:50:39.407  SPELL_CAST_SUCCESS,Player-4755-01733879,"Hocwar-Dreadmist",0x40514,0x0,Creature-0-4457-249-1045-10184-000028665C,"Onyxia",0x10a48,0x0,11597,"Sunder Armor",0x1,Player-4755-01733879,0000000000000000,78,100,0,0,0,-1,0,0,0,22.71,-196.04,0,2.4918,71
4/28 18:50:39.407  SPELL_AURA_APPLIED,Player-4755-01733879,"Hocwar-Dreadmist",0x40514,0x0,Player-4755-01733879,"Hocwar-Dreadmist",0x40514,0x0,10610,"Windfury Totem",0x8,BUFF
4/28 18:50:39.407  SPELL_EXTRA_ATTACKS,Player-4755-01733879,"Hocwar-Dreadmist",0x40514,0x0,Player-4755-01733879,"Hocwar-Dreadmist",0x40514,0x0,10610,"Windfury Totem",0x8,1
4/28 18:50:39.439  SPELL_CAST_SUCCESS,Pet-0-4457-249-1045-7432-01002D8BC6,"Cat",0x1114,0x0,Creature-0-4457-249-1045-10184-000028665C,"Onyxia",0x10a48,0x0,3009,"Claw",0x1,Pet-0-4457-249-1045-7432-01002D8BC6,Player-4755-01E83279,63,100,0,0,0,-1,0,0,0,13.21,-197.18,0,1.7565,70
4/28 18:50:39.439  SPELL_DAMAGE,Player-4755-01A6B139,"Sakatan-Dreadmist",0x514,0x0,Creature-0-4457-249-1045-10184-000028665C,"Onyxia",0x10a48,0x0,11281,"Backstab",0x1,Creature-0-4457-249-1045-10184-000028665C,0000000000000000,46,100,0,0,0,-1,0,0,0,11.92,-180.18,0,2.3213,63,406,581,-1,1,0,0,0,nil,nil,nil
4/28 18:50:39.439  SPELL_HEAL,Player-4755-01BC57A3,"Saintis-Dreadmist",0x511,0x0,Player-4755-01A6B139,"Sakatan-Dreadmist",0x514,0x0,2061,"Flash Heal",0x2,Player-4755-01A6B139,0000000000000000,87,100,0,0,0,-1,0,0,0,15.25,-179.01,0,3.3504,69,806,806,0,0,1
4/28 18:50:39.445  SPELL_AURA_APPLIED_DOSE,Player-4755-0160BD13,"Mafkees-Dreadmist",0x514,0x0,Creature-0-4457-249-1045-10184-000028665C,"Onyxia",0x10a48,0x0,11597,"Sunder Armor",0x1,DEBUFF,4
4/28 18:50:39.445  SPELL_DAMAGE,Pet-0-4457-249-1045-7432-01002D8BC6,"Cat",0x1114,0x0,Creature-0-4457-249-1045-10184-000028665C,"Onyxia",0x10a48,0x0,3009,"Claw",0x1,Creature-0-4457-249-1045-10184-000028665C,0000000000000000,46,100,0,0,0,-1,0,0,0,11.92,-180.18,0,2.3213,63,68,97,-1,1,0,0,0,nil,nil,nil
4/28 18:50:39.464  SPELL_AURA_REMOVED,Player-4755-01733879,"Hocwar-Dreadmist",0x40514,0x0,Player-4755-01733879,"Hocwar-Dreadmist",0x40514,0x0,12970,"Flurry",0x1,BUFF
4/28 18:50:39.464  SPELL_AURA_REMOVED,Player-4755-016DF694,"Ashalan-Dreadmist",0x514,0x0,Player-4755-016DF694,"Ashalan-Dreadmist",0x514,0x0,16280,"Flurry",0x1,BUFF
4/28 18:50:39.464  SPELL_CAST_SUCCESS,Player-4755-01802FE5,"Angrybat-Dreadmist",0x514,0x0,Creature-0-4457-249-1045-10184-000028665C,"Onyxia",0x10a48,0x0,10181,"Frostbolt",0x10,Player-4755-01802FE5,0000000000000000,100,100,0,0,0,-1,0,0,0,-21.09,-197.29,0,0.3450,66
4/28 18:50:39.482  SPELL_CAST_START,Player-4755-01802FE5,"Angrybat-Dreadmist",0x514,0x0,0000000000000000,nil,0x80000000,0x80000000,10181,"Frostbolt",0x10
4/28 18:50:39.498  SPELL_PERIODIC_ENERGIZE,Creature-0-4457-249-1045-7416-0000286CBA,"Mana Spring Totem IV",0x2114,0x0,Player-4755-01ED7A64,"Sperzieboon-Dreadmist",0x514,0x0,10494,"Mana Spring",0x8,Player-4755-01ED7A64,0000000000000000,100,100,0,0,0,-1,0,0,0,23.19,-236.81,0,4.1222,67,12.0000,0.0000,0,7261
4/28 18:50:39.623  SPELL_CAST_SUCCESS,Player-4755-01E83279,"Nlmasters-Dreadmist",0x514,0x8,Creature-0-4457-249-1045-10184-000028665C,"Onyxia",0x10a48,0x0,75,"Auto Shot",0x1,Player-4755-01E83279,0000000000000000,100,100,0,0,0,-1,0,0,0,-31.13,-202.91,0,0.3256,70
4/28 18:50:39.704  SPELL_MISSED,Creature-0-4457-249-1045-2630-0000286CD4,"Earthbind Totem",0x2114,0x0,Creature-0-4457-249-1045-10184-000028665C,"Onyxia",0x10a48,0x0,3600,"Earthbind",0x8,IMMUNE,nil
4/28 18:50:39.767  SPELL_CAST_SUCCESS,Player-4755-020BD78D,"Lonehunter-Dreadmist",0x514,0x0,Creature-0-4457-249-1045-10184-000028665C,"Onyxia",0x10a48,0x0,75,"Auto Shot",0x1,Player-4755-020BD78D,0000000000000000,100,100,0,0,0,-1,0,0,0,26.72,-218.56,0,1.9377,70
4/28 18:50:39.868  SPELL_PERIODIC_HEAL,Player-4755-01FA8DD8,"Roackerita-Dreadmist",0x514,0x0,Player-4755-01617EEE,"Fenix-Dreadmist",0x512,0x0,6078,"Renew",0x2,Player-4755-01617EEE,0000000000000000,85,100,0,0,0,-1,0,0,0,12.73,-175.10,0,4.6842,66,235,235,0,0,nil
4/28 18:50:39.868  SPELL_AURA_REMOVED,Player-4755-01FA8DD8,"Roackerita-Dreadmist",0x514,0x0,Player-4755-01617EEE,"Fenix-Dreadmist",0x512,0x0,6078,"Renew",0x2,BUFF
4/28 18:50:39.868  SPELL_PERIODIC_HEAL,Player-4755-02045EF4,"Necrosini-Dreadmist",0x512,0x0,Player-4755-020BD78D,"Lonehunter-Dreadmist",0x514,0x0,10929,"Renew",0x2,Player-4755-020BD78D,0000000000000000,100,100,0,0,0,-1,0,0,0,26.72,-218.56,0,1.9377,70,253,253,253,0,nil
4/28 18:50:39.868  SPELL_AURA_REMOVED,Player-4755-02045EF4,"Necrosini-Dreadmist",0x512,0x0,Player-4755-020BD78D,"Lonehunter-Dreadmist",0x514,0x0,10929,"Renew",0x2,BUFF
4/28 18:50:39.868  SPELL_CAST_START,Player-4755-01ED7A64,"Sperzieboon-Dreadmist",0x514,0x0,0000000000000000,nil,0x80000000,0x80000000,9474,"Flash Heal",0x2
4/28 18:50:39.906  SPELL_CAST_SUCCESS,Player-4755-0163DD9D,"Kaspais-Dreadmist",0x514,0x0,Creature-0-4457-249-1045-10184-000028665C,"Onyxia",0x10a48,0x0,10181,"Frostbolt",0x10,Player-4755-0163DD9D,0000000000000000,100,100,0,0,0,-1,0,0,0,-21.59,-193.96,0,0.2488,66
4/28 18:50:39.906  SPELL_CAST_START,Player-4755-01E83279,"Nlmasters-Dreadmist",0x514,0x8,0000000000000000,nil,0x80000000,0x80000000,20904,"Aimed Shot",0x1
4/28 18:50:39.922  SPELL_CAST_SUCCESS,Player-4755-0160BD13,"Mafkees-Dreadmist",0x514,0x0,Creature-0-4457-249-1045-10184-000028665C,"Onyxia",0x10a48,0x0,11597,"Sunder Armor",0x1,Player-4755-0160BD13,0000000000000000,81,100,0,0,0,-1,0,0,0,13.06,-178.17,0,3.7055,64
4/28 18:50:39.922  SPELL_AURA_APPLIED,Player-4755-0160BD13,"Mafkees-Dreadmist",0x514,0x0,Player-4755-0160BD13,"Mafkees-Dreadmist",0x514,0x0,20007,"Holy Strength",0x2,BUFF
4/28 18:50:39.922  SPELL_HEAL,Player-4755-0160BD13,"Mafkees-Dreadmist",0x514,0x0,Player-4755-0160BD13,"Mafkees-Dreadmist",0x514,0x0,20007,"Holy Strength",0x2,Player-4755-0160BD13,0000000000000000,83,100,0,0,0,-1,0,0,0,13.06,-178.17,0,3.7055,64,103,103,0,0,nil
4/28 18:50:39.922  SPELL_AURA_APPLIED,Player-4755-0160BD13,"Mafkees-Dreadmist",0x514,0x0,Player-4755-0160BD13,"Mafkees-Dreadmist",0x514,0x0,10610,"Windfury Totem",0x8,BUFF
4/28 18:50:39.922  SPELL_EXTRA_ATTACKS,Player-4755-0160BD13,"Mafkees-Dreadmist",0x514,0x0,Player-4755-0160BD13,"Mafkees-Dreadmist",0x514,0x0,10610,"Windfury Totem",0x8,1
4/28 18:50:39.990  SPELL_CAST_SUCCESS,Player-4755-01637B0A,"Pindle-Dreadmist",0x514,0x0,Creature-0-4457-249-1045-10184-000028665C,"Onyxia",0x10a48,0x0,11294,"Sinister Strike",0x1,Player-4755-01637B0A,0000000000000000,76,100,0,0,0,-1,0,0,0,14.38,-200.27,0,1.4976,65
4/28 18:50:40.006  SPELL_PERIODIC_HEAL,Player-4755-02045EF4,"Necrosini-Dreadmist",0x512,0x0,Player-4755-01614AC7,"Mirrimazduur-Dreadmist",0x512,0x0,10929,"Renew",0x2,Player-4755-01614AC7,0000000000000000,60,100,0,0,0,-1,0,0,0,8.12,-176.09,0,4.6482,68,253,253,0,0,nil
4/28 18:50:40.051  SPELL_DAMAGE,Player-4755-016296D3,"Nivl-Dreadmist",0x514,0x0,Creature-0-4457-249-1045-10184-000028665C,"Onyxia",0x10a48,0x0,15208,"Lightning Bolt",0x8,Creature-0-4457-249-1045-10184-000028665C,0000000000000000,46,100,0,0,0,-1,0,0,0,11.92,-180.18,0,2.3213,63,531,530,-1,8,0,0,0,nil,nil,nil
4/28 18:50:40.087  SPELL_CAST_SUCCESS,Player-4755-01614AC7,"Mirrimazduur-Dreadmist",0x512,0x0,Creature-0-4457-249-1045-10184-000028665C,"Onyxia",0x10a48,0x0,11661,"Shadow Bolt",0x20,Player-4755-01614AC7,0000000000000000,60,100,0,0,0,-1,0,0,0,8.12,-176.09,0,4.6482,68
4/28 18:50:40.137  SPELL_CAST_SUCCESS,Player-4755-01FA8DD8,"Roackerita-Dreadmist",0x514,0x0,Player-4755-01733879,"Hocwar-Dreadmist",0x40514,0x0,6078,"Renew",0x2,Player-4755-01FA8DD8,0000000000000000,100,100,0,0,0,-1,0,0,0,6.83,-191.10,0,5.9572,69
4/28 18:50:40.183  SPELL_PERIODIC_ENERGIZE,Player-4755-01733879,"Hocwar-Dreadmist",0x40514,0x0,Player-4755-01733879,"Hocwar-Dreadmist",0x40514,0x0,29131,"Bloodrage",0x1,Player-4755-01733879,0000000000000000,78,100,0,0,0,-1,0,0,0,18.03,-192.48,0,2.8491,71,1.0000,0.0000,1,1000
4/28 18:50:40.183  SPELL_CAST_SUCCESS,Player-4755-01FA8D0D,"Roackeru-Dreadmist",0x514,0x0,Creature-0-4457-249-1045-10184-000028665C,"Onyxia",0x10a48,0x0,11661,"Shadow Bolt",0x20,Player-4755-01FA8D0D,0000000000000000,81,100,0,0,0,-1,0,0,0,29.89,-232.68,0,2.1794,65
4/28 18:50:40.183  SPELL_CAST_START,Player-4755-01FA8D0D,"Roackeru-Dreadmist",0x514,0x0,0000000000000000,nil,0x80000000,0x80000000,11661,"Shadow Bolt",0x20
4/28 18:50:40.183  SPELL_CAST_START,Player-4755-01617EEE,"Fenix-Dreadmist",0x512,0x0,0000000000000000,nil,0x80000000,0x80000000,6064,"Heal",0x2
4/28 18:50:40.246  SPELL_AURA_APPLIED,Player-4755-01BC57A3,"Saintis-Dreadmist",0x511,0x0,Player-4755-01A6B139,"Sakatan-Dreadmist",0x514,0x0,15359,"Inspiration",0x2,BUFF
4/28 18:50:40.266  SPELL_AURA_APPLIED_DOSE,Player-4755-0160BD13,"Mafkees-Dreadmist",0x514,0x0,Creature-0-4457-249-1045-10184-000028665C,"Onyxia",0x10a48,0x0,11597,"Sunder Armor",0x1,DEBUFF,5
4/28 18:50:40.266  SPELL_DAMAGE,Player-4755-01637B0A,"Pindle-Dreadmist",0x514,0x0,Creature-0-4457-249-1045-10184-000028665C,"Onyxia",0x10a48,0x0,11294,"Sinister Strike",0x1,Creature-0-4457-249-1045-10184-000028665C,0000000000000000,46,100,0,0,0,-1,0,0,0,11.92,-180.18,0,2.3213,63,213,286,-1,1,0,0,0,nil,nil,nil
4/28 18:50:40.266  SPELL_AURA_APPLIED,Player-4755-01FA8DD8,"Roackerita-Dreadmist",0x514,0x0,Player-4755-01733879,"Hocwar-Dreadmist",0x40514,0x0,6078,"Renew",0x2,BUFF
4/28 18:50:40.266  SPELL_PERIODIC_ENERGIZE,Creature-0-4457-249-1045-7416-0000286CBA,"Mana Spring Totem IV",0x2114,0x0,Player-4755-01FA8DD8,"Roackerita-Dreadmist",0x514,0x0,10494,"Mana Spring",0x8,Player-4755-01FA8DD8,0000000000000000,100,100,0,0,0,-1,0,0,0,6.83,-191.10,0,5.9572,69,13.0000,0.0000,0,6736
4/28 18:50:40.321  SPELL_CAST_START,Player-4755-0163DD9D,"Kaspais-Dreadmist",0x514,0x0,0000000000000000,nil,0x80000000,0x80000000,10181,"Frostbolt",0x10
4/28 18:50:40.321  SPELL_CAST_START,Player-4755-01BC57A3,"Saintis-Dreadmist",0x511,0x0,0000000000000000,nil,0x80000000,0x80000000,9474,"Flash Heal",0x2
4/28 18:50:40.341  SPELL_CAST_SUCCESS,Player-4755-01F36B30,"Rectumqeef-Dreadmist",0x514,0x0,Creature-0-4457-249-1045-10184-000028665C,"Onyxia",0x10a48,0x0,11661,"Shadow Bolt",0x20,Player-4755-01F36B30,0000000000000000,94,100,0,0,0,-1,0,0,0,32.65,-224.05,0,2.2269,66
4/28 18:50:40.341  SPELL_CAST_START,Player-4755-01F36B30,"Rectumqeef-Dreadmist",0x514,0x0,0000000000000000,nil,0x80000000,0x80000000,11661,"Shadow Bolt",0x20
4/28 18:50:40.357  SPELL_DAMAGE,Player-4755-01F36B30,"Rectumqeef-Dreadmist",0x514,0x0,Creature-0-4457-249-1045-10184-000028665C,"Onyxia",0x10a48,0x0,11661,"Shadow Bolt",0x20,Creature-0-4457-249-1045-10184-000028665C,0000000000000000,46,100,0,0,0,-1,0,0,0,11.92,-180.18,0,2.3213,63,1041,946,-1,32,0,0,0,nil,nil,nil
4/28 18:50:40.374  SPELL_AURA_REMOVED,Player-4755-01B60A5F,"Zurok-Dreadmist",0x514,0x0,Player-4755-01B60A5F,"Zurok-Dreadmist",0x514,0x0,5118,"Aspect of the Cheetah",0x8,BUFF
4/28 18:50:40.374  SPELL_AURA_APPLIED,Player-4755-01B60A5F,"Zurok-Dreadmist",0x514,0x0,Player-4755-01B60A5F,"Zurok-Dreadmist",0x514,0x0,14322,"Aspect of the Hawk",0x8,BUFF
4/28 18:50:40.374  SPELL_CAST_SUCCESS,Player-4755-01B60A5F,"Zurok-Dreadmist",0x514,0x0,0000000000000000,nil,0x80000000,0x80000000,14322,"Aspect of the Hawk",0x8,Player-4755-01B60A5F,0000000000000000,100,100,0,0,0,-1,0,0,0,33.25,-209.65,0,1.6985,62
4/28 18:50:40.429  SPELL_PERIODIC_HEAL,Player-4755-01FA8DD8,"Roackerita-Dreadmist",0x514,0x0,Player-4755-01F21AE6,"Blahu-Dreadmist",0x40514,0x0,6078,"Renew",0x2,Player-4755-01F21AE6,0000000000000000,93,100,0,0,0,-1,0,0,0,-28.43,-219.25,0,0.4101,70,236,236,0,0,nil
4/28 18:50:40.478  SPELL_CAST_SUCCESS,Player-4755-016296D3,"Nivl-Dreadmist",0x514,0x0,Creature-0-4457-249-1045-10184-000028665C,"Onyxia",0x10a48,0x0,15208,"Lightning Bolt",0x8,Player-4755-016296D3,0000000000000000,100,100,0,0,0,-1,0,0,0,-13.47,-186.74,0,6.0844,69
4/28 18:50:40.478  SPELL_AURA_REMOVED,Player-4755-016296D3,"Nivl-Dreadmist",0x514,0x0,Player-4755-016296D3,"Nivl-Dreadmist",0x514,0x0,16246,"Clearcasting",0x40,BUFF
4/28 18:50:40.478  SPELL_CAST_START,Player-4755-016296D3,"Nivl-Dreadmist",0x514,0x0,0000000000000000,nil,0x80000000,0x80000000,15208,"Lightning Bolt",0x8
4/28 18:50:40.510  SPELL_CAST_START,Player-4755-020BD78D,"Lonehunter-Dreadmist",0x514,0x0,0000000000000000,nil,0x80000000,0x80000000,20904,"Aimed Shot",0x1
4/28 18:50:40.604  SPELL_PERIODIC_ENERGIZE,Creature-0-4457-249-1045-7416-0000286CC9,"Mana Spring Totem IV",0x2114,0x0,Player-4755-016296D3,"Nivl-Dreadmist",0x514,0x0,10494,"Mana Spring",0x8,Player-4755-016296D3,0000000000000000,100,100,0,0,0,-1,0,0,0,-13.47,-186.74,0,6.0844,69,10.0000,0.0000,0,5845
4/28 18:50:40.604  SPELL_PERIODIC_ENERGIZE,Creature-0-4457-249-1045-7416-0000286CC9,"Mana Spring Totem IV",0x2114,0x0,Player-4755-0178F576,"Atreas-Dreadmist",0x514,0x0,10494,"Mana Spring",0x8,Player-4755-0178F576,0000000000000000,100,100,0,0,0,-1,0,0,0,-30.18,-191.53,0,0.2635,66,10.0000,0.0000,0,3765
4/28 18:50:40.604  SPELL_CAST_SUCCESS,Player-4755-01614AC7,"Mirrimazduur-Dreadmist",0x512,0x0,0000000000000000,nil,0x80000000,0x80000000,11689,"Life Tap",0x20,Player-4755-01614AC7,0000000000000000,44,100,0,0,0,-1,0,0,0,8.12,-176.09,0,4.6482,68
4/28 18:50:40.657  SPELL_ENERGIZE,Player-4755-01614AC7,"Mirrimazduur-Dreadmist",0x512,0x0,Player-4755-01614AC7,"Mirrimazduur-Dreadmist",0x512,0x0,31818,"Life Tap",0x20,Player-4755-01614AC7,0000000000000000,44,100,0,0,0,-1,0,0,0,8.12,-176.09,0,4.6482,68,855.0000,0.0000,0,5098
4/28 18:50:40.783  SPELL_PERIODIC_ENERGIZE,Creature-0-4457-249-1045-7416-0000286CBA,"Mana Spring Totem IV",0x2114,0x0,Player-4755-015FEBD5,"Sauvage-Dreadmist",0x514,0x0,10494,"Mana Spring",0x8,Player-4755-015FEBD5,0000000000000000,100,100,0,0,0,-1,0,0,0,-0.69,-185.74,0,0.8773,64,12.0000,0.0000,0,6158
4/28 18:50:40.815  SPELL_PERIODIC_HEAL,Player-4755-0210153A,"Hapuseneb-Dreadmist",0x514,0x0,Player-4755-01F36B30,"Rectumqeef-Dreadmist",0x514,0x0,10929,"Renew",0x2,Player-4755-01F36B30,0000000000000000,100,100,0,0,0,-1,0,0,0,32.65,-224.05,0,2.2269,66,293,293,42,0,nil
4/28 18:50:40.861  RANGE_DAMAGE,Player-4755-020BD78D,"Lonehunter-Dreadmist",0x514,0x0,Creature-0-4457-249-1045-10184-000028665C,"Onyxia",0x10a48,0x0,75,"Auto Shot",0x1,Creature-0-4457-249-1045-10184-000028665C,0000000000000000,45,100,0,0,0,-1,0,0,0,11.92,-180.18,0,2.3213,63,787,452,-1,1,0,0,0,1,nil,nil
4/28 18:50:40.915  SPELL_DAMAGE,Player-4755-01614AC7,"Mirrimazduur-Dreadmist",0x512,0x0,Creature-0-4457-249-1045-10184-000028665C,"Onyxia",0x10a48,0x0,11661,"Shadow Bolt",0x20,Creature-0-4457-249-1045-10184-000028665C,0000000000000000,45,100,0,0,0,-1,0,0,0,11.92,-180.18,0,2.3213,63,933,848,-1,32,0,0,0,nil,nil,nil
4/28 18:50:40.915  SPELL_CAST_SUCCESS,Player-4755-01733879,"Hocwar-Dreadmist",0x40514,0x0,Creature-0-4457-249-1045-10184-000028665C,"Onyxia",0x10a48,0x0,11597,"Sunder Armor",0x1,Player-4755-01733879,0000000000000000,78,100,0,0,0,-1,0,0,0,20.36,-190.05,0,2.5703,71
4/28 18:50:40.915  SPELL_AURA_APPLIED,Player-4755-01733879,"Hocwar-Dreadmist",0x40514,0x0,Player-4755-01733879,"Hocwar-Dreadmist",0x40514,0x0,20007,"Holy Strength",0x2,BUFF
4/28 18:50:40.915  SPELL_HEAL,Player-4755-01733879,"Hocwar-Dreadmist",0x40514,0x0,Player-4755-01733879,"Hocwar-Dreadmist",0x40514,0x0,20007,"Holy Strength",0x2,Player-4755-01733879,0000000000000000,80,100,0,0,0,-1,0,0,0,20.36,-190.05,0,2.5703,71,113,113,0,0,nil
4/28 18:50:40.915  SPELL_AURA_REMOVED,Player-4755-01733879,"Hocwar-Dreadmist",0x40514,0x0,Player-4755-01733879,"Hocwar-Dreadmist",0x40514,0x0,10610,"Windfury Totem",0x8,BUFF
4/28 18:50:40.943  RANGE_DAMAGE,Player-4755-01E83279,"Nlmasters-Dreadmist",0x514,0x8,Creature-0-4457-249-1045-10184-000028665C,"Onyxia",0x10a48,0x0,75,"Auto Shot",0x1,Creature-0-4457-249-1045-10184-000028665C,0000000000000000,45,100,0,0,0,-1,0,0,0,11.92,-180.18,0,2.3213,63,713,430,-1,1,0,0,0,1,nil,nil
4/28 18:50:40.964  SPELL_DAMAGE,Player-4755-01802FE5,"Angrybat-Dreadmist",0x514,0x0,Creature-0-4457-249-1045-10184-000028665C,"Onyxia",0x10a48,0x0,10181,"Frostbolt",0x10,Creature-0-4457-249-1045-10184-000028665C,0000000000000000,45,100,0,0,0,-1,0,0,0,11.92,-180.18,0,2.3213,63,1967,894,-1,16,0,0,0,1,nil,nil
4/28 18:50:41.008  SPELL_MISSED,Player-4755-01FA8D0D,"Roackeru-Dreadmist",0x514,0x0,Creature-0-4457-249-1045-10184-000028665C,"Onyxia",0x10a48,0x0,11661,"Shadow Bolt",0x20,RESIST,nil,0
4/28 18:50:41.081  SPELL_PERIODIC_DAMAGE,Player-4755-01F36B30,"Rectumqeef-Dreadmist",0x514,0x0,Creature-0-4457-249-1045-10184-000028665C,"Onyxia",0x10a48,0x0,11672,"Corruption",0x20,Creature-0-4457-249-1045-10184-000028665C,0000000000000000,45,100,0,0,0,-1,0,0,0,11.92,-180.18,0,2.3213,63,224,203,-1,32,0,0,0,nil,nil,nil
4/28 18:50:41.081  SPELL_AURA_REMOVED,Player-4755-01804B95,"Moymoy-Dreadmist",0x514,0x0,Player-4755-016296D3,"Nivl-Dreadmist",0x514,0x0,29203,"Healing Way",0x2,BUFF
4/28 18:50:41.185  SPELL_PERIODIC_ENERGIZE,Player-4755-01733879,"Hocwar-Dreadmist",0x40514,0x0,Player-4755-01733879,"Hocwar-Dreadmist",0x40514,0x0,29131,"Bloodrage",0x1,Player-4755-01733879,0000000000000000,80,100,0,0,0,-1,0,0,0,21.43,-188.33,0,2.6820,71,1.0000,0.0000,1,1000
4/28 18:50:41.282  SPELL_CAST_SUCCESS,Player-4755-01ED7A64,"Sperzieboon-Dreadmist",0x514,0x0,Player-4755-01637B0A,"Pindle-Dreadmist",0x514,0x0,9474,"Flash Heal",0x2,Player-4755-01ED7A64,0000000000000000,100,100,0,0,0,-1,0,0,0,21.71,-238.16,0,2.0064,67
4/28 18:50:41.298  SPELL_CAST_START,Player-4755-01B60A5F,"Zurok-Dreadmist",0x514,0x0,0000000000000000,nil,0x80000000,0x80000000,75,"Auto Shot",0x1
4/28 18:50:41.344  SPELL_CAST_START,Player-4755-015FEBD5,"Sauvage-Dreadmist",0x514,0x0,0000000000000000,nil,0x80000000,0x80000000,10181,"Frostbolt",0x10
4/28 18:50:41.381  SPELL_DAMAGE,Player-4755-0163DD9D,"Kaspais-Dreadmist",0x514,0x0,Creature-0-4457-249-1045-10184-000028665C,"Onyxia",0x10a48,0x0,10181,"Frostbolt",0x10,Creature-0-4457-249-1045-10184-000028665C,0000000000000000,45,100,0,0,0,-1,0,0,0,11.92,-180.18,0,2.3213,63,1838,835,-1,16,0,0,0,1,nil,nil
4/28 18:50:41.443  SPELL_AURA_REMOVED,Player-4755-0160BD13,"Mafkees-Dreadmist",0x514,0x0,Player-4755-0160BD13,"Mafkees-Dreadmist",0x514,0x0,10610,"Windfury Totem",0x8,BUFF
4/28 18:50:41.463  SPELL_AURA_APPLIED_DOSE,Player-4755-01802FE5,"Angrybat-Dreadmist",0x514,0x0,Creature-0-4457-249-1045-10184-000028665C,"Onyxia",0x10a48,0x0,12579,"Winter's Chill",0x10,DEBUFF,5
4/28 18:50:41.463  SPELL_HEAL,Player-4755-01ED7A64,"Sperzieboon-Dreadmist",0x514,0x0,Player-4755-01637B0A,"Pindle-Dreadmist",0x514,0x0,9474,"Flash Heal",0x2,Player-4755-01637B0A,0000000000000000,93,100,0,0,0,-1,0,0,0,12.48,-201.93,0,1.3523,65,721,721,0,0,nil
4/28 18:50:41.463  SPELL_CAST_SUCCESS,Player-4755-02045EF4,"Necrosini-Dreadmist",0x512,0x0,Player-4755-01FA8D0D,"Roackeru-Dreadmist",0x514,0x0,10929,"Renew",0x2,Player-4755-02045EF4,0000000000000000,100,100,0,0,0,-1,0,0,0,16.60,-226.52,0,2.9182,69
4/28 18:50:41.652  SPELL_CAST_SUCCESS,Player-4755-01FA8DD8,"Roackerita-Dreadmist",0x514,0x0,Player-4755-01617EEE,"Fenix-Dreadmist",0x512,0x0,6078,"Renew",0x2,Player-4755-01FA8DD8,0000000000000000,100,100,0,0,0,-1,0,0,0,11.81,-192.77,0,5.9626,69
4/28 18:50:41.669  SPELL_PERIODIC_DAMAGE,Player-4755-01614AC7,"Mirrimazduur-Dreadmist",0x512,0x0,Creature-0-4457-249-1045-10184-000028665C,"Onyxia",0x10a48,0x0,11672,"Corruption",0x20,Creature-0-4457-249-1045-10184-000028665C,0000000000000000,45,100,0,0,0,-1,0,0,0,11.92,-180.18,0,2.3213,63,207,188,-1,32,0,0,0,nil,nil,nil
4/28 18:50:41.669  SPELL_AURA_REMOVED,Player-4755-01614AC7,"Mirrimazduur-Dreadmist",0x512,0x0,Creature-0-4457-249-1045-10184-000028665C,"Onyxia",0x10a48,0x0,11672,"Corruption",0x20,DEBUFF
4/28 18:50:41.742  SPELL_CAST_SUCCESS,Player-4755-01BC57A3,"Saintis-Dreadmist",0x511,0x0,Player-4755-01733879,"Hocwar-Dreadmist",0x40514,0x0,9474,"Flash Heal",0x2,Player-4755-01BC57A3,0000000000000000,100,100,0,0,0,-1,0,0,0,19.93,-222.07,0,1.9216,68
4/28 18:50:41.742  SPELL_CAST_SUCCESS,Player-4755-01B60A5F,"Zurok-Dreadmist",0x514,0x0,Creature-0-4457-249-1045-10184-000028665C,"Onyxia",0x10a48,0x0,75,"Auto Shot",0x1,Player-4755-01B60A5F,0000000000000000,100,100,0,0,0,-1,0,0,0,32.60,-204.25,0,2.5507,62
4/28 18:50:41.798  SPELL_PERIODIC_HEAL,Player-4755-01FA8DD8,"Roackerita-Dreadmist",0x514,0x0,Player-4755-0220BD00,"Krikoff-Dreadmist",0x40514,0x0,6078,"Renew",0x2,Player-4755-0220BD00,0000000000000000,100,100,0,0,0,-1,0,0,0,11.25,-186.39,0,2.7685,68,236,236,236,0,nil
4/28 18:50:41.798  SPELL_CAST_START,Player-4755-0210153A,"Hapuseneb-Dreadmist",0x514,0x0,0000000000000000,nil,0x80000000,0x80000000,2053,"Lesser Heal",0x2
4/28 18:50:41.869  SPELL_AURA_APPLIED,Player-4755-02045EF4,"Necrosini-Dreadmist",0x512,0x0,Player-4755-01FA8D0D,"Roackeru-Dreadmist",0x514,0x0,10929,"Renew",0x2,BUFF
4/28 18:50:41.869  SPELL_AURA_APPLIED,Player-4755-01FA8DD8,"Roackerita-Dreadmist",0x514,0x0,Player-4755-01617EEE,"Fenix-Dreadmist",0x512,0x0,6078,"Renew",0x2,BUFF
4/28 18:50:41.869  SPELL_HEAL,Player-4755-01BC57A3,"Saintis-Dreadmist",0x511,0x0,Player-4755-01733879,"Hocwar-Dreadmist",0x40514,0x0,9474,"Flash Heal",0x2,Player-4755-01733879,0000000000000000,92,100,0,0,0,-1,0,0,0,21.90,-187.82,0,2.6331,71,741,741,0,0,nil
4/28 18:50:41.869  SPELL_CAST_SUCCESS,Player-4755-0178F576,"Atreas-Dreadmist",0x514,0x0,Creature-0-4457-249-1045-10184-000028665C,"Onyxia",0x10a48,0x0,20904,"Aimed Shot",0x1,Player-4755-0178F576,0000000000000000,100,100,0,0,0,-1,0,0,0,-30.18,-191.53,0,0.2635,66
4/28 18:50:41.869  SPELL_CAST_SUCCESS,Player-4755-01804B95,"Moymoy-Dreadmist",0x514,0x0,Player-4755-01733879,"Hocwar-Dreadmist",0x40514,0x0,939,"Healing Wave",0x8,Player-4755-01804B95,0000000000000000,100,100,0,0,0,-1,0,0,0,17.96,-232.62,0,4.5816,66
4/28 18:50:41.869  SPELL_HEAL,Player-4755-01614AC7,"Mirrimazduur-Dreadmist",0x512,0x0,Player-4755-01614AC7,"Mirrimazduur-Dreadmist",0x512,0x0,11732,"Major Healthstone",0x1,Player-4755-01614AC7,0000000000000000,72,100,0,0,0,-1,0,0,0,8.12,-176.09,0,4.6482,68,1200,1200,0,0,nil
4/28 18:50:41.869  SPELL_CAST_SUCCESS,Player-4755-01614AC7,"Mirrimazduur-Dreadmist",0x512,0x0,0000000000000000,nil,0x80000000,0x80000000,11732,"Major Healthstone",0x1,Player-4755-01614AC7,0000000000000000,72,100,0,0,0,-1,0,0,0,8.12,-176.09,0,4.6482,68
4/28 18:50:41.869  SPELL_CAST_START,Player-4755-01B60A5F,"Zurok-Dreadmist",0x514,0x0,0000000000000000,nil,0x80000000,0x80000000,14290,"Multi-Shot",0x1
4/28 18:50:41.911  SPELL_AURA_REMOVED,Player-4755-01804B95,"Moymoy-Dreadmist",0x514,0x0,Player-4755-016296D3,"Nivl-Dreadmist",0x514,0x0,16237,"Ancestral Fortitude",0x2,BUFF
4/28 18:50:41.977  SPELL_CAST_SUCCESS,Player-4755-01802FE5,"Angrybat-Dreadmist",0x514,0x0,Creature-0-4457-249-1045-10184-000028665C,"Onyxia",0x10a48,0x0,10181,"Frostbolt",0x10,Player-4755-01802FE5,0000000000000000,100,100,0,0,0,-1,0,0,0,-21.09,-197.29,0,0.3450,66
4/28 18:50:41.977  SPELL_CAST_START,Player-4755-01802FE5,"Angrybat-Dreadmist",0x514,0x0,0000000000000000,nil,0x80000000,0x80000000,10181,"Frostbolt",0x10
4/28 18:50:42.039  SPELL_CAST_SUCCESS,Creature-0-4457-249-1045-10184-000028665C,"Onyxia",0x10a48,0x0,Player-4755-01614AC7,"Mirrimazduur-Dreadmist",0x512,0x0,18392,"Fireball",0x4,Creature-0-4457-249-1045-10184-000028665C,0000000000000000,45,100,0,0,0,-1,0,0,0,11.92,-180.18,0,2.3213,63
4/28 18:50:42.068  SPELL_CAST_START,Creature-0-4457-249-1045-10184-000028665C,"Onyxia",0x10a48,0x0,0000000000000000,nil,0x80000000,0x80000000,18392,"Fireball",0x4
4/28 18:50:42.069  SPELL_DAMAGE,Player-4755-016296D3,"Nivl-Dreadmist",0x514,0x0,Creature-0-4457-249-1045-10184-000028665C,"Onyxia",0x10a48,0x0,15208,"Lightning Bolt",0x8,Creature-0-4457-249-1045-10184-000028665C,0000000000000000,45,100,0,0,0,-1,0,0,0,11.92,-180.18,0,3.3944,63,1148,573,-1,8,0,0,0,1,nil,nil
4/28 18:50:42.069  SPELL_CAST_START,Player-4755-0178F576,"Atreas-Dreadmist",0x514,0x0,0000000000000000,nil,0x80000000,0x80000000,14290,"Multi-Shot",0x1
4/28 18:50:42.120  SPELL_CAST_START,Player-4755-01BC57A3,"Saintis-Dreadmist",0x511,0x0,0000000000000000,nil,0x80000000,0x80000000,10917,"Flash Heal",0x2
4/28 18:50:42.173  SPELL_PERIODIC_ENERGIZE,Player-4755-01733879,"Hocwar-Dreadmist",0x40514,0x0,Player-4755-01733879,"Hocwar-Dreadmist",0x40514,0x0,29131,"Bloodrage",0x1,Player-4755-01733879,0000000000000000,92,100,0,0,0,-1,0,0,0,22.55,-188.18,0,2.6331,71,1.0000,0.0000,1,1000
4/28 18:50:42.265  SPELL_PERIODIC_ENERGIZE,Creature-0-4457-249-1045-7416-0000286CBA,"Mana Spring Totem IV",0x2114,0x0,Player-4755-01FA8DD8,"Roackerita-Dreadmist",0x514,0x0,10494,"Mana Spring",0x8,Player-4755-01FA8DD8,0000000000000000,100,100,0,0,0,-1,0,0,0,14.31,-193.60,0,5.9626,69,12.0000,0.0000,0,6736
4/28 18:50:42.265  SPELL_AURA_REMOVED,Player-4755-0178F576,"Atreas-Dreadmist",0x514,0x0,Player-4755-01AC9FD9,"Alexinho-Dreadmist",0x514,0x0,20906,"Trueshot Aura",0x40,BUFF
4/28 18:50:42.287  SPELL_HEAL,Player-4755-01804B95,"Moymoy-Dreadmist",0x514,0x0,Player-4755-01733879,"Hocwar-Dreadmist",0x40514,0x0,939,"Healing Wave",0x8,Player-4755-01733879,0000000000000000,100,100,0,0,0,-1,0,0,0,22.81,-188.32,0,2.6331,71,874,874,381,0,nil
4/28 18:50:42.287  SPELL_AURA_APPLIED,Player-4755-01804B95,"Moymoy-Dreadmist",0x514,0x0,Player-4755-01733879,"Hocwar-Dreadmist",0x40514,0x0,29203,"Healing Way",0x2,BUFF
4/28 18:50:42.288  SPELL_DAMAGE,Creature-0-4457-249-1045-10184-000028665C,"Onyxia",0x10a48,0x0,Player-4755-01614AC7,"Mirrimazduur-Dreadmist",0x512,0x0,18392,"Fireball",0x4,Player-4755-01614AC7,0000000000000000,29,100,0,0,0,-1,0,0,0,8.12,-176.09,0,4.6482,68,1841,1841,-1,4,0,0,0,nil,nil,nil
4/28 18:50:42.288  SPELL_DAMAGE,Creature-0-4457-249-1045-10184-000028665C,"Onyxia",0x10a48,0x0,Player-4755-01A6B139,"Sakatan-Dreadmist",0x514,0x0,18392,"Fireball",0x4,Player-4755-01A6B139,0000000000000000,47,100,0,0,0,-1,0,0,0,12.92,-174.71,0,3.8217,69,1874,1874,-1,4,0,0,0,nil,nil,nil
4/28 18:50:42.288  SPELL_DAMAGE,Creature-0-4457-249-1045-10184-000028665C,"Onyxia",0x10a48,0x0,Player-4755-01617EEE,"Fenix-Dreadmist",0x512,0x0,18392,"Fireball",0x4,Player-4755-01617EEE,0000000000000000,40,100,0,0,0,-1,0,0,0,12.73,-175.10,0,4.6842,66,1938,1978,-1,4,0,0,0,nil,nil,nil
4/28 18:50:42.305  SPELL_AURA_REMOVED,Player-4755-02045EF4,"Necrosini-Dreadmist",0x512,0x0,Player-4755-01804B95,"Moymoy-Dreadmist",0x514,0x0,10901,"Power Word: Shield",0x2,BUFF
4/28 18:50:42.321  SPELL_CAST_SUCCESS,Player-4755-01B60A5F,"Zurok-Dreadmist",0x514,0x0,Creature-0-4457-249-1045-10184-000028665C,"Onyxia",0x10a48,0x0,14290,"Multi-Shot",0x1,Player-4755-01B60A5F,0000000000000000,100,100,0,0,0,-1,0,0,0,32.60,-204.25,0,2.0951,62
4/28 18:50:42.500  SPELL_CAST_SUCCESS,Player-4755-016296D3,"Nivl-Dreadmist",0x514,0x0,Creature-0-4457-249-1045-10184-000028665C,"Onyxia",0x10a48,0x0,15208,"Lightning Bolt",0x8,Player-4755-016296D3,0000000000000000,100,100,0,0,0,-1,0,0,0,-13.47,-186.74,0,6.0844,69
4/28 18:50:42.500  SPELL_CAST_START,Player-4755-016296D3,"Nivl-Dreadmist",0x514,0x0,0000000000000000,nil,0x80000000,0x80000000,15208,"Lightning Bolt",0x8
4/28 18:50:42.500  SPELL_CAST_SUCCESS,Player-4755-0178F576,"Atreas-Dreadmist",0x514,0x0,Creature-0-4457-249-1045-10184-000028665C,"Onyxia",0x10a48,0x0,14290,"Multi-Shot",0x1,Player-4755-0178F576,0000000000000000,100,100,0,0,0,-1,0,0,0,-30.18,-191.53,0,0.2635,66
4/28 18:50:42.500  SPELL_CAST_SUCCESS,Player-4755-01A6B139,"Sakatan-Dreadmist",0x514,0x0,Creature-0-4457-249-1045-10184-000028665C,"Onyxia",0x10a48,0x0,11281,"Backstab",0x1,Player-4755-01A6B139,0000000000000000,47,100,0,0,0,-1,0,0,0,12.92,-174.71,0,3.8217,69
4/28 18:50:42.597  SPELL_PERIODIC_ENERGIZE,Creature-0-4457-249-1045-7416-0000286CC9,"Mana Spring Totem IV",0x2114,0x0,Player-4755-016296D3,"Nivl-Dreadmist",0x514,0x0,10494,"Mana Spring",0x8,Player-4755-016296D3,0000000000000000,100,100,0,0,0,-1,0,0,0,-13.47,-186.74,0,6.0844,69,10.0000,0.0000,0,5845
4/28 18:50:42.597  SPELL_PERIODIC_ENERGIZE,Creature-0-4457-249-1045-7416-0000286CC9,"Mana Spring Totem IV",0x2114,0x0,Player-4755-0178F576,"Atreas-Dreadmist",0x514,0x0,10494,"Mana Spring",0x8,Player-4755-0178F576,0000000000000000,100,100,0,0,0,-1,0,0,0,-30.18,-191.53,0,0.2635,66,10.0000,0.0000,0,3765
4/28 18:50:42.597  RANGE_DAMAGE,Player-4755-01B60A5F,"Zurok-Dreadmist",0x514,0x0,Creature-0-4457-249-1045-10184-000028665C,"Onyxia",0x10a48,0x0,75,"Auto Shot",0x1,Creature-0-4457-249-1045-10184-000028665C,0000000000000000,45,100,0,0,0,-1,0,0,0,11.92,-180.18,0,3.3944,63,322,407,-1,1,0,0,0,nil,nil,nil
4/28 18:50:42.663  SPELL_CAST_START,Player-4755-0178F576,"Atreas-Dreadmist",0x514,0x0,0000000000000000,nil,0x80000000,0x80000000,75,"Auto Shot",0x1
4/28 18:50:42.664  SPELL_CAST_SUCCESS,Pet-0-4457-249-1045-2850-01001956F9,"Kratos",0x1114,0x0,Creature-0-4457-249-1045-10184-000028665C,"Onyxia",0x10a48,0x0,17261,"Bite",0x1,Pet-0-4457-249-1045-2850-01001956F9,Player-4755-0178F576,68,100,0,0,0,-1,0,0,0,12.73,-194.44,0,1.6273,66
4/28 18:50:42.684  SPELL_DAMAGE,Player-4755-01A6B139,"Sakatan-Dreadmist",0x514,0x0,Creature-0-4457-249-1045-10184-000028665C,"Onyxia",0x10a48,0x0,11281,"Backstab",0x1,Creature-0-4457-249-1045-10184-000028665C,0000000000000000,45,100,0,0,0,-1,0,0,0,11.92,-180.18,0,3.3944,63,442,561,-1,1,0,0,0,nil,nil,nil
4/28 18:50:42.684  SPELL_DAMAGE,Pet-0-4457-249-1045-2850-01001956F9,"Kratos",0x1114,0x0,Creature-0-4457-249-1045-10184-000028665C,"Onyxia",0x10a48,0x0,17261,"Bite",0x1,Creature-0-4457-249-1045-10184-000028665C,0000000000000000,45,100,0,0,0,-1,0,0,0,11.92,-180.18,0,3.3944,63,128,161,-1,1,0,0,0,nil,nil,nil
4/28 18:50:42.704  SPELL_CAST_SUCCESS,Player-4755-01FA8D0D,"Roackeru-Dreadmist",0x514,0x0,Creature-0-4457-249-1045-10184-000028665C,"Onyxia",0x10a48,0x0,11661,"Shadow Bolt",0x20,Player-4755-01FA8D0D,0000000000000000,82,100,0,0,0,-1,0,0,0,29.89,-232.68,0,2.1794,65
4/28 18:50:42.704  SPELL_CAST_START,Player-4755-01FA8D0D,"Roackeru-Dreadmist",0x514,0x0,0000000000000000,nil,0x80000000,0x80000000,11661,"Shadow Bolt",0x20
4/28 18:50:42.704  SPELL_MISSED,Creature-0-4457-249-1045-2630-0000286CD4,"Earthbind Totem",0x2114,0x0,Creature-0-4457-249-1045-10184-000028665C,"Onyxia",0x10a48,0x0,3600,"Earthbind",0x8,IMMUNE,nil
4/28 18:50:42.773  SPELL_PERIODIC_ENERGIZE,Player-4755-01802FE5,"Angrybat-Dreadmist",0x514,0x0,Player-4755-01802FE5,"Angrybat-Dreadmist",0x514,0x0,18194,"Mana Regeneration",0x1,Player-4755-01802FE5,0000000000000000,100,100,0,0,0,-1,0,0,0,-21.09,-197.29,0,0.3450,66,8.0000,0.0000,0,6033
4/28 18:50:42.790  SPELL_PERIODIC_ENERGIZE,Creature-0-4457-249-1045-7416-0000286CBA,"Mana Spring Totem IV",0x2114,0x0,Player-4755-015FEBD5,"Sauvage-Dreadmist",0x514,0x0,10494,"Mana Spring",0x8,Player-4755-015FEBD5,0000000000000000,100,100,0,0,0,-1,0,0,0,-0.69,-185.74,0,0.6691,64,12.0000,0.0000,0,6158
4/28 18:50:42.805  SPELL_CAST_SUCCESS,Player-4755-0163DD9D,"Kaspais-Dreadmist",0x514,0x0,Creature-0-4457-249-1045-10184-000028665C,"Onyxia",0x10a48,0x0,10181,"Frostbolt",0x10,Player-4755-0163DD9D,0000000000000000,100,100,0,0,0,-1,0,0,0,-21.59,-193.96,0,0.2488,66
4/28 18:50:42.805  SPELL_CAST_START,Player-4755-0163DD9D,"Kaspais-Dreadmist",0x514,0x0,0000000000000000,nil,0x80000000,0x80000000,10181,"Frostbolt",0x10
4/28 18:50:42.852  SPELL_CAST_SUCCESS,Player-4755-01F36B30,"Rectumqeef-Dreadmist",0x514,0x0,Creature-0-4457-249-1045-10184-000028665C,"Onyxia",0x10a48,0x0,11661,"Shadow Bolt",0x20,Player-4755-01F36B30,0000000000000000,100,100,0,0,0,-1,0,0,0,32.65,-224.05,0,2.2269,66
4/28 18:50:42.869  SPELL_DAMAGE,Player-4755-01F36B30,"Rectumqeef-Dreadmist",0x514,0x0,Creature-0-4457-249-1045-10184-000028665C,"Onyxia",0x10a48,0x0,11661,"Shadow Bolt",0x20,Creature-0-4457-249-1045-10184-000028665C,0000000000000000,45,100,0,0,0,-1,0,0,0,11.92,-180.18,0,3.3944,63,803,972,-1,32,243,0,0,nil,nil,nil
4/28 18:50:42.959  SPELL_CAST_SUCCESS,Player-4755-01E83279,"Nlmasters-Dreadmist",0x514,0x8,Creature-0-4457-249-1045-10184-000028665C,"Onyxia",0x10a48,0x0,20904,"Aimed Shot",0x1,Player-4755-01E83279,0000000000000000,100,100,0,0,0,-1,0,0,0,-31.13,-202.91,0,0.4858,70
4/28 18:50:43.022  SPELL_PERIODIC_HEAL,Player-4755-02045EF4,"Necrosini-Dreadmist",0x512,0x0,Player-4755-01614AC7,"Mirrimazduur-Dreadmist",0x512,0x0,10929,"Renew",0x2,Player-4755-01614AC7,0000000000000000,35,100,0,0,0,-1,0,0,0,7.95,-174.14,0,4.6482,68,253,253,0,0,nil
4/28 18:50:43.022  SPELL_CAST_START,Player-4755-01614AC7,"Mirrimazduur-Dreadmist",0x512,0x0,0000000000000000,nil,0x80000000,0x80000000,11661,"Shadow Bolt",0x20
4/28 18:50:43.055  SPELL_DAMAGE,Player-4755-01FA8D0D,"Roackeru-Dreadmist",0x514,0x0,Creature-0-4457-249-1045-10184-000028665C,"Onyxia",0x10a48,0x0,11661,"Shadow Bolt",0x20,Creature-0-4457-249-1045-10184-000028665C,0000000000000000,45,100,0,0,0,-1,0,0,0,11.92,-180.18,0,3.3944,63,957,869,-1,32,0,0,0,nil,nil,nil
4/28 18:50:43.055  SPELL_DAMAGE,Player-4755-0178F576,"Atreas-Dreadmist",0x514,0x0,Creature-0-4457-249-1045-10184-000028665C,"Onyxia",0x10a48,0x0,20904,"Aimed Shot",0x1,Creature-0-4457-249-1045-10184-000028665C,0000000000000000,44,100,0,0,0,-1,0,0,0,11.92,-180.18,0,3.3944,63,860,1091,-1,1,0,0,0,nil,nil,nil
4/28 18:50:43.111  SPELL_CAST_SUCCESS,Player-4755-0178F576,"Atreas-Dreadmist",0x514,0x0,Creature-0-4457-249-1045-10184-000028665C,"Onyxia",0x10a48,0x0,75,"Auto Shot",0x1,Player-4755-0178F576,0000000000000000,100,100,0,0,0,-1,0,0,0,-30.18,-191.53,0,0.2635,66
4/28 18:50:43.111  SPELL_AURA_REMOVED,Player-4755-01BC57A3,"Saintis-Dreadmist",0x511,0x0,Pet-0-4457-249-1045-7432-01002D8BC6,"Cat",0x1114,0x0,15359,"Inspiration",0x2,BUFF
4/28 18:50:43.197  SPELL_PERIODIC_ENERGIZE,Player-4755-01733879,"Hocwar-Dreadmist",0x40514,0x0,Player-4755-01733879,"Hocwar-Dreadmist",0x40514,0x0,29131,"Bloodrage",0x1,Player-4755-01733879,0000000000000000,100,100,0,0,0,-1,0,0,0,24.15,-191.51,0,2.6331,71,1.0000,0.0000,1,1000
4/28 18:50:43.228  SPELL_CAST_START,Player-4755-01E83279,"Nlmasters-Dreadmist",0x514,0x8,0000000000000000,nil,0x80000000,0x80000000,75,"Auto Shot",0x1
4/28 18:50:43.259  SPELL_PERIODIC_HEAL,Player-4755-01FA8DD8,"Roackerita-Dreadmist",0x514,0x0,Player-4755-01733879,"Hocwar-Dreadmist",0x40514,0x0,6078,"Renew",0x2,Player-4755-01733879,0000000000000000,100,100,0,0,0,-1,0,0,0,24.24,-191.81,0,2.6331,71,235,235,235,0,nil
4/28 18:50:43.396  SPELL_CAST_START,Player-4755-01FA8DD8,"Roackerita-Dreadmist",0x514,0x0,0000000000000000,nil,0x80000000,0x80000000,2055,"Heal",0x2
4/28 18:50:43.427  SPELL_PERIODIC_HEAL,Player-4755-01FA8DD8,"Roackerita-Dreadmist",0x514,0x0,Player-4755-01F21AE6,"Blahu-Dreadmist",0x40514,0x0,6078,"Renew",0x2,Player-4755-01F21AE6,0000000000000000,97,100,0,0,0,-1,0,0,0,-34.08,-214.34,0,1.1405,70,236,236,0,0,nil
4/28 18:50:43.472  SPELL_DAMAGE,Player-4755-01802FE5,"Angrybat-Dreadmist",0x514,0x0,Creature-0-4457-249-1045-10184-000028665C,"Onyxia",0x10a48,0x0,10181,"Frostbolt",0x10,Creature-0-4457-249-1045-10184-000028665C,0000000000000000,44,100,0,0,0,-1,0,0,0,11.92,-180.18,0,3.3944,63,948,862,-1,16,0,0,0,nil,nil,nil
4/28 18:50:43.488  SPELL_DAMAGE,Player-4755-01B60A5F,"Zurok-Dreadmist",0x514,0x0,Creature-0-4457-249-1045-10184-000028665C,"Onyxia",0x10a48,0x0,14290,"Multi-Shot",0x1,Creature-0-4457-249-1045-10184-000028665C,0000000000000000,44,100,0,0,0,-1,0,0,0,11.92,-180.18,0,3.3944,63,516,655,-1,1,0,0,0,nil,nil,nil
4/28 18:50:43.488  SPELL_CAST_SUCCESS,Pet-0-4457-249-1045-7456-03003178E8,"Owl",0x1114,0x0,Creature-0-4457-249-1045-10184-000028665C,"Onyxia",0x10a48,0x0,24579,"Screech",0x1,Pet-0-4457-249-1045-7456-03003178E8,Player-4755-01B60A5F,100,100,0,0,0,-1,0,0,0,22.58,-197.06,0,2.1338,62
4/28 18:50:43.488  SPELL_MISSED,Pet-0-4457-249-1045-7456-03003178E8,"Owl",0x1114,0x0,Creature-0-4457-249-1045-10184-000028665C,"Onyxia",0x10a48,0x0,24579,"Screech",0x1,MISS,nil
4/28 18:50:43.523  SPELL_AURA_REMOVED,Player-4755-01804B95,"Moymoy-Dreadmist",0x514,0x0,Player-4755-020BD78D,"Lonehunter-Dreadmist",0x514,0x0,29203,"Healing Way",0x2,BUFF
4/28 18:50:43.541  SPELL_CAST_SUCCESS,Player-4755-01BC57A3,"Saintis-Dreadmist",0x511,0x0,Pet-0-4457-249-1045-7432-01002D8BC6,"Cat",0x1114,0x0,10917,"Flash Heal",0x2,Player-4755-01BC57A3,0000000000000000,100,100,0,0,0,-1,0,0,0,19.93,-222.07,0,1.9216,68
4/28 18:50:43.558  SPELL_CAST_SUCCESS,Player-4755-020BD78D,"Lonehunter-Dreadmist",0x514,0x0,Creature-0-4457-249-1045-10184-000028665C,"Onyxia",0x10a48,0x0,20904,"Aimed Shot",0x1,Player-4755-020BD78D,0000000000000000,100,100,0,0,0,-1,0,0,0,26.72,-218.56,0,1.9377,70
4/28 18:50:43.558  SPELL_CAST_START,Player-4755-020BD78D,"Lonehunter-Dreadmist",0x514,0x0,0000000000000000,nil,0x80000000,0x80000000,14290,"Multi-Shot",0x1
4/28 18:50:43.599  SPELL_CAST_START,Player-4755-01BC57A3,"Saintis-Dreadmist",0x511,0x0,0000000000000000,nil,0x80000000,0x80000000,6063,"Heal",0x2
4/28 18:50:43.680  SPELL_CAST_SUCCESS,Player-4755-01E83279,"Nlmasters-Dreadmist",0x514,0x8,Creature-0-4457-249-1045-10184-000028665C,"Onyxia",0x10a48,0x0,75,"Auto Shot",0x1,Player-4755-01E83279,0000000000000000,100,100,0,0,0,-1,0,0,0,-31.13,-202.91,0,0.4858,70
4/28 18:50:43.699  SPELL_CAST_SUCCESS,Player-4755-01617EEE,"Fenix-Dreadmist",0x512,0x0,Player-4755-01733879,"Hocwar-Dreadmist",0x40514,0x0,6064,"Heal",0x2,Player-4755-01617EEE,0000000000000000,40,100,0,0,0,-1,0,0,0,12.73,-175.10,0,4.6842,66
4/28 18:50:43.718  SPELL_CAST_START,Player-4755-01804B95,"Moymoy-Dreadmist",0x514,0x0,0000000000000000,nil,0x80000000,0x80000000,939,"Healing Wave",0x8
4/28 18:50:43.777  SPELL_CAST_START,Player-4755-01B60A5F,"Zurok-Dreadmist",0x514,0x0,0000000000000000,nil,0x80000000,0x80000000,75,"Auto Shot",0x1
4/28 18:50:43.826  SPELL_PERIODIC_HEAL,Player-4755-0210153A,"Hapuseneb-Dreadmist",0x514,0x0,Player-4755-01F36B30,"Rectumqeef-Dreadmist",0x514,0x0,10929,"Renew",0x2,Player-4755-01F36B30,0000000000000000,100,100,0,0,0,-1,0,0,0,32.65,-224.05,0,2.2269,66,293,293,293,0,nil
4/28 18:50:43.840  SPELL_CAST_SUCCESS,Player-4755-015FEBD5,"Sauvage-Dreadmist",0x514,0x0,Creature-0-4457-249-1045-10184-000028665C,"Onyxia",0x10a48,0x0,10181,"Frostbolt",0x10,Player-4755-015FEBD5,0000000000000000,100,100,0,0,0,-1,0,0,0,-0.69,-185.74,0,0.6691,64
4/28 18:50:43.893  SPELL_HEAL,Player-4755-01BC57A3,"Saintis-Dreadmist",0x511,0x0,Pet-0-4457-249-1045-7432-01002D8BC6,"Cat",0x1114,0x0,10917,"Flash Heal",0x2,Pet-0-4457-249-1045-7432-01002D8BC6,Player-4755-01E83279,88,100,0,0,0,-1,0,0,0,13.21,-197.18,0,1.7565,70,1212,1212,0,0,nil
4/28 18:50:43.893  SPELL_HEAL,Player-4755-01617EEE,"Fenix-Dreadmist",0x512,0x0,Player-4755-01733879,"Hocwar-Dreadmist",0x40514,0x0,6064,"Heal",0x2,Player-4755-01733879,0000000000000000,100,100,0,0,0,-1,0,0,0,22.45,-193.71,0,2.5789,71,1455,1455,1455,0,nil
4/28 18:50:43.893  SPELL_CAST_START,Player-4755-015FEBD5,"Sauvage-Dreadmist",0x514,0x0,0000000000000000,nil,0x80000000,0x80000000,10181,"Frostbolt",0x10
4/28 18:50:43.984  SPELL_CAST_SUCCESS,Player-4755-020BD78D,"Lonehunter-Dreadmist",0x514,0x0,Creature-0-4457-249-1045-10184-000028665C,"Onyxia",0x10a48,0x0,14290,"Multi-Shot",0x1,Player-4755-020BD78D,0000000000000000,100,100,0,0,0,-1,0,0,0,26.72,-218.56,0,1.9377,70
4/28 18:50:44.001  SPELL_CAST_SUCCESS,Player-4755-01AC9FD9,"Alexinho-Dreadmist",0x514,0x0,Creature-0-4457-249-1045-10184-000028665C,"Onyxia",0x10a48,0x0,11294,"Sinister Strike",0x1,Player-4755-01AC9FD9,0000000000000000,100,100,0,0,0,-1,0,0,0,24.14,-198.51,0,1.5405,66
4/28 18:50:44.068  SPELL_DAMAGE,Player-4755-016296D3,"Nivl-Dreadmist",0x514,0x0,Creature-0-4457-249-1045-10184-000028665C,"Onyxia",0x10a48,0x0,15208,"Lightning Bolt",0x8,Creature-0-4457-249-1045-10184-000028665C,0000000000000000,44,100,0,0,0,-1,0,0,0,11.92,-180.18,0,3.3944,63,421,560,-1,8,140,0,0,nil,nil,nil
4/28 18:50:44.085  SPELL_PERIODIC_DAMAGE,Player-4755-01F36B30,"Rectumqeef-Dreadmist",0x514,0x0,Creature-0-4457-249-1045-10184-000028665C,"Onyxia",0x10a48,0x0,11672,"Corruption",0x20,Creature-0-4457-249-1045-10184-000028665C,0000000000000000,44,100,0,0,0,-1,0,0,0,11.92,-180.18,0,3.3944,63,224,203,-1,32,0,0,0,nil,nil,nil
4/28 18:50:44.085  SPELL_AURA_REMOVED,Player-4755-01F36B30,"Rectumqeef-Dreadmist",0x514,0x0,Creature-0-4457-249-1045-10184-000028665C,"Onyxia",0x10a48,0x0,11672,"Corruption",0x20,DEBUFF
4/28 18:50:44.085  SPELL_DAMAGE,Player-4755-0178F576,"Atreas-Dreadmist",0x514,0x0,Creature-0-4457-249-1045-10184-000028665C,"Onyxia",0x10a48,0x0,14290,"Multi-Shot",0x1,Creature-0-4457-249-1045-10184-000028665C,0000000000000000,44,100,0,0,0,-1,0,0,0,11.92,-180.18,0,3.3944,63,1536,819,-1,1,0,0,0,1,nil,nil
4/28 18:50:44.105  SPELL_PERIODIC_ENERGIZE,Player-4755-01BC57A3,"Saintis-Dreadmist",0x511,0x0,Player-4755-01BC57A3,"Saintis-Dreadmist",0x511,0x0,18194,"Mana Regeneration",0x1,Player-4755-01BC57A3,0000000000000000,100,100,0,0,0,-1,0,0,0,19.93,-222.07,0,1.9216,68,8.0000,0.0000,0,7212
4/28 18:50:44.172  SPELL_PERIODIC_ENERGIZE,Player-4755-01733879,"Hocwar-Dreadmist",0x40514,0x0,Player-4755-01733879,"Hocwar-Dreadmist",0x40514,0x0,29131,"Bloodrage",0x1,Player-4755-01733879,0000000000000000,100,100,0,0,0,-1,0,0,0,20.61,-192.46,0,2.5507,71,1.0000,0.0000,1,1000
4/28 18:50:44.172  SPELL_AURA_REMOVED,Player-4755-01733879,"Hocwar-Dreadmist",0x40514,0x0,Player-4755-01733879,"Hocwar-Dreadmist",0x40514,0x0,29131,"Bloodrage",0x1,BUFF
4/28 18:50:44.229  SPELL_CAST_SUCCESS,Player-4755-01B60A5F,"Zurok-Dreadmist",0x514,0x0,Creature-0-4457-249-1045-10184-000028665C,"Onyxia",0x10a48,0x0,75,"Auto Shot",0x1,Player-4755-01B60A5F,0000000000000000,100,100,0,0,0,-1,0,0,0,32.60,-204.25,0,2.1501,62
4/28 18:50:44.250  SPELL_CAST_START,Player-4755-01F36B30,"Rectumqeef-Dreadmist",0x514,0x0,0000000000000000,nil,0x80000000,0x80000000,11672,"Corruption",0x20
4/28 18:50:44.250  SPELL_CAST_SUCCESS,Player-4755-01F36B30,"Rectumqeef-Dreadmist",0x514,0x0,Creature-0-4457-249-1045-10184-000028665C,"Onyxia",0x10a48,0x0,11672,"Corruption",0x20,Player-4755-01F36B30,0000000000000000,100,100,0,0,0,-1,0,0,0,32.65,-224.05,0,2.2387,66
4/28 18:50:44.271  SPELL_DAMAGE,Player-4755-01E83279,"Nlmasters-Dreadmist",0x514,0x8,Creature-0-4457-249-1045-10184-000028665C,"Onyxia",0x10a48,0x0,20904,"Aimed Shot",0x1,Creature-0-4457-249-1045-10184-000028665C,0000000000000000,44,100,0,0,0,-1,0,0,0,11.92,-180.18,0,3.3944,63,1757,995,-1,1,0,0,0,1,nil,nil
4/28 18:50:44.271  SPELL_PERIODIC_ENERGIZE,Creature-0-4457-249-1045-7416-0000286CBA,"Mana Spring Totem IV",0x2114,0x0,Player-4755-01FA8DD8,"Roackerita-Dreadmist",0x514,0x0,10494,"Mana Spring",0x8,Player-4755-01FA8DD8,0000000000000000,100,100,0,0,0,-1,0,0,0,16.26,-194.25,0,3.7949,69,13.0000,0.0000,0,6736
4/28 18:50:44.271  SPELL_DAMAGE,Player-4755-0163DD9D,"Kaspais-Dreadmist",0x514,0x0,Creature-0-4457-249-1045-10184-000028665C,"Onyxia",0x10a48,0x0,10181,"Frostbolt",0x10,Creature-0-4457-249-1045-10184-000028665C,0000000000000000,44,100,0,0,0,-1,0,0,0,11.92,-180.18,0,3.3944,63,924,839,-1,16,0,0,0,nil,nil,nil
4/28 18:50:44.296  SPELL_DAMAGE,Player-4755-01AC9FD9,"Alexinho-Dreadmist",0x514,0x0,Creature-0-4457-249-1045-10184-000028665C,"Onyxia",0x10a48,0x0,11294,"Sinister Strike",0x1,Creature-0-4457-249-1045-10184-000028665C,0000000000000000,44,100,0,0,0,-1,0,0,0,11.92,-180.18,0,3.3944,63,334,423,-1,1,0,0,0,nil,nil,nil
4/28 18:50:44.296  SPELL_AURA_APPLIED,Player-4755-01F36B30,"Rectumqeef-Dreadmist",0x514,0x0,Creature-0-4457-249-1045-10184-000028665C,"Onyxia",0x10a48,0x0,11672,"Corruption",0x20,DEBUFF
4/28 18:50:44.296  RANGE_DAMAGE,Player-4755-0178F576,"Atreas-Dreadmist",0x514,0x0,Creature-0-4457-249-1045-10184-000028665C,"Onyxia",0x10a48,0x0,75,"Auto Shot",0x1,Creature-0-4457-249-1045-10184-000028665C,0000000000000000,44,100,0,0,0,-1,0,0,0,11.92,-180.18,0,3.3944,63,388,492,-1,1,0,0,0,nil,nil,nil
4/28 18:50:44.400  SPELL_CAST_START,Player-4755-020BD78D,"Lonehunter-Dreadmist",0x514,0x0,0000000000000000,nil,0x80000000,0x80000000,75,"Auto Shot",0x1
4/28 18:50:44.400  SPELL_CAST_START,Player-4755-01617EEE,"Fenix-Dreadmist",0x512,0x0,0000000000000000,nil,0x80000000,0x80000000,10916,"Flash Heal",0x2
4/28 18:50:44.416  SPELL_AURA_REMOVED,Player-4755-01FA8DD8,"Roackerita-Dreadmist",0x514,0x0,Player-4755-01733879,"Hocwar-Dreadmist",0x40514,0x0,6078,"Renew",0x2,BUFF
4/28 18:50:44.432  SPELL_CAST_SUCCESS,Player-4755-0178F416,"Eltorero-Dreadmist",0x514,0x0,Creature-0-4457-249-1045-10184-000028665C,"Onyxia",0x10a48,0x0,11597,"Sunder Armor",0x1,Player-4755-0178F416,0000000000000000,88,100,0,0,0,-1,0,0,0,7.91,-194.43,0,1.1102,67
4/28 18:50:44.477  SPELL_CAST_SUCCESS,Player-4755-01802FE5,"Angrybat-Dreadmist",0x514,0x0,Creature-0-4457-249-1045-10184-000028665C,"Onyxia",0x10a48,0x0,10181,"Frostbolt",0x10,Player-4755-01802FE5,0000000000000000,100,100,0,0,0,-1,0,0,0,-21.09,-197.29,0,0.3450,66
4/28 18:50:44.477  SPELL_CAST_START,Player-4755-01802FE5,"Angrybat-Dreadmist",0x514,0x0,0000000000000000,nil,0x80000000,0x80000000,10181,"Frostbolt",0x10
4/28 18:50:44.509  SPELL_CAST_SUCCESS,Player-4755-016296D3,"Nivl-Dreadmist",0x514,0x0,Creature-0-4457-249-1045-10184-000028665C,"Onyxia",0x10a48,0x0,15208,"Lightning Bolt",0x8,Player-4755-016296D3,0000000000000000,100,100,0,0,0,-1,0,0,0,-13.47,-186.74,0,6.0844,69
4/28 18:50:44.509  SPELL_AURA_APPLIED,Player-4755-016296D3,"Nivl-Dreadmist",0x514,0x0,Player-4755-016296D3,"Nivl-Dreadmist",0x514,0x0,16246,"Clearcasting",0x40,BUFF
4/28 18:50:44.509  SPELL_CAST_START,Player-4755-016296D3,"Nivl-Dreadmist",0x514,0x0,0000000000000000,nil,0x80000000,0x80000000,15208,"Lightning Bolt",0x8
4/28 18:50:44.599  SPELL_PERIODIC_ENERGIZE,Creature-0-4457-249-1045-7416-0000286CC9,"Mana Spring Totem IV",0x2114,0x0,Player-4755-0178F576,"Atreas-Dreadmist",0x514,0x0,10494,"Mana Spring",0x8,Player-4755-0178F576,0000000000000000,100,100,0,0,0,-1,0,0,0,-30.18,-191.53,0,0.2635,66,10.0000,0.0000,0,3765
4/28 18:50:44.599  SPELL_PERIODIC_ENERGIZE,Creature-0-4457-249-1045-7416-0000286CC9,"Mana Spring Totem IV",0x2114,0x0,Player-4755-016296D3,"Nivl-Dreadmist",0x514,0x0,10494,"Mana Spring",0x8,Player-4755-016296D3,0000000000000000,100,100,0,0,0,-1,0,0,0,-13.47,-186.74,0,6.0844,69,10.0000,0.0000,0,5845
4/28 18:50:44.614  SPELL_DAMAGE,Player-4755-015FEBD5,"Sauvage-Dreadmist",0x514,0x0,Creature-0-4457-249-1045-10184-000028665C,"Onyxia",0x10a48,0x0,10181,"Frostbolt",0x10,Creature-0-4457-249-1045-10184-000028665C,0000000000000000,44,100,0,0,0,-1,0,0,0,11.92,-180.18,0,3.3944,63,918,834,-1,16,0,0,0,nil,nil,nil
4/28 18:50:44.657  SPELL_DAMAGE,Player-4755-020BD78D,"Lonehunter-Dreadmist",0x514,0x0,Creature-0-4457-249-1045-10184-000028665C,"Onyxia",0x10a48,0x0,20904,"Aimed Shot",0x1,Creature-0-4457-249-1045-10184-000028665C,0000000000000000,44,100,0,0,0,-1,0,0,0,11.92,-180.18,0,3.3944,63,875,1111,-1,1,0,0,0,nil,nil,nil
4/28 18:50:44.712  SPELL_AURA_APPLIED,Player-4755-0178F576,"Atreas-Dreadmist",0x514,0x0,Player-4755-0178F416,"Eltorero-Dreadmist",0x514,0x0,20906,"Trueshot Aura",0x40,BUFF
4/28 18:50:44.712  SPELL_AURA_APPLIED,Player-4755-01B60A5F,"Zurok-Dreadmist",0x514,0x0,Player-4755-016DF694,"Ashalan-Dreadmist",0x514,0x0,20906,"Trueshot Aura",0x40,BUFF
4/28 18:50:44.800  SPELL_PERIODIC_HEAL,Player-4755-01FA8DD8,"Roackerita-Dreadmist",0x514,0x0,Player-4755-0220BD00,"Krikoff-Dreadmist",0x40514,0x0,6078,"Renew",0x2,Player-4755-0220BD00,0000000000000000,100,100,0,0,0,-1,0,0,0,13.48,-172.19,0,1.4059,68,236,236,236,0,nil
4/28 18:50:44.800  SPELL_PERIODIC_ENERGIZE,Creature-0-4457-249-1045-7416-0000286CBA,"Mana Spring Totem IV",0x2114,0x0,Player-4755-015FEBD5,"Sauvage-Dreadmist",0x514,0x0,10494,"Mana Spring",0x8,Player-4755-015FEBD5,0000000000000000,100,100,0,0,0,-1,0,0,0,-0.69,-185.74,0,0.6691,64,12.0000,0.0000,0,6158
4/28 18:50:44.831  SPELL_CAST_SUCCESS,Player-4755-020BD78D,"Lonehunter-Dreadmist",0x514,0x0,Creature-0-4457-249-1045-10184-000028665C,"Onyxia",0x10a48,0x0,75,"Auto Shot",0x1,Player-4755-020BD78D,0000000000000000,100,100,0,0,0,-1,0,0,0,26.72,-218.56,0,1.9897,70
4/28 18:50:44.862  SPELL_PERIODIC_HEAL,Player-4755-02045EF4,"Necrosini-Dreadmist",0x512,0x0,Player-4755-01FA8D0D,"Roackeru-Dreadmist",0x514,0x0,10929,"Renew",0x2,Player-4755-01FA8D0D,0000000000000000,86,100,0,0,0,-1,0,0,0,29.89,-232.68,0,2.1794,65,253,253,0,0,nil
4/28 18:50:44.862  SPELL_PERIODIC_HEAL,Player-4755-01FA8DD8,"Roackerita-Dreadmist",0x514,0x0,Player-4755-01617EEE,"Fenix-Dreadmist",0x512,0x0,6078,"Renew",0x2,Player-4755-01617EEE,0000000000000000,46,100,0,0,0,-1,0,0,0,12.73,-175.10,0,4.6842,66,236,236,0,0,nil
4/28 18:50:44.909  SPELL_CAST_SUCCESS,Player-4755-01637B0A,"Pindle-Dreadmist",0x514,0x0,Creature-0-4457-249-1045-10184-000028665C,"Onyxia",0x10a48,0x0,11303,"Feint",0x1,Player-4755-01637B0A,0000000000000000,93,100,0,0,0,-1,0,0,0,12.31,-201.91,0,1.9610,65
4/28 18:50:44.959  RANGE_DAMAGE,Player-4755-01E83279,"Nlmasters-Dreadmist",0x514,0x8,Creature-0-4457-249-1045-10184-000028665C,"Onyxia",0x10a48,0x0,75,"Auto Shot",0x1,Creature-0-4457-249-1045-10184-000028665C,0000000000000000,44,100,0,0,0,-1,0,0,0,11.92,-180.18,0,3.3944,63,713,403,-1,1,0,0,0,1,nil,nil
4/28 18:50:45.011  SPELL_AURA_REMOVED,Player-4755-0160BD13,"Mafkees-Dreadmist",0x514,0x0,Player-4755-0160BD13,"Mafkees-Dreadmist",0x514,0x0,23888,"Bloodthirst",0x1,BUFF
4/28 18:50:45.028  SPELL_CAST_SUCCESS,Player-4755-01AC9FD9,"Alexinho-Dreadmist",0x514,0x0,Creature-0-4457-249-1045-10184-000028665C,"Onyxia",0x10a48,0x0,11294,"Sinister Strike",0x1,Player-4755-01AC9FD9,0000000000000000,100,100,0,0,0,-1,0,0,0,24.04,-195.90,0,2.2992,66
4/28 18:50:45.075  SPELL_CAST_SUCCESS,Creature-0-4457-249-1045-10184-000028665C,"Onyxia",0x10a48,0x0,Player-4755-016296D3,"Nivl-Dreadmist",0x514,0x0,18392,"Fireball",0x4,Creature-0-4457-249-1045-10184-000028665C,0000000000000000,44,100,0,0,0,-1,0,0,0,11.92,-180.18,0,3.3944,63
4/28 18:50:45.091  RANGE_DAMAGE,Player-4755-01B60A5F,"Zurok-Dreadmist",0x514,0x0,Creature-0-4457-249-1045-10184-000028665C,"Onyxia",0x10a48,0x0,75,"Auto Shot",0x1,Creature-0-4457-249-1045-10184-000028665C,0000000000000000,44,100,0,0,0,-1,0,0,0,11.92,-180.18,0,3.3944,63,741,395,-1,1,0,0,0,1,nil,nil
4/28 18:50:45.108  SPELL_CAST_SUCCESS,Pet-0-4457-249-1045-7432-01002D8BC6,"Cat",0x1114,0x0,Creature-0-4457-249-1045-10184-000028665C,"Onyxia",0x10a48,0x0,3009,"Claw",0x1,Pet-0-4457-249-1045-7432-01002D8BC6,Player-4755-01E83279,88,100,0,0,0,-1,0,0,0,13.21,-197.18,0,1.7565,70
4/28 18:50:45.108  SPELL_CAST_SUCCESS,Pet-0-4457-249-1045-7456-03003178E8,"Owl",0x1114,0x0,Creature-0-4457-249-1045-10184-000028665C,"Onyxia",0x10a48,0x0,24579,"Screech",0x1,Pet-0-4457-249-1045-7456-03003178E8,Player-4755-01B60A5F,100,100,0,0,0,-1,0,0,0,22.58,-197.06,0,2.1338,62
4/28 18:50:45.108  SPELL_DAMAGE,Player-4755-01AC9FD9,"Alexinho-Dreadmist",0x514,0x0,Creature-0-4457-249-1045-10184-000028665C,"Onyxia",0x10a48,0x0,11294,"Sinister Strike",0x1,Creature-0-4457-249-1045-10184-000028665C,0000000000000000,44,100,0,0,0,-1,0,0,0,11.92,-180.18,0,3.3944,63,330,418,-1,1,0,0,0,nil,nil,nil
4/28 18:50:45.108  SPELL_DAMAGE,Pet-0-4457-249-1045-7432-01002D8BC6,"Cat",0x1114,0x0,Creature-0-4457-249-1045-10184-000028665C,"Onyxia",0x10a48,0x0,3009,"Claw",0x1,Creature-0-4457-249-1045-10184-000028665C,0000000000000000,44,100,0,0,0,-1,0,0,0,11.92,-180.18,0,3.3944,63,130,82,-1,1,0,0,0,1,nil,nil
4/28 18:50:45.108  SPELL_DAMAGE,Pet-0-4457-249-1045-7456-03003178E8,"Owl",0x1114,0x0,Creature-0-4457-249-1045-10184-000028665C,"Onyxia",0x10a48,0x0,24579,"Screech",0x1,Creature-0-4457-249-1045-10184-000028665C,0000000000000000,44,100,0,0,0,-1,0,0,0,11.92,-180.18,0,3.3944,63,32,40,-1,1,0,0,0,nil,nil,nil
4/28 18:50:45.108  SPELL_AURA_APPLIED,Pet-0-4457-249-1045-7456-03003178E8,"Owl",0x1114,0x0,Creature-0-4457-249-1045-10184-000028665C,"Onyxia",0x10a48,0x0,24579,"Screech",0x1,DEBUFF
4/28 18:50:45.199  SPELL_CAST_SUCCESS,Player-4755-01FA8D0D,"Roackeru-Dreadmist",0x514,0x0,Creature-0-4457-249-1045-10184-000028665C,"Onyxia",0x10a48,0x0,11661,"Shadow Bolt",0x20,Player-4755-01FA8D0D,0000000000000000,86,100,0,0,0,-1,0,0,0,29.89,-232.68,0,2.1794,65
4/28 18:50:45.199  SPELL_CAST_START,Player-4755-01FA8D0D,"Roackeru-Dreadmist",0x514,0x0,0000000000000000,nil,0x80000000,0x80000000,11661,"Shadow Bolt",0x20
4/28 18:50:45.317  SPELL_CAST_SUCCESS,Player-4755-0163DD9D,"Kaspais-Dreadmist",0x514,0x0,Creature-0-4457-249-1045-10184-000028665C,"Onyxia",0x10a48,0x0,10181,"Frostbolt",0x10,Player-4755-0163DD9D,0000000000000000,100,100,0,0,0,-1,0,0,0,-21.59,-193.96,0,0.2488,66
4/28 18:50:45.317  SPELL_CAST_START,Player-4755-0163DD9D,"Kaspais-Dreadmist",0x514,0x0,0000000000000000,nil,0x80000000,0x80000000,10181,"Frostbolt",0x10
4/28 18:50:45.389  SPELL_DAMAGE,Player-4755-01F36B30,"Rectumqeef-Dreadmist",0x514,0x0,Creature-0-4457-249-1045-10184-000028665C,"Onyxia",0x10a48,0x0,11661,"Shadow Bolt",0x20,Creature-0-4457-249-1045-10184-000028665C,0000000000000000,43,100,0,0,0,-1,0,0,0,10.19,-180.41,0,3.2522,63,1072,975,-1,32,0,0,0,nil,nil,nil
4/28 18:50:45.460  SPELL_DAMAGE,Player-4755-020BD78D,"Lonehunter-Dreadmist",0x514,0x0,Creature-0-4457-249-1045-10184-000028665C,"Onyxia",0x10a48,0x0,14290,"Multi-Shot",0x1,Creature-0-4457-249-1045-10184-000028665C,0000000000000000,43,100,0,0,0,-1,0,0,0,9.86,-180.45,0,3.2907,63,1350,728,-1,1,0,0,0,1,nil,nil
4/28 18:50:45.476  SPELL_CAST_START,Player-4755-01E83279,"Nlmasters-Dreadmist",0x514,0x8,0000000000000000,nil,0x80000000,0x80000000,14290,"Multi-Shot",0x1
4/28 18:50:45.511  SPELL_AURA_APPLIED,Pet-0-4457-249-1045-7432-01002D8BC6,"Cat",0x1114,0x0,Pet-0-4457-249-1045-7432-01002D8BC6,"Cat",0x1114,0x0,19615,"Frenzy Effect",0x1,BUFF
4/28 18:50:45.528  SPELL_CAST_SUCCESS,Player-4755-01614AC7,"Mirrimazduur-Dreadmist",0x512,0x0,Creature-0-4457-249-1045-10184-000028665C,"Onyxia",0x10a48,0x0,11661,"Shadow Bolt",0x20,Player-4755-01614AC7,0000000000000000,35,100,0,0,0,-1,0,0,0,7.95,-174.14,0,4.6364,68
4/28 18:50:45.528  SPELL_CAST_START,Player-4755-01B60A5F,"Zurok-Dreadmist",0x514,0x0,0000000000000000,nil,0x80000000,0x80000000,20904,"Aimed Shot",0x1
4/28 18:50:45.560  SPELL_AURA_REMOVED,Player-4755-016296D3,"Nivl-Dreadmist",0x514,0x0,Player-4755-016296D3,"Nivl-Dreadmist",0x514,0x0,10432,"Lightning Shield",0x8,BUFF
4/28 18:50:45.560  SPELL_DAMAGE,Creature-0-4457-249-1045-10184-000028665C,"Onyxia",0x10a48,0x0,Player-4755-016296D3,"Nivl-Dreadmist",0x514,0x0,18392,"Fireball",0x4,Player-4755-016296D3,0000000000000000,56,100,0,0,0,-1,0,0,0,-13.47,-186.74,0,6.0844,69,1853,1853,-1,4,0,0,0,nil,nil,nil
4/28 18:50:45.560  SPELL_DAMAGE,Player-4755-01FA8D0D,"Roackeru-Dreadmist",0x514,0x0,Creature-0-4457-249-1045-10184-000028665C,"Onyxia",0x10a48,0x0,11661,"Shadow Bolt",0x20,Creature-0-4457-249-1045-10184-000028665C,0000000000000000,43,100,0,0,0,-1,0,0,0,8.99,-180.60,0,3.3241,63,987,897,-1,32,0,0,0,nil,nil,nil
4/28 18:50:45.659  SPELL_CAST_START,Player-4755-01614AC7,"Mirrimazduur-Dreadmist",0x512,0x0,0000000000000000,nil,0x80000000,0x80000000,11672,"Corruption",0x20
4/28 18:50:45.659  SPELL_CAST_SUCCESS,Player-4755-01614AC7,"Mirrimazduur-Dreadmist",0x512,0x0,Creature-0-4457-249-1045-10184-000028665C,"Onyxia",0x10a48,0x0,11672,"Corruption",0x20,Player-4755-01614AC7,0000000000000000,35,100,0,0,0,-1,0,0,0,7.95,-174.14,0,4.6364,68
4/28 18:50:45.696  SPELL_CAST_SUCCESS,Player-4755-016DF694,"Ashalan-Dreadmist",0x514,0x0,0000000000000000,nil,0x80000000,0x80000000,8143,"Tremor Totem",0x8,Player-4755-016DF694,0000000000000000,100,100,0,0,0,-1,0,0,0,29.65,-201.08,0,5.4640,67
4/28 18:50:45.696  SPELL_SUMMON,Player-4755-016DF694,"Ashalan-Dreadmist",0x514,0x0,Creature-0-4457-249-1045-5913-0000286CF5,"Tremor Totem",0xa28,0x0,8143,"Tremor Totem",0x8
4/28 18:50:45.713  SPELL_MISSED,Creature-0-4457-249-1045-2630-0000286CD4,"Earthbind Totem",0x2114,0x0,Creature-0-4457-249-1045-10184-000028665C,"Onyxia",0x10a48,0x0,3600,"Earthbind",0x8,IMMUNE,nil
4/28 18:50:45.747  SPELL_CAST_START,Player-4755-01F36B30,"Rectumqeef-Dreadmist",0x514,0x0,0000000000000000,nil,0x80000000,0x80000000,11661,"Shadow Bolt",0x20
4/28 18:50:45.811  SPELL_HEAL,Player-4755-01617EEE,"Fenix-Dreadmist",0x512,0x0,Player-4755-01617EEE,"Fenix-Dreadmist",0x512,0x0,10916,"Flash Heal",0x2,Player-4755-01617EEE,0000000000000000,70,100,0,0,0,-1,0,0,0,12.73,-175.10,0,4.6842,66,1030,1030,0,0,nil
4/28 18:50:45.811  SPELL_CAST_SUCCESS,Player-4755-01617EEE,"Fenix-Dreadmist",0x512,0x0,Player-4755-01617EEE,"Fenix-Dreadmist",0x512,0x0,10916,"Flash Heal",0x2,Player-4755-01617EEE,0000000000000000,70,100,0,0,0,-1,0,0,0,12.73,-175.10,0,4.6842,66
4/28 18:50:45.811  SPELL_CAST_START,Player-4755-01617EEE,"Fenix-Dreadmist",0x512,0x0,0000000000000000,nil,0x80000000,0x80000000,6064,"Heal",0x2
4/28 18:50:45.892  SPELL_CAST_SUCCESS,Player-4755-01FA8DD8,"Roackerita-Dreadmist",0x514,0x0,Player-4755-01617EEE,"Fenix-Dreadmist",0x512,0x0,2055,"Heal",0x2,Player-4755-01FA8DD8,0000000000000000,100,100,0,0,0,-1,0,0,0,16.26,-194.25,0,3.7949,69
4/28 18:50:45.912  SPELL_AURA_REMOVED,Player-4755-0178F576,"Atreas-Dreadmist",0x514,0x0,Player-4755-0178F416,"Eltorero-Dreadmist",0x514,0x0,20906,"Trueshot Aura",0x40,BUFF
4/28 18:50:45.912  SPELL_AURA_REMOVED,Player-4755-020BD78D,"Lonehunter-Dreadmist",0x514,0x0,Player-4755-0220BD00,"Krikoff-Dreadmist",0x40514,0x0,20906,"Trueshot Aura",0x40,BUFF
4/28 18:50:45.936  SPELL_AURA_APPLIED,Player-4755-01614AC7,"Mirrimazduur-Dreadmist",0x512,0x0,Creature-0-4457-249-1045-10184-000028665C,"Onyxia",0x10a48,0x0,11672,"Corruption",0x20,DEBUFF
4/28 18:50:45.936  SPELL_HEAL,Player-4755-01FA8DD8,"Roackerita-Dreadmist",0x514,0x0,Player-4755-01617EEE,"Fenix-Dreadmist",0x512,0x0,2055,"Heal",0x2,Player-4755-01617EEE,0000000000000000,100,100,0,0,0,-1,0,0,0,12.73,-175.10,0,4.6842,66,1635,1635,361,0,1
4/28 18:50:45.936  RANGE_DAMAGE,Player-4755-020BD78D,"Lonehunter-Dreadmist",0x514,0x0,Creature-0-4457-249-1045-10184-000028665C,"Onyxia",0x10a48,0x0,75,"Auto Shot",0x1,Creature-0-4457-249-1045-10184-000028665C,0000000000000000,43,100,0,0,0,-1,0,0,0,5.22,-181.35,0,3.3427,63,355,450,-1,1,0,0,0,nil,nil,nil
4/28 18:50:45.936  SPELL_CAST_SUCCESS,Player-4755-01E83279,"Nlmasters-Dreadmist",0x514,0x8,Creature-0-4457-249-1045-10184-000028665C,"Onyxia",0x10a48,0x0,14290,"Multi-Shot",0x1,Player-4755-01E83279,0000000000000000,100,100,0,0,0,-1,0,0,0,-31.13,-202.91,0,0.4858,70
4/28 18:50:45.973  SPELL_DAMAGE,Player-4755-01802FE5,"Angrybat-Dreadmist",0x514,0x0,Creature-0-4457-249-1045-10184-000028665C,"Onyxia",0x10a48,0x0,10181,"Frostbolt",0x10,Creature-0-4457-249-1045-10184-000028665C,0000000000000000,43,100,0,0,0,-1,0,0,0,4.92,-181.41,0,3.3431,63,981,891,-1,16,0,0,0,nil,nil,nil
4/28 18:50:46.021  SPELL_PERIODIC_HEAL,Player-4755-02045EF4,"Necrosini-Dreadmist",0x512,0x0,Player-4755-01614AC7,"Mirrimazduur-Dreadmist",0x512,0x0,10929,"Renew",0x2,Player-4755-01614AC7,0000000000000000,41,100,0,0,0,-1,0,0,0,7.95,-174.14,0,4.6129,68,253,253,0,0,nil
4/28 18:50:46.073  SPELL_DAMAGE,Player-4755-016296D3,"Nivl-Dreadmist",0x514,0x0,Creature-0-4457-249-1045-10184-000028665C,"Onyxia",0x10a48,0x0,15208,"Lightning Bolt",0x8,Creature-0-4457-249-1045-10184-000028665C,0000000000000000,43,100,0,0,0,-1,0,0,0,4.16,-181.56,0,3.3440,63,1114,557,-1,8,0,0,0,1,nil,nil
4/28 18:50:46.108  SPELL_CAST_SUCCESS,Player-4755-01BC57A3,"Saintis-Dreadmist",0x511,0x0,Pet-0-4457-249-1045-2850-01001956F9,"Kratos",0x1114,0x0,6063,"Heal",0x2,Player-4755-01BC57A3,0000000000000000,100,100,0,0,0,-1,0,0,0,19.93,-222.07,0,1.9216,68
4/28 18:50:46.210  SPELL_CAST_START,Player-4755-01BC57A3,"Saintis-Dreadmist",0x511,0x0,0000000000000000,nil,0x80000000,0x80000000,2061,"Flash Heal",0x2
4/28 18:50:46.259  SPELL_AURA_APPLIED,Player-4755-0160BD13,"Mafkees-Dreadmist",0x514,0x0,Player-4755-0160BD13,"Mafkees-Dreadmist",0x514,0x0,18499,"Berserker Rage",0x1,BUFF
4/28 18:50:46.259  SPELL_CAST_SUCCESS,Player-4755-0160BD13,"Mafkees-Dreadmist",0x514,0x0,0000000000000000,nil,0x80000000,0x80000000,18499,"Berserker Rage",0x1,Player-4755-0160BD13,0000000000000000,83,100,0,0,0,-1,0,0,0,10.34,-173.88,0,4.3063,64
4/28 18:50:46.259  SPELL_PERIODIC_ENERGIZE,Creature-0-4457-249-1045-7416-0000286CBA,"Mana Spring Totem IV",0x2114,0x0,Player-4755-01FA8DD8,"Roackerita-Dreadmist",0x514,0x0,10494,"Mana Spring",0x8,Player-4755-01FA8DD8,0000000000000000,100,100,0,0,0,-1,0,0,0,16.26,-194.25,0,3.7949,69,12.0000,0.0000,0,6736
4/28 18:50:46.275  SPELL_CAST_START,Player-4755-01E83279,"Nlmasters-Dreadmist",0x514,0x8,0000000000000000,nil,0x80000000,0x80000000,75,"Auto Shot",0x1
4/28 18:50:46.309  SPELL_CAST_SUCCESS,Player-4755-01637B0A,"Pindle-Dreadmist",0x514,0x0,Creature-0-4457-249-1045-10184-000028665C,"Onyxia",0x10a48,0x0,11294,"Sinister Strike",0x1,Player-4755-01637B0A,0000000000000000,93,100,0,0,0,-1,0,0,0,12.97,-200.10,0,1.2011,65
4/28 18:50:46.329  SPELL_DAMAGE,Player-4755-016296D3,"Nivl-Dreadmist",0x514,0x0,Creature-0-4457-249-1045-10184-000028665C,"Onyxia",0x10a48,0x0,26363,"Lightning Shield",0x8,Creature-0-4457-249-1045-10184-000028665C,0000000000000000,43,100,0,0,0,-1,0,0,0,1.87,-182.04,0,3.3454,63,220,220,-1,8,0,0,0,nil,nil,nil
4/28 18:50:46.346  SPELL_MISSED,Player-4755-01802FE5,"Angrybat-Dreadmist",0x514,0x0,Creature-0-4457-249-1045-10184-000028665C,"Onyxia",0x10a48,0x0,12579,"Winter's Chill",0x10,RESIST,nil,0
4/28 18:50:46.346  SPELL_HEAL,Player-4755-01BC57A3,"Saintis-Dreadmist",0x511,0x0,Pet-0-4457-249-1045-2850-01001956F9,"Kratos",0x1114,0x0,6063,"Heal",0x2,Pet-0-4457-249-1045-2850-01001956F9,Player-4755-0178F576,100,100,0,0,0,-1,0,0,0,12.73,-194.44,0,1.6273,66,1867,1867,272,0,1
4/28 18:50:46.346  SPELL_DAMAGE,Player-4755-01637B0A,"Pindle-Dreadmist",0x514,0x0,Creature-0-4457-249-1045-10184-000028665C,"Onyxia",0x10a48,0x0,11294,"Sinister Strike",0x1,Creature-0-4457-249-1045-10184-000028665C,0000000000000000,43,100,0,0,0,-1,0,0,0,1.69,-182.07,0,3.3455,63,519,287,-1,1,0,0,0,1,nil,nil
4/28 18:50:46.346  SPELL_CAST_SUCCESS,Player-4755-01FA8DD8,"Roackerita-Dreadmist",0x514,0x0,Player-4755-01614AC7,"Mirrimazduur-Dreadmist",0x512,0x0,10901,"Power Word: Shield",0x2,Player-4755-01FA8DD8,0000000000000000,100,100,0,0,0,-1,0,0,0,16.26,-194.25,0,3.7949,69
4/28 18:50:46.363  SPELL_DAMAGE,Player-4755-01614AC7,"Mirrimazduur-Dreadmist",0x512,0x0,Creature-0-4457-249-1045-10184-000028665C,"Onyxia",0x10a48,0x0,11661,"Shadow Bolt",0x20,Creature-0-4457-249-1045-10184-000028665C,0000000000000000,43,100,0,0,0,-1,0,0,0,1.52,-182.11,0,3.3456,63,982,892,-1,32,0,0,0,nil,nil,nil
4/28 18:50:46.394  SPELL_CAST_SUCCESS,Player-4755-015FEBD5,"Sauvage-Dreadmist",0x514,0x0,Creature-0-4457-249-1045-10184-000028665C,"Onyxia",0x10a48,0x0,10181,"Frostbolt",0x10,Player-4755-015FEBD5,0000000000000000,100,100,0,0,0,-1,0,0,0,-0.69,-185.74,0,0.6691,64
4/28 18:50:46.394  SPELL_CAST_START,Player-4755-015FEBD5,"Sauvage-Dreadmist",0x514,0x0,0000000000000000,nil,0x80000000,0x80000000,10181,"Frostbolt",0x10
4/28 18:50:46.442  SPELL_PERIODIC_HEAL,Player-4755-01FA8DD8,"Roackerita-Dreadmist",0x514,0x0,Player-4755-01F21AE6,"Blahu-Dreadmist",0x40514,0x0,6078,"Renew",0x2,Player-4755-01F21AE6,0000000000000000,100,100,0,0,0,-1,0,0,0,-20.50,-219.82,0,0.8017,70,236,236,0,0,nil
4/28 18:50:46.541  SPELL_CAST_SUCCESS,Player-4755-01A6B139,"Sakatan-Dreadmist",0x514,0x0,Creature-0-4457-249-1045-10184-000028665C,"Onyxia",0x10a48,0x0,11300,"Eviscerate",0x1,Player-4755-01A6B139,0000000000000000,47,100,0,0,0,-1,0,0,0,11.77,-175.64,0,3.8217,69
4/28 18:50:46.590  SPELL_PERIODIC_ENERGIZE,Creature-0-4457-249-1045-7416-0000286CC9,"Mana Spring Totem IV",0x2114,0x0,Player-4755-0178F576,"Atreas-Dreadmist",0x514,0x0,10494,"Mana Spring",0x8,Player-4755-0178F576,0000000000000000,100,100,0,0,0,-1,0,0,0,-37.51,-193.51,0,0.2635,66,10.0000,0.0000,0,3765
4/28 18:50:46.590  SPELL_PERIODIC_ENERGIZE,Creature-0-4457-249-1045-7416-0000286CC9,"Mana Spring Totem IV",0x2114,0x0,Player-4755-016296D3,"Nivl-Dreadmist",0x514,0x0,10494,"Mana Spring",0x8,Player-4755-016296D3,0000000000000000,56,100,0,0,0,-1,0,0,0,-13.60,-187.50,0,6.2689,69,10.0000,0.0000,0,5845
4/28 18:50:46.657  SPELL_CAST_START,Player-4755-01ED7A64,"Sperzieboon-Dreadmist",0x514,0x0,0000000000000000,nil,0x80000000,0x80000000,9474,"Flash Heal",0x2
4/28 18:50:46.720  SPELL_CAST_SUCCESS,Player-4755-01E83279,"Nlmasters-Dreadmist",0x514,0x8,Creature-0-4457-249-1045-10184-000028665C,"Onyxia",0x10a48,0x0,75,"Auto Shot",0x1,Player-4755-01E83279,0000000000000000,100,100,0,0,0,-1,0,0,0,-31.13,-202.91,0,0.4858,70
4/28 18:50:46.735  SPELL_AURA_APPLIED,Pet-0-4457-249-1045-7432-01002D8BC6,"Cat",0x1114,0x0,Pet-0-4457-249-1045-7432-01002D8BC6,"Cat",0x1114,0x0,23110,"Dash",0x1,BUFF
4/28 18:50:46.735  SPELL_CAST_SUCCESS,Pet-0-4457-249-1045-7432-01002D8BC6,"Cat",0x1114,0x0,0000000000000000,nil,0x80000000,0x80000000,23110,"Dash",0x1,Pet-0-4457-249-1045-7432-01002D8BC6,Player-4755-01E83279,88,100,0,0,0,-1,0,0,0,13.21,-197.18,0,1.7565,70
4/28 18:50:46.735  SPELL_AURA_APPLIED,Player-4755-01FA8DD8,"Roackerita-Dreadmist",0x514,0x0,Player-4755-01617EEE,"Fenix-Dreadmist",0x512,0x0,15359,"Inspiration",0x2,BUFF
4/28 18:50:46.735  SPELL_AURA_APPLIED,Player-4755-01FA8DD8,"Roackerita-Dreadmist",0x514,0x0,Player-4755-01614AC7,"Mirrimazduur-Dreadmist",0x512,0x0,10901,"Power Word: Shield",0x2,BUFF
4/28 18:50:46.735  SPELL_DAMAGE,Player-4755-01A6B139,"Sakatan-Dreadmist",0x514,0x0,Creature-0-4457-249-1045-10184-000028665C,"Onyxia",0x10a48,0x0,11300,"Eviscerate",0x1,Creature-0-4457-249-1045-10184-000028665C,0000000000000000,43,100,0,0,0,-1,0,0,0,-2.29,-182.90,0,3.3467,63,1657,1031,-1,1,0,0,0,1,nil,nil
4/28 18:50:46.735  SPELL_ENERGIZE,Player-4755-01A6B139,"Sakatan-Dreadmist",0x514,0x0,Player-4755-01A6B139,"Sakatan-Dreadmist",0x514,0x0,14181,"Relentless Strikes Effect",0x1,Player-4755-01A6B139,0000000000000000,47,100,0,0,0,-1,0,0,0,11.77,-175.64,0,3.8217,69,25.0000,0.0000,3,100
4/28 18:50:46.774  SPELL_DAMAGE,Player-4755-0163DD9D,"Kaspais-Dreadmist",0x514,0x0,Creature-0-4457-249-1045-10184-000028665C,"Onyxia",0x10a48,0x0,10181,"Frostbolt",0x10,Creature-0-4457-249-1045-10184-000028665C,0000000000000000,43,100,0,0,0,-1,0,0,0,-2.70,-182.98,0,3.3468,63,932,847,-1,16,0,0,0,nil,nil,nil
4/28 18:50:46.789  SPELL_PERIODIC_ENERGIZE,Creature-0-4457-249-1045-7416-0000286CBA,"Mana Spring Totem IV",0x2114,0x0,Player-4755-015FEBD5,"Sauvage-Dreadmist",0x514,0x0,10494,"Mana Spring",0x8,Player-4755-015FEBD5,0000000000000000,100,100,0,0,0,-1,0,0,0,-0.69,-185.74,0,0.6691,64,13.0000,0.0000,0,6158
4/28 18:50:46.839  SPELL_PERIODIC_HEAL,Player-4755-0210153A,"Hapuseneb-Dreadmist",0x514,0x0,Player-4755-01F36B30,"Rectumqeef-Dreadmist",0x514,0x0,10929,"Renew",0x2,Player-4755-01F36B30,0000000000000000,100,100,0,0,0,-1,0,0,0,32.65,-224.05,0,2.2230,66,293,293,293,0,nil
4/28 18:50:46.885  SPELL_CAST_SUCCESS,Player-4755-01AC9FD9,"Alexinho-Dreadmist",0x514,0x0,Creature-0-4457-249-1045-10184-000028665C,"Onyxia",0x10a48,0x0,11294,"Sinister Strike",0x1,Player-4755-01AC9FD9,0000000000000000,100,100,0,0,0,-1,0,0,0,21.48,-193.13,0,2.3340,66
4/28 18:50:46.921  SPELL_CAST_START,Player-4755-020BD78D,"Lonehunter-Dreadmist",0x514,0x0,0000000000000000,nil,0x80000000,0x80000000,75,"Auto Shot",0x1
4/28 18:50:46.982  SPELL_CAST_SUCCESS,Player-4755-01802FE5,"Angrybat-Dreadmist",0x514,0x0,Creature-0-4457-249-1045-10184-000028665C,"Onyxia",0x10a48,0x0,10181,"Frostbolt",0x10,Player-4755-01802FE5,0000000000000000,100,100,0,0,0,-1,0,0,0,-21.09,-197.29,0,0.3450,66
4/28 18:50:46.982  SPELL_CAST_START,Player-4755-01802FE5,"Angrybat-Dreadmist",0x514,0x0,0000000000000000,nil,0x80000000,0x80000000,10181,"Frostbolt",0x10
4/28 18:50:46.998  SPELL_DAMAGE,Player-4755-015FEBD5,"Sauvage-Dreadmist",0x514,0x0,Creature-0-4457-249-1045-10184-000028665C,"Onyxia",0x10a48,0x0,10181,"Frostbolt",0x10,Creature-0-4457-249-1045-10184-000028665C,0000000000000000,43,100,0,0,0,-1,0,0,0,-5.11,-183.49,0,3.3472,63,890,809,-1,16,0,0,0,nil,nil,nil
4/28 18:50:47.076  SPELL_CAST_START,Player-4755-0178F576,"Atreas-Dreadmist",0x514,0x0,0000000000000000,nil,0x80000000,0x80000000,75,"Auto Shot",0x1
4/28 18:50:47.145  SPELL_AURA_APPLIED,Player-4755-01BC57A3,"Saintis-Dreadmist",0x511,0x0,Pet-0-4457-249-1045-2850-01001956F9,"Kratos",0x1114,0x0,15359,"Inspiration",0x2,BUFF
4/28 18:50:47.145  SPELL_DAMAGE,Player-4755-01AC9FD9,"Alexinho-Dreadmist",0x514,0x0,Creature-0-4457-249-1045-10184-000028665C,"Onyxia",0x10a48,0x0,11294,"Sinister Strike",0x1,Creature-0-4457-249-1045-10184-000028665C,0000000000000000,42,100,0,0,0,-1,0,0,0,-6.65,-183.81,0,3.3474,63,663,357,-1,1,0,0,0,1,nil,nil
4/28 18:50:47.145  SPELL_AURA_APPLIED,Player-4755-015FEBD5,"Sauvage-Dreadmist",0x514,0x0,Player-4755-015FEBD5,"Sauvage-Dreadmist",0x514,0x0,12536,"Clearcasting",0x40,BUFF
4/28 18:50:47.201  SPELL_CAST_SUCCESS,Player-4755-016DF694,"Ashalan-Dreadmist",0x514,0x0,0000000000000000,nil,0x80000000,0x80000000,10538,"Fire Resistance Totem",0x10,Player-4755-016DF694,0000000000000000,100,100,0,0,0,-1,0,0,0,30.61,-200.20,0,4.4155,67
4/28 18:50:47.201  SPELL_SUMMON,Player-4755-016DF694,"Ashalan-Dreadmist",0x514,0x0,Creature-0-4457-249-1045-7425-0000286CF7,"Fire Resistance Totem III",0xa28,0x0,10538,"Fire Resistance Totem",0x10
4/28 18:50:47.262  SPELL_CAST_START,Player-4755-01614AC7,"Mirrimazduur-Dreadmist",0x512,0x0,0000000000000000,nil,0x80000000,0x80000000,11661,"Shadow Bolt",0x20
4/28 18:50:47.295  SPELL_PERIODIC_DAMAGE,Player-4755-01F36B30,"Rectumqeef-Dreadmist",0x514,0x0,Creature-0-4457-249-1045-10184-000028665C,"Onyxia",0x10a48,0x0,11672,"Corruption",0x20,Creature-0-4457-249-1045-10184-000028665C,0000000000000000,42,100,0,0,0,-1,0,0,0,-8.24,-184.14,0,3.3475,63,224,203,-1,32,0,0,0,nil,nil,nil
4/28 18:50:47.367  SPELL_CAST_SUCCESS,Player-4755-020BD78D,"Lonehunter-Dreadmist",0x514,0x0,Creature-0-4457-249-1045-10184-000028665C,"Onyxia",0x10a48,0x0,75,"Auto Shot",0x1,Player-4755-020BD78D,0000000000000000,100,100,0,0,0,-1,0,0,0,26.72,-218.56,0,2.0019,70
4/28 18:50:47.446  SPELL_DAMAGE,Player-4755-01E83279,"Nlmasters-Dreadmist",0x514,0x8,Creature-0-4457-249-1045-10184-000028665C,"Onyxia",0x10a48,0x0,14290,"Multi-Shot",0x1,Creature-0-4457-249-1045-10184-000028665C,0000000000000000,42,100,0,0,0,-1,0,0,0,-9.72,-184.45,0,3.3476,63,448,568,-1,1,0,0,0,nil,nil,nil
4/28 18:50:47.517  SPELL_CAST_SUCCESS,Player-4755-0178F576,"Atreas-Dreadmist",0x514,0x0,Creature-0-4457-249-1045-10184-000028665C,"Onyxia",0x10a48,0x0,75,"Auto Shot",0x1,Player-4755-0178F576,0000000000000000,100,100,0,0,0,-1,0,0,0,-38.68,-193.83,0,0.2635,66
4/28 18:50:47.533  UNIT_DESTROYED,0000000000000000,nil,0x80000000,0x80000000,Creature-0-4457-249-1045-7368-0000286C7F,"Stoneskin Totem VI",0x2114,0x0
4/28 18:50:47.533  UNIT_DESTROYED,0000000000000000,nil,0x80000000,0x80000000,Creature-0-4457-249-1045-7416-0000286CBA,"Mana Spring Totem IV",0x2114,0x0
4/28 18:50:47.551  SPELL_AURA_APPLIED,Player-4755-01FA8DD8,"Roackerita-Dreadmist",0x514,0x0,Player-4755-01614AC7,"Mirrimazduur-Dreadmist",0x512,0x0,6788,"Weakened Soul",0x2,DEBUFF
4/28 18:50:47.603  SPELL_CAST_SUCCESS,Player-4755-01BC57A3,"Saintis-Dreadmist",0x511,0x0,Player-4755-0178F416,"Eltorero-Dreadmist",0x514,0x0,2061,"Flash Heal",0x2,Player-4755-01BC57A3,0000000000000000,100,100,0,0,0,-1,0,0,0,19.93,-222.07,0,1.9216,68
4/28 18:50:47.695  SPELL_CAST_SUCCESS,Player-4755-01FA8D0D,"Roackeru-Dreadmist",0x514,0x0,Creature-0-4457-249-1045-10184-000028665C,"Onyxia",0x10a48,0x0,11661,"Shadow Bolt",0x20,Player-4755-01FA8D0D,0000000000000000,87,100,0,0,0,-1,0,0,0,29.89,-232.68,0,2.3719,65
4/28 18:50:47.771  SPELL_PERIODIC_ENERGIZE,Player-4755-01802FE5,"Angrybat-Dreadmist",0x514,0x0,Player-4755-01802FE5,"Angrybat-Dreadmist",0x514,0x0,18194,"Mana Regeneration",0x1,Player-4755-01802FE5,0000000000000000,100,100,0,0,0,-1,0,0,0,-21.09,-197.29,0,0.3450,66,8.0000,0.0000,0,6033
4/28 18:50:47.785  RANGE_DAMAGE,Player-4755-01E83279,"Nlmasters-Dreadmist",0x514,0x8,Creature-0-4457-249-1045-10184-000028665C,"Onyxia",0x10a48,0x0,75,"Auto Shot",0x1,Creature-0-4457-249-1045-10184-000028665C,0000000000000000,42,100,0,0,0,-1,0,0,0,-12.81,-185.09,0,3.3475,63,369,467,-1,1,0,0,0,nil,nil,nil
4/28 18:50:47.785  SPELL_PERIODIC_HEAL,Player-4755-01FA8DD8,"Roackerita-Dreadmist",0x514,0x0,Player-4755-0220BD00,"Krikoff-Dreadmist",0x40514,0x0,6078,"Renew",0x2,Player-4755-0220BD00,0000000000000000,100,100,0,0,0,-1,0,0,0,12.62,-177.99,0,3.3223,68,236,236,236,0,nil
4/28 18:50:47.814  SPELL_CAST_SUCCESS,Player-4755-0163DD9D,"Kaspais-Dreadmist",0x514,0x0,Creature-0-4457-249-1045-10184-000028665C,"Onyxia",0x10a48,0x0,10181,"Frostbolt",0x10,Player-4755-0163DD9D,0000000000000000,100,100,0,0,0,-1,0,0,0,-21.59,-193.96,0,1.0853,66
4/28 18:50:47.877  SPELL_PERIODIC_HEAL,Player-4755-02045EF4,"Necrosini-Dreadmist",0x512,0x0,Player-4755-01FA8D0D,"Roackeru-Dreadmist",0x514,0x0,10929,"Renew",0x2,Player-4755-01FA8D0D,0000000000000000,91,100,0,0,0,-1,0,0,0,29.89,-232.68,0,2.3719,65,253,253,0,0,nil
4/28 18:50:47.877  SPELL_PERIODIC_HEAL,Player-4755-01FA8DD8,"Roackerita-Dreadmist",0x514,0x0,Player-4755-01617EEE,"Fenix-Dreadmist",0x512,0x0,6078,"Renew",0x2,Player-4755-01617EEE,0000000000000000,100,100,0,0,0,-1,0,0,0,13.51,-170.85,0,0.4513,66,235,235,235,0,nil
4/28 18:50:47.908  SPELL_CAST_START,Player-4755-01FA8DD8,"Roackerita-Dreadmist",0x514,0x0,0000000000000000,nil,0x80000000,0x80000000,2055,"Heal",0x2
4/28 18:50:47.938  SPELL_AURA_REMOVED,Player-4755-0178F576,"Atreas-Dreadmist",0x514,0x0,Pet-0-4457-249-1045-2850-01001956F9,"Kratos",0x1114,0x0,20906,"Trueshot Aura",0x40,BUFF
4/28 18:50:47.938  SPELL_HEAL,Player-4755-01BC57A3,"Saintis-Dreadmist",0x511,0x0,Player-4755-0178F416,"Eltorero-Dreadmist",0x514,0x0,2061,"Flash Heal",0x2,Player-4755-0178F416,0000000000000000,98,100,0,0,0,-1,0,0,0,7.47,-209.51,0,5.6498,67,519,519,0,0,nil
4/28 18:50:47.985  SPELL_CAST_START,Player-4755-01BC57A3,"Saintis-Dreadmist",0x511,0x0,0000000000000000,nil,0x80000000,0x80000000,2053,"Lesser Heal",0x2
4/28 18:50:48.032  SPELL_CAST_START,Player-4755-016296D3,"Nivl-Dreadmist",0x514,0x0,0000000000000000,nil,0x80000000,0x80000000,10468,"Lesser Healing Wave",0x8
4/28 18:50:48.047  SPELL_DAMAGE,Player-4755-01802FE5,"Angrybat-Dreadmist",0x514,0x0,Creature-0-4457-249-1045-10184-000028665C,"Onyxia",0x10a48,0x0,10181,"Frostbolt",0x10,Creature-0-4457-249-1045-10184-000028665C,0000000000000000,42,100,0,0,0,-1,0,0,0,-14.69,-185.49,0,3.3472,63,974,885,-1,16,0,0,0,nil,nil,nil
4/28 18:50:48.063  SPELL_DAMAGE,Player-4755-01FA8D0D,"Roackeru-Dreadmist",0x514,0x0,Creature-0-4457-249-1045-10184-000028665C,"Onyxia",0x10a48,0x0,11661,"Shadow Bolt",0x20,Creature-0-4457-249-1045-10184-000028665C,0000000000000000,42,100,0,0,0,-1,0,0,0,-14.78,-185.51,0,3.3471,63,1916,870,-1,32,0,0,0,1,nil,nil
4/28 18:50:48.063  SPELL_CAST_SUCCESS,Player-4755-01ED7A64,"Sperzieboon-Dreadmist",0x514,0x0,Player-4755-0178F416,"Eltorero-Dreadmist",0x514,0x0,9474,"Flash Heal",0x2,Player-4755-01ED7A64,0000000000000000,100,100,0,0,0,-1,0,0,0,28.45,-229.30,0,1.6553,67
4/28 18:50:48.063  SPELL_CAST_START,Player-4755-01ED7A64,"Sperzieboon-Dreadmist",0x514,0x0,0000000000000000,nil,0x80000000,0x80000000,9474,"Flash Heal",0x2
4/28 18:50:48.261  SPELL_CAST_SUCCESS,Player-4755-01F36B30,"Rectumqeef-Dreadmist",0x514,0x0,Creature-0-4457-249-1045-10184-000028665C,"Onyxia",0x10a48,0x0,11661,"Shadow Bolt",0x20,Player-4755-01F36B30,0000000000000000,100,100,0,0,0,-1,0,0,0,32.65,-224.05,0,2.2230,66
4/28 18:50:48.280  SPELL_CAST_START,Player-4755-0163DD9D,"Kaspais-Dreadmist",0x514,0x0,0000000000000000,nil,0x80000000,0x80000000,10181,"Frostbolt",0x10
4/28 18:50:48.348  SPELL_HEAL,Player-4755-01ED7A64,"Sperzieboon-Dreadmist",0x514,0x0,Player-4755-0178F416,"Eltorero-Dreadmist",0x514,0x0,9474,"Flash Heal",0x2,Player-4755-0178F416,0000000000000000,100,100,0,0,0,-1,0,0,0,7.91,-212.56,0,5.6970,67,707,707,630,0,nil
4/28 18:50:48.422  RANGE_DAMAGE,Player-4755-0178F576,"Atreas-Dreadmist",0x514,0x0,Creature-0-4457-249-1045-10184-000028665C,"Onyxia",0x10a48,0x0,75,"Auto Shot",0x1,Creature-0-4457-249-1045-10184-000028665C,0000000000000000,42,100,0,0,0,-1,0,0,0,-15.81,-185.72,0,3.3462,63,352,446,-1,1,0,0,0,nil,nil,nil
4/28 18:50:48.534  SPELL_CAST_START,Player-4755-02045EF4,"Necrosini-Dreadmist",0x512,0x0,0000000000000000,nil,0x80000000,0x80000000,2054,"Heal",0x2
4/28 18:50:48.579  SPELL_PERIODIC_ENERGIZE,Creature-0-4457-249-1045-7416-0000286CC9,"Mana Spring Totem IV",0x2114,0x0,Player-4755-016296D3,"Nivl-Dreadmist",0x514,0x0,10494,"Mana Spring",0x8,Player-4755-016296D3,0000000000000000,56,100,0,0,0,-1,0,0,0,-15.05,-181.45,0,0.2449,69,10.0000,0.0000,0,5845
4/28 18:50:48.579  SPELL_PERIODIC_ENERGIZE,Creature-0-4457-249-1045-7416-0000286CC9,"Mana Spring Totem IV",0x2114,0x0,Player-4755-0178F576,"Atreas-Dreadmist",0x514,0x0,10494,"Mana Spring",0x8,Player-4755-0178F576,0000000000000000,100,100,0,0,0,-1,0,0,0,-38.68,-193.83,0,0.2635,66,10.0000,0.0000,0,3765
4/28 18:50:48.610  RANGE_DAMAGE,Player-4755-020BD78D,"Lonehunter-Dreadmist",0x514,0x0,Creature-0-4457-249-1045-10184-000028665C,"Onyxia",0x10a48,0x0,75,"Auto Shot",0x1,Creature-0-4457-249-1045-10184-000028665C,0000000000000000,42,100,0,0,0,-1,0,0,0,-15.81,-185.72,0,3.3462,63,387,491,-1,1,0,0,0,nil,nil,nil
4/28 18:50:48.610  SPELL_DAMAGE,Player-4755-0163DD9D,"Kaspais-Dreadmist",0x514,0x0,Creature-0-4457-249-1045-10184-000028665C,"Onyxia",0x10a48,0x0,10181,"Frostbolt",0x10,Creature-0-4457-249-1045-10184-000028665C,0000000000000000,42,100,0,0,0,-1,0,0,0,-15.81,-185.72,0,3.3462,63,939,854,-1,16,0,0,0,nil,nil,nil
4/28 18:50:48.625  SPELL_CAST_SUCCESS,Player-4755-01B60A5F,"Zurok-Dreadmist",0x514,0x0,Creature-0-4457-249-1045-10184-000028665C,"Onyxia",0x10a48,0x0,20904,"Aimed Shot",0x1,Player-4755-01B60A5F,0000000000000000,100,100,0,0,0,-1,0,0,0,32.60,-204.25,0,2.9198,62
4/28 18:50:48.758  SPELL_AURA_APPLIED,Player-4755-01FA8D0D,"Roackeru-Dreadmist",0x514,0x0,Creature-0-4457-249-1045-10184-000028665C,"Onyxia",0x10a48,0x0,17800,"Shadow Vulnerability",0x20,DEBUFF
4/28 18:50:48.775  SPELL_CAST_START,Player-4755-01B60A5F,"Zurok-Dreadmist",0x514,0x0,0000000000000000,nil,0x80000000,0x80000000,75,"Auto Shot",0x1
4/28 18:50:48.914  SPELL_CAST_SUCCESS,Player-4755-015FEBD5,"Sauvage-Dreadmist",0x514,0x0,Creature-0-4457-249-1045-10184-000028665C,"Onyxia",0x10a48,0x0,10181,"Frostbolt",0x10,Player-4755-015FEBD5,0000000000000000,100,100,0,0,0,-1,0,0,0,-0.69,-185.74,0,2.7661,64
4/28 18:50:48.914  SPELL_AURA_REMOVED,Player-4755-015FEBD5,"Sauvage-Dreadmist",0x514,0x0,Player-4755-015FEBD5,"Sauvage-Dreadmist",0x514,0x0,12536,"Clearcasting",0x40,BUFF
4/28 18:50:48.930  SPELL_PERIODIC_DAMAGE,Player-4755-01614AC7,"Mirrimazduur-Dreadmist",0x512,0x0,Creature-0-4457-249-1045-10184-000028665C,"Onyxia",0x10a48,0x0,11672,"Corruption",0x20,Creature-0-4457-249-1045-10184-000028665C,0000000000000000,42,100,0,0,0,-1,0,0,0,-15.81,-185.72,0,4.5029,63,249,188,-1,32,0,0,0,nil,nil,nil
4/28 18:50:49.008  SPELL_PERIODIC_HEAL,Player-4755-02045EF4,"Necrosini-Dreadmist",0x512,0x0,Player-4755-01614AC7,"Mirrimazduur-Dreadmist",0x512,0x0,10929,"Renew",0x2,Player-4755-01614AC7,0000000000000000,47,100,0,0,0,-1,0,0,0,4.54,-173.80,0,4.1456,68,253,253,0,0,nil
4/28 18:50:49.087  SPELL_CAST_SUCCESS,Player-4755-01F36B30,"Rectumqeef-Dreadmist",0x514,0x0,0000000000000000,nil,0x80000000,0x80000000,11689,"Life Tap",0x20,Player-4755-01F36B30,0000000000000000,82,100,0,0,0,-1,0,0,0,32.65,-224.05,0,2.2230,66
4/28 18:50:49.087  SPELL_PERIODIC_ENERGIZE,Player-4755-01BC57A3,"Saintis-Dreadmist",0x511,0x0,Player-4755-01BC57A3,"Saintis-Dreadmist",0x511,0x0,18194,"Mana Regeneration",0x1,Player-4755-01BC57A3,0000000000000000,100,100,0,0,0,-1,0,0,0,19.93,-222.07,0,1.9216,68,8.0000,0.0000,0,7212
4/28 18:50:49.119  SPELL_AURA_REMOVED,Pet-0-4457-249-1045-7456-03003178E8,"Owl",0x1114,0x0,Creature-0-4457-249-1045-10184-000028665C,"Onyxia",0x10a48,0x0,24579,"Screech",0x1,DEBUFF
4/28 18:50:49.152  SPELL_CAST_SUCCESS,Pet-0-4457-249-1045-7456-03003178E8,"Owl",0x1114,0x0,Creature-0-4457-249-1045-10184-000028665C,"Onyxia",0x10a48,0x0,3009,"Claw",0x1,Pet-0-4457-249-1045-7456-03003178E8,Player-4755-01B60A5F,100,100,0,0,0,-1,0,0,0,3.81,-189.02,0,2.9751,62
4/28 18:50:49.152  SPELL_CAST_SUCCESS,Pet-0-4457-249-1045-2850-01001956F9,"Kratos",0x1114,0x0,Creature-0-4457-249-1045-10184-000028665C,"Onyxia",0x10a48,0x0,3009,"Claw",0x1,Pet-0-4457-249-1045-2850-01001956F9,Player-4755-0178F576,100,100,0,0,0,-1,0,0,0,3.83,-191.37,0,2.8614,66
4/28 18:50:49.170  SPELL_ENERGIZE,Player-4755-01F36B30,"Rectumqeef-Dreadmist",0x514,0x0,Player-4755-01F36B30,"Rectumqeef-Dreadmist",0x514,0x0,31818,"Life Tap",0x20,Player-4755-01F36B30,0000000000000000,83,100,0,0,0,-1,0,0,0,32.65,-224.05,0,2.2230,66,935.0000,0.0000,0,5218
4/28 18:50:49.170  SPELL_DAMAGE,Pet-0-4457-249-1045-7456-03003178E8,"Owl",0x1114,0x0,Creature-0-4457-249-1045-10184-000028665C,"Onyxia",0x10a48,0x0,3009,"Claw",0x1,Creature-0-4457-249-1045-10184-000028665C,0000000000000000,42,100,0,0,0,-1,0,0,0,-15.81,-185.72,0,4.5029,63,53,67,-1,1,0,0,0,nil,nil,nil
4/28 18:50:49.170  SPELL_DAMAGE,Pet-0-4457-249-1045-2850-01001956F9,"Kratos",0x1114,0x0,Creature-0-4457-249-1045-10184-000028665C,"Onyxia",0x10a48,0x0,3009,"Claw",0x1,Creature-0-4457-249-1045-10184-000028665C,0000000000000000,42,100,0,0,0,-1,0,0,0,-15.81,-185.72,0,4.5029,63,57,72,-1,1,0,0,0,nil,nil,nil
4/28 18:50:49.230  SPELL_CAST_SUCCESS,Player-4755-01B60A5F,"Zurok-Dreadmist",0x514,0x0,Creature-0-4457-249-1045-10184-000028665C,"Onyxia",0x10a48,0x0,75,"Auto Shot",0x1,Player-4755-01B60A5F,0000000000000000,100,100,0,0,0,-1,0,0,0,32.60,-204.25,0,2.9355,62
4/28 18:50:49.230  SPELL_CAST_START,Player-4755-015FEBD5,"Sauvage-Dreadmist",0x514,0x0,0000000000000000,nil,0x80000000,0x80000000,10181,"Frostbolt",0x10
4/28 18:50:49.423  SPELL_PERIODIC_HEAL,Player-4755-01FA8DD8,"Roackerita-Dreadmist",0x514,0x0,Player-4755-01F21AE6,"Blahu-Dreadmist",0x40514,0x0,6078,"Renew",0x2,Player-4755-01F21AE6,0000000000000000,100,100,0,0,0,-1,0,0,0,-30.50,-212.49,0,1.5777,70,236,236,230,0,nil
4/28 18:50:49.458  SPELL_CAST_START,Player-4755-020BD78D,"Lonehunter-Dreadmist",0x514,0x0,0000000000000000,nil,0x80000000,0x80000000,75,"Auto Shot",0x1
4/28 18:50:49.474  SPELL_CAST_SUCCESS,Player-4755-01ED7A64,"Sperzieboon-Dreadmist",0x514,0x0,Player-4755-01637B0A,"Pindle-Dreadmist",0x514,0x0,9474,"Flash Heal",0x2,Player-4755-01ED7A64,0000000000000000,100,100,0,0,0,-1,0,0,0,28.45,-229.30,0,1.6553,67
4/28 18:50:49.489  SPELL_CAST_SUCCESS,Player-4755-01802FE5,"Angrybat-Dreadmist",0x514,0x0,Creature-0-4457-249-1045-10184-000028665C,"Onyxia",0x10a48,0x0,10181,"Frostbolt",0x10,Player-4755-01802FE5,0000000000000000,100,100,0,0,0,-1,0,0,0,-21.09,-197.29,0,0.3450,66
4/28 18:50:49.489  SPELL_CAST_START,Player-4755-01802FE5,"Angrybat-Dreadmist",0x514,0x0,0000000000000000,nil,0x80000000,0x80000000,10181,"Frostbolt",0x10
4/28 18:50:49.534  SPELL_HEAL,Player-4755-016296D3,"Nivl-Dreadmist",0x514,0x0,Player-4755-016296D3,"Nivl-Dreadmist",0x514,0x0,10468,"Lesser Healing Wave",0x8,Player-4755-016296D3,0000000000000000,82,100,0,0,0,-1,0,0,0,-15.05,-181.45,0,0.2449,69,1073,1073,0,0,nil
4/28 18:50:49.534  SPELL_CAST_SUCCESS,Player-4755-016296D3,"Nivl-Dreadmist",0x514,0x0,Player-4755-016296D3,"Nivl-Dreadmist",0x514,0x0,10468,"Lesser Healing Wave",0x8,Player-4755-016296D3,0000000000000000,82,100,0,0,0,-1,0,0,0,-15.05,-181.45,0,0.2449,69
4/28 18:50:49.587  SPELL_HEAL,Player-4755-01ED7A64,"Sperzieboon-Dreadmist",0x514,0x0,Player-4755-01637B0A,"Pindle-Dreadmist",0x514,0x0,9474,"Flash Heal",0x2,Player-4755-01637B0A,0000000000000000,100,100,0,0,0,-1,0,0,0,7.09,-203.83,0,2.4813,65,713,713,413,0,nil
4/28 18:50:49.587  SPELL_AURA_APPLIED,Player-4755-0178F576,"Atreas-Dreadmist",0x514,0x0,Pet-0-4457-249-1045-2850-01001956F9,"Kratos",0x1114,0x0,20906,"Trueshot Aura",0x40,BUFF
4/28 18:50:49.587  SPELL_AURA_APPLIED,Player-4755-0178F576,"Atreas-Dreadmist",0x514,0x0,Player-4755-0160BD13,"Mafkees-Dreadmist",0x514,0x0,20906,"Trueshot Aura",0x40,BUFF
4/28 18:50:49.668  SPELL_DAMAGE,Player-4755-015FEBD5,"Sauvage-Dreadmist",0x514,0x0,Creature-0-4457-249-1045-10184-000028665C,"Onyxia",0x10a48,0x0,10181,"Frostbolt",0x10,Creature-0-4457-249-1045-10184-000028665C,0000000000000000,42,100,0,0,0,-1,0,0,0,-15.81,-185.72,0,4.5029,63,910,826,-1,16,0,0,0,nil,nil,nil
4/28 18:50:49.713  SPELL_CAST_START,Player-4755-01ED7A64,"Sperzieboon-Dreadmist",0x514,0x0,0000000000000000,nil,0x80000000,0x80000000,9474,"Flash Heal",0x2
4/28 18:50:49.773  SPELL_CAST_SUCCESS,Player-4755-01614AC7,"Mirrimazduur-Dreadmist",0x512,0x0,Creature-0-4457-249-1045-10184-000028665C,"Onyxia",0x10a48,0x0,11661,"Shadow Bolt",0x20,Player-4755-01614AC7,0000000000000000,47,100,0,0,0,-1,0,0,0,4.54,-173.80,0,3.9924,68
4/28 18:50:49.822  SPELL_PERIODIC_HEAL,Player-4755-0210153A,"Hapuseneb-Dreadmist",0x514,0x0,Player-4755-01F36B30,"Rectumqeef-Dreadmist",0x514,0x0,10929,"Renew",0x2,Player-4755-01F36B30,0000000000000000,89,100,0,0,0,-1,0,0,0,32.65,-224.05,0,2.2230,66,292,292,0,0,nil
4/28 18:50:49.836  SPELL_CAST_START,Player-4755-01614AC7,"Mirrimazduur-Dreadmist",0x512,0x0,0000000000000000,nil,0x80000000,0x80000000,11661,"Shadow Bolt",0x20
4/28 18:50:49.893  SPELL_CAST_SUCCESS,Player-4755-020BD78D,"Lonehunter-Dreadmist",0x514,0x0,Creature-0-4457-249-1045-10184-000028665C,"Onyxia",0x10a48,0x0,75,"Auto Shot",0x1,Player-4755-020BD78D,0000000000000000,100,100,0,0,0,-1,0,0,0,26.72,-218.56,0,2.5730,70
4/28 18:50:49.960  SPELL_DAMAGE,Player-4755-01B60A5F,"Zurok-Dreadmist",0x514,0x0,Creature-0-4457-249-1045-10184-000028665C,"Onyxia",0x10a48,0x0,20904,"Aimed Shot",0x1,Creature-0-4457-249-1045-10184-000028665C,0000000000000000,42,100,0,0,0,-1,0,0,0,-15.81,-185.72,0,4.5029,63,860,1091,-1,1,0,0,0,nil,nil,nil
4/28 18:50:49.960  SPELL_CAST_START,Player-4755-02045EF4,"Necrosini-Dreadmist",0x512,0x0,0000000000000000,nil,0x80000000,0x80000000,6064,"Heal",0x2
4/28 18:50:49.960  SPELL_CAST_START,Creature-0-4457-249-1045-10184-000028665C,"Onyxia",0x10a48,0x0,0000000000000000,nil,0x80000000,0x80000000,18392,"Fireball",0x4
4/28 18:50:49.961  SPELL_CAST_SUCCESS,Pet-0-4457-249-1045-7432-01002D8BC6,"Cat",0x1114,0x0,Creature-0-4457-249-1045-10184-000028665C,"Onyxia",0x10a48,0x0,17261,"Bite",0x1,Pet-0-4457-249-1045-7432-01002D8BC6,Player-4755-01E83279,88,100,0,0,0,-1,0,0,0,3.52,-192.28,0,2.8146,70
4/28 18:50:49.980  UNIT_DESTROYED,0000000000000000,nil,0x80000000,0x80000000,Creature-0-4457-249-1045-7484-0000A86C81,"Windfury Totem III",0x2114,0x0
4/28 18:50:49.980  SPELL_DAMAGE,Pet-0-4457-249-1045-7432-01002D8BC6,"Cat",0x1114,0x0,Creature-0-4457-249-1045-10184-000028665C,"Onyxia",0x10a48,0x0,17261,"Bite",0x1,Creature-0-4457-249-1045-10184-000028665C,0000000000000000,42,100,0,0,0,-1,0,0,0,-15.81,-185.72,0,3.4822,63,116,146,-1,1,0,0,0,nil,nil,nil
4/28 18:50:50.078  SPELL_CAST_SUCCESS,Player-4755-01733879,"Hocwar-Dreadmist",0x40514,0x0,Creature-0-4457-249-1045-10184-000028665C,"Onyxia",0x10a48,0x0,11597,"Sunder Armor",0x1,Player-4755-01733879,0000000000000000,100,100,0,0,0,-1,0,0,0,0.35,-192.36,0,2.7038,71
4/28 18:50:50.230  SPELL_DAMAGE,Player-4755-01802FE5,"Angrybat-Dreadmist",0x514,0x0,Creature-0-4457-249-1045-10184-000028665C,"Onyxia",0x10a48,0x0,10181,"Frostbolt",0x10,Creature-0-4457-249-1045-10184-000028665C,0000000000000000,42,100,0,0,0,-1,0,0,0,-15.81,-185.72,0,3.4822,63,974,885,-1,16,0,0,0,nil,nil,nil
4/28 18:50:50.263  SPELL_CAST_START,Player-4755-01804B95,"Moymoy-Dreadmist",0x514,0x0,0000000000000000,nil,0x80000000,0x80000000,939,"Healing Wave",0x8
4/28 18:50:50.300  SPELL_CAST_START,Creature-0-4457-249-1045-10184-000028665C,"Onyxia",0x10a48,0x0,0000000000000000,nil,0x80000000,0x80000000,18392,"Fireball",0x4
4/28 18:50:50.300  SPELL_PERIODIC_DAMAGE,Player-4755-01F36B30,"Rectumqeef-Dreadmist",0x514,0x0,Creature-0-4457-249-1045-10184-000028665C,"Onyxia",0x10a48,0x0,11672,"Corruption",0x20,Creature-0-4457-249-1045-10184-000028665C,0000000000000000,42,100,0,0,0,-1,0,0,0,-15.81,-185.72,0,4.1006,63,269,203,-1,32,0,0,0,nil,nil,nil
4/28 18:50:50.392  UNIT_DIED,0000000000000000,nil,0x80000000,0x80000000,Player-4755-0178F576,"Atreas-Dreadmist",0x514,0x0
4/28 18:50:50.414  SPELL_CAST_SUCCESS,Player-4755-01FA8DD8,"Roackerita-Dreadmist",0x514,0x0,Player-4755-01614AC7,"Mirrimazduur-Dreadmist",0x512,0x0,2055,"Heal",0x2,Player-4755-01FA8DD8,0000000000000000,100,100,0,0,0,-1,0,0,0,16.26,-194.25,0,3.7949,69
4/28 18:50:50.492  SPELL_CAST_SUCCESS,Player-4755-01BC57A3,"Saintis-Dreadmist",0x511,0x0,Player-4755-01FA8D0D,"Roackeru-Dreadmist",0x514,0x0,2053,"Lesser Heal",0x2,Player-4755-01BC57A3,0000000000000000,100,100,0,0,0,-1,0,0,0,19.93,-222.07,0,1.9216,68
4/28 18:50:50.492  SPELL_CAST_START,Player-4755-01FA8DD8,"Roackerita-Dreadmist",0x514,0x0,0000000000000000,nil,0x80000000,0x80000000,2055,"Heal",0x2
4/28 18:50:50.553  RANGE_DAMAGE,Player-4755-01B60A5F,"Zurok-Dreadmist",0x514,0x0,Creature-0-4457-249-1045-10184-000028665C,"Onyxia",0x10a48,0x0,75,"Auto Shot",0x1,Creature-0-4457-249-1045-10184-000028665C,0000000000000000,42,100,0,0,0,-1,0,0,0,-15.81,-185.72,0,4.1006,63,853,455,-1,1,0,0,0,1,nil,nil
4/28 18:50:50.590  SPELL_CAST_SUCCESS,Player-4755-01F36B30,"Rectumqeef-Dreadmist",0x514,0x0,0000000000000000,nil,0x80000000,0x80000000,11689,"Life Tap",0x20,Player-4755-01F36B30,0000000000000000,72,100,0,0,0,-1,0,0,0,32.65,-224.05,0,2.2230,66
4/28 18:50:50.590  SPELL_PERIODIC_ENERGIZE,Creature-0-4457-249-1045-7416-0000286CC9,"Mana Spring Totem IV",0x2114,0x0,Player-4755-0178F576,"Atreas-Dreadmist",0x514,0x0,10494,"Mana Spring",0x8,Player-4755-0178F576,0000000000000000,100,100,0,0,0,-1,0,0,0,-38.68,-193.83,0,0.2635,66,10.0000,0.0000,0,3765
4/28 18:50:50.590  SPELL_PERIODIC_ENERGIZE,Creature-0-4457-249-1045-7416-0000286CC9,"Mana Spring Totem IV",0x2114,0x0,Player-4755-016296D3,"Nivl-Dreadmist",0x514,0x0,10494,"Mana Spring",0x8,Player-4755-016296D3,0000000000000000,82,100,0,0,0,-1,0,0,0,-16.17,-180.58,0,0.9086,69,10.0000,0.0000,0,5845
4/28 18:50:50.783  SPELL_AURA_APPLIED,Pet-0-4457-249-1045-7456-03003178E8,"Owl",0x1114,0x0,Pet-0-4457-249-1045-7456-03003178E8,"Owl",0x1114,0x0,23148,"Dive",0x1,BUFF
4/28 18:50:50.783  SPELL_CAST_SUCCESS,Pet-0-4457-249-1045-7456-03003178E8,"Owl",0x1114,0x0,0000000000000000,nil,0x80000000,0x80000000,23148,"Dive",0x1,Pet-0-4457-249-1045-7456-03003178E8,Player-4755-01B60A5F,100,100,0,0,0,-1,0,0,0,3.81,-189.02,0,2.9751,62
4/28 18:50:50.783  SPELL_HEAL,Player-4755-01FA8DD8,"Roackerita-Dreadmist",0x514,0x0,Player-4755-01614AC7,"Mirrimazduur-Dreadmist",0x512,0x0,2055,"Heal",0x2,Player-4755-01614AC7,0000000000000000,73,100,0,0,0,-1,0,0,0,4.54,-173.80,0,3.9924,68,1103,1103,0,0,nil
4/28 18:50:50.783  SPELL_HEAL,Player-4755-01BC57A3,"Saintis-Dreadmist",0x511,0x0,Player-4755-01FA8D0D,"Roackeru-Dreadmist",0x514,0x0,2053,"Lesser Heal",0x2,Player-4755-01FA8D0D,0000000000000000,100,100,0,0,0,-1,0,0,0,29.89,-232.68,0,2.5290,65,467,467,0,0,nil
4/28 18:50:50.783  SPELL_ENERGIZE,Player-4755-01F36B30,"Rectumqeef-Dreadmist",0x514,0x0,Player-4755-01F36B30,"Rectumqeef-Dreadmist",0x514,0x0,31818,"Life Tap",0x20,Player-4755-01F36B30,0000000000000000,72,100,0,0,0,-1,0,0,0,32.65,-224.05,0,2.2230,66,935.0000,0.0000,0,5218
4/28 18:50:50.809  SPELL_CAST_SUCCESS,Player-4755-0163DD9D,"Kaspais-Dreadmist",0x514,0x0,Creature-0-4457-249-1045-10184-000028665C,"Onyxia",0x10a48,0x0,10181,"Frostbolt",0x10,Player-4755-0163DD9D,0000000000000000,100,100,0,0,0,-1,0,0,0,-21.59,-193.96,0,1.0774,66
4/28 18:50:50.809  SPELL_CAST_START,Player-4755-0163DD9D,"Kaspais-Dreadmist",0x514,0x0,0000000000000000,nil,0x80000000,0x80000000,10181,"Frostbolt",0x10
4/28 18:50:50.809  SPELL_PERIODIC_HEAL,Player-4755-01FA8DD8,"Roackerita-Dreadmist",0x514,0x0,Player-4755-0220BD00,"Krikoff-Dreadmist",0x40514,0x0,6078,"Renew",0x2,Player-4755-0220BD00,0000000000000000,100,100,0,0,0,-1,0,0,0,-9.31,-183.86,0,3.5579,68,236,236,236,0,nil
4/28 18:50:50.809  SPELL_AURA_REMOVED,Player-4755-01FA8DD8,"Roackerita-Dreadmist",0x514,0x0,Player-4755-0220BD00,"Krikoff-Dreadmist",0x40514,0x0,6078,"Renew",0x2,BUFF
4/28 18:50:50.809  SPELL_CAST_SUCCESS,Player-4755-01FA8D0D,"Roackeru-Dreadmist",0x514,0x0,0000000000000000,nil,0x80000000,0x80000000,11689,"Life Tap",0x20,Player-4755-01FA8D0D,0000000000000000,87,100,0,0,0,-1,0,0,0,29.89,-232.68,0,2.5290,65
4/28 18:50:50.845  SPELL_CAST_START,Player-4755-01BC57A3,"Saintis-Dreadmist",0x511,0x0,0000000000000000,nil,0x80000000,0x80000000,6063,"Heal",0x2
4/28 18:50:50.862  SPELL_PERIODIC_HEAL,Player-4755-02045EF4,"Necrosini-Dreadmist",0x512,0x0,Player-4755-01FA8D0D,"Roackeru-Dreadmist",0x514,0x0,10929,"Renew",0x2,Player-4755-01FA8D0D,0000000000000000,92,100,0,0,0,-1,0,0,0,29.89,-232.68,0,2.5290,65,253,253,0,0,nil
4/28 18:50:50.862  SPELL_PERIODIC_HEAL,Player-4755-01FA8DD8,"Roackerita-Dreadmist",0x514,0x0,Player-4755-01617EEE,"Fenix-Dreadmist",0x512,0x0,6078,"Renew",0x2,Player-4755-01617EEE,0000000000000000,100,100,0,0,0,-1,0,0,0,14.83,-172.85,0,5.9318,66,236,236,236,0,nil
4/28 18:50:50.910  SPELL_AURA_REMOVED_DOSE,Player-4755-01FA8D0D,"Roackeru-Dreadmist",0x514,0x0,Creature-0-4457-249-1045-10184-000028665C,"Onyxia",0x10a48,0x0,17800,"Shadow Vulnerability",0x20,DEBUFF,3
4/28 18:50:50.910  SPELL_DAMAGE,Player-4755-01FA8D0D,"Roackeru-Dreadmist",0x514,0x0,Creature-0-4457-249-1045-10184-000028665C,"Onyxia",0x10a48,0x0,11661,"Shadow Bolt",0x20,Creature-0-4457-249-1045-10184-000028665C,0000000000000000,41,100,0,0,0,-1,0,0,0,-15.81,-185.72,0,4.1006,63,951,864,-1,32,0,0,0,nil,nil,nil
4/28 18:50:51.121  SPELL_CAST_SUCCESS,Player-4755-01ED7A64,"Sperzieboon-Dreadmist",0x514,0x0,Player-4755-01AC9FD9,"Alexinho-Dreadmist",0x514,0x0,9474,"Flash Heal",0x2,Player-4755-01ED7A64,0000000000000000,100,100,0,0,0,-1,0,0,0,28.45,-229.30,0,1.7613,67
4/28 18:50:51.121  SPELL_AURA_REMOVED_DOSE,Player-4755-01FA8D0D,"Roackeru-Dreadmist",0x514,0x0,Creature-0-4457-249-1045-10184-000028665C,"Onyxia",0x10a48,0x0,17800,"Shadow Vulnerability",0x20,DEBUFF,2
4/28 18:50:51.121  SPELL_DAMAGE,Player-4755-01614AC7,"Mirrimazduur-Dreadmist",0x512,0x0,Creature-0-4457-249-1045-10184-000028665C,"Onyxia",0x10a48,0x0,11661,"Shadow Bolt",0x20,Creature-0-4457-249-1045-10184-000028665C,0000000000000000,41,100,0,0,0,-1,0,0,0,-15.81,-185.72,0,4.1006,63,1184,896,-1,32,0,0,0,nil,nil,nil
4/28 18:50:51.180  UNIT_DESTROYED,0000000000000000,nil,0x80000000,0x80000000,Creature-0-4457-249-1045-7425-0000286C82,"Fire Resistance Totem III",0x2114,0x0
4/28 18:50:51.196  SPELL_ENERGIZE,Player-4755-01FA8D0D,"Roackeru-Dreadmist",0x514,0x0,Player-4755-01FA8D0D,"Roackeru-Dreadmist",0x514,0x0,31818,"Life Tap",0x20,Player-4755-01FA8D0D,0000000000000000,92,100,0,0,0,-1,0,0,0,29.89,-232.68,0,2.5290,65,836.0000,0.0000,0,6373
4/28 18:50:51.196  SPELL_HEAL,Player-4755-01ED7A64,"Sperzieboon-Dreadmist",0x514,0x0,Player-4755-01AC9FD9,"Alexinho-Dreadmist",0x514,0x0,9474,"Flash Heal",0x2,Player-4755-01AC9FD9,0000000000000000,100,100,0,0,0,-1,0,0,0,12.50,-199.57,0,2.7319,66,720,720,720,0,nil
4/28 18:50:51.196  SPELL_AURA_REMOVED,Player-4755-0210153A,"Hapuseneb-Dreadmist",0x514,0x0,Player-4755-01B60A5F,"Zurok-Dreadmist",0x514,0x0,15359,"Inspiration",0x2,BUFF
4/28 18:50:51.232  SPELL_AURA_APPLIED,Player-4755-01A6B139,"Sakatan-Dreadmist",0x514,0x0,Player-4755-01A6B139,"Sakatan-Dreadmist",0x514,0x0,18610,"First Aid",0x1,BUFF
4/28 18:50:51.232  SPELL_CAST_SUCCESS,Player-4755-01A6B139,"Sakatan-Dreadmist",0x514,0x0,Player-4755-01A6B139,"Sakatan-Dreadmist",0x514,0x0,18610,"First Aid",0x1,Player-4755-01A6B139,0000000000000000,47,100,0,0,0,-1,0,0,0,21.38,-185.02,0,3.7117,69
4/28 18:50:51.277  RANGE_DAMAGE,Player-4755-020BD78D,"Lonehunter-Dreadmist",0x514,0x0,Creature-0-4457-249-1045-10184-000028665C,"Onyxia",0x10a48,0x0,75,"Auto Shot",0x1,Creature-0-4457-249-1045-10184-000028665C,0000000000000000,41,100,0,0,0,-1,0,0,0,-15.81,-185.72,0,4.1006,63,821,443,-1,1,0,0,0,1,nil,nil
4/28 18:50:51.337  SPELL_AURA_REMOVED_DOSE,Player-4755-01FA8D0D,"Roackeru-Dreadmist",0x514,0x0,Creature-0-4457-249-1045-10184-000028665C,"Onyxia",0x10a48,0x0,17800,"Shadow Vulnerability",0x20,DEBUFF,1
4/28 18:50:51.337  SPELL_DAMAGE,Player-4755-01F36B30,"Rectumqeef-Dreadmist",0x514,0x0,Creature-0-4457-249-1045-10184-000028665C,"Onyxia",0x10a48,0x0,11661,"Shadow Bolt",0x20,Creature-0-4457-249-1045-10184-000028665C,0000000000000000,41,100,0,0,0,-1,0,0,0,-15.81,-185.72,0,4.1006,63,802,971,-1,32,243,0,0,nil,nil,nil
4/28 18:50:51.471  SPELL_AURA_APPLIED,Player-4755-0163DD9D,"Kaspais-Dreadmist",0x514,0x0,Player-4755-0163DD9D,"Kaspais-Dreadmist",0x514,0x0,10225,"Fire Ward",0x4,BUFF
4/28 18:50:51.471  SPELL_CAST_SUCCESS,Player-4755-0163DD9D,"Kaspais-Dreadmist",0x514,0x0,0000000000000000,nil,0x80000000,0x80000000,10225,"Fire Ward",0x4,Player-4755-0163DD9D,0000000000000000,100,100,0,0,0,-1,0,0,0,-23.69,-192.83,0,1.0774,66
4/28 18:50:51.487  SPELL_DAMAGE,Player-4755-0163DD9D,"Kaspais-Dreadmist",0x514,0x0,Creature-0-4457-249-1045-10184-000028665C,"Onyxia",0x10a48,0x0,10181,"Frostbolt",0x10,Creature-0-4457-249-1045-10184-000028665C,0000000000000000,41,100,0,0,0,-1,0,0,0,-15.81,-185.72,0,4.1006,63,1896,861,-1,16,0,0,0,1,nil,nil
4/28 18:50:51.603  SPELL_AURA_APPLIED,Player-4755-01A6B139,"Sakatan-Dreadmist",0x514,0x0,Player-4755-01A6B139,"Sakatan-Dreadmist",0x514,0x0,11196,"Recently Bandaged",0x1,DEBUFF
4/28 18:50:51.725  SPELL_CAST_SUCCESS,Player-4755-015FEBD5,"Sauvage-Dreadmist",0x514,0x0,Creature-0-4457-249-1045-10184-000028665C,"Onyxia",0x10a48,0x0,10181,"Frostbolt",0x10,Player-4755-015FEBD5,0000000000000000,100,100,0,0,0,-1,0,0,0,-0.69,-185.74,0,2.7740,64
4/28 18:50:51.837  SPELL_CAST_START,Player-4755-0178F416,"Eltorero-Dreadmist",0x514,0x0,0000000000000000,nil,0x80000000,0x80000000,2480,"Shoot Bow",0x1
4/28 18:50:51.925  SPELL_PERIODIC_DAMAGE,Player-4755-01614AC7,"Mirrimazduur-Dreadmist",0x512,0x0,Creature-0-4457-249-1045-10184-000028665C,"Onyxia",0x10a48,0x0,11672,"Corruption",0x20,Creature-0-4457-249-1045-10184-000028665C,0000000000000000,41,100,0,0,0,-1,0,0,0,-15.81,-185.72,0,4.1006,63,249,188,-1,32,0,0,0,nil,nil,nil
4/28 18:50:51.983  SPELL_CAST_START,Player-4755-020BD78D,"Lonehunter-Dreadmist",0x514,0x0,0000000000000000,nil,0x80000000,0x80000000,75,"Auto Shot",0x1
4/28 18:50:51.983  SPELL_CAST_SUCCESS,Player-4755-01802FE5,"Angrybat-Dreadmist",0x514,0x0,Creature-0-4457-249-1045-10184-000028665C,"Onyxia",0x10a48,0x0,10181,"Frostbolt",0x10,Player-4755-01802FE5,0000000000000000,100,100,0,0,0,-1,0,0,0,-21.09,-197.29,0,1.1304,66
4/28 18:50:51.983  SPELL_CAST_START,Player-4755-01802FE5,"Angrybat-Dreadmist",0x514,0x0,0000000000000000,nil,0x80000000,0x80000000,10181,"Frostbolt",0x10
4/28 18:50:52.015  SPELL_PERIODIC_HEAL,Player-4755-02045EF4,"Necrosini-Dreadmist",0x512,0x0,Player-4755-01614AC7,"Mirrimazduur-Dreadmist",0x512,0x0,10929,"Renew",0x2,Player-4755-01614AC7,0000000000000000,79,100,0,0,0,-1,0,0,0,4.54,-173.80,0,3.9924,68,253,253,0,0,nil
4/28 18:50:52.015  SPELL_AURA_REMOVED,Player-4755-02045EF4,"Necrosini-Dreadmist",0x512,0x0,Player-4755-01614AC7,"Mirrimazduur-Dreadmist",0x512,0x0,10929,"Renew",0x2,BUFF
4/28 18:50:52.075  SPELL_CAST_START,Player-4755-015FEBD5,"Sauvage-Dreadmist",0x514,0x0,0000000000000000,nil,0x80000000,0x80000000,10181,"Frostbolt",0x10
4/28 18:50:52.238  SPELL_PERIODIC_HEAL,Player-4755-01A6B139,"Sakatan-Dreadmist",0x514,0x0,Player-4755-01A6B139,"Sakatan-Dreadmist",0x514,0x0,18610,"First Aid",0x1,Player-4755-01A6B139,0000000000000000,52,100,0,0,0,-1,0,0,0,21.38,-185.02,0,3.7117,69,250,250,0,0,nil
4/28 18:50:52.267  SPELL_CAST_START,Player-4755-01B60A5F,"Zurok-Dreadmist",0x514,0x0,0000000000000000,nil,0x80000000,0x80000000,75,"Auto Shot",0x1
4/28 18:50:52.324  SPELL_CAST_SUCCESS,Player-4755-01614AC7,"Mirrimazduur-Dreadmist",0x512,0x0,Creature-0-4457-249-1045-10184-000028665C,"Onyxia",0x10a48,0x0,11661,"Shadow Bolt",0x20,Player-4755-01614AC7,0000000000000000,79,100,0,0,0,-1,0,0,0,4.54,-173.80,0,3.9924,68
4/28 18:50:52.338  SPELL_CAST_START,Player-4755-0210153A,"Hapuseneb-Dreadmist",0x514,0x0,0000000000000000,nil,0x80000000,0x80000000,2053,"Lesser Heal",0x2
4/28 18:50:52.383  SPELL_CAST_SUCCESS,Pet-0-4457-249-1045-7456-03003178E8,"Owl",0x1114,0x0,Creature-0-4457-249-1045-10184-000028665C,"Onyxia",0x10a48,0x0,24579,"Screech",0x1,Pet-0-4457-249-1045-7456-03003178E8,Player-4755-01B60A5F,100,100,0,0,0,-1,0,0,0,3.81,-189.02,0,2.9751,62
4/28 18:50:52.401  SPELL_DAMAGE,Pet-0-4457-249-1045-7456-03003178E8,"Owl",0x1114,0x0,Creature-0-4457-249-1045-10184-000028665C,"Onyxia",0x10a48,0x0,24579,"Screech",0x1,Creature-0-4457-249-1045-10184-000028665C,0000000000000000,41,100,0,0,0,-1,0,0,0,-15.81,-185.72,0,4.1006,63,28,36,-1,1,0,0,0,nil,nil,nil
4/28 18:50:52.401  SPELL_AURA_APPLIED,Pet-0-4457-249-1045-7456-03003178E8,"Owl",0x1114,0x0,Creature-0-4457-249-1045-10184-000028665C,"Onyxia",0x10a48,0x0,24579,"Screech",0x1,DEBUFF
4/28 18:50:52.433  SPELL_PERIODIC_HEAL,Player-4755-01FA8DD8,"Roackerita-Dreadmist",0x514,0x0,Player-4755-01F21AE6,"Blahu-Dreadmist",0x40514,0x0,6078,"Renew",0x2,Player-4755-01F21AE6,0000000000000000,100,100,0,0,0,-1,0,0,0,-32.70,-217.83,0,1.6405,70,236,236,236,0,nil
4/28 18:50:52.433  SPELL_AURA_REMOVED,Player-4755-01FA8DD8,"Roackerita-Dreadmist",0x514,0x0,Player-4755-01F21AE6,"Blahu-Dreadmist",0x40514,0x0,6078,"Renew",0x2,BUFF
4/28 18:50:52.433  SPELL_CAST_SUCCESS,Player-4755-020BD78D,"Lonehunter-Dreadmist",0x514,0x0,Creature-0-4457-249-1045-10184-000028665C,"Onyxia",0x10a48,0x0,75,"Auto Shot",0x1,Player-4755-020BD78D,0000000000000000,100,100,0,0,0,-1,0,0,0,26.35,-218.42,0,2.7716,70
4/28 18:50:52.433  SPELL_AURA_REMOVED,Player-4755-01FA8DD8,"Roackerita-Dreadmist",0x514,0x0,Player-4755-01802FE5,"Angrybat-Dreadmist",0x514,0x0,10901,"Power Word: Shield",0x2,BUFF
4/28 18:50:52.469  SPELL_CAST_SUCCESS,Player-4755-02045EF4,"Necrosini-Dreadmist",0x512,0x0,Player-4755-01A6B139,"Sakatan-Dreadmist",0x514,0x0,6064,"Heal",0x2,Player-4755-02045EF4,0000000000000000,100,100,0,0,0,-1,0,0,0,27.20,-209.77,0,2.8868,69
4/28 18:50:52.499  SPELL_DAMAGE,Player-4755-015FEBD5,"Sauvage-Dreadmist",0x514,0x0,Creature-0-4457-249-1045-10184-000028665C,"Onyxia",0x10a48,0x0,10181,"Frostbolt",0x10,Creature-0-4457-249-1045-10184-000028665C,0000000000000000,41,100,0,0,0,-1,0,0,0,-15.81,-185.72,0,4.1006,63,895,813,-1,16,0,0,0,nil,nil,nil
4/28 18:50:52.575  SPELL_CAST_SUCCESS,Player-4755-01614AC7,"Mirrimazduur-Dreadmist",0x512,0x0,0000000000000000,nil,0x80000000,0x80000000,11689,"Life Tap",0x20,Player-4755-01614AC7,0000000000000000,63,100,0,0,0,-1,0,0,0,4.54,-173.80,0,3.9924,68
4/28 18:50:52.590  SPELL_PERIODIC_ENERGIZE,Creature-0-4457-249-1045-7416-0000286CC9,"Mana Spring Totem IV",0x2114,0x0,Player-4755-016296D3,"Nivl-Dreadmist",0x514,0x0,10494,"Mana Spring",0x8,Player-4755-016296D3,0000000000000000,82,100,0,0,0,-1,0,0,0,-9.81,-174.04,0,0.2094,69,10.0000,0.0000,0,5845
4/28 18:50:52.590  SPELL_PERIODIC_ENERGIZE,Creature-0-4457-249-1045-7416-0000286CC9,"Mana Spring Totem IV",0x2114,0x0,Player-4755-0178F576,"Atreas-Dreadmist",0x514,0x0,10494,"Mana Spring",0x8,Player-4755-0178F576,0000000000000000,100,100,0,0,0,-1,0,0,0,-38.68,-193.83,0,0.2635,66,10.0000,0.0000,0,3765
4/28 18:50:52.721  SPELL_CAST_SUCCESS,Player-4755-01B60A5F,"Zurok-Dreadmist",0x514,0x0,Creature-0-4457-249-1045-10184-000028665C,"Onyxia",0x10a48,0x0,75,"Auto Shot",0x1,Player-4755-01B60A5F,0000000000000000,100,100,0,0,0,-1,0,0,0,19.84,-207.68,0,2.4407,62
4/28 18:50:52.736  SPELL_DAMAGE,Player-4755-01802FE5,"Angrybat-Dreadmist",0x514,0x0,Creature-0-4457-249-1045-10184-000028665C,"Onyxia",0x10a48,0x0,10181,"Frostbolt",0x10,Creature-0-4457-249-1045-10184-000028665C,0000000000000000,41,100,0,0,0,-1,0,0,0,-15.81,-185.72,0,4.1006,63,988,898,-1,16,0,0,0,nil,nil,nil
4/28 18:50:52.756  SPELL_CAST_SUCCESS,Player-4755-01804B95,"Moymoy-Dreadmist",0x514,0x0,Player-4755-01F36B30,"Rectumqeef-Dreadmist",0x514,0x0,939,"Healing Wave",0x8,Player-4755-01804B95,0000000000000000,100,100,0,0,0,-1,0,0,0,20.04,-229.85,0,1.6387,66
4/28 18:50:52.772  SPELL_PERIODIC_ENERGIZE,Player-4755-01802FE5,"Angrybat-Dreadmist",0x514,0x0,Player-4755-01802FE5,"Angrybat-Dreadmist",0x514,0x0,18194,"Mana Regeneration",0x1,Player-4755-01802FE5,0000000000000000,100,100,0,0,0,-1,0,0,0,-21.09,-197.29,0,1.1304,66,8.0000,0.0000,0,6033
4/28 18:50:52.772  SPELL_CAST_SUCCESS,Player-4755-016296D3,"Nivl-Dreadmist",0x514,0x0,0000000000000000,nil,0x80000000,0x80000000,10497,"Mana Spring Totem",0x10,Player-4755-016296D3,0000000000000000,82,100,0,0,0,-1,0,0,0,-8.54,-173.77,0,0.2094,69
4/28 18:50:52.772  SPELL_SUMMON,Player-4755-016296D3,"Nivl-Dreadmist",0x514,0x0,Creature-0-4457-249-1045-7416-0000286CFC,"Mana Spring Totem IV",0xa28,0x0,10497,"Mana Spring Totem",0x10
4/28 18:50:52.810  UNIT_DESTROYED,0000000000000000,nil,0x80000000,0x80000000,Creature-0-4457-249-1045-7484-0000286C84,"Windfury Totem III",0x2114,0x0
4/28 18:50:52.810  SPELL_HEAL,Player-4755-02045EF4,"Necrosini-Dreadmist",0x512,0x0,Player-4755-01A6B139,"Sakatan-Dreadmist",0x514,0x0,6064,"Heal",0x2,Player-4755-01A6B139,0000000000000000,78,100,0,0,0,-1,0,0,0,21.38,-185.02,0,3.7117,69,1194,1194,0,0,nil
4/28 18:50:52.810  SPELL_ENERGIZE,Player-4755-01614AC7,"Mirrimazduur-Dreadmist",0x512,0x0,Player-4755-01614AC7,"Mirrimazduur-Dreadmist",0x512,0x0,31818,"Life Tap",0x20,Player-4755-01614AC7,0000000000000000,63,100,0,0,0,-1,0,0,0,4.54,-173.80,0,3.9924,68,856.0000,0.0000,0,5098
4/28 18:50:52.810  SPELL_HEAL,Player-4755-01804B95,"Moymoy-Dreadmist",0x514,0x0,Player-4755-01F36B30,"Rectumqeef-Dreadmist",0x514,0x0,939,"Healing Wave",0x8,Player-4755-01F36B30,0000000000000000,92,100,0,0,0,-1,0,0,0,32.65,-224.05,0,2.3251,66,911,911,0,0,nil
4/28 18:50:52.810  SPELL_AURA_APPLIED_DOSE,Player-4755-01804B95,"Moymoy-Dreadmist",0x514,0x0,Player-4755-01F36B30,"Rectumqeef-Dreadmist",0x514,0x0,29203,"Healing Way",0x2,BUFF,2
4/28 18:50:52.829  SPELL_PERIODIC_HEAL,Player-4755-0210153A,"Hapuseneb-Dreadmist",0x514,0x0,Player-4755-01F36B30,"Rectumqeef-Dreadmist",0x514,0x0,10929,"Renew",0x2,Player-4755-01F36B30,0000000000000000,99,100,0,0,0,-1,0,0,0,32.65,-224.05,0,2.3251,66,292,292,0,0,nil
4/28 18:50:52.829  SPELL_AURA_REMOVED,Player-4755-0210153A,"Hapuseneb-Dreadmist",0x514,0x0,Player-4755-01F36B30,"Rectumqeef-Dreadmist",0x514,0x0,10929,"Renew",0x2,BUFF
4/28 18:50:52.934  SPELL_CAST_SUCCESS,Player-4755-01FA8D0D,"Roackeru-Dreadmist",0x514,0x0,0000000000000000,nil,0x80000000,0x80000000,11689,"Life Tap",0x20,Player-4755-01FA8D0D,0000000000000000,79,100,0,0,0,-1,0,0,0,27.30,-224.85,0,1.7553,65
4/28 18:50:52.979  SPELL_CAST_START,Player-4755-0163DD9D,"Kaspais-Dreadmist",0x514,0x0,0000000000000000,nil,0x80000000,0x80000000,10181,"Frostbolt",0x10
4/28 18:50:52.996  SPELL_CAST_SUCCESS,Player-4755-01FA8DD8,"Roackerita-Dreadmist",0x514,0x0,Player-4755-01A6B139,"Sakatan-Dreadmist",0x514,0x0,2055,"Heal",0x2,Player-4755-01FA8DD8,0000000000000000,100,100,0,0,0,-1,0,0,0,16.26,-194.25,0,3.7949,69
4/28 18:50:53.110  SPELL_CAST_START,Player-4755-020BD78D,"Lonehunter-Dreadmist",0x514,0x0,0000000000000000,nil,0x80000000,0x80000000,20904,"Aimed Shot",0x1
4/28 18:50:53.219  SPELL_ENERGIZE,Player-4755-01FA8D0D,"Roackeru-Dreadmist",0x514,0x0,Player-4755-01FA8D0D,"Roackeru-Dreadmist",0x514,0x0,31818,"Life Tap",0x20,Player-4755-01FA8D0D,0000000000000000,79,100,0,0,0,-1,0,0,0,26.97,-222.73,0,1.7004,65,836.0000,0.0000,0,6373
4/28 18:50:53.219  SPELL_HEAL,Player-4755-01FA8DD8,"Roackerita-Dreadmist",0x514,0x0,Player-4755-01A6B139,"Sakatan-Dreadmist",0x514,0x0,2055,"Heal",0x2,Player-4755-01A6B139,0000000000000000,100,100,0,0,0,-1,0,0,0,21.38,-185.02,0,3.7117,69,1125,1125,72,0,nil
4/28 18:50:53.239  SPELL_PERIODIC_HEAL,Player-4755-01A6B139,"Sakatan-Dreadmist",0x514,0x0,Player-4755-01A6B139,"Sakatan-Dreadmist",0x514,0x0,18610,"First Aid",0x1,Player-4755-01A6B139,0000000000000000,100,100,0,0,0,-1,0,0,0,21.38,-185.02,0,3.7117,69,250,250,250,0,nil
4/28 18:50:53.239  SPELL_CAST_START,Player-4755-01804B95,"Moymoy-Dreadmist",0x514,0x0,0000000000000000,nil,0x80000000,0x80000000,939,"Healing Wave",0x8
4/28 18:50:53.283  SPELL_AURA_APPLIED,Player-4755-01AC9FD9,"Alexinho-Dreadmist",0x514,0x0,Player-4755-01AC9FD9,"Alexinho-Dreadmist",0x514,0x0,1787,"Stealth",0x1,BUFF
4/28 18:50:53.283  SPELL_CAST_SUCCESS,Player-4755-01AC9FD9,"Alexinho-Dreadmist",0x514,0x0,0000000000000000,nil,0x80000000,0x80000000,1857,"Vanish",0x1,Player-4755-01AC9FD9,0000000000000000,100,100,0,0,0,-1,0,0,0,5.42,-195.09,0,2.3746,66
4/28 18:50:53.300  SPELL_CAST_START,Player-4755-01FA8DD8,"Roackerita-Dreadmist",0x514,0x0,0000000000000000,nil,0x80000000,0x80000000,2055,"Heal",0x2
4/28 18:50:53.300  SPELL_PERIODIC_DAMAGE,Player-4755-01F36B30,"Rectumqeef-Dreadmist",0x514,0x0,Creature-0-4457-249-1045-10184-000028665C,"Onyxia",0x10a48,0x0,11672,"Corruption",0x20,Creature-0-4457-249-1045-10184-000028665C,0000000000000000,41,100,0,0,0,-1,0,0,0,-15.81,-185.72,0,4.1006,63,269,203,-1,32,0,0,0,nil,nil,nil
4/28 18:50:53.300  SPELL_CAST_SUCCESS,Creature-0-4457-249-1045-10184-000028665C,"Onyxia",0x10a48,0x0,Player-4755-0163DD9D,"Kaspais-Dreadmist",0x514,0x0,18392,"Fireball",0x4,Creature-0-4457-249-1045-10184-000028665C,0000000000000000,41,100,0,0,0,-1,0,0,0,-15.81,-185.72,0,4.1006,63
4/28 18:50:53.346  SPELL_CAST_SUCCESS,Player-4755-0178F416,"Eltorero-Dreadmist",0x514,0x0,Creature-0-4457-249-1045-10184-000028665C,"Onyxia",0x10a48,0x0,2480,"Shoot Bow",0x1,Player-4755-0178F416,0000000000000000,100,100,0,0,0,-1,0,0,0,0.52,-224.46,0,1.9696,67
4/28 18:50:53.362  SPELL_CAST_SUCCESS,Player-4755-01BC57A3,"Saintis-Dreadmist",0x511,0x0,Player-4755-01A6B139,"Sakatan-Dreadmist",0x514,0x0,6063,"Heal",0x2,Player-4755-01BC57A3,0000000000000000,100,100,0,0,0,-1,0,0,0,19.81,-222.11,0,1.9216,68
4/28 18:50:53.520  SPELL_AURA_REMOVED,Pet-0-4457-249-1045-7432-01002D8BC6,"Cat",0x1114,0x0,Pet-0-4457-249-1045-7432-01002D8BC6,"Cat",0x1114,0x0,19615,"Frenzy Effect",0x1,BUFF
4/28 18:50:53.597  SPELL_CAST_START,Creature-0-4457-249-1045-10184-000028665C,"Onyxia",0x10a48,0x0,0000000000000000,nil,0x80000000,0x80000000,18392,"Fireball",0x4
4/28 18:50:53.616  SPELL_HEAL,Player-4755-01BC57A3,"Saintis-Dreadmist",0x511,0x0,Player-4755-01A6B139,"Sakatan-Dreadmist",0x514,0x0,6063,"Heal",0x2,Player-4755-01A6B139,0000000000000000,100,100,0,0,0,-1,0,0,0,21.38,-185.02,0,3.7117,69,1210,1210,1210,0,nil
4/28 18:50:53.616  SPELL_DAMAGE,Creature-0-4457-249-1045-10184-000028665C,"Onyxia",0x10a48,0x0,Player-4755-0160BD13,"Mafkees-Dreadmist",0x514,0x0,18392,"Fireball",0x4,Player-4755-0160BD13,0000000000000000,42,100,0,0,0,-1,0,0,0,-23.23,-192.29,0,0.7288,64,1959,1781,-1,4,0,0,0,nil,nil,nil
4/28 18:50:53.616  SPELL_ABSORBED,Creature-0-4457-249-1045-10184-000028665C,"Onyxia",0x10a48,0x0,Player-4755-0163DD9D,"Kaspais-Dreadmist",0x514,0x0,18392,"Fireball",0x4,Player-4755-0163DD9D,"Kaspais-Dreadmist",0x514,0x0,10225,"Fire Ward",0x4,920,1988
4/28 18:50:53.616  SPELL_AURA_REMOVED,Player-4755-0163DD9D,"Kaspais-Dreadmist",0x514,0x0,Player-4755-0163DD9D,"Kaspais-Dreadmist",0x514,0x0,10225,"Fire Ward",0x4,BUFF
4/28 18:50:53.616  SPELL_DAMAGE,Creature-0-4457-249-1045-10184-000028665C,"Onyxia",0x10a48,0x0,Player-4755-0163DD9D,"Kaspais-Dreadmist",0x514,0x0,18392,"Fireball",0x4,Player-4755-0163DD9D,0000000000000000,82,100,0,0,0,-1,0,0,0,-24.85,-192.21,0,1.0146,66,571,1988,-1,4,497,0,920,nil,nil,nil
4/28 18:50:53.616  SPELL_DAMAGE,Creature-0-4457-249-1045-10184-000028665C,"Onyxia",0x10a48,0x0,Player-4755-01802FE5,"Angrybat-Dreadmist",0x514,0x0,18392,"Fireball",0x4,Player-4755-01802FE5,0000000000000000,68,100,0,0,0,-1,0,0,0,-21.09,-197.29,0,1.1304,66,1050,2099,-1,4,1050,0,0,nil,nil,nil
4/28 18:50:53.645  SPELL_CAST_START,Player-4755-01E83279,"Nlmasters-Dreadmist",0x514,0x8,0000000000000000,nil,0x80000000,0x80000000,75,"Auto Shot",0x1
4/28 18:50:53.680  SPELL_AURA_REMOVED,Player-4755-01FA8D0D,"Roackeru-Dreadmist",0x514,0x0,Creature-0-4457-249-1045-10184-000028665C,"Onyxia",0x10a48,0x0,17800,"Shadow Vulnerability",0x20,DEBUFF
4/28 18:50:53.680  SPELL_DAMAGE,Player-4755-01614AC7,"Mirrimazduur-Dreadmist",0x512,0x0,Creature-0-4457-249-1045-10184-000028665C,"Onyxia",0x10a48,0x0,11661,"Shadow Bolt",0x20,Creature-0-4457-249-1045-10184-000028665C,0000000000000000,41,100,0,0,0,-1,0,0,0,-15.81,-185.72,0,3.7644,63,1177,891,-1,32,0,0,0,nil,nil,nil
4/28 18:50:53.802  RANGE_DAMAGE,Player-4755-020BD78D,"Lonehunter-Dreadmist",0x514,0x0,Creature-0-4457-249-1045-10184-000028665C,"Onyxia",0x10a48,0x0,75,"Auto Shot",0x1,Creature-0-4457-249-1045-10184-000028665C,0000000000000000,41,100,0,0,0,-1,0,0,0,-15.81,-185.72,0,3.7644,63,365,463,-1,1,0,0,0,nil,nil,nil
4/28 18:50:53.821  RANGE_DAMAGE,Player-4755-01B60A5F,"Zurok-Dreadmist",0x514,0x0,Creature-0-4457-249-1045-10184-000028665C,"Onyxia",0x10a48,0x0,75,"Auto Shot",0x1,Creature-0-4457-249-1045-10184-000028665C,0000000000000000,41,100,0,0,0,-1,0,0,0,-15.81,-185.72,0,3.7644,63,360,457,-1,1,0,0,0,nil,nil,nil
4/28 18:50:53.856  SPELL_PERIODIC_HEAL,Player-4755-01FA8DD8,"Roackerita-Dreadmist",0x514,0x0,Player-4755-01617EEE,"Fenix-Dreadmist",0x512,0x0,6078,"Renew",0x2,Player-4755-01617EEE,0000000000000000,100,100,0,0,0,-1,0,0,0,25.66,-182.17,0,4.6320,66,236,236,236,0,nil
4/28 18:50:53.856  SPELL_PERIODIC_HEAL,Player-4755-02045EF4,"Necrosini-Dreadmist",0x512,0x0,Player-4755-01FA8D0D,"Roackeru-Dreadmist",0x514,0x0,10929,"Renew",0x2,Player-4755-01FA8D0D,0000000000000000,84,100,0,0,0,-1,0,0,0,26.68,-217.94,0,1.6022,65,253,253,0,0,nil
4/28 18:50:54.013  SPELL_CAST_SUCCESS,Pet-0-4457-249-1045-7456-03003178E8,"Owl",0x1114,0x0,Creature-0-4457-249-1045-10184-000028665C,"Onyxia",0x10a48,0x0,3009,"Claw",0x1,Pet-0-4457-249-1045-7456-03003178E8,Player-4755-01B60A5F,100,100,0,0,0,-1,0,0,0,3.81,-189.02,0,2.9751,62
4/28 18:50:54.013  SPELL_AURA_APPLIED,Pet-0-4457-249-1045-2850-01001956F9,"Kratos",0x1114,0x0,Pet-0-4457-249-1045-2850-01001956F9,"Kratos",0x1114,0x0,23110,"Dash",0x1,BUFF
4/28 18:50:54.013  SPELL_CAST_SUCCESS,Pet-0-4457-249-1045-2850-01001956F9,"Kratos",0x1114,0x0,0000000000000000,nil,0x80000000,0x80000000,23110,"Dash",0x1,Pet-0-4457-249-1045-2850-01001956F9,Player-4755-0178F576,100,100,0,0,0,-1,0,0,0,3.83,-191.37,0,2.8614,66
4/28 18:50:54.013  UNIT_DESTROYED,0000000000000000,nil,0x80000000,0x80000000,Creature-0-4457-249-1045-7403-0000286C85,"Strength of Earth Totem IV",0x2114,0x0
4/28 18:50:54.013  SPELL_AURA_APPLIED,Player-4755-01F36B30,"Rectumqeef-Dreadmist",0x514,0x0,Player-4755-01F36B30,"Rectumqeef-Dreadmist",0x514,0x0,17941,"Shadow Trance",0x20,BUFF
4/28 18:50:54.013  SPELL_DAMAGE,Pet-0-4457-249-1045-7456-03003178E8,"Owl",0x1114,0x0,Creature-0-4457-249-1045-10184-000028665C,"Onyxia",0x10a48,0x0,3009,"Claw",0x1,Creature-0-4457-249-1045-10184-000028665C,0000000000000000,41,100,0,0,0,-1,0,0,0,-15.81,-185.72,0,3.7644,63,63,80,-1,1,0,0,0,nil,nil,nil
4/28 18:50:54.076  SPELL_CAST_START,Player-4755-01614AC7,"Mirrimazduur-Dreadmist",0x512,0x0,0000000000000000,nil,0x80000000,0x80000000,11661,"Shadow Bolt",0x20
4/28 18:50:54.095  SPELL_CAST_SUCCESS,Player-4755-01E83279,"Nlmasters-Dreadmist",0x514,0x8,Creature-0-4457-249-1045-10184-000028665C,"Onyxia",0x10a48,0x0,75,"Auto Shot",0x1,Player-4755-01E83279,0000000000000000,100,100,0,0,0,-1,0,0,0,-48.31,-205.42,0,0.5514,70
4/28 18:50:54.095  SPELL_PERIODIC_ENERGIZE,Player-4755-01BC57A3,"Saintis-Dreadmist",0x511,0x0,Player-4755-01BC57A3,"Saintis-Dreadmist",0x511,0x0,18194,"Mana Regeneration",0x1,Player-4755-01BC57A3,0000000000000000,100,100,0,0,0,-1,0,0,0,20.70,-221.78,0,1.9216,68,8.0000,0.0000,0,7212
4/28 18:50:54.124  SPELL_CAST_START,Player-4755-01617EEE,"Fenix-Dreadmist",0x512,0x0,0000000000000000,nil,0x80000000,0x80000000,10916,"Flash Heal",0x2
4/28 18:50:54.124  SPELL_CAST_SUCCESS,Player-4755-01637B0A,"Pindle-Dreadmist",0x514,0x0,Creature-0-4457-249-1045-10184-000028665C,"Onyxia",0x10a48,0x0,11294,"Sinister Strike",0x1,Player-4755-01637B0A,0000000000000000,100,100,0,0,0,-1,0,0,0,-0.17,-201.87,0,1.9826,65
4/28 18:50:54.239  SPELL_PERIODIC_HEAL,Player-4755-01A6B139,"Sakatan-Dreadmist",0x514,0x0,Player-4755-01A6B139,"Sakatan-Dreadmist",0x514,0x0,18610,"First Aid",0x1,Player-4755-01A6B139,0000000000000000,100,100,0,0,0,-1,0,0,0,21.38,-185.02,0,3.7117,69,250,250,250,0,nil
4/28 18:50:54.362  SPELL_CAST_START,Player-4755-01BC57A3,"Saintis-Dreadmist",0x511,0x0,0000000000000000,nil,0x80000000,0x80000000,2055,"Heal",0x2
4/28 18:50:54.426  SPELL_DAMAGE,Player-4755-01637B0A,"Pindle-Dreadmist",0x514,0x0,Creature-0-4457-249-1045-10184-000028665C,"Onyxia",0x10a48,0x0,11294,"Sinister Strike",0x1,Creature-0-4457-249-1045-10184-000028665C,0000000000000000,41,100,0,0,0,-1,0,0,0,-15.81,-185.72,0,3.7644,63,200,253,-1,1,0,0,0,nil,nil,nil
4/28 18:50:54.456  RANGE_DAMAGE,Player-4755-0178F416,"Eltorero-Dreadmist",0x514,0x0,Creature-0-4457-249-1045-10184-000028665C,"Onyxia",0x10a48,0x0,2480,"Shoot Bow",0x1,Creature-0-4457-249-1045-10184-000028665C,0000000000000000,41,100,0,0,0,-1,0,0,0,-15.81,-185.72,0,3.7644,63,167,212,-1,1,0,0,0,nil,nil,nil
4/28 18:50:54.491  SPELL_CAST_START,Player-4755-01E83279,"Nlmasters-Dreadmist",0x514,0x8,0000000000000000,nil,0x80000000,0x80000000,20904,"Aimed Shot",0x1
4/28 18:50:54.550  SPELL_CAST_START,Player-4755-01B60A5F,"Zurok-Dreadmist",0x514,0x0,0000000000000000,nil,0x80000000,0x80000000,14290,"Multi-Shot",0x1
4/28 18:50:54.579  SPELL_CAST_SUCCESS,Player-4755-015FEBD5,"Sauvage-Dreadmist",0x514,0x0,Creature-0-4457-249-1045-10184-000028665C,"Onyxia",0x10a48,0x0,10181,"Frostbolt",0x10,Player-4755-015FEBD5,0000000000000000,100,100,0,0,0,-1,0,0,0,-0.69,-185.74,0,3.2767,64
4/28 18:50:54.579  SPELL_AURA_REMOVED,Player-4755-01733879,"Hocwar-Dreadmist",0x40514,0x0,Player-4755-01733879,"Hocwar-Dreadmist",0x40514,0x0,71,"Defensive Stance",0x1,BUFF
4/28 18:50:54.579  SPELL_AURA_APPLIED,Player-4755-01733879,"Hocwar-Dreadmist",0x40514,0x0,Player-4755-01733879,"Hocwar-Dreadmist",0x40514,0x0,2458,"Berserker Stance",0x1,BUFF
4/28 18:50:54.579  SPELL_CAST_SUCCESS,Player-4755-01733879,"Hocwar-Dreadmist",0x40514,0x0,0000000000000000,nil,0x80000000,0x80000000,2458,"Berserker Stance",0x1,Player-4755-01733879,0000000000000000,100,100,0,0,0,-1,0,0,0,2.15,-180.35,0,3.6974,71
4/28 18:50:54.819  SPELL_CAST_SUCCESS,Pet-0-4457-249-1045-7432-01002D8BC6,"Cat",0x1114,0x0,Creature-0-4457-249-1045-10184-000028665C,"Onyxia",0x10a48,0x0,3009,"Claw",0x1,Pet-0-4457-249-1045-7432-01002D8BC6,Player-4755-01E83279,88,100,0,0,0,-1,0,0,0,3.52,-192.28,0,2.8146,70
4/28 18:50:54.819  SPELL_MISSED,Pet-0-4457-249-1045-7432-01002D8BC6,"Cat",0x1114,0x0,Creature-0-4457-249-1045-10184-000028665C,"Onyxia",0x10a48,0x0,3009,"Claw",0x1,MISS,nil
4/28 18:50:54.916  SPELL_AURA_APPLIED,Player-4755-01733879,"Hocwar-Dreadmist",0x40514,0x0,Player-4755-01733879,"Hocwar-Dreadmist",0x40514,0x0,18499,"Berserker Rage",0x1,BUFF
4/28 18:50:54.916  SPELL_CAST_SUCCESS,Player-4755-01733879,"Hocwar-Dreadmist",0x40514,0x0,0000000000000000,nil,0x80000000,0x80000000,18499,"Berserker Rage",0x1,Player-4755-01733879,0000000000000000,100,100,0,0,0,-1,0,0,0,2.35,-180.83,0,3.6738,71
4/28 18:50:54.934  SPELL_PERIODIC_DAMAGE,Player-4755-01614AC7,"Mirrimazduur-Dreadmist",0x512,0x0,Creature-0-4457-249-1045-10184-000028665C,"Onyxia",0x10a48,0x0,11672,"Corruption",0x20,Creature-0-4457-249-1045-10184-000028665C,0000000000000000,41,100,0,0,0,-1,0,0,0,-15.81,-185.72,0,3.7644,63,207,188,-1,32,0,0,0,nil,nil,nil
4/28 18:50:54.934  SPELL_AURA_REMOVED,Player-4755-0160BD13,"Mafkees-Dreadmist",0x514,0x0,Player-4755-0160BD13,"Mafkees-Dreadmist",0x514,0x0,20007,"Holy Strength",0x2,BUFF
4/28 18:50:54.964  SPELL_CAST_FAILED,Player-4755-01BC57A3,"Saintis-Dreadmist",0x511,0x0,0000000000000000,nil,0x80000000,0x80000000,2055,"Heal",0x2,"Interrupted"
4/28 18:50:54.994  SPELL_CAST_SUCCESS,Player-4755-01B60A5F,"Zurok-Dreadmist",0x514,0x0,Creature-0-4457-249-1045-10184-000028665C,"Onyxia",0x10a48,0x0,14290,"Multi-Shot",0x1,Player-4755-01B60A5F,0000000000000000,100,100,0,0,0,-1,0,0,0,19.84,-207.68,0,2.4407,62
4/28 18:50:54.994  SPELL_CAST_START,Player-4755-015FEBD5,"Sauvage-Dreadmist",0x514,0x0,0000000000000000,nil,0x80000000,0x80000000,10181,"Frostbolt",0x10
4/28 18:50:55.120  RANGE_DAMAGE,Player-4755-01E83279,"Nlmasters-Dreadmist",0x514,0x8,Creature-0-4457-249-1045-10184-000028665C,"Onyxia",0x10a48,0x0,75,"Auto Shot",0x1,Creature-0-4457-249-1045-10184-000028665C,0000000000000000,41,100,0,0,0,-1,0,0,0,-15.81,-185.72,0,3.7644,63,334,424,-1,1,0,0,0,nil,nil,nil
4/28 18:50:55.120  SPELL_AURA_REMOVED,Player-4755-01A6B139,"Sakatan-Dreadmist",0x514,0x0,Player-4755-01A6B139,"Sakatan-Dreadmist",0x514,0x0,18610,"First Aid",0x1,BUFF
4/28 18:50:55.136  SPELL_CAST_SUCCESS,Player-4755-01637B0A,"Pindle-Dreadmist",0x514,0x0,Creature-0-4457-249-1045-10184-000028665C,"Onyxia",0x10a48,0x0,11294,"Sinister Strike",0x1,Player-4755-01637B0A,0000000000000000,100,100,0,0,0,-1,0,0,0,-1.00,-194.77,0,2.1220,65
4/28 18:50:55.136  SPELL_AURA_APPLIED,Player-4755-01637B0A,"Pindle-Dreadmist",0x514,0x0,Player-4755-01637B0A,"Pindle-Dreadmist",0x514,0x0,10610,"Windfury Totem",0x8,BUFF
4/28 18:50:55.136  SPELL_EXTRA_ATTACKS,Player-4755-01637B0A,"Pindle-Dreadmist",0x514,0x0,Player-4755-01637B0A,"Pindle-Dreadmist",0x514,0x0,10610,"Windfury Totem",0x8,1
4/28 18:50:55.215  SPELL_PERIODIC_ENERGIZE,Creature-0-4457-249-1045-7416-0000286CFC,"Mana Spring Totem IV",0x2114,0x0,Player-4755-016296D3,"Nivl-Dreadmist",0x514,0x0,10494,"Mana Spring",0x8,Player-4755-016296D3,0000000000000000,82,100,0,0,0,-1,0,0,0,4.61,-179.22,0,5.7268,69,10.0000,0.0000,0,5845
4/28 18:50:55.233  SPELL_DAMAGE,Player-4755-01637B0A,"Pindle-Dreadmist",0x514,0x0,Creature-0-4457-249-1045-10184-000028665C,"Onyxia",0x10a48,0x0,11294,"Sinister Strike",0x1,Creature-0-4457-249-1045-10184-000028665C,0000000000000000,41,100,0,0,0,-1,0,0,0,-15.81,-185.72,0,3.7644,63,223,283,-1,1,0,0,0,nil,nil,nil
4/28 18:50:55.233  SPELL_AURA_APPLIED,Player-4755-01B60A5F,"Zurok-Dreadmist",0x514,0x0,Player-4755-01802FE5,"Angrybat-Dreadmist",0x514,0x0,20906,"Trueshot Aura",0x40,BUFF
4/28 18:50:55.233  SPELL_AURA_APPLIED,Player-4755-020BD78D,"Lonehunter-Dreadmist",0x514,0x0,Player-4755-0220BD00,"Krikoff-Dreadmist",0x40514,0x0,20906,"Trueshot Aura",0x40,BUFF
4/28 18:50:55.233  SPELL_CAST_START,Player-4755-01804B95,"Moymoy-Dreadmist",0x514,0x0,0000000000000000,nil,0x80000000,0x80000000,939,"Healing Wave",0x8
4/28 18:50:55.250  SPELL_AURA_REMOVED,Player-4755-01BC57A3,"Saintis-Dreadmist",0x511,0x0,Player-4755-01A6B139,"Sakatan-Dreadmist",0x514,0x0,15359,"Inspiration",0x2,BUFF
4/28 18:50:55.266  SPELL_CAST_START,Player-4755-01B60A5F,"Zurok-Dreadmist",0x514,0x0,0000000000000000,nil,0x80000000,0x80000000,75,"Auto Shot",0x1
4/28 18:50:55.329  SPELL_DAMAGE,Player-4755-015FEBD5,"Sauvage-Dreadmist",0x514,0x0,Creature-0-4457-249-1045-10184-000028665C,"Onyxia",0x10a48,0x0,10181,"Frostbolt",0x10,Creature-0-4457-249-1045-10184-000028665C,0000000000000000,40,100,0,0,0,-1,0,0,0,-15.81,-185.72,0,3.7644,63,1774,806,-1,16,0,0,0,1,nil,nil
4/28 18:50:55.430  SPELL_AURA_REMOVED,Player-4755-01F36B30,"Rectumqeef-Dreadmist",0x514,0x0,Player-4755-01F36B30,"Rectumqeef-Dreadmist",0x514,0x0,17941,"Shadow Trance",0x20,BUFF
4/28 18:50:55.430  SPELL_CAST_START,Player-4755-01F36B30,"Rectumqeef-Dreadmist",0x514,0x0,0000000000000000,nil,0x80000000,0x80000000,11661,"Shadow Bolt",0x20
4/28 18:50:55.430  SPELL_CAST_SUCCESS,Player-4755-01F36B30,"Rectumqeef-Dreadmist",0x514,0x0,Creature-0-4457-249-1045-10184-000028665C,"Onyxia",0x10a48,0x0,11661,"Shadow Bolt",0x20,Player-4755-01F36B30,0000000000000000,99,100,0,0,0,-1,0,0,0,29.81,-207.14,0,2.2936,66
4/28 18:50:55.466  SPELL_CAST_START,Player-4755-0210153A,"Hapuseneb-Dreadmist",0x514,0x0,0000000000000000,nil,0x80000000,0x80000000,2053,"Lesser Heal",0x2
4/28 18:50:55.495  SPELL_CAST_SUCCESS,Player-4755-01802FE5,"Angrybat-Dreadmist",0x514,0x0,Creature-0-4457-249-1045-10184-000028665C,"Onyxia",0x10a48,0x0,10181,"Frostbolt",0x10,Player-4755-01802FE5,0000000000000000,68,100,0,0,0,-1,0,0,0,-21.09,-197.29,0,1.1304,66
4/28 18:50:55.529  SPELL_CAST_SUCCESS,Player-4755-01617EEE,"Fenix-Dreadmist",0x512,0x0,Player-4755-01A6B139,"Sakatan-Dreadmist",0x514,0x0,10916,"Flash Heal",0x2,Player-4755-01617EEE,0000000000000000,100,100,0,0,0,-1,0,0,0,25.66,-182.17,0,4.2196,66
4/28 18:50:55.545  SPELL_CAST_START,Player-4755-0178F576,"Atreas-Dreadmist",0x514,0x0,0000000000000000,nil,0x80000000,0x80000000,75,"Auto Shot",0x1
4/28 18:50:55.589  SPELL_CAST_START,Player-4755-01FA8D0D,"Roackeru-Dreadmist",0x514,0x0,0000000000000000,nil,0x80000000,0x80000000,11661,"Shadow Bolt",0x20
4/28 18:50:55.635  SPELL_CAST_START,Player-4755-01BC57A3,"Saintis-Dreadmist",0x511,0x0,0000000000000000,nil,0x80000000,0x80000000,2061,"Flash Heal",0x2
4/28 18:50:55.635  SPELL_AURA_REMOVED,Player-4755-0178F576,"Atreas-Dreadmist",0x514,0x0,Player-4755-016296D3,"Nivl-Dreadmist",0x514,0x0,20906,"Trueshot Aura",0x40,BUFF
4/28 18:50:55.635  SPELL_CAST_SUCCESS,Pet-0-4457-249-1045-7456-03003178E8,"Owl",0x1114,0x0,Creature-0-4457-249-1045-10184-000028665C,"Onyxia",0x10a48,0x0,24579,"Screech",0x1,Pet-0-4457-249-1045-7456-03003178E8,Player-4755-01B60A5F,100,100,0,0,0,-1,0,0,0,3.81,-189.02,0,2.9751,62
4/28 18:50:55.655  SPELL_AURA_APPLIED,Player-4755-015FEBD5,"Sauvage-Dreadmist",0x514,0x0,Player-4755-015FEBD5,"Sauvage-Dreadmist",0x514,0x0,12536,"Clearcasting",0x40,BUFF
4/28 18:50:55.655  SPELL_HEAL,Player-4755-01617EEE,"Fenix-Dreadmist",0x512,0x0,Player-4755-01A6B139,"Sakatan-Dreadmist",0x514,0x0,10916,"Flash Heal",0x2,Player-4755-01A6B139,0000000000000000,100,100,0,0,0,-1,0,0,0,18.19,-186.36,0,2.9067,69,1718,1718,1718,0,1
4/28 18:50:55.655  SPELL_DAMAGE,Pet-0-4457-249-1045-7456-03003178E8,"Owl",0x1114,0x0,Creature-0-4457-249-1045-10184-000028665C,"Onyxia",0x10a48,0x0,24579,"Screech",0x1,Creature-0-4457-249-1045-10184-000028665C,0000000000000000,40,100,0,0,0,-1,0,0,0,-15.81,-185.72,0,3.7644,63,35,44,-1,1,0,0,0,nil,nil,nil
4/28 18:50:55.655  SPELL_AURA_REFRESH,Pet-0-4457-249-1045-7456-03003178E8,"Owl",0x1114,0x0,Creature-0-4457-249-1045-10184-000028665C,"Onyxia",0x10a48,0x0,24579,"Screech",0x1,DEBUFF
4/28 18:50:55.726  SPELL_CAST_SUCCESS,Player-4755-01B60A5F,"Zurok-Dreadmist",0x514,0x0,Creature-0-4457-249-1045-10184-000028665C,"Onyxia",0x10a48,0x0,75,"Auto Shot",0x1,Player-4755-01B60A5F,0000000000000000,100,100,0,0,0,-1,0,0,0,19.84,-207.68,0,2.4407,62
4/28 18:50:55.726  SPELL_CAST_START,Player-4755-0178F416,"Eltorero-Dreadmist",0x514,0x0,0000000000000000,nil,0x80000000,0x80000000,2480,"Shoot Bow",0x1
4/28 18:50:55.777  SPELL_CAST_SUCCESS,Player-4755-0160BD13,"Mafkees-Dreadmist",0x514,0x0,Creature-0-4457-249-1045-10184-000028665C,"Onyxia",0x10a48,0x0,23894,"Bloodthirst",0x1,Player-4755-0160BD13,0000000000000000,42,100,0,0,0,-1,0,0,0,-14.25,-184.57,0,0.7917,64
4/28 18:50:55.794  SPELL_CAST_SUCCESS,Player-4755-01FA8DD8,"Roackerita-Dreadmist",0x514,0x0,Player-4755-01614AC7,"Mirrimazduur-Dreadmist",0x512,0x0,2055,"Heal",0x2,Player-4755-01FA8DD8,0000000000000000,100,100,0,0,0,-1,0,0,0,16.26,-194.25,0,3.7949,69
4/28 18:50:55.932  SPELL_AURA_REMOVED,Player-4755-01733879,"Hocwar-Dreadmist",0x40514,0x0,Player-4755-01733879,"Hocwar-Dreadmist",0x40514,0x0,20007,"Holy Strength",0x2,BUFF
4/28 18:50:55.982  SPELL_CAST_SUCCESS,Player-4755-0178F576,"Atreas-Dreadmist",0x514,0x0,Creature-0-4457-249-1045-10184-000028665C,"Onyxia",0x10a48,0x0,75,"Auto Shot",0x1,Player-4755-0178F576,0000000000000000,100,100,0,0,0,-1,0,0,0,-49.15,-191.66,0,6.2717,66
4/28 18:50:56.027  SPELL_AURA_REMOVED,Player-4755-01AC9FD9,"Alexinho-Dreadmist",0x514,0x0,Player-4755-01AC9FD9,"Alexinho-Dreadmist",0x514,0x0,1787,"Stealth",0x1,BUFF
4/28 18:50:56.027  SPELL_AURA_APPLIED,Player-4755-01AC9FD9,"Alexinho-Dreadmist",0x514,0x0,Player-4755-01AC9FD9,"Alexinho-Dreadmist",0x514,0x0,10610,"Windfury Totem",0x8,BUFF
4/28 18:50:56.027  SPELL_EXTRA_ATTACKS,Player-4755-01AC9FD9,"Alexinho-Dreadmist",0x514,0x0,Player-4755-01AC9FD9,"Alexinho-Dreadmist",0x514,0x0,10610,"Windfury Totem",0x8,1
4/28 18:50:56.044  SPELL_DAMAGE,Player-4755-0160BD13,"Mafkees-Dreadmist",0x514,0x0,Creature-0-4457-249-1045-10184-000028665C,"Onyxia",0x10a48,0x0,23894,"Bloodthirst",0x1,Creature-0-4457-249-1045-10184-000028665C,0000000000000000,40,100,0,0,0,-1,0,0,0,-15.81,-185.72,0,3.7644,63,742,427,-1,1,0,0,0,1,nil,nil
4/28 18:50:56.044  SPELL_AURA_APPLIED,Player-4755-0160BD13,"Mafkees-Dreadmist",0x514,0x0,Player-4755-0160BD13,"Mafkees-Dreadmist",0x514,0x0,23888,"Bloodthirst",0x1,BUFF
4/28 18:50:56.044  SPELL_HEAL,Player-4755-01FA8DD8,"Roackerita-Dreadmist",0x514,0x0,Player-4755-01614AC7,"Mirrimazduur-Dreadmist",0x512,0x0,2055,"Heal",0x2,Player-4755-01614AC7,0000000000000000,89,100,0,0,0,-1,0,0,0,4.54,-173.80,0,4.0710,68,1111,1111,0,0,nil
4/28 18:50:56.044  SPELL_DAMAGE,Player-4755-01AC9FD9,"Alexinho-Dreadmist",0x514,0x0,Creature-0-4457-249-1045-10184-000028665C,"Onyxia",0x10a48,0x0,11294,"Sinister Strike",0x1,Creature-0-4457-249-1045-10184-000028665C,0000000000000000,40,100,0,0,0,-1,0,0,0,-15.81,-185.72,0,3.7644,63,748,403,-1,1,0,0,0,1,nil,nil
4/28 18:50:56.044  SPELL_CAST_SUCCESS,Player-4755-01AC9FD9,"Alexinho-Dreadmist",0x514,0x0,Creature-0-4457-249-1045-10184-000028665C,"Onyxia",0x10a48,0x0,11294,"Sinister Strike",0x1,Player-4755-01AC9FD9,0000000000000000,100,100,0,0,0,-1,0,0,0,-0.92,-181.85,0,2.9950,66
4/28 18:50:56.128  SPELL_CAST_SUCCESS,Player-4755-0163DD9D,"Kaspais-Dreadmist",0x514,0x0,Creature-0-4457-249-1045-10184-000028665C,"Onyxia",0x10a48,0x0,10181,"Frostbolt",0x10,Player-4755-0163DD9D,0000000000000000,82,100,0,0,0,-1,0,0,0,-24.85,-192.21,0,0.8340,66
4/28 18:50:56.128  SPELL_CAST_START,Player-4755-0163DD9D,"Kaspais-Dreadmist",0x514,0x0,0000000000000000,nil,0x80000000,0x80000000,10181,"Frostbolt",0x10
4/28 18:50:56.173  SPELL_CAST_SUCCESS,Player-4755-020BD78D,"Lonehunter-Dreadmist",0x514,0x0,Creature-0-4457-249-1045-10184-000028665C,"Onyxia",0x10a48,0x0,20904,"Aimed Shot",0x1,Player-4755-020BD78D,0000000000000000,100,100,0,0,0,-1,0,0,0,26.35,-218.42,0,2.4819,70
4/28 18:50:56.173  SPELL_CAST_START,Player-4755-020BD78D,"Lonehunter-Dreadmist",0x514,0x0,0000000000000000,nil,0x80000000,0x80000000,14290,"Multi-Shot",0x1
4/28 18:50:56.264  SPELL_AURA_REMOVED,Player-4755-0160BD13,"Mafkees-Dreadmist",0x514,0x0,Player-4755-0160BD13,"Mafkees-Dreadmist",0x514,0x0,18499,"Berserker Rage",0x1,BUFF
4/28 18:50:56.311  SPELL_PERIODIC_DAMAGE,Player-4755-01F36B30,"Rectumqeef-Dreadmist",0x514,0x0,Creature-0-4457-249-1045-10184-000028665C,"Onyxia",0x10a48,0x0,11672,"Corruption",0x20,Creature-0-4457-249-1045-10184-000028665C,0000000000000000,40,100,0,0,0,-1,0,0,0,-15.81,-185.72,0,3.7644,63,224,203,-1,32,0,0,0,nil,nil,nil
4/28 18:50:56.438  SPELL_AURA_APPLIED,Player-4755-01617EEE,"Fenix-Dreadmist",0x512,0x0,Player-4755-01A6B139,"Sakatan-Dreadmist",0x514,0x0,15359,"Inspiration",0x2,BUFF
4/28 18:50:56.438  SPELL_AURA_REMOVED_DOSE,Player-4755-0160BD13,"Mafkees-Dreadmist",0x514,0x0,Player-4755-0160BD13,"Mafkees-Dreadmist",0x514,0x0,23888,"Bloodthirst",0x1,BUFF,4
4/28 18:50:56.438  SPELL_AURA_APPLIED,Player-4755-0160BD13,"Mafkees-Dreadmist",0x514,0x0,Player-4755-0160BD13,"Mafkees-Dreadmist",0x514,0x0,12970,"Flurry",0x1,BUFF
4/28 18:50:56.438  SPELL_HEAL,Player-4755-0160BD13,"Mafkees-Dreadmist",0x514,0x0,Player-4755-0160BD13,"Mafkees-Dreadmist",0x514,0x0,23891,"Bloodthirst",0x1,Player-4755-0160BD13,0000000000000000,42,100,0,0,0,-1,0,0,0,-10.76,-181.82,0,2.9402,64,20,20,0,0,nil
4/28 18:50:56.472  SPELL_DAMAGE,Player-4755-01B60A5F,"Zurok-Dreadmist",0x514,0x0,Creature-0-4457-249-1045-10184-000028665C,"Onyxia",0x10a48,0x0,14290,"Multi-Shot",0x1,Creature-0-4457-249-1045-10184-000028665C,0000000000000000,40,100,0,0,0,-1,0,0,0,-15.81,-185.72,0,3.7644,63,1266,676,-1,1,0,0,0,1,nil,nil
4/28 18:50:56.592  SPELL_CAST_SUCCESS,Player-4755-01614AC7,"Mirrimazduur-Dreadmist",0x512,0x0,Creature-0-4457-249-1045-10184-000028665C,"Onyxia",0x10a48,0x0,11661,"Shadow Bolt",0x20,Player-4755-01614AC7,0000000000000000,89,100,0,0,0,-1,0,0,0,4.54,-173.80,0,4.0710,68
4/28 18:50:56.592  SPELL_CAST_SUCCESS,Player-4755-01614AC7,"Mirrimazduur-Dreadmist",0x512,0x0,0000000000000000,nil,0x80000000,0x80000000,11689,"Life Tap",0x20,Player-4755-01614AC7,0000000000000000,72,100,0,0,0,-1,0,0,0,4.54,-173.80,0,4.0710,68
4/28 18:50:56.607  SPELL_CAST_SUCCESS,Creature-0-4457-249-1045-10184-000028665C,"Onyxia",0x10a48,0x0,Player-4755-0163DD9D,"Kaspais-Dreadmist",0x514,0x0,18392,"Fireball",0x4,Creature-0-4457-249-1045-10184-000028665C,0000000000000000,40,100,0,0,0,-1,0,0,0,-15.81,-185.72,0,3.7644,63
4/28 18:50:56.607  SPELL_CAST_SUCCESS,Player-4755-020BD78D,"Lonehunter-Dreadmist",0x514,0x0,Creature-0-4457-249-1045-10184-000028665C,"Onyxia",0x10a48,0x0,14290,"Multi-Shot",0x1,Player-4755-020BD78D,0000000000000000,100,100,0,0,0,-1,0,0,0,26.35,-218.42,0,2.4819,70
4/28 18:50:56.638  SPELL_AURA_REMOVED,Player-4755-01637B0A,"Pindle-Dreadmist",0x514,0x0,Player-4755-01637B0A,"Pindle-Dreadmist",0x514,0x0,10610,"Windfury Totem",0x8,BUFF
4/28 18:50:56.752  SPELL_CAST_START,Player-4755-01617EEE,"Fenix-Dreadmist",0x512,0x0,0000000000000000,nil,0x80000000,0x80000000,10963,"Greater Heal",0x2
4/28 18:50:56.817  RANGE_DAMAGE,Player-4755-01B60A5F,"Zurok-Dreadmist",0x514,0x0,Creature-0-4457-249-1045-10184-000028665C,"Onyxia",0x10a48,0x0,75,"Auto Shot",0x1,Creature-0-4457-249-1045-10184-000028665C,0000000000000000,40,100,0,0,0,-1,0,0,0,-15.81,-185.72,0,3.7644,63,871,465,-1,1,0,0,0,1,nil,nil
4/28 18:50:56.836  SPELL_AURA_APPLIED,Player-4755-0160BD13,"Mafkees-Dreadmist",0x514,0x0,Creature-0-4457-249-1045-10184-000028665C,"Onyxia",0x10a48,0x0,12721,"Deep Wound",0x1,DEBUFF
4/28 18:50:56.836  SPELL_ENERGIZE,Player-4755-01614AC7,"Mirrimazduur-Dreadmist",0x512,0x0,Player-4755-01614AC7,"Mirrimazduur-Dreadmist",0x512,0x0,31818,"Life Tap",0x20,Player-4755-01614AC7,0000000000000000,72,100,0,0,0,-1,0,0,0,4.54,-173.80,0,4.0710,68,856.0000,0.0000,0,5098
4/28 18:50:56.856  SPELL_DAMAGE,Player-4755-0163DD9D,"Kaspais-Dreadmist",0x514,0x0,Creature-0-4457-249-1045-10184-000028665C,"Onyxia",0x10a48,0x0,10181,"Frostbolt",0x10,Creature-0-4457-249-1045-10184-000028665C,0000000000000000,40,100,0,0,0,-1,0,0,0,-15.81,-185.72,0,3.7644,63,940,854,-1,16,0,0,0,nil,nil,nil
4/28 18:50:56.873  SPELL_PERIODIC_HEAL,Player-4755-01FA8DD8,"Roackerita-Dreadmist",0x514,0x0,Player-4755-01617EEE,"Fenix-Dreadmist",0x512,0x0,6078,"Renew",0x2,Player-4755-01617EEE,0000000000000000,100,100,0,0,0,-1,0,0,0,25.66,-182.17,0,4.2196,66,236,236,236,0,nil
4/28 18:50:56.873  SPELL_AURA_REMOVED,Player-4755-01FA8DD8,"Roackerita-Dreadmist",0x514,0x0,Player-4755-01617EEE,"Fenix-Dreadmist",0x512,0x0,6078,"Renew",0x2,BUFF
4/28 18:50:56.873  SPELL_PERIODIC_HEAL,Player-4755-02045EF4,"Necrosini-Dreadmist",0x512,0x0,Player-4755-01FA8D0D,"Roackeru-Dreadmist",0x514,0x0,10929,"Renew",0x2,Player-4755-01FA8D0D,0000000000000000,89,100,0,0,0,-1,0,0,0,31.84,-208.97,0,2.8156,65,253,253,0,0,nil
4/28 18:50:56.873  SPELL_AURA_REMOVED,Player-4755-02045EF4,"Necrosini-Dreadmist",0x512,0x0,Player-4755-01FA8D0D,"Roackeru-Dreadmist",0x514,0x0,10929,"Renew",0x2,BUFF
4/28 18:50:56.891  RANGE_DAMAGE,Player-4755-0178F576,"Atreas-Dreadmist",0x514,0x0,Creature-0-4457-249-1045-10184-000028665C,"Onyxia",0x10a48,0x0,75,"Auto Shot",0x1,Creature-0-4457-249-1045-10184-000028665C,0000000000000000,40,100,0,0,0,-1,0,0,0,-15.81,-185.72,0,3.7644,63,378,479,-1,1,0,0,0,nil,nil,nil
4/28 18:50:56.920  SPELL_DAMAGE,Creature-0-4457-249-1045-10184-000028665C,"Onyxia",0x10a48,0x0,Player-4755-0163DD9D,"Kaspais-Dreadmist",0x514,0x0,18392,"Fireball",0x4,Player-4755-0163DD9D,0000000000000000,50,100,0,0,0,-1,0,0,0,-24.85,-192.21,0,0.8340,66,1015,2030,-1,4,1015,0,0,nil,nil,nil
4/28 18:50:56.935  SPELL_CAST_START,Player-4755-01F36B30,"Rectumqeef-Dreadmist",0x514,0x0,0000000000000000,nil,0x80000000,0x80000000,11661,"Shadow Bolt",0x20
4/28 18:50:57.033  SPELL_CAST_SUCCESS,Player-4755-01BC57A3,"Saintis-Dreadmist",0x511,0x0,Player-4755-01FA8D0D,"Roackeru-Dreadmist",0x514,0x0,2061,"Flash Heal",0x2,Player-4755-01BC57A3,0000000000000000,100,100,0,0,0,-1,0,0,0,20.47,-221.15,0,1.9216,68
4/28 18:50:57.053  SPELL_CAST_START,Player-4755-020BD78D,"Lonehunter-Dreadmist",0x514,0x0,0000000000000000,nil,0x80000000,0x80000000,75,"Auto Shot",0x1
4/28 18:50:57.087  SPELL_MISSED,Player-4755-01802FE5,"Angrybat-Dreadmist",0x514,0x0,Creature-0-4457-249-1045-10184-000028665C,"Onyxia",0x10a48,0x0,10181,"Frostbolt",0x10,RESIST,nil,0
4/28 18:50:57.165  SPELL_CAST_START,Player-4755-01FA8DD8,"Roackerita-Dreadmist",0x514,0x0,0000000000000000,nil,0x80000000,0x80000000,2055,"Heal",0x2
4/28 18:50:57.222  SPELL_PERIODIC_ENERGIZE,Creature-0-4457-249-1045-7416-0000286CFC,"Mana Spring Totem IV",0x2114,0x0,Player-4755-016296D3,"Nivl-Dreadmist",0x514,0x0,10494,"Mana Spring",0x8,Player-4755-016296D3,0000000000000000,82,100,0,0,0,-1,0,0,0,15.36,-188.79,0,5.7268,69,10.0000,0.0000,0,5845
4/28 18:50:57.238  SPELL_CAST_SUCCESS,Pet-0-4457-249-1045-7456-03003178E8,"Owl",0x1114,0x0,Creature-0-4457-249-1045-10184-000028665C,"Onyxia",0x10a48,0x0,24579,"Screech",0x1,Pet-0-4457-249-1045-7456-03003178E8,Player-4755-01B60A5F,100,100,0,0,0,-1,0,0,0,3.81,-189.02,0,2.9751,62
4/28 18:50:57.238  SPELL_MISSED,Pet-0-4457-249-1045-7456-03003178E8,"Owl",0x1114,0x0,Creature-0-4457-249-1045-10184-000028665C,"Onyxia",0x10a48,0x0,24579,"Screech",0x1,MISS,nil
4/28 18:50:57.243  SPELL_HEAL,Player-4755-01BC57A3,"Saintis-Dreadmist",0x511,0x0,Player-4755-01FA8D0D,"Roackeru-Dreadmist",0x514,0x0,2061,"Flash Heal",0x2,Player-4755-01FA8D0D,0000000000000000,98,100,0,0,0,-1,0,0,0,31.84,-208.97,0,2.8156,65,514,514,0,0,nil
4/28 18:50:57.243  SPELL_CAST_SUCCESS,Player-4755-0178F416,"Eltorero-Dreadmist",0x514,0x0,Creature-0-4457-249-1045-10184-000028665C,"Onyxia",0x10a48,0x0,2480,"Shoot Bow",0x1,Player-4755-0178F416,0000000000000000,100,100,0,0,0,-1,0,0,0,0.52,-224.46,0,1.9696,67
4/28 18:50:57.296  SPELL_AURA_REMOVED,Player-4755-01804B95,"Moymoy-Dreadmist",0x514,0x0,Player-4755-01733879,"Hocwar-Dreadmist",0x40514,0x0,29203,"Healing Way",0x2,BUFF
4/28 18:50:57.296  SPELL_CAST_SUCCESS,Player-4755-016296D3,"Nivl-Dreadmist",0x514,0x0,0000000000000000,nil,0x80000000,0x80000000,8143,"Tremor Totem",0x8,Player-4755-016296D3,0000000000000000,82,100,0,0,0,-1,0,0,0,15.67,-188.98,0,5.7268,69
4/28 18:50:57.296  SPELL_SUMMON,Player-4755-016296D3,"Nivl-Dreadmist",0x514,0x0,Creature-0-4457-249-1045-5913-0000286D01,"Tremor Totem",0xa28,0x0,8143,"Tremor Totem",0x8
4/28 18:50:57.475  SPELL_CAST_SUCCESS,Player-4755-0160BD13,"Mafkees-Dreadmist",0x514,0x0,Creature-0-4457-249-1045-10184-000028665C,"Onyxia",0x10a48,0x0,7373,"Hamstring",0x1,Player-4755-0160BD13,0000000000000000,42,100,0,0,0,-1,0,0,0,-10.33,-184.17,0,3.3953,64
4/28 18:50:57.493  SPELL_CAST_SUCCESS,Player-4755-020BD78D,"Lonehunter-Dreadmist",0x514,0x0,Creature-0-4457-249-1045-10184-000028665C,"Onyxia",0x10a48,0x0,75,"Auto Shot",0x1,Player-4755-020BD78D,0000000000000000,100,100,0,0,0,-1,0,0,0,26.35,-218.42,0,2.4819,70
4/28 18:50:57.509  SPELL_CAST_SUCCESS,Player-4755-015FEBD5,"Sauvage-Dreadmist",0x514,0x0,Creature-0-4457-249-1045-10184-000028665C,"Onyxia",0x10a48,0x0,10181,"Frostbolt",0x10,Player-4755-015FEBD5,0000000000000000,100,100,0,0,0,-1,0,0,0,-0.69,-185.74,0,3.2767,64
4/28 18:50:57.509  SPELL_AURA_REMOVED,Player-4755-015FEBD5,"Sauvage-Dreadmist",0x514,0x0,Player-4755-015FEBD5,"Sauvage-Dreadmist",0x514,0x0,12536,"Clearcasting",0x40,BUFF
4/28 18:50:57.509  SPELL_CAST_START,Player-4755-015FEBD5,"Sauvage-Dreadmist",0x514,0x0,0000000000000000,nil,0x80000000,0x80000000,10181,"Frostbolt",0x10
4/28 18:50:57.526  SPELL_AURA_REMOVED,Player-4755-01AC9FD9,"Alexinho-Dreadmist",0x514,0x0,Player-4755-01AC9FD9,"Alexinho-Dreadmist",0x514,0x0,10610,"Windfury Totem",0x8,BUFF
4/28 18:50:57.526  SPELL_CAST_SUCCESS,Player-4755-01E83279,"Nlmasters-Dreadmist",0x514,0x8,Creature-0-4457-249-1045-10184-000028665C,"Onyxia",0x10a48,0x0,20904,"Aimed Shot",0x1,Player-4755-01E83279,0000000000000000,100,100,0,0,0,-1,0,0,0,-48.31,-205.42,0,0.5167,70
4/28 18:50:57.543  SPELL_DAMAGE,Player-4755-020BD78D,"Lonehunter-Dreadmist",0x514,0x0,Creature-0-4457-249-1045-10184-000028665C,"Onyxia",0x10a48,0x0,20904,"Aimed Shot",0x1,Creature-0-4457-249-1045-10184-000028665C,0000000000000000,40,100,0,0,0,-1,0,0,0,-15.61,-187.23,0,4.8219,63,2109,1138,-1,1,0,0,0,1,nil,nil
4/28 18:50:57.651  SPELL_DAMAGE,Player-4755-0160BD13,"Mafkees-Dreadmist",0x514,0x0,Creature-0-4457-249-1045-10184-000028665C,"Onyxia",0x10a48,0x0,7373,"Hamstring",0x1,Creature-0-4457-249-1045-10184-000028665C,0000000000000000,40,100,0,0,0,-1,0,0,0,-15.55,-188.00,0,4.7806,63,36,45,-1,1,0,0,0,nil,nil,nil
4/28 18:50:57.697  SPELL_CAST_START,Player-4755-01E83279,"Nlmasters-Dreadmist",0x514,0x8,0000000000000000,nil,0x80000000,0x80000000,75,"Auto Shot",0x1
4/28 18:50:57.763  SPELL_CAST_SUCCESS,Player-4755-01804B95,"Moymoy-Dreadmist",0x514,0x0,Player-4755-01840577,"Raggèn-Dreadmist",0x514,0x0,939,"Healing Wave",0x8,Player-4755-01804B95,0000000000000000,100,100,0,0,0,-1,0,0,0,19.92,-228.10,0,1.6387,66
4/28 18:50:57.763  SPELL_CAST_START,Player-4755-01B60A5F,"Zurok-Dreadmist",0x514,0x0,0000000000000000,nil,0x80000000,0x80000000,75,"Auto Shot",0x1
4/28 18:50:57.763  SPELL_PERIODIC_ENERGIZE,Player-4755-01802FE5,"Angrybat-Dreadmist",0x514,0x0,Player-4755-01802FE5,"Angrybat-Dreadmist",0x514,0x0,18194,"Mana Regeneration",0x1,Player-4755-01802FE5,0000000000000000,68,100,0,0,0,-1,0,0,0,-9.19,-188.17,0,0.6513,66,8.0000,0.0000,0,6033
4/28 18:50:57.763  SPELL_CAST_START,Player-4755-01BC57A3,"Saintis-Dreadmist",0x511,0x0,0000000000000000,nil,0x80000000,0x80000000,2061,"Flash Heal",0x2
4/28 18:50:57.867  SPELL_CAST_START,Player-4755-0178F576,"Atreas-Dreadmist",0x514,0x0,0000000000000000,nil,0x80000000,0x80000000,20904,"Aimed Shot",0x1
4/28 18:50:57.927  SPELL_PERIODIC_DAMAGE,Player-4755-01614AC7,"Mirrimazduur-Dreadmist",0x512,0x0,Creature-0-4457-249-1045-10184-000028665C,"Onyxia",0x10a48,0x0,11672,"Corruption",0x20,Creature-0-4457-249-1045-10184-000028665C,0000000000000000,40,100,0,0,0,-1,0,0,0,-15.41,-190.44,0,4.7659,63,207,188,-1,32,0,0,0,nil,nil,nil
4/28 18:50:57.943  SPELL_DAMAGE,Player-4755-01614AC7,"Mirrimazduur-Dreadmist",0x512,0x0,Creature-0-4457-249-1045-10184-000028665C,"Onyxia",0x10a48,0x0,11661,"Shadow Bolt",0x20,Creature-0-4457-249-1045-10184-000028665C,0000000000000000,40,100,0,0,0,-1,0,0,0,-15.40,-190.53,0,4.7657,63,934,849,-1,32,0,0,0,nil,nil,nil
4/28 18:50:57.977  SPELL_CAST_SUCCESS,Player-4755-0210153A,"Hapuseneb-Dreadmist",0x514,0x0,Player-4755-01FA8D0D,"Roackeru-Dreadmist",0x514,0x0,2053,"Lesser Heal",0x2,Player-4755-0210153A,0000000000000000,100,100,0,0,0,-1,0,0,0,10.43,-227.93,0,2.2227,66
4/28 18:50:58.029  SPELL_DAMAGE,Player-4755-01F36B30,"Rectumqeef-Dreadmist",0x514,0x0,Creature-0-4457-249-1045-10184-000028665C,"Onyxia",0x10a48,0x0,11661,"Shadow Bolt",0x20,Creature-0-4457-249-1045-10184-000028665C,0000000000000000,39,100,0,0,0,-1,0,0,0,-15.37,-191.04,0,4.7647,63,2029,922,-1,32,0,0,0,1,nil,nil
4/28 18:50:58.049  SPELL_AURA_REMOVED_DOSE,Player-4755-0160BD13,"Mafkees-Dreadmist",0x514,0x0,Player-4755-0160BD13,"Mafkees-Dreadmist",0x514,0x0,23888,"Bloodthirst",0x1,BUFF,3
4/28 18:50:58.049  SPELL_HEAL,Player-4755-0160BD13,"Mafkees-Dreadmist",0x514,0x0,Player-4755-0160BD13,"Mafkees-Dreadmist",0x514,0x0,23891,"Bloodthirst",0x1,Player-4755-0160BD13,0000000000000000,43,100,0,0,0,-1,0,0,0,-10.33,-184.17,0,3.4502,64,20,20,0,0,nil
4/28 18:50:58.049  SPELL_HEAL,Player-4755-01804B95,"Moymoy-Dreadmist",0x514,0x0,Player-4755-01840577,"Raggèn-Dreadmist",0x514,0x0,939,"Healing Wave",0x8,Player-4755-01840577,0000000000000000,100,100,0,0,0,-1,0,0,0,11.98,-239.12,0,2.2007,67,1332,1332,912,0,1
4/28 18:50:58.049  SPELL_AURA_APPLIED,Player-4755-01804B95,"Moymoy-Dreadmist",0x514,0x0,Player-4755-01840577,"Raggèn-Dreadmist",0x514,0x0,29203,"Healing Way",0x2,BUFF
4/28 18:50:58.049  SPELL_HEAL,Player-4755-0210153A,"Hapuseneb-Dreadmist",0x514,0x0,Player-4755-01FA8D0D,"Roackeru-Dreadmist",0x514,0x0,2053,"Lesser Heal",0x2,Player-4755-01FA8D0D,0000000000000000,100,100,0,0,0,-1,0,0,0,31.84,-208.97,0,2.9216,65,432,432,343,0,nil
4/28 18:50:58.101  SPELL_CAST_SUCCESS,Player-4755-01FA8D0D,"Roackeru-Dreadmist",0x514,0x0,Creature-0-4457-249-1045-10184-000028665C,"Onyxia",0x10a48,0x0,11661,"Shadow Bolt",0x20,Player-4755-01FA8D0D,0000000000000000,100,100,0,0,0,-1,0,0,0,31.84,-208.97,0,2.9216,65
4/28 18:50:58.101  SPELL_CAST_START,Player-4755-01FA8D0D,"Roackeru-Dreadmist",0x514,0x0,0000000000000000,nil,0x80000000,0x80000000,11661,"Shadow Bolt",0x20
4/28 18:50:58.101  SPELL_CAST_START,Player-4755-01614AC7,"Mirrimazduur-Dreadmist",0x512,0x0,0000000000000000,nil,0x80000000,0x80000000,11661,"Shadow Bolt",0x20
4/28 18:50:58.148  SPELL_CAST_SUCCESS,Player-4755-01E83279,"Nlmasters-Dreadmist",0x514,0x8,Creature-0-4457-249-1045-10184-000028665C,"Onyxia",0x10a48,0x0,75,"Auto Shot",0x1,Player-4755-01E83279,0000000000000000,100,100,0,0,0,-1,0,0,0,-48.31,-205.42,0,0.5083,70
4/28 18:50:58.200  SPELL_CAST_SUCCESS,Player-4755-01B60A5F,"Zurok-Dreadmist",0x514,0x0,Creature-0-4457-249-1045-10184-000028665C,"Onyxia",0x10a48,0x0,75,"Auto Shot",0x1,Player-4755-01B60A5F,0000000000000000,100,100,0,0,0,-1,0,0,0,19.84,-207.68,0,2.4407,62
4/28 18:50:58.273  SPELL_DAMAGE,Player-4755-015FEBD5,"Sauvage-Dreadmist",0x514,0x0,Creature-0-4457-249-1045-10184-000028665C,"Onyxia",0x10a48,0x0,10181,"Frostbolt",0x10,Creature-0-4457-249-1045-10184-000028665C,0000000000000000,39,100,0,0,0,-1,0,0,0,-15.29,-192.69,0,4.7629,63,895,812,-1,16,0,0,0,nil,nil,nil
4/28 18:50:58.364  RANGE_DAMAGE,Player-4755-0178F416,"Eltorero-Dreadmist",0x514,0x0,Creature-0-4457-249-1045-10184-000028665C,"Onyxia",0x10a48,0x0,2480,"Shoot Bow",0x1,Creature-0-4457-249-1045-10184-000028665C,0000000000000000,39,100,0,0,0,-1,0,0,0,-15.25,-193.42,0,4.7624,63,160,202,-1,1,0,0,0,nil,nil,nil
4/28 18:50:58.441  SPELL_DAMAGE,Player-4755-020BD78D,"Lonehunter-Dreadmist",0x514,0x0,Creature-0-4457-249-1045-10184-000028665C,"Onyxia",0x10a48,0x0,14290,"Multi-Shot",0x1,Creature-0-4457-249-1045-10184-000028665C,0000000000000000,39,100,0,0,0,-1,0,0,0,-15.22,-194.05,0,4.7621,63,1288,694,-1,1,0,0,0,1,nil,nil
4/28 18:50:58.460  SPELL_AURA_APPLIED,Player-4755-01F36B30,"Rectumqeef-Dreadmist",0x514,0x0,Creature-0-4457-249-1045-10184-000028665C,"Onyxia",0x10a48,0x0,17800,"Shadow Vulnerability",0x20,DEBUFF
4/28 18:50:58.534  SPELL_DAMAGE,Player-4755-01E83279,"Nlmasters-Dreadmist",0x514,0x8,Creature-0-4457-249-1045-10184-000028665C,"Onyxia",0x10a48,0x0,20904,"Aimed Shot",0x1,Creature-0-4457-249-1045-10184-000028665C,0000000000000000,39,100,0,0,0,-1,0,0,0,-15.18,-194.82,0,4.7618,63,820,1041,-1,1,0,0,0,nil,nil,nil
4/28 18:50:58.837  SPELL_AURA_REMOVED,Player-4755-0178F576,"Atreas-Dreadmist",0x514,0x0,Pet-0-4457-249-1045-2850-01001956F9,"Kratos",0x1114,0x0,20906,"Trueshot Aura",0x40,BUFF
4/28 18:50:58.837  SPELL_CAST_SUCCESS,Pet-0-4457-249-1045-2850-01001956F9,"Kratos",0x1114,0x0,Creature-0-4457-249-1045-10184-000028665C,"Onyxia",0x10a48,0x0,3009,"Claw",0x1,Pet-0-4457-249-1045-2850-01001956F9,Player-4755-0178F576,100,100,0,0,0,-1,0,0,0,3.83,-191.37,0,2.8614,66
4/28 18:50:58.856  SPELL_AURA_APPLIED,Player-4755-01804B95,"Moymoy-Dreadmist",0x514,0x0,Player-4755-01840577,"Raggèn-Dreadmist",0x514,0x0,16237,"Ancestral Fortitude",0x2,BUFF
4/28 18:50:58.856  SPELL_DAMAGE,Pet-0-4457-249-1045-2850-01001956F9,"Kratos",0x1114,0x0,Creature-0-4457-249-1045-10184-000028665C,"Onyxia",0x10a48,0x0,3009,"Claw",0x1,Creature-0-4457-249-1045-10184-000028665C,0000000000000000,39,100,0,0,0,-1,0,0,0,-15.05,-197.61,0,4.7609,63,56,70,-1,1,0,0,0,nil,nil,nil
4/28 18:50:58.874  RANGE_DAMAGE,Player-4755-020BD78D,"Lonehunter-Dreadmist",0x514,0x0,Creature-0-4457-249-1045-10184-000028665C,"Onyxia",0x10a48,0x0,75,"Auto Shot",0x1,Creature-0-4457-249-1045-10184-000028665C,0000000000000000,39,100,0,0,0,-1,0,0,0,-15.04,-197.76,0,4.7609,63,375,475,-1,1,0,0,0,nil,nil,nil
4/28 18:50:58.890  SPELL_CAST_SUCCESS,Player-4755-016296D3,"Nivl-Dreadmist",0x514,0x0,0000000000000000,nil,0x80000000,0x80000000,10614,"Windfury Totem",0x8,Player-4755-016296D3,0000000000000000,82,100,0,0,0,-1,0,0,0,12.29,-189.65,0,5.7268,69
4/28 18:50:58.890  SPELL_SUMMON,Player-4755-016296D3,"Nivl-Dreadmist",0x514,0x0,Creature-0-4457-249-1045-7484-0000286D03,"Windfury Totem III",0xa28,0x0,10614,"Windfury Totem",0x8
4/28 18:50:59.092  RANGE_DAMAGE,Player-4755-01E83279,"Nlmasters-Dreadmist",0x514,0x8,Creature-0-4457-249-1045-10184-000028665C,"Onyxia",0x10a48,0x0,75,"Auto Shot",0x1,Creature-0-4457-249-1045-10184-000028665C,0000000000000000,39,100,0,0,0,-1,0,0,0,-14.95,-199.67,0,4.7606,63,338,429,-1,1,0,0,0,nil,nil,nil
4/28 18:50:59.108  SPELL_PERIODIC_ENERGIZE,Player-4755-01BC57A3,"Saintis-Dreadmist",0x511,0x0,Player-4755-01BC57A3,"Saintis-Dreadmist",0x511,0x0,18194,"Mana Regeneration",0x1,Player-4755-01BC57A3,0000000000000000,100,100,0,0,0,-1,0,0,0,20.47,-221.15,0,2.3928,68,8.0000,0.0000,0,7212
4/28 18:50:59.187  SPELL_CAST_SUCCESS,Player-4755-01BC57A3,"Saintis-Dreadmist",0x511,0x0,Player-4755-016296D3,"Nivl-Dreadmist",0x514,0x0,2061,"Flash Heal",0x2,Player-4755-01BC57A3,0000000000000000,100,100,0,0,0,-1,0,0,0,20.47,-221.15,0,2.3928,68
4/28 18:50:59.206  RANGE_DAMAGE,Player-4755-01B60A5F,"Zurok-Dreadmist",0x514,0x0,Creature-0-4457-249-1045-10184-000028665C,"Onyxia",0x10a48,0x0,75,"Auto Shot",0x1,Creature-0-4457-249-1045-10184-000028665C,0000000000000000,39,100,0,0,0,-1,0,0,0,-14.90,-200.66,0,4.7605,63,866,462,-1,1,0,0,0,1,nil,nil
4/28 18:50:59.206  SPELL_PERIODIC_ENERGIZE,Creature-0-4457-249-1045-7416-0000286CFC,"Mana Spring Totem IV",0x2114,0x0,Player-4755-016296D3,"Nivl-Dreadmist",0x514,0x0,10494,"Mana Spring",0x8,Player-4755-016296D3,0000000000000000,82,100,0,0,0,-1,0,0,0,12.49,-189.33,0,5.7268,69,10.0000,0.0000,0,5845
4/28 18:50:59.241  SPELL_CAST_SUCCESS,Player-4755-01617EEE,"Fenix-Dreadmist",0x512,0x0,Player-4755-0160BD13,"Mafkees-Dreadmist",0x514,0x0,10963,"Greater Heal",0x2,Player-4755-01617EEE,0000000000000000,100,100,0,0,0,-1,0,0,0,25.66,-182.17,0,4.2196,66
4/28 18:50:59.241  SPELL_AURA_REMOVED,Pet-0-4457-249-1045-416-01001C47E2,"Ababis",0x1114,0x0,Player-4755-01840577,"Raggèn-Dreadmist",0x514,0x0,11767,"Blood Pact",0x20,BUFF
4/28 18:50:59.261  SPELL_HEAL,Player-4755-01BC57A3,"Saintis-Dreadmist",0x511,0x0,Player-4755-016296D3,"Nivl-Dreadmist",0x514,0x0,2061,"Flash Heal",0x2,Player-4755-016296D3,0000000000000000,94,100,0,0,0,-1,0,0,0,12.71,-188.98,0,5.7268,69,524,524,0,0,nil
4/28 18:50:59.261  SPELL_HEAL,Player-4755-01617EEE,"Fenix-Dreadmist",0x512,0x0,Player-4755-0160BD13,"Mafkees-Dreadmist",0x514,0x0,10963,"Greater Heal",0x2,Player-4755-0160BD13,0000000000000000,83,100,0,0,0,-1,0,0,0,-8.46,-191.28,0,4.0786,64,1942,1942,0,0,nil
4/28 18:50:59.304  SPELL_PERIODIC_DAMAGE,Player-4755-01F36B30,"Rectumqeef-Dreadmist",0x514,0x0,Creature-0-4457-249-1045-10184-000028665C,"Onyxia",0x10a48,0x0,11672,"Corruption",0x20,Creature-0-4457-249-1045-10184-000028665C,0000000000000000,39,100,0,0,0,-1,0,0,0,-14.86,-201.52,0,4.7604,63,269,203,-1,32,0,0,0,nil,nil,nil
4/28 18:50:59.405  SPELL_CAST_SUCCESS,Player-4755-01F21AE6,"Blahu-Dreadmist",0x40514,0x0,Creature-0-4457-249-1045-10184-000028665C,"Onyxia",0x10a48,0x0,11597,"Sunder Armor",0x1,Player-4755-01F21AE6,0000000000000000,100,100,0,0,0,-1,0,0,0,-30.26,-212.35,0,1.0272,70
4/28 18:50:59.434  SPELL_CAST_SUCCESS,Player-4755-01F36B30,"Rectumqeef-Dreadmist",0x514,0x0,Creature-0-4457-249-1045-10184-000028665C,"Onyxia",0x10a48,0x0,11661,"Shadow Bolt",0x20,Player-4755-01F36B30,0000000000000000,100,100,0,0,0,-1,0,0,0,28.10,-204.26,0,3.0555,66
4/28 18:50:59.434  SPELL_CAST_START,Player-4755-01F36B30,"Rectumqeef-Dreadmist",0x514,0x0,0000000000000000,nil,0x80000000,0x80000000,11661,"Shadow Bolt",0x20
4/28 18:50:59.509  SPELL_AURA_REMOVED,Player-4755-016296D3,"Nivl-Dreadmist",0x514,0x0,Player-4755-016296D3,"Nivl-Dreadmist",0x514,0x0,16246,"Clearcasting",0x40,BUFF
4/28 18:50:59.647  SPELL_AURA_REMOVED,Pet-0-4457-249-1045-7456-03003178E8,"Owl",0x1114,0x0,Creature-0-4457-249-1045-10184-000028665C,"Onyxia",0x10a48,0x0,24579,"Screech",0x1,DEBUFF
4/28 18:50:59.667  UNIT_DIED,0000000000000000,nil,0x80000000,0x80000000,Player-4755-01E83279,"Nlmasters-Dreadmist",0x514,0x8
4/28 18:50:59.667  SPELL_AURA_APPLIED,Pet-0-4457-249-1045-416-01001C47E2,"Ababis",0x1114,0x0,Pet-0-4457-249-1045-9622-02002CD5BC,"Bokito",0x1114,0x0,11767,"Blood Pact",0x20,BUFF
4/28 18:50:59.689  SPELL_CAST_SUCCESS,Player-4755-01FA8DD8,"Roackerita-Dreadmist",0x514,0x0,Player-4755-0160BD13,"Mafkees-Dreadmist",0x514,0x0,2055,"Heal",0x2,Player-4755-01FA8DD8,0000000000000000,100,100,0,0,0,-1,0,0,0,16.26,-194.25,0,3.4368,69
4/28 18:50:59.834  SPELL_PERIODIC_DAMAGE,Player-4755-0160BD13,"Mafkees-Dreadmist",0x514,0x0,Creature-0-4457-249-1045-10184-000028665C,"Onyxia",0x10a48,0x0,12721,"Deep Wound",0x1,Creature-0-4457-249-1045-10184-000028665C,0000000000000000,39,100,0,0,0,-1,0,0,0,-14.67,-205.40,0,4.7605,63,72,72,-1,1,0,0,0,nil,nil,nil
4/28 18:51:00.022  SPELL_CAST_SUCCESS,Player-4755-015FEBD5,"Sauvage-Dreadmist",0x514,0x0,Creature-0-4457-249-1045-10184-000028665C,"Onyxia",0x10a48,0x0,10181,"Frostbolt",0x10,Player-4755-015FEBD5,0000000000000000,100,100,0,0,0,-1,0,0,0,-0.69,-185.74,0,5.4483,64
4/28 18:51:00.070  SPELL_HEAL,Player-4755-01FA8DD8,"Roackerita-Dreadmist",0x514,0x0,Player-4755-0160BD13,"Mafkees-Dreadmist",0x514,0x0,2055,"Heal",0x2,Player-4755-0160BD13,0000000000000000,100,100,0,0,0,-1,0,0,0,-8.24,-196.15,0,4.1924,64,1133,1133,322,0,nil
4/28 18:51:00.091  SPELL_CAST_START,Player-4755-020BD78D,"Lonehunter-Dreadmist",0x514,0x0,0000000000000000,nil,0x80000000,0x80000000,75,"Auto Shot",0x1
4/28 18:51:00.119  SPELL_CAST_SUCCESS,Player-4755-01FA8D0D,"Roackeru-Dreadmist",0x514,0x0,0000000000000000,nil,0x80000000,0x80000000,11689,"Life Tap",0x20,Player-4755-01FA8D0D,0000000000000000,87,100,0,0,0,-1,0,0,0,29.50,-200.90,0,1.8771,65
4/28 18:51:00.244  SPELL_CAST_START,Player-4755-01B60A5F,"Zurok-Dreadmist",0x514,0x0,0000000000000000,nil,0x80000000,0x80000000,75,"Auto Shot",0x1
4/28 18:51:00.484  SPELL_ENERGIZE,Player-4755-01FA8D0D,"Roackeru-Dreadmist",0x514,0x0,Player-4755-01FA8D0D,"Roackeru-Dreadmist",0x514,0x0,31818,"Life Tap",0x20,Player-4755-01FA8D0D,0000000000000000,87,100,0,0,0,-1,0,0,0,28.67,-198.28,0,1.8771,65,835.0000,0.0000,0,6373
4/28 18:51:00.528  SPELL_CAST_START,Player-4755-015FEBD5,"Sauvage-Dreadmist",0x514,0x0,0000000000000000,nil,0x80000000,0x80000000,10181,"Frostbolt",0x10
4/28 18:51:00.528  SPELL_AURA_APPLIED,Player-4755-01ED7A64,"Sperzieboon-Dreadmist",0x514,0x0,Player-4755-01ED7A64,"Sperzieboon-Dreadmist",0x514,0x0,10901,"Power Word: Shield",0x2,BUFF
4/28 18:51:00.528  SPELL_CAST_SUCCESS,Player-4755-01ED7A64,"Sperzieboon-Dreadmist",0x514,0x0,Player-4755-01ED7A64,"Sperzieboon-Dreadmist",0x514,0x0,10901,"Power Word: Shield",0x2,Player-4755-01ED7A64,0000000000000000,100,100,0,0,0,-1,0,0,0,27.15,-225.96,0,2.9276,67
4/28 18:51:00.528  SPELL_CAST_SUCCESS,Player-4755-020BD78D,"Lonehunter-Dreadmist",0x514,0x0,Creature-0-4457-249-1045-10184-000028665C,"Onyxia",0x10a48,0x0,75,"Auto Shot",0x1,Player-4755-020BD78D,0000000000000000,100,100,0,0,0,-1,0,0,0,24.16,-229.27,0,3.1076,70
4/28 18:51:00.528  SPELL_AURA_APPLIED,Player-4755-0163DD9D,"Kaspais-Dreadmist",0x514,0x0,Player-4755-0163DD9D,"Kaspais-Dreadmist",0x514,0x0,10193,"Mana Shield",0x40,BUFF
4/28 18:51:00.528  SPELL_CAST_SUCCESS,Player-4755-0163DD9D,"Kaspais-Dreadmist",0x514,0x0,0000000000000000,nil,0x80000000,0x80000000,10193,"Mana Shield",0x40,Player-4755-0163DD9D,0000000000000000,50,100,0,0,0,-1,0,0,0,-21.43,-180.60,0,5.6623,66
4/28 18:51:00.545  SPELL_CAST_SUCCESS,Player-4755-01614AC7,"Mirrimazduur-Dreadmist",0x512,0x0,0000000000000000,nil,0x80000000,0x80000000,11689,"Life Tap",0x20,Player-4755-01614AC7,0000000000000000,56,100,0,0,0,-1,0,0,0,1.70,-174.01,0,4.0984,68
4/28 18:51:00.654  SPELL_AURA_REMOVED_DOSE,Player-4755-01F36B30,"Rectumqeef-Dreadmist",0x514,0x0,Creature-0-4457-249-1045-10184-000028665C,"Onyxia",0x10a48,0x0,17800,"Shadow Vulnerability",0x20,DEBUFF,3
4/28 18:51:00.654  SPELL_DAMAGE,Player-4755-01FA8D0D,"Roackeru-Dreadmist",0x514,0x0,Creature-0-4457-249-1045-10184-000028665C,"Onyxia",0x10a48,0x0,11661,"Shadow Bolt",0x20,Creature-0-4457-249-1045-10184-000028665C,0000000000000000,39,100,0,0,0,-1,0,0,0,-14.59,-207.08,0,4.7617,63,992,902,-1,32,0,0,0,nil,nil,nil
4/28 18:51:00.682  SPELL_CAST_SUCCESS,Player-4755-01B60A5F,"Zurok-Dreadmist",0x514,0x0,Creature-0-4457-249-1045-10184-000028665C,"Onyxia",0x10a48,0x0,75,"Auto Shot",0x1,Player-4755-01B60A5F,0000000000000000,100,100,0,0,0,-1,0,0,0,19.84,-207.68,0,3.7170,62
4/28 18:51:00.850  SPELL_DAMAGE,Player-4755-015FEBD5,"Sauvage-Dreadmist",0x514,0x0,Creature-0-4457-249-1045-10184-000028665C,"Onyxia",0x10a48,0x0,10181,"Frostbolt",0x10,Creature-0-4457-249-1045-10184-000028665C,0000000000000000,39,100,0,0,0,-1,0,0,0,-14.59,-207.08,0,4.7617,63,1843,837,-1,16,0,0,0,1,nil,nil
4/28 18:51:00.880  SPELL_AURA_APPLIED,Player-4755-01ED7A64,"Sperzieboon-Dreadmist",0x514,0x0,Player-4755-01ED7A64,"Sperzieboon-Dreadmist",0x514,0x0,6788,"Weakened Soul",0x2,DEBUFF
4/28 18:51:00.880  SPELL_ENERGIZE,Player-4755-01614AC7,"Mirrimazduur-Dreadmist",0x512,0x0,Player-4755-01614AC7,"Mirrimazduur-Dreadmist",0x512,0x0,31818,"Life Tap",0x20,Player-4755-01614AC7,0000000000000000,56,100,0,0,0,-1,0,0,0,-0.77,-173.46,0,3.6586,68,855.0000,0.0000,0,5098
4/28 18:51:00.880  SPELL_AURA_APPLIED,Player-4755-015FEBD5,"Sauvage-Dreadmist",0x514,0x0,Player-4755-015FEBD5,"Sauvage-Dreadmist",0x514,0x0,12536,"Clearcasting",0x40,BUFF
4/28 18:51:00.898  SPELL_CAST_SUCCESS,Player-4755-01F21AE6,"Blahu-Dreadmist",0x40514,0x0,Creature-0-4457-249-1045-10184-000028665C,"Onyxia",0x10a48,0x0,11597,"Sunder Armor",0x1,Player-4755-01F21AE6,0000000000000000,100,100,0,0,0,-1,0,0,0,-20.66,-208.21,0,6.2796,70
4/28 18:51:00.926  SPELL_CAST_SUCCESS,Player-4755-0178F576,"Atreas-Dreadmist",0x514,0x0,Creature-0-4457-249-1045-10184-000028665C,"Onyxia",0x10a48,0x0,20904,"Aimed Shot",0x1,Player-4755-0178F576,0000000000000000,100,100,0,0,0,-1,0,0,0,-52.49,-191.96,0,5.9047,66
4/28 18:51:00.926  SPELL_PERIODIC_DAMAGE,Player-4755-01614AC7,"Mirrimazduur-Dreadmist",0x512,0x0,Creature-0-4457-249-1045-10184-000028665C,"Onyxia",0x10a48,0x0,11672,"Corruption",0x20,Creature-0-4457-249-1045-10184-000028665C,0000000000000000,39,100,0,0,0,-1,0,0,0,-14.59,-207.08,0,4.7617,63,249,188,-1,32,0,0,0,nil,nil,nil
4/28 18:51:00.926  SPELL_CAST_SUCCESS,Player-4755-0160BD13,"Mafkees-Dreadmist",0x514,0x0,0000000000000000,nil,0x80000000,0x80000000,1680,"Whirlwind",0x1,Player-4755-0160BD13,0000000000000000,100,100,0,0,0,-1,0,0,0,-11.92,-200.75,0,4.3220,64
4/28 18:51:01.093  SPELL_CAST_START,Player-4755-0178F576,"Atreas-Dreadmist",0x514,0x0,0000000000000000,nil,0x80000000,0x80000000,75,"Auto Shot",0x1
4/28 18:51:01.216  SPELL_PERIODIC_ENERGIZE,Creature-0-4457-249-1045-7416-0000286CFC,"Mana Spring Totem IV",0x2114,0x0,Player-4755-016296D3,"Nivl-Dreadmist",0x514,0x0,10494,"Mana Spring",0x8,Player-4755-016296D3,0000000000000000,94,100,0,0,0,-1,0,0,0,10.95,-182.04,0,4.6194,69,10.0000,0.0000,0,5845
4/28 18:51:01.291  SPELL_DAMAGE,Player-4755-0160BD13,"Mafkees-Dreadmist",0x514,0x0,Creature-0-4457-249-1045-10184-000028665C,"Onyxia",0x10a48,0x0,1680,"Whirlwind",0x1,Creature-0-4457-249-1045-10184-000028665C,0000000000000000,39,100,0,0,0,-1,0,0,0,-14.59,-207.08,0,4.7617,63,416,528,-1,1,0,0,0,nil,nil,nil
4/28 18:51:01.452  SPELL_CAST_SUCCESS,Player-4755-01E83279,"Nlmasters-Dreadmist",0x514,0x8,0000000000000000,nil,0x80000000,0x80000000,13809,"Frost Trap",0x10,Player-4755-01E83279,0000000000000000,100,100,0,0,0,-1,0,0,0,-48.31,-205.42,0,0.5083,71
4/28 18:51:01.452  SPELL_CREATE,Player-4755-01E83279,"Nlmasters-Dreadmist",0x514,0x8,GameObject-0-4457-249-1045-164639-0000286D05,"Frost Trap",0x4228,0x0,13809,"Frost Trap",0x10
4/28 18:51:01.452  SPELL_CAST_START,Player-4755-01FA8DD8,"Roackerita-Dreadmist",0x514,0x0,0000000000000000,nil,0x80000000,0x80000000,9474,"Flash Heal",0x2
4/28 18:51:01.535  SPELL_CAST_SUCCESS,Player-4755-0178F576,"Atreas-Dreadmist",0x514,0x0,Creature-0-4457-249-1045-10184-000028665C,"Onyxia",0x10a48,0x0,75,"Auto Shot",0x1,Player-4755-0178F576,0000000000000000,100,100,0,0,0,-1,0,0,0,-52.49,-191.96,0,5.9047,66
4/28 18:51:01.550  RANGE_DAMAGE,Player-4755-01B60A5F,"Zurok-Dreadmist",0x514,0x0,Creature-0-4457-249-1045-10184-000028665C,"Onyxia",0x10a48,0x0,75,"Auto Shot",0x1,Creature-0-4457-249-1045-10184-000028665C,0000000000000000,39,100,0,0,0,-1,0,0,0,-14.59,-207.08,0,4.7617,63,339,430,-1,1,0,0,0,nil,nil,nil
4/28 18:51:01.605  SPELL_AURA_REMOVED_DOSE,Player-4755-01F36B30,"Rectumqeef-Dreadmist",0x514,0x0,Creature-0-4457-249-1045-10184-000028665C,"Onyxia",0x10a48,0x0,17800,"Shadow Vulnerability",0x20,DEBUFF,2
4/28 18:51:01.605  SPELL_DAMAGE,Player-4755-01F36B30,"Rectumqeef-Dreadmist",0x514,0x0,Creature-0-4457-249-1045-10184-000028665C,"Onyxia",0x10a48,0x0,11661,"Shadow Bolt",0x20,Creature-0-4457-249-1045-10184-000028665C,0000000000000000,38,100,0,0,0,-1,0,0,0,-14.59,-207.08,0,4.7617,63,1230,932,-1,32,0,0,0,nil,nil,nil
4/28 18:51:01.621  SPELL_CAST_SUCCESS,Player-4755-01FA8D0D,"Roackeru-Dreadmist",0x514,0x0,0000000000000000,nil,0x80000000,0x80000000,11689,"Life Tap",0x20,Player-4755-01FA8D0D,0000000000000000,75,100,0,0,0,-1,0,0,0,25.01,-190.53,0,2.1127,65
4/28 18:51:01.654  RANGE_DAMAGE,Player-4755-020BD78D,"Lonehunter-Dreadmist",0x514,0x0,Creature-0-4457-249-1045-10184-000028665C,"Onyxia",0x10a48,0x0,75,"Auto Shot",0x1,Creature-0-4457-249-1045-10184-000028665C,0000000000000000,38,100,0,0,0,-1,0,0,0,-14.59,-207.08,0,4.7617,63,360,457,-1,1,0,0,0,nil,nil,nil
4/28 18:51:01.708  SPELL_AURA_REMOVED_DOSE,Player-4755-0160BD13,"Mafkees-Dreadmist",0x514,0x0,Player-4755-0160BD13,"Mafkees-Dreadmist",0x514,0x0,23888,"Bloodthirst",0x1,BUFF,2
4/28 18:51:01.708  SPELL_HEAL,Player-4755-0160BD13,"Mafkees-Dreadmist",0x514,0x0,Player-4755-0160BD13,"Mafkees-Dreadmist",0x514,0x0,23891,"Bloodthirst",0x1,Player-4755-0160BD13,0000000000000000,100,100,0,0,0,-1,0,0,0,-9.18,-202.40,0,4.0629,64,20,20,20,0,nil
4/28 18:51:01.708  SPELL_ENERGIZE,Player-4755-01FA8D0D,"Roackeru-Dreadmist",0x514,0x0,Player-4755-01FA8D0D,"Roackeru-Dreadmist",0x514,0x0,31818,"Life Tap",0x20,Player-4755-01FA8D0D,0000000000000000,75,100,0,0,0,-1,0,0,0,24.65,-190.01,0,2.2226,65,835.0000,0.0000,0,6373
4/28 18:51:01.745  SPELL_AURA_REMOVED,Pet-0-4457-249-1045-7432-01002D8BC6,"Cat",0x1114,0x0,Pet-0-4457-249-1045-7432-01002D8BC6,"Cat",0x1114,0x0,23110,"Dash",0x1,BUFF
4/28 18:51:01.745  SPELL_AURA_REMOVED,Player-4755-01FA8DD8,"Roackerita-Dreadmist",0x514,0x0,Player-4755-01617EEE,"Fenix-Dreadmist",0x512,0x0,15359,"Inspiration",0x2,BUFF
4/28 18:51:01.939  SPELL_CAST_SUCCESS,Player-4755-01AC9FD9,"Alexinho-Dreadmist",0x514,0x0,Creature-0-4457-249-1045-10184-000028665C,"Onyxia",0x10a48,0x0,11294,"Sinister Strike",0x1,Player-4755-01AC9FD9,0000000000000000,100,100,0,0,0,-1,0,0,0,-13.41,-191.63,0,3.8315,66
4/28 18:51:01.939  SPELL_MISSED,Player-4755-01AC9FD9,"Alexinho-Dreadmist",0x514,0x0,Creature-0-4457-249-1045-10184-000028665C,"Onyxia",0x10a48,0x0,11294,"Sinister Strike",0x1,DODGE,nil
4/28 18:51:01.955  SPELL_DAMAGE,Player-4755-0178F576,"Atreas-Dreadmist",0x514,0x0,Creature-0-4457-249-1045-10184-000028665C,"Onyxia",0x10a48,0x0,20904,"Aimed Shot",0x1,Creature-0-4457-249-1045-10184-000028665C,0000000000000000,38,100,0,0,0,-1,0,0,0,-14.59,-207.08,0,4.7617,63,914,1160,-1,1,0,0,0,nil,nil,nil
4/28 18:51:02.055  SPELL_CAST_START,Player-4755-01617EEE,"Fenix-Dreadmist",0x512,0x0,0000000000000000,nil,0x80000000,0x80000000,6064,"Heal",0x2
4/28 18:51:02.091  SPELL_CAST_START,Creature-0-4457-249-1045-10184-000028665C,"Onyxia",0x10a48,0x0,0000000000000000,nil,0x80000000,0x80000000,18431,"Bellowing Roar",0x1
4/28 18:51:02.091  SWING_DAMAGE,Pet-0-4457-249-1045-2850-01001956F9,"Kratos",0x1114,0x0,Creature-0-4457-249-1045-10184-000028665C,"Onyxia",0x10a48,0x0,Pet-0-4457-249-1045-2850-01001956F9,Player-4755-0178F576,100,100,0,0,0,-1,0,0,0,3.83,-191.37,0,2.8614,66,36,65,-1,1,0,0,0,nil,1,nil
4/28 18:51:02.113  SPELL_AURA_APPLIED,Player-4755-01F21AE6,"Blahu-Dreadmist",0x40514,0x0,Player-4755-01F21AE6,"Blahu-Dreadmist",0x40514,0x0,21887,"Warrior's Wrath",0x1,BUFF
4/28 18:51:02.113  SWING_DAMAGE_LANDED,Pet-0-4457-249-1045-2850-01001956F9,"Kratos",0x1114,0x0,Creature-0-4457-249-1045-10184-000028665C,"Onyxia",0x10a48,0x0,Creature-0-4457-249-1045-10184-000028665C,0000000000000000,38,100,0,0,0,-1,0,0,0,-14.59,-207.08,0,4.7617,63,36,65,-1,1,0,0,0,nil,1,nil
4/28 18:51:02.133  SPELL_CAST_START,Player-4755-01BC57A3,"Saintis-Dreadmist",0x511,0x0,0000000000000000,nil,0x80000000,0x80000000,6063,"Heal",0x2
4/28 18:51:02.133  SPELL_AURA_APPLIED,Player-4755-0160BD13,"Mafkees-Dreadmist",0x514,0x0,Player-4755-0160BD13,"Mafkees-Dreadmist",0x514,0x0,29131,"Bloodrage",0x1,BUFF
4/28 18:51:02.133  SPELL_CAST_SUCCESS,Player-4755-0160BD13,"Mafkees-Dreadmist",0x514,0x0,0000000000000000,nil,0x80000000,0x80000000,2687,"Bloodrage",0x1,Player-4755-0160BD13,0000000000000000,100,100,0,0,0,-1,0,0,0,-10.00,-203.35,0,3.9490,64
4/28 18:51:02.153  SPELL_AURA_REMOVED,Player-4755-01BC57A3,"Saintis-Dreadmist",0x511,0x0,Pet-0-4457-249-1045-2850-01001956F9,"Kratos",0x1114,0x0,15359,"Inspiration",0x2,BUFF
4/28 18:51:02.169  SPELL_AURA_APPLIED,Player-4755-01733879,"Hocwar-Dreadmist",0x40514,0x0,Player-4755-01733879,"Hocwar-Dreadmist",0x40514,0x0,20007,"Holy Strength",0x2,BUFF
4/28 18:51:02.169  SPELL_HEAL,Player-4755-01733879,"Hocwar-Dreadmist",0x40514,0x0,Player-4755-01733879,"Hocwar-Dreadmist",0x40514,0x0,20007,"Holy Strength",0x2,Player-4755-01733879,0000000000000000,100,100,0,0,0,-1,0,0,0,-14.58,-200.53,0,4.6634,71,97,97,97,0,nil
4/28 18:51:02.169  SPELL_AURA_APPLIED,Player-4755-01733879,"Hocwar-Dreadmist",0x40514,0x0,Player-4755-01733879,"Hocwar-Dreadmist",0x40514,0x0,10610,"Windfury Totem",0x8,BUFF
4/28 18:51:02.169  SPELL_EXTRA_ATTACKS,Player-4755-01733879,"Hocwar-Dreadmist",0x40514,0x0,Player-4755-01733879,"Hocwar-Dreadmist",0x40514,0x0,10610,"Windfury Totem",0x8,1
4/28 18:51:02.169  SWING_DAMAGE,Player-4755-01733879,"Hocwar-Dreadmist",0x40514,0x0,Creature-0-4457-249-1045-10184-000028665C,"Onyxia",0x10a48,0x0,Player-4755-01733879,0000000000000000,100,100,0,0,0,-1,0,0,0,-14.58,-200.53,0,4.6634,71,375,237,-1,1,0,0,0,1,nil,nil
4/28 18:51:02.187  SWING_DAMAGE,Player-4755-01733879,"Hocwar-Dreadmist",0x40514,0x0,Creature-0-4457-249-1045-10184-000028665C,"Onyxia",0x10a48,0x0,Player-4755-01733879,0000000000000000,100,100,0,0,0,-1,0,0,0,-14.61,-200.50,0,4.6922,71,237,353,-1,1,0,0,0,nil,1,nil
4/28 18:51:02.232  SWING_DAMAGE,Player-4755-01F21AE6,"Blahu-Dreadmist",0x40514,0x0,Creature-0-4457-249-1045-10184-000028665C,"Onyxia",0x10a48,0x0,Player-4755-01F21AE6,0000000000000000,100,100,0,0,0,-1,0,0,0,-16.96,-204.98,0,5.9471,70,208,352,-1,1,0,0,0,nil,1,nil
4/28 18:51:02.294  SPELL_PERIODIC_DAMAGE,Player-4755-01F36B30,"Rectumqeef-Dreadmist",0x514,0x0,Creature-0-4457-249-1045-10184-000028665C,"Onyxia",0x10a48,0x0,11672,"Corruption",0x20,Creature-0-4457-249-1045-10184-000028665C,0000000000000000,38,100,0,0,0,-1,0,0,0,-14.59,-207.08,0,4.7617,63,269,203,-1,32,0,0,0,nil,nil,nil
4/28 18:51:02.294  SPELL_AURA_REMOVED,Player-4755-01F36B30,"Rectumqeef-Dreadmist",0x514,0x0,Creature-0-4457-249-1045-10184-000028665C,"Onyxia",0x10a48,0x0,11672,"Corruption",0x20,DEBUFF
4/28 18:51:02.386  SWING_MISSED,Player-4755-0220BD00,"Krikoff-Dreadmist",0x40514,0x0,Creature-0-4457-249-1045-10184-000028665C,"Onyxia",0x10a48,0x0,MISS,nil
4/28 18:51:02.402  SPELL_CAST_SUCCESS,Player-4755-01F21AE6,"Blahu-Dreadmist",0x40514,0x0,Creature-0-4457-249-1045-10184-000028665C,"Onyxia",0x10a48,0x0,23894,"Bloodthirst",0x1,Player-4755-01F21AE6,0000000000000000,100,100,0,0,0,-1,0,0,0,-16.96,-204.98,0,5.9471,70
4/28 18:51:02.489  SWING_DAMAGE,Pet-0-4457-249-1045-9622-02002CD5BC,"Bokito",0x1114,0x0,Creature-0-4457-249-1045-10184-000028665C,"Onyxia",0x10a48,0x0,Pet-0-4457-249-1045-9622-02002CD5BC,Player-4755-020BD78D,91,100,0,0,0,-1,0,0,0,1.51,-193.14,0,4.0689,70,112,142,-1,1,0,0,0,nil,nil,nil
4/28 18:51:02.510  SPELL_ENERGIZE,Player-4755-0160BD13,"Mafkees-Dreadmist",0x514,0x0,Player-4755-0160BD13,"Mafkees-Dreadmist",0x514,0x0,2687,"Bloodrage",0x1,Player-4755-0160BD13,0000000000000000,93,100,0,0,0,-1,0,0,0,-9.77,-203.64,0,3.8115,64,10.0000,0.0000,1,1000
4/28 18:51:02.510  SWING_DAMAGE_LANDED,Player-4755-01733879,"Hocwar-Dreadmist",0x40514,0x0,Creature-0-4457-249-1045-10184-000028665C,"Onyxia",0x10a48,0x0,Creature-0-4457-249-1045-10184-000028665C,0000000000000000,38,100,0,0,0,-1,0,0,0,-14.59,-207.08,0,4.7617,63,375,237,-1,1,0,0,0,1,nil,nil
4/28 18:51:02.510  SWING_DAMAGE_LANDED,Player-4755-01733879,"Hocwar-Dreadmist",0x40514,0x0,Creature-0-4457-249-1045-10184-000028665C,"Onyxia",0x10a48,0x0,Creature-0-4457-249-1045-10184-000028665C,0000000000000000,38,100,0,0,0,-1,0,0,0,-14.59,-207.08,0,4.7617,63,237,353,-1,1,0,0,0,nil,1,nil
4/28 18:51:02.510  SWING_DAMAGE_LANDED,Player-4755-01F21AE6,"Blahu-Dreadmist",0x40514,0x0,Creature-0-4457-249-1045-10184-000028665C,"Onyxia",0x10a48,0x0,Creature-0-4457-249-1045-10184-000028665C,0000000000000000,38,100,0,0,0,-1,0,0,0,-14.59,-207.08,0,4.7617,63,208,352,-1,1,0,0,0,nil,1,nil
4/28 18:51:02.510  SPELL_DAMAGE,Player-4755-01F21AE6,"Blahu-Dreadmist",0x40514,0x0,Creature-0-4457-249-1045-10184-000028665C,"Onyxia",0x10a48,0x0,23894,"Bloodthirst",0x1,Creature-0-4457-249-1045-10184-000028665C,0000000000000000,38,100,0,0,0,-1,0,0,0,-14.59,-207.08,0,4.7617,63,358,454,-1,1,0,0,0,nil,nil,nil
4/28 18:51:02.510  SPELL_AURA_APPLIED,Player-4755-01F21AE6,"Blahu-Dreadmist",0x40514,0x0,Player-4755-01F21AE6,"Blahu-Dreadmist",0x40514,0x0,23888,"Bloodthirst",0x1,BUFF
4/28 18:51:02.510  SWING_DAMAGE_LANDED,Pet-0-4457-249-1045-9622-02002CD5BC,"Bokito",0x1114,0x0,Creature-0-4457-249-1045-10184-000028665C,"Onyxia",0x10a48,0x0,Creature-0-4457-249-1045-10184-000028665C,0000000000000000,38,100,0,0,0,-1,0,0,0,-14.59,-207.08,0,4.7617,63,112,142,-1,1,0,0,0,nil,nil,nil
4/28 18:51:02.510  SPELL_AURA_APPLIED,Player-4755-0163DD9D,"Kaspais-Dreadmist",0x514,0x0,Player-4755-0163DD9D,"Kaspais-Dreadmist",0x514,0x0,18610,"First Aid",0x1,BUFF
4/28 18:51:02.510  SPELL_CAST_SUCCESS,Player-4755-0163DD9D,"Kaspais-Dreadmist",0x514,0x0,Player-4755-0163DD9D,"Kaspais-Dreadmist",0x514,0x0,18610,"First Aid",0x1,Player-4755-0163DD9D,0000000000000000,50,100,0,0,0,-1,0,0,0,-13.01,-178.03,0,4.9534,66
4/28 18:51:02.548  SPELL_AURA_REMOVED,Player-4755-01FA8DD8,"Roackerita-Dreadmist",0x514,0x0,Player-4755-01614AC7,"Mirrimazduur-Dreadmist",0x512,0x0,6788,"Weakened Soul",0x2,DEBUFF
4/28 18:51:02.568  RANGE_DAMAGE,Player-4755-0178F576,"Atreas-Dreadmist",0x514,0x0,Creature-0-4457-249-1045-10184-000028665C,"Onyxia",0x10a48,0x0,75,"Auto Shot",0x1,Creature-0-4457-249-1045-10184-000028665C,0000000000000000,38,100,0,0,0,-1,0,0,0,-14.59,-207.08,0,4.7617,63,348,442,-1,1,0,0,0,nil,nil,nil
4/28 18:51:02.568  SPELL_CAST_FAILED,Player-4755-01BC57A3,"Saintis-Dreadmist",0x511,0x0,0000000000000000,nil,0x80000000,0x80000000,6063,"Heal",0x2,"Interrupted"
4/28 18:51:02.586  SPELL_CAST_SUCCESS,Player-4755-01840577,"Raggèn-Dreadmist",0x514,0x0,0000000000000000,nil,0x80000000,0x80000000,8143,"Tremor Totem",0x8,Player-4755-01840577,0000000000000000,100,100,0,0,0,-1,0,0,0,11.79,-221.52,0,1.7687,67
4/28 18:51:02.586  SPELL_SUMMON,Player-4755-01840577,"Raggèn-Dreadmist",0x514,0x0,Creature-0-4457-249-1045-5913-0000286D06,"Tremor Totem",0xa28,0x0,8143,"Tremor Totem",0x8
4/28 18:51:02.630  SPELL_CAST_START,Player-4755-020BD78D,"Lonehunter-Dreadmist",0x514,0x0,0000000000000000,nil,0x80000000,0x80000000,75,"Auto Shot",0x1
4/28 18:51:02.733  SPELL_CAST_START,Player-4755-01B60A5F,"Zurok-Dreadmist",0x514,0x0,0000000000000000,nil,0x80000000,0x80000000,75,"Auto Shot",0x1
4/28 18:51:02.776  SPELL_PERIODIC_ENERGIZE,Player-4755-01802FE5,"Angrybat-Dreadmist",0x514,0x0,Player-4755-01802FE5,"Angrybat-Dreadmist",0x514,0x0,18194,"Mana Regeneration",0x1,Player-4755-01802FE5,0000000000000000,68,100,0,0,0,-1,0,0,0,24.50,-183.61,0,5.4579,66,8.0000,0.0000,0,6033
4/28 18:51:02.791  SPELL_CAST_SUCCESS,Player-4755-01802FE5,"Angrybat-Dreadmist",0x514,0x0,0000000000000000,nil,0x80000000,0x80000000,12472,"Cold Snap",0x1,Player-4755-01802FE5,0000000000000000,68,100,0,0,0,-1,0,0,0,24.58,-183.69,0,5.4579,66
4/28 18:51:02.836  SPELL_PERIODIC_DAMAGE,Player-4755-0160BD13,"Mafkees-Dreadmist",0x514,0x0,Creature-0-4457-249-1045-10184-000028665C,"Onyxia",0x10a48,0x0,12721,"Deep Wound",0x1,Creature-0-4457-249-1045-10184-000028665C,0000000000000000,38,100,0,0,0,-1,0,0,0,-14.59,-207.08,0,4.7617,63,72,72,-1,1,0,0,0,nil,nil,nil
4/28 18:51:02.875  SPELL_CAST_START,Player-4755-01BC57A3,"Saintis-Dreadmist",0x511,0x0,0000000000000000,nil,0x80000000,0x80000000,2055,"Heal",0x2
4/28 18:51:02.910  SPELL_AURA_REMOVED_DOSE,Player-4755-01733879,"Hocwar-Dreadmist",0x40514,0x0,Player-4755-01733879,"Hocwar-Dreadmist",0x40514,0x0,10610,"Windfury Totem",0x8,BUFF,1
4/28 18:51:02.910  SPELL_AURA_APPLIED,Player-4755-01733879,"Hocwar-Dreadmist",0x40514,0x0,Player-4755-01733879,"Hocwar-Dreadmist",0x40514,0x0,12970,"Flurry",0x1,BUFF
4/28 18:51:02.910  SPELL_AURA_REMOVED_DOSE,Player-4755-01733879,"Hocwar-Dreadmist",0x40514,0x0,Player-4755-01733879,"Hocwar-Dreadmist",0x40514,0x0,12970,"Flurry",0x1,BUFF,2
4/28 18:51:02.910  SPELL_AURA_REMOVED,Player-4755-01733879,"Hocwar-Dreadmist",0x40514,0x0,Player-4755-01733879,"Hocwar-Dreadmist",0x40514,0x0,10610,"Windfury Totem",0x8,BUFF
4/28 18:51:02.910  SPELL_AURA_REMOVED_DOSE,Player-4755-01F21AE6,"Blahu-Dreadmist",0x40514,0x0,Player-4755-01F21AE6,"Blahu-Dreadmist",0x40514,0x0,23888,"Bloodthirst",0x1,BUFF,4
4/28 18:51:02.928  SPELL_HEAL,Player-4755-01F21AE6,"Blahu-Dreadmist",0x40514,0x0,Player-4755-01F21AE6,"Blahu-Dreadmist",0x40514,0x0,23891,"Bloodthirst",0x1,Player-4755-01F21AE6,0000000000000000,100,100,0,0,0,-1,0,0,0,-16.96,-204.98,0,5.9471,70,20,20,20,0,nil
4/28 18:51:02.928  SPELL_AURA_REMOVED_DOSE,Player-4755-01F21AE6,"Blahu-Dreadmist",0x40514,0x0,Player-4755-01F21AE6,"Blahu-Dreadmist",0x40514,0x0,23888,"Bloodthirst",0x1,BUFF,3
4/28 18:51:02.928  SPELL_HEAL,Player-4755-01F21AE6,"Blahu-Dreadmist",0x40514,0x0,Player-4755-01F21AE6,"Blahu-Dreadmist",0x40514,0x0,23891,"Bloodthirst",0x1,Player-4755-01F21AE6,0000000000000000,100,100,0,0,0,-1,0,0,0,-16.96,-204.98,0,5.9471,70,20,20,20,0,nil
4/28 18:51:02.928  SPELL_AURA_REMOVED,Player-4755-01F21AE6,"Blahu-Dreadmist",0x40514,0x0,Player-4755-01F21AE6,"Blahu-Dreadmist",0x40514,0x0,21887,"Warrior's Wrath",0x1,BUFF
4/28 18:51:02.929  SPELL_AURA_APPLIED,Player-4755-0163DD9D,"Kaspais-Dreadmist",0x514,0x0,Player-4755-0163DD9D,"Kaspais-Dreadmist",0x514,0x0,11196,"Recently Bandaged",0x1,DEBUFF
4/28 18:51:02.961  SPELL_CAST_SUCCESS,Player-4755-01FA8DD8,"Roackerita-Dreadmist",0x514,0x0,Player-4755-01614AC7,"Mirrimazduur-Dreadmist",0x512,0x0,9474,"Flash Heal",0x2,Player-4755-01FA8DD8,0000000000000000,100,100,0,0,0,-1,0,0,0,16.26,-194.25,0,3.4368,69
4/28 18:51:02.976  SWING_DAMAGE,Player-4755-01733879,"Hocwar-Dreadmist",0x40514,0x0,Creature-0-4457-249-1045-10184-000028665C,"Onyxia",0x10a48,0x0,Player-4755-01733879,0000000000000000,100,100,0,0,0,-1,0,0,0,-17.18,-200.65,0,5.5472,71,114,162,-1,1,0,0,0,nil,1,nil
4/28 18:51:03.021  SPELL_CAST_SUCCESS,Player-4755-015FEBD5,"Sauvage-Dreadmist",0x514,0x0,Creature-0-4457-249-1045-10184-000028665C,"Onyxia",0x10a48,0x0,10181,"Frostbolt",0x10,Player-4755-015FEBD5,0000000000000000,100,100,0,0,0,-1,0,0,0,-0.69,-185.74,0,3.9639,64
4/28 18:51:03.021  SPELL_AURA_REMOVED,Player-4755-015FEBD5,"Sauvage-Dreadmist",0x514,0x0,Player-4755-015FEBD5,"Sauvage-Dreadmist",0x514,0x0,12536,"Clearcasting",0x40,BUFF
4/28 18:51:03.087  SPELL_CAST_SUCCESS,Player-4755-020BD78D,"Lonehunter-Dreadmist",0x514,0x0,Creature-0-4457-249-1045-10184-000028665C,"Onyxia",0x10a48,0x0,75,"Auto Shot",0x1,Player-4755-020BD78D,0000000000000000,100,100,0,0,0,-1,0,0,0,22.70,-235.14,0,2.6281,70
4/28 18:51:03.087  SWING_DAMAGE,Pet-0-4457-249-1045-2850-01001956F9,"Kratos",0x1114,0x0,Creature-0-4457-249-1045-10184-000028665C,"Onyxia",0x10a48,0x0,Pet-0-4457-249-1045-2850-01001956F9,Player-4755-0178F576,100,100,0,0,0,-1,0,0,0,3.83,-191.37,0,2.8614,66,54,68,-1,1,0,0,0,nil,nil,nil
4/28 18:51:03.135  SPELL_CAST_SUCCESS,Player-4755-01FA8D0D,"Roackeru-Dreadmist",0x514,0x0,0000000000000000,nil,0x80000000,0x80000000,11689,"Life Tap",0x20,Player-4755-01FA8D0D,0000000000000000,62,100,0,0,0,-1,0,0,0,23.39,-189.46,0,5.9297,65
4/28 18:51:03.135  SPELL_PERIODIC_ENERGIZE,Player-4755-0160BD13,"Mafkees-Dreadmist",0x514,0x0,Player-4755-0160BD13,"Mafkees-Dreadmist",0x514,0x0,29131,"Bloodrage",0x1,Player-4755-0160BD13,0000000000000000,93,100,0,0,0,-1,0,0,0,-10.00,-203.32,0,3.8901,64,1.0000,0.0000,1,1000
4/28 18:51:03.152  SWING_DAMAGE,Player-4755-01F21AE6,"Blahu-Dreadmist",0x40514,0x0,Creature-0-4457-249-1045-10184-000028665C,"Onyxia",0x10a48,0x0,Player-4755-01F21AE6,0000000000000000,100,100,0,0,0,-1,0,0,0,-17.28,-205.92,0,5.9471,70,83,119,-1,1,0,0,0,nil,1,nil
4/28 18:51:03.152  SPELL_CAST_START,Player-4755-01804B95,"Moymoy-Dreadmist",0x514,0x0,0000000000000000,nil,0x80000000,0x80000000,10468,"Lesser Healing Wave",0x8
4/28 18:51:03.192  SPELL_CAST_SUCCESS,Player-4755-01B60A5F,"Zurok-Dreadmist",0x514,0x0,Creature-0-4457-249-1045-10184-000028665C,"Onyxia",0x10a48,0x0,75,"Auto Shot",0x1,Player-4755-01B60A5F,0000000000000000,100,100,0,0,0,-1,0,0,0,19.84,-207.68,0,3.7170,62
4/28 18:51:03.212  SPELL_PERIODIC_ENERGIZE,Creature-0-4457-249-1045-7416-0000286CFC,"Mana Spring Totem IV",0x2114,0x0,Player-4755-016296D3,"Nivl-Dreadmist",0x514,0x0,10494,"Mana Spring",0x8,Player-4755-016296D3,0000000000000000,94,100,0,0,0,-1,0,0,0,0.90,-174.48,0,4.1600,69,10.0000,0.0000,0,5845
4/28 18:51:03.212  SPELL_CAST_SUCCESS,Player-4755-01733879,"Hocwar-Dreadmist",0x40514,0x0,0000000000000000,nil,0x80000000,0x80000000,11556,"Demoralizing Shout",0x1,Player-4755-01733879,0000000000000000,100,100,0,0,0,-1,0,0,0,-16.21,-199.23,0,5.6524,71
4/28 18:51:03.319  SPELL_ENERGIZE,Player-4755-01733879,"Hocwar-Dreadmist",0x40514,0x0,Player-4755-01733879,"Hocwar-Dreadmist",0x40514,0x0,12964,"Unbridled Wrath",0x1,Player-4755-01733879,0000000000000000,100,100,0,0,0,-1,0,0,0,-15.67,-198.46,0,5.6609,71,1.0000,0.0000,1,1000
4/28 18:51:03.319  SPELL_ENERGIZE,Player-4755-01733879,"Hocwar-Dreadmist",0x40514,0x0,Player-4755-01733879,"Hocwar-Dreadmist",0x40514,0x0,12964,"Unbridled Wrath",0x1,Player-4755-01733879,0000000000000000,100,100,0,0,0,-1,0,0,0,-15.67,-198.46,0,5.6609,71,1.0000,0.0000,1,1000
4/28 18:51:03.319  SPELL_ENERGIZE,Player-4755-01F21AE6,"Blahu-Dreadmist",0x40514,0x0,Player-4755-01F21AE6,"Blahu-Dreadmist",0x40514,0x0,12964,"Unbridled Wrath",0x1,Player-4755-01F21AE6,0000000000000000,100,100,0,0,0,-1,0,0,0,-17.97,-206.26,0,5.9471,70,1.0000,0.0000,1,1000
4/28 18:51:03.320  SPELL_AURA_APPLIED,Player-4755-01F21AE6,"Blahu-Dreadmist",0x40514,0x0,Player-4755-01F21AE6,"Blahu-Dreadmist",0x40514,0x0,21887,"Warrior's Wrath",0x1,BUFF
4/28 18:51:03.320  SPELL_HEAL,Player-4755-01FA8DD8,"Roackerita-Dreadmist",0x514,0x0,Player-4755-01614AC7,"Mirrimazduur-Dreadmist",0x512,0x0,9474,"Flash Heal",0x2,Player-4755-01614AC7,0000000000000000,74,100,0,0,0,-1,0,0,0,-10.37,-168.03,0,4.4362,68,781,781,0,0,nil
4/28 18:51:03.320  SWING_DAMAGE_LANDED,Player-4755-01733879,"Hocwar-Dreadmist",0x40514,0x0,Creature-0-4457-249-1045-10184-000028665C,"Onyxia",0x10a48,0x0,Creature-0-4457-249-1045-10184-000028665C,0000000000000000,38,100,0,0,0,-1,0,0,0,-14.59,-207.08,0,4.7617,63,114,162,-1,1,0,0,0,nil,1,nil
4/28 18:51:03.320  SWING_DAMAGE_LANDED,Pet-0-4457-249-1045-2850-01001956F9,"Kratos",0x1114,0x0,Creature-0-4457-249-1045-10184-000028665C,"Onyxia",0x10a48,0x0,Creature-0-4457-249-1045-10184-000028665C,0000000000000000,38,100,0,0,0,-1,0,0,0,-14.59,-207.08,0,4.7617,63,54,68,-1,1,0,0,0,nil,nil,nil
4/28 18:51:03.320  SPELL_ENERGIZE,Player-4755-01FA8D0D,"Roackeru-Dreadmist",0x514,0x0,Player-4755-01FA8D0D,"Roackeru-Dreadmist",0x514,0x0,31818,"Life Tap",0x20,Player-4755-01FA8D0D,0000000000000000,62,100,0,0,0,-1,0,0,0,24.17,-189.64,0,6.0554,65,835.0000,0.0000,0,6373
4/28 18:51:03.320  SWING_DAMAGE_LANDED,Player-4755-01F21AE6,"Blahu-Dreadmist",0x40514,0x0,Creature-0-4457-249-1045-10184-000028665C,"Onyxia",0x10a48,0x0,Creature-0-4457-249-1045-10184-000028665C,0000000000000000,38,100,0,0,0,-1,0,0,0,-14.59,-207.08,0,4.7617,63,83,119,-1,1,0,0,0,nil,1,nil
4/28 18:51:03.320  SPELL_AURA_APPLIED,Player-4755-01733879,"Hocwar-Dreadmist",0x40514,0x0,Creature-0-4457-249-1045-10184-000028665C,"Onyxia",0x10a48,0x0,11556,"Demoralizing Shout",0x1,DEBUFF
4/28 18:51:03.516  SPELL_PERIODIC_HEAL,Player-4755-0163DD9D,"Kaspais-Dreadmist",0x514,0x0,Player-4755-0163DD9D,"Kaspais-Dreadmist",0x514,0x0,18610,"First Aid",0x1,Player-4755-0163DD9D,0000000000000000,58,100,0,0,0,-1,0,0,0,-13.01,-178.03,0,4.9534,66,250,250,0,0,nil
4/28 18:51:03.596  SPELL_CAST_SUCCESS,Creature-0-4457-249-1045-10184-000028665C,"Onyxia",0x10a48,0x0,0000000000000000,nil,0x80000000,0x80000000,18431,"Bellowing Roar",0x1,Creature-0-4457-249-1045-10184-000028665C,0000000000000000,38,100,0,0,0,-1,0,0,0,-14.59,-207.08,0,4.7617,63
4/28 18:51:03.596  SPELL_MISSED,Creature-0-4457-249-1045-10184-000028665C,"Onyxia",0x10a48,0x0,Player-4755-01733879,"Hocwar-Dreadmist",0x40514,0x0,18431,"Bellowing Roar",0x1,IMMUNE,nil
4/28 18:51:03.596  SPELL_MISSED,Creature-0-4457-249-1045-10184-000028665C,"Onyxia",0x10a48,0x0,Player-4755-01BC57A3,"Saintis-Dreadmist",0x511,0x0,18431,"Bellowing Roar",0x1,RESIST,nil,0
4/28 18:51:03.596  SPELL_MISSED,Creature-0-4457-249-1045-10184-000028665C,"Onyxia",0x10a48,0x0,Player-4755-01ED7A64,"Sperzieboon-Dreadmist",0x514,0x0,18431,"Bellowing Roar",0x1,RESIST,nil,0
4/28 18:51:03.596  SPELL_MISSED,Creature-0-4457-249-1045-10184-000028665C,"Onyxia",0x10a48,0x0,Player-4755-02045EF4,"Necrosini-Dreadmist",0x512,0x0,18431,"Bellowing Roar",0x1,RESIST,nil,0
4/28 18:51:03.658  SPELL_CAST_START,Player-4755-016296D3,"Nivl-Dreadmist",0x514,0x0,0000000000000000,nil,0x80000000,0x80000000,10623,"Chain Heal",0x8
4/28 18:51:03.714  UNIT_DIED,0000000000000000,nil,0x80000000,0x80000000,Player-4755-01B60A5F,"Zurok-Dreadmist",0x514,0x0
4/28 18:51:03.732  SPELL_AURA_REMOVED_DOSE,Player-4755-01733879,"Hocwar-Dreadmist",0x40514,0x0,Player-4755-01733879,"Hocwar-Dreadmist",0x40514,0x0,12970,"Flurry",0x1,BUFF,1
4/28 18:51:03.732  SPELL_AURA_REMOVED_DOSE,Player-4755-01F21AE6,"Blahu-Dreadmist",0x40514,0x0,Player-4755-01F21AE6,"Blahu-Dreadmist",0x40514,0x0,23888,"Bloodthirst",0x1,BUFF,2
4/28 18:51:03.732  SPELL_HEAL,Player-4755-01F21AE6,"Blahu-Dreadmist",0x40514,0x0,Player-4755-01F21AE6,"Blahu-Dreadmist",0x40514,0x0,23891,"Bloodthirst",0x1,Player-4755-01F21AE6,0000000000000000,100,100,0,0,0,-1,0,0,0,-19.05,-206.52,0,5.9471,70,20,20,20,0,nil
4/28 18:51:03.732  SPELL_AURA_APPLIED,Creature-0-4457-249-1045-10184-000028665C,"Onyxia",0x10a48,0x0,Player-4755-015FEBD5,"Sauvage-Dreadmist",0x514,0x0,18431,"Bellowing Roar",0x1,DEBUFF
4/28 18:51:03.732  SPELL_AURA_APPLIED,Creature-0-4457-249-1045-10184-000028665C,"Onyxia",0x10a48,0x0,Player-4755-0160BD13,"Mafkees-Dreadmist",0x514,0x0,18431,"Bellowing Roar",0x1,DEBUFF
4/28 18:51:03.732  SPELL_AURA_APPLIED,Creature-0-4457-249-1045-10184-000028665C,"Onyxia",0x10a48,0x0,Player-4755-01614AC7,"Mirrimazduur-Dreadmist",0x512,0x0,18431,"Bellowing Roar",0x1,DEBUFF
4/28 18:51:03.732  SPELL_AURA_APPLIED,Creature-0-4457-249-1045-10184-000028665C,"Onyxia",0x10a48,0x0,Player-4755-016296D3,"Nivl-Dreadmist",0x514,0x0,18431,"Bellowing Roar",0x1,DEBUFF
4/28 18:51:03.732  SPELL_AURA_APPLIED,Creature-0-4457-249-1045-10184-000028665C,"Onyxia",0x10a48,0x0,Player-4755-01637B0A,"Pindle-Dreadmist",0x514,0x0,18431,"Bellowing Roar",0x1,DEBUFF
4/28 18:51:03.732  SPELL_AURA_APPLIED,Creature-0-4457-249-1045-10184-000028665C,"Onyxia",0x10a48,0x0,Player-4755-0163DD9D,"Kaspais-Dreadmist",0x514,0x0,18431,"Bellowing Roar",0x1,DEBUFF
4/28 18:51:03.732  SPELL_AURA_APPLIED,Creature-0-4457-249-1045-10184-000028665C,"Onyxia",0x10a48,0x0,Player-4755-016DF694,"Ashalan-Dreadmist",0x514,0x0,18431,"Bellowing Roar",0x1,DEBUFF
4/28 18:51:03.732  SPELL_AURA_APPLIED,Creature-0-4457-249-1045-10184-000028665C,"Onyxia",0x10a48,0x0,Player-4755-0178F576,"Atreas-Dreadmist",0x514,0x0,18431,"Bellowing Roar",0x1,DEBUFF
4/28 18:51:03.732  SPELL_AURA_APPLIED,Creature-0-4457-249-1045-10184-000028665C,"Onyxia",0x10a48,0x0,Player-4755-01AC9FD9,"Alexinho-Dreadmist",0x514,0x0,18431,"Bellowing Roar",0x1,DEBUFF
4/28 18:51:03.732  SPELL_AURA_APPLIED,Creature-0-4457-249-1045-10184-000028665C,"Onyxia",0x10a48,0x0,Player-4755-01E83279,"Nlmasters-Dreadmist",0x514,0x8,18431,"Bellowing Roar",0x1,DEBUFF
4/28 18:51:03.732  SPELL_AURA_APPLIED,Creature-0-4457-249-1045-10184-000028665C,"Onyxia",0x10a48,0x0,Player-4755-01F21AE6,"Blahu-Dreadmist",0x40514,0x0,18431,"Bellowing Roar",0x1,DEBUFF
4/28 18:51:03.732  SPELL_AURA_APPLIED,Creature-0-4457-249-1045-10184-000028665C,"Onyxia",0x10a48,0x0,Player-4755-0220BD00,"Krikoff-Dreadmist",0x40514,0x0,18431,"Bellowing Roar",0x1,DEBUFF
4/28 18:51:03.732  SPELL_AURA_APPLIED,Creature-0-4457-249-1045-10184-000028665C,"Onyxia",0x10a48,0x0,Pet-0-4457-249-1045-7432-01002D8BC6,"Cat",0x1114,0x0,18431,"Bellowing Roar",0x1,DEBUFF
4/28 18:51:03.732  SPELL_AURA_APPLIED,Creature-0-4457-249-1045-10184-000028665C,"Onyxia",0x10a48,0x0,Player-4755-01617EEE,"Fenix-Dreadmist",0x512,0x0,18431,"Bellowing Roar",0x1,DEBUFF
4/28 18:51:03.732  SPELL_AURA_APPLIED,Creature-0-4457-249-1045-10184-000028665C,"Onyxia",0x10a48,0x0,Player-4755-0178F416,"Eltorero-Dreadmist",0x514,0x0,18431,"Bellowing Roar",0x1,DEBUFF
4/28 18:51:03.732  SPELL_AURA_APPLIED,Creature-0-4457-249-1045-10184-000028665C,"Onyxia",0x10a48,0x0,Player-4755-01802FE5,"Angrybat-Dreadmist",0x514,0x0,18431,"Bellowing Roar",0x1,DEBUFF
4/28 18:51:03.732  SPELL_AURA_APPLIED,Creature-0-4457-249-1045-10184-000028665C,"Onyxia",0x10a48,0x0,Player-4755-01804B95,"Moymoy-Dreadmist",0x514,0x0,18431,"Bellowing Roar",0x1,DEBUFF
4/28 18:51:03.732  SPELL_AURA_APPLIED,Creature-0-4457-249-1045-10184-000028665C,"Onyxia",0x10a48,0x0,Player-4755-01840577,"Raggèn-Dreadmist",0x514,0x0,18431,"Bellowing Roar",0x1,DEBUFF
4/28 18:51:03.732  SPELL_AURA_APPLIED,Creature-0-4457-249-1045-10184-000028665C,"Onyxia",0x10a48,0x0,Player-4755-01A6B139,"Sakatan-Dreadmist",0x514,0x0,18431,"Bellowing Roar",0x1,DEBUFF
4/28 18:51:03.732  SPELL_AURA_APPLIED,Creature-0-4457-249-1045-10184-000028665C,"Onyxia",0x10a48,0x0,Player-4755-01B60A5F,"Zurok-Dreadmist",0x514,0x0,18431,"Bellowing Roar",0x1,DEBUFF
4/28 18:51:03.732  SPELL_AURA_APPLIED,Creature-0-4457-249-1045-10184-000028665C,"Onyxia",0x10a48,0x0,Player-4755-01F36B30,"Rectumqeef-Dreadmist",0x514,0x0,18431,"Bellowing Roar",0x1,DEBUFF
4/28 18:51:03.732  SPELL_AURA_APPLIED,Creature-0-4457-249-1045-10184-000028665C,"Onyxia",0x10a48,0x0,Player-4755-01FA8D0D,"Roackeru-Dreadmist",0x514,0x0,18431,"Bellowing Roar",0x1,DEBUFF
4/28 18:51:03.732  SPELL_AURA_APPLIED,Creature-0-4457-249-1045-10184-000028665C,"Onyxia",0x10a48,0x0,Player-4755-01FA8DD8,"Roackerita-Dreadmist",0x514,0x0,18431,"Bellowing Roar",0x1,DEBUFF
4/28 18:51:03.732  SPELL_AURA_APPLIED,Creature-0-4457-249-1045-10184-000028665C,"Onyxia",0x10a48,0x0,Player-4755-020BD78D,"Lonehunter-Dreadmist",0x514,0x0,18431,"Bellowing Roar",0x1,DEBUFF
4/28 18:51:03.732  SPELL_AURA_APPLIED,Creature-0-4457-249-1045-10184-000028665C,"Onyxia",0x10a48,0x0,Player-4755-0210153A,"Hapuseneb-Dreadmist",0x514,0x0,18431,"Bellowing Roar",0x1,DEBUFF
4/28 18:51:03.732  SPELL_AURA_APPLIED,Creature-0-4457-249-1045-10184-000028665C,"Onyxia",0x10a48,0x0,Pet-0-4457-249-1045-2850-01001956F9,"Kratos",0x1114,0x0,18431,"Bellowing Roar",0x1,DEBUFF
4/28 18:51:03.732  SPELL_AURA_APPLIED,Creature-0-4457-249-1045-10184-000028665C,"Onyxia",0x10a48,0x0,Pet-0-4457-249-1045-7456-03003178E8,"Owl",0x1114,0x0,18431,"Bellowing Roar",0x1,DEBUFF
4/28 18:51:03.732  SPELL_AURA_APPLIED,Creature-0-4457-249-1045-10184-000028665C,"Onyxia",0x10a48,0x0,Pet-0-4457-249-1045-9622-02002CD5BC,"Bokito",0x1114,0x0,18431,"Bellowing Roar",0x1,DEBUFF
4/28 18:51:03.732  SPELL_AURA_REMOVED_DOSE,Player-4755-01840577,"Raggèn-Dreadmist",0x514,0x0,Player-4755-01840577,"Raggèn-Dreadmist",0x514,0x0,10432,"Lightning Shield",0x8,BUFF,2
4/28 18:51:03.732  SPELL_AURA_REMOVED_DOSE,Player-4755-016DF694,"Ashalan-Dreadmist",0x514,0x0,Player-4755-016DF694,"Ashalan-Dreadmist",0x514,0x0,10432,"Lightning Shield",0x8,BUFF,2
4/28 18:51:03.776  SPELL_MISSED,Player-4755-01733879,"Hocwar-Dreadmist",0x40514,0x0,Creature-0-4457-249-1045-10184-000028665C,"Onyxia",0x10a48,0x0,23267,"Firebolt",0x4,IMMUNE,nil
4/28 18:51:03.776  SWING_DAMAGE,Player-4755-01733879,"Hocwar-Dreadmist",0x40514,0x0,Creature-0-4457-249-1045-10184-000028665C,"Onyxia",0x10a48,0x0,Player-4755-01733879,0000000000000000,100,100,0,0,0,-1,0,0,0,-15.86,-197.84,0,4.8519,71,417,264,-1,1,0,0,0,1,nil,nil
4/28 18:51:03.938  SPELL_PERIODIC_DAMAGE,Player-4755-01614AC7,"Mirrimazduur-Dreadmist",0x512,0x0,Creature-0-4457-249-1045-10184-000028665C,"Onyxia",0x10a48,0x0,11672,"Corruption",0x20,Creature-0-4457-249-1045-10184-000028665C,0000000000000000,38,100,0,0,0,-1,0,0,0,-14.59,-207.08,0,4.7617,63,249,188,-1,32,0,0,0,nil,nil,nil
4/28 18:51:03.938  SPELL_AURA_REMOVED,Player-4755-01614AC7,"Mirrimazduur-Dreadmist",0x512,0x0,Creature-0-4457-249-1045-10184-000028665C,"Onyxia",0x10a48,0x0,11672,"Corruption",0x20,DEBUFF
4/28 18:51:03.956  SPELL_DAMAGE,Player-4755-015FEBD5,"Sauvage-Dreadmist",0x514,0x0,Creature-0-4457-249-1045-10184-000028665C,"Onyxia",0x10a48,0x0,10181,"Frostbolt",0x10,Creature-0-4457-249-1045-10184-000028665C,0000000000000000,38,100,0,0,0,-1,0,0,0,-14.59,-207.08,0,4.7617,63,1815,824,-1,16,0,0,0,1,nil,nil
4/28 18:51:04.035  SPELL_AURA_REMOVED,Player-4755-0163DD9D,"Kaspais-Dreadmist",0x514,0x0,Player-4755-0163DD9D,"Kaspais-Dreadmist",0x514,0x0,18610,"First Aid",0x1,BUFF
4/28 18:51:04.035  SPELL_AURA_REMOVED,Creature-0-4457-249-1045-10184-000028665C,"Onyxia",0x10a48,0x0,Player-4755-0163DD9D,"Kaspais-Dreadmist",0x514,0x0,18431,"Bellowing Roar",0x1,DEBUFF
4/28 18:51:04.035  SPELL_AURA_APPLIED,Player-4755-0163DD9D,"Kaspais-Dreadmist",0x514,0x0,Player-4755-0163DD9D,"Kaspais-Dreadmist",0x514,0x0,7744,"Will of the Forsaken",0x1,BUFF
4/28 18:51:04.035  SPELL_CAST_SUCCESS,Player-4755-0163DD9D,"Kaspais-Dreadmist",0x514,0x0,0000000000000000,nil,0x80000000,0x80000000,7744,"Will of the Forsaken",0x1,Player-4755-0163DD9D,0000000000000000,58,100,0,0,0,-1,0,0,0,-13.01,-178.03,0,4.6581,66
4/28 18:51:04.035  SPELL_AURA_REMOVED,Player-4755-0160BD13,"Mafkees-Dreadmist",0x514,0x0,Player-4755-0160BD13,"Mafkees-Dreadmist",0x514,0x0,23888,"Bloodthirst",0x1,BUFF
4/28 18:51:04.035  RANGE_DAMAGE,Player-4755-01B60A5F,"Zurok-Dreadmist",0x514,0x0,Creature-0-4457-249-1045-10184-000028665C,"Onyxia",0x10a48,0x0,75,"Auto Shot",0x1,Creature-0-4457-249-1045-10184-000028665C,0000000000000000,38,100,0,0,0,-1,0,0,0,-14.59,-207.08,0,4.7617,63,820,437,-1,1,0,0,0,1,nil,nil
4/28 18:51:04.101  SPELL_PERIODIC_ENERGIZE,Player-4755-01BC57A3,"Saintis-Dreadmist",0x511,0x0,Player-4755-01BC57A3,"Saintis-Dreadmist",0x511,0x0,18194,"Mana Regeneration",0x1,Player-4755-01BC57A3,0000000000000000,100,100,0,0,0,-1,0,0,0,20.72,-220.20,0,2.8758,68,8.0000,0.0000,0,7212
4/28 18:51:04.136  SPELL_DAMAGE,GameObject-0-4457-249-1045-176828-0000286659,"Lava Fissure",0x4228,0x0,Player-4755-0220BD00,"Krikoff-Dreadmist",0x40514,0x0,17731,"Eruption",0x4,Player-4755-0220BD00,0000000000000000,78,100,0,0,0,-1,0,0,0,-6.93,-209.74,0,3.1456,68,1350,1499,-1,4,0,0,0,nil,nil,nil
4/28 18:51:04.136  SPELL_DAMAGE,GameObject-0-4457-249-1045-176830-0000286659,"Lava Fissure",0x4228,0x0,Player-4755-01F21AE6,"Blahu-Dreadmist",0x40514,0x0,17731,"Eruption",0x4,Player-4755-01F21AE6,0000000000000000,79,100,0,0,0,-1,0,0,0,-18.97,-206.30,0,5.9471,70,1506,1674,-1,4,0,0,0,nil,nil,nil
4/28 18:51:04.136  SPELL_DAMAGE,GameObject-0-4457-249-1045-176842-0000286659,"Lava Fissure",0x4228,0x0,Player-4755-01733879,"Hocwar-Dreadmist",0x40514,0x0,17731,"Eruption",0x4,Player-4755-01733879,0000000000000000,71,100,0,0,0,-1,0,0,0,-15.65,-198.51,0,4.8519,71,1806,1642,-1,4,0,0,0,nil,nil,nil
4/28 18:51:04.136  SWING_DAMAGE_LANDED,Player-4755-01733879,"Hocwar-Dreadmist",0x40514,0x0,Creature-0-4457-249-1045-10184-000028665C,"Onyxia",0x10a48,0x0,Creature-0-4457-249-1045-10184-000028665C,0000000000000000,38,100,0,0,0,-1,0,0,0,-14.59,-207.08,0,4.7617,63,417,264,-1,1,0,0,0,1,nil,nil
4/28 18:51:04.155  SPELL_PERIODIC_ENERGIZE,Player-4755-0160BD13,"Mafkees-Dreadmist",0x514,0x0,Player-4755-0160BD13,"Mafkees-Dreadmist",0x514,0x0,29131,"Bloodrage",0x1,Player-4755-0160BD13,0000000000000000,93,100,0,0,0,-1,0,0,0,-10.89,-204.92,0,4.5291,64,1.0000,0.0000,1,1000
4/28 18:51:04.221  SPELL_AURA_APPLIED,Player-4755-01733879,"Hocwar-Dreadmist",0x40514,0x0,Player-4755-01733879,"Hocwar-Dreadmist",0x40514,0x0,20007,"Holy Strength",0x2,BUFF
4/28 18:51:04.221  SPELL_HEAL,Player-4755-01733879,"Hocwar-Dreadmist",0x40514,0x0,Player-4755-01733879,"Hocwar-Dreadmist",0x40514,0x0,20007,"Holy Strength",0x2,Player-4755-01733879,0000000000000000,72,100,0,0,0,-1,0,0,0,-16.12,-198.58,0,4.8519,71,91,91,0,0,nil
4/28 18:51:04.221  SWING_DAMAGE,Player-4755-01733879,"Hocwar-Dreadmist",0x40514,0x0,Creature-0-4457-249-1045-10184-000028665C,"Onyxia",0x10a48,0x0,Player-4755-01733879,0000000000000000,72,100,0,0,0,-1,0,0,0,-16.12,-198.58,0,4.8519,71,256,162,-1,1,0,0,0,1,nil,nil
4/28 18:51:04.273  RANGE_DAMAGE,Player-4755-020BD78D,"Lonehunter-Dreadmist",0x514,0x0,Creature-0-4457-249-1045-10184-000028665C,"Onyxia",0x10a48,0x0,75,"Auto Shot",0x1,Creature-0-4457-249-1045-10184-000028665C,0000000000000000,38,100,0,0,0,-1,0,0,0,-13.45,-206.45,0,0.5015,63,363,459,-1,1,0,0,0,nil,nil,nil
4/28 18:51:04.520  SPELL_AURA_REMOVED,Pet-0-4457-249-1045-416-0100019757,"Chotik",0x1112,0x0,Player-4755-01617EEE,"Fenix-Dreadmist",0x512,0x0,11767,"Blood Pact",0x20,BUFF
4/28 18:51:04.546  SPELL_DAMAGE,Player-4755-01840577,"Raggèn-Dreadmist",0x514,0x0,Creature-0-4457-249-1045-10184-000028665C,"Onyxia",0x10a48,0x0,26363,"Lightning Shield",0x8,Creature-0-4457-249-1045-10184-000028665C,0000000000000000,38,100,0,0,0,-1,0,0,0,-11.25,-205.48,0,0.3923,63,218,217,-1,8,0,0,0,nil,nil,nil
4/28 18:51:04.546  SPELL_DAMAGE,Player-4755-016DF694,"Ashalan-Dreadmist",0x514,0x0,Creature-0-4457-249-1045-10184-000028665C,"Onyxia",0x10a48,0x0,26363,"Lightning Shield",0x8,Creature-0-4457-249-1045-10184-000028665C,0000000000000000,38,100,0,0,0,-1,0,0,0,-11.25,-205.48,0,0.3923,63,112,223,-1,8,112,0,0,nil,nil,nil
4/28 18:51:04.546  SPELL_AURA_APPLIED_DOSE,Player-4755-01733879,"Hocwar-Dreadmist",0x40514,0x0,Player-4755-01733879,"Hocwar-Dreadmist",0x40514,0x0,12970,"Flurry",0x1,BUFF,3
4/28 18:51:04.546  SWING_DAMAGE_LANDED,Player-4755-01733879,"Hocwar-Dreadmist",0x40514,0x0,Creature-0-4457-249-1045-10184-000028665C,"Onyxia",0x10a48,0x0,Creature-0-4457-249-1045-10184-000028665C,0000000000000000,38,100,0,0,0,-1,0,0,0,-11.25,-205.48,0,0.3923,63,256,162,-1,1,0,0,0,1,nil,nil
4/28 18:51:04.564  SPELL_AURA_REMOVED,Creature-0-4457-249-1045-10184-000028665C,"Onyxia",0x10a48,0x0,Player-4755-01F21AE6,"Blahu-Dreadmist",0x40514,0x0,18431,"Bellowing Roar",0x1,DEBUFF
4/28 18:51:04.564  SPELL_AURA_APPLIED,Player-4755-01F21AE6,"Blahu-Dreadmist",0x40514,0x0,Player-4755-01F21AE6,"Blahu-Dreadmist",0x40514,0x0,12328,"Death Wish",0x1,DEBUFF
4/28 18:51:04.564  SPELL_CAST_SUCCESS,Player-4755-01F21AE6,"Blahu-Dreadmist",0x40514,0x0,0000000000000000,nil,0x80000000,0x80000000,12328,"Death Wish",0x1,Player-4755-01F21AE6,0000000000000000,79,100,0,0,0,-1,0,0,0,-20.29,-203.21,0,1.9742,70
4/28 18:51:04.709  SPELL_AURA_REMOVED,Creature-0-4457-249-1045-10184-000028665C,"Onyxia",0x10a48,0x0,Player-4755-0178F416,"Eltorero-Dreadmist",0x514,0x0,18431,"Bellowing Roar",0x1,DEBUFF
4/28 18:51:04.710  SPELL_AURA_APPLIED,Player-4755-0178F416,"Eltorero-Dreadmist",0x514,0x0,Player-4755-0178F416,"Eltorero-Dreadmist",0x514,0x0,18499,"Berserker Rage",0x1,BUFF
4/28 18:51:04.710  SPELL_CAST_SUCCESS,Player-4755-0178F416,"Eltorero-Dreadmist",0x514,0x0,0000000000000000,nil,0x80000000,0x80000000,18499,"Berserker Rage",0x1,Player-4755-0178F416,0000000000000000,100,100,0,0,0,-1,0,0,0,11.96,-217.18,0,4.8121,67
4/28 18:51:04.855  SPELL_CAST_SUCCESS,Player-4755-01ED7A64,"Sperzieboon-Dreadmist",0x514,0x0,Player-4755-01802FE5,"Angrybat-Dreadmist",0x514,0x0,10901,"Power Word: Shield",0x2,Player-4755-01ED7A64,0000000000000000,100,100,0,0,0,-1,0,0,0,25.55,-225.25,0,2.7274,67
4/28 18:51:04.917  SPELL_AURA_REMOVED,Player-4755-01733879,"Hocwar-Dreadmist",0x40514,0x0,Player-4755-01733879,"Hocwar-Dreadmist",0x40514,0x0,18499,"Berserker Rage",0x1,BUFF
4/28 18:51:04.937  SPELL_AURA_REMOVED_DOSE,Player-4755-01733879,"Hocwar-Dreadmist",0x40514,0x0,Player-4755-01733879,"Hocwar-Dreadmist",0x40514,0x0,12970,"Flurry",0x1,BUFF,2
4/28 18:51:04.937  SPELL_AURA_APPLIED_DOSE,Player-4755-01733879,"Hocwar-Dreadmist",0x40514,0x0,Player-4755-01733879,"Hocwar-Dreadmist",0x40514,0x0,12970,"Flurry",0x1,BUFF,3
4/28 18:51:04.937  SPELL_AURA_APPLIED,Player-4755-01ED7A64,"Sperzieboon-Dreadmist",0x514,0x0,Player-4755-01802FE5,"Angrybat-Dreadmist",0x514,0x0,10901,"Power Word: Shield",0x2,BUFF
4/28 18:51:04.937  SPELL_AURA_APPLIED,Pet-0-4457-249-1045-416-01001C47E2,"Ababis",0x1114,0x0,Player-4755-0220BD00,"Krikoff-Dreadmist",0x40514,0x0,11767,"Blood Pact",0x20,BUFF
4/28 18:51:05.125  SWING_DAMAGE,Player-4755-01733879,"Hocwar-Dreadmist",0x40514,0x0,Creature-0-4457-249-1045-10184-000028665C,"Onyxia",0x10a48,0x0,Player-4755-01733879,0000000000000000,72,100,0,0,0,-1,0,0,0,-13.51,-197.57,0,5.3388,71,526,333,-1,1,0,0,0,1,nil,nil
4/28 18:51:05.125  SPELL_PERIODIC_ENERGIZE,Player-4755-0160BD13,"Mafkees-Dreadmist",0x514,0x0,Player-4755-0160BD13,"Mafkees-Dreadmist",0x514,0x0,29131,"Bloodrage",0x1,Player-4755-0160BD13,0000000000000000,93,100,0,0,0,-1,0,0,0,-12.33,-212.14,0,4.5000,64,1.0000,0.0000,1,1000
4/28 18:51:05.146  SPELL_AURA_REMOVED,Creature-0-4457-249-1045-10184-000028665C,"Onyxia",0x10a48,0x0,Player-4755-01637B0A,"Pindle-Dreadmist",0x514,0x0,18431,"Bellowing Roar",0x1,DEBUFF
4/28 18:51:05.146  SPELL_AURA_APPLIED,Player-4755-01637B0A,"Pindle-Dreadmist",0x514,0x0,Player-4755-01637B0A,"Pindle-Dreadmist",0x514,0x0,7744,"Will of the Forsaken",0x1,BUFF
4/28 18:51:05.146  SPELL_CAST_SUCCESS,Player-4755-01637B0A,"Pindle-Dreadmist",0x514,0x0,0000000000000000,nil,0x80000000,0x80000000,7744,"Will of the Forsaken",0x1,Player-4755-01637B0A,0000000000000000,100,100,0,0,0,-1,0,0,0,-2.39,-181.92,0,1.5797,65
4/28 18:51:05.163  SPELL_AURA_REMOVED,Creature-0-4457-249-1045-10184-000028665C,"Onyxia",0x10a48,0x0,Player-4755-015FEBD5,"Sauvage-Dreadmist",0x514,0x0,18431,"Bellowing Roar",0x1,DEBUFF
4/28 18:51:05.163  SPELL_AURA_APPLIED,Player-4755-015FEBD5,"Sauvage-Dreadmist",0x514,0x0,Player-4755-015FEBD5,"Sauvage-Dreadmist",0x514,0x0,7744,"Will of the Forsaken",0x1,BUFF
4/28 18:51:05.163  SPELL_CAST_SUCCESS,Player-4755-015FEBD5,"Sauvage-Dreadmist",0x514,0x0,0000000000000000,nil,0x80000000,0x80000000,7744,"Will of the Forsaken",0x1,Player-4755-015FEBD5,0000000000000000,100,100,0,0,0,-1,0,0,0,-2.66,-179.52,0,2.0865,64
4/28 18:51:05.213  SPELL_PERIODIC_ENERGIZE,Creature-0-4457-249-1045-7416-0000286CFC,"Mana Spring Totem IV",0x2114,0x0,Player-4755-016296D3,"Nivl-Dreadmist",0x514,0x0,10494,"Mana Spring",0x8,Player-4755-016296D3,0000000000000000,94,100,0,0,0,-1,0,0,0,2.07,-172.70,0,0.1198,69,10.0000,0.0000,0,5845
4/28 18:51:05.275  SPELL_CAST_SUCCESS,Player-4755-01733879,"Hocwar-Dreadmist",0x40514,0x0,Creature-0-4457-249-1045-10184-000028665C,"Onyxia",0x10a48,0x0,23881,"Bloodthirst",0x1,Player-4755-01733879,0000000000000000,72,100,0,0,0,-1,0,0,0,-14.09,-197.38,0,5.4684,71
4/28 18:51:05.339  SWING_DAMAGE_LANDED,Player-4755-01733879,"Hocwar-Dreadmist",0x40514,0x0,Creature-0-4457-249-1045-10184-000028665C,"Onyxia",0x10a48,0x0,Creature-0-4457-249-1045-10184-000028665C,0000000000000000,38,100,0,0,0,-1,0,0,0,-4.59,-202.73,0,0.3923,63,526,333,-1,1,0,0,0,1,nil,nil
4/28 18:51:05.339  SPELL_DAMAGE,Player-4755-01733879,"Hocwar-Dreadmist",0x40514,0x0,Creature-0-4457-249-1045-10184-000028665C,"Onyxia",0x10a48,0x0,23881,"Bloodthirst",0x1,Creature-0-4457-249-1045-10184-000028665C,0000000000000000,38,100,0,0,0,-1,0,0,0,-4.59,-202.73,0,0.3923,63,576,730,-1,1,0,0,0,nil,nil,nil
4/28 18:51:05.339  SPELL_AURA_APPLIED,Player-4755-01733879,"Hocwar-Dreadmist",0x40514,0x0,Player-4755-01733879,"Hocwar-Dreadmist",0x40514,0x0,23885,"Bloodthirst",0x1,BUFF
4/28 18:51:05.362  SPELL_CAST_SUCCESS,Player-4755-01BC57A3,"Saintis-Dreadmist",0x511,0x0,Player-4755-01802FE5,"Angrybat-Dreadmist",0x514,0x0,2055,"Heal",0x2,Player-4755-01BC57A3,0000000000000000,100,100,0,0,0,-1,0,0,0,20.72,-220.20,0,2.8758,68
4/28 18:51:05.438  SPELL_AURA_REMOVED,Player-4755-01733879,"Hocwar-Dreadmist",0x40514,0x0,Player-4755-01733879,"Hocwar-Dreadmist",0x40514,0x0,23885,"Bloodthirst",0x1,BUFF
4/28 18:51:05.456  SWING_DAMAGE,Player-4755-01733879,"Hocwar-Dreadmist",0x40514,0x0,Creature-0-4457-249-1045-10184-000028665C,"Onyxia",0x10a48,0x0,Player-4755-01733879,0000000000000000,72,100,0,0,0,-1,0,0,0,-14.62,-196.91,0,5.5862,71,140,177,-1,1,0,0,0,nil,nil,nil
4/28 18:51:05.487  SPELL_AURA_REMOVED,Creature-0-4457-249-1045-10184-000028665C,"Onyxia",0x10a48,0x0,Player-4755-01A6B139,"Sakatan-Dreadmist",0x514,0x0,18431,"Bellowing Roar",0x1,DEBUFF
4/28 18:51:05.487  SPELL_AURA_APPLIED,Player-4755-01A6B139,"Sakatan-Dreadmist",0x514,0x0,Player-4755-01A6B139,"Sakatan-Dreadmist",0x514,0x0,7744,"Will of the Forsaken",0x1,BUFF
4/28 18:51:05.487  SPELL_CAST_SUCCESS,Player-4755-01A6B139,"Sakatan-Dreadmist",0x514,0x0,0000000000000000,nil,0x80000000,0x80000000,7744,"Will of the Forsaken",0x1,Player-4755-01A6B139,0000000000000000,100,100,0,0,0,-1,0,0,0,7.13,-182.88,0,0.2402,69
4/28 18:51:05.738  SPELL_AURA_APPLIED,Player-4755-01ED7A64,"Sperzieboon-Dreadmist",0x514,0x0,Player-4755-01802FE5,"Angrybat-Dreadmist",0x514,0x0,6788,"Weakened Soul",0x2,DEBUFF
4/28 18:51:05.738  SPELL_AURA_REMOVED_DOSE,Player-4755-01733879,"Hocwar-Dreadmist",0x40514,0x0,Player-4755-01733879,"Hocwar-Dreadmist",0x40514,0x0,12970,"Flurry",0x1,BUFF,2
4/28 18:51:05.738  SPELL_AURA_APPLIED_DOSE,Player-4755-01733879,"Hocwar-Dreadmist",0x40514,0x0,Player-4755-01733879,"Hocwar-Dreadmist",0x40514,0x0,12970,"Flurry",0x1,BUFF,3
4/28 18:51:05.738  SPELL_HEAL,Player-4755-01BC57A3,"Saintis-Dreadmist",0x511,0x0,Player-4755-01802FE5,"Angrybat-Dreadmist",0x514,0x0,2055,"Heal",0x2,Player-4755-01802FE5,0000000000000000,100,100,0,0,0,-1,0,0,0,28.29,-188.50,0,3.5505,66,1112,1112,62,0,nil
4/28 18:51:05.738  SWING_DAMAGE_LANDED,Player-4755-01733879,"Hocwar-Dreadmist",0x40514,0x0,Creature-0-4457-249-1045-10184-000028665C,"Onyxia",0x10a48,0x0,Creature-0-4457-249-1045-10184-000028665C,0000000000000000,38,100,0,0,0,-1,0,0,0,-1.24,-201.34,0,0.3923,63,140,177,-1,1,0,0,0,nil,nil,nil
4/28 18:51:05.738  SPELL_AURA_REMOVED,Creature-0-4457-249-1045-10184-000028665C,"Onyxia",0x10a48,0x0,Player-4755-01AC9FD9,"Alexinho-Dreadmist",0x514,0x0,18431,"Bellowing Roar",0x1,DEBUFF
4/28 18:51:05.738  SPELL_AURA_REMOVED,Creature-0-4457-249-1045-10184-000028665C,"Onyxia",0x10a48,0x0,Player-4755-0160BD13,"Mafkees-Dreadmist",0x514,0x0,18431,"Bellowing Roar",0x1,DEBUFF
4/28 18:51:05.738  SPELL_AURA_REMOVED,Creature-0-4457-249-1045-10184-000028665C,"Onyxia",0x10a48,0x0,Pet-0-4457-249-1045-2850-01001956F9,"Kratos",0x1114,0x0,18431,"Bellowing Roar",0x1,DEBUFF
4/28 18:51:05.738  SPELL_AURA_REMOVED,Creature-0-4457-249-1045-10184-000028665C,"Onyxia",0x10a48,0x0,Player-4755-016296D3,"Nivl-Dreadmist",0x514,0x0,18431,"Bellowing Roar",0x1,DEBUFF
4/28 18:51:05.779  SPELL_AURA_REMOVED,Pet-0-4457-249-1045-7456-03003178E8,"Owl",0x1114,0x0,Pet-0-4457-249-1045-7456-03003178E8,"Owl",0x1114,0x0,23148,"Dive",0x1,BUFF
4/28 18:51:05.809  SPELL_CAST_START,Player-4755-01BC57A3,"Saintis-Dreadmist",0x511,0x0,0000000000000000,nil,0x80000000,0x80000000,10917,"Flash Heal",0x2
4/28 18:51:05.840  SPELL_PERIODIC_DAMAGE,Player-4755-0160BD13,"Mafkees-Dreadmist",0x514,0x0,Creature-0-4457-249-1045-10184-000028665C,"Onyxia",0x10a48,0x0,12721,"Deep Wound",0x1,Creature-0-4457-249-1045-10184-000028665C,0000000000000000,38,100,0,0,0,-1,0,0,0,-0.36,-200.98,0,0.3923,63,72,72,-1,1,0,0,0,nil,nil,nil
4/28 18:51:05.980  SPELL_AURA_APPLIED,Player-4755-0163DD9D,"Kaspais-Dreadmist",0x514,0x0,Player-4755-0163DD9D,"Kaspais-Dreadmist",0x514,0x0,12051,"Evocation",0x40,BUFF
4/28 18:51:05.980  SPELL_CAST_SUCCESS,Player-4755-0163DD9D,"Kaspais-Dreadmist",0x514,0x0,0000000000000000,nil,0x80000000,0x80000000,12051,"Evocation",0x40,Player-4755-0163DD9D,0000000000000000,58,100,0,0,0,-1,0,0,0,-11.08,-176.13,0,5.4403,66
4/28 18:51:06.124  SPELL_CAST_SUCCESS,Player-4755-01F21AE6,"Blahu-Dreadmist",0x40514,0x0,Creature-0-4457-249-1045-10184-000028665C,"Onyxia",0x10a48,0x0,11567,"Heroic Strike",0x1,Player-4755-01F21AE6,0000000000000000,79,100,0,0,0,-1,0,0,0,-11.42,-203.60,0,0.0671,70
4/28 18:51:06.124  SPELL_MISSED,Player-4755-01F21AE6,"Blahu-Dreadmist",0x40514,0x0,Creature-0-4457-249-1045-10184-000028665C,"Onyxia",0x10a48,0x0,11567,"Heroic Strike",0x1,DODGE,nil
4/28 18:51:06.140  SPELL_PERIODIC_ENERGIZE,Player-4755-0160BD13,"Mafkees-Dreadmist",0x514,0x0,Player-4755-0160BD13,"Mafkees-Dreadmist",0x514,0x0,29131,"Bloodrage",0x1,Player-4755-0160BD13,0000000000000000,93,100,0,0,0,-1,0,0,0,-12.09,-217.04,0,0.8624,64,1.0000,0.0000,1,1000
4/28 18:51:06.140  SPELL_AURA_REMOVED,Player-4755-0178F576,"Atreas-Dreadmist",0x514,0x0,Player-4755-0160BD13,"Mafkees-Dreadmist",0x514,0x0,20906,"Trueshot Aura",0x40,BUFF
4/28 18:51:06.140  SPELL_AURA_REMOVED,Pet-0-4457-249-1045-416-01001C47E2,"Ababis",0x1114,0x0,Player-4755-020BD78D,"Lonehunter-Dreadmist",0x514,0x0,11767,"Blood Pact",0x20,BUFF
4/28 18:51:06.140  SWING_MISSED,Pet-0-4457-249-1045-2850-01001956F9,"Kratos",0x1114,0x0,Creature-0-4457-249-1045-10184-000028665C,"Onyxia",0x10a48,0x0,PARRY,nil
4/28 18:51:06.140  SPELL_CAST_SUCCESS,Pet-0-4457-249-1045-2850-01001956F9,"Kratos",0x1114,0x0,Creature-0-4457-249-1045-10184-000028665C,"Onyxia",0x10a48,0x0,3009,"Claw",0x1,Pet-0-4457-249-1045-2850-01001956F9,Player-4755-0178F576,100,100,0,0,0,-1,0,0,0,23.36,-197.55,0,5.9190,66
4/28 18:51:06.140  SPELL_AURA_REMOVED_DOSE,Player-4755-01733879,"Hocwar-Dreadmist",0x40514,0x0,Player-4755-01733879,"Hocwar-Dreadmist",0x40514,0x0,12970,"Flurry",0x1,BUFF,2
4/28 18:51:06.140  SPELL_AURA_REMOVED,Creature-0-4457-249-1045-10184-000028665C,"Onyxia",0x10a48,0x0,Player-4755-01802FE5,"Angrybat-Dreadmist",0x514,0x0,18431,"Bellowing Roar",0x1,DEBUFF
4/28 18:51:06.140  SPELL_AURA_REMOVED,Creature-0-4457-249-1045-10184-000028665C,"Onyxia",0x10a48,0x0,Pet-0-4457-249-1045-7456-03003178E8,"Owl",0x1114,0x0,18431,"Bellowing Roar",0x1,DEBUFF
4/28 18:51:06.140  SPELL_AURA_REMOVED,Creature-0-4457-249-1045-10184-000028665C,"Onyxia",0x10a48,0x0,Player-4755-01B60A5F,"Zurok-Dreadmist",0x514,0x0,18431,"Bellowing Roar",0x1,DEBUFF
4/28 18:51:06.140  SPELL_AURA_REMOVED,Creature-0-4457-249-1045-10184-000028665C,"Onyxia",0x10a48,0x0,Player-4755-016DF694,"Ashalan-Dreadmist",0x514,0x0,18431,"Bellowing Roar",0x1,DEBUFF
4/28 18:51:06.147  SPELL_DAMAGE,Pet-0-4457-249-1045-2850-01001956F9,"Kratos",0x1114,0x0,Creature-0-4457-249-1045-10184-000028665C,"Onyxia",0x10a48,0x0,3009,"Claw",0x1,Creature-0-4457-249-1045-10184-000028665C,0000000000000000,38,100,0,0,0,-1,0,0,0,2.14,-199.91,0,0.4366,63,66,84,-1,1,0,0,0,nil,nil,nil
4/28 18:51:06.475  SPELL_CAST_START,Player-4755-01ED7A64,"Sperzieboon-Dreadmist",0x514,0x0,0000000000000000,nil,0x80000000,0x80000000,9474,"Flash Heal",0x2
4/28 18:51:06.475  SPELL_CAST_SUCCESS,Player-4755-01F21AE6,"Blahu-Dreadmist",0x40514,0x0,Creature-0-4457-249-1045-10184-000028665C,"Onyxia",0x10a48,0x0,11597,"Sunder Armor",0x1,Player-4755-01F21AE6,0000000000000000,79,100,0,0,0,-1,0,0,0,-8.67,-203.27,0,0.2216,70
4/28 18:51:06.475  SPELL_MISSED,Player-4755-01F21AE6,"Blahu-Dreadmist",0x40514,0x0,Creature-0-4457-249-1045-10184-000028665C,"Onyxia",0x10a48,0x0,11597,"Sunder Armor",0x1,DODGE,nil
4/28 18:51:06.504  SWING_DAMAGE,Player-4755-01733879,"Hocwar-Dreadmist",0x40514,0x0,Creature-0-4457-249-1045-10184-000028665C,"Onyxia",0x10a48,0x0,Player-4755-01733879,0000000000000000,72,100,0,0,0,-1,0,0,0,-7.84,-196.58,0,5.7865,71,212,313,-1,1,0,0,0,nil,1,nil
4/28 18:51:06.550  SWING_DAMAGE_LANDED,Player-4755-01733879,"Hocwar-Dreadmist",0x40514,0x0,Creature-0-4457-249-1045-10184-000028665C,"Onyxia",0x10a48,0x0,Creature-0-4457-249-1045-10184-000028665C,0000000000000000,38,100,0,0,0,-1,0,0,0,5.44,-198.39,0,0.3454,63,212,313,-1,1,0,0,0,nil,1,nil
4/28 18:51:06.701  SWING_MISSED,Player-4755-01733879,"Hocwar-Dreadmist",0x40514,0x0,Creature-0-4457-249-1045-10184-000028665C,"Onyxia",0x10a48,0x0,MISS,1
4/28 18:51:06.732  SPELL_AURA_REMOVED,Creature-0-4457-249-1045-10184-000028665C,"Onyxia",0x10a48,0x0,Player-4755-01614AC7,"Mirrimazduur-Dreadmist",0x512,0x0,18431,"Bellowing Roar",0x1,DEBUFF
4/28 18:51:06.732  SPELL_AURA_REMOVED,Creature-0-4457-249-1045-10184-000028665C,"Onyxia",0x10a48,0x0,Player-4755-01E83279,"Nlmasters-Dreadmist",0x514,0x8,18431,"Bellowing Roar",0x1,DEBUFF
4/28 18:51:06.732  SPELL_AURA_REMOVED,Creature-0-4457-249-1045-10184-000028665C,"Onyxia",0x10a48,0x0,Player-4755-0178F576,"Atreas-Dreadmist",0x514,0x0,18431,"Bellowing Roar",0x1,DEBUFF
4/28 18:51:06.732  SPELL_AURA_REMOVED,Creature-0-4457-249-1045-10184-000028665C,"Onyxia",0x10a48,0x0,Player-4755-01617EEE,"Fenix-Dreadmist",0x512,0x0,18431,"Bellowing Roar",0x1,DEBUFF
4/28 18:51:06.732  SPELL_AURA_REMOVED,Creature-0-4457-249-1045-10184-000028665C,"Onyxia",0x10a48,0x0,Player-4755-0220BD00,"Krikoff-Dreadmist",0x40514,0x0,18431,"Bellowing Roar",0x1,DEBUFF
4/28 18:51:06.732  SPELL_AURA_REMOVED,Creature-0-4457-249-1045-10184-000028665C,"Onyxia",0x10a48,0x0,Pet-0-4457-249-1045-7432-01002D8BC6,"Cat",0x1114,0x0,18431,"Bellowing Roar",0x1,DEBUFF
4/28 18:51:06.732  SPELL_AURA_REMOVED,Creature-0-4457-249-1045-10184-000028665C,"Onyxia",0x10a48,0x0,Player-4755-01804B95,"Moymoy-Dreadmist",0x514,0x0,18431,"Bellowing Roar",0x1,DEBUFF
4/28 18:51:06.732  SPELL_AURA_REMOVED,Creature-0-4457-249-1045-10184-000028665C,"Onyxia",0x10a48,0x0,Player-4755-01F36B30,"Rectumqeef-Dreadmist",0x514,0x0,18431,"Bellowing Roar",0x1,DEBUFF
4/28 18:51:06.732  SPELL_AURA_REMOVED,Creature-0-4457-249-1045-10184-000028665C,"Onyxia",0x10a48,0x0,Player-4755-01840577,"Raggèn-Dreadmist",0x514,0x0,18431,"Bellowing Roar",0x1,DEBUFF
4/28 18:51:06.732  SPELL_AURA_REMOVED,Creature-0-4457-249-1045-10184-000028665C,"Onyxia",0x10a48,0x0,Player-4755-01FA8D0D,"Roackeru-Dreadmist",0x514,0x0,18431,"Bellowing Roar",0x1,DEBUFF
4/28 18:51:06.732  SPELL_AURA_REMOVED,Creature-0-4457-249-1045-10184-000028665C,"Onyxia",0x10a48,0x0,Player-4755-01FA8DD8,"Roackerita-Dreadmist",0x514,0x0,18431,"Bellowing Roar",0x1,DEBUFF
4/28 18:51:06.732  SPELL_AURA_REMOVED,Creature-0-4457-249-1045-10184-000028665C,"Onyxia",0x10a48,0x0,Player-4755-020BD78D,"Lonehunter-Dreadmist",0x514,0x0,18431,"Bellowing Roar",0x1,DEBUFF
4/28 18:51:06.732  SPELL_AURA_REMOVED,Creature-0-4457-249-1045-10184-000028665C,"Onyxia",0x10a48,0x0,Player-4755-0210153A,"Hapuseneb-Dreadmist",0x514,0x0,18431,"Bellowing Roar",0x1,DEBUFF
4/28 18:51:06.732  SPELL_AURA_REMOVED,Creature-0-4457-249-1045-10184-000028665C,"Onyxia",0x10a48,0x0,Pet-0-4457-249-1045-9622-02002CD5BC,"Bokito",0x1114,0x0,18431,"Bellowing Roar",0x1,DEBUFF
4/28 18:51:06.773  SPELL_CAST_SUCCESS,Player-4755-01733879,"Hocwar-Dreadmist",0x40514,0x0,0000000000000000,nil,0x80000000,0x80000000,1680,"Whirlwind",0x1,Player-4755-01733879,0000000000000000,72,100,0,0,0,-1,0,0,0,-6.27,-195.56,0,6.2774,71
4/28 18:51:06.905  SPELL_CAST_SUCCESS,Player-4755-0178F416,"Eltorero-Dreadmist",0x514,0x0,0000000000000000,nil,0x80000000,0x80000000,11556,"Demoralizing Shout",0x1,Player-4755-0178F416,0000000000000000,100,100,0,0,0,-1,0,0,0,4.73,-217.51,0,1.6491,67
4/28 18:51:06.935  SPELL_AURA_APPLIED,Player-4755-01637B0A,"Pindle-Dreadmist",0x514,0x0,Player-4755-01637B0A,"Pindle-Dreadmist",0x514,0x0,1787,"Stealth",0x1,BUFF
4/28 18:51:06.935  SPELL_CAST_SUCCESS,Player-4755-01637B0A,"Pindle-Dreadmist",0x514,0x0,0000000000000000,nil,0x80000000,0x80000000,1857,"Vanish",0x1,Player-4755-01637B0A,0000000000000000,100,100,0,0,0,-1,0,0,0,1.43,-190.80,0,5.6091,65
4/28 18:51:06.951  SPELL_AURA_REMOVED,Pet-0-4457-249-1045-416-01001C47E2,"Ababis",0x1114,0x0,Player-4755-0220BD00,"Krikoff-Dreadmist",0x40514,0x0,11767,"Blood Pact",0x20,BUFF
4/28 18:51:06.951  SWING_MISSED,Creature-0-4457-249-1045-10184-000028665C,"Onyxia",0x10a48,0x0,Player-4755-01802FE5,"Angrybat-Dreadmist",0x514,0x0,DODGE,nil
4/28 18:51:06.951  SPELL_MISSED,GameObject-0-4457-249-1045-176836-0000286659,"Lava Fissure",0x4228,0x0,Player-4755-01AC9FD9,"Alexinho-Dreadmist",0x514,0x0,17731,"Eruption",0x4,RESIST,nil,0
4/28 18:51:06.961  SPELL_MISSED,GameObject-0-4457-249-1045-176837-0000286659,"Lava Fissure",0x4228,0x0,Player-4755-01FA8DD8,"Roackerita-Dreadmist",0x514,0x0,17731,"Eruption",0x4,RESIST,nil,0
4/28 18:51:06.961  SPELL_AURA_REMOVED_DOSE,Player-4755-01733879,"Hocwar-Dreadmist",0x40514,0x0,Player-4755-01733879,"Hocwar-Dreadmist",0x40514,0x0,12970,"Flurry",0x1,BUFF,1
4/28 18:51:06.961  SPELL_DAMAGE,Player-4755-01733879,"Hocwar-Dreadmist",0x40514,0x0,Creature-0-4457-249-1045-10184-000028665C,"Onyxia",0x10a48,0x0,1680,"Whirlwind",0x1,Creature-0-4457-249-1045-10184-000028665C,0000000000000000,38,100,0,0,0,-1,0,0,0,5.60,-198.33,0,0.4089,63,238,301,-1,1,0,0,0,nil,nil,nil
4/28 18:51:06.961  SPELL_AURA_REMOVED,Player-4755-01733879,"Hocwar-Dreadmist",0x40514,0x0,Creature-0-4457-249-1045-10184-000028665C,"Onyxia",0x10a48,0x0,11556,"Demoralizing Shout",0x1,DEBUFF
4/28 18:51:06.961  SPELL_AURA_APPLIED,Player-4755-0178F416,"Eltorero-Dreadmist",0x514,0x0,Creature-0-4457-249-1045-10184-000028665C,"Onyxia",0x10a48,0x0,11556,"Demoralizing Shout",0x1,DEBUFF
4/28 18:51:06.961  SWING_DAMAGE,Player-4755-01AC9FD9,"Alexinho-Dreadmist",0x514,0x0,Creature-0-4457-249-1045-10184-000028665C,"Onyxia",0x10a48,0x0,Player-4755-01AC9FD9,0000000000000000,100,100,0,0,0,-1,0,0,0,0.09,-188.12,0,4.8944,66,194,281,-1,1,0,0,0,nil,1,nil
4/28 18:51:06.961  SPELL_CAST_SUCCESS,Player-4755-01AC9FD9,"Alexinho-Dreadmist",0x514,0x0,Creature-0-4457-249-1045-10184-000028665C,"Onyxia",0x10a48,0x0,11294,"Sinister Strike",0x1,Player-4755-01AC9FD9,0000000000000000,100,100,0,0,0,-1,0,0,0,0.09,-188.12,0,4.8944,66
4/28 18:51:07.026  SWING_DAMAGE,Player-4755-01F21AE6,"Blahu-Dreadmist",0x40514,0x0,Creature-0-4457-249-1045-10184-000028665C,"Onyxia",0x10a48,0x0,Player-4755-01F21AE6,0000000000000000,79,100,0,0,0,-1,0,0,0,-4.92,-201.74,0,0.4048,70,130,164,-1,1,0,0,0,nil,nil,nil
4/28 18:51:07.057  SPELL_CAST_START,Player-4755-016296D3,"Nivl-Dreadmist",0x514,0x0,0000000000000000,nil,0x80000000,0x80000000,10623,"Chain Heal",0x8
4/28 18:51:07.057  SWING_DAMAGE,Player-4755-01637B0A,"Pindle-Dreadmist",0x514,0x0,Creature-0-4457-249-1045-10184-000028665C,"Onyxia",0x10a48,0x0,Player-4755-01637B0A,0000000000000000,100,100,0,0,0,-1,0,0,0,1.43,-190.80,0,5.5974,65,143,182,-1,1,0,0,0,nil,nil,nil
4/28 18:51:07.057  SPELL_AURA_REMOVED,Player-4755-01637B0A,"Pindle-Dreadmist",0x514,0x0,Player-4755-01637B0A,"Pindle-Dreadmist",0x514,0x0,1787,"Stealth",0x1,BUFF
4/28 18:51:07.088  SWING_DAMAGE,Player-4755-0160BD13,"Mafkees-Dreadmist",0x514,0x0,Creature-0-4457-249-1045-10184-000028665C,"Onyxia",0x10a48,0x0,Player-4755-0160BD13,0000000000000000,93,100,0,0,0,-1,0,0,0,-6.01,-214.13,0,0.6896,64,663,421,-1,1,0,0,0,1,nil,nil
4/28 18:51:07.146  SPELL_PERIODIC_ENERGIZE,Player-4755-0160BD13,"Mafkees-Dreadmist",0x514,0x0,Player-4755-0160BD13,"Mafkees-Dreadmist",0x514,0x0,29131,"Bloodrage",0x1,Player-4755-0160BD13,0000000000000000,93,100,0,0,0,-1,0,0,0,-5.69,-213.83,0,0.7171,64,1.0000,0.0000,1,1000
4/28 18:51:07.201  SPELL_CAST_SUCCESS,Player-4755-01BC57A3,"Saintis-Dreadmist",0x511,0x0,Player-4755-01733879,"Hocwar-Dreadmist",0x40514,0x0,10917,"Flash Heal",0x2,Player-4755-01BC57A3,0000000000000000,100,100,0,0,0,-1,0,0,0,20.72,-220.20,0,1.7606,68
4/28 18:51:07.225  SPELL_PERIODIC_ENERGIZE,Creature-0-4457-249-1045-7416-0000286CFC,"Mana Spring Totem IV",0x2114,0x0,Player-4755-016296D3,"Nivl-Dreadmist",0x514,0x0,10494,"Mana Spring",0x8,Player-4755-016296D3,0000000000000000,94,100,0,0,0,-1,0,0,0,-2.01,-171.97,0,0.1198,69,10.0000,0.0000,0,5845
4/28 18:51:07.241  SPELL_CAST_SUCCESS,Player-4755-01804B95,"Moymoy-Dreadmist",0x514,0x0,0000000000000000,nil,0x80000000,0x80000000,8143,"Tremor Totem",0x8,Player-4755-01804B95,0000000000000000,100,100,0,0,0,-1,0,0,0,34.24,-197.85,0,0.3081,66
4/28 18:51:07.241  SPELL_SUMMON,Player-4755-01804B95,"Moymoy-Dreadmist",0x514,0x0,Creature-0-4457-249-1045-5913-0000286D0B,"Tremor Totem",0xa28,0x0,8143,"Tremor Totem",0x8
4/28 18:51:07.350  SWING_DAMAGE,Pet-0-4457-249-1045-9622-02002CD5BC,"Bokito",0x1114,0x0,Creature-0-4457-249-1045-10184-000028665C,"Onyxia",0x10a48,0x0,Pet-0-4457-249-1045-9622-02002CD5BC,Player-4755-020BD78D,91,100,0,0,0,-1,0,0,0,21.40,-201.12,0,5.0230,70,116,147,-1,1,0,0,0,nil,nil,nil
4/28 18:51:07.353  SPELL_DAMAGE,GameObject-0-4457-249-1045-176836-0000286659,"Lava Fissure",0x4228,0x0,Player-4755-01637B0A,"Pindle-Dreadmist",0x514,0x0,17731,"Eruption",0x4,Player-4755-01637B0A,0000000000000000,68,100,0,0,0,-1,0,0,0,1.39,-190.86,0,5.6170,65,1369,1369,-1,4,0,0,0,nil,nil,nil
4/28 18:51:07.353  SPELL_DAMAGE,GameObject-0-4457-249-1045-176837-0000286659,"Lava Fissure",0x4228,0x0,Player-4755-02045EF4,"Necrosini-Dreadmist",0x512,0x0,17731,"Eruption",0x4,Player-4755-02045EF4,0000000000000000,71,100,0,0,0,-1,0,0,0,6.40,-180.11,0,2.7415,69,1318,1464,-1,4,0,0,0,nil,nil,nil
4/28 18:51:07.353  SPELL_DAMAGE,GameObject-0-4457-249-1045-176837-0000286659,"Lava Fissure",0x4228,0x0,Player-4755-01A6B139,"Sakatan-Dreadmist",0x514,0x0,17731,"Eruption",0x4,Player-4755-01A6B139,0000000000000000,68,100,0,0,0,-1,0,0,0,0.98,-184.22,0,5.4749,69,1504,1504,-1,4,0,0,0,nil,nil,nil
4/28 18:51:07.353  SPELL_AURA_REMOVED_DOSE,Player-4755-016DF694,"Ashalan-Dreadmist",0x514,0x0,Player-4755-016DF694,"Ashalan-Dreadmist",0x514,0x0,10432,"Lightning Shield",0x8,BUFF,1
4/28 18:51:07.353  SPELL_DAMAGE,GameObject-0-4457-249-1045-176837-0000286659,"Lava Fissure",0x4228,0x0,Player-4755-016DF694,"Ashalan-Dreadmist",0x514,0x0,17731,"Eruption",0x4,Player-4755-016DF694,0000000000000000,64,100,0,0,0,-1,0,0,0,5.60,-182.29,0,4.7399,67,1601,1601,-1,4,0,0,0,nil,nil,nil
4/28 18:51:07.353  SPELL_ENERGIZE,Player-4755-01733879,"Hocwar-Dreadmist",0x40514,0x0,Player-4755-01733879,"Hocwar-Dreadmist",0x40514,0x0,12964,"Unbridled Wrath",0x1,Player-4755-01733879,0000000000000000,72,100,0,0,0,-1,0,0,0,-2.66,-193.73,0,6.2774,71,1.0000,0.0000,1,1000
4/28 18:51:07.353  SPELL_AURA_REMOVED,Player-4755-01733879,"Hocwar-Dreadmist",0x40514,0x0,Player-4755-01733879,"Hocwar-Dreadmist",0x40514,0x0,12970,"Flurry",0x1,BUFF
4/28 18:51:07.353  SWING_DAMAGE_LANDED,Player-4755-01AC9FD9,"Alexinho-Dreadmist",0x514,0x0,Creature-0-4457-249-1045-10184-000028665C,"Onyxia",0x10a48,0x0,Creature-0-4457-249-1045-10184-000028665C,0000000000000000,38,100,0,0,0,-1,0,0,0,5.60,-198.33,0,0.4089,63,194,281,-1,1,0,0,0,nil,1,nil
4/28 18:51:07.353  SPELL_DAMAGE,Player-4755-01AC9FD9,"Alexinho-Dreadmist",0x514,0x0,Creature-0-4457-249-1045-10184-000028665C,"Onyxia",0x10a48,0x0,11294,"Sinister Strike",0x1,Creature-0-4457-249-1045-10184-000028665C,0000000000000000,38,100,0,0,0,-1,0,0,0,5.60,-198.33,0,0.4089,63,268,340,-1,1,0,0,0,nil,nil,nil
4/28 18:51:07.353  SWING_DAMAGE_LANDED,Player-4755-01F21AE6,"Blahu-Dreadmist",0x40514,0x0,Creature-0-4457-249-1045-10184-000028665C,"Onyxia",0x10a48,0x0,Creature-0-4457-249-1045-10184-000028665C,0000000000000000,38,100,0,0,0,-1,0,0,0,5.60,-198.33,0,0.4089,63,130,164,-1,1,0,0,0,nil,nil,nil
4/28 18:51:07.353  SWING_DAMAGE_LANDED,Player-4755-01637B0A,"Pindle-Dreadmist",0x514,0x0,Creature-0-4457-249-1045-10184-000028665C,"Onyxia",0x10a48,0x0,Creature-0-4457-249-1045-10184-000028665C,0000000000000000,38,100,0,0,0,-1,0,0,0,5.60,-198.33,0,0.4089,63,143,182,-1,1,0,0,0,nil,nil,nil
4/28 18:51:07.353  SWING_DAMAGE_LANDED,Player-4755-0160BD13,"Mafkees-Dreadmist",0x514,0x0,Creature-0-4457-249-1045-10184-000028665C,"Onyxia",0x10a48,0x0,Creature-0-4457-249-1045-10184-000028665C,0000000000000000,37,100,0,0,0,-1,0,0,0,5.60,-198.33,0,0.4089,63,663,421,-1,1,0,0,0,1,nil,nil
4/28 18:51:07.353  SPELL_HEAL,Player-4755-01BC57A3,"Saintis-Dreadmist",0x511,0x0,Player-4755-01733879,"Hocwar-Dreadmist",0x40514,0x0,10917,"Flash Heal",0x2,Player-4755-01733879,0000000000000000,92,100,0,0,0,-1,0,0,0,-2.66,-193.73,0,6.2774,71,1233,1233,0,0,nil
4/28 18:51:07.375  SWING_DAMAGE_LANDED,Pet-0-4457-249-1045-9622-02002CD5BC,"Bokito",0x1114,0x0,Creature-0-4457-249-1045-10184-000028665C,"Onyxia",0x10a48,0x0,Creature-0-4457-249-1045-10184-000028665C,0000000000000000,37,100,0,0,0,-1,0,0,0,5.60,-198.33,0,0.4089,63,116,147,-1,1,0,0,0,nil,nil,nil
4/28 18:51:07.493  SPELL_CAST_SUCCESS,Player-4755-01637B0A,"Pindle-Dreadmist",0x514,0x0,Creature-0-4457-249-1045-10184-000028665C,"Onyxia",0x10a48,0x0,11281,"Backstab",0x1,Player-4755-01637B0A,0000000000000000,68,100,0,0,0,-1,0,0,0,0.73,-191.69,0,5.6170,65
4/28 18:51:07.493  SPELL_AURA_APPLIED,Player-4755-01FA8DD8,"Roackerita-Dreadmist",0x514,0x0,Player-4755-01FA8DD8,"Roackerita-Dreadmist",0x514,0x0,7744,"Will of the Forsaken",0x1,BUFF
4/28 18:51:07.493  SPELL_CAST_SUCCESS,Player-4755-01FA8DD8,"Roackerita-Dreadmist",0x514,0x0,0000000000000000,nil,0x80000000,0x80000000,7744,"Will of the Forsaken",0x1,Player-4755-01FA8DD8,0000000000000000,100,100,0,0,0,-1,0,0,0,10.45,-185.94,0,0.5253,69
4/28 18:51:07.769  SPELL_DAMAGE,GameObject-0-4457-249-1045-176832-0000286659,"Lava Fissure",0x4228,0x0,Pet-0-4457-249-1045-2850-01001956F9,"Kratos",0x1114,0x0,17731,"Eruption",0x4,Pet-0-4457-249-1045-2850-01001956F9,Player-4755-0178F576,70,100,0,0,0,-1,0,0,0,11.50,-195.27,0,3.1458,66,1485,1485,-1,4,0,0,0,nil,nil,nil
4/28 18:51:07.769  SPELL_DAMAGE,GameObject-0-4457-249-1045-176832-0000286659,"Lava Fissure",0x4228,0x0,Player-4755-01B60A5F,"Zurok-Dreadmist",0x514,0x0,17731,"Eruption",0x4,Player-4755-01B60A5F,0000000000000000,64,100,0,0,0,-1,0,0,0,18.62,-194.41,0,3.0415,62,1648,1648,-1,4,0,0,0,nil,nil,nil
4/28 18:51:07.769  SPELL_MISSED,GameObject-0-4457-249-1045-176831-0000286659,"Lava Fissure",0x4228,0x0,Player-4755-01802FE5,"Angrybat-Dreadmist",0x514,0x0,17731,"Eruption",0x4,RESIST,nil,0
4/28 18:51:07.769  SPELL_AURA_REMOVED_DOSE,Player-4755-01F21AE6,"Blahu-Dreadmist",0x40514,0x0,Player-4755-01F21AE6,"Blahu-Dreadmist",0x40514,0x0,23888,"Bloodthirst",0x1,BUFF,1
4/28 18:51:07.769  SPELL_HEAL,Player-4755-01F21AE6,"Blahu-Dreadmist",0x40514,0x0,Player-4755-01F21AE6,"Blahu-Dreadmist",0x40514,0x0,23891,"Bloodthirst",0x1,Player-4755-01F21AE6,0000000000000000,79,100,0,0,0,-1,0,0,0,0.24,-199.81,0,0.3012,70,20,20,0,0,nil
4/28 18:51:07.769  SPELL_AURA_REMOVED_DOSE,Player-4755-0160BD13,"Mafkees-Dreadmist",0x514,0x0,Player-4755-0160BD13,"Mafkees-Dreadmist",0x514,0x0,12970,"Flurry",0x1,BUFF,2
4/28 18:51:07.769  SPELL_AURA_APPLIED_DOSE,Player-4755-0160BD13,"Mafkees-Dreadmist",0x514,0x0,Player-4755-0160BD13,"Mafkees-Dreadmist",0x514,0x0,12970,"Flurry",0x1,BUFF,3
4/28 18:51:07.769  SPELL_DAMAGE,Player-4755-01637B0A,"Pindle-Dreadmist",0x514,0x0,Creature-0-4457-249-1045-10184-000028665C,"Onyxia",0x10a48,0x0,11281,"Backstab",0x1,Creature-0-4457-249-1045-10184-000028665C,0000000000000000,37,100,0,0,0,-1,0,0,0,5.60,-198.33,0,0.4089,63,473,600,-1,1,0,0,0,nil,nil,nil
4/28 18:51:07.769  SWING_DAMAGE,Player-4755-01637B0A,"Pindle-Dreadmist",0x514,0x0,Creature-0-4457-249-1045-10184-000028665C,"Onyxia",0x10a48,0x0,Player-4755-01637B0A,0000000000000000,68,100,0,0,0,-1,0,0,0,0.55,-191.97,0,5.6582,65,84,107,-1,1,0,0,0,nil,1,nil
4/28 18:51:07.769  SPELL_PERIODIC_ENERGIZE,Player-4755-01802FE5,"Angrybat-Dreadmist",0x514,0x0,Player-4755-01802FE5,"Angrybat-Dreadmist",0x514,0x0,18194,"Mana Regeneration",0x1,Player-4755-01802FE5,0000000000000000,100,100,0,0,0,-1,0,0,0,20.76,-191.76,0,3.5505,66,8.0000,0.0000,0,6033
4/28 18:51:07.790  SPELL_CAST_START,Player-4755-01617EEE,"Fenix-Dreadmist",0x512,0x0,0000000000000000,nil,0x80000000,0x80000000,10963,"Greater Heal",0x2
4/28 18:51:07.822  SPELL_AURA_REMOVED,Player-4755-01804B95,"Moymoy-Dreadmist",0x514,0x0,Player-4755-01F36B30,"Rectumqeef-Dreadmist",0x514,0x0,29203,"Healing Way",0x2,BUFF
4/28 18:51:07.850  SWING_MISSED,Player-4755-01AC9FD9,"Alexinho-Dreadmist",0x514,0x0,Creature-0-4457-249-1045-10184-000028665C,"Onyxia",0x10a48,0x0,PARRY,1
4/28 18:51:07.880  SPELL_CAST_SUCCESS,Player-4755-01ED7A64,"Sperzieboon-Dreadmist",0x514,0x0,Player-4755-01802FE5,"Angrybat-Dreadmist",0x514,0x0,9474,"Flash Heal",0x2,Player-4755-01ED7A64,0000000000000000,100,100,0,0,0,-1,0,0,0,25.55,-225.25,0,2.2718,67
4/28 18:51:07.954  SPELL_CAST_SUCCESS,Player-4755-01AC9FD9,"Alexinho-Dreadmist",0x514,0x0,Creature-0-4457-249-1045-10184-000028665C,"Onyxia",0x10a48,0x0,11294,"Sinister Strike",0x1,Player-4755-01AC9FD9,0000000000000000,100,100,0,0,0,-1,0,0,0,1.67,-189.25,0,5.5723,66
4/28 18:51:08.060  SWING_MISSED,Player-4755-01733879,"Hocwar-Dreadmist",0x40514,0x0,Creature-0-4457-249-1045-10184-000028665C,"Onyxia",0x10a48,0x0,MISS,nil
4/28 18:51:08.092  SWING_DAMAGE,Player-4755-01733879,"Hocwar-Dreadmist",0x40514,0x0,Creature-0-4457-249-1045-10184-000028665C,"Onyxia",0x10a48,0x0,Player-4755-01733879,0000000000000000,92,100,0,0,0,-1,0,0,0,1.68,-190.79,0,5.5038,71,274,173,-1,1,0,0,0,1,nil,nil
4/28 18:51:08.126  SPELL_PERIODIC_ENERGIZE,Player-4755-0160BD13,"Mafkees-Dreadmist",0x514,0x0,Player-4755-0160BD13,"Mafkees-Dreadmist",0x514,0x0,29131,"Bloodrage",0x1,Player-4755-0160BD13,0000000000000000,93,100,0,0,0,-1,0,0,0,0.41,-210.24,0,0.9605,64,1.0000,0.0000,1,1000
4/28 18:51:08.165  SPELL_DAMAGE,GameObject-0-4457-249-1045-176831-0000286659,"Lava Fissure",0x4228,0x0,Player-4755-01FA8D0D,"Roackeru-Dreadmist",0x514,0x0,17731,"Eruption",0x4,Player-4755-01FA8D0D,0000000000000000,36,100,0,0,0,-1,0,0,0,21.76,-196.86,0,4.5513,65,1461,1461,-1,4,0,0,0,nil,nil,nil
4/28 18:51:08.184  SPELL_DAMAGE,GameObject-0-4457-249-1045-176833-0000286659,"Lava Fissure",0x4228,0x0,Pet-0-4457-249-1045-9622-02002CD5BC,"Bokito",0x1114,0x0,17731,"Eruption",0x4,Pet-0-4457-249-1045-9622-02002CD5BC,Player-4755-020BD78D,65,100,0,0,0,-1,0,0,0,21.40,-201.12,0,5.0230,70,1391,1391,-1,4,0,0,0,nil,nil,nil
4/28 18:51:08.184  SPELL_DAMAGE,GameObject-0-4457-249-1045-176833-0000286659,"Lava Fissure",0x4228,0x0,Pet-0-4457-249-1045-7456-03003178E8,"Owl",0x1114,0x0,17731,"Eruption",0x4,Pet-0-4457-249-1045-7456-03003178E8,Player-4755-01B60A5F,55,100,0,0,0,-1,0,0,0,19.51,-202.96,0,1.9461,62,1633,1633,-1,4,0,0,0,nil,nil,nil
4/28 18:51:08.184  SPELL_ENERGIZE,Player-4755-01F21AE6,"Blahu-Dreadmist",0x40514,0x0,Player-4755-01F21AE6,"Blahu-Dreadmist",0x40514,0x0,12964,"Unbridled Wrath",0x1,Player-4755-01F21AE6,0000000000000000,79,100,0,0,0,-1,0,0,0,1.34,-197.26,0,5.6722,70,1.0000,0.0000,1,1000
4/28 18:51:08.184  SPELL_AURA_REFRESH,Player-4755-0160BD13,"Mafkees-Dreadmist",0x514,0x0,Creature-0-4457-249-1045-10184-000028665C,"Onyxia",0x10a48,0x0,12721,"Deep Wound",0x1,DEBUFF
4/28 18:51:08.184  SPELL_ENERGIZE,Player-4755-0160BD13,"Mafkees-Dreadmist",0x514,0x0,Player-4755-0160BD13,"Mafkees-Dreadmist",0x514,0x0,12964,"Unbridled Wrath",0x1,Player-4755-0160BD13,0000000000000000,93,100,0,0,0,-1,0,0,0,0.79,-210.09,0,1.0510,64,1.0000,0.0000,1,1000
4/28 18:51:08.184  SWING_DAMAGE_LANDED,Player-4755-01637B0A,"Pindle-Dreadmist",0x514,0x0,Creature-0-4457-249-1045-10184-000028665C,"Onyxia",0x10a48,0x0,Creature-0-4457-249-1045-10184-000028665C,0000000000000000,37,100,0,0,0,-1,0,0,0,5.60,-198.33,0,0.4089,63,84,107,-1,1,0,0,0,nil,1,nil
4/28 18:51:08.184  SPELL_HEAL,Player-4755-01ED7A64,"Sperzieboon-Dreadmist",0x514,0x0,Player-4755-01802FE5,"Angrybat-Dreadmist",0x514,0x0,9474,"Flash Heal",0x2,Player-4755-01802FE5,0000000000000000,100,100,0,0,0,-1,0,0,0,20.88,-193.98,0,3.5505,66,753,753,753,0,nil
4/28 18:51:08.184  SPELL_DAMAGE,Player-4755-01AC9FD9,"Alexinho-Dreadmist",0x514,0x0,Creature-0-4457-249-1045-10184-000028665C,"Onyxia",0x10a48,0x0,11294,"Sinister Strike",0x1,Creature-0-4457-249-1045-10184-000028665C,0000000000000000,37,100,0,0,0,-1,0,0,0,5.60,-198.33,0,0.4089,63,270,342,-1,1,0,0,0,nil,nil,nil
4/28 18:51:08.184  SWING_DAMAGE_LANDED,Player-4755-01733879,"Hocwar-Dreadmist",0x40514,0x0,Creature-0-4457-249-1045-10184-000028665C,"Onyxia",0x10a48,0x0,Creature-0-4457-249-1045-10184-000028665C,0000000000000000,37,100,0,0,0,-1,0,0,0,5.60,-198.33,0,0.4089,63,274,173,-1,1,0,0,0,1,nil,nil
4/28 18:51:08.216  SPELL_AURA_REMOVED,Player-4755-01802FE5,"Angrybat-Dreadmist",0x514,0x0,Creature-0-4457-249-1045-10184-000028665C,"Onyxia",0x10a48,0x0,12579,"Winter's Chill",0x10,DEBUFF
4/28 18:51:08.267  SPELL_CAST_SUCCESS,Creature-0-4457-249-1045-10184-000028665C,"Onyxia",0x10a48,0x0,Player-4755-01802FE5,"Angrybat-Dreadmist",0x514,0x0,19983,"Cleave",0x1,Creature-0-4457-249-1045-10184-000028665C,0000000000000000,37,100,0,0,0,-1,0,0,0,5.60,-198.33,0,0.4089,63
4/28 18:51:08.267  SPELL_MISSED,Creature-0-4457-249-1045-10184-000028665C,"Onyxia",0x10a48,0x0,Player-4755-01802FE5,"Angrybat-Dreadmist",0x514,0x0,19983,"Cleave",0x1,MISS,nil
4/28 18:51:08.267  SPELL_MISSED,Creature-0-4457-249-1045-10184-000028665C,"Onyxia",0x10a48,0x0,Pet-0-4457-249-1045-7456-03003178E8,"Owl",0x1114,0x0,19983,"Cleave",0x1,PARRY,nil
4/28 18:51:08.443  SPELL_AURA_REMOVED,Player-4755-01F21AE6,"Blahu-Dreadmist",0x40514,0x0,Player-4755-01F21AE6,"Blahu-Dreadmist",0x40514,0x0,11551,"Battle Shout",0x1,BUFF
4/28 18:51:08.481  SPELL_CAST_SUCCESS,Player-4755-01637B0A,"Pindle-Dreadmist",0x514,0x0,Creature-0-4457-249-1045-10184-000028665C,"Onyxia",0x10a48,0x0,11281,"Backstab",0x1,Player-4755-01637B0A,0000000000000000,68,100,0,0,0,-1,0,0,0,0.23,-192.44,0,5.6975,65
4/28 18:51:08.565  SPELL_AURA_APPLIED,Player-4755-01A6B139,"Sakatan-Dreadmist",0x514,0x0,Player-4755-01A6B139,"Sakatan-Dreadmist",0x514,0x0,1787,"Stealth",0x1,BUFF
4/28 18:51:08.565  SPELL_CAST_SUCCESS,Player-4755-01A6B139,"Sakatan-Dreadmist",0x514,0x0,0000000000000000,nil,0x80000000,0x80000000,1857,"Vanish",0x1,Player-4755-01A6B139,0000000000000000,68,100,0,0,0,-1,0,0,0,-2.42,-185.70,0,5.5809,69
4/28 18:51:08.565  SPELL_DAMAGE,GameObject-0-4457-249-1045-176513-0000286659,"Lava Fissure",0x4228,0x0,Player-4755-020BD78D,"Lonehunter-Dreadmist",0x514,0x0,17731,"Eruption",0x4,Player-4755-020BD78D,0000000000000000,68,100,0,0,0,-1,0,0,0,26.45,-239.56,0,3.5597,70,1476,1476,-1,4,0,0,0,nil,nil,nil
4/28 18:51:08.565  SPELL_DAMAGE,GameObject-0-4457-249-1045-176825-0000286659,"Lava Fissure",0x4228,0x0,Player-4755-0220BD00,"Krikoff-Dreadmist",0x40514,0x0,17731,"Eruption",0x4,Player-4755-0220BD00,0000000000000000,55,100,0,0,0,-1,0,0,0,9.02,-209.49,0,1.9164,68,1371,1523,-1,4,0,0,0,nil,nil,nil
4/28 18:51:08.570  SPELL_AURA_APPLIED,Player-4755-01733879,"Hocwar-Dreadmist",0x40514,0x0,Player-4755-01733879,"Hocwar-Dreadmist",0x40514,0x0,12970,"Flurry",0x1,BUFF
4/28 18:51:08.570  SPELL_DAMAGE,Creature-0-4457-249-1045-10184-000028665C,"Onyxia",0x10a48,0x0,Player-4755-01B60A5F,"Zurok-Dreadmist",0x514,0x0,19983,"Cleave",0x1,Player-4755-01B60A5F,0000000000000000,40,100,0,0,0,-1,0,0,0,17.68,-200.40,0,2.8923,62,1115,1619,-1,1,0,0,0,nil,nil,nil
4/28 18:51:08.570  SPELL_DAMAGE,Creature-0-4457-249-1045-10184-000028665C,"Onyxia",0x10a48,0x0,Pet-0-4457-249-1045-9622-02002CD5BC,"Bokito",0x1114,0x0,19983,"Cleave",0x1,Pet-0-4457-249-1045-9622-02002CD5BC,Player-4755-020BD78D,50,100,0,0,0,-1,0,0,0,21.40,-201.12,0,5.0230,70,842,1710,-1,1,0,0,0,nil,nil,nil
4/28 18:51:08.570  SPELL_DAMAGE,Creature-0-4457-249-1045-10184-000028665C,"Onyxia",0x10a48,0x0,Player-4755-01FA8D0D,"Roackeru-Dreadmist",0x514,0x0,19983,"Cleave",0x1,Player-4755-01FA8D0D,0000000000000000,7,100,0,0,0,-1,0,0,0,22.46,-199.79,0,5.0540,65,1583,1954,-1,1,0,0,0,nil,nil,nil
4/28 18:51:08.570  SPELL_DAMAGE,Player-4755-01637B0A,"Pindle-Dreadmist",0x514,0x0,Creature-0-4457-249-1045-10184-000028665C,"Onyxia",0x10a48,0x0,11281,"Backstab",0x1,Creature-0-4457-249-1045-10184-000028665C,0000000000000000,37,100,0,0,0,-1,0,0,0,5.60,-198.33,0,0.4089,63,511,648,-1,1,0,0,0,nil,nil,nil
4/28 18:51:08.652  SPELL_AURA_APPLIED,Player-4755-015FEBD5,"Sauvage-Dreadmist",0x514,0x0,Player-4755-015FEBD5,"Sauvage-Dreadmist",0x514,0x0,12051,"Evocation",0x40,BUFF
4/28 18:51:08.652  SPELL_CAST_SUCCESS,Player-4755-015FEBD5,"Sauvage-Dreadmist",0x514,0x0,0000000000000000,nil,0x80000000,0x80000000,12051,"Evocation",0x40,Player-4755-015FEBD5,0000000000000000,100,100,0,0,0,-1,0,0,0,-11.45,-181.39,0,3.7715,64
4/28 18:51:08.669  SPELL_AURA_APPLIED,Player-4755-0220BD00,"Krikoff-Dreadmist",0x40514,0x0,Player-4755-0220BD00,"Krikoff-Dreadmist",0x40514,0x0,24427,"Diamond Flask",0x8,BUFF
4/28 18:51:08.669  SPELL_CAST_SUCCESS,Player-4755-0220BD00,"Krikoff-Dreadmist",0x40514,0x0,0000000000000000,nil,0x80000000,0x80000000,24427,"Diamond Flask",0x8,Player-4755-0220BD00,0000000000000000,55,100,0,0,0,-1,0,0,0,8.76,-208.77,0,1.9164,68
4/28 18:51:08.744  SPELL_CAST_SUCCESS,Player-4755-01F21AE6,"Blahu-Dreadmist",0x40514,0x0,Creature-0-4457-249-1045-10184-000028665C,"Onyxia",0x10a48,0x0,11567,"Heroic Strike",0x1,Player-4755-01F21AE6,0000000000000000,79,100,0,0,0,-1,0,0,0,4.14,-194.17,0,5.4021,70
4/28 18:51:08.744  SPELL_AURA_REMOVED,Player-4755-01F21AE6,"Blahu-Dreadmist",0x40514,0x0,Player-4755-01840577,"Raggèn-Dreadmist",0x514,0x0,11551,"Battle Shout",0x1,BUFF
4/28 18:51:08.744  SPELL_AURA_REMOVED,Player-4755-01F21AE6,"Blahu-Dreadmist",0x40514,0x0,Player-4755-0220BD00,"Krikoff-Dreadmist",0x40514,0x0,11551,"Battle Shout",0x1,BUFF
4/28 18:51:08.744  SPELL_CAST_SUCCESS,Player-4755-0160BD13,"Mafkees-Dreadmist",0x514,0x0,Creature-0-4457-249-1045-10184-000028665C,"Onyxia",0x10a48,0x0,23894,"Bloodthirst",0x1,Player-4755-0160BD13,0000000000000000,93,100,0,0,0,-1,0,0,0,3.60,-209.79,0,1.3336,64
4/28 18:51:08.829  SWING_DAMAGE,Player-4755-01F21AE6,"Blahu-Dreadmist",0x40514,0x0,Creature-0-4457-249-1045-10184-000028665C,"Onyxia",0x10a48,0x0,Player-4755-01F21AE6,0000000000000000,79,100,0,0,0,-1,0,0,0,4.97,-194.19,0,5.0203,70,103,130,-1,1,0,0,0,nil,nil,nil
4/28 18:51:08.856  SWING_DAMAGE,Player-4755-01637B0A,"Pindle-Dreadmist",0x514,0x0,Creature-0-4457-249-1045-10184-000028665C,"Onyxia",0x10a48,0x0,Player-4755-01637B0A,0000000000000000,68,100,0,0,0,-1,0,0,0,0.23,-192.44,0,5.6818,65,166,211,-1,1,0,0,0,nil,nil,nil
4/28 18:51:08.912  SPELL_AURA_APPLIED,Player-4755-0178F416,"Eltorero-Dreadmist",0x514,0x0,Player-4755-0178F416,"Eltorero-Dreadmist",0x514,0x0,10610,"Windfury Totem",0x8,BUFF
4/28 18:51:08.912  SPELL_EXTRA_ATTACKS,Player-4755-0178F416,"Eltorero-Dreadmist",0x514,0x0,Player-4755-0178F416,"Eltorero-Dreadmist",0x514,0x0,10610,"Windfury Totem",0x8,1
4/28 18:51:08.913  SWING_DAMAGE,Player-4755-0178F416,"Eltorero-Dreadmist",0x514,0x0,Creature-0-4457-249-1045-10184-000028665C,"Onyxia",0x10a48,0x0,Player-4755-0178F416,0000000000000000,100,100,0,0,0,-1,0,0,0,5.11,-218.04,0,1.4253,67,286,572,-1,1,0,0,0,nil,1,nil
4/28 18:51:08.913  SPELL_AURA_APPLIED,Player-4755-0178F416,"Eltorero-Dreadmist",0x514,0x0,Player-4755-0178F416,"Eltorero-Dreadmist",0x514,0x0,20007,"Holy Strength",0x2,BUFF
4/28 18:51:08.913  SPELL_HEAL,Player-4755-0178F416,"Eltorero-Dreadmist",0x514,0x0,Player-4755-0178F416,"Eltorero-Dreadmist",0x514,0x0,20007,"Holy Strength",0x2,Player-4755-0178F416,0000000000000000,100,100,0,0,0,-1,0,0,0,5.00,-218.02,0,1.4253,67,78,78,78,0,nil
4/28 18:51:08.913  SWING_DAMAGE,Player-4755-0178F416,"Eltorero-Dreadmist",0x514,0x0,Creature-0-4457-249-1045-10184-000028665C,"Onyxia",0x10a48,0x0,Player-4755-0178F416,0000000000000000,100,100,0,0,0,-1,0,0,0,5.00,-218.02,0,1.4253,67,487,677,-1,1,0,46,0,nil,nil,nil
4/28 18:51:08.986  SPELL_ENERGIZE,Player-4755-01802FE5,"Angrybat-Dreadmist",0x514,0x0,Player-4755-01802FE5,"Angrybat-Dreadmist",0x514,0x0,29442,"Magic Absorption",0x1,Player-4755-01802FE5,0000000000000000,100,100,0,0,0,-1,0,0,0,23.52,-196.82,0,5.9684,66,241.0000,0.0000,0,6033
4/28 18:51:08.986  SPELL_ENERGIZE,Player-4755-01733879,"Hocwar-Dreadmist",0x40514,0x0,Player-4755-01733879,"Hocwar-Dreadmist",0x40514,0x0,12964,"Unbridled Wrath",0x1,Player-4755-01733879,0000000000000000,92,100,0,0,0,-1,0,0,0,1.96,-190.20,0,4.9422,71,1.0000,0.0000,1,1000
4/28 18:51:08.986  SPELL_DAMAGE,Player-4755-01F21AE6,"Blahu-Dreadmist",0x40514,0x0,Creature-0-4457-249-1045-10184-000028665C,"Onyxia",0x10a48,0x0,11567,"Heroic Strike",0x1,Creature-0-4457-249-1045-10184-000028665C,0000000000000000,37,100,0,0,0,-1,0,0,0,5.60,-198.33,0,0.4089,63,373,473,-1,1,0,0,0,nil,nil,nil
4/28 18:51:08.986  SPELL_DAMAGE,Player-4755-0160BD13,"Mafkees-Dreadmist",0x514,0x0,Creature-0-4457-249-1045-10184-000028665C,"Onyxia",0x10a48,0x0,23894,"Bloodthirst",0x1,Creature-0-4457-249-1045-10184-000028665C,0000000000000000,37,100,0,0,0,-1,0,0,0,5.60,-198.33,0,0.4089,63,300,381,-1,1,0,0,0,nil,nil,nil
4/28 18:51:08.986  SPELL_AURA_APPLIED,Player-4755-0160BD13,"Mafkees-Dreadmist",0x514,0x0,Player-4755-0160BD13,"Mafkees-Dreadmist",0x514,0x0,23888,"Bloodthirst",0x1,BUFF
4/28 18:51:08.986  SWING_DAMAGE_LANDED,Player-4755-01F21AE6,"Blahu-Dreadmist",0x40514,0x0,Creature-0-4457-249-1045-10184-000028665C,"Onyxia",0x10a48,0x0,Creature-0-4457-249-1045-10184-000028665C,0000000000000000,37,100,0,0,0,-1,0,0,0,5.60,-198.33,0,0.4089,63,103,130,-1,1,0,0,0,nil,nil,nil
4/28 18:51:08.986  SWING_DAMAGE_LANDED,Player-4755-01637B0A,"Pindle-Dreadmist",0x514,0x0,Creature-0-4457-249-1045-10184-000028665C,"Onyxia",0x10a48,0x0,Creature-0-4457-249-1045-10184-000028665C,0000000000000000,37,100,0,0,0,-1,0,0,0,5.60,-198.33,0,0.4089,63,166,211,-1,1,0,0,0,nil,nil,nil
4/28 18:51:08.986  SWING_DAMAGE_LANDED,Player-4755-0178F416,"Eltorero-Dreadmist",0x514,0x0,Creature-0-4457-249-1045-10184-000028665C,"Onyxia",0x10a48,0x0,Creature-0-4457-249-1045-10184-000028665C,0000000000000000,37,100,0,0,0,-1,0,0,0,5.60,-198.33,0,0.4089,63,286,572,-1,1,0,0,0,nil,1,nil
4/28 18:51:08.986  SWING_DAMAGE_LANDED,Player-4755-0178F416,"Eltorero-Dreadmist",0x514,0x0,Creature-0-4457-249-1045-10184-000028665C,"Onyxia",0x10a48,0x0,Creature-0-4457-249-1045-10184-000028665C,0000000000000000,37,100,0,0,0,-1,0,0,0,5.60,-198.33,0,0.4089,63,487,677,-1,1,0,0,0,nil,nil,nil
4/28 18:51:08.986  SPELL_AURA_APPLIED,Pet-0-4457-249-1045-416-0100019757,"Chotik",0x1112,0x0,Player-4755-02045EF4,"Necrosini-Dreadmist",0x512,0x0,11767,"Blood Pact",0x20,BUFF
4/28 18:51:08.986  SPELL_CAST_SUCCESS,Player-4755-01AC9FD9,"Alexinho-Dreadmist",0x514,0x0,Creature-0-4457-249-1045-10184-000028665C,"Onyxia",0x10a48,0x0,11300,"Eviscerate",0x1,Player-4755-01AC9FD9,0000000000000000,100,100,0,0,0,-1,0,0,0,1.40,-189.57,0,5.1645,66
4/28 18:51:08.986  SPELL_CAST_FAILED,Player-4755-01BC57A3,"Saintis-Dreadmist",0x511,0x0,0000000000000000,nil,0x80000000,0x80000000,10901,"Power Word: Shield",0x2,"Immune"
4/28 18:51:09.009  SPELL_CAST_START,Player-4755-01ED7A64,"Sperzieboon-Dreadmist",0x514,0x0,0000000000000000,nil,0x80000000,0x80000000,9474,"Flash Heal",0x2
4/28 18:51:09.009  SPELL_AURA_REMOVED,Pet-0-4457-249-1045-2850-01001956F9,"Kratos",0x1114,0x0,Pet-0-4457-249-1045-2850-01001956F9,"Kratos",0x1114,0x0,23110,"Dash",0x1,BUFF
4/28 18:51:09.029  SPELL_AURA_REMOVED,Player-4755-0163DD9D,"Kaspais-Dreadmist",0x514,0x0,Player-4755-0163DD9D,"Kaspais-Dreadmist",0x514,0x0,7744,"Will of the Forsaken",0x1,BUFF
4/28 18:51:09.108  SPELL_PERIODIC_ENERGIZE,Player-4755-01BC57A3,"Saintis-Dreadmist",0x511,0x0,Player-4755-01BC57A3,"Saintis-Dreadmist",0x511,0x0,18194,"Mana Regeneration",0x1,Player-4755-01BC57A3,0000000000000000,100,100,0,0,0,-1,0,0,0,18.09,-220.49,0,1.7998,68,8.0000,0.0000,0,7212
4/28 18:51:09.141  SPELL_PERIODIC_ENERGIZE,Player-4755-0160BD13,"Mafkees-Dreadmist",0x514,0x0,Player-4755-0160BD13,"Mafkees-Dreadmist",0x514,0x0,29131,"Bloodrage",0x1,Player-4755-0160BD13,0000000000000000,93,100,0,0,0,-1,0,0,0,2.47,-209.53,0,1.3454,64,1.0000,0.0000,1,1000
4/28 18:51:09.175  SWING_DAMAGE,Player-4755-01637B0A,"Pindle-Dreadmist",0x514,0x0,Creature-0-4457-249-1045-10184-000028665C,"Onyxia",0x10a48,0x0,Player-4755-01637B0A,0000000000000000,68,100,0,0,0,-1,0,0,0,0.59,-192.14,0,5.4108,65,82,111,-1,1,0,0,0,nil,1,nil
4/28 18:51:09.196  SWING_DAMAGE,Player-4755-0220BD00,"Krikoff-Dreadmist",0x40514,0x0,Creature-0-4457-249-1045-10184-000028665C,"Onyxia",0x10a48,0x0,Player-4755-0220BD00,0000000000000000,55,100,0,0,0,-1,0,0,0,8.28,-205.08,0,1.9164,68,174,275,-1,1,0,0,0,nil,1,nil
4/28 18:51:09.213  SPELL_PERIODIC_ENERGIZE,Creature-0-4457-249-1045-7416-0000286CFC,"Mana Spring Totem IV",0x2114,0x0,Player-4755-016296D3,"Nivl-Dreadmist",0x514,0x0,10494,"Mana Spring",0x8,Player-4755-016296D3,0000000000000000,94,100,0,0,0,-1,0,0,0,-2.01,-171.97,0,0.1198,69,10.0000,0.0000,0,5845
4/28 18:51:09.213  SPELL_CAST_SUCCESS,Player-4755-01F21AE6,"Blahu-Dreadmist",0x40514,0x0,Creature-0-4457-249-1045-10184-000028665C,"Onyxia",0x10a48,0x0,11597,"Sunder Armor",0x1,Player-4755-01F21AE6,0000000000000000,79,100,0,0,0,-1,0,0,0,7.65,-193.49,0,4.8888,70
4/28 18:51:09.353  SWING_DAMAGE,Pet-0-4457-249-1045-9622-02002CD5BC,"Bokito",0x1114,0x0,Creature-0-4457-249-1045-10184-000028665C,"Onyxia",0x10a48,0x0,Pet-0-4457-249-1045-9622-02002CD5BC,Player-4755-020BD78D,50,100,0,0,0,-1,0,0,0,21.40,-201.12,0,5.0230,70,107,136,-1,1,0,0,0,nil,nil,nil
4/28 18:51:09.353  SPELL_AURA_REMOVED,Player-4755-020BD78D,"Lonehunter-Dreadmist",0x514,0x0,Player-4755-01F36B30,"Rectumqeef-Dreadmist",0x514,0x0,20906,"Trueshot Aura",0x40,BUFF
4/28 18:51:09.384  SPELL_HEAL,Player-4755-01F21AE6,"Blahu-Dreadmist",0x40514,0x0,Player-4755-01F21AE6,"Blahu-Dreadmist",0x40514,0x0,23891,"Bloodthirst",0x1,Player-4755-01F21AE6,0000000000000000,80,100,0,0,0,-1,0,0,0,8.92,-193.50,0,4.6555,70,20,20,0,0,nil
4/28 18:51:09.384  SPELL_AURA_REMOVED,Player-4755-01F21AE6,"Blahu-Dreadmist",0x40514,0x0,Player-4755-01F21AE6,"Blahu-Dreadmist",0x40514,0x0,21887,"Warrior's Wrath",0x1,BUFF
4/28 18:51:09.384  SPELL_AURA_REMOVED,Player-4755-01F21AE6,"Blahu-Dreadmist",0x40514,0x0,Player-4755-01F21AE6,"Blahu-Dreadmist",0x40514,0x0,23888,"Bloodthirst",0x1,BUFF
4/28 18:51:09.384  SPELL_AURA_REMOVED_DOSE,Player-4755-0160BD13,"Mafkees-Dreadmist",0x514,0x0,Player-4755-0160BD13,"Mafkees-Dreadmist",0x514,0x0,23888,"Bloodthirst",0x1,BUFF,4
4/28 18:51:09.384  SPELL_HEAL,Player-4755-0160BD13,"Mafkees-Dreadmist",0x514,0x0,Player-4755-0160BD13,"Mafkees-Dreadmist",0x514,0x0,23891,"Bloodthirst",0x1,Player-4755-0160BD13,0000000000000000,93,100,0,0,0,-1,0,0,0,1.79,-210.08,0,1.2747,64,20,20,0,0,nil
4/28 18:51:09.384  SPELL_AURA_REMOVED_DOSE,Player-4755-0178F416,"Eltorero-Dreadmist",0x514,0x0,Player-4755-0178F416,"Eltorero-Dreadmist",0x514,0x0,10610,"Windfury Totem",0x8,BUFF,1
4/28 18:51:09.384  SPELL_AURA_REMOVED,Player-4755-0178F416,"Eltorero-Dreadmist",0x514,0x0,Player-4755-0178F416,"Eltorero-Dreadmist",0x514,0x0,10610,"Windfury Totem",0x8,BUFF
4/28 18:51:09.384  SPELL_DAMAGE,Player-4755-01AC9FD9,"Alexinho-Dreadmist",0x514,0x0,Creature-0-4457-249-1045-10184-000028665C,"Onyxia",0x10a48,0x0,11300,"Eviscerate",0x1,Creature-0-4457-249-1045-10184-000028665C,0000000000000000,37,100,0,0,0,-1,0,0,0,5.60,-198.33,0,0.4089,63,1602,997,-1,1,0,0,0,1,nil,nil
4/28 18:51:09.384  SPELL_ENERGIZE,Player-4755-01AC9FD9,"Alexinho-Dreadmist",0x514,0x0,Player-4755-01AC9FD9,"Alexinho-Dreadmist",0x514,0x0,14181,"Relentless Strikes Effect",0x1,Player-4755-01AC9FD9,0000000000000000,100,100,0,0,0,-1,0,0,0,1.40,-189.57,0,5.1645,66,25.0000,0.0000,3,100
4/28 18:51:09.384  SWING_DAMAGE_LANDED,Player-4755-01637B0A,"Pindle-Dreadmist",0x514,0x0,Creature-0-4457-249-1045-10184-000028665C,"Onyxia",0x10a48,0x0,Creature-0-4457-249-1045-10184-000028665C,0000000000000000,37,100,0,0,0,-1,0,0,0,5.60,-198.33,0,0.4089,63,82,111,-1,1,0,0,0,nil,1,nil
4/28 18:51:09.384  SWING_DAMAGE_LANDED,Player-4755-0220BD00,"Krikoff-Dreadmist",0x40514,0x0,Creature-0-4457-249-1045-10184-000028665C,"Onyxia",0x10a48,0x0,Creature-0-4457-249-1045-10184-000028665C,0000000000000000,37,100,0,0,0,-1,0,0,0,5.60,-198.33,0,0.4089,63,174,275,-1,1,0,0,0,nil,1,nil
4/28 18:51:09.384  SWING_DAMAGE_LANDED,Pet-0-4457-249-1045-9622-02002CD5BC,"Bokito",0x1114,0x0,Creature-0-4457-249-1045-10184-000028665C,"Onyxia",0x10a48,0x0,Creature-0-4457-249-1045-10184-000028665C,0000000000000000,37,100,0,0,0,-1,0,0,0,5.60,-198.33,0,0.4089,63,107,136,-1,1,0,0,0,nil,nil,nil
4/28 18:51:09.434  SWING_DAMAGE,Player-4755-01733879,"Hocwar-Dreadmist",0x40514,0x0,Creature-0-4457-249-1045-10184-000028665C,"Onyxia",0x10a48,0x0,Player-4755-01733879,0000000000000000,92,100,0,0,0,-1,0,0,0,2.79,-190.01,0,4.9422,71,119,180,-1,1,0,0,0,nil,1,nil
4/28 18:51:09.551  SPELL_HEAL,Player-4755-016296D3,"Nivl-Dreadmist",0x514,0x0,Player-4755-016296D3,"Nivl-Dreadmist",0x514,0x0,10623,"Chain Heal",0x8,Player-4755-016296D3,0000000000000000,100,100,0,0,0,-1,0,0,0,-2.01,-171.97,0,0.1198,69,387,387,131,0,nil
4/28 18:51:09.551  SPELL_CAST_SUCCESS,Player-4755-016296D3,"Nivl-Dreadmist",0x514,0x0,Player-4755-0163DD9D,"Kaspais-Dreadmist",0x514,0x0,10623,"Chain Heal",0x8,Player-4755-016296D3,0000000000000000,100,100,0,0,0,-1,0,0,0,-2.01,-171.97,0,0.1198,69
4/28 18:51:09.567  SWING_MISSED,Player-4755-01AC9FD9,"Alexinho-Dreadmist",0x514,0x0,Creature-0-4457-249-1045-10184-000028665C,"Onyxia",0x10a48,0x0,MISS,nil
4/28 18:51:09.567  SPELL_CAST_SUCCESS,Player-4755-01733879,"Hocwar-Dreadmist",0x40514,0x0,Creature-0-4457-249-1045-10184-000028665C,"Onyxia",0x10a48,0x0,11567,"Heroic Strike",0x1,Player-4755-01733879,0000000000000000,92,100,0,0,0,-1,0,0,0,3.29,-190.23,0,4.9461,71
4/28 18:51:09.567  SPELL_MISSED,Player-4755-01733879,"Hocwar-Dreadmist",0x40514,0x0,Creature-0-4457-249-1045-10184-000028665C,"Onyxia",0x10a48,0x0,11567,"Heroic Strike",0x1,DODGE,nil
4/28 18:51:09.567  SPELL_AURA_REMOVED_DOSE,Player-4755-01733879,"Hocwar-Dreadmist",0x40514,0x0,Player-4755-01733879,"Hocwar-Dreadmist",0x40514,0x0,12970,"Flurry",0x1,BUFF,2
4/28 18:51:09.626  SPELL_CAST_SUCCESS,Player-4755-016DF694,"Ashalan-Dreadmist",0x514,0x0,0000000000000000,nil,0x80000000,0x80000000,10538,"Fire Resistance Totem",0x10,Player-4755-016DF694,0000000000000000,64,100,0,0,0,-1,0,0,0,6.99,-190.57,0,4.6716,67
4/28 18:51:09.626  SPELL_SUMMON,Player-4755-016DF694,"Ashalan-Dreadmist",0x514,0x0,Creature-0-4457-249-1045-7425-0000286D0D,"Fire Resistance Totem III",0xa28,0x0,10538,"Fire Resistance Totem",0x10
4/28 18:51:09.673  SWING_MISSED,Player-4755-01AC9FD9,"Alexinho-Dreadmist",0x514,0x0,Creature-0-4457-249-1045-10184-000028665C,"Onyxia",0x10a48,0x0,MISS,1
4/28 18:51:09.702  SPELL_AURA_APPLIED,Player-4755-0160BD13,"Mafkees-Dreadmist",0x514,0x0,Player-4755-0160BD13,"Mafkees-Dreadmist",0x514,0x0,10610,"Windfury Totem",0x8,BUFF
4/28 18:51:09.702  SPELL_EXTRA_ATTACKS,Player-4755-0160BD13,"Mafkees-Dreadmist",0x514,0x0,Player-4755-0160BD13,"Mafkees-Dreadmist",0x514,0x0,10610,"Windfury Totem",0x8,1
4/28 18:51:09.702  SWING_DAMAGE,Player-4755-0160BD13,"Mafkees-Dreadmist",0x514,0x0,Creature-0-4457-249-1045-10184-000028665C,"Onyxia",0x10a48,0x0,Player-4755-0160BD13,0000000000000000,93,100,0,0,0,-1,0,0,0,2.68,-210.60,0,1.1962,64,287,427,-1,1,0,0,0,nil,1,nil
4/28 18:51:09.718  SWING_DAMAGE,Player-4755-0160BD13,"Mafkees-Dreadmist",0x514,0x0,Creature-0-4457-249-1045-10184-000028665C,"Onyxia",0x10a48,0x0,Player-4755-0160BD13,0000000000000000,93,100,0,0,0,-1,0,0,0,2.78,-210.56,0,1.1962,64,416,528,-1,1,0,0,0,nil,nil,nil
4/28 18:51:09.790  SPELL_ENERGIZE,Player-4755-01F21AE6,"Blahu-Dreadmist",0x40514,0x0,Player-4755-01F21AE6,"Blahu-Dreadmist",0x40514,0x0,12964,"Unbridled Wrath",0x1,Player-4755-01F21AE6,0000000000000000,80,100,0,0,0,-1,0,0,0,12.03,-193.90,0,4.5334,70,1.0000,0.0000,1,1000
4/28 18:51:09.790  SPELL_ENERGIZE,Player-4755-01F21AE6,"Blahu-Dreadmist",0x40514,0x0,Player-4755-01F21AE6,"Blahu-Dreadmist",0x40514,0x0,12964,"Unbridled Wrath",0x1,Player-4755-01F21AE6,0000000000000000,80,100,0,0,0,-1,0,0,0,12.03,-193.90,0,4.5334,70,1.0000,0.0000,1,1000
4/28 18:51:09.790  SWING_DAMAGE_LANDED,Player-4755-01733879,"Hocwar-Dreadmist",0x40514,0x0,Creature-0-4457-249-1045-10184-000028665C,"Onyxia",0x10a48,0x0,Creature-0-4457-249-1045-10184-000028665C,0000000000000000,37,100,0,0,0,-1,0,0,0,5.60,-198.33,0,0.4089,63,119,180,-1,1,0,0,0,nil,1,nil
4/28 18:51:09.790  SPELL_HEAL,Player-4755-016296D3,"Nivl-Dreadmist",0x514,0x0,Player-4755-01614AC7,"Mirrimazduur-Dreadmist",0x512,0x0,10623,"Chain Heal",0x8,Player-4755-01614AC7,0000000000000000,88,100,0,0,0,-1,0,0,0,-8.71,-167.61,0,5.3315,68,577,577,0,0,nil
4/28 18:51:09.790  SPELL_HEAL,Player-4755-016296D3,"Nivl-Dreadmist",0x514,0x0,Player-4755-0163DD9D,"Kaspais-Dreadmist",0x514,0x0,10623,"Chain Heal",0x8,Player-4755-0163DD9D,0000000000000000,87,100,0,0,0,-1,0,0,0,-11.08,-176.13,0,5.4403,66,928,928,0,0,nil
4/28 18:51:09.790  SWING_DAMAGE_LANDED,Player-4755-0160BD13,"Mafkees-Dreadmist",0x514,0x0,Creature-0-4457-249-1045-10184-000028665C,"Onyxia",0x10a48,0x0,Creature-0-4457-249-1045-10184-000028665C,0000000000000000,37,100,0,0,0,-1,0,0,0,5.60,-198.33,0,0.4089,63,287,427,-1,1,0,0,0,nil,1,nil
4/28 18:51:09.790  SWING_DAMAGE_LANDED,Player-4755-0160BD13,"Mafkees-Dreadmist",0x514,0x0,Creature-0-4457-249-1045-10184-000028665C,"Onyxia",0x10a48,0x0,Creature-0-4457-249-1045-10184-000028665C,0000000000000000,37,100,0,0,0,-1,0,0,0,5.60,-198.33,0,0.4089,63,416,528,-1,1,0,0,0,nil,nil,nil
4/28 18:51:09.914  SPELL_AURA_APPLIED,Player-4755-01802FE5,"Angrybat-Dreadmist",0x514,0x0,Player-4755-01802FE5,"Angrybat-Dreadmist",0x514,0x0,1953,"Blink",0x40,BUFF
4/28 18:51:09.914  SPELL_CAST_SUCCESS,Player-4755-01802FE5,"Angrybat-Dreadmist",0x514,0x0,0000000000000000,nil,0x80000000,0x80000000,1953,"Blink",0x40,Player-4755-01802FE5,0000000000000000,100,100,0,0,0,-1,0,0,0,24.22,-192.79,0,4.9474,66
4/28 18:51:09.993  SPELL_CAST_SUCCESS,Player-4755-01AC9FD9,"Alexinho-Dreadmist",0x514,0x0,Creature-0-4457-249-1045-10184-000028665C,"Onyxia",0x10a48,0x0,11294,"Sinister Strike",0x1,Player-4755-01AC9FD9,0000000000000000,100,100,0,0,0,-1,0,0,0,2.02,-189.89,0,5.8085,66
4/28 18:51:10.040  SPELL_AURA_APPLIED,Player-4755-020BD78D,"Lonehunter-Dreadmist",0x514,0x0,Player-4755-020BD78D,"Lonehunter-Dreadmist",0x514,0x0,24352,"Devilsaur Fury",0x1,BUFF
4/28 18:51:10.040  SPELL_CAST_SUCCESS,Player-4755-020BD78D,"Lonehunter-Dreadmist",0x514,0x0,0000000000000000,nil,0x80000000,0x80000000,24352,"Devilsaur Fury",0x1,Player-4755-020BD78D,0000000000000000,68,100,0,0,0,-1,0,0,0,19.68,-246.92,0,4.0945,70
4/28 18:51:10.077  SPELL_CAST_START,Player-4755-01BC57A3,"Saintis-Dreadmist",0x511,0x0,0000000000000000,nil,0x80000000,0x80000000,10917,"Flash Heal",0x2
4/28 18:51:10.126  SPELL_PERIODIC_ENERGIZE,Player-4755-0160BD13,"Mafkees-Dreadmist",0x514,0x0,Player-4755-0160BD13,"Mafkees-Dreadmist",0x514,0x0,29131,"Bloodrage",0x1,Player-4755-0160BD13,0000000000000000,93,100,0,0,0,-1,0,0,0,2.65,-209.42,0,1.2119,64,1.0000,0.0000,1,1000
4/28 18:51:10.141  SPELL_AURA_REMOVED,Player-4755-01637B0A,"Pindle-Dreadmist",0x514,0x0,Player-4755-01637B0A,"Pindle-Dreadmist",0x514,0x0,7744,"Will of the Forsaken",0x1,BUFF
4/28 18:51:10.172  SPELL_AURA_REMOVED,Player-4755-015FEBD5,"Sauvage-Dreadmist",0x514,0x0,Player-4755-015FEBD5,"Sauvage-Dreadmist",0x514,0x0,7744,"Will of the Forsaken",0x1,BUFF
4/28 18:51:10.193  SPELL_ENERGIZE,Player-4755-0220BD00,"Krikoff-Dreadmist",0x40514,0x0,Player-4755-0220BD00,"Krikoff-Dreadmist",0x40514,0x0,12964,"Unbridled Wrath",0x1,Player-4755-0220BD00,0000000000000000,55,100,0,0,0,-1,0,0,0,8.37,-203.15,0,2.0578,68,1.0000,0.0000,1,1000
4/28 18:51:10.193  SPELL_AURA_REMOVED_DOSE,Player-4755-01733879,"Hocwar-Dreadmist",0x40514,0x0,Player-4755-01733879,"Hocwar-Dreadmist",0x40514,0x0,12970,"Flurry",0x1,BUFF,1
4/28 18:51:10.194  SPELL_AURA_REMOVED_DOSE,Player-4755-0160BD13,"Mafkees-Dreadmist",0x514,0x0,Player-4755-0160BD13,"Mafkees-Dreadmist",0x514,0x0,10610,"Windfury Totem",0x8,BUFF,1
4/28 18:51:10.194  SPELL_AURA_REMOVED_DOSE,Player-4755-0160BD13,"Mafkees-Dreadmist",0x514,0x0,Player-4755-0160BD13,"Mafkees-Dreadmist",0x514,0x0,23888,"Bloodthirst",0x1,BUFF,3
4/28 18:51:10.194  SPELL_AURA_REMOVED_DOSE,Player-4755-0160BD13,"Mafkees-Dreadmist",0x514,0x0,Player-4755-0160BD13,"Mafkees-Dreadmist",0x514,0x0,12970,"Flurry",0x1,BUFF,2
4/28 18:51:10.194  SPELL_HEAL,Player-4755-0160BD13,"Mafkees-Dreadmist",0x514,0x0,Player-4755-0160BD13,"Mafkees-Dreadmist",0x514,0x0,23891,"Bloodthirst",0x1,Player-4755-0160BD13,0000000000000000,94,100,0,0,0,-1,0,0,0,2.65,-209.42,0,1.2119,64,20,20,0,0,nil
4/28 18:51:10.194  SPELL_AURA_REMOVED_DOSE,Player-4755-0160BD13,"Mafkees-Dreadmist",0x514,0x0,Player-4755-0160BD13,"Mafkees-Dreadmist",0x514,0x0,23888,"Bloodthirst",0x1,BUFF,2
4/28 18:51:10.194  SPELL_AURA_REMOVED_DOSE,Player-4755-0160BD13,"Mafkees-Dreadmist",0x514,0x0,Player-4755-0160BD13,"Mafkees-Dreadmist",0x514,0x0,12970,"Flurry",0x1,BUFF,1
4/28 18:51:10.194  SPELL_HEAL,Player-4755-0160BD13,"Mafkees-Dreadmist",0x514,0x0,Player-4755-0160BD13,"Mafkees-Dreadmist",0x514,0x0,23891,"Bloodthirst",0x1,Player-4755-0160BD13,0000000000000000,94,100,0,0,0,-1,0,0,0,2.65,-209.42,0,1.2119,64,20,20,0,0,nil
4/28 18:51:10.194  SPELL_AURA_REMOVED,Player-4755-0160BD13,"Mafkees-Dreadmist",0x514,0x0,Player-4755-0160BD13,"Mafkees-Dreadmist",0x514,0x0,10610,"Windfury Totem",0x8,BUFF
4/28 18:51:10.194  SPELL_DAMAGE,Player-4755-01AC9FD9,"Alexinho-Dreadmist",0x514,0x0,Creature-0-4457-249-1045-10184-000028665C,"Onyxia",0x10a48,0x0,11294,"Sinister Strike",0x1,Creature-0-4457-249-1045-10184-000028665C,0000000000000000,37,100,0,0,0,-1,0,0,0,5.60,-198.33,0,0.4089,63,743,401,-1,1,0,0,0,1,nil,nil
4/28 18:51:10.194  SPELL_AURA_APPLIED,Pet-0-4457-249-1045-416-01001C47E2,"Ababis",0x1114,0x0,Player-4755-0220BD00,"Krikoff-Dreadmist",0x40514,0x0,11767,"Blood Pact",0x20,BUFF
4/28 18:51:10.194  SPELL_AURA_APPLIED,Pet-0-4457-249-1045-416-01001C47E2,"Ababis",0x1114,0x0,Player-4755-01F21AE6,"Blahu-Dreadmist",0x40514,0x0,11767,"Blood Pact",0x20,BUFF
4/28 18:51:10.252  SPELL_CAST_SUCCESS,Player-4755-0160BD13,"Mafkees-Dreadmist",0x514,0x0,Creature-0-4457-249-1045-10184-000028665C,"Onyxia",0x10a48,0x0,7373,"Hamstring",0x1,Player-4755-0160BD13,0000000000000000,94,100,0,0,0,-1,0,0,0,2.65,-209.42,0,1.2119,64
4/28 18:51:10.394  SPELL_CAST_SUCCESS,Player-4755-01840577,"Raggèn-Dreadmist",0x514,0x0,0000000000000000,nil,0x80000000,0x80000000,8143,"Tremor Totem",0x8,Player-4755-01840577,0000000000000000,100,100,0,0,0,-1,0,0,0,18.80,-203.59,0,1.5684,67
4/28 18:51:10.394  SPELL_SUMMON,Player-4755-01840577,"Raggèn-Dreadmist",0x514,0x0,Creature-0-4457-249-1045-5913-0000286D0E,"Tremor Totem",0xa28,0x0,8143,"Tremor Totem",0x8
4/28 18:51:10.394  SPELL_CAST_SUCCESS,Player-4755-01ED7A64,"Sperzieboon-Dreadmist",0x514,0x0,Player-4755-016DF694,"Ashalan-Dreadmist",0x514,0x0,9474,"Flash Heal",0x2,Player-4755-01ED7A64,0000000000000000,100,100,0,0,0,-1,0,0,0,25.55,-225.25,0,2.0676,67
4/28 18:51:10.394  SPELL_CAST_START,Player-4755-01ED7A64,"Sperzieboon-Dreadmist",0x514,0x0,0000000000000000,nil,0x80000000,0x80000000,9474,"Flash Heal",0x2
4/28 18:51:10.456  SPELL_AURA_REMOVED,Player-4755-01F36B30,"Rectumqeef-Dreadmist",0x514,0x0,Creature-0-4457-249-1045-10184-000028665C,"Onyxia",0x10a48,0x0,17800,"Shadow Vulnerability",0x20,DEBUFF
4/28 18:51:10.504  SPELL_AURA_REMOVED,Player-4755-01A6B139,"Sakatan-Dreadmist",0x514,0x0,Player-4755-01A6B139,"Sakatan-Dreadmist",0x514,0x0,7744,"Will of the Forsaken",0x1,BUFF
4/28 18:51:10.552  SWING_MISSED,Player-4755-0220BD00,"Krikoff-Dreadmist",0x40514,0x0,Creature-0-4457-249-1045-10184-000028665C,"Onyxia",0x10a48,0x0,MISS,1
4/28 18:51:10.582  SPELL_CAST_START,Creature-0-4457-249-1045-10184-000028665C,"Onyxia",0x10a48,0x0,0000000000000000,nil,0x80000000,0x80000000,18435,"Flame Breath",0x4
4/28 18:51:10.586  SPELL_ENERGIZE,Player-4755-0160BD13,"Mafkees-Dreadmist",0x514,0x0,Player-4755-0160BD13,"Mafkees-Dreadmist",0x514,0x0,12964,"Unbridled Wrath",0x1,Player-4755-0160BD13,0000000000000000,94,100,0,0,0,-1,0,0,0,2.65,-209.42,0,1.1687,64,1.0000,0.0000,1,1000
4/28 18:51:10.586  SPELL_ENERGIZE,Player-4755-0160BD13,"Mafkees-Dreadmist",0x514,0x0,Player-4755-0160BD13,"Mafkees-Dreadmist",0x514,0x0,12964,"Unbridled Wrath",0x1,Player-4755-0160BD13,0000000000000000,94,100,0,0,0,-1,0,0,0,2.65,-209.42,0,1.1687,64,1.0000,0.0000,1,1000
4/28 18:51:10.586  SPELL_DAMAGE,Player-4755-0160BD13,"Mafkees-Dreadmist",0x514,0x0,Creature-0-4457-249-1045-10184-000028665C,"Onyxia",0x10a48,0x0,7373,"Hamstring",0x1,Creature-0-4457-249-1045-10184-000028665C,0000000000000000,37,100,0,0,0,-1,0,0,0,5.60,-198.33,0,5.6989,63,36,45,-1,1,0,0,0,nil,nil,nil
4/28 18:51:10.586  SPELL_HEAL,Player-4755-01ED7A64,"Sperzieboon-Dreadmist",0x514,0x0,Player-4755-016DF694,"Ashalan-Dreadmist",0x514,0x0,9474,"Flash Heal",0x2,Player-4755-016DF694,0000000000000000,80,100,0,0,0,-1,0,0,0,4.50,-191.24,0,4.9857,67,745,745,0,0,nil
4/28 18:51:10.586  SWING_DAMAGE,Player-4755-01637B0A,"Pindle-Dreadmist",0x514,0x0,Creature-0-4457-249-1045-10184-000028665C,"Onyxia",0x10a48,0x0,Player-4755-01637B0A,0000000000000000,68,100,0,0,0,-1,0,0,0,2.87,-190.42,0,5.3362,65,81,108,-1,1,0,0,0,nil,1,nil
4/28 18:51:10.629  SWING_DAMAGE,Player-4755-01F21AE6,"Blahu-Dreadmist",0x40514,0x0,Creature-0-4457-249-1045-10184-000028665C,"Onyxia",0x10a48,0x0,Player-4755-01F21AE6,0000000000000000,75,100,0,0,0,-1,0,0,0,14.99,-193.92,0,3.7559,70,203,128,-1,1,0,0,0,1,nil,nil
4/28 18:51:10.660  SWING_DAMAGE,Player-4755-01637B0A,"Pindle-Dreadmist",0x514,0x0,Creature-0-4457-249-1045-10184-000028665C,"Onyxia",0x10a48,0x0,Player-4755-01637B0A,0000000000000000,68,100,0,0,0,-1,0,0,0,3.28,-190.15,0,5.2184,65,317,197,-1,1,0,0,0,1,nil,nil
4/28 18:51:10.676  SPELL_AURA_REFRESH,Player-4755-01733879,"Hocwar-Dreadmist",0x40514,0x0,Player-4755-01733879,"Hocwar-Dreadmist",0x40514,0x0,20007,"Holy Strength",0x2,BUFF
4/28 18:51:10.676  SPELL_HEAL,Player-4755-01733879,"Hocwar-Dreadmist",0x40514,0x0,Player-4755-01733879,"Hocwar-Dreadmist",0x40514,0x0,20007,"Holy Strength",0x2,Player-4755-01733879,0000000000000000,94,100,0,0,0,-1,0,0,0,4.65,-191.38,0,4.9187,71,93,93,0,0,nil
4/28 18:51:10.676  SWING_DAMAGE,Player-4755-01733879,"Hocwar-Dreadmist",0x40514,0x0,Creature-0-4457-249-1045-10184-000028665C,"Onyxia",0x10a48,0x0,Player-4755-01733879,0000000000000000,94,100,0,0,0,-1,0,0,0,4.65,-191.38,0,4.9187,71,120,186,-1,1,0,0,0,nil,1,nil
4/28 18:51:10.794  SPELL_CAST_SUCCESS,Player-4755-02045EF4,"Necrosini-Dreadmist",0x512,0x0,Player-4755-01A6B139,"Sakatan-Dreadmist",0x514,0x0,10929,"Renew",0x2,Player-4755-02045EF4,0000000000000000,65,100,0,0,0,-1,0,0,0,0.53,-173.47,0,4.6704,69
4/28 18:51:10.907  SPELL_CAST_START,Player-4755-0210153A,"Hapuseneb-Dreadmist",0x514,0x0,0000000000000000,nil,0x80000000,0x80000000,6064,"Heal",0x2
4/28 18:51:10.907  SPELL_AURA_REMOVED,Player-4755-01802FE5,"Angrybat-Dreadmist",0x514,0x0,Player-4755-01802FE5,"Angrybat-Dreadmist",0x514,0x0,1953,"Blink",0x40,BUFF
4/28 18:51:10.958  SPELL_CAST_SUCCESS,Player-4755-01733879,"Hocwar-Dreadmist",0x40514,0x0,Creature-0-4457-249-1045-10184-000028665C,"Onyxia",0x10a48,0x0,11567,"Heroic Strike",0x1,Player-4755-01733879,0000000000000000,94,100,0,0,0,-1,0,0,0,4.65,-191.38,0,4.9187,71
4/28 18:51:10.960  SPELL_AURA_REMOVED,Player-4755-01733879,"Hocwar-Dreadmist",0x40514,0x0,Player-4755-01733879,"Hocwar-Dreadmist",0x40514,0x0,12970,"Flurry",0x1,BUFF
4/28 18:51:10.996  SPELL_AURA_REMOVED_DOSE,Player-4755-0160BD13,"Mafkees-Dreadmist",0x514,0x0,Player-4755-0160BD13,"Mafkees-Dreadmist",0x514,0x0,23888,"Bloodthirst",0x1,BUFF,1
4/28 18:51:10.996  SPELL_HEAL,Player-4755-0160BD13,"Mafkees-Dreadmist",0x514,0x0,Player-4755-0160BD13,"Mafkees-Dreadmist",0x514,0x0,23891,"Bloodthirst",0x1,Player-4755-0160BD13,0000000000000000,95,100,0,0,0,-1,0,0,0,1.83,-208.70,0,0.8859,64,20,20,0,0,nil
4/28 18:51:10.996  SWING_DAMAGE_LANDED,Player-4755-01637B0A,"Pindle-Dreadmist",0x514,0x0,Creature-0-4457-249-1045-10184-000028665C,"Onyxia",0x10a48,0x0,Creature-0-4457-249-1045-10184-000028665C,0000000000000000,37,100,0,0,0,-1,0,0,0,5.60,-198.33,0,5.6989,63,81,108,-1,1,0,0,0,nil,1,nil
4/28 18:51:10.996  SWING_DAMAGE_LANDED,Player-4755-01F21AE6,"Blahu-Dreadmist",0x40514,0x0,Creature-0-4457-249-1045-10184-000028665C,"Onyxia",0x10a48,0x0,Creature-0-4457-249-1045-10184-000028665C,0000000000000000,37,100,0,0,0,-1,0,0,0,5.60,-198.33,0,5.6989,63,203,128,-1,1,0,0,0,1,nil,nil
4/28 18:51:10.996  SWING_DAMAGE_LANDED,Player-4755-01637B0A,"Pindle-Dreadmist",0x514,0x0,Creature-0-4457-249-1045-10184-000028665C,"Onyxia",0x10a48,0x0,Creature-0-4457-249-1045-10184-000028665C,0000000000000000,37,100,0,0,0,-1,0,0,0,5.60,-198.33,0,5.6989,63,317,197,-1,1,0,0,0,1,nil,nil
4/28 18:51:10.996  SWING_DAMAGE_LANDED,Player-4755-01733879,"Hocwar-Dreadmist",0x40514,0x0,Creature-0-4457-249-1045-10184-000028665C,"Onyxia",0x10a48,0x0,Creature-0-4457-249-1045-10184-000028665C,0000000000000000,37,100,0,0,0,-1,0,0,0,5.60,-198.33,0,5.6989,63,120,186,-1,1,0,0,0,nil,1,nil
4/28 18:51:10.996  SPELL_AURA_APPLIED,Player-4755-02045EF4,"Necrosini-Dreadmist",0x512,0x0,Player-4755-01A6B139,"Sakatan-Dreadmist",0x514,0x0,10929,"Renew",0x2,BUFF
4/28 18:51:10.996  SPELL_DAMAGE,Player-4755-01733879,"Hocwar-Dreadmist",0x40514,0x0,Creature-0-4457-249-1045-10184-000028665C,"Onyxia",0x10a48,0x0,11567,"Heroic Strike",0x1,Creature-0-4457-249-1045-10184-000028665C,0000000000000000,37,100,0,0,0,-1,0,0,0,5.60,-198.33,0,5.6989,63,381,483,-1,1,0,0,0,nil,nil,nil
4/28 18:51:10.996  SPELL_AURA_APPLIED,Player-4755-0178F576,"Atreas-Dreadmist",0x514,0x0,Pet-0-4457-249-1045-2850-01001956F9,"Kratos",0x1114,0x0,20906,"Trueshot Aura",0x40,BUFF
4/28 18:51:10.996  SPELL_AURA_APPLIED,Player-4755-0178F576,"Atreas-Dreadmist",0x514,0x0,Player-4755-016296D3,"Nivl-Dreadmist",0x514,0x0,20906,"Trueshot Aura",0x40,BUFF
4/28 18:51:10.996  SPELL_AURA_APPLIED,Player-4755-0178F576,"Atreas-Dreadmist",0x514,0x0,Player-4755-01AC9FD9,"Alexinho-Dreadmist",0x514,0x0,20906,"Trueshot Aura",0x40,BUFF
4/28 18:51:11.094  SPELL_CAST_SUCCESS,Player-4755-01F21AE6,"Blahu-Dreadmist",0x40514,0x0,Creature-0-4457-249-1045-10184-000028665C,"Onyxia",0x10a48,0x0,11597,"Sunder Armor",0x1,Player-4755-01F21AE6,0000000000000000,75,100,0,0,0,-1,0,0,0,16.67,-195.73,0,3.6459,70
4/28 18:51:11.155  SPELL_PERIODIC_ENERGIZE,Player-4755-0160BD13,"Mafkees-Dreadmist",0x514,0x0,Player-4755-0160BD13,"Mafkees-Dreadmist",0x514,0x0,29131,"Bloodrage",0x1,Player-4755-0160BD13,0000000000000000,95,100,0,0,0,-1,0,0,0,1.18,-207.81,0,0.8859,64,1.0000,0.0000,1,1000
4/28 18:51:11.171  SPELL_PERIODIC_DAMAGE,Player-4755-0160BD13,"Mafkees-Dreadmist",0x514,0x0,Creature-0-4457-249-1045-10184-000028665C,"Onyxia",0x10a48,0x0,12721,"Deep Wound",0x1,Creature-0-4457-249-1045-10184-000028665C,0000000000000000,37,100,0,0,0,-1,0,0,0,5.60,-198.33,0,5.6989,63,70,69,-1,1,0,0,0,nil,nil,nil
4/28 18:51:11.215  SPELL_PERIODIC_ENERGIZE,Creature-0-4457-249-1045-7416-0000286CFC,"Mana Spring Totem IV",0x2114,0x0,Player-4755-016296D3,"Nivl-Dreadmist",0x514,0x0,10494,"Mana Spring",0x8,Player-4755-016296D3,0000000000000000,100,100,0,0,0,-1,0,0,0,-1.96,-172.41,0,0.1198,69,10.0000,0.0000,0,5845
4/28 18:51:11.326  SPELL_CAST_START,Player-4755-01804B95,"Moymoy-Dreadmist",0x514,0x0,0000000000000000,nil,0x80000000,0x80000000,10468,"Lesser Healing Wave",0x8
4/28 18:51:11.326  SWING_DAMAGE,Player-4755-01F21AE6,"Blahu-Dreadmist",0x40514,0x0,Creature-0-4457-249-1045-10184-000028665C,"Onyxia",0x10a48,0x0,Player-4755-01F21AE6,0000000000000000,75,100,0,0,0,-1,0,0,0,15.41,-196.30,0,3.5603,70,177,358,-1,1,0,0,0,nil,1,nil
4/28 18:51:11.348  SWING_DAMAGE,Pet-0-4457-249-1045-9622-02002CD5BC,"Bokito",0x1114,0x0,Creature-0-4457-249-1045-10184-000028665C,"Onyxia",0x10a48,0x0,Pet-0-4457-249-1045-9622-02002CD5BC,Player-4755-020BD78D,50,100,0,0,0,-1,0,0,0,21.40,-201.12,0,5.0230,70,109,138,-1,1,0,0,0,nil,nil,nil
4/28 18:51:11.398  SPELL_AURA_APPLIED,Player-4755-01F21AE6,"Blahu-Dreadmist",0x40514,0x0,Player-4755-01F21AE6,"Blahu-Dreadmist",0x40514,0x0,12970,"Flurry",0x1,BUFF
4/28 18:51:11.398  SWING_DAMAGE_LANDED,Player-4755-01F21AE6,"Blahu-Dreadmist",0x40514,0x0,Creature-0-4457-249-1045-10184-000028665C,"Onyxia",0x10a48,0x0,Creature-0-4457-249-1045-10184-000028665C,0000000000000000,37,100,0,0,0,-1,0,0,0,5.60,-198.33,0,5.6989,63,177,358,-1,1,0,0,0,nil,1,nil
4/28 18:51:11.398  SWING_DAMAGE_LANDED,Pet-0-4457-249-1045-9622-02002CD5BC,"Bokito",0x1114,0x0,Creature-0-4457-249-1045-10184-000028665C,"Onyxia",0x10a48,0x0,Creature-0-4457-249-1045-10184-000028665C,0000000000000000,37,100,0,0,0,-1,0,0,0,5.60,-198.33,0,5.6989,63,109,138,-1,1,0,0,0,nil,nil,nil
4/28 18:51:11.398  SPELL_CAST_START,Player-4755-016296D3,"Nivl-Dreadmist",0x514,0x0,0000000000000000,nil,0x80000000,0x80000000,10623,"Chain Heal",0x8
4/28 18:51:11.445  SPELL_AURA_REMOVED,Player-4755-01617EEE,"Fenix-Dreadmist",0x512,0x0,Player-4755-01A6B139,"Sakatan-Dreadmist",0x514,0x0,15359,"Inspiration",0x2,BUFF
4/28 18:51:11.463  SWING_DAMAGE,Player-4755-01AC9FD9,"Alexinho-Dreadmist",0x514,0x0,Creature-0-4457-249-1045-10184-000028665C,"Onyxia",0x10a48,0x0,Player-4755-01AC9FD9,0000000000000000,100,100,0,0,0,-1,0,0,0,2.38,-190.14,0,5.6183,66,119,152,-1,1,0,0,0,nil,nil,nil
4/28 18:51:11.482  SPELL_CAST_SUCCESS,Player-4755-01BC57A3,"Saintis-Dreadmist",0x511,0x0,Player-4755-0220BD00,"Krikoff-Dreadmist",0x40514,0x0,10917,"Flash Heal",0x2,Player-4755-01BC57A3,0000000000000000,100,100,0,0,0,-1,0,0,0,14.87,-220.98,0,1.6742,68
4/28 18:51:11.500  SPELL_AURA_APPLIED,Player-4755-01AC9FD9,"Alexinho-Dreadmist",0x514,0x0,Player-4755-01AC9FD9,"Alexinho-Dreadmist",0x514,0x0,13750,"Adrenaline Rush",0x1,BUFF
4/28 18:51:11.500  SPELL_CAST_SUCCESS,Player-4755-01AC9FD9,"Alexinho-Dreadmist",0x514,0x0,0000000000000000,nil,0x80000000,0x80000000,13750,"Adrenaline Rush",0x1,Player-4755-01AC9FD9,0000000000000000,100,100,0,0,0,-1,0,0,0,2.66,-190.36,0,5.6876,66
4/28 18:51:11.666  SPELL_AURA_APPLIED,Player-4755-01BC57A3,"Saintis-Dreadmist",0x511,0x0,Player-4755-01BC57A3,"Saintis-Dreadmist",0x511,0x0,10901,"Power Word: Shield",0x2,BUFF
4/28 18:51:11.666  SPELL_CAST_SUCCESS,Player-4755-01BC57A3,"Saintis-Dreadmist",0x511,0x0,Player-4755-01BC57A3,"Saintis-Dreadmist",0x511,0x0,10901,"Power Word: Shield",0x2,Player-4755-01BC57A3,0000000000000000,100,100,0,0,0,-1,0,0,0,14.87,-220.98,0,1.6854,68
4/28 18:51:11.767  SPELL_CAST_SUCCESS,Player-4755-0160BD13,"Mafkees-Dreadmist",0x514,0x0,Creature-0-4457-249-1045-10184-000028665C,"Onyxia",0x10a48,0x0,7373,"Hamstring",0x1,Player-4755-0160BD13,0000000000000000,95,100,0,0,0,-1,0,0,0,1.34,-206.09,0,0.7445,64
4/28 18:51:11.801  SPELL_ENERGIZE,Player-4755-01F21AE6,"Blahu-Dreadmist",0x40514,0x0,Player-4755-01F21AE6,"Blahu-Dreadmist",0x40514,0x0,12964,"Unbridled Wrath",0x1,Player-4755-01F21AE6,0000000000000000,75,100,0,0,0,-1,0,0,0,15.08,-196.41,0,3.5124,70,1.0000,0.0000,1,1000
4/28 18:51:11.801  SPELL_ENERGIZE,Player-4755-01733879,"Hocwar-Dreadmist",0x40514,0x0,Player-4755-01733879,"Hocwar-Dreadmist",0x40514,0x0,12964,"Unbridled Wrath",0x1,Player-4755-01733879,0000000000000000,94,100,0,0,0,-1,0,0,0,7.15,-191.16,0,4.7195,71,1.0000,0.0000,1,1000
4/28 18:51:11.801  SPELL_AURA_REMOVED_DOSE,Player-4755-01F21AE6,"Blahu-Dreadmist",0x40514,0x0,Player-4755-01F21AE6,"Blahu-Dreadmist",0x40514,0x0,12970,"Flurry",0x1,BUFF,2
4/28 18:51:11.801  SWING_DAMAGE_LANDED,Player-4755-01AC9FD9,"Alexinho-Dreadmist",0x514,0x0,Creature-0-4457-249-1045-10184-000028665C,"Onyxia",0x10a48,0x0,Creature-0-4457-249-1045-10184-000028665C,0000000000000000,37,100,0,0,0,-1,0,0,0,5.60,-198.33,0,5.6989,63,119,152,-1,1,0,0,0,nil,nil,nil
4/28 18:51:11.801  SPELL_DAMAGE,Player-4755-01AC9FD9,"Alexinho-Dreadmist",0x514,0x0,Creature-0-4457-249-1045-10184-000028665C,"Onyxia",0x10a48,0x0,11337,"Instant Poison VI",0x8,Creature-0-4457-249-1045-10184-000028665C,0000000000000000,37,100,0,0,0,-1,0,0,0,5.60,-198.33,0,5.6989,63,143,142,-1,8,0,0,0,nil,nil,nil
4/28 18:51:11.801  SPELL_HEAL,Player-4755-01BC57A3,"Saintis-Dreadmist",0x511,0x0,Player-4755-0220BD00,"Krikoff-Dreadmist",0x40514,0x0,10917,"Flash Heal",0x2,Player-4755-0220BD00,0000000000000000,69,100,0,0,0,-1,0,0,0,7.72,-204.86,0,1.9282,68,1145,1145,0,0,nil
4/28 18:51:11.801  SPELL_AURA_APPLIED,Player-4755-01BC57A3,"Saintis-Dreadmist",0x511,0x0,Player-4755-01BC57A3,"Saintis-Dreadmist",0x511,0x0,6788,"Weakened Soul",0x2,DEBUFF
4/28 18:51:11.804  SPELL_DAMAGE,Player-4755-0160BD13,"Mafkees-Dreadmist",0x514,0x0,Creature-0-4457-249-1045-10184-000028665C,"Onyxia",0x10a48,0x0,7373,"Hamstring",0x1,Creature-0-4457-249-1045-10184-000028665C,0000000000000000,37,100,0,0,0,-1,0,0,0,5.60,-198.33,0,5.6989,63,36,45,-1,1,0,0,0,nil,nil,nil
4/28 18:51:11.804  SPELL_CAST_SUCCESS,Player-4755-01ED7A64,"Sperzieboon-Dreadmist",0x514,0x0,Player-4755-01B60A5F,"Zurok-Dreadmist",0x514,0x0,9474,"Flash Heal",0x2,Player-4755-01ED7A64,0000000000000000,100,100,0,0,0,-1,0,0,0,25.55,-225.25,0,2.0676,67
4/28 18:51:11.804  SPELL_CAST_START,Player-4755-01ED7A64,"Sperzieboon-Dreadmist",0x514,0x0,0000000000000000,nil,0x80000000,0x80000000,9474,"Flash Heal",0x2
4/28 18:51:11.843  SPELL_CAST_START,Player-4755-01FA8DD8,"Roackerita-Dreadmist",0x514,0x0,0000000000000000,nil,0x80000000,0x80000000,9474,"Flash Heal",0x2
4/28 18:51:11.896  SPELL_CAST_SUCCESS,Player-4755-01840577,"Raggèn-Dreadmist",0x514,0x0,0000000000000000,nil,0x80000000,0x80000000,10614,"Windfury Totem",0x8,Player-4755-01840577,0000000000000000,100,100,0,0,0,-1,0,0,0,13.17,-210.15,0,2.3735,67
4/28 18:51:11.896  SPELL_SUMMON,Player-4755-01840577,"Raggèn-Dreadmist",0x514,0x0,Creature-0-4457-249-1045-7484-0000286D10,"Windfury Totem III",0xa28,0x0,10614,"Windfury Totem",0x8
4/28 18:51:11.912  SWING_MISSED,Player-4755-0220BD00,"Krikoff-Dreadmist",0x40514,0x0,Creature-0-4457-249-1045-10184-000028665C,"Onyxia",0x10a48,0x0,MISS,nil
4/28 18:51:12.010  SWING_DAMAGE,Player-4755-01637B0A,"Pindle-Dreadmist",0x514,0x0,Creature-0-4457-249-1045-10184-000028665C,"Onyxia",0x10a48,0x0,Player-4755-01637B0A,0000000000000000,68,100,0,0,0,-1,0,0,0,9.50,-191.57,0,4.2504,65,153,95,-1,1,0,0,0,1,nil,nil
4/28 18:51:12.127  SPELL_PERIODIC_ENERGIZE,Player-4755-0160BD13,"Mafkees-Dreadmist",0x514,0x0,Player-4755-0160BD13,"Mafkees-Dreadmist",0x514,0x0,29131,"Bloodrage",0x1,Player-4755-0160BD13,0000000000000000,95,100,0,0,0,-1,0,0,0,0.13,-204.86,0,0.7681,64,1.0000,0.0000,1,1000
4/28 18:51:12.127  SPELL_AURA_REMOVED,Player-4755-0160BD13,"Mafkees-Dreadmist",0x514,0x0,Player-4755-0160BD13,"Mafkees-Dreadmist",0x514,0x0,29131,"Bloodrage",0x1,BUFF
4/28 18:51:12.162  SWING_DAMAGE,Player-4755-01AC9FD9,"Alexinho-Dreadmist",0x514,0x0,Creature-0-4457-249-1045-10184-000028665C,"Onyxia",0x10a48,0x0,Player-4755-01AC9FD9,0000000000000000,100,100,0,0,0,-1,0,0,0,7.37,-191.79,0,5.8560,66,544,338,-1,1,0,0,0,1,nil,nil
4/28 18:51:12.197  SPELL_HEAL,Player-4755-0160BD13,"Mafkees-Dreadmist",0x514,0x0,Player-4755-0160BD13,"Mafkees-Dreadmist",0x514,0x0,23891,"Bloodthirst",0x1,Player-4755-0160BD13,0000000000000000,95,100,0,0,0,-1,0,0,0,-0.22,-204.49,0,0.7681,64,20,20,0,0,nil
4/28 18:51:12.197  SPELL_AURA_REMOVED,Player-4755-0160BD13,"Mafkees-Dreadmist",0x514,0x0,Player-4755-0160BD13,"Mafkees-Dreadmist",0x514,0x0,23888,"Bloodthirst",0x1,BUFF
4/28 18:51:12.197  SPELL_HEAL,Player-4755-01ED7A64,"Sperzieboon-Dreadmist",0x514,0x0,Player-4755-01B60A5F,"Zurok-Dreadmist",0x514,0x0,9474,"Flash Heal",0x2,Player-4755-01B60A5F,0000000000000000,57,100,0,0,0,-1,0,0,0,12.86,-223.03,0,2.1737,62,772,772,0,0,nil
4/28 18:51:12.197  SWING_DAMAGE_LANDED,Player-4755-01637B0A,"Pindle-Dreadmist",0x514,0x0,Creature-0-4457-249-1045-10184-000028665C,"Onyxia",0x10a48,0x0,Creature-0-4457-249-1045-10184-000028665C,0000000000000000,37,100,0,0,0,-1,0,0,0,5.60,-198.33,0,5.6989,63,153,95,-1,1,0,0,0,1,nil,nil
4/28 18:51:12.197  SWING_DAMAGE_LANDED,Player-4755-01AC9FD9,"Alexinho-Dreadmist",0x514,0x0,Creature-0-4457-249-1045-10184-000028665C,"Onyxia",0x10a48,0x0,Creature-0-4457-249-1045-10184-000028665C,0000000000000000,37,100,0,0,0,-1,0,0,0,5.60,-198.33,0,5.6989,63,544,338,-1,1,0,0,0,1,nil,nil
4/28 18:51:12.197  SWING_DAMAGE,Player-4755-01733879,"Hocwar-Dreadmist",0x40514,0x0,Creature-0-4457-249-1045-10184-000028665C,"Onyxia",0x10a48,0x0,Player-4755-01733879,0000000000000000,94,100,0,0,0,-1,0,0,0,9.18,-191.94,0,4.2903,71,128,185,-1,1,0,0,0,nil,1,nil
4/28 18:51:12.197  SWING_MISSED,Player-4755-01F21AE6,"Blahu-Dreadmist",0x40514,0x0,Creature-0-4457-249-1045-10184-000028665C,"Onyxia",0x10a48,0x0,MISS,1
4/28 18:51:12.268  SPELL_AURA_APPLIED,Player-4755-01637B0A,"Pindle-Dreadmist",0x514,0x0,Player-4755-01637B0A,"Pindle-Dreadmist",0x514,0x0,6774,"Slice and Dice",0x1,BUFF
4/28 18:51:12.268  SPELL_CAST_SUCCESS,Player-4755-01637B0A,"Pindle-Dreadmist",0x514,0x0,Creature-0-4457-249-1045-10184-000028665C,"Onyxia",0x10a48,0x0,6774,"Slice and Dice",0x1,Player-4755-01637B0A,0000000000000000,68,100,0,0,0,-1,0,0,0,9.50,-191.57,0,4.1247,65
4/28 18:51:12.301  SPELL_CAST_SUCCESS,Player-4755-02045EF4,"Necrosini-Dreadmist",0x512,0x0,Player-4755-0220BD00,"Krikoff-Dreadmist",0x40514,0x0,10929,"Renew",0x2,Player-4755-02045EF4,0000000000000000,65,100,0,0,0,-1,0,0,0,0.53,-173.47,0,4.6704,69
4/28 18:51:12.332  SWING_DAMAGE,Player-4755-0160BD13,"Mafkees-Dreadmist",0x514,0x0,Creature-0-4457-249-1045-10184-000028665C,"Onyxia",0x10a48,0x0,Player-4755-0160BD13,0000000000000000,95,100,0,0,0,-1,0,0,0,-0.95,-203.74,0,0.7681,64,308,461,-1,1,0,0,0,nil,1,nil
4/28 18:51:12.430  SWING_DAMAGE,Player-4755-01637B0A,"Pindle-Dreadmist",0x514,0x0,Creature-0-4457-249-1045-10184-000028665C,"Onyxia",0x10a48,0x0,Player-4755-01637B0A,0000000000000000,68,100,0,0,0,-1,0,0,0,9.50,-191.57,0,4.1247,65,141,190,-1,1,0,0,0,nil,1,nil
4/28 18:51:12.480  SPELL_AURA_REMOVED,Player-4755-01FA8DD8,"Roackerita-Dreadmist",0x514,0x0,Player-4755-01FA8DD8,"Roackerita-Dreadmist",0x514,0x0,7744,"Will of the Forsaken",0x1,BUFF
4/28 18:51:12.512  SPELL_CAST_SUCCESS,Player-4755-01AC9FD9,"Alexinho-Dreadmist",0x514,0x0,Creature-0-4457-249-1045-10184-000028665C,"Onyxia",0x10a48,0x0,11294,"Sinister Strike",0x1,Player-4755-01AC9FD9,0000000000000000,100,100,0,0,0,-1,0,0,0,8.24,-193.26,0,4.5432,66
4/28 18:51:12.512  SPELL_AURA_APPLIED,Player-4755-01AC9FD9,"Alexinho-Dreadmist",0x514,0x0,Player-4755-01AC9FD9,"Alexinho-Dreadmist",0x514,0x0,20007,"Holy Strength",0x2,BUFF
4/28 18:51:12.512  SPELL_HEAL,Player-4755-01AC9FD9,"Alexinho-Dreadmist",0x514,0x0,Player-4755-01AC9FD9,"Alexinho-Dreadmist",0x514,0x0,20007,"Holy Strength",0x2,Player-4755-01AC9FD9,0000000000000000,100,100,0,0,0,-1,0,0,0,8.24,-193.26,0,4.5432,66,101,101,101,0,nil
4/28 18:51:12.512  SPELL_AURA_APPLIED,Player-4755-01AC9FD9,"Alexinho-Dreadmist",0x514,0x0,Player-4755-01AC9FD9,"Alexinho-Dreadmist",0x514,0x0,10610,"Windfury Totem",0x8,BUFF
4/28 18:51:12.512  SPELL_EXTRA_ATTACKS,Player-4755-01AC9FD9,"Alexinho-Dreadmist",0x514,0x0,Player-4755-01AC9FD9,"Alexinho-Dreadmist",0x514,0x0,10610,"Windfury Totem",0x8,1
4/28 18:51:12.512  SWING_DAMAGE,Player-4755-01AC9FD9,"Alexinho-Dreadmist",0x514,0x0,Creature-0-4457-249-1045-10184-000028665C,"Onyxia",0x10a48,0x0,Player-4755-01AC9FD9,0000000000000000,100,100,0,0,0,-1,0,0,0,8.24,-193.26,0,4.5432,66,278,420,-1,1,0,0,0,nil,1,nil
4/28 18:51:12.580  SPELL_CAST_SUCCESS,Creature-0-4457-249-1045-10184-000028665C,"Onyxia",0x10a48,0x0,0000000000000000,nil,0x80000000,0x80000000,18435,"Flame Breath",0x4,Creature-0-4457-249-1045-10184-000028665C,0000000000000000,37,100,0,0,0,-1,0,0,0,5.60,-198.33,0,5.6989,63
4/28 18:51:12.580  SPELL_MISSED,Creature-0-4457-249-1045-10184-000028665C,"Onyxia",0x10a48,0x0,Player-4755-01802FE5,"Angrybat-Dreadmist",0x514,0x0,18435,"Flame Breath",0x4,RESIST,nil,0
4/28 18:51:12.580  SPELL_MISSED,Creature-0-4457-249-1045-10184-000028665C,"Onyxia",0x10a48,0x0,Player-4755-0210153A,"Hapuseneb-Dreadmist",0x514,0x0,18435,"Flame Breath",0x4,RESIST,nil,0
4/28 18:51:12.614  SPELL_AURA_REMOVED_DOSE,Player-4755-01AC9FD9,"Alexinho-Dreadmist",0x514,0x0,Player-4755-01AC9FD9,"Alexinho-Dreadmist",0x514,0x0,10610,"Windfury Totem",0x8,BUFF,1
4/28 18:51:12.614  SWING_DAMAGE_LANDED,Player-4755-01733879,"Hocwar-Dreadmist",0x40514,0x0,Creature-0-4457-249-1045-10184-000028665C,"Onyxia",0x10a48,0x0,Creature-0-4457-249-1045-10184-000028665C,0000000000000000,37,100,0,0,0,-1,0,0,0,5.60,-198.33,0,5.6989,63,128,185,-1,1,0,0,0,nil,1,nil
4/28 18:51:12.614  SPELL_ENERGIZE,Player-4755-01637B0A,"Pindle-Dreadmist",0x514,0x0,Player-4755-01637B0A,"Pindle-Dreadmist",0x514,0x0,14181,"Relentless Strikes Effect",0x1,Player-4755-01637B0A,0000000000000000,68,100,0,0,0,-1,0,0,0,9.50,-191.57,0,4.1247,65,25.0000,0.0000,3,100
4/28 18:51:12.614  SPELL_AURA_APPLIED,Player-4755-02045EF4,"Necrosini-Dreadmist",0x512,0x0,Player-4755-0220BD00,"Krikoff-Dreadmist",0x40514,0x0,10929,"Renew",0x2,BUFF
4/28 18:51:12.614  SWING_DAMAGE_LANDED,Player-4755-0160BD13,"Mafkees-Dreadmist",0x514,0x0,Creature-0-4457-249-1045-10184-000028665C,"Onyxia",0x10a48,0x0,Creature-0-4457-249-1045-10184-000028665C,0000000000000000,37,100,0,0,0,-1,0,0,0,5.60,-198.33,0,5.6989,63,308,461,-1,1,0,0,0,nil,1,nil
4/28 18:51:12.614  SWING_DAMAGE_LANDED,Player-4755-01637B0A,"Pindle-Dreadmist",0x514,0x0,Creature-0-4457-249-1045-10184-000028665C,"Onyxia",0x10a48,0x0,Creature-0-4457-249-1045-10184-000028665C,0000000000000000,37,100,0,0,0,-1,0,0,0,5.60,-198.33,0,5.6989,63,141,190,-1,1,0,0,0,nil,1,nil
4/28 18:51:12.614  SPELL_DAMAGE,Player-4755-01AC9FD9,"Alexinho-Dreadmist",0x514,0x0,Creature-0-4457-249-1045-10184-000028665C,"Onyxia",0x10a48,0x0,11294,"Sinister Strike",0x1,Creature-0-4457-249-1045-10184-000028665C,0000000000000000,37,100,0,0,0,-1,0,0,0,5.60,-198.33,0,5.6989,63,295,374,-1,1,0,0,0,nil,nil,nil
4/28 18:51:12.614  SWING_DAMAGE_LANDED,Player-4755-01AC9FD9,"Alexinho-Dreadmist",0x514,0x0,Creature-0-4457-249-1045-10184-000028665C,"Onyxia",0x10a48,0x0,Creature-0-4457-249-1045-10184-000028665C,0000000000000000,37,100,0,0,0,-1,0,0,0,5.60,-198.33,0,5.6989,63,278,420,-1,1,0,0,0,nil,1,nil
4/28 18:51:12.614  SPELL_AURA_REMOVED,Player-4755-020BD78D,"Lonehunter-Dreadmist",0x514,0x0,Pet-0-4457-249-1045-9622-02002CD5BC,"Bokito",0x1114,0x0,20906,"Trueshot Aura",0x40,BUFF
4/28 18:51:12.614  SPELL_AURA_REMOVED,Pet-0-4457-249-1045-416-01001C47E2,"Ababis",0x1114,0x0,Pet-0-4457-249-1045-9622-02002CD5BC,"Bokito",0x1114,0x0,11767,"Blood Pact",0x20,BUFF
4/28 18:51:12.614  SPELL_AURA_REMOVED,Player-4755-021D6506,"Bloodlady-Dreadmist",0x514,0x0,Pet-0-4457-249-1045-9622-02002CD5BC,"Bokito",0x1114,0x0,23028,"Arcane Brilliance",0x40,BUFF
4/28 18:51:12.614  SPELL_AURA_REMOVED,Player-4755-01617EEE,"Fenix-Dreadmist",0x512,0x0,Pet-0-4457-249-1045-9622-02002CD5BC,"Bokito",0x1114,0x0,21564,"Prayer of Fortitude",0x2,BUFF
4/28 18:51:12.614  SPELL_DAMAGE,Creature-0-4457-249-1045-10184-000028665C,"Onyxia",0x10a48,0x0,Pet-0-4457-249-1045-9622-02002CD5BC,"Bokito",0x1114,0x0,18435,"Flame Breath",0x4,Pet-0-4457-249-1045-9622-02002CD5BC,Player-4755-020BD78D,0,100,0,0,0,-1,0,0,0,21.40,-201.12,0,2.9638,70,3433,3433,700,4,0,0,0,nil,nil,nil
4/28 18:51:12.614  SPELL_AURA_REMOVED,Player-4755-01B60A5F,"Zurok-Dreadmist",0x514,0x0,Pet-0-4457-249-1045-7456-03003178E8,"Owl",0x1114,0x0,20906,"Trueshot Aura",0x40,BUFF
4/28 18:51:12.614  SPELL_AURA_REMOVED,Player-4755-01ED7A64,"Sperzieboon-Dreadmist",0x514,0x0,Pet-0-4457-249-1045-7456-03003178E8,"Owl",0x1114,0x0,21564,"Prayer of Fortitude",0x2,BUFF
4/28 18:51:12.614  SPELL_AURA_REMOVED,Player-4755-01BC57A3,"Saintis-Dreadmist",0x511,0x0,Pet-0-4457-249-1045-7456-03003178E8,"Owl",0x1114,0x0,27681,"Prayer of Spirit",0x2,BUFF
4/28 18:51:12.617  SPELL_AURA_REMOVED,Player-4755-015FEBD5,"Sauvage-Dreadmist",0x514,0x0,Pet-0-4457-249-1045-7456-03003178E8,"Owl",0x1114,0x0,23028,"Arcane Brilliance",0x40,BUFF
4/28 18:51:12.617  SPELL_AURA_REMOVED,Player-4755-01733879,"Hocwar-Dreadmist",0x40514,0x0,Pet-0-4457-249-1045-7456-03003178E8,"Owl",0x1114,0x0,11551,"Battle Shout",0x1,BUFF
4/28 18:51:12.617  SPELL_DAMAGE,Creature-0-4457-249-1045-10184-000028665C,"Onyxia",0x10a48,0x0,Pet-0-4457-249-1045-7456-03003178E8,"Owl",0x1114,0x0,18435,"Flame Breath",0x4,Pet-0-4457-249-1045-7456-03003178E8,Player-4755-01B60A5F,0,100,0,0,0,-1,0,0,0,10.51,-225.56,0,3.5116,62,3077,3077,1049,4,0,0,0,nil,nil,nil
4/28 18:51:12.617  SPELL_DAMAGE,Creature-0-4457-249-1045-10184-000028665C,"Onyxia",0x10a48,0x0,Player-4755-0220BD00,"Krikoff-Dreadmist",0x40514,0x0,18435,"Flame Breath",0x4,Player-4755-0220BD00,0000000000000000,20,100,0,0,0,-1,0,0,0,12.15,-202.11,0,2.6459,68,3128,3475,-1,4,0,0,0,nil,nil,nil
4/28 18:51:12.617  SPELL_AURA_REMOVED,Player-4755-01BC57A3,"Saintis-Dreadmist",0x511,0x0,Player-4755-01FA8D0D,"Roackeru-Dreadmist",0x514,0x0,27681,"Prayer of Spirit",0x2,BUFF
4/28 18:51:12.617  SPELL_AURA_REMOVED,Player-4755-01FA8D0D,"Roackeru-Dreadmist",0x514,0x0,Player-4755-01FA8D0D,"Roackeru-Dreadmist",0x514,0x0,11735,"Demon Armor",0x20,BUFF
4/28 18:51:12.617  SPELL_AURA_REMOVED,Player-4755-0163DD9D,"Kaspais-Dreadmist",0x514,0x0,Player-4755-01FA8D0D,"Roackeru-Dreadmist",0x514,0x0,23028,"Arcane Brilliance",0x40,BUFF
4/28 18:51:12.617  SPELL_AURA_REMOVED,Player-4755-01FA8DD8,"Roackerita-Dreadmist",0x514,0x0,Player-4755-01FA8D0D,"Roackeru-Dreadmist",0x514,0x0,21564,"Prayer of Fortitude",0x2,BUFF
4/28 18:51:12.617  SPELL_AURA_REMOVED,Player-4755-01FA8D0D,"Roackeru-Dreadmist",0x514,0x0,Player-4755-01FA8D0D,"Roackeru-Dreadmist",0x514,0x0,18791,"Touch of Shadow",0x20,BUFF
4/28 18:51:12.617  SPELL_AURA_REMOVED,Player-4755-0210153A,"Hapuseneb-Dreadmist",0x514,0x0,Player-4755-01FA8D0D,"Roackeru-Dreadmist",0x514,0x0,10958,"Shadow Protection",0x20,BUFF
4/28 18:51:12.617  SPELL_DAMAGE,Creature-0-4457-249-1045-10184-000028665C,"Onyxia",0x10a48,0x0,Player-4755-01FA8D0D,"Roackeru-Dreadmist",0x514,0x0,18435,"Flame Breath",0x4,Player-4755-01FA8D0D,0000000000000000,0,100,0,0,0,-1,0,0,0,26.25,-222.32,0,0.6558,65,3860,3860,3472,4,0,0,0,nil,nil,nil
4/28 18:51:12.617  SPELL_DAMAGE,Creature-0-4457-249-1045-10184-000028665C,"Onyxia",0x10a48,0x0,Player-4755-01F21AE6,"Blahu-Dreadmist",0x40514,0x0,18435,"Flame Breath",0x4,Player-4755-01F21AE6,0000000000000000,29,100,0,0,0,-1,0,0,0,15.61,-197.74,0,3.5045,70,3515,3906,-1,4,0,0,0,nil,nil,nil
4/28 18:51:12.617  SPELL_ABSORBED,Creature-0-4457-249-1045-10184-000028665C,"Onyxia",0x10a48,0x0,Player-4755-01ED7A64,"Sperzieboon-Dreadmist",0x514,0x0,18435,"Flame Breath",0x4,Player-4755-01ED7A64,"Sperzieboon-Dreadmist",0x514,0x0,10901,"Power Word: Shield",0x2,1159,3663
4/28 18:51:12.617  SPELL_AURA_REMOVED,Player-4755-01ED7A64,"Sperzieboon-Dreadmist",0x514,0x0,Player-4755-01ED7A64,"Sperzieboon-Dreadmist",0x514,0x0,10901,"Power Word: Shield",0x2,BUFF
4/28 18:51:12.617  SPELL_DAMAGE,Creature-0-4457-249-1045-10184-000028665C,"Onyxia",0x10a48,0x0,Player-4755-01ED7A64,"Sperzieboon-Dreadmist",0x514,0x0,18435,"Flame Breath",0x4,Player-4755-01ED7A64,0000000000000000,36,100,0,0,0,-1,0,0,0,25.55,-225.25,0,2.0676,67,2504,3663,-1,4,0,0,1159,nil,nil,nil
4/28 18:51:12.617  SPELL_ABSORBED,Creature-0-4457-249-1045-10184-000028665C,"Onyxia",0x10a48,0x0,Player-4755-01BC57A3,"Saintis-Dreadmist",0x511,0x0,18435,"Flame Breath",0x4,Player-4755-01BC57A3,"Saintis-Dreadmist",0x511,0x0,10901,"Power Word: Shield",0x2,1165,3174
4/28 18:51:12.640  SPELL_AURA_REMOVED,Player-4755-01BC57A3,"Saintis-Dreadmist",0x511,0x0,Player-4755-01BC57A3,"Saintis-Dreadmist",0x511,0x0,10901,"Power Word: Shield",0x2,BUFF
4/28 18:51:12.640  SPELL_DAMAGE,Creature-0-4457-249-1045-10184-000028665C,"Onyxia",0x10a48,0x0,Player-4755-01BC57A3,"Saintis-Dreadmist",0x511,0x0,18435,"Flame Breath",0x4,Player-4755-01BC57A3,0000000000000000,50,100,0,0,0,-1,0,0,0,7.80,-222.44,0,1.7679,68,2009,3174,-1,4,0,0,1165,nil,nil,nil
4/28 18:51:12.640  SPELL_AURA_REMOVED,Player-4755-01B60A5F,"Zurok-Dreadmist",0x514,0x0,Player-4755-01B60A5F,"Zurok-Dreadmist",0x514,0x0,14322,"Aspect of the Hawk",0x8,BUFF
4/28 18:51:12.640  SPELL_AURA_REMOVED,Player-4755-01B60A5F,"Zurok-Dreadmist",0x514,0x0,Player-4755-01B60A5F,"Zurok-Dreadmist",0x514,0x0,20906,"Trueshot Aura",0x40,BUFF
4/28 18:51:12.640  SPELL_AURA_REMOVED,Player-4755-01B60A5F,"Zurok-Dreadmist",0x514,0x0,Player-4755-01B60A5F,"Zurok-Dreadmist",0x514,0x0,17538,"Elixir of the Mongoose",0x1,BUFF
4/28 18:51:12.640  SPELL_AURA_REMOVED,Player-4755-01ED7A64,"Sperzieboon-Dreadmist",0x514,0x0,Player-4755-01B60A5F,"Zurok-Dreadmist",0x514,0x0,21564,"Prayer of Fortitude",0x2,BUFF
4/28 18:51:12.640  SPELL_AURA_REMOVED,Player-4755-01B60A5F,"Zurok-Dreadmist",0x514,0x0,Player-4755-01B60A5F,"Zurok-Dreadmist",0x514,0x0,18192,"Increased Agility",0x1,BUFF
4/28 18:51:12.640  SPELL_AURA_REMOVED,Player-4755-01BC57A3,"Saintis-Dreadmist",0x511,0x0,Player-4755-01B60A5F,"Zurok-Dreadmist",0x514,0x0,27681,"Prayer of Spirit",0x2,BUFF
4/28 18:51:12.640  SPELL_AURA_REMOVED,Player-4755-015FEBD5,"Sauvage-Dreadmist",0x514,0x0,Player-4755-01B60A5F,"Zurok-Dreadmist",0x514,0x0,23028,"Arcane Brilliance",0x40,BUFF
4/28 18:51:12.640  SPELL_DAMAGE,Creature-0-4457-249-1045-10184-000028665C,"Onyxia",0x10a48,0x0,Player-4755-01B60A5F,"Zurok-Dreadmist",0x514,0x0,18435,"Flame Breath",0x4,Player-4755-01B60A5F,0000000000000000,0,100,0,0,0,-1,0,0,0,10.00,-224.76,0,2.2129,62,3917,3917,1310,4,0,0,0,nil,nil,nil
4/28 18:51:12.640  SPELL_AURA_REMOVED_DOSE,Player-4755-01840577,"Raggèn-Dreadmist",0x514,0x0,Player-4755-01840577,"Raggèn-Dreadmist",0x514,0x0,10432,"Lightning Shield",0x8,BUFF,1
4/28 18:51:12.640  SPELL_DAMAGE,Creature-0-4457-249-1045-10184-000028665C,"Onyxia",0x10a48,0x0,Player-4755-01840577,"Raggèn-Dreadmist",0x514,0x0,18435,"Flame Breath",0x4,Player-4755-01840577,0000000000000000,22,100,0,0,0,-1,0,0,0,8.46,-211.96,0,1.7059,67,3485,3873,-1,4,0,0,0,nil,nil,nil
4/28 18:51:12.640  SPELL_AURA_REFRESH,Player-4755-0178F416,"Eltorero-Dreadmist",0x514,0x0,Player-4755-0178F416,"Eltorero-Dreadmist",0x514,0x0,20007,"Holy Strength",0x2,BUFF
4/28 18:51:12.640  SPELL_HEAL,Player-4755-0178F416,"Eltorero-Dreadmist",0x514,0x0,Player-4755-0178F416,"Eltorero-Dreadmist",0x514,0x0,20007,"Holy Strength",0x2,Player-4755-0178F416,0000000000000000,100,100,0,0,0,-1,0,0,0,-3.64,-211.61,0,0.6831,67,101,101,101,0,nil
4/28 18:51:12.640  SWING_DAMAGE,Player-4755-0178F416,"Eltorero-Dreadmist",0x514,0x0,Creature-0-4457-249-1045-10184-000028665C,"Onyxia",0x10a48,0x0,Player-4755-0178F416,0000000000000000,100,100,0,0,0,-1,0,0,0,-3.64,-211.61,0,0.6831,67,1162,737,-1,1,0,0,0,1,nil,nil
4/28 18:51:12.640  SPELL_AURA_REMOVED,Player-4755-015FEBD5,"Sauvage-Dreadmist",0x514,0x0,Player-4755-015FEBD5,"Sauvage-Dreadmist",0x514,0x0,12051,"Evocation",0x40,BUFF
4/28 18:51:12.700  SWING_DAMAGE,Pet-0-4457-249-1045-7432-01002D8BC6,"Cat",0x1114,0x0,Creature-0-4457-249-1045-10184-000028665C,"Onyxia",0x10a48,0x0,Pet-0-4457-249-1045-7432-01002D8BC6,Player-4755-01E83279,88,100,0,0,0,-1,0,0,0,-19.31,-199.89,0,0.0626,71,64,109,-1,1,0,0,0,nil,1,nil
4/28 18:51:12.760  SWING_DAMAGE,Player-4755-01733879,"Hocwar-Dreadmist",0x40514,0x0,Creature-0-4457-249-1045-10184-000028665C,"Onyxia",0x10a48,0x0,Player-4755-01733879,0000000000000000,94,100,0,0,0,-1,0,0,0,10.03,-192.32,0,4.2903,71,486,308,-1,1,0,0,0,1,nil,nil
4/28 18:51:12.793  SPELL_PERIODIC_ENERGIZE,Player-4755-01802FE5,"Angrybat-Dreadmist",0x514,0x0,Player-4755-01802FE5,"Angrybat-Dreadmist",0x514,0x0,18194,"Mana Regeneration",0x1,Player-4755-01802FE5,0000000000000000,100,100,0,0,0,-1,0,0,0,24.71,-231.62,0,3.9146,66,8.0000,0.0000,0,6033
4/28 18:51:12.793  SPELL_AURA_APPLIED,Player-4755-0220BD00,"Krikoff-Dreadmist",0x40514,0x0,Player-4755-0220BD00,"Krikoff-Dreadmist",0x40514,0x0,12328,"Death Wish",0x1,DEBUFF
4/28 18:51:12.793  SPELL_CAST_SUCCESS,Player-4755-0220BD00,"Krikoff-Dreadmist",0x40514,0x0,0000000000000000,nil,0x80000000,0x80000000,12328,"Death Wish",0x1,Player-4755-0220BD00,0000000000000000,20,100,0,0,0,-1,0,0,0,12.38,-200.72,0,2.9767,68
4/28 18:51:12.793  SWING_DAMAGE,Player-4755-016DF694,"Ashalan-Dreadmist",0x514,0x0,Creature-0-4457-249-1045-10184-000028665C,"Onyxia",0x10a48,0x0,Player-4755-016DF694,0000000000000000,80,100,0,0,0,-1,0,0,0,10.52,-191.74,0,3.7959,67,485,615,-1,1,0,0,0,nil,nil,nil
4/28 18:51:12.827  SPELL_CAST_SUCCESS,Player-4755-01804B95,"Moymoy-Dreadmist",0x514,0x0,Player-4755-0220BD00,"Krikoff-Dreadmist",0x40514,0x0,10468,"Lesser Healing Wave",0x8,Player-4755-01804B95,0000000000000000,100,100,0,0,0,-1,0,0,0,11.84,-178.48,0,2.7646,66
4/28 18:51:13.001  SPELL_CAST_SUCCESS,Creature-0-4457-249-1045-10184-000028665C,"Onyxia",0x10a48,0x0,Player-4755-01802FE5,"Angrybat-Dreadmist",0x514,0x0,20279,"Summon Player",0x1,Creature-0-4457-249-1045-10184-000028665C,0000000000000000,37,100,0,0,0,-1,0,0,0,5.60,-198.33,0,5.6989,63
4/28 18:51:13.017  SPELL_CAST_SUCCESS,Pet-0-4457-249-1045-7432-01002D8BC6,"Cat",0x1114,0x0,Creature-0-4457-249-1045-10184-000028665C,"Onyxia",0x10a48,0x0,3009,"Claw",0x1,Pet-0-4457-249-1045-7432-01002D8BC6,Player-4755-01E83279,88,100,0,0,0,-1,0,0,0,-19.31,-199.89,0,0.0626,71
4/28 18:51:13.017  UNIT_DIED,0000000000000000,nil,0x80000000,0x80000000,Pet-0-4457-249-1045-9622-02002CD5BC,"Bokito",0x1114,0x0
4/28 18:51:13.017  UNIT_DIED,0000000000000000,nil,0x80000000,0x80000000,Pet-0-4457-249-1045-7456-03003178E8,"Owl",0x1114,0x0
4/28 18:51:13.023  UNIT_DIED,0000000000000000,nil,0x80000000,0x80000000,Player-4755-01B60A5F,"Zurok-Dreadmist",0x514,0x0
4/28 18:51:13.023  UNIT_DIED,0000000000000000,nil,0x80000000,0x80000000,Player-4755-01FA8D0D,"Roackeru-Dreadmist",0x514,0x0
4/28 18:51:13.023  SPELL_AURA_REMOVED_DOSE,Player-4755-01F21AE6,"Blahu-Dreadmist",0x40514,0x0,Player-4755-01F21AE6,"Blahu-Dreadmist",0x40514,0x0,12970,"Flurry",0x1,BUFF,1
4/28 18:51:13.023  SPELL_EXTRA_ATTACKS,Player-4755-0160BD13,"Mafkees-Dreadmist",0x514,0x0,Player-4755-0160BD13,"Mafkees-Dreadmist",0x514,0x0,15601,"Hand of Justice",0x1,1
4/28 18:51:13.023  SPELL_AURA_REMOVED,Player-4755-0160BD13,"Mafkees-Dreadmist",0x514,0x0,Player-4755-0160BD13,"Mafkees-Dreadmist",0x514,0x0,12970,"Flurry",0x1,BUFF
4/28 18:51:13.023  SPELL_AURA_REMOVED,Player-4755-01AC9FD9,"Alexinho-Dreadmist",0x514,0x0,Player-4755-01AC9FD9,"Alexinho-Dreadmist",0x514,0x0,10610,"Windfury Totem",0x8,BUFF
4/28 18:51:13.023  SPELL_AURA_REMOVED,Player-4755-01B60A5F,"Zurok-Dreadmist",0x514,0x0,Player-4755-016DF694,"Ashalan-Dreadmist",0x514,0x0,20906,"Trueshot Aura",0x40,BUFF
4/28 18:51:13.023  SPELL_AURA_REMOVED,Player-4755-01B60A5F,"Zurok-Dreadmist",0x514,0x0,Player-4755-01637B0A,"Pindle-Dreadmist",0x514,0x0,20906,"Trueshot Aura",0x40,BUFF
4/28 18:51:13.023  SPELL_AURA_REMOVED,Player-4755-01B60A5F,"Zurok-Dreadmist",0x514,0x0,Player-4755-01802FE5,"Angrybat-Dreadmist",0x514,0x0,20906,"Trueshot Aura",0x40,BUFF
4/28 18:51:13.023  SPELL_AURA_REMOVED,Player-4755-01B60A5F,"Zurok-Dreadmist",0x514,0x0,Player-4755-01733879,"Hocwar-Dreadmist",0x40514,0x0,20906,"Trueshot Aura",0x40,BUFF
4/28 18:51:13.023  SWING_DAMAGE_LANDED,Player-4755-0178F416,"Eltorero-Dreadmist",0x514,0x0,Creature-0-4457-249-1045-10184-000028665C,"Onyxia",0x10a48,0x0,Creature-0-4457-249-1045-10184-000028665C,0000000000000000,36,100,0,0,0,-1,0,0,0,5.68,-198.44,0,5.3618,63,1162,737,-1,1,0,0,0,1,nil,nil
4/28 18:51:13.023  SWING_DAMAGE_LANDED,Pet-0-4457-249-1045-7432-01002D8BC6,"Cat",0x1114,0x0,Creature-0-4457-249-1045-10184-000028665C,"Onyxia",0x10a48,0x0,Creature-0-4457-249-1045-10184-000028665C,0000000000000000,36,100,0,0,0,-1,0,0,0,5.68,-198.44,0,5.3618,63,64,109,-1,1,0,0,0,nil,1,nil
4/28 18:51:13.023  SWING_DAMAGE_LANDED,Player-4755-01733879,"Hocwar-Dreadmist",0x40514,0x0,Creature-0-4457-249-1045-10184-000028665C,"Onyxia",0x10a48,0x0,Creature-0-4457-249-1045-10184-000028665C,0000000000000000,36,100,0,0,0,-1,0,0,0,5.68,-198.44,0,5.3618,63,486,308,-1,1,0,0,0,1,nil,nil
4/28 18:51:13.023  SWING_DAMAGE_LANDED,Player-4755-016DF694,"Ashalan-Dreadmist",0x514,0x0,Creature-0-4457-249-1045-10184-000028665C,"Onyxia",0x10a48,0x0,Creature-0-4457-249-1045-10184-000028665C,0000000000000000,36,100,0,0,0,-1,0,0,0,5.68,-198.44,0,5.3618,63,485,615,-1,1,0,0,0,nil,nil,nil
4/28 18:51:13.023  SPELL_HEAL,Player-4755-01804B95,"Moymoy-Dreadmist",0x514,0x0,Player-4755-0220BD00,"Krikoff-Dreadmist",0x40514,0x0,10468,"Lesser Healing Wave",0x8,Player-4755-0220BD00,0000000000000000,38,100,0,0,0,-1,0,0,0,12.38,-200.72,0,3.1259,68,1126,1126,0,0,nil
4/28 18:51:13.023  SPELL_DAMAGE,Pet-0-4457-249-1045-7432-01002D8BC6,"Cat",0x1114,0x0,Creature-0-4457-249-1045-10184-000028665C,"Onyxia",0x10a48,0x0,3009,"Claw",0x1,Creature-0-4457-249-1045-10184-000028665C,0000000000000000,36,100,0,0,0,-1,0,0,0,5.68,-198.44,0,5.3618,63,57,72,-1,1,0,0,0,nil,nil,nil
4/28 18:51:13.023  SWING_DAMAGE,Player-4755-0160BD13,"Mafkees-Dreadmist",0x514,0x0,Creature-0-4457-249-1045-10184-000028665C,"Onyxia",0x10a48,0x0,Player-4755-0160BD13,0000000000000000,95,100,0,0,0,-1,0,0,0,-3.54,-199.35,0,0.1948,64,669,424,-1,1,0,0,0,1,nil,nil
4/28 18:51:13.058  SPELL_AURA_REMOVED,Player-4755-01804B95,"Moymoy-Dreadmist",0x514,0x0,Player-4755-01840577,"Raggèn-Dreadmist",0x514,0x0,29203,"Healing Way",0x2,BUFF
4/28 18:51:13.124  SPELL_CAST_SUCCESS,Player-4755-01733879,"Hocwar-Dreadmist",0x40514,0x0,Creature-0-4457-249-1045-10184-000028665C,"Onyxia",0x10a48,0x0,23881,"Bloodthirst",0x1,Player-4755-01733879,0000000000000000,94,100,0,0,0,-1,0,0,0,10.50,-192.53,0,4.1607,71
4/28 18:51:13.141  SWING_DAMAGE,Player-4755-01637B0A,"Pindle-Dreadmist",0x514,0x0,Creature-0-4457-249-1045-10184-000028665C,"Onyxia",0x10a48,0x0,Player-4755-01637B0A,0000000000000000,68,100,0,0,0,-1,0,0,0,11.03,-192.70,0,3.8557,65,142,88,-1,1,0,0,0,1,nil,nil
4/28 18:51:13.172  SPELL_CAST_SUCCESS,Player-4755-01F21AE6,"Blahu-Dreadmist",0x40514,0x0,Creature-0-4457-249-1045-10184-000028665C,"Onyxia",0x10a48,0x0,11597,"Sunder Armor",0x1,Player-4755-01F21AE6,0000000000000000,29,100,0,0,0,-1,0,0,0,15.61,-197.74,0,3.4993,70
4/28 18:51:13.188  SPELL_CAST_START,Player-4755-01617EEE,"Fenix-Dreadmist",0x512,0x0,0000000000000000,nil,0x80000000,0x80000000,10916,"Flash Heal",0x2
4/28 18:51:13.217  SPELL_PERIODIC_ENERGIZE,Creature-0-4457-249-1045-7416-0000286CFC,"Mana Spring Totem IV",0x2114,0x0,Player-4755-016296D3,"Nivl-Dreadmist",0x514,0x0,10494,"Mana Spring",0x8,Player-4755-016296D3,0000000000000000,100,100,0,0,0,-1,0,0,0,-1.91,-172.83,0,0.1198,69,10.0000,0.0000,0,5845
4/28 18:51:13.263  SWING_DAMAGE,Player-4755-0220BD00,"Krikoff-Dreadmist",0x40514,0x0,Creature-0-4457-249-1045-10184-000028665C,"Onyxia",0x10a48,0x0,Player-4755-0220BD00,0000000000000000,38,100,0,0,0,-1,0,0,0,12.14,-199.92,0,3.4676,68,133,208,-1,1,0,0,0,nil,1,nil
4/28 18:51:13.263  SPELL_CAST_SUCCESS,Player-4755-0160BD13,"Mafkees-Dreadmist",0x514,0x0,0000000000000000,nil,0x80000000,0x80000000,1680,"Whirlwind",0x1,Player-4755-0160BD13,0000000000000000,95,100,0,0,0,-1,0,0,0,-3.40,-197.79,0,6.0028,64
4/28 18:51:13.281  SWING_DAMAGE,Player-4755-01AC9FD9,"Alexinho-Dreadmist",0x514,0x0,Creature-0-4457-249-1045-10184-000028665C,"Onyxia",0x10a48,0x0,Player-4755-01AC9FD9,0000000000000000,100,100,0,0,0,-1,0,0,0,8.45,-193.50,0,4.6783,66,115,145,-1,1,0,0,0,nil,nil,nil
4/28 18:51:13.356  SWING_DAMAGE,Player-4755-01F21AE6,"Blahu-Dreadmist",0x40514,0x0,Creature-0-4457-249-1045-10184-000028665C,"Onyxia",0x10a48,0x0,Player-4755-01F21AE6,0000000000000000,29,100,0,0,0,-1,0,0,0,15.61,-197.74,0,3.4993,70,158,348,-1,1,0,0,0,nil,1,nil
4/28 18:51:13.356  SPELL_CAST_SUCCESS,Player-4755-01FA8DD8,"Roackerita-Dreadmist",0x514,0x0,Player-4755-0163DD9D,"Kaspais-Dreadmist",0x514,0x0,9474,"Flash Heal",0x2,Player-4755-01FA8DD8,0000000000000000,100,100,0,0,0,-1,0,0,0,-3.65,-177.23,0,0.2697,69
4/28 18:51:13.388  SPELL_CAST_SUCCESS,Player-4755-01840577,"Raggèn-Dreadmist",0x514,0x0,0000000000000000,nil,0x80000000,0x80000000,10442,"Strength of Earth Totem",0x8,Player-4755-01840577,0000000000000000,22,100,0,0,0,-1,0,0,0,7.97,-209.37,0,1.6058,67
4/28 18:51:13.388  SPELL_SUMMON,Player-4755-01840577,"Raggèn-Dreadmist",0x514,0x0,Creature-0-4457-249-1045-7403-0000286D11,"Strength of Earth Totem IV",0xa28,0x0,10442,"Strength of Earth Totem",0x8
4/28 18:51:13.420  SPELL_ENERGIZE,Player-4755-0160BD13,"Mafkees-Dreadmist",0x514,0x0,Player-4755-0160BD13,"Mafkees-Dreadmist",0x514,0x0,12964,"Unbridled Wrath",0x1,Player-4755-0160BD13,0000000000000000,95,100,0,0,0,-1,0,0,0,-3.40,-197.79,0,6.0028,64,1.0000,0.0000,1,1000
4/28 18:51:13.420  SPELL_DAMAGE,Player-4755-01840577,"Raggèn-Dreadmist",0x514,0x0,Creature-0-4457-249-1045-10184-000028665C,"Onyxia",0x10a48,0x0,26363,"Lightning Shield",0x8,Creature-0-4457-249-1045-10184-000028665C,0000000000000000,36,100,0,0,0,-1,0,0,0,7.45,-201.23,0,5.1993,63,218,217,-1,8,0,0,0,nil,nil,nil
4/28 18:51:13.420  SPELL_ENERGIZE,Player-4755-01802FE5,"Angrybat-Dreadmist",0x514,0x0,Player-4755-01802FE5,"Angrybat-Dreadmist",0x514,0x0,29442,"Magic Absorption",0x1,Player-4755-01802FE5,0000000000000000,100,100,0,0,0,-1,0,0,0,15.26,-213.63,0,3.0023,66,241.0000,0.0000,0,6033
4/28 18:51:13.420  SPELL_AURA_APPLIED,Player-4755-0178F416,"Eltorero-Dreadmist",0x514,0x0,Player-4755-0178F416,"Eltorero-Dreadmist",0x514,0x0,12970,"Flurry",0x1,BUFF
4/28 18:51:13.420  SPELL_AURA_APPLIED,Player-4755-01733879,"Hocwar-Dreadmist",0x40514,0x0,Player-4755-01733879,"Hocwar-Dreadmist",0x40514,0x0,12970,"Flurry",0x1,BUFF
4/28 18:51:13.420  SPELL_EXTRA_ATTACKS,Player-4755-016DF694,"Ashalan-Dreadmist",0x514,0x0,Player-4755-016DF694,"Ashalan-Dreadmist",0x514,0x0,15601,"Hand of Justice",0x1,1
4/28 18:51:13.420  SWING_DAMAGE_LANDED,Player-4755-0160BD13,"Mafkees-Dreadmist",0x514,0x0,Creature-0-4457-249-1045-10184-000028665C,"Onyxia",0x10a48,0x0,Creature-0-4457-249-1045-10184-000028665C,0000000000000000,36,100,0,0,0,-1,0,0,0,7.45,-201.23,0,5.1993,63,669,424,-1,1,0,0,0,1,nil,nil
4/28 18:51:13.420  SPELL_DAMAGE,Player-4755-01733879,"Hocwar-Dreadmist",0x40514,0x0,Creature-0-4457-249-1045-10184-000028665C,"Onyxia",0x10a48,0x0,23881,"Bloodthirst",0x1,Creature-0-4457-249-1045-10184-000028665C,0000000000000000,36,100,0,0,0,-1,0,0,0,7.45,-201.23,0,5.1993,63,540,685,-1,1,0,0,0,nil,nil,nil
4/28 18:51:13.420  SPELL_AURA_APPLIED,Player-4755-01733879,"Hocwar-Dreadmist",0x40514,0x0,Player-4755-01733879,"Hocwar-Dreadmist",0x40514,0x0,23885,"Bloodthirst",0x1,BUFF
4/28 18:51:13.420  SWING_DAMAGE_LANDED,Player-4755-01637B0A,"Pindle-Dreadmist",0x514,0x0,Creature-0-4457-249-1045-10184-000028665C,"Onyxia",0x10a48,0x0,Creature-0-4457-249-1045-10184-000028665C,0000000000000000,36,100,0,0,0,-1,0,0,0,7.45,-201.23,0,5.1993,63,142,88,-1,1,0,0,0,1,nil,nil
4/28 18:51:13.420  SWING_DAMAGE_LANDED,Player-4755-0220BD00,"Krikoff-Dreadmist",0x40514,0x0,Creature-0-4457-249-1045-10184-000028665C,"Onyxia",0x10a48,0x0,Creature-0-4457-249-1045-10184-000028665C,0000000000000000,36,100,0,0,0,-1,0,0,0,7.45,-201.23,0,5.1993,63,133,208,-1,1,0,0,0,nil,1,nil
4/28 18:51:13.420  SPELL_DAMAGE,Player-4755-0160BD13,"Mafkees-Dreadmist",0x514,0x0,Creature-0-4457-249-1045-10184-000028665C,"Onyxia",0x10a48,0x0,1680,"Whirlwind",0x1,Creature-0-4457-249-1045-10184-000028665C,0000000000000000,36,100,0,0,0,-1,0,0,0,7.45,-201.23,0,5.1993,63,766,442,-1,1,0,0,0,1,nil,nil
4/28 18:51:13.420  SWING_DAMAGE_LANDED,Player-4755-01AC9FD9,"Alexinho-Dreadmist",0x514,0x0,Creature-0-4457-249-1045-10184-000028665C,"Onyxia",0x10a48,0x0,Creature-0-4457-249-1045-10184-000028665C,0000000000000000,36,100,0,0,0,-1,0,0,0,7.45,-201.23,0,5.1993,63,115,145,-1,1,0,0,0,nil,nil,nil
4/28 18:51:13.420  SWING_DAMAGE_LANDED,Player-4755-01F21AE6,"Blahu-Dreadmist",0x40514,0x0,Creature-0-4457-249-1045-10184-000028665C,"Onyxia",0x10a48,0x0,Creature-0-4457-249-1045-10184-000028665C,0000000000000000,36,100,0,0,0,-1,0,0,0,7.45,-201.23,0,5.1993,63,158,348,-1,1,0,0,0,nil,1,nil
4/28 18:51:13.420  SPELL_HEAL,Player-4755-01FA8DD8,"Roackerita-Dreadmist",0x514,0x0,Player-4755-0163DD9D,"Kaspais-Dreadmist",0x514,0x0,9474,"Flash Heal",0x2,Player-4755-0163DD9D,0000000000000000,100,100,0,0,0,-1,0,0,0,-11.08,-176.13,0,5.4403,66,800,800,392,0,nil
4/28 18:51:13.443  SWING_DAMAGE,Player-4755-016DF694,"Ashalan-Dreadmist",0x514,0x0,Creature-0-4457-249-1045-10184-000028665C,"Onyxia",0x10a48,0x0,Player-4755-016DF694,0000000000000000,80,100,0,0,0,-1,0,0,0,11.33,-192.80,0,3.7959,67,829,526,-1,1,0,0,0,1,nil,nil
4/28 18:51:13.595  SWING_DAMAGE,Player-4755-01F21AE6,"Blahu-Dreadmist",0x40514,0x0,Creature-0-4457-249-1045-10184-000028665C,"Onyxia",0x10a48,0x0,Player-4755-01F21AE6,0000000000000000,29,100,0,0,0,-1,0,0,0,15.76,-198.14,0,3.4993,70,86,126,-1,1,0,0,0,nil,1,nil
4/28 18:51:13.673  SPELL_PERIODIC_HEAL,Player-4755-0220BD00,"Krikoff-Dreadmist",0x40514,0x0,Player-4755-0220BD00,"Krikoff-Dreadmist",0x40514,0x0,24427,"Diamond Flask",0x8,Player-4755-0220BD00,0000000000000000,38,100,0,0,0,-1,0,0,0,11.78,-198.04,0,3.6011,68,9,9,0,0,nil
4/28 18:51:13.723  SWING_DAMAGE,Player-4755-01733879,"Hocwar-Dreadmist",0x40514,0x0,Creature-0-4457-249-1045-10184-000028665C,"Onyxia",0x10a48,0x0,Player-4755-01733879,0000000000000000,94,100,0,0,0,-1,0,0,0,10.83,-192.13,0,4.0076,71,268,170,-1,1,0,0,0,1,nil,nil
4/28 18:51:13.799  SPELL_CAST_SUCCESS,Player-4755-02045EF4,"Necrosini-Dreadmist",0x512,0x0,Player-4755-01F21AE6,"Blahu-Dreadmist",0x40514,0x0,10929,"Renew",0x2,Player-4755-02045EF4,0000000000000000,65,100,0,0,0,-1,0,0,0,0.53,-173.47,0,4.6704,69
4/28 18:51:13.821  SPELL_AURA_APPLIED,Player-4755-0178F416,"Eltorero-Dreadmist",0x514,0x0,Creature-0-4457-249-1045-10184-000028665C,"Onyxia",0x10a48,0x0,12721,"Deep Wound",0x1,DEBUFF
4/28 18:51:13.821  SPELL_ENERGIZE,Player-4755-01733879,"Hocwar-Dreadmist",0x40514,0x0,Player-4755-01733879,"Hocwar-Dreadmist",0x40514,0x0,12964,"Unbridled Wrath",0x1,Player-4755-01733879,0000000000000000,94,100,0,0,0,-1,0,0,0,10.84,-192.28,0,4.0076,71,1.0000,0.0000,1,1000
4/28 18:51:13.841  SPELL_AURA_APPLIED,Player-4755-0160BD13,"Mafkees-Dreadmist",0x514,0x0,Player-4755-0160BD13,"Mafkees-Dreadmist",0x514,0x0,12970,"Flurry",0x1,BUFF
4/28 18:51:13.841  SPELL_AURA_REMOVED_DOSE,Player-4755-01733879,"Hocwar-Dreadmist",0x40514,0x0,Player-4755-01733879,"Hocwar-Dreadmist",0x40514,0x0,23885,"Bloodthirst",0x1,BUFF,4
4/28 18:51:13.841  SPELL_HEAL,Player-4755-01733879,"Hocwar-Dreadmist",0x40514,0x0,Player-4755-01733879,"Hocwar-Dreadmist",0x40514,0x0,23880,"Bloodthirst",0x1,Player-4755-01733879,0000000000000000,94,100,0,0,0,-1,0,0,0,10.86,-192.45,0,4.0076,71,10,10,0,0,nil
4/28 18:51:13.841  SPELL_AURA_REFRESH,Player-4755-0160BD13,"Mafkees-Dreadmist",0x514,0x0,Player-4755-0160BD13,"Mafkees-Dreadmist",0x514,0x0,12970,"Flurry",0x1,BUFF
4/28 18:51:13.841  SPELL_AURA_REMOVED,Player-4755-01F21AE6,"Blahu-Dreadmist",0x40514,0x0,Player-4755-01F21AE6,"Blahu-Dreadmist",0x40514,0x0,12970,"Flurry",0x1,BUFF
4/28 18:51:13.841  SWING_DAMAGE_LANDED,Player-4755-016DF694,"Ashalan-Dreadmist",0x514,0x0,Creature-0-4457-249-1045-10184-000028665C,"Onyxia",0x10a48,0x0,Creature-0-4457-249-1045-10184-000028665C,0000000000000000,36,100,0,0,0,-1,0,0,0,7.45,-201.23,0,5.1993,63,829,526,-1,1,0,0,0,1,nil,nil
4/28 18:51:13.841  SWING_DAMAGE_LANDED,Player-4755-01F21AE6,"Blahu-Dreadmist",0x40514,0x0,Creature-0-4457-249-1045-10184-000028665C,"Onyxia",0x10a48,0x0,Creature-0-4457-249-1045-10184-000028665C,0000000000000000,36,100,0,0,0,-1,0,0,0,7.45,-201.23,0,5.1993,63,86,126,-1,1,0,0,0,nil,1,nil
4/28 18:51:13.841  SWING_DAMAGE_LANDED,Player-4755-01733879,"Hocwar-Dreadmist",0x40514,0x0,Creature-0-4457-249-1045-10184-000028665C,"Onyxia",0x10a48,0x0,Creature-0-4457-249-1045-10184-000028665C,0000000000000000,36,100,0,0,0,-1,0,0,0,7.45,-201.23,0,5.1993,63,268,170,-1,1,0,0,0,1,nil,nil
4/28 18:51:13.841  SPELL_AURA_APPLIED,Player-4755-02045EF4,"Necrosini-Dreadmist",0x512,0x0,Player-4755-01F21AE6,"Blahu-Dreadmist",0x40514,0x0,10929,"Renew",0x2,BUFF
4/28 18:51:13.841  SWING_DAMAGE,Player-4755-01637B0A,"Pindle-Dreadmist",0x514,0x0,Creature-0-4457-249-1045-10184-000028665C,"Onyxia",0x10a48,0x0,Player-4755-01637B0A,0000000000000000,68,100,0,0,0,-1,0,0,0,12.21,-193.89,0,3.9677,65,171,216,-1,1,0,0,0,nil,nil,nil
4/28 18:51:13.841  SPELL_AURA_APPLIED,Player-4755-015FEBD5,"Sauvage-Dreadmist",0x514,0x0,Player-4755-015FEBD5,"Sauvage-Dreadmist",0x514,0x0,1953,"Blink",0x40,BUFF
4/28 18:51:13.841  SPELL_CAST_SUCCESS,Player-4755-015FEBD5,"Sauvage-Dreadmist",0x514,0x0,0000000000000000,nil,0x80000000,0x80000000,1953,"Blink",0x40,Player-4755-015FEBD5,0000000000000000,100,100,0,0,0,-1,0,0,0,-18.50,-185.95,0,4.6236,64
4/28 18:51:13.865  SPELL_AURA_REMOVED,Player-4755-01804B95,"Moymoy-Dreadmist",0x514,0x0,Player-4755-01840577,"Raggèn-Dreadmist",0x514,0x0,16237,"Ancestral Fortitude",0x2,BUFF
4/28 18:51:13.917  SPELL_CAST_SUCCESS,Player-4755-016296D3,"Nivl-Dreadmist",0x514,0x0,Player-4755-01A6B139,"Sakatan-Dreadmist",0x514,0x0,10623,"Chain Heal",0x8,Player-4755-016296D3,0000000000000000,100,100,0,0,0,-1,0,0,0,-1.91,-172.83,0,0.1198,69
4/28 18:51:13.934  SPELL_AURA_REMOVED,Player-4755-0163DD9D,"Kaspais-Dreadmist",0x514,0x0,Player-4755-0163DD9D,"Kaspais-Dreadmist",0x514,0x0,12051,"Evocation",0x40,BUFF
4/28 18:51:13.982  SPELL_PERIODIC_HEAL,Player-4755-02045EF4,"Necrosini-Dreadmist",0x512,0x0,Player-4755-01A6B139,"Sakatan-Dreadmist",0x514,0x0,10929,"Renew",0x2,Player-4755-01A6B139,0000000000000000,73,100,0,0,0,-1,0,0,0,8.64,-184.78,0,4.3204,69,253,253,0,0,nil
4/28 18:51:14.096  SPELL_PERIODIC_ENERGIZE,Player-4755-01BC57A3,"Saintis-Dreadmist",0x511,0x0,Player-4755-01BC57A3,"Saintis-Dreadmist",0x511,0x0,18194,"Mana Regeneration",0x1,Player-4755-01BC57A3,0000000000000000,50,100,0,0,0,-1,0,0,0,-1.73,-219.48,0,1.0649,68,8.0000,0.0000,0,7212
4/28 18:51:14.096  SPELL_AURA_APPLIED,Player-4755-01F21AE6,"Blahu-Dreadmist",0x40514,0x0,Player-4755-01F21AE6,"Blahu-Dreadmist",0x40514,0x0,29131,"Bloodrage",0x1,BUFF
4/28 18:51:14.096  SPELL_CAST_SUCCESS,Player-4755-01F21AE6,"Blahu-Dreadmist",0x40514,0x0,0000000000000000,nil,0x80000000,0x80000000,2687,"Bloodrage",0x1,Player-4755-01F21AE6,0000000000000000,29,100,0,0,0,-1,0,0,0,15.23,-200.26,0,3.4993,70
4/28 18:51:14.164  SPELL_AURA_APPLIED,Player-4755-01802FE5,"Angrybat-Dreadmist",0x514,0x0,Player-4755-01802FE5,"Angrybat-Dreadmist",0x514,0x0,11426,"Ice Barrier",0x10,BUFF
4/28 18:51:14.164  SPELL_CAST_SUCCESS,Player-4755-01802FE5,"Angrybat-Dreadmist",0x514,0x0,0000000000000000,nil,0x80000000,0x80000000,11426,"Ice Barrier",0x10,Player-4755-01802FE5,0000000000000000,100,100,0,0,0,-1,0,0,0,17.37,-211.28,0,3.1044,66
4/28 18:51:14.186  SPELL_PERIODIC_DAMAGE,Player-4755-0160BD13,"Mafkees-Dreadmist",0x514,0x0,Creature-0-4457-249-1045-10184-000028665C,"Onyxia",0x10a48,0x0,12721,"Deep Wound",0x1,Creature-0-4457-249-1045-10184-000028665C,0000000000000000,36,100,0,0,0,-1,0,0,0,7.45,-201.23,0,5.1993,63,70,69,-1,1,0,0,0,nil,nil,nil
4/28 18:51:14.203  SWING_DAMAGE,Pet-0-4457-249-1045-7432-01002D8BC6,"Cat",0x1114,0x0,Creature-0-4457-249-1045-10184-000028665C,"Onyxia",0x10a48,0x0,Pet-0-4457-249-1045-7432-01002D8BC6,Player-4755-01E83279,88,100,0,0,0,-1,0,0,0,-17.41,-200.02,0,6.2782,71,56,104,-1,1,0,0,0,nil,1,nil
4/28 18:51:14.203  SPELL_CAST_SUCCESS,Player-4755-016296D3,"Nivl-Dreadmist",0x514,0x0,0000000000000000,nil,0x80000000,0x80000000,17530,"Restore Mana",0x1,Player-4755-016296D3,0000000000000000,100,100,0,0,0,-1,0,0,0,-1.91,-172.83,0,0.1198,69
4/28 18:51:14.244  SPELL_AURA_REFRESH,Player-4755-0160BD13,"Mafkees-Dreadmist",0x514,0x0,Creature-0-4457-249-1045-10184-000028665C,"Onyxia",0x10a48,0x0,12721,"Deep Wound",0x1,DEBUFF
4/28 18:51:14.244  SPELL_ENERGIZE,Player-4755-0220BD00,"Krikoff-Dreadmist",0x40514,0x0,Player-4755-0220BD00,"Krikoff-Dreadmist",0x40514,0x0,12964,"Unbridled Wrath",0x1,Player-4755-0220BD00,0000000000000000,38,100,0,0,0,-1,0,0,0,13.17,-196.13,0,3.6953,68,1.0000,0.0000,1,1000
4/28 18:51:14.244  SPELL_AURA_REFRESH,Player-4755-0160BD13,"Mafkees-Dreadmist",0x514,0x0,Creature-0-4457-249-1045-10184-000028665C,"Onyxia",0x10a48,0x0,12721,"Deep Wound",0x1,DEBUFF
4/28 18:51:14.244  SPELL_AURA_APPLIED,Player-4755-016DF694,"Ashalan-Dreadmist",0x514,0x0,Player-4755-016DF694,"Ashalan-Dreadmist",0x514,0x0,16280,"Flurry",0x1,BUFF
4/28 18:51:14.244  SPELL_AURA_REMOVED_DOSE,Player-4755-01733879,"Hocwar-Dreadmist",0x40514,0x0,Player-4755-01733879,"Hocwar-Dreadmist",0x40514,0x0,23885,"Bloodthirst",0x1,BUFF,3
4/28 18:51:14.244  SPELL_AURA_REMOVED_DOSE,Player-4755-01733879,"Hocwar-Dreadmist",0x40514,0x0,Player-4755-01733879,"Hocwar-Dreadmist",0x40514,0x0,12970,"Flurry",0x1,BUFF,2
4/28 18:51:14.244  SPELL_AURA_APPLIED_DOSE,Player-4755-01733879,"Hocwar-Dreadmist",0x40514,0x0,Player-4755-01733879,"Hocwar-Dreadmist",0x40514,0x0,12970,"Flurry",0x1,BUFF,3
4/28 18:51:14.244  SPELL_HEAL,Player-4755-01733879,"Hocwar-Dreadmist",0x40514,0x0,Player-4755-01733879,"Hocwar-Dreadmist",0x40514,0x0,23880,"Bloodthirst",0x1,Player-4755-01733879,0000000000000000,94,100,0,0,0,-1,0,0,0,10.98,-193.64,0,4.0076,71,10,10,0,0,nil
4/28 18:51:14.244  SWING_DAMAGE_LANDED,Player-4755-01637B0A,"Pindle-Dreadmist",0x514,0x0,Creature-0-4457-249-1045-10184-000028665C,"Onyxia",0x10a48,0x0,Creature-0-4457-249-1045-10184-000028665C,0000000000000000,36,100,0,0,0,-1,0,0,0,7.45,-201.23,0,5.1993,63,171,216,-1,1,0,0,0,nil,nil,nil
4/28 18:51:14.244  SPELL_HEAL,Player-4755-016296D3,"Nivl-Dreadmist",0x514,0x0,Player-4755-01F21AE6,"Blahu-Dreadmist",0x40514,0x0,10623,"Chain Heal",0x8,Player-4755-01F21AE6,0000000000000000,30,100,0,0,0,-1,0,0,0,15.23,-200.26,0,3.4993,70,403,403,0,0,nil
4/28 18:51:14.244  SPELL_HEAL,Player-4755-016296D3,"Nivl-Dreadmist",0x514,0x0,Player-4755-01637B0A,"Pindle-Dreadmist",0x514,0x0,10623,"Chain Heal",0x8,Player-4755-01637B0A,0000000000000000,82,100,0,0,0,-1,0,0,0,11.41,-193.28,0,4.0914,65,591,591,0,0,nil
4/28 18:51:14.244  SPELL_HEAL,Player-4755-016296D3,"Nivl-Dreadmist",0x514,0x0,Player-4755-01A6B139,"Sakatan-Dreadmist",0x514,0x0,10623,"Chain Heal",0x8,Player-4755-01A6B139,0000000000000000,94,100,0,0,0,-1,0,0,0,9.32,-185.06,0,4.3204,69,952,952,0,0,nil
4/28 18:51:14.244  SPELL_ENERGIZE,Player-4755-01F21AE6,"Blahu-Dreadmist",0x40514,0x0,Player-4755-01F21AE6,"Blahu-Dreadmist",0x40514,0x0,2687,"Bloodrage",0x1,Player-4755-01F21AE6,0000000000000000,30,100,0,0,0,-1,0,0,0,15.23,-200.26,0,3.4993,70,10.0000,0.0000,1,1000
4/28 18:51:14.244  SWING_DAMAGE_LANDED,Pet-0-4457-249-1045-7432-01002D8BC6,"Cat",0x1114,0x0,Creature-0-4457-249-1045-10184-000028665C,"Onyxia",0x10a48,0x0,Creature-0-4457-249-1045-10184-000028665C,0000000000000000,36,100,0,0,0,-1,0,0,0,7.45,-201.23,0,5.1993,63,56,104,-1,1,0,0,0,nil,1,nil
4/28 18:51:14.244  SPELL_ENERGIZE,Player-4755-016296D3,"Nivl-Dreadmist",0x514,0x0,Player-4755-016296D3,"Nivl-Dreadmist",0x514,0x0,17530,"Restore Mana",0x1,Player-4755-016296D3,0000000000000000,100,100,0,0,0,-1,0,0,0,-1.91,-172.83,0,0.1198,69,1259.0000,0.0000,0,5845
4/28 18:51:14.244  SWING_DAMAGE,Player-4755-01637B0A,"Pindle-Dreadmist",0x514,0x0,Creature-0-4457-249-1045-10184-000028665C,"Onyxia",0x10a48,0x0,Player-4755-01637B0A,0000000000000000,82,100,0,0,0,-1,0,0,0,11.41,-193.28,0,4.0914,65,162,100,-1,1,0,0,0,1,nil,nil
4/28 18:51:14.298  SWING_DAMAGE,Player-4755-01733879,"Hocwar-Dreadmist",0x40514,0x0,Creature-0-4457-249-1045-10184-000028665C,"Onyxia",0x10a48,0x0,Player-4755-01733879,0000000000000000,94,100,0,0,0,-1,0,0,0,11.09,-193.74,0,4.0076,71,198,283,-1,1,0,0,0,nil,1,nil
4/28 18:51:14.317  SPELL_CAST_SUCCESS,Player-4755-01637B0A,"Pindle-Dreadmist",0x514,0x0,Creature-0-4457-249-1045-10184-000028665C,"Onyxia",0x10a48,0x0,11281,"Backstab",0x1,Player-4755-01637B0A,0000000000000000,82,100,0,0,0,-1,0,0,0,11.41,-193.28,0,4.0914,65
4/28 18:51:14.596  SPELL_CAST_SUCCESS,Player-4755-01617EEE,"Fenix-Dreadmist",0x512,0x0,Player-4755-0220BD00,"Krikoff-Dreadmist",0x40514,0x0,10916,"Flash Heal",0x2,Player-4755-01617EEE,0000000000000000,100,100,0,0,0,-1,0,0,0,25.32,-180.59,0,3.9958,66
4/28 18:51:14.596  SPELL_CAST_START,Player-4755-01617EEE,"Fenix-Dreadmist",0x512,0x0,0000000000000000,nil,0x80000000,0x80000000,10916,"Flash Heal",0x2
4/28 18:51:14.596  SWING_MISSED,Creature-0-4457-249-1045-10184-000028665C,"Onyxia",0x10a48,0x0,Player-4755-01802FE5,"Angrybat-Dreadmist",0x514,0x0,ABSORB,nil,1433,1604
4/28 18:51:14.596  SPELL_CAST_SUCCESS,Player-4755-01AC9FD9,"Alexinho-Dreadmist",0x514,0x0,Creature-0-4457-249-1045-10184-000028665C,"Onyxia",0x10a48,0x0,11294,"Sinister Strike",0x1,Player-4755-01AC9FD9,0000000000000000,100,100,0,0,0,-1,0,0,0,13.81,-196.54,0,4.9846,66
4/28 18:51:14.614  SWING_MISSED,Player-4755-0220BD00,"Krikoff-Dreadmist",0x40514,0x0,Creature-0-4457-249-1045-10184-000028665C,"Onyxia",0x10a48,0x0,MISS,nil
4/28 18:51:14.614  SPELL_CAST_SUCCESS,Pet-0-4457-249-1045-7432-01002D8BC6,"Cat",0x1114,0x0,Creature-0-4457-249-1045-10184-000028665C,"Onyxia",0x10a48,0x0,3009,"Claw",0x1,Pet-0-4457-249-1045-7432-01002D8BC6,Player-4755-01E83279,88,100,0,0,0,-1,0,0,0,-17.41,-200.02,0,6.2782,71
4/28 18:51:14.620  SWING_DAMAGE_LANDED,Player-4755-01637B0A,"Pindle-Dreadmist",0x514,0x0,Creature-0-4457-249-1045-10184-000028665C,"Onyxia",0x10a48,0x0,Creature-0-4457-249-1045-10184-000028665C,0000000000000000,36,100,0,0,0,-1,0,0,0,7.45,-201.23,0,5.1993,63,162,100,-1,1,0,0,0,1,nil,nil
4/28 18:51:14.620  SWING_DAMAGE_LANDED,Player-4755-01733879,"Hocwar-Dreadmist",0x40514,0x0,Creature-0-4457-249-1045-10184-000028665C,"Onyxia",0x10a48,0x0,Creature-0-4457-249-1045-10184-000028665C,0000000000000000,36,100,0,0,0,-1,0,0,0,7.45,-201.23,0,5.1993,63,198,283,-1,1,0,0,0,nil,1,nil
4/28 18:51:14.620  SPELL_DAMAGE,Player-4755-01637B0A,"Pindle-Dreadmist",0x514,0x0,Creature-0-4457-249-1045-10184-000028665C,"Onyxia",0x10a48,0x0,11281,"Backstab",0x1,Creature-0-4457-249-1045-10184-000028665C,0000000000000000,36,100,0,0,0,-1,0,0,0,7.45,-201.23,0,5.1993,63,453,574,-1,1,0,0,0,nil,nil,nil
4/28 18:51:14.620  SPELL_HEAL,Player-4755-01617EEE,"Fenix-Dreadmist",0x512,0x0,Player-4755-0220BD00,"Krikoff-Dreadmist",0x40514,0x0,10916,"Flash Heal",0x2,Player-4755-0220BD00,0000000000000000,54,100,0,0,0,-1,0,0,0,13.56,-194.50,0,3.6953,68,1024,1024,0,0,nil
4/28 18:51:14.620  SPELL_ABSORBED,Creature-0-4457-249-1045-10184-000028665C,"Onyxia",0x10a48,0x0,Player-4755-01802FE5,"Angrybat-Dreadmist",0x514,0x0,Player-4755-01802FE5,"Angrybat-Dreadmist",0x514,0x0,11426,"Ice Barrier",0x10,500,1604
4/28 18:51:14.620  SPELL_ABSORBED,Creature-0-4457-249-1045-10184-000028665C,"Onyxia",0x10a48,0x0,Player-4755-01802FE5,"Angrybat-Dreadmist",0x514,0x0,Player-4755-01ED7A64,"Sperzieboon-Dreadmist",0x514,0x0,10901,"Power Word: Shield",0x2,933,1604
4/28 18:51:14.620  SPELL_AURA_REMOVED,Player-4755-01802FE5,"Angrybat-Dreadmist",0x514,0x0,Player-4755-01802FE5,"Angrybat-Dreadmist",0x514,0x0,11426,"Ice Barrier",0x10,BUFF
4/28 18:51:14.620  SWING_DAMAGE_LANDED,Creature-0-4457-249-1045-10184-000028665C,"Onyxia",0x10a48,0x0,Player-4755-01802FE5,"Angrybat-Dreadmist",0x514,0x0,Player-4755-01802FE5,0000000000000000,100,100,0,0,0,-1,0,0,0,19.39,-211.47,0,3.0416,66,0,1604,-1,1,0,0,1433,nil,nil,nil
4/28 18:51:14.620  SPELL_DAMAGE,Player-4755-01AC9FD9,"Alexinho-Dreadmist",0x514,0x0,Creature-0-4457-249-1045-10184-000028665C,"Onyxia",0x10a48,0x0,11294,"Sinister Strike",0x1,Creature-0-4457-249-1045-10184-000028665C,0000000000000000,36,100,0,0,0,-1,0,0,0,7.45,-201.23,0,5.1993,63,308,448,-1,1,0,46,0,nil,nil,nil
4/28 18:51:14.620  SPELL_DAMAGE,Pet-0-4457-249-1045-7432-01002D8BC6,"Cat",0x1114,0x0,Creature-0-4457-249-1045-10184-000028665C,"Onyxia",0x10a48,0x0,3009,"Claw",0x1,Creature-0-4457-249-1045-10184-000028665C,0000000000000000,36,100,0,0,0,-1,0,0,0,7.45,-201.23,0,5.1993,63,68,87,-1,1,0,0,0,nil,nil,nil
4/28 18:51:14.620  SPELL_CAST_START,Player-4755-0163DD9D,"Kaspais-Dreadmist",0x514,0x0,0000000000000000,nil,0x80000000,0x80000000,5019,"Shoot",0x1
4/28 18:51:14.666  SPELL_CAST_SUCCESS,Player-4755-01F21AE6,"Blahu-Dreadmist",0x40514,0x0,Creature-0-4457-249-1045-10184-000028665C,"Onyxia",0x10a48,0x0,23894,"Bloodthirst",0x1,Player-4755-01F21AE6,0000000000000000,30,100,0,0,0,-1,0,0,0,15.23,-200.26,0,3.4993,70
4/28 18:51:14.666  SPELL_MISSED,Player-4755-01F21AE6,"Blahu-Dreadmist",0x40514,0x0,Creature-0-4457-249-1045-10184-000028665C,"Onyxia",0x10a48,0x0,23894,"Bloodthirst",0x1,PARRY,nil
4/28 18:51:14.689  SPELL_HEAL,Player-4755-01840577,"Raggèn-Dreadmist",0x514,0x0,Player-4755-01840577,"Raggèn-Dreadmist",0x514,0x0,17534,"Healing Potion",0x1,Player-4755-01840577,0000000000000000,52,100,0,0,0,-1,0,0,0,2.66,-211.63,0,1.0132,67,1331,1331,0,0,nil
4/28 18:51:14.689  SPELL_CAST_SUCCESS,Player-4755-01840577,"Raggèn-Dreadmist",0x514,0x0,0000000000000000,nil,0x80000000,0x80000000,17534,"Healing Potion",0x1,Player-4755-01840577,0000000000000000,52,100,0,0,0,-1,0,0,0,2.66,-211.63,0,1.0132,67
4/28 18:51:14.722  SPELL_AURA_REMOVED,Player-4755-0178F416,"Eltorero-Dreadmist",0x514,0x0,Player-4755-0178F416,"Eltorero-Dreadmist",0x514,0x0,18499,"Berserker Rage",0x1,BUFF
4/28 18:51:14.821  SPELL_CAST_SUCCESS,Player-4755-0160BD13,"Mafkees-Dreadmist",0x514,0x0,Creature-0-4457-249-1045-10184-000028665C,"Onyxia",0x10a48,0x0,23894,"Bloodthirst",0x1,Player-4755-0160BD13,0000000000000000,95,100,0,0,0,-1,0,0,0,-0.74,-203.54,0,0.1987,64
4/28 18:51:14.821  SPELL_AURA_APPLIED,Player-4755-0160BD13,"Mafkees-Dreadmist",0x514,0x0,Player-4755-0160BD13,"Mafkees-Dreadmist",0x514,0x0,20007,"Holy Strength",0x2,BUFF
4/28 18:51:14.821  SPELL_HEAL,Player-4755-0160BD13,"Mafkees-Dreadmist",0x514,0x0,Player-4755-0160BD13,"Mafkees-Dreadmist",0x514,0x0,20007,"Holy Strength",0x2,Player-4755-0160BD13,0000000000000000,97,100,0,0,0,-1,0,0,0,-0.74,-203.54,0,0.1987,64,117,117,0,0,nil
4/28 18:51:14.839  SPELL_AURA_REMOVED,Player-4755-015FEBD5,"Sauvage-Dreadmist",0x514,0x0,Player-4755-015FEBD5,"Sauvage-Dreadmist",0x514,0x0,1953,"Blink",0x40,BUFF
4/28 18:51:14.901  SPELL_AURA_APPLIED,Player-4755-0220BD00,"Krikoff-Dreadmist",0x40514,0x0,Player-4755-0220BD00,"Krikoff-Dreadmist",0x40514,0x0,12976,"Last Stand",0x1,BUFF
4/28 18:51:14.901  SPELL_CAST_SUCCESS,Player-4755-0220BD00,"Krikoff-Dreadmist",0x40514,0x0,0000000000000000,nil,0x80000000,0x80000000,12975,"Last Stand",0x1,Player-4755-0220BD00,0000000000000000,65,100,0,0,0,-1,0,0,0,14.20,-193.56,0,3.6953,68
4/28 18:51:14.954  SWING_DAMAGE,Player-4755-01733879,"Hocwar-Dreadmist",0x40514,0x0,Creature-0-4457-249-1045-10184-000028665C,"Onyxia",0x10a48,0x0,Player-4755-01733879,0000000000000000,95,100,0,0,0,-1,0,0,0,12.10,-193.63,0,4.0076,71,125,179,-1,1,0,0,0,nil,1,nil
4/28 18:51:14.954  SPELL_CAST_START,Player-4755-01BC57A3,"Saintis-Dreadmist",0x511,0x0,0000000000000000,nil,0x80000000,0x80000000,10917,"Flash Heal",0x2
4/28 18:51:15.042  SPELL_AURA_REMOVED_DOSE,Player-4755-01733879,"Hocwar-Dreadmist",0x40514,0x0,Player-4755-01733879,"Hocwar-Dreadmist",0x40514,0x0,23885,"Bloodthirst",0x1,BUFF,2
4/28 18:51:15.042  SPELL_AURA_REMOVED_DOSE,Player-4755-01733879,"Hocwar-Dreadmist",0x40514,0x0,Player-4755-01733879,"Hocwar-Dreadmist",0x40514,0x0,12970,"Flurry",0x1,BUFF,2
4/28 18:51:15.042  SPELL_HEAL,Player-4755-01733879,"Hocwar-Dreadmist",0x40514,0x0,Player-4755-01733879,"Hocwar-Dreadmist",0x40514,0x0,23880,"Bloodthirst",0x1,Player-4755-01733879,0000000000000000,95,100,0,0,0,-1,0,0,0,12.03,-193.56,0,4.0076,71,10,10,0,0,nil
4/28 18:51:15.042  SPELL_DAMAGE,Player-4755-0160BD13,"Mafkees-Dreadmist",0x514,0x0,Creature-0-4457-249-1045-10184-000028665C,"Onyxia",0x10a48,0x0,23894,"Bloodthirst",0x1,Creature-0-4457-249-1045-10184-000028665C,0000000000000000,36,100,0,0,0,-1,0,0,0,7.45,-201.23,0,5.1993,63,301,381,-1,1,0,0,0,nil,nil,nil
4/28 18:51:15.042  SPELL_AURA_APPLIED,Player-4755-0160BD13,"Mafkees-Dreadmist",0x514,0x0,Player-4755-0160BD13,"Mafkees-Dreadmist",0x514,0x0,23888,"Bloodthirst",0x1,BUFF
4/28 18:51:15.042  SWING_DAMAGE_LANDED,Player-4755-01733879,"Hocwar-Dreadmist",0x40514,0x0,Creature-0-4457-249-1045-10184-000028665C,"Onyxia",0x10a48,0x0,Creature-0-4457-249-1045-10184-000028665C,0000000000000000,36,100,0,0,0,-1,0,0,0,7.45,-201.23,0,5.1993,63,125,179,-1,1,0,0,0,nil,1,nil
4/28 18:51:15.080  SWING_MISSED,Player-4755-01AC9FD9,"Alexinho-Dreadmist",0x514,0x0,Creature-0-4457-249-1045-10184-000028665C,"Onyxia",0x10a48,0x0,DODGE,1
4/28 18:51:15.099  SPELL_PERIODIC_ENERGIZE,Player-4755-01F21AE6,"Blahu-Dreadmist",0x40514,0x0,Player-4755-01F21AE6,"Blahu-Dreadmist",0x40514,0x0,29131,"Bloodrage",0x1,Player-4755-01F21AE6,0000000000000000,30,100,0,0,0,-1,0,0,0,15.23,-200.26,0,3.4993,70,1.0000,0.0000,1,1000
4/28 18:51:15.115  SWING_MISSED,Player-4755-01AC9FD9,"Alexinho-Dreadmist",0x514,0x0,Creature-0-4457-249-1045-10184-000028665C,"Onyxia",0x10a48,0x0,PARRY,nil
4/28 18:51:15.131  SPELL_CAST_SUCCESS,Player-4755-0163DD9D,"Kaspais-Dreadmist",0x514,0x0,Creature-0-4457-249-1045-10184-000028665C,"Onyxia",0x10a48,0x0,5019,"Shoot",0x1,Player-4755-0163DD9D,0000000000000000,100,100,0,0,0,-1,0,0,0,-8.13,-173.50,0,5.3265,66
4/28 18:51:15.199  SPELL_PERIODIC_ENERGIZE,Creature-0-4457-249-1045-7416-0000286CFC,"Mana Spring Totem IV",0x2114,0x0,Player-4755-016296D3,"Nivl-Dreadmist",0x514,0x0,10494,"Mana Spring",0x8,Player-4755-016296D3,0000000000000000,100,100,0,0,0,-1,0,0,0,-1.91,-172.83,0,0.1198,69,10.0000,0.0000,0,5845
4/28 18:51:15.221  SWING_MISSED,Player-4755-01637B0A,"Pindle-Dreadmist",0x514,0x0,Creature-0-4457-249-1045-10184-000028665C,"Onyxia",0x10a48,0x0,DODGE,nil
4/28 18:51:15.221  SPELL_CAST_START,Player-4755-016296D3,"Nivl-Dreadmist",0x514,0x0,0000000000000000,nil,0x80000000,0x80000000,10623,"Chain Heal",0x8
4/28 18:51:15.311  SWING_MISSED,Player-4755-01637B0A,"Pindle-Dreadmist",0x514,0x0,Creature-0-4457-249-1045-10184-000028665C,"Onyxia",0x10a48,0x0,DODGE,1
4/28 18:51:15.327  SWING_MISSED,Player-4755-01F21AE6,"Blahu-Dreadmist",0x40514,0x0,Creature-0-4457-249-1045-10184-000028665C,"Onyxia",0x10a48,0x0,MISS,1
4/28 18:51:15.327  SPELL_AURA_REFRESH,Player-4755-015FEBD5,"Sauvage-Dreadmist",0x514,0x0,Player-4755-015FEBD5,"Sauvage-Dreadmist",0x514,0x0,10193,"Mana Shield",0x40,BUFF
4/28 18:51:15.327  SPELL_CAST_SUCCESS,Player-4755-015FEBD5,"Sauvage-Dreadmist",0x514,0x0,0000000000000000,nil,0x80000000,0x80000000,10193,"Mana Shield",0x40,Player-4755-015FEBD5,0000000000000000,100,100,0,0,0,-1,0,0,0,-20.83,-211.62,0,5.0713,64
4/28 18:51:15.425  SPELL_CAST_START,Creature-0-4457-249-1045-10184-000028665C,"Onyxia",0x10a48,0x0,0000000000000000,nil,0x80000000,0x80000000,18431,"Bellowing Roar",0x1
4/28 18:51:15.443  SPELL_AURA_REMOVED_DOSE,Player-4755-0160BD13,"Mafkees-Dreadmist",0x514,0x0,Player-4755-0160BD13,"Mafkees-Dreadmist",0x514,0x0,23888,"Bloodthirst",0x1,BUFF,4
4/28 18:51:15.443  SPELL_HEAL,Player-4755-0160BD13,"Mafkees-Dreadmist",0x514,0x0,Player-4755-0160BD13,"Mafkees-Dreadmist",0x514,0x0,23891,"Bloodthirst",0x1,Player-4755-0160BD13,0000000000000000,98,100,0,0,0,-1,0,0,0,-0.55,-204.31,0,0.2340,64,20,20,0,0,nil
4/28 18:51:15.443  SPELL_AURA_REMOVED_DOSE,Player-4755-01733879,"Hocwar-Dreadmist",0x40514,0x0,Player-4755-01733879,"Hocwar-Dreadmist",0x40514,0x0,23885,"Bloodthirst",0x1,BUFF,1
4/28 18:51:15.443  SPELL_AURA_REMOVED_DOSE,Player-4755-01733879,"Hocwar-Dreadmist",0x40514,0x0,Player-4755-01733879,"Hocwar-Dreadmist",0x40514,0x0,12970,"Flurry",0x1,BUFF,1
4/28 18:51:15.443  SPELL_HEAL,Player-4755-01733879,"Hocwar-Dreadmist",0x40514,0x0,Player-4755-01733879,"Hocwar-Dreadmist",0x40514,0x0,23880,"Bloodthirst",0x1,Player-4755-01733879,0000000000000000,95,100,0,0,0,-1,0,0,0,12.03,-193.48,0,4.1607,71,10,10,0,0,nil
4/28 18:51:15.624  SPELL_PERIODIC_HEAL,Player-4755-02045EF4,"Necrosini-Dreadmist",0x512,0x0,Player-4755-0220BD00,"Krikoff-Dreadmist",0x40514,0x0,10929,"Renew",0x2,Player-4755-0220BD00,0000000000000000,68,100,0,0,0,-1,0,0,0,15.04,-191.92,0,3.7150,68,253,253,0,0,nil
4/28 18:51:15.624  SPELL_CAST_SUCCESS,Player-4755-0220BD00,"Krikoff-Dreadmist",0x40514,0x0,Creature-0-4457-249-1045-10184-000028665C,"Onyxia",0x10a48,0x0,11597,"Sunder Armor",0x1,Player-4755-0220BD00,0000000000000000,68,100,0,0,0,-1,0,0,0,15.04,-191.92,0,3.7150,68
4/28 18:51:15.654  SPELL_MISSED,Player-4755-0178F416,"Eltorero-Dreadmist",0x514,0x0,Creature-0-4457-249-1045-10184-000028665C,"Onyxia",0x10a48,0x0,21162,"Fireball",0x4,IMMUNE,nil
4/28 18:51:15.654  SWING_DAMAGE,Player-4755-0178F416,"Eltorero-Dreadmist",0x514,0x0,Creature-0-4457-249-1045-10184-000028665C,"Onyxia",0x10a48,0x0,Player-4755-0178F416,0000000000000000,100,100,0,0,0,-1,0,0,0,-4.63,-213.32,0,0.5024,67,1162,737,-1,1,0,0,0,1,nil,nil
4/28 18:51:15.671  SPELL_CAST_START,Player-4755-0210153A,"Hapuseneb-Dreadmist",0x514,0x0,0000000000000000,nil,0x80000000,0x80000000,10917,"Flash Heal",0x2
4/28 18:51:15.686  SPELL_CAST_SUCCESS,Player-4755-01733879,"Hocwar-Dreadmist",0x40514,0x0,Creature-0-4457-249-1045-10184-000028665C,"Onyxia",0x10a48,0x0,11567,"Heroic Strike",0x1,Player-4755-01733879,0000000000000000,95,100,0,0,0,-1,0,0,0,12.78,-192.87,0,4.1607,71
4/28 18:51:15.686  SPELL_AURA_REMOVED,Player-4755-01733879,"Hocwar-Dreadmist",0x40514,0x0,Player-4755-01733879,"Hocwar-Dreadmist",0x40514,0x0,12970,"Flurry",0x1,BUFF
4/28 18:51:15.703  SWING_DAMAGE,Pet-0-4457-249-1045-7432-01002D8BC6,"Cat",0x1114,0x0,Creature-0-4457-249-1045-10184-000028665C,"Onyxia",0x10a48,0x0,Pet-0-4457-249-1045-7432-01002D8BC6,Player-4755-01E83279,88,100,0,0,0,-1,0,0,0,-17.41,-200.02,0,6.2782,71,57,102,-1,1,0,0,0,nil,1,nil
4/28 18:51:15.820  SWING_DAMAGE,Player-4755-01F21AE6,"Blahu-Dreadmist",0x40514,0x0,Creature-0-4457-249-1045-10184-000028665C,"Onyxia",0x10a48,0x0,Player-4755-01F21AE6,0000000000000000,30,100,0,0,0,-1,0,0,0,16.80,-200.90,0,3.5315,70,195,348,-1,1,0,0,0,nil,1,nil
4/28 18:51:15.836  SWING_DAMAGE,Player-4755-0160BD13,"Mafkees-Dreadmist",0x514,0x0,Creature-0-4457-249-1045-10184-000028665C,"Onyxia",0x10a48,0x0,Player-4755-0160BD13,0000000000000000,98,100,0,0,0,-1,0,0,0,0.46,-206.48,0,0.4971,64,352,517,-1,1,0,0,0,nil,1,nil
4/28 18:51:15.836  SPELL_PERIODIC_ENERGIZE,Creature-0-4457-249-1045-7416-0000286CFC,"Mana Spring Totem IV",0x2114,0x0,Player-4755-0178F576,"Atreas-Dreadmist",0x514,0x0,10494,"Mana Spring",0x8,Player-4755-0178F576,0000000000000000,100,100,0,0,0,-1,0,0,0,-15.87,-174.94,0,6.0262,66,10.0000,0.0000,0,3765
4/28 18:51:15.836  SWING_DAMAGE_LANDED,Player-4755-0178F416,"Eltorero-Dreadmist",0x514,0x0,Creature-0-4457-249-1045-10184-000028665C,"Onyxia",0x10a48,0x0,Creature-0-4457-249-1045-10184-000028665C,0000000000000000,36,100,0,0,0,-1,0,0,0,7.45,-201.23,0,5.6393,63,1162,737,-1,1,0,0,0,1,nil,nil
4/28 18:51:15.836  SPELL_DAMAGE,Player-4755-01733879,"Hocwar-Dreadmist",0x40514,0x0,Creature-0-4457-249-1045-10184-000028665C,"Onyxia",0x10a48,0x0,11567,"Heroic Strike",0x1,Creature-0-4457-249-1045-10184-000028665C,0000000000000000,36,100,0,0,0,-1,0,0,0,7.45,-201.23,0,5.6393,63,334,423,-1,1,0,0,0,nil,nil,nil
4/28 18:51:15.836  SWING_DAMAGE_LANDED,Pet-0-4457-249-1045-7432-01002D8BC6,"Cat",0x1114,0x0,Creature-0-4457-249-1045-10184-000028665C,"Onyxia",0x10a48,0x0,Creature-0-4457-249-1045-10184-000028665C,0000000000000000,36,100,0,0,0,-1,0,0,0,7.45,-201.23,0,5.6393,63,57,102,-1,1,0,0,0,nil,1,nil
4/28 18:51:15.836  SWING_DAMAGE_LANDED,Player-4755-01F21AE6,"Blahu-Dreadmist",0x40514,0x0,Creature-0-4457-249-1045-10184-000028665C,"Onyxia",0x10a48,0x0,Creature-0-4457-249-1045-10184-000028665C,0000000000000000,36,100,0,0,0,-1,0,0,0,7.45,-201.23,0,5.6393,63,195,348,-1,1,0,0,0,nil,1,nil
4/28 18:51:15.836  SWING_DAMAGE_LANDED,Player-4755-0160BD13,"Mafkees-Dreadmist",0x514,0x0,Creature-0-4457-249-1045-10184-000028665C,"Onyxia",0x10a48,0x0,Creature-0-4457-249-1045-10184-000028665C,0000000000000000,36,100,0,0,0,-1,0,0,0,7.45,-201.23,0,5.6393,63,352,517,-1,1,0,0,0,nil,1,nil
4/28 18:51:15.876  SPELL_CAST_SUCCESS,Player-4755-01AC9FD9,"Alexinho-Dreadmist",0x514,0x0,0000000000000000,nil,0x80000000,0x80000000,20572,"Blood Fury",0x1,Player-4755-01AC9FD9,0000000000000000,100,100,0,0,0,-1,0,0,0,13.81,-196.54,0,3.8835,66
4/28 18:51:15.876  SPELL_AURA_REMOVED,Player-4755-01ED7A64,"Sperzieboon-Dreadmist",0x514,0x0,Player-4755-01ED7A64,"Sperzieboon-Dreadmist",0x514,0x0,6788,"Weakened Soul",0x2,DEBUFF
4/28 18:51:15.954  SWING_MISSED,Player-4755-0220BD00,"Krikoff-Dreadmist",0x40514,0x0,Creature-0-4457-249-1045-10184-000028665C,"Onyxia",0x10a48,0x0,MISS,1
4/28 18:51:15.998  SPELL_CAST_SUCCESS,Player-4755-01617EEE,"Fenix-Dreadmist",0x512,0x0,Player-4755-01F21AE6,"Blahu-Dreadmist",0x40514,0x0,10916,"Flash Heal",0x2,Player-4755-01617EEE,0000000000000000,100,100,0,0,0,-1,0,0,0,25.32,-180.59,0,3.9958,66
4/28 18:51:15.998  SPELL_CAST_START,Player-4755-01617EEE,"Fenix-Dreadmist",0x512,0x0,0000000000000000,nil,0x80000000,0x80000000,10916,"Flash Heal",0x2
4/28 18:51:16.044  SPELL_CAST_START,Player-4755-01804B95,"Moymoy-Dreadmist",0x514,0x0,0000000000000000,nil,0x80000000,0x80000000,10468,"Lesser Healing Wave",0x8
4/28 18:51:16.104  SPELL_PERIODIC_ENERGIZE,Player-4755-01F21AE6,"Blahu-Dreadmist",0x40514,0x0,Player-4755-01F21AE6,"Blahu-Dreadmist",0x40514,0x0,29131,"Bloodrage",0x1,Player-4755-01F21AE6,0000000000000000,30,100,0,0,0,-1,0,0,0,18.03,-200.83,0,3.6040,70,1.0000,0.0000,1,1000
4/28 18:51:16.132  SPELL_CAST_START,Player-4755-0163DD9D,"Kaspais-Dreadmist",0x514,0x0,0000000000000000,nil,0x80000000,0x80000000,5019,"Shoot",0x1
4/28 18:51:16.162  SPELL_CAST_SUCCESS,Player-4755-01F21AE6,"Blahu-Dreadmist",0x40514,0x0,Creature-0-4457-249-1045-10184-000028665C,"Onyxia",0x10a48,0x0,11597,"Sunder Armor",0x1,Player-4755-01F21AE6,0000000000000000,30,100,0,0,0,-1,0,0,0,18.27,-200.91,0,3.6040,70
4/28 18:51:16.163  SPELL_AURA_APPLIED,Player-4755-01F21AE6,"Blahu-Dreadmist",0x40514,0x0,Player-4755-01F21AE6,"Blahu-Dreadmist",0x40514,0x0,10610,"Windfury Totem",0x8,BUFF
4/28 18:51:16.163  SPELL_EXTRA_ATTACKS,Player-4755-01F21AE6,"Blahu-Dreadmist",0x40514,0x0,Player-4755-01F21AE6,"Blahu-Dreadmist",0x40514,0x0,10610,"Windfury Totem",0x8,1
4/28 18:51:16.179  SWING_DAMAGE,Player-4755-016DF694,"Ashalan-Dreadmist",0x514,0x0,Creature-0-4457-249-1045-10184-000028665C,"Onyxia",0x10a48,0x0,Player-4755-016DF694,0000000000000000,80,100,0,0,0,-1,0,0,0,9.84,-192.57,0,4.5954,67,409,519,-1,1,0,0,0,nil,nil,nil
4/28 18:51:16.179  SWING_MISSED,Player-4755-01F21AE6,"Blahu-Dreadmist",0x40514,0x0,Creature-0-4457-249-1045-10184-000028665C,"Onyxia",0x10a48,0x0,MISS,nil
4/28 18:51:16.244  SPELL_CAST_SUCCESS,Pet-0-4457-249-1045-7432-01002D8BC6,"Cat",0x1114,0x0,Creature-0-4457-249-1045-10184-000028665C,"Onyxia",0x10a48,0x0,3009,"Claw",0x1,Pet-0-4457-249-1045-7432-01002D8BC6,Player-4755-01E83279,88,100,0,0,0,-1,0,0,0,-17.41,-200.02,0,6.2782,71
4/28 18:51:16.262  SPELL_AURA_REMOVED_DOSE,Player-4755-0178F416,"Eltorero-Dreadmist",0x514,0x0,Player-4755-0178F416,"Eltorero-Dreadmist",0x514,0x0,12970,"Flurry",0x1,BUFF,2
4/28 18:51:16.262  SPELL_AURA_APPLIED_DOSE,Player-4755-0178F416,"Eltorero-Dreadmist",0x514,0x0,Player-4755-0178F416,"Eltorero-Dreadmist",0x514,0x0,12970,"Flurry",0x1,BUFF,3
4/28 18:51:16.262  SPELL_HEAL,Player-4755-01733879,"Hocwar-Dreadmist",0x40514,0x0,Player-4755-01733879,"Hocwar-Dreadmist",0x40514,0x0,23880,"Bloodthirst",0x1,Player-4755-01733879,0000000000000000,95,100,0,0,0,-1,0,0,0,12.88,-192.72,0,4.1607,71,10,10,0,0,nil
4/28 18:51:16.262  SPELL_AURA_REMOVED,Player-4755-01733879,"Hocwar-Dreadmist",0x40514,0x0,Player-4755-01733879,"Hocwar-Dreadmist",0x40514,0x0,23885,"Bloodthirst",0x1,BUFF
4/28 18:51:16.262  SPELL_AURA_REMOVED_DOSE,Player-4755-01F21AE6,"Blahu-Dreadmist",0x40514,0x0,Player-4755-01F21AE6,"Blahu-Dreadmist",0x40514,0x0,10610,"Windfury Totem",0x8,BUFF,1
4/28 18:51:16.262  SPELL_AURA_REMOVED_DOSE,Player-4755-0160BD13,"Mafkees-Dreadmist",0x514,0x0,Player-4755-0160BD13,"Mafkees-Dreadmist",0x514,0x0,23888,"Bloodthirst",0x1,BUFF,3
4/28 18:51:16.262  SPELL_AURA_REMOVED_DOSE,Player-4755-0160BD13,"Mafkees-Dreadmist",0x514,0x0,Player-4755-0160BD13,"Mafkees-Dreadmist",0x514,0x0,12970,"Flurry",0x1,BUFF,2
4/28 18:51:16.262  SPELL_HEAL,Player-4755-0160BD13,"Mafkees-Dreadmist",0x514,0x0,Player-4755-0160BD13,"Mafkees-Dreadmist",0x514,0x0,23891,"Bloodthirst",0x1,Player-4755-0160BD13,0000000000000000,98,100,0,0,0,-1,0,0,0,2.39,-207.58,0,0.6071,64,20,20,0,0,nil
4/28 18:51:16.262  SPELL_HEAL,Player-4755-01617EEE,"Fenix-Dreadmist",0x512,0x0,Player-4755-01F21AE6,"Blahu-Dreadmist",0x40514,0x0,10916,"Flash Heal",0x2,Player-4755-01F21AE6,0000000000000000,44,100,0,0,0,-1,0,0,0,18.69,-201.05,0,3.6040,70,1102,1102,0,0,nil
4/28 18:51:16.262  SWING_DAMAGE_LANDED,Player-4755-016DF694,"Ashalan-Dreadmist",0x514,0x0,Creature-0-4457-249-1045-10184-000028665C,"Onyxia",0x10a48,0x0,Creature-0-4457-249-1045-10184-000028665C,0000000000000000,36,100,0,0,0,-1,0,0,0,7.45,-201.23,0,5.6393,63,409,519,-1,1,0,0,0,nil,nil,nil
4/28 18:51:16.262  SPELL_AURA_APPLIED,Player-4755-0178F576,"Atreas-Dreadmist",0x514,0x0,Player-4755-0178F416,"Eltorero-Dreadmist",0x514,0x0,20906,"Trueshot Aura",0x40,BUFF
4/28 18:51:16.262  SPELL_AURA_APPLIED,Player-4755-0178F576,"Atreas-Dreadmist",0x514,0x0,Player-4755-0160BD13,"Mafkees-Dreadmist",0x514,0x0,20906,"Trueshot Aura",0x40,BUFF
4/28 18:51:16.262  SPELL_DAMAGE,Pet-0-4457-249-1045-7432-01002D8BC6,"Cat",0x1114,0x0,Creature-0-4457-249-1045-10184-000028665C,"Onyxia",0x10a48,0x0,3009,"Claw",0x1,Creature-0-4457-249-1045-10184-000028665C,0000000000000000,36,100,0,0,0,-1,0,0,0,7.45,-201.23,0,5.6393,63,56,70,-1,1,0,0,0,nil,nil,nil
4/28 18:51:16.316  SPELL_AURA_APPLIED,Player-4755-0160BD13,"Mafkees-Dreadmist",0x514,0x0,Player-4755-0160BD13,"Mafkees-Dreadmist",0x514,0x0,18499,"Berserker Rage",0x1,BUFF
4/28 18:51:16.316  SPELL_CAST_SUCCESS,Player-4755-0160BD13,"Mafkees-Dreadmist",0x514,0x0,0000000000000000,nil,0x80000000,0x80000000,18499,"Berserker Rage",0x1,Player-4755-0160BD13,0000000000000000,98,100,0,0,0,-1,0,0,0,2.39,-207.58,0,0.6071,64
4/28 18:51:16.346  SWING_DAMAGE,Player-4755-01733879,"Hocwar-Dreadmist",0x40514,0x0,Creature-0-4457-249-1045-10184-000028665C,"Onyxia",0x10a48,0x0,Player-4755-01733879,0000000000000000,95,100,0,0,0,-1,0,0,0,12.88,-192.72,0,4.1607,71,240,152,-1,1,0,0,0,1,nil,nil
4/28 18:51:16.364  SPELL_CAST_SUCCESS,Player-4755-01BC57A3,"Saintis-Dreadmist",0x511,0x0,Player-4755-01F21AE6,"Blahu-Dreadmist",0x40514,0x0,10917,"Flash Heal",0x2,Player-4755-01BC57A3,0000000000000000,50,100,0,0,0,-1,0,0,0,-5.94,-216.59,0,0.7940,68
4/28 18:51:16.397  SWING_DAMAGE,Player-4755-01637B0A,"Pindle-Dreadmist",0x514,0x0,Creature-0-4457-249-1045-10184-000028665C,"Onyxia",0x10a48,0x0,Player-4755-01637B0A,0000000000000000,82,100,0,0,0,-1,0,0,0,10.02,-192.72,0,4.5646,65,76,104,-1,1,0,0,0,nil,1,nil
4/28 18:51:16.617  SWING_DAMAGE,Player-4755-01637B0A,"Pindle-Dreadmist",0x514,0x0,Creature-0-4457-249-1045-10184-000028665C,"Onyxia",0x10a48,0x0,Player-4755-01637B0A,0000000000000000,82,100,0,0,0,-1,0,0,0,9.94,-193.17,0,4.5292,65,144,182,-1,1,0,0,0,nil,nil,nil
4/28 18:51:16.652  SPELL_AURA_REFRESH,Player-4755-0178F416,"Eltorero-Dreadmist",0x514,0x0,Creature-0-4457-249-1045-10184-000028665C,"Onyxia",0x10a48,0x0,12721,"Deep Wound",0x1,DEBUFF
4/28 18:51:16.652  SPELL_AURA_REMOVED_DOSE,Player-4755-016DF694,"Ashalan-Dreadmist",0x514,0x0,Player-4755-016DF694,"Ashalan-Dreadmist",0x514,0x0,16280,"Flurry",0x1,BUFF,2
4/28 18:51:16.652  SPELL_AURA_REMOVED,Player-4755-01F21AE6,"Blahu-Dreadmist",0x40514,0x0,Player-4755-01F21AE6,"Blahu-Dreadmist",0x40514,0x0,10610,"Windfury Totem",0x8,BUFF
4/28 18:51:16.652  SWING_DAMAGE_LANDED,Player-4755-01733879,"Hocwar-Dreadmist",0x40514,0x0,Creature-0-4457-249-1045-10184-000028665C,"Onyxia",0x10a48,0x0,Creature-0-4457-249-1045-10184-000028665C,0000000000000000,36,100,0,0,0,-1,0,0,0,7.45,-201.23,0,5.6393,63,240,152,-1,1,0,0,0,1,nil,nil
4/28 18:51:16.652  SPELL_HEAL,Player-4755-01BC57A3,"Saintis-Dreadmist",0x511,0x0,Player-4755-01F21AE6,"Blahu-Dreadmist",0x40514,0x0,10917,"Flash Heal",0x2,Player-4755-01F21AE6,0000000000000000,68,100,0,0,0,-1,0,0,0,20.05,-202.57,0,3.5185,70,1840,1840,0,0,1
4/28 18:51:16.652  SWING_DAMAGE_LANDED,Player-4755-01637B0A,"Pindle-Dreadmist",0x514,0x0,Creature-0-4457-249-1045-10184-000028665C,"Onyxia",0x10a48,0x0,Creature-0-4457-249-1045-10184-000028665C,0000000000000000,36,100,0,0,0,-1,0,0,0,7.45,-201.23,0,5.6393,63,76,104,-1,1,0,0,0,nil,1,nil
4/28 18:51:16.652  SWING_DAMAGE_LANDED,Player-4755-01637B0A,"Pindle-Dreadmist",0x514,0x0,Creature-0-4457-249-1045-10184-000028665C,"Onyxia",0x10a48,0x0,Creature-0-4457-249-1045-10184-000028665C,0000000000000000,36,100,0,0,0,-1,0,0,0,7.45,-201.23,0,5.6393,63,144,182,-1,1,0,0,0,nil,nil,nil
4/28 18:51:16.652  SPELL_CAST_SUCCESS,Player-4755-0163DD9D,"Kaspais-Dreadmist",0x514,0x0,Creature-0-4457-249-1045-10184-000028665C,"Onyxia",0x10a48,0x0,5019,"Shoot",0x1,Player-4755-0163DD9D,0000000000000000,100,100,0,0,0,-1,0,0,0,-8.13,-173.50,0,5.3265,66
4/28 18:51:16.735  RANGE_DAMAGE,Player-4755-0163DD9D,"Kaspais-Dreadmist",0x514,0x0,Creature-0-4457-249-1045-10184-000028665C,"Onyxia",0x10a48,0x0,5019,"Shoot",0x1,Creature-0-4457-249-1045-10184-000028665C,0000000000000000,35,100,0,0,0,-1,0,0,0,7.45,-201.23,0,5.6393,63,118,107,-1,16,0,0,0,nil,nil,nil
4/28 18:51:16.735  SPELL_AURA_REMOVED,Player-4755-01FA8DD8,"Roackerita-Dreadmist",0x514,0x0,Player-4755-01614AC7,"Mirrimazduur-Dreadmist",0x512,0x0,10901,"Power Word: Shield",0x2,BUFF
4/28 18:51:16.820  SPELL_CAST_SUCCESS,Player-4755-016DF694,"Ashalan-Dreadmist",0x514,0x0,0000000000000000,nil,0x80000000,0x80000000,8143,"Tremor Totem",0x8,Player-4755-016DF694,0000000000000000,80,100,0,0,0,-1,0,0,0,9.84,-192.95,0,4.3315,67
4/28 18:51:16.820  SPELL_SUMMON,Player-4755-016DF694,"Ashalan-Dreadmist",0x514,0x0,Creature-0-4457-249-1045-5913-0000286D14,"Tremor Totem",0xa28,0x0,8143,"Tremor Totem",0x8
4/28 18:51:16.836  SPELL_PERIODIC_HEAL,Player-4755-02045EF4,"Necrosini-Dreadmist",0x512,0x0,Player-4755-01F21AE6,"Blahu-Dreadmist",0x40514,0x0,10929,"Renew",0x2,Player-4755-01F21AE6,0000000000000000,72,100,0,0,0,-1,0,0,0,20.77,-203.07,0,3.4448,70,253,253,0,0,nil
4/28 18:51:16.888  SWING_DAMAGE,Player-4755-01AC9FD9,"Alexinho-Dreadmist",0x514,0x0,Creature-0-4457-249-1045-10184-000028665C,"Onyxia",0x10a48,0x0,Player-4755-01AC9FD9,0000000000000000,100,100,0,0,0,-1,0,0,0,13.81,-196.54,0,3.6793,66,107,162,-1,1,0,0,0,nil,1,nil
4/28 18:51:16.941  SPELL_CAST_SUCCESS,Creature-0-4457-249-1045-10184-000028665C,"Onyxia",0x10a48,0x0,0000000000000000,nil,0x80000000,0x80000000,18431,"Bellowing Roar",0x1,Creature-0-4457-249-1045-10184-000028665C,0000000000000000,35,100,0,0,0,-1,0,0,0,7.45,-201.23,0,5.6393,63
4/28 18:51:16.941  SPELL_MISSED,Creature-0-4457-249-1045-10184-000028665C,"Onyxia",0x10a48,0x0,Player-4755-0160BD13,"Mafkees-Dreadmist",0x514,0x0,18431,"Bellowing Roar",0x1,IMMUNE,nil
4/28 18:51:16.941  SPELL_MISSED,Creature-0-4457-249-1045-10184-000028665C,"Onyxia",0x10a48,0x0,Player-4755-01ED7A64,"Sperzieboon-Dreadmist",0x514,0x0,18431,"Bellowing Roar",0x1,RESIST,nil,0
4/28 18:51:16.941  SPELL_MISSED,Creature-0-4457-249-1045-10184-000028665C,"Onyxia",0x10a48,0x0,Player-4755-01F21AE6,"Blahu-Dreadmist",0x40514,0x0,18431,"Bellowing Roar",0x1,IMMUNE,nil
4/28 18:51:16.941  SPELL_MISSED,Creature-0-4457-249-1045-10184-000028665C,"Onyxia",0x10a48,0x0,Player-4755-0220BD00,"Krikoff-Dreadmist",0x40514,0x0,18431,"Bellowing Roar",0x1,IMMUNE,nil
4/28 18:51:16.995  SPELL_PERIODIC_HEAL,Player-4755-02045EF4,"Necrosini-Dreadmist",0x512,0x0,Player-4755-01A6B139,"Sakatan-Dreadmist",0x514,0x0,10929,"Renew",0x2,Player-4755-01A6B139,0000000000000000,99,100,0,0,0,-1,0,0,0,5.06,-185.11,0,4.9134,69,253,253,0,0,nil
4/28 18:51:17.053  SPELL_AURA_APPLIED,Player-4755-01733879,"Hocwar-Dreadmist",0x40514,0x0,Player-4755-01733879,"Hocwar-Dreadmist",0x40514,0x0,12970,"Flurry",0x1,BUFF
4/28 18:51:17.053  SWING_DAMAGE_LANDED,Player-4755-01AC9FD9,"Alexinho-Dreadmist",0x514,0x0,Creature-0-4457-249-1045-10184-000028665C,"Onyxia",0x10a48,0x0,Creature-0-4457-249-1045-10184-000028665C,0000000000000000,35,100,0,0,0,-1,0,0,0,7.45,-201.23,0,5.6393,63,107,162,-1,1,0,0,0,nil,1,nil
4/28 18:51:17.054  SPELL_AURA_APPLIED,Creature-0-4457-249-1045-10184-000028665C,"Onyxia",0x10a48,0x0,Player-4755-015FEBD5,"Sauvage-Dreadmist",0x514,0x0,18431,"Bellowing Roar",0x1,DEBUFF
4/28 18:51:17.054  SPELL_AURA_APPLIED,Creature-0-4457-249-1045-10184-000028665C,"Onyxia",0x10a48,0x0,Player-4755-016296D3,"Nivl-Dreadmist",0x514,0x0,18431,"Bellowing Roar",0x1,DEBUFF
4/28 18:51:17.054  SPELL_AURA_APPLIED,Creature-0-4457-249-1045-10184-000028665C,"Onyxia",0x10a48,0x0,Player-4755-0163DD9D,"Kaspais-Dreadmist",0x514,0x0,18431,"Bellowing Roar",0x1,DEBUFF
4/28 18:51:17.054  SPELL_AURA_APPLIED,Creature-0-4457-249-1045-10184-000028665C,"Onyxia",0x10a48,0x0,Player-4755-0178F416,"Eltorero-Dreadmist",0x514,0x0,18431,"Bellowing Roar",0x1,DEBUFF
4/28 18:51:17.054  SPELL_AURA_APPLIED,Creature-0-4457-249-1045-10184-000028665C,"Onyxia",0x10a48,0x0,Player-4755-0178F576,"Atreas-Dreadmist",0x514,0x0,18431,"Bellowing Roar",0x1,DEBUFF
4/28 18:51:17.054  SPELL_AURA_APPLIED,Creature-0-4457-249-1045-10184-000028665C,"Onyxia",0x10a48,0x0,Player-4755-01BC57A3,"Saintis-Dreadmist",0x511,0x0,18431,"Bellowing Roar",0x1,DEBUFF
4/28 18:51:17.054  SPELL_AURA_APPLIED,Creature-0-4457-249-1045-10184-000028665C,"Onyxia",0x10a48,0x0,Player-4755-01E83279,"Nlmasters-Dreadmist",0x514,0x8,18431,"Bellowing Roar",0x1,DEBUFF
4/28 18:51:17.054  SPELL_AURA_APPLIED,Creature-0-4457-249-1045-10184-000028665C,"Onyxia",0x10a48,0x0,Player-4755-02045EF4,"Necrosini-Dreadmist",0x512,0x0,18431,"Bellowing Roar",0x1,DEBUFF
4/28 18:51:17.054  SPELL_AURA_APPLIED,Creature-0-4457-249-1045-10184-000028665C,"Onyxia",0x10a48,0x0,Player-4755-020BD78D,"Lonehunter-Dreadmist",0x514,0x0,18431,"Bellowing Roar",0x1,DEBUFF
4/28 18:51:17.054  SPELL_AURA_APPLIED,Creature-0-4457-249-1045-10184-000028665C,"Onyxia",0x10a48,0x0,Pet-0-4457-249-1045-2850-01001956F9,"Kratos",0x1114,0x0,18431,"Bellowing Roar",0x1,DEBUFF
4/28 18:51:17.054  SPELL_AURA_APPLIED,Creature-0-4457-249-1045-10184-000028665C,"Onyxia",0x10a48,0x0,Pet-0-4457-249-1045-7432-01002D8BC6,"Cat",0x1114,0x0,18431,"Bellowing Roar",0x1,DEBUFF
4/28 18:51:17.054  SPELL_AURA_APPLIED,Creature-0-4457-249-1045-10184-000028665C,"Onyxia",0x10a48,0x0,Player-4755-01614AC7,"Mirrimazduur-Dreadmist",0x512,0x0,18431,"Bellowing Roar",0x1,DEBUFF
4/28 18:51:17.054  SPELL_AURA_APPLIED,Creature-0-4457-249-1045-10184-000028665C,"Onyxia",0x10a48,0x0,Player-4755-01617EEE,"Fenix-Dreadmist",0x512,0x0,18431,"Bellowing Roar",0x1,DEBUFF
4/28 18:51:17.054  SPELL_AURA_APPLIED,Creature-0-4457-249-1045-10184-000028665C,"Onyxia",0x10a48,0x0,Player-4755-01637B0A,"Pindle-Dreadmist",0x514,0x0,18431,"Bellowing Roar",0x1,DEBUFF
4/28 18:51:17.054  SPELL_AURA_APPLIED,Creature-0-4457-249-1045-10184-000028665C,"Onyxia",0x10a48,0x0,Player-4755-016DF694,"Ashalan-Dreadmist",0x514,0x0,18431,"Bellowing Roar",0x1,DEBUFF
4/28 18:51:17.054  SPELL_AURA_APPLIED,Creature-0-4457-249-1045-10184-000028665C,"Onyxia",0x10a48,0x0,Player-4755-01733879,"Hocwar-Dreadmist",0x40514,0x0,18431,"Bellowing Roar",0x1,DEBUFF
4/28 18:51:17.054  SPELL_AURA_APPLIED,Creature-0-4457-249-1045-10184-000028665C,"Onyxia",0x10a48,0x0,Player-4755-01802FE5,"Angrybat-Dreadmist",0x514,0x0,18431,"Bellowing Roar",0x1,DEBUFF
4/28 18:51:17.054  SPELL_AURA_APPLIED,Creature-0-4457-249-1045-10184-000028665C,"Onyxia",0x10a48,0x0,Player-4755-01804B95,"Moymoy-Dreadmist",0x514,0x0,18431,"Bellowing Roar",0x1,DEBUFF
4/28 18:51:17.054  SPELL_AURA_APPLIED,Creature-0-4457-249-1045-10184-000028665C,"Onyxia",0x10a48,0x0,Player-4755-01840577,"Raggèn-Dreadmist",0x514,0x0,18431,"Bellowing Roar",0x1,DEBUFF
4/28 18:51:17.054  SPELL_AURA_APPLIED,Creature-0-4457-249-1045-10184-000028665C,"Onyxia",0x10a48,0x0,Player-4755-01A6B139,"Sakatan-Dreadmist",0x514,0x0,18431,"Bellowing Roar",0x1,DEBUFF
4/28 18:51:17.054  SPELL_AURA_APPLIED,Creature-0-4457-249-1045-10184-000028665C,"Onyxia",0x10a48,0x0,Player-4755-01AC9FD9,"Alexinho-Dreadmist",0x514,0x0,18431,"Bellowing Roar",0x1,DEBUFF
4/28 18:51:17.054  SPELL_AURA_APPLIED,Creature-0-4457-249-1045-10184-000028665C,"Onyxia",0x10a48,0x0,Player-4755-01F36B30,"Rectumqeef-Dreadmist",0x514,0x0,18431,"Bellowing Roar",0x1,DEBUFF
4/28 18:51:17.054  SPELL_AURA_APPLIED,Creature-0-4457-249-1045-10184-000028665C,"Onyxia",0x10a48,0x0,Player-4755-01FA8DD8,"Roackerita-Dreadmist",0x514,0x0,18431,"Bellowing Roar",0x1,DEBUFF
4/28 18:51:17.054  SPELL_AURA_APPLIED,Creature-0-4457-249-1045-10184-000028665C,"Onyxia",0x10a48,0x0,Player-4755-0210153A,"Hapuseneb-Dreadmist",0x514,0x0,18431,"Bellowing Roar",0x1,DEBUFF
4/28 18:51:17.054  SPELL_AURA_REMOVED,Player-4755-01A6B139,"Sakatan-Dreadmist",0x514,0x0,Player-4755-01A6B139,"Sakatan-Dreadmist",0x514,0x0,1787,"Stealth",0x1,BUFF
4/28 18:51:17.054  SPELL_AURA_REMOVED,Player-4755-01840577,"Raggèn-Dreadmist",0x514,0x0,Player-4755-01840577,"Raggèn-Dreadmist",0x514,0x0,10432,"Lightning Shield",0x8,BUFF
4/28 18:51:17.054  SPELL_AURA_REMOVED,Player-4755-016DF694,"Ashalan-Dreadmist",0x514,0x0,Player-4755-016DF694,"Ashalan-Dreadmist",0x514,0x0,10432,"Lightning Shield",0x8,BUFF
4/28 18:51:17.102  SPELL_PERIODIC_ENERGIZE,Player-4755-01F21AE6,"Blahu-Dreadmist",0x40514,0x0,Player-4755-01F21AE6,"Blahu-Dreadmist",0x40514,0x0,29131,"Bloodrage",0x1,Player-4755-01F21AE6,0000000000000000,72,100,0,0,0,-1,0,0,0,21.70,-203.45,0,3.2761,70,1.0000,0.0000,1,1000
4/28 18:51:17.137  SWING_MISSED,Player-4755-01F21AE6,"Blahu-Dreadmist",0x40514,0x0,Creature-0-4457-249-1045-10184-000028665C,"Onyxia",0x10a48,0x0,MISS,1
4/28 18:51:17.188  SPELL_AURA_REMOVED,Player-4755-01733879,"Hocwar-Dreadmist",0x40514,0x0,Player-4755-01733879,"Hocwar-Dreadmist",0x40514,0x0,20007,"Holy Strength",0x2,BUFF
4/28 18:51:17.204  SPELL_PERIODIC_ENERGIZE,Creature-0-4457-249-1045-7416-0000286CFC,"Mana Spring Totem IV",0x2114,0x0,Player-4755-016296D3,"Nivl-Dreadmist",0x514,0x0,10494,"Mana Spring",0x8,Player-4755-016296D3,0000000000000000,100,100,0,0,0,-1,0,0,0,-1.91,-172.83,0,0.1198,69,10.0000,0.0000,0,5845
4/28 18:51:17.235  SPELL_PERIODIC_DAMAGE,Player-4755-0160BD13,"Mafkees-Dreadmist",0x514,0x0,Creature-0-4457-249-1045-10184-000028665C,"Onyxia",0x10a48,0x0,12721,"Deep Wound",0x1,Creature-0-4457-249-1045-10184-000028665C,0000000000000000,35,100,0,0,0,-1,0,0,0,7.45,-201.23,0,5.6393,63,69,69,-1,1,0,0,0,nil,nil,nil
4/28 18:51:17.312  SWING_DAMAGE,Player-4755-0220BD00,"Krikoff-Dreadmist",0x40514,0x0,Creature-0-4457-249-1045-10184-000028665C,"Onyxia",0x10a48,0x0,Player-4755-0220BD00,0000000000000000,68,100,0,0,0,-1,0,0,0,8.39,-196.12,0,4.0173,68,290,410,-1,1,0,0,0,nil,1,nil
4/28 18:51:17.394  SPELL_AURA_REMOVED,Creature-0-4457-249-1045-10184-000028665C,"Onyxia",0x10a48,0x0,Player-4755-01BC57A3,"Saintis-Dreadmist",0x511,0x0,18431,"Bellowing Roar",0x1,DEBUFF
4/28 18:51:17.394  SPELL_AURA_APPLIED,Player-4755-01BC57A3,"Saintis-Dreadmist",0x511,0x0,Player-4755-01BC57A3,"Saintis-Dreadmist",0x511,0x0,7744,"Will of the Forsaken",0x1,BUFF
4/28 18:51:17.394  SPELL_CAST_SUCCESS,Player-4755-01BC57A3,"Saintis-Dreadmist",0x511,0x0,0000000000000000,nil,0x80000000,0x80000000,7744,"Will of the Forsaken",0x1,Player-4755-01BC57A3,0000000000000000,50,100,0,0,0,-1,0,0,0,-5.86,-218.49,0,0.7940,68
4/28 18:51:17.433  SPELL_AURA_REMOVED,Player-4755-020BD78D,"Lonehunter-Dreadmist",0x514,0x0,Player-4755-0220BD00,"Krikoff-Dreadmist",0x40514,0x0,20906,"Trueshot Aura",0x40,BUFF
4/28 18:51:17.463  SPELL_AURA_APPLIED,Player-4755-01BC57A3,"Saintis-Dreadmist",0x511,0x0,Player-4755-01F21AE6,"Blahu-Dreadmist",0x40514,0x0,15359,"Inspiration",0x2,BUFF
4/28 18:51:17.463  SWING_DAMAGE_LANDED,Player-4755-0220BD00,"Krikoff-Dreadmist",0x40514,0x0,Creature-0-4457-249-1045-10184-000028665C,"Onyxia",0x10a48,0x0,Creature-0-4457-249-1045-10184-000028665C,0000000000000000,35,100,0,0,0,-1,0,0,0,7.45,-201.23,0,5.6393,63,290,410,-1,1,0,0,0,nil,1,nil
4/28 18:51:17.565  SPELL_CAST_SUCCESS,Player-4755-0220BD00,"Krikoff-Dreadmist",0x40514,0x0,Creature-0-4457-249-1045-10184-000028665C,"Onyxia",0x10a48,0x0,23894,"Bloodthirst",0x1,Player-4755-0220BD00,0000000000000000,68,100,0,0,0,-1,0,0,0,9.08,-195.29,0,4.0173,68
4/28 18:51:17.677  SPELL_CAST_SUCCESS,Player-4755-01F21AE6,"Blahu-Dreadmist",0x40514,0x0,Creature-0-4457-249-1045-10184-000028665C,"Onyxia",0x10a48,0x0,11597,"Sunder Armor",0x1,Player-4755-01F21AE6,0000000000000000,72,100,0,0,0,-1,0,0,0,22.30,-201.02,0,3.2925,70
4/28 18:51:17.677  SPELL_AURA_APPLIED,Player-4755-01F21AE6,"Blahu-Dreadmist",0x40514,0x0,Player-4755-01F21AE6,"Blahu-Dreadmist",0x40514,0x0,10610,"Windfury Totem",0x8,BUFF
4/28 18:51:17.677  SPELL_EXTRA_ATTACKS,Player-4755-01F21AE6,"Blahu-Dreadmist",0x40514,0x0,Player-4755-01F21AE6,"Blahu-Dreadmist",0x40514,0x0,10610,"Windfury Totem",0x8,1
4/28 18:51:17.677  SWING_DAMAGE,Player-4755-01F21AE6,"Blahu-Dreadmist",0x40514,0x0,Creature-0-4457-249-1045-10184-000028665C,"Onyxia",0x10a48,0x0,Player-4755-01F21AE6,0000000000000000,72,100,0,0,0,-1,0,0,0,22.30,-201.02,0,3.2925,70,199,396,-1,1,0,0,0,nil,1,nil
4/28 18:51:17.777  SPELL_PERIODIC_ENERGIZE,Player-4755-01802FE5,"Angrybat-Dreadmist",0x514,0x0,Player-4755-01802FE5,"Angrybat-Dreadmist",0x514,0x0,18194,"Mana Regeneration",0x1,Player-4755-01802FE5,0000000000000000,100,100,0,0,0,-1,0,0,0,30.51,-215.11,0,6.1604,66,8.0000,0.0000,0,6033
4/28 18:51:17.838  SPELL_PERIODIC_ENERGIZE,Creature-0-4457-249-1045-7416-0000286CFC,"Mana Spring Totem IV",0x2114,0x0,Player-4755-0178F576,"Atreas-Dreadmist",0x514,0x0,10494,"Mana Spring",0x8,Player-4755-0178F576,0000000000000000,100,100,0,0,0,-1,0,0,0,-11.21,-174.53,0,2.8706,66,10.0000,0.0000,0,3765
4/28 18:51:17.859  SPELL_DAMAGE,Player-4755-01840577,"Raggèn-Dreadmist",0x514,0x0,Creature-0-4457-249-1045-10184-000028665C,"Onyxia",0x10a48,0x0,26363,"Lightning Shield",0x8,Creature-0-4457-249-1045-10184-000028665C,0000000000000000,35,100,0,0,0,-1,0,0,0,7.61,-201.34,0,5.6749,63,217,217,-1,8,0,0,0,nil,nil,nil
4/28 18:51:17.859  SPELL_DAMAGE,Player-4755-016DF694,"Ashalan-Dreadmist",0x514,0x0,Creature-0-4457-249-1045-10184-000028665C,"Onyxia",0x10a48,0x0,26363,"Lightning Shield",0x8,Creature-0-4457-249-1045-10184-000028665C,0000000000000000,35,100,0,0,0,-1,0,0,0,7.61,-201.34,0,5.6749,63,223,223,-1,8,0,0,0,nil,nil,nil
4/28 18:51:17.859  SPELL_DAMAGE,Player-4755-0220BD00,"Krikoff-Dreadmist",0x40514,0x0,Creature-0-4457-249-1045-10184-000028665C,"Onyxia",0x10a48,0x0,23894,"Bloodthirst",0x1,Creature-0-4457-249-1045-10184-000028665C,0000000000000000,35,100,0,0,0,-1,0,0,0,7.61,-201.34,0,5.6749,63,451,572,-1,1,0,0,0,nil,nil,nil
4/28 18:51:17.859  SPELL_AURA_APPLIED,Player-4755-0220BD00,"Krikoff-Dreadmist",0x40514,0x0,Player-4755-0220BD00,"Krikoff-Dreadmist",0x40514,0x0,23888,"Bloodthirst",0x1,BUFF
4/28 18:51:17.859  SPELL_AURA_REMOVED,Creature-0-4457-249-1045-10184-000028665C,"Onyxia",0x10a48,0x0,Player-4755-01AC9FD9,"Alexinho-Dreadmist",0x514,0x0,18431,"Bellowing Roar",0x1,DEBUFF
4/28 18:51:17.859  SPELL_AURA_REMOVED,Creature-0-4457-249-1045-10184-000028665C,"Onyxia",0x10a48,0x0,Player-4755-0178F416,"Eltorero-Dreadmist",0x514,0x0,18431,"Bellowing Roar",0x1,DEBUFF
4/28 18:51:17.859  SPELL_AURA_REMOVED,Creature-0-4457-249-1045-10184-000028665C,"Onyxia",0x10a48,0x0,Pet-0-4457-249-1045-2850-01001956F9,"Kratos",0x1114,0x0,18431,"Bellowing Roar",0x1,DEBUFF
4/28 18:51:17.859  SPELL_AURA_REMOVED,Creature-0-4457-249-1045-10184-000028665C,"Onyxia",0x10a48,0x0,Player-4755-0178F576,"Atreas-Dreadmist",0x514,0x0,18431,"Bellowing Roar",0x1,DEBUFF
4/28 18:51:17.859  SPELL_AURA_REMOVED,Creature-0-4457-249-1045-10184-000028665C,"Onyxia",0x10a48,0x0,Player-4755-016296D3,"Nivl-Dreadmist",0x514,0x0,18431,"Bellowing Roar",0x1,DEBUFF
4/28 18:51:17.859  SWING_DAMAGE_LANDED,Player-4755-01F21AE6,"Blahu-Dreadmist",0x40514,0x0,Creature-0-4457-249-1045-10184-000028665C,"Onyxia",0x10a48,0x0,Creature-0-4457-249-1045-10184-000028665C,0000000000000000,35,100,0,0,0,-1,0,0,0,7.61,-201.34,0,5.6749,63,199,396,-1,1,0,0,0,nil,1,nil
4/28 18:51:17.899  SPELL_CAST_SUCCESS,Player-4755-0160BD13,"Mafkees-Dreadmist",0x514,0x0,Creature-0-4457-249-1045-10184-000028665C,"Onyxia",0x10a48,0x0,11597,"Sunder Armor",0x1,Player-4755-0160BD13,0000000000000000,98,100,0,0,0,-1,0,0,0,2.86,-207.93,0,0.7681,64
4/28 18:51:18.128  SPELL_PERIODIC_ENERGIZE,Player-4755-01F21AE6,"Blahu-Dreadmist",0x40514,0x0,Player-4755-01F21AE6,"Blahu-Dreadmist",0x40514,0x0,29131,"Bloodrage",0x1,Player-4755-01F21AE6,0000000000000000,72,100,0,0,0,-1,0,0,0,19.12,-200.88,0,3.3422,70,1.0000,0.0000,1,1000
4/28 18:51:18.263  RANGE_DAMAGE,Player-4755-0163DD9D,"Kaspais-Dreadmist",0x514,0x0,Creature-0-4457-249-1045-10184-000028665C,"Onyxia",0x10a48,0x0,5019,"Shoot",0x1,Creature-0-4457-249-1045-10184-000028665C,0000000000000000,35,100,0,0,0,-1,0,0,0,9.60,-202.73,0,5.7864,63,77,93,-1,16,23,0,0,nil,nil,nil
4/28 18:51:18.263  SPELL_CAST_SUCCESS,Creature-0-4457-249-1045-10184-000028665C,"Onyxia",0x10a48,0x0,Player-4755-01802FE5,"Angrybat-Dreadmist",0x514,0x0,20311,"Summon Player",0x1,Creature-0-4457-249-1045-10184-000028665C,0000000000000000,35,100,0,0,0,-1,0,0,0,9.60,-202.73,0,5.7864,63
4/28 18:51:18.263  SPELL_AURA_REMOVED_DOSE,Player-4755-0220BD00,"Krikoff-Dreadmist",0x40514,0x0,Player-4755-0220BD00,"Krikoff-Dreadmist",0x40514,0x0,23888,"Bloodthirst",0x1,BUFF,4
4/28 18:51:18.263  SPELL_HEAL,Player-4755-0220BD00,"Krikoff-Dreadmist",0x40514,0x0,Player-4755-0220BD00,"Krikoff-Dreadmist",0x40514,0x0,23891,"Bloodthirst",0x1,Player-4755-0220BD00,0000000000000000,68,100,0,0,0,-1,0,0,0,10.44,-193.64,0,4.0330,68,20,20,0,0,nil
4/28 18:51:18.263  SPELL_AURA_REMOVED_DOSE,Player-4755-01F21AE6,"Blahu-Dreadmist",0x40514,0x0,Player-4755-01F21AE6,"Blahu-Dreadmist",0x40514,0x0,10610,"Windfury Totem",0x8,BUFF,1
4/28 18:51:18.337  SPELL_CAST_START,Player-4755-016296D3,"Nivl-Dreadmist",0x514,0x0,0000000000000000,nil,0x80000000,0x80000000,10623,"Chain Heal",0x8
4/28 18:51:18.408  SPELL_CAST_SUCCESS,Player-4755-01AC9FD9,"Alexinho-Dreadmist",0x514,0x0,Creature-0-4457-249-1045-10184-000028665C,"Onyxia",0x10a48,0x0,11294,"Sinister Strike",0x1,Player-4755-01AC9FD9,0000000000000000,100,100,0,0,0,-1,0,0,0,14.89,-198.69,0,5.1929,66
4/28 18:51:18.442  SPELL_CAST_START,Player-4755-01ED7A64,"Sperzieboon-Dreadmist",0x514,0x0,0000000000000000,nil,0x80000000,0x80000000,10917,"Flash Heal",0x2
4/28 18:51:18.460  SPELL_AURA_APPLIED,Player-4755-0160BD13,"Mafkees-Dreadmist",0x514,0x0,Player-4755-0160BD13,"Mafkees-Dreadmist",0x514,0x0,10610,"Windfury Totem",0x8,BUFF
4/28 18:51:18.460  SPELL_EXTRA_ATTACKS,Player-4755-0160BD13,"Mafkees-Dreadmist",0x514,0x0,Player-4755-0160BD13,"Mafkees-Dreadmist",0x514,0x0,10610,"Windfury Totem",0x8,1
4/28 18:51:18.460  SWING_DAMAGE,Player-4755-0160BD13,"Mafkees-Dreadmist",0x514,0x0,Creature-0-4457-249-1045-10184-000028665C,"Onyxia",0x10a48,0x0,Player-4755-0160BD13,0000000000000000,98,100,0,0,0,-1,0,0,0,2.79,-208.51,0,0.7799,64,766,486,-1,1,0,0,0,1,nil,nil
4/28 18:51:18.460  SWING_DAMAGE,Player-4755-0160BD13,"Mafkees-Dreadmist",0x514,0x0,Creature-0-4457-249-1045-10184-000028665C,"Onyxia",0x10a48,0x0,Player-4755-0160BD13,0000000000000000,98,100,0,0,0,-1,0,0,0,2.79,-208.51,0,0.7799,64,457,579,-1,1,0,0,0,nil,nil,nil
4/28 18:51:18.631  SPELL_PERIODIC_HEAL,Player-4755-02045EF4,"Necrosini-Dreadmist",0x512,0x0,Player-4755-0220BD00,"Krikoff-Dreadmist",0x40514,0x0,10929,"Renew",0x2,Player-4755-0220BD00,0000000000000000,71,100,0,0,0,-1,0,0,0,10.97,-192.99,0,4.0330,68,253,253,0,0,nil
4/28 18:51:18.680  SPELL_DAMAGE,Player-4755-01AC9FD9,"Alexinho-Dreadmist",0x514,0x0,Creature-0-4457-249-1045-10184-000028665C,"Onyxia",0x10a48,0x0,11294,"Sinister Strike",0x1,Creature-0-4457-249-1045-10184-000028665C,0000000000000000,35,100,0,0,0,-1,0,0,0,9.60,-202.73,0,5.7864,63,354,449,-1,1,0,0,0,nil,nil,nil
4/28 18:51:18.680  SWING_DAMAGE_LANDED,Player-4755-0160BD13,"Mafkees-Dreadmist",0x514,0x0,Creature-0-4457-249-1045-10184-000028665C,"Onyxia",0x10a48,0x0,Creature-0-4457-249-1045-10184-000028665C,0000000000000000,35,100,0,0,0,-1,0,0,0,9.60,-202.73,0,5.7864,63,766,486,-1,1,0,0,0,1,nil,nil
4/28 18:51:18.680  SWING_DAMAGE_LANDED,Player-4755-0160BD13,"Mafkees-Dreadmist",0x514,0x0,Creature-0-4457-249-1045-10184-000028665C,"Onyxia",0x10a48,0x0,Creature-0-4457-249-1045-10184-000028665C,0000000000000000,35,100,0,0,0,-1,0,0,0,9.60,-202.73,0,5.7864,63,457,579,-1,1,0,0,0,nil,nil,nil
4/28 18:51:18.680  SWING_DAMAGE,Player-4755-0220BD00,"Krikoff-Dreadmist",0x40514,0x0,Creature-0-4457-249-1045-10184-000028665C,"Onyxia",0x10a48,0x0,Player-4755-0220BD00,0000000000000000,71,100,0,0,0,-1,0,0,0,10.93,-193.04,0,4.0330,68,185,235,-1,1,0,0,0,nil,nil,nil
4/28 18:51:18.680  SPELL_PERIODIC_HEAL,Player-4755-0220BD00,"Krikoff-Dreadmist",0x40514,0x0,Player-4755-0220BD00,"Krikoff-Dreadmist",0x40514,0x0,24427,"Diamond Flask",0x8,Player-4755-0220BD00,0000000000000000,71,100,0,0,0,-1,0,0,0,10.93,-193.04,0,4.0330,68,9,9,0,0,nil
4/28 18:51:18.738  SPELL_AURA_REMOVED,Creature-0-4457-249-1045-10184-000028665C,"Onyxia",0x10a48,0x0,Player-4755-02045EF4,"Necrosini-Dreadmist",0x512,0x0,18431,"Bellowing Roar",0x1,DEBUFF
4/28 18:51:18.738  SPELL_AURA_APPLIED,Player-4755-02045EF4,"Necrosini-Dreadmist",0x512,0x0,Player-4755-02045EF4,"Necrosini-Dreadmist",0x512,0x0,7744,"Will of the Forsaken",0x1,BUFF
4/28 18:51:18.738  SPELL_CAST_SUCCESS,Player-4755-02045EF4,"Necrosini-Dreadmist",0x512,0x0,0000000000000000,nil,0x80000000,0x80000000,7744,"Will of the Forsaken",0x1,Player-4755-02045EF4,0000000000000000,65,100,0,0,0,-1,0,0,0,2.84,-172.60,0,2.7554,69
4/28 18:51:18.894  SPELL_CAST_SUCCESS,Player-4755-01BC57A3,"Saintis-Dreadmist",0x511,0x0,Player-4755-0220BD00,"Krikoff-Dreadmist",0x40514,0x0,10929,"Renew",0x2,Player-4755-01BC57A3,0000000000000000,50,100,0,0,0,-1,0,0,0,-3.07,-224.54,0,0.8097,68
4/28 18:51:18.927  SWING_MISSED,Player-4755-01F21AE6,"Blahu-Dreadmist",0x40514,0x0,Creature-0-4457-249-1045-10184-000028665C,"Onyxia",0x10a48,0x0,MISS,1
4/28 18:51:18.927  SWING_DAMAGE,Creature-0-4457-249-1045-10184-000028665C,"Onyxia",0x10a48,0x0,Player-4755-01802FE5,"Angrybat-Dreadmist",0x514,0x0,Creature-0-4457-249-1045-10184-000028665C,0000000000000000,35,100,0,0,0,-1,0,0,0,9.60,-202.73,0,5.7864,63,2059,1703,-1,1,0,0,226,nil,nil,1
4/28 18:51:19.084  SPELL_AURA_REMOVED_DOSE,Player-4755-0160BD13,"Mafkees-Dreadmist",0x514,0x0,Player-4755-0160BD13,"Mafkees-Dreadmist",0x514,0x0,23888,"Bloodthirst",0x1,BUFF,2
4/28 18:51:19.084  SPELL_AURA_REMOVED_DOSE,Player-4755-0160BD13,"Mafkees-Dreadmist",0x514,0x0,Player-4755-0160BD13,"Mafkees-Dreadmist",0x514,0x0,10610,"Windfury Totem",0x8,BUFF,1
4/28 18:51:19.084  SPELL_AURA_REMOVED_DOSE,Player-4755-0160BD13,"Mafkees-Dreadmist",0x514,0x0,Player-4755-0160BD13,"Mafkees-Dreadmist",0x514,0x0,12970,"Flurry",0x1,BUFF,1
4/28 18:51:19.086  SPELL_AURA_APPLIED_DOSE,Player-4755-0160BD13,"Mafkees-Dreadmist",0x514,0x0,Player-4755-0160BD13,"Mafkees-Dreadmist",0x514,0x0,12970,"Flurry",0x1,BUFF,3
4/28 18:51:19.086  SPELL_HEAL,Player-4755-0160BD13,"Mafkees-Dreadmist",0x514,0x0,Player-4755-0160BD13,"Mafkees-Dreadmist",0x514,0x0,23891,"Bloodthirst",0x1,Player-4755-0160BD13,0000000000000000,99,100,0,0,0,-1,0,0,0,6.35,-211.25,0,0.7799,64,20,20,0,0,nil
4/28 18:51:19.086  SPELL_AURA_REMOVED_DOSE,Player-4755-0160BD13,"Mafkees-Dreadmist",0x514,0x0,Player-4755-0160BD13,"Mafkees-Dreadmist",0x514,0x0,23888,"Bloodthirst",0x1,BUFF,1
4/28 18:51:19.086  SPELL_AURA_REMOVED_DOSE,Player-4755-0160BD13,"Mafkees-Dreadmist",0x514,0x0,Player-4755-0160BD13,"Mafkees-Dreadmist",0x514,0x0,12970,"Flurry",0x1,BUFF,2
4/28 18:51:19.086  SPELL_HEAL,Player-4755-0160BD13,"Mafkees-Dreadmist",0x514,0x0,Player-4755-0160BD13,"Mafkees-Dreadmist",0x514,0x0,23891,"Bloodthirst",0x1,Player-4755-0160BD13,0000000000000000,99,100,0,0,0,-1,0,0,0,6.35,-211.25,0,0.7799,64,20,20,0,0,nil
4/28 18:51:19.086  SPELL_AURA_REMOVED,Player-4755-0160BD13,"Mafkees-Dreadmist",0x514,0x0,Player-4755-0160BD13,"Mafkees-Dreadmist",0x514,0x0,10610,"Windfury Totem",0x8,BUFF
4/28 18:51:19.086  SWING_DAMAGE_LANDED,Player-4755-0220BD00,"Krikoff-Dreadmist",0x40514,0x0,Creature-0-4457-249-1045-10184-000028665C,"Onyxia",0x10a48,0x0,Creature-0-4457-249-1045-10184-000028665C,0000000000000000,35,100,0,0,0,-1,0,0,0,9.60,-202.73,0,5.7864,63,185,235,-1,1,0,0,0,nil,nil,nil
4/28 18:51:19.086  SPELL_AURA_REMOVED,Player-4755-02045EF4,"Necrosini-Dreadmist",0x512,0x0,Player-4755-0220BD00,"Krikoff-Dreadmist",0x40514,0x0,10929,"Renew",0x2,BUFF
4/28 18:51:19.086  SPELL_AURA_APPLIED,Player-4755-01BC57A3,"Saintis-Dreadmist",0x511,0x0,Player-4755-0220BD00,"Krikoff-Dreadmist",0x40514,0x0,10929,"Renew",0x2,BUFF
4/28 18:51:19.086  SPELL_ABSORBED,Creature-0-4457-249-1045-10184-000028665C,"Onyxia",0x10a48,0x0,Player-4755-01802FE5,"Angrybat-Dreadmist",0x514,0x0,Player-4755-01ED7A64,"Sperzieboon-Dreadmist",0x514,0x0,10901,"Power Word: Shield",0x2,226,1703
4/28 18:51:19.086  SPELL_AURA_REMOVED,Player-4755-01ED7A64,"Sperzieboon-Dreadmist",0x514,0x0,Player-4755-01802FE5,"Angrybat-Dreadmist",0x514,0x0,10901,"Power Word: Shield",0x2,BUFF
4/28 18:51:19.086  SWING_DAMAGE_LANDED,Creature-0-4457-249-1045-10184-000028665C,"Onyxia",0x10a48,0x0,Player-4755-01802FE5,"Angrybat-Dreadmist",0x514,0x0,Player-4755-01802FE5,0000000000000000,38,100,0,0,0,-1,0,0,0,28.72,-214.94,0,5.2091,66,2059,1703,-1,1,0,0,226,nil,nil,1
4/28 18:51:19.086  SPELL_AURA_APPLIED,Creature-0-4457-249-1045-10184-000028665C,"Onyxia",0x10a48,0x0,Player-4755-01802FE5,"Angrybat-Dreadmist",0x514,0x0,1604,"Dazed",0x1,DEBUFF
4/28 18:51:19.113  SPELL_PERIODIC_ENERGIZE,Player-4755-01BC57A3,"Saintis-Dreadmist",0x511,0x0,Player-4755-01BC57A3,"Saintis-Dreadmist",0x511,0x0,18194,"Mana Regeneration",0x1,Player-4755-01BC57A3,0000000000000000,50,100,0,0,0,-1,0,0,0,-1.86,-225.70,0,0.8097,68,8.0000,0.0000,0,7212
4/28 18:51:19.113  SPELL_PERIODIC_ENERGIZE,Player-4755-01F21AE6,"Blahu-Dreadmist",0x40514,0x0,Player-4755-01F21AE6,"Blahu-Dreadmist",0x40514,0x0,29131,"Bloodrage",0x1,Player-4755-01F21AE6,0000000000000000,72,100,0,0,0,-1,0,0,0,17.26,-202.70,0,3.6930,70,1.0000,0.0000,1,1000
4/28 18:51:19.183  SPELL_AURA_REMOVED,Player-4755-01F21AE6,"Blahu-Dreadmist",0x40514,0x0,Player-4755-01F21AE6,"Blahu-Dreadmist",0x40514,0x0,10610,"Windfury Totem",0x8,BUFF
4/28 18:51:19.213  SPELL_PERIODIC_ENERGIZE,Creature-0-4457-249-1045-7416-0000286CFC,"Mana Spring Totem IV",0x2114,0x0,Player-4755-016296D3,"Nivl-Dreadmist",0x514,0x0,10494,"Mana Spring",0x8,Player-4755-016296D3,0000000000000000,100,100,0,0,0,-1,0,0,0,-1.97,-172.77,0,2.3918,69,10.0000,0.0000,0,5845
4/28 18:51:19.414  SPELL_CAST_SUCCESS,Player-4755-01AC9FD9,"Alexinho-Dreadmist",0x514,0x0,Creature-0-4457-249-1045-10184-000028665C,"Onyxia",0xa48,0x0,11294,"Sinister Strike",0x1,Player-4755-01AC9FD9,0000000000000000,100,100,0,0,0,-1,0,0,0,15.01,-199.05,0,4.8120,66
4/28 18:51:19.414  SPELL_AURA_APPLIED,Player-4755-0160BD13,"Mafkees-Dreadmist",0x514,0x0,Player-4755-0160BD13,"Mafkees-Dreadmist",0x514,0x0,11551,"Battle Shout",0x1,BUFF
4/28 18:51:19.414  SPELL_CAST_SUCCESS,Player-4755-0160BD13,"Mafkees-Dreadmist",0x514,0x0,0000000000000000,nil,0x80000000,0x80000000,11551,"Battle Shout",0x1,Player-4755-0160BD13,0000000000000000,99,100,0,0,0,-1,0,0,0,7.92,-210.40,0,1.0116,64
4/28 18:51:19.489  SPELL_AURA_REFRESH,Player-4755-0160BD13,"Mafkees-Dreadmist",0x514,0x0,Creature-0-4457-249-1045-10184-000028665C,"Onyxia",0xa48,0x0,12721,"Deep Wound",0x1,DEBUFF
4/28 18:51:19.489  SPELL_AURA_REMOVED_DOSE,Player-4755-0220BD00,"Krikoff-Dreadmist",0x40514,0x0,Player-4755-0220BD00,"Krikoff-Dreadmist",0x40514,0x0,23888,"Bloodthirst",0x1,BUFF,3
4/28 18:51:19.489  SPELL_HEAL,Player-4755-0220BD00,"Krikoff-Dreadmist",0x40514,0x0,Player-4755-0220BD00,"Krikoff-Dreadmist",0x40514,0x0,23891,"Bloodthirst",0x1,Player-4755-0220BD00,0000000000000000,71,100,0,0,0,-1,0,0,0,12.71,-195.68,0,4.0213,68,20,20,0,0,nil
4/28 18:51:19.489  SPELL_AURA_REMOVED,Creature-0-4457-249-1045-10184-000028665C,"Onyxia",0xa48,0x0,Player-4755-01FA8DD8,"Roackerita-Dreadmist",0x514,0x0,18431,"Bellowing Roar",0x1,DEBUFF
4/28 18:51:19.491  SPELL_AURA_REMOVED,Creature-0-4457-249-1045-10184-000028665C,"Onyxia",0xa48,0x0,Player-4755-01804B95,"Moymoy-Dreadmist",0x514,0x0,18431,"Bellowing Roar",0x1,DEBUFF
4/28 18:51:19.491  SPELL_DAMAGE,Player-4755-01AC9FD9,"Alexinho-Dreadmist",0x514,0x0,Creature-0-4457-249-1045-10184-000028665C,"Onyxia",0xa48,0x0,11294,"Sinister Strike",0x1,Creature-0-4457-249-1045-10184-000028665C,0000000000000000,35,100,0,0,0,-1,0,0,0,9.60,-202.73,0,5.7864,63,390,496,-1,1,0,0,0,nil,nil,nil
4/28 18:51:19.491  SPELL_AURA_REMOVED,Player-4755-0178F416,"Eltorero-Dreadmist",0x10514,0x0,Player-4755-0178F416,"Eltorero-Dreadmist",0x10514,0x0,11551,"Battle Shout",0x1,BUFF
4/28 18:51:19.491  SPELL_AURA_APPLIED,Player-4755-0160BD13,"Mafkees-Dreadmist",0x514,0x0,Player-4755-0178F416,"Eltorero-Dreadmist",0x10514,0x0,11551,"Battle Shout",0x1,BUFF
4/28 18:51:19.491  SPELL_AURA_APPLIED,Player-4755-0160BD13,"Mafkees-Dreadmist",0x514,0x0,Player-4755-01AC9FD9,"Alexinho-Dreadmist",0x514,0x0,11551,"Battle Shout",0x1,BUFF
4/28 18:51:19.491  SPELL_AURA_APPLIED,Pet-0-4457-249-1045-416-0100019757,"Chotik",0x1112,0x0,Player-4755-01617EEE,"Fenix-Dreadmist",0x512,0x0,11767,"Blood Pact",0x20,BUFF
4/28 18:51:19.646  SPELL_PERIODIC_DAMAGE,Player-4755-0178F416,"Eltorero-Dreadmist",0x10514,0x0,Creature-0-4457-249-1045-10184-000028665C,"Onyxia",0xa48,0x0,12721,"Deep Wound",0x1,Creature-0-4457-249-1045-10184-000028665C,0000000000000000,35,100,0,0,0,-1,0,0,0,9.60,-202.73,0,5.7864,63,102,101,-1,1,0,0,0,nil,nil,nil
4/28 18:51:19.731  SPELL_AURA_APPLIED,Player-4755-0220BD00,"Krikoff-Dreadmist",0x40514,0x0,Player-4755-0220BD00,"Krikoff-Dreadmist",0x40514,0x0,29131,"Bloodrage",0x1,BUFF
4/28 18:51:19.731  SPELL_CAST_SUCCESS,Player-4755-0220BD00,"Krikoff-Dreadmist",0x40514,0x0,0000000000000000,nil,0x80000000,0x80000000,2687,"Bloodrage",0x1,Player-4755-0220BD00,0000000000000000,71,100,0,0,0,-1,0,0,0,13.21,-196.10,0,4.0213,68
4/28 18:51:19.805  SWING_DAMAGE,Player-4755-01AC9FD9,"Alexinho-Dreadmist",0x514,0x0,Creature-0-4457-249-1045-10184-000028665C,"Onyxia",0xa48,0x0,Player-4755-01AC9FD9,0000000000000000,100,100,0,0,0,-1,0,0,0,15.01,-199.05,0,4.0329,66,135,199,-1,1,0,0,0,nil,1,nil
4/28 18:51:19.834  SPELL_PERIODIC_ENERGIZE,Creature-0-4457-249-1045-7416-0000286CFC,"Mana Spring Totem IV",0x2114,0x0,Player-4755-0178F576,"Atreas-Dreadmist",0x514,0x0,10494,"Mana Spring",0x8,Player-4755-0178F576,0000000000000000,100,100,0,0,0,-1,0,0,0,-13.55,-170.34,0,0.2058,66,10.0000,0.0000,0,3765
4/28 18:51:19.834  SPELL_PERIODIC_HEAL,Player-4755-02045EF4,"Necrosini-Dreadmist",0x512,0x0,Player-4755-01F21AE6,"Blahu-Dreadmist",0x40514,0x0,10929,"Renew",0x2,Player-4755-01F21AE6,0000000000000000,75,100,0,0,0,-1,0,0,0,17.26,-202.70,0,3.6930,70,253,253,0,0,nil
4/28 18:51:19.835  SPELL_HEAL,Player-4755-01ED7A64,"Sperzieboon-Dreadmist",0x514,0x0,Player-4755-01ED7A64,"Sperzieboon-Dreadmist",0x514,0x0,10917,"Flash Heal",0x2,Player-4755-01ED7A64,0000000000000000,80,100,0,0,0,-1,0,0,0,10.33,-222.60,0,1.3804,67,1722,1722,0,0,1
4/28 18:51:19.835  SPELL_CAST_SUCCESS,Player-4755-01ED7A64,"Sperzieboon-Dreadmist",0x514,0x0,Player-4755-01ED7A64,"Sperzieboon-Dreadmist",0x514,0x0,10917,"Flash Heal",0x2,Player-4755-01ED7A64,0000000000000000,80,100,0,0,0,-1,0,0,0,10.33,-222.60,0,1.3804,67
4/28 18:51:19.885  SPELL_ENERGIZE,Player-4755-0220BD00,"Krikoff-Dreadmist",0x40514,0x0,Player-4755-0220BD00,"Krikoff-Dreadmist",0x40514,0x0,12964,"Unbridled Wrath",0x1,Player-4755-0220BD00,0000000000000000,67,100,0,0,0,-1,0,0,0,13.21,-196.10,0,4.0213,68,1.0000,0.0000,1,1000
4/28 18:51:19.885  SPELL_ENERGIZE,Player-4755-0220BD00,"Krikoff-Dreadmist",0x40514,0x0,Player-4755-0220BD00,"Krikoff-Dreadmist",0x40514,0x0,2687,"Bloodrage",0x1,Player-4755-0220BD00,0000000000000000,67,100,0,0,0,-1,0,0,0,13.21,-196.10,0,4.0213,68,15.0000,0.0000,1,1000
4/28 18:51:19.885  SWING_DAMAGE_LANDED,Player-4755-01AC9FD9,"Alexinho-Dreadmist",0x514,0x0,Creature-0-4457-249-1045-10184-000028665C,"Onyxia",0xa48,0x0,Creature-0-4457-249-1045-10184-000028665C,0000000000000000,35,100,0,0,0,-1,0,0,0,9.60,-202.73,0,5.7864,63,135,199,-1,1,0,0,0,nil,1,nil
4/28 18:51:19.902  SPELL_AURA_APPLIED,Player-4755-01ED7A64,"Sperzieboon-Dreadmist",0x514,0x0,Player-4755-01ED7A64,"Sperzieboon-Dreadmist",0x514,0x0,15359,"Inspiration",0x2,BUFF
4/28 18:51:19.917  SWING_DAMAGE,Player-4755-01AC9FD9,"Alexinho-Dreadmist",0x514,0x0,Creature-0-4457-249-1045-10184-000028665C,"Onyxia",0xa48,0x0,Player-4755-01AC9FD9,0000000000000000,100,100,0,0,0,-1,0,0,0,15.01,-199.05,0,3.9449,66,672,418,-1,1,0,0,0,1,nil,nil
4/28 18:51:19.935  SPELL_CAST_FAILED,Player-4755-01BC57A3,"Saintis-Dreadmist",0x511,0x0,0000000000000000,nil,0x80000000,0x80000000,6063,"Heal",0x2,"Not yet recovered"
4/28 18:51:20.002  SPELL_PERIODIC_HEAL,Player-4755-02045EF4,"Necrosini-Dreadmist",0x512,0x0,Player-4755-01A6B139,"Sakatan-Dreadmist",0x514,0x0,10929,"Renew",0x2,Player-4755-01A6B139,0000000000000000,100,100,0,0,0,-1,0,0,0,-3.31,-173.51,0,2.2013,69,253,253,207,0,nil
4/28 18:51:20.019  SPELL_AURA_APPLIED,Player-4755-0220BD00,"Krikoff-Dreadmist",0x40514,0x0,Player-4755-0220BD00,"Krikoff-Dreadmist",0x40514,0x0,10610,"Windfury Totem",0x8,BUFF
4/28 18:51:20.019  SPELL_EXTRA_ATTACKS,Player-4755-0220BD00,"Krikoff-Dreadmist",0x40514,0x0,Player-4755-0220BD00,"Krikoff-Dreadmist",0x40514,0x0,10610,"Windfury Totem",0x8,1
4/28 18:51:20.019  SWING_DAMAGE,Player-4755-0220BD00,"Krikoff-Dreadmist",0x40514,0x0,Creature-0-4457-249-1045-10184-000028665C,"Onyxia",0xa48,0x0,Player-4755-0220BD00,0000000000000000,67,100,0,0,0,-1,0,0,0,13.21,-196.10,0,4.0213,68,268,339,-1,1,0,0,0,nil,nil,nil
4/28 18:51:20.019  SWING_DAMAGE,Player-4755-0220BD00,"Krikoff-Dreadmist",0x40514,0x0,Creature-0-4457-249-1045-10184-000028665C,"Onyxia",0xa48,0x0,Player-4755-0220BD00,0000000000000000,67,100,0,0,0,-1,0,0,0,13.21,-196.10,0,4.0213,68,316,400,-1,1,0,0,0,nil,nil,nil
4/28 18:51:20.063  SPELL_AURA_REMOVED,Creature-0-4457-249-1045-10184-000028665C,"Onyxia",0xa48,0x0,Player-4755-015FEBD5,"Sauvage-Dreadmist",0x514,0x0,18431,"Bellowing Roar",0x1,DEBUFF
4/28 18:51:20.063  SPELL_AURA_REMOVED,Creature-0-4457-249-1045-10184-000028665C,"Onyxia",0xa48,0x0,Player-4755-0163DD9D,"Kaspais-Dreadmist",0x514,0x0,18431,"Bellowing Roar",0x1,DEBUFF
4/28 18:51:20.063  SPELL_AURA_REMOVED,Creature-0-4457-249-1045-10184-000028665C,"Onyxia",0xa48,0x0,Player-4755-01E83279,"Nlmasters-Dreadmist",0x514,0x8,18431,"Bellowing Roar",0x1,DEBUFF
4/28 18:51:20.063  SPELL_AURA_REMOVED,Creature-0-4457-249-1045-10184-000028665C,"Onyxia",0xa48,0x0,Pet-0-4457-249-1045-7432-01002D8BC6,"Cat",0x1114,0x0,18431,"Bellowing Roar",0x1,DEBUFF
4/28 18:51:20.063  SPELL_AURA_REMOVED,Creature-0-4457-249-1045-10184-000028665C,"Onyxia",0xa48,0x0,Player-4755-01637B0A,"Pindle-Dreadmist",0x514,0x0,18431,"Bellowing Roar",0x1,DEBUFF
4/28 18:51:20.063  SPELL_AURA_REMOVED,Creature-0-4457-249-1045-10184-000028665C,"Onyxia",0xa48,0x0,Player-4755-020BD78D,"Lonehunter-Dreadmist",0x514,0x0,18431,"Bellowing Roar",0x1,DEBUFF
4/28 18:51:20.063  SPELL_AURA_REMOVED,Creature-0-4457-249-1045-10184-000028665C,"Onyxia",0xa48,0x0,Player-4755-01617EEE,"Fenix-Dreadmist",0x512,0x0,18431,"Bellowing Roar",0x1,DEBUFF
4/28 18:51:20.063  SPELL_AURA_REMOVED,Creature-0-4457-249-1045-10184-000028665C,"Onyxia",0xa48,0x0,Player-4755-01614AC7,"Mirrimazduur-Dreadmist",0x512,0x0,18431,"Bellowing Roar",0x1,DEBUFF
4/28 18:51:20.063  SPELL_AURA_REMOVED,Creature-0-4457-249-1045-10184-000028665C,"Onyxia",0xa48,0x0,Player-4755-01733879,"Hocwar-Dreadmist",0x40514,0x0,18431,"Bellowing Roar",0x1,DEBUFF
4/28 18:51:20.063  SPELL_AURA_REMOVED,Creature-0-4457-249-1045-10184-000028665C,"Onyxia",0xa48,0x0,Player-4755-01840577,"Raggèn-Dreadmist",0x514,0x0,18431,"Bellowing Roar",0x1,DEBUFF
4/28 18:51:20.063  SPELL_AURA_REMOVED,Creature-0-4457-249-1045-10184-000028665C,"Onyxia",0xa48,0x0,Player-4755-01802FE5,"Angrybat-Dreadmist",0x514,0x0,18431,"Bellowing Roar",0x1,DEBUFF
4/28 18:51:20.063  SPELL_AURA_REMOVED,Creature-0-4457-249-1045-10184-000028665C,"Onyxia",0xa48,0x0,Player-4755-016DF694,"Ashalan-Dreadmist",0x514,0x0,18431,"Bellowing Roar",0x1,DEBUFF
4/28 18:51:20.063  SPELL_AURA_REMOVED,Creature-0-4457-249-1045-10184-000028665C,"Onyxia",0xa48,0x0,Player-4755-01F36B30,"Rectumqeef-Dreadmist",0x514,0x0,18431,"Bellowing Roar",0x1,DEBUFF
4/28 18:51:20.063  SPELL_AURA_REMOVED,Creature-0-4457-249-1045-10184-000028665C,"Onyxia",0xa48,0x0,Player-4755-01A6B139,"Sakatan-Dreadmist",0x514,0x0,18431,"Bellowing Roar",0x1,DEBUFF
4/28 18:51:20.063  SPELL_AURA_REMOVED,Creature-0-4457-249-1045-10184-000028665C,"Onyxia",0xa48,0x0,Player-4755-0210153A,"Hapuseneb-Dreadmist",0x514,0x0,18431,"Bellowing Roar",0x1,DEBUFF
4/28 18:51:20.088  SPELL_PERIODIC_ENERGIZE,Player-4755-01F21AE6,"Blahu-Dreadmist",0x40514,0x0,Player-4755-01F21AE6,"Blahu-Dreadmist",0x40514,0x0,29131,"Bloodrage",0x1,Player-4755-01F21AE6,0000000000000000,75,100,0,0,0,-1,0,0,0,17.26,-202.70,0,3.6119,70,1.0000,0.0000,1,1000
4/28 18:51:20.262  SPELL_CAST_START,Player-4755-01ED7A64,"Sperzieboon-Dreadmist",0x514,0x0,0000000000000000,nil,0x80000000,0x80000000,10917,"Flash Heal",0x2
4/28 18:51:20.281  SPELL_CAST_SUCCESS,Creature-0-4457-249-1045-10184-000028665C,"Onyxia",0xa48,0x0,Player-4755-01802FE5,"Angrybat-Dreadmist",0x514,0x0,19633,"Knock Away",0x1,Creature-0-4457-249-1045-10184-000028665C,0000000000000000,35,100,0,0,0,-1,0,0,0,9.60,-202.73,0,5.7864,63
4/28 18:51:20.306  SWING_DAMAGE_LANDED,Player-4755-01AC9FD9,"Alexinho-Dreadmist",0x514,0x0,Creature-0-4457-249-1045-10184-000028665C,"Onyxia",0xa48,0x0,Creature-0-4457-249-1045-10184-000028665C,0000000000000000,35,100,0,0,0,-1,0,0,0,9.78,-202.86,0,5.6564,63,672,418,-1,1,0,0,0,1,nil,nil
4/28 18:51:20.306  SWING_DAMAGE_LANDED,Player-4755-0220BD00,"Krikoff-Dreadmist",0x40514,0x0,Creature-0-4457-249-1045-10184-000028665C,"Onyxia",0xa48,0x0,Creature-0-4457-249-1045-10184-000028665C,0000000000000000,35,100,0,0,0,-1,0,0,0,9.78,-202.86,0,5.6564,63,268,339,-1,1,0,0,0,nil,nil,nil
4/28 18:51:20.306  SWING_DAMAGE_LANDED,Player-4755-0220BD00,"Krikoff-Dreadmist",0x40514,0x0,Creature-0-4457-249-1045-10184-000028665C,"Onyxia",0xa48,0x0,Creature-0-4457-249-1045-10184-000028665C,0000000000000000,35,100,0,0,0,-1,0,0,0,9.78,-202.86,0,5.6564,63,316,400,-1,1,0,0,0,nil,nil,nil
4/28 18:51:20.306  SPELL_DAMAGE,Creature-0-4457-249-1045-10184-000028665C,"Onyxia",0xa48,0x0,Player-4755-01802FE5,"Angrybat-Dreadmist",0x514,0x0,19633,"Knock Away",0x1,Player-4755-01802FE5,0000000000000000,3,100,0,0,0,-1,0,0,0,30.07,-217.55,0,5.2091,66,1130,1265,-1,1,0,0,0,nil,nil,nil
4/28 18:51:20.306  SPELL_CAST_SUCCESS,Player-4755-01F21AE6,"Blahu-Dreadmist",0x40514,0x0,Creature-0-4457-249-1045-10184-000028665C,"Onyxia",0xa48,0x0,11567,"Heroic Strike",0x1,Player-4755-01F21AE6,0000000000000000,75,100,0,0,0,-1,0,0,0,17.26,-202.70,0,3.6119,70
4/28 18:51:20.415  SPELL_CAST_SUCCESS,Player-4755-01637B0A,"Pindle-Dreadmist",0x514,0x0,Creature-0-4457-249-1045-10184-000028665C,"Onyxia",0xa48,0x0,11281,"Backstab",0x1,Player-4755-01637B0A,0000000000000000,82,100,0,0,0,-1,0,0,0,3.95,-208.75,0,0.8045,65
4/28 18:51:20.431  SPELL_CAST_SUCCESS,Player-4755-0220BD00,"Krikoff-Dreadmist",0x40514,0x0,Creature-0-4457-249-1045-10184-000028665C,"Onyxia",0xa48,0x0,11597,"Sunder Armor",0x1,Player-4755-0220BD00,0000000000000000,67,100,0,0,0,-1,0,0,0,13.21,-196.10,0,4.0213,68
4/28 18:51:20.447  SWING_MISSED,Player-4755-01637B0A,"Pindle-Dreadmist",0x514,0x0,Creature-0-4457-249-1045-10184-000028665C,"Onyxia",0xa48,0x0,DODGE,nil
4/28 18:51:20.595  SPELL_CAST_START,Player-4755-01BC57A3,"Saintis-Dreadmist",0x511,0x0,0000000000000000,nil,0x80000000,0x80000000,6063,"Heal",0x2
4/28 18:51:20.675  SPELL_AURA_REMOVED,Player-4755-020BD78D,"Lonehunter-Dreadmist",0x514,0x0,Player-4755-01840577,"Raggèn-Dreadmist",0x514,0x0,20906,"Trueshot Aura",0x40,BUFF
4/28 18:51:20.692  SPELL_AURA_REMOVED_DOSE,Player-4755-0220BD00,"Krikoff-Dreadmist",0x40514,0x0,Player-4755-0220BD00,"Krikoff-Dreadmist",0x40514,0x0,10610,"Windfury Totem",0x8,BUFF,1
4/28 18:51:20.692  SPELL_AURA_REMOVED_DOSE,Player-4755-0220BD00,"Krikoff-Dreadmist",0x40514,0x0,Player-4755-0220BD00,"Krikoff-Dreadmist",0x40514,0x0,23888,"Bloodthirst",0x1,BUFF,2
4/28 18:51:20.692  SPELL_HEAL,Player-4755-0220BD00,"Krikoff-Dreadmist",0x40514,0x0,Player-4755-0220BD00,"Krikoff-Dreadmist",0x40514,0x0,23891,"Bloodthirst",0x1,Player-4755-0220BD00,0000000000000000,67,100,0,0,0,-1,0,0,0,13.21,-196.10,0,4.0213,68,20,20,0,0,nil
4/28 18:51:20.692  SPELL_AURA_REMOVED_DOSE,Player-4755-0220BD00,"Krikoff-Dreadmist",0x40514,0x0,Player-4755-0220BD00,"Krikoff-Dreadmist",0x40514,0x0,23888,"Bloodthirst",0x1,BUFF,1
4/28 18:51:20.692  SPELL_HEAL,Player-4755-0220BD00,"Krikoff-Dreadmist",0x40514,0x0,Player-4755-0220BD00,"Krikoff-Dreadmist",0x40514,0x0,23891,"Bloodthirst",0x1,Player-4755-0220BD00,0000000000000000,68,100,0,0,0,-1,0,0,0,13.21,-196.10,0,4.0213,68,20,20,0,0,nil
4/28 18:51:20.692  SPELL_AURA_REMOVED,Player-4755-0220BD00,"Krikoff-Dreadmist",0x40514,0x0,Player-4755-0220BD00,"Krikoff-Dreadmist",0x40514,0x0,10610,"Windfury Totem",0x8,BUFF
4/28 18:51:20.692  SPELL_DAMAGE,Player-4755-01F21AE6,"Blahu-Dreadmist",0x40514,0x0,Creature-0-4457-249-1045-10184-000028665C,"Onyxia",0xa48,0x0,11567,"Heroic Strike",0x1,Creature-0-4457-249-1045-10184-000028665C,0000000000000000,35,100,0,0,0,-1,0,0,0,9.96,-202.99,0,5.6564,63,406,515,-1,1,0,0,0,nil,nil,nil
4/28 18:51:20.692  SPELL_DAMAGE,Player-4755-01637B0A,"Pindle-Dreadmist",0x514,0x0,Creature-0-4457-249-1045-10184-000028665C,"Onyxia",0xa48,0x0,11281,"Backstab",0x1,Creature-0-4457-249-1045-10184-000028665C,0000000000000000,35,100,0,0,0,-1,0,0,0,9.96,-202.99,0,5.6564,63,438,555,-1,1,0,0,0,nil,nil,nil
4/28 18:51:20.727  SPELL_PERIODIC_ENERGIZE,Player-4755-0220BD00,"Krikoff-Dreadmist",0x40514,0x0,Player-4755-0220BD00,"Krikoff-Dreadmist",0x40514,0x0,29131,"Bloodrage",0x1,Player-4755-0220BD00,0000000000000000,68,100,0,0,0,-1,0,0,0,13.21,-196.10,0,4.0213,68,1.0000,0.0000,1,1000
4/28 18:51:20.743  SWING_DAMAGE,Player-4755-01F21AE6,"Blahu-Dreadmist",0x40514,0x0,Creature-0-4457-249-1045-10184-000028665C,"Onyxia",0xa48,0x0,Player-4755-01F21AE6,0000000000000000,75,100,0,0,0,-1,0,0,0,17.26,-202.70,0,3.6119,70,249,158,-1,1,0,0,0,1,nil,nil
4/28 18:51:20.743  SPELL_CAST_START,Player-4755-01FA8DD8,"Roackerita-Dreadmist",0x514,0x0,0000000000000000,nil,0x80000000,0x80000000,9474,"Flash Heal",0x2
4/28 18:51:20.759  SPELL_AURA_REMOVED,Player-4755-01ED7A64,"Sperzieboon-Dreadmist",0x514,0x0,Player-4755-01802FE5,"Angrybat-Dreadmist",0x514,0x0,6788,"Weakened Soul",0x2,DEBUFF
4/28 18:51:20.849  SPELL_CAST_SUCCESS,Player-4755-016296D3,"Nivl-Dreadmist",0x514,0x0,Player-4755-02045EF4,"Necrosini-Dreadmist",0x512,0x0,10623,"Chain Heal",0x8,Player-4755-016296D3,0000000000000000,100,100,0,0,0,-1,0,0,0,-1.97,-172.77,0,2.3918,69
4/28 18:51:20.849  SPELL_CAST_START,Player-4755-016296D3,"Nivl-Dreadmist",0x514,0x0,0000000000000000,nil,0x80000000,0x80000000,10623,"Chain Heal",0x8
4/28 18:51:20.932  SPELL_CAST_SUCCESS,Player-4755-0160BD13,"Mafkees-Dreadmist",0x514,0x0,Creature-0-4457-249-1045-10184-000028665C,"Onyxia",0xa48,0x0,23894,"Bloodthirst",0x1,Player-4755-0160BD13,0000000000000000,99,100,0,0,0,-1,0,0,0,4.46,-207.65,0,0.5561,64
4/28 18:51:20.932  SWING_DAMAGE,Creature-0-4457-249-1045-10184-000028665C,"Onyxia",0xa48,0x0,Player-4755-01F21AE6,"Blahu-Dreadmist",0x40514,0x0,Creature-0-4457-249-1045-10184-000028665C,0000000000000000,35,100,0,0,0,-1,0,0,0,9.96,-202.99,0,5.6564,63,797,1716,-1,1,0,0,0,nil,nil,nil
4/28 18:51:20.964  SWING_MISSED,Player-4755-01733879,"Hocwar-Dreadmist",0x40514,0x0,Creature-0-4457-249-1045-10184-000028665C,"Onyxia",0xa48,0x0,MISS,nil
4/28 18:51:20.983  SPELL_AURA_APPLIED,Player-4755-01AC9FD9,"Alexinho-Dreadmist",0x514,0x0,Player-4755-01AC9FD9,"Alexinho-Dreadmist",0x514,0x0,6774,"Slice and Dice",0x1,BUFF
4/28 18:51:20.983  SPELL_CAST_SUCCESS,Player-4755-01AC9FD9,"Alexinho-Dreadmist",0x514,0x0,Creature-0-4457-249-1045-10184-000028665C,"Onyxia",0xa48,0x0,6774,"Slice and Dice",0x1,Player-4755-01AC9FD9,0000000000000000,100,100,0,0,0,-1,0,0,0,15.01,-199.05,0,3.4109,66
4/28 18:51:21.002  SWING_DAMAGE,Player-4755-01637B0A,"Pindle-Dreadmist",0x514,0x0,Creature-0-4457-249-1045-10184-000028665C,"Onyxia",0xa48,0x0,Player-4755-01637B0A,0000000000000000,82,100,0,0,0,-1,0,0,0,4.88,-207.23,0,0.7770,65,143,88,-1,1,0,0,0,1,nil,nil
4/28 18:51:21.068  SWING_DAMAGE,Player-4755-0160BD13,"Mafkees-Dreadmist",0x514,0x0,Creature-0-4457-249-1045-10184-000028665C,"Onyxia",0xa48,0x0,Player-4755-0160BD13,0000000000000000,99,100,0,0,0,-1,0,0,0,4.46,-207.65,0,0.5561,64,396,624,-1,1,0,0,0,nil,1,nil
4/28 18:51:21.068  SWING_DAMAGE,Player-4755-01733879,"Hocwar-Dreadmist",0x40514,0x0,Creature-0-4457-249-1045-10184-000028665C,"Onyxia",0xa48,0x0,Player-4755-01733879,0000000000000000,95,100,0,0,0,-1,0,0,0,6.11,-206.57,0,1.0938,71,100,148,-1,1,0,0,0,nil,1,nil
4/28 18:51:21.087  SPELL_AURA_APPLIED,Pet-0-4457-249-1045-7432-01002D8BC6,"Cat",0x1114,0x0,Pet-0-4457-249-1045-7432-01002D8BC6,"Cat",0x1114,0x0,23110,"Dash",0x1,BUFF
4/28 18:51:21.087  SPELL_CAST_SUCCESS,Pet-0-4457-249-1045-7432-01002D8BC6,"Cat",0x1114,0x0,0000000000000000,nil,0x80000000,0x80000000,23110,"Dash",0x1,Pet-0-4457-249-1045-7432-01002D8BC6,Player-4755-01E83279,88,100,0,0,0,-1,0,0,0,-19.13,-198.88,0,6.1488,71
4/28 18:51:21.113  SPELL_ENERGIZE,Player-4755-0220BD00,"Krikoff-Dreadmist",0x40514,0x0,Player-4755-0220BD00,"Krikoff-Dreadmist",0x40514,0x0,12964,"Unbridled Wrath",0x1,Player-4755-0220BD00,0000000000000000,68,100,0,0,0,-1,0,0,0,13.21,-196.10,0,4.0213,68,1.0000,0.0000,1,1000
4/28 18:51:21.113  SPELL_ENERGIZE,Player-4755-0220BD00,"Krikoff-Dreadmist",0x40514,0x0,Player-4755-0220BD00,"Krikoff-Dreadmist",0x40514,0x0,12964,"Unbridled Wrath",0x1,Player-4755-0220BD00,0000000000000000,68,100,0,0,0,-1,0,0,0,13.21,-196.10,0,4.0213,68,1.0000,0.0000,1,1000
4/28 18:51:21.113  SWING_DAMAGE_LANDED,Player-4755-01F21AE6,"Blahu-Dreadmist",0x40514,0x0,Creature-0-4457-249-1045-10184-000028665C,"Onyxia",0xa48,0x0,Creature-0-4457-249-1045-10184-000028665C,0000000000000000,35,100,0,0,0,-1,0,0,0,9.96,-202.99,0,5.6564,63,249,158,-1,1,0,0,0,1,nil,nil
4/28 18:51:21.113  SPELL_HEAL,Player-4755-016296D3,"Nivl-Dreadmist",0x514,0x0,Player-4755-01617EEE,"Fenix-Dreadmist",0x512,0x0,10623,"Chain Heal",0x8,Player-4755-01617EEE,0000000000000000,99,100,0,0,0,-1,0,0,0,15.63,-168.66,0,4.9493,66,384,384,0,0,nil
4/28 18:51:21.113  SPELL_HEAL,Player-4755-016296D3,"Nivl-Dreadmist",0x514,0x0,Player-4755-01614AC7,"Mirrimazduur-Dreadmist",0x512,0x0,10623,"Chain Heal",0x8,Player-4755-01614AC7,0000000000000000,100,100,0,0,0,-1,0,0,0,7.43,-170.73,0,4.7112,68,606,606,155,0,nil
4/28 18:51:21.113  SPELL_HEAL,Player-4755-016296D3,"Nivl-Dreadmist",0x514,0x0,Player-4755-02045EF4,"Necrosini-Dreadmist",0x512,0x0,10623,"Chain Heal",0x8,Player-4755-02045EF4,0000000000000000,83,100,0,0,0,-1,0,0,0,4.46,-177.09,0,4.8551,69,887,887,0,0,nil
4/28 18:51:21.113  SPELL_DAMAGE,Player-4755-0160BD13,"Mafkees-Dreadmist",0x514,0x0,Creature-0-4457-249-1045-10184-000028665C,"Onyxia",0xa48,0x0,23894,"Bloodthirst",0x1,Creature-0-4457-249-1045-10184-000028665C,0000000000000000,35,100,0,0,0,-1,0,0,0,9.96,-202.99,0,5.6564,63,497,630,-1,1,0,0,0,nil,nil,nil
4/28 18:51:21.113  SPELL_AURA_APPLIED_DOSE,Player-4755-0160BD13,"Mafkees-Dreadmist",0x514,0x0,Player-4755-0160BD13,"Mafkees-Dreadmist",0x514,0x0,23888,"Bloodthirst",0x1,BUFF,5
4/28 18:51:21.113  SWING_DAMAGE_LANDED,Creature-0-4457-249-1045-10184-000028665C,"Onyxia",0xa48,0x0,Player-4755-01F21AE6,"Blahu-Dreadmist",0x40514,0x0,Player-4755-01F21AE6,0000000000000000,65,100,0,0,0,-1,0,0,0,17.26,-202.70,0,3.5202,70,797,1716,-1,1,0,0,0,nil,nil,nil
4/28 18:51:21.113  SPELL_ENERGIZE,Player-4755-01AC9FD9,"Alexinho-Dreadmist",0x514,0x0,Player-4755-01AC9FD9,"Alexinho-Dreadmist",0x514,0x0,14181,"Relentless Strikes Effect",0x1,Player-4755-01AC9FD9,0000000000000000,100,100,0,0,0,-1,0,0,0,15.01,-199.05,0,3.4109,66,25.0000,0.0000,3,100
4/28 18:51:21.113  SWING_DAMAGE_LANDED,Player-4755-01637B0A,"Pindle-Dreadmist",0x514,0x0,Creature-0-4457-249-1045-10184-000028665C,"Onyxia",0xa48,0x0,Creature-0-4457-249-1045-10184-000028665C,0000000000000000,35,100,0,0,0,-1,0,0,0,9.96,-202.99,0,5.6564,63,143,88,-1,1,0,0,0,1,nil,nil
4/28 18:51:21.113  SPELL_DAMAGE,Player-4755-01637B0A,"Pindle-Dreadmist",0x514,0x0,Creature-0-4457-249-1045-10184-000028665C,"Onyxia",0xa48,0x0,11337,"Instant Poison VI",0x8,Creature-0-4457-249-1045-10184-000028665C,0000000000000000,35,100,0,0,0,-1,0,0,0,9.96,-202.99,0,5.6564,63,151,150,-1,8,0,0,0,nil,nil,nil
4/28 18:51:21.113  SWING_DAMAGE_LANDED,Player-4755-0160BD13,"Mafkees-Dreadmist",0x514,0x0,Creature-0-4457-249-1045-10184-000028665C,"Onyxia",0xa48,0x0,Creature-0-4457-249-1045-10184-000028665C,0000000000000000,35,100,0,0,0,-1,0,0,0,9.96,-202.99,0,5.6564,63,396,624,-1,1,0,0,0,nil,1,nil
4/28 18:51:21.113  SWING_DAMAGE_LANDED,Player-4755-01733879,"Hocwar-Dreadmist",0x40514,0x0,Creature-0-4457-249-1045-10184-000028665C,"Onyxia",0xa48,0x0,Creature-0-4457-249-1045-10184-000028665C,0000000000000000,35,100,0,0,0,-1,0,0,0,9.96,-202.99,0,5.6564,63,100,148,-1,1,0,0,0,nil,1,nil
4/28 18:51:21.113  SPELL_PERIODIC_ENERGIZE,Player-4755-01F21AE6,"Blahu-Dreadmist",0x40514,0x0,Player-4755-01F21AE6,"Blahu-Dreadmist",0x40514,0x0,29131,"Bloodrage",0x1,Player-4755-01F21AE6,0000000000000000,65,100,0,0,0,-1,0,0,0,17.26,-202.70,0,3.5202,70,1.0000,0.0000,1,1000
4/28 18:51:21.207  SPELL_PERIODIC_ENERGIZE,Creature-0-4457-249-1045-7416-0000286CFC,"Mana Spring Totem IV",0x2114,0x0,Player-4755-016296D3,"Nivl-Dreadmist",0x514,0x0,10494,"Mana Spring",0x8,Player-4755-016296D3,0000000000000000,100,100,0,0,0,-1,0,0,0,-1.97,-172.77,0,2.3918,69,10.0000,0.0000,0,5845
4/28 18:51:21.385  SWING_DAMAGE,Player-4755-0220BD00,"Krikoff-Dreadmist",0x40514,0x0,Creature-0-4457-249-1045-10184-000028665C,"Onyxia",0xa48,0x0,Player-4755-0220BD00,0000000000000000,68,100,0,0,0,-1,0,0,0,13.21,-196.10,0,4.0213,68,143,213,-1,1,0,0,0,nil,1,nil
4/28 18:51:21.418  SPELL_CAST_SUCCESS,Player-4755-01F21AE6,"Blahu-Dreadmist",0x40514,0x0,Creature-0-4457-249-1045-10184-000028665C,"Onyxia",0xa48,0x0,23894,"Bloodthirst",0x1,Player-4755-01F21AE6,0000000000000000,65,100,0,0,0,-1,0,0,0,17.26,-202.70,0,3.5202,70
4/28 18:51:21.508  SPELL_AURA_APPLIED,Player-4755-01F21AE6,"Blahu-Dreadmist",0x40514,0x0,Player-4755-01F21AE6,"Blahu-Dreadmist",0x40514,0x0,12970,"Flurry",0x1,BUFF
4/28 18:51:21.525  SPELL_AURA_REMOVED_DOSE,Player-4755-0160BD13,"Mafkees-Dreadmist",0x514,0x0,Player-4755-0160BD13,"Mafkees-Dreadmist",0x514,0x0,23888,"Bloodthirst",0x1,BUFF,4
4/28 18:51:21.525  SPELL_HEAL,Player-4755-0160BD13,"Mafkees-Dreadmist",0x514,0x0,Player-4755-0160BD13,"Mafkees-Dreadmist",0x514,0x0,23891,"Bloodthirst",0x1,Player-4755-0160BD13,0000000000000000,100,100,0,0,0,-1,0,0,0,3.69,-207.95,0,0.5207,64,20,20,0,0,nil
4/28 18:51:21.525  SPELL_AURA_REMOVED_DOSE,Player-4755-01733879,"Hocwar-Dreadmist",0x40514,0x0,Player-4755-01733879,"Hocwar-Dreadmist",0x40514,0x0,12970,"Flurry",0x1,BUFF,2
4/28 18:51:21.525  SPELL_EXTRA_ATTACKS,Player-4755-01637B0A,"Pindle-Dreadmist",0x514,0x0,Player-4755-01637B0A,"Pindle-Dreadmist",0x514,0x0,15601,"Hand of Justice",0x1,1
4/28 18:51:21.525  SPELL_AURA_REMOVED_DOSE,Player-4755-0160BD13,"Mafkees-Dreadmist",0x514,0x0,Player-4755-0160BD13,"Mafkees-Dreadmist",0x514,0x0,23888,"Bloodthirst",0x1,BUFF,3
4/28 18:51:21.525  SPELL_AURA_REMOVED_DOSE,Player-4755-0160BD13,"Mafkees-Dreadmist",0x514,0x0,Player-4755-0160BD13,"Mafkees-Dreadmist",0x514,0x0,12970,"Flurry",0x1,BUFF,1
4/28 18:51:21.525  SPELL_HEAL,Player-4755-0160BD13,"Mafkees-Dreadmist",0x514,0x0,Player-4755-0160BD13,"Mafkees-Dreadmist",0x514,0x0,23891,"Bloodthirst",0x1,Player-4755-0160BD13,0000000000000000,100,100,0,0,0,-1,0,0,0,3.69,-207.95,0,0.5207,64,20,20,0,0,nil
4/28 18:51:21.525  SPELL_AURA_REMOVED_DOSE,Player-4755-01733879,"Hocwar-Dreadmist",0x40514,0x0,Player-4755-01733879,"Hocwar-Dreadmist",0x40514,0x0,12970,"Flurry",0x1,BUFF,1
4/28 18:51:21.525  SWING_DAMAGE_LANDED,Player-4755-0220BD00,"Krikoff-Dreadmist",0x40514,0x0,Creature-0-4457-249-1045-10184-000028665C,"Onyxia",0xa48,0x0,Creature-0-4457-249-1045-10184-000028665C,0000000000000000,35,100,0,0,0,-1,0,0,0,9.96,-202.99,0,5.6564,63,143,213,-1,1,0,0,0,nil,1,nil
4/28 18:51:21.525  SPELL_DAMAGE,Player-4755-01F21AE6,"Blahu-Dreadmist",0x40514,0x0,Creature-0-4457-249-1045-10184-000028665C,"Onyxia",0xa48,0x0,23894,"Bloodthirst",0x1,Creature-0-4457-249-1045-10184-000028665C,0000000000000000,35,100,0,0,0,-1,0,0,0,9.96,-202.99,0,5.6564,63,754,478,-1,1,0,0,0,1,nil,nil
4/28 18:51:21.525  SPELL_AURA_APPLIED,Player-4755-01F21AE6,"Blahu-Dreadmist",0x40514,0x0,Player-4755-01F21AE6,"Blahu-Dreadmist",0x40514,0x0,23888,"Bloodthirst",0x1,BUFF
4/28 18:51:21.525  SWING_DAMAGE,Player-4755-01637B0A,"Pindle-Dreadmist",0x514,0x0,Creature-0-4457-249-1045-10184-000028665C,"Onyxia",0xa48,0x0,Player-4755-01637B0A,0000000000000000,82,100,0,0,0,-1,0,0,0,5.03,-205.95,0,0.6493,65,138,178,-1,1,0,0,0,nil,1,nil
4/28 18:51:21.594  SWING_DAMAGE,Pet-0-4457-249-1045-7432-01002D8BC6,"Cat",0x1114,0x0,Creature-0-4457-249-1045-10184-000028665C,"Onyxia",0xa48,0x0,Pet-0-4457-249-1045-7432-01002D8BC6,Player-4755-01E83279,88,100,0,0,0,-1,0,0,0,-14.77,-199.47,0,6.1417,71,88,111,-1,1,0,0,0,nil,nil,nil
4/28 18:51:21.670  SPELL_CAST_SUCCESS,Player-4755-01ED7A64,"Sperzieboon-Dreadmist",0x514,0x0,Player-4755-01802FE5,"Angrybat-Dreadmist",0x514,0x0,10917,"Flash Heal",0x2,Player-4755-01ED7A64,0000000000000000,80,100,0,0,0,-1,0,0,0,10.33,-222.60,0,1.3804,67
4/28 18:51:21.670  SPELL_CAST_START,Player-4755-01ED7A64,"Sperzieboon-Dreadmist",0x514,0x0,0000000000000000,nil,0x80000000,0x80000000,10917,"Flash Heal",0x2
4/28 18:51:21.692  SPELL_HEAL,Player-4755-01840577,"Raggèn-Dreadmist",0x514,0x0,Player-4755-01840577,"Raggèn-Dreadmist",0x514,0x0,15700,"Whipper Root Tuber",0x1,Player-4755-01840577,0000000000000000,78,100,0,0,0,-1,0,0,0,-10.92,-207.54,0,5.4719,67,1153,1153,0,0,1
4/28 18:51:21.692  SPELL_CAST_SUCCESS,Player-4755-01840577,"Raggèn-Dreadmist",0x514,0x0,0000000000000000,nil,0x80000000,0x80000000,15700,"Whipper Root Tuber",0x1,Player-4755-01840577,0000000000000000,78,100,0,0,0,-1,0,0,0,-10.92,-207.54,0,5.4719,67
4/28 18:51:21.740  SPELL_PERIODIC_ENERGIZE,Player-4755-0220BD00,"Krikoff-Dreadmist",0x40514,0x0,Player-4755-0220BD00,"Krikoff-Dreadmist",0x40514,0x0,29131,"Bloodrage",0x1,Player-4755-0220BD00,0000000000000000,68,100,0,0,0,-1,0,0,0,13.21,-196.10,0,4.0213,68,1.0000,0.0000,1,1000
4/28 18:51:21.803  SPELL_CAST_START,Player-4755-020BD78D,"Lonehunter-Dreadmist",0x514,0x0,0000000000000000,nil,0x80000000,0x80000000,75,"Auto Shot",0x1
4/28 18:51:21.838  SPELL_PERIODIC_ENERGIZE,Creature-0-4457-249-1045-7416-0000286CFC,"Mana Spring Totem IV",0x2114,0x0,Player-4755-0178F576,"Atreas-Dreadmist",0x514,0x0,10494,"Mana Spring",0x8,Player-4755-0178F576,0000000000000000,100,100,0,0,0,-1,0,0,0,0.36,-171.20,0,6.1521,66,10.0000,0.0000,0,3765
4/28 18:51:21.921  SPELL_ENERGIZE,Player-4755-01733879,"Hocwar-Dreadmist",0x40514,0x0,Player-4755-01733879,"Hocwar-Dreadmist",0x40514,0x0,12964,"Unbridled Wrath",0x1,Player-4755-01733879,0000000000000000,95,100,0,0,0,-1,0,0,0,6.55,-207.45,0,1.0859,71,1.0000,0.0000,1,1000
4/28 18:51:21.921  SPELL_HEAL,Player-4755-0220BD00,"Krikoff-Dreadmist",0x40514,0x0,Player-4755-0220BD00,"Krikoff-Dreadmist",0x40514,0x0,23891,"Bloodthirst",0x1,Player-4755-0220BD00,0000000000000000,68,100,0,0,0,-1,0,0,0,13.21,-196.10,0,4.0213,68,20,20,0,0,nil
4/28 18:51:21.921  SPELL_AURA_REMOVED,Player-4755-0220BD00,"Krikoff-Dreadmist",0x40514,0x0,Player-4755-0220BD00,"Krikoff-Dreadmist",0x40514,0x0,23888,"Bloodthirst",0x1,BUFF
4/28 18:51:21.921  SPELL_AURA_REMOVED_DOSE,Player-4755-01F21AE6,"Blahu-Dreadmist",0x40514,0x0,Player-4755-01F21AE6,"Blahu-Dreadmist",0x40514,0x0,23888,"Bloodthirst",0x1,BUFF,4
4/28 18:51:21.921  SPELL_AURA_REFRESH,Player-4755-01F21AE6,"Blahu-Dreadmist",0x40514,0x0,Player-4755-01F21AE6,"Blahu-Dreadmist",0x40514,0x0,12970,"Flurry",0x1,BUFF
4/28 18:51:21.921  SPELL_HEAL,Player-4755-01F21AE6,"Blahu-Dreadmist",0x40514,0x0,Player-4755-01F21AE6,"Blahu-Dreadmist",0x40514,0x0,23891,"Bloodthirst",0x1,Player-4755-01F21AE6,0000000000000000,65,100,0,0,0,-1,0,0,0,17.26,-202.70,0,3.5019,70,20,20,0,0,nil
4/28 18:51:21.921  SWING_DAMAGE_LANDED,Player-4755-01637B0A,"Pindle-Dreadmist",0x514,0x0,Creature-0-4457-249-1045-10184-000028665C,"Onyxia",0xa48,0x0,Creature-0-4457-249-1045-10184-000028665C,0000000000000000,35,100,0,0,0,-1,0,0,0,9.96,-202.99,0,5.6564,63,138,178,-1,1,0,0,0,nil,1,nil
4/28 18:51:21.921  SWING_DAMAGE_LANDED,Pet-0-4457-249-1045-7432-01002D8BC6,"Cat",0x1114,0x0,Creature-0-4457-249-1045-10184-000028665C,"Onyxia",0xa48,0x0,Creature-0-4457-249-1045-10184-000028665C,0000000000000000,35,100,0,0,0,-1,0,0,0,9.96,-202.99,0,5.6564,63,88,111,-1,1,0,0,0,nil,nil,nil
4/28 18:51:21.921  SPELL_HEAL,Player-4755-01ED7A64,"Sperzieboon-Dreadmist",0x514,0x0,Player-4755-01802FE5,"Angrybat-Dreadmist",0x514,0x0,10917,"Flash Heal",0x2,Player-4755-01802FE5,0000000000000000,38,100,0,0,0,-1,0,0,0,36.63,-224.50,0,5.2091,66,1142,1142,0,0,nil
4/28 18:51:21.971  SPELL_CAST_START,Player-4755-01804B95,"Moymoy-Dreadmist",0x514,0x0,0000000000000000,nil,0x80000000,0x80000000,10396,"Healing Wave",0x8
4/28 18:51:22.061  SPELL_CAST_SUCCESS,Player-4755-0220BD00,"Krikoff-Dreadmist",0x40514,0x0,Creature-0-4457-249-1045-10184-000028665C,"Onyxia",0xa48,0x0,11597,"Sunder Armor",0x1,Player-4755-0220BD00,0000000000000000,68,100,0,0,0,-1,0,0,0,13.21,-196.10,0,4.0213,68
4/28 18:51:22.075  SWING_DAMAGE,Player-4755-01637B0A,"Pindle-Dreadmist",0x514,0x0,Creature-0-4457-249-1045-10184-000028665C,"Onyxia",0xa48,0x0,Player-4755-01637B0A,0000000000000000,82,100,0,0,0,-1,0,0,0,6.15,-202.03,0,6.1118,65,72,94,-1,1,0,0,0,nil,1,nil
4/28 18:51:22.075  SPELL_PERIODIC_HEAL,Player-4755-01BC57A3,"Saintis-Dreadmist",0x511,0x0,Player-4755-0220BD00,"Krikoff-Dreadmist",0x40514,0x0,10929,"Renew",0x2,Player-4755-0220BD00,0000000000000000,71,100,0,0,0,-1,0,0,0,13.21,-196.10,0,4.0213,68,306,306,0,0,nil
4/28 18:51:22.096  SPELL_PERIODIC_ENERGIZE,Player-4755-01F21AE6,"Blahu-Dreadmist",0x40514,0x0,Player-4755-01F21AE6,"Blahu-Dreadmist",0x40514,0x0,29131,"Bloodrage",0x1,Player-4755-01F21AE6,0000000000000000,65,100,0,0,0,-1,0,0,0,17.26,-202.70,0,3.5019,70,1.0000,0.0000,1,1000
4/28 18:51:22.110  SPELL_CAST_START,Player-4755-0163DD9D,"Kaspais-Dreadmist",0x514,0x0,0000000000000000,nil,0x80000000,0x80000000,5019,"Shoot",0x1
4/28 18:51:22.202  SPELL_CAST_SUCCESS,Player-4755-01AC9FD9,"Alexinho-Dreadmist",0x514,0x0,Creature-0-4457-249-1045-10184-000028665C,"Onyxia",0xa48,0x0,11294,"Sinister Strike",0x1,Player-4755-01AC9FD9,0000000000000000,100,100,0,0,0,-1,0,0,0,13.38,-193.87,0,2.0877,66
4/28 18:51:22.247  SPELL_CAST_SUCCESS,Player-4755-01FA8DD8,"Roackerita-Dreadmist",0x514,0x0,Player-4755-01F21AE6,"Blahu-Dreadmist",0x40514,0x0,9474,"Flash Heal",0x2,Player-4755-01FA8DD8,0000000000000000,100,100,0,0,0,-1,0,0,0,9.97,-170.74,0,6.2128,69
4/28 18:51:22.247  SPELL_CAST_SUCCESS,Player-4755-020BD78D,"Lonehunter-Dreadmist",0x514,0x0,Creature-0-4457-249-1045-10184-000028665C,"Onyxia",0xa48,0x0,75,"Auto Shot",0x1,Player-4755-020BD78D,0000000000000000,68,100,0,0,0,-1,0,0,0,5.72,-250.97,0,1.5228,70
4/28 18:51:22.304  SWING_DAMAGE,Player-4755-01F21AE6,"Blahu-Dreadmist",0x40514,0x0,Creature-0-4457-249-1045-10184-000028665C,"Onyxia",0xa48,0x0,Player-4755-01F21AE6,0000000000000000,65,100,0,0,0,-1,0,0,0,17.81,-202.52,0,3.4417,70,101,143,-1,1,0,0,0,nil,1,nil
4/28 18:51:22.321  SPELL_AURA_APPLIED,Player-4755-01F21AE6,"Blahu-Dreadmist",0x40514,0x0,Player-4755-01F21AE6,"Blahu-Dreadmist",0x40514,0x0,21887,"Warrior's Wrath",0x1,BUFF
4/28 18:51:22.321  SWING_DAMAGE_LANDED,Player-4755-01637B0A,"Pindle-Dreadmist",0x514,0x0,Creature-0-4457-249-1045-10184-000028665C,"Onyxia",0xa48,0x0,Creature-0-4457-249-1045-10184-000028665C,0000000000000000,35,100,0,0,0,-1,0,0,0,9.96,-202.99,0,5.6564,63,72,94,-1,1,0,0,0,nil,1,nil
4/28 18:51:22.321  SPELL_DAMAGE,Player-4755-01637B0A,"Pindle-Dreadmist",0x514,0x0,Creature-0-4457-249-1045-10184-000028665C,"Onyxia",0xa48,0x0,11337,"Instant Poison VI",0x8,Creature-0-4457-249-1045-10184-000028665C,0000000000000000,35,100,0,0,0,-1,0,0,0,9.96,-202.99,0,5.6564,63,132,132,-1,8,0,0,0,nil,nil,nil
4/28 18:51:22.321  SPELL_DAMAGE,Player-4755-01AC9FD9,"Alexinho-Dreadmist",0x514,0x0,Creature-0-4457-249-1045-10184-000028665C,"Onyxia",0xa48,0x0,11294,"Sinister Strike",0x1,Creature-0-4457-249-1045-10184-000028665C,0000000000000000,35,100,0,0,0,-1,0,0,0,9.96,-202.99,0,5.6564,63,369,468,-1,1,0,0,0,nil,nil,nil
4/28 18:51:22.321  SPELL_HEAL,Player-4755-01FA8DD8,"Roackerita-Dreadmist",0x514,0x0,Player-4755-01F21AE6,"Blahu-Dreadmist",0x40514,0x0,9474,"Flash Heal",0x2,Player-4755-01F21AE6,0000000000000000,75,100,0,0,0,-1,0,0,0,17.89,-202.50,0,3.4417,70,795,795,0,0,nil
4/28 18:51:22.321  SWING_DAMAGE_LANDED,Player-4755-01F21AE6,"Blahu-Dreadmist",0x40514,0x0,Creature-0-4457-249-1045-10184-000028665C,"Onyxia",0xa48,0x0,Creature-0-4457-249-1045-10184-000028665C,0000000000000000,35,100,0,0,0,-1,0,0,0,9.96,-202.99,0,5.6564,63,101,143,-1,1,0,0,0,nil,1,nil
4/28 18:51:22.321  SWING_DAMAGE,Player-4755-01733879,"Hocwar-Dreadmist",0x40514,0x0,Creature-0-4457-249-1045-10184-000028665C,"Onyxia",0xa48,0x0,Player-4755-01733879,0000000000000000,95,100,0,0,0,-1,0,0,0,8.12,-208.28,0,1.0859,71,95,147,-1,1,0,0,0,nil,1,nil
4/28 18:51:22.353  SPELL_MISSED,Player-4755-01733879,"Hocwar-Dreadmist",0x40514,0x0,Creature-0-4457-249-1045-10184-000028665C,"Onyxia",0xa48,0x0,23267,"Firebolt",0x4,IMMUNE,nil
4/28 18:51:22.353  SWING_DAMAGE,Player-4755-01733879,"Hocwar-Dreadmist",0x40514,0x0,Creature-0-4457-249-1045-10184-000028665C,"Onyxia",0xa48,0x0,Player-4755-01733879,0000000000000000,95,100,0,0,0,-1,0,0,0,8.34,-208.39,0,1.0859,71,207,296,-1,1,0,0,0,nil,1,nil
4/28 18:51:22.396  SPELL_AURA_REMOVED,Player-4755-01BC57A3,"Saintis-Dreadmist",0x511,0x0,Player-4755-01BC57A3,"Saintis-Dreadmist",0x511,0x0,7744,"Will of the Forsaken",0x1,BUFF
4/28 18:51:22.473  SPELL_PERIODIC_DAMAGE,Player-4755-0160BD13,"Mafkees-Dreadmist",0x514,0x0,Creature-0-4457-249-1045-10184-000028665C,"Onyxia",0xa48,0x0,12721,"Deep Wound",0x1,Creature-0-4457-249-1045-10184-000028665C,0000000000000000,35,100,0,0,0,-1,0,0,0,9.96,-202.99,0,5.6564,63,92,91,-1,1,0,0,0,nil,nil,nil
4/28 18:51:22.571  SWING_MISSED,Player-4755-01F21AE6,"Blahu-Dreadmist",0x40514,0x0,Creature-0-4457-249-1045-10184-000028665C,"Onyxia",0xa48,0x0,MISS,nil
4/28 18:51:22.613  SPELL_CAST_SUCCESS,Player-4755-0163DD9D,"Kaspais-Dreadmist",0x514,0x0,Creature-0-4457-249-1045-10184-000028665C,"Onyxia",0xa48,0x0,5019,"Shoot",0x1,Player-4755-0163DD9D,0000000000000000,100,100,0,0,0,-1,0,0,0,-0.01,-174.22,0,5.0044,66
4/28 18:51:22.642  SPELL_PERIODIC_DAMAGE,Player-4755-0178F416,"Eltorero-Dreadmist",0x10514,0x0,Creature-0-4457-249-1045-10184-000028665C,"Onyxia",0xa48,0x0,12721,"Deep Wound",0x1,Creature-0-4457-249-1045-10184-000028665C,0000000000000000,35,100,0,0,0,-1,0,0,0,9.96,-202.99,0,5.6564,63,102,101,-1,1,0,0,0,nil,nil,nil
4/28 18:51:22.670  SWING_MISSED,Player-4755-01AC9FD9,"Alexinho-Dreadmist",0x514,0x0,Creature-0-4457-249-1045-10184-000028665C,"Onyxia",0xa48,0x0,DODGE,nil
4/28 18:51:22.699  SPELL_CAST_SUCCESS,Player-4755-0160BD13,"Mafkees-Dreadmist",0x514,0x0,Creature-0-4457-249-1045-10184-000028665C,"Onyxia",0xa48,0x0,7373,"Hamstring",0x1,Player-4755-0160BD13,0000000000000000,100,100,0,0,0,-1,0,0,0,2.85,-207.25,0,0.5482,64
4/28 18:51:22.713  SPELL_AURA_REMOVED,Player-4755-0178F576,"Atreas-Dreadmist",0x514,0x0,Player-4755-0178F416,"Eltorero-Dreadmist",0x10514,0x0,20906,"Trueshot Aura",0x40,BUFF
4/28 18:51:22.713  SPELL_CAST_SUCCESS,Pet-0-4457-249-1045-7432-01002D8BC6,"Cat",0x1114,0x0,Creature-0-4457-249-1045-10184-000028665C,"Onyxia",0xa48,0x0,3009,"Claw",0x1,Pet-0-4457-249-1045-7432-01002D8BC6,Player-4755-01E83279,88,100,0,0,0,-1,0,0,0,-14.77,-199.47,0,6.1417,71
4/28 18:51:22.713  SPELL_MISSED,Pet-0-4457-249-1045-7432-01002D8BC6,"Cat",0x1114,0x0,Creature-0-4457-249-1045-10184-000028665C,"Onyxia",0xa48,0x0,3009,"Claw",0x1,DODGE,nil
4/28 18:51:22.713  SPELL_AURA_REMOVED_DOSE,Player-4755-01F21AE6,"Blahu-Dreadmist",0x40514,0x0,Player-4755-01F21AE6,"Blahu-Dreadmist",0x40514,0x0,23888,"Bloodthirst",0x1,BUFF,3
4/28 18:51:22.713  SPELL_AURA_REMOVED_DOSE,Player-4755-01F21AE6,"Blahu-Dreadmist",0x40514,0x0,Player-4755-01F21AE6,"Blahu-Dreadmist",0x40514,0x0,12970,"Flurry",0x1,BUFF,2
4/28 18:51:22.713  SPELL_HEAL,Player-4755-01F21AE6,"Blahu-Dreadmist",0x40514,0x0,Player-4755-01F21AE6,"Blahu-Dreadmist",0x40514,0x0,23891,"Bloodthirst",0x1,Player-4755-01F21AE6,0000000000000000,76,100,0,0,0,-1,0,0,0,18.38,-202.35,0,3.4077,70,20,20,0,0,nil
4/28 18:51:22.713  SWING_DAMAGE_LANDED,Player-4755-01733879,"Hocwar-Dreadmist",0x40514,0x0,Creature-0-4457-249-1045-10184-000028665C,"Onyxia",0xa48,0x0,Creature-0-4457-249-1045-10184-000028665C,0000000000000000,35,100,0,0,0,-1,0,0,0,9.96,-202.99,0,5.6564,63,95,147,-1,1,0,0,0,nil,1,nil
4/28 18:51:22.713  SWING_DAMAGE_LANDED,Player-4755-01733879,"Hocwar-Dreadmist",0x40514,0x0,Creature-0-4457-249-1045-10184-000028665C,"Onyxia",0xa48,0x0,Creature-0-4457-249-1045-10184-000028665C,0000000000000000,35,100,0,0,0,-1,0,0,0,9.96,-202.99,0,5.6564,63,207,296,-1,1,0,0,0,nil,1,nil
4/28 18:51:22.735  SPELL_DAMAGE,Player-4755-0160BD13,"Mafkees-Dreadmist",0x514,0x0,Creature-0-4457-249-1045-10184-000028665C,"Onyxia",0xa48,0x0,7373,"Hamstring",0x1,Creature-0-4457-249-1045-10184-000028665C,0000000000000000,35,100,0,0,0,-1,0,0,0,9.96,-202.99,0,5.6564,63,36,45,-1,1,0,0,0,nil,nil,nil
4/28 18:51:22.735  SWING_MISSED,Player-4755-0220BD00,"Krikoff-Dreadmist",0x40514,0x0,Creature-0-4457-249-1045-10184-000028665C,"Onyxia",0xa48,0x0,MISS,nil
4/28 18:51:22.735  SPELL_PERIODIC_ENERGIZE,Player-4755-0220BD00,"Krikoff-Dreadmist",0x40514,0x0,Player-4755-0220BD00,"Krikoff-Dreadmist",0x40514,0x0,29131,"Bloodrage",0x1,Player-4755-0220BD00,0000000000000000,71,100,0,0,0,-1,0,0,0,13.21,-196.10,0,4.0213,68,1.0000,0.0000,1,1000
4/28 18:51:22.757  SPELL_PERIODIC_ENERGIZE,Player-4755-01802FE5,"Angrybat-Dreadmist",0x514,0x0,Player-4755-01802FE5,"Angrybat-Dreadmist",0x514,0x0,18194,"Mana Regeneration",0x1,Player-4755-01802FE5,0000000000000000,38,100,0,0,0,-1,0,0,0,36.63,-224.50,0,5.2091,66,8.0000,0.0000,0,6033
4/28 18:51:22.819  SPELL_CAST_START,Player-4755-0210153A,"Hapuseneb-Dreadmist",0x514,0x0,0000000000000000,nil,0x80000000,0x80000000,10917,"Flash Heal",0x2
4/28 18:51:22.819  SPELL_CAST_START,Player-4755-020BD78D,"Lonehunter-Dreadmist",0x514,0x0,0000000000000000,nil,0x80000000,0x80000000,20904,"Aimed Shot",0x1
4/28 18:51:22.820  SPELL_PERIODIC_HEAL,Player-4755-02045EF4,"Necrosini-Dreadmist",0x512,0x0,Player-4755-01F21AE6,"Blahu-Dreadmist",0x40514,0x0,10929,"Renew",0x2,Player-4755-01F21AE6,0000000000000000,79,100,0,0,0,-1,0,0,0,18.38,-202.35,0,3.4077,70,253,253,0,0,nil
4/28 18:51:22.876  SPELL_CAST_START,Player-4755-01FA8DD8,"Roackerita-Dreadmist",0x514,0x0,0000000000000000,nil,0x80000000,0x80000000,9474,"Flash Heal",0x2
4/28 18:51:22.905  SWING_MISSED,Player-4755-01637B0A,"Pindle-Dreadmist",0x514,0x0,Creature-0-4457-249-1045-10184-000028665C,"Onyxia",0xa48,0x0,MISS,nil
4/28 18:51:22.921  SPELL_CAST_SUCCESS,Player-4755-01F21AE6,"Blahu-Dreadmist",0x40514,0x0,Creature-0-4457-249-1045-10184-000028665C,"Onyxia",0xa48,0x0,11597,"Sunder Armor",0x1,Player-4755-01F21AE6,0000000000000000,79,100,0,0,0,-1,0,0,0,18.38,-202.35,0,3.4077,70
4/28 18:51:22.921  SPELL_AURA_APPLIED,Player-4755-01F21AE6,"Blahu-Dreadmist",0x40514,0x0,Player-4755-01F21AE6,"Blahu-Dreadmist",0x40514,0x0,10610,"Windfury Totem",0x8,BUFF
4/28 18:51:22.921  SPELL_EXTRA_ATTACKS,Player-4755-01F21AE6,"Blahu-Dreadmist",0x40514,0x0,Player-4755-01F21AE6,"Blahu-Dreadmist",0x40514,0x0,10610,"Windfury Totem",0x8,1
4/28 18:51:22.940  SWING_DAMAGE,Creature-0-4457-249-1045-10184-000028665C,"Onyxia",0xa48,0x0,Player-4755-0178F416,"Eltorero-Dreadmist",0x10514,0x0,Creature-0-4457-249-1045-10184-000028665C,0000000000000000,35,100,0,0,0,-1,0,0,0,9.96,-202.99,0,5.6564,63,1040,1546,-1,1,0,0,0,nil,nil,nil
4/28 18:51:22.940  SWING_DAMAGE,Player-4755-01F21AE6,"Blahu-Dreadmist",0x40514,0x0,Creature-0-4457-249-1045-10184-000028665C,"Onyxia",0xa48,0x0,Player-4755-01F21AE6,0000000000000000,79,100,0,0,0,-1,0,0,0,18.38,-202.35,0,3.4077,70,241,412,-1,1,0,0,0,nil,1,nil
4/28 18:51:22.969  SPELL_CAST_SUCCESS,Player-4755-01733879,"Hocwar-Dreadmist",0x40514,0x0,Creature-0-4457-249-1045-10184-000028665C,"Onyxia",0xa48,0x0,23881,"Bloodthirst",0x1,Player-4755-01733879,0000000000000000,95,100,0,0,0,-1,0,0,0,11.25,-207.65,0,1.7417,71
4/28 18:51:22.969  SPELL_MISSED,Player-4755-01733879,"Hocwar-Dreadmist",0x40514,0x0,Creature-0-4457-249-1045-10184-000028665C,"Onyxia",0xa48,0x0,23267,"Firebolt",0x4,IMMUNE,nil
4/28 18:51:22.984  SWING_DAMAGE,Player-4755-01AC9FD9,"Alexinho-Dreadmist",0x514,0x0,Creature-0-4457-249-1045-10184-000028665C,"Onyxia",0xa48,0x0,Player-4755-01AC9FD9,0000000000000000,100,100,0,0,0,-1,0,0,0,10.66,-194.42,0,4.5607,66,131,201,-1,1,0,0,0,nil,1,nil
4/28 18:51:22.984  SPELL_PERIODIC_HEAL,Player-4755-02045EF4,"Necrosini-Dreadmist",0x512,0x0,Player-4755-01A6B139,"Sakatan-Dreadmist",0x514,0x0,10929,"Renew",0x2,Player-4755-01A6B139,0000000000000000,100,100,0,0,0,-1,0,0,0,10.12,-183.35,0,4.7995,69,253,253,253,0,nil
4/28 18:51:23.066  SPELL_CAST_SUCCESS,Player-4755-01ED7A64,"Sperzieboon-Dreadmist",0x514,0x0,Player-4755-01802FE5,"Angrybat-Dreadmist",0x514,0x0,10917,"Flash Heal",0x2,Player-4755-01ED7A64,0000000000000000,80,100,0,0,0,-1,0,0,0,10.33,-222.60,0,1.3804,67
4/28 18:51:23.081  SPELL_AURA_REMOVED,Creature-0-4457-249-1045-10184-000028665C,"Onyxia",0xa48,0x0,Player-4755-01802FE5,"Angrybat-Dreadmist",0x514,0x0,1604,"Dazed",0x1,DEBUFF
4/28 18:51:23.100  SPELL_CAST_SUCCESS,Player-4755-01BC57A3,"Saintis-Dreadmist",0x511,0x0,Player-4755-0220BD00,"Krikoff-Dreadmist",0x40514,0x0,6063,"Heal",0x2,Player-4755-01BC57A3,0000000000000000,50,100,0,0,0,-1,0,0,0,4.21,-226.86,0,1.0963,68
4/28 18:51:23.103  SPELL_CAST_START,Player-4755-01BC57A3,"Saintis-Dreadmist",0x511,0x0,0000000000000000,nil,0x80000000,0x80000000,10917,"Flash Heal",0x2
4/28 18:51:23.103  SPELL_PERIODIC_ENERGIZE,Player-4755-01F21AE6,"Blahu-Dreadmist",0x40514,0x0,Player-4755-01F21AE6,"Blahu-Dreadmist",0x40514,0x0,29131,"Bloodrage",0x1,Player-4755-01F21AE6,0000000000000000,79,100,0,0,0,-1,0,0,0,18.34,-202.20,0,3.3998,70,1.0000,0.0000,1,1000
4/28 18:51:23.103  SWING_DAMAGE,Pet-0-4457-249-1045-7432-01002D8BC6,"Cat",0x1114,0x0,Creature-0-4457-249-1045-10184-000028665C,"Onyxia",0xa48,0x0,Pet-0-4457-249-1045-7432-01002D8BC6,Player-4755-01E83279,88,100,0,0,0,-1,0,0,0,-14.77,-199.47,0,6.1417,71,79,99,-1,1,0,0,0,nil,nil,nil
4/28 18:51:23.123  SPELL_AURA_REMOVED,Player-4755-01733879,"Hocwar-Dreadmist",0x40514,0x0,Player-4755-01733879,"Hocwar-Dreadmist",0x40514,0x0,12970,"Flurry",0x1,BUFF
4/28 18:51:23.123  SPELL_AURA_REMOVED_DOSE,Player-4755-01F21AE6,"Blahu-Dreadmist",0x40514,0x0,Player-4755-01F21AE6,"Blahu-Dreadmist",0x40514,0x0,10610,"Windfury Totem",0x8,BUFF,1
4/28 18:51:23.123  SPELL_AURA_REMOVED_DOSE,Player-4755-01F21AE6,"Blahu-Dreadmist",0x40514,0x0,Player-4755-01F21AE6,"Blahu-Dreadmist",0x40514,0x0,12970,"Flurry",0x1,BUFF,1
4/28 18:51:23.123  SPELL_AURA_REMOVED_DOSE,Player-4755-0160BD13,"Mafkees-Dreadmist",0x514,0x0,Player-4755-0160BD13,"Mafkees-Dreadmist",0x514,0x0,23888,"Bloodthirst",0x1,BUFF,2
4/28 18:51:23.123  SPELL_HEAL,Player-4755-0160BD13,"Mafkees-Dreadmist",0x514,0x0,Player-4755-0160BD13,"Mafkees-Dreadmist",0x514,0x0,23891,"Bloodthirst",0x1,Player-4755-0160BD13,0000000000000000,100,100,0,0,0,-1,0,0,0,2.43,-207.07,0,0.3833,64,20,20,19,0,nil
4/28 18:51:23.123  SWING_DAMAGE_LANDED,Creature-0-4457-249-1045-10184-000028665C,"Onyxia",0xa48,0x0,Player-4755-0178F416,"Eltorero-Dreadmist",0x10514,0x0,Player-4755-0178F416,0000000000000000,79,100,0,0,0,-1,0,0,0,13.73,-220.20,0,2.3323,67,1040,1546,-1,1,0,0,0,nil,nil,nil
4/28 18:51:23.123  SWING_DAMAGE_LANDED,Player-4755-01F21AE6,"Blahu-Dreadmist",0x40514,0x0,Creature-0-4457-249-1045-10184-000028665C,"Onyxia",0xa48,0x0,Creature-0-4457-249-1045-10184-000028665C,0000000000000000,35,100,0,0,0,-1,0,0,0,9.96,-202.99,0,5.6564,63,241,412,-1,1,0,0,0,nil,1,nil
4/28 18:51:23.123  SPELL_DAMAGE,Player-4755-01733879,"Hocwar-Dreadmist",0x40514,0x0,Creature-0-4457-249-1045-10184-000028665C,"Onyxia",0xa48,0x0,23881,"Bloodthirst",0x1,Creature-0-4457-249-1045-10184-000028665C,0000000000000000,35,100,0,0,0,-1,0,0,0,9.96,-202.99,0,5.6564,63,469,595,-1,1,0,0,0,nil,nil,nil
4/28 18:51:23.123  SPELL_AURA_APPLIED,Player-4755-01733879,"Hocwar-Dreadmist",0x40514,0x0,Player-4755-01733879,"Hocwar-Dreadmist",0x40514,0x0,23885,"Bloodthirst",0x1,BUFF
4/28 18:51:23.123  SWING_DAMAGE_LANDED,Player-4755-01AC9FD9,"Alexinho-Dreadmist",0x514,0x0,Creature-0-4457-249-1045-10184-000028665C,"Onyxia",0xa48,0x0,Creature-0-4457-249-1045-10184-000028665C,0000000000000000,35,100,0,0,0,-1,0,0,0,9.96,-202.99,0,5.6564,63,131,201,-1,1,0,0,0,nil,1,nil
4/28 18:51:23.123  SPELL_DAMAGE,Player-4755-01AC9FD9,"Alexinho-Dreadmist",0x514,0x0,Creature-0-4457-249-1045-10184-000028665C,"Onyxia",0xa48,0x0,11337,"Instant Poison VI",0x8,Creature-0-4457-249-1045-10184-000028665C,0000000000000000,34,100,0,0,0,-1,0,0,0,9.96,-202.99,0,5.6564,63,118,118,-1,8,0,0,0,nil,nil,nil
4/28 18:51:23.123  SPELL_HEAL,Player-4755-01ED7A64,"Sperzieboon-Dreadmist",0x514,0x0,Player-4755-01802FE5,"Angrybat-Dreadmist",0x514,0x0,10917,"Flash Heal",0x2,Player-4755-01802FE5,0000000000000000,72,100,0,0,0,-1,0,0,0,36.63,-224.50,0,5.2091,66,1131,1131,0,0,nil
4/28 18:51:23.123  SPELL_HEAL,Player-4755-01BC57A3,"Saintis-Dreadmist",0x511,0x0,Player-4755-0220BD00,"Krikoff-Dreadmist",0x40514,0x0,6063,"Heal",0x2,Player-4755-0220BD00,0000000000000000,86,100,0,0,0,-1,0,0,0,13.21,-196.10,0,4.0213,68,1253,1253,0,0,nil
4/28 18:51:23.123  SWING_DAMAGE_LANDED,Pet-0-4457-249-1045-7432-01002D8BC6,"Cat",0x1114,0x0,Creature-0-4457-249-1045-10184-000028665C,"Onyxia",0xa48,0x0,Creature-0-4457-249-1045-10184-000028665C,0000000000000000,34,100,0,0,0,-1,0,0,0,9.96,-202.99,0,5.6564,63,79,99,-1,1,0,0,0,nil,nil,nil
4/28 18:51:23.162  SWING_DAMAGE,Player-4755-01637B0A,"Pindle-Dreadmist",0x514,0x0,Creature-0-4457-249-1045-10184-000028665C,"Onyxia",0xa48,0x0,Player-4755-01637B0A,0000000000000000,82,100,0,0,0,-1,0,0,0,11.91,-200.44,0,3.9775,65,174,108,-1,1,0,0,0,1,nil,nil
4/28 18:51:23.207  SPELL_CAST_SUCCESS,Player-4755-01AC9FD9,"Alexinho-Dreadmist",0x514,0x0,Creature-0-4457-249-1045-10184-000028665C,"Onyxia",0xa48,0x0,11294,"Sinister Strike",0x1,Player-4755-01AC9FD9,0000000000000000,100,100,0,0,0,-1,0,0,0,10.84,-195.23,0,5.0830,66
4/28 18:51:23.221  SPELL_PERIODIC_ENERGIZE,Creature-0-4457-249-1045-7416-0000286CFC,"Mana Spring Totem IV",0x2114,0x0,Player-4755-016296D3,"Nivl-Dreadmist",0x514,0x0,10494,"Mana Spring",0x8,Player-4755-016296D3,0000000000000000,100,100,0,0,0,-1,0,0,0,-1.97,-172.77,0,2.3918,69,10.0000,0.0000,0,5845
4/28 18:51:23.297  SPELL_AURA_REMOVED,Player-4755-01733879,"Hocwar-Dreadmist",0x40514,0x0,Player-4755-01733879,"Hocwar-Dreadmist",0x40514,0x0,23885,"Bloodthirst",0x1,BUFF
4/28 18:51:23.371  SPELL_CAST_SUCCESS,Player-4755-016296D3,"Nivl-Dreadmist",0x514,0x0,Player-4755-01637B0A,"Pindle-Dreadmist",0x514,0x0,10623,"Chain Heal",0x8,Player-4755-016296D3,0000000000000000,100,100,0,0,0,-1,0,0,0,-1.97,-172.77,0,2.3918,69
4/28 18:51:23.454  SPELL_CAST_START,Player-4755-016296D3,"Nivl-Dreadmist",0x514,0x0,0000000000000000,nil,0x80000000,0x80000000,10623,"Chain Heal",0x8
4/28 18:51:23.454  RANGE_DAMAGE,Player-4755-020BD78D,"Lonehunter-Dreadmist",0x514,0x0,Creature-0-4457-249-1045-10184-000028665C,"Onyxia",0xa48,0x0,75,"Auto Shot",0x1,Creature-0-4457-249-1045-10184-000028665C,0000000000000000,34,100,0,0,0,-1,0,0,0,9.96,-202.99,0,5.6564,63,420,533,-1,1,0,0,0,nil,nil,nil
4/28 18:51:23.470  SPELL_CAST_SUCCESS,Player-4755-01A6B139,"Sakatan-Dreadmist",0x514,0x0,Creature-0-4457-249-1045-10184-000028665C,"Onyxia",0xa48,0x0,11281,"Backstab",0x1,Player-4755-01A6B139,0000000000000000,100,100,0,0,0,-1,0,0,0,12.35,-185.90,0,4.5874,69
4/28 18:51:23.535  SPELL_AURA_REMOVED,Player-4755-01F21AE6,"Blahu-Dreadmist",0x40514,0x0,Player-4755-01F21AE6,"Blahu-Dreadmist",0x40514,0x0,21887,"Warrior's Wrath",0x1,BUFF
4/28 18:51:23.554  DAMAGE_SHIELD_MISSED,Player-4755-0178F416,"Eltorero-Dreadmist",0x10514,0x0,Creature-0-4457-249-1045-10184-000028665C,"Onyxia",0xa48,0x0,21142,"Immolation",0x4,IMMUNE,nil
4/28 18:51:23.554  SPELL_AURA_REMOVED_DOSE,Player-4755-01F21AE6,"Blahu-Dreadmist",0x40514,0x0,Player-4755-01F21AE6,"Blahu-Dreadmist",0x40514,0x0,23888,"Bloodthirst",0x1,BUFF,2
4/28 18:51:23.554  SPELL_HEAL,Player-4755-01F21AE6,"Blahu-Dreadmist",0x40514,0x0,Player-4755-01F21AE6,"Blahu-Dreadmist",0x40514,0x0,23891,"Bloodthirst",0x1,Player-4755-01F21AE6,0000000000000000,79,100,0,0,0,-1,0,0,0,18.27,-200.41,0,3.4312,70,20,20,0,0,nil
4/28 18:51:23.554  SPELL_AURA_REMOVED,Player-4755-01F21AE6,"Blahu-Dreadmist",0x40514,0x0,Player-4755-01F21AE6,"Blahu-Dreadmist",0x40514,0x0,12970,"Flurry",0x1,BUFF
4/28 18:51:23.554  SPELL_AURA_REMOVED,Player-4755-01F21AE6,"Blahu-Dreadmist",0x40514,0x0,Player-4755-01F21AE6,"Blahu-Dreadmist",0x40514,0x0,10610,"Windfury Totem",0x8,BUFF
4/28 18:51:23.554  SWING_DAMAGE_LANDED,Player-4755-01637B0A,"Pindle-Dreadmist",0x514,0x0,Creature-0-4457-249-1045-10184-000028665C,"Onyxia",0xa48,0x0,Creature-0-4457-249-1045-10184-000028665C,0000000000000000,34,100,0,0,0,-1,0,0,0,9.96,-202.99,0,5.6564,63,174,108,-1,1,0,0,0,1,nil,nil
4/28 18:51:23.554  SPELL_DAMAGE,Player-4755-01AC9FD9,"Alexinho-Dreadmist",0x514,0x0,Creature-0-4457-249-1045-10184-000028665C,"Onyxia",0xa48,0x0,11294,"Sinister Strike",0x1,Creature-0-4457-249-1045-10184-000028665C,0000000000000000,34,100,0,0,0,-1,0,0,0,9.96,-202.99,0,5.6564,63,393,498,-1,1,0,0,0,nil,nil,nil
4/28 18:51:23.554  SPELL_HEAL,Player-4755-016296D3,"Nivl-Dreadmist",0x514,0x0,Player-4755-0220BD00,"Krikoff-Dreadmist",0x40514,0x0,10623,"Chain Heal",0x8,Player-4755-0220BD00,0000000000000000,91,100,0,0,0,-1,0,0,0,11.61,-196.95,0,4.0213,68,399,399,0,0,nil
4/28 18:51:23.554  SPELL_HEAL,Player-4755-016296D3,"Nivl-Dreadmist",0x514,0x0,Player-4755-01F21AE6,"Blahu-Dreadmist",0x40514,0x0,10623,"Chain Heal",0x8,Player-4755-01F21AE6,0000000000000000,87,100,0,0,0,-1,0,0,0,18.27,-200.41,0,3.4312,70,578,578,0,0,nil
4/28 18:51:23.554  SPELL_HEAL,Player-4755-016296D3,"Nivl-Dreadmist",0x514,0x0,Player-4755-01637B0A,"Pindle-Dreadmist",0x514,0x0,10623,"Chain Heal",0x8,Player-4755-01637B0A,0000000000000000,100,100,0,0,0,-1,0,0,0,13.26,-199.32,0,3.8597,65,897,897,119,0,nil
4/28 18:51:23.554  SPELL_DAMAGE,Player-4755-01A6B139,"Sakatan-Dreadmist",0x514,0x0,Creature-0-4457-249-1045-10184-000028665C,"Onyxia",0xa48,0x0,11281,"Backstab",0x1,Creature-0-4457-249-1045-10184-000028665C,0000000000000000,34,100,0,0,0,-1,0,0,0,9.96,-202.99,0,5.6564,63,1125,623,-1,1,0,0,0,1,nil,nil
4/28 18:51:23.574  SPELL_AURA_APPLIED,Player-4755-0220BD00,"Krikoff-Dreadmist",0x40514,0x0,Player-4755-0220BD00,"Krikoff-Dreadmist",0x40514,0x0,11551,"Battle Shout",0x1,BUFF
4/28 18:51:23.574  SPELL_CAST_SUCCESS,Player-4755-0220BD00,"Krikoff-Dreadmist",0x40514,0x0,0000000000000000,nil,0x80000000,0x80000000,11551,"Battle Shout",0x1,Player-4755-0220BD00,0000000000000000,91,100,0,0,0,-1,0,0,0,11.55,-196.90,0,4.0213,68
4/28 18:51:23.634  SPELL_CAST_START,Player-4755-0163DD9D,"Kaspais-Dreadmist",0x514,0x0,0000000000000000,nil,0x80000000,0x80000000,5019,"Shoot",0x1
4/28 18:51:23.634  SWING_DAMAGE,Player-4755-01A6B139,"Sakatan-Dreadmist",0x514,0x0,Creature-0-4457-249-1045-10184-000028665C,"Onyxia",0xa48,0x0,Player-4755-01A6B139,0000000000000000,100,100,0,0,0,-1,0,0,0,13.29,-186.42,0,4.5874,69,165,216,-1,1,0,0,0,nil,1,nil
4/28 18:51:23.701  SWING_MISSED,Player-4755-01733879,"Hocwar-Dreadmist",0x40514,0x0,Creature-0-4457-249-1045-10184-000028665C,"Onyxia",0xa48,0x0,PARRY,1
4/28 18:51:23.701  SPELL_PERIODIC_HEAL,Player-4755-0220BD00,"Krikoff-Dreadmist",0x40514,0x0,Player-4755-0220BD00,"Krikoff-Dreadmist",0x40514,0x0,24427,"Diamond Flask",0x8,Player-4755-0220BD00,0000000000000000,91,100,0,0,0,-1,0,0,0,11.55,-196.90,0,4.0213,68,9,9,0,0,nil
4/28 18:51:23.701  SWING_DAMAGE,Player-4755-0160BD13,"Mafkees-Dreadmist",0x514,0x0,Creature-0-4457-249-1045-10184-000028665C,"Onyxia",0xa48,0x0,Player-4755-0160BD13,0000000000000000,100,100,0,0,0,-1,0,0,0,0.76,-207.49,0,0.4343,64,942,597,-1,1,0,0,0,1,nil,nil
4/28 18:51:23.757  SPELL_PERIODIC_ENERGIZE,Player-4755-0220BD00,"Krikoff-Dreadmist",0x40514,0x0,Player-4755-0220BD00,"Krikoff-Dreadmist",0x40514,0x0,29131,"Bloodrage",0x1,Player-4755-0220BD00,0000000000000000,91,100,0,0,0,-1,0,0,0,11.64,-196.79,0,4.0213,68,1.0000,0.0000,1,1000
4/28 18:51:23.757  SWING_DAMAGE,Player-4755-01F21AE6,"Blahu-Dreadmist",0x40514,0x0,Creature-0-4457-249-1045-10184-000028665C,"Onyxia",0xa48,0x0,Player-4755-01F21AE6,0000000000000000,87,100,0,0,0,-1,0,0,0,18.27,-200.41,0,3.4836,70,87,134,-1,1,0,0,0,nil,1,nil
4/28 18:51:23.776  SPELL_AURA_REMOVED,Player-4755-02045EF4,"Necrosini-Dreadmist",0x512,0x0,Player-4755-02045EF4,"Necrosini-Dreadmist",0x512,0x0,7744,"Will of the Forsaken",0x1,BUFF
4/28 18:51:23.847  SPELL_PERIODIC_ENERGIZE,Creature-0-4457-249-1045-7416-0000286CFC,"Mana Spring Totem IV",0x2114,0x0,Player-4755-0178F576,"Atreas-Dreadmist",0x514,0x0,10494,"Mana Spring",0x8,Player-4755-0178F576,0000000000000000,100,100,0,0,0,-1,0,0,0,14.30,-173.02,0,6.0037,66,10.0000,0.0000,0,3765
4/28 18:51:23.924  SWING_DAMAGE,Player-4755-01733879,"Hocwar-Dreadmist",0x40514,0x0,Creature-0-4457-249-1045-10184-000028665C,"Onyxia",0xa48,0x0,Player-4755-01733879,0000000000000000,95,100,0,0,0,-1,0,0,0,14.02,-202.08,0,3.9330,71,175,279,-1,1,0,46,0,nil,nil,nil
4/28 18:51:23.947  SPELL_AURA_APPLIED,Player-4755-0220BD00,"Krikoff-Dreadmist",0x40514,0x0,Player-4755-01F21AE6,"Blahu-Dreadmist",0x40514,0x0,11551,"Battle Shout",0x1,BUFF
4/28 18:51:23.947  SWING_DAMAGE_LANDED,Player-4755-01A6B139,"Sakatan-Dreadmist",0x514,0x0,Creature-0-4457-249-1045-10184-000028665C,"Onyxia",0xa48,0x0,Creature-0-4457-249-1045-10184-000028665C,0000000000000000,34,100,0,0,0,-1,0,0,0,9.96,-202.99,0,5.6564,63,165,216,-1,1,0,0,0,nil,1,nil
4/28 18:51:23.947  SWING_DAMAGE_LANDED,Player-4755-0160BD13,"Mafkees-Dreadmist",0x514,0x0,Creature-0-4457-249-1045-10184-000028665C,"Onyxia",0xa48,0x0,Creature-0-4457-249-1045-10184-000028665C,0000000000000000,34,100,0,0,0,-1,0,0,0,9.96,-202.99,0,5.6564,63,942,597,-1,1,0,0,0,1,nil,nil
4/28 18:51:23.947  SWING_DAMAGE_LANDED,Player-4755-01F21AE6,"Blahu-Dreadmist",0x40514,0x0,Creature-0-4457-249-1045-10184-000028665C,"Onyxia",0xa48,0x0,Creature-0-4457-249-1045-10184-000028665C,0000000000000000,34,100,0,0,0,-1,0,0,0,9.96,-202.99,0,5.6564,63,87,134,-1,1,0,0,0,nil,1,nil
4/28 18:51:23.947  SWING_DAMAGE_LANDED,Player-4755-01733879,"Hocwar-Dreadmist",0x40514,0x0,Creature-0-4457-249-1045-10184-000028665C,"Onyxia",0xa48,0x0,Creature-0-4457-249-1045-10184-000028665C,0000000000000000,34,100,0,0,0,-1,0,0,0,9.96,-202.99,0,5.6564,63,175,279,-1,1,0,0,0,nil,nil,nil
4/28 18:51:24.091  SWING_DAMAGE,Player-4755-0220BD00,"Krikoff-Dreadmist",0x40514,0x0,Creature-0-4457-249-1045-10184-000028665C,"Onyxia",0x10a48,0x0,Player-4755-0220BD00,0000000000000000,91,100,0,0,0,-1,0,0,0,12.28,-196.01,0,4.0213,68,393,249,-1,1,0,0,0,1,nil,nil
4/28 18:51:24.107  SPELL_PERIODIC_ENERGIZE,Player-4755-01BC57A3,"Saintis-Dreadmist",0x511,0x0,Player-4755-01BC57A3,"Saintis-Dreadmist",0x511,0x0,18194,"Mana Regeneration",0x1,Player-4755-01BC57A3,0000000000000000,50,100,0,0,0,-1,0,0,0,4.21,-226.86,0,1.0963,68,8.0000,0.0000,0,7212
4/28 18:51:24.107  SPELL_PERIODIC_ENERGIZE,Player-4755-01F21AE6,"Blahu-Dreadmist",0x40514,0x0,Player-4755-01F21AE6,"Blahu-Dreadmist",0x40514,0x0,29131,"Bloodrage",0x1,Player-4755-01F21AE6,0000000000000000,87,100,0,0,0,-1,0,0,0,18.27,-200.41,0,3.4836,70,1.0000,0.0000,1,1000
4/28 18:51:24.107  SPELL_AURA_REMOVED,Player-4755-01F21AE6,"Blahu-Dreadmist",0x40514,0x0,Player-4755-01F21AE6,"Blahu-Dreadmist",0x40514,0x0,29131,"Bloodrage",0x1,BUFF
4/28 18:51:24.140  SPELL_CAST_SUCCESS,Player-4755-0163DD9D,"Kaspais-Dreadmist",0x514,0x0,Creature-0-4457-249-1045-10184-000028665C,"Onyxia",0x10a48,0x0,5019,"Shoot",0x1,Player-4755-0163DD9D,0000000000000000,100,100,0,0,0,-1,0,0,0,-0.01,-174.22,0,5.0201,66
4/28 18:51:24.156  SPELL_CAST_SUCCESS,Creature-0-4457-249-1045-10184-000028665C,"Onyxia",0x10a48,0x0,Player-4755-0178F416,"Eltorero-Dreadmist",0x514,0x0,19983,"Cleave",0x1,Creature-0-4457-249-1045-10184-000028665C,0000000000000000,34,100,0,0,0,-1,0,0,0,9.96,-202.99,0,5.6564,63
4/28 18:51:24.156  SPELL_MISSED,Creature-0-4457-249-1045-10184-000028665C,"Onyxia",0x10a48,0x0,Player-4755-0178F416,"Eltorero-Dreadmist",0x514,0x0,19983,"Cleave",0x1,MISS,nil
4/28 18:51:24.156  RANGE_DAMAGE,Player-4755-0163DD9D,"Kaspais-Dreadmist",0x514,0x0,Creature-0-4457-249-1045-10184-000028665C,"Onyxia",0x10a48,0x0,5019,"Shoot",0x1,Creature-0-4457-249-1045-10184-000028665C,0000000000000000,34,100,0,0,0,-1,0,0,0,9.96,-202.99,0,5.6564,63,101,92,-1,16,0,0,0,nil,nil,nil
4/28 18:51:24.202  SPELL_CAST_START,Player-4755-01617EEE,"Fenix-Dreadmist",0x512,0x0,0000000000000000,nil,0x80000000,0x80000000,10916,"Flash Heal",0x2
4/28 18:51:24.234  SPELL_CAST_SUCCESS,Player-4755-0210153A,"Hapuseneb-Dreadmist",0x514,0x0,Player-4755-01BC57A3,"Saintis-Dreadmist",0x511,0x0,10917,"Flash Heal",0x2,Player-4755-0210153A,0000000000000000,100,100,0,0,0,-1,0,0,0,-4.90,-234.21,0,1.2409,66
4/28 18:51:24.234  SWING_DAMAGE,Player-4755-01637B0A,"Pindle-Dreadmist",0x514,0x0,Creature-0-4457-249-1045-10184-000028665C,"Onyxia",0x10a48,0x0,Player-4755-01637B0A,0000000000000000,100,100,0,0,0,-1,0,0,0,15.24,-197.33,0,4.0678,65,167,104,-1,1,0,0,0,1,nil,nil
4/28 18:51:24.268  SPELL_AURA_APPLIED,Player-4755-016DF694,"Ashalan-Dreadmist",0x514,0x0,Player-4755-016DF694,"Ashalan-Dreadmist",0x514,0x0,16361,"Windfury Weapon",0x8,BUFF
4/28 18:51:24.268  SPELL_EXTRA_ATTACKS,Player-4755-016DF694,"Ashalan-Dreadmist",0x514,0x0,Player-4755-016DF694,"Ashalan-Dreadmist",0x514,0x0,16361,"Windfury Weapon",0x8,2
4/28 18:51:24.268  SWING_DAMAGE,Player-4755-016DF694,"Ashalan-Dreadmist",0x514,0x0,Creature-0-4457-249-1045-10184-000028665C,"Onyxia",0x10a48,0x0,Player-4755-016DF694,0000000000000000,80,100,0,0,0,-1,0,0,0,14.23,-193.87,0,4.1406,67,435,553,-1,1,0,0,0,nil,nil,nil
4/28 18:51:24.268  SWING_DAMAGE,Player-4755-016DF694,"Ashalan-Dreadmist",0x514,0x0,Creature-0-4457-249-1045-10184-000028665C,"Onyxia",0x10a48,0x0,Player-4755-016DF694,0000000000000000,80,100,0,0,0,-1,0,0,0,14.23,-193.87,0,4.1406,67,358,650,-1,1,0,0,0,nil,1,nil
4/28 18:51:24.286  SWING_DAMAGE,Player-4755-016DF694,"Ashalan-Dreadmist",0x514,0x0,Creature-0-4457-249-1045-10184-000028665C,"Onyxia",0x10a48,0x0,Player-4755-016DF694,0000000000000000,80,100,0,0,0,-1,0,0,0,14.35,-194.03,0,4.1327,67,555,704,-1,1,0,0,0,nil,nil,nil
4/28 18:51:24.301  SWING_DAMAGE,Player-4755-01637B0A,"Pindle-Dreadmist",0x514,0x0,Creature-0-4457-249-1045-10184-000028665C,"Onyxia",0x10a48,0x0,Player-4755-01637B0A,0000000000000000,100,100,0,0,0,-1,0,0,0,15.03,-197.17,0,4.0698,65,150,198,-1,1,0,0,0,nil,1,nil
4/28 18:51:24.348  SPELL_CAST_SUCCESS,Pet-0-4457-249-1045-7432-01002D8BC6,"Cat",0x1114,0x0,Creature-0-4457-249-1045-10184-000028665C,"Onyxia",0x10a48,0x0,17261,"Bite",0x1,Pet-0-4457-249-1045-7432-01002D8BC6,Player-4755-01E83279,88,100,0,0,0,-1,0,0,0,-14.77,-199.47,0,6.1417,71
4/28 18:51:24.366  SPELL_AURA_REMOVED_DOSE,Player-4755-0160BD13,"Mafkees-Dreadmist",0x514,0x0,Player-4755-0160BD13,"Mafkees-Dreadmist",0x514,0x0,23888,"Bloodthirst",0x1,BUFF,1
4/28 18:51:24.366  SPELL_AURA_APPLIED_DOSE,Player-4755-0160BD13,"Mafkees-Dreadmist",0x514,0x0,Player-4755-0160BD13,"Mafkees-Dreadmist",0x514,0x0,12970,"Flurry",0x1,BUFF,3
4/28 18:51:24.366  SPELL_HEAL,Player-4755-0160BD13,"Mafkees-Dreadmist",0x514,0x0,Player-4755-0160BD13,"Mafkees-Dreadmist",0x514,0x0,23891,"Bloodthirst",0x1,Player-4755-0160BD13,0000000000000000,100,100,0,0,0,-1,0,0,0,1.57,-207.44,0,0.4382,64,20,20,20,0,nil
4/28 18:51:24.367  SPELL_AURA_REMOVED_DOSE,Player-4755-01F21AE6,"Blahu-Dreadmist",0x40514,0x0,Player-4755-01F21AE6,"Blahu-Dreadmist",0x40514,0x0,23888,"Bloodthirst",0x1,BUFF,1
4/28 18:51:24.367  SPELL_HEAL,Player-4755-01F21AE6,"Blahu-Dreadmist",0x40514,0x0,Player-4755-01F21AE6,"Blahu-Dreadmist",0x40514,0x0,23891,"Bloodthirst",0x1,Player-4755-01F21AE6,0000000000000000,87,100,0,0,0,-1,0,0,0,18.27,-200.41,0,3.4077,70,20,20,0,0,nil
4/28 18:51:24.367  SWING_DAMAGE_LANDED,Player-4755-0220BD00,"Krikoff-Dreadmist",0x40514,0x0,Creature-0-4457-249-1045-10184-000028665C,"Onyxia",0x10a48,0x0,Creature-0-4457-249-1045-10184-000028665C,0000000000000000,34,100,0,0,0,-1,0,0,0,9.96,-202.99,0,5.6564,63,393,249,-1,1,0,0,0,1,nil,nil
4/28 18:51:24.367  SPELL_HEAL,Player-4755-0210153A,"Hapuseneb-Dreadmist",0x514,0x0,Player-4755-01BC57A3,"Saintis-Dreadmist",0x511,0x0,10917,"Flash Heal",0x2,Player-4755-01BC57A3,0000000000000000,81,100,0,0,0,-1,0,0,0,4.21,-226.86,0,1.0963,68,1235,1235,0,0,nil
4/28 18:51:24.367  SWING_DAMAGE_LANDED,Player-4755-01637B0A,"Pindle-Dreadmist",0x514,0x0,Creature-0-4457-249-1045-10184-000028665C,"Onyxia",0x10a48,0x0,Creature-0-4457-249-1045-10184-000028665C,0000000000000000,34,100,0,0,0,-1,0,0,0,9.96,-202.99,0,5.6564,63,167,104,-1,1,0,0,0,1,nil,nil
4/28 18:51:24.367  SPELL_DAMAGE,Player-4755-01637B0A,"Pindle-Dreadmist",0x514,0x0,Creature-0-4457-249-1045-10184-000028665C,"Onyxia",0x10a48,0x0,11337,"Instant Poison VI",0x8,Creature-0-4457-249-1045-10184-000028665C,0000000000000000,34,100,0,0,0,-1,0,0,0,9.96,-202.99,0,5.6564,63,141,140,-1,8,0,0,0,nil,nil,nil
4/28 18:51:24.367  SWING_DAMAGE_LANDED,Player-4755-016DF694,"Ashalan-Dreadmist",0x514,0x0,Creature-0-4457-249-1045-10184-000028665C,"Onyxia",0x10a48,0x0,Creature-0-4457-249-1045-10184-000028665C,0000000000000000,34,100,0,0,0,-1,0,0,0,9.96,-202.99,0,5.6564,63,435,553,-1,1,0,0,0,nil,nil,nil
4/28 18:51:24.367  SWING_DAMAGE_LANDED,Player-4755-016DF694,"Ashalan-Dreadmist",0x514,0x0,Creature-0-4457-249-1045-10184-000028665C,"Onyxia",0x10a48,0x0,Creature-0-4457-249-1045-10184-000028665C,0000000000000000,34,100,0,0,0,-1,0,0,0,9.96,-202.99,0,5.6564,63,358,650,-1,1,0,0,0,nil,1,nil
4/28 18:51:24.367  SWING_DAMAGE_LANDED,Player-4755-016DF694,"Ashalan-Dreadmist",0x514,0x0,Creature-0-4457-249-1045-10184-000028665C,"Onyxia",0x10a48,0x0,Creature-0-4457-249-1045-10184-000028665C,0000000000000000,34,100,0,0,0,-1,0,0,0,9.96,-202.99,0,5.6564,63,555,704,-1,1,0,0,0,nil,nil,nil
4/28 18:51:24.367  SWING_DAMAGE_LANDED,Player-4755-01637B0A,"Pindle-Dreadmist",0x514,0x0,Creature-0-4457-249-1045-10184-000028665C,"Onyxia",0x10a48,0x0,Creature-0-4457-249-1045-10184-000028665C,0000000000000000,34,100,0,0,0,-1,0,0,0,9.96,-202.99,0,5.6564,63,150,198,-1,1,0,0,0,nil,1,nil
4/28 18:51:24.367  SPELL_DAMAGE,Pet-0-4457-249-1045-7432-01002D8BC6,"Cat",0x1114,0x0,Creature-0-4457-249-1045-10184-000028665C,"Onyxia",0x10a48,0x0,17261,"Bite",0x1,Creature-0-4457-249-1045-10184-000028665C,0000000000000000,34,100,0,0,0,-1,0,0,0,9.96,-202.99,0,5.6564,63,112,141,-1,1,0,0,0,nil,nil,nil
4/28 18:51:24.387  SWING_DAMAGE,Player-4755-01AC9FD9,"Alexinho-Dreadmist",0x514,0x0,Creature-0-4457-249-1045-10184-000028665C,"Onyxia",0x10a48,0x0,Player-4755-01AC9FD9,0000000000000000,100,100,0,0,0,-1,0,0,0,17.05,-198.90,0,4.4397,66,297,184,-1,1,0,0,0,1,nil,nil
4/28 18:51:24.387  SPELL_CAST_SUCCESS,Player-4755-01FA8DD8,"Roackerita-Dreadmist",0x514,0x0,Player-4755-02045EF4,"Necrosini-Dreadmist",0x512,0x0,9474,"Flash Heal",0x2,Player-4755-01FA8DD8,0000000000000000,100,100,0,0,0,-1,0,0,0,9.97,-170.74,0,6.2128,69
4/28 18:51:24.434  SPELL_CAST_SUCCESS,Player-4755-01F21AE6,"Blahu-Dreadmist",0x40514,0x0,Creature-0-4457-249-1045-10184-000028665C,"Onyxia",0x10a48,0x0,11597,"Sunder Armor",0x1,Player-4755-01F21AE6,0000000000000000,87,100,0,0,0,-1,0,0,0,18.27,-200.41,0,3.4077,70
4/28 18:51:24.434  SPELL_MISSED,Player-4755-01F21AE6,"Blahu-Dreadmist",0x40514,0x0,Creature-0-4457-249-1045-10184-000028665C,"Onyxia",0x10a48,0x0,11597,"Sunder Armor",0x1,PARRY,nil
4/28 18:51:24.470  SPELL_CAST_SUCCESS,Player-4755-01AC9FD9,"Alexinho-Dreadmist",0x514,0x0,Creature-0-4457-249-1045-10184-000028665C,"Onyxia",0x10a48,0x0,11294,"Sinister Strike",0x1,Player-4755-01AC9FD9,0000000000000000,100,100,0,0,0,-1,0,0,0,17.05,-198.90,0,4.1790,66
4/28 18:51:24.470  SPELL_CAST_SUCCESS,Player-4755-01804B95,"Moymoy-Dreadmist",0x514,0x0,Player-4755-01F21AE6,"Blahu-Dreadmist",0x40514,0x0,10396,"Healing Wave",0x8,Player-4755-01804B95,0000000000000000,100,100,0,0,0,-1,0,0,0,15.28,-183.62,0,5.1174,66
4/28 18:51:24.521  SPELL_CAST_SUCCESS,Player-4755-01BC57A3,"Saintis-Dreadmist",0x511,0x0,Player-4755-01802FE5,"Angrybat-Dreadmist",0x514,0x0,10917,"Flash Heal",0x2,Player-4755-01BC57A3,0000000000000000,81,100,0,0,0,-1,0,0,0,4.21,-226.86,0,1.0963,68
4/28 18:51:24.521  SPELL_MISSED,Player-4755-01A6B139,"Sakatan-Dreadmist",0x514,0x0,Creature-0-4457-249-1045-10184-000028665C,"Onyxia",0x10a48,0x0,11337,"Instant Poison VI",0x8,RESIST,nil,0
4/28 18:51:24.521  SWING_DAMAGE,Player-4755-01A6B139,"Sakatan-Dreadmist",0x514,0x0,Creature-0-4457-249-1045-10184-000028665C,"Onyxia",0x10a48,0x0,Player-4755-01A6B139,0000000000000000,100,100,0,0,0,-1,0,0,0,17.69,-188.07,0,4.2419,69,100,135,-1,1,0,0,0,nil,1,nil
4/28 18:51:24.539  SPELL_CAST_START,Player-4755-015FEBD5,"Sauvage-Dreadmist",0x514,0x0,0000000000000000,nil,0x80000000,0x80000000,10181,"Frostbolt",0x10
4/28 18:51:24.618  SWING_MISSED,Pet-0-4457-249-1045-7432-01002D8BC6,"Cat",0x1114,0x0,Creature-0-4457-249-1045-10184-000028665C,"Onyxia",0x10a48,0x0,MISS,nil
4/28 18:51:24.632  SPELL_CAST_START,Player-4755-01ED7A64,"Sperzieboon-Dreadmist",0x514,0x0,0000000000000000,nil,0x80000000,0x80000000,10917,"Flash Heal",0x2
4/28 18:51:24.697  SPELL_AURA_APPLIED,Player-4755-01AC9FD9,"Alexinho-Dreadmist",0x514,0x0,Player-4755-01AC9FD9,"Alexinho-Dreadmist",0x514,0x0,10610,"Windfury Totem",0x8,BUFF
4/28 18:51:24.697  SPELL_EXTRA_ATTACKS,Player-4755-01AC9FD9,"Alexinho-Dreadmist",0x514,0x0,Player-4755-01AC9FD9,"Alexinho-Dreadmist",0x514,0x0,10610,"Windfury Totem",0x8,1
4/28 18:51:24.697  SWING_DAMAGE,Player-4755-01AC9FD9,"Alexinho-Dreadmist",0x514,0x0,Creature-0-4457-249-1045-10184-000028665C,"Onyxia",0x10a48,0x0,Player-4755-01AC9FD9,0000000000000000,100,100,0,0,0,-1,0,0,0,17.05,-198.90,0,4.0753,66,271,385,-1,1,0,0,0,nil,1,nil
4/28 18:51:24.697  SWING_DAMAGE,Player-4755-01AC9FD9,"Alexinho-Dreadmist",0x514,0x0,Creature-0-4457-249-1045-10184-000028665C,"Onyxia",0x10a48,0x0,Player-4755-01AC9FD9,0000000000000000,100,100,0,0,0,-1,0,0,0,17.05,-198.90,0,4.0753,66,330,476,-1,1,0,0,0,nil,1,nil
4/28 18:51:24.743  SPELL_PERIODIC_ENERGIZE,Player-4755-0220BD00,"Krikoff-Dreadmist",0x40514,0x0,Player-4755-0220BD00,"Krikoff-Dreadmist",0x40514,0x0,29131,"Bloodrage",0x1,Player-4755-0220BD00,0000000000000000,91,100,0,0,0,-1,0,0,0,13.38,-195.56,0,4.0213,68,1.0000,0.0000,1,1000
4/28 18:51:24.758  SPELL_CAST_SUCCESS,Player-4755-0160BD13,"Mafkees-Dreadmist",0x514,0x0,0000000000000000,nil,0x80000000,0x80000000,1680,"Whirlwind",0x1,Player-4755-0160BD13,0000000000000000,100,100,0,0,0,-1,0,0,0,2.16,-209.29,0,0.5796,64
4/28 18:51:24.780  SPELL_AURA_REFRESH,Player-4755-0160BD13,"Mafkees-Dreadmist",0x514,0x0,Creature-0-4457-249-1045-10184-000028665C,"Onyxia",0x10a48,0x0,12721,"Deep Wound",0x1,DEBUFF
4/28 18:51:24.780  SPELL_ENERGIZE,Player-4755-01F21AE6,"Blahu-Dreadmist",0x40514,0x0,Player-4755-01F21AE6,"Blahu-Dreadmist",0x40514,0x0,12964,"Unbridled Wrath",0x1,Player-4755-01F21AE6,0000000000000000,87,100,0,0,0,-1,0,0,0,18.27,-200.41,0,3.4129,70,1.0000,0.0000,1,1000
4/28 18:51:24.780  SPELL_ENERGIZE,Player-4755-01733879,"Hocwar-Dreadmist",0x40514,0x0,Player-4755-01733879,"Hocwar-Dreadmist",0x40514,0x0,12964,"Unbridled Wrath",0x1,Player-4755-01733879,0000000000000000,95,100,0,0,0,-1,0,0,0,15.73,-198.65,0,4.2668,71,1.0000,0.0000,1,1000
4/28 18:51:24.780  SPELL_AURA_APPLIED,Player-4755-0220BD00,"Krikoff-Dreadmist",0x40514,0x0,Player-4755-0220BD00,"Krikoff-Dreadmist",0x40514,0x0,12970,"Flurry",0x1,BUFF
4/28 18:51:24.780  SPELL_AURA_REMOVED_DOSE,Player-4755-016DF694,"Ashalan-Dreadmist",0x514,0x0,Player-4755-016DF694,"Ashalan-Dreadmist",0x514,0x0,16280,"Flurry",0x1,BUFF,1
4/28 18:51:24.780  SPELL_AURA_REMOVED_DOSE,Player-4755-016DF694,"Ashalan-Dreadmist",0x514,0x0,Player-4755-016DF694,"Ashalan-Dreadmist",0x514,0x0,16361,"Windfury Weapon",0x8,BUFF,2
4/28 18:51:24.780  SPELL_AURA_REMOVED_DOSE,Player-4755-016DF694,"Ashalan-Dreadmist",0x514,0x0,Player-4755-016DF694,"Ashalan-Dreadmist",0x514,0x0,16361,"Windfury Weapon",0x8,BUFF,1
4/28 18:51:24.780  SPELL_AURA_REMOVED,Player-4755-016DF694,"Ashalan-Dreadmist",0x514,0x0,Player-4755-016DF694,"Ashalan-Dreadmist",0x514,0x0,16361,"Windfury Weapon",0x8,BUFF
4/28 18:51:24.780  SWING_DAMAGE_LANDED,Player-4755-01AC9FD9,"Alexinho-Dreadmist",0x514,0x0,Creature-0-4457-249-1045-10184-000028665C,"Onyxia",0x10a48,0x0,Creature-0-4457-249-1045-10184-000028665C,0000000000000000,34,100,0,0,0,-1,0,0,0,9.96,-202.99,0,5.6564,63,297,184,-1,1,0,0,0,1,nil,nil
4/28 18:51:24.780  SPELL_DAMAGE,Player-4755-01AC9FD9,"Alexinho-Dreadmist",0x514,0x0,Creature-0-4457-249-1045-10184-000028665C,"Onyxia",0x10a48,0x0,11337,"Instant Poison VI",0x8,Creature-0-4457-249-1045-10184-000028665C,0000000000000000,34,100,0,0,0,-1,0,0,0,9.96,-202.99,0,5.6564,63,148,147,-1,8,0,0,0,nil,nil,nil
4/28 18:51:24.780  SPELL_HEAL,Player-4755-01FA8DD8,"Roackerita-Dreadmist",0x514,0x0,Player-4755-02045EF4,"Necrosini-Dreadmist",0x512,0x0,9474,"Flash Heal",0x2,Player-4755-02045EF4,0000000000000000,100,100,0,0,0,-1,0,0,0,7.69,-177.01,0,4.6352,69,832,832,0,0,nil
4/28 18:51:24.780  SPELL_DAMAGE,Player-4755-01AC9FD9,"Alexinho-Dreadmist",0x514,0x0,Creature-0-4457-249-1045-10184-000028665C,"Onyxia",0x10a48,0x0,11294,"Sinister Strike",0x1,Creature-0-4457-249-1045-10184-000028665C,0000000000000000,34,100,0,0,0,-1,0,0,0,9.96,-202.99,0,5.6564,63,360,456,-1,1,0,0,0,nil,nil,nil
4/28 18:51:24.780  SPELL_HEAL,Player-4755-01804B95,"Moymoy-Dreadmist",0x514,0x0,Player-4755-01F21AE6,"Blahu-Dreadmist",0x40514,0x0,10396,"Healing Wave",0x8,Player-4755-01F21AE6,0000000000000000,100,100,0,0,0,-1,0,0,0,18.27,-200.41,0,3.4129,70,2009,2009,1009,0,nil
4/28 18:51:24.780  SPELL_AURA_APPLIED,Player-4755-01804B95,"Moymoy-Dreadmist",0x514,0x0,Player-4755-01F21AE6,"Blahu-Dreadmist",0x40514,0x0,29203,"Healing Way",0x2,BUFF
4/28 18:51:24.780  SPELL_HEAL,Player-4755-01BC57A3,"Saintis-Dreadmist",0x511,0x0,Player-4755-01802FE5,"Angrybat-Dreadmist",0x514,0x0,10917,"Flash Heal",0x2,Player-4755-01802FE5,0000000000000000,100,100,0,0,0,-1,0,0,0,34.14,-215.62,0,1.9617,66,1159,1159,243,0,nil
4/28 18:51:24.780  SWING_DAMAGE_LANDED,Player-4755-01A6B139,"Sakatan-Dreadmist",0x514,0x0,Creature-0-4457-249-1045-10184-000028665C,"Onyxia",0x10a48,0x0,Creature-0-4457-249-1045-10184-000028665C,0000000000000000,34,100,0,0,0,-1,0,0,0,9.96,-202.99,0,5.6564,63,100,135,-1,1,0,0,0,nil,1,nil
4/28 18:51:24.780  SWING_DAMAGE_LANDED,Player-4755-01AC9FD9,"Alexinho-Dreadmist",0x514,0x0,Creature-0-4457-249-1045-10184-000028665C,"Onyxia",0x10a48,0x0,Creature-0-4457-249-1045-10184-000028665C,0000000000000000,34,100,0,0,0,-1,0,0,0,9.96,-202.99,0,5.6564,63,271,385,-1,1,0,0,0,nil,1,nil
4/28 18:51:24.780  SWING_DAMAGE_LANDED,Player-4755-01AC9FD9,"Alexinho-Dreadmist",0x514,0x0,Creature-0-4457-249-1045-10184-000028665C,"Onyxia",0x10a48,0x0,Creature-0-4457-249-1045-10184-000028665C,0000000000000000,34,100,0,0,0,-1,0,0,0,9.96,-202.99,0,5.6564,63,330,476,-1,1,0,0,0,nil,1,nil
4/28 18:51:24.780  SPELL_DAMAGE,Player-4755-0160BD13,"Mafkees-Dreadmist",0x514,0x0,Creature-0-4457-249-1045-10184-000028665C,"Onyxia",0x10a48,0x0,1680,"Whirlwind",0x1,Creature-0-4457-249-1045-10184-000028665C,0000000000000000,34,100,0,0,0,-1,0,0,0,9.96,-202.99,0,5.6564,63,464,589,-1,1,0,0,0,nil,nil,nil
4/28 18:51:24.904  SPELL_AURA_APPLIED,Player-4755-01802FE5,"Angrybat-Dreadmist",0x514,0x0,Player-4755-01802FE5,"Angrybat-Dreadmist",0x514,0x0,1953,"Blink",0x40,BUFF
4/28 18:51:24.904  SPELL_CAST_SUCCESS,Player-4755-01802FE5,"Angrybat-Dreadmist",0x514,0x0,0000000000000000,nil,0x80000000,0x80000000,1953,"Blink",0x40,Player-4755-01802FE5,0000000000000000,100,100,0,0,0,-1,0,0,0,33.81,-214.82,0,1.9617,66
4/28 18:51:24.939  SPELL_CAST_START,Player-4755-0210153A,"Hapuseneb-Dreadmist",0x514,0x0,0000000000000000,nil,0x80000000,0x80000000,6064,"Heal",0x2
4/28 18:51:24.970  SPELL_CAST_SUCCESS,Player-4755-01A6B139,"Sakatan-Dreadmist",0x514,0x0,Creature-0-4457-249-1045-10184-000028665C,"Onyxia",0x10a48,0x0,11281,"Backstab",0x1,Player-4755-01A6B139,0000000000000000,100,100,0,0,0,-1,0,0,0,14.92,-187.44,0,4.6621,69
4/28 18:51:25.084  SPELL_CAST_SUCCESS,Player-4755-0220BD00,"Krikoff-Dreadmist",0x40514,0x0,Creature-0-4457-249-1045-10184-000028665C,"Onyxia",0x10a48,0x0,23894,"Bloodthirst",0x1,Player-4755-0220BD00,0000000000000000,91,100,0,0,0,-1,0,0,0,14.61,-194.85,0,3.9977,68
4/28 18:51:25.100  SPELL_PERIODIC_HEAL,Player-4755-01BC57A3,"Saintis-Dreadmist",0x511,0x0,Player-4755-0220BD00,"Krikoff-Dreadmist",0x40514,0x0,10929,"Renew",0x2,Player-4755-0220BD00,0000000000000000,95,100,0,0,0,-1,0,0,0,14.68,-194.84,0,3.9977,68,306,306,0,0,nil
4/28 18:51:25.117  SWING_DAMAGE,Player-4755-01840577,"Raggèn-Dreadmist",0x514,0x0,Creature-0-4457-249-1045-10184-000028665C,"Onyxia",0x10a48,0x0,Player-4755-01840577,0000000000000000,78,100,0,0,0,-1,0,0,0,8.74,-214.16,0,0.7682,67,335,502,-1,1,0,0,0,nil,1,nil
4/28 18:51:25.170  SPELL_CAST_SUCCESS,Creature-0-4457-249-1045-10184-000028665C,"Onyxia",0x10a48,0x0,0000000000000000,nil,0x80000000,0x80000000,15847,"Tail Sweep",0x1,Creature-0-4457-249-1045-10184-000028665C,0000000000000000,34,100,0,0,0,-1,0,0,0,9.96,-202.99,0,5.6564,63
4/28 18:51:25.170  SPELL_MISSED,Creature-0-4457-249-1045-10184-000028665C,"Onyxia",0x10a48,0x0,Player-4755-02045EF4,"Necrosini-Dreadmist",0x512,0x0,15847,"Tail Sweep",0x1,RESIST,nil,0
4/28 18:51:25.197  SPELL_ENERGIZE,Player-4755-0220BD00,"Krikoff-Dreadmist",0x40514,0x0,Player-4755-0220BD00,"Krikoff-Dreadmist",0x40514,0x0,12964,"Unbridled Wrath",0x1,Player-4755-0220BD00,0000000000000000,95,100,0,0,0,-1,0,0,0,14.93,-194.87,0,3.9270,68,1.0000,0.0000,1,1000
4/28 18:51:25.197  SPELL_AURA_REMOVED_DOSE,Player-4755-01AC9FD9,"Alexinho-Dreadmist",0x514,0x0,Player-4755-01AC9FD9,"Alexinho-Dreadmist",0x514,0x0,10610,"Windfury Totem",0x8,BUFF,1
4/28 18:51:25.197  SPELL_AURA_REMOVED,Player-4755-01AC9FD9,"Alexinho-Dreadmist",0x514,0x0,Player-4755-01AC9FD9,"Alexinho-Dreadmist",0x514,0x0,10610,"Windfury Totem",0x8,BUFF
4/28 18:51:25.197  SPELL_HEAL,Player-4755-0160BD13,"Mafkees-Dreadmist",0x514,0x0,Player-4755-0160BD13,"Mafkees-Dreadmist",0x514,0x0,23891,"Bloodthirst",0x1,Player-4755-0160BD13,0000000000000000,100,100,0,0,0,-1,0,0,0,4.15,-210.98,0,0.8427,64,20,20,20,0,nil
4/28 18:51:25.197  SPELL_AURA_REMOVED,Player-4755-0160BD13,"Mafkees-Dreadmist",0x514,0x0,Player-4755-0160BD13,"Mafkees-Dreadmist",0x514,0x0,23888,"Bloodthirst",0x1,BUFF
4/28 18:51:25.197  SPELL_DAMAGE,Player-4755-01A6B139,"Sakatan-Dreadmist",0x514,0x0,Creature-0-4457-249-1045-10184-000028665C,"Onyxia",0x10a48,0x0,11281,"Backstab",0x1,Creature-0-4457-249-1045-10184-000028665C,0000000000000000,34,100,0,0,0,-1,0,0,0,9.96,-202.99,0,5.6564,63,1039,575,-1,1,0,0,0,1,nil,nil
4/28 18:51:25.197  SPELL_DAMAGE,Player-4755-0220BD00,"Krikoff-Dreadmist",0x40514,0x0,Creature-0-4457-249-1045-10184-000028665C,"Onyxia",0x10a48,0x0,23894,"Bloodthirst",0x1,Creature-0-4457-249-1045-10184-000028665C,0000000000000000,34,100,0,0,0,-1,0,0,0,9.96,-202.99,0,5.6564,63,1086,689,-1,1,0,0,0,1,nil,nil
4/28 18:51:25.197  SPELL_AURA_APPLIED,Player-4755-0220BD00,"Krikoff-Dreadmist",0x40514,0x0,Player-4755-0220BD00,"Krikoff-Dreadmist",0x40514,0x0,23888,"Bloodthirst",0x1,BUFF
4/28 18:51:25.197  SWING_DAMAGE_LANDED,Player-4755-01840577,"Raggèn-Dreadmist",0x514,0x0,Creature-0-4457-249-1045-10184-000028665C,"Onyxia",0x10a48,0x0,Creature-0-4457-249-1045-10184-000028665C,0000000000000000,34,100,0,0,0,-1,0,0,0,9.96,-202.99,0,5.6564,63,335,502,-1,1,0,0,0,nil,1,nil
4/28 18:51:25.197  SPELL_DAMAGE,Creature-0-4457-249-1045-10184-000028665C,"Onyxia",0x10a48,0x0,Pet-0-4457-249-1045-2850-01001956F9,"Kratos",0x1114,0x0,15847,"Tail Sweep",0x1,Pet-0-4457-249-1045-2850-01001956F9,Player-4755-0178F576,55,100,0,0,0,-1,0,0,0,7.32,-173.68,0,5.9190,66,746,998,-1,1,0,0,0,nil,nil,nil
4/28 18:51:25.197  SPELL_ABSORBED,Creature-0-4457-249-1045-10184-000028665C,"Onyxia",0x10a48,0x0,Player-4755-0163DD9D,"Kaspais-Dreadmist",0x514,0x0,15847,"Tail Sweep",0x1,Player-4755-0163DD9D,"Kaspais-Dreadmist",0x514,0x0,10193,"Mana Shield",0x40,570,777
4/28 18:51:25.197  SPELL_AURA_REMOVED,Player-4755-0163DD9D,"Kaspais-Dreadmist",0x514,0x0,Player-4755-0163DD9D,"Kaspais-Dreadmist",0x514,0x0,10193,"Mana Shield",0x40,BUFF
4/28 18:51:25.197  SPELL_DAMAGE,Creature-0-4457-249-1045-10184-000028665C,"Onyxia",0x10a48,0x0,Player-4755-0163DD9D,"Kaspais-Dreadmist",0x514,0x0,15847,"Tail Sweep",0x1,Player-4755-0163DD9D,0000000000000000,95,100,0,0,0,-1,0,0,0,3.57,-174.78,0,5.0398,66,154,777,-1,1,0,0,570,nil,nil,nil
4/28 18:51:25.197  SPELL_DAMAGE,Creature-0-4457-249-1045-10184-000028665C,"Onyxia",0x10a48,0x0,Pet-0-4457-249-1045-7432-01002D8BC6,"Cat",0x1114,0x0,15847,"Tail Sweep",0x1,Pet-0-4457-249-1045-7432-01002D8BC6,Player-4755-01E83279,78,100,0,0,0,-1,0,0,0,-14.77,-199.47,0,6.1417,71,491,664,-1,1,0,0,0,nil,nil,nil
4/28 18:51:25.197  SPELL_AURA_APPLIED,Player-4755-01733879,"Hocwar-Dreadmist",0x40514,0x0,Player-4755-01733879,"Hocwar-Dreadmist",0x40514,0x0,18499,"Berserker Rage",0x1,BUFF
4/28 18:51:25.197  SPELL_CAST_SUCCESS,Player-4755-01733879,"Hocwar-Dreadmist",0x40514,0x0,0000000000000000,nil,0x80000000,0x80000000,18499,"Berserker Rage",0x1,Player-4755-01733879,0000000000000000,95,100,0,0,0,-1,0,0,0,15.83,-197.63,0,4.2550,71
4/28 18:51:25.221  SPELL_PERIODIC_ENERGIZE,Creature-0-4457-249-1045-7416-0000286CFC,"Mana Spring Totem IV",0x2114,0x0,Player-4755-016296D3,"Nivl-Dreadmist",0x514,0x0,10494,"Mana Spring",0x8,Player-4755-016296D3,0000000000000000,100,100,0,0,0,-1,0,0,0,-1.97,-172.77,0,2.3918,69,10.0000,0.0000,0,5845
4/28 18:51:25.299  SWING_DAMAGE,Player-4755-0220BD00,"Krikoff-Dreadmist",0x40514,0x0,Creature-0-4457-249-1045-10184-000028665C,"Onyxia",0x10a48,0x0,Player-4755-0220BD00,0000000000000000,95,100,0,0,0,-1,0,0,0,15.36,-195.09,0,3.8956,68,257,390,-1,1,0,0,0,nil,1,nil
4/28 18:51:25.312  SWING_MISSED,Player-4755-01733879,"Hocwar-Dreadmist",0x40514,0x0,Creature-0-4457-249-1045-10184-000028665C,"Onyxia",0x10a48,0x0,MISS,1
4/28 18:51:25.340  SWING_DAMAGE,Player-4755-01637B0A,"Pindle-Dreadmist",0x514,0x0,Creature-0-4457-249-1045-10184-000028665C,"Onyxia",0x10a48,0x0,Player-4755-01637B0A,0000000000000000,100,100,0,0,0,-1,0,0,0,12.35,-196.32,0,4.5842,65,74,99,-1,1,0,0,0,nil,1,nil
4/28 18:51:25.340  SWING_DAMAGE,Creature-0-4457-249-1045-10184-000028665C,"Onyxia",0x10a48,0x0,Player-4755-0178F416,"Eltorero-Dreadmist",0x514,0x0,Creature-0-4457-249-1045-10184-000028665C,0000000000000000,34,100,0,0,0,-1,0,0,0,9.96,-202.99,0,5.6564,63,1632,1618,-1,1,0,0,0,nil,nil,1
4/28 18:51:25.369  SPELL_CAST_SUCCESS,Player-4755-01F21AE6,"Blahu-Dreadmist",0x40514,0x0,Creature-0-4457-249-1045-10184-000028665C,"Onyxia",0x10a48,0x0,11567,"Heroic Strike",0x1,Player-4755-01F21AE6,0000000000000000,100,100,0,0,0,-1,0,0,0,18.27,-200.41,0,3.4129,70
4/28 18:51:25.513  SWING_DAMAGE,Player-4755-01A6B139,"Sakatan-Dreadmist",0x514,0x0,Creature-0-4457-249-1045-10184-000028665C,"Onyxia",0x10a48,0x0,Player-4755-01A6B139,0000000000000000,100,100,0,0,0,-1,0,0,0,11.11,-187.39,0,4.7053,69,144,199,-1,1,0,0,0,nil,1,nil
4/28 18:51:25.576  SWING_DAMAGE,Player-4755-01F21AE6,"Blahu-Dreadmist",0x40514,0x0,Creature-0-4457-249-1045-10184-000028665C,"Onyxia",0x10a48,0x0,Player-4755-01F21AE6,0000000000000000,100,100,0,0,0,-1,0,0,0,18.27,-200.41,0,3.4129,70,114,160,-1,1,0,0,0,nil,1,nil
4/28 18:51:25.576  SPELL_AURA_REMOVED_DOSE,Player-4755-0220BD00,"Krikoff-Dreadmist",0x40514,0x0,Player-4755-0220BD00,"Krikoff-Dreadmist",0x40514,0x0,23888,"Bloodthirst",0x1,BUFF,4
4/28 18:51:25.576  SPELL_AURA_REFRESH,Player-4755-0220BD00,"Krikoff-Dreadmist",0x40514,0x0,Player-4755-0220BD00,"Krikoff-Dreadmist",0x40514,0x0,12970,"Flurry",0x1,BUFF
4/28 18:51:25.576  SPELL_HEAL,Player-4755-0220BD00,"Krikoff-Dreadmist",0x40514,0x0,Player-4755-0220BD00,"Krikoff-Dreadmist",0x40514,0x0,23891,"Bloodthirst",0x1,Player-4755-0220BD00,0000000000000000,95,100,0,0,0,-1,0,0,0,16.67,-196.63,0,3.7974,68,20,20,0,0,nil
4/28 18:51:25.576  SWING_DAMAGE_LANDED,Player-4755-0220BD00,"Krikoff-Dreadmist",0x40514,0x0,Creature-0-4457-249-1045-10184-000028665C,"Onyxia",0x10a48,0x0,Creature-0-4457-249-1045-10184-000028665C,0000000000000000,34,100,0,0,0,-1,0,0,0,9.96,-202.99,0,5.6564,63,257,390,-1,1,0,0,0,nil,1,nil
4/28 18:51:25.576  SWING_DAMAGE_LANDED,Player-4755-01637B0A,"Pindle-Dreadmist",0x514,0x0,Creature-0-4457-249-1045-10184-000028665C,"Onyxia",0x10a48,0x0,Creature-0-4457-249-1045-10184-000028665C,0000000000000000,34,100,0,0,0,-1,0,0,0,9.96,-202.99,0,5.6564,63,74,99,-1,1,0,0,0,nil,1,nil
4/28 18:51:25.576  SWING_DAMAGE_LANDED,Creature-0-4457-249-1045-10184-000028665C,"Onyxia",0x10a48,0x0,Player-4755-0178F416,"Eltorero-Dreadmist",0x514,0x0,Player-4755-0178F416,0000000000000000,46,100,0,0,0,-1,0,0,0,26.60,-207.37,0,2.7878,67,1632,1618,-1,1,0,0,0,nil,nil,1
4/28 18:51:25.576  SPELL_DAMAGE,Player-4755-01F21AE6,"Blahu-Dreadmist",0x40514,0x0,Creature-0-4457-249-1045-10184-000028665C,"Onyxia",0x10a48,0x0,11567,"Heroic Strike",0x1,Creature-0-4457-249-1045-10184-000028665C,0000000000000000,33,100,0,0,0,-1,0,0,0,9.96,-202.99,0,5.6564,63,424,539,-1,1,0,0,0,nil,nil,nil
4/28 18:51:25.576  SWING_DAMAGE_LANDED,Player-4755-01A6B139,"Sakatan-Dreadmist",0x514,0x0,Creature-0-4457-249-1045-10184-000028665C,"Onyxia",0x10a48,0x0,Creature-0-4457-249-1045-10184-000028665C,0000000000000000,33,100,0,0,0,-1,0,0,0,9.96,-202.99,0,5.6564,63,144,199,-1,1,0,0,0,nil,1,nil
4/28 18:51:25.576  SWING_DAMAGE_LANDED,Player-4755-01F21AE6,"Blahu-Dreadmist",0x40514,0x0,Creature-0-4457-249-1045-10184-000028665C,"Onyxia",0x10a48,0x0,Creature-0-4457-249-1045-10184-000028665C,0000000000000000,33,100,0,0,0,-1,0,0,0,9.96,-202.99,0,5.6564,63,114,160,-1,1,0,0,0,nil,1,nil
4/28 18:51:25.617  SPELL_CAST_SUCCESS,Player-4755-01617EEE,"Fenix-Dreadmist",0x512,0x0,Player-4755-0220BD00,"Krikoff-Dreadmist",0x40514,0x0,10916,"Flash Heal",0x2,Player-4755-01617EEE,0000000000000000,100,100,0,0,0,-1,0,0,0,22.01,-175.83,0,4.8142,66
4/28 18:51:25.674  SPELL_PERIODIC_DAMAGE,Player-4755-0178F416,"Eltorero-Dreadmist",0x514,0x0,Creature-0-4457-249-1045-10184-000028665C,"Onyxia",0x10a48,0x0,12721,"Deep Wound",0x1,Creature-0-4457-249-1045-10184-000028665C,0000000000000000,33,100,0,0,0,-1,0,0,0,9.96,-202.99,0,5.6564,63,102,101,-1,1,0,0,0,nil,nil,nil
4/28 18:51:25.674  RANGE_DAMAGE,Player-4755-0163DD9D,"Kaspais-Dreadmist",0x514,0x0,Creature-0-4457-249-1045-10184-000028665C,"Onyxia",0x10a48,0x0,5019,"Shoot",0x1,Creature-0-4457-249-1045-10184-000028665C,0000000000000000,33,100,0,0,0,-1,0,0,0,9.96,-202.99,0,5.6564,63,112,102,-1,16,0,0,0,nil,nil,nil
4/28 18:51:25.690  SPELL_AURA_REMOVED,Player-4755-01733879,"Hocwar-Dreadmist",0x40514,0x0,Player-4755-01733879,"Hocwar-Dreadmist",0x40514,0x0,20007,"Holy Strength",0x2,BUFF
4/28 18:51:25.690  SWING_DAMAGE,Player-4755-01637B0A,"Pindle-Dreadmist",0x514,0x0,Creature-0-4457-249-1045-10184-000028665C,"Onyxia",0x10a48,0x0,Player-4755-01637B0A,0000000000000000,100,100,0,0,0,-1,0,0,0,10.67,-196.38,0,4.7786,65,135,179,-1,1,0,0,0,nil,1,nil
4/28 18:51:25.734  SPELL_PERIODIC_ENERGIZE,Player-4755-0220BD00,"Krikoff-Dreadmist",0x40514,0x0,Player-4755-0220BD00,"Krikoff-Dreadmist",0x40514,0x0,29131,"Bloodrage",0x1,Player-4755-0220BD00,0000000000000000,95,100,0,0,0,-1,0,0,0,17.24,-196.29,0,3.7974,68,1.0000,0.0000,1,1000
4/28 18:51:25.762  SPELL_CAST_SUCCESS,Player-4755-01614AC7,"Mirrimazduur-Dreadmist",0x512,0x0,0000000000000000,nil,0x80000000,0x80000000,11689,"Life Tap",0x20,Player-4755-01614AC7,0000000000000000,83,100,0,0,0,-1,0,0,0,10.92,-170.92,0,4.6325,68
4/28 18:51:25.791  SWING_MISSED,Player-4755-01AC9FD9,"Alexinho-Dreadmist",0x514,0x0,Creature-0-4457-249-1045-10184-000028665C,"Onyxia",0x10a48,0x0,PARRY,1
4/28 18:51:25.791  SPELL_CAST_START,Player-4755-01617EEE,"Fenix-Dreadmist",0x512,0x0,0000000000000000,nil,0x80000000,0x80000000,10916,"Flash Heal",0x2
4/28 18:51:25.848  SPELL_PERIODIC_ENERGIZE,Creature-0-4457-249-1045-7416-0000286CFC,"Mana Spring Totem IV",0x2114,0x0,Player-4755-0178F576,"Atreas-Dreadmist",0x514,0x0,10494,"Mana Spring",0x8,Player-4755-0178F576,0000000000000000,100,100,0,0,0,-1,0,0,0,16.76,-179.20,0,4.1713,66,10.0000,0.0000,0,3765
4/28 18:51:25.848  SPELL_PERIODIC_HEAL,Player-4755-02045EF4,"Necrosini-Dreadmist",0x512,0x0,Player-4755-01F21AE6,"Blahu-Dreadmist",0x40514,0x0,10929,"Renew",0x2,Player-4755-01F21AE6,0000000000000000,100,100,0,0,0,-1,0,0,0,18.27,-200.41,0,3.4129,70,253,253,253,0,nil
4/28 18:51:25.890  SPELL_CAST_SUCCESS,Player-4755-02045EF4,"Necrosini-Dreadmist",0x512,0x0,Player-4755-0178F416,"Eltorero-Dreadmist",0x514,0x0,10901,"Power Word: Shield",0x2,Player-4755-02045EF4,0000000000000000,100,100,0,0,0,-1,0,0,0,7.69,-177.01,0,4.6352,69
4/28 18:51:25.919  SPELL_CAST_SUCCESS,Player-4755-020BD78D,"Lonehunter-Dreadmist",0x514,0x0,Creature-0-4457-249-1045-10184-000028665C,"Onyxia",0x10a48,0x0,20904,"Aimed Shot",0x1,Player-4755-020BD78D,0000000000000000,69,100,0,0,0,-1,0,0,0,5.72,-250.97,0,1.4826,70
4/28 18:51:25.919  SPELL_CAST_START,Player-4755-020BD78D,"Lonehunter-Dreadmist",0x514,0x0,0000000000000000,nil,0x80000000,0x80000000,14290,"Multi-Shot",0x1
4/28 18:51:25.948  SPELL_AURA_REMOVED,Player-4755-01802FE5,"Angrybat-Dreadmist",0x514,0x0,Player-4755-01802FE5,"Angrybat-Dreadmist",0x514,0x0,1953,"Blink",0x40,BUFF
4/28 18:51:25.981  SPELL_CAST_SUCCESS,Player-4755-016296D3,"Nivl-Dreadmist",0x514,0x0,Player-4755-02045EF4,"Necrosini-Dreadmist",0x512,0x0,10623,"Chain Heal",0x8,Player-4755-016296D3,0000000000000000,100,100,0,0,0,-1,0,0,0,-1.97,-172.77,0,2.3918,69
4/28 18:51:25.981  SPELL_CAST_START,Player-4755-01804B95,"Moymoy-Dreadmist",0x514,0x0,0000000000000000,nil,0x80000000,0x80000000,939,"Healing Wave",0x8
4/28 18:51:26.002  SPELL_AURA_REMOVED_DOSE,Player-4755-0220BD00,"Krikoff-Dreadmist",0x40514,0x0,Player-4755-0220BD00,"Krikoff-Dreadmist",0x40514,0x0,23888,"Bloodthirst",0x1,BUFF,3
4/28 18:51:26.002  SPELL_AURA_REMOVED_DOSE,Player-4755-0220BD00,"Krikoff-Dreadmist",0x40514,0x0,Player-4755-0220BD00,"Krikoff-Dreadmist",0x40514,0x0,12970,"Flurry",0x1,BUFF,2
4/28 18:51:26.002  SPELL_HEAL,Player-4755-0220BD00,"Krikoff-Dreadmist",0x40514,0x0,Player-4755-0220BD00,"Krikoff-Dreadmist",0x40514,0x0,23891,"Bloodthirst",0x1,Player-4755-0220BD00,0000000000000000,96,100,0,0,0,-1,0,0,0,18.23,-195.75,0,3.7974,68,20,20,0,0,nil
4/28 18:51:26.002  DAMAGE_SHIELD_MISSED,Player-4755-0178F416,"Eltorero-Dreadmist",0x514,0x0,Creature-0-4457-249-1045-10184-000028665C,"Onyxia",0x10a48,0x0,21142,"Immolation",0x4,IMMUNE,nil
4/28 18:51:26.002  SPELL_HEAL,Player-4755-01F21AE6,"Blahu-Dreadmist",0x40514,0x0,Player-4755-01F21AE6,"Blahu-Dreadmist",0x40514,0x0,23891,"Bloodthirst",0x1,Player-4755-01F21AE6,0000000000000000,100,100,0,0,0,-1,0,0,0,18.27,-200.41,0,3.4129,70,20,20,20,0,nil
4/28 18:51:26.002  SPELL_AURA_REMOVED,Player-4755-01F21AE6,"Blahu-Dreadmist",0x40514,0x0,Player-4755-01F21AE6,"Blahu-Dreadmist",0x40514,0x0,23888,"Bloodthirst",0x1,BUFF
4/28 18:51:26.002  SPELL_HEAL,Player-4755-01617EEE,"Fenix-Dreadmist",0x512,0x0,Player-4755-0220BD00,"Krikoff-Dreadmist",0x40514,0x0,10916,"Flash Heal",0x2,Player-4755-0220BD00,0000000000000000,100,100,0,0,0,-1,0,0,0,18.23,-195.75,0,3.7974,68,1046,1046,671,0,nil
4/28 18:51:26.002  SWING_DAMAGE_LANDED,Player-4755-01637B0A,"Pindle-Dreadmist",0x514,0x0,Creature-0-4457-249-1045-10184-000028665C,"Onyxia",0x10a48,0x0,Creature-0-4457-249-1045-10184-000028665C,0000000000000000,33,100,0,0,0,-1,0,0,0,9.96,-202.99,0,5.6564,63,135,179,-1,1,0,0,0,nil,1,nil
4/28 18:51:26.002  SPELL_ENERGIZE,Player-4755-01614AC7,"Mirrimazduur-Dreadmist",0x512,0x0,Player-4755-01614AC7,"Mirrimazduur-Dreadmist",0x512,0x0,31818,"Life Tap",0x20,Player-4755-01614AC7,0000000000000000,83,100,0,0,0,-1,0,0,0,10.92,-170.92,0,4.6325,68,855.0000,0.0000,0,5098
4/28 18:51:26.002  SPELL_AURA_APPLIED,Player-4755-02045EF4,"Necrosini-Dreadmist",0x512,0x0,Player-4755-0178F416,"Eltorero-Dreadmist",0x514,0x0,10901,"Power Word: Shield",0x2,BUFF
4/28 18:51:26.002  SPELL_HEAL,Player-4755-016296D3,"Nivl-Dreadmist",0x514,0x0,Player-4755-0163DD9D,"Kaspais-Dreadmist",0x514,0x0,10623,"Chain Heal",0x8,Player-4755-0163DD9D,0000000000000000,100,100,0,0,0,-1,0,0,0,3.63,-170.67,0,5.0516,66,387,387,233,0,nil
4/28 18:51:26.002  SPELL_HEAL,Player-4755-016296D3,"Nivl-Dreadmist",0x514,0x0,Player-4755-01614AC7,"Mirrimazduur-Dreadmist",0x512,0x0,10623,"Chain Heal",0x8,Player-4755-01614AC7,0000000000000000,97,100,0,0,0,-1,0,0,0,10.92,-170.92,0,4.6325,68,595,595,0,0,nil
4/28 18:51:26.002  SPELL_HEAL,Player-4755-016296D3,"Nivl-Dreadmist",0x514,0x0,Player-4755-02045EF4,"Necrosini-Dreadmist",0x512,0x0,10623,"Chain Heal",0x8,Player-4755-02045EF4,0000000000000000,100,100,0,0,0,-1,0,0,0,7.69,-177.01,0,4.6352,69,898,898,879,0,nil
4/28 18:51:26.026  SPELL_PERIODIC_HEAL,Player-4755-02045EF4,"Necrosini-Dreadmist",0x512,0x0,Player-4755-01A6B139,"Sakatan-Dreadmist",0x514,0x0,10929,"Renew",0x2,Player-4755-01A6B139,0000000000000000,100,100,0,0,0,-1,0,0,0,8.88,-187.39,0,4.8388,69,253,253,253,0,nil
4/28 18:51:26.026  SPELL_AURA_REMOVED,Player-4755-02045EF4,"Necrosini-Dreadmist",0x512,0x0,Player-4755-01A6B139,"Sakatan-Dreadmist",0x514,0x0,10929,"Renew",0x2,BUFF
4/28 18:51:26.026  SPELL_CAST_SUCCESS,Player-4755-01ED7A64,"Sperzieboon-Dreadmist",0x514,0x0,Player-4755-0178F416,"Eltorero-Dreadmist",0x514,0x0,10917,"Flash Heal",0x2,Player-4755-01ED7A64,0000000000000000,80,100,0,0,0,-1,0,0,0,10.33,-222.60,0,1.3961,67
4/28 18:51:26.026  SPELL_CAST_START,Player-4755-01ED7A64,"Sperzieboon-Dreadmist",0x514,0x0,0000000000000000,nil,0x80000000,0x80000000,6063,"Heal",0x2
4/28 18:51:26.043  SWING_DAMAGE,Pet-0-4457-249-1045-2850-01001956F9,"Kratos",0x1114,0x0,Creature-0-4457-249-1045-10184-000028665C,"Onyxia",0x10a48,0x0,Pet-0-4457-249-1045-2850-01001956F9,Player-4755-0178F576,55,100,0,0,0,-1,0,0,0,12.14,-176.84,0,5.4210,66,115,72,-1,1,0,0,0,1,nil,nil
4/28 18:51:26.043  SPELL_CAST_SUCCESS,Pet-0-4457-249-1045-2850-01001956F9,"Kratos",0x1114,0x0,Creature-0-4457-249-1045-10184-000028665C,"Onyxia",0x10a48,0x0,17261,"Bite",0x1,Pet-0-4457-249-1045-2850-01001956F9,Player-4755-0178F576,55,100,0,0,0,-1,0,0,0,12.14,-176.84,0,5.4210,66
4/28 18:51:26.106  SPELL_CAST_SUCCESS,Player-4755-016DF694,"Ashalan-Dreadmist",0x514,0x0,Creature-0-4457-249-1045-10184-000028665C,"Onyxia",0x10a48,0x0,17364,"Stormstrike",0x1,Player-4755-016DF694,0000000000000000,80,100,0,0,0,-1,0,0,0,11.45,-195.60,0,4.5953,67
4/28 18:51:26.136  SWING_DAMAGE,Pet-0-4457-249-1045-7432-01002D8BC6,"Cat",0x1114,0x0,Creature-0-4457-249-1045-10184-000028665C,"Onyxia",0x10a48,0x0,Pet-0-4457-249-1045-7432-01002D8BC6,Player-4755-01E83279,78,100,0,0,0,-1,0,0,0,-14.77,-199.47,0,6.1417,71,79,100,-1,1,0,0,0,nil,nil,nil
4/28 18:51:26.214  SPELL_AURA_APPLIED,Player-4755-01FA8DD8,"Roackerita-Dreadmist",0x514,0x0,Player-4755-01FA8DD8,"Roackerita-Dreadmist",0x514,0x0,10899,"Power Word: Shield",0x2,BUFF
4/28 18:51:26.214  SPELL_CAST_SUCCESS,Player-4755-01FA8DD8,"Roackerita-Dreadmist",0x514,0x0,Player-4755-01FA8DD8,"Roackerita-Dreadmist",0x514,0x0,10899,"Power Word: Shield",0x2,Player-4755-01FA8DD8,0000000000000000,100,100,0,0,0,-1,0,0,0,17.69,-175.27,0,5.6749,69
4/28 18:51:26.279  SPELL_CAST_SUCCESS,Player-4755-01AC9FD9,"Alexinho-Dreadmist",0x514,0x0,Creature-0-4457-249-1045-10184-000028665C,"Onyxia",0x10a48,0x0,11294,"Sinister Strike",0x1,Player-4755-01AC9FD9,0000000000000000,100,100,0,0,0,-1,0,0,0,17.05,-198.90,0,3.8931,66
4/28 18:51:26.279  SPELL_AURA_APPLIED,Player-4755-01AC9FD9,"Alexinho-Dreadmist",0x514,0x0,Player-4755-01AC9FD9,"Alexinho-Dreadmist",0x514,0x0,10610,"Windfury Totem",0x8,BUFF
4/28 18:51:26.279  SPELL_EXTRA_ATTACKS,Player-4755-01AC9FD9,"Alexinho-Dreadmist",0x514,0x0,Player-4755-01AC9FD9,"Alexinho-Dreadmist",0x514,0x0,10610,"Windfury Totem",0x8,1
4/28 18:51:26.279  SWING_DAMAGE,Player-4755-01AC9FD9,"Alexinho-Dreadmist",0x514,0x0,Creature-0-4457-249-1045-10184-000028665C,"Onyxia",0x10a48,0x0,Player-4755-01AC9FD9,0000000000000000,100,100,0,0,0,-1,0,0,0,17.05,-198.90,0,3.8931,66,365,521,-1,1,0,46,0,nil,nil,nil
4/28 18:51:26.301  SWING_DAMAGE,Player-4755-01A6B139,"Sakatan-Dreadmist",0x514,0x0,Creature-0-4457-249-1045-10184-000028665C,"Onyxia",0x10a48,0x0,Player-4755-01A6B139,0000000000000000,100,100,0,0,0,-1,0,0,0,7.82,-187.76,0,5.1019,69,118,149,-1,1,0,0,0,nil,nil,nil
4/28 18:51:26.316  SPELL_CAST_SUCCESS,Player-4755-020BD78D,"Lonehunter-Dreadmist",0x514,0x0,Creature-0-4457-249-1045-10184-000028665C,"Onyxia",0x10a48,0x0,14290,"Multi-Shot",0x1,Player-4755-020BD78D,0000000000000000,69,100,0,0,0,-1,0,0,0,5.72,-250.97,0,1.4826,70
4/28 18:51:26.332  SWING_DAMAGE,Player-4755-0160BD13,"Mafkees-Dreadmist",0x514,0x0,Creature-0-4457-249-1045-10184-000028665C,"Onyxia",0x10a48,0x0,Player-4755-0160BD13,0000000000000000,100,100,0,0,0,-1,0,0,0,5.13,-210.48,0,0.7838,64,440,558,-1,1,0,0,0,nil,nil,nil
4/28 18:51:26.332  SWING_DAMAGE,Player-4755-0220BD00,"Krikoff-Dreadmist",0x40514,0x0,Creature-0-4457-249-1045-10184-000028665C,"Onyxia",0x10a48,0x0,Player-4755-0220BD00,0000000000000000,100,100,0,0,0,-1,0,0,0,17.15,-196.91,0,3.7660,68,419,265,-1,1,0,0,0,1,nil,nil
4/28 18:51:26.349  SPELL_AURA_REMOVED,Player-4755-0160BD13,"Mafkees-Dreadmist",0x514,0x0,Player-4755-0160BD13,"Mafkees-Dreadmist",0x514,0x0,18499,"Berserker Rage",0x1,BUFF
4/28 18:51:26.384  SPELL_CAST_START,Player-4755-020BD78D,"Lonehunter-Dreadmist",0x514,0x0,0000000000000000,nil,0x80000000,0x80000000,75,"Auto Shot",0x1
4/28 18:51:26.384  SPELL_AURA_APPLIED,Player-4755-0178F416,"Eltorero-Dreadmist",0x514,0x0,Player-4755-0178F416,"Eltorero-Dreadmist",0x514,0x0,16624,"Thorium Shield Spike",0x1,BUFF
4/28 18:51:26.384  SPELL_CAST_START,Creature-0-4457-249-1045-10184-000028665C,"Onyxia",0x10a48,0x0,0000000000000000,nil,0x80000000,0x80000000,18431,"Bellowing Roar",0x1
4/28 18:51:26.384  SPELL_ENERGIZE,Player-4755-0220BD00,"Krikoff-Dreadmist",0x40514,0x0,Player-4755-0220BD00,"Krikoff-Dreadmist",0x40514,0x0,12964,"Unbridled Wrath",0x1,Player-4755-0220BD00,0000000000000000,100,100,0,0,0,-1,0,0,0,16.82,-197.13,0,3.7582,68,1.0000,0.0000,1,1000
4/28 18:51:26.384  SPELL_ENERGIZE,Player-4755-01F21AE6,"Blahu-Dreadmist",0x40514,0x0,Player-4755-01F21AE6,"Blahu-Dreadmist",0x40514,0x0,12964,"Unbridled Wrath",0x1,Player-4755-01F21AE6,0000000000000000,100,100,0,0,0,-1,0,0,0,18.27,-200.41,0,3.4129,70,1.0000,0.0000,1,1000
4/28 18:51:26.384  SPELL_AURA_REMOVED_DOSE,Player-4755-01AC9FD9,"Alexinho-Dreadmist",0x514,0x0,Player-4755-01AC9FD9,"Alexinho-Dreadmist",0x514,0x0,10610,"Windfury Totem",0x8,BUFF,1
4/28 18:51:26.384  SPELL_HEAL,Player-4755-01ED7A64,"Sperzieboon-Dreadmist",0x514,0x0,Player-4755-0178F416,"Eltorero-Dreadmist",0x514,0x0,10917,"Flash Heal",0x2,Player-4755-0178F416,0000000000000000,68,100,0,0,0,-1,0,0,0,28.71,-201.65,0,2.7878,65,1206,1206,0,0,nil
4/28 18:51:26.384  SWING_DAMAGE_LANDED,Pet-0-4457-249-1045-2850-01001956F9,"Kratos",0x1114,0x0,Creature-0-4457-249-1045-10184-000028665C,"Onyxia",0x10a48,0x0,Creature-0-4457-249-1045-10184-000028665C,0000000000000000,33,100,0,0,0,-1,0,0,0,9.96,-202.99,0,0.0136,63,115,72,-1,1,0,0,0,1,nil,nil
4/28 18:51:26.384  SPELL_DAMAGE,Pet-0-4457-249-1045-2850-01001956F9,"Kratos",0x1114,0x0,Creature-0-4457-249-1045-10184-000028665C,"Onyxia",0x10a48,0x0,17261,"Bite",0x1,Creature-0-4457-249-1045-10184-000028665C,0000000000000000,33,100,0,0,0,-1,0,0,0,9.96,-202.99,0,0.0136,63,121,153,-1,1,0,0,0,nil,nil,nil
4/28 18:51:26.384  SPELL_DAMAGE,Player-4755-016DF694,"Ashalan-Dreadmist",0x514,0x0,Creature-0-4457-249-1045-10184-000028665C,"Onyxia",0x10a48,0x0,17364,"Stormstrike",0x1,Creature-0-4457-249-1045-10184-000028665C,0000000000000000,33,100,0,0,0,-1,0,0,0,9.96,-202.99,0,0.0136,63,474,602,-1,1,0,0,0,nil,nil,nil
4/28 18:51:26.384  SPELL_AURA_APPLIED,Player-4755-016DF694,"Ashalan-Dreadmist",0x514,0x0,Creature-0-4457-249-1045-10184-000028665C,"Onyxia",0x10a48,0x0,17364,"Stormstrike",0x1,DEBUFF
4/28 18:51:26.384  SWING_DAMAGE_LANDED,Pet-0-4457-249-1045-7432-01002D8BC6,"Cat",0x1114,0x0,Creature-0-4457-249-1045-10184-000028665C,"Onyxia",0x10a48,0x0,Creature-0-4457-249-1045-10184-000028665C,0000000000000000,33,100,0,0,0,-1,0,0,0,9.96,-202.99,0,0.0136,63,79,100,-1,1,0,0,0,nil,nil,nil
4/28 18:51:26.384  SPELL_AURA_APPLIED,Player-4755-01FA8DD8,"Roackerita-Dreadmist",0x514,0x0,Player-4755-01FA8DD8,"Roackerita-Dreadmist",0x514,0x0,6788,"Weakened Soul",0x2,DEBUFF
4/28 18:51:26.384  SPELL_DAMAGE,Player-4755-01AC9FD9,"Alexinho-Dreadmist",0x514,0x0,Creature-0-4457-249-1045-10184-000028665C,"Onyxia",0x10a48,0x0,11294,"Sinister Strike",0x1,Creature-0-4457-249-1045-10184-000028665C,0000000000000000,33,100,0,0,0,-1,0,0,0,9.96,-202.99,0,0.0136,63,369,469,-1,1,0,0,0,nil,nil,nil
4/28 18:51:26.384  SWING_DAMAGE_LANDED,Player-4755-01AC9FD9,"Alexinho-Dreadmist",0x514,0x0,Creature-0-4457-249-1045-10184-000028665C,"Onyxia",0x10a48,0x0,Creature-0-4457-249-1045-10184-000028665C,0000000000000000,33,100,0,0,0,-1,0,0,0,9.96,-202.99,0,0.0136,63,365,521,-1,1,0,0,0,nil,nil,nil
4/28 18:51:26.384  SWING_DAMAGE_LANDED,Player-4755-01A6B139,"Sakatan-Dreadmist",0x514,0x0,Creature-0-4457-249-1045-10184-000028665C,"Onyxia",0x10a48,0x0,Creature-0-4457-249-1045-10184-000028665C,0000000000000000,33,100,0,0,0,-1,0,0,0,9.96,-202.99,0,0.0136,63,118,149,-1,1,0,0,0,nil,nil,nil
4/28 18:51:26.384  SWING_DAMAGE_LANDED,Player-4755-0160BD13,"Mafkees-Dreadmist",0x514,0x0,Creature-0-4457-249-1045-10184-000028665C,"Onyxia",0x10a48,0x0,Creature-0-4457-249-1045-10184-000028665C,0000000000000000,33,100,0,0,0,-1,0,0,0,9.96,-202.99,0,0.0136,63,440,558,-1,1,0,0,0,nil,nil,nil
4/28 18:51:26.384  SWING_DAMAGE_LANDED,Player-4755-0220BD00,"Krikoff-Dreadmist",0x40514,0x0,Creature-0-4457-249-1045-10184-000028665C,"Onyxia",0x10a48,0x0,Creature-0-4457-249-1045-10184-000028665C,0000000000000000,33,100,0,0,0,-1,0,0,0,9.96,-202.99,0,0.0136,63,419,265,-1,1,0,0,0,1,nil,nil
4/28 18:51:26.433  SWING_DAMAGE,Player-4755-01637B0A,"Pindle-Dreadmist",0x514,0x0,Creature-0-4457-249-1045-10184-000028665C,"Onyxia",0x10a48,0x0,Player-4755-01637B0A,0000000000000000,100,100,0,0,0,-1,0,0,0,9.65,-195.96,0,4.9042,65,81,103,-1,1,0,0,0,nil,nil,nil
4/28 18:51:26.453  SPELL_CAST_SUCCESS,Player-4755-01637B0A,"Pindle-Dreadmist",0x514,0x0,Creature-0-4457-249-1045-10184-000028665C,"Onyxia",0x10a48,0x0,11281,"Backstab",0x1,Player-4755-01637B0A,0000000000000000,100,100,0,0,0,-1,0,0,0,9.65,-195.96,0,4.9042,65
4/28 18:51:26.524  SPELL_AURA_REMOVED,Player-4755-01AC9FD9,"Alexinho-Dreadmist",0x514,0x0,Player-4755-01AC9FD9,"Alexinho-Dreadmist",0x514,0x0,13750,"Adrenaline Rush",0x1,BUFF
4/28 18:51:26.713  SPELL_CAST_START,Player-4755-01BC57A3,"Saintis-Dreadmist",0x511,0x0,0000000000000000,nil,0x80000000,0x80000000,9474,"Flash Heal",0x2
4/28 18:51:26.730  SPELL_PERIODIC_ENERGIZE,Player-4755-0220BD00,"Krikoff-Dreadmist",0x40514,0x0,Player-4755-0220BD00,"Krikoff-Dreadmist",0x40514,0x0,29131,"Bloodrage",0x1,Player-4755-0220BD00,0000000000000000,100,100,0,0,0,-1,0,0,0,16.21,-197.56,0,3.7582,68,1.0000,0.0000,1,1000
4/28 18:51:26.746  SWING_MISSED,Player-4755-01733879,"Hocwar-Dreadmist",0x40514,0x0,Creature-0-4457-249-1045-10184-000028665C,"Onyxia",0x10a48,0x0,MISS,nil
4/28 18:51:26.776  SPELL_CAST_SUCCESS,Pet-0-4457-249-1045-7432-01002D8BC6,"Cat",0x1114,0x0,Creature-0-4457-249-1045-10184-000028665C,"Onyxia",0x10a48,0x0,3009,"Claw",0x1,Pet-0-4457-249-1045-7432-01002D8BC6,Player-4755-01E83279,78,100,0,0,0,-1,0,0,0,-14.77,-199.47,0,6.1417,71
4/28 18:51:26.776  SPELL_AURA_APPLIED,Player-4755-02045EF4,"Necrosini-Dreadmist",0x512,0x0,Player-4755-0178F416,"Eltorero-Dreadmist",0x514,0x0,6788,"Weakened Soul",0x2,DEBUFF
4/28 18:51:26.776  SPELL_AURA_REMOVED,Player-4755-01AC9FD9,"Alexinho-Dreadmist",0x514,0x0,Player-4755-01AC9FD9,"Alexinho-Dreadmist",0x514,0x0,10610,"Windfury Totem",0x8,BUFF
4/28 18:51:26.776  SPELL_AURA_REMOVED_DOSE,Player-4755-0160BD13,"Mafkees-Dreadmist",0x514,0x0,Player-4755-0160BD13,"Mafkees-Dreadmist",0x514,0x0,12970,"Flurry",0x1,BUFF,2
4/28 18:51:26.776  SPELL_AURA_REMOVED_DOSE,Player-4755-0220BD00,"Krikoff-Dreadmist",0x40514,0x0,Player-4755-0220BD00,"Krikoff-Dreadmist",0x40514,0x0,23888,"Bloodthirst",0x1,BUFF,2
4/28 18:51:26.776  SPELL_AURA_REMOVED_DOSE,Player-4755-0220BD00,"Krikoff-Dreadmist",0x40514,0x0,Player-4755-0220BD00,"Krikoff-Dreadmist",0x40514,0x0,12970,"Flurry",0x1,BUFF,1
4/28 18:51:26.803  SPELL_AURA_APPLIED_DOSE,Player-4755-0220BD00,"Krikoff-Dreadmist",0x40514,0x0,Player-4755-0220BD00,"Krikoff-Dreadmist",0x40514,0x0,12970,"Flurry",0x1,BUFF,3
4/28 18:51:26.804  SPELL_HEAL,Player-4755-0220BD00,"Krikoff-Dreadmist",0x40514,0x0,Player-4755-0220BD00,"Krikoff-Dreadmist",0x40514,0x0,23891,"Bloodthirst",0x1,Player-4755-0220BD00,0000000000000000,100,100,0,0,0,-1,0,0,0,16.21,-197.56,0,3.7582,68,20,20,20,0,nil
4/28 18:51:26.804  SWING_DAMAGE_LANDED,Player-4755-01637B0A,"Pindle-Dreadmist",0x514,0x0,Creature-0-4457-249-1045-10184-000028665C,"Onyxia",0x10a48,0x0,Creature-0-4457-249-1045-10184-000028665C,0000000000000000,33,100,0,0,0,-1,0,0,0,9.96,-202.99,0,0.0136,63,81,103,-1,1,0,0,0,nil,nil,nil
4/28 18:51:26.804  SPELL_AURA_REMOVED_DOSE,Player-4755-016DF694,"Ashalan-Dreadmist",0x514,0x0,Creature-0-4457-249-1045-10184-000028665C,"Onyxia",0x10a48,0x0,17364,"Stormstrike",0x1,DEBUFF,1
4/28 18:51:26.804  SPELL_DAMAGE,Player-4755-01637B0A,"Pindle-Dreadmist",0x514,0x0,Creature-0-4457-249-1045-10184-000028665C,"Onyxia",0x10a48,0x0,11337,"Instant Poison VI",0x8,Creature-0-4457-249-1045-10184-000028665C,0000000000000000,33,100,0,0,0,-1,0,0,0,9.96,-202.99,0,0.0136,63,163,135,-1,8,0,0,0,nil,nil,nil
4/28 18:51:26.804  SPELL_DAMAGE,Player-4755-01637B0A,"Pindle-Dreadmist",0x514,0x0,Creature-0-4457-249-1045-10184-000028665C,"Onyxia",0x10a48,0x0,11281,"Backstab",0x1,Creature-0-4457-249-1045-10184-000028665C,0000000000000000,33,100,0,0,0,-1,0,0,0,9.96,-202.99,0,0.0136,63,494,626,-1,1,0,0,0,nil,nil,nil
4/28 18:51:26.804  SPELL_AURA_APPLIED,Player-4755-0178F576,"Atreas-Dreadmist",0x514,0x0,Player-4755-0178F416,"Eltorero-Dreadmist",0x514,0x0,20906,"Trueshot Aura",0x40,BUFF
4/28 18:51:26.804  SPELL_DAMAGE,Pet-0-4457-249-1045-7432-01002D8BC6,"Cat",0x1114,0x0,Creature-0-4457-249-1045-10184-000028665C,"Onyxia",0x10a48,0x0,3009,"Claw",0x1,Creature-0-4457-249-1045-10184-000028665C,0000000000000000,33,100,0,0,0,-1,0,0,0,9.96,-202.99,0,0.0136,63,65,82,-1,1,0,0,0,nil,nil,nil
4/28 18:51:26.804  SPELL_CAST_SUCCESS,Player-4755-020BD78D,"Lonehunter-Dreadmist",0x514,0x0,Creature-0-4457-249-1045-10184-000028665C,"Onyxia",0x10a48,0x0,75,"Auto Shot",0x1,Player-4755-020BD78D,0000000000000000,69,100,0,0,0,-1,0,0,0,5.72,-250.97,0,1.4826,70
4/28 18:51:26.804  SPELL_AURA_REMOVED,Player-4755-01BC57A3,"Saintis-Dreadmist",0x511,0x0,Player-4755-01BC57A3,"Saintis-Dreadmist",0x511,0x0,6788,"Weakened Soul",0x2,DEBUFF
4/28 18:51:26.859  SWING_DAMAGE,Player-4755-016DF694,"Ashalan-Dreadmist",0x514,0x0,Creature-0-4457-249-1045-10184-000028665C,"Onyxia",0x10a48,0x0,Player-4755-016DF694,0000000000000000,80,100,0,0,0,-1,0,0,0,10.20,-195.45,0,4.5953,67,881,559,-1,1,0,0,0,1,nil,nil
4/28 18:51:26.895  SWING_DAMAGE,Player-4755-01733879,"Hocwar-Dreadmist",0x40514,0x0,Creature-0-4457-249-1045-10184-000028665C,"Onyxia",0x10a48,0x0,Player-4755-01733879,0000000000000000,95,100,0,0,0,-1,0,0,0,14.81,-196.81,0,4.9602,71,85,129,-1,1,0,0,0,nil,1,nil
4/28 18:51:26.963  SPELL_AURA_APPLIED,Player-4755-0163DD9D,"Kaspais-Dreadmist",0x514,0x0,Player-4755-0163DD9D,"Kaspais-Dreadmist",0x514,0x0,10193,"Mana Shield",0x40,BUFF
4/28 18:51:26.963  SPELL_CAST_SUCCESS,Player-4755-0163DD9D,"Kaspais-Dreadmist",0x514,0x0,0000000000000000,nil,0x80000000,0x80000000,10193,"Mana Shield",0x40,Player-4755-0163DD9D,0000000000000000,100,100,0,0,0,-1,0,0,0,10.34,-170.75,0,5.0516,66
4/28 18:51:27.036  SWING_DAMAGE,Pet-0-4457-249-1045-2850-01001956F9,"Kratos",0x1114,0x0,Creature-0-4457-249-1045-10184-000028665C,"Onyxia",0x10a48,0x0,Pet-0-4457-249-1045-2850-01001956F9,Player-4755-0178F576,55,100,0,0,0,-1,0,0,0,11.75,-178.01,0,4.6408,66,35,75,-1,1,0,0,0,nil,1,nil
4/28 18:51:27.036  SPELL_CAST_SUCCESS,Player-4755-015FEBD5,"Sauvage-Dreadmist",0x514,0x0,Creature-0-4457-249-1045-10184-000028665C,"Onyxia",0x10a48,0x0,10181,"Frostbolt",0x10,Player-4755-015FEBD5,0000000000000000,100,100,0,0,0,-1,0,0,0,-10.87,-234.80,0,0.7948,64
4/28 18:51:27.068  SWING_DAMAGE,Player-4755-01637B0A,"Pindle-Dreadmist",0x514,0x0,Creature-0-4457-249-1045-10184-000028665C,"Onyxia",0x10a48,0x0,Player-4755-01637B0A,0000000000000000,100,100,0,0,0,-1,0,0,0,9.65,-195.96,0,5.0044,65,308,191,-1,1,0,0,0,1,nil,nil
4/28 18:51:27.068  SPELL_DAMAGE,Player-4755-020BD78D,"Lonehunter-Dreadmist",0x514,0x0,Creature-0-4457-249-1045-10184-000028665C,"Onyxia",0x10a48,0x0,20904,"Aimed Shot",0x1,Creature-0-4457-249-1045-10184-000028665C,0000000000000000,33,100,0,0,0,-1,0,0,0,9.96,-202.99,0,0.0136,63,889,1127,-1,1,0,0,0,nil,nil,nil
4/28 18:51:27.149  SWING_DAMAGE,Player-4755-01AC9FD9,"Alexinho-Dreadmist",0x514,0x0,Creature-0-4457-249-1045-10184-000028665C,"Onyxia",0x10a48,0x0,Player-4755-01AC9FD9,0000000000000000,100,100,0,0,0,-1,0,0,0,17.05,-198.90,0,3.8931,66,128,192,-1,1,0,0,0,nil,1,nil
4/28 18:51:27.199  SWING_DAMAGE_LANDED,Player-4755-016DF694,"Ashalan-Dreadmist",0x514,0x0,Creature-0-4457-249-1045-10184-000028665C,"Onyxia",0x10a48,0x0,Creature-0-4457-249-1045-10184-000028665C,0000000000000000,33,100,0,0,0,-1,0,0,0,9.96,-202.99,0,0.0136,63,881,559,-1,1,0,0,0,1,nil,nil
4/28 18:51:27.199  SWING_DAMAGE_LANDED,Player-4755-01733879,"Hocwar-Dreadmist",0x40514,0x0,Creature-0-4457-249-1045-10184-000028665C,"Onyxia",0x10a48,0x0,Creature-0-4457-249-1045-10184-000028665C,0000000000000000,33,100,0,0,0,-1,0,0,0,9.96,-202.99,0,0.0136,63,85,129,-1,1,0,0,0,nil,1,nil
4/28 18:51:27.199  SWING_DAMAGE_LANDED,Pet-0-4457-249-1045-2850-01001956F9,"Kratos",0x1114,0x0,Creature-0-4457-249-1045-10184-000028665C,"Onyxia",0x10a48,0x0,Creature-0-4457-249-1045-10184-000028665C,0000000000000000,33,100,0,0,0,-1,0,0,0,9.96,-202.99,0,0.0136,63,35,75,-1,1,0,0,0,nil,1,nil
4/28 18:51:27.199  SWING_DAMAGE_LANDED,Player-4755-01637B0A,"Pindle-Dreadmist",0x514,0x0,Creature-0-4457-249-1045-10184-000028665C,"Onyxia",0x10a48,0x0,Creature-0-4457-249-1045-10184-000028665C,0000000000000000,33,100,0,0,0,-1,0,0,0,9.96,-202.99,0,0.0136,63,308,191,-1,1,0,0,0,1,nil,nil
4/28 18:51:27.199  SWING_DAMAGE_LANDED,Player-4755-01AC9FD9,"Alexinho-Dreadmist",0x514,0x0,Creature-0-4457-249-1045-10184-000028665C,"Onyxia",0x10a48,0x0,Creature-0-4457-249-1045-10184-000028665C,0000000000000000,33,100,0,0,0,-1,0,0,0,9.96,-202.99,0,0.0136,63,128,192,-1,1,0,0,0,nil,1,nil
4/28 18:51:27.199  SPELL_AURA_APPLIED,Player-4755-020BD78D,"Lonehunter-Dreadmist",0x514,0x0,Player-4755-01840577,"Raggèn-Dreadmist",0x514,0x0,20906,"Trueshot Aura",0x40,BUFF
4/28 18:51:27.199  SPELL_CAST_SUCCESS,Player-4755-01617EEE,"Fenix-Dreadmist",0x512,0x0,Player-4755-0178F416,"Eltorero-Dreadmist",0x514,0x0,10916,"Flash Heal",0x2,Player-4755-01617EEE,0000000000000000,100,100,0,0,0,-1,0,0,0,22.01,-175.83,0,4.8142,66
4/28 18:51:27.218  SPELL_PERIODIC_ENERGIZE,Creature-0-4457-249-1045-7416-0000286CFC,"Mana Spring Totem IV",0x2114,0x0,Player-4755-016296D3,"Nivl-Dreadmist",0x514,0x0,10494,"Mana Spring",0x8,Player-4755-016296D3,0000000000000000,100,100,0,0,0,-1,0,0,0,-1.97,-172.77,0,2.3918,69,10.0000,0.0000,0,5845
4/28 18:51:27.348  SWING_DAMAGE,Player-4755-01F21AE6,"Blahu-Dreadmist",0x40514,0x0,Creature-0-4457-249-1045-10184-000028665C,"Onyxia",0x10a48,0x0,Player-4755-01F21AE6,0000000000000000,100,100,0,0,0,-1,0,0,0,18.27,-200.41,0,3.4312,70,236,149,-1,1,0,0,0,1,nil,nil
4/28 18:51:27.363  SWING_DAMAGE,Player-4755-01A6B139,"Sakatan-Dreadmist",0x514,0x0,Creature-0-4457-249-1045-10184-000028665C,"Onyxia",0x10a48,0x0,Player-4755-01A6B139,0000000000000000,100,100,0,0,0,-1,0,0,0,4.99,-189.50,0,5.4245,69,329,204,-1,1,0,0,0,1,nil,nil
4/28 18:51:27.363  SPELL_CAST_SUCCESS,Player-4755-0220BD00,"Krikoff-Dreadmist",0x40514,0x0,Creature-0-4457-249-1045-10184-000028665C,"Onyxia",0x10a48,0x0,11567,"Heroic Strike",0x1,Player-4755-0220BD00,0000000000000000,100,100,0,0,0,-1,0,0,0,17.46,-196.68,0,3.7582,68
4/28 18:51:27.363  SPELL_AURA_REMOVED_DOSE,Player-4755-0220BD00,"Krikoff-Dreadmist",0x40514,0x0,Player-4755-0220BD00,"Krikoff-Dreadmist",0x40514,0x0,12970,"Flurry",0x1,BUFF,2
4/28 18:51:27.448  SPELL_CAST_SUCCESS,Player-4755-0210153A,"Hapuseneb-Dreadmist",0x514,0x0,Player-4755-020BD78D,"Lonehunter-Dreadmist",0x514,0x0,6064,"Heal",0x2,Player-4755-0210153A,0000000000000000,100,100,0,0,0,-1,0,0,0,-4.90,-234.21,0,1.2409,66
4/28 18:51:27.494  SWING_MISSED,Player-4755-01637B0A,"Pindle-Dreadmist",0x514,0x0,Creature-0-4457-249-1045-10184-000028665C,"Onyxia",0x10a48,0x0,MISS,1
4/28 18:51:27.509  SPELL_AURA_REMOVED,Player-4755-01AC9FD9,"Alexinho-Dreadmist",0x514,0x0,Player-4755-01AC9FD9,"Alexinho-Dreadmist",0x514,0x0,20007,"Holy Strength",0x2,BUFF
4/28 18:51:27.509  SPELL_CAST_SUCCESS,Player-4755-02045EF4,"Necrosini-Dreadmist",0x512,0x0,Player-4755-0178F416,"Eltorero-Dreadmist",0x514,0x0,10929,"Renew",0x2,Player-4755-02045EF4,0000000000000000,100,100,0,0,0,-1,0,0,0,11.56,-177.33,0,4.7844,69
4/28 18:51:27.608  SPELL_AURA_APPLIED_DOSE,Player-4755-016DF694,"Ashalan-Dreadmist",0x514,0x0,Player-4755-016DF694,"Ashalan-Dreadmist",0x514,0x0,16280,"Flurry",0x1,BUFF,3
4/28 18:51:27.608  SPELL_HEAL,Player-4755-01617EEE,"Fenix-Dreadmist",0x512,0x0,Player-4755-0178F416,"Eltorero-Dreadmist",0x514,0x0,10916,"Flash Heal",0x2,Player-4755-0178F416,0000000000000000,91,100,0,0,0,-1,0,0,0,31.11,-203.99,0,2.7957,65,1149,1149,0,0,nil
4/28 18:51:27.608  SWING_DAMAGE_LANDED,Player-4755-01F21AE6,"Blahu-Dreadmist",0x40514,0x0,Creature-0-4457-249-1045-10184-000028665C,"Onyxia",0x10a48,0x0,Creature-0-4457-249-1045-10184-000028665C,0000000000000000,33,100,0,0,0,-1,0,0,0,9.96,-202.99,0,0.0136,63,236,149,-1,1,0,0,0,1,nil,nil
4/28 18:51:27.608  SWING_DAMAGE_LANDED,Player-4755-01A6B139,"Sakatan-Dreadmist",0x514,0x0,Creature-0-4457-249-1045-10184-000028665C,"Onyxia",0x10a48,0x0,Creature-0-4457-249-1045-10184-000028665C,0000000000000000,33,100,0,0,0,-1,0,0,0,9.96,-202.99,0,0.0136,63,329,204,-1,1,0,0,0,1,nil,nil
4/28 18:51:27.608  SPELL_DAMAGE,Player-4755-0220BD00,"Krikoff-Dreadmist",0x40514,0x0,Creature-0-4457-249-1045-10184-000028665C,"Onyxia",0x10a48,0x0,11567,"Heroic Strike",0x1,Creature-0-4457-249-1045-10184-000028665C,0000000000000000,33,100,0,0,0,-1,0,0,0,9.96,-202.99,0,0.0136,63,428,544,-1,1,0,0,0,nil,nil,nil
4/28 18:51:27.608  SPELL_HEAL,Player-4755-0210153A,"Hapuseneb-Dreadmist",0x514,0x0,Player-4755-020BD78D,"Lonehunter-Dreadmist",0x514,0x0,6064,"Heal",0x2,Player-4755-020BD78D,0000000000000000,97,100,0,0,0,-1,0,0,0,5.72,-250.97,0,1.4826,70,1305,1305,0,0,nil
4/28 18:51:27.608  SPELL_AURA_APPLIED,Player-4755-02045EF4,"Necrosini-Dreadmist",0x512,0x0,Player-4755-0178F416,"Eltorero-Dreadmist",0x514,0x0,10929,"Renew",0x2,BUFF
4/28 18:51:27.608  SWING_DAMAGE,Pet-0-4457-249-1045-7432-01002D8BC6,"Cat",0x1114,0x0,Creature-0-4457-249-1045-10184-000028665C,"Onyxia",0x10a48,0x0,Pet-0-4457-249-1045-7432-01002D8BC6,Player-4755-01E83279,78,100,0,0,0,-1,0,0,0,-14.77,-199.47,0,6.1417,71,51,105,-1,1,0,0,0,nil,1,nil
4/28 18:51:27.627  SPELL_AURA_REMOVED,Player-4755-0178F416,"Eltorero-Dreadmist",0x514,0x0,Player-4755-0178F416,"Eltorero-Dreadmist",0x514,0x0,20007,"Holy Strength",0x2,BUFF
4/28 18:51:27.738  SPELL_PERIODIC_ENERGIZE,Player-4755-0220BD00,"Krikoff-Dreadmist",0x40514,0x0,Player-4755-0220BD00,"Krikoff-Dreadmist",0x40514,0x0,29131,"Bloodrage",0x1,Player-4755-0220BD00,0000000000000000,100,100,0,0,0,-1,0,0,0,18.11,-196.21,0,3.7582,68,1.0000,0.0000,1,1000
4/28 18:51:27.738  SPELL_CAST_SUCCESS,Player-4755-01F21AE6,"Blahu-Dreadmist",0x40514,0x0,Creature-0-4457-249-1045-10184-000028665C,"Onyxia",0x10a48,0x0,11597,"Sunder Armor",0x1,Player-4755-01F21AE6,0000000000000000,100,100,0,0,0,-1,0,0,0,19.34,-200.71,0,3.3789,70
4/28 18:51:27.754  SPELL_PERIODIC_DAMAGE,Player-4755-0160BD13,"Mafkees-Dreadmist",0x514,0x0,Creature-0-4457-249-1045-10184-000028665C,"Onyxia",0x10a48,0x0,12721,"Deep Wound",0x1,Creature-0-4457-249-1045-10184-000028665C,0000000000000000,33,100,0,0,0,-1,0,0,0,9.96,-202.99,0,0.0136,63,89,89,-1,1,0,0,0,nil,nil,nil
4/28 18:51:27.770  SPELL_PERIODIC_ENERGIZE,Player-4755-01802FE5,"Angrybat-Dreadmist",0x514,0x0,Player-4755-01802FE5,"Angrybat-Dreadmist",0x514,0x0,18194,"Mana Regeneration",0x1,Player-4755-01802FE5,0000000000000000,100,100,0,0,0,-1,0,0,0,14.79,-179.86,0,2.3308,66,8.0000,0.0000,0,6033
4/28 18:51:27.802  SPELL_CAST_START,Player-4755-016296D3,"Nivl-Dreadmist",0x514,0x0,0000000000000000,nil,0x80000000,0x80000000,1064,"Chain Heal",0x8
4/28 18:51:27.848  SPELL_PERIODIC_ENERGIZE,Creature-0-4457-249-1045-7416-0000286CFC,"Mana Spring Totem IV",0x2114,0x0,Player-4755-0178F576,"Atreas-Dreadmist",0x514,0x0,10494,"Mana Spring",0x8,Player-4755-0178F576,0000000000000000,100,100,0,0,0,-1,0,0,0,15.42,-176.49,0,4.5004,66,10.0000,0.0000,0,3765
4/28 18:51:27.848  SPELL_AURA_APPLIED,Player-4755-0178F416,"Eltorero-Dreadmist",0x514,0x0,Player-4755-0178F416,"Eltorero-Dreadmist",0x514,0x0,20007,"Holy Strength",0x2,BUFF
4/28 18:51:27.848  SPELL_HEAL,Player-4755-0178F416,"Eltorero-Dreadmist",0x514,0x0,Player-4755-0178F416,"Eltorero-Dreadmist",0x514,0x0,20007,"Holy Strength",0x2,Player-4755-0178F416,0000000000000000,93,100,0,0,0,-1,0,0,0,31.24,-203.47,0,2.9096,65,75,75,0,0,nil
4/28 18:51:27.848  SWING_DAMAGE,Player-4755-0178F416,"Eltorero-Dreadmist",0x514,0x0,Creature-0-4457-249-1045-10184-000028665C,"Onyxia",0x10a48,0x0,Player-4755-0178F416,0000000000000000,93,100,0,0,0,-1,0,0,0,31.24,-203.47,0,2.9096,65,120,268,-1,1,0,0,0,nil,1,nil
4/28 18:51:27.881  SPELL_CAST_SUCCESS,Creature-0-4457-249-1045-10184-000028665C,"Onyxia",0x10a48,0x0,0000000000000000,nil,0x80000000,0x80000000,18431,"Bellowing Roar",0x1,Creature-0-4457-249-1045-10184-000028665C,0000000000000000,33,100,0,0,0,-1,0,0,0,9.96,-202.99,0,0.0136,63
4/28 18:51:27.881  SPELL_MISSED,Creature-0-4457-249-1045-10184-000028665C,"Onyxia",0x10a48,0x0,Player-4755-01733879,"Hocwar-Dreadmist",0x40514,0x0,18431,"Bellowing Roar",0x1,IMMUNE,nil
4/28 18:51:27.882  SPELL_MISSED,Creature-0-4457-249-1045-10184-000028665C,"Onyxia",0x10a48,0x0,Player-4755-01BC57A3,"Saintis-Dreadmist",0x511,0x0,18431,"Bellowing Roar",0x1,RESIST,nil,0
4/28 18:51:27.882  SPELL_MISSED,Creature-0-4457-249-1045-10184-000028665C,"Onyxia",0x10a48,0x0,Player-4755-01F21AE6,"Blahu-Dreadmist",0x40514,0x0,18431,"Bellowing Roar",0x1,IMMUNE,nil
4/28 18:51:27.882  SPELL_MISSED,Creature-0-4457-249-1045-10184-000028665C,"Onyxia",0x10a48,0x0,Player-4755-01FA8DD8,"Roackerita-Dreadmist",0x514,0x0,18431,"Bellowing Roar",0x1,RESIST,nil,0
4/28 18:51:27.882  SPELL_MISSED,Creature-0-4457-249-1045-10184-000028665C,"Onyxia",0x10a48,0x0,Player-4755-02045EF4,"Necrosini-Dreadmist",0x512,0x0,18431,"Bellowing Roar",0x1,RESIST,nil,0
4/28 18:51:27.882  SPELL_MISSED,Creature-0-4457-249-1045-10184-000028665C,"Onyxia",0x10a48,0x0,Player-4755-0220BD00,"Krikoff-Dreadmist",0x40514,0x0,18431,"Bellowing Roar",0x1,IMMUNE,nil
4/28 18:51:27.920  SPELL_DAMAGE,Player-4755-020BD78D,"Lonehunter-Dreadmist",0x514,0x0,Creature-0-4457-249-1045-10184-000028665C,"Onyxia",0x10a48,0x0,14290,"Multi-Shot",0x1,Creature-0-4457-249-1045-10184-000028665C,0000000000000000,33,100,0,0,0,-1,0,0,0,9.96,-202.99,0,0.0136,63,572,725,-1,1,0,0,0,nil,nil,nil
4/28 18:51:27.935  SPELL_CAST_SUCCESS,Pet-0-4457-249-1045-2850-01001956F9,"Kratos",0x1114,0x0,Creature-0-4457-249-1045-10184-000028665C,"Onyxia",0x10a48,0x0,3009,"Claw",0x1,Pet-0-4457-249-1045-2850-01001956F9,Player-4755-0178F576,55,100,0,0,0,-1,0,0,0,11.75,-178.01,0,4.6408,66
4/28 18:51:27.951  SPELL_CAST_START,Player-4755-015FEBD5,"Sauvage-Dreadmist",0x514,0x0,0000000000000000,nil,0x80000000,0x80000000,10181,"Frostbolt",0x10
4/28 18:51:27.951  SWING_MISSED,Player-4755-01F21AE6,"Blahu-Dreadmist",0x40514,0x0,Creature-0-4457-249-1045-10184-000028665C,"Onyxia",0x10a48,0x0,MISS,nil
4/28 18:51:28.002  UNIT_DIED,0000000000000000,nil,0x80000000,0x80000000,Player-4755-020BD78D,"Lonehunter-Dreadmist",0x514,0x0
4/28 18:51:28.021  SPELL_AURA_APPLIED,Player-4755-01F21AE6,"Blahu-Dreadmist",0x40514,0x0,Player-4755-01F21AE6,"Blahu-Dreadmist",0x40514,0x0,12970,"Flurry",0x1,BUFF
4/28 18:51:28.021  SPELL_AURA_REMOVED_DOSE,Player-4755-0220BD00,"Krikoff-Dreadmist",0x40514,0x0,Player-4755-0220BD00,"Krikoff-Dreadmist",0x40514,0x0,23888,"Bloodthirst",0x1,BUFF,1
4/28 18:51:28.021  SPELL_HEAL,Player-4755-0220BD00,"Krikoff-Dreadmist",0x40514,0x0,Player-4755-0220BD00,"Krikoff-Dreadmist",0x40514,0x0,23891,"Bloodthirst",0x1,Player-4755-0220BD00,0000000000000000,100,100,0,0,0,-1,0,0,0,18.79,-196.48,0,3.7582,68,20,20,20,0,nil
4/28 18:51:28.021  SWING_DAMAGE_LANDED,Pet-0-4457-249-1045-7432-01002D8BC6,"Cat",0x1114,0x0,Creature-0-4457-249-1045-10184-000028665C,"Onyxia",0x10a48,0x0,Creature-0-4457-249-1045-10184-000028665C,0000000000000000,33,100,0,0,0,-1,0,0,0,9.96,-202.99,0,0.0136,63,51,105,-1,1,0,0,0,nil,1,nil
4/28 18:51:28.021  SWING_DAMAGE_LANDED,Player-4755-0178F416,"Eltorero-Dreadmist",0x514,0x0,Creature-0-4457-249-1045-10184-000028665C,"Onyxia",0x10a48,0x0,Creature-0-4457-249-1045-10184-000028665C,0000000000000000,33,100,0,0,0,-1,0,0,0,9.96,-202.99,0,0.0136,63,120,268,-1,1,0,0,0,nil,1,nil
4/28 18:51:28.021  SPELL_AURA_APPLIED,Creature-0-4457-249-1045-10184-000028665C,"Onyxia",0x10a48,0x0,Player-4755-015FEBD5,"Sauvage-Dreadmist",0x514,0x0,18431,"Bellowing Roar",0x1,DEBUFF
4/28 18:51:28.023  SPELL_AURA_APPLIED,Creature-0-4457-249-1045-10184-000028665C,"Onyxia",0x10a48,0x0,Player-4755-016296D3,"Nivl-Dreadmist",0x514,0x0,18431,"Bellowing Roar",0x1,DEBUFF
4/28 18:51:28.023  SPELL_AURA_APPLIED,Creature-0-4457-249-1045-10184-000028665C,"Onyxia",0x10a48,0x0,Player-4755-0210153A,"Hapuseneb-Dreadmist",0x514,0x0,18431,"Bellowing Roar",0x1,DEBUFF
4/28 18:51:28.023  SPELL_AURA_APPLIED,Creature-0-4457-249-1045-10184-000028665C,"Onyxia",0x10a48,0x0,Pet-0-4457-249-1045-7432-01002D8BC6,"Cat",0x1114,0x0,18431,"Bellowing Roar",0x1,DEBUFF
4/28 18:51:28.023  SPELL_AURA_APPLIED,Creature-0-4457-249-1045-10184-000028665C,"Onyxia",0x10a48,0x0,Player-4755-0160BD13,"Mafkees-Dreadmist",0x514,0x0,18431,"Bellowing Roar",0x1,DEBUFF
4/28 18:51:28.023  SPELL_AURA_APPLIED,Creature-0-4457-249-1045-10184-000028665C,"Onyxia",0x10a48,0x0,Player-4755-01614AC7,"Mirrimazduur-Dreadmist",0x512,0x0,18431,"Bellowing Roar",0x1,DEBUFF
4/28 18:51:28.023  SPELL_AURA_APPLIED,Creature-0-4457-249-1045-10184-000028665C,"Onyxia",0x10a48,0x0,Player-4755-01617EEE,"Fenix-Dreadmist",0x512,0x0,18431,"Bellowing Roar",0x1,DEBUFF
4/28 18:51:28.023  SPELL_AURA_APPLIED,Creature-0-4457-249-1045-10184-000028665C,"Onyxia",0x10a48,0x0,Player-4755-01637B0A,"Pindle-Dreadmist",0x514,0x0,18431,"Bellowing Roar",0x1,DEBUFF
4/28 18:51:28.023  SPELL_AURA_APPLIED,Creature-0-4457-249-1045-10184-000028665C,"Onyxia",0x10a48,0x0,Player-4755-0163DD9D,"Kaspais-Dreadmist",0x514,0x0,18431,"Bellowing Roar",0x1,DEBUFF
4/28 18:51:28.023  SPELL_AURA_APPLIED,Creature-0-4457-249-1045-10184-000028665C,"Onyxia",0x10a48,0x0,Player-4755-016DF694,"Ashalan-Dreadmist",0x514,0x0,18431,"Bellowing Roar",0x1,DEBUFF
4/28 18:51:28.023  SPELL_AURA_APPLIED,Creature-0-4457-249-1045-10184-000028665C,"Onyxia",0x10a48,0x0,Player-4755-0178F416,"Eltorero-Dreadmist",0x514,0x0,18431,"Bellowing Roar",0x1,DEBUFF
4/28 18:51:28.023  SPELL_AURA_APPLIED,Creature-0-4457-249-1045-10184-000028665C,"Onyxia",0x10a48,0x0,Player-4755-0178F576,"Atreas-Dreadmist",0x514,0x0,18431,"Bellowing Roar",0x1,DEBUFF
4/28 18:51:28.023  SPELL_AURA_APPLIED,Creature-0-4457-249-1045-10184-000028665C,"Onyxia",0x10a48,0x0,Player-4755-01802FE5,"Angrybat-Dreadmist",0x514,0x0,18431,"Bellowing Roar",0x1,DEBUFF
4/28 18:51:28.023  SPELL_AURA_APPLIED,Creature-0-4457-249-1045-10184-000028665C,"Onyxia",0x10a48,0x0,Player-4755-01804B95,"Moymoy-Dreadmist",0x514,0x0,18431,"Bellowing Roar",0x1,DEBUFF
4/28 18:51:28.023  SPELL_AURA_APPLIED,Creature-0-4457-249-1045-10184-000028665C,"Onyxia",0x10a48,0x0,Player-4755-01840577,"Raggèn-Dreadmist",0x514,0x0,18431,"Bellowing Roar",0x1,DEBUFF
4/28 18:51:28.023  SPELL_AURA_APPLIED,Creature-0-4457-249-1045-10184-000028665C,"Onyxia",0x10a48,0x0,Player-4755-01A6B139,"Sakatan-Dreadmist",0x514,0x0,18431,"Bellowing Roar",0x1,DEBUFF
4/28 18:51:28.023  SPELL_AURA_APPLIED,Creature-0-4457-249-1045-10184-000028665C,"Onyxia",0x10a48,0x0,Player-4755-01AC9FD9,"Alexinho-Dreadmist",0x514,0x0,18431,"Bellowing Roar",0x1,DEBUFF
4/28 18:51:28.023  SPELL_AURA_APPLIED,Creature-0-4457-249-1045-10184-000028665C,"Onyxia",0x10a48,0x0,Player-4755-01E83279,"Nlmasters-Dreadmist",0x514,0x8,18431,"Bellowing Roar",0x1,DEBUFF
4/28 18:51:28.023  SPELL_AURA_APPLIED,Creature-0-4457-249-1045-10184-000028665C,"Onyxia",0x10a48,0x0,Player-4755-01ED7A64,"Sperzieboon-Dreadmist",0x514,0x0,18431,"Bellowing Roar",0x1,DEBUFF
4/28 18:51:28.023  SPELL_AURA_APPLIED,Creature-0-4457-249-1045-10184-000028665C,"Onyxia",0x10a48,0x0,Player-4755-01F36B30,"Rectumqeef-Dreadmist",0x514,0x0,18431,"Bellowing Roar",0x1,DEBUFF
4/28 18:51:28.023  SPELL_AURA_APPLIED,Creature-0-4457-249-1045-10184-000028665C,"Onyxia",0x10a48,0x0,Player-4755-020BD78D,"Lonehunter-Dreadmist",0x514,0x0,18431,"Bellowing Roar",0x1,DEBUFF
4/28 18:51:28.023  SPELL_AURA_APPLIED,Creature-0-4457-249-1045-10184-000028665C,"Onyxia",0x10a48,0x0,Pet-0-4457-249-1045-2850-01001956F9,"Kratos",0x1114,0x0,18431,"Bellowing Roar",0x1,DEBUFF
4/28 18:51:28.023  SPELL_DAMAGE,Pet-0-4457-249-1045-2850-01001956F9,"Kratos",0x1114,0x0,Creature-0-4457-249-1045-10184-000028665C,"Onyxia",0x10a48,0x0,3009,"Claw",0x1,Creature-0-4457-249-1045-10184-000028665C,0000000000000000,33,100,0,0,0,-1,0,0,0,9.96,-202.99,0,0.0136,63,71,90,-1,1,0,0,0,nil,nil,nil
4/28 18:51:28.023  RANGE_DAMAGE,Player-4755-020BD78D,"Lonehunter-Dreadmist",0x514,0x0,Creature-0-4457-249-1045-10184-000028665C,"Onyxia",0x10a48,0x0,75,"Auto Shot",0x1,Creature-0-4457-249-1045-10184-000028665C,0000000000000000,33,100,0,0,0,-1,0,0,0,9.96,-202.99,0,0.0136,63,400,507,-1,1,0,0,0,nil,nil,nil
4/28 18:51:28.023  SPELL_CAST_START,Player-4755-01FA8DD8,"Roackerita-Dreadmist",0x514,0x0,0000000000000000,nil,0x80000000,0x80000000,9474,"Flash Heal",0x2
4/28 18:51:28.085  SPELL_PERIODIC_HEAL,Player-4755-01BC57A3,"Saintis-Dreadmist",0x511,0x0,Player-4755-0220BD00,"Krikoff-Dreadmist",0x40514,0x0,10929,"Renew",0x2,Player-4755-0220BD00,0000000000000000,100,100,0,0,0,-1,0,0,0,18.79,-196.48,0,3.7582,68,305,305,305,0,nil
4/28 18:51:28.132  SPELL_HEAL,Player-4755-01BC57A3,"Saintis-Dreadmist",0x511,0x0,Player-4755-01BC57A3,"Saintis-Dreadmist",0x511,0x0,9474,"Flash Heal",0x2,Player-4755-01BC57A3,0000000000000000,100,100,0,0,0,-1,0,0,0,0.36,-224.89,0,1.1945,68,779,779,5,0,nil
4/28 18:51:28.132  SPELL_CAST_SUCCESS,Player-4755-01BC57A3,"Saintis-Dreadmist",0x511,0x0,Player-4755-01BC57A3,"Saintis-Dreadmist",0x511,0x0,9474,"Flash Heal",0x2,Player-4755-01BC57A3,0000000000000000,100,100,0,0,0,-1,0,0,0,0.36,-224.89,0,1.1945,68
4/28 18:51:28.406  SWING_DAMAGE,Player-4755-0220BD00,"Krikoff-Dreadmist",0x40514,0x0,Creature-0-4457-249-1045-10184-000028665C,"Onyxia",0x10a48,0x0,Player-4755-0220BD00,0000000000000000,100,100,0,0,0,-1,0,0,0,18.96,-196.73,0,3.7582,68,191,282,-1,1,0,0,0,nil,1,nil
4/28 18:51:28.406  SPELL_DAMAGE,Player-4755-015FEBD5,"Sauvage-Dreadmist",0x514,0x0,Creature-0-4457-249-1045-10184-000028665C,"Onyxia",0x10a48,0x0,10181,"Frostbolt",0x10,Creature-0-4457-249-1045-10184-000028665C,0000000000000000,33,100,0,0,0,-1,0,0,0,9.96,-202.99,0,0.0136,63,922,837,-1,16,0,0,0,nil,nil,nil
4/28 18:51:28.433  SPELL_ENERGIZE,Player-4755-0220BD00,"Krikoff-Dreadmist",0x40514,0x0,Player-4755-0220BD00,"Krikoff-Dreadmist",0x40514,0x0,12964,"Unbridled Wrath",0x1,Player-4755-0220BD00,0000000000000000,100,100,0,0,0,-1,0,0,0,18.96,-196.73,0,3.7582,68,1.0000,0.0000,1,1000
4/28 18:51:28.433  SPELL_AURA_REMOVED_DOSE,Player-4755-0178F416,"Eltorero-Dreadmist",0x514,0x0,Player-4755-0178F416,"Eltorero-Dreadmist",0x514,0x0,12970,"Flurry",0x1,BUFF,2
4/28 18:51:28.433  SPELL_DAMAGE,GameObject-0-4457-249-1045-176825-0000286659,"Lava Fissure",0x4228,0x0,Player-4755-01840577,"Raggèn-Dreadmist",0x514,0x0,17731,"Eruption",0x4,Player-4755-01840577,0000000000000000,50,100,0,0,0,-1,0,0,0,12.27,-212.37,0,1.6557,67,1234,1371,-1,4,0,0,0,nil,nil,nil
4/28 18:51:28.433  SPELL_DAMAGE,GameObject-0-4457-249-1045-176832-0000286659,"Lava Fissure",0x4228,0x0,Player-4755-0220BD00,"Krikoff-Dreadmist",0x40514,0x0,17731,"Eruption",0x4,Player-4755-0220BD00,0000000000000000,85,100,0,0,0,-1,0,0,0,18.96,-196.73,0,3.7582,68,1283,1426,-1,4,0,0,0,nil,nil,nil
4/28 18:51:28.433  SPELL_DAMAGE,GameObject-0-4457-249-1045-176832-0000286659,"Lava Fissure",0x4228,0x0,Player-4755-01AC9FD9,"Alexinho-Dreadmist",0x514,0x0,17731,"Eruption",0x4,Player-4755-01AC9FD9,0000000000000000,66,100,0,0,0,-1,0,0,0,17.05,-198.90,0,4.3455,66,1555,1555,-1,4,0,0,0,nil,nil,nil
4/28 18:51:28.433  SPELL_DAMAGE,GameObject-0-4457-249-1045-176832-0000286659,"Lava Fissure",0x4228,0x0,Player-4755-01733879,"Hocwar-Dreadmist",0x40514,0x0,17731,"Eruption",0x4,Player-4755-01733879,0000000000000000,71,100,0,0,0,-1,0,0,0,10.10,-195.18,0,4.9013,71,1513,1376,-1,4,0,0,0,nil,nil,nil
4/28 18:51:28.433  SPELL_DAMAGE,GameObject-0-4457-249-1045-176832-0000286659,"Lava Fissure",0x4228,0x0,Player-4755-01637B0A,"Pindle-Dreadmist",0x514,0x0,17731,"Eruption",0x4,Player-4755-01637B0A,0000000000000000,60,100,0,0,0,-1,0,0,0,10.47,-195.80,0,3.9668,65,1666,1666,-1,4,0,0,0,nil,nil,nil
4/28 18:51:28.433  SPELL_DAMAGE,GameObject-0-4457-249-1045-176833-0000286659,"Lava Fissure",0x4228,0x0,Player-4755-01F21AE6,"Blahu-Dreadmist",0x40514,0x0,17731,"Eruption",0x4,Player-4755-01F21AE6,0000000000000000,84,100,0,0,0,-1,0,0,0,20.07,-200.94,0,3.4469,70,1199,1332,-1,4,0,0,0,nil,nil,nil
4/28 18:51:28.433  SPELL_AURA_REMOVED_DOSE,Player-4755-01F21AE6,"Blahu-Dreadmist",0x40514,0x0,Player-4755-01F21AE6,"Blahu-Dreadmist",0x40514,0x0,12970,"Flurry",0x1,BUFF,2
4/28 18:51:28.433  SWING_DAMAGE_LANDED,Player-4755-0220BD00,"Krikoff-Dreadmist",0x40514,0x0,Creature-0-4457-249-1045-10184-000028665C,"Onyxia",0x10a48,0x0,Creature-0-4457-249-1045-10184-000028665C,0000000000000000,33,100,0,0,0,-1,0,0,0,9.96,-202.99,0,0.0136,63,191,282,-1,1,0,0,0,nil,1,nil
4/28 18:51:28.656  SPELL_PERIODIC_DAMAGE,Player-4755-0178F416,"Eltorero-Dreadmist",0x514,0x0,Creature-0-4457-249-1045-10184-000028665C,"Onyxia",0x10a48,0x0,12721,"Deep Wound",0x1,Creature-0-4457-249-1045-10184-000028665C,0000000000000000,33,100,0,0,0,-1,0,0,0,9.96,-202.99,0,0.0136,63,102,101,-1,1,0,0,0,nil,nil,nil
4/28 18:51:28.656  SPELL_AURA_REMOVED,Player-4755-0178F416,"Eltorero-Dreadmist",0x514,0x0,Creature-0-4457-249-1045-10184-000028665C,"Onyxia",0x10a48,0x0,12721,"Deep Wound",0x1,DEBUFF
4/28 18:51:28.676  SPELL_PERIODIC_HEAL,Player-4755-0220BD00,"Krikoff-Dreadmist",0x40514,0x0,Player-4755-0220BD00,"Krikoff-Dreadmist",0x40514,0x0,24427,"Diamond Flask",0x8,Player-4755-0220BD00,0000000000000000,85,100,0,0,0,-1,0,0,0,18.96,-196.73,0,3.7582,68,9,9,0,0,nil
4/28 18:51:28.736  SPELL_PERIODIC_ENERGIZE,Player-4755-0220BD00,"Krikoff-Dreadmist",0x40514,0x0,Player-4755-0220BD00,"Krikoff-Dreadmist",0x40514,0x0,29131,"Bloodrage",0x1,Player-4755-0220BD00,0000000000000000,85,100,0,0,0,-1,0,0,0,18.96,-196.73,0,3.7582,68,1.0000,0.0000,1,1000
4/28 18:51:28.832  SPELL_DAMAGE,GameObject-0-4457-249-1045-176834-0000286659,"Lava Fissure",0x4228,0x0,Player-4755-01804B95,"Moymoy-Dreadmist",0x514,0x0,17731,"Eruption",0x4,Player-4755-01804B95,0000000000000000,64,100,0,0,0,-1,0,0,0,13.84,-178.27,0,1.7181,66,1431,1431,-1,4,0,0,0,nil,nil,nil
4/28 18:51:28.832  SPELL_MISSED,GameObject-0-4457-249-1045-176838-0000286659,"Lava Fissure",0x4228,0x0,Pet-0-4457-249-1045-2850-01001956F9,"Kratos",0x1114,0x0,17731,"Eruption",0x4,RESIST,nil,0
4/28 18:51:28.832  SPELL_DAMAGE,GameObject-0-4457-249-1045-176837-0000286659,"Lava Fissure",0x4228,0x0,Player-4755-01A6B139,"Sakatan-Dreadmist",0x514,0x0,17731,"Eruption",0x4,Player-4755-01A6B139,0000000000000000,69,100,0,0,0,-1,0,0,0,2.01,-189.70,0,3.1588,69,1457,1457,-1,4,0,0,0,nil,nil,nil
4/28 18:51:28.832  SPELL_ABSORBED,0000000000000000,nil,0x80000000,0x80000000,Player-4755-0178F416,"Eltorero-Dreadmist",0x514,0x0,17731,"Eruption",0x4,Player-4755-02045EF4,"Necrosini-Dreadmist",0x512,0x0,10901,"Power Word: Shield",0x2,1135,1444
4/28 18:51:28.832  SPELL_AURA_REMOVED,Player-4755-02045EF4,"Necrosini-Dreadmist",0x512,0x0,Player-4755-0178F416,"Eltorero-Dreadmist",0x514,0x0,10901,"Power Word: Shield",0x2,BUFF
4/28 18:51:28.832  SPELL_DAMAGE,GameObject-0-4457-249-1045-176823-0000286659,"Lava Fissure",0x4228,0x0,Player-4755-0178F416,"Eltorero-Dreadmist",0x514,0x0,17731,"Eruption",0x4,Player-4755-0178F416,0000000000000000,84,100,0,0,0,-1,0,0,0,31.55,-205.44,0,4.8545,65,453,1444,-1,4,0,0,1135,nil,nil,nil
4/28 18:51:28.832  SPELL_AURA_REMOVED_DOSE,Player-4755-0220BD00,"Krikoff-Dreadmist",0x40514,0x0,Player-4755-0220BD00,"Krikoff-Dreadmist",0x40514,0x0,12970,"Flurry",0x1,BUFF,1
4/28 18:51:28.832  SPELL_HEAL,Player-4755-0220BD00,"Krikoff-Dreadmist",0x40514,0x0,Player-4755-0220BD00,"Krikoff-Dreadmist",0x40514,0x0,23891,"Bloodthirst",0x1,Player-4755-0220BD00,0000000000000000,85,100,0,0,0,-1,0,0,0,18.96,-196.73,0,3.7582,68,20,20,0,0,nil
4/28 18:51:28.832  SPELL_AURA_REMOVED,Player-4755-0220BD00,"Krikoff-Dreadmist",0x40514,0x0,Player-4755-0220BD00,"Krikoff-Dreadmist",0x40514,0x0,23888,"Bloodthirst",0x1,BUFF
4/28 18:51:28.832  SPELL_PERIODIC_HEAL,Player-4755-02045EF4,"Necrosini-Dreadmist",0x512,0x0,Player-4755-01F21AE6,"Blahu-Dreadmist",0x40514,0x0,10929,"Renew",0x2,Player-4755-01F21AE6,0000000000000000,88,100,0,0,0,-1,0,0,0,20.22,-201.52,0,3.4312,70,253,253,0,0,nil
4/28 18:51:28.835  SPELL_AURA_REMOVED,Player-4755-02045EF4,"Necrosini-Dreadmist",0x512,0x0,Player-4755-01F21AE6,"Blahu-Dreadmist",0x40514,0x0,10929,"Renew",0x2,BUFF
4/28 18:51:28.886  SWING_MISSED,Player-4755-01F21AE6,"Blahu-Dreadmist",0x40514,0x0,Creature-0-4457-249-1045-10184-000028665C,"Onyxia",0x10a48,0x0,MISS,1
4/28 18:51:28.903  SWING_MISSED,Player-4755-01733879,"Hocwar-Dreadmist",0x40514,0x0,Creature-0-4457-249-1045-10184-000028665C,"Onyxia",0x10a48,0x0,MISS,nil
4/28 18:51:29.017  SPELL_CAST_START,Player-4755-02045EF4,"Necrosini-Dreadmist",0x512,0x0,0000000000000000,nil,0x80000000,0x80000000,6064,"Heal",0x2
4/28 18:51:29.107  SPELL_PERIODIC_ENERGIZE,Player-4755-01BC57A3,"Saintis-Dreadmist",0x511,0x0,Player-4755-01BC57A3,"Saintis-Dreadmist",0x511,0x0,18194,"Mana Regeneration",0x1,Player-4755-01BC57A3,0000000000000000,100,100,0,0,0,-1,0,0,0,4.62,-226.52,0,1.2416,68,8.0000,0.0000,0,7212
4/28 18:51:29.230  SPELL_DAMAGE,GameObject-0-4457-249-1045-176838-0000286659,"Lava Fissure",0x4228,0x0,Player-4755-02045EF4,"Necrosini-Dreadmist",0x512,0x0,17731,"Eruption",0x4,Player-4755-02045EF4,0000000000000000,73,100,0,0,0,-1,0,0,0,10.10,-177.46,0,4.8080,69,1328,1475,-1,4,0,0,0,nil,nil,nil
4/28 18:51:29.230  SPELL_DAMAGE,GameObject-0-4457-249-1045-176838-0000286659,"Lava Fissure",0x4228,0x0,Player-4755-01802FE5,"Angrybat-Dreadmist",0x514,0x0,17731,"Eruption",0x4,Player-4755-01802FE5,0000000000000000,56,100,0,0,0,-1,0,0,0,11.13,-172.85,0,2.0016,66,1448,1448,-1,4,0,0,0,nil,nil,nil
4/28 18:51:29.230  SPELL_DAMAGE,GameObject-0-4457-249-1045-176838-0000286659,"Lava Fissure",0x4228,0x0,Player-4755-01614AC7,"Mirrimazduur-Dreadmist",0x512,0x0,17731,"Eruption",0x4,Player-4755-01614AC7,0000000000000000,62,100,0,0,0,-1,0,0,0,5.00,-172.33,0,3.3312,68,1530,1530,-1,4,0,0,0,nil,nil,nil
4/28 18:51:29.230  SPELL_AURA_REMOVED,Creature-0-4457-249-1045-10184-000028665C,"Onyxia",0x10a48,0x0,Player-4755-01802FE5,"Angrybat-Dreadmist",0x514,0x0,18431,"Bellowing Roar",0x1,DEBUFF
4/28 18:51:29.230  SPELL_AURA_REMOVED,Creature-0-4457-249-1045-10184-000028665C,"Onyxia",0x10a48,0x0,Player-4755-01637B0A,"Pindle-Dreadmist",0x514,0x0,18431,"Bellowing Roar",0x1,DEBUFF
4/28 18:51:29.230  SPELL_AURA_REMOVED,Creature-0-4457-249-1045-10184-000028665C,"Onyxia",0x10a48,0x0,Player-4755-016DF694,"Ashalan-Dreadmist",0x514,0x0,18431,"Bellowing Roar",0x1,DEBUFF
4/28 18:51:29.230  SPELL_PERIODIC_ENERGIZE,Creature-0-4457-249-1045-7416-0000286CFC,"Mana Spring Totem IV",0x2114,0x0,Player-4755-016296D3,"Nivl-Dreadmist",0x514,0x0,10494,"Mana Spring",0x8,Player-4755-016296D3,0000000000000000,100,100,0,0,0,-1,0,0,0,0.01,-170.86,0,0.9033,69,10.0000,0.0000,0,5845
4/28 18:51:29.449  SPELL_CAST_SUCCESS,Player-4755-0220BD00,"Krikoff-Dreadmist",0x40514,0x0,Creature-0-4457-249-1045-10184-000028665C,"Onyxia",0x10a48,0x0,11567,"Heroic Strike",0x1,Player-4755-0220BD00,0000000000000000,85,100,0,0,0,-1,0,0,0,18.96,-196.73,0,3.7582,68
4/28 18:51:29.449  SPELL_AURA_REMOVED,Player-4755-0220BD00,"Krikoff-Dreadmist",0x40514,0x0,Player-4755-0220BD00,"Krikoff-Dreadmist",0x40514,0x0,12970,"Flurry",0x1,BUFF
4/28 18:51:29.449  SPELL_AURA_APPLIED,Player-4755-0220BD00,"Krikoff-Dreadmist",0x40514,0x0,Player-4755-0220BD00,"Krikoff-Dreadmist",0x40514,0x0,10610,"Windfury Totem",0x8,BUFF
4/28 18:51:29.449  SPELL_EXTRA_ATTACKS,Player-4755-0220BD00,"Krikoff-Dreadmist",0x40514,0x0,Player-4755-0220BD00,"Krikoff-Dreadmist",0x40514,0x0,10610,"Windfury Totem",0x8,1
4/28 18:51:29.449  SWING_MISSED,Player-4755-0220BD00,"Krikoff-Dreadmist",0x40514,0x0,Creature-0-4457-249-1045-10184-000028665C,"Onyxia",0x10a48,0x0,PARRY,nil
4/28 18:51:29.486  SPELL_AURA_REMOVED,Creature-0-4457-249-1045-10184-000028665C,"Onyxia",0x10a48,0x0,Player-4755-01ED7A64,"Sperzieboon-Dreadmist",0x514,0x0,18431,"Bellowing Roar",0x1,DEBUFF
4/28 18:51:29.486  SPELL_AURA_APPLIED,Player-4755-01ED7A64,"Sperzieboon-Dreadmist",0x514,0x0,Player-4755-01ED7A64,"Sperzieboon-Dreadmist",0x514,0x0,7744,"Will of the Forsaken",0x1,BUFF
4/28 18:51:29.486  SPELL_CAST_SUCCESS,Player-4755-01ED7A64,"Sperzieboon-Dreadmist",0x514,0x0,0000000000000000,nil,0x80000000,0x80000000,7744,"Will of the Forsaken",0x1,Player-4755-01ED7A64,0000000000000000,80,100,0,0,0,-1,0,0,0,6.13,-226.72,0,3.9270,67
4/28 18:51:29.538  SPELL_CAST_SUCCESS,Player-4755-01FA8DD8,"Roackerita-Dreadmist",0x514,0x0,Player-4755-01840577,"Raggèn-Dreadmist",0x514,0x0,9474,"Flash Heal",0x2,Player-4755-01FA8DD8,0000000000000000,100,100,0,0,0,-1,0,0,0,25.15,-185.45,0,5.3096,69
4/28 18:51:29.580  SPELL_CAST_SUCCESS,Player-4755-01733879,"Hocwar-Dreadmist",0x40514,0x0,0000000000000000,nil,0x80000000,0x80000000,11556,"Demoralizing Shout",0x1,Player-4755-01733879,0000000000000000,71,100,0,0,0,-1,0,0,0,10.10,-195.18,0,4.9013,71
4/28 18:51:29.628  SPELL_DAMAGE,GameObject-0-4457-249-1045-176819-0000286659,"Lava Fissure",0x4228,0x0,Player-4755-01ED7A64,"Sperzieboon-Dreadmist",0x514,0x0,17731,"Eruption",0x4,Player-4755-01ED7A64,0000000000000000,38,100,0,0,0,-1,0,0,0,6.13,-226.72,0,3.9270,67,1634,1634,-1,4,0,0,0,nil,nil,nil
4/28 18:51:29.628  SPELL_DAMAGE,GameObject-0-4457-249-1045-176819-0000286659,"Lava Fissure",0x4228,0x0,Player-4755-01BC57A3,"Saintis-Dreadmist",0x511,0x0,17731,"Eruption",0x4,Player-4755-01BC57A3,0000000000000000,67,100,0,0,0,-1,0,0,0,5.76,-226.88,0,1.3202,68,1343,1343,-1,4,0,0,0,nil,nil,nil
4/28 18:51:29.628  SPELL_AURA_REMOVED_DOSE,Player-4755-01F21AE6,"Blahu-Dreadmist",0x40514,0x0,Player-4755-01F21AE6,"Blahu-Dreadmist",0x40514,0x0,12970,"Flurry",0x1,BUFF,1
4/28 18:51:29.628  SPELL_DAMAGE,Player-4755-0220BD00,"Krikoff-Dreadmist",0x40514,0x0,Creature-0-4457-249-1045-10184-000028665C,"Onyxia",0x10a48,0x0,11567,"Heroic Strike",0x1,Creature-0-4457-249-1045-10184-000028665C,0000000000000000,33,100,0,0,0,-1,0,0,0,9.96,-202.99,0,0.0136,63,897,568,-1,1,0,0,0,1,nil,nil
4/28 18:51:29.628  SPELL_HEAL,Player-4755-01FA8DD8,"Roackerita-Dreadmist",0x514,0x0,Player-4755-01840577,"Raggèn-Dreadmist",0x514,0x0,9474,"Flash Heal",0x2,Player-4755-01840577,0000000000000000,68,100,0,0,0,-1,0,0,0,11.45,-220.80,0,4.6102,67,783,783,0,0,nil
4/28 18:51:29.683  SPELL_CAST_START,Player-4755-01BC57A3,"Saintis-Dreadmist",0x511,0x0,0000000000000000,nil,0x80000000,0x80000000,10917,"Flash Heal",0x2
4/28 18:51:29.703  SWING_DAMAGE,Player-4755-01733879,"Hocwar-Dreadmist",0x40514,0x0,Creature-0-4457-249-1045-10184-000028665C,"Onyxia",0x10a48,0x0,Player-4755-01733879,0000000000000000,71,100,0,0,0,-1,0,0,0,10.10,-195.18,0,4.9013,71,203,128,-1,1,0,0,0,1,nil,nil
4/28 18:51:29.703  SPELL_CAST_SUCCESS,Player-4755-01802FE5,"Angrybat-Dreadmist",0x514,0x0,0000000000000000,nil,0x80000000,0x80000000,10057,"Replenish Mana",0x1,Player-4755-01802FE5,0000000000000000,56,100,0,0,0,-1,0,0,0,11.13,-172.85,0,2.0016,66
4/28 18:51:29.733  SPELL_PERIODIC_ENERGIZE,Player-4755-0220BD00,"Krikoff-Dreadmist",0x40514,0x0,Player-4755-0220BD00,"Krikoff-Dreadmist",0x40514,0x0,29131,"Bloodrage",0x1,Player-4755-0220BD00,0000000000000000,85,100,0,0,0,-1,0,0,0,18.96,-196.73,0,3.7582,68,1.0000,0.0000,1,1000
4/28 18:51:29.733  SPELL_AURA_REMOVED,Player-4755-0220BD00,"Krikoff-Dreadmist",0x40514,0x0,Player-4755-0220BD00,"Krikoff-Dreadmist",0x40514,0x0,29131,"Bloodrage",0x1,BUFF
4/28 18:51:29.825  SPELL_AURA_REMOVED,Player-4755-0160BD13,"Mafkees-Dreadmist",0x514,0x0,Player-4755-0160BD13,"Mafkees-Dreadmist",0x514,0x0,20007,"Holy Strength",0x2,BUFF
4/28 18:51:29.825  SPELL_PERIODIC_ENERGIZE,Creature-0-4457-249-1045-7416-0000286CFC,"Mana Spring Totem IV",0x2114,0x0,Player-4755-0178F576,"Atreas-Dreadmist",0x514,0x0,10494,"Mana Spring",0x8,Player-4755-0178F576,0000000000000000,100,100,0,0,0,-1,0,0,0,8.73,-172.51,0,2.6299,66,10.0000,0.0000,0,3765
4/28 18:51:29.860  SWING_DAMAGE,Creature-0-4457-249-1045-10184-000028665C,"Onyxia",0x10a48,0x0,Player-4755-0220BD00,"Krikoff-Dreadmist",0x40514,0x0,Creature-0-4457-249-1045-10184-000028665C,0000000000000000,33,100,0,0,0,-1,0,0,0,9.96,-202.99,0,0.0136,63,688,1367,-1,1,0,0,0,nil,nil,nil
4/28 18:51:29.928  SPELL_AURA_APPLIED,Player-4755-01802FE5,"Angrybat-Dreadmist",0x514,0x0,Player-4755-01802FE5,"Angrybat-Dreadmist",0x514,0x0,7744,"Will of the Forsaken",0x1,BUFF
4/28 18:51:29.928  SPELL_CAST_SUCCESS,Player-4755-01802FE5,"Angrybat-Dreadmist",0x514,0x0,0000000000000000,nil,0x80000000,0x80000000,7744,"Will of the Forsaken",0x1,Player-4755-01802FE5,0000000000000000,56,100,0,0,0,-1,0,0,0,11.13,-172.85,0,2.0016,66
4/28 18:51:29.980  SWING_DAMAGE,Player-4755-01F21AE6,"Blahu-Dreadmist",0x40514,0x0,Creature-0-4457-249-1045-10184-000028665C,"Onyxia",0x10a48,0x0,Player-4755-01F21AE6,0000000000000000,88,100,0,0,0,-1,0,0,0,20.47,-202.39,0,3.4207,70,196,385,-1,1,0,0,0,nil,1,nil
4/28 18:51:29.996  SPELL_AURA_REMOVED,Player-4755-016DF694,"Ashalan-Dreadmist",0x514,0x0,Creature-0-4457-249-1045-10184-000028665C,"Onyxia",0x10a48,0x0,17364,"Stormstrike",0x1,DEBUFF
4/28 18:51:29.996  SPELL_DAMAGE,Player-4755-0220BD00,"Krikoff-Dreadmist",0x40514,0x0,Creature-0-4457-249-1045-10184-000028665C,"Onyxia",0x10a48,0x0,18104,"Wrath",0x8,Creature-0-4457-249-1045-10184-000028665C,0000000000000000,33,100,0,0,0,-1,0,0,0,9.96,-202.99,0,0.0136,63,58,95,-1,8,48,0,0,nil,nil,nil
4/28 18:51:30.014  SPELL_CAST_SUCCESS,Pet-0-4457-249-1045-416-01001C47E2,"Ababis",0x1114,0x0,Player-4755-0220BD00,"Krikoff-Dreadmist",0x40514,0x0,11771,"Fire Shield",0x4,Pet-0-4457-249-1045-416-01001C47E2,Player-4755-01F36B30,100,100,0,0,0,-1,0,0,0,11.72,-179.05,0,4.6451,66
4/28 18:51:30.038  SPELL_DAMAGE,GameObject-0-4457-249-1045-176812-0000286659,"Lava Fissure",0x4228,0x0,Player-4755-01E83279,"Nlmasters-Dreadmist",0x514,0x8,17731,"Eruption",0x4,Player-4755-01E83279,0000000000000000,70,100,0,0,0,-1,0,0,0,3.69,-256.16,0,4.2359,71,1453,1453,-1,4,0,0,0,nil,nil,nil
4/28 18:51:30.038  SPELL_DAMAGE,GameObject-0-4457-249-1045-176815-0000286659,"Lava Fissure",0x4228,0x0,Player-4755-0210153A,"Hapuseneb-Dreadmist",0x514,0x0,17731,"Eruption",0x4,Player-4755-0210153A,0000000000000000,60,100,0,0,0,-1,0,0,0,-1.82,-243.71,0,4.9808,66,1539,1539,-1,4,0,0,0,nil,nil,nil
4/28 18:51:30.038  SPELL_AURA_APPLIED,Player-4755-0220BD00,"Krikoff-Dreadmist",0x40514,0x0,Player-4755-0220BD00,"Krikoff-Dreadmist",0x40514,0x0,12970,"Flurry",0x1,BUFF
4/28 18:51:30.038  SPELL_AURA_REMOVED_DOSE,Player-4755-0220BD00,"Krikoff-Dreadmist",0x40514,0x0,Player-4755-0220BD00,"Krikoff-Dreadmist",0x40514,0x0,10610,"Windfury Totem",0x8,BUFF,1
4/28 18:51:30.038  SPELL_AURA_REMOVED_DOSE,Player-4755-0220BD00,"Krikoff-Dreadmist",0x40514,0x0,Player-4755-0220BD00,"Krikoff-Dreadmist",0x40514,0x0,12970,"Flurry",0x1,BUFF,2
4/28 18:51:30.038  SPELL_AURA_REMOVED,Creature-0-4457-249-1045-10184-000028665C,"Onyxia",0x10a48,0x0,Player-4755-01AC9FD9,"Alexinho-Dreadmist",0x514,0x0,18431,"Bellowing Roar",0x1,DEBUFF
4/28 18:51:30.038  SPELL_AURA_REMOVED,Creature-0-4457-249-1045-10184-000028665C,"Onyxia",0x10a48,0x0,Player-4755-0160BD13,"Mafkees-Dreadmist",0x514,0x0,18431,"Bellowing Roar",0x1,DEBUFF
4/28 18:51:30.038  SPELL_AURA_REMOVED,Creature-0-4457-249-1045-10184-000028665C,"Onyxia",0x10a48,0x0,Player-4755-0178F416,"Eltorero-Dreadmist",0x514,0x0,18431,"Bellowing Roar",0x1,DEBUFF
4/28 18:51:30.038  SPELL_AURA_REMOVED,Creature-0-4457-249-1045-10184-000028665C,"Onyxia",0x10a48,0x0,Pet-0-4457-249-1045-2850-01001956F9,"Kratos",0x1114,0x0,18431,"Bellowing Roar",0x1,DEBUFF
4/28 18:51:30.038  SPELL_AURA_REMOVED,Creature-0-4457-249-1045-10184-000028665C,"Onyxia",0x10a48,0x0,Player-4755-0178F576,"Atreas-Dreadmist",0x514,0x0,18431,"Bellowing Roar",0x1,DEBUFF
4/28 18:51:30.038  SPELL_AURA_REMOVED,Creature-0-4457-249-1045-10184-000028665C,"Onyxia",0x10a48,0x0,Player-4755-016296D3,"Nivl-Dreadmist",0x514,0x0,18431,"Bellowing Roar",0x1,DEBUFF
4/28 18:51:30.038  SWING_DAMAGE_LANDED,Player-4755-01733879,"Hocwar-Dreadmist",0x40514,0x0,Creature-0-4457-249-1045-10184-000028665C,"Onyxia",0x10a48,0x0,Creature-0-4457-249-1045-10184-000028665C,0000000000000000,32,100,0,0,0,-1,0,0,0,9.96,-202.99,0,0.0136,63,203,128,-1,1,0,0,0,1,nil,nil
4/28 18:51:30.038  SPELL_ENERGIZE,Player-4755-01802FE5,"Angrybat-Dreadmist",0x514,0x0,Player-4755-01802FE5,"Angrybat-Dreadmist",0x514,0x0,10057,"Replenish Mana",0x1,Player-4755-01802FE5,0000000000000000,56,100,0,0,0,-1,0,0,0,11.13,-172.85,0,2.0016,66,804.0000,0.0000,0,6033
4/28 18:51:30.038  SWING_DAMAGE_LANDED,Creature-0-4457-249-1045-10184-000028665C,"Onyxia",0x10a48,0x0,Player-4755-0220BD00,"Krikoff-Dreadmist",0x40514,0x0,Player-4755-0220BD00,0000000000000000,77,100,0,0,0,-1,0,0,0,18.96,-196.73,0,3.7582,68,688,1367,-1,1,0,0,0,nil,nil,nil
4/28 18:51:30.038  SWING_DAMAGE_LANDED,Player-4755-01F21AE6,"Blahu-Dreadmist",0x40514,0x0,Creature-0-4457-249-1045-10184-000028665C,"Onyxia",0x10a48,0x0,Creature-0-4457-249-1045-10184-000028665C,0000000000000000,32,100,0,0,0,-1,0,0,0,9.96,-202.99,0,0.0136,63,196,385,-1,1,0,0,0,nil,1,nil
4/28 18:51:30.038  SPELL_AURA_APPLIED,Pet-0-4457-249-1045-416-01001C47E2,"Ababis",0x1114,0x0,Player-4755-0220BD00,"Krikoff-Dreadmist",0x40514,0x0,11771,"Fire Shield",0x4,BUFF
4/28 18:51:30.038  SPELL_AURA_REMOVED,Player-4755-020BD78D,"Lonehunter-Dreadmist",0x514,0x0,Player-4755-020BD78D,"Lonehunter-Dreadmist",0x514,0x0,24352,"Devilsaur Fury",0x1,BUFF
4/28 18:51:30.292  SWING_MISSED,Player-4755-01F21AE6,"Blahu-Dreadmist",0x40514,0x0,Creature-0-4457-249-1045-10184-000028665C,"Onyxia",0x10a48,0x0,MISS,1
4/28 18:51:30.430  SPELL_ENERGIZE,Player-4755-0220BD00,"Krikoff-Dreadmist",0x40514,0x0,Player-4755-0220BD00,"Krikoff-Dreadmist",0x40514,0x0,12964,"Unbridled Wrath",0x1,Player-4755-0220BD00,0000000000000000,77,100,0,0,0,-1,0,0,0,20.02,-198.21,0,3.7582,68,1.0000,0.0000,1,1000
4/28 18:51:30.430  SPELL_AURA_APPLIED,Player-4755-01733879,"Hocwar-Dreadmist",0x40514,0x0,Player-4755-01733879,"Hocwar-Dreadmist",0x40514,0x0,12970,"Flurry",0x1,BUFF
4/28 18:51:30.448  SPELL_AURA_REMOVED,Player-4755-01F21AE6,"Blahu-Dreadmist",0x40514,0x0,Player-4755-01F21AE6,"Blahu-Dreadmist",0x40514,0x0,12970,"Flurry",0x1,BUFF
4/28 18:51:30.624  SPELL_PERIODIC_HEAL,Player-4755-02045EF4,"Necrosini-Dreadmist",0x512,0x0,Player-4755-0178F416,"Eltorero-Dreadmist",0x514,0x0,10929,"Renew",0x2,Player-4755-0178F416,0000000000000000,89,100,0,0,0,-1,0,0,0,28.67,-215.03,0,4.8066,65,254,254,0,0,nil
4/28 18:51:30.624  SWING_DAMAGE,Player-4755-0220BD00,"Krikoff-Dreadmist",0x40514,0x0,Creature-0-4457-249-1045-10184-000028665C,"Onyxia",0x10a48,0x0,Player-4755-0220BD00,0000000000000000,77,100,0,0,0,-1,0,0,0,20.02,-198.21,0,3.7582,68,230,292,-1,1,0,0,0,nil,nil,nil
4/28 18:51:30.624  SPELL_CAST_START,Player-4755-01FA8DD8,"Roackerita-Dreadmist",0x514,0x0,0000000000000000,nil,0x80000000,0x80000000,9474,"Flash Heal",0x2
4/28 18:51:30.624  SPELL_CAST_SUCCESS,Player-4755-01AC9FD9,"Alexinho-Dreadmist",0x514,0x0,Creature-0-4457-249-1045-10184-000028665C,"Onyxia",0x10a48,0x0,11300,"Eviscerate",0x1,Player-4755-01AC9FD9,0000000000000000,66,100,0,0,0,-1,0,0,0,5.14,-203.13,0,5.0303,66
4/28 18:51:30.640  SWING_MISSED,Player-4755-01733879,"Hocwar-Dreadmist",0x40514,0x0,Creature-0-4457-249-1045-10184-000028665C,"Onyxia",0x10a48,0x0,PARRY,nil
4/28 18:51:30.750  SPELL_PERIODIC_DAMAGE,Player-4755-0160BD13,"Mafkees-Dreadmist",0x514,0x0,Creature-0-4457-249-1045-10184-000028665C,"Onyxia",0x10a48,0x0,12721,"Deep Wound",0x1,Creature-0-4457-249-1045-10184-000028665C,0000000000000000,32,100,0,0,0,-1,0,0,0,9.96,-202.99,0,0.0136,63,89,89,-1,1,0,0,0,nil,nil,nil
4/28 18:51:30.841  SPELL_ENERGIZE,Player-4755-01F21AE6,"Blahu-Dreadmist",0x40514,0x0,Player-4755-01F21AE6,"Blahu-Dreadmist",0x40514,0x0,12964,"Unbridled Wrath",0x1,Player-4755-01F21AE6,0000000000000000,88,100,0,0,0,-1,0,0,0,20.34,-201.68,0,3.3173,70,1.0000,0.0000,1,1000
4/28 18:51:30.841  SWING_DAMAGE_LANDED,Player-4755-0220BD00,"Krikoff-Dreadmist",0x40514,0x0,Creature-0-4457-249-1045-10184-000028665C,"Onyxia",0x10a48,0x0,Creature-0-4457-249-1045-10184-000028665C,0000000000000000,32,100,0,0,0,-1,0,0,0,9.96,-202.99,0,0.0136,63,230,292,-1,1,0,0,0,nil,nil,nil
4/28 18:51:30.841  SPELL_DAMAGE,Player-4755-01AC9FD9,"Alexinho-Dreadmist",0x514,0x0,Creature-0-4457-249-1045-10184-000028665C,"Onyxia",0x10a48,0x0,11300,"Eviscerate",0x1,Creature-0-4457-249-1045-10184-000028665C,0000000000000000,32,100,0,0,0,-1,0,0,0,9.96,-202.99,0,0.0136,63,909,1153,-1,1,0,0,0,nil,nil,nil
4/28 18:51:30.841  SPELL_ENERGIZE,Player-4755-01AC9FD9,"Alexinho-Dreadmist",0x514,0x0,Player-4755-01AC9FD9,"Alexinho-Dreadmist",0x514,0x0,14181,"Relentless Strikes Effect",0x1,Player-4755-01AC9FD9,0000000000000000,66,100,0,0,0,-1,0,0,0,5.98,-204.58,0,5.1999,66,25.0000,0.0000,3,100
4/28 18:51:30.924  SWING_MISSED,Pet-0-4457-249-1045-2850-01001956F9,"Kratos",0x1114,0x0,Creature-0-4457-249-1045-10184-000028665C,"Onyxia",0x10a48,0x0,PARRY,nil
4/28 18:51:30.957  SPELL_AURA_REMOVED,Player-4755-0220BD00,"Krikoff-Dreadmist",0x40514,0x0,Player-4755-0220BD00,"Krikoff-Dreadmist",0x40514,0x0,10610,"Windfury Totem",0x8,BUFF
4/28 18:51:30.990  SPELL_CAST_START,Player-4755-01ED7A64,"Sperzieboon-Dreadmist",0x514,0x0,0000000000000000,nil,0x80000000,0x80000000,6063,"Heal",0x2
4/28 18:51:31.009  SWING_DAMAGE,Player-4755-0160BD13,"Mafkees-Dreadmist",0x514,0x0,Creature-0-4457-249-1045-10184-000028665C,"Onyxia",0x10a48,0x0,Player-4755-0160BD13,0000000000000000,100,100,0,0,0,-1,0,0,0,14.61,-214.36,0,1.8502,64,355,529,-1,1,0,0,0,nil,1,nil
4/28 18:51:31.025  SPELL_AURA_REMOVED,Creature-0-4457-249-1045-10184-000028665C,"Onyxia",0x10a48,0x0,Player-4755-015FEBD5,"Sauvage-Dreadmist",0x514,0x0,18431,"Bellowing Roar",0x1,DEBUFF
4/28 18:51:31.025  SPELL_AURA_REMOVED,Creature-0-4457-249-1045-10184-000028665C,"Onyxia",0x10a48,0x0,Pet-0-4457-249-1045-7432-01002D8BC6,"Cat",0x1114,0x0,18431,"Bellowing Roar",0x1,DEBUFF
4/28 18:51:31.025  SPELL_AURA_REMOVED,Creature-0-4457-249-1045-10184-000028665C,"Onyxia",0x10a48,0x0,Player-4755-0210153A,"Hapuseneb-Dreadmist",0x514,0x0,18431,"Bellowing Roar",0x1,DEBUFF
4/28 18:51:31.025  SPELL_AURA_REMOVED,Creature-0-4457-249-1045-10184-000028665C,"Onyxia",0x10a48,0x0,Player-4755-01617EEE,"Fenix-Dreadmist",0x512,0x0,18431,"Bellowing Roar",0x1,DEBUFF
4/28 18:51:31.025  SPELL_AURA_REMOVED,Creature-0-4457-249-1045-10184-000028665C,"Onyxia",0x10a48,0x0,Player-4755-01614AC7,"Mirrimazduur-Dreadmist",0x512,0x0,18431,"Bellowing Roar",0x1,DEBUFF
4/28 18:51:31.025  SPELL_AURA_REMOVED,Creature-0-4457-249-1045-10184-000028665C,"Onyxia",0x10a48,0x0,Player-4755-0163DD9D,"Kaspais-Dreadmist",0x514,0x0,18431,"Bellowing Roar",0x1,DEBUFF
4/28 18:51:31.025  SPELL_AURA_REMOVED,Creature-0-4457-249-1045-10184-000028665C,"Onyxia",0x10a48,0x0,Player-4755-01804B95,"Moymoy-Dreadmist",0x514,0x0,18431,"Bellowing Roar",0x1,DEBUFF
4/28 18:51:31.025  SPELL_AURA_REMOVED,Creature-0-4457-249-1045-10184-000028665C,"Onyxia",0x10a48,0x0,Player-4755-01840577,"Raggèn-Dreadmist",0x514,0x0,18431,"Bellowing Roar",0x1,DEBUFF
4/28 18:51:31.025  SPELL_AURA_REMOVED,Creature-0-4457-249-1045-10184-000028665C,"Onyxia",0x10a48,0x0,Player-4755-01A6B139,"Sakatan-Dreadmist",0x514,0x0,18431,"Bellowing Roar",0x1,DEBUFF
4/28 18:51:31.025  SPELL_AURA_REMOVED,Creature-0-4457-249-1045-10184-000028665C,"Onyxia",0x10a48,0x0,Player-4755-01E83279,"Nlmasters-Dreadmist",0x514,0x8,18431,"Bellowing Roar",0x1,DEBUFF
4/28 18:51:31.025  SPELL_AURA_REMOVED,Creature-0-4457-249-1045-10184-000028665C,"Onyxia",0x10a48,0x0,Player-4755-020BD78D,"Lonehunter-Dreadmist",0x514,0x0,18431,"Bellowing Roar",0x1,DEBUFF
4/28 18:51:31.025  SPELL_AURA_REMOVED,Creature-0-4457-249-1045-10184-000028665C,"Onyxia",0x10a48,0x0,Player-4755-01F36B30,"Rectumqeef-Dreadmist",0x514,0x0,18431,"Bellowing Roar",0x1,DEBUFF
4/28 18:51:31.065  SWING_MISSED,Creature-0-4457-249-1045-10184-000028665C,"Onyxia",0x10a48,0x0,Player-4755-0220BD00,"Krikoff-Dreadmist",0x40514,0x0,DODGE,nil
4/28 18:51:31.065  SPELL_AURA_REMOVED,Player-4755-01F21AE6,"Blahu-Dreadmist",0x40514,0x0,Player-4755-01F21AE6,"Blahu-Dreadmist",0x40514,0x0,71,"Defensive Stance",0x1,BUFF
4/28 18:51:31.065  SPELL_AURA_APPLIED,Player-4755-01F21AE6,"Blahu-Dreadmist",0x40514,0x0,Player-4755-01F21AE6,"Blahu-Dreadmist",0x40514,0x0,2458,"Berserker Stance",0x1,BUFF
4/28 18:51:31.065  SPELL_CAST_SUCCESS,Player-4755-01F21AE6,"Blahu-Dreadmist",0x40514,0x0,0000000000000000,nil,0x80000000,0x80000000,2458,"Berserker Stance",0x1,Player-4755-01F21AE6,0000000000000000,88,100,0,0,0,-1,0,0,0,20.32,-201.58,0,3.3186,70
4/28 18:51:31.083  SPELL_PERIODIC_HEAL,Player-4755-01BC57A3,"Saintis-Dreadmist",0x511,0x0,Player-4755-0220BD00,"Krikoff-Dreadmist",0x40514,0x0,10929,"Renew",0x2,Player-4755-0220BD00,0000000000000000,80,100,0,0,0,-1,0,0,0,20.02,-198.21,0,3.7582,68,305,305,0,0,nil
4/28 18:51:31.085  SPELL_CAST_SUCCESS,Player-4755-01BC57A3,"Saintis-Dreadmist",0x511,0x0,Player-4755-01733879,"Hocwar-Dreadmist",0x40514,0x0,10917,"Flash Heal",0x2,Player-4755-01BC57A3,0000000000000000,67,100,0,0,0,-1,0,0,0,5.76,-226.88,0,1.3202,68
4/28 18:51:31.121  SWING_DAMAGE,Player-4755-01733879,"Hocwar-Dreadmist",0x40514,0x0,Creature-0-4457-249-1045-10184-000028665C,"Onyxia",0x10a48,0x0,Player-4755-01733879,0000000000000000,71,100,0,0,0,-1,0,0,0,11.30,-196.99,0,4.7330,71,95,148,-1,1,0,0,0,nil,1,nil
4/28 18:51:31.211  SPELL_PERIODIC_ENERGIZE,Creature-0-4457-249-1045-7416-0000286CFC,"Mana Spring Totem IV",0x2114,0x0,Player-4755-016296D3,"Nivl-Dreadmist",0x514,0x0,10494,"Mana Spring",0x8,Player-4755-016296D3,0000000000000000,100,100,0,0,0,-1,0,0,0,-0.87,-171.95,0,0.9033,69,10.0000,0.0000,0,5845
4/28 18:51:31.241  SPELL_AURA_APPLIED,Pet-0-4457-249-1045-2850-01001956F9,"Kratos",0x1114,0x0,Pet-0-4457-249-1045-2850-01001956F9,"Kratos",0x1114,0x0,23110,"Dash",0x1,BUFF
4/28 18:51:31.241  SPELL_CAST_SUCCESS,Pet-0-4457-249-1045-2850-01001956F9,"Kratos",0x1114,0x0,0000000000000000,nil,0x80000000,0x80000000,23110,"Dash",0x1,Pet-0-4457-249-1045-2850-01001956F9,Player-4755-0178F576,55,100,0,0,0,-1,0,0,0,11.68,-178.00,0,4.6435,66
4/28 18:51:31.241  SPELL_AURA_REMOVED_DOSE,Player-4755-0220BD00,"Krikoff-Dreadmist",0x40514,0x0,Player-4755-0220BD00,"Krikoff-Dreadmist",0x40514,0x0,12970,"Flurry",0x1,BUFF,1
4/28 18:51:31.241  SPELL_AURA_REMOVED_DOSE,Player-4755-01733879,"Hocwar-Dreadmist",0x40514,0x0,Player-4755-01733879,"Hocwar-Dreadmist",0x40514,0x0,12970,"Flurry",0x1,BUFF,2
4/28 18:51:31.241  SWING_DAMAGE_LANDED,Player-4755-0160BD13,"Mafkees-Dreadmist",0x514,0x0,Creature-0-4457-249-1045-10184-000028665C,"Onyxia",0x10a48,0x0,Creature-0-4457-249-1045-10184-000028665C,0000000000000000,32,100,0,0,0,-1,0,0,0,9.96,-202.99,0,0.0136,63,355,529,-1,1,0,0,0,nil,1,nil
4/28 18:51:31.241  SPELL_HEAL,Player-4755-01BC57A3,"Saintis-Dreadmist",0x511,0x0,Player-4755-01733879,"Hocwar-Dreadmist",0x40514,0x0,10917,"Flash Heal",0x2,Player-4755-01733879,0000000000000000,91,100,0,0,0,-1,0,0,0,11.30,-196.99,0,4.8469,71,1198,1198,0,0,nil
4/28 18:51:31.241  SWING_DAMAGE_LANDED,Player-4755-01733879,"Hocwar-Dreadmist",0x40514,0x0,Creature-0-4457-249-1045-10184-000028665C,"Onyxia",0x10a48,0x0,Creature-0-4457-249-1045-10184-000028665C,0000000000000000,32,100,0,0,0,-1,0,0,0,9.96,-202.99,0,0.0136,63,95,148,-1,1,0,0,0,nil,1,nil
4/28 18:51:31.272  SPELL_AURA_REMOVED,Player-4755-0178F416,"Eltorero-Dreadmist",0x514,0x0,Player-4755-0178F416,"Eltorero-Dreadmist",0x514,0x0,12970,"Flurry",0x1,BUFF
4/28 18:51:31.288  SPELL_CAST_SUCCESS,Player-4755-0178F416,"Eltorero-Dreadmist",0x514,0x0,0000000000000000,nil,0x80000000,0x80000000,11556,"Demoralizing Shout",0x1,Player-4755-0178F416,0000000000000000,89,100,0,0,0,-1,0,0,0,31.23,-212.55,0,1.2956,65
4/28 18:51:31.380  SPELL_AURA_APPLIED,Player-4755-01F21AE6,"Blahu-Dreadmist",0x40514,0x0,Player-4755-01F21AE6,"Blahu-Dreadmist",0x40514,0x0,18499,"Berserker Rage",0x1,BUFF
4/28 18:51:31.380  SPELL_CAST_SUCCESS,Player-4755-01F21AE6,"Blahu-Dreadmist",0x40514,0x0,0000000000000000,nil,0x80000000,0x80000000,18499,"Berserker Rage",0x1,Player-4755-01F21AE6,0000000000000000,88,100,0,0,0,-1,0,0,0,20.32,-201.58,0,3.3291,70
4/28 18:51:31.380  SWING_DAMAGE,Player-4755-016DF694,"Ashalan-Dreadmist",0x514,0x0,Creature-0-4457-249-1045-10184-000028665C,"Onyxia",0x10a48,0x0,Player-4755-016DF694,0000000000000000,80,100,0,0,0,-1,0,0,0,7.66,-200.67,0,5.4268,67,352,599,-1,1,0,0,0,nil,1,nil
4/28 18:51:31.537  SPELL_CAST_SUCCESS,Player-4755-02045EF4,"Necrosini-Dreadmist",0x512,0x0,Player-4755-0178F416,"Eltorero-Dreadmist",0x514,0x0,6064,"Heal",0x2,Player-4755-02045EF4,0000000000000000,73,100,0,0,0,-1,0,0,0,10.10,-177.46,0,4.8433,69
4/28 18:51:31.566  SPELL_CAST_START,Player-4755-016296D3,"Nivl-Dreadmist",0x514,0x0,0000000000000000,nil,0x80000000,0x80000000,1064,"Chain Heal",0x8
4/28 18:51:31.643  SPELL_ENERGIZE,Player-4755-0220BD00,"Krikoff-Dreadmist",0x40514,0x0,Player-4755-0220BD00,"Krikoff-Dreadmist",0x40514,0x0,12964,"Unbridled Wrath",0x1,Player-4755-0220BD00,0000000000000000,80,100,0,0,0,-1,0,0,0,20.50,-197.87,0,3.7582,68,1.0000,0.0000,1,1000
4/28 18:51:31.659  SPELL_AURA_REMOVED_DOSE,Player-4755-0160BD13,"Mafkees-Dreadmist",0x514,0x0,Player-4755-0160BD13,"Mafkees-Dreadmist",0x514,0x0,12970,"Flurry",0x1,BUFF,1
4/28 18:51:31.659  SPELL_AURA_REMOVED_DOSE,Player-4755-01733879,"Hocwar-Dreadmist",0x40514,0x0,Player-4755-01733879,"Hocwar-Dreadmist",0x40514,0x0,12970,"Flurry",0x1,BUFF,1
4/28 18:51:31.659  SPELL_AURA_REFRESH,Player-4755-0178F416,"Eltorero-Dreadmist",0x514,0x0,Creature-0-4457-249-1045-10184-000028665C,"Onyxia",0x10a48,0x0,11556,"Demoralizing Shout",0x1,DEBUFF
4/28 18:51:31.659  SWING_DAMAGE_LANDED,Player-4755-016DF694,"Ashalan-Dreadmist",0x514,0x0,Creature-0-4457-249-1045-10184-000028665C,"Onyxia",0x10a48,0x0,Creature-0-4457-249-1045-10184-000028665C,0000000000000000,32,100,0,0,0,-1,0,0,0,9.96,-202.99,0,0.0136,63,352,599,-1,1,0,0,0,nil,1,nil
4/28 18:51:31.659  SPELL_HEAL,Player-4755-02045EF4,"Necrosini-Dreadmist",0x512,0x0,Player-4755-0178F416,"Eltorero-Dreadmist",0x514,0x0,6064,"Heal",0x2,Player-4755-0178F416,0000000000000000,100,100,0,0,0,-1,0,0,0,32.01,-209.87,0,1.3898,65,1712,1712,1135,0,1
4/28 18:51:31.659  SPELL_CAST_START,Player-4755-01614AC7,"Mirrimazduur-Dreadmist",0x512,0x0,0000000000000000,nil,0x80000000,0x80000000,11672,"Corruption",0x20
4/28 18:51:31.659  SPELL_CAST_SUCCESS,Player-4755-01614AC7,"Mirrimazduur-Dreadmist",0x512,0x0,Creature-0-4457-249-1045-10184-000028665C,"Onyxia",0x10a48,0x0,11672,"Corruption",0x20,Player-4755-01614AC7,0000000000000000,62,100,0,0,0,-1,0,0,0,8.49,-171.16,0,4.8367,68
4/28 18:51:31.678  SPELL_CAST_SUCCESS,Player-4755-0220BD00,"Krikoff-Dreadmist",0x40514,0x0,Creature-0-4457-249-1045-10184-000028665C,"Onyxia",0x10a48,0x0,11567,"Heroic Strike",0x1,Player-4755-0220BD00,0000000000000000,80,100,0,0,0,-1,0,0,0,20.63,-197.78,0,3.7582,68
4/28 18:51:31.679  SPELL_MISSED,Player-4755-0220BD00,"Krikoff-Dreadmist",0x40514,0x0,Creature-0-4457-249-1045-10184-000028665C,"Onyxia",0x10a48,0x0,11567,"Heroic Strike",0x1,PARRY,nil
4/28 18:51:31.679  SPELL_AURA_REMOVED,Player-4755-0220BD00,"Krikoff-Dreadmist",0x40514,0x0,Player-4755-0220BD00,"Krikoff-Dreadmist",0x40514,0x0,12970,"Flurry",0x1,BUFF
4/28 18:51:31.773  SPELL_CAST_START,Player-4755-0163DD9D,"Kaspais-Dreadmist",0x514,0x0,0000000000000000,nil,0x80000000,0x80000000,10181,"Frostbolt",0x10
4/28 18:51:31.773  SPELL_CAST_SUCCESS,Player-4755-0220BD00,"Krikoff-Dreadmist",0x40514,0x0,Creature-0-4457-249-1045-10184-000028665C,"Onyxia",0x10a48,0x0,23894,"Bloodthirst",0x1,Player-4755-0220BD00,0000000000000000,80,100,0,0,0,-1,0,0,0,20.72,-197.71,0,3.7582,68
4/28 18:51:31.815  SPELL_CAST_SUCCESS,Player-4755-0160BD13,"Mafkees-Dreadmist",0x514,0x0,Creature-0-4457-249-1045-10184-000028665C,"Onyxia",0x10a48,0x0,23894,"Bloodthirst",0x1,Player-4755-0160BD13,0000000000000000,100,100,0,0,0,-1,0,0,0,9.48,-213.60,0,1.6281,64
4/28 18:51:31.815  SPELL_AURA_APPLIED,Player-4755-0160BD13,"Mafkees-Dreadmist",0x514,0x0,Player-4755-0160BD13,"Mafkees-Dreadmist",0x514,0x0,10610,"Windfury Totem",0x8,BUFF
4/28 18:51:31.815  SPELL_EXTRA_ATTACKS,Player-4755-0160BD13,"Mafkees-Dreadmist",0x514,0x0,Player-4755-0160BD13,"Mafkees-Dreadmist",0x514,0x0,10610,"Windfury Totem",0x8,1
4/28 18:51:31.815  SWING_DAMAGE,Player-4755-0160BD13,"Mafkees-Dreadmist",0x514,0x0,Creature-0-4457-249-1045-10184-000028665C,"Onyxia",0x10a48,0x0,Player-4755-0160BD13,0000000000000000,100,100,0,0,0,-1,0,0,0,9.48,-213.60,0,1.6281,64,1034,655,-1,1,0,0,0,1,nil,nil
4/28 18:51:31.831  SPELL_PERIODIC_ENERGIZE,Creature-0-4457-249-1045-7416-0000286CFC,"Mana Spring Totem IV",0x2114,0x0,Player-4755-0178F576,"Atreas-Dreadmist",0x514,0x0,10494,"Mana Spring",0x8,Player-4755-0178F576,0000000000000000,100,100,0,0,0,-1,0,0,0,11.51,-172.76,0,4.5534,66,10.0000,0.0000,0,3765
4/28 18:51:31.949  SWING_DAMAGE,Pet-0-4457-249-1045-2850-01001956F9,"Kratos",0x1114,0x0,Creature-0-4457-249-1045-10184-000028665C,"Onyxia",0x10a48,0x0,Pet-0-4457-249-1045-2850-01001956F9,Player-4755-0178F576,55,100,0,0,0,-1,0,0,0,11.68,-178.00,0,4.6435,66,36,73,-1,1,0,0,0,nil,1,nil
4/28 18:51:32.027  SWING_DAMAGE,Player-4755-01733879,"Hocwar-Dreadmist",0x40514,0x0,Creature-0-4457-249-1045-10184-000028665C,"Onyxia",0x10a48,0x0,Player-4755-01733879,0000000000000000,91,100,0,0,0,-1,0,0,0,10.08,-195.18,0,5.0825,71,174,253,-1,1,0,0,0,nil,1,nil
4/28 18:51:32.049  SWING_DAMAGE,Player-4755-01F21AE6,"Blahu-Dreadmist",0x40514,0x0,Creature-0-4457-249-1045-10184-000028665C,"Onyxia",0x10a48,0x0,Player-4755-01F21AE6,0000000000000000,88,100,0,0,0,-1,0,0,0,20.32,-201.58,0,3.4155,70,111,172,-1,1,0,0,0,nil,1,nil
4/28 18:51:32.071  SPELL_DAMAGE,GameObject-0-4457-249-1045-176842-0000286659,"Lava Fissure",0x4228,0x0,Pet-0-4457-249-1045-7432-01002D8BC6,"Cat",0x1114,0x0,17731,"Eruption",0x4,Pet-0-4457-249-1045-7432-01002D8BC6,Player-4755-01E83279,48,100,0,0,0,-1,0,0,0,-13.33,-193.99,0,5.9144,71,1446,1446,-1,4,0,0,0,nil,nil,nil
4/28 18:51:32.071  SPELL_AURA_REMOVED_DOSE,Player-4755-016DF694,"Ashalan-Dreadmist",0x514,0x0,Player-4755-016DF694,"Ashalan-Dreadmist",0x514,0x0,16280,"Flurry",0x1,BUFF,2
4/28 18:51:32.071  SPELL_AURA_APPLIED,Player-4755-01614AC7,"Mirrimazduur-Dreadmist",0x512,0x0,Creature-0-4457-249-1045-10184-000028665C,"Onyxia",0x10a48,0x0,11672,"Corruption",0x20,DEBUFF
4/28 18:51:32.071  SPELL_DAMAGE,Player-4755-0220BD00,"Krikoff-Dreadmist",0x40514,0x0,Creature-0-4457-249-1045-10184-000028665C,"Onyxia",0x10a48,0x0,23894,"Bloodthirst",0x1,Creature-0-4457-249-1045-10184-000028665C,0000000000000000,32,100,0,0,0,-1,0,0,0,9.96,-202.99,0,0.0136,63,1086,689,-1,1,0,0,0,1,nil,nil
4/28 18:51:32.071  SPELL_AURA_APPLIED,Player-4755-0220BD00,"Krikoff-Dreadmist",0x40514,0x0,Player-4755-0220BD00,"Krikoff-Dreadmist",0x40514,0x0,23888,"Bloodthirst",0x1,BUFF
4/28 18:51:32.071  SPELL_DAMAGE,Player-4755-0160BD13,"Mafkees-Dreadmist",0x514,0x0,Creature-0-4457-249-1045-10184-000028665C,"Onyxia",0x10a48,0x0,23894,"Bloodthirst",0x1,Creature-0-4457-249-1045-10184-000028665C,0000000000000000,32,100,0,0,0,-1,0,0,0,9.96,-202.99,0,0.0136,63,424,538,-1,1,0,0,0,nil,nil,nil
4/28 18:51:32.071  SPELL_AURA_APPLIED,Player-4755-0160BD13,"Mafkees-Dreadmist",0x514,0x0,Player-4755-0160BD13,"Mafkees-Dreadmist",0x514,0x0,23888,"Bloodthirst",0x1,BUFF
4/28 18:51:32.071  SWING_DAMAGE_LANDED,Player-4755-0160BD13,"Mafkees-Dreadmist",0x514,0x0,Creature-0-4457-249-1045-10184-000028665C,"Onyxia",0x10a48,0x0,Creature-0-4457-249-1045-10184-000028665C,0000000000000000,32,100,0,0,0,-1,0,0,0,9.96,-202.99,0,0.0136,63,1034,655,-1,1,0,0,0,1,nil,nil
4/28 18:51:32.071  SWING_DAMAGE_LANDED,Pet-0-4457-249-1045-2850-01001956F9,"Kratos",0x1114,0x0,Creature-0-4457-249-1045-10184-000028665C,"Onyxia",0x10a48,0x0,Creature-0-4457-249-1045-10184-000028665C,0000000000000000,32,100,0,0,0,-1,0,0,0,9.96,-202.99,0,0.0136,63,36,73,-1,1,0,0,0,nil,1,nil
4/28 18:51:32.071  SWING_DAMAGE_LANDED,Player-4755-01733879,"Hocwar-Dreadmist",0x40514,0x0,Creature-0-4457-249-1045-10184-000028665C,"Onyxia",0x10a48,0x0,Creature-0-4457-249-1045-10184-000028665C,0000000000000000,32,100,0,0,0,-1,0,0,0,9.96,-202.99,0,0.0136,63,174,253,-1,1,0,0,0,nil,1,nil
4/28 18:51:32.071  SWING_DAMAGE_LANDED,Player-4755-01F21AE6,"Blahu-Dreadmist",0x40514,0x0,Creature-0-4457-249-1045-10184-000028665C,"Onyxia",0x10a48,0x0,Creature-0-4457-249-1045-10184-000028665C,0000000000000000,32,100,0,0,0,-1,0,0,0,9.96,-202.99,0,0.0136,63,111,172,-1,1,0,0,0,nil,1,nil
4/28 18:51:32.137  SPELL_CAST_SUCCESS,Player-4755-01FA8DD8,"Roackerita-Dreadmist",0x514,0x0,Player-4755-016DF694,"Ashalan-Dreadmist",0x514,0x0,9474,"Flash Heal",0x2,Player-4755-01FA8DD8,0000000000000000,100,100,0,0,0,-1,0,0,0,25.15,-185.45,0,5.3096,69
4/28 18:51:32.153  SWING_DAMAGE,Pet-0-4457-249-1045-7432-01002D8BC6,"Cat",0x1114,0x0,Creature-0-4457-249-1045-10184-000028665C,"Onyxia",0x10a48,0x0,Pet-0-4457-249-1045-7432-01002D8BC6,Player-4755-01E83279,48,100,0,0,0,-1,0,0,0,-13.33,-193.99,0,5.9144,71,44,102,-1,1,0,0,0,nil,1,nil
4/28 18:51:32.270  SWING_MISSED,Creature-0-4457-249-1045-10184-000028665C,"Onyxia",0x10a48,0x0,Player-4755-0220BD00,"Krikoff-Dreadmist",0x40514,0x0,DODGE,nil
4/28 18:51:32.344  SPELL_AURA_APPLIED,Player-4755-01BC57A3,"Saintis-Dreadmist",0x511,0x0,Player-4755-01BC57A3,"Saintis-Dreadmist",0x511,0x0,10958,"Shadow Protection",0x20,BUFF
4/28 18:51:32.344  SPELL_CAST_SUCCESS,Player-4755-01BC57A3,"Saintis-Dreadmist",0x511,0x0,Player-4755-01BC57A3,"Saintis-Dreadmist",0x511,0x0,10958,"Shadow Protection",0x20,Player-4755-01BC57A3,0000000000000000,67,100,0,0,0,-1,0,0,0,5.76,-226.88,0,1.3202,68
4/28 18:51:32.369  SWING_DAMAGE,Player-4755-01733879,"Hocwar-Dreadmist",0x40514,0x0,Creature-0-4457-249-1045-10184-000028665C,"Onyxia",0x10a48,0x0,Player-4755-01733879,0000000000000000,91,100,0,0,0,-1,0,0,0,9.20,-194.10,0,5.0825,71,84,122,-1,1,0,0,0,nil,1,nil
4/28 18:51:32.400  SPELL_CAST_SUCCESS,Player-4755-020BD78D,"Lonehunter-Dreadmist",0x514,0x0,0000000000000000,nil,0x80000000,0x80000000,17531,"Restore Mana",0x1,Player-4755-020BD78D,0000000000000000,97,100,0,0,0,-1,0,0,0,4.23,-251.24,0,0.9956,70
4/28 18:51:32.400  SPELL_CAST_START,Player-4755-01804B95,"Moymoy-Dreadmist",0x514,0x0,0000000000000000,nil,0x80000000,0x80000000,10622,"Chain Heal",0x8
4/28 18:51:32.430  SPELL_CAST_SUCCESS,Player-4755-01733879,"Hocwar-Dreadmist",0x40514,0x0,Creature-0-4457-249-1045-10184-000028665C,"Onyxia",0x10a48,0x0,23881,"Bloodthirst",0x1,Player-4755-01733879,0000000000000000,91,100,0,0,0,-1,0,0,0,8.98,-193.92,0,5.0786,71
4/28 18:51:32.430  SPELL_CAST_SUCCESS,Player-4755-01A6B139,"Sakatan-Dreadmist",0x514,0x0,Creature-0-4457-249-1045-10184-000028665C,"Onyxia",0x10a48,0x0,11281,"Backstab",0x1,Player-4755-01A6B139,0000000000000000,69,100,0,0,0,-1,0,0,0,-5.54,-189.00,0,5.5990,69
4/28 18:51:32.447  SWING_DAMAGE,Player-4755-01F21AE6,"Blahu-Dreadmist",0x40514,0x0,Creature-0-4457-249-1045-10184-000028665C,"Onyxia",0x10a48,0x0,Player-4755-01F21AE6,0000000000000000,88,100,0,0,0,-1,0,0,0,20.32,-201.58,0,3.4338,70,230,419,-1,1,0,0,0,nil,1,nil
4/28 18:51:32.447  SPELL_CAST_SUCCESS,Pet-0-4457-249-1045-7432-01002D8BC6,"Cat",0x1114,0x0,Creature-0-4457-249-1045-10184-000028665C,"Onyxia",0x10a48,0x0,3009,"Claw",0x1,Pet-0-4457-249-1045-7432-01002D8BC6,Player-4755-01E83279,48,100,0,0,0,-1,0,0,0,-13.33,-193.99,0,5.9144,71
4/28 18:51:32.472  SPELL_AURA_REMOVED_DOSE,Player-4755-0220BD00,"Krikoff-Dreadmist",0x40514,0x0,Player-4755-0220BD00,"Krikoff-Dreadmist",0x40514,0x0,23888,"Bloodthirst",0x1,BUFF,4
4/28 18:51:32.472  SPELL_AURA_APPLIED,Player-4755-0220BD00,"Krikoff-Dreadmist",0x40514,0x0,Player-4755-0220BD00,"Krikoff-Dreadmist",0x40514,0x0,12970,"Flurry",0x1,BUFF
4/28 18:51:32.472  SPELL_HEAL,Player-4755-0220BD00,"Krikoff-Dreadmist",0x40514,0x0,Player-4755-0220BD00,"Krikoff-Dreadmist",0x40514,0x0,23891,"Bloodthirst",0x1,Player-4755-0220BD00,0000000000000000,81,100,0,0,0,-1,0,0,0,20.72,-197.71,0,3.6639,68,20,20,0,0,nil
4/28 18:51:32.472  SPELL_AURA_REMOVED_DOSE,Player-4755-0160BD13,"Mafkees-Dreadmist",0x514,0x0,Player-4755-0160BD13,"Mafkees-Dreadmist",0x514,0x0,23888,"Bloodthirst",0x1,BUFF,4
4/28 18:51:32.472  SPELL_HEAL,Player-4755-0160BD13,"Mafkees-Dreadmist",0x514,0x0,Player-4755-0160BD13,"Mafkees-Dreadmist",0x514,0x0,23891,"Bloodthirst",0x1,Player-4755-0160BD13,0000000000000000,100,100,0,0,0,-1,0,0,0,9.17,-213.81,0,1.3807,64,20,20,20,0,nil
4/28 18:51:32.472  SPELL_AURA_REMOVED_DOSE,Player-4755-0160BD13,"Mafkees-Dreadmist",0x514,0x0,Player-4755-0160BD13,"Mafkees-Dreadmist",0x514,0x0,23888,"Bloodthirst",0x1,BUFF,3
4/28 18:51:32.472  SPELL_AURA_REMOVED_DOSE,Player-4755-0160BD13,"Mafkees-Dreadmist",0x514,0x0,Player-4755-0160BD13,"Mafkees-Dreadmist",0x514,0x0,10610,"Windfury Totem",0x8,BUFF,1
4/28 18:51:32.472  SPELL_AURA_APPLIED_DOSE,Player-4755-0160BD13,"Mafkees-Dreadmist",0x514,0x0,Player-4755-0160BD13,"Mafkees-Dreadmist",0x514,0x0,12970,"Flurry",0x1,BUFF,3
4/28 18:51:32.472  SPELL_HEAL,Player-4755-0160BD13,"Mafkees-Dreadmist",0x514,0x0,Player-4755-0160BD13,"Mafkees-Dreadmist",0x514,0x0,23891,"Bloodthirst",0x1,Player-4755-0160BD13,0000000000000000,100,100,0,0,0,-1,0,0,0,9.17,-213.81,0,1.3807,64,20,20,20,0,nil
4/28 18:51:32.472  SPELL_AURA_REMOVED,Player-4755-01733879,"Hocwar-Dreadmist",0x40514,0x0,Player-4755-01733879,"Hocwar-Dreadmist",0x40514,0x0,12970,"Flurry",0x1,BUFF
4/28 18:51:32.472  SPELL_HEAL,Player-4755-01FA8DD8,"Roackerita-Dreadmist",0x514,0x0,Player-4755-016DF694,"Ashalan-Dreadmist",0x514,0x0,9474,"Flash Heal",0x2,Player-4755-016DF694,0000000000000000,99,100,0,0,0,-1,0,0,0,6.68,-196.34,0,4.7663,67,832,832,0,0,nil
4/28 18:51:32.472  SWING_DAMAGE_LANDED,Pet-0-4457-249-1045-7432-01002D8BC6,"Cat",0x1114,0x0,Creature-0-4457-249-1045-10184-000028665C,"Onyxia",0x10a48,0x0,Creature-0-4457-249-1045-10184-000028665C,0000000000000000,32,100,0,0,0,-1,0,0,0,9.96,-202.99,0,0.0136,63,44,102,-1,1,0,0,0,nil,1,nil
4/28 18:51:32.472  SWING_DAMAGE_LANDED,Player-4755-01733879,"Hocwar-Dreadmist",0x40514,0x0,Creature-0-4457-249-1045-10184-000028665C,"Onyxia",0x10a48,0x0,Creature-0-4457-249-1045-10184-000028665C,0000000000000000,32,100,0,0,0,-1,0,0,0,9.96,-202.99,0,0.0136,63,84,122,-1,1,0,0,0,nil,1,nil
4/28 18:51:32.476  SPELL_ENERGIZE,Player-4755-020BD78D,"Lonehunter-Dreadmist",0x514,0x0,Player-4755-020BD78D,"Lonehunter-Dreadmist",0x514,0x0,17531,"Restore Mana",0x1,Player-4755-020BD78D,0000000000000000,97,100,0,0,0,-1,0,0,0,4.46,-250.80,0,1.1605,70,1360.0000,0.0000,0,4335
4/28 18:51:32.476  SPELL_DAMAGE,Player-4755-01733879,"Hocwar-Dreadmist",0x40514,0x0,Creature-0-4457-249-1045-10184-000028665C,"Onyxia",0x10a48,0x0,23881,"Bloodthirst",0x1,Creature-0-4457-249-1045-10184-000028665C,0000000000000000,32,100,0,0,0,-1,0,0,0,9.96,-202.99,0,0.0136,63,398,505,-1,1,0,0,0,nil,nil,nil
4/28 18:51:32.476  SPELL_AURA_APPLIED,Player-4755-01733879,"Hocwar-Dreadmist",0x40514,0x0,Player-4755-01733879,"Hocwar-Dreadmist",0x40514,0x0,23885,"Bloodthirst",0x1,BUFF
4/28 18:51:32.476  SPELL_DAMAGE,Player-4755-01A6B139,"Sakatan-Dreadmist",0x514,0x0,Creature-0-4457-249-1045-10184-000028665C,"Onyxia",0x10a48,0x0,11281,"Backstab",0x1,Creature-0-4457-249-1045-10184-000028665C,0000000000000000,32,100,0,0,0,-1,0,0,0,9.96,-202.99,0,0.0136,63,1162,644,-1,1,0,0,0,1,nil,nil
4/28 18:51:32.476  SWING_DAMAGE_LANDED,Player-4755-01F21AE6,"Blahu-Dreadmist",0x40514,0x0,Creature-0-4457-249-1045-10184-000028665C,"Onyxia",0x10a48,0x0,Creature-0-4457-249-1045-10184-000028665C,0000000000000000,32,100,0,0,0,-1,0,0,0,9.96,-202.99,0,0.0136,63,230,419,-1,1,0,0,0,nil,1,nil
4/28 18:51:32.476  SPELL_DAMAGE,Pet-0-4457-249-1045-7432-01002D8BC6,"Cat",0x1114,0x0,Creature-0-4457-249-1045-10184-000028665C,"Onyxia",0x10a48,0x0,3009,"Claw",0x1,Creature-0-4457-249-1045-10184-000028665C,0000000000000000,32,100,0,0,0,-1,0,0,0,9.96,-202.99,0,0.0136,63,71,89,-1,1,0,0,0,nil,nil,nil
4/28 18:51:32.476  SPELL_AURA_REMOVED,Player-4755-01BC57A3,"Saintis-Dreadmist",0x511,0x0,Player-4755-01F21AE6,"Blahu-Dreadmist",0x40514,0x0,15359,"Inspiration",0x2,BUFF
4/28 18:51:32.547  SPELL_AURA_APPLIED,Player-4755-01840577,"Raggèn-Dreadmist",0x514,0x0,Player-4755-01840577,"Raggèn-Dreadmist",0x514,0x0,16361,"Windfury Weapon",0x8,BUFF
4/28 18:51:32.547  SPELL_EXTRA_ATTACKS,Player-4755-01840577,"Raggèn-Dreadmist",0x514,0x0,Player-4755-01840577,"Raggèn-Dreadmist",0x514,0x0,16361,"Windfury Weapon",0x8,2
4/28 18:51:32.547  SWING_DAMAGE,Player-4755-01840577,"Raggèn-Dreadmist",0x514,0x0,Creature-0-4457-249-1045-10184-000028665C,"Onyxia",0x10a48,0x0,Player-4755-01840577,0000000000000000,68,100,0,0,0,-1,0,0,0,12.11,-220.50,0,1.4805,67,740,469,-1,1,0,0,0,1,nil,nil
4/28 18:51:32.547  SWING_DAMAGE,Player-4755-01840577,"Raggèn-Dreadmist",0x514,0x0,Creature-0-4457-249-1045-10184-000028665C,"Onyxia",0x10a48,0x0,Player-4755-01840577,0000000000000000,68,100,0,0,0,-1,0,0,0,12.11,-220.50,0,1.4805,67,863,548,-1,1,0,0,0,1,nil,nil
4/28 18:51:32.584  SWING_MISSED,Player-4755-01840577,"Raggèn-Dreadmist",0x514,0x0,Creature-0-4457-249-1045-10184-000028665C,"Onyxia",0x10a48,0x0,DODGE,nil
4/28 18:51:32.584  SPELL_CAST_SUCCESS,Player-4755-01FA8DD8,"Roackerita-Dreadmist",0x514,0x0,0000000000000000,nil,0x80000000,0x80000000,17531,"Restore Mana",0x1,Player-4755-01FA8DD8,0000000000000000,100,100,0,0,0,-1,0,0,0,25.15,-185.45,0,5.3096,69
4/28 18:51:32.599  SWING_MISSED,Player-4755-01A6B139,"Sakatan-Dreadmist",0x514,0x0,Creature-0-4457-249-1045-10184-000028665C,"Onyxia",0x10a48,0x0,MISS,nil
4/28 18:51:32.616  SPELL_AURA_REMOVED,Player-4755-01733879,"Hocwar-Dreadmist",0x40514,0x0,Player-4755-01733879,"Hocwar-Dreadmist",0x40514,0x0,23885,"Bloodthirst",0x1,BUFF
4/28 18:51:32.651  SWING_DAMAGE,Player-4755-01AC9FD9,"Alexinho-Dreadmist",0x514,0x0,Creature-0-4457-249-1045-10184-000028665C,"Onyxia",0x10a48,0x0,Player-4755-01AC9FD9,0000000000000000,66,100,0,0,0,-1,0,0,0,11.69,-213.45,0,1.3004,66,607,377,-1,1,0,0,0,1,nil,nil
4/28 18:51:32.700  SPELL_CAST_SUCCESS,Player-4755-01AC9FD9,"Alexinho-Dreadmist",0x514,0x0,Creature-0-4457-249-1045-10184-000028665C,"Onyxia",0x10a48,0x0,11294,"Sinister Strike",0x1,Player-4755-01AC9FD9,0000000000000000,66,100,0,0,0,-1,0,0,0,11.69,-213.45,0,1.3004,66
4/28 18:51:32.700  SPELL_AURA_APPLIED,Player-4755-01AC9FD9,"Alexinho-Dreadmist",0x514,0x0,Player-4755-01AC9FD9,"Alexinho-Dreadmist",0x514,0x0,10610,"Windfury Totem",0x8,BUFF
4/28 18:51:32.700  SPELL_EXTRA_ATTACKS,Player-4755-01AC9FD9,"Alexinho-Dreadmist",0x514,0x0,Player-4755-01AC9FD9,"Alexinho-Dreadmist",0x514,0x0,10610,"Windfury Totem",0x8,1
4/28 18:51:32.700  SWING_MISSED,Player-4755-01AC9FD9,"Alexinho-Dreadmist",0x514,0x0,Creature-0-4457-249-1045-10184-000028665C,"Onyxia",0x10a48,0x0,MISS,nil
4/28 18:51:32.735  SPELL_CAST_START,Player-4755-020BD78D,"Lonehunter-Dreadmist",0x514,0x0,0000000000000000,nil,0x80000000,0x80000000,75,"Auto Shot",0x1
4/28 18:51:32.750  SPELL_CAST_SUCCESS,Pet-0-4457-249-1045-2850-01001956F9,"Kratos",0x1114,0x0,Creature-0-4457-249-1045-10184-000028665C,"Onyxia",0x10a48,0x0,3009,"Claw",0x1,Pet-0-4457-249-1045-2850-01001956F9,Player-4755-0178F576,55,100,0,0,0,-1,0,0,0,11.68,-178.00,0,4.6435,66
4/28 18:51:32.750  SPELL_MISSED,Pet-0-4457-249-1045-2850-01001956F9,"Kratos",0x1114,0x0,Creature-0-4457-249-1045-10184-000028665C,"Onyxia",0x10a48,0x0,3009,"Claw",0x1,PARRY,nil
4/28 18:51:32.766  SPELL_PERIODIC_ENERGIZE,Player-4755-01802FE5,"Angrybat-Dreadmist",0x514,0x0,Player-4755-01802FE5,"Angrybat-Dreadmist",0x514,0x0,18194,"Mana Regeneration",0x1,Player-4755-01802FE5,0000000000000000,57,100,0,0,0,-1,0,0,0,0.15,-175.12,0,2.4408,66,8.0000,0.0000,0,6033
4/28 18:51:32.801  SPELL_CAST_START,Player-4755-02045EF4,"Necrosini-Dreadmist",0x512,0x0,0000000000000000,nil,0x80000000,0x80000000,6064,"Heal",0x2
4/28 18:51:32.855  SPELL_AURA_REFRESH,Player-4755-0160BD13,"Mafkees-Dreadmist",0x514,0x0,Creature-0-4457-249-1045-10184-000028665C,"Onyxia",0x10a48,0x0,12721,"Deep Wound",0x1,DEBUFF
4/28 18:51:32.855  SPELL_ENERGIZE,Player-4755-01733879,"Hocwar-Dreadmist",0x40514,0x0,Player-4755-01733879,"Hocwar-Dreadmist",0x40514,0x0,12964,"Unbridled Wrath",0x1,Player-4755-01733879,0000000000000000,91,100,0,0,0,-1,0,0,0,8.52,-195.28,0,5.2906,71,1.0000,0.0000,1,1000
4/28 18:51:32.855  SWING_DAMAGE_LANDED,Player-4755-01840577,"Raggèn-Dreadmist",0x514,0x0,Creature-0-4457-249-1045-10184-000028665C,"Onyxia",0x10a48,0x0,Creature-0-4457-249-1045-10184-000028665C,0000000000000000,32,100,0,0,0,-1,0,0,0,9.96,-202.99,0,0.0136,63,740,469,-1,1,0,0,0,1,nil,nil
4/28 18:51:32.855  SWING_DAMAGE_LANDED,Player-4755-01840577,"Raggèn-Dreadmist",0x514,0x0,Creature-0-4457-249-1045-10184-000028665C,"Onyxia",0x10a48,0x0,Creature-0-4457-249-1045-10184-000028665C,0000000000000000,32,100,0,0,0,-1,0,0,0,9.96,-202.99,0,0.0136,63,863,548,-1,1,0,0,0,1,nil,nil
4/28 18:51:32.855  SPELL_ENERGIZE,Player-4755-01FA8DD8,"Roackerita-Dreadmist",0x514,0x0,Player-4755-01FA8DD8,"Roackerita-Dreadmist",0x514,0x0,17531,"Restore Mana",0x1,Player-4755-01FA8DD8,0000000000000000,100,100,0,0,0,-1,0,0,0,25.15,-185.45,0,5.3096,69,2103.0000,0.0000,0,6736
4/28 18:51:32.855  SWING_DAMAGE_LANDED,Player-4755-01AC9FD9,"Alexinho-Dreadmist",0x514,0x0,Creature-0-4457-249-1045-10184-000028665C,"Onyxia",0x10a48,0x0,Creature-0-4457-249-1045-10184-000028665C,0000000000000000,32,100,0,0,0,-1,0,0,0,9.96,-202.99,0,0.0136,63,607,377,-1,1,0,0,0,1,nil,nil
4/28 18:51:32.855  SPELL_DAMAGE,Player-4755-01AC9FD9,"Alexinho-Dreadmist",0x514,0x0,Creature-0-4457-249-1045-10184-000028665C,"Onyxia",0x10a48,0x0,11294,"Sinister Strike",0x1,Creature-0-4457-249-1045-10184-000028665C,0000000000000000,32,100,0,0,0,-1,0,0,0,9.96,-202.99,0,0.0136,63,369,467,-1,1,0,0,0,nil,nil,nil
4/28 18:51:32.855  SWING_DAMAGE,Player-4755-01AC9FD9,"Alexinho-Dreadmist",0x514,0x0,Creature-0-4457-249-1045-10184-000028665C,"Onyxia",0x10a48,0x0,Player-4755-01AC9FD9,0000000000000000,66,100,0,0,0,-1,0,0,0,11.69,-213.36,0,1.6114,66,136,207,-1,1,0,0,0,nil,1,nil
4/28 18:51:32.855  SPELL_AURA_REMOVED,Player-4755-01F21AE6,"Blahu-Dreadmist",0x40514,0x0,Player-4755-01F21AE6,"Blahu-Dreadmist",0x40514,0x0,2458,"Berserker Stance",0x1,BUFF
4/28 18:51:32.855  SPELL_AURA_APPLIED,Player-4755-01F21AE6,"Blahu-Dreadmist",0x40514,0x0,Player-4755-01F21AE6,"Blahu-Dreadmist",0x40514,0x0,71,"Defensive Stance",0x1,BUFF
4/28 18:51:32.855  SPELL_CAST_SUCCESS,Player-4755-01F21AE6,"Blahu-Dreadmist",0x40514,0x0,0000000000000000,nil,0x80000000,0x80000000,71,"Defensive Stance",0x1,Player-4755-01F21AE6,0000000000000000,88,100,0,0,0,-1,0,0,0,20.32,-201.58,0,3.4077,70
4/28 18:51:32.880  SWING_MISSED,Player-4755-0220BD00,"Krikoff-Dreadmist",0x40514,0x0,Creature-0-4457-249-1045-10184-000028665C,"Onyxia",0x10a48,0x0,PARRY,1
4/28 18:51:32.943  SWING_DAMAGE,Pet-0-4457-249-1045-2850-01001956F9,"Kratos",0x1114,0x0,Creature-0-4457-249-1045-10184-000028665C,"Onyxia",0x10a48,0x0,Pet-0-4457-249-1045-2850-01001956F9,Player-4755-0178F576,55,100,0,0,0,-1,0,0,0,11.68,-178.00,0,4.6435,66,39,73,-1,1,0,0,0,nil,1,nil
4/28 18:51:33.113  SPELL_CAST_SUCCESS,Player-4755-016DF694,"Ashalan-Dreadmist",0x514,0x0,0000000000000000,nil,0x80000000,0x80000000,10614,"Windfury Totem",0x8,Player-4755-016DF694,0000000000000000,99,100,0,0,0,-1,0,0,0,6.16,-196.24,0,5.1197,67
4/28 18:51:33.113  SPELL_SUMMON,Player-4755-016DF694,"Ashalan-Dreadmist",0x514,0x0,Creature-0-4457-249-1045-7484-0000286D25,"Windfury Totem III",0xa28,0x0,10614,"Windfury Totem",0x8
4/28 18:51:33.129  SPELL_CAST_START,Player-4755-015FEBD5,"Sauvage-Dreadmist",0x514,0x0,0000000000000000,nil,0x80000000,0x80000000,10181,"Frostbolt",0x10
4/28 18:51:33.174  SPELL_CAST_SUCCESS,Player-4755-020BD78D,"Lonehunter-Dreadmist",0x514,0x0,Creature-0-4457-249-1045-10184-000028665C,"Onyxia",0x10a48,0x0,75,"Auto Shot",0x1,Player-4755-020BD78D,0000000000000000,97,100,0,0,0,-1,0,0,0,4.85,-249.75,0,1.2265,70
4/28 18:51:33.207  SPELL_PERIODIC_ENERGIZE,Creature-0-4457-249-1045-7416-0000286CFC,"Mana Spring Totem IV",0x2114,0x0,Player-4755-016296D3,"Nivl-Dreadmist",0x514,0x0,10494,"Mana Spring",0x8,Player-4755-016296D3,0000000000000000,100,100,0,0,0,-1,0,0,0,-1.14,-172.31,0,0.9033,69,10.0000,0.0000,0,5845
4/28 18:51:33.263  SPELL_AURA_REMOVED_DOSE,Player-4755-01840577,"Raggèn-Dreadmist",0x514,0x0,Player-4755-01840577,"Raggèn-Dreadmist",0x514,0x0,16361,"Windfury Weapon",0x8,BUFF,2
4/28 18:51:33.263  SPELL_AURA_APPLIED,Player-4755-01840577,"Raggèn-Dreadmist",0x514,0x0,Player-4755-01840577,"Raggèn-Dreadmist",0x514,0x0,16280,"Flurry",0x1,BUFF
4/28 18:51:33.263  SPELL_AURA_REMOVED_DOSE,Player-4755-01840577,"Raggèn-Dreadmist",0x514,0x0,Player-4755-01840577,"Raggèn-Dreadmist",0x514,0x0,16280,"Flurry",0x1,BUFF,2
4/28 18:51:33.263  SPELL_AURA_REMOVED_DOSE,Player-4755-01840577,"Raggèn-Dreadmist",0x514,0x0,Player-4755-01840577,"Raggèn-Dreadmist",0x514,0x0,16361,"Windfury Weapon",0x8,BUFF,1
4/28 18:51:33.263  SPELL_AURA_APPLIED_DOSE,Player-4755-01840577,"Raggèn-Dreadmist",0x514,0x0,Player-4755-01840577,"Raggèn-Dreadmist",0x514,0x0,16280,"Flurry",0x1,BUFF,3
4/28 18:51:33.263  SPELL_AURA_REMOVED,Player-4755-01840577,"Raggèn-Dreadmist",0x514,0x0,Player-4755-01840577,"Raggèn-Dreadmist",0x514,0x0,16361,"Windfury Weapon",0x8,BUFF
4/28 18:51:33.263  SPELL_AURA_REMOVED_DOSE,Player-4755-01AC9FD9,"Alexinho-Dreadmist",0x514,0x0,Player-4755-01AC9FD9,"Alexinho-Dreadmist",0x514,0x0,10610,"Windfury Totem",0x8,BUFF,1
4/28 18:51:33.285  SPELL_AURA_REMOVED,Player-4755-01AC9FD9,"Alexinho-Dreadmist",0x514,0x0,Player-4755-01AC9FD9,"Alexinho-Dreadmist",0x514,0x0,10610,"Windfury Totem",0x8,BUFF
4/28 18:51:33.285  SWING_DAMAGE_LANDED,Player-4755-01AC9FD9,"Alexinho-Dreadmist",0x514,0x0,Creature-0-4457-249-1045-10184-000028665C,"Onyxia",0x10a48,0x0,Creature-0-4457-249-1045-10184-000028665C,0000000000000000,32,100,0,0,0,-1,0,0,0,9.96,-202.99,0,0.0136,63,136,207,-1,1,0,0,0,nil,1,nil
4/28 18:51:33.285  SWING_DAMAGE_LANDED,Pet-0-4457-249-1045-2850-01001956F9,"Kratos",0x1114,0x0,Creature-0-4457-249-1045-10184-000028665C,"Onyxia",0x10a48,0x0,Creature-0-4457-249-1045-10184-000028665C,0000000000000000,32,100,0,0,0,-1,0,0,0,9.96,-202.99,0,0.0136,63,39,73,-1,1,0,0,0,nil,1,nil
4/28 18:51:33.285  SPELL_AURA_APPLIED,Player-4755-0210153A,"Hapuseneb-Dreadmist",0x514,0x0,Player-4755-0210153A,"Hapuseneb-Dreadmist",0x514,0x0,10929,"Renew",0x2,BUFF
4/28 18:51:33.285  SPELL_CAST_SUCCESS,Player-4755-0210153A,"Hapuseneb-Dreadmist",0x514,0x0,Player-4755-0210153A,"Hapuseneb-Dreadmist",0x514,0x0,10929,"Renew",0x2,Player-4755-0210153A,0000000000000000,60,100,0,0,0,-1,0,0,0,6.10,-239.11,0,1.0092,66
4/28 18:51:33.288  SPELL_CAST_SUCCESS,Creature-0-4457-249-1045-10184-000028665C,"Onyxia",0x10a48,0x0,Player-4755-0220BD00,"Krikoff-Dreadmist",0x40514,0x0,19983,"Cleave",0x1,Creature-0-4457-249-1045-10184-000028665C,0000000000000000,32,100,0,0,0,-1,0,0,0,9.96,-202.99,0,0.0136,63
4/28 18:51:33.311  SPELL_AURA_REMOVED,Player-4755-0160BD13,"Mafkees-Dreadmist",0x514,0x0,Player-4755-0160BD13,"Mafkees-Dreadmist",0x514,0x0,10610,"Windfury Totem",0x8,BUFF
4/28 18:51:33.391  SPELL_CAST_START,Player-4755-01614AC7,"Mirrimazduur-Dreadmist",0x512,0x0,0000000000000000,nil,0x80000000,0x80000000,5019,"Shoot",0x1
4/28 18:51:33.442  SPELL_CAST_SUCCESS,Player-4755-0160BD13,"Mafkees-Dreadmist",0x514,0x0,Creature-0-4457-249-1045-10184-000028665C,"Onyxia",0x10a48,0x0,7373,"Hamstring",0x1,Player-4755-0160BD13,0000000000000000,100,100,0,0,0,-1,0,0,0,9.47,-214.05,0,1.3022,64
4/28 18:51:33.442  SPELL_AURA_APPLIED,Player-4755-0160BD13,"Mafkees-Dreadmist",0x514,0x0,Player-4755-0160BD13,"Mafkees-Dreadmist",0x514,0x0,10610,"Windfury Totem",0x8,BUFF
4/28 18:51:33.442  SPELL_EXTRA_ATTACKS,Player-4755-0160BD13,"Mafkees-Dreadmist",0x514,0x0,Player-4755-0160BD13,"Mafkees-Dreadmist",0x514,0x0,10610,"Windfury Totem",0x8,1
4/28 18:51:33.476  SWING_DAMAGE,Player-4755-0160BD13,"Mafkees-Dreadmist",0x514,0x0,Creature-0-4457-249-1045-10184-000028665C,"Onyxia",0x10a48,0x0,Player-4755-0160BD13,0000000000000000,100,100,0,0,0,-1,0,0,0,9.47,-214.05,0,1.3022,64,463,587,-1,1,0,0,0,nil,nil,nil
4/28 18:51:33.476  SWING_DAMAGE,Player-4755-01A6B139,"Sakatan-Dreadmist",0x514,0x0,Creature-0-4457-249-1045-10184-000028665C,"Onyxia",0x10a48,0x0,Player-4755-01A6B139,0000000000000000,69,100,0,0,0,-1,0,0,0,-0.47,-187.12,0,5.3179,69,263,163,-1,1,0,0,0,1,nil,nil
4/28 18:51:33.492  SPELL_CAST_SUCCESS,Player-4755-01ED7A64,"Sperzieboon-Dreadmist",0x514,0x0,Player-4755-0178F416,"Eltorero-Dreadmist",0x514,0x0,6063,"Heal",0x2,Player-4755-01ED7A64,0000000000000000,38,100,0,0,0,-1,0,0,0,13.52,-228.77,0,1.2071,67
4/28 18:51:33.492  SPELL_CAST_START,Player-4755-01ED7A64,"Sperzieboon-Dreadmist",0x514,0x0,0000000000000000,nil,0x80000000,0x80000000,10917,"Flash Heal",0x2
4/28 18:51:33.592  SPELL_AURA_REMOVED,Player-4755-01733879,"Hocwar-Dreadmist",0x40514,0x0,Player-4755-01733879,"Hocwar-Dreadmist",0x40514,0x0,2458,"Berserker Stance",0x1,BUFF
4/28 18:51:33.592  SPELL_AURA_APPLIED,Player-4755-01733879,"Hocwar-Dreadmist",0x40514,0x0,Player-4755-01733879,"Hocwar-Dreadmist",0x40514,0x0,2457,"Battle Stance",0x1,BUFF
4/28 18:51:33.592  SPELL_CAST_SUCCESS,Player-4755-01733879,"Hocwar-Dreadmist",0x40514,0x0,0000000000000000,nil,0x80000000,0x80000000,2457,"Battle Stance",0x1,Player-4755-01733879,0000000000000000,91,100,0,0,0,-1,0,0,0,7.23,-196.13,0,5.2946,71
4/28 18:51:33.611  SPELL_PERIODIC_HEAL,Player-4755-02045EF4,"Necrosini-Dreadmist",0x512,0x0,Player-4755-0178F416,"Eltorero-Dreadmist",0x514,0x0,10929,"Renew",0x2,Player-4755-0178F416,0000000000000000,100,100,0,0,0,-1,0,0,0,30.81,-207.50,0,3.1452,65,254,254,254,0,nil
4/28 18:51:33.642  SWING_DAMAGE,Pet-0-4457-249-1045-7432-01002D8BC6,"Cat",0x1114,0x0,Creature-0-4457-249-1045-10184-000028665C,"Onyxia",0x10a48,0x0,Pet-0-4457-249-1045-7432-01002D8BC6,Player-4755-01E83279,48,100,0,0,0,-1,0,0,0,-13.33,-193.99,0,5.9144,71,46,104,-1,1,0,0,0,nil,1,nil
4/28 18:51:33.660  SPELL_AURA_REMOVED_DOSE,Player-4755-0220BD00,"Krikoff-Dreadmist",0x40514,0x0,Player-4755-0220BD00,"Krikoff-Dreadmist",0x40514,0x0,12970,"Flurry",0x1,BUFF,2
4/28 18:51:33.660  SPELL_DAMAGE,Creature-0-4457-249-1045-10184-000028665C,"Onyxia",0x10a48,0x0,Player-4755-01F21AE6,"Blahu-Dreadmist",0x40514,0x0,19983,"Cleave",0x1,Player-4755-01F21AE6,0000000000000000,76,100,0,0,0,-1,0,0,0,20.32,-201.58,0,3.3736,70,903,1774,-1,1,0,0,0,nil,nil,nil
4/28 18:51:33.660  SPELL_DAMAGE,Creature-0-4457-249-1045-10184-000028665C,"Onyxia",0x10a48,0x0,Player-4755-0220BD00,"Krikoff-Dreadmist",0x40514,0x0,19983,"Cleave",0x1,Player-4755-0220BD00,0000000000000000,70,100,0,0,0,-1,0,0,0,24.98,-197.31,0,3.9467,68,851,1692,-1,1,0,0,0,nil,nil,nil
4/28 18:51:33.660  SPELL_DAMAGE,Player-4755-0160BD13,"Mafkees-Dreadmist",0x514,0x0,Creature-0-4457-249-1045-10184-000028665C,"Onyxia",0x10a48,0x0,7373,"Hamstring",0x1,Creature-0-4457-249-1045-10184-000028665C,0000000000000000,32,100,0,0,0,-1,0,0,0,9.96,-202.99,0,0.0136,63,80,45,-1,1,0,0,0,1,nil,nil
4/28 18:51:33.660  SWING_DAMAGE_LANDED,Player-4755-0160BD13,"Mafkees-Dreadmist",0x514,0x0,Creature-0-4457-249-1045-10184-000028665C,"Onyxia",0x10a48,0x0,Creature-0-4457-249-1045-10184-000028665C,0000000000000000,32,100,0,0,0,-1,0,0,0,9.96,-202.99,0,0.0136,63,463,587,-1,1,0,0,0,nil,nil,nil
4/28 18:51:33.660  SWING_DAMAGE_LANDED,Player-4755-01A6B139,"Sakatan-Dreadmist",0x514,0x0,Creature-0-4457-249-1045-10184-000028665C,"Onyxia",0x10a48,0x0,Creature-0-4457-249-1045-10184-000028665C,0000000000000000,32,100,0,0,0,-1,0,0,0,9.96,-202.99,0,0.0136,63,263,163,-1,1,0,0,0,1,nil,nil
4/28 18:51:33.660  SPELL_HEAL,Player-4755-01ED7A64,"Sperzieboon-Dreadmist",0x514,0x0,Player-4755-0178F416,"Eltorero-Dreadmist",0x514,0x0,6063,"Heal",0x2,Player-4755-0178F416,0000000000000000,100,100,0,0,0,-1,0,0,0,30.54,-207.76,0,3.1452,65,1207,1207,1207,0,nil
4/28 18:51:33.660  SWING_DAMAGE_LANDED,Pet-0-4457-249-1045-7432-01002D8BC6,"Cat",0x1114,0x0,Creature-0-4457-249-1045-10184-000028665C,"Onyxia",0x10a48,0x0,Creature-0-4457-249-1045-10184-000028665C,0000000000000000,32,100,0,0,0,-1,0,0,0,9.96,-202.99,0,0.0136,63,46,104,-1,1,0,0,0,nil,1,nil
4/28 18:51:33.681  SPELL_CAST_SUCCESS,Player-4755-01637B0A,"Pindle-Dreadmist",0x514,0x0,Creature-0-4457-249-1045-10184-000028665C,"Onyxia",0x10a48,0x0,11281,"Backstab",0x1,Player-4755-01637B0A,0000000000000000,60,100,0,0,0,-1,0,0,0,7.81,-197.49,0,5.3842,65
4/28 18:51:33.681  SPELL_PERIODIC_HEAL,Player-4755-0220BD00,"Krikoff-Dreadmist",0x40514,0x0,Player-4755-0220BD00,"Krikoff-Dreadmist",0x40514,0x0,24427,"Diamond Flask",0x8,Player-4755-0220BD00,0000000000000000,71,100,0,0,0,-1,0,0,0,24.98,-197.31,0,3.9467,68,9,9,0,0,nil
4/28 18:51:33.697  SWING_DAMAGE,Player-4755-01733879,"Hocwar-Dreadmist",0x40514,0x0,Creature-0-4457-249-1045-10184-000028665C,"Onyxia",0x10a48,0x0,Player-4755-01733879,0000000000000000,91,100,0,0,0,-1,0,0,0,7.23,-196.13,0,5.2946,71,154,228,-1,1,0,0,0,nil,1,nil
4/28 18:51:33.713  SWING_DAMAGE,Player-4755-01637B0A,"Pindle-Dreadmist",0x514,0x0,Creature-0-4457-249-1045-10184-000028665C,"Onyxia",0x10a48,0x0,Player-4755-01637B0A,0000000000000000,60,100,0,0,0,-1,0,0,0,7.69,-197.33,0,5.3892,65,120,163,-1,1,0,0,0,nil,1,nil
4/28 18:51:33.835  SPELL_PERIODIC_ENERGIZE,Creature-0-4457-249-1045-7416-0000286CFC,"Mana Spring Totem IV",0x2114,0x0,Player-4755-0178F576,"Atreas-Dreadmist",0x514,0x0,10494,"Mana Spring",0x8,Player-4755-0178F576,0000000000000000,100,100,0,0,0,-1,0,0,0,8.60,-174.87,0,3.8269,66,10.0000,0.0000,0,3765
4/28 18:51:33.835  SWING_DAMAGE,Player-4755-01F21AE6,"Blahu-Dreadmist",0x40514,0x0,Creature-0-4457-249-1045-10184-000028665C,"Onyxia",0x10a48,0x0,Player-4755-01F21AE6,0000000000000000,76,100,0,0,0,-1,0,0,0,19.54,-202.27,0,3.3422,70,108,155,-1,1,0,0,0,nil,1,nil
4/28 18:51:33.854  SPELL_CAST_START,Player-4755-01BC57A3,"Saintis-Dreadmist",0x511,0x0,0000000000000000,nil,0x80000000,0x80000000,6063,"Heal",0x2
4/28 18:51:33.892  SPELL_CAST_SUCCESS,Player-4755-01614AC7,"Mirrimazduur-Dreadmist",0x512,0x0,Creature-0-4457-249-1045-10184-000028665C,"Onyxia",0x10a48,0x0,5019,"Shoot",0x1,Player-4755-01614AC7,0000000000000000,62,100,0,0,0,-1,0,0,0,8.45,-170.61,0,4.7739,68
4/28 18:51:33.925  SWING_MISSED,Player-4755-01733879,"Hocwar-Dreadmist",0x40514,0x0,Creature-0-4457-249-1045-10184-000028665C,"Onyxia",0x10a48,0x0,MISS,1
4/28 18:51:33.925  SWING_DAMAGE,Player-4755-0220BD00,"Krikoff-Dreadmist",0x40514,0x0,Creature-0-4457-249-1045-10184-000028665C,"Onyxia",0x10a48,0x0,Player-4755-0220BD00,0000000000000000,71,100,0,0,0,-1,0,0,0,24.98,-197.31,0,4.0998,68,294,416,-1,1,0,0,0,nil,1,nil
4/28 18:51:33.943  SWING_MISSED,Pet-0-4457-249-1045-2850-01001956F9,"Kratos",0x1114,0x0,Creature-0-4457-249-1045-10184-000028665C,"Onyxia",0x10a48,0x0,MISS,nil
4/28 18:51:33.943  SWING_DAMAGE,Player-4755-016DF694,"Ashalan-Dreadmist",0x514,0x0,Creature-0-4457-249-1045-10184-000028665C,"Onyxia",0x10a48,0x0,Player-4755-016DF694,0000000000000000,99,100,0,0,0,-1,0,0,0,6.16,-196.24,0,5.3805,67,810,513,-1,1,0,0,0,1,nil,nil
4/28 18:51:34.060  SPELL_CAST_SUCCESS,Player-4755-016296D3,"Nivl-Dreadmist",0x514,0x0,Player-4755-01802FE5,"Angrybat-Dreadmist",0x514,0x0,1064,"Chain Heal",0x8,Player-4755-016296D3,0000000000000000,100,100,0,0,0,-1,0,0,0,-1.14,-172.31,0,0.9033,69
4/28 18:51:34.060  SPELL_CAST_START,Player-4755-016296D3,"Nivl-Dreadmist",0x514,0x0,0000000000000000,nil,0x80000000,0x80000000,1064,"Chain Heal",0x8
4/28 18:51:34.081  DAMAGE_SHIELD_MISSED,Player-4755-0220BD00,"Krikoff-Dreadmist",0x40514,0x0,Creature-0-4457-249-1045-10184-000028665C,"Onyxia",0x10a48,0x0,11771,"Fire Shield",0x4,IMMUNE,nil
4/28 18:51:34.081  SPELL_AURA_REMOVED_DOSE,Player-4755-0160BD13,"Mafkees-Dreadmist",0x514,0x0,Player-4755-0160BD13,"Mafkees-Dreadmist",0x514,0x0,23888,"Bloodthirst",0x1,BUFF,2
4/28 18:51:34.081  SPELL_AURA_REFRESH,Player-4755-0160BD13,"Mafkees-Dreadmist",0x514,0x0,Player-4755-0160BD13,"Mafkees-Dreadmist",0x514,0x0,12970,"Flurry",0x1,BUFF
4/28 18:51:34.081  SPELL_HEAL,Player-4755-0160BD13,"Mafkees-Dreadmist",0x514,0x0,Player-4755-0160BD13,"Mafkees-Dreadmist",0x514,0x0,23891,"Bloodthirst",0x1,Player-4755-0160BD13,0000000000000000,100,100,0,0,0,-1,0,0,0,8.06,-214.54,0,1.3415,64,20,20,20,0,nil
4/28 18:51:34.081  SPELL_AURA_REMOVED_DOSE,Player-4755-0160BD13,"Mafkees-Dreadmist",0x514,0x0,Player-4755-0160BD13,"Mafkees-Dreadmist",0x514,0x0,23888,"Bloodthirst",0x1,BUFF,1
4/28 18:51:34.081  SPELL_AURA_REMOVED_DOSE,Player-4755-0160BD13,"Mafkees-Dreadmist",0x514,0x0,Player-4755-0160BD13,"Mafkees-Dreadmist",0x514,0x0,10610,"Windfury Totem",0x8,BUFF,1
4/28 18:51:34.081  SPELL_AURA_REMOVED_DOSE,Player-4755-0160BD13,"Mafkees-Dreadmist",0x514,0x0,Player-4755-0160BD13,"Mafkees-Dreadmist",0x514,0x0,12970,"Flurry",0x1,BUFF,2
4/28 18:51:34.081  SPELL_HEAL,Player-4755-0160BD13,"Mafkees-Dreadmist",0x514,0x0,Player-4755-0160BD13,"Mafkees-Dreadmist",0x514,0x0,23891,"Bloodthirst",0x1,Player-4755-0160BD13,0000000000000000,100,100,0,0,0,-1,0,0,0,8.06,-214.54,0,1.3415,64,20,20,20,0,nil
4/28 18:51:34.081  SPELL_DAMAGE,Player-4755-01637B0A,"Pindle-Dreadmist",0x514,0x0,Creature-0-4457-249-1045-10184-000028665C,"Onyxia",0x10a48,0x0,11281,"Backstab",0x1,Creature-0-4457-249-1045-10184-000028665C,0000000000000000,31,100,0,0,0,-1,0,0,0,9.96,-202.99,0,0.0136,63,458,582,-1,1,0,0,0,nil,nil,nil
4/28 18:51:34.081  SWING_DAMAGE_LANDED,Player-4755-01733879,"Hocwar-Dreadmist",0x40514,0x0,Creature-0-4457-249-1045-10184-000028665C,"Onyxia",0x10a48,0x0,Creature-0-4457-249-1045-10184-000028665C,0000000000000000,31,100,0,0,0,-1,0,0,0,9.96,-202.99,0,0.0136,63,154,228,-1,1,0,0,0,nil,1,nil
4/28 18:51:34.081  SWING_DAMAGE_LANDED,Player-4755-01637B0A,"Pindle-Dreadmist",0x514,0x0,Creature-0-4457-249-1045-10184-000028665C,"Onyxia",0x10a48,0x0,Creature-0-4457-249-1045-10184-000028665C,0000000000000000,31,100,0,0,0,-1,0,0,0,9.96,-202.99,0,0.0136,63,120,163,-1,1,0,0,0,nil,1,nil
4/28 18:51:34.081  SWING_DAMAGE_LANDED,Player-4755-01F21AE6,"Blahu-Dreadmist",0x40514,0x0,Creature-0-4457-249-1045-10184-000028665C,"Onyxia",0x10a48,0x0,Creature-0-4457-249-1045-10184-000028665C,0000000000000000,31,100,0,0,0,-1,0,0,0,9.96,-202.99,0,0.0136,63,108,155,-1,1,0,0,0,nil,1,nil
4/28 18:51:34.081  SWING_DAMAGE_LANDED,Player-4755-0220BD00,"Krikoff-Dreadmist",0x40514,0x0,Creature-0-4457-249-1045-10184-000028665C,"Onyxia",0x10a48,0x0,Creature-0-4457-249-1045-10184-000028665C,0000000000000000,31,100,0,0,0,-1,0,0,0,9.96,-202.99,0,0.0136,63,294,416,-1,1,0,0,0,nil,1,nil
4/28 18:51:34.081  SWING_DAMAGE_LANDED,Player-4755-016DF694,"Ashalan-Dreadmist",0x514,0x0,Creature-0-4457-249-1045-10184-000028665C,"Onyxia",0x10a48,0x0,Creature-0-4457-249-1045-10184-000028665C,0000000000000000,31,100,0,0,0,-1,0,0,0,9.96,-202.99,0,0.0136,63,810,513,-1,1,0,0,0,1,nil,nil
4/28 18:51:34.085  SPELL_HEAL,Player-4755-016296D3,"Nivl-Dreadmist",0x514,0x0,Player-4755-01804B95,"Moymoy-Dreadmist",0x514,0x0,1064,"Chain Heal",0x8,Player-4755-01804B95,0000000000000000,72,100,0,0,0,-1,0,0,0,10.29,-179.34,0,4.6234,66,290,290,0,0,nil
4/28 18:51:34.085  SPELL_HEAL,Player-4755-016296D3,"Nivl-Dreadmist",0x514,0x0,Player-4755-01614AC7,"Mirrimazduur-Dreadmist",0x512,0x0,1064,"Chain Heal",0x8,Player-4755-01614AC7,0000000000000000,73,100,0,0,0,-1,0,0,0,8.45,-170.61,0,4.7739,68,447,447,0,0,nil
4/28 18:51:34.085  SPELL_HEAL,Player-4755-016296D3,"Nivl-Dreadmist",0x514,0x0,Player-4755-01802FE5,"Angrybat-Dreadmist",0x514,0x0,1064,"Chain Heal",0x8,Player-4755-01802FE5,0000000000000000,89,100,0,0,0,-1,0,0,0,0.15,-175.12,0,2.4408,64,1019,1019,0,0,1
4/28 18:51:34.085  SPELL_PERIODIC_HEAL,Player-4755-01BC57A3,"Saintis-Dreadmist",0x511,0x0,Player-4755-0220BD00,"Krikoff-Dreadmist",0x40514,0x0,10929,"Renew",0x2,Player-4755-0220BD00,0000000000000000,74,100,0,0,0,-1,0,0,0,24.98,-197.31,0,4.1194,68,305,305,0,0,nil
4/28 18:51:34.085  SPELL_AURA_REMOVED,Player-4755-01BC57A3,"Saintis-Dreadmist",0x511,0x0,Player-4755-0220BD00,"Krikoff-Dreadmist",0x40514,0x0,10929,"Renew",0x2,BUFF
4/28 18:51:34.112  SPELL_PERIODIC_ENERGIZE,Player-4755-01BC57A3,"Saintis-Dreadmist",0x511,0x0,Player-4755-01BC57A3,"Saintis-Dreadmist",0x511,0x0,18194,"Mana Regeneration",0x1,Player-4755-01BC57A3,0000000000000000,67,100,0,0,0,-1,0,0,0,10.10,-227.47,0,1.5711,68,8.0000,0.0000,0,7212
4/28 18:51:34.245  SWING_DAMAGE,Player-4755-01AC9FD9,"Alexinho-Dreadmist",0x514,0x0,Creature-0-4457-249-1045-10184-000028665C,"Onyxia",0x10a48,0x0,Player-4755-01AC9FD9,0000000000000000,66,100,0,0,0,-1,0,0,0,11.63,-211.85,0,1.6114,66,275,171,-1,1,0,0,0,1,nil,nil
4/28 18:51:34.245  SPELL_CAST_START,Player-4755-01E83279,"Nlmasters-Dreadmist",0x514,0x8,0000000000000000,nil,0x80000000,0x80000000,75,"Auto Shot",0x1
4/28 18:51:34.284  SWING_DAMAGE,Player-4755-01637B0A,"Pindle-Dreadmist",0x514,0x0,Creature-0-4457-249-1045-10184-000028665C,"Onyxia",0x10a48,0x0,Player-4755-01637B0A,0000000000000000,60,100,0,0,0,-1,0,0,0,6.38,-197.03,0,5.3558,65,72,91,-1,1,0,0,0,nil,nil,nil
4/28 18:51:34.284  SPELL_CAST_SUCCESS,Player-4755-01840577,"Raggèn-Dreadmist",0x514,0x0,0000000000000000,nil,0x80000000,0x80000000,8143,"Tremor Totem",0x8,Player-4755-01840577,0000000000000000,68,100,0,0,0,-1,0,0,0,16.75,-210.42,0,2.0617,67
4/28 18:51:34.284  SPELL_SUMMON,Player-4755-01840577,"Raggèn-Dreadmist",0x514,0x0,Creature-0-4457-249-1045-5913-0000286D26,"Tremor Totem",0xa28,0x0,8143,"Tremor Totem",0x8
4/28 18:51:34.284  SPELL_CAST_START,Player-4755-020BD78D,"Lonehunter-Dreadmist",0x514,0x0,0000000000000000,nil,0x80000000,0x80000000,20904,"Aimed Shot",0x1
4/28 18:51:34.284  SPELL_CAST_SUCCESS,Player-4755-0163DD9D,"Kaspais-Dreadmist",0x514,0x0,Creature-0-4457-249-1045-10184-000028665C,"Onyxia",0x10a48,0x0,10181,"Frostbolt",0x10,Player-4755-0163DD9D,0000000000000000,100,100,0,0,0,-1,0,0,0,14.87,-171.73,0,4.6117,66
4/28 18:51:34.284  SPELL_CAST_START,Player-4755-0163DD9D,"Kaspais-Dreadmist",0x514,0x0,0000000000000000,nil,0x80000000,0x80000000,10181,"Frostbolt",0x10
4/28 18:51:34.319  SPELL_CAST_SUCCESS,Player-4755-01F21AE6,"Blahu-Dreadmist",0x40514,0x0,Creature-0-4457-249-1045-10184-000028665C,"Onyxia",0x10a48,0x0,11597,"Sunder Armor",0x1,Player-4755-01F21AE6,0000000000000000,76,100,0,0,0,-1,0,0,0,18.55,-205.48,0,3.0464,70
4/28 18:51:34.350  RANGE_DAMAGE,Player-4755-020BD78D,"Lonehunter-Dreadmist",0x514,0x0,Creature-0-4457-249-1045-10184-000028665C,"Onyxia",0x10a48,0x0,75,"Auto Shot",0x1,Creature-0-4457-249-1045-10184-000028665C,0000000000000000,31,100,0,0,0,-1,0,0,0,9.96,-202.99,0,0.0136,63,387,491,-1,1,0,0,0,nil,nil,nil
4/28 18:51:34.418  SPELL_AURA_APPLIED,Player-4755-01733879,"Hocwar-Dreadmist",0x40514,0x0,Player-4755-01733879,"Hocwar-Dreadmist",0x40514,0x0,29131,"Bloodrage",0x1,BUFF
4/28 18:51:34.418  SPELL_CAST_SUCCESS,Player-4755-01733879,"Hocwar-Dreadmist",0x40514,0x0,0000000000000000,nil,0x80000000,0x80000000,2687,"Bloodrage",0x1,Player-4755-01733879,0000000000000000,91,100,0,0,0,-1,0,0,0,7.23,-196.13,0,5.2946,71
4/28 18:51:34.451  SWING_DAMAGE,Player-4755-01A6B139,"Sakatan-Dreadmist",0x514,0x0,Creature-0-4457-249-1045-10184-000028665C,"Onyxia",0x10a48,0x0,Player-4755-01A6B139,0000000000000000,69,100,0,0,0,-1,0,0,0,0.21,-188.08,0,5.3375,69,179,229,-1,1,0,0,0,nil,1,nil
4/28 18:51:34.487  SPELL_AURA_REFRESH,Player-4755-0160BD13,"Mafkees-Dreadmist",0x514,0x0,Creature-0-4457-249-1045-10184-000028665C,"Onyxia",0x10a48,0x0,12721,"Deep Wound",0x1,DEBUFF
4/28 18:51:34.487  SPELL_ENERGIZE,Player-4755-0160BD13,"Mafkees-Dreadmist",0x514,0x0,Player-4755-0160BD13,"Mafkees-Dreadmist",0x514,0x0,12964,"Unbridled Wrath",0x1,Player-4755-0160BD13,0000000000000000,100,100,0,0,0,-1,0,0,0,5.99,-214.62,0,1.3297,64,1.0000,0.0000,1,1000
4/28 18:51:34.487  SPELL_AURA_REMOVED_DOSE,Player-4755-0220BD00,"Krikoff-Dreadmist",0x40514,0x0,Player-4755-0220BD00,"Krikoff-Dreadmist",0x40514,0x0,12970,"Flurry",0x1,BUFF,1
4/28 18:51:34.487  SPELL_AURA_REMOVED_DOSE,Player-4755-0220BD00,"Krikoff-Dreadmist",0x40514,0x0,Player-4755-0220BD00,"Krikoff-Dreadmist",0x40514,0x0,23888,"Bloodthirst",0x1,BUFF,3
4/28 18:51:34.487  SPELL_HEAL,Player-4755-0220BD00,"Krikoff-Dreadmist",0x40514,0x0,Player-4755-0220BD00,"Krikoff-Dreadmist",0x40514,0x0,23891,"Bloodthirst",0x1,Player-4755-0220BD00,0000000000000000,74,100,0,0,0,-1,0,0,0,26.04,-198.19,0,3.5618,68,20,20,0,0,nil
4/28 18:51:34.487  SPELL_AURA_REMOVED_DOSE,Player-4755-016DF694,"Ashalan-Dreadmist",0x514,0x0,Player-4755-016DF694,"Ashalan-Dreadmist",0x514,0x0,16280,"Flurry",0x1,BUFF,1
4/28 18:51:34.487  SPELL_AURA_APPLIED_DOSE,Player-4755-016DF694,"Ashalan-Dreadmist",0x514,0x0,Player-4755-016DF694,"Ashalan-Dreadmist",0x514,0x0,16280,"Flurry",0x1,BUFF,3
4/28 18:51:34.487  SWING_DAMAGE_LANDED,Player-4755-01AC9FD9,"Alexinho-Dreadmist",0x514,0x0,Creature-0-4457-249-1045-10184-000028665C,"Onyxia",0x10a48,0x0,Creature-0-4457-249-1045-10184-000028665C,0000000000000000,31,100,0,0,0,-1,0,0,0,9.96,-202.99,0,0.0136,63,275,171,-1,1,0,0,0,1,nil,nil
4/28 18:51:34.487  SWING_DAMAGE_LANDED,Player-4755-01637B0A,"Pindle-Dreadmist",0x514,0x0,Creature-0-4457-249-1045-10184-000028665C,"Onyxia",0x10a48,0x0,Creature-0-4457-249-1045-10184-000028665C,0000000000000000,31,100,0,0,0,-1,0,0,0,9.96,-202.99,0,0.0136,63,72,91,-1,1,0,0,0,nil,nil,nil
4/28 18:51:34.487  SPELL_DAMAGE,Player-4755-01637B0A,"Pindle-Dreadmist",0x514,0x0,Creature-0-4457-249-1045-10184-000028665C,"Onyxia",0x10a48,0x0,11337,"Instant Poison VI",0x8,Creature-0-4457-249-1045-10184-000028665C,0000000000000000,31,100,0,0,0,-1,0,0,0,9.96,-202.99,0,0.0136,63,124,124,-1,8,0,0,0,nil,nil,nil
4/28 18:51:34.487  SPELL_ENERGIZE,Player-4755-01733879,"Hocwar-Dreadmist",0x40514,0x0,Player-4755-01733879,"Hocwar-Dreadmist",0x40514,0x0,2687,"Bloodrage",0x1,Player-4755-01733879,0000000000000000,85,100,0,0,0,-1,0,0,0,7.23,-196.13,0,5.2946,71,15.0000,0.0000,1,1000
4/28 18:51:34.487  SWING_DAMAGE_LANDED,Player-4755-01A6B139,"Sakatan-Dreadmist",0x514,0x0,Creature-0-4457-249-1045-10184-000028665C,"Onyxia",0x10a48,0x0,Creature-0-4457-249-1045-10184-000028665C,0000000000000000,31,100,0,0,0,-1,0,0,0,9.96,-202.99,0,0.0136,63,179,229,-1,1,0,0,0,nil,1,nil
4/28 18:51:34.511  SPELL_AURA_REMOVED,Player-4755-01ED7A64,"Sperzieboon-Dreadmist",0x514,0x0,Player-4755-01ED7A64,"Sperzieboon-Dreadmist",0x514,0x0,7744,"Will of the Forsaken",0x1,BUFF
4/28 18:51:34.533  SPELL_AURA_APPLIED,Player-4755-01802FE5,"Angrybat-Dreadmist",0x514,0x0,Player-4755-01802FE5,"Angrybat-Dreadmist",0x514,0x0,12051,"Evocation",0x40,BUFF
4/28 18:51:34.533  SPELL_CAST_SUCCESS,Player-4755-01802FE5,"Angrybat-Dreadmist",0x514,0x0,0000000000000000,nil,0x80000000,0x80000000,12051,"Evocation",0x40,Player-4755-01802FE5,0000000000000000,89,100,0,0,0,-1,0,0,0,0.15,-175.12,0,2.4408,64
4/28 18:51:34.533  SPELL_CAST_SUCCESS,Player-4755-01AC9FD9,"Alexinho-Dreadmist",0x514,0x0,Creature-0-4457-249-1045-10184-000028665C,"Onyxia",0x10a48,0x0,11294,"Sinister Strike",0x1,Player-4755-01AC9FD9,0000000000000000,66,100,0,0,0,-1,0,0,0,11.63,-211.85,0,1.6114,66
4/28 18:51:34.566  SPELL_AURA_REMOVED,Player-4755-01F21AE6,"Blahu-Dreadmist",0x40514,0x0,Player-4755-01F21AE6,"Blahu-Dreadmist",0x40514,0x0,12328,"Death Wish",0x1,DEBUFF
4/28 18:51:34.615  SPELL_CAST_SUCCESS,Player-4755-016DF694,"Ashalan-Dreadmist",0x514,0x0,0000000000000000,nil,0x80000000,0x80000000,10538,"Fire Resistance Totem",0x10,Player-4755-016DF694,0000000000000000,99,100,0,0,0,-1,0,0,0,6.16,-196.24,0,5.3271,67
4/28 18:51:34.615  SPELL_SUMMON,Player-4755-016DF694,"Ashalan-Dreadmist",0x514,0x0,Creature-0-4457-249-1045-7425-0000286D26,"Fire Resistance Totem III",0xa28,0x0,10538,"Fire Resistance Totem",0x10
4/28 18:51:34.694  SPELL_CAST_SUCCESS,Player-4755-01E83279,"Nlmasters-Dreadmist",0x514,0x8,Creature-0-4457-249-1045-10184-000028665C,"Onyxia",0x10a48,0x0,75,"Auto Shot",0x1,Player-4755-01E83279,0000000000000000,70,100,0,0,0,-1,0,0,0,12.07,-248.89,0,1.5385,71
4/28 18:51:34.710  SPELL_AURA_APPLIED,Player-4755-01AC9FD9,"Alexinho-Dreadmist",0x514,0x0,Player-4755-01AC9FD9,"Alexinho-Dreadmist",0x514,0x0,10610,"Windfury Totem",0x8,BUFF
4/28 18:51:34.710  SPELL_EXTRA_ATTACKS,Player-4755-01AC9FD9,"Alexinho-Dreadmist",0x514,0x0,Player-4755-01AC9FD9,"Alexinho-Dreadmist",0x514,0x0,10610,"Windfury Totem",0x8,1
4/28 18:51:34.710  SWING_DAMAGE,Player-4755-01AC9FD9,"Alexinho-Dreadmist",0x514,0x0,Creature-0-4457-249-1045-10184-000028665C,"Onyxia",0x10a48,0x0,Player-4755-01AC9FD9,0000000000000000,66,100,0,0,0,-1,0,0,0,11.63,-211.85,0,1.6114,66,276,400,-1,1,0,0,0,nil,1,nil
4/28 18:51:34.710  SWING_DAMAGE,Player-4755-01AC9FD9,"Alexinho-Dreadmist",0x514,0x0,Creature-0-4457-249-1045-10184-000028665C,"Onyxia",0x10a48,0x0,Player-4755-01AC9FD9,0000000000000000,66,100,0,0,0,-1,0,0,0,11.63,-211.85,0,1.6114,66,274,420,-1,1,0,0,0,nil,1,nil
4/28 18:51:34.727  SPELL_CAST_START,Player-4755-01ED7A64,"Sperzieboon-Dreadmist",0x514,0x0,0000000000000000,nil,0x80000000,0x80000000,10917,"Flash Heal",0x2
4/28 18:51:34.872  SPELL_AURA_REMOVED,Pet-0-4457-249-1045-416-01001C47E2,"Ababis",0x1114,0x0,Player-4755-01F21AE6,"Blahu-Dreadmist",0x40514,0x0,11767,"Blood Pact",0x20,BUFF
4/28 18:51:34.894  SPELL_AURA_REMOVED_DOSE,Player-4755-01AC9FD9,"Alexinho-Dreadmist",0x514,0x0,Player-4755-01AC9FD9,"Alexinho-Dreadmist",0x514,0x0,10610,"Windfury Totem",0x8,BUFF,1
4/28 18:51:34.894  SPELL_DAMAGE,Player-4755-01AC9FD9,"Alexinho-Dreadmist",0x514,0x0,Creature-0-4457-249-1045-10184-000028665C,"Onyxia",0x10a48,0x0,11294,"Sinister Strike",0x1,Creature-0-4457-249-1045-10184-000028665C,0000000000000000,31,100,0,0,0,-1,0,0,0,9.96,-202.99,0,0.0136,63,375,476,-1,1,0,0,0,nil,nil,nil
4/28 18:51:34.894  SWING_DAMAGE_LANDED,Player-4755-01AC9FD9,"Alexinho-Dreadmist",0x514,0x0,Creature-0-4457-249-1045-10184-000028665C,"Onyxia",0x10a48,0x0,Creature-0-4457-249-1045-10184-000028665C,0000000000000000,31,100,0,0,0,-1,0,0,0,9.96,-202.99,0,0.0136,63,276,400,-1,1,0,0,0,nil,1,nil
4/28 18:51:34.894  SWING_DAMAGE_LANDED,Player-4755-01AC9FD9,"Alexinho-Dreadmist",0x514,0x0,Creature-0-4457-249-1045-10184-000028665C,"Onyxia",0x10a48,0x0,Creature-0-4457-249-1045-10184-000028665C,0000000000000000,31,100,0,0,0,-1,0,0,0,9.96,-202.99,0,0.0136,63,274,420,-1,1,0,0,0,nil,1,nil
4/28 18:51:34.894  SPELL_AURA_REMOVED,Player-4755-01ED7A64,"Sperzieboon-Dreadmist",0x514,0x0,Player-4755-01ED7A64,"Sperzieboon-Dreadmist",0x514,0x0,15359,"Inspiration",0x2,BUFF
4/28 18:51:34.894  SPELL_CAST_SUCCESS,Player-4755-01733879,"Hocwar-Dreadmist",0x40514,0x0,0000000000000000,nil,0x80000000,0x80000000,11581,"Thunder Clap",0x1,Player-4755-01733879,0000000000000000,85,100,0,0,0,-1,0,0,0,7.23,-196.13,0,5.2946,71
4/28 18:51:34.916  SPELL_HEAL,Player-4755-01804B95,"Moymoy-Dreadmist",0x514,0x0,Player-4755-01804B95,"Moymoy-Dreadmist",0x514,0x0,10622,"Chain Heal",0x8,Player-4755-01804B95,0000000000000000,77,100,0,0,0,-1,0,0,0,10.29,-179.34,0,4.6234,66,206,206,0,0,nil
4/28 18:51:34.916  SPELL_CAST_SUCCESS,Player-4755-01804B95,"Moymoy-Dreadmist",0x514,0x0,Player-4755-01614AC7,"Mirrimazduur-Dreadmist",0x512,0x0,10622,"Chain Heal",0x8,Player-4755-01804B95,0000000000000000,77,100,0,0,0,-1,0,0,0,10.29,-179.34,0,4.6234,66
4/28 18:51:34.916  SPELL_CAST_START,Player-4755-01804B95,"Moymoy-Dreadmist",0x514,0x0,0000000000000000,nil,0x80000000,0x80000000,10396,"Healing Wave",0x8
4/28 18:51:34.916  SPELL_AURA_REMOVED,Player-4755-0220BD00,"Krikoff-Dreadmist",0x40514,0x0,Player-4755-0220BD00,"Krikoff-Dreadmist",0x40514,0x0,12976,"Last Stand",0x1,BUFF
4/28 18:51:34.936  SPELL_AURA_REMOVED,Player-4755-01802FE5,"Angrybat-Dreadmist",0x514,0x0,Player-4755-01802FE5,"Angrybat-Dreadmist",0x514,0x0,7744,"Will of the Forsaken",0x1,BUFF
4/28 18:51:34.955  SWING_DAMAGE,Pet-0-4457-249-1045-2850-01001956F9,"Kratos",0x1114,0x0,Creature-0-4457-249-1045-10184-000028665C,"Onyxia",0x10a48,0x0,Pet-0-4457-249-1045-2850-01001956F9,Player-4755-0178F576,55,100,0,0,0,-1,0,0,0,11.68,-178.00,0,4.6435,66,42,82,-1,1,0,0,0,nil,1,nil
4/28 18:51:34.955  SPELL_AURA_REMOVED,Player-4755-0160BD13,"Mafkees-Dreadmist",0x514,0x0,Player-4755-0160BD13,"Mafkees-Dreadmist",0x514,0x0,10610,"Windfury Totem",0x8,BUFF
4/28 18:51:34.973  SWING_MISSED,Player-4755-0220BD00,"Krikoff-Dreadmist",0x40514,0x0,Creature-0-4457-249-1045-10184-000028665C,"Onyxia",0x10a48,0x0,MISS,1
4/28 18:51:35.005  SPELL_CAST_SUCCESS,Player-4755-0160BD13,"Mafkees-Dreadmist",0x514,0x0,0000000000000000,nil,0x80000000,0x80000000,1680,"Whirlwind",0x1,Player-4755-0160BD13,0000000000000000,100,100,0,0,0,-1,0,0,0,6.02,-212.71,0,1.1412,64
4/28 18:51:35.005  SPELL_MISSED,Player-4755-0160BD13,"Mafkees-Dreadmist",0x514,0x0,Creature-0-4457-249-1045-10184-000028665C,"Onyxia",0x10a48,0x0,1680,"Whirlwind",0x1,DODGE,nil
4/28 18:51:35.054  SPELL_AURA_APPLIED,Player-4755-01F21AE6,"Blahu-Dreadmist",0x40514,0x0,Player-4755-01F21AE6,"Blahu-Dreadmist",0x40514,0x0,10610,"Windfury Totem",0x8,BUFF
4/28 18:51:35.054  SPELL_EXTRA_ATTACKS,Player-4755-01F21AE6,"Blahu-Dreadmist",0x40514,0x0,Player-4755-01F21AE6,"Blahu-Dreadmist",0x40514,0x0,10610,"Windfury Totem",0x8,1
4/28 18:51:35.054  SWING_DAMAGE,Player-4755-01F21AE6,"Blahu-Dreadmist",0x40514,0x0,Creature-0-4457-249-1045-10184-000028665C,"Onyxia",0x10a48,0x0,Player-4755-01F21AE6,0000000000000000,80,100,0,0,0,-1,0,0,0,16.59,-209.25,0,2.3002,70,428,271,-1,1,0,0,0,1,nil,nil
4/28 18:51:35.054  SWING_MISSED,Player-4755-01F21AE6,"Blahu-Dreadmist",0x40514,0x0,Creature-0-4457-249-1045-10184-000028665C,"Onyxia",0x10a48,0x0,DODGE,nil
4/28 18:51:35.054  SPELL_PERIODIC_DAMAGE,Player-4755-01614AC7,"Mirrimazduur-Dreadmist",0x512,0x0,Creature-0-4457-249-1045-10184-000028665C,"Onyxia",0x10a48,0x0,11672,"Corruption",0x20,Creature-0-4457-249-1045-10184-000028665C,0000000000000000,31,100,0,0,0,-1,0,0,0,9.96,-202.99,0,0.0136,63,207,188,-1,32,0,0,0,nil,nil,nil
4/28 18:51:35.105  SWING_DAMAGE,Player-4755-01637B0A,"Pindle-Dreadmist",0x514,0x0,Creature-0-4457-249-1045-10184-000028665C,"Onyxia",0x10a48,0x0,Player-4755-01637B0A,0000000000000000,60,100,0,0,0,-1,0,0,0,5.97,-197.27,0,5.2361,65,264,164,-1,1,0,0,0,1,nil,nil
4/28 18:51:35.121  SPELL_AURA_APPLIED,Player-4755-01A6B139,"Sakatan-Dreadmist",0x514,0x0,Player-4755-01A6B139,"Sakatan-Dreadmist",0x514,0x0,6774,"Slice and Dice",0x1,BUFF
4/28 18:51:35.121  SPELL_CAST_SUCCESS,Player-4755-01A6B139,"Sakatan-Dreadmist",0x514,0x0,Creature-0-4457-249-1045-10184-000028665C,"Onyxia",0x10a48,0x0,6774,"Slice and Dice",0x1,Player-4755-01A6B139,0000000000000000,69,100,0,0,0,-1,0,0,0,0.21,-188.08,0,5.3375,69
4/28 18:51:35.145  SWING_DAMAGE,Pet-0-4457-249-1045-7432-01002D8BC6,"Cat",0x1114,0x0,Creature-0-4457-249-1045-10184-000028665C,"Onyxia",0x10a48,0x0,Pet-0-4457-249-1045-7432-01002D8BC6,Player-4755-01E83279,48,100,0,0,0,-1,0,0,0,-13.33,-193.99,0,5.9144,71,60,104,-1,1,0,0,0,nil,1,nil
4/28 18:51:35.162  SPELL_AURA_APPLIED,Player-4755-0178F416,"Eltorero-Dreadmist",0x514,0x0,Player-4755-0178F416,"Eltorero-Dreadmist",0x514,0x0,10610,"Windfury Totem",0x8,BUFF
4/28 18:51:35.162  SPELL_EXTRA_ATTACKS,Player-4755-0178F416,"Eltorero-Dreadmist",0x514,0x0,Player-4755-0178F416,"Eltorero-Dreadmist",0x514,0x0,10610,"Windfury Totem",0x8,1
4/28 18:51:35.162  SWING_DAMAGE,Player-4755-0178F416,"Eltorero-Dreadmist",0x514,0x0,Creature-0-4457-249-1045-10184-000028665C,"Onyxia",0x10a48,0x0,Player-4755-0178F416,0000000000000000,100,100,0,0,0,-1,0,0,0,23.51,-216.25,0,2.3127,65,165,309,-1,1,0,0,0,nil,1,nil
4/28 18:51:35.181  SWING_MISSED,Player-4755-0178F416,"Eltorero-Dreadmist",0x514,0x0,Creature-0-4457-249-1045-10184-000028665C,"Onyxia",0x10a48,0x0,PARRY,nil
4/28 18:51:35.181  SPELL_AURA_REMOVED,Player-4755-01733879,"Hocwar-Dreadmist",0x40514,0x0,Player-4755-01733879,"Hocwar-Dreadmist",0x40514,0x0,18499,"Berserker Rage",0x1,BUFF
4/28 18:51:35.213  SPELL_PERIODIC_ENERGIZE,Creature-0-4457-249-1045-7416-0000286CFC,"Mana Spring Totem IV",0x2114,0x0,Player-4755-016296D3,"Nivl-Dreadmist",0x514,0x0,10494,"Mana Spring",0x8,Player-4755-016296D3,0000000000000000,100,100,0,0,0,-1,0,0,0,-1.14,-172.31,0,0.9033,69,10.0000,0.0000,0,5845
4/28 18:51:35.213  SPELL_AURA_APPLIED,Player-4755-01A6B139,"Sakatan-Dreadmist",0x514,0x0,Player-4755-01A6B139,"Sakatan-Dreadmist",0x514,0x0,20007,"Holy Strength",0x2,BUFF
4/28 18:51:35.213  SPELL_HEAL,Player-4755-01A6B139,"Sakatan-Dreadmist",0x514,0x0,Player-4755-01A6B139,"Sakatan-Dreadmist",0x514,0x0,20007,"Holy Strength",0x2,Player-4755-01A6B139,0000000000000000,71,100,0,0,0,-1,0,0,0,0.21,-188.08,0,5.3375,69,109,109,0,0,nil
4/28 18:51:35.213  SWING_DAMAGE,Player-4755-01A6B139,"Sakatan-Dreadmist",0x514,0x0,Creature-0-4457-249-1045-10184-000028665C,"Onyxia",0x10a48,0x0,Player-4755-01A6B139,0000000000000000,71,100,0,0,0,-1,0,0,0,0.21,-188.08,0,5.3375,69,262,162,-1,1,0,0,0,1,nil,nil
4/28 18:51:35.306  SPELL_AURA_REMOVED,Player-4755-01AC9FD9,"Alexinho-Dreadmist",0x514,0x0,Player-4755-01AC9FD9,"Alexinho-Dreadmist",0x514,0x0,10610,"Windfury Totem",0x8,BUFF
4/28 18:51:35.306  SPELL_DAMAGE,Player-4755-01733879,"Hocwar-Dreadmist",0x40514,0x0,Creature-0-4457-249-1045-10184-000028665C,"Onyxia",0x10a48,0x0,11581,"Thunder Clap",0x1,Creature-0-4457-249-1045-10184-000028665C,0000000000000000,31,100,0,0,0,-1,0,0,0,9.96,-202.99,0,0.0136,63,81,103,-1,1,0,0,0,nil,nil,nil
4/28 18:51:35.306  SPELL_AURA_APPLIED,Player-4755-01733879,"Hocwar-Dreadmist",0x40514,0x0,Creature-0-4457-249-1045-10184-000028665C,"Onyxia",0x10a48,0x0,11581,"Thunder Clap",0x1,DEBUFF
4/28 18:51:35.306  SPELL_HEAL,Player-4755-01804B95,"Moymoy-Dreadmist",0x514,0x0,Player-4755-02045EF4,"Necrosini-Dreadmist",0x512,0x0,10622,"Chain Heal",0x8,Player-4755-02045EF4,0000000000000000,81,100,0,0,0,-1,0,0,0,10.27,-178.61,0,4.8551,69,420,420,0,0,nil
4/28 18:51:35.306  SPELL_HEAL,Player-4755-01804B95,"Moymoy-Dreadmist",0x514,0x0,Player-4755-01614AC7,"Mirrimazduur-Dreadmist",0x512,0x0,10622,"Chain Heal",0x8,Player-4755-01614AC7,0000000000000000,92,100,0,0,0,-1,0,0,0,8.45,-170.61,0,4.7817,68,834,834,0,0,nil
4/28 18:51:35.306  SWING_DAMAGE_LANDED,Pet-0-4457-249-1045-2850-01001956F9,"Kratos",0x1114,0x0,Creature-0-4457-249-1045-10184-000028665C,"Onyxia",0x10a48,0x0,Creature-0-4457-249-1045-10184-000028665C,0000000000000000,31,100,0,0,0,-1,0,0,0,9.96,-202.99,0,0.0136,63,42,82,-1,1,0,0,0,nil,1,nil
4/28 18:51:35.306  SWING_DAMAGE_LANDED,Player-4755-01F21AE6,"Blahu-Dreadmist",0x40514,0x0,Creature-0-4457-249-1045-10184-000028665C,"Onyxia",0x10a48,0x0,Creature-0-4457-249-1045-10184-000028665C,0000000000000000,31,100,0,0,0,-1,0,0,0,9.96,-202.99,0,0.0136,63,428,271,-1,1,0,0,0,1,nil,nil
4/28 18:51:35.306  SWING_DAMAGE_LANDED,Player-4755-01637B0A,"Pindle-Dreadmist",0x514,0x0,Creature-0-4457-249-1045-10184-000028665C,"Onyxia",0x10a48,0x0,Creature-0-4457-249-1045-10184-000028665C,0000000000000000,31,100,0,0,0,-1,0,0,0,9.96,-202.99,0,0.0136,63,264,164,-1,1,0,0,0,1,nil,nil
4/28 18:51:35.306  SPELL_ENERGIZE,Player-4755-01A6B139,"Sakatan-Dreadmist",0x514,0x0,Player-4755-01A6B139,"Sakatan-Dreadmist",0x514,0x0,14181,"Relentless Strikes Effect",0x1,Player-4755-01A6B139,0000000000000000,71,100,0,0,0,-1,0,0,0,0.21,-188.08,0,5.3375,69,25.0000,0.0000,3,100
4/28 18:51:35.306  SWING_DAMAGE_LANDED,Pet-0-4457-249-1045-7432-01002D8BC6,"Cat",0x1114,0x0,Creature-0-4457-249-1045-10184-000028665C,"Onyxia",0x10a48,0x0,Creature-0-4457-249-1045-10184-000028665C,0000000000000000,31,100,0,0,0,-1,0,0,0,9.96,-202.99,0,0.0136,63,60,104,-1,1,0,0,0,nil,1,nil
4/28 18:51:35.306  SWING_DAMAGE_LANDED,Player-4755-0178F416,"Eltorero-Dreadmist",0x514,0x0,Creature-0-4457-249-1045-10184-000028665C,"Onyxia",0x10a48,0x0,Creature-0-4457-249-1045-10184-000028665C,0000000000000000,31,100,0,0,0,-1,0,0,0,9.96,-202.99,0,0.0136,63,165,309,-1,1,0,0,0,nil,1,nil
4/28 18:51:35.306  SWING_DAMAGE_LANDED,Player-4755-01A6B139,"Sakatan-Dreadmist",0x514,0x0,Creature-0-4457-249-1045-10184-000028665C,"Onyxia",0x10a48,0x0,Creature-0-4457-249-1045-10184-000028665C,0000000000000000,31,100,0,0,0,-1,0,0,0,9.96,-202.99,0,0.0136,63,262,162,-1,1,0,0,0,1,nil,nil
4/28 18:51:35.306  SWING_DAMAGE,Creature-0-4457-249-1045-10184-000028665C,"Onyxia",0x10a48,0x0,Player-4755-0220BD00,"Krikoff-Dreadmist",0x40514,0x0,Creature-0-4457-249-1045-10184-000028665C,0000000000000000,31,100,0,0,0,-1,0,0,0,9.96,-202.99,0,0.0136,63,879,1746,-1,1,0,0,0,nil,nil,nil
4/28 18:51:35.306  SPELL_CAST_START,Player-4755-01614AC7,"Mirrimazduur-Dreadmist",0x512,0x0,0000000000000000,nil,0x80000000,0x80000000,5019,"Shoot",0x1
4/28 18:51:35.306  SPELL_AURA_REMOVED,Player-4755-01733879,"Hocwar-Dreadmist",0x40514,0x0,Player-4755-01733879,"Hocwar-Dreadmist",0x40514,0x0,2457,"Battle Stance",0x1,BUFF
4/28 18:51:35.306  SPELL_AURA_APPLIED,Player-4755-01733879,"Hocwar-Dreadmist",0x40514,0x0,Player-4755-01733879,"Hocwar-Dreadmist",0x40514,0x0,2458,"Berserker Stance",0x1,BUFF
4/28 18:51:35.306  SPELL_CAST_SUCCESS,Player-4755-01733879,"Hocwar-Dreadmist",0x40514,0x0,0000000000000000,nil,0x80000000,0x80000000,2458,"Berserker Stance",0x1,Player-4755-01733879,0000000000000000,85,100,0,0,0,-1,0,0,0,7.23,-196.13,0,5.2946,71
4/28 18:51:35.333  SPELL_AURA_APPLIED,Player-4755-01840577,"Raggèn-Dreadmist",0x514,0x0,Player-4755-01840577,"Raggèn-Dreadmist",0x514,0x0,16361,"Windfury Weapon",0x8,BUFF
4/28 18:51:35.333  SPELL_EXTRA_ATTACKS,Player-4755-01840577,"Raggèn-Dreadmist",0x514,0x0,Player-4755-01840577,"Raggèn-Dreadmist",0x514,0x0,16361,"Windfury Weapon",0x8,2
4/28 18:51:35.333  SWING_DAMAGE,Player-4755-01840577,"Raggèn-Dreadmist",0x514,0x0,Creature-0-4457-249-1045-10184-000028665C,"Onyxia",0x10a48,0x0,Player-4755-01840577,0000000000000000,68,100,0,0,0,-1,0,0,0,12.48,-212.50,0,1.6965,67,326,413,-1,1,0,0,0,nil,nil,nil
4/28 18:51:35.333  SWING_DAMAGE,Player-4755-01637B0A,"Pindle-Dreadmist",0x514,0x0,Creature-0-4457-249-1045-10184-000028665C,"Onyxia",0x10a48,0x0,Player-4755-01637B0A,0000000000000000,60,100,0,0,0,-1,0,0,0,5.97,-197.27,0,5.2361,65,73,101,-1,1,0,0,0,nil,1,nil
4/28 18:51:35.353  SWING_DAMAGE,Player-4755-01840577,"Raggèn-Dreadmist",0x514,0x0,Creature-0-4457-249-1045-10184-000028665C,"Onyxia",0x10a48,0x0,Player-4755-01840577,0000000000000000,68,100,0,0,0,-1,0,0,0,12.65,-212.48,0,1.6965,67,417,617,-1,1,0,0,0,nil,1,nil
4/28 18:51:35.353  SWING_DAMAGE,Player-4755-01840577,"Raggèn-Dreadmist",0x514,0x0,Creature-0-4457-249-1045-10184-000028665C,"Onyxia",0x10a48,0x0,Player-4755-01840577,0000000000000000,68,100,0,0,0,-1,0,0,0,12.65,-212.48,0,1.6965,67,962,610,-1,1,0,0,0,1,nil,nil
4/28 18:51:35.387  SPELL_CAST_SUCCESS,Player-4755-0220BD00,"Krikoff-Dreadmist",0x40514,0x0,Creature-0-4457-249-1045-10184-000028665C,"Onyxia",0x10a48,0x0,11601,"Revenge",0x1,Player-4755-0220BD00,0000000000000000,67,100,0,0,0,-1,0,0,0,28.08,-197.57,0,3.4361,68
4/28 18:51:35.387  SPELL_MISSED,Player-4755-0220BD00,"Krikoff-Dreadmist",0x40514,0x0,Creature-0-4457-249-1045-10184-000028665C,"Onyxia",0x10a48,0x0,11601,"Revenge",0x1,PARRY,nil
4/28 18:51:35.420  SPELL_DAMAGE,Player-4755-0163DD9D,"Kaspais-Dreadmist",0x514,0x0,Creature-0-4457-249-1045-10184-000028665C,"Onyxia",0x10a48,0x0,10181,"Frostbolt",0x10,Creature-0-4457-249-1045-10184-000028665C,0000000000000000,31,100,0,0,0,-1,0,0,0,9.96,-202.99,0,0.0136,63,936,850,-1,16,0,0,0,nil,nil,nil
4/28 18:51:35.438  SPELL_PERIODIC_ENERGIZE,Player-4755-01733879,"Hocwar-Dreadmist",0x40514,0x0,Player-4755-01733879,"Hocwar-Dreadmist",0x40514,0x0,29131,"Bloodrage",0x1,Player-4755-01733879,0000000000000000,85,100,0,0,0,-1,0,0,0,7.23,-196.13,0,5.2946,71,1.0000,0.0000,1,1000
4/28 18:51:35.509  SWING_DAMAGE,Player-4755-01733879,"Hocwar-Dreadmist",0x40514,0x0,Creature-0-4457-249-1045-10184-000028665C,"Onyxia",0x10a48,0x0,Player-4755-01733879,0000000000000000,85,100,0,0,0,-1,0,0,0,7.23,-196.13,0,5.2946,71,177,256,-1,1,0,0,0,nil,1,nil
4/28 18:51:35.527  RANGE_DAMAGE,Player-4755-01614AC7,"Mirrimazduur-Dreadmist",0x512,0x0,Creature-0-4457-249-1045-10184-000028665C,"Onyxia",0x10a48,0x0,5019,"Shoot",0x1,Creature-0-4457-249-1045-10184-000028665C,0000000000000000,31,100,0,0,0,-1,0,0,0,9.96,-202.99,0,0.0136,63,111,101,-1,64,0,0,0,nil,nil,nil
4/28 18:51:35.527  SWING_DAMAGE,Player-4755-01733879,"Hocwar-Dreadmist",0x40514,0x0,Creature-0-4457-249-1045-10184-000028665C,"Onyxia",0x10a48,0x0,Player-4755-01733879,0000000000000000,85,100,0,0,0,-1,0,0,0,7.23,-196.13,0,5.2946,71,201,127,-1,1,0,0,0,1,nil,nil
4/28 18:51:35.630  SPELL_CAST_SUCCESS,Player-4755-015FEBD5,"Sauvage-Dreadmist",0x514,0x0,Creature-0-4457-249-1045-10184-000028665C,"Onyxia",0x10a48,0x0,10181,"Frostbolt",0x10,Player-4755-015FEBD5,0000000000000000,100,100,0,0,0,-1,0,0,0,-8.73,-236.03,0,0.9754,64
4/28 18:51:35.630  SWING_DAMAGE,Player-4755-01AC9FD9,"Alexinho-Dreadmist",0x514,0x0,Creature-0-4457-249-1045-10184-000028665C,"Onyxia",0x10a48,0x0,Player-4755-01AC9FD9,0000000000000000,66,100,0,0,0,-1,0,0,0,11.63,-211.85,0,1.6114,66,112,172,-1,1,0,0,0,nil,1,nil
4/28 18:51:35.648  SWING_MISSED,Player-4755-01F21AE6,"Blahu-Dreadmist",0x40514,0x0,Creature-0-4457-249-1045-10184-000028665C,"Onyxia",0x10a48,0x0,MISS,1
4/28 18:51:35.709  SPELL_AURA_REMOVED,Player-4755-0220BD00,"Krikoff-Dreadmist",0x40514,0x0,Player-4755-0220BD00,"Krikoff-Dreadmist",0x40514,0x0,12970,"Flurry",0x1,BUFF
4/28 18:51:35.709  SPELL_AURA_REMOVED_DOSE,Player-4755-01F21AE6,"Blahu-Dreadmist",0x40514,0x0,Player-4755-01F21AE6,"Blahu-Dreadmist",0x40514,0x0,10610,"Windfury Totem",0x8,BUFF,1
4/28 18:51:35.709  SPELL_AURA_APPLIED,Player-4755-01F21AE6,"Blahu-Dreadmist",0x40514,0x0,Player-4755-01F21AE6,"Blahu-Dreadmist",0x40514,0x0,12970,"Flurry",0x1,BUFF
4/28 18:51:35.710  SPELL_AURA_REMOVED_DOSE,Player-4755-01F21AE6,"Blahu-Dreadmist",0x40514,0x0,Player-4755-01F21AE6,"Blahu-Dreadmist",0x40514,0x0,12970,"Flurry",0x1,BUFF,2
4/28 18:51:35.710  SPELL_AURA_REMOVED,Player-4755-01F21AE6,"Blahu-Dreadmist",0x40514,0x0,Player-4755-01F21AE6,"Blahu-Dreadmist",0x40514,0x0,10610,"Windfury Totem",0x8,BUFF
4/28 18:51:35.710  SPELL_AURA_REMOVED_DOSE,Player-4755-0178F416,"Eltorero-Dreadmist",0x514,0x0,Player-4755-0178F416,"Eltorero-Dreadmist",0x514,0x0,10610,"Windfury Totem",0x8,BUFF,1
4/28 18:51:35.710  SPELL_AURA_REMOVED,Player-4755-0178F416,"Eltorero-Dreadmist",0x514,0x0,Player-4755-0178F416,"Eltorero-Dreadmist",0x514,0x0,10610,"Windfury Totem",0x8,BUFF
4/28 18:51:35.710  SWING_DAMAGE_LANDED,Creature-0-4457-249-1045-10184-000028665C,"Onyxia",0x10a48,0x0,Player-4755-0220BD00,"Krikoff-Dreadmist",0x40514,0x0,Player-4755-0220BD00,0000000000000000,53,100,0,0,0,-1,0,0,0,28.08,-197.57,0,3.4440,68,879,1746,-1,1,0,0,0,nil,nil,nil
4/28 18:51:35.710  SWING_DAMAGE_LANDED,Player-4755-01840577,"Raggèn-Dreadmist",0x514,0x0,Creature-0-4457-249-1045-10184-000028665C,"Onyxia",0x10a48,0x0,Creature-0-4457-249-1045-10184-000028665C,0000000000000000,31,100,0,0,0,-1,0,0,0,9.96,-202.99,0,0.0136,63,326,413,-1,1,0,0,0,nil,nil,nil
4/28 18:51:35.710  SWING_DAMAGE_LANDED,Player-4755-01637B0A,"Pindle-Dreadmist",0x514,0x0,Creature-0-4457-249-1045-10184-000028665C,"Onyxia",0x10a48,0x0,Creature-0-4457-249-1045-10184-000028665C,0000000000000000,31,100,0,0,0,-1,0,0,0,9.96,-202.99,0,0.0136,63,73,101,-1,1,0,0,0,nil,1,nil
4/28 18:51:35.710  SWING_DAMAGE_LANDED,Player-4755-01840577,"Raggèn-Dreadmist",0x514,0x0,Creature-0-4457-249-1045-10184-000028665C,"Onyxia",0x10a48,0x0,Creature-0-4457-249-1045-10184-000028665C,0000000000000000,31,100,0,0,0,-1,0,0,0,9.96,-202.99,0,0.0136,63,417,617,-1,1,0,0,0,nil,1,nil
4/28 18:51:35.710  SWING_DAMAGE_LANDED,Player-4755-01840577,"Raggèn-Dreadmist",0x514,0x0,Creature-0-4457-249-1045-10184-000028665C,"Onyxia",0x10a48,0x0,Creature-0-4457-249-1045-10184-000028665C,0000000000000000,31,100,0,0,0,-1,0,0,0,9.96,-202.99,0,0.0136,63,962,610,-1,1,0,0,0,1,nil,nil
4/28 18:51:35.710  SWING_DAMAGE_LANDED,Player-4755-01733879,"Hocwar-Dreadmist",0x40514,0x0,Creature-0-4457-249-1045-10184-000028665C,"Onyxia",0x10a48,0x0,Creature-0-4457-249-1045-10184-000028665C,0000000000000000,31,100,0,0,0,-1,0,0,0,9.96,-202.99,0,0.0136,63,177,256,-1,1,0,0,0,nil,1,nil
4/28 18:51:35.710  SWING_DAMAGE_LANDED,Player-4755-01733879,"Hocwar-Dreadmist",0x40514,0x0,Creature-0-4457-249-1045-10184-000028665C,"Onyxia",0x10a48,0x0,Creature-0-4457-249-1045-10184-000028665C,0000000000000000,31,100,0,0,0,-1,0,0,0,9.96,-202.99,0,0.0136,63,201,127,-1,1,0,0,0,1,nil,nil
4/28 18:51:35.710  SWING_DAMAGE_LANDED,Player-4755-01AC9FD9,"Alexinho-Dreadmist",0x514,0x0,Creature-0-4457-249-1045-10184-000028665C,"Onyxia",0x10a48,0x0,Creature-0-4457-249-1045-10184-000028665C,0000000000000000,31,100,0,0,0,-1,0,0,0,9.96,-202.99,0,0.0136,63,112,172,-1,1,0,0,0,nil,1,nil
4/28 18:51:35.767  SPELL_CAST_SUCCESS,Player-4755-01840577,"Raggèn-Dreadmist",0x514,0x0,0000000000000000,nil,0x80000000,0x80000000,10614,"Windfury Totem",0x8,Player-4755-01840577,0000000000000000,68,100,0,0,0,-1,0,0,0,14.08,-212.30,0,1.6965,67
4/28 18:51:35.767  SPELL_SUMMON,Player-4755-01840577,"Raggèn-Dreadmist",0x514,0x0,Creature-0-4457-249-1045-7484-0000286D27,"Windfury Totem III",0xa28,0x0,10614,"Windfury Totem",0x8
4/28 18:51:35.767  SPELL_CAST_SUCCESS,Pet-0-4457-249-1045-2850-01001956F9,"Kratos",0x1114,0x0,Creature-0-4457-249-1045-10184-000028665C,"Onyxia",0x10a48,0x0,3009,"Claw",0x1,Pet-0-4457-249-1045-2850-01001956F9,Player-4755-0178F576,55,100,0,0,0,-1,0,0,0,11.68,-178.00,0,4.6435,66
4/28 18:51:35.803  SPELL_CAST_SUCCESS,Player-4755-01614AC7,"Mirrimazduur-Dreadmist",0x512,0x0,Creature-0-4457-249-1045-10184-000028665C,"Onyxia",0x10a48,0x0,5019,"Shoot",0x1,Player-4755-01614AC7,0000000000000000,92,100,0,0,0,-1,0,0,0,8.45,-170.61,0,4.7817,68
4/28 18:51:35.819  SPELL_PERIODIC_ENERGIZE,Creature-0-4457-249-1045-7416-0000286CFC,"Mana Spring Totem IV",0x2114,0x0,Player-4755-0178F576,"Atreas-Dreadmist",0x514,0x0,10494,"Mana Spring",0x8,Player-4755-0178F576,0000000000000000,100,100,0,0,0,-1,0,0,0,-0.76,-173.21,0,4.9147,66,10.0000,0.0000,0,3765
4/28 18:51:35.835  RANGE_DAMAGE,Player-4755-01E83279,"Nlmasters-Dreadmist",0x514,0x8,Creature-0-4457-249-1045-10184-000028665C,"Onyxia",0x10a48,0x0,75,"Auto Shot",0x1,Creature-0-4457-249-1045-10184-000028665C,0000000000000000,31,100,0,0,0,-1,0,0,0,9.96,-202.99,0,0.0136,63,348,441,-1,1,0,0,0,nil,nil,nil
4/28 18:51:35.852  SPELL_CAST_START,Player-4755-01617EEE,"Fenix-Dreadmist",0x512,0x0,0000000000000000,nil,0x80000000,0x80000000,6064,"Heal",0x2
4/28 18:51:35.941  SWING_DAMAGE,Pet-0-4457-249-1045-2850-01001956F9,"Kratos",0x1114,0x0,Creature-0-4457-249-1045-10184-000028665C,"Onyxia",0x10a48,0x0,Pet-0-4457-249-1045-2850-01001956F9,Player-4755-0178F576,55,100,0,0,0,-1,0,0,0,11.68,-178.00,0,4.6435,66,38,78,-1,1,0,0,0,nil,1,nil
4/28 18:51:36.060  SWING_DAMAGE,Player-4755-01A6B139,"Sakatan-Dreadmist",0x514,0x0,Creature-0-4457-249-1045-10184-000028665C,"Onyxia",0x10a48,0x0,Player-4755-01A6B139,0000000000000000,71,100,0,0,0,-1,0,0,0,0.21,-188.08,0,5.3375,69,173,218,-1,1,0,0,0,nil,nil,nil
4/28 18:51:36.077  SWING_DAMAGE,Player-4755-0160BD13,"Mafkees-Dreadmist",0x514,0x0,Creature-0-4457-249-1045-10184-000028665C,"Onyxia",0x10a48,0x0,Player-4755-0160BD13,0000000000000000,100,100,0,0,0,-1,0,0,0,6.82,-212.82,0,1.1804,64,364,519,-1,1,0,0,0,nil,1,nil
4/28 18:51:36.077  SPELL_CAST_START,Player-4755-015FEBD5,"Sauvage-Dreadmist",0x514,0x0,0000000000000000,nil,0x80000000,0x80000000,10181,"Frostbolt",0x10
4/28 18:51:36.115  SPELL_AURA_REMOVED,Pet-0-4457-249-1045-7432-01002D8BC6,"Cat",0x1114,0x0,Pet-0-4457-249-1045-7432-01002D8BC6,"Cat",0x1114,0x0,23110,"Dash",0x1,BUFF
4/28 18:51:36.115  SPELL_CAST_SUCCESS,Player-4755-0220BD00,"Krikoff-Dreadmist",0x40514,0x0,Creature-0-4457-249-1045-10184-000028665C,"Onyxia",0x10a48,0x0,11567,"Heroic Strike",0x1,Player-4755-0220BD00,0000000000000000,53,100,0,0,0,-1,0,0,0,28.08,-197.57,0,3.4440,68
4/28 18:51:36.121  SPELL_ENERGIZE,Player-4755-01F21AE6,"Blahu-Dreadmist",0x40514,0x0,Player-4755-01F21AE6,"Blahu-Dreadmist",0x40514,0x0,12964,"Unbridled Wrath",0x1,Player-4755-01F21AE6,0000000000000000,80,100,0,0,0,-1,0,0,0,15.15,-210.39,0,2.1118,70,1.0000,0.0000,1,1000
4/28 18:51:36.121  DAMAGE_SHIELD_MISSED,Player-4755-0220BD00,"Krikoff-Dreadmist",0x40514,0x0,Creature-0-4457-249-1045-10184-000028665C,"Onyxia",0x10a48,0x0,11771,"Fire Shield",0x4,IMMUNE,nil
4/28 18:51:36.121  SPELL_AURA_REMOVED_DOSE,Player-4755-01840577,"Raggèn-Dreadmist",0x514,0x0,Player-4755-01840577,"Raggèn-Dreadmist",0x514,0x0,16280,"Flurry",0x1,BUFF,2
4/28 18:51:36.121  SPELL_AURA_REMOVED_DOSE,Player-4755-01840577,"Raggèn-Dreadmist",0x514,0x0,Player-4755-01840577,"Raggèn-Dreadmist",0x514,0x0,16361,"Windfury Weapon",0x8,BUFF,2
4/28 18:51:36.121  SPELL_AURA_REMOVED_DOSE,Player-4755-01840577,"Raggèn-Dreadmist",0x514,0x0,Player-4755-01840577,"Raggèn-Dreadmist",0x514,0x0,16361,"Windfury Weapon",0x8,BUFF,1
4/28 18:51:36.121  SPELL_AURA_APPLIED_DOSE,Player-4755-01840577,"Raggèn-Dreadmist",0x514,0x0,Player-4755-01840577,"Raggèn-Dreadmist",0x514,0x0,16280,"Flurry",0x1,BUFF,3
4/28 18:51:36.121  SPELL_AURA_REMOVED,Player-4755-01840577,"Raggèn-Dreadmist",0x514,0x0,Player-4755-01840577,"Raggèn-Dreadmist",0x514,0x0,16361,"Windfury Weapon",0x8,BUFF
4/28 18:51:36.121  SPELL_AURA_APPLIED,Player-4755-01733879,"Hocwar-Dreadmist",0x40514,0x0,Player-4755-01733879,"Hocwar-Dreadmist",0x40514,0x0,12970,"Flurry",0x1,BUFF
4/28 18:51:36.121  SPELL_AURA_REMOVED_DOSE,Player-4755-01F21AE6,"Blahu-Dreadmist",0x40514,0x0,Player-4755-01F21AE6,"Blahu-Dreadmist",0x40514,0x0,12970,"Flurry",0x1,BUFF,1
4/28 18:51:36.121  SPELL_DAMAGE,Pet-0-4457-249-1045-2850-01001956F9,"Kratos",0x1114,0x0,Creature-0-4457-249-1045-10184-000028665C,"Onyxia",0x10a48,0x0,3009,"Claw",0x1,Creature-0-4457-249-1045-10184-000028665C,0000000000000000,31,100,0,0,0,-1,0,0,0,9.96,-202.99,0,0.0136,63,58,74,-1,1,0,0,0,nil,nil,nil
4/28 18:51:36.121  SWING_DAMAGE_LANDED,Pet-0-4457-249-1045-2850-01001956F9,"Kratos",0x1114,0x0,Creature-0-4457-249-1045-10184-000028665C,"Onyxia",0x10a48,0x0,Creature-0-4457-249-1045-10184-000028665C,0000000000000000,31,100,0,0,0,-1,0,0,0,9.96,-202.99,0,0.0136,63,38,78,-1,1,0,0,0,nil,1,nil
4/28 18:51:36.121  SWING_DAMAGE_LANDED,Player-4755-01A6B139,"Sakatan-Dreadmist",0x514,0x0,Creature-0-4457-249-1045-10184-000028665C,"Onyxia",0x10a48,0x0,Creature-0-4457-249-1045-10184-000028665C,0000000000000000,31,100,0,0,0,-1,0,0,0,9.96,-202.99,0,0.0136,63,173,218,-1,1,0,0,0,nil,nil,nil
4/28 18:51:36.121  SWING_DAMAGE_LANDED,Player-4755-0160BD13,"Mafkees-Dreadmist",0x514,0x0,Creature-0-4457-249-1045-10184-000028665C,"Onyxia",0x10a48,0x0,Creature-0-4457-249-1045-10184-000028665C,0000000000000000,31,100,0,0,0,-1,0,0,0,9.96,-202.99,0,0.0136,63,364,519,-1,1,0,0,0,nil,1,nil
4/28 18:51:36.121  SPELL_DAMAGE,Player-4755-0220BD00,"Krikoff-Dreadmist",0x40514,0x0,Creature-0-4457-249-1045-10184-000028665C,"Onyxia",0x10a48,0x0,11567,"Heroic Strike",0x1,Creature-0-4457-249-1045-10184-000028665C,0000000000000000,31,100,0,0,0,-1,0,0,0,9.96,-202.99,0,0.0136,63,886,562,-1,1,0,0,0,1,nil,nil
4/28 18:51:36.145  SPELL_HEAL,Player-4755-01ED7A64,"Sperzieboon-Dreadmist",0x514,0x0,Player-4755-01ED7A64,"Sperzieboon-Dreadmist",0x514,0x0,10917,"Flash Heal",0x2,Player-4755-01ED7A64,0000000000000000,67,100,0,0,0,-1,0,0,0,14.27,-226.82,0,1.2071,67,1112,1112,0,0,nil
4/28 18:51:36.145  SPELL_CAST_SUCCESS,Player-4755-01ED7A64,"Sperzieboon-Dreadmist",0x514,0x0,Player-4755-01ED7A64,"Sperzieboon-Dreadmist",0x514,0x0,10917,"Flash Heal",0x2,Player-4755-01ED7A64,0000000000000000,67,100,0,0,0,-1,0,0,0,14.27,-226.82,0,1.2071,67
4/28 18:51:36.145  SPELL_CAST_START,Player-4755-01ED7A64,"Sperzieboon-Dreadmist",0x514,0x0,0000000000000000,nil,0x80000000,0x80000000,10917,"Flash Heal",0x2
4/28 18:51:36.242  SPELL_CAST_SUCCESS,Player-4755-01F21AE6,"Blahu-Dreadmist",0x40514,0x0,Creature-0-4457-249-1045-10184-000028665C,"Onyxia",0x10a48,0x0,11597,"Sunder Armor",0x1,Player-4755-01F21AE6,0000000000000000,80,100,0,0,0,-1,0,0,0,15.15,-210.39,0,2.1118,70
4/28 18:51:36.286  SPELL_PERIODIC_HEAL,Player-4755-0210153A,"Hapuseneb-Dreadmist",0x514,0x0,Player-4755-0210153A,"Hapuseneb-Dreadmist",0x514,0x0,10929,"Renew",0x2,Player-4755-0210153A,0000000000000000,68,100,0,0,0,-1,0,0,0,6.28,-238.83,0,1.6179,66,292,292,0,0,nil
4/28 18:51:36.355  SPELL_CAST_SUCCESS,Player-4755-01BC57A3,"Saintis-Dreadmist",0x511,0x0,Player-4755-0220BD00,"Krikoff-Dreadmist",0x40514,0x0,6063,"Heal",0x2,Player-4755-01BC57A3,0000000000000000,67,100,0,0,0,-1,0,0,0,10.10,-227.47,0,1.5711,68
4/28 18:51:36.410  SWING_DAMAGE,Player-4755-01637B0A,"Pindle-Dreadmist",0x514,0x0,Creature-0-4457-249-1045-10184-000028665C,"Onyxia",0x10a48,0x0,Player-4755-01637B0A,0000000000000000,60,100,0,0,0,-1,0,0,0,5.53,-197.11,0,5.2537,65,63,86,-1,1,0,0,0,nil,1,nil
4/28 18:51:36.443  SPELL_PERIODIC_ENERGIZE,Player-4755-01733879,"Hocwar-Dreadmist",0x40514,0x0,Player-4755-01733879,"Hocwar-Dreadmist",0x40514,0x0,29131,"Bloodrage",0x1,Player-4755-01733879,0000000000000000,85,100,0,0,0,-1,0,0,0,7.37,-196.04,0,5.2906,71,1.0000,0.0000,1,1000
4/28 18:51:36.477  SPELL_CAST_START,Player-4755-0210153A,"Hapuseneb-Dreadmist",0x514,0x0,0000000000000000,nil,0x80000000,0x80000000,6064,"Heal",0x2
4/28 18:51:36.492  SWING_MISSED,Player-4755-01637B0A,"Pindle-Dreadmist",0x514,0x0,Creature-0-4457-249-1045-10184-000028665C,"Onyxia",0x10a48,0x0,MISS,nil
4/28 18:51:36.526  SPELL_AURA_REMOVED_DOSE,Player-4755-0160BD13,"Mafkees-Dreadmist",0x514,0x0,Player-4755-0160BD13,"Mafkees-Dreadmist",0x514,0x0,12970,"Flurry",0x1,BUFF,1
4/28 18:51:36.526  SPELL_HEAL,Player-4755-0160BD13,"Mafkees-Dreadmist",0x514,0x0,Player-4755-0160BD13,"Mafkees-Dreadmist",0x514,0x0,23891,"Bloodthirst",0x1,Player-4755-0160BD13,0000000000000000,100,100,0,0,0,-1,0,0,0,8.01,-211.95,0,1.2040,64,20,20,20,0,nil
4/28 18:51:36.526  SPELL_AURA_REMOVED,Player-4755-0160BD13,"Mafkees-Dreadmist",0x514,0x0,Player-4755-0160BD13,"Mafkees-Dreadmist",0x514,0x0,23888,"Bloodthirst",0x1,BUFF
4/28 18:51:36.526  SPELL_AURA_REMOVED_DOSE,Player-4755-0220BD00,"Krikoff-Dreadmist",0x40514,0x0,Player-4755-0220BD00,"Krikoff-Dreadmist",0x40514,0x0,23888,"Bloodthirst",0x1,BUFF,2
4/28 18:51:36.526  SPELL_AURA_APPLIED,Player-4755-0220BD00,"Krikoff-Dreadmist",0x40514,0x0,Player-4755-0220BD00,"Krikoff-Dreadmist",0x40514,0x0,12970,"Flurry",0x1,BUFF
4/28 18:51:36.526  SPELL_HEAL,Player-4755-0220BD00,"Krikoff-Dreadmist",0x40514,0x0,Player-4755-0220BD00,"Krikoff-Dreadmist",0x40514,0x0,23891,"Bloodthirst",0x1,Player-4755-0220BD00,0000000000000000,53,100,0,0,0,-1,0,0,0,27.68,-197.70,0,3.4440,68,20,20,0,0,nil
4/28 18:51:36.526  SPELL_HEAL,Player-4755-01BC57A3,"Saintis-Dreadmist",0x511,0x0,Player-4755-0220BD00,"Krikoff-Dreadmist",0x40514,0x0,6063,"Heal",0x2,Player-4755-0220BD00,0000000000000000,73,100,0,0,0,-1,0,0,0,27.68,-197.70,0,3.4440,68,1253,1253,0,0,nil
4/28 18:51:36.526  SWING_DAMAGE_LANDED,Player-4755-01637B0A,"Pindle-Dreadmist",0x514,0x0,Creature-0-4457-249-1045-10184-000028665C,"Onyxia",0x10a48,0x0,Creature-0-4457-249-1045-10184-000028665C,0000000000000000,31,100,0,0,0,-1,0,0,0,9.96,-202.99,0,0.0136,63,63,86,-1,1,0,0,0,nil,1,nil
4/28 18:51:36.526  SWING_MISSED,Player-4755-016DF694,"Ashalan-Dreadmist",0x514,0x0,Creature-0-4457-249-1045-10184-000028665C,"Onyxia",0x10a48,0x0,DODGE,nil
4/28 18:51:36.549  SPELL_CAST_START,Player-4755-01FA8DD8,"Roackerita-Dreadmist",0x514,0x0,0000000000000000,nil,0x80000000,0x80000000,9474,"Flash Heal",0x2
4/28 18:51:36.563  SPELL_CAST_SUCCESS,Player-4755-016296D3,"Nivl-Dreadmist",0x514,0x0,Player-4755-01804B95,"Moymoy-Dreadmist",0x514,0x0,1064,"Chain Heal",0x8,Player-4755-016296D3,0000000000000000,100,100,0,0,0,-1,0,0,0,-1.14,-172.31,0,0.9033,69
4/28 18:51:36.563  SPELL_CAST_START,Player-4755-016296D3,"Nivl-Dreadmist",0x514,0x0,0000000000000000,nil,0x80000000,0x80000000,1064,"Chain Heal",0x8
4/28 18:51:36.580  SWING_DAMAGE,Player-4755-01A6B139,"Sakatan-Dreadmist",0x514,0x0,Creature-0-4457-249-1045-10184-000028665C,"Onyxia",0x10a48,0x0,Player-4755-01A6B139,0000000000000000,71,100,0,0,0,-1,0,0,0,2.39,-188.39,0,5.3375,69,105,135,-1,1,0,0,0,nil,1,nil
4/28 18:51:36.615  SPELL_PERIODIC_HEAL,Player-4755-02045EF4,"Necrosini-Dreadmist",0x512,0x0,Player-4755-0178F416,"Eltorero-Dreadmist",0x514,0x0,10929,"Renew",0x2,Player-4755-0178F416,0000000000000000,100,100,0,0,0,-1,0,0,0,13.39,-218.95,0,1.6647,65,254,254,254,0,nil
4/28 18:51:36.631  SWING_DAMAGE,Creature-0-4457-249-1045-10184-000028665C,"Onyxia",0x10a48,0x0,Player-4755-0220BD00,"Krikoff-Dreadmist",0x40514,0x0,Creature-0-4457-249-1045-10184-000028665C,0000000000000000,31,100,0,0,0,-1,0,0,0,9.96,-202.99,0,0.0136,63,1216,1612,-1,1,0,0,0,nil,nil,1
4/28 18:51:36.632  SPELL_AURA_REMOVED,Player-4755-0160BD13,"Mafkees-Dreadmist",0x514,0x0,Player-4755-0160BD13,"Mafkees-Dreadmist",0x514,0x0,2458,"Berserker Stance",0x1,BUFF
4/28 18:51:36.632  SPELL_AURA_APPLIED,Player-4755-0160BD13,"Mafkees-Dreadmist",0x514,0x0,Player-4755-0160BD13,"Mafkees-Dreadmist",0x514,0x0,2457,"Battle Stance",0x1,BUFF
4/28 18:51:36.632  SPELL_CAST_SUCCESS,Player-4755-0160BD13,"Mafkees-Dreadmist",0x514,0x0,0000000000000000,nil,0x80000000,0x80000000,2457,"Battle Stance",0x1,Player-4755-0160BD13,0000000000000000,100,100,0,0,0,-1,0,0,0,8.01,-211.95,0,1.2040,64
4/28 18:51:36.648  SWING_DAMAGE,Pet-0-4457-249-1045-7432-01002D8BC6,"Cat",0x1114,0x0,Creature-0-4457-249-1045-10184-000028665C,"Onyxia",0x10a48,0x0,Pet-0-4457-249-1045-7432-01002D8BC6,Player-4755-01E83279,48,100,0,0,0,-1,0,0,0,-13.33,-193.99,0,5.9144,71,78,99,-1,1,0,0,0,nil,nil,nil
4/28 18:51:36.716  SWING_DAMAGE,Player-4755-01AC9FD9,"Alexinho-Dreadmist",0x514,0x0,Creature-0-4457-249-1045-10184-000028665C,"Onyxia",0x10a48,0x0,Player-4755-01AC9FD9,0000000000000000,66,100,0,0,0,-1,0,0,0,11.63,-211.85,0,1.6114,66,296,376,-1,1,0,0,0,nil,nil,nil
4/28 18:51:36.791  SPELL_CAST_START,Player-4755-01E83279,"Nlmasters-Dreadmist",0x514,0x8,0000000000000000,nil,0x80000000,0x80000000,75,"Auto Shot",0x1
4/28 18:51:36.791  SPELL_CAST_SUCCESS,Player-4755-0163DD9D,"Kaspais-Dreadmist",0x514,0x0,Creature-0-4457-249-1045-10184-000028665C,"Onyxia",0x10a48,0x0,10181,"Frostbolt",0x10,Player-4755-0163DD9D,0000000000000000,100,100,0,0,0,-1,0,0,0,14.87,-171.73,0,4.6117,66
4/28 18:51:36.791  SPELL_CAST_START,Player-4755-0163DD9D,"Kaspais-Dreadmist",0x514,0x0,0000000000000000,nil,0x80000000,0x80000000,10181,"Frostbolt",0x10
4/28 18:51:36.791  SPELL_CAST_SUCCESS,Player-4755-0160BD13,"Mafkees-Dreadmist",0x514,0x0,Creature-0-4457-249-1045-10184-000028665C,"Onyxia",0x10a48,0x0,11585,"Overpower",0x1,Player-4755-0160BD13,0000000000000000,100,100,0,0,0,-1,0,0,0,8.01,-211.95,0,1.2040,64
4/28 18:51:36.902  SWING_MISSED,Player-4755-01733879,"Hocwar-Dreadmist",0x40514,0x0,Creature-0-4457-249-1045-10184-000028665C,"Onyxia",0x10a48,0x0,MISS,1
4/28 18:51:36.917  SPELL_CAST_START,Player-4755-0178F576,"Atreas-Dreadmist",0x514,0x0,0000000000000000,nil,0x80000000,0x80000000,75,"Auto Shot",0x1
4/28 18:51:36.937  SPELL_ENERGIZE,Player-4755-0160BD13,"Mafkees-Dreadmist",0x514,0x0,Player-4755-0160BD13,"Mafkees-Dreadmist",0x514,0x0,12964,"Unbridled Wrath",0x1,Player-4755-0160BD13,0000000000000000,100,100,0,0,0,-1,0,0,0,8.01,-211.95,0,1.2040,64,1.0000,0.0000,1,1000
4/28 18:51:36.937  SPELL_ENERGIZE,Player-4755-0220BD00,"Krikoff-Dreadmist",0x40514,0x0,Player-4755-0220BD00,"Krikoff-Dreadmist",0x40514,0x0,12964,"Unbridled Wrath",0x1,Player-4755-0220BD00,0000000000000000,73,100,0,0,0,-1,0,0,0,26.48,-198.07,0,3.4440,68,1.0000,0.0000,1,1000
4/28 18:51:36.937  SPELL_HEAL,Player-4755-016296D3,"Nivl-Dreadmist",0x514,0x0,Player-4755-01614AC7,"Mirrimazduur-Dreadmist",0x512,0x0,1064,"Chain Heal",0x8,Player-4755-01614AC7,0000000000000000,100,100,0,0,0,-1,0,0,0,8.57,-172.25,0,4.7896,68,434,434,113,0,1
4/28 18:51:36.937  SPELL_HEAL,Player-4755-016296D3,"Nivl-Dreadmist",0x514,0x0,Player-4755-02045EF4,"Necrosini-Dreadmist",0x512,0x0,1064,"Chain Heal",0x8,Player-4755-02045EF4,0000000000000000,90,100,0,0,0,-1,0,0,0,10.17,-177.90,0,4.8551,69,427,427,0,0,nil
4/28 18:51:36.937  SPELL_HEAL,Player-4755-016296D3,"Nivl-Dreadmist",0x514,0x0,Player-4755-01804B95,"Moymoy-Dreadmist",0x514,0x0,1064,"Chain Heal",0x8,Player-4755-01804B95,0000000000000000,94,100,0,0,0,-1,0,0,0,10.29,-179.34,0,4.6234,66,674,674,0,0,nil
4/28 18:51:36.937  SWING_DAMAGE_LANDED,Player-4755-01A6B139,"Sakatan-Dreadmist",0x514,0x0,Creature-0-4457-249-1045-10184-000028665C,"Onyxia",0x10a48,0x0,Creature-0-4457-249-1045-10184-000028665C,0000000000000000,31,100,0,0,0,-1,0,0,0,9.96,-202.99,0,0.0136,63,105,135,-1,1,0,0,0,nil,1,nil
4/28 18:51:36.937  SWING_DAMAGE_LANDED,Creature-0-4457-249-1045-10184-000028665C,"Onyxia",0x10a48,0x0,Player-4755-0220BD00,"Krikoff-Dreadmist",0x40514,0x0,Player-4755-0220BD00,0000000000000000,54,100,0,0,0,-1,0,0,0,26.48,-198.07,0,3.4440,68,1216,1612,-1,1,0,0,0,nil,nil,1
4/28 18:51:36.937  SWING_DAMAGE_LANDED,Pet-0-4457-249-1045-7432-01002D8BC6,"Cat",0x1114,0x0,Creature-0-4457-249-1045-10184-000028665C,"Onyxia",0x10a48,0x0,Creature-0-4457-249-1045-10184-000028665C,0000000000000000,31,100,0,0,0,-1,0,0,0,9.96,-202.99,0,0.0136,63,78,99,-1,1,0,0,0,nil,nil,nil
4/28 18:51:36.937  SWING_DAMAGE_LANDED,Player-4755-01AC9FD9,"Alexinho-Dreadmist",0x514,0x0,Creature-0-4457-249-1045-10184-000028665C,"Onyxia",0x10a48,0x0,Creature-0-4457-249-1045-10184-000028665C,0000000000000000,31,100,0,0,0,-1,0,0,0,9.96,-202.99,0,0.0136,63,296,376,-1,1,0,0,0,nil,nil,nil
4/28 18:51:36.937  SPELL_DAMAGE,Player-4755-0160BD13,"Mafkees-Dreadmist",0x514,0x0,Creature-0-4457-249-1045-10184-000028665C,"Onyxia",0x10a48,0x0,11585,"Overpower",0x1,Creature-0-4457-249-1045-10184-000028665C,0000000000000000,30,100,0,0,0,-1,0,0,0,9.96,-202.99,0,0.0136,63,959,553,-1,1,0,0,0,1,nil,nil
4/28 18:51:36.955  SWING_DAMAGE,Pet-0-4457-249-1045-2850-01001956F9,"Kratos",0x1114,0x0,Creature-0-4457-249-1045-10184-000028665C,"Onyxia",0x10a48,0x0,Pet-0-4457-249-1045-2850-01001956F9,Player-4755-0178F576,55,100,0,0,0,-1,0,0,0,11.68,-178.00,0,4.6435,66,120,76,-1,1,0,0,0,1,nil,nil
4/28 18:51:36.984  SPELL_DAMAGE,Player-4755-015FEBD5,"Sauvage-Dreadmist",0x514,0x0,Creature-0-4457-249-1045-10184-000028665C,"Onyxia",0x10a48,0x0,10181,"Frostbolt",0x10,Creature-0-4457-249-1045-10184-000028665C,0000000000000000,30,100,0,0,0,-1,0,0,0,9.96,-202.99,0,0.0136,63,909,825,-1,16,0,0,0,nil,nil,nil
4/28 18:51:37.018  SWING_DAMAGE,Player-4755-01AC9FD9,"Alexinho-Dreadmist",0x514,0x0,Creature-0-4457-249-1045-10184-000028665C,"Onyxia",0x10a48,0x0,Player-4755-01AC9FD9,0000000000000000,66,100,0,0,0,-1,0,0,0,11.63,-211.85,0,1.6114,66,257,159,-1,1,0,0,0,1,nil,nil
4/28 18:51:37.035  SWING_DAMAGE,Player-4755-01733879,"Hocwar-Dreadmist",0x40514,0x0,Creature-0-4457-249-1045-10184-000028665C,"Onyxia",0x10a48,0x0,Player-4755-01733879,0000000000000000,85,100,0,0,0,-1,0,0,0,7.55,-195.92,0,5.2906,71,350,221,-1,1,0,0,0,1,nil,nil
4/28 18:51:37.055  SWING_DAMAGE,Player-4755-01F21AE6,"Blahu-Dreadmist",0x40514,0x0,Creature-0-4457-249-1045-10184-000028665C,"Onyxia",0x10a48,0x0,Player-4755-01F21AE6,0000000000000000,80,100,0,0,0,-1,0,0,0,15.15,-209.68,0,1.9992,70,92,134,-1,1,0,0,0,nil,1,nil
4/28 18:51:37.090  SWING_DAMAGE,Player-4755-0178F416,"Eltorero-Dreadmist",0x514,0x0,Creature-0-4457-249-1045-10184-000028665C,"Onyxia",0x10a48,0x0,Player-4755-0178F416,0000000000000000,100,100,0,0,0,-1,0,0,0,11.86,-218.16,0,1.6254,65,223,283,-1,1,0,0,0,nil,nil,nil
4/28 18:51:37.204  SWING_DAMAGE,Player-4755-01F21AE6,"Blahu-Dreadmist",0x40514,0x0,Creature-0-4457-249-1045-10184-000028665C,"Onyxia",0x10a48,0x0,Player-4755-01F21AE6,0000000000000000,80,100,0,0,0,-1,0,0,0,15.15,-209.68,0,1.9992,70,171,300,-1,1,0,0,0,nil,1,nil
4/28 18:51:37.204  SPELL_PERIODIC_ENERGIZE,Creature-0-4457-249-1045-7416-0000286CFC,"Mana Spring Totem IV",0x2114,0x0,Player-4755-016296D3,"Nivl-Dreadmist",0x514,0x0,10494,"Mana Spring",0x8,Player-4755-016296D3,0000000000000000,100,100,0,0,0,-1,0,0,0,-1.14,-172.31,0,0.9033,69,10.0000,0.0000,0,5845
4/28 18:51:37.224  SPELL_CAST_SUCCESS,Player-4755-01E83279,"Nlmasters-Dreadmist",0x514,0x8,Creature-0-4457-249-1045-10184-000028665C,"Onyxia",0x10a48,0x0,75,"Auto Shot",0x1,Player-4755-01E83279,0000000000000000,71,100,0,0,0,-1,0,0,0,14.62,-245.77,0,1.5529,71
4/28 18:51:37.238  SWING_DAMAGE,Player-4755-0220BD00,"Krikoff-Dreadmist",0x40514,0x0,Creature-0-4457-249-1045-10184-000028665C,"Onyxia",0x10a48,0x0,Player-4755-0220BD00,0000000000000000,54,100,0,0,0,-1,0,0,0,26.48,-198.07,0,3.4440,68,158,241,-1,1,0,0,0,nil,1,nil
4/28 18:51:37.283  SPELL_CAST_SUCCESS,Player-4755-01840577,"Raggèn-Dreadmist",0x514,0x0,0000000000000000,nil,0x80000000,0x80000000,10438,"Searing Totem",0x4,Player-4755-01840577,0000000000000000,68,100,0,0,0,-1,0,0,0,11.83,-212.59,0,1.6965,67
4/28 18:51:37.283  SPELL_SUMMON,Player-4755-01840577,"Raggèn-Dreadmist",0x514,0x0,Creature-0-4457-249-1045-7402-0000286D29,"Searing Totem VI",0xa28,0x0,10438,"Searing Totem",0x4
4/28 18:51:37.315  SPELL_CAST_SUCCESS,Player-4755-020BD78D,"Lonehunter-Dreadmist",0x514,0x0,Creature-0-4457-249-1045-10184-000028665C,"Onyxia",0x10a48,0x0,20904,"Aimed Shot",0x1,Player-4755-020BD78D,0000000000000000,98,100,0,0,0,-1,0,0,0,4.85,-249.75,0,1.4619,70
4/28 18:51:37.315  SPELL_CAST_START,Player-4755-020BD78D,"Lonehunter-Dreadmist",0x514,0x0,0000000000000000,nil,0x80000000,0x80000000,14290,"Multi-Shot",0x1
4/28 18:51:37.315  SPELL_CAST_START,Creature-0-4457-249-1045-10184-000028665C,"Onyxia",0x10a48,0x0,0000000000000000,nil,0x80000000,0x80000000,18435,"Flame Breath",0x4
4/28 18:51:37.315  SPELL_CAST_SUCCESS,Pet-0-4457-249-1045-7432-01002D8BC6,"Cat",0x1114,0x0,Creature-0-4457-249-1045-10184-000028665C,"Onyxia",0x10a48,0x0,17261,"Bite",0x1,Pet-0-4457-249-1045-7432-01002D8BC6,Player-4755-01E83279,48,100,0,0,0,-1,0,0,0,-13.33,-193.99,0,5.9144,71
4/28 18:51:37.339  SPELL_AURA_REMOVED_DOSE,Player-4755-016DF694,"Ashalan-Dreadmist",0x514,0x0,Player-4755-016DF694,"Ashalan-Dreadmist",0x514,0x0,16280,"Flurry",0x1,BUFF,2
4/28 18:51:37.339  DAMAGE_SHIELD_MISSED,Player-4755-0220BD00,"Krikoff-Dreadmist",0x40514,0x0,Creature-0-4457-249-1045-10184-000028665C,"Onyxia",0x10a48,0x0,11771,"Fire Shield",0x4,IMMUNE,nil
4/28 18:51:37.339  SPELL_ENERGIZE,Player-4755-0220BD00,"Krikoff-Dreadmist",0x40514,0x0,Player-4755-0220BD00,"Krikoff-Dreadmist",0x40514,0x0,29478,"Battlegear of Might",0x1,Player-4755-0220BD00,0000000000000000,54,100,0,0,0,-1,0,0,0,26.48,-198.07,0,3.4440,68,1.0000,0.0000,1,1000
4/28 18:51:37.339  SPELL_AURA_APPLIED_DOSE,Player-4755-0160BD13,"Mafkees-Dreadmist",0x514,0x0,Player-4755-0160BD13,"Mafkees-Dreadmist",0x514,0x0,12970,"Flurry",0x1,BUFF,3
4/28 18:51:37.339  SPELL_AURA_REMOVED_DOSE,Player-4755-01733879,"Hocwar-Dreadmist",0x40514,0x0,Player-4755-01733879,"Hocwar-Dreadmist",0x40514,0x0,12970,"Flurry",0x1,BUFF,2
4/28 18:51:37.339  SWING_DAMAGE_LANDED,Pet-0-4457-249-1045-2850-01001956F9,"Kratos",0x1114,0x0,Creature-0-4457-249-1045-10184-000028665C,"Onyxia",0x10a48,0x0,Creature-0-4457-249-1045-10184-000028665C,0000000000000000,30,100,0,0,0,-1,0,0,0,9.96,-202.99,0,0.2893,63,120,76,-1,1,0,0,0,1,nil,nil
4/28 18:51:37.339  SWING_DAMAGE_LANDED,Player-4755-01AC9FD9,"Alexinho-Dreadmist",0x514,0x0,Creature-0-4457-249-1045-10184-000028665C,"Onyxia",0x10a48,0x0,Creature-0-4457-249-1045-10184-000028665C,0000000000000000,30,100,0,0,0,-1,0,0,0,9.96,-202.99,0,0.2893,63,257,159,-1,1,0,0,0,1,nil,nil
4/28 18:51:37.339  SPELL_DAMAGE,Player-4755-01AC9FD9,"Alexinho-Dreadmist",0x514,0x0,Creature-0-4457-249-1045-10184-000028665C,"Onyxia",0x10a48,0x0,11337,"Instant Poison VI",0x8,Creature-0-4457-249-1045-10184-000028665C,0000000000000000,30,100,0,0,0,-1,0,0,0,9.96,-202.99,0,0.2893,63,130,129,-1,8,0,0,0,nil,nil,nil
4/28 18:51:37.339  SWING_DAMAGE_LANDED,Player-4755-01733879,"Hocwar-Dreadmist",0x40514,0x0,Creature-0-4457-249-1045-10184-000028665C,"Onyxia",0x10a48,0x0,Creature-0-4457-249-1045-10184-000028665C,0000000000000000,30,100,0,0,0,-1,0,0,0,9.96,-202.99,0,0.2893,63,350,221,-1,1,0,0,0,1,nil,nil
4/28 18:51:37.339  SWING_DAMAGE_LANDED,Player-4755-01F21AE6,"Blahu-Dreadmist",0x40514,0x0,Creature-0-4457-249-1045-10184-000028665C,"Onyxia",0x10a48,0x0,Creature-0-4457-249-1045-10184-000028665C,0000000000000000,30,100,0,0,0,-1,0,0,0,9.96,-202.99,0,0.2893,63,92,134,-1,1,0,0,0,nil,1,nil
4/28 18:51:37.339  SWING_DAMAGE_LANDED,Player-4755-0178F416,"Eltorero-Dreadmist",0x514,0x0,Creature-0-4457-249-1045-10184-000028665C,"Onyxia",0x10a48,0x0,Creature-0-4457-249-1045-10184-000028665C,0000000000000000,30,100,0,0,0,-1,0,0,0,9.96,-202.99,0,0.2893,63,223,283,-1,1,0,0,0,nil,nil,nil
4/28 18:51:37.339  SWING_DAMAGE_LANDED,Player-4755-01F21AE6,"Blahu-Dreadmist",0x40514,0x0,Creature-0-4457-249-1045-10184-000028665C,"Onyxia",0x10a48,0x0,Creature-0-4457-249-1045-10184-000028665C,0000000000000000,30,100,0,0,0,-1,0,0,0,9.96,-202.99,0,0.2893,63,171,300,-1,1,0,0,0,nil,1,nil
4/28 18:51:37.339  SWING_DAMAGE_LANDED,Player-4755-0220BD00,"Krikoff-Dreadmist",0x40514,0x0,Creature-0-4457-249-1045-10184-000028665C,"Onyxia",0x10a48,0x0,Creature-0-4457-249-1045-10184-000028665C,0000000000000000,30,100,0,0,0,-1,0,0,0,9.96,-202.99,0,0.2893,63,158,241,-1,1,0,0,0,nil,1,nil
4/28 18:51:37.339  SPELL_DAMAGE,Pet-0-4457-249-1045-7432-01002D8BC6,"Cat",0x1114,0x0,Creature-0-4457-249-1045-10184-000028665C,"Onyxia",0x10a48,0x0,17261,"Bite",0x1,Creature-0-4457-249-1045-10184-000028665C,0000000000000000,30,100,0,0,0,-1,0,0,0,9.96,-202.99,0,0.2893,63,119,151,-1,1,0,0,0,nil,nil,nil
4/28 18:51:37.362  SPELL_CAST_SUCCESS,Player-4755-0178F576,"Atreas-Dreadmist",0x514,0x0,Creature-0-4457-249-1045-10184-000028665C,"Onyxia",0x10a48,0x0,75,"Auto Shot",0x1,Player-4755-0178F576,0000000000000000,100,100,0,0,0,-1,0,0,0,-1.33,-170.85,0,4.9147,66
4/28 18:51:37.408  RANGE_MISSED,Player-4755-01614AC7,"Mirrimazduur-Dreadmist",0x512,0x0,Creature-0-4457-249-1045-10184-000028665C,"Onyxia",0x10a48,0x0,5019,"Shoot",0x1,RESIST,nil,0
4/28 18:51:37.419  SPELL_CAST_SUCCESS,Player-4755-01804B95,"Moymoy-Dreadmist",0x514,0x0,Player-4755-0220BD00,"Krikoff-Dreadmist",0x40514,0x0,10396,"Healing Wave",0x8,Player-4755-01804B95,0000000000000000,94,100,0,0,0,-1,0,0,0,10.29,-179.34,0,4.6234,66
4/28 18:51:37.435  SPELL_PERIODIC_ENERGIZE,Player-4755-01733879,"Hocwar-Dreadmist",0x40514,0x0,Player-4755-01733879,"Hocwar-Dreadmist",0x40514,0x0,29131,"Bloodrage",0x1,Player-4755-01733879,0000000000000000,85,100,0,0,0,-1,0,0,0,7.28,-195.51,0,5.2906,71,1.0000,0.0000,1,1000
4/28 18:51:37.485  SWING_DAMAGE,Player-4755-01A6B139,"Sakatan-Dreadmist",0x514,0x0,Creature-0-4457-249-1045-10184-000028665C,"Onyxia",0x10a48,0x0,Player-4755-01A6B139,0000000000000000,71,100,0,0,0,-1,0,0,0,4.16,-188.50,0,5.3375,69,153,209,-1,1,0,0,0,nil,1,nil
4/28 18:51:37.485  SPELL_PERIODIC_DAMAGE,Player-4755-0160BD13,"Mafkees-Dreadmist",0x514,0x0,Creature-0-4457-249-1045-10184-000028665C,"Onyxia",0x10a48,0x0,12721,"Deep Wound",0x1,Creature-0-4457-249-1045-10184-000028665C,0000000000000000,30,100,0,0,0,-1,0,0,0,9.96,-202.99,0,0.2893,63,93,93,-1,1,0,0,0,nil,nil,nil
4/28 18:51:37.485  SPELL_CAST_START,Player-4755-01F36B30,"Rectumqeef-Dreadmist",0x514,0x0,0000000000000000,nil,0x80000000,0x80000000,5019,"Shoot",0x1
4/28 18:51:37.502  SWING_DAMAGE,Player-4755-01637B0A,"Pindle-Dreadmist",0x514,0x0,Creature-0-4457-249-1045-10184-000028665C,"Onyxia",0x10a48,0x0,Player-4755-01637B0A,0000000000000000,60,100,0,0,0,-1,0,0,0,5.53,-197.11,0,5.2537,65,64,88,-1,1,0,0,0,nil,1,nil
4/28 18:51:37.550  SPELL_CAST_SUCCESS,Player-4755-01ED7A64,"Sperzieboon-Dreadmist",0x514,0x0,Player-4755-0210153A,"Hapuseneb-Dreadmist",0x514,0x0,10917,"Flash Heal",0x2,Player-4755-01ED7A64,0000000000000000,67,100,0,0,0,-1,0,0,0,14.27,-226.82,0,1.2071,67
4/28 18:51:37.550  SPELL_CAST_START,Player-4755-01ED7A64,"Sperzieboon-Dreadmist",0x514,0x0,0000000000000000,nil,0x80000000,0x80000000,10917,"Flash Heal",0x2
4/28 18:51:37.566  SPELL_CAST_START,Player-4755-01804B95,"Moymoy-Dreadmist",0x514,0x0,0000000000000000,nil,0x80000000,0x80000000,1064,"Chain Heal",0x8
4/28 18:51:37.749  SPELL_AURA_REFRESH,Player-4755-0160BD13,"Mafkees-Dreadmist",0x514,0x0,Creature-0-4457-249-1045-10184-000028665C,"Onyxia",0x10a48,0x0,12721,"Deep Wound",0x1,DEBUFF
4/28 18:51:37.749  SPELL_AURA_REMOVED_DOSE,Player-4755-01733879,"Hocwar-Dreadmist",0x40514,0x0,Player-4755-01733879,"Hocwar-Dreadmist",0x40514,0x0,12970,"Flurry",0x1,BUFF,1
4/28 18:51:37.749  SPELL_AURA_APPLIED_DOSE,Player-4755-01733879,"Hocwar-Dreadmist",0x40514,0x0,Player-4755-01733879,"Hocwar-Dreadmist",0x40514,0x0,12970,"Flurry",0x1,BUFF,3
4/28 18:51:37.749  SPELL_AURA_REMOVED,Player-4755-01F21AE6,"Blahu-Dreadmist",0x40514,0x0,Player-4755-01F21AE6,"Blahu-Dreadmist",0x40514,0x0,12970,"Flurry",0x1,BUFF
4/28 18:51:37.749  SPELL_AURA_REMOVED_DOSE,Player-4755-0220BD00,"Krikoff-Dreadmist",0x40514,0x0,Player-4755-0220BD00,"Krikoff-Dreadmist",0x40514,0x0,12970,"Flurry",0x1,BUFF,2
4/28 18:51:37.749  SPELL_AURA_REMOVED_DOSE,Player-4755-0220BD00,"Krikoff-Dreadmist",0x40514,0x0,Player-4755-0220BD00,"Krikoff-Dreadmist",0x40514,0x0,23888,"Bloodthirst",0x1,BUFF,1
4/28 18:51:37.749  SPELL_HEAL,Player-4755-0220BD00,"Krikoff-Dreadmist",0x40514,0x0,Player-4755-0220BD00,"Krikoff-Dreadmist",0x40514,0x0,23891,"Bloodthirst",0x1,Player-4755-0220BD00,0000000000000000,54,100,0,0,0,-1,0,0,0,26.48,-198.07,0,3.4440,68,20,20,0,0,nil
4/28 18:51:37.749  SPELL_HEAL,Player-4755-01804B95,"Moymoy-Dreadmist",0x514,0x0,Player-4755-0220BD00,"Krikoff-Dreadmist",0x40514,0x0,10396,"Healing Wave",0x8,Player-4755-0220BD00,0000000000000000,88,100,0,0,0,-1,0,0,0,26.48,-198.07,0,3.4440,68,2153,2153,0,0,nil
4/28 18:51:37.749  SPELL_AURA_APPLIED,Player-4755-01804B95,"Moymoy-Dreadmist",0x514,0x0,Player-4755-0220BD00,"Krikoff-Dreadmist",0x40514,0x0,29203,"Healing Way",0x2,BUFF
4/28 18:51:37.749  SWING_DAMAGE_LANDED,Player-4755-01A6B139,"Sakatan-Dreadmist",0x514,0x0,Creature-0-4457-249-1045-10184-000028665C,"Onyxia",0x10a48,0x0,Creature-0-4457-249-1045-10184-000028665C,0000000000000000,30,100,0,0,0,-1,0,0,0,9.96,-202.99,0,0.2893,63,153,209,-1,1,0,0,0,nil,1,nil
4/28 18:51:37.749  SWING_DAMAGE_LANDED,Player-4755-01637B0A,"Pindle-Dreadmist",0x514,0x0,Creature-0-4457-249-1045-10184-000028665C,"Onyxia",0x10a48,0x0,Creature-0-4457-249-1045-10184-000028665C,0000000000000000,30,100,0,0,0,-1,0,0,0,9.96,-202.99,0,0.2893,63,64,88,-1,1,0,0,0,nil,1,nil
4/28 18:51:37.749  SPELL_HEAL,Player-4755-01ED7A64,"Sperzieboon-Dreadmist",0x514,0x0,Player-4755-0210153A,"Hapuseneb-Dreadmist",0x514,0x0,10917,"Flash Heal",0x2,Player-4755-0210153A,0000000000000000,97,100,0,0,0,-1,0,0,0,6.28,-238.83,0,1.6179,66,1113,1113,0,0,nil
4/28 18:51:37.749  SPELL_AURA_APPLIED,Player-4755-020BD78D,"Lonehunter-Dreadmist",0x514,0x0,Player-4755-01F21AE6,"Blahu-Dreadmist",0x40514,0x0,20906,"Trueshot Aura",0x40,BUFF
4/28 18:51:37.774  SPELL_CAST_SUCCESS,Player-4755-020BD78D,"Lonehunter-Dreadmist",0x514,0x0,Creature-0-4457-249-1045-10184-000028665C,"Onyxia",0x10a48,0x0,14290,"Multi-Shot",0x1,Player-4755-020BD78D,0000000000000000,98,100,0,0,0,-1,0,0,0,4.85,-249.75,0,1.4619,70
4/28 18:51:37.774  SPELL_PERIODIC_ENERGIZE,Player-4755-01802FE5,"Angrybat-Dreadmist",0x514,0x0,Player-4755-01802FE5,"Angrybat-Dreadmist",0x514,0x0,18194,"Mana Regeneration",0x1,Player-4755-01802FE5,0000000000000000,89,100,0,0,0,-1,0,0,0,0.15,-175.12,0,2.4408,64,8.0000,0.0000,0,5883
4/28 18:51:37.774  SPELL_CAST_START,Player-4755-020BD78D,"Lonehunter-Dreadmist",0x514,0x0,0000000000000000,nil,0x80000000,0x80000000,75,"Auto Shot",0x1
4/28 18:51:37.830  SPELL_CAST_START,Player-4755-0178F576,"Atreas-Dreadmist",0x514,0x0,0000000000000000,nil,0x80000000,0x80000000,20904,"Aimed Shot",0x1
4/28 18:51:37.830  SPELL_PERIODIC_ENERGIZE,Creature-0-4457-249-1045-7416-0000286CFC,"Mana Spring Totem IV",0x2114,0x0,Player-4755-0178F576,"Atreas-Dreadmist",0x514,0x0,10494,"Mana Spring",0x8,Player-4755-0178F576,0000000000000000,100,100,0,0,0,-1,0,0,0,-1.33,-170.85,0,4.9147,66,10.0000,0.0000,0,3765
4/28 18:51:37.896  SWING_DAMAGE,Player-4755-01637B0A,"Pindle-Dreadmist",0x514,0x0,Creature-0-4457-249-1045-10184-000028665C,"Onyxia",0x10a48,0x0,Player-4755-01637B0A,0000000000000000,60,100,0,0,0,-1,0,0,0,5.53,-197.11,0,5.2380,65,146,193,-1,1,0,0,0,nil,1,nil
4/28 18:51:37.912  SPELL_DAMAGE,Player-4755-0163DD9D,"Kaspais-Dreadmist",0x514,0x0,Creature-0-4457-249-1045-10184-000028665C,"Onyxia",0x10a48,0x0,10181,"Frostbolt",0x10,Creature-0-4457-249-1045-10184-000028665C,0000000000000000,30,100,0,0,0,-1,0,0,0,9.96,-202.99,0,0.2893,63,933,848,-1,16,0,0,0,nil,nil,nil
4/28 18:51:37.929  SPELL_CAST_SUCCESS,Player-4755-016DF694,"Ashalan-Dreadmist",0x514,0x0,0000000000000000,nil,0x80000000,0x80000000,11903,"Restore Mana",0x1,Player-4755-016DF694,0000000000000000,99,100,0,0,0,-1,0,0,0,6.16,-196.24,0,5.0161,67
4/28 18:51:37.929  SPELL_CAST_SUCCESS,Player-4755-01AC9FD9,"Alexinho-Dreadmist",0x514,0x0,Creature-0-4457-249-1045-10184-000028665C,"Onyxia",0x10a48,0x0,11303,"Feint",0x1,Player-4755-01AC9FD9,0000000000000000,66,100,0,0,0,-1,0,0,0,11.63,-211.85,0,1.6114,66
4/28 18:51:37.950  SWING_DAMAGE,Player-4755-01A6B139,"Sakatan-Dreadmist",0x514,0x0,Creature-0-4457-249-1045-10184-000028665C,"Onyxia",0x10a48,0x0,Player-4755-01A6B139,0000000000000000,71,100,0,0,0,-1,0,0,0,4.16,-188.50,0,5.3375,69,112,142,-1,1,0,0,0,nil,nil,nil
4/28 18:51:37.950  SWING_DAMAGE,Pet-0-4457-249-1045-2850-01001956F9,"Kratos",0x1114,0x0,Creature-0-4457-249-1045-10184-000028665C,"Onyxia",0x10a48,0x0,Pet-0-4457-249-1045-2850-01001956F9,Player-4755-0178F576,55,100,0,0,0,-1,0,0,0,11.68,-178.00,0,4.6435,66,65,83,-1,1,0,0,0,nil,nil,nil
4/28 18:51:37.985  SWING_DAMAGE,Player-4755-01840577,"Raggèn-Dreadmist",0x514,0x0,Creature-0-4457-249-1045-10184-000028665C,"Onyxia",0x10a48,0x0,Player-4755-01840577,0000000000000000,68,100,0,0,0,-1,0,0,0,11.94,-212.57,0,1.6965,67,260,402,-1,1,0,0,0,nil,1,nil
4/28 18:51:37.985  SPELL_CAST_SUCCESS,Player-4755-01F36B30,"Rectumqeef-Dreadmist",0x514,0x0,Creature-0-4457-249-1045-10184-000028665C,"Onyxia",0x10a48,0x0,5019,"Shoot",0x1,Player-4755-01F36B30,0000000000000000,100,100,0,0,0,-1,0,0,0,12.89,-175.69,0,4.7254,66
4/28 18:51:37.985  SPELL_CAST_SUCCESS,Player-4755-0220BD00,"Krikoff-Dreadmist",0x40514,0x0,Creature-0-4457-249-1045-10184-000028665C,"Onyxia",0x10a48,0x0,23894,"Bloodthirst",0x1,Player-4755-0220BD00,0000000000000000,88,100,0,0,0,-1,0,0,0,26.48,-198.07,0,3.4440,68
4/28 18:51:38.007  SPELL_CAST_START,Player-4755-01614AC7,"Mirrimazduur-Dreadmist",0x512,0x0,0000000000000000,nil,0x80000000,0x80000000,11661,"Shadow Bolt",0x20
4/28 18:51:38.063  SPELL_CAST_SUCCESS,Player-4755-01FA8DD8,"Roackerita-Dreadmist",0x514,0x0,Player-4755-01F21AE6,"Blahu-Dreadmist",0x40514,0x0,9474,"Flash Heal",0x2,Player-4755-01FA8DD8,0000000000000000,100,100,0,0,0,-1,0,0,0,20.58,-178.73,0,5.3096,69
4/28 18:51:38.063  SPELL_PERIODIC_DAMAGE,Player-4755-01614AC7,"Mirrimazduur-Dreadmist",0x512,0x0,Creature-0-4457-249-1045-10184-000028665C,"Onyxia",0x10a48,0x0,11672,"Corruption",0x20,Creature-0-4457-249-1045-10184-000028665C,0000000000000000,30,100,0,0,0,-1,0,0,0,9.96,-202.99,0,0.2893,63,207,188,-1,32,0,0,0,nil,nil,nil
4/28 18:51:38.063  SPELL_AURA_APPLIED,Player-4755-01A6B139,"Sakatan-Dreadmist",0x514,0x0,Player-4755-01A6B139,"Sakatan-Dreadmist",0x514,0x0,13877,"Blade Flurry",0x1,BUFF
4/28 18:51:38.063  SPELL_CAST_SUCCESS,Player-4755-01A6B139,"Sakatan-Dreadmist",0x514,0x0,0000000000000000,nil,0x80000000,0x80000000,13877,"Blade Flurry",0x1,Player-4755-01A6B139,0000000000000000,71,100,0,0,0,-1,0,0,0,4.16,-188.50,0,5.3375,69
4/28 18:51:38.127  SPELL_CAST_START,Player-4755-02045EF4,"Necrosini-Dreadmist",0x512,0x0,0000000000000000,nil,0x80000000,0x80000000,6064,"Heal",0x2
4/28 18:51:38.144  SWING_DAMAGE,Player-4755-01733879,"Hocwar-Dreadmist",0x40514,0x0,Creature-0-4457-249-1045-10184-000028665C,"Onyxia",0x10a48,0x0,Player-4755-01733879,0000000000000000,85,100,0,0,0,-1,0,0,0,7.20,-195.38,0,5.1139,71,103,148,-1,1,0,0,0,nil,1,nil
4/28 18:51:38.152  SPELL_ENERGIZE,Player-4755-01F21AE6,"Blahu-Dreadmist",0x40514,0x0,Player-4755-01F21AE6,"Blahu-Dreadmist",0x40514,0x0,12964,"Unbridled Wrath",0x1,Player-4755-01F21AE6,0000000000000000,80,100,0,0,0,-1,0,0,0,15.15,-209.68,0,1.8840,70,1.0000,0.0000,1,1000
4/28 18:51:38.152  SPELL_ENERGIZE,Player-4755-01F21AE6,"Blahu-Dreadmist",0x40514,0x0,Player-4755-01F21AE6,"Blahu-Dreadmist",0x40514,0x0,12964,"Unbridled Wrath",0x1,Player-4755-01F21AE6,0000000000000000,80,100,0,0,0,-1,0,0,0,15.15,-209.68,0,1.8840,70,1.0000,0.0000,1,1000
4/28 18:51:38.152  SWING_DAMAGE_LANDED,Player-4755-01637B0A,"Pindle-Dreadmist",0x514,0x0,Creature-0-4457-249-1045-10184-000028665C,"Onyxia",0x10a48,0x0,Creature-0-4457-249-1045-10184-000028665C,0000000000000000,30,100,0,0,0,-1,0,0,0,9.96,-202.99,0,0.2893,63,146,193,-1,1,0,0,0,nil,1,nil
4/28 18:51:38.152  SPELL_ENERGIZE,Player-4755-016DF694,"Ashalan-Dreadmist",0x514,0x0,Player-4755-016DF694,"Ashalan-Dreadmist",0x514,0x0,11903,"Restore Mana",0x1,Player-4755-016DF694,0000000000000000,99,100,0,0,0,-1,0,0,0,6.16,-196.24,0,5.0161,67,786.0000,0.0000,0,3885
4/28 18:51:38.152  SWING_DAMAGE_LANDED,Player-4755-01A6B139,"Sakatan-Dreadmist",0x514,0x0,Creature-0-4457-249-1045-10184-000028665C,"Onyxia",0x10a48,0x0,Creature-0-4457-249-1045-10184-000028665C,0000000000000000,30,100,0,0,0,-1,0,0,0,9.96,-202.99,0,0.2893,63,112,142,-1,1,0,0,0,nil,nil,nil
4/28 18:51:38.152  SWING_DAMAGE_LANDED,Pet-0-4457-249-1045-2850-01001956F9,"Kratos",0x1114,0x0,Creature-0-4457-249-1045-10184-000028665C,"Onyxia",0x10a48,0x0,Creature-0-4457-249-1045-10184-000028665C,0000000000000000,30,100,0,0,0,-1,0,0,0,9.96,-202.99,0,0.2893,63,65,83,-1,1,0,0,0,nil,nil,nil
4/28 18:51:38.152  SWING_DAMAGE_LANDED,Player-4755-01840577,"Raggèn-Dreadmist",0x514,0x0,Creature-0-4457-249-1045-10184-000028665C,"Onyxia",0x10a48,0x0,Creature-0-4457-249-1045-10184-000028665C,0000000000000000,30,100,0,0,0,-1,0,0,0,9.96,-202.99,0,0.2893,63,260,402,-1,1,0,0,0,nil,1,nil
4/28 18:51:38.152  SPELL_DAMAGE,Player-4755-0220BD00,"Krikoff-Dreadmist",0x40514,0x0,Creature-0-4457-249-1045-10184-000028665C,"Onyxia",0x10a48,0x0,23894,"Bloodthirst",0x1,Creature-0-4457-249-1045-10184-000028665C,0000000000000000,30,100,0,0,0,-1,0,0,0,9.96,-202.99,0,0.2893,63,490,621,-1,1,0,0,0,nil,nil,nil
4/28 18:51:38.152  SPELL_AURA_APPLIED_DOSE,Player-4755-0220BD00,"Krikoff-Dreadmist",0x40514,0x0,Player-4755-0220BD00,"Krikoff-Dreadmist",0x40514,0x0,23888,"Bloodthirst",0x1,BUFF,5
4/28 18:51:38.152  SPELL_HEAL,Player-4755-01FA8DD8,"Roackerita-Dreadmist",0x514,0x0,Player-4755-01F21AE6,"Blahu-Dreadmist",0x40514,0x0,9474,"Flash Heal",0x2,Player-4755-01F21AE6,0000000000000000,91,100,0,0,0,-1,0,0,0,15.15,-209.68,0,1.8840,70,758,758,0,0,nil
4/28 18:51:38.152  SWING_DAMAGE_LANDED,Player-4755-01733879,"Hocwar-Dreadmist",0x40514,0x0,Creature-0-4457-249-1045-10184-000028665C,"Onyxia",0x10a48,0x0,Creature-0-4457-249-1045-10184-000028665C,0000000000000000,30,100,0,0,0,-1,0,0,0,9.96,-202.99,0,0.2893,63,103,148,-1,1,0,0,0,nil,1,nil
4/28 18:51:38.152  SWING_DAMAGE,Pet-0-4457-249-1045-7432-01002D8BC6,"Cat",0x1114,0x0,Creature-0-4457-249-1045-10184-000028665C,"Onyxia",0x10a48,0x0,Pet-0-4457-249-1045-7432-01002D8BC6,Player-4755-01E83279,48,100,0,0,0,-1,0,0,0,-13.33,-193.99,0,5.9144,71,55,102,-1,1,0,0,0,nil,1,nil
4/28 18:51:38.213  SPELL_CAST_SUCCESS,Player-4755-020BD78D,"Lonehunter-Dreadmist",0x514,0x0,Creature-0-4457-249-1045-10184-000028665C,"Onyxia",0x10a48,0x0,75,"Auto Shot",0x1,Player-4755-020BD78D,0000000000000000,98,100,0,0,0,-1,0,0,0,4.85,-249.75,0,1.4619,70
4/28 18:51:38.213  RANGE_DAMAGE,Player-4755-0178F576,"Atreas-Dreadmist",0x514,0x0,Creature-0-4457-249-1045-10184-000028665C,"Onyxia",0x10a48,0x0,75,"Auto Shot",0x1,Creature-0-4457-249-1045-10184-000028665C,0000000000000000,30,100,0,0,0,-1,0,0,0,9.96,-202.99,0,0.2893,63,379,481,-1,1,0,0,0,nil,nil,nil
4/28 18:51:38.273  SPELL_CAST_START,Player-4755-01BC57A3,"Saintis-Dreadmist",0x511,0x0,0000000000000000,nil,0x80000000,0x80000000,6063,"Heal",0x2
4/28 18:51:38.294  SPELL_CAST_SUCCESS,Player-4755-0220BD00,"Krikoff-Dreadmist",0x40514,0x0,Creature-0-4457-249-1045-10184-000028665C,"Onyxia",0x10a48,0x0,11567,"Heroic Strike",0x1,Player-4755-0220BD00,0000000000000000,88,100,0,0,0,-1,0,0,0,26.48,-198.07,0,3.4440,68
4/28 18:51:38.294  SPELL_AURA_REMOVED_DOSE,Player-4755-0220BD00,"Krikoff-Dreadmist",0x40514,0x0,Player-4755-0220BD00,"Krikoff-Dreadmist",0x40514,0x0,12970,"Flurry",0x1,BUFF,1
4/28 18:51:38.311  RANGE_DAMAGE,Player-4755-01E83279,"Nlmasters-Dreadmist",0x514,0x8,Creature-0-4457-249-1045-10184-000028665C,"Onyxia",0x10a48,0x0,75,"Auto Shot",0x1,Creature-0-4457-249-1045-10184-000028665C,0000000000000000,30,100,0,0,0,-1,0,0,0,9.96,-202.99,0,0.2893,63,324,411,-1,1,0,0,0,nil,nil,nil
4/28 18:51:38.311  SPELL_CAST_SUCCESS,Player-4755-01F21AE6,"Blahu-Dreadmist",0x40514,0x0,Creature-0-4457-249-1045-10184-000028665C,"Onyxia",0x10a48,0x0,11597,"Sunder Armor",0x1,Player-4755-01F21AE6,0000000000000000,91,100,0,0,0,-1,0,0,0,15.15,-209.68,0,1.8840,70
4/28 18:51:38.359  SPELL_CAST_SUCCESS,Player-4755-01617EEE,"Fenix-Dreadmist",0x512,0x0,Player-4755-0220BD00,"Krikoff-Dreadmist",0x40514,0x0,6064,"Heal",0x2,Player-4755-01617EEE,0000000000000000,100,100,0,0,0,-1,0,0,0,21.87,-175.54,0,5.1346,66
4/28 18:51:38.404  SWING_DAMAGE,Player-4755-01AC9FD9,"Alexinho-Dreadmist",0x514,0x0,Creature-0-4457-249-1045-10184-000028665C,"Onyxia",0x10a48,0x0,Player-4755-01AC9FD9,0000000000000000,66,100,0,0,0,-1,0,0,0,11.63,-211.85,0,1.6114,66,135,170,-1,1,0,0,0,nil,nil,nil
4/28 18:51:38.420  SWING_MISSED,Player-4755-01733879,"Hocwar-Dreadmist",0x40514,0x0,Creature-0-4457-249-1045-10184-000028665C,"Onyxia",0x10a48,0x0,MISS,nil
4/28 18:51:38.420  SPELL_PERIODIC_ENERGIZE,Player-4755-01733879,"Hocwar-Dreadmist",0x40514,0x0,Player-4755-01733879,"Hocwar-Dreadmist",0x40514,0x0,29131,"Bloodrage",0x1,Player-4755-01733879,0000000000000000,85,100,0,0,0,-1,0,0,0,7.20,-195.38,0,5.1139,71,1.0000,0.0000,1,1000
4/28 18:51:38.487  SPELL_CAST_SUCCESS,Player-4755-0160BD13,"Mafkees-Dreadmist",0x514,0x0,0000000000000000,nil,0x80000000,0x80000000,11581,"Thunder Clap",0x1,Player-4755-0160BD13,0000000000000000,100,100,0,0,0,-1,0,0,0,8.26,-209.50,0,1.2786,64
4/28 18:51:38.503  SPELL_DAMAGE,Player-4755-020BD78D,"Lonehunter-Dreadmist",0x514,0x0,Creature-0-4457-249-1045-10184-000028665C,"Onyxia",0x10a48,0x0,20904,"Aimed Shot",0x1,Creature-0-4457-249-1045-10184-000028665C,0000000000000000,30,100,0,0,0,-1,0,0,0,9.96,-202.99,0,0.2893,63,2093,1129,-1,1,0,0,0,1,nil,nil
4/28 18:51:38.552  SPELL_AURA_REMOVED,Player-4755-0178F576,"Atreas-Dreadmist",0x514,0x0,Player-4755-0178F416,"Eltorero-Dreadmist",0x514,0x0,20906,"Trueshot Aura",0x40,BUFF
4/28 18:51:38.555  SPELL_AURA_REMOVED_DOSE,Player-4755-01840577,"Raggèn-Dreadmist",0x514,0x0,Player-4755-01840577,"Raggèn-Dreadmist",0x514,0x0,16280,"Flurry",0x1,BUFF,2
4/28 18:51:38.555  SPELL_AURA_REMOVED_DOSE,Player-4755-0220BD00,"Krikoff-Dreadmist",0x40514,0x0,Player-4755-0220BD00,"Krikoff-Dreadmist",0x40514,0x0,23888,"Bloodthirst",0x1,BUFF,4
4/28 18:51:38.555  SPELL_HEAL,Player-4755-0220BD00,"Krikoff-Dreadmist",0x40514,0x0,Player-4755-0220BD00,"Krikoff-Dreadmist",0x40514,0x0,23891,"Bloodthirst",0x1,Player-4755-0220BD00,0000000000000000,88,100,0,0,0,-1,0,0,0,26.48,-198.07,0,3.4440,68,20,20,0,0,nil
4/28 18:51:38.555  SPELL_AURA_REMOVED_DOSE,Player-4755-01733879,"Hocwar-Dreadmist",0x40514,0x0,Player-4755-01733879,"Hocwar-Dreadmist",0x40514,0x0,12970,"Flurry",0x1,BUFF,2
4/28 18:51:38.555  SWING_DAMAGE_LANDED,Pet-0-4457-249-1045-7432-01002D8BC6,"Cat",0x1114,0x0,Creature-0-4457-249-1045-10184-000028665C,"Onyxia",0x10a48,0x0,Creature-0-4457-249-1045-10184-000028665C,0000000000000000,30,100,0,0,0,-1,0,0,0,9.96,-202.99,0,0.2893,63,55,102,-1,1,0,0,0,nil,1,nil
4/28 18:51:38.555  SPELL_DAMAGE,Player-4755-0220BD00,"Krikoff-Dreadmist",0x40514,0x0,Creature-0-4457-249-1045-10184-000028665C,"Onyxia",0x10a48,0x0,11567,"Heroic Strike",0x1,Creature-0-4457-249-1045-10184-000028665C,0000000000000000,30,100,0,0,0,-1,0,0,0,9.96,-202.99,0,0.2893,63,443,561,-1,1,0,0,0,nil,nil,nil
4/28 18:51:38.555  SPELL_HEAL,Player-4755-01617EEE,"Fenix-Dreadmist",0x512,0x0,Player-4755-0220BD00,"Krikoff-Dreadmist",0x40514,0x0,6064,"Heal",0x2,Player-4755-0220BD00,0000000000000000,100,100,0,0,0,-1,0,0,0,26.48,-198.07,0,3.4440,68,1460,1460,697,0,nil
4/28 18:51:38.555  SWING_DAMAGE_LANDED,Player-4755-01AC9FD9,"Alexinho-Dreadmist",0x514,0x0,Creature-0-4457-249-1045-10184-000028665C,"Onyxia",0x10a48,0x0,Creature-0-4457-249-1045-10184-000028665C,0000000000000000,30,100,0,0,0,-1,0,0,0,9.96,-202.99,0,0.2893,63,135,170,-1,1,0,0,0,nil,nil,nil
4/28 18:51:38.555  SPELL_DAMAGE,Player-4755-0160BD13,"Mafkees-Dreadmist",0x514,0x0,Creature-0-4457-249-1045-10184-000028665C,"Onyxia",0x10a48,0x0,11581,"Thunder Clap",0x1,Creature-0-4457-249-1045-10184-000028665C,0000000000000000,30,100,0,0,0,-1,0,0,0,9.96,-202.99,0,0.2893,63,82,103,-1,1,0,0,0,nil,nil,nil
4/28 18:51:38.555  SPELL_AURA_REMOVED,Player-4755-01733879,"Hocwar-Dreadmist",0x40514,0x0,Creature-0-4457-249-1045-10184-000028665C,"Onyxia",0x10a48,0x0,11581,"Thunder Clap",0x1,DEBUFF
4/28 18:51:38.555  SPELL_AURA_APPLIED,Player-4755-0160BD13,"Mafkees-Dreadmist",0x514,0x0,Creature-0-4457-249-1045-10184-000028665C,"Onyxia",0x10a48,0x0,11581,"Thunder Clap",0x1,DEBUFF
4/28 18:51:38.583  SPELL_CAST_SUCCESS,Player-4755-015FEBD5,"Sauvage-Dreadmist",0x514,0x0,Creature-0-4457-249-1045-10184-000028665C,"Onyxia",0x10a48,0x0,10181,"Frostbolt",0x10,Player-4755-015FEBD5,0000000000000000,100,100,0,0,0,-1,0,0,0,-8.73,-236.03,0,1.0343,64
4/28 18:51:38.583  SWING_MISSED,Player-4755-01637B0A,"Pindle-Dreadmist",0x514,0x0,Creature-0-4457-249-1045-10184-000028665C,"Onyxia",0x10a48,0x0,MISS,1
4/28 18:51:38.651  SWING_DAMAGE,Player-4755-01F21AE6,"Blahu-Dreadmist",0x40514,0x0,Creature-0-4457-249-1045-10184-000028665C,"Onyxia",0x10a48,0x0,Player-4755-01F21AE6,0000000000000000,91,100,0,0,0,-1,0,0,0,15.15,-209.68,0,1.8369,70,89,128,-1,1,0,0,0,nil,1,nil
4/28 18:51:38.651  SPELL_CAST_SUCCESS,Player-4755-016DF694,"Ashalan-Dreadmist",0x514,0x0,Creature-0-4457-249-1045-10184-000028665C,"Onyxia",0x10a48,0x0,10473,"Frost Shock",0x10,Player-4755-016DF694,0000000000000000,99,100,0,0,0,-1,0,0,0,6.16,-196.24,0,5.0161,67
4/28 18:51:38.669  SPELL_PERIODIC_HEAL,Player-4755-0220BD00,"Krikoff-Dreadmist",0x40514,0x0,Player-4755-0220BD00,"Krikoff-Dreadmist",0x40514,0x0,24427,"Diamond Flask",0x8,Player-4755-0220BD00,0000000000000000,100,100,0,0,0,-1,0,0,0,26.48,-198.07,0,3.4440,68,9,9,9,0,nil
4/28 18:51:38.700  SPELL_AURA_APPLIED,Player-4755-0160BD13,"Mafkees-Dreadmist",0x514,0x0,Player-4755-0160BD13,"Mafkees-Dreadmist",0x514,0x0,20007,"Holy Strength",0x2,BUFF
4/28 18:51:38.700  SPELL_HEAL,Player-4755-0160BD13,"Mafkees-Dreadmist",0x514,0x0,Player-4755-0160BD13,"Mafkees-Dreadmist",0x514,0x0,20007,"Holy Strength",0x2,Player-4755-0160BD13,0000000000000000,100,100,0,0,0,-1,0,0,0,8.26,-209.50,0,1.2708,64,88,88,88,0,nil
4/28 18:51:38.700  SWING_DAMAGE,Player-4755-0160BD13,"Mafkees-Dreadmist",0x514,0x0,Creature-0-4457-249-1045-10184-000028665C,"Onyxia",0x10a48,0x0,Player-4755-0160BD13,0000000000000000,100,100,0,0,0,-1,0,0,0,8.26,-209.50,0,1.2708,64,375,557,-1,1,0,0,0,nil,1,nil
4/28 18:51:38.716  SWING_DAMAGE,Player-4755-01AC9FD9,"Alexinho-Dreadmist",0x514,0x0,Creature-0-4457-249-1045-10184-000028665C,"Onyxia",0x10a48,0x0,Player-4755-01AC9FD9,0000000000000000,66,100,0,0,0,-1,0,0,0,11.63,-211.85,0,1.6114,66,274,408,-1,1,0,0,0,nil,1,nil
4/28 18:51:38.733  SPELL_CAST_START,Player-4755-01FA8DD8,"Roackerita-Dreadmist",0x514,0x0,0000000000000000,nil,0x80000000,0x80000000,9474,"Flash Heal",0x2
4/28 18:51:38.783  SWING_DAMAGE,Player-4755-01A6B139,"Sakatan-Dreadmist",0x514,0x0,Creature-0-4457-249-1045-10184-000028665C,"Onyxia",0x10a48,0x0,Player-4755-01A6B139,0000000000000000,71,100,0,0,0,-1,0,0,0,4.16,-188.50,0,5.3375,69,160,203,-1,1,0,0,0,nil,nil,nil
4/28 18:51:38.953  SPELL_AURA_REMOVED_DOSE,Player-4755-0220BD00,"Krikoff-Dreadmist",0x40514,0x0,Player-4755-0220BD00,"Krikoff-Dreadmist",0x40514,0x0,23888,"Bloodthirst",0x1,BUFF,3
4/28 18:51:38.953  SPELL_HEAL,Player-4755-0220BD00,"Krikoff-Dreadmist",0x40514,0x0,Player-4755-0220BD00,"Krikoff-Dreadmist",0x40514,0x0,23891,"Bloodthirst",0x1,Player-4755-0220BD00,0000000000000000,100,100,0,0,0,-1,0,0,0,26.48,-198.07,0,3.4440,68,20,20,20,0,nil
4/28 18:51:38.953  SPELL_AURA_REMOVED_DOSE,Player-4755-01733879,"Hocwar-Dreadmist",0x40514,0x0,Player-4755-01733879,"Hocwar-Dreadmist",0x40514,0x0,12970,"Flurry",0x1,BUFF,1
4/28 18:51:38.953  SWING_DAMAGE_LANDED,Player-4755-01F21AE6,"Blahu-Dreadmist",0x40514,0x0,Creature-0-4457-249-1045-10184-000028665C,"Onyxia",0x10a48,0x0,Creature-0-4457-249-1045-10184-000028665C,0000000000000000,30,100,0,0,0,-1,0,0,0,9.96,-202.99,0,0.2893,63,89,128,-1,1,0,0,0,nil,1,nil
4/28 18:51:38.953  SPELL_DAMAGE,Player-4755-016DF694,"Ashalan-Dreadmist",0x514,0x0,Creature-0-4457-249-1045-10184-000028665C,"Onyxia",0x10a48,0x0,10473,"Frost Shock",0x10,Creature-0-4457-249-1045-10184-000028665C,0000000000000000,30,100,0,0,0,-1,0,0,0,9.96,-202.99,0,0.2893,63,599,544,-1,16,0,0,0,nil,nil,nil
4/28 18:51:38.953  SWING_DAMAGE_LANDED,Player-4755-0160BD13,"Mafkees-Dreadmist",0x514,0x0,Creature-0-4457-249-1045-10184-000028665C,"Onyxia",0x10a48,0x0,Creature-0-4457-249-1045-10184-000028665C,0000000000000000,30,100,0,0,0,-1,0,0,0,9.96,-202.99,0,0.2893,63,375,557,-1,1,0,0,0,nil,1,nil
4/28 18:51:38.953  SWING_DAMAGE_LANDED,Player-4755-01AC9FD9,"Alexinho-Dreadmist",0x514,0x0,Creature-0-4457-249-1045-10184-000028665C,"Onyxia",0x10a48,0x0,Creature-0-4457-249-1045-10184-000028665C,0000000000000000,30,100,0,0,0,-1,0,0,0,9.96,-202.99,0,0.2893,63,274,408,-1,1,0,0,0,nil,1,nil
4/28 18:51:38.953  SWING_DAMAGE_LANDED,Player-4755-01A6B139,"Sakatan-Dreadmist",0x514,0x0,Creature-0-4457-249-1045-10184-000028665C,"Onyxia",0x10a48,0x0,Creature-0-4457-249-1045-10184-000028665C,0000000000000000,29,100,0,0,0,-1,0,0,0,9.96,-202.99,0,0.2893,63,160,203,-1,1,0,0,0,nil,nil,nil
4/28 18:51:38.953  SPELL_CAST_SUCCESS,Player-4755-01ED7A64,"Sperzieboon-Dreadmist",0x514,0x0,Player-4755-01637B0A,"Pindle-Dreadmist",0x514,0x0,10917,"Flash Heal",0x2,Player-4755-01ED7A64,0000000000000000,67,100,0,0,0,-1,0,0,0,14.27,-226.82,0,1.2071,67
4/28 18:51:38.953  SWING_DAMAGE,Pet-0-4457-249-1045-2850-01001956F9,"Kratos",0x1114,0x0,Creature-0-4457-249-1045-10184-000028665C,"Onyxia",0x10a48,0x0,Pet-0-4457-249-1045-2850-01001956F9,Player-4755-0178F576,55,100,0,0,0,-1,0,0,0,11.68,-178.00,0,4.6435,66,60,76,-1,1,0,0,0,nil,nil,nil
4/28 18:51:38.953  SPELL_AURA_REMOVED,Player-4755-0160BD13,"Mafkees-Dreadmist",0x514,0x0,Player-4755-0160BD13,"Mafkees-Dreadmist",0x514,0x0,2457,"Battle Stance",0x1,BUFF
4/28 18:51:38.953  SPELL_AURA_APPLIED,Player-4755-0160BD13,"Mafkees-Dreadmist",0x514,0x0,Player-4755-0160BD13,"Mafkees-Dreadmist",0x514,0x0,2458,"Berserker Stance",0x1,BUFF
4/28 18:51:38.953  SPELL_CAST_SUCCESS,Player-4755-0160BD13,"Mafkees-Dreadmist",0x514,0x0,0000000000000000,nil,0x80000000,0x80000000,2458,"Berserker Stance",0x1,Player-4755-0160BD13,0000000000000000,100,100,0,0,0,-1,0,0,0,8.26,-209.50,0,1.2551,64
4/28 18:51:38.974  SPELL_CAST_SUCCESS,Player-4755-0178F416,"Eltorero-Dreadmist",0x514,0x0,Creature-0-4457-249-1045-10184-000028665C,"Onyxia",0x10a48,0x0,23894,"Bloodthirst",0x1,Player-4755-0178F416,0000000000000000,100,100,0,0,0,-1,0,0,0,13.39,-218.38,0,1.6843,65
4/28 18:51:38.974  SPELL_CAST_FAILED,Player-4755-01BC57A3,"Saintis-Dreadmist",0x511,0x0,0000000000000000,nil,0x80000000,0x80000000,6063,"Heal",0x2,"Interrupted"
4/28 18:51:38.976  SPELL_CAST_SUCCESS,Player-4755-0210153A,"Hapuseneb-Dreadmist",0x514,0x0,Player-4755-01F21AE6,"Blahu-Dreadmist",0x40514,0x0,6064,"Heal",0x2,Player-4755-0210153A,0000000000000000,97,100,0,0,0,-1,0,0,0,6.28,-238.83,0,1.6179,66
4/28 18:51:38.994  SPELL_AURA_APPLIED,Player-4755-0178F416,"Eltorero-Dreadmist",0x514,0x0,Player-4755-0178F416,"Eltorero-Dreadmist",0x514,0x0,10610,"Windfury Totem",0x8,BUFF
4/28 18:51:38.994  SPELL_EXTRA_ATTACKS,Player-4755-0178F416,"Eltorero-Dreadmist",0x514,0x0,Player-4755-0178F416,"Eltorero-Dreadmist",0x514,0x0,10610,"Windfury Totem",0x8,1
4/28 18:51:38.994  SWING_DAMAGE,Player-4755-0178F416,"Eltorero-Dreadmist",0x514,0x0,Creature-0-4457-249-1045-10184-000028665C,"Onyxia",0x10a48,0x0,Player-4755-0178F416,0000000000000000,100,100,0,0,0,-1,0,0,0,13.39,-218.38,0,1.6843,65,128,283,-1,1,0,0,0,nil,1,nil
4/28 18:51:38.994  SPELL_CAST_START,Player-4755-01F36B30,"Rectumqeef-Dreadmist",0x514,0x0,0000000000000000,nil,0x80000000,0x80000000,5019,"Shoot",0x1
4/28 18:51:38.994  SWING_DAMAGE,Player-4755-0178F416,"Eltorero-Dreadmist",0x514,0x0,Creature-0-4457-249-1045-10184-000028665C,"Onyxia",0x10a48,0x0,Player-4755-0178F416,0000000000000000,100,100,0,0,0,-1,0,0,0,13.39,-218.38,0,1.6843,65,244,309,-1,1,0,0,0,nil,nil,nil
4/28 18:51:39.011  SPELL_CAST_SUCCESS,Player-4755-01840577,"Raggèn-Dreadmist",0x514,0x0,0000000000000000,nil,0x80000000,0x80000000,10497,"Mana Spring Totem",0x10,Player-4755-01840577,0000000000000000,68,100,0,0,0,-1,0,0,0,11.10,-212.68,0,1.6965,67
4/28 18:51:39.011  SPELL_SUMMON,Player-4755-01840577,"Raggèn-Dreadmist",0x514,0x0,Creature-0-4457-249-1045-7416-0000286D2B,"Mana Spring Totem IV",0xa28,0x0,10497,"Mana Spring Totem",0x10
4/28 18:51:39.074  SPELL_CAST_SUCCESS,Player-4755-016296D3,"Nivl-Dreadmist",0x514,0x0,Player-4755-01637B0A,"Pindle-Dreadmist",0x514,0x0,1064,"Chain Heal",0x8,Player-4755-016296D3,0000000000000000,100,100,0,0,0,-1,0,0,0,-1.14,-172.31,0,6.1537,69
4/28 18:51:39.074  SPELL_CAST_START,Player-4755-015FEBD5,"Sauvage-Dreadmist",0x514,0x0,0000000000000000,nil,0x80000000,0x80000000,10181,"Frostbolt",0x10
4/28 18:51:39.090  SWING_DAMAGE,Player-4755-016DF694,"Ashalan-Dreadmist",0x514,0x0,Creature-0-4457-249-1045-10184-000028665C,"Onyxia",0x10a48,0x0,Player-4755-016DF694,0000000000000000,99,100,0,0,0,-1,0,0,0,6.16,-196.24,0,5.0161,67,430,545,-1,1,0,0,0,nil,nil,nil
4/28 18:51:39.107  SPELL_PERIODIC_ENERGIZE,Player-4755-01BC57A3,"Saintis-Dreadmist",0x511,0x0,Player-4755-01BC57A3,"Saintis-Dreadmist",0x511,0x0,18194,"Mana Regeneration",0x1,Player-4755-01BC57A3,0000000000000000,67,100,0,0,0,-1,0,0,0,17.46,-220.85,0,1.8264,68,8.0000,0.0000,0,7212
4/28 18:51:39.107  SPELL_AURA_REFRESH,Player-4755-01A6B139,"Sakatan-Dreadmist",0x514,0x0,Player-4755-01A6B139,"Sakatan-Dreadmist",0x514,0x0,20007,"Holy Strength",0x2,BUFF
4/28 18:51:39.107  SPELL_HEAL,Player-4755-01A6B139,"Sakatan-Dreadmist",0x514,0x0,Player-4755-01A6B139,"Sakatan-Dreadmist",0x514,0x0,20007,"Holy Strength",0x2,Player-4755-01A6B139,0000000000000000,73,100,0,0,0,-1,0,0,0,4.16,-188.50,0,5.3375,69,82,82,0,0,nil
4/28 18:51:39.107  SPELL_MISSED,Player-4755-01A6B139,"Sakatan-Dreadmist",0x514,0x0,Creature-0-4457-249-1045-10184-000028665C,"Onyxia",0x10a48,0x0,11337,"Instant Poison VI",0x8,RESIST,nil,0
4/28 18:51:39.107  SWING_DAMAGE,Player-4755-01A6B139,"Sakatan-Dreadmist",0x514,0x0,Creature-0-4457-249-1045-10184-000028665C,"Onyxia",0x10a48,0x0,Player-4755-01A6B139,0000000000000000,73,100,0,0,0,-1,0,0,0,4.16,-188.50,0,5.3375,69,257,160,-1,1,0,0,0,1,nil,nil
4/28 18:51:39.126  SPELL_CAST_SUCCESS,Player-4755-01733879,"Hocwar-Dreadmist",0x40514,0x0,Creature-0-4457-249-1045-10184-000028665C,"Onyxia",0x10a48,0x0,23881,"Bloodthirst",0x1,Player-4755-01733879,0000000000000000,85,100,0,0,0,-1,0,0,0,7.20,-195.38,0,5.2042,71
4/28 18:51:39.126  SPELL_MISSED,Player-4755-01733879,"Hocwar-Dreadmist",0x40514,0x0,Creature-0-4457-249-1045-10184-000028665C,"Onyxia",0x10a48,0x0,23267,"Firebolt",0x4,IMMUNE,nil
4/28 18:51:39.126  SPELL_AURA_APPLIED,Player-4755-01733879,"Hocwar-Dreadmist",0x40514,0x0,Player-4755-01733879,"Hocwar-Dreadmist",0x40514,0x0,10610,"Windfury Totem",0x8,BUFF
4/28 18:51:39.126  SPELL_EXTRA_ATTACKS,Player-4755-01733879,"Hocwar-Dreadmist",0x40514,0x0,Player-4755-01733879,"Hocwar-Dreadmist",0x40514,0x0,10610,"Windfury Totem",0x8,1
4/28 18:51:39.126  SWING_DAMAGE,Player-4755-01733879,"Hocwar-Dreadmist",0x40514,0x0,Creature-0-4457-249-1045-10184-000028665C,"Onyxia",0x10a48,0x0,Player-4755-01733879,0000000000000000,85,100,0,0,0,-1,0,0,0,7.20,-195.38,0,5.2042,71,194,295,-1,1,0,0,0,nil,1,nil
4/28 18:51:39.145  SPELL_CAST_START,Player-4755-016296D3,"Nivl-Dreadmist",0x514,0x0,0000000000000000,nil,0x80000000,0x80000000,1064,"Chain Heal",0x8
4/28 18:51:39.181  SPELL_CAST_START,Player-4755-01ED7A64,"Sperzieboon-Dreadmist",0x514,0x0,0000000000000000,nil,0x80000000,0x80000000,9474,"Flash Heal",0x2
4/28 18:51:39.213  SPELL_PERIODIC_ENERGIZE,Creature-0-4457-249-1045-7416-0000286CFC,"Mana Spring Totem IV",0x2114,0x0,Player-4755-016296D3,"Nivl-Dreadmist",0x514,0x0,10494,"Mana Spring",0x8,Player-4755-016296D3,0000000000000000,100,100,0,0,0,-1,0,0,0,-1.14,-172.31,0,6.1537,69,10.0000,0.0000,0,5845
4/28 18:51:39.282  SWING_DAMAGE,Player-4755-01637B0A,"Pindle-Dreadmist",0x514,0x0,Creature-0-4457-249-1045-10184-000028665C,"Onyxia",0x10a48,0x0,Player-4755-01637B0A,0000000000000000,60,100,0,0,0,-1,0,0,0,5.53,-197.11,0,5.2380,65,324,201,-1,1,0,0,0,1,nil,nil
4/28 18:51:39.282  SPELL_PERIODIC_HEAL,Player-4755-0210153A,"Hapuseneb-Dreadmist",0x514,0x0,Player-4755-0210153A,"Hapuseneb-Dreadmist",0x514,0x0,10929,"Renew",0x2,Player-4755-0210153A,0000000000000000,100,100,0,0,0,-1,0,0,0,6.28,-238.83,0,1.6179,66,292,292,158,0,nil
4/28 18:51:39.299  SPELL_CAST_SUCCESS,Player-4755-0163DD9D,"Kaspais-Dreadmist",0x514,0x0,Creature-0-4457-249-1045-10184-000028665C,"Onyxia",0x10a48,0x0,10181,"Frostbolt",0x10,Player-4755-0163DD9D,0000000000000000,100,100,0,0,0,-1,0,0,0,14.87,-171.73,0,4.6117,66
4/28 18:51:39.299  SPELL_CAST_START,Player-4755-0163DD9D,"Kaspais-Dreadmist",0x514,0x0,0000000000000000,nil,0x80000000,0x80000000,10181,"Frostbolt",0x10
4/28 18:51:39.315  SWING_DAMAGE,Player-4755-0220BD00,"Krikoff-Dreadmist",0x40514,0x0,Creature-0-4457-249-1045-10184-000028665C,"Onyxia",0x10a48,0x0,Player-4755-0220BD00,0000000000000000,100,100,0,0,0,-1,0,0,0,26.48,-198.07,0,3.4440,68,211,267,-1,1,0,0,0,nil,nil,nil
4/28 18:51:39.315  SPELL_CAST_START,Player-4755-01E83279,"Nlmasters-Dreadmist",0x514,0x8,0000000000000000,nil,0x80000000,0x80000000,75,"Auto Shot",0x1
4/28 18:51:39.332  SPELL_CAST_SUCCESS,Creature-0-4457-249-1045-10184-000028665C,"Onyxia",0x10a48,0x0,0000000000000000,nil,0x80000000,0x80000000,18435,"Flame Breath",0x4,Creature-0-4457-249-1045-10184-000028665C,0000000000000000,29,100,0,0,0,-1,0,0,0,9.96,-202.99,0,0.2893,63
4/28 18:51:39.332  SPELL_DAMAGE,Player-4755-020BD78D,"Lonehunter-Dreadmist",0x514,0x0,Creature-0-4457-249-1045-10184-000028665C,"Onyxia",0x10a48,0x0,14290,"Multi-Shot",0x1,Creature-0-4457-249-1045-10184-000028665C,0000000000000000,29,100,0,0,0,-1,0,0,0,9.96,-202.99,0,0.2893,63,531,674,-1,1,0,0,0,nil,nil,nil
4/28 18:51:39.368  SPELL_ENERGIZE,Player-4755-0220BD00,"Krikoff-Dreadmist",0x40514,0x0,Player-4755-0220BD00,"Krikoff-Dreadmist",0x40514,0x0,12964,"Unbridled Wrath",0x1,Player-4755-0220BD00,0000000000000000,100,100,0,0,0,-1,0,0,0,26.48,-198.07,0,3.4440,68,1.0000,0.0000,1,1000
4/28 18:51:39.368  SPELL_AURA_REMOVED_DOSE,Player-4755-0160BD13,"Mafkees-Dreadmist",0x514,0x0,Player-4755-0160BD13,"Mafkees-Dreadmist",0x514,0x0,12970,"Flurry",0x1,BUFF,2
4/28 18:51:39.368  SPELL_HEAL,Player-4755-01ED7A64,"Sperzieboon-Dreadmist",0x514,0x0,Player-4755-01637B0A,"Pindle-Dreadmist",0x514,0x0,10917,"Flash Heal",0x2,Player-4755-01637B0A,0000000000000000,89,100,0,0,0,-1,0,0,0,5.53,-197.11,0,5.2380,65,1222,1222,0,0,nil
4/28 18:51:39.368  SWING_DAMAGE_LANDED,Pet-0-4457-249-1045-2850-01001956F9,"Kratos",0x1114,0x0,Creature-0-4457-249-1045-10184-000028665C,"Onyxia",0x10a48,0x0,Creature-0-4457-249-1045-10184-000028665C,0000000000000000,29,100,0,0,0,-1,0,0,0,9.96,-202.99,0,0.2893,63,60,76,-1,1,0,0,0,nil,nil,nil
4/28 18:51:39.368  SPELL_DAMAGE,Player-4755-0178F416,"Eltorero-Dreadmist",0x514,0x0,Creature-0-4457-249-1045-10184-000028665C,"Onyxia",0x10a48,0x0,23894,"Bloodthirst",0x1,Creature-0-4457-249-1045-10184-000028665C,0000000000000000,29,100,0,0,0,-1,0,0,0,9.96,-202.99,0,0.2893,63,474,601,-1,1,0,0,0,nil,nil,nil
4/28 18:51:39.368  SPELL_AURA_APPLIED,Player-4755-0178F416,"Eltorero-Dreadmist",0x514,0x0,Player-4755-0178F416,"Eltorero-Dreadmist",0x514,0x0,23888,"Bloodthirst",0x1,BUFF
4/28 18:51:39.368  SPELL_HEAL,Player-4755-0210153A,"Hapuseneb-Dreadmist",0x514,0x0,Player-4755-01F21AE6,"Blahu-Dreadmist",0x40514,0x0,6064,"Heal",0x2,Player-4755-01F21AE6,0000000000000000,100,100,0,0,0,-1,0,0,0,15.15,-209.68,0,1.8212,70,2089,2089,1439,0,1
4/28 18:51:39.368  SWING_DAMAGE_LANDED,Player-4755-0178F416,"Eltorero-Dreadmist",0x514,0x0,Creature-0-4457-249-1045-10184-000028665C,"Onyxia",0x10a48,0x0,Creature-0-4457-249-1045-10184-000028665C,0000000000000000,29,100,0,0,0,-1,0,0,0,9.96,-202.99,0,0.2893,63,128,283,-1,1,0,0,0,nil,1,nil
4/28 18:51:39.368  SWING_DAMAGE_LANDED,Player-4755-0178F416,"Eltorero-Dreadmist",0x514,0x0,Creature-0-4457-249-1045-10184-000028665C,"Onyxia",0x10a48,0x0,Creature-0-4457-249-1045-10184-000028665C,0000000000000000,29,100,0,0,0,-1,0,0,0,9.96,-202.99,0,0.2893,63,244,309,-1,1,0,0,0,nil,nil,nil
4/28 18:51:39.368  SPELL_HEAL,Player-4755-016296D3,"Nivl-Dreadmist",0x514,0x0,Player-4755-01733879,"Hocwar-Dreadmist",0x40514,0x0,1064,"Chain Heal",0x8,Player-4755-01733879,0000000000000000,90,100,0,0,0,-1,0,0,0,7.20,-195.38,0,5.2042,71,293,293,0,0,nil
4/28 18:51:39.368  SPELL_HEAL,Player-4755-016296D3,"Nivl-Dreadmist",0x514,0x0,Player-4755-01A6B139,"Sakatan-Dreadmist",0x514,0x0,1064,"Chain Heal",0x8,Player-4755-01A6B139,0000000000000000,83,100,0,0,0,-1,0,0,0,4.16,-188.50,0,5.3375,69,446,446,0,0,nil
4/28 18:51:39.368  SPELL_HEAL,Player-4755-016296D3,"Nivl-Dreadmist",0x514,0x0,Player-4755-01637B0A,"Pindle-Dreadmist",0x514,0x0,1064,"Chain Heal",0x8,Player-4755-01637B0A,0000000000000000,100,100,0,0,0,-1,0,0,0,5.53,-197.11,0,5.2380,65,657,657,213,0,nil
4/28 18:51:39.368  SWING_DAMAGE_LANDED,Player-4755-016DF694,"Ashalan-Dreadmist",0x514,0x0,Creature-0-4457-249-1045-10184-000028665C,"Onyxia",0x10a48,0x0,Creature-0-4457-249-1045-10184-000028665C,0000000000000000,29,100,0,0,0,-1,0,0,0,9.96,-202.99,0,0.2893,63,430,545,-1,1,0,0,0,nil,nil,nil
4/28 18:51:39.368  SWING_DAMAGE_LANDED,Player-4755-01A6B139,"Sakatan-Dreadmist",0x514,0x0,Creature-0-4457-249-1045-10184-000028665C,"Onyxia",0x10a48,0x0,Creature-0-4457-249-1045-10184-000028665C,0000000000000000,29,100,0,0,0,-1,0,0,0,9.96,-202.99,0,0.2893,63,257,160,-1,1,0,0,0,1,nil,nil
4/28 18:51:39.368  SPELL_DAMAGE,Player-4755-01733879,"Hocwar-Dreadmist",0x40514,0x0,Creature-0-4457-249-1045-10184-000028665C,"Onyxia",0x10a48,0x0,23881,"Bloodthirst",0x1,Creature-0-4457-249-1045-10184-000028665C,0000000000000000,29,100,0,0,0,-1,0,0,0,9.96,-202.99,0,0.2893,63,398,505,-1,1,0,0,0,nil,nil,nil
4/28 18:51:39.368  SPELL_AURA_APPLIED,Player-4755-01733879,"Hocwar-Dreadmist",0x40514,0x0,Player-4755-01733879,"Hocwar-Dreadmist",0x40514,0x0,23885,"Bloodthirst",0x1,BUFF
4/28 18:51:39.368  SWING_DAMAGE_LANDED,Player-4755-01733879,"Hocwar-Dreadmist",0x40514,0x0,Creature-0-4457-249-1045-10184-000028665C,"Onyxia",0x10a48,0x0,Creature-0-4457-249-1045-10184-000028665C,0000000000000000,29,100,0,0,0,-1,0,0,0,9.96,-202.99,0,0.2893,63,194,295,-1,1,0,0,0,nil,1,nil
4/28 18:51:39.368  SWING_DAMAGE_LANDED,Player-4755-01637B0A,"Pindle-Dreadmist",0x514,0x0,Creature-0-4457-249-1045-10184-000028665C,"Onyxia",0x10a48,0x0,Creature-0-4457-249-1045-10184-000028665C,0000000000000000,29,100,0,0,0,-1,0,0,0,9.96,-202.99,0,0.2893,63,324,201,-1,1,0,0,0,1,nil,nil
4/28 18:51:39.368  SWING_DAMAGE_LANDED,Player-4755-0220BD00,"Krikoff-Dreadmist",0x40514,0x0,Creature-0-4457-249-1045-10184-000028665C,"Onyxia",0x10a48,0x0,Creature-0-4457-249-1045-10184-000028665C,0000000000000000,29,100,0,0,0,-1,0,0,0,9.96,-202.99,0,0.2893,63,211,267,-1,1,0,0,0,nil,nil,nil
4/28 18:51:39.368  SPELL_DAMAGE,Creature-0-4457-249-1045-10184-000028665C,"Onyxia",0x10a48,0x0,Player-4755-0220BD00,"Krikoff-Dreadmist",0x40514,0x0,18435,"Flame Breath",0x4,Player-4755-0220BD00,0000000000000000,49,100,0,0,0,-1,0,0,0,26.48,-198.07,0,3.4440,68,3294,3660,-1,4,0,0,0,nil,nil,nil
4/28 18:51:39.368  SPELL_ABSORBED,Creature-0-4457-249-1045-10184-000028665C,"Onyxia",0x10a48,0x0,Player-4755-01FA8DD8,"Roackerita-Dreadmist",0x514,0x0,18435,"Flame Breath",0x4,Player-4755-01FA8DD8,"Roackerita-Dreadmist",0x514,0x0,10899,"Power Word: Shield",0x2,795,3343
4/28 18:51:39.368  SPELL_AURA_REMOVED,Player-4755-01FA8DD8,"Roackerita-Dreadmist",0x514,0x0,Player-4755-01FA8DD8,"Roackerita-Dreadmist",0x514,0x0,10899,"Power Word: Shield",0x2,BUFF
4/28 18:51:39.368  SPELL_DAMAGE,Creature-0-4457-249-1045-10184-000028665C,"Onyxia",0x10a48,0x0,Player-4755-01FA8DD8,"Roackerita-Dreadmist",0x514,0x0,18435,"Flame Breath",0x4,Player-4755-01FA8DD8,0000000000000000,34,100,0,0,0,-1,0,0,0,20.58,-178.73,0,5.3096,69,2548,3343,-1,4,0,0,795,nil,nil,nil
4/28 18:51:39.368  SPELL_DAMAGE,Creature-0-4457-249-1045-10184-000028665C,"Onyxia",0x10a48,0x0,Player-4755-01617EEE,"Fenix-Dreadmist",0x512,0x0,18435,"Flame Breath",0x4,Player-4755-01617EEE,0000000000000000,28,100,0,0,0,-1,0,0,0,21.87,-175.54,0,5.1346,66,3061,3123,-1,4,0,0,0,nil,nil,nil
4/28 18:51:39.368  RANGE_DAMAGE,Player-4755-01F36B30,"Rectumqeef-Dreadmist",0x514,0x0,Creature-0-4457-249-1045-10184-000028665C,"Onyxia",0x10a48,0x0,5019,"Shoot",0x1,Creature-0-4457-249-1045-10184-000028665C,0000000000000000,29,100,0,0,0,-1,0,0,0,9.96,-202.99,0,0.2893,63,79,72,-1,64,0,0,0,nil,nil,nil
4/28 18:51:39.394  SWING_DAMAGE,Player-4755-01733879,"Hocwar-Dreadmist",0x40514,0x0,Creature-0-4457-249-1045-10184-000028665C,"Onyxia",0x10a48,0x0,Player-4755-01733879,0000000000000000,90,100,0,0,0,-1,0,0,0,7.20,-195.38,0,5.2042,71,107,160,-1,1,0,0,0,nil,1,nil
4/28 18:51:39.411  RANGE_DAMAGE,Player-4755-020BD78D,"Lonehunter-Dreadmist",0x514,0x0,Creature-0-4457-249-1045-10184-000028665C,"Onyxia",0x10a48,0x0,75,"Auto Shot",0x1,Creature-0-4457-249-1045-10184-000028665C,0000000000000000,29,100,0,0,0,-1,0,0,0,9.96,-202.99,0,0.2893,63,938,506,-1,1,0,0,0,1,nil,nil
4/28 18:51:39.428  SPELL_AURA_APPLIED,Player-4755-01A6B139,"Sakatan-Dreadmist",0x514,0x0,Player-4755-01A6B139,"Sakatan-Dreadmist",0x514,0x0,13750,"Adrenaline Rush",0x1,BUFF
4/28 18:51:39.428  SPELL_CAST_SUCCESS,Player-4755-01A6B139,"Sakatan-Dreadmist",0x514,0x0,0000000000000000,nil,0x80000000,0x80000000,13750,"Adrenaline Rush",0x1,Player-4755-01A6B139,0000000000000000,83,100,0,0,0,-1,0,0,0,4.16,-188.50,0,5.3375,69
4/28 18:51:39.447  SPELL_PERIODIC_ENERGIZE,Player-4755-01733879,"Hocwar-Dreadmist",0x40514,0x0,Player-4755-01733879,"Hocwar-Dreadmist",0x40514,0x0,29131,"Bloodrage",0x1,Player-4755-01733879,0000000000000000,90,100,0,0,0,-1,0,0,0,7.20,-195.38,0,5.2042,71,1.0000,0.0000,1,1000
4/28 18:51:39.498  SPELL_CAST_SUCCESS,Player-4755-01F36B30,"Rectumqeef-Dreadmist",0x514,0x0,Creature-0-4457-249-1045-10184-000028665C,"Onyxia",0x10a48,0x0,5019,"Shoot",0x1,Player-4755-01F36B30,0000000000000000,100,100,0,0,0,-1,0,0,0,12.89,-175.69,0,4.7254,66
4/28 18:51:39.603  SPELL_PERIODIC_HEAL,Player-4755-02045EF4,"Necrosini-Dreadmist",0x512,0x0,Player-4755-0178F416,"Eltorero-Dreadmist",0x514,0x0,10929,"Renew",0x2,Player-4755-0178F416,0000000000000000,100,100,0,0,0,-1,0,0,0,13.39,-218.38,0,1.6843,65,253,253,253,0,nil
4/28 18:51:39.664  SPELL_CAST_SUCCESS,Player-4755-01F21AE6,"Blahu-Dreadmist",0x40514,0x0,Creature-0-4457-249-1045-10184-000028665C,"Onyxia",0x10a48,0x0,11567,"Heroic Strike",0x1,Player-4755-01F21AE6,0000000000000000,100,100,0,0,0,-1,0,0,0,15.15,-209.68,0,1.8212,70
4/28 18:51:39.664  SPELL_MISSED,Player-4755-01F21AE6,"Blahu-Dreadmist",0x40514,0x0,Creature-0-4457-249-1045-10184-000028665C,"Onyxia",0x10a48,0x0,11567,"Heroic Strike",0x1,PARRY,nil
4/28 18:51:39.664  SWING_DAMAGE,Pet-0-4457-249-1045-7432-01002D8BC6,"Cat",0x1114,0x0,Creature-0-4457-249-1045-10184-000028665C,"Onyxia",0x10a48,0x0,Pet-0-4457-249-1045-7432-01002D8BC6,Player-4755-01E83279,48,100,0,0,0,-1,0,0,0,-13.33,-193.99,0,5.9144,71,47,93,-1,1,0,0,0,nil,1,nil
4/28 18:51:39.664  SWING_DAMAGE,Player-4755-01637B0A,"Pindle-Dreadmist",0x514,0x0,Creature-0-4457-249-1045-10184-000028665C,"Onyxia",0x10a48,0x0,Player-4755-01637B0A,0000000000000000,100,100,0,0,0,-1,0,0,0,5.53,-197.11,0,5.2380,65,69,89,-1,1,0,0,0,nil,1,nil
4/28 18:51:39.758  SPELL_AURA_REMOVED,Player-4755-01804B95,"Moymoy-Dreadmist",0x514,0x0,Player-4755-01F21AE6,"Blahu-Dreadmist",0x40514,0x0,29203,"Healing Way",0x2,BUFF
4/28 18:51:39.758  SPELL_CAST_SUCCESS,Player-4755-01E83279,"Nlmasters-Dreadmist",0x514,0x8,Creature-0-4457-249-1045-10184-000028665C,"Onyxia",0x10a48,0x0,75,"Auto Shot",0x1,Player-4755-01E83279,0000000000000000,71,100,0,0,0,-1,0,0,0,14.62,-245.77,0,1.5529,71
4/28 18:51:39.783  SPELL_ENERGIZE,Player-4755-01F21AE6,"Blahu-Dreadmist",0x40514,0x0,Player-4755-01F21AE6,"Blahu-Dreadmist",0x40514,0x0,12964,"Unbridled Wrath",0x1,Player-4755-01F21AE6,0000000000000000,100,100,0,0,0,-1,0,0,0,15.15,-209.68,0,1.8212,70,1.0000,0.0000,1,1000
4/28 18:51:39.783  SPELL_AURA_REMOVED_DOSE,Player-4755-0178F416,"Eltorero-Dreadmist",0x514,0x0,Player-4755-0178F416,"Eltorero-Dreadmist",0x514,0x0,23888,"Bloodthirst",0x1,BUFF,4
4/28 18:51:39.783  SPELL_HEAL,Player-4755-0178F416,"Eltorero-Dreadmist",0x514,0x0,Player-4755-0178F416,"Eltorero-Dreadmist",0x514,0x0,23891,"Bloodthirst",0x1,Player-4755-0178F416,0000000000000000,100,100,0,0,0,-1,0,0,0,13.39,-218.38,0,1.6843,65,20,20,20,0,nil
4/28 18:51:39.783  SPELL_AURA_REMOVED_DOSE,Player-4755-0178F416,"Eltorero-Dreadmist",0x514,0x0,Player-4755-0178F416,"Eltorero-Dreadmist",0x514,0x0,23888,"Bloodthirst",0x1,BUFF,3
4/28 18:51:39.783  SPELL_AURA_REMOVED_DOSE,Player-4755-0178F416,"Eltorero-Dreadmist",0x514,0x0,Player-4755-0178F416,"Eltorero-Dreadmist",0x514,0x0,10610,"Windfury Totem",0x8,BUFF,1
4/28 18:51:39.783  SPELL_HEAL,Player-4755-0178F416,"Eltorero-Dreadmist",0x514,0x0,Player-4755-0178F416,"Eltorero-Dreadmist",0x514,0x0,23891,"Bloodthirst",0x1,Player-4755-0178F416,0000000000000000,100,100,0,0,0,-1,0,0,0,13.39,-218.38,0,1.6843,65,20,20,20,0,nil
4/28 18:51:39.783  SPELL_AURA_REMOVED_DOSE,Player-4755-0178F416,"Eltorero-Dreadmist",0x514,0x0,Player-4755-0178F416,"Eltorero-Dreadmist",0x514,0x0,23888,"Bloodthirst",0x1,BUFF,2
4/28 18:51:39.783  SPELL_HEAL,Player-4755-0178F416,"Eltorero-Dreadmist",0x514,0x0,Player-4755-0178F416,"Eltorero-Dreadmist",0x514,0x0,23891,"Bloodthirst",0x1,Player-4755-0178F416,0000000000000000,100,100,0,0,0,-1,0,0,0,13.39,-218.38,0,1.6843,65,20,20,20,0,nil
4/28 18:51:39.783  SPELL_AURA_REMOVED,Player-4755-0178F416,"Eltorero-Dreadmist",0x514,0x0,Player-4755-0178F416,"Eltorero-Dreadmist",0x514,0x0,10610,"Windfury Totem",0x8,BUFF
4/28 18:51:39.783  SPELL_AURA_REMOVED_DOSE,Player-4755-016DF694,"Ashalan-Dreadmist",0x514,0x0,Player-4755-016DF694,"Ashalan-Dreadmist",0x514,0x0,16280,"Flurry",0x1,BUFF,1
4/28 18:51:39.783  SPELL_AURA_REMOVED_DOSE,Player-4755-01733879,"Hocwar-Dreadmist",0x40514,0x0,Player-4755-01733879,"Hocwar-Dreadmist",0x40514,0x0,23885,"Bloodthirst",0x1,BUFF,4
4/28 18:51:39.783  SPELL_HEAL,Player-4755-01733879,"Hocwar-Dreadmist",0x40514,0x0,Player-4755-01733879,"Hocwar-Dreadmist",0x40514,0x0,23880,"Bloodthirst",0x1,Player-4755-01733879,0000000000000000,90,100,0,0,0,-1,0,0,0,7.20,-195.38,0,5.1611,71,10,10,0,0,nil
4/28 18:51:39.783  SPELL_AURA_REMOVED_DOSE,Player-4755-01733879,"Hocwar-Dreadmist",0x40514,0x0,Player-4755-01733879,"Hocwar-Dreadmist",0x40514,0x0,23885,"Bloodthirst",0x1,BUFF,3
4/28 18:51:39.783  SPELL_AURA_REMOVED_DOSE,Player-4755-01733879,"Hocwar-Dreadmist",0x40514,0x0,Player-4755-01733879,"Hocwar-Dreadmist",0x40514,0x0,10610,"Windfury Totem",0x8,BUFF,1
4/28 18:51:39.783  SPELL_HEAL,Player-4755-01733879,"Hocwar-Dreadmist",0x40514,0x0,Player-4755-01733879,"Hocwar-Dreadmist",0x40514,0x0,23880,"Bloodthirst",0x1,Player-4755-01733879,0000000000000000,90,100,0,0,0,-1,0,0,0,7.20,-195.38,0,5.1611,71,10,10,0,0,nil
4/28 18:51:39.783  SPELL_AURA_REMOVED,Player-4755-01733879,"Hocwar-Dreadmist",0x40514,0x0,Player-4755-01733879,"Hocwar-Dreadmist",0x40514,0x0,12970,"Flurry",0x1,BUFF
4/28 18:51:39.788  SPELL_AURA_REMOVED_DOSE,Player-4755-0220BD00,"Krikoff-Dreadmist",0x40514,0x0,Player-4755-0220BD00,"Krikoff-Dreadmist",0x40514,0x0,23888,"Bloodthirst",0x1,BUFF,2
4/28 18:51:39.788  SPELL_HEAL,Player-4755-0220BD00,"Krikoff-Dreadmist",0x40514,0x0,Player-4755-0220BD00,"Krikoff-Dreadmist",0x40514,0x0,23891,"Bloodthirst",0x1,Player-4755-0220BD00,0000000000000000,49,100,0,0,0,-1,0,0,0,26.48,-198.07,0,3.4440,68,20,20,0,0,nil
4/28 18:51:39.788  SPELL_AURA_REMOVED,Player-4755-0220BD00,"Krikoff-Dreadmist",0x40514,0x0,Player-4755-0220BD00,"Krikoff-Dreadmist",0x40514,0x0,12970,"Flurry",0x1,BUFF
4/28 18:51:39.788  SPELL_ENERGIZE,Player-4755-0220BD00,"Krikoff-Dreadmist",0x40514,0x0,Player-4755-0220BD00,"Krikoff-Dreadmist",0x40514,0x0,29478,"Battlegear of Might",0x1,Player-4755-0220BD00,0000000000000000,49,100,0,0,0,-1,0,0,0,26.48,-198.07,0,3.4440,68,1.0000,0.0000,1,1000
4/28 18:51:39.788  SWING_DAMAGE_LANDED,Player-4755-01733879,"Hocwar-Dreadmist",0x40514,0x0,Creature-0-4457-249-1045-10184-000028665C,"Onyxia",0x10a48,0x0,Creature-0-4457-249-1045-10184-000028665C,0000000000000000,29,100,0,0,0,-1,0,0,0,9.96,-202.99,0,0.2893,63,107,160,-1,1,0,0,0,nil,1,nil
4/28 18:51:39.788  SWING_DAMAGE_LANDED,Pet-0-4457-249-1045-7432-01002D8BC6,"Cat",0x1114,0x0,Creature-0-4457-249-1045-10184-000028665C,"Onyxia",0x10a48,0x0,Creature-0-4457-249-1045-10184-000028665C,0000000000000000,29,100,0,0,0,-1,0,0,0,9.96,-202.99,0,0.2893,63,47,93,-1,1,0,0,0,nil,1,nil
4/28 18:51:39.788  SWING_DAMAGE_LANDED,Player-4755-01637B0A,"Pindle-Dreadmist",0x514,0x0,Creature-0-4457-249-1045-10184-000028665C,"Onyxia",0x10a48,0x0,Creature-0-4457-249-1045-10184-000028665C,0000000000000000,29,100,0,0,0,-1,0,0,0,9.96,-202.99,0,0.2893,63,69,89,-1,1,0,0,0,nil,1,nil
4/28 18:51:39.788  SPELL_DAMAGE,Player-4755-01637B0A,"Pindle-Dreadmist",0x514,0x0,Creature-0-4457-249-1045-10184-000028665C,"Onyxia",0x10a48,0x0,11337,"Instant Poison VI",0x8,Creature-0-4457-249-1045-10184-000028665C,0000000000000000,29,100,0,0,0,-1,0,0,0,9.96,-202.99,0,0.2893,63,130,130,-1,8,0,0,0,nil,nil,nil
4/28 18:51:39.813  SWING_DAMAGE,Player-4755-01AC9FD9,"Alexinho-Dreadmist",0x514,0x0,Creature-0-4457-249-1045-10184-000028665C,"Onyxia",0x10a48,0x0,Player-4755-01AC9FD9,0000000000000000,66,100,0,0,0,-1,0,0,0,11.63,-211.85,0,1.6114,66,113,168,-1,1,0,0,0,nil,1,nil
4/28 18:51:39.830  SPELL_PERIODIC_ENERGIZE,Creature-0-4457-249-1045-7416-0000286CFC,"Mana Spring Totem IV",0x2114,0x0,Player-4755-0178F576,"Atreas-Dreadmist",0x514,0x0,10494,"Mana Spring",0x8,Player-4755-0178F576,0000000000000000,100,100,0,0,0,-1,0,0,0,-1.33,-170.85,0,5.0503,66,10.0000,0.0000,0,3765
4/28 18:51:39.947  SPELL_DAMAGE,Player-4755-015FEBD5,"Sauvage-Dreadmist",0x514,0x0,Creature-0-4457-249-1045-10184-000028665C,"Onyxia",0x10a48,0x0,10181,"Frostbolt",0x10,Creature-0-4457-249-1045-10184-000028665C,0000000000000000,29,100,0,0,0,-1,0,0,0,9.96,-202.99,0,0.2893,63,1829,831,-1,16,0,0,0,1,nil,nil
4/28 18:51:39.947  SWING_DAMAGE,Pet-0-4457-249-1045-2850-01001956F9,"Kratos",0x1114,0x0,Creature-0-4457-249-1045-10184-000028665C,"Onyxia",0x10a48,0x0,Pet-0-4457-249-1045-2850-01001956F9,Player-4755-0178F576,55,100,0,0,0,-1,0,0,0,11.68,-178.00,0,4.6435,66,37,76,-1,1,0,0,0,nil,1,nil
4/28 18:51:39.979  SWING_DAMAGE,Player-4755-01A6B139,"Sakatan-Dreadmist",0x514,0x0,Creature-0-4457-249-1045-10184-000028665C,"Onyxia",0x10a48,0x0,Player-4755-01A6B139,0000000000000000,83,100,0,0,0,-1,0,0,0,4.16,-188.50,0,5.3375,69,195,247,-1,1,0,0,0,nil,nil,nil
4/28 18:51:40.070  SPELL_CAST_SUCCESS,Player-4755-01804B95,"Moymoy-Dreadmist",0x514,0x0,Player-4755-01840577,"Raggèn-Dreadmist",0x514,0x0,1064,"Chain Heal",0x8,Player-4755-01804B95,0000000000000000,94,100,0,0,0,-1,0,0,0,10.29,-179.34,0,4.6234,66
4/28 18:51:40.171  SPELL_AURA_APPLIED,Player-4755-0210153A,"Hapuseneb-Dreadmist",0x514,0x0,Player-4755-01F21AE6,"Blahu-Dreadmist",0x40514,0x0,15359,"Inspiration",0x2,BUFF
4/28 18:51:40.171  SPELL_ENERGIZE,Player-4755-01733879,"Hocwar-Dreadmist",0x40514,0x0,Player-4755-01733879,"Hocwar-Dreadmist",0x40514,0x0,12964,"Unbridled Wrath",0x1,Player-4755-01733879,0000000000000000,90,100,0,0,0,-1,0,0,0,7.20,-195.38,0,5.1296,71,1.0000,0.0000,1,1000
4/28 18:51:40.171  SPELL_AURA_REMOVED_DOSE,Player-4755-01733879,"Hocwar-Dreadmist",0x40514,0x0,Player-4755-01733879,"Hocwar-Dreadmist",0x40514,0x0,23885,"Bloodthirst",0x1,BUFF,2
4/28 18:51:40.171  SPELL_HEAL,Player-4755-01733879,"Hocwar-Dreadmist",0x40514,0x0,Player-4755-01733879,"Hocwar-Dreadmist",0x40514,0x0,23880,"Bloodthirst",0x1,Player-4755-01733879,0000000000000000,91,100,0,0,0,-1,0,0,0,7.20,-195.38,0,5.1296,71,10,10,0,0,nil
4/28 18:51:40.171  SPELL_AURA_REMOVED,Player-4755-01733879,"Hocwar-Dreadmist",0x40514,0x0,Player-4755-01733879,"Hocwar-Dreadmist",0x40514,0x0,10610,"Windfury Totem",0x8,BUFF
4/28 18:51:40.191  SWING_DAMAGE_LANDED,Player-4755-01AC9FD9,"Alexinho-Dreadmist",0x514,0x0,Creature-0-4457-249-1045-10184-000028665C,"Onyxia",0x10a48,0x0,Creature-0-4457-249-1045-10184-000028665C,0000000000000000,29,100,0,0,0,-1,0,0,0,9.96,-202.99,0,0.2893,63,113,168,-1,1,0,0,0,nil,1,nil
4/28 18:51:40.191  SWING_DAMAGE_LANDED,Pet-0-4457-249-1045-2850-01001956F9,"Kratos",0x1114,0x0,Creature-0-4457-249-1045-10184-000028665C,"Onyxia",0x10a48,0x0,Creature-0-4457-249-1045-10184-000028665C,0000000000000000,29,100,0,0,0,-1,0,0,0,9.96,-202.99,0,0.2893,63,37,76,-1,1,0,0,0,nil,1,nil
4/28 18:51:40.191  SWING_DAMAGE_LANDED,Player-4755-01A6B139,"Sakatan-Dreadmist",0x514,0x0,Creature-0-4457-249-1045-10184-000028665C,"Onyxia",0x10a48,0x0,Creature-0-4457-249-1045-10184-000028665C,0000000000000000,29,100,0,0,0,-1,0,0,0,9.96,-202.99,0,0.2893,63,195,247,-1,1,0,0,0,nil,nil,nil
4/28 18:51:40.191  SPELL_HEAL,Player-4755-01804B95,"Moymoy-Dreadmist",0x514,0x0,Player-4755-01BC57A3,"Saintis-Dreadmist",0x511,0x0,1064,"Chain Heal",0x8,Player-4755-01BC57A3,0000000000000000,71,100,0,0,0,-1,0,0,0,17.79,-219.20,0,1.8264,68,182,182,0,0,nil
4/28 18:51:40.191  SPELL_HEAL,Player-4755-01804B95,"Moymoy-Dreadmist",0x514,0x0,Player-4755-01AC9FD9,"Alexinho-Dreadmist",0x514,0x0,1064,"Chain Heal",0x8,Player-4755-01AC9FD9,0000000000000000,70,100,0,0,0,-1,0,0,0,11.63,-211.85,0,1.6114,66,182,182,0,0,nil
4/28 18:51:40.191  SPELL_HEAL,Player-4755-01804B95,"Moymoy-Dreadmist",0x514,0x0,Player-4755-01840577,"Raggèn-Dreadmist",0x514,0x0,1064,"Chain Heal",0x8,Player-4755-01840577,0000000000000000,85,100,0,0,0,-1,0,0,0,12.18,-213.06,0,1.6965,67,759,759,0,0,nil
4/28 18:51:40.239  SWING_DAMAGE,Player-4755-01A6B139,"Sakatan-Dreadmist",0x514,0x0,Creature-0-4457-249-1045-10184-000028665C,"Onyxia",0x10a48,0x0,Player-4755-01A6B139,0000000000000000,83,100,0,0,0,-1,0,0,0,4.00,-188.28,0,5.3375,69,121,164,-1,1,0,0,0,nil,1,nil
4/28 18:51:40.303  SPELL_CAST_START,Player-4755-01617EEE,"Fenix-Dreadmist",0x512,0x0,0000000000000000,nil,0x80000000,0x80000000,6064,"Heal",0x2
4/28 18:51:40.303  SPELL_CAST_SUCCESS,Player-4755-01AC9FD9,"Alexinho-Dreadmist",0x514,0x0,Creature-0-4457-249-1045-10184-000028665C,"Onyxia",0x10a48,0x0,11294,"Sinister Strike",0x1,Player-4755-01AC9FD9,0000000000000000,70,100,0,0,0,-1,0,0,0,11.63,-211.85,0,1.6114,66
4/28 18:51:40.304  SPELL_CAST_START,Player-4755-020BD78D,"Lonehunter-Dreadmist",0x514,0x0,0000000000000000,nil,0x80000000,0x80000000,75,"Auto Shot",0x1
4/28 18:51:40.343  SPELL_CAST_START,Player-4755-01BC57A3,"Saintis-Dreadmist",0x511,0x0,0000000000000000,nil,0x80000000,0x80000000,10917,"Flash Heal",0x2
4/28 18:51:40.390  SPELL_CAST_START,Player-4755-0210153A,"Hapuseneb-Dreadmist",0x514,0x0,0000000000000000,nil,0x80000000,0x80000000,6064,"Heal",0x2
4/28 18:51:40.439  SPELL_PERIODIC_ENERGIZE,Player-4755-01733879,"Hocwar-Dreadmist",0x40514,0x0,Player-4755-01733879,"Hocwar-Dreadmist",0x40514,0x0,29131,"Bloodrage",0x1,Player-4755-01733879,0000000000000000,91,100,0,0,0,-1,0,0,0,7.20,-195.38,0,5.1296,71,1.0000,0.0000,1,1000
4/28 18:51:40.439  SPELL_DAMAGE,Player-4755-0163DD9D,"Kaspais-Dreadmist",0x514,0x0,Creature-0-4457-249-1045-10184-000028665C,"Onyxia",0x10a48,0x0,10181,"Frostbolt",0x10,Creature-0-4457-249-1045-10184-000028665C,0000000000000000,29,100,0,0,0,-1,0,0,0,9.96,-202.99,0,0.2893,63,1901,863,-1,16,0,0,0,1,nil,nil
4/28 18:51:40.455  SWING_DAMAGE,Player-4755-01F21AE6,"Blahu-Dreadmist",0x40514,0x0,Creature-0-4457-249-1045-10184-000028665C,"Onyxia",0x10a48,0x0,Player-4755-01F21AE6,0000000000000000,100,100,0,0,0,-1,0,0,0,15.15,-209.68,0,1.8264,70,99,143,-1,1,0,0,0,nil,1,nil
4/28 18:51:40.487  SPELL_CAST_START,Player-4755-01F36B30,"Rectumqeef-Dreadmist",0x514,0x0,0000000000000000,nil,0x80000000,0x80000000,5019,"Shoot",0x1
4/28 18:51:40.523  SPELL_CAST_SUCCESS,Player-4755-01614AC7,"Mirrimazduur-Dreadmist",0x512,0x0,Creature-0-4457-249-1045-10184-000028665C,"Onyxia",0x10a48,0x0,11661,"Shadow Bolt",0x20,Player-4755-01614AC7,0000000000000000,100,100,0,0,0,-1,0,0,0,8.53,-174.43,0,4.7385,68
4/28 18:51:40.523  SPELL_CAST_START,Player-4755-01614AC7,"Mirrimazduur-Dreadmist",0x512,0x0,0000000000000000,nil,0x80000000,0x80000000,11661,"Shadow Bolt",0x20
4/28 18:51:40.540  SPELL_CAST_SUCCESS,Player-4755-0220BD00,"Krikoff-Dreadmist",0x40514,0x0,Creature-0-4457-249-1045-10184-000028665C,"Onyxia",0x10a48,0x0,11567,"Heroic Strike",0x1,Player-4755-0220BD00,0000000000000000,49,100,0,0,0,-1,0,0,0,26.48,-198.07,0,3.4440,68
4/28 18:51:40.576  UNIT_DIED,0000000000000000,nil,0x80000000,0x80000000,Player-4755-01E83279,"Nlmasters-Dreadmist",0x514,0x8
4/28 18:51:40.597  SWING_DAMAGE_LANDED,Player-4755-01A6B139,"Sakatan-Dreadmist",0x514,0x0,Creature-0-4457-249-1045-10184-000028665C,"Onyxia",0x10a48,0x0,Creature-0-4457-249-1045-10184-000028665C,0000000000000000,29,100,0,0,0,-1,0,0,0,9.96,-202.99,0,0.2893,63,121,164,-1,1,0,0,0,nil,1,nil
4/28 18:51:40.597  SPELL_DAMAGE,Player-4755-01AC9FD9,"Alexinho-Dreadmist",0x514,0x0,Creature-0-4457-249-1045-10184-000028665C,"Onyxia",0x10a48,0x0,11294,"Sinister Strike",0x1,Creature-0-4457-249-1045-10184-000028665C,0000000000000000,29,100,0,0,0,-1,0,0,0,9.96,-202.99,0,0.2893,63,362,460,-1,1,0,0,0,nil,nil,nil
4/28 18:51:40.597  SWING_DAMAGE_LANDED,Player-4755-01F21AE6,"Blahu-Dreadmist",0x40514,0x0,Creature-0-4457-249-1045-10184-000028665C,"Onyxia",0x10a48,0x0,Creature-0-4457-249-1045-10184-000028665C,0000000000000000,29,100,0,0,0,-1,0,0,0,9.96,-202.99,0,0.2893,63,99,143,-1,1,0,0,0,nil,1,nil
4/28 18:51:40.597  SPELL_DAMAGE,Player-4755-0220BD00,"Krikoff-Dreadmist",0x40514,0x0,Creature-0-4457-249-1045-10184-000028665C,"Onyxia",0x10a48,0x0,11567,"Heroic Strike",0x1,Creature-0-4457-249-1045-10184-000028665C,0000000000000000,29,100,0,0,0,-1,0,0,0,9.96,-202.99,0,0.2893,63,448,568,-1,1,0,0,0,nil,nil,nil
4/28 18:51:40.597  SPELL_CAST_SUCCESS,Player-4755-01ED7A64,"Sperzieboon-Dreadmist",0x514,0x0,Player-4755-01840577,"Raggèn-Dreadmist",0x514,0x0,9474,"Flash Heal",0x2,Player-4755-01ED7A64,0000000000000000,67,100,0,0,0,-1,0,0,0,14.27,-226.82,0,1.2071,67
4/28 18:51:40.597  SWING_DAMAGE,Player-4755-01840577,"Raggèn-Dreadmist",0x514,0x0,Creature-0-4457-249-1045-10184-000028665C,"Onyxia",0x10a48,0x0,Player-4755-01840577,0000000000000000,85,100,0,0,0,-1,0,0,0,12.18,-213.06,0,1.6965,67,287,422,-1,1,0,0,0,nil,1,nil
4/28 18:51:40.630  SPELL_CAST_SUCCESS,Player-4755-02045EF4,"Necrosini-Dreadmist",0x512,0x0,Player-4755-01840577,"Raggèn-Dreadmist",0x514,0x0,6064,"Heal",0x2,Player-4755-02045EF4,0000000000000000,90,100,0,0,0,-1,0,0,0,10.46,-179.96,0,4.8943,69
4/28 18:51:40.660  SPELL_CAST_SUCCESS,Creature-0-4457-249-1045-10184-000028665C,"Onyxia",0x10a48,0x0,Player-4755-0220BD00,"Krikoff-Dreadmist",0x40514,0x0,19983,"Cleave",0x1,Creature-0-4457-249-1045-10184-000028665C,0000000000000000,29,100,0,0,0,-1,0,0,0,9.96,-202.99,0,0.2893,63
4/28 18:51:40.660  SPELL_CAST_SUCCESS,Player-4755-02045EF4,"Necrosini-Dreadmist",0x512,0x0,Player-4755-0220BD00,"Krikoff-Dreadmist",0x40514,0x0,10929,"Renew",0x2,Player-4755-02045EF4,0000000000000000,90,100,0,0,0,-1,0,0,0,10.46,-179.96,0,4.8943,69
4/28 18:51:40.660  SPELL_AURA_APPLIED,Player-4755-01637B0A,"Pindle-Dreadmist",0x514,0x0,Player-4755-01637B0A,"Pindle-Dreadmist",0x514,0x0,10610,"Windfury Totem",0x8,BUFF
4/28 18:51:40.660  SPELL_EXTRA_ATTACKS,Player-4755-01637B0A,"Pindle-Dreadmist",0x514,0x0,Player-4755-01637B0A,"Pindle-Dreadmist",0x514,0x0,10610,"Windfury Totem",0x8,1
4/28 18:51:40.660  SWING_DAMAGE,Player-4755-01637B0A,"Pindle-Dreadmist",0x514,0x0,Creature-0-4457-249-1045-10184-000028665C,"Onyxia",0x10a48,0x0,Player-4755-01637B0A,0000000000000000,100,100,0,0,0,-1,0,0,0,5.53,-197.11,0,5.2380,65,123,170,-1,1,0,0,0,nil,1,nil
4/28 18:51:40.684  SWING_DAMAGE,Player-4755-01637B0A,"Pindle-Dreadmist",0x514,0x0,Creature-0-4457-249-1045-10184-000028665C,"Onyxia",0x10a48,0x0,Player-4755-01637B0A,0000000000000000,100,100,0,0,0,-1,0,0,0,5.53,-197.11,0,5.2380,65,415,257,-1,1,0,0,0,1,nil,nil
4/28 18:51:40.702  SPELL_CAST_START,Player-4755-01804B95,"Moymoy-Dreadmist",0x514,0x0,0000000000000000,nil,0x80000000,0x80000000,10396,"Healing Wave",0x8
4/28 18:51:40.735  SPELL_AURA_APPLIED,Player-4755-01AC9FD9,"Alexinho-Dreadmist",0x514,0x0,Player-4755-01AC9FD9,"Alexinho-Dreadmist",0x514,0x0,10610,"Windfury Totem",0x8,BUFF
4/28 18:51:40.735  SPELL_EXTRA_ATTACKS,Player-4755-01AC9FD9,"Alexinho-Dreadmist",0x514,0x0,Player-4755-01AC9FD9,"Alexinho-Dreadmist",0x514,0x0,10610,"Windfury Totem",0x8,1
4/28 18:51:40.735  SWING_DAMAGE,Player-4755-01AC9FD9,"Alexinho-Dreadmist",0x514,0x0,Creature-0-4457-249-1045-10184-000028665C,"Onyxia",0x10a48,0x0,Player-4755-01AC9FD9,0000000000000000,70,100,0,0,0,-1,0,0,0,11.63,-211.85,0,1.6114,66,235,334,-1,1,0,0,0,nil,1,nil
4/28 18:51:40.735  SWING_MISSED,Player-4755-01733879,"Hocwar-Dreadmist",0x40514,0x0,Creature-0-4457-249-1045-10184-000028665C,"Onyxia",0x10a48,0x0,MISS,nil
4/28 18:51:40.735  SWING_DAMAGE,Player-4755-01AC9FD9,"Alexinho-Dreadmist",0x514,0x0,Creature-0-4457-249-1045-10184-000028665C,"Onyxia",0x10a48,0x0,Player-4755-01AC9FD9,0000000000000000,70,100,0,0,0,-1,0,0,0,11.63,-211.85,0,1.6114,66,659,410,-1,1,0,0,0,1,nil,nil
4/28 18:51:40.735  SPELL_PERIODIC_DAMAGE,Player-4755-0160BD13,"Mafkees-Dreadmist",0x514,0x0,Creature-0-4457-249-1045-10184-000028665C,"Onyxia",0x10a48,0x0,12721,"Deep Wound",0x1,Creature-0-4457-249-1045-10184-000028665C,0000000000000000,29,100,0,0,0,-1,0,0,0,9.96,-202.99,0,0.2893,63,82,81,-1,1,0,0,0,nil,nil,nil
4/28 18:51:40.756  SPELL_CAST_SUCCESS,Player-4755-020BD78D,"Lonehunter-Dreadmist",0x514,0x0,Creature-0-4457-249-1045-10184-000028665C,"Onyxia",0x10a48,0x0,75,"Auto Shot",0x1,Player-4755-020BD78D,0000000000000000,98,100,0,0,0,-1,0,0,0,4.85,-249.75,0,1.4619,70
4/28 18:51:40.756  SWING_DAMAGE,Player-4755-01637B0A,"Pindle-Dreadmist",0x514,0x0,Creature-0-4457-249-1045-10184-000028665C,"Onyxia",0x10a48,0x0,Player-4755-01637B0A,0000000000000000,100,100,0,0,0,-1,0,0,0,5.53,-197.11,0,5.2380,65,203,126,-1,1,0,0,0,1,nil,nil
4/28 18:51:40.835  RANGE_DAMAGE,Player-4755-01E83279,"Nlmasters-Dreadmist",0x514,0x8,Creature-0-4457-249-1045-10184-000028665C,"Onyxia",0x10a48,0x0,75,"Auto Shot",0x1,Creature-0-4457-249-1045-10184-000028665C,0000000000000000,29,100,0,0,0,-1,0,0,0,9.96,-202.99,0,0.2893,63,332,421,-1,1,0,0,0,nil,nil,nil
4/28 18:51:40.867  SWING_MISSED,Player-4755-01733879,"Hocwar-Dreadmist",0x40514,0x0,Creature-0-4457-249-1045-10184-000028665C,"Onyxia",0x10a48,0x0,MISS,1
4/28 18:51:40.867  SPELL_CAST_SUCCESS,Player-4755-01FA8DD8,"Roackerita-Dreadmist",0x514,0x0,Player-4755-01802FE5,"Angrybat-Dreadmist",0x514,0x0,9474,"Flash Heal",0x2,Player-4755-01FA8DD8,0000000000000000,34,100,0,0,0,-1,0,0,0,20.58,-178.73,0,5.3096,69
4/28 18:51:40.867  RANGE_DAMAGE,Player-4755-01F36B30,"Rectumqeef-Dreadmist",0x514,0x0,Creature-0-4457-249-1045-10184-000028665C,"Onyxia",0x10a48,0x0,5019,"Shoot",0x1,Creature-0-4457-249-1045-10184-000028665C,0000000000000000,29,100,0,0,0,-1,0,0,0,9.96,-202.99,0,0.2893,63,94,85,-1,64,0,0,0,nil,nil,nil
4/28 18:51:40.867  SPELL_CAST_SUCCESS,Player-4755-0178F576,"Atreas-Dreadmist",0x514,0x0,Creature-0-4457-249-1045-10184-000028665C,"Onyxia",0x10a48,0x0,20904,"Aimed Shot",0x1,Player-4755-0178F576,0000000000000000,100,100,0,0,0,-1,0,0,0,-1.33,-170.85,0,5.0503,66
4/28 18:51:40.867  SPELL_CAST_START,Player-4755-0178F576,"Atreas-Dreadmist",0x514,0x0,0000000000000000,nil,0x80000000,0x80000000,14290,"Multi-Shot",0x1
4/28 18:51:40.901  SWING_DAMAGE,Player-4755-0178F416,"Eltorero-Dreadmist",0x514,0x0,Creature-0-4457-249-1045-10184-000028665C,"Onyxia",0x10a48,0x0,Player-4755-0178F416,0000000000000000,100,100,0,0,0,-1,0,0,0,13.39,-218.38,0,1.6843,65,160,295,-1,1,0,0,0,nil,1,nil
4/28 18:51:40.901  SPELL_CAST_START,Player-4755-01ED7A64,"Sperzieboon-Dreadmist",0x514,0x0,0000000000000000,nil,0x80000000,0x80000000,9474,"Flash Heal",0x2
4/28 18:51:40.967  SWING_DAMAGE,Pet-0-4457-249-1045-2850-01001956F9,"Kratos",0x1114,0x0,Creature-0-4457-249-1045-10184-000028665C,"Onyxia",0x10a48,0x0,Pet-0-4457-249-1045-2850-01001956F9,Player-4755-0178F576,55,100,0,0,0,-1,0,0,0,11.68,-178.00,0,4.6435,66,37,79,-1,1,0,0,0,nil,1,nil
4/28 18:51:40.967  SPELL_AURA_REFRESH,Player-4755-01637B0A,"Pindle-Dreadmist",0x514,0x0,Player-4755-01637B0A,"Pindle-Dreadmist",0x514,0x0,6774,"Slice and Dice",0x1,BUFF
4/28 18:51:40.967  SPELL_CAST_SUCCESS,Player-4755-01637B0A,"Pindle-Dreadmist",0x514,0x0,Creature-0-4457-249-1045-10184-000028665C,"Onyxia",0x10a48,0x0,6774,"Slice and Dice",0x1,Player-4755-01637B0A,0000000000000000,100,100,0,0,0,-1,0,0,0,5.53,-197.11,0,5.2380,65
4/28 18:51:40.984  SPELL_CAST_SUCCESS,Pet-0-4457-249-1045-2850-01001956F9,"Kratos",0x1114,0x0,Creature-0-4457-249-1045-10184-000028665C,"Onyxia",0x10a48,0x0,17261,"Bite",0x1,Pet-0-4457-249-1045-2850-01001956F9,Player-4755-0178F576,55,100,0,0,0,-1,0,0,0,11.68,-178.00,0,4.6435,66
4/28 18:51:40.984  SPELL_AURA_REMOVED_DOSE,Player-4755-0220BD00,"Krikoff-Dreadmist",0x40514,0x0,Player-4755-0220BD00,"Krikoff-Dreadmist",0x40514,0x0,23888,"Bloodthirst",0x1,BUFF,1
4/28 18:51:40.984  SPELL_HEAL,Player-4755-0220BD00,"Krikoff-Dreadmist",0x40514,0x0,Player-4755-0220BD00,"Krikoff-Dreadmist",0x40514,0x0,23891,"Bloodthirst",0x1,Player-4755-0220BD00,0000000000000000,49,100,0,0,0,-1,0,0,0,26.48,-198.07,0,3.4440,68,20,20,0,0,nil
4/28 18:51:40.984  SPELL_HEAL,Player-4755-01ED7A64,"Sperzieboon-Dreadmist",0x514,0x0,Player-4755-01840577,"Raggèn-Dreadmist",0x514,0x0,9474,"Flash Heal",0x2,Player-4755-01840577,0000000000000000,100,100,0,0,0,-1,0,0,0,12.18,-213.06,0,1.6965,67,723,723,30,0,nil
4/28 18:51:40.984  SWING_DAMAGE_LANDED,Player-4755-01840577,"Raggèn-Dreadmist",0x514,0x0,Creature-0-4457-249-1045-10184-000028665C,"Onyxia",0x10a48,0x0,Creature-0-4457-249-1045-10184-000028665C,0000000000000000,29,100,0,0,0,-1,0,0,0,9.96,-202.99,0,0.2893,63,287,422,-1,1,0,0,0,nil,1,nil
4/28 18:51:40.984  SPELL_HEAL,Player-4755-02045EF4,"Necrosini-Dreadmist",0x512,0x0,Player-4755-01840577,"Raggèn-Dreadmist",0x514,0x0,6064,"Heal",0x2,Player-4755-01840577,0000000000000000,100,100,0,0,0,-1,0,0,0,12.18,-213.06,0,1.6965,67,1148,1148,1148,0,nil
4/28 18:51:40.984  SPELL_DAMAGE,Creature-0-4457-249-1045-10184-000028665C,"Onyxia",0x10a48,0x0,Player-4755-0220BD00,"Krikoff-Dreadmist",0x40514,0x0,19983,"Cleave",0x1,Player-4755-0220BD00,0000000000000000,34,100,0,0,0,-1,0,0,0,26.48,-198.07,0,3.4440,68,974,1936,-1,1,0,0,0,nil,nil,nil
4/28 18:51:40.984  SPELL_AURA_APPLIED,Player-4755-02045EF4,"Necrosini-Dreadmist",0x512,0x0,Player-4755-0220BD00,"Krikoff-Dreadmist",0x40514,0x0,10929,"Renew",0x2,BUFF
4/28 18:51:40.984  SWING_DAMAGE_LANDED,Player-4755-01637B0A,"Pindle-Dreadmist",0x514,0x0,Creature-0-4457-249-1045-10184-000028665C,"Onyxia",0x10a48,0x0,Creature-0-4457-249-1045-10184-000028665C,0000000000000000,29,100,0,0,0,-1,0,0,0,9.96,-202.99,0,0.2893,63,123,170,-1,1,0,0,0,nil,1,nil
4/28 18:51:40.984  SWING_DAMAGE_LANDED,Player-4755-01637B0A,"Pindle-Dreadmist",0x514,0x0,Creature-0-4457-249-1045-10184-000028665C,"Onyxia",0x10a48,0x0,Creature-0-4457-249-1045-10184-000028665C,0000000000000000,28,100,0,0,0,-1,0,0,0,9.96,-202.99,0,0.2893,63,415,257,-1,1,0,0,0,1,nil,nil
4/28 18:51:40.984  SWING_DAMAGE_LANDED,Player-4755-01AC9FD9,"Alexinho-Dreadmist",0x514,0x0,Creature-0-4457-249-1045-10184-000028665C,"Onyxia",0x10a48,0x0,Creature-0-4457-249-1045-10184-000028665C,0000000000000000,28,100,0,0,0,-1,0,0,0,9.96,-202.99,0,0.2893,63,235,334,-1,1,0,0,0,nil,1,nil
4/28 18:51:40.984  SWING_DAMAGE_LANDED,Player-4755-01AC9FD9,"Alexinho-Dreadmist",0x514,0x0,Creature-0-4457-249-1045-10184-000028665C,"Onyxia",0x10a48,0x0,Creature-0-4457-249-1045-10184-000028665C,0000000000000000,28,100,0,0,0,-1,0,0,0,9.96,-202.99,0,0.2893,63,659,410,-1,1,0,0,0,1,nil,nil
4/28 18:51:40.984  SWING_DAMAGE_LANDED,Player-4755-01637B0A,"Pindle-Dreadmist",0x514,0x0,Creature-0-4457-249-1045-10184-000028665C,"Onyxia",0x10a48,0x0,Creature-0-4457-249-1045-10184-000028665C,0000000000000000,28,100,0,0,0,-1,0,0,0,9.96,-202.99,0,0.2893,63,203,126,-1,1,0,0,0,1,nil,nil
4/28 18:51:40.984  SPELL_HEAL,Player-4755-01FA8DD8,"Roackerita-Dreadmist",0x514,0x0,Player-4755-01802FE5,"Angrybat-Dreadmist",0x514,0x0,9474,"Flash Heal",0x2,Player-4755-01802FE5,0000000000000000,100,100,0,0,0,-1,0,0,0,0.15,-175.12,0,2.4408,64,770,770,411,0,nil
4/28 18:51:40.984  SWING_DAMAGE_LANDED,Player-4755-0178F416,"Eltorero-Dreadmist",0x514,0x0,Creature-0-4457-249-1045-10184-000028665C,"Onyxia",0x10a48,0x0,Creature-0-4457-249-1045-10184-000028665C,0000000000000000,28,100,0,0,0,-1,0,0,0,9.96,-202.99,0,0.2893,63,160,295,-1,1,0,0,0,nil,1,nil
4/28 18:51:40.984  SWING_DAMAGE_LANDED,Pet-0-4457-249-1045-2850-01001956F9,"Kratos",0x1114,0x0,Creature-0-4457-249-1045-10184-000028665C,"Onyxia",0x10a48,0x0,Creature-0-4457-249-1045-10184-000028665C,0000000000000000,28,100,0,0,0,-1,0,0,0,9.96,-202.99,0,0.2893,63,37,79,-1,1,0,0,0,nil,1,nil
4/28 18:51:40.984  SPELL_ENERGIZE,Player-4755-01637B0A,"Pindle-Dreadmist",0x514,0x0,Player-4755-01637B0A,"Pindle-Dreadmist",0x514,0x0,14181,"Relentless Strikes Effect",0x1,Player-4755-01637B0A,0000000000000000,100,100,0,0,0,-1,0,0,0,5.53,-197.11,0,5.2380,65,25.0000,0.0000,3,100
4/28 18:51:40.984  SPELL_DAMAGE,Pet-0-4457-249-1045-2850-01001956F9,"Kratos",0x1114,0x0,Creature-0-4457-249-1045-10184-000028665C,"Onyxia",0x10a48,0x0,17261,"Bite",0x1,Creature-0-4457-249-1045-10184-000028665C,0000000000000000,28,100,0,0,0,-1,0,0,0,9.96,-202.99,0,0.2893,63,122,155,-1,1,0,0,0,nil,nil,nil
4/28 18:51:41.007  SPELL_CAST_SUCCESS,Player-4755-01F36B30,"Rectumqeef-Dreadmist",0x514,0x0,Creature-0-4457-249-1045-10184-000028665C,"Onyxia",0x10a48,0x0,5019,"Shoot",0x1,Player-4755-01F36B30,0000000000000000,100,100,0,0,0,-1,0,0,0,12.89,-175.69,0,4.7568,66
4/28 18:51:41.059  SPELL_PERIODIC_DAMAGE,Player-4755-01614AC7,"Mirrimazduur-Dreadmist",0x512,0x0,Creature-0-4457-249-1045-10184-000028665C,"Onyxia",0x10a48,0x0,11672,"Corruption",0x20,Creature-0-4457-249-1045-10184-000028665C,0000000000000000,28,100,0,0,0,-1,0,0,0,9.96,-202.99,0,0.2893,63,207,188,-1,32,0,0,0,nil,nil,nil
4/28 18:51:41.146  SPELL_CAST_START,Player-4755-01FA8DD8,"Roackerita-Dreadmist",0x514,0x0,0000000000000000,nil,0x80000000,0x80000000,9474,"Flash Heal",0x2
4/28 18:51:41.163  SWING_DAMAGE,Pet-0-4457-249-1045-7432-01002D8BC6,"Cat",0x1114,0x0,Creature-0-4457-249-1045-10184-000028665C,"Onyxia",0x10a48,0x0,Pet-0-4457-249-1045-7432-01002D8BC6,Player-4755-01E83279,48,100,0,0,0,-1,0,0,0,-13.33,-193.99,0,5.9144,71,43,95,-1,1,0,0,0,nil,1,nil
4/28 18:51:41.163  SWING_DAMAGE,Player-4755-01A6B139,"Sakatan-Dreadmist",0x514,0x0,Creature-0-4457-249-1045-10184-000028665C,"Onyxia",0x10a48,0x0,Player-4755-01A6B139,0000000000000000,83,100,0,0,0,-1,0,0,0,3.59,-188.29,0,5.3375,69,166,209,-1,1,0,0,0,nil,nil,nil
4/28 18:51:41.163  SPELL_CAST_SUCCESS,Player-4755-01A6B139,"Sakatan-Dreadmist",0x514,0x0,Creature-0-4457-249-1045-10184-000028665C,"Onyxia",0x10a48,0x0,11281,"Backstab",0x1,Player-4755-01A6B139,0000000000000000,83,100,0,0,0,-1,0,0,0,3.59,-188.29,0,5.3375,69
4/28 18:51:41.182  SPELL_MISSED,Player-4755-01AC9FD9,"Alexinho-Dreadmist",0x514,0x0,Creature-0-4457-249-1045-10184-000028665C,"Onyxia",0x10a48,0x0,11337,"Instant Poison VI",0x8,RESIST,nil,0
4/28 18:51:41.182  SWING_DAMAGE,Player-4755-01AC9FD9,"Alexinho-Dreadmist",0x514,0x0,Creature-0-4457-249-1045-10184-000028665C,"Onyxia",0x10a48,0x0,Player-4755-01AC9FD9,0000000000000000,70,100,0,0,0,-1,0,0,0,11.63,-211.85,0,1.6114,66,125,191,-1,1,0,0,0,nil,1,nil
4/28 18:51:41.219  SPELL_PERIODIC_ENERGIZE,Creature-0-4457-249-1045-7416-0000286CFC,"Mana Spring Totem IV",0x2114,0x0,Player-4755-016296D3,"Nivl-Dreadmist",0x514,0x0,10494,"Mana Spring",0x8,Player-4755-016296D3,0000000000000000,100,100,0,0,0,-1,0,0,0,-1.14,-172.31,0,6.1537,69,10.0000,0.0000,0,5845
4/28 18:51:41.305  SPELL_CAST_SUCCESS,Player-4755-0178F576,"Atreas-Dreadmist",0x514,0x0,Creature-0-4457-249-1045-10184-000028665C,"Onyxia",0x10a48,0x0,14290,"Multi-Shot",0x1,Player-4755-0178F576,0000000000000000,100,100,0,0,0,-1,0,0,0,-1.33,-170.85,0,5.0503,66
4/28 18:51:41.321  SPELL_AURA_APPLIED,Player-4755-0160BD13,"Mafkees-Dreadmist",0x514,0x0,Player-4755-0160BD13,"Mafkees-Dreadmist",0x514,0x0,10610,"Windfury Totem",0x8,BUFF
4/28 18:51:41.321  SPELL_EXTRA_ATTACKS,Player-4755-0160BD13,"Mafkees-Dreadmist",0x514,0x0,Player-4755-0160BD13,"Mafkees-Dreadmist",0x514,0x0,10610,"Windfury Totem",0x8,1
4/28 18:51:41.321  SWING_DAMAGE,Player-4755-0160BD13,"Mafkees-Dreadmist",0x514,0x0,Creature-0-4457-249-1045-10184-000028665C,"Onyxia",0x10a48,0x0,Player-4755-0160BD13,0000000000000000,100,100,0,0,0,-1,0,0,0,9.40,-210.23,0,1.3611,64,1006,638,-1,1,0,0,0,1,nil,nil
4/28 18:51:41.321  SWING_DAMAGE,Player-4755-0160BD13,"Mafkees-Dreadmist",0x514,0x0,Creature-0-4457-249-1045-10184-000028665C,"Onyxia",0x10a48,0x0,Player-4755-0160BD13,0000000000000000,100,100,0,0,0,-1,0,0,0,9.40,-210.23,0,1.3611,64,1037,658,-1,1,0,0,0,1,nil,nil
4/28 18:51:41.377  SWING_DAMAGE,Player-4755-01A6B139,"Sakatan-Dreadmist",0x514,0x0,Creature-0-4457-249-1045-10184-000028665C,"Onyxia",0x10a48,0x0,Player-4755-01A6B139,0000000000000000,83,100,0,0,0,-1,0,0,0,3.59,-188.29,0,5.3375,69,264,164,-1,1,0,0,0,1,nil,nil
4/28 18:51:41.377  SPELL_ENERGIZE,Player-4755-01F21AE6,"Blahu-Dreadmist",0x40514,0x0,Player-4755-01F21AE6,"Blahu-Dreadmist",0x40514,0x0,12964,"Unbridled Wrath",0x1,Player-4755-01F21AE6,0000000000000000,100,100,0,0,0,-1,0,0,0,15.15,-209.68,0,1.8788,70,1.0000,0.0000,1,1000
4/28 18:51:41.377  SPELL_AURA_REMOVED_DOSE,Player-4755-01840577,"Raggèn-Dreadmist",0x514,0x0,Player-4755-01840577,"Raggèn-Dreadmist",0x514,0x0,16280,"Flurry",0x1,BUFF,1
4/28 18:51:41.377  DAMAGE_SHIELD_MISSED,Player-4755-0220BD00,"Krikoff-Dreadmist",0x40514,0x0,Creature-0-4457-249-1045-10184-000028665C,"Onyxia",0x10a48,0x0,11771,"Fire Shield",0x4,IMMUNE,nil
4/28 18:51:41.377  SPELL_AURA_REMOVED_DOSE,Player-4755-01637B0A,"Pindle-Dreadmist",0x514,0x0,Player-4755-01637B0A,"Pindle-Dreadmist",0x514,0x0,10610,"Windfury Totem",0x8,BUFF,1
4/28 18:51:41.377  SPELL_AURA_REMOVED,Player-4755-01637B0A,"Pindle-Dreadmist",0x514,0x0,Player-4755-01637B0A,"Pindle-Dreadmist",0x514,0x0,10610,"Windfury Totem",0x8,BUFF
4/28 18:51:41.382  SPELL_AURA_REMOVED_DOSE,Player-4755-01AC9FD9,"Alexinho-Dreadmist",0x514,0x0,Player-4755-01AC9FD9,"Alexinho-Dreadmist",0x514,0x0,10610,"Windfury Totem",0x8,BUFF,1
4/28 18:51:41.382  SPELL_AURA_REMOVED,Player-4755-01AC9FD9,"Alexinho-Dreadmist",0x514,0x0,Player-4755-01AC9FD9,"Alexinho-Dreadmist",0x514,0x0,10610,"Windfury Totem",0x8,BUFF
4/28 18:51:41.382  SPELL_AURA_REMOVED_DOSE,Player-4755-0178F416,"Eltorero-Dreadmist",0x514,0x0,Player-4755-0178F416,"Eltorero-Dreadmist",0x514,0x0,23888,"Bloodthirst",0x1,BUFF,1
4/28 18:51:41.382  SPELL_HEAL,Player-4755-0178F416,"Eltorero-Dreadmist",0x514,0x0,Player-4755-0178F416,"Eltorero-Dreadmist",0x514,0x0,23891,"Bloodthirst",0x1,Player-4755-0178F416,0000000000000000,100,100,0,0,0,-1,0,0,0,13.39,-218.38,0,1.6843,65,20,20,20,0,nil
4/28 18:51:41.382  SWING_DAMAGE_LANDED,Pet-0-4457-249-1045-7432-01002D8BC6,"Cat",0x1114,0x0,Creature-0-4457-249-1045-10184-000028665C,"Onyxia",0x10a48,0x0,Creature-0-4457-249-1045-10184-000028665C,0000000000000000,28,100,0,0,0,-1,0,0,0,9.96,-202.99,0,0.2893,63,43,95,-1,1,0,0,0,nil,1,nil
4/28 18:51:41.382  SWING_DAMAGE_LANDED,Player-4755-01A6B139,"Sakatan-Dreadmist",0x514,0x0,Creature-0-4457-249-1045-10184-000028665C,"Onyxia",0x10a48,0x0,Creature-0-4457-249-1045-10184-000028665C,0000000000000000,28,100,0,0,0,-1,0,0,0,9.96,-202.99,0,0.2893,63,166,209,-1,1,0,0,0,nil,nil,nil
4/28 18:51:41.382  SPELL_DAMAGE,Player-4755-01A6B139,"Sakatan-Dreadmist",0x514,0x0,Creature-0-4457-249-1045-10184-000028665C,"Onyxia",0x10a48,0x0,11281,"Backstab",0x1,Creature-0-4457-249-1045-10184-000028665C,0000000000000000,28,100,0,0,0,-1,0,0,0,9.96,-202.99,0,0.2893,63,1113,617,-1,1,0,0,0,1,nil,nil
4/28 18:51:41.382  SWING_DAMAGE_LANDED,Player-4755-01AC9FD9,"Alexinho-Dreadmist",0x514,0x0,Creature-0-4457-249-1045-10184-000028665C,"Onyxia",0x10a48,0x0,Creature-0-4457-249-1045-10184-000028665C,0000000000000000,28,100,0,0,0,-1,0,0,0,9.96,-202.99,0,0.2893,63,125,191,-1,1,0,0,0,nil,1,nil
4/28 18:51:41.382  SWING_DAMAGE_LANDED,Player-4755-0160BD13,"Mafkees-Dreadmist",0x514,0x0,Creature-0-4457-249-1045-10184-000028665C,"Onyxia",0x10a48,0x0,Creature-0-4457-249-1045-10184-000028665C,0000000000000000,28,100,0,0,0,-1,0,0,0,9.96,-202.99,0,0.2893,63,1006,638,-1,1,0,0,0,1,nil,nil
4/28 18:51:41.382  SWING_DAMAGE_LANDED,Player-4755-0160BD13,"Mafkees-Dreadmist",0x514,0x0,Creature-0-4457-249-1045-10184-000028665C,"Onyxia",0x10a48,0x0,Creature-0-4457-249-1045-10184-000028665C,0000000000000000,28,100,0,0,0,-1,0,0,0,9.96,-202.99,0,0.2893,63,1037,658,-1,1,0,0,0,1,nil,nil
4/28 18:51:41.382  SWING_DAMAGE_LANDED,Player-4755-01A6B139,"Sakatan-Dreadmist",0x514,0x0,Creature-0-4457-249-1045-10184-000028665C,"Onyxia",0x10a48,0x0,Creature-0-4457-249-1045-10184-000028665C,0000000000000000,28,100,0,0,0,-1,0,0,0,9.96,-202.99,0,0.2893,63,264,164,-1,1,0,0,0,1,nil,nil
4/28 18:51:41.403  SPELL_AURA_REMOVED,Player-4755-01F21AE6,"Blahu-Dreadmist",0x40514,0x0,Player-4755-01F21AE6,"Blahu-Dreadmist",0x40514,0x0,18499,"Berserker Rage",0x1,BUFF
4/28 18:51:41.403  SPELL_AURA_REMOVED,Player-4755-01FA8DD8,"Roackerita-Dreadmist",0x514,0x0,Player-4755-01FA8DD8,"Roackerita-Dreadmist",0x514,0x0,6788,"Weakened Soul",0x2,DEBUFF
4/28 18:51:41.421  SPELL_PERIODIC_ENERGIZE,Player-4755-01733879,"Hocwar-Dreadmist",0x40514,0x0,Player-4755-01733879,"Hocwar-Dreadmist",0x40514,0x0,29131,"Bloodrage",0x1,Player-4755-01733879,0000000000000000,91,100,0,0,0,-1,0,0,0,7.20,-195.38,0,5.0668,71,1.0000,0.0000,1,1000
4/28 18:51:41.470  SPELL_CAST_START,Player-4755-0178F576,"Atreas-Dreadmist",0x514,0x0,0000000000000000,nil,0x80000000,0x80000000,75,"Auto Shot",0x1
4/28 18:51:41.583  SPELL_CAST_SUCCESS,Player-4755-015FEBD5,"Sauvage-Dreadmist",0x514,0x0,Creature-0-4457-249-1045-10184-000028665C,"Onyxia",0x10a48,0x0,10181,"Frostbolt",0x10,Player-4755-015FEBD5,0000000000000000,100,100,0,0,0,-1,0,0,0,-8.73,-236.03,0,0.9950,64
4/28 18:51:41.666  SPELL_CAST_SUCCESS,Player-4755-016296D3,"Nivl-Dreadmist",0x514,0x0,Player-4755-01840577,"Raggèn-Dreadmist",0x514,0x0,1064,"Chain Heal",0x8,Player-4755-016296D3,0000000000000000,100,100,0,0,0,-1,0,0,0,-1.14,-172.31,0,6.1537,69
4/28 18:51:41.666  SPELL_AURA_APPLIED,Player-4755-016DF694,"Ashalan-Dreadmist",0x514,0x0,Player-4755-016DF694,"Ashalan-Dreadmist",0x514,0x0,20007,"Holy Strength",0x2,BUFF
4/28 18:51:41.666  SPELL_HEAL,Player-4755-016DF694,"Ashalan-Dreadmist",0x514,0x0,Player-4755-016DF694,"Ashalan-Dreadmist",0x514,0x0,20007,"Holy Strength",0x2,Player-4755-016DF694,0000000000000000,100,100,0,0,0,-1,0,0,0,5.96,-197.07,0,5.1732,67,107,107,83,0,nil
4/28 18:51:41.666  SPELL_AURA_APPLIED,Player-4755-016DF694,"Ashalan-Dreadmist",0x514,0x0,Player-4755-016DF694,"Ashalan-Dreadmist",0x514,0x0,16361,"Windfury Weapon",0x8,BUFF
4/28 18:51:41.666  SPELL_EXTRA_ATTACKS,Player-4755-016DF694,"Ashalan-Dreadmist",0x514,0x0,Player-4755-016DF694,"Ashalan-Dreadmist",0x514,0x0,16361,"Windfury Weapon",0x8,2
4/28 18:51:41.666  SWING_DAMAGE,Player-4755-016DF694,"Ashalan-Dreadmist",0x514,0x0,Creature-0-4457-249-1045-10184-000028665C,"Onyxia",0x10a48,0x0,Player-4755-016DF694,0000000000000000,100,100,0,0,0,-1,0,0,0,5.96,-197.07,0,5.1732,67,295,587,-1,1,0,0,0,nil,1,nil
4/28 18:51:41.666  SWING_DAMAGE,Player-4755-016DF694,"Ashalan-Dreadmist",0x514,0x0,Creature-0-4457-249-1045-10184-000028665C,"Onyxia",0x10a48,0x0,Player-4755-016DF694,0000000000000000,100,100,0,0,0,-1,0,0,0,5.96,-197.07,0,5.1732,67,1133,718,-1,1,0,0,0,1,nil,nil
4/28 18:51:41.666  SWING_DAMAGE,Player-4755-016DF694,"Ashalan-Dreadmist",0x514,0x0,Creature-0-4457-249-1045-10184-000028665C,"Onyxia",0x10a48,0x0,Player-4755-016DF694,0000000000000000,100,100,0,0,0,-1,0,0,0,5.96,-197.07,0,5.1732,67,364,761,-1,1,0,0,0,nil,1,nil
4/28 18:51:41.686  SPELL_AURA_REMOVED,Player-4755-01802FE5,"Angrybat-Dreadmist",0x514,0x0,Player-4755-01802FE5,"Angrybat-Dreadmist",0x514,0x0,12051,"Evocation",0x40,BUFF
4/28 18:51:41.734  SPELL_DAMAGE,Player-4755-0178F576,"Atreas-Dreadmist",0x514,0x0,Creature-0-4457-249-1045-10184-000028665C,"Onyxia",0x10a48,0x0,20904,"Aimed Shot",0x1,Creature-0-4457-249-1045-10184-000028665C,0000000000000000,28,100,0,0,0,-1,0,0,0,9.96,-202.99,0,0.2893,63,867,1100,-1,1,0,0,0,nil,nil,nil
4/28 18:51:41.734  SPELL_CAST_SUCCESS,Player-4755-0160BD13,"Mafkees-Dreadmist",0x514,0x0,Creature-0-4457-249-1045-10184-000028665C,"Onyxia",0x10a48,0x0,7373,"Hamstring",0x1,Player-4755-0160BD13,0000000000000000,100,100,0,0,0,-1,0,0,0,9.40,-210.23,0,1.4043,64
4/28 18:51:41.753  SPELL_CAST_SUCCESS,Player-4755-01BC57A3,"Saintis-Dreadmist",0x511,0x0,Player-4755-0220BD00,"Krikoff-Dreadmist",0x40514,0x0,10917,"Flash Heal",0x2,Player-4755-01BC57A3,0000000000000000,71,100,0,0,0,-1,0,0,0,17.79,-219.20,0,1.8264,68
4/28 18:51:41.773  SPELL_PERIODIC_ENERGIZE,Creature-0-4457-249-1045-7416-0000286D2B,"Mana Spring Totem IV",0x2114,0x0,Player-4755-01840577,"Raggèn-Dreadmist",0x514,0x0,10494,"Mana Spring",0x8,Player-4755-01840577,0000000000000000,100,100,0,0,0,-1,0,0,0,12.18,-213.06,0,1.6965,67,10.0000,0.0000,0,3790
4/28 18:51:41.793  SPELL_AURA_REMOVED_DOSE,Player-4755-0160BD13,"Mafkees-Dreadmist",0x514,0x0,Player-4755-0160BD13,"Mafkees-Dreadmist",0x514,0x0,10610,"Windfury Totem",0x8,BUFF,1
4/28 18:51:41.793  SPELL_AURA_REMOVED_DOSE,Player-4755-0160BD13,"Mafkees-Dreadmist",0x514,0x0,Player-4755-0160BD13,"Mafkees-Dreadmist",0x514,0x0,12970,"Flurry",0x1,BUFF,1
4/28 18:51:41.793  SPELL_AURA_APPLIED_DOSE,Player-4755-0160BD13,"Mafkees-Dreadmist",0x514,0x0,Player-4755-0160BD13,"Mafkees-Dreadmist",0x514,0x0,12970,"Flurry",0x1,BUFF,3
4/28 18:51:41.793  SPELL_AURA_REMOVED_DOSE,Player-4755-0160BD13,"Mafkees-Dreadmist",0x514,0x0,Player-4755-0160BD13,"Mafkees-Dreadmist",0x514,0x0,12970,"Flurry",0x1,BUFF,2
4/28 18:51:41.793  SPELL_AURA_APPLIED_DOSE,Player-4755-0160BD13,"Mafkees-Dreadmist",0x514,0x0,Player-4755-0160BD13,"Mafkees-Dreadmist",0x514,0x0,12970,"Flurry",0x1,BUFF,3
4/28 18:51:41.793  SPELL_AURA_REMOVED,Player-4755-0160BD13,"Mafkees-Dreadmist",0x514,0x0,Player-4755-0160BD13,"Mafkees-Dreadmist",0x514,0x0,10610,"Windfury Totem",0x8,BUFF
4/28 18:51:41.813  SPELL_HEAL,Player-4755-016296D3,"Nivl-Dreadmist",0x514,0x0,Player-4755-01BC57A3,"Saintis-Dreadmist",0x511,0x0,1064,"Chain Heal",0x8,Player-4755-01BC57A3,0000000000000000,78,100,0,0,0,-1,0,0,0,17.79,-219.20,0,1.8264,68,288,288,0,0,nil
4/28 18:51:41.813  SPELL_HEAL,Player-4755-016296D3,"Nivl-Dreadmist",0x514,0x0,Player-4755-01AC9FD9,"Alexinho-Dreadmist",0x514,0x0,1064,"Chain Heal",0x8,Player-4755-01AC9FD9,0000000000000000,79,100,0,0,0,-1,0,0,0,11.63,-211.85,0,1.6114,66,427,427,0,0,nil
4/28 18:51:41.813  SPELL_HEAL,Player-4755-016296D3,"Nivl-Dreadmist",0x514,0x0,Player-4755-01840577,"Raggèn-Dreadmist",0x514,0x0,1064,"Chain Heal",0x8,Player-4755-01840577,0000000000000000,100,100,0,0,0,-1,0,0,0,12.18,-213.06,0,1.6965,67,656,656,656,0,nil
4/28 18:51:41.813  SWING_DAMAGE_LANDED,Player-4755-016DF694,"Ashalan-Dreadmist",0x514,0x0,Creature-0-4457-249-1045-10184-000028665C,"Onyxia",0x10a48,0x0,Creature-0-4457-249-1045-10184-000028665C,0000000000000000,28,100,0,0,0,-1,0,0,0,9.96,-202.99,0,0.2893,63,295,587,-1,1,0,0,0,nil,1,nil
4/28 18:51:41.813  SWING_DAMAGE_LANDED,Player-4755-016DF694,"Ashalan-Dreadmist",0x514,0x0,Creature-0-4457-249-1045-10184-000028665C,"Onyxia",0x10a48,0x0,Creature-0-4457-249-1045-10184-000028665C,0000000000000000,28,100,0,0,0,-1,0,0,0,9.96,-202.99,0,0.2893,63,1133,718,-1,1,0,0,0,1,nil,nil
4/28 18:51:41.813  SWING_DAMAGE_LANDED,Player-4755-016DF694,"Ashalan-Dreadmist",0x514,0x0,Creature-0-4457-249-1045-10184-000028665C,"Onyxia",0x10a48,0x0,Creature-0-4457-249-1045-10184-000028665C,0000000000000000,28,100,0,0,0,-1,0,0,0,9.96,-202.99,0,0.2893,63,364,761,-1,1,0,0,0,nil,1,nil
4/28 18:51:41.813  SPELL_DAMAGE,Player-4755-0160BD13,"Mafkees-Dreadmist",0x514,0x0,Creature-0-4457-249-1045-10184-000028665C,"Onyxia",0x10a48,0x0,7373,"Hamstring",0x1,Creature-0-4457-249-1045-10184-000028665C,0000000000000000,28,100,0,0,0,-1,0,0,0,9.96,-202.99,0,0.2893,63,80,45,-1,1,0,0,0,1,nil,nil
4/28 18:51:41.813  SPELL_HEAL,Player-4755-01BC57A3,"Saintis-Dreadmist",0x511,0x0,Player-4755-0220BD00,"Krikoff-Dreadmist",0x40514,0x0,10917,"Flash Heal",0x2,Player-4755-0220BD00,0000000000000000,54,100,0,0,0,-1,0,0,0,26.48,-198.07,0,3.4440,68,1270,1270,0,0,nil
4/28 18:51:41.813  SPELL_AURA_REMOVED,Player-4755-02045EF4,"Necrosini-Dreadmist",0x512,0x0,Player-4755-0178F416,"Eltorero-Dreadmist",0x514,0x0,6788,"Weakened Soul",0x2,DEBUFF
4/28 18:51:41.813  SPELL_CAST_SUCCESS,Player-4755-0163DD9D,"Kaspais-Dreadmist",0x514,0x0,Creature-0-4457-249-1045-10184-000028665C,"Onyxia",0x10a48,0x0,10181,"Frostbolt",0x10,Player-4755-0163DD9D,0000000000000000,100,100,0,0,0,-1,0,0,0,14.87,-171.73,0,4.6117,66
4/28 18:51:41.833  SPELL_PERIODIC_ENERGIZE,Creature-0-4457-249-1045-7416-0000286CFC,"Mana Spring Totem IV",0x2114,0x0,Player-4755-0178F576,"Atreas-Dreadmist",0x514,0x0,10494,"Mana Spring",0x8,Player-4755-0178F576,0000000000000000,100,100,0,0,0,-1,0,0,0,-1.33,-170.85,0,5.0503,66,10.0000,0.0000,0,3765
4/28 18:51:41.848  SWING_DAMAGE,Player-4755-01637B0A,"Pindle-Dreadmist",0x514,0x0,Creature-0-4457-249-1045-10184-000028665C,"Onyxia",0x10a48,0x0,Player-4755-01637B0A,0000000000000000,100,100,0,0,0,-1,0,0,0,5.53,-197.11,0,5.2321,65,166,102,-1,1,0,0,0,1,nil,nil
4/28 18:51:41.894  SWING_DAMAGE,Player-4755-0220BD00,"Krikoff-Dreadmist",0x40514,0x0,Creature-0-4457-249-1045-10184-000028665C,"Onyxia",0x10a48,0x0,Player-4755-0220BD00,0000000000000000,54,100,0,0,0,-1,0,0,0,26.48,-198.07,0,3.4440,68,349,221,-1,1,0,0,0,1,nil,nil
4/28 18:51:41.925  SPELL_CAST_SUCCESS,Player-4755-0178F576,"Atreas-Dreadmist",0x514,0x0,Creature-0-4457-249-1045-10184-000028665C,"Onyxia",0x10a48,0x0,75,"Auto Shot",0x1,Player-4755-0178F576,0000000000000000,100,100,0,0,0,-1,0,0,0,-1.33,-170.85,0,5.0503,66
4/28 18:51:41.925  SPELL_AURA_APPLIED,Player-4755-0178F576,"Atreas-Dreadmist",0x514,0x0,Player-4755-0178F576,"Atreas-Dreadmist",0x514,0x0,6150,"Quick Shots",0x1,BUFF
4/28 18:51:41.925  RANGE_DAMAGE,Player-4755-020BD78D,"Lonehunter-Dreadmist",0x514,0x0,Creature-0-4457-249-1045-10184-000028665C,"Onyxia",0x10a48,0x0,75,"Auto Shot",0x1,Creature-0-4457-249-1045-10184-000028665C,0000000000000000,28,100,0,0,0,-1,0,0,0,9.96,-202.99,0,0.2893,63,383,485,-1,1,0,0,0,nil,nil,nil
4/28 18:51:41.959  SPELL_DAMAGE,Player-4755-01614AC7,"Mirrimazduur-Dreadmist",0x512,0x0,Creature-0-4457-249-1045-10184-000028665C,"Onyxia",0x10a48,0x0,11661,"Shadow Bolt",0x20,Creature-0-4457-249-1045-10184-000028665C,0000000000000000,28,100,0,0,0,-1,0,0,0,9.96,-202.99,0,0.2893,63,938,852,-1,32,0,0,0,nil,nil,nil
4/28 18:51:41.959  SWING_DAMAGE,Pet-0-4457-249-1045-2850-01001956F9,"Kratos",0x1114,0x0,Creature-0-4457-249-1045-10184-000028665C,"Onyxia",0x10a48,0x0,Pet-0-4457-249-1045-2850-01001956F9,Player-4755-0178F576,55,100,0,0,0,-1,0,0,0,11.68,-178.00,0,4.6435,66,64,80,-1,1,0,0,0,nil,nil,nil
4/28 18:51:41.959  SPELL_CAST_SUCCESS,Player-4755-01637B0A,"Pindle-Dreadmist",0x514,0x0,Creature-0-4457-249-1045-10184-000028665C,"Onyxia",0x10a48,0x0,11281,"Backstab",0x1,Player-4755-01637B0A,0000000000000000,100,100,0,0,0,-1,0,0,0,5.53,-197.11,0,5.2321,65
4/28 18:51:41.999  SPELL_CAST_SUCCESS,Player-4755-0163DD9D,"Kaspais-Dreadmist",0x514,0x0,0000000000000000,nil,0x80000000,0x80000000,10058,"Replenish Mana",0x1,Player-4755-0163DD9D,0000000000000000,100,100,0,0,0,-1,0,0,0,14.87,-171.73,0,4.6117,66
4/28 18:51:41.999  SPELL_CAST_START,Player-4755-01F36B30,"Rectumqeef-Dreadmist",0x514,0x0,0000000000000000,nil,0x80000000,0x80000000,5019,"Shoot",0x1
4/28 18:51:42.048  SPELL_CAST_START,Player-4755-0163DD9D,"Kaspais-Dreadmist",0x514,0x0,0000000000000000,nil,0x80000000,0x80000000,10181,"Frostbolt",0x10
4/28 18:51:42.063  SWING_DAMAGE,Player-4755-01637B0A,"Pindle-Dreadmist",0x514,0x0,Creature-0-4457-249-1045-10184-000028665C,"Onyxia",0x10a48,0x0,Player-4755-01637B0A,0000000000000000,100,100,0,0,0,-1,0,0,0,5.53,-197.11,0,5.2321,65,299,186,-1,1,0,0,0,1,nil,nil
4/28 18:51:42.110  SPELL_CAST_SUCCESS,Player-4755-0178F416,"Eltorero-Dreadmist",0x514,0x0,0000000000000000,nil,0x80000000,0x80000000,1680,"Whirlwind",0x1,Player-4755-0178F416,0000000000000000,100,100,0,0,0,-1,0,0,0,13.39,-218.38,0,1.6843,65
4/28 18:51:42.172  SPELL_CAST_SUCCESS,Player-4755-01F21AE6,"Blahu-Dreadmist",0x40514,0x0,Creature-0-4457-249-1045-10184-000028665C,"Onyxia",0x10a48,0x0,11597,"Sunder Armor",0x1,Player-4755-01F21AE6,0000000000000000,100,100,0,0,0,-1,0,0,0,15.15,-209.68,0,1.8788,70
4/28 18:51:42.189  SPELL_CAST_SUCCESS,Creature-0-4457-249-1045-10184-000028665C,"Onyxia",0x10a48,0x0,Player-4755-0220BD00,"Krikoff-Dreadmist",0x40514,0x0,19633,"Knock Away",0x1,Creature-0-4457-249-1045-10184-000028665C,0000000000000000,28,100,0,0,0,-1,0,0,0,9.96,-202.99,0,0.2893,63
4/28 18:51:42.189  SPELL_MISSED,Creature-0-4457-249-1045-10184-000028665C,"Onyxia",0x10a48,0x0,Player-4755-0220BD00,"Krikoff-Dreadmist",0x40514,0x0,19633,"Knock Away",0x1,PARRY,nil
4/28 18:51:42.198  SPELL_AURA_REFRESH,Player-4755-0160BD13,"Mafkees-Dreadmist",0x514,0x0,Creature-0-4457-249-1045-10184-000028665C,"Onyxia",0x10a48,0x0,12721,"Deep Wound",0x1,DEBUFF
4/28 18:51:42.198  SPELL_ENERGIZE,Player-4755-0160BD13,"Mafkees-Dreadmist",0x514,0x0,Player-4755-0160BD13,"Mafkees-Dreadmist",0x514,0x0,12964,"Unbridled Wrath",0x1,Player-4755-0160BD13,0000000000000000,100,100,0,0,0,-1,0,0,0,9.40,-210.23,0,1.4239,64,1.0000,0.0000,1,1000
4/28 18:51:42.198  SPELL_AURA_REFRESH,Player-4755-0160BD13,"Mafkees-Dreadmist",0x514,0x0,Creature-0-4457-249-1045-10184-000028665C,"Onyxia",0x10a48,0x0,12721,"Deep Wound",0x1,DEBUFF
4/28 18:51:42.198  SPELL_ENERGIZE,Player-4755-0160BD13,"Mafkees-Dreadmist",0x514,0x0,Player-4755-0160BD13,"Mafkees-Dreadmist",0x514,0x0,12964,"Unbridled Wrath",0x1,Player-4755-0160BD13,0000000000000000,100,100,0,0,0,-1,0,0,0,9.40,-210.23,0,1.4239,64,1.0000,0.0000,1,1000
4/28 18:51:42.198  SPELL_AURA_REMOVED_DOSE,Player-4755-016DF694,"Ashalan-Dreadmist",0x514,0x0,Player-4755-016DF694,"Ashalan-Dreadmist",0x514,0x0,16361,"Windfury Weapon",0x8,BUFF,2
4/28 18:51:42.222  SPELL_AURA_REMOVED,Player-4755-016DF694,"Ashalan-Dreadmist",0x514,0x0,Player-4755-016DF694,"Ashalan-Dreadmist",0x514,0x0,16280,"Flurry",0x1,BUFF
4/28 18:51:42.222  SPELL_AURA_REMOVED_DOSE,Player-4755-016DF694,"Ashalan-Dreadmist",0x514,0x0,Player-4755-016DF694,"Ashalan-Dreadmist",0x514,0x0,16361,"Windfury Weapon",0x8,BUFF,1
4/28 18:51:42.222  SPELL_AURA_APPLIED,Player-4755-016DF694,"Ashalan-Dreadmist",0x514,0x0,Player-4755-016DF694,"Ashalan-Dreadmist",0x514,0x0,16280,"Flurry",0x1,BUFF
4/28 18:51:42.222  SPELL_AURA_REMOVED,Player-4755-016DF694,"Ashalan-Dreadmist",0x514,0x0,Player-4755-016DF694,"Ashalan-Dreadmist",0x514,0x0,16361,"Windfury Weapon",0x8,BUFF
4/28 18:51:42.222  SPELL_AURA_REFRESH,Player-4755-0160BD13,"Mafkees-Dreadmist",0x514,0x0,Player-4755-0160BD13,"Mafkees-Dreadmist",0x514,0x0,12970,"Flurry",0x1,BUFF
4/28 18:51:42.222  SWING_DAMAGE_LANDED,Player-4755-01637B0A,"Pindle-Dreadmist",0x514,0x0,Creature-0-4457-249-1045-10184-000028665C,"Onyxia",0x10a48,0x0,Creature-0-4457-249-1045-10184-000028665C,0000000000000000,28,100,0,0,0,-1,0,0,0,9.96,-202.99,0,0.2893,63,166,102,-1,1,0,0,0,1,nil,nil
4/28 18:51:42.222  SWING_DAMAGE_LANDED,Player-4755-0220BD00,"Krikoff-Dreadmist",0x40514,0x0,Creature-0-4457-249-1045-10184-000028665C,"Onyxia",0x10a48,0x0,Creature-0-4457-249-1045-10184-000028665C,0000000000000000,28,100,0,0,0,-1,0,0,0,9.96,-202.99,0,0.2893,63,349,221,-1,1,0,0,0,1,nil,nil
4/28 18:51:42.222  SWING_DAMAGE_LANDED,Pet-0-4457-249-1045-2850-01001956F9,"Kratos",0x1114,0x0,Creature-0-4457-249-1045-10184-000028665C,"Onyxia",0x10a48,0x0,Creature-0-4457-249-1045-10184-000028665C,0000000000000000,28,100,0,0,0,-1,0,0,0,9.96,-202.99,0,0.2893,63,64,80,-1,1,0,0,0,nil,nil,nil
4/28 18:51:42.222  SPELL_DAMAGE,Player-4755-01637B0A,"Pindle-Dreadmist",0x514,0x0,Creature-0-4457-249-1045-10184-000028665C,"Onyxia",0x10a48,0x0,11281,"Backstab",0x1,Creature-0-4457-249-1045-10184-000028665C,0000000000000000,28,100,0,0,0,-1,0,0,0,9.96,-202.99,0,0.2893,63,447,567,-1,1,0,0,0,nil,nil,nil
4/28 18:51:42.222  SPELL_ENERGIZE,Player-4755-0163DD9D,"Kaspais-Dreadmist",0x514,0x0,Player-4755-0163DD9D,"Kaspais-Dreadmist",0x514,0x0,10058,"Replenish Mana",0x1,Player-4755-0163DD9D,0000000000000000,100,100,0,0,0,-1,0,0,0,14.87,-171.73,0,4.6117,66,1198.0000,0.0000,0,6504
4/28 18:51:42.222  SWING_DAMAGE_LANDED,Player-4755-01637B0A,"Pindle-Dreadmist",0x514,0x0,Creature-0-4457-249-1045-10184-000028665C,"Onyxia",0x10a48,0x0,Creature-0-4457-249-1045-10184-000028665C,0000000000000000,28,100,0,0,0,-1,0,0,0,9.96,-202.99,0,0.2893,63,299,186,-1,1,0,0,0,1,nil,nil
4/28 18:51:42.222  SPELL_DAMAGE,Player-4755-0178F416,"Eltorero-Dreadmist",0x514,0x0,Creature-0-4457-249-1045-10184-000028665C,"Onyxia",0x10a48,0x0,1680,"Whirlwind",0x1,Creature-0-4457-249-1045-10184-000028665C,0000000000000000,27,100,0,0,0,-1,0,0,0,9.96,-202.99,0,0.2893,63,257,326,-1,1,0,0,0,nil,nil,nil
4/28 18:51:42.261  SWING_MISSED,Player-4755-01F21AE6,"Blahu-Dreadmist",0x40514,0x0,Creature-0-4457-249-1045-10184-000028665C,"Onyxia",0x10a48,0x0,DODGE,1
4/28 18:51:42.276  SPELL_AURA_APPLIED,Player-4755-01F21AE6,"Blahu-Dreadmist",0x40514,0x0,Player-4755-01F21AE6,"Blahu-Dreadmist",0x40514,0x0,20007,"Holy Strength",0x2,BUFF
4/28 18:51:42.276  SPELL_HEAL,Player-4755-01F21AE6,"Blahu-Dreadmist",0x40514,0x0,Player-4755-01F21AE6,"Blahu-Dreadmist",0x40514,0x0,20007,"Holy Strength",0x2,Player-4755-01F21AE6,0000000000000000,100,100,0,0,0,-1,0,0,0,15.15,-209.68,0,1.8788,70,121,121,121,0,nil
4/28 18:51:42.276  SPELL_AURA_APPLIED,Player-4755-01F21AE6,"Blahu-Dreadmist",0x40514,0x0,Player-4755-01F21AE6,"Blahu-Dreadmist",0x40514,0x0,10610,"Windfury Totem",0x8,BUFF
4/28 18:51:42.276  SPELL_EXTRA_ATTACKS,Player-4755-01F21AE6,"Blahu-Dreadmist",0x40514,0x0,Player-4755-01F21AE6,"Blahu-Dreadmist",0x40514,0x0,10610,"Windfury Totem",0x8,1
4/28 18:51:42.276  SWING_DAMAGE,Player-4755-01F21AE6,"Blahu-Dreadmist",0x40514,0x0,Creature-0-4457-249-1045-10184-000028665C,"Onyxia",0x10a48,0x0,Player-4755-01F21AE6,0000000000000000,100,100,0,0,0,-1,0,0,0,15.15,-209.68,0,1.8788,70,212,361,-1,1,0,0,0,nil,1,nil
4/28 18:51:42.276  SWING_DAMAGE,Player-4755-01F21AE6,"Blahu-Dreadmist",0x40514,0x0,Creature-0-4457-249-1045-10184-000028665C,"Onyxia",0x10a48,0x0,Player-4755-01F21AE6,0000000000000000,100,100,0,0,0,-1,0,0,0,15.15,-209.68,0,1.8788,70,229,410,-1,1,0,0,0,nil,1,nil
4/28 18:51:42.298  SPELL_PERIODIC_HEAL,Player-4755-0210153A,"Hapuseneb-Dreadmist",0x514,0x0,Player-4755-0210153A,"Hapuseneb-Dreadmist",0x514,0x0,10929,"Renew",0x2,Player-4755-0210153A,0000000000000000,100,100,0,0,0,-1,0,0,0,6.28,-238.83,0,1.6179,66,293,293,293,0,nil
4/28 18:51:42.315  SPELL_CAST_SUCCESS,Player-4755-01ED7A64,"Sperzieboon-Dreadmist",0x514,0x0,Player-4755-01BC57A3,"Saintis-Dreadmist",0x511,0x0,9474,"Flash Heal",0x2,Player-4755-01ED7A64,0000000000000000,67,100,0,0,0,-1,0,0,0,14.27,-226.82,0,1.2071,67
4/28 18:51:42.315  SPELL_CAST_START,Player-4755-01ED7A64,"Sperzieboon-Dreadmist",0x514,0x0,0000000000000000,nil,0x80000000,0x80000000,10917,"Flash Heal",0x2
4/28 18:51:42.364  SWING_DAMAGE,Player-4755-01A6B139,"Sakatan-Dreadmist",0x514,0x0,Creature-0-4457-249-1045-10184-000028665C,"Onyxia",0x10a48,0x0,Player-4755-01A6B139,0000000000000000,83,100,0,0,0,-1,0,0,0,3.08,-188.74,0,5.4553,69,186,244,-1,1,0,0,0,nil,1,nil
4/28 18:51:42.364  RANGE_DAMAGE,Player-4755-01F36B30,"Rectumqeef-Dreadmist",0x514,0x0,Creature-0-4457-249-1045-10184-000028665C,"Onyxia",0x10a48,0x0,5019,"Shoot",0x1,Creature-0-4457-249-1045-10184-000028665C,0000000000000000,27,100,0,0,0,-1,0,0,0,9.96,-202.99,0,0.2893,63,77,70,-1,64,0,0,0,nil,nil,nil
4/28 18:51:42.403  SPELL_CAST_START,Player-4755-01BC57A3,"Saintis-Dreadmist",0x511,0x0,0000000000000000,nil,0x80000000,0x80000000,10917,"Flash Heal",0x2
4/28 18:51:42.436  SPELL_PERIODIC_ENERGIZE,Player-4755-01733879,"Hocwar-Dreadmist",0x40514,0x0,Player-4755-01733879,"Hocwar-Dreadmist",0x40514,0x0,29131,"Bloodrage",0x1,Player-4755-01733879,0000000000000000,91,100,0,0,0,-1,0,0,0,7.13,-195.41,0,5.0629,71,1.0000,0.0000,1,1000
4/28 18:51:42.454  SPELL_DAMAGE,Player-4755-0178F576,"Atreas-Dreadmist",0x514,0x0,Creature-0-4457-249-1045-10184-000028665C,"Onyxia",0x10a48,0x0,14290,"Multi-Shot",0x1,Creature-0-4457-249-1045-10184-000028665C,0000000000000000,27,100,0,0,0,-1,0,0,0,9.96,-202.99,0,0.2893,63,618,784,-1,1,0,0,0,nil,nil,nil
4/28 18:51:42.471  SWING_DAMAGE,Player-4755-01733879,"Hocwar-Dreadmist",0x40514,0x0,Creature-0-4457-249-1045-10184-000028665C,"Onyxia",0x10a48,0x0,Player-4755-01733879,0000000000000000,91,100,0,0,0,-1,0,0,0,7.13,-195.41,0,5.0629,71,96,121,-1,1,0,0,0,nil,nil,nil
4/28 18:51:42.518  SWING_DAMAGE,Player-4755-01A6B139,"Sakatan-Dreadmist",0x514,0x0,Creature-0-4457-249-1045-10184-000028665C,"Onyxia",0x10a48,0x0,Player-4755-01A6B139,0000000000000000,83,100,0,0,0,-1,0,0,0,3.08,-188.74,0,5.4553,69,134,172,-1,1,0,0,0,nil,1,nil
4/28 18:51:42.518  SPELL_CAST_SUCCESS,Player-4755-01F36B30,"Rectumqeef-Dreadmist",0x514,0x0,Creature-0-4457-249-1045-10184-000028665C,"Onyxia",0x10a48,0x0,5019,"Shoot",0x1,Player-4755-01F36B30,0000000000000000,100,100,0,0,0,-1,0,0,0,12.89,-175.69,0,4.7568,66
4/28 18:51:42.518  SPELL_CAST_START,Player-4755-01E83279,"Nlmasters-Dreadmist",0x514,0x8,0000000000000000,nil,0x80000000,0x80000000,20904,"Aimed Shot",0x1
4/28 18:51:42.536  SPELL_MISSED,Player-4755-01733879,"Hocwar-Dreadmist",0x40514,0x0,Creature-0-4457-249-1045-10184-000028665C,"Onyxia",0x10a48,0x0,23267,"Firebolt",0x4,IMMUNE,nil
4/28 18:51:42.536  SWING_DAMAGE,Player-4755-01733879,"Hocwar-Dreadmist",0x40514,0x0,Creature-0-4457-249-1045-10184-000028665C,"Onyxia",0x10a48,0x0,Player-4755-01733879,0000000000000000,91,100,0,0,0,-1,0,0,0,7.13,-195.41,0,5.0629,71,179,261,-1,1,0,0,0,nil,1,nil
4/28 18:51:42.569  SWING_MISSED,Player-4755-01AC9FD9,"Alexinho-Dreadmist",0x514,0x0,Creature-0-4457-249-1045-10184-000028665C,"Onyxia",0x10a48,0x0,MISS,1
4/28 18:51:42.613  SPELL_AURA_REFRESH,Player-4755-0160BD13,"Mafkees-Dreadmist",0x514,0x0,Creature-0-4457-249-1045-10184-000028665C,"Onyxia",0x10a48,0x0,12721,"Deep Wound",0x1,DEBUFF
4/28 18:51:42.613  SPELL_AURA_APPLIED,Player-4755-0220BD00,"Krikoff-Dreadmist",0x40514,0x0,Player-4755-0220BD00,"Krikoff-Dreadmist",0x40514,0x0,12970,"Flurry",0x1,BUFF
4/28 18:51:42.613  SPELL_HEAL,Player-4755-0220BD00,"Krikoff-Dreadmist",0x40514,0x0,Player-4755-0220BD00,"Krikoff-Dreadmist",0x40514,0x0,23891,"Bloodthirst",0x1,Player-4755-0220BD00,0000000000000000,54,100,0,0,0,-1,0,0,0,26.48,-198.07,0,3.4440,68,20,20,0,0,nil
4/28 18:51:42.613  SPELL_AURA_REMOVED,Player-4755-0220BD00,"Krikoff-Dreadmist",0x40514,0x0,Player-4755-0220BD00,"Krikoff-Dreadmist",0x40514,0x0,23888,"Bloodthirst",0x1,BUFF
4/28 18:51:42.613  SPELL_HEAL,Player-4755-0178F416,"Eltorero-Dreadmist",0x514,0x0,Player-4755-0178F416,"Eltorero-Dreadmist",0x514,0x0,23891,"Bloodthirst",0x1,Player-4755-0178F416,0000000000000000,100,100,0,0,0,-1,0,0,0,13.39,-218.38,0,1.6843,65,20,20,20,0,nil
4/28 18:51:42.613  SPELL_AURA_REMOVED,Player-4755-0178F416,"Eltorero-Dreadmist",0x514,0x0,Player-4755-0178F416,"Eltorero-Dreadmist",0x514,0x0,23888,"Bloodthirst",0x1,BUFF
4/28 18:51:42.613  SWING_DAMAGE_LANDED,Player-4755-01F21AE6,"Blahu-Dreadmist",0x40514,0x0,Creature-0-4457-249-1045-10184-000028665C,"Onyxia",0x10a48,0x0,Creature-0-4457-249-1045-10184-000028665C,0000000000000000,27,100,0,0,0,-1,0,0,0,9.96,-202.99,0,0.2893,63,212,361,-1,1,0,0,0,nil,1,nil
4/28 18:51:42.613  SWING_DAMAGE_LANDED,Player-4755-01F21AE6,"Blahu-Dreadmist",0x40514,0x0,Creature-0-4457-249-1045-10184-000028665C,"Onyxia",0x10a48,0x0,Creature-0-4457-249-1045-10184-000028665C,0000000000000000,27,100,0,0,0,-1,0,0,0,9.96,-202.99,0,0.2893,63,229,410,-1,1,0,0,0,nil,1,nil
4/28 18:51:42.616  SPELL_HEAL,Player-4755-01ED7A64,"Sperzieboon-Dreadmist",0x514,0x0,Player-4755-01BC57A3,"Saintis-Dreadmist",0x511,0x0,9474,"Flash Heal",0x2,Player-4755-01BC57A3,0000000000000000,97,100,0,0,0,-1,0,0,0,17.79,-219.20,0,1.8264,68,771,771,0,0,nil
4/28 18:51:42.616  SWING_DAMAGE_LANDED,Player-4755-01A6B139,"Sakatan-Dreadmist",0x514,0x0,Creature-0-4457-249-1045-10184-000028665C,"Onyxia",0x10a48,0x0,Creature-0-4457-249-1045-10184-000028665C,0000000000000000,27,100,0,0,0,-1,0,0,0,9.96,-202.99,0,0.2893,63,186,244,-1,1,0,0,0,nil,1,nil
4/28 18:51:42.616  SWING_DAMAGE_LANDED,Player-4755-01733879,"Hocwar-Dreadmist",0x40514,0x0,Creature-0-4457-249-1045-10184-000028665C,"Onyxia",0x10a48,0x0,Creature-0-4457-249-1045-10184-000028665C,0000000000000000,27,100,0,0,0,-1,0,0,0,9.96,-202.99,0,0.2893,63,96,121,-1,1,0,0,0,nil,nil,nil
4/28 18:51:42.616  SWING_DAMAGE_LANDED,Player-4755-01A6B139,"Sakatan-Dreadmist",0x514,0x0,Creature-0-4457-249-1045-10184-000028665C,"Onyxia",0x10a48,0x0,Creature-0-4457-249-1045-10184-000028665C,0000000000000000,27,100,0,0,0,-1,0,0,0,9.96,-202.99,0,0.2893,63,134,172,-1,1,0,0,0,nil,1,nil
4/28 18:51:42.616  SWING_DAMAGE_LANDED,Player-4755-01733879,"Hocwar-Dreadmist",0x40514,0x0,Creature-0-4457-249-1045-10184-000028665C,"Onyxia",0x10a48,0x0,Creature-0-4457-249-1045-10184-000028665C,0000000000000000,27,100,0,0,0,-1,0,0,0,9.96,-202.99,0,0.2893,63,179,261,-1,1,0,0,0,nil,1,nil
4/28 18:51:42.616  SPELL_PERIODIC_HEAL,Player-4755-02045EF4,"Necrosini-Dreadmist",0x512,0x0,Player-4755-0178F416,"Eltorero-Dreadmist",0x514,0x0,10929,"Renew",0x2,Player-4755-0178F416,0000000000000000,100,100,0,0,0,-1,0,0,0,13.39,-218.38,0,1.6843,65,253,253,253,0,nil
4/28 18:51:42.616  SPELL_AURA_REMOVED,Player-4755-02045EF4,"Necrosini-Dreadmist",0x512,0x0,Player-4755-0178F416,"Eltorero-Dreadmist",0x514,0x0,10929,"Renew",0x2,BUFF
4/28 18:51:42.637  SPELL_CAST_SUCCESS,Player-4755-01FA8DD8,"Roackerita-Dreadmist",0x514,0x0,Player-4755-01BC57A3,"Saintis-Dreadmist",0x511,0x0,9474,"Flash Heal",0x2,Player-4755-01FA8DD8,0000000000000000,34,100,0,0,0,-1,0,0,0,20.58,-178.73,0,5.3096,69
4/28 18:51:42.661  SWING_DAMAGE,Pet-0-4457-249-1045-7432-01002D8BC6,"Cat",0x1114,0x0,Creature-0-4457-249-1045-10184-000028665C,"Onyxia",0x10a48,0x0,Pet-0-4457-249-1045-7432-01002D8BC6,Player-4755-01E83279,48,100,0,0,0,-1,0,0,0,-13.33,-193.99,0,5.9144,71,48,98,-1,1,0,0,0,nil,1,nil
4/28 18:51:42.679  SPELL_CAST_START,Player-4755-02045EF4,"Necrosini-Dreadmist",0x512,0x0,0000000000000000,nil,0x80000000,0x80000000,6064,"Heal",0x2
4/28 18:51:42.712  SPELL_CAST_SUCCESS,Player-4755-0220BD00,"Krikoff-Dreadmist",0x40514,0x0,Creature-0-4457-249-1045-10184-000028665C,"Onyxia",0x10a48,0x0,11567,"Heroic Strike",0x1,Player-4755-0220BD00,0000000000000000,54,100,0,0,0,-1,0,0,0,26.48,-198.07,0,3.4440,68
4/28 18:51:42.712  SPELL_AURA_REMOVED_DOSE,Player-4755-0220BD00,"Krikoff-Dreadmist",0x40514,0x0,Player-4755-0220BD00,"Krikoff-Dreadmist",0x40514,0x0,12970,"Flurry",0x1,BUFF,2
4/28 18:51:42.745  SWING_DAMAGE,Player-4755-01AC9FD9,"Alexinho-Dreadmist",0x514,0x0,Creature-0-4457-249-1045-10184-000028665C,"Onyxia",0x10a48,0x0,Player-4755-01AC9FD9,0000000000000000,79,100,0,0,0,-1,0,0,0,11.63,-211.85,0,1.6114,66,250,391,-1,1,0,0,0,nil,1,nil
4/28 18:51:42.778  SPELL_PERIODIC_ENERGIZE,Player-4755-01802FE5,"Angrybat-Dreadmist",0x514,0x0,Player-4755-01802FE5,"Angrybat-Dreadmist",0x514,0x0,18194,"Mana Regeneration",0x1,Player-4755-01802FE5,0000000000000000,98,100,0,0,0,-1,0,0,0,0.15,-175.12,0,2.4408,66,8.0000,0.0000,0,6033
4/28 18:51:42.778  RANGE_DAMAGE,Player-4755-0178F576,"Atreas-Dreadmist",0x514,0x0,Creature-0-4457-249-1045-10184-000028665C,"Onyxia",0x10a48,0x0,75,"Auto Shot",0x1,Creature-0-4457-249-1045-10184-000028665C,0000000000000000,27,100,0,0,0,-1,0,0,0,9.96,-202.99,0,0.2893,63,378,479,-1,1,0,0,0,nil,nil,nil
4/28 18:51:42.778  SPELL_AURA_REMOVED,Player-4755-0220BD00,"Krikoff-Dreadmist",0x40514,0x0,Player-4755-0220BD00,"Krikoff-Dreadmist",0x40514,0x0,12328,"Death Wish",0x1,DEBUFF
4/28 18:51:42.812  SPELL_CAST_SUCCESS,Player-4755-01617EEE,"Fenix-Dreadmist",0x512,0x0,Player-4755-0220BD00,"Krikoff-Dreadmist",0x40514,0x0,6064,"Heal",0x2,Player-4755-01617EEE,0000000000000000,28,100,0,0,0,-1,0,0,0,21.87,-175.54,0,5.0993,66
4/28 18:51:42.812  SPELL_CAST_SUCCESS,Player-4755-0220BD00,"Krikoff-Dreadmist",0x40514,0x0,Creature-0-4457-249-1045-10184-000028665C,"Onyxia",0x10a48,0x0,11601,"Revenge",0x1,Player-4755-0220BD00,0000000000000000,54,100,0,0,0,-1,0,0,0,26.48,-198.07,0,3.4440,68
4/28 18:51:42.812  SWING_DAMAGE,Player-4755-0178F416,"Eltorero-Dreadmist",0x514,0x0,Creature-0-4457-249-1045-10184-000028665C,"Onyxia",0x10a48,0x0,Player-4755-0178F416,0000000000000000,100,100,0,0,0,-1,0,0,0,13.39,-218.38,0,1.6843,65,152,297,-1,1,0,0,0,nil,1,nil
4/28 18:51:42.829  SPELL_CAST_START,Player-4755-020BD78D,"Lonehunter-Dreadmist",0x514,0x0,0000000000000000,nil,0x80000000,0x80000000,75,"Auto Shot",0x1
4/28 18:51:42.829  SPELL_AURA_REMOVED,Player-4755-0178F416,"Eltorero-Dreadmist",0x514,0x0,Player-4755-0178F416,"Eltorero-Dreadmist",0x514,0x0,20007,"Holy Strength",0x2,BUFF
4/28 18:51:42.862  SWING_DAMAGE,Creature-0-4457-249-1045-10184-000028665C,"Onyxia",0x10a48,0x0,Player-4755-0220BD00,"Krikoff-Dreadmist",0x40514,0x0,Creature-0-4457-249-1045-10184-000028665C,0000000000000000,27,100,0,0,0,-1,0,0,0,9.96,-202.99,0,0.2893,63,791,1729,-1,1,0,0,0,nil,nil,nil
4/28 18:51:42.879  SPELL_CAST_SUCCESS,Player-4755-0210153A,"Hapuseneb-Dreadmist",0x514,0x0,Player-4755-01BC57A3,"Saintis-Dreadmist",0x511,0x0,6064,"Heal",0x2,Player-4755-0210153A,0000000000000000,100,100,0,0,0,-1,0,0,0,6.28,-238.83,0,1.6179,66
4/28 18:51:42.879  SPELL_CAST_START,Player-4755-0210153A,"Hapuseneb-Dreadmist",0x514,0x0,0000000000000000,nil,0x80000000,0x80000000,6064,"Heal",0x2
4/28 18:51:42.930  SPELL_AURA_APPLIED,Player-4755-01637B0A,"Pindle-Dreadmist",0x514,0x0,Player-4755-01637B0A,"Pindle-Dreadmist",0x514,0x0,20007,"Holy Strength",0x2,BUFF
4/28 18:51:42.930  SPELL_HEAL,Player-4755-01637B0A,"Pindle-Dreadmist",0x514,0x0,Player-4755-01637B0A,"Pindle-Dreadmist",0x514,0x0,20007,"Holy Strength",0x2,Player-4755-01637B0A,0000000000000000,100,100,0,0,0,-1,0,0,0,4.98,-197.45,0,5.2616,65,112,112,112,0,nil
4/28 18:51:42.930  SWING_DAMAGE,Player-4755-01637B0A,"Pindle-Dreadmist",0x514,0x0,Creature-0-4457-249-1045-10184-000028665C,"Onyxia",0x10a48,0x0,Player-4755-01637B0A,0000000000000000,100,100,0,0,0,-1,0,0,0,4.98,-197.45,0,5.2616,65,74,99,-1,1,0,0,0,nil,1,nil
4/28 18:51:42.930  SPELL_DAMAGE,Player-4755-015FEBD5,"Sauvage-Dreadmist",0x514,0x0,Creature-0-4457-249-1045-10184-000028665C,"Onyxia",0x10a48,0x0,10181,"Frostbolt",0x10,Creature-0-4457-249-1045-10184-000028665C,0000000000000000,27,100,0,0,0,-1,0,0,0,9.96,-202.99,0,0.2893,63,893,811,-1,16,0,0,0,nil,nil,nil
4/28 18:51:42.930  SPELL_DAMAGE,Player-4755-0163DD9D,"Kaspais-Dreadmist",0x514,0x0,Creature-0-4457-249-1045-10184-000028665C,"Onyxia",0x10a48,0x0,10181,"Frostbolt",0x10,Creature-0-4457-249-1045-10184-000028665C,0000000000000000,27,100,0,0,0,-1,0,0,0,9.96,-202.99,0,0.2893,63,958,870,-1,16,0,0,0,nil,nil,nil
4/28 18:51:42.962  SWING_DAMAGE,Pet-0-4457-249-1045-2850-01001956F9,"Kratos",0x1114,0x0,Creature-0-4457-249-1045-10184-000028665C,"Onyxia",0x10a48,0x0,Pet-0-4457-249-1045-2850-01001956F9,Player-4755-0178F576,55,100,0,0,0,-1,0,0,0,11.68,-178.00,0,4.6435,66,57,72,-1,1,0,0,0,nil,nil,nil
4/28 18:51:42.978  SPELL_CAST_SUCCESS,Pet-0-4457-249-1045-7432-01002D8BC6,"Cat",0x1114,0x0,Creature-0-4457-249-1045-10184-000028665C,"Onyxia",0x10a48,0x0,3009,"Claw",0x1,Pet-0-4457-249-1045-7432-01002D8BC6,Player-4755-01E83279,48,100,0,0,0,-1,0,0,0,-13.33,-193.99,0,5.9144,71
4/28 18:51:43.015  SPELL_AURA_REMOVED_DOSE,Player-4755-01F21AE6,"Blahu-Dreadmist",0x40514,0x0,Player-4755-01F21AE6,"Blahu-Dreadmist",0x40514,0x0,10610,"Windfury Totem",0x8,BUFF,1
4/28 18:51:43.015  SPELL_AURA_REMOVED,Player-4755-01F21AE6,"Blahu-Dreadmist",0x40514,0x0,Player-4755-01F21AE6,"Blahu-Dreadmist",0x40514,0x0,10610,"Windfury Totem",0x8,BUFF
4/28 18:51:43.015  SPELL_AURA_REMOVED_DOSE,Player-4755-01733879,"Hocwar-Dreadmist",0x40514,0x0,Player-4755-01733879,"Hocwar-Dreadmist",0x40514,0x0,23885,"Bloodthirst",0x1,BUFF,1
4/28 18:51:43.015  SPELL_HEAL,Player-4755-01733879,"Hocwar-Dreadmist",0x40514,0x0,Player-4755-01733879,"Hocwar-Dreadmist",0x40514,0x0,23880,"Bloodthirst",0x1,Player-4755-01733879,0000000000000000,91,100,0,0,0,-1,0,0,0,7.13,-195.41,0,5.0629,71,10,10,0,0,nil
4/28 18:51:43.015  SPELL_HEAL,Player-4755-01733879,"Hocwar-Dreadmist",0x40514,0x0,Player-4755-01733879,"Hocwar-Dreadmist",0x40514,0x0,23880,"Bloodthirst",0x1,Player-4755-01733879,0000000000000000,91,100,0,0,0,-1,0,0,0,7.13,-195.41,0,5.0629,71,10,10,0,0,nil
4/28 18:51:43.015  SPELL_AURA_REMOVED,Player-4755-01733879,"Hocwar-Dreadmist",0x40514,0x0,Player-4755-01733879,"Hocwar-Dreadmist",0x40514,0x0,23885,"Bloodthirst",0x1,BUFF
4/28 18:51:43.015  SPELL_HEAL,Player-4755-01FA8DD8,"Roackerita-Dreadmist",0x514,0x0,Player-4755-01BC57A3,"Saintis-Dreadmist",0x511,0x0,9474,"Flash Heal",0x2,Player-4755-01BC57A3,0000000000000000,100,100,0,0,0,-1,0,0,0,17.79,-219.20,0,1.8264,68,838,838,736,0,nil
4/28 18:51:43.015  SWING_DAMAGE_LANDED,Pet-0-4457-249-1045-7432-01002D8BC6,"Cat",0x1114,0x0,Creature-0-4457-249-1045-10184-000028665C,"Onyxia",0x10a48,0x0,Creature-0-4457-249-1045-10184-000028665C,0000000000000000,27,100,0,0,0,-1,0,0,0,9.96,-202.99,0,0.2893,63,48,98,-1,1,0,0,0,nil,1,nil
4/28 18:51:43.015  SPELL_DAMAGE,Player-4755-0220BD00,"Krikoff-Dreadmist",0x40514,0x0,Creature-0-4457-249-1045-10184-000028665C,"Onyxia",0x10a48,0x0,11567,"Heroic Strike",0x1,Creature-0-4457-249-1045-10184-000028665C,0000000000000000,27,100,0,0,0,-1,0,0,0,9.96,-202.99,0,0.2893,63,404,512,-1,1,0,0,0,nil,nil,nil
4/28 18:51:43.015  SWING_DAMAGE_LANDED,Player-4755-01AC9FD9,"Alexinho-Dreadmist",0x514,0x0,Creature-0-4457-249-1045-10184-000028665C,"Onyxia",0x10a48,0x0,Creature-0-4457-249-1045-10184-000028665C,0000000000000000,27,100,0,0,0,-1,0,0,0,9.96,-202.99,0,0.2893,63,250,391,-1,1,0,0,0,nil,1,nil
4/28 18:51:43.015  SPELL_HEAL,Player-4755-01617EEE,"Fenix-Dreadmist",0x512,0x0,Player-4755-0220BD00,"Krikoff-Dreadmist",0x40514,0x0,6064,"Heal",0x2,Player-4755-0220BD00,0000000000000000,87,100,0,0,0,-1,0,0,0,26.48,-198.07,0,3.4440,68,2090,2090,0,0,1
4/28 18:51:43.015  SPELL_DAMAGE,Player-4755-0220BD00,"Krikoff-Dreadmist",0x40514,0x0,Creature-0-4457-249-1045-10184-000028665C,"Onyxia",0x10a48,0x0,11601,"Revenge",0x1,Creature-0-4457-249-1045-10184-000028665C,0000000000000000,27,100,0,0,0,-1,0,0,0,9.96,-202.99,0,0.2893,63,55,69,-1,1,0,0,0,nil,nil,nil
4/28 18:51:43.015  SWING_DAMAGE_LANDED,Player-4755-0178F416,"Eltorero-Dreadmist",0x514,0x0,Creature-0-4457-249-1045-10184-000028665C,"Onyxia",0x10a48,0x0,Creature-0-4457-249-1045-10184-000028665C,0000000000000000,27,100,0,0,0,-1,0,0,0,9.96,-202.99,0,0.2893,63,152,297,-1,1,0,0,0,nil,1,nil
4/28 18:51:43.015  SWING_DAMAGE_LANDED,Creature-0-4457-249-1045-10184-000028665C,"Onyxia",0x10a48,0x0,Player-4755-0220BD00,"Krikoff-Dreadmist",0x40514,0x0,Player-4755-0220BD00,0000000000000000,75,100,0,0,0,-1,0,0,0,26.48,-198.07,0,3.4440,68,791,1729,-1,1,0,0,0,nil,nil,nil
4/28 18:51:43.015  SPELL_HEAL,Player-4755-0210153A,"Hapuseneb-Dreadmist",0x514,0x0,Player-4755-01BC57A3,"Saintis-Dreadmist",0x511,0x0,6064,"Heal",0x2,Player-4755-01BC57A3,0000000000000000,100,100,0,0,0,-1,0,0,0,17.79,-219.20,0,1.8264,68,1359,1359,1359,0,nil
4/28 18:51:43.015  SWING_DAMAGE_LANDED,Player-4755-01637B0A,"Pindle-Dreadmist",0x514,0x0,Creature-0-4457-249-1045-10184-000028665C,"Onyxia",0x10a48,0x0,Creature-0-4457-249-1045-10184-000028665C,0000000000000000,27,100,0,0,0,-1,0,0,0,9.96,-202.99,0,0.2893,63,74,99,-1,1,0,0,0,nil,1,nil
4/28 18:51:43.015  SPELL_AURA_APPLIED,Player-4755-0163DD9D,"Kaspais-Dreadmist",0x514,0x0,Player-4755-0163DD9D,"Kaspais-Dreadmist",0x514,0x0,12536,"Clearcasting",0x40,BUFF
4/28 18:51:43.015  SWING_DAMAGE_LANDED,Pet-0-4457-249-1045-2850-01001956F9,"Kratos",0x1114,0x0,Creature-0-4457-249-1045-10184-000028665C,"Onyxia",0x10a48,0x0,Creature-0-4457-249-1045-10184-000028665C,0000000000000000,27,100,0,0,0,-1,0,0,0,9.96,-202.99,0,0.2893,63,57,72,-1,1,0,0,0,nil,nil,nil
4/28 18:51:43.015  SPELL_DAMAGE,Pet-0-4457-249-1045-7432-01002D8BC6,"Cat",0x1114,0x0,Creature-0-4457-249-1045-10184-000028665C,"Onyxia",0x10a48,0x0,3009,"Claw",0x1,Creature-0-4457-249-1045-10184-000028665C,0000000000000000,27,100,0,0,0,-1,0,0,0,9.96,-202.99,0,0.2893,63,56,70,-1,1,0,0,0,nil,nil,nil
4/28 18:51:43.039  SPELL_CAST_SUCCESS,Player-4755-01614AC7,"Mirrimazduur-Dreadmist",0x512,0x0,Creature-0-4457-249-1045-10184-000028665C,"Onyxia",0x10a48,0x0,11661,"Shadow Bolt",0x20,Player-4755-01614AC7,0000000000000000,100,100,0,0,0,-1,0,0,0,8.53,-174.43,0,4.7385,68
4/28 18:51:43.039  SPELL_CAST_START,Player-4755-01614AC7,"Mirrimazduur-Dreadmist",0x512,0x0,0000000000000000,nil,0x80000000,0x80000000,11661,"Shadow Bolt",0x20
4/28 18:51:43.209  SWING_DAMAGE,Player-4755-01840577,"Raggèn-Dreadmist",0x514,0x0,Creature-0-4457-249-1045-10184-000028665C,"Onyxia",0x10a48,0x0,Player-4755-01840577,0000000000000000,100,100,0,0,0,-1,0,0,0,12.18,-213.06,0,1.6965,67,279,413,-1,1,0,0,0,nil,1,nil
4/28 18:51:43.209  SPELL_PERIODIC_ENERGIZE,Creature-0-4457-249-1045-7416-0000286CFC,"Mana Spring Totem IV",0x2114,0x0,Player-4755-016296D3,"Nivl-Dreadmist",0x514,0x0,10494,"Mana Spring",0x8,Player-4755-016296D3,0000000000000000,100,100,0,0,0,-1,0,0,0,-1.14,-172.31,0,6.1537,69,10.0000,0.0000,0,5845
4/28 18:51:43.209  SPELL_CAST_SUCCESS,Player-4755-01804B95,"Moymoy-Dreadmist",0x514,0x0,Player-4755-0220BD00,"Krikoff-Dreadmist",0x40514,0x0,10396,"Healing Wave",0x8,Player-4755-01804B95,0000000000000000,94,100,0,0,0,-1,0,0,0,10.29,-179.34,0,4.6234,66
4/28 18:51:43.210  SPELL_CAST_START,Player-4755-01804B95,"Moymoy-Dreadmist",0x514,0x0,0000000000000000,nil,0x80000000,0x80000000,939,"Healing Wave",0x8
4/28 18:51:43.278  SPELL_CAST_SUCCESS,Player-4755-020BD78D,"Lonehunter-Dreadmist",0x514,0x0,Creature-0-4457-249-1045-10184-000028665C,"Onyxia",0x10a48,0x0,75,"Auto Shot",0x1,Player-4755-020BD78D,0000000000000000,98,100,0,0,0,-1,0,0,0,4.85,-249.75,0,1.4619,70
4/28 18:51:43.418  SPELL_ENERGIZE,Player-4755-01F21AE6,"Blahu-Dreadmist",0x40514,0x0,Player-4755-01F21AE6,"Blahu-Dreadmist",0x40514,0x0,12964,"Unbridled Wrath",0x1,Player-4755-01F21AE6,0000000000000000,100,100,0,0,0,-1,0,0,0,15.15,-209.68,0,1.8814,70,1.0000,0.0000,1,1000
4/28 18:51:43.418  DAMAGE_SHIELD_MISSED,Player-4755-0220BD00,"Krikoff-Dreadmist",0x40514,0x0,Creature-0-4457-249-1045-10184-000028665C,"Onyxia",0x10a48,0x0,11771,"Fire Shield",0x4,IMMUNE,nil
4/28 18:51:43.418  SWING_DAMAGE_LANDED,Player-4755-01840577,"Raggèn-Dreadmist",0x514,0x0,Creature-0-4457-249-1045-10184-000028665C,"Onyxia",0x10a48,0x0,Creature-0-4457-249-1045-10184-000028665C,0000000000000000,27,100,0,0,0,-1,0,0,0,9.96,-202.99,0,0.2893,63,279,413,-1,1,0,0,0,nil,1,nil
4/28 18:51:43.418  SPELL_HEAL,Player-4755-01804B95,"Moymoy-Dreadmist",0x514,0x0,Player-4755-0220BD00,"Krikoff-Dreadmist",0x40514,0x0,10396,"Healing Wave",0x8,Player-4755-0220BD00,0000000000000000,100,100,0,0,0,-1,0,0,0,26.48,-198.07,0,3.4440,68,2076,2076,437,0,nil
4/28 18:51:43.418  SPELL_AURA_APPLIED_DOSE,Player-4755-01804B95,"Moymoy-Dreadmist",0x514,0x0,Player-4755-0220BD00,"Krikoff-Dreadmist",0x40514,0x0,29203,"Healing Way",0x2,BUFF,2
4/28 18:51:43.418  SPELL_PERIODIC_ENERGIZE,Player-4755-01733879,"Hocwar-Dreadmist",0x40514,0x0,Player-4755-01733879,"Hocwar-Dreadmist",0x40514,0x0,29131,"Bloodrage",0x1,Player-4755-01733879,0000000000000000,91,100,0,0,0,-1,0,0,0,7.67,-195.21,0,5.0629,71,1.0000,0.0000,1,1000
4/28 18:51:43.440  SPELL_CAST_START,Player-4755-01802FE5,"Angrybat-Dreadmist",0x514,0x0,0000000000000000,nil,0x80000000,0x80000000,10181,"Frostbolt",0x10
4/28 18:51:43.456  SWING_DAMAGE,Player-4755-01637B0A,"Pindle-Dreadmist",0x514,0x0,Creature-0-4457-249-1045-10184-000028665C,"Onyxia",0x10a48,0x0,Player-4755-01637B0A,0000000000000000,100,100,0,0,0,-1,0,0,0,4.98,-197.45,0,5.2675,65,369,229,-1,1,0,0,0,1,nil,nil
4/28 18:51:43.456  SPELL_CAST_START,Player-4755-01FA8DD8,"Roackerita-Dreadmist",0x514,0x0,0000000000000000,nil,0x80000000,0x80000000,9474,"Flash Heal",0x2
4/28 18:51:43.508  SPELL_CAST_SUCCESS,Player-4755-01A6B139,"Sakatan-Dreadmist",0x514,0x0,Creature-0-4457-249-1045-10184-000028665C,"Onyxia",0x10a48,0x0,11281,"Backstab",0x1,Player-4755-01A6B139,0000000000000000,83,100,0,0,0,-1,0,0,0,2.72,-189.07,0,5.5024,69
4/28 18:51:43.524  SPELL_CAST_START,Player-4755-01F36B30,"Rectumqeef-Dreadmist",0x514,0x0,0000000000000000,nil,0x80000000,0x80000000,5019,"Shoot",0x1
4/28 18:51:43.579  SPELL_CAST_SUCCESS,Player-4755-0160BD13,"Mafkees-Dreadmist",0x514,0x0,Creature-0-4457-249-1045-10184-000028665C,"Onyxia",0x10a48,0x0,23894,"Bloodthirst",0x1,Player-4755-0160BD13,0000000000000000,100,100,0,0,0,-1,0,0,0,9.40,-210.23,0,1.4396,64
4/28 18:51:43.579  SPELL_MISSED,Player-4755-0160BD13,"Mafkees-Dreadmist",0x514,0x0,Creature-0-4457-249-1045-10184-000028665C,"Onyxia",0x10a48,0x0,23894,"Bloodthirst",0x1,DODGE,nil
4/28 18:51:43.579  SWING_DAMAGE,Player-4755-01A6B139,"Sakatan-Dreadmist",0x514,0x0,Creature-0-4457-249-1045-10184-000028665C,"Onyxia",0x10a48,0x0,Player-4755-01A6B139,0000000000000000,83,100,0,0,0,-1,0,0,0,2.72,-189.07,0,5.5024,69,317,196,-1,1,0,0,0,1,nil,nil
4/28 18:51:43.662  SWING_MISSED,Player-4755-01A6B139,"Sakatan-Dreadmist",0x514,0x0,Creature-0-4457-249-1045-10184-000028665C,"Onyxia",0x10a48,0x0,MISS,1
4/28 18:51:43.678  SPELL_PERIODIC_HEAL,Player-4755-0220BD00,"Krikoff-Dreadmist",0x40514,0x0,Player-4755-0220BD00,"Krikoff-Dreadmist",0x40514,0x0,24427,"Diamond Flask",0x8,Player-4755-0220BD00,0000000000000000,100,100,0,0,0,-1,0,0,0,26.48,-198.07,0,3.4440,68,9,9,9,0,nil
4/28 18:51:43.725  SPELL_CAST_SUCCESS,Player-4755-01ED7A64,"Sperzieboon-Dreadmist",0x514,0x0,Player-4755-0220BD00,"Krikoff-Dreadmist",0x40514,0x0,10917,"Flash Heal",0x2,Player-4755-01ED7A64,0000000000000000,67,100,0,0,0,-1,0,0,0,14.27,-226.82,0,1.2071,67
4/28 18:51:43.774  SPELL_PERIODIC_ENERGIZE,Creature-0-4457-249-1045-7416-0000286D2B,"Mana Spring Totem IV",0x2114,0x0,Player-4755-01840577,"Raggèn-Dreadmist",0x514,0x0,10494,"Mana Spring",0x8,Player-4755-01840577,0000000000000000,100,100,0,0,0,-1,0,0,0,12.18,-213.06,0,1.6965,67,10.0000,0.0000,0,3790
4/28 18:51:43.790  SPELL_CAST_SUCCESS,Player-4755-01F21AE6,"Blahu-Dreadmist",0x40514,0x0,Creature-0-4457-249-1045-10184-000028665C,"Onyxia",0x10a48,0x0,11597,"Sunder Armor",0x1,Player-4755-01F21AE6,0000000000000000,100,100,0,0,0,-1,0,0,0,15.15,-209.68,0,1.8814,70
4/28 18:51:43.790  SPELL_MISSED,Player-4755-01F21AE6,"Blahu-Dreadmist",0x40514,0x0,Creature-0-4457-249-1045-10184-000028665C,"Onyxia",0x10a48,0x0,11597,"Sunder Armor",0x1,DODGE,nil
4/28 18:51:43.808  SPELL_CAST_SUCCESS,Player-4755-01BC57A3,"Saintis-Dreadmist",0x511,0x0,Player-4755-0220BD00,"Krikoff-Dreadmist",0x40514,0x0,10917,"Flash Heal",0x2,Player-4755-01BC57A3,0000000000000000,100,100,0,0,0,-1,0,0,0,17.79,-219.20,0,1.8264,68
4/28 18:51:43.830  SPELL_AURA_APPLIED,Player-4755-01617EEE,"Fenix-Dreadmist",0x512,0x0,Player-4755-0220BD00,"Krikoff-Dreadmist",0x40514,0x0,15359,"Inspiration",0x2,BUFF
4/28 18:51:43.830  SPELL_AURA_REMOVED,Player-4755-01840577,"Raggèn-Dreadmist",0x514,0x0,Player-4755-01840577,"Raggèn-Dreadmist",0x514,0x0,16280,"Flurry",0x1,BUFF
4/28 18:51:43.830  SWING_DAMAGE_LANDED,Player-4755-01637B0A,"Pindle-Dreadmist",0x514,0x0,Creature-0-4457-249-1045-10184-000028665C,"Onyxia",0x10a48,0x0,Creature-0-4457-249-1045-10184-000028665C,0000000000000000,27,100,0,0,0,-1,0,0,0,9.96,-202.99,0,0.2893,63,369,229,-1,1,0,0,0,1,nil,nil
4/28 18:51:43.830  SPELL_DAMAGE,Player-4755-01A6B139,"Sakatan-Dreadmist",0x514,0x0,Creature-0-4457-249-1045-10184-000028665C,"Onyxia",0x10a48,0x0,11281,"Backstab",0x1,Creature-0-4457-249-1045-10184-000028665C,0000000000000000,27,100,0,0,0,-1,0,0,0,9.96,-202.99,0,0.2893,63,1176,652,-1,1,0,0,0,1,nil,nil
4/28 18:51:43.830  SWING_DAMAGE_LANDED,Player-4755-01A6B139,"Sakatan-Dreadmist",0x514,0x0,Creature-0-4457-249-1045-10184-000028665C,"Onyxia",0x10a48,0x0,Creature-0-4457-249-1045-10184-000028665C,0000000000000000,27,100,0,0,0,-1,0,0,0,9.96,-202.99,0,0.2893,63,317,196,-1,1,0,0,0,1,nil,nil
4/28 18:51:43.830  SPELL_HEAL,Player-4755-01ED7A64,"Sperzieboon-Dreadmist",0x514,0x0,Player-4755-0220BD00,"Krikoff-Dreadmist",0x40514,0x0,10917,"Flash Heal",0x2,Player-4755-0220BD00,0000000000000000,100,100,0,0,0,-1,0,0,0,26.48,-198.07,0,3.4440,68,1244,1244,1244,0,nil
4/28 18:51:43.830  SPELL_HEAL,Player-4755-01BC57A3,"Saintis-Dreadmist",0x511,0x0,Player-4755-0220BD00,"Krikoff-Dreadmist",0x40514,0x0,10917,"Flash Heal",0x2,Player-4755-0220BD00,0000000000000000,100,100,0,0,0,-1,0,0,0,26.48,-198.07,0,3.4440,68,1169,1169,1169,0,nil
4/28 18:51:43.830  SPELL_PERIODIC_ENERGIZE,Creature-0-4457-249-1045-7416-0000286CFC,"Mana Spring Totem IV",0x2114,0x0,Player-4755-0178F576,"Atreas-Dreadmist",0x514,0x0,10494,"Mana Spring",0x8,Player-4755-0178F576,0000000000000000,100,100,0,0,0,-1,0,0,0,-1.33,-170.85,0,5.0503,66,10.0000,0.0000,0,3765
4/28 18:51:43.882  RANGE_DAMAGE,Player-4755-01F36B30,"Rectumqeef-Dreadmist",0x514,0x0,Creature-0-4457-249-1045-10184-000028665C,"Onyxia",0x10a48,0x0,5019,"Shoot",0x1,Creature-0-4457-249-1045-10184-000028665C,0000000000000000,27,100,0,0,0,-1,0,0,0,9.96,-202.99,0,0.2893,63,44,79,-1,64,40,0,0,nil,nil,nil
4/28 18:51:43.941  SWING_DAMAGE,Player-4755-0160BD13,"Mafkees-Dreadmist",0x514,0x0,Creature-0-4457-249-1045-10184-000028665C,"Onyxia",0x10a48,0x0,Player-4755-0160BD13,0000000000000000,100,100,0,0,0,-1,0,0,0,9.40,-210.23,0,1.4396,64,473,600,-1,1,0,0,0,nil,nil,nil
4/28 18:51:43.972  SPELL_AURA_APPLIED,Player-4755-01AC9FD9,"Alexinho-Dreadmist",0x514,0x0,Player-4755-01AC9FD9,"Alexinho-Dreadmist",0x514,0x0,20007,"Holy Strength",0x2,BUFF
4/28 18:51:43.972  SPELL_HEAL,Player-4755-01AC9FD9,"Alexinho-Dreadmist",0x514,0x0,Player-4755-01AC9FD9,"Alexinho-Dreadmist",0x514,0x0,20007,"Holy Strength",0x2,Player-4755-01AC9FD9,0000000000000000,81,100,0,0,0,-1,0,0,0,11.63,-211.85,0,1.6114,66,91,91,0,0,nil
4/28 18:51:43.972  SWING_DAMAGE,Player-4755-01AC9FD9,"Alexinho-Dreadmist",0x514,0x0,Creature-0-4457-249-1045-10184-000028665C,"Onyxia",0x10a48,0x0,Player-4755-01AC9FD9,0000000000000000,81,100,0,0,0,-1,0,0,0,11.63,-211.85,0,1.6114,66,104,155,-1,1,0,0,0,nil,1,nil
4/28 18:51:43.972  SWING_DAMAGE,Pet-0-4457-249-1045-2850-01001956F9,"Kratos",0x1114,0x0,Creature-0-4457-249-1045-10184-000028665C,"Onyxia",0x10a48,0x0,Pet-0-4457-249-1045-2850-01001956F9,Player-4755-0178F576,55,100,0,0,0,-1,0,0,0,11.68,-178.00,0,4.6435,66,66,84,-1,1,0,0,0,nil,nil,nil
4/28 18:51:43.989  SPELL_PERIODIC_HEAL,Player-4755-02045EF4,"Necrosini-Dreadmist",0x512,0x0,Player-4755-0220BD00,"Krikoff-Dreadmist",0x40514,0x0,10929,"Renew",0x2,Player-4755-0220BD00,0000000000000000,100,100,0,0,0,-1,0,0,0,26.48,-198.07,0,3.4440,68,253,253,253,0,nil
4/28 18:51:44.006  SWING_DAMAGE,Player-4755-01637B0A,"Pindle-Dreadmist",0x514,0x0,Creature-0-4457-249-1045-10184-000028665C,"Onyxia",0x10a48,0x0,Player-4755-01637B0A,0000000000000000,100,100,0,0,0,-1,0,0,0,4.98,-197.45,0,5.2282,65,164,101,-1,1,0,0,0,1,nil,nil
4/28 18:51:44.006  SPELL_CAST_START,Player-4755-0178F576,"Atreas-Dreadmist",0x514,0x0,0000000000000000,nil,0x80000000,0x80000000,75,"Auto Shot",0x1
4/28 18:51:44.022  SPELL_CAST_SUCCESS,Player-4755-01F36B30,"Rectumqeef-Dreadmist",0x514,0x0,Creature-0-4457-249-1045-10184-000028665C,"Onyxia",0x10a48,0x0,5019,"Shoot",0x1,Player-4755-01F36B30,0000000000000000,100,100,0,0,0,-1,0,0,0,12.89,-175.69,0,4.7568,66
4/28 18:51:44.056  SWING_DAMAGE,Player-4755-01F21AE6,"Blahu-Dreadmist",0x40514,0x0,Creature-0-4457-249-1045-10184-000028665C,"Onyxia",0x10a48,0x0,Player-4755-01F21AE6,0000000000000000,100,100,0,0,0,-1,0,0,0,15.15,-209.68,0,1.8814,70,128,162,-1,1,0,0,0,nil,nil,nil
4/28 18:51:44.056  SPELL_PERIODIC_DAMAGE,Player-4755-01614AC7,"Mirrimazduur-Dreadmist",0x512,0x0,Creature-0-4457-249-1045-10184-000028665C,"Onyxia",0x10a48,0x0,11672,"Corruption",0x20,Creature-0-4457-249-1045-10184-000028665C,0000000000000000,27,100,0,0,0,-1,0,0,0,9.96,-202.99,0,0.2893,63,207,188,-1,32,0,0,0,nil,nil,nil
4/28 18:51:44.073  SWING_DAMAGE,Player-4755-01733879,"Hocwar-Dreadmist",0x40514,0x0,Creature-0-4457-249-1045-10184-000028665C,"Onyxia",0x10a48,0x0,Player-4755-01733879,0000000000000000,91,100,0,0,0,-1,0,0,0,7.38,-195.32,0,5.0629,71,89,139,-1,1,0,0,0,nil,1,nil
4/28 18:51:44.105  SPELL_PERIODIC_ENERGIZE,Player-4755-01BC57A3,"Saintis-Dreadmist",0x511,0x0,Player-4755-01BC57A3,"Saintis-Dreadmist",0x511,0x0,18194,"Mana Regeneration",0x1,Player-4755-01BC57A3,0000000000000000,100,100,0,0,0,-1,0,0,0,17.79,-219.20,0,1.8264,68,8.0000,0.0000,0,7212
4/28 18:51:44.137  SWING_DAMAGE,Player-4755-0220BD00,"Krikoff-Dreadmist",0x40514,0x0,Creature-0-4457-249-1045-10184-000028665C,"Onyxia",0x10a48,0x0,Player-4755-0220BD00,0000000000000000,100,100,0,0,0,-1,0,0,0,26.48,-198.07,0,3.4440,68,336,213,-1,1,0,0,0,1,nil,nil
4/28 18:51:44.168  SWING_DAMAGE,Pet-0-4457-249-1045-7432-01002D8BC6,"Cat",0x1114,0x0,Creature-0-4457-249-1045-10184-000028665C,"Onyxia",0x10a48,0x0,Pet-0-4457-249-1045-7432-01002D8BC6,Player-4755-01E83279,48,100,0,0,0,-1,0,0,0,-13.33,-193.99,0,5.9144,71,86,108,-1,1,0,0,0,nil,nil,nil
4/28 18:51:44.218  SWING_DAMAGE_LANDED,Player-4755-0160BD13,"Mafkees-Dreadmist",0x514,0x0,Creature-0-4457-249-1045-10184-000028665C,"Onyxia",0x10a48,0x0,Creature-0-4457-249-1045-10184-000028665C,0000000000000000,27,100,0,0,0,-1,0,0,0,9.96,-202.99,0,0.2893,63,473,600,-1,1,0,0,0,nil,nil,nil
4/28 18:51:44.218  SWING_DAMAGE_LANDED,Player-4755-01AC9FD9,"Alexinho-Dreadmist",0x514,0x0,Creature-0-4457-249-1045-10184-000028665C,"Onyxia",0x10a48,0x0,Creature-0-4457-249-1045-10184-000028665C,0000000000000000,27,100,0,0,0,-1,0,0,0,9.96,-202.99,0,0.2893,63,104,155,-1,1,0,0,0,nil,1,nil
4/28 18:51:44.218  SPELL_DAMAGE,Player-4755-01AC9FD9,"Alexinho-Dreadmist",0x514,0x0,Creature-0-4457-249-1045-10184-000028665C,"Onyxia",0x10a48,0x0,11337,"Instant Poison VI",0x8,Creature-0-4457-249-1045-10184-000028665C,0000000000000000,27,100,0,0,0,-1,0,0,0,9.96,-202.99,0,0.2893,63,122,121,-1,8,0,0,0,nil,nil,nil
4/28 18:51:44.218  SWING_DAMAGE_LANDED,Pet-0-4457-249-1045-2850-01001956F9,"Kratos",0x1114,0x0,Creature-0-4457-249-1045-10184-000028665C,"Onyxia",0x10a48,0x0,Creature-0-4457-249-1045-10184-000028665C,0000000000000000,27,100,0,0,0,-1,0,0,0,9.96,-202.99,0,0.2893,63,66,84,-1,1,0,0,0,nil,nil,nil
4/28 18:51:44.218  SWING_DAMAGE_LANDED,Player-4755-01637B0A,"Pindle-Dreadmist",0x514,0x0,Creature-0-4457-249-1045-10184-000028665C,"Onyxia",0x10a48,0x0,Creature-0-4457-249-1045-10184-000028665C,0000000000000000,27,100,0,0,0,-1,0,0,0,9.96,-202.99,0,0.2893,63,164,101,-1,1,0,0,0,1,nil,nil
4/28 18:51:44.218  SPELL_DAMAGE,Player-4755-01637B0A,"Pindle-Dreadmist",0x514,0x0,Creature-0-4457-249-1045-10184-000028665C,"Onyxia",0x10a48,0x0,11337,"Instant Poison VI",0x8,Creature-0-4457-249-1045-10184-000028665C,0000000000000000,27,100,0,0,0,-1,0,0,0,9.96,-202.99,0,0.2893,63,144,143,-1,8,0,0,0,nil,nil,nil
4/28 18:51:44.218  SWING_DAMAGE_LANDED,Player-4755-01F21AE6,"Blahu-Dreadmist",0x40514,0x0,Creature-0-4457-249-1045-10184-000028665C,"Onyxia",0x10a48,0x0,Creature-0-4457-249-1045-10184-000028665C,0000000000000000,27,100,0,0,0,-1,0,0,0,9.96,-202.99,0,0.2893,63,128,162,-1,1,0,0,0,nil,nil,nil
4/28 18:51:44.218  SWING_DAMAGE_LANDED,Player-4755-01733879,"Hocwar-Dreadmist",0x40514,0x0,Creature-0-4457-249-1045-10184-000028665C,"Onyxia",0x10a48,0x0,Creature-0-4457-249-1045-10184-000028665C,0000000000000000,27,100,0,0,0,-1,0,0,0,9.96,-202.99,0,0.2893,63,89,139,-1,1,0,0,0,nil,1,nil
4/28 18:51:44.218  SWING_DAMAGE_LANDED,Player-4755-0220BD00,"Krikoff-Dreadmist",0x40514,0x0,Creature-0-4457-249-1045-10184-000028665C,"Onyxia",0x10a48,0x0,Creature-0-4457-249-1045-10184-000028665C,0000000000000000,27,100,0,0,0,-1,0,0,0,9.96,-202.99,0,0.2893,63,336,213,-1,1,0,0,0,1,nil,nil
4/28 18:51:44.218  SWING_DAMAGE_LANDED,Pet-0-4457-249-1045-7432-01002D8BC6,"Cat",0x1114,0x0,Creature-0-4457-249-1045-10184-000028665C,"Onyxia",0x10a48,0x0,Creature-0-4457-249-1045-10184-000028665C,0000000000000000,27,100,0,0,0,-1,0,0,0,9.96,-202.99,0,0.2893,63,86,108,-1,1,0,0,0,nil,nil,nil
4/28 18:51:44.336  SWING_MISSED,Player-4755-01733879,"Hocwar-Dreadmist",0x40514,0x0,Creature-0-4457-249-1045-10184-000028665C,"Onyxia",0x10a48,0x0,MISS,nil
4/28 18:51:44.350  SPELL_CAST_SUCCESS,Player-4755-0178F576,"Atreas-Dreadmist",0x514,0x0,Creature-0-4457-249-1045-10184-000028665C,"Onyxia",0x10a48,0x0,75,"Auto Shot",0x1,Player-4755-0178F576,0000000000000000,100,100,0,0,0,-1,0,0,0,-1.33,-170.85,0,5.0503,66
4/28 18:51:44.383  SPELL_CAST_START,Player-4755-015FEBD5,"Sauvage-Dreadmist",0x514,0x0,0000000000000000,nil,0x80000000,0x80000000,10181,"Frostbolt",0x10
4/28 18:51:44.383  SPELL_CAST_SUCCESS,Player-4755-0220BD00,"Krikoff-Dreadmist",0x40514,0x0,Creature-0-4457-249-1045-10184-000028665C,"Onyxia",0x10a48,0x0,23894,"Bloodthirst",0x1,Player-4755-0220BD00,0000000000000000,100,100,0,0,0,-1,0,0,0,26.48,-198.07,0,3.4440,68
4/28 18:51:44.429  SPELL_PERIODIC_ENERGIZE,Player-4755-01733879,"Hocwar-Dreadmist",0x40514,0x0,Player-4755-01733879,"Hocwar-Dreadmist",0x40514,0x0,29131,"Bloodrage",0x1,Player-4755-01733879,0000000000000000,91,100,0,0,0,-1,0,0,0,6.94,-195.47,0,5.0629,71,1.0000,0.0000,1,1000
4/28 18:51:44.429  SPELL_AURA_REMOVED,Player-4755-01733879,"Hocwar-Dreadmist",0x40514,0x0,Player-4755-01733879,"Hocwar-Dreadmist",0x40514,0x0,29131,"Bloodrage",0x1,BUFF
4/28 18:51:44.462  RANGE_DAMAGE,Player-4755-020BD78D,"Lonehunter-Dreadmist",0x514,0x0,Creature-0-4457-249-1045-10184-000028665C,"Onyxia",0x10a48,0x0,75,"Auto Shot",0x1,Creature-0-4457-249-1045-10184-000028665C,0000000000000000,27,100,0,0,0,-1,0,0,0,9.96,-202.99,0,0.2893,63,383,486,-1,1,0,0,0,nil,nil,nil
4/28 18:51:44.462  SPELL_DAMAGE,Player-4755-01614AC7,"Mirrimazduur-Dreadmist",0x512,0x0,Creature-0-4457-249-1045-10184-000028665C,"Onyxia",0x10a48,0x0,11661,"Shadow Bolt",0x20,Creature-0-4457-249-1045-10184-000028665C,0000000000000000,27,100,0,0,0,-1,0,0,0,9.96,-202.99,0,0.2893,63,711,861,-1,32,215,0,0,nil,nil,nil
4/28 18:51:44.488  SPELL_CAST_SUCCESS,Player-4755-01AC9FD9,"Alexinho-Dreadmist",0x514,0x0,Creature-0-4457-249-1045-10184-000028665C,"Onyxia",0x10a48,0x0,11294,"Sinister Strike",0x1,Player-4755-01AC9FD9,0000000000000000,81,100,0,0,0,-1,0,0,0,11.63,-211.85,0,1.6114,66
4/28 18:51:44.488  SPELL_AURA_APPLIED,Player-4755-01AC9FD9,"Alexinho-Dreadmist",0x514,0x0,Player-4755-01AC9FD9,"Alexinho-Dreadmist",0x514,0x0,10610,"Windfury Totem",0x8,BUFF
4/28 18:51:44.488  SPELL_EXTRA_ATTACKS,Player-4755-01AC9FD9,"Alexinho-Dreadmist",0x514,0x0,Player-4755-01AC9FD9,"Alexinho-Dreadmist",0x514,0x0,10610,"Windfury Totem",0x8,1
4/28 18:51:44.488  SWING_DAMAGE,Player-4755-01AC9FD9,"Alexinho-Dreadmist",0x514,0x0,Creature-0-4457-249-1045-10184-000028665C,"Onyxia",0x10a48,0x0,Player-4755-01AC9FD9,0000000000000000,81,100,0,0,0,-1,0,0,0,11.63,-211.85,0,1.6114,66,276,427,-1,1,0,0,0,nil,1,nil
4/28 18:51:44.556  SPELL_CAST_SUCCESS,Player-4755-0163DD9D,"Kaspais-Dreadmist",0x514,0x0,Creature-0-4457-249-1045-10184-000028665C,"Onyxia",0x10a48,0x0,10181,"Frostbolt",0x10,Player-4755-0163DD9D,0000000000000000,100,100,0,0,0,-1,0,0,0,14.87,-171.73,0,4.6117,66
4/28 18:51:44.556  SPELL_AURA_REMOVED,Player-4755-0163DD9D,"Kaspais-Dreadmist",0x514,0x0,Player-4755-0163DD9D,"Kaspais-Dreadmist",0x514,0x0,12536,"Clearcasting",0x40,BUFF
4/28 18:51:44.556  SPELL_CAST_START,Player-4755-0163DD9D,"Kaspais-Dreadmist",0x514,0x0,0000000000000000,nil,0x80000000,0x80000000,10181,"Frostbolt",0x10
4/28 18:51:44.608  SPELL_CAST_SUCCESS,Pet-0-4457-249-1045-7432-01002D8BC6,"Cat",0x1114,0x0,Creature-0-4457-249-1045-10184-000028665C,"Onyxia",0x10a48,0x0,3009,"Claw",0x1,Pet-0-4457-249-1045-7432-01002D8BC6,Player-4755-01E83279,48,100,0,0,0,-1,0,0,0,-13.33,-193.99,0,5.9144,71
4/28 18:51:44.625  SPELL_AURA_REMOVED_DOSE,Player-4755-0160BD13,"Mafkees-Dreadmist",0x514,0x0,Player-4755-0160BD13,"Mafkees-Dreadmist",0x514,0x0,12970,"Flurry",0x1,BUFF,2
4/28 18:51:44.625  SPELL_AURA_REMOVED_DOSE,Player-4755-01AC9FD9,"Alexinho-Dreadmist",0x514,0x0,Player-4755-01AC9FD9,"Alexinho-Dreadmist",0x514,0x0,10610,"Windfury Totem",0x8,BUFF,1
4/28 18:51:44.625  SPELL_AURA_REMOVED_DOSE,Player-4755-0220BD00,"Krikoff-Dreadmist",0x40514,0x0,Player-4755-0220BD00,"Krikoff-Dreadmist",0x40514,0x0,12970,"Flurry",0x1,BUFF,1
4/28 18:51:44.625  SPELL_AURA_APPLIED_DOSE,Player-4755-0220BD00,"Krikoff-Dreadmist",0x40514,0x0,Player-4755-0220BD00,"Krikoff-Dreadmist",0x40514,0x0,12970,"Flurry",0x1,BUFF,3
4/28 18:51:44.625  SPELL_DAMAGE,Player-4755-0220BD00,"Krikoff-Dreadmist",0x40514,0x0,Creature-0-4457-249-1045-10184-000028665C,"Onyxia",0x10a48,0x0,23894,"Bloodthirst",0x1,Creature-0-4457-249-1045-10184-000028665C,0000000000000000,26,100,0,0,0,-1,0,0,0,9.96,-202.99,0,0.2893,63,816,517,-1,1,0,0,0,1,nil,nil
4/28 18:51:44.625  SPELL_AURA_APPLIED,Player-4755-0220BD00,"Krikoff-Dreadmist",0x40514,0x0,Player-4755-0220BD00,"Krikoff-Dreadmist",0x40514,0x0,23888,"Bloodthirst",0x1,BUFF
4/28 18:51:44.625  SPELL_DAMAGE,Player-4755-01AC9FD9,"Alexinho-Dreadmist",0x514,0x0,Creature-0-4457-249-1045-10184-000028665C,"Onyxia",0x10a48,0x0,11294,"Sinister Strike",0x1,Creature-0-4457-249-1045-10184-000028665C,0000000000000000,26,100,0,0,0,-1,0,0,0,9.96,-202.99,0,0.2893,63,799,431,-1,1,0,0,0,1,nil,nil
4/28 18:51:44.625  SWING_DAMAGE_LANDED,Player-4755-01AC9FD9,"Alexinho-Dreadmist",0x514,0x0,Creature-0-4457-249-1045-10184-000028665C,"Onyxia",0x10a48,0x0,Creature-0-4457-249-1045-10184-000028665C,0000000000000000,26,100,0,0,0,-1,0,0,0,9.96,-202.99,0,0.2893,63,276,427,-1,1,0,0,0,nil,1,nil
4/28 18:51:44.625  SPELL_DAMAGE,Pet-0-4457-249-1045-7432-01002D8BC6,"Cat",0x1114,0x0,Creature-0-4457-249-1045-10184-000028665C,"Onyxia",0x10a48,0x0,3009,"Claw",0x1,Creature-0-4457-249-1045-10184-000028665C,0000000000000000,26,100,0,0,0,-1,0,0,0,9.96,-202.99,0,0.2893,63,59,74,-1,1,0,0,0,nil,nil,nil
4/28 18:51:44.691  SPELL_CAST_SUCCESS,Player-4755-01637B0A,"Pindle-Dreadmist",0x514,0x0,Creature-0-4457-249-1045-10184-000028665C,"Onyxia",0x10a48,0x0,11281,"Backstab",0x1,Player-4755-01637B0A,0000000000000000,100,100,0,0,0,-1,0,0,0,4.36,-197.39,0,5.2537,65
4/28 18:51:44.705  SWING_DAMAGE,Player-4755-0178F416,"Eltorero-Dreadmist",0x514,0x0,Creature-0-4457-249-1045-10184-000028665C,"Onyxia",0x10a48,0x0,Player-4755-0178F416,0000000000000000,100,100,0,0,0,-1,0,0,0,12.01,-217.54,0,1.6843,65,180,228,-1,1,0,0,0,nil,nil,nil
4/28 18:51:44.763  SWING_DAMAGE,Player-4755-01A6B139,"Sakatan-Dreadmist",0x514,0x0,Creature-0-4457-249-1045-10184-000028665C,"Onyxia",0x10a48,0x0,Player-4755-01A6B139,0000000000000000,83,100,0,0,0,-1,0,0,0,2.72,-189.07,0,5.5024,69,399,248,-1,1,0,0,0,1,nil,nil
4/28 18:51:44.777  SPELL_CAST_SUCCESS,Player-4755-0220BD00,"Krikoff-Dreadmist",0x40514,0x0,Creature-0-4457-249-1045-10184-000028665C,"Onyxia",0x10a48,0x0,11567,"Heroic Strike",0x1,Player-4755-0220BD00,0000000000000000,100,100,0,0,0,-1,0,0,0,26.48,-198.07,0,3.4440,68
4/28 18:51:44.777  SPELL_AURA_REMOVED_DOSE,Player-4755-0220BD00,"Krikoff-Dreadmist",0x40514,0x0,Player-4755-0220BD00,"Krikoff-Dreadmist",0x40514,0x0,12970,"Flurry",0x1,BUFF,2
4/28 18:51:44.796  SPELL_AURA_REFRESH,Player-4755-01A6B139,"Sakatan-Dreadmist",0x514,0x0,Player-4755-01A6B139,"Sakatan-Dreadmist",0x514,0x0,20007,"Holy Strength",0x2,BUFF
4/28 18:51:44.796  SPELL_HEAL,Player-4755-01A6B139,"Sakatan-Dreadmist",0x514,0x0,Player-4755-01A6B139,"Sakatan-Dreadmist",0x514,0x0,20007,"Holy Strength",0x2,Player-4755-01A6B139,0000000000000000,84,100,0,0,0,-1,0,0,0,2.72,-189.07,0,5.5024,69,85,85,0,0,nil
4/28 18:51:44.796  SWING_DAMAGE,Player-4755-01A6B139,"Sakatan-Dreadmist",0x514,0x0,Creature-0-4457-249-1045-10184-000028665C,"Onyxia",0x10a48,0x0,Player-4755-01A6B139,0000000000000000,84,100,0,0,0,-1,0,0,0,2.72,-189.07,0,5.5024,69,107,147,-1,1,0,0,0,nil,1,nil
4/28 18:51:44.842  SWING_DAMAGE,Player-4755-01637B0A,"Pindle-Dreadmist",0x514,0x0,Creature-0-4457-249-1045-10184-000028665C,"Onyxia",0x10a48,0x0,Player-4755-01637B0A,0000000000000000,100,100,0,0,0,-1,0,0,0,4.36,-197.39,0,5.2518,65,317,197,-1,1,0,0,0,1,nil,nil
4/28 18:51:44.884  SPELL_CAST_SUCCESS,Player-4755-01F21AE6,"Blahu-Dreadmist",0x40514,0x0,Creature-0-4457-249-1045-10184-000028665C,"Onyxia",0x10a48,0x0,11567,"Heroic Strike",0x1,Player-4755-01F21AE6,0000000000000000,100,100,0,0,0,-1,0,0,0,15.15,-209.68,0,1.8657,70
4/28 18:51:44.958  SPELL_CAST_SUCCESS,Player-4755-01FA8DD8,"Roackerita-Dreadmist",0x514,0x0,Player-4755-0220BD00,"Krikoff-Dreadmist",0x40514,0x0,9474,"Flash Heal",0x2,Player-4755-01FA8DD8,0000000000000000,34,100,0,0,0,-1,0,0,0,20.58,-178.73,0,5.3096,69
4/28 18:51:44.958  SWING_DAMAGE,Pet-0-4457-249-1045-2850-01001956F9,"Kratos",0x1114,0x0,Creature-0-4457-249-1045-10184-000028665C,"Onyxia",0x10a48,0x0,Pet-0-4457-249-1045-2850-01001956F9,Player-4755-0178F576,55,100,0,0,0,-1,0,0,0,11.68,-178.00,0,4.6435,66,57,73,-1,1,0,0,0,nil,nil,nil
4/28 18:51:44.991  SPELL_CAST_SUCCESS,Player-4755-01BC57A3,"Saintis-Dreadmist",0x511,0x0,0000000000000000,nil,0x80000000,0x80000000,17531,"Restore Mana",0x1,Player-4755-01BC57A3,0000000000000000,100,100,0,0,0,-1,0,0,0,17.79,-219.20,0,1.8264,68
4/28 18:51:45.035  SPELL_ENERGIZE,Player-4755-0160BD13,"Mafkees-Dreadmist",0x514,0x0,Player-4755-0160BD13,"Mafkees-Dreadmist",0x514,0x0,12964,"Unbridled Wrath",0x1,Player-4755-0160BD13,0000000000000000,100,100,0,0,0,-1,0,0,0,9.34,-210.75,0,1.5339,64,1.0000,0.0000,1,1000
4/28 18:51:45.035  SPELL_ENERGIZE,Player-4755-01F21AE6,"Blahu-Dreadmist",0x40514,0x0,Player-4755-01F21AE6,"Blahu-Dreadmist",0x40514,0x0,12964,"Unbridled Wrath",0x1,Player-4755-01F21AE6,0000000000000000,100,100,0,0,0,-1,0,0,0,15.15,-209.68,0,1.8657,70,1.0000,0.0000,1,1000
4/28 18:51:45.035  SPELL_AURA_REMOVED_DOSE,Player-4755-0220BD00,"Krikoff-Dreadmist",0x40514,0x0,Player-4755-0220BD00,"Krikoff-Dreadmist",0x40514,0x0,23888,"Bloodthirst",0x1,BUFF,4
4/28 18:51:45.035  SPELL_AURA_APPLIED_DOSE,Player-4755-0220BD00,"Krikoff-Dreadmist",0x40514,0x0,Player-4755-0220BD00,"Krikoff-Dreadmist",0x40514,0x0,12970,"Flurry",0x1,BUFF,3
4/28 18:51:45.035  SPELL_HEAL,Player-4755-0220BD00,"Krikoff-Dreadmist",0x40514,0x0,Player-4755-0220BD00,"Krikoff-Dreadmist",0x40514,0x0,23891,"Bloodthirst",0x1,Player-4755-0220BD00,0000000000000000,100,100,0,0,0,-1,0,0,0,26.48,-198.07,0,3.4440,68,20,20,20,0,nil
4/28 18:51:45.035  SPELL_AURA_REMOVED,Player-4755-01AC9FD9,"Alexinho-Dreadmist",0x514,0x0,Player-4755-01AC9FD9,"Alexinho-Dreadmist",0x514,0x0,10610,"Windfury Totem",0x8,BUFF
4/28 18:51:45.035  SPELL_DAMAGE,Player-4755-01637B0A,"Pindle-Dreadmist",0x514,0x0,Creature-0-4457-249-1045-10184-000028665C,"Onyxia",0x10a48,0x0,11281,"Backstab",0x1,Creature-0-4457-249-1045-10184-000028665C,0000000000000000,26,100,0,0,0,-1,0,0,0,9.96,-202.99,0,0.2893,63,479,607,-1,1,0,0,0,nil,nil,nil
4/28 18:51:45.035  SWING_DAMAGE_LANDED,Player-4755-0178F416,"Eltorero-Dreadmist",0x514,0x0,Creature-0-4457-249-1045-10184-000028665C,"Onyxia",0x10a48,0x0,Creature-0-4457-249-1045-10184-000028665C,0000000000000000,26,100,0,0,0,-1,0,0,0,9.96,-202.99,0,0.2893,63,180,228,-1,1,0,0,0,nil,nil,nil
4/28 18:51:45.035  SWING_DAMAGE_LANDED,Player-4755-01A6B139,"Sakatan-Dreadmist",0x514,0x0,Creature-0-4457-249-1045-10184-000028665C,"Onyxia",0x10a48,0x0,Creature-0-4457-249-1045-10184-000028665C,0000000000000000,26,100,0,0,0,-1,0,0,0,9.96,-202.99,0,0.2893,63,399,248,-1,1,0,0,0,1,nil,nil
4/28 18:51:45.035  SPELL_DAMAGE,Player-4755-0220BD00,"Krikoff-Dreadmist",0x40514,0x0,Creature-0-4457-249-1045-10184-000028665C,"Onyxia",0x10a48,0x0,11567,"Heroic Strike",0x1,Creature-0-4457-249-1045-10184-000028665C,0000000000000000,26,100,0,0,0,-1,0,0,0,9.96,-202.99,0,0.2893,63,310,451,-1,1,0,46,0,nil,nil,nil
4/28 18:51:45.035  SWING_DAMAGE_LANDED,Player-4755-01A6B139,"Sakatan-Dreadmist",0x514,0x0,Creature-0-4457-249-1045-10184-000028665C,"Onyxia",0x10a48,0x0,Creature-0-4457-249-1045-10184-000028665C,0000000000000000,26,100,0,0,0,-1,0,0,0,9.96,-202.99,0,0.2893,63,107,147,-1,1,0,0,0,nil,1,nil
4/28 18:51:45.035  SWING_DAMAGE_LANDED,Player-4755-01637B0A,"Pindle-Dreadmist",0x514,0x0,Creature-0-4457-249-1045-10184-000028665C,"Onyxia",0x10a48,0x0,Creature-0-4457-249-1045-10184-000028665C,0000000000000000,26,100,0,0,0,-1,0,0,0,9.96,-202.99,0,0.2893,63,317,197,-1,1,0,0,0,1,nil,nil
4/28 18:51:45.035  SPELL_DAMAGE,Player-4755-01F21AE6,"Blahu-Dreadmist",0x40514,0x0,Creature-0-4457-249-1045-10184-000028665C,"Onyxia",0x10a48,0x0,11567,"Heroic Strike",0x1,Creature-0-4457-249-1045-10184-000028665C,0000000000000000,26,100,0,0,0,-1,0,0,0,9.96,-202.99,0,0.2893,63,791,502,-1,1,0,0,0,1,nil,nil
4/28 18:51:45.035  SPELL_HEAL,Player-4755-01FA8DD8,"Roackerita-Dreadmist",0x514,0x0,Player-4755-0220BD00,"Krikoff-Dreadmist",0x40514,0x0,9474,"Flash Heal",0x2,Player-4755-0220BD00,0000000000000000,100,100,0,0,0,-1,0,0,0,26.48,-198.07,0,3.4440,68,773,773,773,0,nil
4/28 18:51:45.035  SWING_DAMAGE_LANDED,Pet-0-4457-249-1045-2850-01001956F9,"Kratos",0x1114,0x0,Creature-0-4457-249-1045-10184-000028665C,"Onyxia",0x10a48,0x0,Creature-0-4457-249-1045-10184-000028665C,0000000000000000,26,100,0,0,0,-1,0,0,0,9.96,-202.99,0,0.2893,63,57,73,-1,1,0,0,0,nil,nil,nil
4/28 18:51:45.035  SPELL_ENERGIZE,Player-4755-01BC57A3,"Saintis-Dreadmist",0x511,0x0,Player-4755-01BC57A3,"Saintis-Dreadmist",0x511,0x0,17531,"Restore Mana",0x1,Player-4755-01BC57A3,0000000000000000,100,100,0,0,0,-1,0,0,0,17.79,-219.20,0,1.8264,68,2016.0000,0.0000,0,7212
4/28 18:51:45.035  SPELL_CAST_START,Player-4755-01F36B30,"Rectumqeef-Dreadmist",0x514,0x0,0000000000000000,nil,0x80000000,0x80000000,5019,"Shoot",0x1
4/28 18:51:45.074  SWING_DAMAGE,Creature-0-4457-249-1045-10184-000028665C,"Onyxia",0x10a48,0x0,Player-4755-0220BD00,"Krikoff-Dreadmist",0x40514,0x0,Creature-0-4457-249-1045-10184-000028665C,0000000000000000,26,100,0,0,0,-1,0,0,0,9.96,-202.99,0,0.2893,63,630,1532,-1,1,0,0,0,nil,nil,nil
4/28 18:51:45.074  SPELL_CAST_SUCCESS,Player-4755-0160BD13,"Mafkees-Dreadmist",0x514,0x0,Creature-0-4457-249-1045-10184-000028665C,"Onyxia",0x10a48,0x0,7373,"Hamstring",0x1,Player-4755-0160BD13,0000000000000000,100,100,0,0,0,-1,0,0,0,9.34,-210.75,0,1.5339,64
4/28 18:51:45.110  SWING_MISSED,Player-4755-01637B0A,"Pindle-Dreadmist",0x514,0x0,Creature-0-4457-249-1045-10184-000028665C,"Onyxia",0x10a48,0x0,DODGE,1
4/28 18:51:45.110  SWING_DAMAGE,Player-4755-016DF694,"Ashalan-Dreadmist",0x514,0x0,Creature-0-4457-249-1045-10184-000028665C,"Onyxia",0x10a48,0x0,Player-4755-016DF694,0000000000000000,100,100,0,0,0,-1,0,0,0,7.04,-196.54,0,4.8056,67,509,645,-1,1,0,0,0,nil,nil,nil
4/28 18:51:45.203  SPELL_CAST_SUCCESS,Player-4755-02045EF4,"Necrosini-Dreadmist",0x512,0x0,Player-4755-0220BD00,"Krikoff-Dreadmist",0x40514,0x0,6064,"Heal",0x2,Player-4755-02045EF4,0000000000000000,90,100,0,0,0,-1,0,0,0,11.82,-179.71,0,4.8119,69
4/28 18:51:45.221  RANGE_DAMAGE,Player-4755-0178F576,"Atreas-Dreadmist",0x514,0x0,Creature-0-4457-249-1045-10184-000028665C,"Onyxia",0x10a48,0x0,75,"Auto Shot",0x1,Creature-0-4457-249-1045-10184-000028665C,0000000000000000,26,100,0,0,0,-1,0,0,0,9.96,-202.99,0,0.2893,63,380,481,-1,1,0,0,0,nil,nil,nil
4/28 18:51:45.221  SPELL_PERIODIC_ENERGIZE,Creature-0-4457-249-1045-7416-0000286CFC,"Mana Spring Totem IV",0x2114,0x0,Player-4755-016296D3,"Nivl-Dreadmist",0x514,0x0,10494,"Mana Spring",0x8,Player-4755-016296D3,0000000000000000,100,100,0,0,0,-1,0,0,0,-1.32,-173.62,0,6.1537,69,10.0000,0.0000,0,5845
4/28 18:51:45.237  SPELL_CAST_SUCCESS,Player-4755-01A6B139,"Sakatan-Dreadmist",0x514,0x0,Creature-0-4457-249-1045-10184-000028665C,"Onyxia",0x10a48,0x0,11303,"Feint",0x1,Player-4755-01A6B139,0000000000000000,84,100,0,0,0,-1,0,0,0,2.72,-189.07,0,5.5024,69
4/28 18:51:45.283  SPELL_PERIODIC_HEAL,Player-4755-0210153A,"Hapuseneb-Dreadmist",0x514,0x0,Player-4755-0210153A,"Hapuseneb-Dreadmist",0x514,0x0,10929,"Renew",0x2,Player-4755-0210153A,0000000000000000,100,100,0,0,0,-1,0,0,0,6.28,-238.83,0,1.6179,66,292,292,292,0,nil
4/28 18:51:45.352  SWING_MISSED,Player-4755-01AC9FD9,"Alexinho-Dreadmist",0x514,0x0,Creature-0-4457-249-1045-10184-000028665C,"Onyxia",0x10a48,0x0,MISS,1
4/28 18:51:45.368  SPELL_CAST_START,Player-4755-020BD78D,"Lonehunter-Dreadmist",0x514,0x0,0000000000000000,nil,0x80000000,0x80000000,75,"Auto Shot",0x1
4/28 18:51:45.386  SPELL_CAST_SUCCESS,Player-4755-0178F416,"Eltorero-Dreadmist",0x514,0x0,Creature-0-4457-249-1045-10184-000028665C,"Onyxia",0x10a48,0x0,23894,"Bloodthirst",0x1,Player-4755-0178F416,0000000000000000,100,100,0,0,0,-1,0,0,0,10.93,-217.67,0,1.6843,65
4/28 18:51:45.386  SPELL_CAST_SUCCESS,Player-4755-0210153A,"Hapuseneb-Dreadmist",0x514,0x0,Player-4755-01ED7A64,"Sperzieboon-Dreadmist",0x514,0x0,6064,"Heal",0x2,Player-4755-0210153A,0000000000000000,100,100,0,0,0,-1,0,0,0,6.28,-238.83,0,1.6179,66
4/28 18:51:45.403  RANGE_DAMAGE,Player-4755-01F36B30,"Rectumqeef-Dreadmist",0x514,0x0,Creature-0-4457-249-1045-10184-000028665C,"Onyxia",0x10a48,0x0,5019,"Shoot",0x1,Creature-0-4457-249-1045-10184-000028665C,0000000000000000,26,100,0,0,0,-1,0,0,0,9.96,-202.99,0,0.2893,63,103,94,-1,64,0,0,0,nil,nil,nil
4/28 18:51:45.439  SPELL_AURA_REMOVED_DOSE,Player-4755-0220BD00,"Krikoff-Dreadmist",0x40514,0x0,Player-4755-0220BD00,"Krikoff-Dreadmist",0x40514,0x0,23888,"Bloodthirst",0x1,BUFF,3
4/28 18:51:45.439  SPELL_HEAL,Player-4755-0220BD00,"Krikoff-Dreadmist",0x40514,0x0,Player-4755-0220BD00,"Krikoff-Dreadmist",0x40514,0x0,23891,"Bloodthirst",0x1,Player-4755-0220BD00,0000000000000000,100,100,0,0,0,-1,0,0,0,26.48,-198.07,0,3.4440,68,20,20,20,0,nil
4/28 18:51:45.439  SPELL_AURA_APPLIED,Player-4755-01F21AE6,"Blahu-Dreadmist",0x40514,0x0,Player-4755-01F21AE6,"Blahu-Dreadmist",0x40514,0x0,12970,"Flurry",0x1,BUFF
4/28 18:51:45.439  SWING_DAMAGE_LANDED,Creature-0-4457-249-1045-10184-000028665C,"Onyxia",0x10a48,0x0,Player-4755-0220BD00,"Krikoff-Dreadmist",0x40514,0x0,Player-4755-0220BD00,0000000000000000,90,100,0,0,0,-1,0,0,0,26.48,-198.07,0,3.4440,68,630,1532,-1,1,0,0,0,nil,nil,nil
4/28 18:51:45.439  SPELL_DAMAGE,Player-4755-0160BD13,"Mafkees-Dreadmist",0x514,0x0,Creature-0-4457-249-1045-10184-000028665C,"Onyxia",0x10a48,0x0,7373,"Hamstring",0x1,Creature-0-4457-249-1045-10184-000028665C,0000000000000000,26,100,0,0,0,-1,0,0,0,9.96,-202.99,0,0.2893,63,36,45,-1,1,0,0,0,nil,nil,nil
4/28 18:51:45.439  SWING_DAMAGE_LANDED,Player-4755-016DF694,"Ashalan-Dreadmist",0x514,0x0,Creature-0-4457-249-1045-10184-000028665C,"Onyxia",0x10a48,0x0,Creature-0-4457-249-1045-10184-000028665C,0000000000000000,26,100,0,0,0,-1,0,0,0,9.96,-202.99,0,0.2893,63,509,645,-1,1,0,0,0,nil,nil,nil
4/28 18:51:45.439  SPELL_HEAL,Player-4755-02045EF4,"Necrosini-Dreadmist",0x512,0x0,Player-4755-0220BD00,"Krikoff-Dreadmist",0x40514,0x0,6064,"Heal",0x2,Player-4755-0220BD00,0000000000000000,100,100,0,0,0,-1,0,0,0,26.48,-198.07,0,3.4440,68,1791,1791,1161,0,1
4/28 18:51:45.439  SPELL_DAMAGE,Player-4755-0178F416,"Eltorero-Dreadmist",0x514,0x0,Creature-0-4457-249-1045-10184-000028665C,"Onyxia",0x10a48,0x0,23894,"Bloodthirst",0x1,Creature-0-4457-249-1045-10184-000028665C,0000000000000000,26,100,0,0,0,-1,0,0,0,9.96,-202.99,0,0.2893,63,403,511,-1,1,0,0,0,nil,nil,nil
4/28 18:51:45.439  SPELL_AURA_APPLIED,Player-4755-0178F416,"Eltorero-Dreadmist",0x514,0x0,Player-4755-0178F416,"Eltorero-Dreadmist",0x514,0x0,23888,"Bloodthirst",0x1,BUFF
4/28 18:51:45.439  SPELL_HEAL,Player-4755-0210153A,"Hapuseneb-Dreadmist",0x514,0x0,Player-4755-01ED7A64,"Sperzieboon-Dreadmist",0x514,0x0,6064,"Heal",0x2,Player-4755-01ED7A64,0000000000000000,100,100,0,0,0,-1,0,0,0,14.27,-226.82,0,1.5566,67,1330,1330,26,0,nil
4/28 18:51:45.539  SPELL_CAST_SUCCESS,Player-4755-01614AC7,"Mirrimazduur-Dreadmist",0x512,0x0,Creature-0-4457-249-1045-10184-000028665C,"Onyxia",0x10a48,0x0,11661,"Shadow Bolt",0x20,Player-4755-01614AC7,0000000000000000,100,100,0,0,0,-1,0,0,0,8.53,-174.43,0,4.7385,68
4/28 18:51:45.539  SPELL_CAST_START,Player-4755-01614AC7,"Mirrimazduur-Dreadmist",0x512,0x0,0000000000000000,nil,0x80000000,0x80000000,11661,"Shadow Bolt",0x20
4/28 18:51:45.539  SPELL_CAST_SUCCESS,Player-4755-01F36B30,"Rectumqeef-Dreadmist",0x514,0x0,Creature-0-4457-249-1045-10184-000028665C,"Onyxia",0x10a48,0x0,5019,"Shoot",0x1,Player-4755-01F36B30,0000000000000000,100,100,0,0,0,-1,0,0,0,12.89,-175.69,0,4.7568,66
4/28 18:51:45.539  SPELL_CAST_SUCCESS,Player-4755-01F21AE6,"Blahu-Dreadmist",0x40514,0x0,Creature-0-4457-249-1045-10184-000028665C,"Onyxia",0x10a48,0x0,11597,"Sunder Armor",0x1,Player-4755-01F21AE6,0000000000000000,100,100,0,0,0,-1,0,0,0,15.15,-209.68,0,1.8657,70
4/28 18:51:45.539  SPELL_CAST_SUCCESS,Player-4755-0210153A,"Hapuseneb-Dreadmist",0x514,0x0,Player-4755-01AC9FD9,"Alexinho-Dreadmist",0x514,0x0,10929,"Renew",0x2,Player-4755-0210153A,0000000000000000,100,100,0,0,0,-1,0,0,0,6.28,-238.83,0,1.6179,66
4/28 18:51:45.556  SPELL_CAST_SUCCESS,Player-4755-01E83279,"Nlmasters-Dreadmist",0x514,0x8,Creature-0-4457-249-1045-10184-000028665C,"Onyxia",0x10a48,0x0,20904,"Aimed Shot",0x1,Player-4755-01E83279,0000000000000000,71,100,0,0,0,-1,0,0,0,14.62,-245.77,0,1.6793,71
4/28 18:51:45.617  SPELL_PERIODIC_DAMAGE,Player-4755-0160BD13,"Mafkees-Dreadmist",0x514,0x0,Creature-0-4457-249-1045-10184-000028665C,"Onyxia",0x10a48,0x0,12721,"Deep Wound",0x1,Creature-0-4457-249-1045-10184-000028665C,0000000000000000,26,100,0,0,0,-1,0,0,0,9.96,-202.99,0,0.2893,63,90,89,-1,1,0,0,0,nil,nil,nil
4/28 18:51:45.617  SPELL_CAST_START,Player-4755-01E83279,"Nlmasters-Dreadmist",0x514,0x8,0000000000000000,nil,0x80000000,0x80000000,75,"Auto Shot",0x1
4/28 18:51:45.658  SWING_MISSED,Pet-0-4457-249-1045-7432-01002D8BC6,"Cat",0x1114,0x0,Creature-0-4457-249-1045-10184-000028665C,"Onyxia",0x10a48,0x0,MISS,nil
4/28 18:51:45.673  SWING_DAMAGE,Player-4755-01733879,"Hocwar-Dreadmist",0x40514,0x0,Creature-0-4457-249-1045-10184-000028665C,"Onyxia",0x10a48,0x0,Player-4755-01733879,0000000000000000,91,100,0,0,0,-1,0,0,0,6.94,-195.47,0,5.1807,71,91,135,-1,1,0,0,0,nil,1,nil
4/28 18:51:45.686  SPELL_DAMAGE,Player-4755-0163DD9D,"Kaspais-Dreadmist",0x514,0x0,Creature-0-4457-249-1045-10184-000028665C,"Onyxia",0x10a48,0x0,10181,"Frostbolt",0x10,Creature-0-4457-249-1045-10184-000028665C,0000000000000000,26,100,0,0,0,-1,0,0,0,9.96,-202.99,0,0.2893,63,925,841,-1,16,0,0,0,nil,nil,nil
4/28 18:51:45.718  SPELL_CAST_SUCCESS,Player-4755-01804B95,"Moymoy-Dreadmist",0x514,0x0,Player-4755-0220BD00,"Krikoff-Dreadmist",0x40514,0x0,939,"Healing Wave",0x8,Player-4755-01804B95,0000000000000000,94,100,0,0,0,-1,0,0,0,10.29,-179.34,0,4.6234,66
4/28 18:51:45.764  SWING_DAMAGE,Player-4755-01F21AE6,"Blahu-Dreadmist",0x40514,0x0,Creature-0-4457-249-1045-10184-000028665C,"Onyxia",0x10a48,0x0,Player-4755-01F21AE6,0000000000000000,100,100,0,0,0,-1,0,0,0,15.15,-209.68,0,1.8657,70,100,143,-1,1,0,0,0,nil,1,nil
4/28 18:51:45.779  SPELL_PERIODIC_ENERGIZE,Creature-0-4457-249-1045-7416-0000286D2B,"Mana Spring Totem IV",0x2114,0x0,Player-4755-01840577,"Raggèn-Dreadmist",0x514,0x0,10494,"Mana Spring",0x8,Player-4755-01840577,0000000000000000,100,100,0,0,0,-1,0,0,0,12.18,-213.06,0,1.6965,67,10.0000,0.0000,0,3790
4/28 18:51:45.808  SPELL_CAST_SUCCESS,Player-4755-020BD78D,"Lonehunter-Dreadmist",0x514,0x0,Creature-0-4457-249-1045-10184-000028665C,"Onyxia",0x10a48,0x0,75,"Auto Shot",0x1,Player-4755-020BD78D,0000000000000000,98,100,0,0,0,-1,0,0,0,4.85,-249.75,0,1.4619,70
4/28 18:51:45.808  SPELL_AURA_APPLIED,Player-4755-020BD78D,"Lonehunter-Dreadmist",0x514,0x0,Player-4755-020BD78D,"Lonehunter-Dreadmist",0x514,0x0,6150,"Quick Shots",0x1,BUFF
4/28 18:51:45.824  SPELL_PERIODIC_ENERGIZE,Creature-0-4457-249-1045-7416-0000286CFC,"Mana Spring Totem IV",0x2114,0x0,Player-4755-0178F576,"Atreas-Dreadmist",0x514,0x0,10494,"Mana Spring",0x8,Player-4755-0178F576,0000000000000000,100,100,0,0,0,-1,0,0,0,-1.33,-170.85,0,5.0503,66,10.0000,0.0000,0,3765
4/28 18:51:45.824  SPELL_CAST_SUCCESS,Creature-0-4457-249-1045-10184-000028665C,"Onyxia",0x10a48,0x0,0000000000000000,nil,0x80000000,0x80000000,15847,"Tail Sweep",0x1,Creature-0-4457-249-1045-10184-000028665C,0000000000000000,26,100,0,0,0,-1,0,0,0,9.96,-202.99,0,0.2893,63
4/28 18:51:45.848  SPELL_ENERGIZE,Player-4755-0220BD00,"Krikoff-Dreadmist",0x40514,0x0,Player-4755-0220BD00,"Krikoff-Dreadmist",0x40514,0x0,12964,"Unbridled Wrath",0x1,Player-4755-0220BD00,0000000000000000,100,100,0,0,0,-1,0,0,0,26.48,-198.07,0,3.4440,68,1.0000,0.0000,1,1000
4/28 18:51:45.848  SPELL_AURA_APPLIED,Player-4755-01F21AE6,"Blahu-Dreadmist",0x40514,0x0,Player-4755-01F21AE6,"Blahu-Dreadmist",0x40514,0x0,21887,"Warrior's Wrath",0x1,BUFF
4/28 18:51:45.848  SPELL_ENERGIZE,Player-4755-01F21AE6,"Blahu-Dreadmist",0x40514,0x0,Player-4755-01F21AE6,"Blahu-Dreadmist",0x40514,0x0,12964,"Unbridled Wrath",0x1,Player-4755-01F21AE6,0000000000000000,100,100,0,0,0,-1,0,0,0,15.15,-209.68,0,1.8657,70,1.0000,0.0000,1,1000
4/28 18:51:45.848  DAMAGE_SHIELD_MISSED,Player-4755-0220BD00,"Krikoff-Dreadmist",0x40514,0x0,Creature-0-4457-249-1045-10184-000028665C,"Onyxia",0x10a48,0x0,11771,"Fire Shield",0x4,IMMUNE,nil
4/28 18:51:45.848  SPELL_AURA_REMOVED_DOSE,Player-4755-016DF694,"Ashalan-Dreadmist",0x514,0x0,Player-4755-016DF694,"Ashalan-Dreadmist",0x514,0x0,16280,"Flurry",0x1,BUFF,2
4/28 18:51:45.848  SPELL_AURA_REMOVED_DOSE,Player-4755-0178F416,"Eltorero-Dreadmist",0x514,0x0,Player-4755-0178F416,"Eltorero-Dreadmist",0x514,0x0,23888,"Bloodthirst",0x1,BUFF,4
4/28 18:51:45.848  SPELL_EXTRA_ATTACKS,Player-4755-0178F416,"Eltorero-Dreadmist",0x514,0x0,Player-4755-0178F416,"Eltorero-Dreadmist",0x514,0x0,15601,"Hand of Justice",0x1,1
4/28 18:51:45.848  SPELL_HEAL,Player-4755-0178F416,"Eltorero-Dreadmist",0x514,0x0,Player-4755-0178F416,"Eltorero-Dreadmist",0x514,0x0,23891,"Bloodthirst",0x1,Player-4755-0178F416,0000000000000000,100,100,0,0,0,-1,0,0,0,10.93,-217.67,0,1.6843,65,20,20,20,0,nil
4/28 18:51:45.848  SPELL_AURA_APPLIED,Player-4755-0210153A,"Hapuseneb-Dreadmist",0x514,0x0,Player-4755-01AC9FD9,"Alexinho-Dreadmist",0x514,0x0,10929,"Renew",0x2,BUFF
4/28 18:51:45.848  SWING_DAMAGE_LANDED,Player-4755-01733879,"Hocwar-Dreadmist",0x40514,0x0,Creature-0-4457-249-1045-10184-000028665C,"Onyxia",0x10a48,0x0,Creature-0-4457-249-1045-10184-000028665C,0000000000000000,26,100,0,0,0,-1,0,0,0,9.96,-202.99,0,0.2893,63,91,135,-1,1,0,0,0,nil,1,nil
4/28 18:51:45.848  SPELL_AURA_APPLIED,Player-4755-0163DD9D,"Kaspais-Dreadmist",0x514,0x0,Player-4755-0163DD9D,"Kaspais-Dreadmist",0x514,0x0,12536,"Clearcasting",0x40,BUFF
4/28 18:51:45.851  SPELL_HEAL,Player-4755-01804B95,"Moymoy-Dreadmist",0x514,0x0,Player-4755-0220BD00,"Krikoff-Dreadmist",0x40514,0x0,939,"Healing Wave",0x8,Player-4755-0220BD00,0000000000000000,100,100,0,0,0,-1,0,0,0,26.48,-198.07,0,3.4440,68,934,934,934,0,nil
4/28 18:51:45.851  SPELL_AURA_APPLIED_DOSE,Player-4755-01804B95,"Moymoy-Dreadmist",0x514,0x0,Player-4755-0220BD00,"Krikoff-Dreadmist",0x40514,0x0,29203,"Healing Way",0x2,BUFF,3
4/28 18:51:45.851  SWING_DAMAGE_LANDED,Player-4755-01F21AE6,"Blahu-Dreadmist",0x40514,0x0,Creature-0-4457-249-1045-10184-000028665C,"Onyxia",0x10a48,0x0,Creature-0-4457-249-1045-10184-000028665C,0000000000000000,26,100,0,0,0,-1,0,0,0,9.96,-202.99,0,0.2893,63,100,143,-1,1,0,0,0,nil,1,nil
4/28 18:51:45.851  SPELL_DAMAGE,Creature-0-4457-249-1045-10184-000028665C,"Onyxia",0x10a48,0x0,Player-4755-01637B0A,"Pindle-Dreadmist",0x514,0x0,15847,"Tail Sweep",0x1,Player-4755-01637B0A,0000000000000000,83,100,0,0,0,-1,0,0,0,4.36,-197.39,0,5.2145,65,724,844,-1,1,0,0,0,nil,nil,nil
4/28 18:51:45.851  SPELL_DAMAGE,Creature-0-4457-249-1045-10184-000028665C,"Onyxia",0x10a48,0x0,Pet-0-4457-249-1045-7432-01002D8BC6,"Cat",0x1114,0x0,15847,"Tail Sweep",0x1,Pet-0-4457-249-1045-7432-01002D8BC6,Player-4755-01E83279,34,100,0,0,0,-1,0,0,0,-13.33,-193.99,0,5.9144,71,665,899,-1,1,0,0,0,nil,nil,nil
4/28 18:51:45.874  SWING_DAMAGE,Player-4755-0178F416,"Eltorero-Dreadmist",0x514,0x0,Creature-0-4457-249-1045-10184-000028665C,"Onyxia",0x10a48,0x0,Player-4755-0178F416,0000000000000000,100,100,0,0,0,-1,0,0,0,10.93,-217.67,0,1.6843,65,187,236,-1,1,0,0,0,nil,nil,nil
4/28 18:51:45.893  SPELL_CAST_START,Player-4755-01BC57A3,"Saintis-Dreadmist",0x511,0x0,0000000000000000,nil,0x80000000,0x80000000,2055,"Heal",0x2
4/28 18:51:45.924  SWING_DAMAGE,Player-4755-01A6B139,"Sakatan-Dreadmist",0x514,0x0,Creature-0-4457-249-1045-10184-000028665C,"Onyxia",0x10a48,0x0,Player-4755-01A6B139,0000000000000000,84,100,0,0,0,-1,0,0,0,2.72,-189.07,0,5.5024,69,117,149,-1,1,0,0,0,nil,1,nil
4/28 18:51:45.939  SPELL_CAST_SUCCESS,Player-4755-01802FE5,"Angrybat-Dreadmist",0x514,0x0,Creature-0-4457-249-1045-10184-000028665C,"Onyxia",0x10a48,0x0,10181,"Frostbolt",0x10,Player-4755-01802FE5,0000000000000000,98,100,0,0,0,-1,0,0,0,-0.51,-175.09,0,4.9815,66
4/28 18:51:45.939  SPELL_CAST_START,Player-4755-01802FE5,"Angrybat-Dreadmist",0x514,0x0,0000000000000000,nil,0x80000000,0x80000000,10181,"Frostbolt",0x10
4/28 18:51:45.971  SWING_DAMAGE,Player-4755-01A6B139,"Sakatan-Dreadmist",0x514,0x0,Creature-0-4457-249-1045-10184-000028665C,"Onyxia",0x10a48,0x0,Player-4755-01A6B139,0000000000000000,84,100,0,0,0,-1,0,0,0,2.72,-189.07,0,5.5024,69,386,240,-1,1,0,0,0,1,nil,nil
4/28 18:51:45.971  SWING_DAMAGE,Pet-0-4457-249-1045-2850-01001956F9,"Kratos",0x1114,0x0,Creature-0-4457-249-1045-10184-000028665C,"Onyxia",0x10a48,0x0,Pet-0-4457-249-1045-2850-01001956F9,Player-4755-0178F576,55,100,0,0,0,-1,0,0,0,11.68,-178.00,0,4.6435,66,124,78,-1,1,0,0,0,1,nil,nil
4/28 18:51:45.986  SPELL_CAST_START,Player-4755-01FA8DD8,"Roackerita-Dreadmist",0x514,0x0,0000000000000000,nil,0x80000000,0x80000000,9474,"Flash Heal",0x2
4/28 18:51:46.049  SPELL_CAST_SUCCESS,Player-4755-01E83279,"Nlmasters-Dreadmist",0x514,0x8,Creature-0-4457-249-1045-10184-000028665C,"Onyxia",0x10a48,0x0,75,"Auto Shot",0x1,Player-4755-01E83279,0000000000000000,71,100,0,0,0,-1,0,0,0,14.62,-245.77,0,1.6793,71
4/28 18:51:46.049  SPELL_CAST_START,Player-4755-01E83279,"Nlmasters-Dreadmist",0x514,0x8,0000000000000000,nil,0x80000000,0x80000000,14290,"Multi-Shot",0x1
4/28 18:51:46.069  SPELL_CAST_START,Player-4755-0178F576,"Atreas-Dreadmist",0x514,0x0,0000000000000000,nil,0x80000000,0x80000000,75,"Auto Shot",0x1
4/28 18:51:46.143  SWING_DAMAGE,Player-4755-01733879,"Hocwar-Dreadmist",0x40514,0x0,Creature-0-4457-249-1045-10184-000028665C,"Onyxia",0x10a48,0x0,Player-4755-01733879,0000000000000000,91,100,0,0,0,-1,0,0,0,6.94,-195.47,0,5.1964,71,171,251,-1,1,0,0,0,nil,1,nil
4/28 18:51:46.175  SWING_DAMAGE,Player-4755-01637B0A,"Pindle-Dreadmist",0x514,0x0,Creature-0-4457-249-1045-10184-000028665C,"Onyxia",0x10a48,0x0,Player-4755-01637B0A,0000000000000000,83,100,0,0,0,-1,0,0,0,-1.37,-191.67,0,5.2204,65,81,103,-1,1,0,0,0,nil,nil,nil
4/28 18:51:46.223  SWING_MISSED,Player-4755-0220BD00,"Krikoff-Dreadmist",0x40514,0x0,Creature-0-4457-249-1045-10184-000028665C,"Onyxia",0x10a48,0x0,PARRY,1
4/28 18:51:46.239  SPELL_AURA_REMOVED,Pet-0-4457-249-1045-2850-01001956F9,"Kratos",0x1114,0x0,Pet-0-4457-249-1045-2850-01001956F9,"Kratos",0x1114,0x0,23110,"Dash",0x1,BUFF
4/28 18:51:46.239  SWING_DAMAGE,Player-4755-01637B0A,"Pindle-Dreadmist",0x514,0x0,Creature-0-4457-249-1045-10184-000028665C,"Onyxia",0x10a48,0x0,Player-4755-01637B0A,0000000000000000,83,100,0,0,0,-1,0,0,0,-2.73,-190.31,0,5.2204,65,172,226,-1,1,0,0,0,nil,1,nil
4/28 18:51:46.258  SPELL_AURA_REMOVED,Player-4755-01F21AE6,"Blahu-Dreadmist",0x40514,0x0,Player-4755-01F21AE6,"Blahu-Dreadmist",0x40514,0x0,21887,"Warrior's Wrath",0x1,BUFF
4/28 18:51:46.258  SPELL_AURA_REMOVED_DOSE,Player-4755-01F21AE6,"Blahu-Dreadmist",0x40514,0x0,Player-4755-01F21AE6,"Blahu-Dreadmist",0x40514,0x0,12970,"Flurry",0x1,BUFF,2
4/28 18:51:46.258  SWING_DAMAGE_LANDED,Player-4755-0178F416,"Eltorero-Dreadmist",0x514,0x0,Creature-0-4457-249-1045-10184-000028665C,"Onyxia",0x10a48,0x0,Creature-0-4457-249-1045-10184-000028665C,0000000000000000,26,100,0,0,0,-1,0,0,0,9.96,-202.99,0,0.2893,63,187,236,-1,1,0,0,0,nil,nil,nil
4/28 18:51:46.258  SWING_DAMAGE_LANDED,Player-4755-01A6B139,"Sakatan-Dreadmist",0x514,0x0,Creature-0-4457-249-1045-10184-000028665C,"Onyxia",0x10a48,0x0,Creature-0-4457-249-1045-10184-000028665C,0000000000000000,26,100,0,0,0,-1,0,0,0,9.96,-202.99,0,0.2893,63,117,149,-1,1,0,0,0,nil,1,nil
4/28 18:51:46.258  SWING_DAMAGE_LANDED,Player-4755-01A6B139,"Sakatan-Dreadmist",0x514,0x0,Creature-0-4457-249-1045-10184-000028665C,"Onyxia",0x10a48,0x0,Creature-0-4457-249-1045-10184-000028665C,0000000000000000,26,100,0,0,0,-1,0,0,0,9.96,-202.99,0,0.2893,63,386,240,-1,1,0,0,0,1,nil,nil
4/28 18:51:46.258  SWING_DAMAGE_LANDED,Pet-0-4457-249-1045-2850-01001956F9,"Kratos",0x1114,0x0,Creature-0-4457-249-1045-10184-000028665C,"Onyxia",0x10a48,0x0,Creature-0-4457-249-1045-10184-000028665C,0000000000000000,26,100,0,0,0,-1,0,0,0,9.96,-202.99,0,0.2893,63,124,78,-1,1,0,0,0,1,nil,nil
4/28 18:51:46.258  SWING_DAMAGE_LANDED,Player-4755-01733879,"Hocwar-Dreadmist",0x40514,0x0,Creature-0-4457-249-1045-10184-000028665C,"Onyxia",0x10a48,0x0,Creature-0-4457-249-1045-10184-000028665C,0000000000000000,26,100,0,0,0,-1,0,0,0,9.96,-202.99,0,0.2893,63,171,251,-1,1,0,0,0,nil,1,nil
4/28 18:51:46.258  SWING_DAMAGE_LANDED,Player-4755-01637B0A,"Pindle-Dreadmist",0x514,0x0,Creature-0-4457-249-1045-10184-000028665C,"Onyxia",0x10a48,0x0,Creature-0-4457-249-1045-10184-000028665C,0000000000000000,26,100,0,0,0,-1,0,0,0,9.96,-202.99,0,0.2893,63,81,103,-1,1,0,0,0,nil,nil,nil
4/28 18:51:46.258  SPELL_DAMAGE,Player-4755-01637B0A,"Pindle-Dreadmist",0x514,0x0,Creature-0-4457-249-1045-10184-000028665C,"Onyxia",0x10a48,0x0,11337,"Instant Poison VI",0x8,Creature-0-4457-249-1045-10184-000028665C,0000000000000000,26,100,0,0,0,-1,0,0,0,9.96,-202.99,0,0.2893,63,143,142,-1,8,0,0,0,nil,nil,nil
4/28 18:51:46.258  SWING_DAMAGE_LANDED,Player-4755-01637B0A,"Pindle-Dreadmist",0x514,0x0,Creature-0-4457-249-1045-10184-000028665C,"Onyxia",0x10a48,0x0,Creature-0-4457-249-1045-10184-000028665C,0000000000000000,26,100,0,0,0,-1,0,0,0,9.96,-202.99,0,0.2893,63,172,226,-1,1,0,0,0,nil,1,nil
4/28 18:51:46.341  SPELL_CAST_SUCCESS,Player-4755-01804B95,"Moymoy-Dreadmist",0x514,0x0,0000000000000000,nil,0x80000000,0x80000000,17359,"Mana Tide Totem",0x10,Player-4755-01804B95,0000000000000000,94,100,0,0,0,-1,0,0,0,10.29,-179.34,0,4.6234,66
4/28 18:51:46.341  SPELL_SUMMON,Player-4755-01804B95,"Moymoy-Dreadmist",0x514,0x0,Creature-0-4457-249-1045-11101-0000286D32,"Mana Tide Totem III",0xa28,0x0,17359,"Mana Tide Totem",0x10
4/28 18:51:46.341  SPELL_AURA_APPLIED,Player-4755-01ED7A64,"Sperzieboon-Dreadmist",0x514,0x0,Player-4755-01ED7A64,"Sperzieboon-Dreadmist",0x514,0x0,15604,"Second Wind",0x40,BUFF
4/28 18:51:46.341  SPELL_CAST_SUCCESS,Player-4755-01ED7A64,"Sperzieboon-Dreadmist",0x514,0x0,0000000000000000,nil,0x80000000,0x80000000,15604,"Second Wind",0x40,Player-4755-01ED7A64,0000000000000000,100,100,0,0,0,-1,0,0,0,14.27,-226.82,0,1.5566,67
4/28 18:51:46.405  SPELL_CAST_SUCCESS,Player-4755-0178F576,"Atreas-Dreadmist",0x514,0x0,Creature-0-4457-249-1045-10184-000028665C,"Onyxia",0x10a48,0x0,75,"Auto Shot",0x1,Player-4755-0178F576,0000000000000000,100,100,0,0,0,-1,0,0,0,-1.33,-170.85,0,5.0503,66
4/28 18:51:46.435  SWING_DAMAGE,Player-4755-01840577,"Raggèn-Dreadmist",0x514,0x0,Creature-0-4457-249-1045-10184-000028665C,"Onyxia",0x10a48,0x0,Player-4755-01840577,0000000000000000,100,100,0,0,0,-1,0,0,0,12.18,-213.06,0,1.6965,67,364,462,-1,1,0,0,0,nil,nil,nil
4/28 18:51:46.466  SPELL_CAST_SUCCESS,Player-4755-01617EEE,"Fenix-Dreadmist",0x512,0x0,0000000000000000,nil,0x80000000,0x80000000,16666,"Demonic Rune",0x20,Player-4755-01617EEE,0000000000000000,28,100,0,0,0,-1,0,0,0,21.87,-175.54,0,5.0993,66
4/28 18:51:46.482  SPELL_CAST_SUCCESS,Player-4755-01E83279,"Nlmasters-Dreadmist",0x514,0x8,Creature-0-4457-249-1045-10184-000028665C,"Onyxia",0x10a48,0x0,14290,"Multi-Shot",0x1,Player-4755-01E83279,0000000000000000,71,100,0,0,0,-1,0,0,0,14.62,-245.77,0,1.6793,71
4/28 18:51:46.482  SWING_DAMAGE,Player-4755-01AC9FD9,"Alexinho-Dreadmist",0x514,0x0,Creature-0-4457-249-1045-10184-000028665C,"Onyxia",0x10a48,0x0,Player-4755-01AC9FD9,0000000000000000,81,100,0,0,0,-1,0,0,0,11.63,-211.85,0,1.6114,66,262,407,-1,1,0,0,0,nil,1,nil
4/28 18:51:46.526  SPELL_CAST_START,Player-4755-020BD78D,"Lonehunter-Dreadmist",0x514,0x0,0000000000000000,nil,0x80000000,0x80000000,20904,"Aimed Shot",0x1
4/28 18:51:46.546  SPELL_CAST_START,Player-4755-01F36B30,"Rectumqeef-Dreadmist",0x514,0x0,0000000000000000,nil,0x80000000,0x80000000,5019,"Shoot",0x1
4/28 18:51:46.562  SPELL_CAST_SUCCESS,Player-4755-0160BD13,"Mafkees-Dreadmist",0x514,0x0,Creature-0-4457-249-1045-10184-000028665C,"Onyxia",0x10a48,0x0,11567,"Heroic Strike",0x1,Player-4755-0160BD13,0000000000000000,100,100,0,0,0,-1,0,0,0,8.53,-210.70,0,1.4868,64
4/28 18:51:46.562  SPELL_AURA_REMOVED_DOSE,Player-4755-0160BD13,"Mafkees-Dreadmist",0x514,0x0,Player-4755-0160BD13,"Mafkees-Dreadmist",0x514,0x0,12970,"Flurry",0x1,BUFF,1
4/28 18:51:46.593  SPELL_CAST_SUCCESS,Player-4755-0160BD13,"Mafkees-Dreadmist",0x514,0x0,0000000000000000,nil,0x80000000,0x80000000,1680,"Whirlwind",0x1,Player-4755-0160BD13,0000000000000000,100,100,0,0,0,-1,0,0,0,8.53,-210.70,0,1.4985,64
4/28 18:51:46.642  SPELL_DAMAGE,Player-4755-01E83279,"Nlmasters-Dreadmist",0x514,0x8,Creature-0-4457-249-1045-10184-000028665C,"Onyxia",0x10a48,0x0,20904,"Aimed Shot",0x1,Creature-0-4457-249-1045-10184-000028665C,0000000000000000,26,100,0,0,0,-1,0,0,0,9.96,-202.99,0,0.2893,63,816,1035,-1,1,0,0,0,nil,nil,nil
4/28 18:51:46.642  SPELL_CAST_SUCCESS,Pet-0-4457-249-1045-2850-01001956F9,"Kratos",0x1114,0x0,Creature-0-4457-249-1045-10184-000028665C,"Onyxia",0x10a48,0x0,3009,"Claw",0x1,Pet-0-4457-249-1045-2850-01001956F9,Player-4755-0178F576,55,100,0,0,0,-1,0,0,0,11.68,-178.00,0,4.6435,66
4/28 18:51:46.659  SPELL_AURA_APPLIED,Player-4755-01F21AE6,"Blahu-Dreadmist",0x40514,0x0,Player-4755-01F21AE6,"Blahu-Dreadmist",0x40514,0x0,21887,"Warrior's Wrath",0x1,BUFF
4/28 18:51:46.659  SPELL_ENERGIZE,Player-4755-01F21AE6,"Blahu-Dreadmist",0x40514,0x0,Player-4755-01F21AE6,"Blahu-Dreadmist",0x40514,0x0,12964,"Unbridled Wrath",0x1,Player-4755-01F21AE6,0000000000000000,100,100,0,0,0,-1,0,0,0,15.15,-209.68,0,1.8657,70,1.0000,0.0000,1,1000
4/28 18:51:46.659  SPELL_AURA_REMOVED_DOSE,Player-4755-0178F416,"Eltorero-Dreadmist",0x514,0x0,Player-4755-0178F416,"Eltorero-Dreadmist",0x514,0x0,23888,"Bloodthirst",0x1,BUFF,3
4/28 18:51:46.659  SPELL_HEAL,Player-4755-0178F416,"Eltorero-Dreadmist",0x514,0x0,Player-4755-0178F416,"Eltorero-Dreadmist",0x514,0x0,23891,"Bloodthirst",0x1,Player-4755-0178F416,0000000000000000,100,100,0,0,0,-1,0,0,0,10.93,-217.67,0,1.6843,65,20,20,20,0,nil
4/28 18:51:46.659  SPELL_AURA_REMOVED_DOSE,Player-4755-0220BD00,"Krikoff-Dreadmist",0x40514,0x0,Player-4755-0220BD00,"Krikoff-Dreadmist",0x40514,0x0,12970,"Flurry",0x1,BUFF,2
4/28 18:51:46.659  SWING_DAMAGE_LANDED,Player-4755-01840577,"Raggèn-Dreadmist",0x514,0x0,Creature-0-4457-249-1045-10184-000028665C,"Onyxia",0x10a48,0x0,Creature-0-4457-249-1045-10184-000028665C,0000000000000000,26,100,0,0,0,-1,0,0,0,9.96,-202.99,0,0.2893,63,364,462,-1,1,0,0,0,nil,nil,nil
4/28 18:51:46.659  SPELL_ENERGIZE,Player-4755-01617EEE,"Fenix-Dreadmist",0x512,0x0,Player-4755-01617EEE,"Fenix-Dreadmist",0x512,0x0,16666,"Demonic Rune",0x20,Player-4755-01617EEE,0000000000000000,28,100,0,0,0,-1,0,0,0,21.87,-175.54,0,5.0993,66,1042.0000,0.0000,0,5746
4/28 18:51:46.659  SPELL_DAMAGE,Player-4755-01617EEE,"Fenix-Dreadmist",0x512,0x0,Player-4755-01617EEE,"Fenix-Dreadmist",0x512,0x0,16666,"Demonic Rune",0x20,Player-4755-01617EEE,0000000000000000,11,100,0,0,0,-1,0,0,0,21.87,-175.54,0,5.0993,66,739,754,-1,32,0,0,0,nil,nil,nil
4/28 18:51:46.659  SWING_DAMAGE_LANDED,Player-4755-01AC9FD9,"Alexinho-Dreadmist",0x514,0x0,Creature-0-4457-249-1045-10184-000028665C,"Onyxia",0x10a48,0x0,Creature-0-4457-249-1045-10184-000028665C,0000000000000000,26,100,0,0,0,-1,0,0,0,9.96,-202.99,0,0.2893,63,262,407,-1,1,0,0,0,nil,1,nil
4/28 18:51:46.659  SPELL_DAMAGE,Player-4755-0160BD13,"Mafkees-Dreadmist",0x514,0x0,Creature-0-4457-249-1045-10184-000028665C,"Onyxia",0x10a48,0x0,11567,"Heroic Strike",0x1,Creature-0-4457-249-1045-10184-000028665C,0000000000000000,26,100,0,0,0,-1,0,0,0,9.96,-202.99,0,0.2893,63,598,759,-1,1,0,0,0,nil,nil,nil
4/28 18:51:46.659  SPELL_DAMAGE,Player-4755-0160BD13,"Mafkees-Dreadmist",0x514,0x0,Creature-0-4457-249-1045-10184-000028665C,"Onyxia",0x10a48,0x0,1680,"Whirlwind",0x1,Creature-0-4457-249-1045-10184-000028665C,0000000000000000,26,100,0,0,0,-1,0,0,0,9.96,-202.99,0,0.2893,63,462,586,-1,1,0,0,0,nil,nil,nil
4/28 18:51:46.659  SPELL_DAMAGE,Pet-0-4457-249-1045-2850-01001956F9,"Kratos",0x1114,0x0,Creature-0-4457-249-1045-10184-000028665C,"Onyxia",0x10a48,0x0,3009,"Claw",0x1,Creature-0-4457-249-1045-10184-000028665C,0000000000000000,26,100,0,0,0,-1,0,0,0,9.96,-202.99,0,0.2893,63,69,87,-1,1,0,0,0,nil,nil,nil
4/28 18:51:46.659  SWING_DAMAGE,Creature-0-4457-249-1045-10184-000028665C,"Onyxia",0x10a48,0x0,Player-4755-0220BD00,"Krikoff-Dreadmist",0x40514,0x0,Creature-0-4457-249-1045-10184-000028665C,0000000000000000,26,100,0,0,0,-1,0,0,0,9.96,-202.99,0,0.2893,63,552,1343,-1,1,0,0,0,nil,nil,nil
4/28 18:51:46.741  SWING_DAMAGE,Player-4755-01AC9FD9,"Alexinho-Dreadmist",0x514,0x0,Creature-0-4457-249-1045-10184-000028665C,"Onyxia",0x10a48,0x0,Player-4755-01AC9FD9,0000000000000000,81,100,0,0,0,-1,0,0,0,11.63,-211.85,0,1.6114,66,281,174,-1,1,0,0,0,1,nil,nil
4/28 18:51:46.852  SPELL_CAST_SUCCESS,Player-4755-0220BD00,"Krikoff-Dreadmist",0x40514,0x0,Creature-0-4457-249-1045-10184-000028665C,"Onyxia",0x10a48,0x0,11567,"Heroic Strike",0x1,Player-4755-0220BD00,0000000000000000,100,100,0,0,0,-1,0,0,0,26.48,-198.07,0,3.4440,68
4/28 18:51:46.852  SPELL_AURA_REMOVED_DOSE,Player-4755-0220BD00,"Krikoff-Dreadmist",0x40514,0x0,Player-4755-0220BD00,"Krikoff-Dreadmist",0x40514,0x0,12970,"Flurry",0x1,BUFF,1
4/28 18:51:46.887  SPELL_CAST_SUCCESS,Player-4755-015FEBD5,"Sauvage-Dreadmist",0x514,0x0,Creature-0-4457-249-1045-10184-000028665C,"Onyxia",0x10a48,0x0,10181,"Frostbolt",0x10,Player-4755-015FEBD5,0000000000000000,100,100,0,0,0,-1,0,0,0,-5.28,-237.05,0,1.0500,64
4/28 18:51:46.918  RANGE_DAMAGE,Player-4755-01F36B30,"Rectumqeef-Dreadmist",0x514,0x0,Creature-0-4457-249-1045-10184-000028665C,"Onyxia",0x10a48,0x0,5019,"Shoot",0x1,Creature-0-4457-249-1045-10184-000028665C,0000000000000000,26,100,0,0,0,-1,0,0,0,9.96,-202.99,0,0.2893,63,98,88,-1,64,0,0,0,nil,nil,nil
4/28 18:51:46.967  SPELL_DAMAGE,Player-4755-01614AC7,"Mirrimazduur-Dreadmist",0x512,0x0,Creature-0-4457-249-1045-10184-000028665C,"Onyxia",0x10a48,0x0,11661,"Shadow Bolt",0x20,Creature-0-4457-249-1045-10184-000028665C,0000000000000000,25,100,0,0,0,-1,0,0,0,9.96,-202.99,0,0.2893,63,965,877,-1,32,0,0,0,nil,nil,nil
4/28 18:51:46.981  SWING_MISSED,Pet-0-4457-249-1045-2850-01001956F9,"Kratos",0x1114,0x0,Creature-0-4457-249-1045-10184-000028665C,"Onyxia",0x10a48,0x0,PARRY,nil
4/28 18:51:46.997  RANGE_DAMAGE,Player-4755-020BD78D,"Lonehunter-Dreadmist",0x514,0x0,Creature-0-4457-249-1045-10184-000028665C,"Onyxia",0x10a48,0x0,75,"Auto Shot",0x1,Creature-0-4457-249-1045-10184-000028665C,0000000000000000,25,100,0,0,0,-1,0,0,0,9.96,-202.99,0,0.2893,63,955,515,-1,1,0,0,0,1,nil,nil
4/28 18:51:46.997  SPELL_PERIODIC_HEAL,Player-4755-02045EF4,"Necrosini-Dreadmist",0x512,0x0,Player-4755-0220BD00,"Krikoff-Dreadmist",0x40514,0x0,10929,"Renew",0x2,Player-4755-0220BD00,0000000000000000,100,100,0,0,0,-1,0,0,0,26.48,-198.07,0,3.4440,68,253,253,253,0,nil
4/28 18:51:47.013  SWING_MISSED,Player-4755-01F21AE6,"Blahu-Dreadmist",0x40514,0x0,Creature-0-4457-249-1045-10184-000028665C,"Onyxia",0x10a48,0x0,PARRY,nil
4/28 18:51:47.013  SPELL_DAMAGE,Player-4755-01802FE5,"Angrybat-Dreadmist",0x514,0x0,Creature-0-4457-249-1045-10184-000028665C,"Onyxia",0x10a48,0x0,10181,"Frostbolt",0x10,Creature-0-4457-249-1045-10184-000028665C,0000000000000000,25,100,0,0,0,-1,0,0,0,9.96,-202.99,0,0.2893,63,950,864,-1,16,0,0,0,nil,nil,nil
4/28 18:51:47.043  SPELL_CAST_SUCCESS,Player-4755-01F36B30,"Rectumqeef-Dreadmist",0x514,0x0,Creature-0-4457-249-1045-10184-000028665C,"Onyxia",0x10a48,0x0,5019,"Shoot",0x1,Player-4755-01F36B30,0000000000000000,100,100,0,0,0,-1,0,0,0,12.89,-175.69,0,4.7568,66
4/28 18:51:47.061  SWING_DAMAGE_LANDED,Creature-0-4457-249-1045-10184-000028665C,"Onyxia",0x10a48,0x0,Player-4755-0220BD00,"Krikoff-Dreadmist",0x40514,0x0,Player-4755-0220BD00,0000000000000000,91,100,0,0,0,-1,0,0,0,26.48,-198.07,0,3.4440,68,552,1343,-1,1,0,0,0,nil,nil,nil
4/28 18:51:47.061  SWING_DAMAGE_LANDED,Player-4755-01AC9FD9,"Alexinho-Dreadmist",0x514,0x0,Creature-0-4457-249-1045-10184-000028665C,"Onyxia",0x10a48,0x0,Creature-0-4457-249-1045-10184-000028665C,0000000000000000,25,100,0,0,0,-1,0,0,0,9.96,-202.99,0,0.2893,63,281,174,-1,1,0,0,0,1,nil,nil
4/28 18:51:47.061  SPELL_DAMAGE,Player-4755-0220BD00,"Krikoff-Dreadmist",0x40514,0x0,Creature-0-4457-249-1045-10184-000028665C,"Onyxia",0x10a48,0x0,11567,"Heroic Strike",0x1,Creature-0-4457-249-1045-10184-000028665C,0000000000000000,25,100,0,0,0,-1,0,0,0,9.96,-202.99,0,0.2893,63,355,451,-1,1,0,0,0,nil,nil,nil
4/28 18:51:47.078  SWING_DAMAGE,Player-4755-01A6B139,"Sakatan-Dreadmist",0x514,0x0,Creature-0-4457-249-1045-10184-000028665C,"Onyxia",0x10a48,0x0,Player-4755-01A6B139,0000000000000000,84,100,0,0,0,-1,0,0,0,2.72,-189.07,0,5.5024,69,120,162,-1,1,0,0,0,nil,1,nil
4/28 18:51:47.078  SPELL_CAST_SUCCESS,Player-4755-0163DD9D,"Kaspais-Dreadmist",0x514,0x0,Creature-0-4457-249-1045-10184-000028665C,"Onyxia",0x10a48,0x0,10181,"Frostbolt",0x10,Player-4755-0163DD9D,0000000000000000,100,100,0,0,0,-1,0,0,0,14.87,-171.73,0,4.6117,66
4/28 18:51:47.078  SPELL_AURA_REMOVED,Player-4755-0163DD9D,"Kaspais-Dreadmist",0x514,0x0,Player-4755-0163DD9D,"Kaspais-Dreadmist",0x514,0x0,12536,"Clearcasting",0x40,BUFF
4/28 18:51:47.078  SPELL_CAST_START,Player-4755-0163DD9D,"Kaspais-Dreadmist",0x514,0x0,0000000000000000,nil,0x80000000,0x80000000,10181,"Frostbolt",0x10
4/28 18:51:47.078  SPELL_PERIODIC_DAMAGE,Player-4755-01614AC7,"Mirrimazduur-Dreadmist",0x512,0x0,Creature-0-4457-249-1045-10184-000028665C,"Onyxia",0x10a48,0x0,11672,"Corruption",0x20,Creature-0-4457-249-1045-10184-000028665C,0000000000000000,25,100,0,0,0,-1,0,0,0,9.96,-202.99,0,0.2893,63,207,188,-1,32,0,0,0,nil,nil,nil
4/28 18:51:47.078  SPELL_CAST_SUCCESS,Player-4755-016DF694,"Ashalan-Dreadmist",0x514,0x0,Creature-0-4457-249-1045-10184-000028665C,"Onyxia",0x10a48,0x0,10473,"Frost Shock",0x10,Player-4755-016DF694,0000000000000000,100,100,0,0,0,-1,0,0,0,7.04,-196.54,0,5.0663,67
4/28 18:51:47.078  SPELL_MISSED,Player-4755-016DF694,"Ashalan-Dreadmist",0x514,0x0,Creature-0-4457-249-1045-10184-000028665C,"Onyxia",0x10a48,0x0,10473,"Frost Shock",0x10,RESIST,nil,0
4/28 18:51:47.111  SPELL_CAST_SUCCESS,Creature-0-4457-249-1045-10184-000028665C,"Onyxia",0x10a48,0x0,Player-4755-0220BD00,"Krikoff-Dreadmist",0x40514,0x0,19983,"Cleave",0x1,Creature-0-4457-249-1045-10184-000028665C,0000000000000000,25,100,0,0,0,-1,0,0,0,9.96,-202.99,0,0.2893,63
4/28 18:51:47.142  RANGE_DAMAGE,Player-4755-01E83279,"Nlmasters-Dreadmist",0x514,0x8,Creature-0-4457-249-1045-10184-000028665C,"Onyxia",0x10a48,0x0,75,"Auto Shot",0x1,Creature-0-4457-249-1045-10184-000028665C,0000000000000000,25,100,0,0,0,-1,0,0,0,9.96,-202.99,0,0.2893,63,320,405,-1,1,0,0,0,nil,nil,nil
4/28 18:51:47.142  SPELL_CAST_START,Player-4755-0178F576,"Atreas-Dreadmist",0x514,0x0,0000000000000000,nil,0x80000000,0x80000000,20904,"Aimed Shot",0x1
4/28 18:51:47.172  SWING_DAMAGE,Player-4755-01F21AE6,"Blahu-Dreadmist",0x40514,0x0,Creature-0-4457-249-1045-10184-000028665C,"Onyxia",0x10a48,0x0,Player-4755-01F21AE6,0000000000000000,100,100,0,0,0,-1,0,0,0,15.15,-209.68,0,1.8657,70,103,154,-1,1,0,0,0,nil,1,nil
4/28 18:51:47.172  SWING_DAMAGE,Player-4755-01A6B139,"Sakatan-Dreadmist",0x514,0x0,Creature-0-4457-249-1045-10184-000028665C,"Onyxia",0x10a48,0x0,Player-4755-01A6B139,0000000000000000,84,100,0,0,0,-1,0,0,0,2.72,-189.07,0,5.5024,69,311,193,-1,1,0,0,0,1,nil,nil
4/28 18:51:47.172  SPELL_CAST_START,Player-4755-015FEBD5,"Sauvage-Dreadmist",0x514,0x0,0000000000000000,nil,0x80000000,0x80000000,10181,"Frostbolt",0x10
4/28 18:51:47.172  SWING_DAMAGE,Pet-0-4457-249-1045-7432-01002D8BC6,"Cat",0x1114,0x0,Creature-0-4457-249-1045-10184-000028665C,"Onyxia",0x10a48,0x0,Pet-0-4457-249-1045-7432-01002D8BC6,Player-4755-01E83279,34,100,0,0,0,-1,0,0,0,-13.33,-193.99,0,5.9144,71,86,108,-1,1,0,0,0,nil,nil,nil
4/28 18:51:47.239  SPELL_PERIODIC_ENERGIZE,Creature-0-4457-249-1045-7416-0000286CFC,"Mana Spring Totem IV",0x2114,0x0,Player-4755-016296D3,"Nivl-Dreadmist",0x514,0x0,10494,"Mana Spring",0x8,Player-4755-016296D3,0000000000000000,100,100,0,0,0,-1,0,0,0,-1.32,-173.62,0,5.2976,69,10.0000,0.0000,0,5845
4/28 18:51:47.278  RANGE_DAMAGE,Player-4755-0178F576,"Atreas-Dreadmist",0x514,0x0,Creature-0-4457-249-1045-10184-000028665C,"Onyxia",0x10a48,0x0,75,"Auto Shot",0x1,Creature-0-4457-249-1045-10184-000028665C,0000000000000000,25,100,0,0,0,-1,0,0,0,9.96,-202.99,0,0.2893,63,399,507,-1,1,0,0,0,nil,nil,nil
4/28 18:51:47.278  SWING_DAMAGE,Player-4755-01733879,"Hocwar-Dreadmist",0x40514,0x0,Creature-0-4457-249-1045-10184-000028665C,"Onyxia",0x10a48,0x0,Player-4755-01733879,0000000000000000,91,100,0,0,0,-1,0,0,0,6.94,-195.47,0,5.1768,71,199,126,-1,1,0,0,0,1,nil,nil
4/28 18:51:47.313  SPELL_CAST_SUCCESS,Player-4755-01A6B139,"Sakatan-Dreadmist",0x514,0x0,Creature-0-4457-249-1045-10184-000028665C,"Onyxia",0x10a48,0x0,11281,"Backstab",0x1,Player-4755-01A6B139,0000000000000000,84,100,0,0,0,-1,0,0,0,2.72,-189.07,0,5.5024,69
4/28 18:51:47.348  SPELL_PERIODIC_ENERGIZE,Player-4755-01ED7A64,"Sperzieboon-Dreadmist",0x514,0x0,Player-4755-01ED7A64,"Sperzieboon-Dreadmist",0x514,0x0,15604,"Second Wind",0x40,Player-4755-01ED7A64,0000000000000000,100,100,0,0,0,-1,0,0,0,14.27,-226.82,0,1.5566,67,30.0000,0.0000,0,7261
4/28 18:51:47.426  SPELL_CAST_SUCCESS,Player-4755-01F21AE6,"Blahu-Dreadmist",0x40514,0x0,Creature-0-4457-249-1045-10184-000028665C,"Onyxia",0x10a48,0x0,11597,"Sunder Armor",0x1,Player-4755-01F21AE6,0000000000000000,100,100,0,0,0,-1,0,0,0,15.15,-209.68,0,1.8657,70
4/28 18:51:47.426  SPELL_AURA_APPLIED,Player-4755-01F21AE6,"Blahu-Dreadmist",0x40514,0x0,Player-4755-01F21AE6,"Blahu-Dreadmist",0x40514,0x0,10610,"Windfury Totem",0x8,BUFF
4/28 18:51:47.426  SPELL_EXTRA_ATTACKS,Player-4755-01F21AE6,"Blahu-Dreadmist",0x40514,0x0,Player-4755-01F21AE6,"Blahu-Dreadmist",0x40514,0x0,10610,"Windfury Totem",0x8,1
4/28 18:51:47.426  SWING_DAMAGE,Player-4755-01F21AE6,"Blahu-Dreadmist",0x40514,0x0,Creature-0-4457-249-1045-10184-000028665C,"Onyxia",0x10a48,0x0,Player-4755-01F21AE6,0000000000000000,100,100,0,0,0,-1,0,0,0,15.15,-209.68,0,1.8657,70,193,439,-1,1,0,0,0,nil,1,nil
4/28 18:51:47.465  DAMAGE_SHIELD_MISSED,Player-4755-0220BD00,"Krikoff-Dreadmist",0x40514,0x0,Creature-0-4457-249-1045-10184-000028665C,"Onyxia",0x10a48,0x0,11771,"Fire Shield",0x4,IMMUNE,nil
4/28 18:51:47.465  SPELL_AURA_REMOVED_DOSE,Player-4755-0220BD00,"Krikoff-Dreadmist",0x40514,0x0,Player-4755-0220BD00,"Krikoff-Dreadmist",0x40514,0x0,23888,"Bloodthirst",0x1,BUFF,2
4/28 18:51:47.465  SPELL_HEAL,Player-4755-0220BD00,"Krikoff-Dreadmist",0x40514,0x0,Player-4755-0220BD00,"Krikoff-Dreadmist",0x40514,0x0,23891,"Bloodthirst",0x1,Player-4755-0220BD00,0000000000000000,92,100,0,0,0,-1,0,0,0,26.48,-198.07,0,3.4440,68,20,20,0,0,nil
4/28 18:51:47.465  SPELL_AURA_REMOVED_DOSE,Player-4755-01F21AE6,"Blahu-Dreadmist",0x40514,0x0,Player-4755-01F21AE6,"Blahu-Dreadmist",0x40514,0x0,10610,"Windfury Totem",0x8,BUFF,1
4/28 18:51:47.465  SPELL_AURA_REMOVED_DOSE,Player-4755-01F21AE6,"Blahu-Dreadmist",0x40514,0x0,Player-4755-01F21AE6,"Blahu-Dreadmist",0x40514,0x0,12970,"Flurry",0x1,BUFF,1
4/28 18:51:47.465  SPELL_AURA_APPLIED,Player-4755-01802FE5,"Angrybat-Dreadmist",0x514,0x0,Creature-0-4457-249-1045-10184-000028665C,"Onyxia",0x10a48,0x0,12579,"Winter's Chill",0x10,DEBUFF
4/28 18:51:47.465  SWING_DAMAGE_LANDED,Player-4755-01A6B139,"Sakatan-Dreadmist",0x514,0x0,Creature-0-4457-249-1045-10184-000028665C,"Onyxia",0x10a48,0x0,Creature-0-4457-249-1045-10184-000028665C,0000000000000000,25,100,0,0,0,-1,0,0,0,9.96,-202.99,0,0.2893,63,120,162,-1,1,0,0,0,nil,1,nil
4/28 18:51:47.465  SPELL_DAMAGE,Creature-0-4457-249-1045-10184-000028665C,"Onyxia",0x10a48,0x0,Player-4755-0220BD00,"Krikoff-Dreadmist",0x40514,0x0,19983,"Cleave",0x1,Player-4755-0220BD00,0000000000000000,80,100,0,0,0,-1,0,0,0,26.48,-198.07,0,3.4440,68,757,1841,-1,1,0,0,0,nil,nil,nil
4/28 18:51:47.465  SWING_DAMAGE_LANDED,Player-4755-01F21AE6,"Blahu-Dreadmist",0x40514,0x0,Creature-0-4457-249-1045-10184-000028665C,"Onyxia",0x10a48,0x0,Creature-0-4457-249-1045-10184-000028665C,0000000000000000,25,100,0,0,0,-1,0,0,0,9.96,-202.99,0,0.2893,63,103,154,-1,1,0,0,0,nil,1,nil
4/28 18:51:47.465  SWING_DAMAGE_LANDED,Player-4755-01A6B139,"Sakatan-Dreadmist",0x514,0x0,Creature-0-4457-249-1045-10184-000028665C,"Onyxia",0x10a48,0x0,Creature-0-4457-249-1045-10184-000028665C,0000000000000000,25,100,0,0,0,-1,0,0,0,9.96,-202.99,0,0.2893,63,311,193,-1,1,0,0,0,1,nil,nil
4/28 18:51:47.465  SWING_DAMAGE_LANDED,Pet-0-4457-249-1045-7432-01002D8BC6,"Cat",0x1114,0x0,Creature-0-4457-249-1045-10184-000028665C,"Onyxia",0x10a48,0x0,Creature-0-4457-249-1045-10184-000028665C,0000000000000000,25,100,0,0,0,-1,0,0,0,9.96,-202.99,0,0.2893,63,86,108,-1,1,0,0,0,nil,nil,nil
4/28 18:51:47.465  SWING_DAMAGE_LANDED,Player-4755-01733879,"Hocwar-Dreadmist",0x40514,0x0,Creature-0-4457-249-1045-10184-000028665C,"Onyxia",0x10a48,0x0,Creature-0-4457-249-1045-10184-000028665C,0000000000000000,25,100,0,0,0,-1,0,0,0,9.96,-202.99,0,0.2893,63,199,126,-1,1,0,0,0,1,nil,nil
4/28 18:51:47.465  SPELL_DAMAGE,Player-4755-01A6B139,"Sakatan-Dreadmist",0x514,0x0,Creature-0-4457-249-1045-10184-000028665C,"Onyxia",0x10a48,0x0,11281,"Backstab",0x1,Creature-0-4457-249-1045-10184-000028665C,0000000000000000,25,100,0,0,0,-1,0,0,0,9.96,-202.99,0,0.2893,63,1182,655,-1,1,0,0,0,1,nil,nil
4/28 18:51:47.465  SWING_DAMAGE_LANDED,Player-4755-01F21AE6,"Blahu-Dreadmist",0x40514,0x0,Creature-0-4457-249-1045-10184-000028665C,"Onyxia",0x10a48,0x0,Creature-0-4457-249-1045-10184-000028665C,0000000000000000,25,100,0,0,0,-1,0,0,0,9.96,-202.99,0,0.2893,63,193,439,-1,1,0,0,0,nil,1,nil
4/28 18:51:47.490  SPELL_CAST_SUCCESS,Player-4755-01FA8DD8,"Roackerita-Dreadmist",0x514,0x0,Player-4755-01A6B139,"Sakatan-Dreadmist",0x514,0x0,9474,"Flash Heal",0x2,Player-4755-01FA8DD8,0000000000000000,34,100,0,0,0,-1,0,0,0,20.58,-178.73,0,5.3096,69
4/28 18:51:47.556  SPELL_CAST_SUCCESS,Player-4755-01E83279,"Nlmasters-Dreadmist",0x514,0x8,0000000000000000,nil,0x80000000,0x80000000,19574,"Bestial Wrath",0x1,Player-4755-01E83279,0000000000000000,71,100,0,0,0,-1,0,0,0,14.62,-245.77,0,1.6793,71
4/28 18:51:47.677  SWING_MISSED,Player-4755-016DF694,"Ashalan-Dreadmist",0x514,0x0,Creature-0-4457-249-1045-10184-000028665C,"Onyxia",0x10a48,0x0,DODGE,nil
4/28 18:51:47.708  SPELL_AURA_APPLIED,Player-4755-01AC9FD9,"Alexinho-Dreadmist",0x514,0x0,Player-4755-01AC9FD9,"Alexinho-Dreadmist",0x514,0x0,13877,"Blade Flurry",0x1,BUFF
4/28 18:51:47.708  SPELL_CAST_SUCCESS,Player-4755-01AC9FD9,"Alexinho-Dreadmist",0x514,0x0,0000000000000000,nil,0x80000000,0x80000000,13877,"Blade Flurry",0x1,Player-4755-01AC9FD9,0000000000000000,81,100,0,0,0,-1,0,0,0,11.63,-211.85,0,1.6114,66
4/28 18:51:47.726  SPELL_AURA_APPLIED,Player-4755-0220BD00,"Krikoff-Dreadmist",0x40514,0x0,Player-4755-0220BD00,"Krikoff-Dreadmist",0x40514,0x0,17540,"Greater Stoneshield",0x1,BUFF
4/28 18:51:47.726  SPELL_CAST_SUCCESS,Player-4755-0220BD00,"Krikoff-Dreadmist",0x40514,0x0,0000000000000000,nil,0x80000000,0x80000000,17540,"Greater Stoneshield",0x1,Player-4755-0220BD00,0000000000000000,80,100,0,0,0,-1,0,0,0,26.48,-198.07,0,3.4440,68
4/28 18:51:47.762  SWING_DAMAGE,Player-4755-0178F416,"Eltorero-Dreadmist",0x514,0x0,Creature-0-4457-249-1045-10184-000028665C,"Onyxia",0x10a48,0x0,Player-4755-0178F416,0000000000000000,100,100,0,0,0,-1,0,0,0,11.45,-217.61,0,1.6843,65,385,244,-1,1,0,0,0,1,nil,nil
4/28 18:51:47.778  SPELL_PERIODIC_ENERGIZE,Player-4755-01802FE5,"Angrybat-Dreadmist",0x514,0x0,Player-4755-01802FE5,"Angrybat-Dreadmist",0x514,0x0,18194,"Mana Regeneration",0x1,Player-4755-01802FE5,0000000000000000,98,100,0,0,0,-1,0,0,0,-0.51,-175.09,0,4.9815,66,8.0000,0.0000,0,6033
4/28 18:51:47.778  SPELL_PERIODIC_ENERGIZE,Creature-0-4457-249-1045-7416-0000286D2B,"Mana Spring Totem IV",0x2114,0x0,Player-4755-01840577,"Raggèn-Dreadmist",0x514,0x0,10494,"Mana Spring",0x8,Player-4755-01840577,0000000000000000,100,100,0,0,0,-1,0,0,0,12.18,-213.06,0,1.6965,67,10.0000,0.0000,0,3790
4/28 18:51:47.838  SPELL_PERIODIC_ENERGIZE,Creature-0-4457-249-1045-7416-0000286CFC,"Mana Spring Totem IV",0x2114,0x0,Player-4755-0178F576,"Atreas-Dreadmist",0x514,0x0,10494,"Mana Spring",0x8,Player-4755-0178F576,0000000000000000,100,100,0,0,0,-1,0,0,0,-1.33,-170.85,0,5.0503,66,10.0000,0.0000,0,3765
4/28 18:51:47.838  SPELL_CAST_START,Player-4755-01804B95,"Moymoy-Dreadmist",0x514,0x0,0000000000000000,nil,0x80000000,0x80000000,10468,"Lesser Healing Wave",0x8
4/28 18:51:47.853  SPELL_CAST_SUCCESS,Pet-0-4457-249-1045-7432-01002D8BC6,"Cat",0x1114,0x0,Creature-0-4457-249-1045-10184-000028665C,"Onyxia",0x10a48,0x0,3009,"Claw",0x1,Pet-0-4457-249-1045-7432-01002D8BC6,Player-4755-01E83279,34,100,0,0,0,-1,0,0,0,-13.33,-193.99,0,5.9144,71
4/28 18:51:47.874  DAMAGE_SHIELD_MISSED,Player-4755-0220BD00,"Krikoff-Dreadmist",0x40514,0x0,Creature-0-4457-249-1045-10184-000028665C,"Onyxia",0x10a48,0x0,11771,"Fire Shield",0x4,IMMUNE,nil
4/28 18:51:47.874  SPELL_AURA_REMOVED,Player-4755-01F21AE6,"Blahu-Dreadmist",0x40514,0x0,Player-4755-01F21AE6,"Blahu-Dreadmist",0x40514,0x0,12970,"Flurry",0x1,BUFF
4/28 18:51:47.874  SPELL_AURA_REMOVED,Player-4755-01F21AE6,"Blahu-Dreadmist",0x40514,0x0,Player-4755-01F21AE6,"Blahu-Dreadmist",0x40514,0x0,10610,"Windfury Totem",0x8,BUFF
4/28 18:51:47.874  SPELL_AURA_APPLIED,Player-4755-01733879,"Hocwar-Dreadmist",0x40514,0x0,Player-4755-01733879,"Hocwar-Dreadmist",0x40514,0x0,12970,"Flurry",0x1,BUFF
4/28 18:51:47.874  SPELL_AURA_REMOVED,Player-4755-01F21AE6,"Blahu-Dreadmist",0x40514,0x0,Player-4755-01F21AE6,"Blahu-Dreadmist",0x40514,0x0,21887,"Warrior's Wrath",0x1,BUFF
4/28 18:51:47.874  SPELL_HEAL,Player-4755-01FA8DD8,"Roackerita-Dreadmist",0x514,0x0,Player-4755-01A6B139,"Sakatan-Dreadmist",0x514,0x0,9474,"Flash Heal",0x2,Player-4755-01A6B139,0000000000000000,100,100,0,0,0,-1,0,0,0,2.72,-189.07,0,5.5024,69,1235,1235,500,0,1
4/28 18:51:47.874  SPELL_AURA_APPLIED,Player-4755-01E83279,"Nlmasters-Dreadmist",0x514,0x8,Pet-0-4457-249-1045-7432-01002D8BC6,"Cat",0x1114,0x0,19574,"Bestial Wrath",0x1,BUFF
4/28 18:51:47.874  SWING_DAMAGE_LANDED,Player-4755-0178F416,"Eltorero-Dreadmist",0x514,0x0,Creature-0-4457-249-1045-10184-000028665C,"Onyxia",0x10a48,0x0,Creature-0-4457-249-1045-10184-000028665C,0000000000000000,25,100,0,0,0,-1,0,0,0,9.96,-202.99,0,0.2893,63,385,244,-1,1,0,0,0,1,nil,nil
4/28 18:51:47.874  SPELL_DAMAGE,Pet-0-4457-249-1045-7432-01002D8BC6,"Cat",0x1114,0x0,Creature-0-4457-249-1045-10184-000028665C,"Onyxia",0x10a48,0x0,3009,"Claw",0x1,Creature-0-4457-249-1045-10184-000028665C,0000000000000000,25,100,0,0,0,-1,0,0,0,9.96,-202.99,0,0.2893,63,75,95,-1,1,0,0,0,nil,nil,nil
4/28 18:51:47.874  SPELL_AURA_REMOVED,Player-4755-0160BD13,"Mafkees-Dreadmist",0x514,0x0,Player-4755-0160BD13,"Mafkees-Dreadmist",0x514,0x0,2458,"Berserker Stance",0x1,BUFF
4/28 18:51:47.874  SPELL_AURA_APPLIED,Player-4755-0160BD13,"Mafkees-Dreadmist",0x514,0x0,Player-4755-0160BD13,"Mafkees-Dreadmist",0x514,0x0,2457,"Battle Stance",0x1,BUFF
4/28 18:51:47.896  SPELL_CAST_SUCCESS,Player-4755-0160BD13,"Mafkees-Dreadmist",0x514,0x0,0000000000000000,nil,0x80000000,0x80000000,2457,"Battle Stance",0x1,Player-4755-0160BD13,0000000000000000,100,100,0,0,0,-1,0,0,0,8.53,-211.12,0,1.4671,64
4/28 18:51:47.930  SPELL_DAMAGE,Player-4755-01E83279,"Nlmasters-Dreadmist",0x514,0x8,Creature-0-4457-249-1045-10184-000028665C,"Onyxia",0x10a48,0x0,14290,"Multi-Shot",0x1,Creature-0-4457-249-1045-10184-000028665C,0000000000000000,25,100,0,0,0,-1,0,0,0,9.96,-202.99,0,0.2893,63,415,525,-1,1,0,0,0,nil,nil,nil
4/28 18:51:47.930  SWING_DAMAGE,Player-4755-01733879,"Hocwar-Dreadmist",0x40514,0x0,Creature-0-4457-249-1045-10184-000028665C,"Onyxia",0x10a48,0x0,Player-4755-01733879,0000000000000000,91,100,0,0,0,-1,0,0,0,6.94,-195.47,0,5.1885,71,146,220,-1,1,0,0,0,nil,1,nil
4/28 18:51:47.992  SWING_DAMAGE,Pet-0-4457-249-1045-2850-01001956F9,"Kratos",0x1114,0x0,Creature-0-4457-249-1045-10184-000028665C,"Onyxia",0x10a48,0x0,Pet-0-4457-249-1045-2850-01001956F9,Player-4755-0178F576,55,100,0,0,0,-1,0,0,0,11.68,-178.00,0,4.6435,66,44,79,-1,1,0,0,0,nil,1,nil
4/28 18:51:48.039  SPELL_CAST_SUCCESS,Player-4755-01614AC7,"Mirrimazduur-Dreadmist",0x512,0x0,Creature-0-4457-249-1045-10184-000028665C,"Onyxia",0x10a48,0x0,11661,"Shadow Bolt",0x20,Player-4755-01614AC7,0000000000000000,100,100,0,0,0,-1,0,0,0,8.53,-174.43,0,4.7385,68
4/28 18:51:48.039  SPELL_CAST_START,Player-4755-01614AC7,"Mirrimazduur-Dreadmist",0x512,0x0,0000000000000000,nil,0x80000000,0x80000000,11661,"Shadow Bolt",0x20
4/28 18:51:48.054  SPELL_CAST_START,Player-4755-01F36B30,"Rectumqeef-Dreadmist",0x514,0x0,0000000000000000,nil,0x80000000,0x80000000,5019,"Shoot",0x1
4/28 18:51:48.070  SWING_DAMAGE,Player-4755-01AC9FD9,"Alexinho-Dreadmist",0x514,0x0,Creature-0-4457-249-1045-10184-000028665C,"Onyxia",0x10a48,0x0,Player-4755-01AC9FD9,0000000000000000,81,100,0,0,0,-1,0,0,0,11.63,-211.85,0,1.6114,66,119,176,-1,1,0,0,0,nil,1,nil
4/28 18:51:48.087  SPELL_CAST_SUCCESS,Player-4755-0160BD13,"Mafkees-Dreadmist",0x514,0x0,Creature-0-4457-249-1045-10184-000028665C,"Onyxia",0x10a48,0x0,11585,"Overpower",0x1,Player-4755-0160BD13,0000000000000000,100,100,0,0,0,-1,0,0,0,8.53,-211.12,0,1.4671,64
4/28 18:51:48.146  SPELL_CAST_START,Player-4755-01E83279,"Nlmasters-Dreadmist",0x514,0x8,0000000000000000,nil,0x80000000,0x80000000,75,"Auto Shot",0x1
4/28 18:51:48.177  SPELL_CAST_START,Player-4755-01617EEE,"Fenix-Dreadmist",0x512,0x0,0000000000000000,nil,0x80000000,0x80000000,6064,"Heal",0x2
4/28 18:51:48.197  SWING_DAMAGE,Player-4755-01A6B139,"Sakatan-Dreadmist",0x514,0x0,Creature-0-4457-249-1045-10184-000028665C,"Onyxia",0x10a48,0x0,Player-4755-01A6B139,0000000000000000,100,100,0,0,0,-1,0,0,0,2.72,-189.07,0,5.5024,69,270,167,-1,1,0,0,0,1,nil,nil
4/28 18:51:48.197  SPELL_DAMAGE,Player-4755-0163DD9D,"Kaspais-Dreadmist",0x514,0x0,Creature-0-4457-249-1045-10184-000028665C,"Onyxia",0x10a48,0x0,10181,"Frostbolt",0x10,Creature-0-4457-249-1045-10184-000028665C,0000000000000000,25,100,0,0,0,-1,0,0,0,9.96,-202.99,0,0.2893,63,949,862,-1,16,0,0,0,nil,nil,nil
4/28 18:51:48.213  SPELL_CAST_START,Player-4755-0210153A,"Hapuseneb-Dreadmist",0x514,0x0,0000000000000000,nil,0x80000000,0x80000000,6064,"Heal",0x2
4/28 18:51:48.232  SPELL_DAMAGE,Player-4755-015FEBD5,"Sauvage-Dreadmist",0x514,0x0,Creature-0-4457-249-1045-10184-000028665C,"Onyxia",0x10a48,0x0,10181,"Frostbolt",0x10,Creature-0-4457-249-1045-10184-000028665C,0000000000000000,25,100,0,0,0,-1,0,0,0,9.96,-202.99,0,0.2893,63,887,806,-1,16,0,0,0,nil,nil,nil
4/28 18:51:48.265  SPELL_CAST_START,Creature-0-4457-249-1045-10184-000028665C,"Onyxia",0x10a48,0x0,0000000000000000,nil,0x80000000,0x80000000,18431,"Bellowing Roar",0x1
4/28 18:51:48.265  SPELL_ENERGIZE,Player-4755-01F21AE6,"Blahu-Dreadmist",0x40514,0x0,Player-4755-01F21AE6,"Blahu-Dreadmist",0x40514,0x0,12964,"Unbridled Wrath",0x1,Player-4755-01F21AE6,0000000000000000,100,100,0,0,0,-1,0,0,0,15.15,-209.68,0,1.8447,70,1.0000,0.0000,1,1000
4/28 18:51:48.265  SPELL_ENERGIZE,Player-4755-01F21AE6,"Blahu-Dreadmist",0x40514,0x0,Player-4755-01F21AE6,"Blahu-Dreadmist",0x40514,0x0,12964,"Unbridled Wrath",0x1,Player-4755-01F21AE6,0000000000000000,100,100,0,0,0,-1,0,0,0,15.15,-209.68,0,1.8447,70,1.0000,0.0000,1,1000
4/28 18:51:48.265  SPELL_AURA_REMOVED_DOSE,Player-4755-016DF694,"Ashalan-Dreadmist",0x514,0x0,Player-4755-016DF694,"Ashalan-Dreadmist",0x514,0x0,16280,"Flurry",0x1,BUFF,1
4/28 18:51:48.265  SPELL_AURA_REMOVED_DOSE,Player-4755-0178F416,"Eltorero-Dreadmist",0x514,0x0,Player-4755-0178F416,"Eltorero-Dreadmist",0x514,0x0,23888,"Bloodthirst",0x1,BUFF,2
4/28 18:51:48.273  SPELL_AURA_APPLIED,Player-4755-0178F416,"Eltorero-Dreadmist",0x514,0x0,Player-4755-0178F416,"Eltorero-Dreadmist",0x514,0x0,12970,"Flurry",0x1,BUFF
4/28 18:51:48.273  SPELL_HEAL,Player-4755-0178F416,"Eltorero-Dreadmist",0x514,0x0,Player-4755-0178F416,"Eltorero-Dreadmist",0x514,0x0,23891,"Bloodthirst",0x1,Player-4755-0178F416,0000000000000000,100,100,0,0,0,-1,0,0,0,11.45,-217.61,0,1.6843,65,20,20,20,0,nil
4/28 18:51:48.273  SWING_DAMAGE_LANDED,Player-4755-01733879,"Hocwar-Dreadmist",0x40514,0x0,Creature-0-4457-249-1045-10184-000028665C,"Onyxia",0x10a48,0x0,Creature-0-4457-249-1045-10184-000028665C,0000000000000000,25,100,0,0,0,-1,0,0,0,9.96,-202.99,0,0.2893,63,146,220,-1,1,0,0,0,nil,1,nil
4/28 18:51:48.273  SWING_DAMAGE_LANDED,Pet-0-4457-249-1045-2850-01001956F9,"Kratos",0x1114,0x0,Creature-0-4457-249-1045-10184-000028665C,"Onyxia",0x10a48,0x0,Creature-0-4457-249-1045-10184-000028665C,0000000000000000,25,100,0,0,0,-1,0,0,0,9.96,-202.99,0,0.2893,63,44,79,-1,1,0,0,0,nil,1,nil
4/28 18:51:48.273  SWING_DAMAGE_LANDED,Player-4755-01AC9FD9,"Alexinho-Dreadmist",0x514,0x0,Creature-0-4457-249-1045-10184-000028665C,"Onyxia",0x10a48,0x0,Creature-0-4457-249-1045-10184-000028665C,0000000000000000,25,100,0,0,0,-1,0,0,0,9.96,-202.99,0,0.2893,63,119,176,-1,1,0,0,0,nil,1,nil
4/28 18:51:48.273  SPELL_DAMAGE,Player-4755-0160BD13,"Mafkees-Dreadmist",0x514,0x0,Creature-0-4457-249-1045-10184-000028665C,"Onyxia",0x10a48,0x0,11585,"Overpower",0x1,Creature-0-4457-249-1045-10184-000028665C,0000000000000000,25,100,0,0,0,-1,0,0,0,9.96,-202.99,0,0.2893,63,1132,652,-1,1,0,0,0,1,nil,nil
4/28 18:51:48.273  SWING_DAMAGE_LANDED,Player-4755-01A6B139,"Sakatan-Dreadmist",0x514,0x0,Creature-0-4457-249-1045-10184-000028665C,"Onyxia",0x10a48,0x0,Creature-0-4457-249-1045-10184-000028665C,0000000000000000,25,100,0,0,0,-1,0,0,0,9.96,-202.99,0,0.2893,63,270,167,-1,1,0,0,0,1,nil,nil
4/28 18:51:48.273  SPELL_AURA_APPLIED,Player-4755-015FEBD5,"Sauvage-Dreadmist",0x514,0x0,Player-4755-015FEBD5,"Sauvage-Dreadmist",0x514,0x0,12536,"Clearcasting",0x40,BUFF
4/28 18:51:48.300  SPELL_PERIODIC_HEAL,Player-4755-0210153A,"Hapuseneb-Dreadmist",0x514,0x0,Player-4755-0210153A,"Hapuseneb-Dreadmist",0x514,0x0,10929,"Renew",0x2,Player-4755-0210153A,0000000000000000,100,100,0,0,0,-1,0,0,0,6.28,-238.83,0,1.6179,66,292,292,292,0,nil
4/28 18:51:48.300  SPELL_AURA_REMOVED,Player-4755-0210153A,"Hapuseneb-Dreadmist",0x514,0x0,Player-4755-0210153A,"Hapuseneb-Dreadmist",0x514,0x0,10929,"Renew",0x2,BUFF
4/28 18:51:48.300  SWING_DAMAGE,Player-4755-0220BD00,"Krikoff-Dreadmist",0x40514,0x0,Creature-0-4457-249-1045-10184-000028665C,"Onyxia",0x10a48,0x0,Player-4755-0220BD00,0000000000000000,80,100,0,0,0,-1,0,0,0,26.48,-198.07,0,3.4440,68,128,202,-1,1,0,0,0,nil,1,nil
4/28 18:51:48.336  SPELL_PERIODIC_ENERGIZE,Player-4755-01ED7A64,"Sperzieboon-Dreadmist",0x514,0x0,Player-4755-01ED7A64,"Sperzieboon-Dreadmist",0x514,0x0,15604,"Second Wind",0x40,Player-4755-01ED7A64,0000000000000000,100,100,0,0,0,-1,0,0,0,14.27,-226.82,0,1.5566,67,30.0000,0.0000,0,7261
4/28 18:51:48.353  SWING_DAMAGE,Player-4755-01A6B139,"Sakatan-Dreadmist",0x514,0x0,Creature-0-4457-249-1045-10184-000028665C,"Onyxia",0x10a48,0x0,Player-4755-01A6B139,0000000000000000,100,100,0,0,0,-1,0,0,0,2.72,-189.07,0,5.5024,69,155,196,-1,1,0,0,0,nil,nil,nil
4/28 18:51:48.353  SWING_DAMAGE,Player-4755-01AC9FD9,"Alexinho-Dreadmist",0x514,0x0,Creature-0-4457-249-1045-10184-000028665C,"Onyxia",0x10a48,0x0,Player-4755-01AC9FD9,0000000000000000,81,100,0,0,0,-1,0,0,0,11.63,-211.85,0,1.6114,66,592,368,-1,1,0,0,0,1,nil,nil
4/28 18:51:48.396  SPELL_CAST_SUCCESS,Player-4755-01BC57A3,"Saintis-Dreadmist",0x511,0x0,Player-4755-01733879,"Hocwar-Dreadmist",0x40514,0x0,2055,"Heal",0x2,Player-4755-01BC57A3,0000000000000000,100,100,0,0,0,-1,0,0,0,17.79,-219.20,0,1.8264,68
4/28 18:51:48.433  RANGE_DAMAGE,Player-4755-01F36B30,"Rectumqeef-Dreadmist",0x514,0x0,Creature-0-4457-249-1045-10184-000028665C,"Onyxia",0x10a48,0x0,5019,"Shoot",0x1,Creature-0-4457-249-1045-10184-000028665C,0000000000000000,25,100,0,0,0,-1,0,0,0,9.96,-202.99,0,0.2893,63,63,57,-1,64,0,0,0,nil,nil,nil
4/28 18:51:48.433  SPELL_CAST_START,Player-4755-016296D3,"Nivl-Dreadmist",0x514,0x0,0000000000000000,nil,0x80000000,0x80000000,15208,"Lightning Bolt",0x8
4/28 18:51:48.450  SPELL_CAST_SUCCESS,Player-4755-01802FE5,"Angrybat-Dreadmist",0x514,0x0,Creature-0-4457-249-1045-10184-000028665C,"Onyxia",0x10a48,0x0,10181,"Frostbolt",0x10,Player-4755-01802FE5,0000000000000000,98,100,0,0,0,-1,0,0,0,-0.51,-175.09,0,4.9815,66
4/28 18:51:48.450  SPELL_CAST_START,Player-4755-01802FE5,"Angrybat-Dreadmist",0x514,0x0,0000000000000000,nil,0x80000000,0x80000000,10181,"Frostbolt",0x10
4/28 18:51:48.568  SPELL_CAST_SUCCESS,Player-4755-01F36B30,"Rectumqeef-Dreadmist",0x514,0x0,Creature-0-4457-249-1045-10184-000028665C,"Onyxia",0x10a48,0x0,5019,"Shoot",0x1,Player-4755-01F36B30,0000000000000000,100,100,0,0,0,-1,0,0,0,12.89,-175.69,0,4.7568,66
4/28 18:51:48.586  SPELL_CAST_SUCCESS,Player-4755-01E83279,"Nlmasters-Dreadmist",0x514,0x8,Creature-0-4457-249-1045-10184-000028665C,"Onyxia",0x10a48,0x0,75,"Auto Shot",0x1,Player-4755-01E83279,0000000000000000,71,100,0,0,0,-1,0,0,0,14.62,-245.77,0,1.6793,71
4/28 18:51:48.604  SPELL_PERIODIC_DAMAGE,Player-4755-0160BD13,"Mafkees-Dreadmist",0x514,0x0,Creature-0-4457-249-1045-10184-000028665C,"Onyxia",0x10a48,0x0,12721,"Deep Wound",0x1,Creature-0-4457-249-1045-10184-000028665C,0000000000000000,25,100,0,0,0,-1,0,0,0,9.96,-202.99,0,0.2893,63,90,89,-1,1,0,0,0,nil,nil,nil
4/28 18:51:48.658  SWING_DAMAGE,Player-4755-01733879,"Hocwar-Dreadmist",0x40514,0x0,Creature-0-4457-249-1045-10184-000028665C,"Onyxia",0x10a48,0x0,Player-4755-01733879,0000000000000000,91,100,0,0,0,-1,0,0,0,6.41,-195.76,0,5.2160,71,83,128,-1,1,0,0,0,nil,1,nil
4/28 18:51:48.678  UNIT_DIED,0000000000000000,nil,0x80000000,0x80000000,Creature-0-4457-249-1045-11262-0003A86CBC,"Onyxian Whelp",0xa48,0x0
4/28 18:51:48.679  UNIT_DIED,0000000000000000,nil,0x80000000,0x80000000,Creature-0-4457-249-1045-11262-0004286CBC,"Onyxian Whelp",0xa48,0x0
4/28 18:51:48.679  UNIT_DIED,0000000000000000,nil,0x80000000,0x80000000,Creature-0-4457-249-1045-11262-0004A86CBC,"Onyxian Whelp",0xa48,0x0
4/28 18:51:48.679  UNIT_DIED,0000000000000000,nil,0x80000000,0x80000000,Creature-0-4457-249-1045-11262-0005286CBC,"Onyxian Whelp",0xa48,0x0
4/28 18:51:48.679  UNIT_DIED,0000000000000000,nil,0x80000000,0x80000000,Creature-0-4457-249-1045-11262-0005A86CBC,"Onyxian Whelp",0xa48,0x0
4/28 18:51:48.679  UNIT_DIED,0000000000000000,nil,0x80000000,0x80000000,Creature-0-4457-249-1045-11262-0006286CBC,"Onyxian Whelp",0xa48,0x0
4/28 18:51:48.679  UNIT_DIED,0000000000000000,nil,0x80000000,0x80000000,Creature-0-4457-249-1045-11262-0006A86CBC,"Onyxian Whelp",0xa48,0x0
4/28 18:51:48.679  SPELL_AURA_APPLIED,Player-4755-01FA8DD8,"Roackerita-Dreadmist",0x514,0x0,Player-4755-01A6B139,"Sakatan-Dreadmist",0x514,0x0,15359,"Inspiration",0x2,BUFF
4/28 18:51:48.679  SPELL_AURA_APPLIED,Player-4755-0178F416,"Eltorero-Dreadmist",0x514,0x0,Creature-0-4457-249-1045-10184-000028665C,"Onyxia",0x10a48,0x0,12721,"Deep Wound",0x1,DEBUFF
4/28 18:51:48.679  SPELL_AURA_REMOVED_DOSE,Player-4755-01733879,"Hocwar-Dreadmist",0x40514,0x0,Player-4755-01733879,"Hocwar-Dreadmist",0x40514,0x0,12970,"Flurry",0x1,BUFF,2
4/28 18:51:48.703  SPELL_AURA_APPLIED_DOSE,Player-4755-0160BD13,"Mafkees-Dreadmist",0x514,0x0,Player-4755-0160BD13,"Mafkees-Dreadmist",0x514,0x0,12970,"Flurry",0x1,BUFF,3
4/28 18:51:48.703  SWING_DAMAGE_LANDED,Player-4755-0220BD00,"Krikoff-Dreadmist",0x40514,0x0,Creature-0-4457-249-1045-10184-000028665C,"Onyxia",0x10a48,0x0,Creature-0-4457-249-1045-10184-000028665C,0000000000000000,24,100,0,0,0,-1,0,0,0,9.96,-202.99,0,0.2893,63,128,202,-1,1,0,0,0,nil,1,nil
4/28 18:51:48.703  SWING_DAMAGE_LANDED,Player-4755-01A6B139,"Sakatan-Dreadmist",0x514,0x0,Creature-0-4457-249-1045-10184-000028665C,"Onyxia",0x10a48,0x0,Creature-0-4457-249-1045-10184-000028665C,0000000000000000,24,100,0,0,0,-1,0,0,0,9.96,-202.99,0,0.2893,63,155,196,-1,1,0,0,0,nil,nil,nil
4/28 18:51:48.703  SWING_DAMAGE_LANDED,Player-4755-01AC9FD9,"Alexinho-Dreadmist",0x514,0x0,Creature-0-4457-249-1045-10184-000028665C,"Onyxia",0x10a48,0x0,Creature-0-4457-249-1045-10184-000028665C,0000000000000000,24,100,0,0,0,-1,0,0,0,9.96,-202.99,0,0.2893,63,592,368,-1,1,0,0,0,1,nil,nil
4/28 18:51:48.703  SPELL_HEAL,Player-4755-01BC57A3,"Saintis-Dreadmist",0x511,0x0,Player-4755-01733879,"Hocwar-Dreadmist",0x40514,0x0,2055,"Heal",0x2,Player-4755-01733879,0000000000000000,100,100,0,0,0,-1,0,0,0,6.41,-195.76,0,5.2160,71,1079,1079,536,0,nil
4/28 18:51:48.703  SWING_DAMAGE_LANDED,Player-4755-01733879,"Hocwar-Dreadmist",0x40514,0x0,Creature-0-4457-249-1045-10184-000028665C,"Onyxia",0x10a48,0x0,Creature-0-4457-249-1045-10184-000028665C,0000000000000000,24,100,0,0,0,-1,0,0,0,9.96,-202.99,0,0.2893,63,83,128,-1,1,0,0,0,nil,1,nil
4/28 18:51:48.703  SWING_DAMAGE,Pet-0-4457-249-1045-7432-01002D8BC6,"Cat",0x1114,0x0,Creature-0-4457-249-1045-10184-000028665C,"Onyxia",0x10a48,0x0,Pet-0-4457-249-1045-7432-01002D8BC6,Player-4755-01E83279,34,100,0,0,0,-1,0,0,0,-13.33,-193.99,0,5.9144,71,113,144,-1,1,0,0,0,nil,nil,nil
4/28 18:51:48.703  SPELL_PERIODIC_HEAL,Player-4755-0220BD00,"Krikoff-Dreadmist",0x40514,0x0,Player-4755-0220BD00,"Krikoff-Dreadmist",0x40514,0x0,24427,"Diamond Flask",0x8,Player-4755-0220BD00,0000000000000000,80,100,0,0,0,-1,0,0,0,26.48,-198.07,0,3.4440,68,9,9,0,0,nil
4/28 18:51:48.751  SWING_DAMAGE,Player-4755-01F21AE6,"Blahu-Dreadmist",0x40514,0x0,Creature-0-4457-249-1045-10184-000028665C,"Onyxia",0x10a48,0x0,Player-4755-01F21AE6,0000000000000000,100,100,0,0,0,-1,0,0,0,15.15,-209.68,0,1.8630,70,126,159,-1,1,0,0,0,nil,nil,nil
4/28 18:51:48.796  SPELL_CAST_SUCCESS,Player-4755-0178F416,"Eltorero-Dreadmist",0x514,0x0,Creature-0-4457-249-1045-10184-000028665C,"Onyxia",0x10a48,0x0,7373,"Hamstring",0x1,Player-4755-0178F416,0000000000000000,100,100,0,0,0,-1,0,0,0,11.45,-217.61,0,1.6843,65
4/28 18:51:48.849  SPELL_PERIODIC_HEAL,Player-4755-0210153A,"Hapuseneb-Dreadmist",0x514,0x0,Player-4755-01AC9FD9,"Alexinho-Dreadmist",0x514,0x0,10929,"Renew",0x2,Player-4755-01AC9FD9,0000000000000000,88,100,0,0,0,-1,0,0,0,11.63,-211.85,0,1.6114,66,292,292,0,0,nil
4/28 18:51:48.852  SPELL_CAST_START,Player-4755-01BC57A3,"Saintis-Dreadmist",0x511,0x0,0000000000000000,nil,0x80000000,0x80000000,6063,"Heal",0x2
4/28 18:51:48.889  SPELL_CAST_SUCCESS,Player-4755-020BD78D,"Lonehunter-Dreadmist",0x514,0x0,Creature-0-4457-249-1045-10184-000028665C,"Onyxia",0x10a48,0x0,20904,"Aimed Shot",0x1,Player-4755-020BD78D,0000000000000000,98,100,0,0,0,-1,0,0,0,4.85,-249.75,0,1.4619,70
4/28 18:51:48.889  SPELL_CAST_START,Player-4755-020BD78D,"Lonehunter-Dreadmist",0x514,0x0,0000000000000000,nil,0x80000000,0x80000000,14290,"Multi-Shot",0x1
4/28 18:51:48.919  SPELL_CAST_START,Player-4755-01FA8DD8,"Roackerita-Dreadmist",0x514,0x0,0000000000000000,nil,0x80000000,0x80000000,9474,"Flash Heal",0x2
4/28 18:51:48.935  SPELL_CAST_SUCCESS,Player-4755-0220BD00,"Krikoff-Dreadmist",0x40514,0x0,Creature-0-4457-249-1045-10184-000028665C,"Onyxia",0x10a48,0x0,11567,"Heroic Strike",0x1,Player-4755-0220BD00,0000000000000000,80,100,0,0,0,-1,0,0,0,26.48,-198.07,0,3.4597,68
4/28 18:51:48.952  SPELL_AURA_REMOVED,Player-4755-0220BD00,"Krikoff-Dreadmist",0x40514,0x0,Player-4755-0220BD00,"Krikoff-Dreadmist",0x40514,0x0,12970,"Flurry",0x1,BUFF
4/28 18:51:48.990  SWING_DAMAGE,Pet-0-4457-249-1045-2850-01001956F9,"Kratos",0x1114,0x0,Creature-0-4457-249-1045-10184-000028665C,"Onyxia",0x10a48,0x0,Pet-0-4457-249-1045-2850-01001956F9,Player-4755-0178F576,55,100,0,0,0,-1,0,0,0,11.68,-178.00,0,4.6435,66,38,76,-1,1,0,0,0,nil,1,nil
4/28 18:51:49.092  UNIT_DIED,0000000000000000,nil,0x80000000,0x80000000,Creature-0-4457-249-1045-11262-0000286CBC,"Onyxian Whelp",0xa48,0x0
4/28 18:51:49.092  SPELL_ENERGIZE,Player-4755-01733879,"Hocwar-Dreadmist",0x40514,0x0,Player-4755-01733879,"Hocwar-Dreadmist",0x40514,0x0,12964,"Unbridled Wrath",0x1,Player-4755-01733879,0000000000000000,100,100,0,0,0,-1,0,0,0,6.41,-195.76,0,5.2789,71,1.0000,0.0000,1,1000
4/28 18:51:49.092  SPELL_AURA_REFRESH,Player-4755-0160BD13,"Mafkees-Dreadmist",0x514,0x0,Creature-0-4457-249-1045-10184-000028665C,"Onyxia",0x10a48,0x0,12721,"Deep Wound",0x1,DEBUFF
4/28 18:51:49.092  SPELL_AURA_REMOVED_DOSE,Player-4755-0220BD00,"Krikoff-Dreadmist",0x40514,0x0,Player-4755-0220BD00,"Krikoff-Dreadmist",0x40514,0x0,23888,"Bloodthirst",0x1,BUFF,1
4/28 18:51:49.092  SPELL_HEAL,Player-4755-0220BD00,"Krikoff-Dreadmist",0x40514,0x0,Player-4755-0220BD00,"Krikoff-Dreadmist",0x40514,0x0,23891,"Bloodthirst",0x1,Player-4755-0220BD00,0000000000000000,80,100,0,0,0,-1,0,0,0,26.48,-198.07,0,3.4597,68,20,20,0,0,nil
4/28 18:51:49.092  SPELL_AURA_REMOVED_DOSE,Player-4755-01733879,"Hocwar-Dreadmist",0x40514,0x0,Player-4755-01733879,"Hocwar-Dreadmist",0x40514,0x0,12970,"Flurry",0x1,BUFF,1
4/28 18:51:49.092  SWING_DAMAGE_LANDED,Pet-0-4457-249-1045-7432-01002D8BC6,"Cat",0x1114,0x0,Creature-0-4457-249-1045-10184-000028665C,"Onyxia",0x10a48,0x0,Creature-0-4457-249-1045-10184-000028665C,0000000000000000,24,100,0,0,0,-1,0,0,0,9.96,-202.99,0,0.2893,63,113,144,-1,1,0,0,0,nil,nil,nil
4/28 18:51:49.092  SWING_DAMAGE_LANDED,Player-4755-01F21AE6,"Blahu-Dreadmist",0x40514,0x0,Creature-0-4457-249-1045-10184-000028665C,"Onyxia",0x10a48,0x0,Creature-0-4457-249-1045-10184-000028665C,0000000000000000,24,100,0,0,0,-1,0,0,0,9.96,-202.99,0,0.2893,63,126,159,-1,1,0,0,0,nil,nil,nil
4/28 18:51:49.092  SPELL_DAMAGE,Player-4755-0178F416,"Eltorero-Dreadmist",0x514,0x0,Creature-0-4457-249-1045-10184-000028665C,"Onyxia",0x10a48,0x0,7373,"Hamstring",0x1,Creature-0-4457-249-1045-10184-000028665C,0000000000000000,24,100,0,0,0,-1,0,0,0,9.96,-202.99,0,0.2893,63,78,45,-1,1,0,0,0,1,nil,nil
4/28 18:51:49.092  SPELL_DAMAGE,Player-4755-0220BD00,"Krikoff-Dreadmist",0x40514,0x0,Creature-0-4457-249-1045-10184-000028665C,"Onyxia",0x10a48,0x0,11567,"Heroic Strike",0x1,Creature-0-4457-249-1045-10184-000028665C,0000000000000000,24,100,0,0,0,-1,0,0,0,9.96,-202.99,0,0.2893,63,358,453,-1,1,0,0,0,nil,nil,nil
4/28 18:51:49.092  SWING_DAMAGE_LANDED,Pet-0-4457-249-1045-2850-01001956F9,"Kratos",0x1114,0x0,Creature-0-4457-249-1045-10184-000028665C,"Onyxia",0x10a48,0x0,Creature-0-4457-249-1045-10184-000028665C,0000000000000000,24,100,0,0,0,-1,0,0,0,9.96,-202.99,0,0.2893,63,38,76,-1,1,0,0,0,nil,1,nil
4/28 18:51:49.116  SPELL_PERIODIC_ENERGIZE,Player-4755-01BC57A3,"Saintis-Dreadmist",0x511,0x0,Player-4755-01BC57A3,"Saintis-Dreadmist",0x511,0x0,18194,"Mana Regeneration",0x1,Player-4755-01BC57A3,0000000000000000,100,100,0,0,0,-1,0,0,0,17.79,-219.20,0,1.8264,68,8.0000,0.0000,0,7212
4/28 18:51:49.168  SPELL_CAST_SUCCESS,Player-4755-01F21AE6,"Blahu-Dreadmist",0x40514,0x0,Creature-0-4457-249-1045-10184-000028665C,"Onyxia",0x10a48,0x0,11597,"Sunder Armor",0x1,Player-4755-01F21AE6,0000000000000000,100,100,0,0,0,-1,0,0,0,15.15,-209.68,0,1.8788,70
4/28 18:51:49.189  SPELL_AURA_REFRESH,Player-4755-0160BD13,"Mafkees-Dreadmist",0x514,0x0,Player-4755-0160BD13,"Mafkees-Dreadmist",0x514,0x0,20007,"Holy Strength",0x2,BUFF
4/28 18:51:49.189  SPELL_HEAL,Player-4755-0160BD13,"Mafkees-Dreadmist",0x514,0x0,Player-4755-0160BD13,"Mafkees-Dreadmist",0x514,0x0,20007,"Holy Strength",0x2,Player-4755-0160BD13,0000000000000000,100,100,0,0,0,-1,0,0,0,8.53,-211.12,0,1.4828,64,109,109,109,0,nil
4/28 18:51:49.189  SPELL_AURA_APPLIED,Player-4755-0160BD13,"Mafkees-Dreadmist",0x514,0x0,Player-4755-0160BD13,"Mafkees-Dreadmist",0x514,0x0,10610,"Windfury Totem",0x8,BUFF
4/28 18:51:49.189  SPELL_EXTRA_ATTACKS,Player-4755-0160BD13,"Mafkees-Dreadmist",0x514,0x0,Player-4755-0160BD13,"Mafkees-Dreadmist",0x514,0x0,10610,"Windfury Totem",0x8,1
4/28 18:51:49.189  SWING_DAMAGE,Player-4755-0160BD13,"Mafkees-Dreadmist",0x514,0x0,Creature-0-4457-249-1045-10184-000028665C,"Onyxia",0x10a48,0x0,Player-4755-0160BD13,0000000000000000,100,100,0,0,0,-1,0,0,0,8.53,-211.12,0,1.4828,64,409,581,-1,1,0,0,0,nil,1,nil
4/28 18:51:49.209  SWING_DAMAGE,Player-4755-0160BD13,"Mafkees-Dreadmist",0x514,0x0,Creature-0-4457-249-1045-10184-000028665C,"Onyxia",0x10a48,0x0,Player-4755-0160BD13,0000000000000000,100,100,0,0,0,-1,0,0,0,8.53,-211.12,0,1.4828,64,486,707,-1,1,0,0,0,nil,1,nil
4/28 18:51:49.209  SPELL_PERIODIC_ENERGIZE,Creature-0-4457-249-1045-7416-0000286CFC,"Mana Spring Totem IV",0x2114,0x0,Player-4755-016296D3,"Nivl-Dreadmist",0x514,0x0,10494,"Mana Spring",0x8,Player-4755-016296D3,0000000000000000,100,100,0,0,0,-1,0,0,0,-1.32,-173.62,0,5.2976,69,10.0000,0.0000,0,5845
4/28 18:51:49.229  SPELL_CAST_SUCCESS,Player-4755-020BD78D,"Lonehunter-Dreadmist",0x514,0x0,Creature-0-4457-249-1045-10184-000028665C,"Onyxia",0x10a48,0x0,14290,"Multi-Shot",0x1,Player-4755-020BD78D,0000000000000000,98,100,0,0,0,-1,0,0,0,4.85,-249.75,0,1.4619,70
4/28 18:51:49.229  SWING_DAMAGE,Player-4755-01AC9FD9,"Alexinho-Dreadmist",0x514,0x0,Creature-0-4457-249-1045-10184-000028665C,"Onyxia",0x10a48,0x0,Player-4755-01AC9FD9,0000000000000000,88,100,0,0,0,-1,0,0,0,11.63,-211.85,0,1.6114,66,124,187,-1,1,0,0,0,nil,1,nil
4/28 18:51:49.331  SWING_MISSED,Player-4755-01733879,"Hocwar-Dreadmist",0x40514,0x0,Creature-0-4457-249-1045-10184-000028665C,"Onyxia",0x10a48,0x0,MISS,nil
4/28 18:51:49.331  SPELL_AURA_APPLIED,Player-4755-01733879,"Hocwar-Dreadmist",0x40514,0x0,Player-4755-01733879,"Hocwar-Dreadmist",0x40514,0x0,12328,"Death Wish",0x1,DEBUFF
4/28 18:51:49.331  SPELL_CAST_SUCCESS,Player-4755-01733879,"Hocwar-Dreadmist",0x40514,0x0,0000000000000000,nil,0x80000000,0x80000000,12328,"Death Wish",0x1,Player-4755-01733879,0000000000000000,100,100,0,0,0,-1,0,0,0,6.41,-195.76,0,5.3338,71
4/28 18:51:49.348  SWING_DAMAGE,Player-4755-01A6B139,"Sakatan-Dreadmist",0x514,0x0,Creature-0-4457-249-1045-10184-000028665C,"Onyxia",0x10a48,0x0,Player-4755-01A6B139,0000000000000000,100,100,0,0,0,-1,0,0,0,2.72,-189.07,0,5.5024,69,118,160,-1,1,0,0,0,nil,1,nil
4/28 18:51:49.348  SPELL_CAST_SUCCESS,Player-4755-01804B95,"Moymoy-Dreadmist",0x514,0x0,Player-4755-01617EEE,"Fenix-Dreadmist",0x512,0x0,10468,"Lesser Healing Wave",0x8,Player-4755-01804B95,0000000000000000,94,100,0,0,0,-1,0,0,0,10.37,-178.45,0,4.6234,66
4/28 18:51:49.348  SPELL_PERIODIC_ENERGIZE,Player-4755-01ED7A64,"Sperzieboon-Dreadmist",0x514,0x0,Player-4755-01ED7A64,"Sperzieboon-Dreadmist",0x514,0x0,15604,"Second Wind",0x40,Player-4755-01ED7A64,0000000000000000,100,100,0,0,0,-1,0,0,0,14.27,-226.82,0,1.5566,67,30.0000,0.0000,0,7261
4/28 18:51:49.348  SWING_DAMAGE,Player-4755-0178F416,"Eltorero-Dreadmist",0x514,0x0,Creature-0-4457-249-1045-10184-000028665C,"Onyxia",0x10a48,0x0,Player-4755-0178F416,0000000000000000,100,100,0,0,0,-1,0,0,0,11.45,-217.61,0,1.6843,65,201,254,-1,1,0,0,0,nil,nil,nil
4/28 18:51:49.365  SPELL_CAST_START,Player-4755-01804B95,"Moymoy-Dreadmist",0x514,0x0,0000000000000000,nil,0x80000000,0x80000000,10468,"Lesser Healing Wave",0x8
4/28 18:51:49.402  SPELL_CAST_START,Player-4755-020BD78D,"Lonehunter-Dreadmist",0x514,0x0,0000000000000000,nil,0x80000000,0x80000000,75,"Auto Shot",0x1
4/28 18:51:49.456  SPELL_MISSED,Player-4755-01614AC7,"Mirrimazduur-Dreadmist",0x512,0x0,Creature-0-4457-249-1045-10184-000028665C,"Onyxia",0x10a48,0x0,11661,"Shadow Bolt",0x20,RESIST,nil,0
4/28 18:51:49.487  UNIT_DIED,0000000000000000,nil,0x80000000,0x80000000,Creature-0-4457-249-1045-11262-0000A86CBC,"Onyxian Whelp",0xa48,0x0
4/28 18:51:49.487  UNIT_DIED,0000000000000000,nil,0x80000000,0x80000000,Creature-0-4457-249-1045-11262-0001286CBC,"Onyxian Whelp",0xa48,0x0
4/28 18:51:49.487  UNIT_DIED,0000000000000000,nil,0x80000000,0x80000000,Creature-0-4457-249-1045-11262-0001A86CBC,"Onyxian Whelp",0xa48,0x0
4/28 18:51:49.487  UNIT_DIED,0000000000000000,nil,0x80000000,0x80000000,Creature-0-4457-249-1045-11262-0002286CBC,"Onyxian Whelp",0xa48,0x0
4/28 18:51:49.487  UNIT_DIED,0000000000000000,nil,0x80000000,0x80000000,Creature-0-4457-249-1045-11262-0002A86CBC,"Onyxian Whelp",0xa48,0x0
4/28 18:51:49.487  UNIT_DIED,0000000000000000,nil,0x80000000,0x80000000,Creature-0-4457-249-1045-11262-0003286CBC,"Onyxian Whelp",0xa48,0x0
4/28 18:51:49.508  SPELL_ENERGIZE,Player-4755-01733879,"Hocwar-Dreadmist",0x40514,0x0,Player-4755-01733879,"Hocwar-Dreadmist",0x40514,0x0,12964,"Unbridled Wrath",0x1,Player-4755-01733879,0000000000000000,100,100,0,0,0,-1,0,0,0,6.41,-195.76,0,5.3338,71,1.0000,0.0000,1,1000
4/28 18:51:49.508  SPELL_AURA_REMOVED_DOSE,Player-4755-0178F416,"Eltorero-Dreadmist",0x514,0x0,Player-4755-0178F416,"Eltorero-Dreadmist",0x514,0x0,23888,"Bloodthirst",0x1,BUFF,1
4/28 18:51:49.508  SPELL_AURA_REFRESH,Player-4755-0178F416,"Eltorero-Dreadmist",0x514,0x0,Player-4755-0178F416,"Eltorero-Dreadmist",0x514,0x0,12970,"Flurry",0x1,BUFF
4/28 18:51:49.508  SPELL_HEAL,Player-4755-0178F416,"Eltorero-Dreadmist",0x514,0x0,Player-4755-0178F416,"Eltorero-Dreadmist",0x514,0x0,23891,"Bloodthirst",0x1,Player-4755-0178F416,0000000000000000,100,100,0,0,0,-1,0,0,0,11.45,-217.61,0,1.6843,65,20,20,20,0,nil
4/28 18:51:49.508  SPELL_HEAL,Player-4755-0220BD00,"Krikoff-Dreadmist",0x40514,0x0,Player-4755-0220BD00,"Krikoff-Dreadmist",0x40514,0x0,23891,"Bloodthirst",0x1,Player-4755-0220BD00,0000000000000000,81,100,0,0,0,-1,0,0,0,26.48,-198.07,0,3.4597,68,20,20,0,0,nil
4/28 18:51:49.508  SPELL_AURA_REMOVED,Player-4755-0220BD00,"Krikoff-Dreadmist",0x40514,0x0,Player-4755-0220BD00,"Krikoff-Dreadmist",0x40514,0x0,23888,"Bloodthirst",0x1,BUFF
4/28 18:51:49.508  SWING_DAMAGE_LANDED,Player-4755-0160BD13,"Mafkees-Dreadmist",0x514,0x0,Creature-0-4457-249-1045-10184-000028665C,"Onyxia",0x10a48,0x0,Creature-0-4457-249-1045-10184-000028665C,0000000000000000,24,100,0,0,0,-1,0,0,0,9.96,-202.99,0,0.2893,63,409,581,-1,1,0,0,0,nil,1,nil
4/28 18:51:49.508  SWING_DAMAGE_LANDED,Player-4755-0160BD13,"Mafkees-Dreadmist",0x514,0x0,Creature-0-4457-249-1045-10184-000028665C,"Onyxia",0x10a48,0x0,Creature-0-4457-249-1045-10184-000028665C,0000000000000000,24,100,0,0,0,-1,0,0,0,9.96,-202.99,0,0.2893,63,486,707,-1,1,0,0,0,nil,1,nil
4/28 18:51:49.508  SWING_DAMAGE_LANDED,Player-4755-01AC9FD9,"Alexinho-Dreadmist",0x514,0x0,Creature-0-4457-249-1045-10184-000028665C,"Onyxia",0x10a48,0x0,Creature-0-4457-249-1045-10184-000028665C,0000000000000000,24,100,0,0,0,-1,0,0,0,9.96,-202.99,0,0.2893,63,124,187,-1,1,0,0,0,nil,1,nil
4/28 18:51:49.508  SWING_DAMAGE_LANDED,Player-4755-01A6B139,"Sakatan-Dreadmist",0x514,0x0,Creature-0-4457-249-1045-10184-000028665C,"Onyxia",0x10a48,0x0,Creature-0-4457-249-1045-10184-000028665C,0000000000000000,24,100,0,0,0,-1,0,0,0,9.96,-202.99,0,0.2893,63,118,160,-1,1,0,0,0,nil,1,nil
4/28 18:51:49.508  SPELL_HEAL,Player-4755-01804B95,"Moymoy-Dreadmist",0x514,0x0,Player-4755-01617EEE,"Fenix-Dreadmist",0x512,0x0,10468,"Lesser Healing Wave",0x8,Player-4755-01617EEE,0000000000000000,52,100,0,0,0,-1,0,0,0,21.87,-175.54,0,5.0993,66,1744,1744,0,0,1
4/28 18:51:49.508  SWING_DAMAGE_LANDED,Player-4755-0178F416,"Eltorero-Dreadmist",0x514,0x0,Creature-0-4457-249-1045-10184-000028665C,"Onyxia",0x10a48,0x0,Creature-0-4457-249-1045-10184-000028665C,0000000000000000,24,100,0,0,0,-1,0,0,0,9.96,-202.99,0,0.2893,63,201,254,-1,1,0,0,0,nil,nil,nil
4/28 18:51:49.508  SPELL_CAST_SUCCESS,Player-4755-0178F576,"Atreas-Dreadmist",0x514,0x0,Creature-0-4457-249-1045-10184-000028665C,"Onyxia",0x10a48,0x0,20904,"Aimed Shot",0x1,Player-4755-0178F576,0000000000000000,100,100,0,0,0,-1,0,0,0,-1.33,-170.85,0,5.0503,66
4/28 18:51:49.529  SPELL_DAMAGE,Player-4755-01802FE5,"Angrybat-Dreadmist",0x514,0x0,Creature-0-4457-249-1045-10184-000028665C,"Onyxia",0x10a48,0x0,10181,"Frostbolt",0x10,Creature-0-4457-249-1045-10184-000028665C,0000000000000000,24,100,0,0,0,-1,0,0,0,9.96,-202.99,0,0.2893,63,979,889,-1,16,0,0,0,nil,nil,nil
4/28 18:51:49.529  SPELL_CAST_START,Player-4755-0178F576,"Atreas-Dreadmist",0x514,0x0,0000000000000000,nil,0x80000000,0x80000000,75,"Auto Shot",0x1
4/28 18:51:49.560  SWING_DAMAGE,Player-4755-01A6B139,"Sakatan-Dreadmist",0x514,0x0,Creature-0-4457-249-1045-10184-000028665C,"Onyxia",0x10a48,0x0,Player-4755-01A6B139,0000000000000000,100,100,0,0,0,-1,0,0,0,2.72,-189.07,0,5.5024,69,350,217,-1,1,0,0,0,1,nil,nil
4/28 18:51:49.578  SPELL_CAST_START,Player-4755-01F36B30,"Rectumqeef-Dreadmist",0x514,0x0,0000000000000000,nil,0x80000000,0x80000000,5019,"Shoot",0x1
4/28 18:51:49.578  SPELL_CAST_SUCCESS,Player-4755-0163DD9D,"Kaspais-Dreadmist",0x514,0x0,Creature-0-4457-249-1045-10184-000028665C,"Onyxia",0x10a48,0x0,10181,"Frostbolt",0x10,Player-4755-0163DD9D,0000000000000000,100,100,0,0,0,-1,0,0,0,14.87,-171.73,0,4.6117,66
4/28 18:51:49.578  SPELL_CAST_START,Player-4755-0163DD9D,"Kaspais-Dreadmist",0x514,0x0,0000000000000000,nil,0x80000000,0x80000000,10181,"Frostbolt",0x10
4/28 18:51:49.657  RANGE_DAMAGE,Player-4755-01E83279,"Nlmasters-Dreadmist",0x514,0x8,Creature-0-4457-249-1045-10184-000028665C,"Onyxia",0x10a48,0x0,75,"Auto Shot",0x1,Creature-0-4457-249-1045-10184-000028665C,0000000000000000,24,100,0,0,0,-1,0,0,0,9.96,-202.99,0,0.2893,63,326,414,-1,1,0,0,0,nil,nil,nil
4/28 18:51:49.657  SPELL_CAST_SUCCESS,Player-4755-015FEBD5,"Sauvage-Dreadmist",0x514,0x0,Creature-0-4457-249-1045-10184-000028665C,"Onyxia",0x10a48,0x0,10181,"Frostbolt",0x10,Player-4755-015FEBD5,0000000000000000,100,100,0,0,0,-1,0,0,0,-5.28,-237.05,0,1.0500,64
4/28 18:51:49.657  SPELL_AURA_REMOVED,Player-4755-015FEBD5,"Sauvage-Dreadmist",0x514,0x0,Player-4755-015FEBD5,"Sauvage-Dreadmist",0x514,0x0,12536,"Clearcasting",0x40,BUFF
4/28 18:51:49.745  SPELL_CAST_SUCCESS,Player-4755-020BD78D,"Lonehunter-Dreadmist",0x514,0x0,Creature-0-4457-249-1045-10184-000028665C,"Onyxia",0x10a48,0x0,75,"Auto Shot",0x1,Player-4755-020BD78D,0000000000000000,98,100,0,0,0,-1,0,0,0,4.85,-249.75,0,1.4619,70
4/28 18:51:49.761  SPELL_CAST_SUCCESS,Creature-0-4457-249-1045-10184-000028665C,"Onyxia",0x10a48,0x0,0000000000000000,nil,0x80000000,0x80000000,18431,"Bellowing Roar",0x1,Creature-0-4457-249-1045-10184-000028665C,0000000000000000,24,100,0,0,0,-1,0,0,0,9.96,-202.99,0,0.2893,63
4/28 18:51:49.761  SPELL_MISSED,Creature-0-4457-249-1045-10184-000028665C,"Onyxia",0x10a48,0x0,Pet-0-4457-249-1045-7432-01002D8BC6,"Cat",0x1114,0x0,18431,"Bellowing Roar",0x1,IMMUNE,nil
4/28 18:51:49.761  SPELL_MISSED,Creature-0-4457-249-1045-10184-000028665C,"Onyxia",0x10a48,0x0,Player-4755-01617EEE,"Fenix-Dreadmist",0x512,0x0,18431,"Bellowing Roar",0x1,RESIST,nil,0
4/28 18:51:49.761  SPELL_MISSED,Creature-0-4457-249-1045-10184-000028665C,"Onyxia",0x10a48,0x0,Player-4755-01733879,"Hocwar-Dreadmist",0x40514,0x0,18431,"Bellowing Roar",0x1,IMMUNE,nil
4/28 18:51:49.761  SPELL_MISSED,Creature-0-4457-249-1045-10184-000028665C,"Onyxia",0x10a48,0x0,Player-4755-0210153A,"Hapuseneb-Dreadmist",0x514,0x0,18431,"Bellowing Roar",0x1,RESIST,nil,0
4/28 18:51:49.761  SPELL_PERIODIC_ENERGIZE,Creature-0-4457-249-1045-7416-0000286D2B,"Mana Spring Totem IV",0x2114,0x0,Player-4755-01840577,"Raggèn-Dreadmist",0x514,0x0,10494,"Mana Spring",0x8,Player-4755-01840577,0000000000000000,100,100,0,0,0,-1,0,0,0,12.18,-213.06,0,1.6965,67,10.0000,0.0000,0,3790
4/28 18:51:49.843  SPELL_PERIODIC_ENERGIZE,Creature-0-4457-249-1045-7416-0000286CFC,"Mana Spring Totem IV",0x2114,0x0,Player-4755-0178F576,"Atreas-Dreadmist",0x514,0x0,10494,"Mana Spring",0x8,Player-4755-0178F576,0000000000000000,100,100,0,0,0,-1,0,0,0,-1.33,-170.85,0,5.0503,66,10.0000,0.0000,0,3765
4/28 18:51:49.843  SWING_DAMAGE,Player-4755-01840577,"Raggèn-Dreadmist",0x514,0x0,Creature-0-4457-249-1045-10184-000028665C,"Onyxia",0x10a48,0x0,Player-4755-01840577,0000000000000000,100,100,0,0,0,-1,0,0,0,12.18,-213.06,0,1.6965,67,317,402,-1,1,0,0,0,nil,nil,nil
4/28 18:51:49.875  SPELL_CAST_SUCCESS,Player-4755-0178F576,"Atreas-Dreadmist",0x514,0x0,Creature-0-4457-249-1045-10184-000028665C,"Onyxia",0x10a48,0x0,75,"Auto Shot",0x1,Player-4755-0178F576,0000000000000000,100,100,0,0,0,-1,0,0,0,-1.33,-170.85,0,5.0503,66
4/28 18:51:49.895  SPELL_AURA_REFRESH,Player-4755-0178F416,"Eltorero-Dreadmist",0x514,0x0,Creature-0-4457-249-1045-10184-000028665C,"Onyxia",0x10a48,0x0,12721,"Deep Wound",0x1,DEBUFF
4/28 18:51:49.895  SPELL_ENERGIZE,Player-4755-0220BD00,"Krikoff-Dreadmist",0x40514,0x0,Player-4755-0220BD00,"Krikoff-Dreadmist",0x40514,0x0,12964,"Unbridled Wrath",0x1,Player-4755-0220BD00,0000000000000000,81,100,0,0,0,-1,0,0,0,26.48,-198.07,0,3.4597,68,1.0000,0.0000,1,1000
4/28 18:51:49.895  SPELL_AURA_REMOVED_DOSE,Player-4755-0160BD13,"Mafkees-Dreadmist",0x514,0x0,Player-4755-0160BD13,"Mafkees-Dreadmist",0x514,0x0,10610,"Windfury Totem",0x8,BUFF,1
4/28 18:51:49.895  SPELL_AURA_REMOVED_DOSE,Player-4755-0160BD13,"Mafkees-Dreadmist",0x514,0x0,Player-4755-0160BD13,"Mafkees-Dreadmist",0x514,0x0,12970,"Flurry",0x1,BUFF,2
4/28 18:51:49.895  SPELL_AURA_REMOVED_DOSE,Player-4755-0160BD13,"Mafkees-Dreadmist",0x514,0x0,Player-4755-0160BD13,"Mafkees-Dreadmist",0x514,0x0,12970,"Flurry",0x1,BUFF,1
4/28 18:51:49.895  SPELL_AURA_REMOVED,Player-4755-0160BD13,"Mafkees-Dreadmist",0x514,0x0,Player-4755-0160BD13,"Mafkees-Dreadmist",0x514,0x0,10610,"Windfury Totem",0x8,BUFF
4/28 18:51:49.895  SPELL_AURA_REMOVED,Player-4755-01733879,"Hocwar-Dreadmist",0x40514,0x0,Player-4755-01733879,"Hocwar-Dreadmist",0x40514,0x0,12970,"Flurry",0x1,BUFF
4/28 18:51:49.895  SPELL_AURA_REMOVED_DOSE,Player-4755-0178F416,"Eltorero-Dreadmist",0x514,0x0,Player-4755-0178F416,"Eltorero-Dreadmist",0x514,0x0,12970,"Flurry",0x1,BUFF,2
4/28 18:51:49.895  SPELL_HEAL,Player-4755-0178F416,"Eltorero-Dreadmist",0x514,0x0,Player-4755-0178F416,"Eltorero-Dreadmist",0x514,0x0,23891,"Bloodthirst",0x1,Player-4755-0178F416,0000000000000000,100,100,0,0,0,-1,0,0,0,11.45,-217.61,0,1.6843,65,20,20,20,0,nil
4/28 18:51:49.895  SPELL_AURA_REMOVED,Player-4755-0178F416,"Eltorero-Dreadmist",0x514,0x0,Player-4755-0178F416,"Eltorero-Dreadmist",0x514,0x0,23888,"Bloodthirst",0x1,BUFF
4/28 18:51:49.895  SWING_DAMAGE_LANDED,Player-4755-01A6B139,"Sakatan-Dreadmist",0x514,0x0,Creature-0-4457-249-1045-10184-000028665C,"Onyxia",0x10a48,0x0,Creature-0-4457-249-1045-10184-000028665C,0000000000000000,24,100,0,0,0,-1,0,0,0,9.96,-202.99,0,0.2893,63,350,217,-1,1,0,0,0,1,nil,nil
4/28 18:51:49.895  SPELL_AURA_APPLIED,Creature-0-4457-249-1045-10184-000028665C,"Onyxia",0x10a48,0x0,Player-4755-015FEBD5,"Sauvage-Dreadmist",0x514,0x0,18431,"Bellowing Roar",0x1,DEBUFF
4/28 18:51:49.898  SPELL_AURA_APPLIED,Creature-0-4457-249-1045-10184-000028665C,"Onyxia",0x10a48,0x0,Player-4755-016296D3,"Nivl-Dreadmist",0x514,0x0,18431,"Bellowing Roar",0x1,DEBUFF
4/28 18:51:49.898  SPELL_AURA_APPLIED,Creature-0-4457-249-1045-10184-000028665C,"Onyxia",0x10a48,0x0,Player-4755-01637B0A,"Pindle-Dreadmist",0x514,0x0,18431,"Bellowing Roar",0x1,DEBUFF
4/28 18:51:49.898  SPELL_AURA_APPLIED,Creature-0-4457-249-1045-10184-000028665C,"Onyxia",0x10a48,0x0,Player-4755-0178F576,"Atreas-Dreadmist",0x514,0x0,18431,"Bellowing Roar",0x1,DEBUFF
4/28 18:51:49.898  SPELL_AURA_APPLIED,Creature-0-4457-249-1045-10184-000028665C,"Onyxia",0x10a48,0x0,Player-4755-01802FE5,"Angrybat-Dreadmist",0x514,0x0,18431,"Bellowing Roar",0x1,DEBUFF
4/28 18:51:49.898  SPELL_AURA_APPLIED,Creature-0-4457-249-1045-10184-000028665C,"Onyxia",0x10a48,0x0,Player-4755-0160BD13,"Mafkees-Dreadmist",0x514,0x0,18431,"Bellowing Roar",0x1,DEBUFF
4/28 18:51:49.924  SPELL_AURA_APPLIED,Creature-0-4457-249-1045-10184-000028665C,"Onyxia",0x10a48,0x0,Player-4755-01614AC7,"Mirrimazduur-Dreadmist",0x512,0x0,18431,"Bellowing Roar",0x1,DEBUFF
4/28 18:51:49.924  SPELL_AURA_APPLIED,Creature-0-4457-249-1045-10184-000028665C,"Onyxia",0x10a48,0x0,Player-4755-0163DD9D,"Kaspais-Dreadmist",0x514,0x0,18431,"Bellowing Roar",0x1,DEBUFF
4/28 18:51:49.924  SPELL_AURA_APPLIED,Creature-0-4457-249-1045-10184-000028665C,"Onyxia",0x10a48,0x0,Player-4755-016DF694,"Ashalan-Dreadmist",0x514,0x0,18431,"Bellowing Roar",0x1,DEBUFF
4/28 18:51:49.924  SPELL_AURA_APPLIED,Creature-0-4457-249-1045-10184-000028665C,"Onyxia",0x10a48,0x0,Player-4755-0178F416,"Eltorero-Dreadmist",0x514,0x0,18431,"Bellowing Roar",0x1,DEBUFF
4/28 18:51:49.924  SPELL_AURA_APPLIED,Creature-0-4457-249-1045-10184-000028665C,"Onyxia",0x10a48,0x0,Player-4755-01804B95,"Moymoy-Dreadmist",0x514,0x0,18431,"Bellowing Roar",0x1,DEBUFF
4/28 18:51:49.924  SPELL_AURA_APPLIED,Creature-0-4457-249-1045-10184-000028665C,"Onyxia",0x10a48,0x0,Player-4755-01840577,"Raggèn-Dreadmist",0x514,0x0,18431,"Bellowing Roar",0x1,DEBUFF
4/28 18:51:49.924  SPELL_AURA_APPLIED,Creature-0-4457-249-1045-10184-000028665C,"Onyxia",0x10a48,0x0,Player-4755-01A6B139,"Sakatan-Dreadmist",0x514,0x0,18431,"Bellowing Roar",0x1,DEBUFF
4/28 18:51:49.924  SPELL_AURA_APPLIED,Creature-0-4457-249-1045-10184-000028665C,"Onyxia",0x10a48,0x0,Player-4755-01AC9FD9,"Alexinho-Dreadmist",0x514,0x0,18431,"Bellowing Roar",0x1,DEBUFF
4/28 18:51:49.929  SPELL_CAST_FAILED,Player-4755-01BC57A3,"Saintis-Dreadmist",0x511,0x0,0000000000000000,nil,0x80000000,0x80000000,6063,"Heal",0x2,"Interrupted"
4/28 18:51:49.929  SPELL_AURA_APPLIED,Creature-0-4457-249-1045-10184-000028665C,"Onyxia",0x10a48,0x0,Player-4755-01BC57A3,"Saintis-Dreadmist",0x511,0x0,18431,"Bellowing Roar",0x1,DEBUFF
4/28 18:51:49.929  SPELL_AURA_APPLIED,Creature-0-4457-249-1045-10184-000028665C,"Onyxia",0x10a48,0x0,Player-4755-01E83279,"Nlmasters-Dreadmist",0x514,0x8,18431,"Bellowing Roar",0x1,DEBUFF
4/28 18:51:49.929  SPELL_AURA_APPLIED,Creature-0-4457-249-1045-10184-000028665C,"Onyxia",0x10a48,0x0,Player-4755-01ED7A64,"Sperzieboon-Dreadmist",0x514,0x0,18431,"Bellowing Roar",0x1,DEBUFF
4/28 18:51:49.929  SPELL_AURA_APPLIED,Creature-0-4457-249-1045-10184-000028665C,"Onyxia",0x10a48,0x0,Player-4755-01F21AE6,"Blahu-Dreadmist",0x40514,0x0,18431,"Bellowing Roar",0x1,DEBUFF
4/28 18:51:49.929  SPELL_AURA_APPLIED,Creature-0-4457-249-1045-10184-000028665C,"Onyxia",0x10a48,0x0,Player-4755-01F36B30,"Rectumqeef-Dreadmist",0x514,0x0,18431,"Bellowing Roar",0x1,DEBUFF
4/28 18:51:49.929  SPELL_AURA_APPLIED,Creature-0-4457-249-1045-10184-000028665C,"Onyxia",0x10a48,0x0,Player-4755-01FA8DD8,"Roackerita-Dreadmist",0x514,0x0,18431,"Bellowing Roar",0x1,DEBUFF
4/28 18:51:49.929  SPELL_AURA_APPLIED,Creature-0-4457-249-1045-10184-000028665C,"Onyxia",0x10a48,0x0,Player-4755-02045EF4,"Necrosini-Dreadmist",0x512,0x0,18431,"Bellowing Roar",0x1,DEBUFF
4/28 18:51:49.929  SPELL_AURA_APPLIED,Creature-0-4457-249-1045-10184-000028665C,"Onyxia",0x10a48,0x0,Player-4755-020BD78D,"Lonehunter-Dreadmist",0x514,0x0,18431,"Bellowing Roar",0x1,DEBUFF
4/28 18:51:49.929  SPELL_AURA_APPLIED,Creature-0-4457-249-1045-10184-000028665C,"Onyxia",0x10a48,0x0,Player-4755-0220BD00,"Krikoff-Dreadmist",0x40514,0x0,18431,"Bellowing Roar",0x1,DEBUFF
4/28 18:51:49.929  SPELL_AURA_APPLIED,Creature-0-4457-249-1045-10184-000028665C,"Onyxia",0x10a48,0x0,Pet-0-4457-249-1045-2850-01001956F9,"Kratos",0x1114,0x0,18431,"Bellowing Roar",0x1,DEBUFF
4/28 18:51:49.929  SPELL_MISSED,GameObject-0-4457-249-1045-176825-0000286659,"Lava Fissure",0x4228,0x0,Player-4755-01840577,"Raggèn-Dreadmist",0x514,0x0,17731,"Eruption",0x4,RESIST,nil,0
4/28 18:51:49.929  SPELL_MISSED,GameObject-0-4457-249-1045-176835-0000286659,"Lava Fissure",0x4228,0x0,Player-4755-016DF694,"Ashalan-Dreadmist",0x514,0x0,17731,"Eruption",0x4,RESIST,nil,0
4/28 18:51:49.929  SWING_DAMAGE_LANDED,Player-4755-01840577,"Raggèn-Dreadmist",0x514,0x0,Creature-0-4457-249-1045-10184-000028665C,"Onyxia",0x10a48,0x0,Creature-0-4457-249-1045-10184-000028665C,0000000000000000,24,100,0,0,0,-1,0,0,0,9.96,-202.99,0,0.2893,63,317,402,-1,1,0,0,0,nil,nil,nil
4/28 18:51:49.929  SWING_DAMAGE,Player-4755-01733879,"Hocwar-Dreadmist",0x40514,0x0,Creature-0-4457-249-1045-10184-000028665C,"Onyxia",0x10a48,0x0,Player-4755-01733879,0000000000000000,100,100,0,0,0,-1,0,0,0,6.41,-195.76,0,5.3338,71,119,151,-1,1,0,0,0,nil,nil,nil
4/28 18:51:49.973  RANGE_DAMAGE,Player-4755-01F36B30,"Rectumqeef-Dreadmist",0x514,0x0,Creature-0-4457-249-1045-10184-000028665C,"Onyxia",0x10a48,0x0,5019,"Shoot",0x1,Creature-0-4457-249-1045-10184-000028665C,0000000000000000,24,100,0,0,0,-1,0,0,0,9.96,-202.99,0,0.2893,63,96,87,-1,64,0,0,0,nil,nil,nil
4/28 18:51:50.004  SPELL_PERIODIC_HEAL,Player-4755-02045EF4,"Necrosini-Dreadmist",0x512,0x0,Player-4755-0220BD00,"Krikoff-Dreadmist",0x40514,0x0,10929,"Renew",0x2,Player-4755-0220BD00,0000000000000000,85,100,0,0,0,-1,0,0,0,26.48,-198.07,0,3.4597,68,253,253,0,0,nil
4/28 18:51:50.052  SPELL_PERIODIC_DAMAGE,Player-4755-01614AC7,"Mirrimazduur-Dreadmist",0x512,0x0,Creature-0-4457-249-1045-10184-000028665C,"Onyxia",0x10a48,0x0,11672,"Corruption",0x20,Creature-0-4457-249-1045-10184-000028665C,0000000000000000,24,100,0,0,0,-1,0,0,0,9.96,-202.99,0,0.2893,63,207,188,-1,32,0,0,0,nil,nil,nil
4/28 18:51:50.052  SPELL_AURA_REMOVED,Player-4755-01614AC7,"Mirrimazduur-Dreadmist",0x512,0x0,Creature-0-4457-249-1045-10184-000028665C,"Onyxia",0x10a48,0x0,11672,"Corruption",0x20,DEBUFF
4/28 18:51:50.070  SPELL_PERIODIC_ENERGIZE,Creature-0-4457-249-1045-11101-0000286D32,"Mana Tide Totem III",0x2114,0x0,Player-4755-01804B95,"Moymoy-Dreadmist",0x514,0x0,17360,"Mana Tide",0x8,Player-4755-01804B95,0000000000000000,94,100,0,0,0,-1,0,0,0,10.37,-178.45,0,4.6234,66,290.0000,0.0000,0,5366
4/28 18:51:50.070  SPELL_PERIODIC_ENERGIZE,Creature-0-4457-249-1045-11101-0000286D32,"Mana Tide Totem III",0x2114,0x0,Player-4755-01FA8DD8,"Roackerita-Dreadmist",0x514,0x0,17360,"Mana Tide",0x8,Player-4755-01FA8DD8,0000000000000000,34,100,0,0,0,-1,0,0,0,20.58,-178.73,0,5.3096,69,290.0000,0.0000,0,6736
4/28 18:51:50.070  SPELL_DAMAGE,Player-4755-020BD78D,"Lonehunter-Dreadmist",0x514,0x0,Creature-0-4457-249-1045-10184-000028665C,"Onyxia",0x10a48,0x0,20904,"Aimed Shot",0x1,Creature-0-4457-249-1045-10184-000028665C,0000000000000000,24,100,0,0,0,-1,0,0,0,9.96,-202.99,0,0.2893,63,2005,1082,-1,1,0,0,0,1,nil,nil
4/28 18:51:50.194  SWING_DAMAGE,Pet-0-4457-249-1045-7432-01002D8BC6,"Cat",0x1114,0x0,Creature-0-4457-249-1045-10184-000028665C,"Onyxia",0x10a48,0x0,Pet-0-4457-249-1045-7432-01002D8BC6,Player-4755-01E83279,34,100,0,0,0,-1,0,0,0,-13.33,-193.99,0,5.9144,71,251,159,-1,1,0,0,0,1,nil,nil
4/28 18:51:50.317  SPELL_ENERGIZE,Player-4755-0160BD13,"Mafkees-Dreadmist",0x514,0x0,Player-4755-0160BD13,"Mafkees-Dreadmist",0x514,0x0,12964,"Unbridled Wrath",0x1,Player-4755-0160BD13,0000000000000000,100,100,0,0,0,-1,0,0,0,8.71,-211.23,0,5.6805,64,1.0000,0.0000,1,1000
4/28 18:51:50.317  SPELL_AURA_APPLIED,Player-4755-01804B95,"Moymoy-Dreadmist",0x514,0x0,Player-4755-01617EEE,"Fenix-Dreadmist",0x512,0x0,16237,"Ancestral Fortitude",0x2,BUFF
4/28 18:51:50.317  SPELL_AURA_APPLIED_DOSE,Player-4755-01802FE5,"Angrybat-Dreadmist",0x514,0x0,Creature-0-4457-249-1045-10184-000028665C,"Onyxia",0x10a48,0x0,12579,"Winter's Chill",0x10,DEBUFF,2
4/28 18:51:50.317  SPELL_DAMAGE,GameObject-0-4457-249-1045-176825-0000286659,"Lava Fissure",0x4228,0x0,Player-4755-01AC9FD9,"Alexinho-Dreadmist",0x514,0x0,17731,"Eruption",0x4,Player-4755-01AC9FD9,0000000000000000,56,100,0,0,0,-1,0,0,0,11.45,-211.74,0,2.5671,66,1453,1453,-1,4,0,0,0,nil,nil,nil
4/28 18:51:50.317  SPELL_DAMAGE,GameObject-0-4457-249-1045-176825-0000286659,"Lava Fissure",0x4228,0x0,Player-4755-0178F416,"Eltorero-Dreadmist",0x514,0x0,17731,"Eruption",0x4,Player-4755-0178F416,0000000000000000,71,100,0,0,0,-1,0,0,0,11.28,-217.48,0,2.4893,65,1453,1321,-1,4,0,0,0,nil,nil,nil
4/28 18:51:50.317  SPELL_MISSED,GameObject-0-4457-249-1045-176831-0000286659,"Lava Fissure",0x4228,0x0,Player-4755-0220BD00,"Krikoff-Dreadmist",0x40514,0x0,17731,"Eruption",0x4,RESIST,nil,0
4/28 18:51:50.320  SPELL_DAMAGE,GameObject-0-4457-249-1045-176835-0000286659,"Lava Fissure",0x4228,0x0,Player-4755-01733879,"Hocwar-Dreadmist",0x40514,0x0,17731,"Eruption",0x4,Player-4755-01733879,0000000000000000,73,100,0,0,0,-1,0,0,0,6.41,-195.76,0,5.3338,71,1644,1494,-1,4,0,0,0,nil,nil,nil
4/28 18:51:50.320  SPELL_MISSED,GameObject-0-4457-249-1045-176836-0000286659,"Lava Fissure",0x4228,0x0,Player-4755-01A6B139,"Sakatan-Dreadmist",0x514,0x0,17731,"Eruption",0x4,RESIST,nil,0
4/28 18:51:50.320  SWING_DAMAGE_LANDED,Player-4755-01733879,"Hocwar-Dreadmist",0x40514,0x0,Creature-0-4457-249-1045-10184-000028665C,"Onyxia",0x10a48,0x0,Creature-0-4457-249-1045-10184-000028665C,0000000000000000,24,100,0,0,0,-1,0,0,0,9.96,-202.99,0,0.2893,63,119,151,-1,1,0,0,0,nil,nil,nil
4/28 18:51:50.320  SWING_DAMAGE_LANDED,Pet-0-4457-249-1045-7432-01002D8BC6,"Cat",0x1114,0x0,Creature-0-4457-249-1045-10184-000028665C,"Onyxia",0x10a48,0x0,Creature-0-4457-249-1045-10184-000028665C,0000000000000000,24,100,0,0,0,-1,0,0,0,9.96,-202.99,0,0.2893,63,251,159,-1,1,0,0,0,1,nil,nil
4/28 18:51:50.320  SPELL_AURA_REMOVED,Creature-0-4457-249-1045-10184-000028665C,"Onyxia",0x10a48,0x0,Player-4755-0178F416,"Eltorero-Dreadmist",0x514,0x0,18431,"Bellowing Roar",0x1,DEBUFF
4/28 18:51:50.320  SPELL_AURA_APPLIED,Player-4755-0178F416,"Eltorero-Dreadmist",0x514,0x0,Player-4755-0178F416,"Eltorero-Dreadmist",0x514,0x0,18499,"Berserker Rage",0x1,BUFF
4/28 18:51:50.320  SPELL_CAST_SUCCESS,Player-4755-0178F416,"Eltorero-Dreadmist",0x514,0x0,0000000000000000,nil,0x80000000,0x80000000,18499,"Berserker Rage",0x1,Player-4755-0178F416,0000000000000000,71,100,0,0,0,-1,0,0,0,11.28,-217.48,0,2.4893,65
4/28 18:51:50.340  SPELL_PERIODIC_ENERGIZE,Player-4755-01ED7A64,"Sperzieboon-Dreadmist",0x514,0x0,Player-4755-01ED7A64,"Sperzieboon-Dreadmist",0x514,0x0,15604,"Second Wind",0x40,Player-4755-01ED7A64,0000000000000000,100,100,0,0,0,-1,0,0,0,14.34,-227.18,0,4.9054,67,30.0000,0.0000,0,7261
4/28 18:51:50.340  SPELL_DAMAGE,Player-4755-0178F576,"Atreas-Dreadmist",0x514,0x0,Creature-0-4457-249-1045-10184-000028665C,"Onyxia",0x10a48,0x0,20904,"Aimed Shot",0x1,Creature-0-4457-249-1045-10184-000028665C,0000000000000000,24,100,0,0,0,-1,0,0,0,9.96,-202.99,0,0.2893,63,854,1084,-1,1,0,0,0,nil,nil,nil
4/28 18:51:50.663  SPELL_HEAL,Player-4755-01617EEE,"Fenix-Dreadmist",0x512,0x0,Player-4755-01617EEE,"Fenix-Dreadmist",0x512,0x0,6064,"Heal",0x2,Player-4755-01617EEE,0000000000000000,87,100,0,0,0,-1,0,0,0,21.87,-175.54,0,5.0993,66,1466,1466,0,0,nil
4/28 18:51:50.664  SPELL_CAST_SUCCESS,Player-4755-01617EEE,"Fenix-Dreadmist",0x512,0x0,Player-4755-01617EEE,"Fenix-Dreadmist",0x512,0x0,6064,"Heal",0x2,Player-4755-01617EEE,0000000000000000,87,100,0,0,0,-1,0,0,0,21.87,-175.54,0,5.0993,66
4/28 18:51:50.704  SPELL_DAMAGE,GameObject-0-4457-249-1045-176809-0000286659,"Lava Fissure",0x4228,0x0,Player-4755-01ED7A64,"Sperzieboon-Dreadmist",0x514,0x0,17731,"Eruption",0x4,Player-4755-01ED7A64,0000000000000000,60,100,0,0,0,-1,0,0,0,14.86,-229.84,0,4.9054,67,1565,1565,-1,4,0,0,0,nil,nil,nil
4/28 18:51:50.704  SPELL_MISSED,GameObject-0-4457-249-1045-176838-0000286659,"Lava Fissure",0x4228,0x0,Player-4755-01614AC7,"Mirrimazduur-Dreadmist",0x512,0x0,17731,"Eruption",0x4,RESIST,nil,0
4/28 18:51:50.704  SPELL_DAMAGE,GameObject-0-4457-249-1045-176837-0000286659,"Lava Fissure",0x4228,0x0,Player-4755-02045EF4,"Necrosini-Dreadmist",0x512,0x0,17731,"Eruption",0x4,Player-4755-02045EF4,0000000000000000,66,100,0,0,0,-1,0,0,0,5.14,-189.57,0,3.4056,69,1184,1316,-1,4,0,0,0,nil,nil,nil
4/28 18:51:50.704  SPELL_AURA_APPLIED,Pet-0-4457-249-1045-7432-01002D8BC6,"Cat",0x1114,0x0,Pet-0-4457-249-1045-7432-01002D8BC6,"Cat",0x1114,0x0,19615,"Frenzy Effect",0x1,BUFF
4/28 18:51:50.704  SPELL_AURA_REMOVED,Creature-0-4457-249-1045-10184-000028665C,"Onyxia",0x10a48,0x0,Player-4755-01F21AE6,"Blahu-Dreadmist",0x40514,0x0,18431,"Bellowing Roar",0x1,DEBUFF
4/28 18:51:50.704  SPELL_AURA_REMOVED,Creature-0-4457-249-1045-10184-000028665C,"Onyxia",0x10a48,0x0,Player-4755-0220BD00,"Krikoff-Dreadmist",0x40514,0x0,18431,"Bellowing Roar",0x1,DEBUFF
4/28 18:51:50.704  SPELL_AURA_REMOVED,Creature-0-4457-249-1045-10184-000028665C,"Onyxia",0x10a48,0x0,Player-4755-01840577,"Raggèn-Dreadmist",0x514,0x0,18431,"Bellowing Roar",0x1,DEBUFF
4/28 18:51:50.704  SPELL_DAMAGE,Player-4755-0163DD9D,"Kaspais-Dreadmist",0x514,0x0,Creature-0-4457-249-1045-10184-000028665C,"Onyxia",0x10a48,0x0,10181,"Frostbolt",0x10,Creature-0-4457-249-1045-10184-000028665C,0000000000000000,24,100,0,0,0,-1,0,0,0,9.96,-202.99,0,0.2893,63,928,843,-1,16,0,0,0,nil,nil,nil
4/28 18:51:50.729  SPELL_CAST_SUCCESS,Player-4755-0210153A,"Hapuseneb-Dreadmist",0x514,0x0,Player-4755-01E83279,"Nlmasters-Dreadmist",0x514,0x8,6064,"Heal",0x2,Player-4755-0210153A,0000000000000000,100,100,0,0,0,-1,0,0,0,6.28,-238.83,0,1.6179,66
4/28 18:51:50.729  RANGE_DAMAGE,Player-4755-0178F576,"Atreas-Dreadmist",0x514,0x0,Creature-0-4457-249-1045-10184-000028665C,"Onyxia",0x10a48,0x0,75,"Auto Shot",0x1,Creature-0-4457-249-1045-10184-000028665C,0000000000000000,24,100,0,0,0,-1,0,0,0,9.96,-202.99,0,0.2893,63,378,479,-1,1,0,0,0,nil,nil,nil
4/28 18:51:50.786  SPELL_AURA_REMOVED,Creature-0-4457-249-1045-10184-000028665C,"Onyxia",0x10a48,0x0,Player-4755-01614AC7,"Mirrimazduur-Dreadmist",0x512,0x0,18431,"Bellowing Roar",0x1,DEBUFF
4/28 18:51:50.786  SPELL_AURA_APPLIED,Player-4755-01614AC7,"Mirrimazduur-Dreadmist",0x512,0x0,Player-4755-01614AC7,"Mirrimazduur-Dreadmist",0x512,0x0,7744,"Will of the Forsaken",0x1,BUFF
4/28 18:51:50.786  SPELL_CAST_SUCCESS,Player-4755-01614AC7,"Mirrimazduur-Dreadmist",0x512,0x0,0000000000000000,nil,0x80000000,0x80000000,7744,"Will of the Forsaken",0x1,Player-4755-01614AC7,0000000000000000,100,100,0,0,0,-1,0,0,0,7.34,-171.81,0,1.8491,68
4/28 18:51:50.786  SPELL_DAMAGE,Player-4755-020BD78D,"Lonehunter-Dreadmist",0x514,0x0,Creature-0-4457-249-1045-10184-000028665C,"Onyxia",0x10a48,0x0,14290,"Multi-Shot",0x1,Creature-0-4457-249-1045-10184-000028665C,0000000000000000,24,100,0,0,0,-1,0,0,0,9.96,-202.99,0,0.2893,63,537,682,-1,1,0,0,0,nil,nil,nil
4/28 18:51:50.831  SPELL_CAST_FAILED,Player-4755-01BC57A3,"Saintis-Dreadmist",0x511,0x0,0000000000000000,nil,0x80000000,0x80000000,14751,"Inner Focus",0x1,"Can't do that while fleeing"
4/28 18:51:50.850  SPELL_CAST_FAILED,Player-4755-01BC57A3,"Saintis-Dreadmist",0x511,0x0,0000000000000000,nil,0x80000000,0x80000000,7744,"Will of the Forsaken",0x1,"Not yet recovered"
4/28 18:51:50.955  RANGE_DAMAGE,Player-4755-020BD78D,"Lonehunter-Dreadmist",0x514,0x0,Creature-0-4457-249-1045-10184-000028665C,"Onyxia",0x10a48,0x0,75,"Auto Shot",0x1,Creature-0-4457-249-1045-10184-000028665C,0000000000000000,24,100,0,0,0,-1,0,0,0,9.96,-202.99,0,0.2893,63,357,453,-1,1,0,0,0,nil,nil,nil
4/28 18:51:50.955  SPELL_AURA_APPLIED,Player-4755-01733879,"Hocwar-Dreadmist",0x40514,0x0,Player-4755-01733879,"Hocwar-Dreadmist",0x40514,0x0,26635,"Berserking",0x1,BUFF
4/28 18:51:50.955  SPELL_CAST_SUCCESS,Player-4755-01733879,"Hocwar-Dreadmist",0x40514,0x0,0000000000000000,nil,0x80000000,0x80000000,26296,"Berserking",0x1,Player-4755-01733879,0000000000000000,73,100,0,0,0,-1,0,0,0,6.41,-195.76,0,5.3181,71
4/28 18:51:50.955  SWING_DAMAGE,Player-4755-01733879,"Hocwar-Dreadmist",0x40514,0x0,Creature-0-4457-249-1045-10184-000028665C,"Onyxia",0x10a48,0x0,Player-4755-01733879,0000000000000000,73,100,0,0,0,-1,0,0,0,6.41,-195.76,0,5.3181,71,198,291,-1,1,0,0,0,nil,1,nil
4/28 18:51:51.006  SPELL_DAMAGE,Player-4755-015FEBD5,"Sauvage-Dreadmist",0x514,0x0,Creature-0-4457-249-1045-10184-000028665C,"Onyxia",0x10a48,0x0,10181,"Frostbolt",0x10,Creature-0-4457-249-1045-10184-000028665C,0000000000000000,23,100,0,0,0,-1,0,0,0,9.96,-202.99,0,0.2893,63,900,818,-1,16,0,0,0,nil,nil,nil
4/28 18:51:51.120  SPELL_MISSED,GameObject-0-4457-249-1045-176515-0000286659,"Lava Fissure",0x4228,0x0,Player-4755-01E83279,"Nlmasters-Dreadmist",0x514,0x8,17731,"Eruption",0x4,RESIST,nil,0
4/28 18:51:51.120  SPELL_DAMAGE,GameObject-0-4457-249-1045-176514-0000286659,"Lava Fissure",0x4228,0x0,Player-4755-01ED7A64,"Sperzieboon-Dreadmist",0x514,0x0,17731,"Eruption",0x4,Player-4755-01ED7A64,0000000000000000,23,100,0,0,0,-1,0,0,0,15.39,-232.97,0,4.8121,67,1417,1417,-1,4,0,0,0,nil,nil,nil
4/28 18:51:51.120  SPELL_DAMAGE,GameObject-0-4457-249-1045-176838-0000286659,"Lava Fissure",0x4228,0x0,Pet-0-4457-249-1045-2850-01001956F9,"Kratos",0x1114,0x0,17731,"Eruption",0x4,Pet-0-4457-249-1045-2850-01001956F9,Player-4755-0178F576,26,100,0,0,0,-1,0,0,0,8.48,-172.42,0,2.1193,66,1400,1400,-1,4,0,0,0,nil,nil,nil
4/28 18:51:51.120  SPELL_DAMAGE,GameObject-0-4457-249-1045-176838-0000286659,"Lava Fissure",0x4228,0x0,Player-4755-01804B95,"Moymoy-Dreadmist",0x514,0x0,17731,"Eruption",0x4,Player-4755-01804B95,0000000000000000,52,100,0,0,0,-1,0,0,0,11.50,-172.90,0,1.3709,66,1675,1675,-1,4,0,0,0,nil,nil,nil
4/28 18:51:51.120  SPELL_HEAL,Player-4755-0210153A,"Hapuseneb-Dreadmist",0x514,0x0,Player-4755-01E83279,"Nlmasters-Dreadmist",0x514,0x8,6064,"Heal",0x2,Player-4755-01E83279,0000000000000000,100,100,0,0,0,-1,0,0,0,19.99,-248.48,0,5.8160,71,1396,1396,0,0,nil
4/28 18:51:51.120  SWING_DAMAGE_LANDED,Player-4755-01733879,"Hocwar-Dreadmist",0x40514,0x0,Creature-0-4457-249-1045-10184-000028665C,"Onyxia",0x10a48,0x0,Creature-0-4457-249-1045-10184-000028665C,0000000000000000,23,100,0,0,0,-1,0,0,0,9.96,-202.99,0,0.2893,63,198,291,-1,1,0,0,0,nil,1,nil
4/28 18:51:51.120  SPELL_AURA_APPLIED,Player-4755-015FEBD5,"Sauvage-Dreadmist",0x514,0x0,Player-4755-015FEBD5,"Sauvage-Dreadmist",0x514,0x0,12536,"Clearcasting",0x40,BUFF
4/28 18:51:51.196  SWING_MISSED,Player-4755-01F21AE6,"Blahu-Dreadmist",0x40514,0x0,Creature-0-4457-249-1045-10184-000028665C,"Onyxia",0x10a48,0x0,MISS,nil
4/28 18:51:51.211  SPELL_PERIODIC_ENERGIZE,Creature-0-4457-249-1045-7416-0000286CFC,"Mana Spring Totem IV",0x2114,0x0,Player-4755-016296D3,"Nivl-Dreadmist",0x514,0x0,10494,"Mana Spring",0x8,Player-4755-016296D3,0000000000000000,100,100,0,0,0,-1,0,0,0,-0.59,-171.08,0,1.2932,69,10.0000,0.0000,0,5845
4/28 18:51:51.358  SPELL_PERIODIC_ENERGIZE,Player-4755-01ED7A64,"Sperzieboon-Dreadmist",0x514,0x0,Player-4755-01ED7A64,"Sperzieboon-Dreadmist",0x514,0x0,15604,"Second Wind",0x40,Player-4755-01ED7A64,0000000000000000,23,100,0,0,0,-1,0,0,0,15.57,-234.78,0,4.8121,67,30.0000,0.0000,0,7261
4/28 18:51:51.409  SWING_MISSED,Player-4755-01733879,"Hocwar-Dreadmist",0x40514,0x0,Creature-0-4457-249-1045-10184-000028665C,"Onyxia",0x10a48,0x0,DODGE,1
4/28 18:51:51.440  SPELL_AURA_REMOVED,Player-4755-01AC9FD9,"Alexinho-Dreadmist",0x514,0x0,Player-4755-01AC9FD9,"Alexinho-Dreadmist",0x514,0x0,6774,"Slice and Dice",0x1,BUFF
4/28 18:51:51.455  SWING_DAMAGE,Pet-0-4457-249-1045-7432-01002D8BC6,"Cat",0x1114,0x0,Creature-0-4457-249-1045-10184-000028665C,"Onyxia",0x10a48,0x0,Pet-0-4457-249-1045-7432-01002D8BC6,Player-4755-01E83279,34,100,0,0,0,-1,0,0,0,-13.33,-193.99,0,5.9144,71,261,165,-1,1,0,0,0,1,nil,nil
4/28 18:51:51.486  SPELL_CAST_SUCCESS,Player-4755-01733879,"Hocwar-Dreadmist",0x40514,0x0,Creature-0-4457-249-1045-10184-000028665C,"Onyxia",0x10a48,0x0,23881,"Bloodthirst",0x1,Player-4755-01733879,0000000000000000,74,100,0,0,0,-1,0,0,0,6.41,-195.76,0,5.3181,71
4/28 18:51:51.486  SPELL_AURA_APPLIED,Player-4755-01733879,"Hocwar-Dreadmist",0x40514,0x0,Player-4755-01733879,"Hocwar-Dreadmist",0x40514,0x0,10610,"Windfury Totem",0x8,BUFF
4/28 18:51:51.486  SPELL_EXTRA_ATTACKS,Player-4755-01733879,"Hocwar-Dreadmist",0x40514,0x0,Player-4755-01733879,"Hocwar-Dreadmist",0x40514,0x0,10610,"Windfury Totem",0x8,1
4/28 18:51:51.505  SWING_MISSED,Player-4755-01733879,"Hocwar-Dreadmist",0x40514,0x0,Creature-0-4457-249-1045-10184-000028665C,"Onyxia",0x10a48,0x0,MISS,nil
4/28 18:51:51.505  SWING_DAMAGE,Creature-0-4457-249-1045-11262-0000286D35,"Onyxian Whelp",0xa48,0x0,Player-4755-01637B0A,"Pindle-Dreadmist",0x514,0x0,Creature-0-4457-249-1045-11262-0000286D35,0000000000000000,100,100,0,0,0,-1,0,0,0,-28.92,-169.01,0,5.9404,56,585,399,-1,1,0,0,0,1,nil,nil
4/28 18:51:51.530  SPELL_AURA_REMOVED_DOSE,Player-4755-01733879,"Hocwar-Dreadmist",0x40514,0x0,Player-4755-01733879,"Hocwar-Dreadmist",0x40514,0x0,10610,"Windfury Totem",0x8,BUFF,1
4/28 18:51:51.530  SPELL_AURA_REMOVED,Creature-0-4457-249-1045-10184-000028665C,"Onyxia",0x10a48,0x0,Player-4755-01ED7A64,"Sperzieboon-Dreadmist",0x514,0x0,18431,"Bellowing Roar",0x1,DEBUFF
4/28 18:51:51.530  SPELL_AURA_REMOVED,Creature-0-4457-249-1045-10184-000028665C,"Onyxia",0x10a48,0x0,Player-4755-01FA8DD8,"Roackerita-Dreadmist",0x514,0x0,18431,"Bellowing Roar",0x1,DEBUFF
4/28 18:51:51.530  SPELL_AURA_REMOVED,Creature-0-4457-249-1045-10184-000028665C,"Onyxia",0x10a48,0x0,Player-4755-01804B95,"Moymoy-Dreadmist",0x514,0x0,18431,"Bellowing Roar",0x1,DEBUFF
4/28 18:51:51.530  SWING_DAMAGE_LANDED,Pet-0-4457-249-1045-7432-01002D8BC6,"Cat",0x1114,0x0,Creature-0-4457-249-1045-10184-000028665C,"Onyxia",0x10a48,0x0,Creature-0-4457-249-1045-10184-000028665C,0000000000000000,23,100,0,0,0,-1,0,0,0,9.96,-202.99,0,0.2893,63,261,165,-1,1,0,0,0,1,nil,nil
4/28 18:51:51.530  SPELL_DAMAGE,Player-4755-01733879,"Hocwar-Dreadmist",0x40514,0x0,Creature-0-4457-249-1045-10184-000028665C,"Onyxia",0x10a48,0x0,23881,"Bloodthirst",0x1,Creature-0-4457-249-1045-10184-000028665C,0000000000000000,23,100,0,0,0,-1,0,0,0,9.96,-202.99,0,0.2893,63,478,606,-1,1,0,0,0,nil,nil,nil
4/28 18:51:51.530  SPELL_AURA_APPLIED,Player-4755-01733879,"Hocwar-Dreadmist",0x40514,0x0,Player-4755-01733879,"Hocwar-Dreadmist",0x40514,0x0,23885,"Bloodthirst",0x1,BUFF
4/28 18:51:51.530  SWING_DAMAGE_LANDED,Creature-0-4457-249-1045-11262-0000286D35,"Onyxian Whelp",0xa48,0x0,Player-4755-01637B0A,"Pindle-Dreadmist",0x514,0x0,Player-4755-01637B0A,0000000000000000,69,100,0,0,0,-1,0,0,0,-25.55,-170.21,0,5.5377,65,585,399,-1,1,0,0,0,1,nil,nil
4/28 18:51:51.599  SPELL_AURA_REMOVED,Player-4755-01A6B139,"Sakatan-Dreadmist",0x514,0x0,Player-4755-01A6B139,"Sakatan-Dreadmist",0x514,0x0,11196,"Recently Bandaged",0x1,DEBUFF
4/28 18:51:51.675  SPELL_AURA_REMOVED,Player-4755-01733879,"Hocwar-Dreadmist",0x40514,0x0,Player-4755-01733879,"Hocwar-Dreadmist",0x40514,0x0,23885,"Bloodthirst",0x1,BUFF
4/28 18:51:51.774  SPELL_PERIODIC_ENERGIZE,Creature-0-4457-249-1045-7416-0000286D2B,"Mana Spring Totem IV",0x2114,0x0,Player-4755-01840577,"Raggèn-Dreadmist",0x514,0x0,10494,"Mana Spring",0x8,Player-4755-01840577,0000000000000000,100,100,0,0,0,-1,0,0,0,12.86,-213.63,0,1.5659,67,10.0000,0.0000,0,3790
4/28 18:51:51.835  SPELL_PERIODIC_ENERGIZE,Creature-0-4457-249-1045-7416-0000286CFC,"Mana Spring Totem IV",0x2114,0x0,Player-4755-0178F576,"Atreas-Dreadmist",0x514,0x0,10494,"Mana Spring",0x8,Player-4755-0178F576,0000000000000000,100,100,0,0,0,-1,0,0,0,-1.15,-170.83,0,1.0440,66,10.0000,0.0000,0,3765
4/28 18:51:51.850  SPELL_PERIODIC_HEAL,Player-4755-0210153A,"Hapuseneb-Dreadmist",0x514,0x0,Player-4755-01AC9FD9,"Alexinho-Dreadmist",0x514,0x0,10929,"Renew",0x2,Player-4755-01AC9FD9,0000000000000000,63,100,0,0,0,-1,0,0,0,1.23,-205.89,0,2.6452,66,292,292,0,0,nil
4/28 18:51:51.914  SPELL_DAMAGE,GameObject-0-4457-249-1045-176815-0000286659,"Lava Fissure",0x4228,0x0,Player-4755-015FEBD5,"Sauvage-Dreadmist",0x514,0x0,17731,"Eruption",0x4,Player-4755-015FEBD5,0000000000000000,61,100,0,0,0,-1,0,0,0,-1.36,-243.16,0,5.2827,64,1476,1476,-1,4,0,0,0,nil,nil,nil
4/28 18:51:51.930  SPELL_ENERGIZE,Player-4755-01733879,"Hocwar-Dreadmist",0x40514,0x0,Player-4755-01733879,"Hocwar-Dreadmist",0x40514,0x0,12964,"Unbridled Wrath",0x1,Player-4755-01733879,0000000000000000,74,100,0,0,0,-1,0,0,0,6.41,-195.76,0,5.3181,71,1.0000,0.0000,1,1000
4/28 18:51:51.930  SPELL_AURA_REMOVED,Player-4755-01733879,"Hocwar-Dreadmist",0x40514,0x0,Player-4755-01733879,"Hocwar-Dreadmist",0x40514,0x0,10610,"Windfury Totem",0x8,BUFF
4/28 18:51:51.930  SPELL_AURA_REFRESH,Pet-0-4457-249-1045-7432-01002D8BC6,"Cat",0x1114,0x0,Pet-0-4457-249-1045-7432-01002D8BC6,"Cat",0x1114,0x0,19615,"Frenzy Effect",0x1,BUFF
4/28 18:51:51.977  SWING_DAMAGE,Creature-0-4457-249-1045-10184-000028665C,"Onyxia",0x10a48,0x0,Player-4755-0220BD00,"Krikoff-Dreadmist",0x40514,0x0,Creature-0-4457-249-1045-10184-000028665C,0000000000000000,23,100,0,0,0,-1,0,0,0,9.96,-202.99,0,0.2893,63,608,1712,-1,1,0,0,0,nil,nil,nil
4/28 18:51:51.977  SPELL_CAST_SUCCESS,Player-4755-0220BD00,"Krikoff-Dreadmist",0x40514,0x0,Creature-0-4457-249-1045-10184-000028665C,"Onyxia",0x10a48,0x0,11567,"Heroic Strike",0x1,Player-4755-0220BD00,0000000000000000,85,100,0,0,0,-1,0,0,0,25.81,-200.95,0,3.2319,68
4/28 18:51:52.087  SPELL_PERIODIC_DAMAGE,Player-4755-0160BD13,"Mafkees-Dreadmist",0x514,0x0,Creature-0-4457-249-1045-10184-000028665C,"Onyxia",0x10a48,0x0,12721,"Deep Wound",0x1,Creature-0-4457-249-1045-10184-000028665C,0000000000000000,23,100,0,0,0,-1,0,0,0,9.96,-202.99,0,0.2893,63,89,89,-1,1,0,0,0,nil,nil,nil
4/28 18:51:52.101  SWING_MISSED,Player-4755-01F21AE6,"Blahu-Dreadmist",0x40514,0x0,Creature-0-4457-249-1045-10184-000028665C,"Onyxia",0x10a48,0x0,MISS,1
4/28 18:51:52.301  SPELL_AURA_REMOVED,Player-4755-020BD78D,"Lonehunter-Dreadmist",0x514,0x0,Player-4755-01840577,"Raggèn-Dreadmist",0x514,0x0,20906,"Trueshot Aura",0x40,BUFF
4/28 18:51:52.320  UNIT_DIED,0000000000000000,nil,0x80000000,0x80000000,Creature-0-4457-249-1045-11262-0000286CBF,"Onyxian Whelp",0xa48,0x0
4/28 18:51:52.320  UNIT_DIED,0000000000000000,nil,0x80000000,0x80000000,Creature-0-4457-249-1045-11262-0000A86CBF,"Onyxian Whelp",0xa48,0x0
4/28 18:51:52.320  UNIT_DIED,0000000000000000,nil,0x80000000,0x80000000,Creature-0-4457-249-1045-11262-0001286CBF,"Onyxian Whelp",0xa48,0x0
4/28 18:51:52.320  UNIT_DIED,0000000000000000,nil,0x80000000,0x80000000,Creature-0-4457-249-1045-11262-0001A86CBF,"Onyxian Whelp",0xa48,0x0
4/28 18:51:52.320  SWING_DAMAGE_LANDED,Creature-0-4457-249-1045-10184-000028665C,"Onyxia",0x10a48,0x0,Player-4755-0220BD00,"Krikoff-Dreadmist",0x40514,0x0,Player-4755-0220BD00,0000000000000000,75,100,0,0,0,-1,0,0,0,25.81,-200.95,0,3.2751,68,608,1712,-1,1,0,0,0,nil,nil,nil
4/28 18:51:52.320  SPELL_DAMAGE,Player-4755-0220BD00,"Krikoff-Dreadmist",0x40514,0x0,Creature-0-4457-249-1045-10184-000028665C,"Onyxia",0x10a48,0x0,11567,"Heroic Strike",0x1,Creature-0-4457-249-1045-10184-000028665C,0000000000000000,23,100,0,0,0,-1,0,0,0,9.96,-202.99,0,0.2893,63,295,433,-1,1,0,46,0,nil,nil,nil
4/28 18:51:52.355  SPELL_PERIODIC_ENERGIZE,Player-4755-01ED7A64,"Sperzieboon-Dreadmist",0x514,0x0,Player-4755-01ED7A64,"Sperzieboon-Dreadmist",0x514,0x0,15604,"Second Wind",0x40,Player-4755-01ED7A64,0000000000000000,23,100,0,0,0,-1,0,0,0,15.72,-235.25,0,1.5594,67,30.0000,0.0000,0,7261
4/28 18:51:52.445  SPELL_CAST_START,Player-4755-01617EEE,"Fenix-Dreadmist",0x512,0x0,0000000000000000,nil,0x80000000,0x80000000,9474,"Flash Heal",0x2
4/28 18:51:52.573  SPELL_CAST_START,Player-4755-0210153A,"Hapuseneb-Dreadmist",0x514,0x0,0000000000000000,nil,0x80000000,0x80000000,6064,"Heal",0x2
4/28 18:51:52.633  SWING_DAMAGE,Pet-0-4457-249-1045-7432-01002D8BC6,"Cat",0x1114,0x0,Creature-0-4457-249-1045-10184-000028665C,"Onyxia",0x10a48,0x0,Pet-0-4457-249-1045-7432-01002D8BC6,Player-4755-01E83279,34,100,0,0,0,-1,0,0,0,-13.33,-193.99,0,5.9144,71,79,151,-1,1,0,0,0,nil,1,nil
4/28 18:51:52.722  SWING_DAMAGE,Creature-0-4457-249-1045-11262-0000A86D35,"Onyxian Whelp",0xa48,0x0,Player-4755-01637B0A,"Pindle-Dreadmist",0x514,0x0,Creature-0-4457-249-1045-11262-0000A86D35,0000000000000000,100,100,0,0,0,-1,0,0,0,-28.98,-167.92,0,4.7617,57,332,451,-1,1,0,0,0,nil,nil,nil
4/28 18:51:52.739  DAMAGE_SHIELD_MISSED,Player-4755-0220BD00,"Krikoff-Dreadmist",0x40514,0x0,Creature-0-4457-249-1045-10184-000028665C,"Onyxia",0x10a48,0x0,11771,"Fire Shield",0x4,IMMUNE,nil
4/28 18:51:52.739  SPELL_ENERGIZE,Player-4755-0220BD00,"Krikoff-Dreadmist",0x40514,0x0,Player-4755-0220BD00,"Krikoff-Dreadmist",0x40514,0x0,29478,"Battlegear of Might",0x1,Player-4755-0220BD00,0000000000000000,75,100,0,0,0,-1,0,0,0,25.64,-199.75,0,3.2830,68,1.0000,0.0000,1,1000
4/28 18:51:52.739  SWING_DAMAGE_LANDED,Pet-0-4457-249-1045-7432-01002D8BC6,"Cat",0x1114,0x0,Creature-0-4457-249-1045-10184-000028665C,"Onyxia",0x10a48,0x0,Creature-0-4457-249-1045-10184-000028665C,0000000000000000,23,100,0,0,0,-1,0,0,0,9.96,-202.99,0,0.2893,63,79,151,-1,1,0,0,0,nil,1,nil
4/28 18:51:52.739  SWING_DAMAGE_LANDED,Creature-0-4457-249-1045-11262-0000A86D35,"Onyxian Whelp",0xa48,0x0,Player-4755-01637B0A,"Pindle-Dreadmist",0x514,0x0,Player-4755-01637B0A,0000000000000000,61,100,0,0,0,-1,0,0,0,-25.66,-170.22,0,3.2027,65,332,451,-1,1,0,0,0,nil,nil,nil
4/28 18:51:52.739  SPELL_CAST_START,Player-4755-01614AC7,"Mirrimazduur-Dreadmist",0x512,0x0,0000000000000000,nil,0x80000000,0x80000000,11672,"Corruption",0x20
4/28 18:51:52.739  SPELL_CAST_SUCCESS,Player-4755-01614AC7,"Mirrimazduur-Dreadmist",0x512,0x0,Creature-0-4457-249-1045-10184-000028665C,"Onyxia",0x10a48,0x0,11672,"Corruption",0x20,Player-4755-01614AC7,0000000000000000,100,100,0,0,0,-1,0,0,0,7.73,-173.08,0,4.7543,68
4/28 18:51:52.769  SWING_DAMAGE,Player-4755-01733879,"Hocwar-Dreadmist",0x40514,0x0,Creature-0-4457-249-1045-10184-000028665C,"Onyxia",0x10a48,0x0,Player-4755-01733879,0000000000000000,74,100,0,0,0,-1,0,0,0,6.41,-195.76,0,5.3024,71,111,169,-1,1,0,0,0,nil,1,nil
4/28 18:51:52.769  SPELL_PERIODIC_ENERGIZE,Player-4755-01802FE5,"Angrybat-Dreadmist",0x514,0x0,Player-4755-01802FE5,"Angrybat-Dreadmist",0x514,0x0,18194,"Mana Regeneration",0x1,Player-4755-01802FE5,0000000000000000,98,100,0,0,0,-1,0,0,0,-3.95,-173.08,0,2.4511,66,8.0000,0.0000,0,6033
4/28 18:51:52.903  SPELL_PERIODIC_DAMAGE,Player-4755-0178F416,"Eltorero-Dreadmist",0x514,0x0,Creature-0-4457-249-1045-10184-000028665C,"Onyxia",0x10a48,0x0,12721,"Deep Wound",0x1,Creature-0-4457-249-1045-10184-000028665C,0000000000000000,23,100,0,0,0,-1,0,0,0,9.96,-202.99,0,0.2893,63,37,36,-1,1,0,0,0,nil,nil,nil
4/28 18:51:52.903  SPELL_AURA_REMOVED,Creature-0-4457-249-1045-10184-000028665C,"Onyxia",0x10a48,0x0,Player-4755-016296D3,"Nivl-Dreadmist",0x514,0x0,18431,"Bellowing Roar",0x1,DEBUFF
4/28 18:51:52.903  SPELL_AURA_REMOVED,Creature-0-4457-249-1045-10184-000028665C,"Onyxia",0x10a48,0x0,Player-4755-015FEBD5,"Sauvage-Dreadmist",0x514,0x0,18431,"Bellowing Roar",0x1,DEBUFF
4/28 18:51:52.903  SPELL_AURA_REMOVED,Creature-0-4457-249-1045-10184-000028665C,"Onyxia",0x10a48,0x0,Player-4755-01637B0A,"Pindle-Dreadmist",0x514,0x0,18431,"Bellowing Roar",0x1,DEBUFF
4/28 18:51:52.903  SPELL_AURA_REMOVED,Creature-0-4457-249-1045-10184-000028665C,"Onyxia",0x10a48,0x0,Player-4755-0178F576,"Atreas-Dreadmist",0x514,0x0,18431,"Bellowing Roar",0x1,DEBUFF
4/28 18:51:52.903  SPELL_AURA_REMOVED,Creature-0-4457-249-1045-10184-000028665C,"Onyxia",0x10a48,0x0,Player-4755-01802FE5,"Angrybat-Dreadmist",0x514,0x0,18431,"Bellowing Roar",0x1,DEBUFF
4/28 18:51:52.903  SPELL_AURA_REMOVED,Creature-0-4457-249-1045-10184-000028665C,"Onyxia",0x10a48,0x0,Player-4755-0160BD13,"Mafkees-Dreadmist",0x514,0x0,18431,"Bellowing Roar",0x1,DEBUFF
4/28 18:51:52.903  SPELL_AURA_REMOVED,Creature-0-4457-249-1045-10184-000028665C,"Onyxia",0x10a48,0x0,Player-4755-016DF694,"Ashalan-Dreadmist",0x514,0x0,18431,"Bellowing Roar",0x1,DEBUFF
4/28 18:51:52.903  SPELL_AURA_REMOVED,Creature-0-4457-249-1045-10184-000028665C,"Onyxia",0x10a48,0x0,Player-4755-0163DD9D,"Kaspais-Dreadmist",0x514,0x0,18431,"Bellowing Roar",0x1,DEBUFF
4/28 18:51:52.903  SPELL_AURA_REMOVED,Creature-0-4457-249-1045-10184-000028665C,"Onyxia",0x10a48,0x0,Player-4755-01BC57A3,"Saintis-Dreadmist",0x511,0x0,18431,"Bellowing Roar",0x1,DEBUFF
4/28 18:51:52.903  SPELL_AURA_REMOVED,Creature-0-4457-249-1045-10184-000028665C,"Onyxia",0x10a48,0x0,Player-4755-01AC9FD9,"Alexinho-Dreadmist",0x514,0x0,18431,"Bellowing Roar",0x1,DEBUFF
4/28 18:51:52.903  SPELL_AURA_REMOVED,Creature-0-4457-249-1045-10184-000028665C,"Onyxia",0x10a48,0x0,Player-4755-01A6B139,"Sakatan-Dreadmist",0x514,0x0,18431,"Bellowing Roar",0x1,DEBUFF
4/28 18:51:52.903  SPELL_AURA_REMOVED,Creature-0-4457-249-1045-10184-000028665C,"Onyxia",0x10a48,0x0,Player-4755-01E83279,"Nlmasters-Dreadmist",0x514,0x8,18431,"Bellowing Roar",0x1,DEBUFF
4/28 18:51:52.903  SPELL_AURA_REMOVED,Creature-0-4457-249-1045-10184-000028665C,"Onyxia",0x10a48,0x0,Player-4755-01F36B30,"Rectumqeef-Dreadmist",0x514,0x0,18431,"Bellowing Roar",0x1,DEBUFF
4/28 18:51:52.903  SPELL_AURA_REMOVED,Creature-0-4457-249-1045-10184-000028665C,"Onyxia",0x10a48,0x0,Pet-0-4457-249-1045-2850-01001956F9,"Kratos",0x1114,0x0,18431,"Bellowing Roar",0x1,DEBUFF
4/28 18:51:52.903  SPELL_AURA_REMOVED,Creature-0-4457-249-1045-10184-000028665C,"Onyxia",0x10a48,0x0,Player-4755-020BD78D,"Lonehunter-Dreadmist",0x514,0x0,18431,"Bellowing Roar",0x1,DEBUFF
4/28 18:51:52.903  SPELL_AURA_REMOVED,Creature-0-4457-249-1045-10184-000028665C,"Onyxia",0x10a48,0x0,Player-4755-02045EF4,"Necrosini-Dreadmist",0x512,0x0,18431,"Bellowing Roar",0x1,DEBUFF
4/28 18:51:52.986  SPELL_PERIODIC_HEAL,Player-4755-02045EF4,"Necrosini-Dreadmist",0x512,0x0,Player-4755-0220BD00,"Krikoff-Dreadmist",0x40514,0x0,10929,"Renew",0x2,Player-4755-0220BD00,0000000000000000,79,100,0,0,0,-1,0,0,0,25.64,-199.75,0,3.3851,68,253,253,0,0,nil
4/28 18:51:53.020  SWING_DAMAGE,Player-4755-01733879,"Hocwar-Dreadmist",0x40514,0x0,Creature-0-4457-249-1045-10184-000028665C,"Onyxia",0x10a48,0x0,Player-4755-01733879,0000000000000000,74,100,0,0,0,-1,0,0,0,6.41,-195.76,0,5.2867,71,197,303,-1,1,0,0,0,nil,1,nil
4/28 18:51:53.066  SPELL_PERIODIC_ENERGIZE,Creature-0-4457-249-1045-11101-0000286D32,"Mana Tide Totem III",0x2114,0x0,Player-4755-01FA8DD8,"Roackerita-Dreadmist",0x514,0x0,17360,"Mana Tide",0x8,Player-4755-01FA8DD8,0000000000000000,34,100,0,0,0,-1,0,0,0,9.63,-170.66,0,2.9911,69,290.0000,0.0000,0,6736
4/28 18:51:53.066  SPELL_PERIODIC_ENERGIZE,Creature-0-4457-249-1045-11101-0000286D32,"Mana Tide Totem III",0x2114,0x0,Player-4755-01804B95,"Moymoy-Dreadmist",0x514,0x0,17360,"Mana Tide",0x8,Player-4755-01804B95,0000000000000000,52,100,0,0,0,-1,0,0,0,12.50,-178.35,0,4.9266,66,290.0000,0.0000,0,5366
4/28 18:51:53.081  SPELL_AURA_REMOVED,Player-4755-01A6B139,"Sakatan-Dreadmist",0x514,0x0,Player-4755-01A6B139,"Sakatan-Dreadmist",0x514,0x0,13877,"Blade Flurry",0x1,BUFF
4/28 18:51:53.097  SPELL_CAST_START,Player-4755-01804B95,"Moymoy-Dreadmist",0x514,0x0,0000000000000000,nil,0x80000000,0x80000000,10468,"Lesser Healing Wave",0x8
4/28 18:51:53.097  SPELL_CAST_START,Player-4755-01ED7A64,"Sperzieboon-Dreadmist",0x514,0x0,0000000000000000,nil,0x80000000,0x80000000,10917,"Flash Heal",0x2
4/28 18:51:53.141  SPELL_AURA_APPLIED,Player-4755-01614AC7,"Mirrimazduur-Dreadmist",0x512,0x0,Creature-0-4457-249-1045-10184-000028665C,"Onyxia",0x10a48,0x0,11672,"Corruption",0x20,DEBUFF
4/28 18:51:53.141  SWING_DAMAGE_LANDED,Player-4755-01733879,"Hocwar-Dreadmist",0x40514,0x0,Creature-0-4457-249-1045-10184-000028665C,"Onyxia",0x10a48,0x0,Creature-0-4457-249-1045-10184-000028665C,0000000000000000,23,100,0,0,0,-1,0,0,0,9.96,-202.99,0,0.2893,63,111,169,-1,1,0,0,0,nil,1,nil
4/28 18:51:53.141  SWING_DAMAGE_LANDED,Player-4755-01733879,"Hocwar-Dreadmist",0x40514,0x0,Creature-0-4457-249-1045-10184-000028665C,"Onyxia",0x10a48,0x0,Creature-0-4457-249-1045-10184-000028665C,0000000000000000,23,100,0,0,0,-1,0,0,0,9.96,-202.99,0,0.2893,63,197,303,-1,1,0,0,0,nil,1,nil
4/28 18:51:53.206  SPELL_PERIODIC_ENERGIZE,Creature-0-4457-249-1045-7416-0000286CFC,"Mana Spring Totem IV",0x2114,0x0,Player-4755-016296D3,"Nivl-Dreadmist",0x514,0x0,10494,"Mana Spring",0x8,Player-4755-016296D3,0000000000000000,100,100,0,0,0,-1,0,0,0,-0.59,-171.08,0,1.2932,69,10.0000,0.0000,0,5845
4/28 18:51:53.206  SWING_DAMAGE,Creature-0-4457-249-1045-11262-0001286D35,"Onyxian Whelp",0xa48,0x0,Player-4755-01637B0A,"Pindle-Dreadmist",0x514,0x0,Creature-0-4457-249-1045-11262-0001286D35,0000000000000000,100,100,0,0,0,-1,0,0,0,-28.97,-169.03,0,5.1456,56,268,367,-1,1,0,0,0,nil,nil,nil
4/28 18:51:53.239  SPELL_AURA_APPLIED,Player-4755-01840577,"Raggèn-Dreadmist",0x514,0x0,Player-4755-01840577,"Raggèn-Dreadmist",0x514,0x0,16361,"Windfury Weapon",0x8,BUFF
4/28 18:51:53.239  SPELL_EXTRA_ATTACKS,Player-4755-01840577,"Raggèn-Dreadmist",0x514,0x0,Player-4755-01840577,"Raggèn-Dreadmist",0x514,0x0,16361,"Windfury Weapon",0x8,2
4/28 18:51:53.239  SWING_DAMAGE,Player-4755-01840577,"Raggèn-Dreadmist",0x514,0x0,Creature-0-4457-249-1045-10184-000028665C,"Onyxia",0x10a48,0x0,Player-4755-01840577,0000000000000000,100,100,0,0,0,-1,0,0,0,13.36,-211.66,0,1.8840,67,251,380,-1,1,0,0,0,nil,1,nil
4/28 18:51:53.255  SWING_DAMAGE,Player-4755-01840577,"Raggèn-Dreadmist",0x514,0x0,Creature-0-4457-249-1045-10184-000028665C,"Onyxia",0x10a48,0x0,Player-4755-01840577,0000000000000000,100,100,0,0,0,-1,0,0,0,13.36,-211.66,0,1.8840,67,372,528,-1,1,0,0,0,nil,1,nil
4/28 18:51:53.255  SWING_DAMAGE,Player-4755-01840577,"Raggèn-Dreadmist",0x514,0x0,Creature-0-4457-249-1045-10184-000028665C,"Onyxia",0x10a48,0x0,Player-4755-01840577,0000000000000000,100,100,0,0,0,-1,0,0,0,13.36,-211.66,0,1.8840,67,434,550,-1,1,0,0,0,nil,nil,nil
4/28 18:51:53.298  SPELL_CAST_START,Player-4755-016296D3,"Nivl-Dreadmist",0x514,0x0,0000000000000000,nil,0x80000000,0x80000000,1064,"Chain Heal",0x8
4/28 18:51:53.314  SPELL_AURA_APPLIED,Player-4755-01AC9FD9,"Alexinho-Dreadmist",0x514,0x0,Player-4755-01AC9FD9,"Alexinho-Dreadmist",0x514,0x0,6774,"Slice and Dice",0x1,BUFF
4/28 18:51:53.314  SPELL_CAST_SUCCESS,Player-4755-01AC9FD9,"Alexinho-Dreadmist",0x514,0x0,Creature-0-4457-249-1045-10184-000028665C,"Onyxia",0x10a48,0x0,6774,"Slice and Dice",0x1,Player-4755-01AC9FD9,0000000000000000,63,100,0,0,0,-1,0,0,0,-3.48,-202.25,0,0.3677,66
4/28 18:51:53.314  SWING_MISSED,Player-4755-0220BD00,"Krikoff-Dreadmist",0x40514,0x0,Creature-0-4457-249-1045-10184-000028665C,"Onyxia",0x10a48,0x0,DODGE,1
4/28 18:51:53.356  SPELL_PERIODIC_ENERGIZE,Player-4755-01ED7A64,"Sperzieboon-Dreadmist",0x514,0x0,Player-4755-01ED7A64,"Sperzieboon-Dreadmist",0x514,0x0,15604,"Second Wind",0x40,Player-4755-01ED7A64,0000000000000000,23,100,0,0,0,-1,0,0,0,15.74,-233.06,0,1.5594,67,30.0000,0.0000,0,7261
4/28 18:51:53.372  SPELL_AURA_REMOVED,Player-4755-01733879,"Hocwar-Dreadmist",0x40514,0x0,Player-4755-01733879,"Hocwar-Dreadmist",0x40514,0x0,11551,"Battle Shout",0x1,BUFF
4/28 18:51:53.452  SPELL_CAST_SUCCESS,Player-4755-01733879,"Hocwar-Dreadmist",0x40514,0x0,0000000000000000,nil,0x80000000,0x80000000,11556,"Demoralizing Shout",0x1,Player-4755-01733879,0000000000000000,74,100,0,0,0,-1,0,0,0,6.29,-195.84,0,5.2946,71
4/28 18:51:53.526  SWING_DAMAGE,Creature-0-4457-249-1045-11262-0000286D35,"Onyxian Whelp",0xa48,0x0,Player-4755-01637B0A,"Pindle-Dreadmist",0x514,0x0,Creature-0-4457-249-1045-11262-0000286D35,0000000000000000,100,100,0,0,0,-1,0,0,0,-28.92,-169.01,0,5.9404,56,281,384,-1,1,0,0,0,nil,nil,nil
4/28 18:51:53.526  SPELL_AURA_REMOVED,Player-4755-0178F576,"Atreas-Dreadmist",0x514,0x0,Player-4755-0160BD13,"Mafkees-Dreadmist",0x514,0x0,20906,"Trueshot Aura",0x40,BUFF
4/28 18:51:53.526  SPELL_AURA_APPLIED,Pet-0-4457-249-1045-7432-01002D8BC6,"Cat",0x1114,0x0,Pet-0-4457-249-1045-7432-01002D8BC6,"Cat",0x1114,0x0,23110,"Dash",0x1,BUFF
4/28 18:51:53.526  SPELL_CAST_SUCCESS,Pet-0-4457-249-1045-7432-01002D8BC6,"Cat",0x1114,0x0,0000000000000000,nil,0x80000000,0x80000000,23110,"Dash",0x1,Pet-0-4457-249-1045-7432-01002D8BC6,Player-4755-01E83279,34,100,0,0,0,-1,0,0,0,-13.33,-193.99,0,5.9144,71
4/28 18:51:53.526  UNIT_DESTROYED,0000000000000000,nil,0x80000000,0x80000000,Creature-0-4457-249-1045-7416-0000286CFC,"Mana Spring Totem IV",0x2114,0x0
4/28 18:51:53.526  SWING_DAMAGE_LANDED,Creature-0-4457-249-1045-11262-0001286D35,"Onyxian Whelp",0xa48,0x0,Player-4755-01637B0A,"Pindle-Dreadmist",0x514,0x0,Player-4755-01637B0A,0000000000000000,55,100,0,0,0,-1,0,0,0,-23.49,-169.55,0,0.9910,65,268,367,-1,1,0,0,0,nil,nil,nil
4/28 18:51:53.526  SWING_DAMAGE_LANDED,Player-4755-01840577,"Raggèn-Dreadmist",0x514,0x0,Creature-0-4457-249-1045-10184-000028665C,"Onyxia",0x10a48,0x0,Creature-0-4457-249-1045-10184-000028665C,0000000000000000,23,100,0,0,0,-1,0,0,0,9.96,-202.99,0,0.2893,63,251,380,-1,1,0,0,0,nil,1,nil
4/28 18:51:53.526  SPELL_AURA_APPLIED,Player-4755-01840577,"Raggèn-Dreadmist",0x514,0x0,Creature-0-4457-249-1045-10184-000028665C,"Onyxia",0x10a48,0x0,23605,"Spell Vulnerability",0x1,DEBUFF
4/28 18:51:53.526  SWING_DAMAGE_LANDED,Player-4755-01840577,"Raggèn-Dreadmist",0x514,0x0,Creature-0-4457-249-1045-10184-000028665C,"Onyxia",0x10a48,0x0,Creature-0-4457-249-1045-10184-000028665C,0000000000000000,23,100,0,0,0,-1,0,0,0,9.96,-202.99,0,0.2893,63,372,528,-1,1,0,0,0,nil,1,nil
4/28 18:51:53.526  SWING_DAMAGE_LANDED,Player-4755-01840577,"Raggèn-Dreadmist",0x514,0x0,Creature-0-4457-249-1045-10184-000028665C,"Onyxia",0x10a48,0x0,Creature-0-4457-249-1045-10184-000028665C,0000000000000000,23,100,0,0,0,-1,0,0,0,9.96,-202.99,0,0.2893,63,434,550,-1,1,0,0,0,nil,nil,nil
4/28 18:51:53.526  SPELL_AURA_REFRESH,Player-4755-01840577,"Raggèn-Dreadmist",0x514,0x0,Creature-0-4457-249-1045-10184-000028665C,"Onyxia",0x10a48,0x0,23605,"Spell Vulnerability",0x1,DEBUFF
4/28 18:51:53.526  SPELL_ENERGIZE,Player-4755-01AC9FD9,"Alexinho-Dreadmist",0x514,0x0,Player-4755-01AC9FD9,"Alexinho-Dreadmist",0x514,0x0,14181,"Relentless Strikes Effect",0x1,Player-4755-01AC9FD9,0000000000000000,63,100,0,0,0,-1,0,0,0,-1.90,-201.67,0,0.3572,66,25.0000,0.0000,3,100
4/28 18:51:53.526  SWING_DAMAGE_LANDED,Creature-0-4457-249-1045-11262-0000286D35,"Onyxian Whelp",0xa48,0x0,Player-4755-01637B0A,"Pindle-Dreadmist",0x514,0x0,Player-4755-01637B0A,0000000000000000,48,100,0,0,0,-1,0,0,0,-23.49,-169.55,0,0.9910,65,281,384,-1,1,0,0,0,nil,nil,nil
4/28 18:51:53.526  SPELL_AURA_APPLIED,Player-4755-020BD78D,"Lonehunter-Dreadmist",0x514,0x0,Player-4755-01840577,"Raggèn-Dreadmist",0x514,0x0,20906,"Trueshot Aura",0x40,BUFF
4/28 18:51:53.681  SPELL_PERIODIC_HEAL,Player-4755-0220BD00,"Krikoff-Dreadmist",0x40514,0x0,Player-4755-0220BD00,"Krikoff-Dreadmist",0x40514,0x0,24427,"Diamond Flask",0x8,Player-4755-0220BD00,0000000000000000,79,100,0,0,0,-1,0,0,0,25.64,-199.75,0,3.4126,68,9,9,0,0,nil
4/28 18:51:53.700  SPELL_AURA_REMOVED,Player-4755-01733879,"Hocwar-Dreadmist",0x40514,0x0,Player-4755-01802FE5,"Angrybat-Dreadmist",0x514,0x0,11551,"Battle Shout",0x1,BUFF
4/28 18:51:53.700  SPELL_AURA_REMOVED,Player-4755-01733879,"Hocwar-Dreadmist",0x40514,0x0,Player-4755-016DF694,"Ashalan-Dreadmist",0x514,0x0,11551,"Battle Shout",0x1,BUFF
4/28 18:51:53.776  SPELL_PERIODIC_ENERGIZE,Creature-0-4457-249-1045-7416-0000286D2B,"Mana Spring Totem IV",0x2114,0x0,Player-4755-01840577,"Raggèn-Dreadmist",0x514,0x0,10494,"Mana Spring",0x8,Player-4755-01840577,0000000000000000,100,100,0,0,0,-1,0,0,0,13.64,-212.53,0,1.8918,67,10.0000,0.0000,0,3790
4/28 18:51:53.776  SWING_DAMAGE,Pet-0-4457-249-1045-7432-01002D8BC6,"Cat",0x1114,0x0,Creature-0-4457-249-1045-10184-000028665C,"Onyxia",0x10a48,0x0,Pet-0-4457-249-1045-7432-01002D8BC6,Player-4755-01E83279,34,100,0,0,0,-1,0,0,0,-13.33,-193.99,0,5.9144,71,73,147,-1,1,0,0,0,nil,1,nil
4/28 18:51:53.793  SWING_MISSED,Player-4755-01F21AE6,"Blahu-Dreadmist",0x40514,0x0,Creature-0-4457-249-1045-10184-000028665C,"Onyxia",0x10a48,0x0,PARRY,nil
4/28 18:51:53.843  SPELL_CAST_SUCCESS,Player-4755-01617EEE,"Fenix-Dreadmist",0x512,0x0,Player-4755-0220BD00,"Krikoff-Dreadmist",0x40514,0x0,9474,"Flash Heal",0x2,Player-4755-01617EEE,0000000000000000,87,100,0,0,0,-1,0,0,0,21.87,-175.54,0,5.0993,66
4/28 18:51:53.866  SWING_DAMAGE,Player-4755-0178F416,"Eltorero-Dreadmist",0x514,0x0,Creature-0-4457-249-1045-10184-000028665C,"Onyxia",0x10a48,0x0,Player-4755-0178F416,0000000000000000,71,100,0,0,0,-1,0,0,0,9.52,-217.09,0,1.6764,65,114,241,-1,1,0,0,0,nil,1,nil
4/28 18:51:53.886  SPELL_CAST_START,Player-4755-020BD78D,"Lonehunter-Dreadmist",0x514,0x0,0000000000000000,nil,0x80000000,0x80000000,75,"Auto Shot",0x1
4/28 18:51:53.903  SWING_MISSED,Player-4755-01F21AE6,"Blahu-Dreadmist",0x40514,0x0,Creature-0-4457-249-1045-10184-000028665C,"Onyxia",0x10a48,0x0,MISS,1
4/28 18:51:53.936  SPELL_DAMAGE,GameObject-0-4457-249-1045-176842-0000286659,"Lava Fissure",0x4228,0x0,Pet-0-4457-249-1045-7432-01002D8BC6,"Cat",0x1114,0x0,17731,"Eruption",0x4,Pet-0-4457-249-1045-7432-01002D8BC6,Player-4755-01E83279,5,100,0,0,0,-1,0,0,0,-13.33,-193.99,0,5.9144,71,1379,1379,-1,4,0,0,0,nil,nil,nil
4/28 18:51:53.936  SPELL_ENERGIZE,Player-4755-01733879,"Hocwar-Dreadmist",0x40514,0x0,Player-4755-01733879,"Hocwar-Dreadmist",0x40514,0x0,12964,"Unbridled Wrath",0x1,Player-4755-01733879,0000000000000000,74,100,0,0,0,-1,0,0,0,6.29,-195.84,0,5.2749,71,1.0000,0.0000,1,1000
4/28 18:51:53.936  SPELL_AURA_REMOVED_DOSE,Player-4755-01840577,"Raggèn-Dreadmist",0x514,0x0,Player-4755-01840577,"Raggèn-Dreadmist",0x514,0x0,16361,"Windfury Weapon",0x8,BUFF,2
4/28 18:51:53.936  SPELL_AURA_REMOVED_DOSE,Player-4755-01840577,"Raggèn-Dreadmist",0x514,0x0,Player-4755-01840577,"Raggèn-Dreadmist",0x514,0x0,16361,"Windfury Weapon",0x8,BUFF,1
4/28 18:51:53.936  SPELL_AURA_REMOVED,Player-4755-01840577,"Raggèn-Dreadmist",0x514,0x0,Player-4755-01840577,"Raggèn-Dreadmist",0x514,0x0,16361,"Windfury Weapon",0x8,BUFF
4/28 18:51:53.936  SWING_DAMAGE_LANDED,Pet-0-4457-249-1045-7432-01002D8BC6,"Cat",0x1114,0x0,Creature-0-4457-249-1045-10184-000028665C,"Onyxia",0x10a48,0x0,Creature-0-4457-249-1045-10184-000028665C,0000000000000000,23,100,0,0,0,-1,0,0,0,9.96,-202.99,0,0.2893,63,73,147,-1,1,0,0,0,nil,1,nil
4/28 18:51:53.936  SPELL_HEAL,Player-4755-01617EEE,"Fenix-Dreadmist",0x512,0x0,Player-4755-0220BD00,"Krikoff-Dreadmist",0x40514,0x0,9474,"Flash Heal",0x2,Player-4755-0220BD00,0000000000000000,91,100,0,0,0,-1,0,0,0,25.64,-199.75,0,3.4126,68,762,762,0,0,nil
4/28 18:51:53.936  SWING_DAMAGE_LANDED,Player-4755-0178F416,"Eltorero-Dreadmist",0x514,0x0,Creature-0-4457-249-1045-10184-000028665C,"Onyxia",0x10a48,0x0,Creature-0-4457-249-1045-10184-000028665C,0000000000000000,23,100,0,0,0,-1,0,0,0,9.96,-202.99,0,0.2893,63,114,241,-1,1,0,0,0,nil,1,nil
4/28 18:51:53.936  SPELL_AURA_REMOVED,Player-4755-0178F576,"Atreas-Dreadmist",0x514,0x0,Player-4755-0178F576,"Atreas-Dreadmist",0x514,0x0,6150,"Quick Shots",0x1,BUFF
4/28 18:51:53.958  SWING_DAMAGE,Player-4755-0160BD13,"Mafkees-Dreadmist",0x514,0x0,Creature-0-4457-249-1045-10184-000028665C,"Onyxia",0x10a48,0x0,Player-4755-0160BD13,0000000000000000,100,100,0,0,0,-1,0,0,0,19.12,-216.99,0,2.0247,64,370,561,-1,1,0,0,0,nil,1,nil
4/28 18:51:53.958  SPELL_CAST_SUCCESS,Player-4755-0160BD13,"Mafkees-Dreadmist",0x514,0x0,Creature-0-4457-249-1045-10184-000028665C,"Onyxia",0x10a48,0x0,23894,"Bloodthirst",0x1,Player-4755-0160BD13,0000000000000000,100,100,0,0,0,-1,0,0,0,19.12,-216.99,0,2.0247,64
4/28 18:51:54.034  SPELL_CAST_SUCCESS,Player-4755-01F21AE6,"Blahu-Dreadmist",0x40514,0x0,Creature-0-4457-249-1045-10184-000028665C,"Onyxia",0x10a48,0x0,11597,"Sunder Armor",0x1,Player-4755-01F21AE6,0000000000000000,100,100,0,0,0,-1,0,0,0,15.00,-209.45,0,1.7505,70
4/28 18:51:54.034  SPELL_MISSED,Player-4755-01F21AE6,"Blahu-Dreadmist",0x40514,0x0,Creature-0-4457-249-1045-10184-000028665C,"Onyxia",0x10a48,0x0,11597,"Sunder Armor",0x1,PARRY,nil
4/28 18:51:54.103  SPELL_PERIODIC_ENERGIZE,Player-4755-01BC57A3,"Saintis-Dreadmist",0x511,0x0,Player-4755-01BC57A3,"Saintis-Dreadmist",0x511,0x0,18194,"Mana Regeneration",0x1,Player-4755-01BC57A3,0000000000000000,100,100,0,0,0,-1,0,0,0,20.61,-230.83,0,1.9402,68,8.0000,0.0000,0,7212
4/28 18:51:54.103  SWING_MISSED,Player-4755-01733879,"Hocwar-Dreadmist",0x40514,0x0,Creature-0-4457-249-1045-10184-000028665C,"Onyxia",0x10a48,0x0,MISS,1
4/28 18:51:54.148  SPELL_CAST_START,Player-4755-0163DD9D,"Kaspais-Dreadmist",0x514,0x0,0000000000000000,nil,0x80000000,0x80000000,10181,"Frostbolt",0x10
4/28 18:51:54.186  SWING_DAMAGE,Creature-0-4457-249-1045-10184-000028665C,"Onyxia",0x10a48,0x0,Player-4755-0220BD00,"Krikoff-Dreadmist",0x40514,0x0,Creature-0-4457-249-1045-10184-000028665C,0000000000000000,23,100,0,0,0,-1,0,0,0,9.96,-202.99,0,0.2893,63,613,1729,-1,1,0,0,0,nil,nil,nil
4/28 18:51:54.274  SPELL_CAST_SUCCESS,Player-4755-020BD78D,"Lonehunter-Dreadmist",0x514,0x0,Creature-0-4457-249-1045-10184-000028665C,"Onyxia",0x10a48,0x0,75,"Auto Shot",0x1,Player-4755-020BD78D,0000000000000000,98,100,0,0,0,-1,0,0,0,4.48,-252.44,0,1.3468,70
4/28 18:51:54.274  SPELL_CAST_START,Player-4755-01614AC7,"Mirrimazduur-Dreadmist",0x512,0x0,0000000000000000,nil,0x80000000,0x80000000,11661,"Shadow Bolt",0x20
4/28 18:51:54.308  SPELL_CAST_START,Player-4755-0178F576,"Atreas-Dreadmist",0x514,0x0,0000000000000000,nil,0x80000000,0x80000000,75,"Auto Shot",0x1
4/28 18:51:54.322  SPELL_AURA_REMOVED,Pet-0-4457-249-1045-416-01001C47E2,"Ababis",0x1114,0x0,Player-4755-0220BD00,"Krikoff-Dreadmist",0x40514,0x0,11767,"Blood Pact",0x20,BUFF
4/28 18:51:54.343  SPELL_AURA_REMOVED_DOSE,Player-4755-0178F416,"Eltorero-Dreadmist",0x514,0x0,Player-4755-0178F416,"Eltorero-Dreadmist",0x514,0x0,12970,"Flurry",0x1,BUFF,1
4/28 18:51:54.343  SWING_DAMAGE_LANDED,Player-4755-0160BD13,"Mafkees-Dreadmist",0x514,0x0,Creature-0-4457-249-1045-10184-000028665C,"Onyxia",0x10a48,0x0,Creature-0-4457-249-1045-10184-000028665C,0000000000000000,23,100,0,0,0,-1,0,0,0,9.96,-202.99,0,0.2893,63,370,561,-1,1,0,0,0,nil,1,nil
4/28 18:51:54.343  SPELL_DAMAGE,Player-4755-0160BD13,"Mafkees-Dreadmist",0x514,0x0,Creature-0-4457-249-1045-10184-000028665C,"Onyxia",0x10a48,0x0,23894,"Bloodthirst",0x1,Creature-0-4457-249-1045-10184-000028665C,0000000000000000,23,100,0,0,0,-1,0,0,0,9.96,-202.99,0,0.2893,63,460,584,-1,1,0,0,0,nil,nil,nil
4/28 18:51:54.343  SPELL_AURA_APPLIED,Player-4755-0160BD13,"Mafkees-Dreadmist",0x514,0x0,Player-4755-0160BD13,"Mafkees-Dreadmist",0x514,0x0,23888,"Bloodthirst",0x1,BUFF
4/28 18:51:54.343  SWING_DAMAGE_LANDED,Creature-0-4457-249-1045-10184-000028665C,"Onyxia",0x10a48,0x0,Player-4755-0220BD00,"Krikoff-Dreadmist",0x40514,0x0,Player-4755-0220BD00,0000000000000000,87,100,0,0,0,-1,0,0,0,25.64,-199.75,0,3.4126,68,613,1729,-1,1,0,0,0,nil,nil,nil
4/28 18:51:54.343  SPELL_CAST_SUCCESS,Player-4755-01AC9FD9,"Alexinho-Dreadmist",0x514,0x0,Creature-0-4457-249-1045-10184-000028665C,"Onyxia",0x10a48,0x0,11294,"Sinister Strike",0x1,Player-4755-01AC9FD9,0000000000000000,63,100,0,0,0,-1,0,0,0,1.88,-197.33,0,0.9345,66
4/28 18:51:54.343  SPELL_CAST_START,Player-4755-01BC57A3,"Saintis-Dreadmist",0x511,0x0,0000000000000000,nil,0x80000000,0x80000000,6063,"Heal",0x2
4/28 18:51:54.343  SPELL_PERIODIC_ENERGIZE,Player-4755-01ED7A64,"Sperzieboon-Dreadmist",0x514,0x0,Player-4755-01ED7A64,"Sperzieboon-Dreadmist",0x514,0x0,15604,"Second Wind",0x40,Player-4755-01ED7A64,0000000000000000,23,100,0,0,0,-1,0,0,0,15.74,-233.06,0,1.5594,67,30.0000,0.0000,0,7261
4/28 18:51:54.380  SPELL_CAST_START,Player-4755-01617EEE,"Fenix-Dreadmist",0x512,0x0,0000000000000000,nil,0x80000000,0x80000000,9474,"Flash Heal",0x2
4/28 18:51:54.424  SWING_DAMAGE,Creature-0-4457-249-1045-11262-0000286D36,"Onyxian Whelp",0xa48,0x0,Player-4755-01637B0A,"Pindle-Dreadmist",0x514,0x0,Creature-0-4457-249-1045-11262-0000286D36,0000000000000000,100,100,0,0,0,-1,0,0,0,-25.17,-170.84,0,5.6539,56,270,369,-1,1,0,0,0,nil,nil,nil
4/28 18:51:54.424  SWING_DAMAGE,Creature-0-4457-249-1045-11262-0000286D37,"Onyxian Whelp",0xa48,0x0,Player-4755-01637B0A,"Pindle-Dreadmist",0x514,0x0,Creature-0-4457-249-1045-11262-0000286D37,0000000000000000,100,100,0,0,0,-1,0,0,0,-24.21,-171.47,0,5.6508,56,616,421,-1,1,0,0,0,1,nil,nil
4/28 18:51:54.440  SPELL_AURA_REMOVED,Player-4755-01A6B139,"Sakatan-Dreadmist",0x514,0x0,Player-4755-01A6B139,"Sakatan-Dreadmist",0x514,0x0,13750,"Adrenaline Rush",0x1,BUFF
4/28 18:51:54.491  SPELL_HEAL,Player-4755-01ED7A64,"Sperzieboon-Dreadmist",0x514,0x0,Player-4755-01ED7A64,"Sperzieboon-Dreadmist",0x514,0x0,10917,"Flash Heal",0x2,Player-4755-01ED7A64,0000000000000000,54,100,0,0,0,-1,0,0,0,15.74,-233.06,0,1.5594,67,1176,1176,0,0,nil
4/28 18:51:54.491  SPELL_CAST_SUCCESS,Player-4755-01ED7A64,"Sperzieboon-Dreadmist",0x514,0x0,Player-4755-01ED7A64,"Sperzieboon-Dreadmist",0x514,0x0,10917,"Flash Heal",0x2,Player-4755-01ED7A64,0000000000000000,54,100,0,0,0,-1,0,0,0,15.74,-233.06,0,1.5594,67
4/28 18:51:54.509  SPELL_AURA_REFRESH,Player-4755-015FEBD5,"Sauvage-Dreadmist",0x514,0x0,Player-4755-015FEBD5,"Sauvage-Dreadmist",0x514,0x0,10193,"Mana Shield",0x40,BUFF
4/28 18:51:54.509  SPELL_CAST_SUCCESS,Player-4755-015FEBD5,"Sauvage-Dreadmist",0x514,0x0,0000000000000000,nil,0x80000000,0x80000000,10193,"Mana Shield",0x40,Player-4755-015FEBD5,0000000000000000,61,100,0,0,0,-1,0,0,0,-1.96,-237.70,0,1.3406,64
4/28 18:51:54.546  SWING_DAMAGE,Player-4755-01733879,"Hocwar-Dreadmist",0x40514,0x0,Creature-0-4457-249-1045-10184-000028665C,"Onyxia",0x10a48,0x0,Player-4755-01733879,0000000000000000,74,100,0,0,0,-1,0,0,0,6.29,-195.84,0,4.8233,71,378,239,-1,1,0,0,0,1,nil,nil
4/28 18:51:54.562  SPELL_CAST_START,Player-4755-01E83279,"Nlmasters-Dreadmist",0x514,0x8,0000000000000000,nil,0x80000000,0x80000000,20904,"Aimed Shot",0x1
4/28 18:51:54.598  SPELL_CAST_SUCCESS,Player-4755-0178F416,"Eltorero-Dreadmist",0x514,0x0,Creature-0-4457-249-1045-10184-000028665C,"Onyxia",0x10a48,0x0,23894,"Bloodthirst",0x1,Player-4755-0178F416,0000000000000000,71,100,0,0,0,-1,0,0,0,10.27,-216.70,0,1.7118,65
4/28 18:51:54.613  SWING_MISSED,Player-4755-01637B0A,"Pindle-Dreadmist",0x514,0x0,Creature-0-4457-249-1045-11262-0000286D35,"Onyxian Whelp",0xa48,0x0,MISS,nil
4/28 18:51:54.613  SPELL_CAST_SUCCESS,Player-4755-01637B0A,"Pindle-Dreadmist",0x514,0x0,Creature-0-4457-249-1045-11262-0000286D35,"Onyxian Whelp",0xa48,0x0,11294,"Sinister Strike",0x1,Player-4755-01637B0A,0000000000000000,48,100,0,0,0,-1,0,0,0,-19.48,-172.56,0,3.2137,65
4/28 18:51:54.613  SPELL_HEAL,Player-4755-01804B95,"Moymoy-Dreadmist",0x514,0x0,Player-4755-01804B95,"Moymoy-Dreadmist",0x514,0x0,10468,"Lesser Healing Wave",0x8,Player-4755-01804B95,0000000000000000,82,100,0,0,0,-1,0,0,0,12.50,-178.35,0,4.9266,66,1217,1217,0,0,nil
4/28 18:51:54.613  SPELL_CAST_SUCCESS,Player-4755-01804B95,"Moymoy-Dreadmist",0x514,0x0,Player-4755-01804B95,"Moymoy-Dreadmist",0x514,0x0,10468,"Lesser Healing Wave",0x8,Player-4755-01804B95,0000000000000000,82,100,0,0,0,-1,0,0,0,12.50,-178.35,0,4.9266,66
4/28 18:51:54.613  SPELL_CAST_SUCCESS,Player-4755-01A6B139,"Sakatan-Dreadmist",0x514,0x0,Creature-0-4457-249-1045-10184-000028665C,"Onyxia",0x10a48,0x0,11281,"Backstab",0x1,Player-4755-01A6B139,0000000000000000,100,100,0,0,0,-1,0,0,0,-4.76,-188.41,0,5.5456,69
4/28 18:51:54.675  SPELL_CAST_SUCCESS,Player-4755-0220BD00,"Krikoff-Dreadmist",0x40514,0x0,Creature-0-4457-249-1045-10184-000028665C,"Onyxia",0x10a48,0x0,11567,"Heroic Strike",0x1,Player-4755-0220BD00,0000000000000000,87,100,0,0,0,-1,0,0,0,25.64,-199.75,0,3.4126,68
4/28 18:51:54.721  SWING_DAMAGE,Creature-0-4457-249-1045-11262-0000A86D35,"Onyxian Whelp",0xa48,0x0,Player-4755-01637B0A,"Pindle-Dreadmist",0x514,0x0,Creature-0-4457-249-1045-11262-0000A86D35,0000000000000000,100,100,0,0,0,-1,0,0,0,-22.64,-172.30,0,5.6096,57,325,442,-1,1,0,0,0,nil,nil,nil
4/28 18:51:54.721  SPELL_CAST_SUCCESS,Pet-0-4457-249-1045-2850-01001956F9,"Kratos",0x1114,0x0,Creature-0-4457-249-1045-10184-000028665C,"Onyxia",0x10a48,0x0,3009,"Claw",0x1,Pet-0-4457-249-1045-2850-01001956F9,Player-4755-0178F576,26,100,0,0,0,-1,0,0,0,8.87,-177.97,0,4.7559,66
4/28 18:51:54.726  UNIT_DIED,0000000000000000,nil,0x80000000,0x80000000,Creature-0-4457-249-1045-11262-0000286CC2,"Onyxian Whelp",0xa48,0x0
4/28 18:51:54.726  SPELL_AURA_REMOVED_DOSE,Player-4755-0160BD13,"Mafkees-Dreadmist",0x514,0x0,Player-4755-0160BD13,"Mafkees-Dreadmist",0x514,0x0,23888,"Bloodthirst",0x1,BUFF,4
4/28 18:51:54.726  SPELL_HEAL,Player-4755-0160BD13,"Mafkees-Dreadmist",0x514,0x0,Player-4755-0160BD13,"Mafkees-Dreadmist",0x514,0x0,23891,"Bloodthirst",0x1,Player-4755-0160BD13,0000000000000000,100,100,0,0,0,-1,0,0,0,15.14,-214.57,0,1.9619,64,20,20,20,0,nil
4/28 18:51:54.726  SPELL_AURA_REMOVED,Player-4755-0160BD13,"Mafkees-Dreadmist",0x514,0x0,Player-4755-0160BD13,"Mafkees-Dreadmist",0x514,0x0,12970,"Flurry",0x1,BUFF
4/28 18:51:54.726  SPELL_AURA_REMOVED_DOSE,Player-4755-0160BD13,"Mafkees-Dreadmist",0x514,0x0,Player-4755-0160BD13,"Mafkees-Dreadmist",0x514,0x0,23888,"Bloodthirst",0x1,BUFF,3
4/28 18:51:54.726  SPELL_HEAL,Player-4755-0160BD13,"Mafkees-Dreadmist",0x514,0x0,Player-4755-0160BD13,"Mafkees-Dreadmist",0x514,0x0,23891,"Bloodthirst",0x1,Player-4755-0160BD13,0000000000000000,100,100,0,0,0,-1,0,0,0,15.14,-214.57,0,1.9619,64,20,20,20,0,nil
4/28 18:51:54.726  DAMAGE_SHIELD_MISSED,Player-4755-0220BD00,"Krikoff-Dreadmist",0x40514,0x0,Creature-0-4457-249-1045-10184-000028665C,"Onyxia",0x10a48,0x0,11771,"Fire Shield",0x4,IMMUNE,nil
4/28 18:51:54.726  SPELL_DAMAGE,Player-4755-01AC9FD9,"Alexinho-Dreadmist",0x514,0x0,Creature-0-4457-249-1045-10184-000028665C,"Onyxia",0x10a48,0x0,11294,"Sinister Strike",0x1,Creature-0-4457-249-1045-10184-000028665C,0000000000000000,23,100,0,0,0,-1,0,0,0,9.96,-202.99,0,0.2893,63,383,486,-1,1,0,0,0,nil,nil,nil
4/28 18:51:54.726  SWING_DAMAGE_LANDED,Creature-0-4457-249-1045-11262-0000286D36,"Onyxian Whelp",0xa48,0x0,Player-4755-01637B0A,"Pindle-Dreadmist",0x514,0x0,Player-4755-01637B0A,0000000000000000,42,100,0,0,0,-1,0,0,0,-19.33,-173.35,0,3.3138,65,270,369,-1,1,0,0,0,nil,nil,nil
4/28 18:51:54.726  SWING_DAMAGE_LANDED,Creature-0-4457-249-1045-11262-0000286D37,"Onyxian Whelp",0xa48,0x0,Player-4755-01637B0A,"Pindle-Dreadmist",0x514,0x0,Player-4755-01637B0A,0000000000000000,27,100,0,0,0,-1,0,0,0,-19.33,-173.35,0,3.3138,65,616,421,-1,1,0,0,0,1,nil,nil
4/28 18:51:54.744  SWING_DAMAGE_LANDED,Player-4755-01733879,"Hocwar-Dreadmist",0x40514,0x0,Creature-0-4457-249-1045-10184-000028665C,"Onyxia",0x10a48,0x0,Creature-0-4457-249-1045-10184-000028665C,0000000000000000,23,100,0,0,0,-1,0,0,0,9.96,-202.99,0,0.2893,63,378,239,-1,1,0,0,0,1,nil,nil
4/28 18:51:54.744  SPELL_DAMAGE,Player-4755-0178F416,"Eltorero-Dreadmist",0x514,0x0,Creature-0-4457-249-1045-10184-000028665C,"Onyxia",0x10a48,0x0,23894,"Bloodthirst",0x1,Creature-0-4457-249-1045-10184-000028665C,0000000000000000,23,100,0,0,0,-1,0,0,0,9.96,-202.99,0,0.2893,63,403,511,-1,1,0,0,0,nil,nil,nil
4/28 18:51:54.744  SPELL_AURA_APPLIED,Player-4755-0178F416,"Eltorero-Dreadmist",0x514,0x0,Player-4755-0178F416,"Eltorero-Dreadmist",0x514,0x0,23888,"Bloodthirst",0x1,BUFF
4/28 18:51:54.744  SPELL_DAMAGE,Player-4755-01637B0A,"Pindle-Dreadmist",0x514,0x0,Creature-0-4457-249-1045-11262-0000286D35,"Onyxian Whelp",0xa48,0x0,11294,"Sinister Strike",0x1,Creature-0-4457-249-1045-11262-0000286D35,0000000000000000,94,100,0,0,0,-1,0,0,0,-22.54,-172.45,0,5.2925,56,159,254,-1,1,0,0,0,nil,nil,nil
4/28 18:51:54.744  SPELL_DAMAGE,Player-4755-01A6B139,"Sakatan-Dreadmist",0x514,0x0,Creature-0-4457-249-1045-10184-000028665C,"Onyxia",0x10a48,0x0,11281,"Backstab",0x1,Creature-0-4457-249-1045-10184-000028665C,0000000000000000,23,100,0,0,0,-1,0,0,0,9.96,-202.99,0,0.2893,63,1188,658,-1,1,0,0,0,1,nil,nil
4/28 18:51:54.744  SPELL_DAMAGE,Player-4755-0220BD00,"Krikoff-Dreadmist",0x40514,0x0,Creature-0-4457-249-1045-10184-000028665C,"Onyxia",0x10a48,0x0,11567,"Heroic Strike",0x1,Creature-0-4457-249-1045-10184-000028665C,0000000000000000,23,100,0,0,0,-1,0,0,0,9.96,-202.99,0,0.2893,63,367,465,-1,1,0,0,0,nil,nil,nil
4/28 18:51:54.744  SWING_DAMAGE_LANDED,Creature-0-4457-249-1045-11262-0000A86D35,"Onyxian Whelp",0xa48,0x0,Player-4755-01637B0A,"Pindle-Dreadmist",0x514,0x0,Player-4755-01637B0A,0000000000000000,19,100,0,0,0,-1,0,0,0,-19.30,-173.52,0,3.3138,65,325,442,-1,1,0,0,0,nil,nil,nil
4/28 18:51:54.744  SPELL_DAMAGE,Pet-0-4457-249-1045-2850-01001956F9,"Kratos",0x1114,0x0,Creature-0-4457-249-1045-10184-000028665C,"Onyxia",0x10a48,0x0,3009,"Claw",0x1,Creature-0-4457-249-1045-10184-000028665C,0000000000000000,23,100,0,0,0,-1,0,0,0,9.96,-202.99,0,0.2893,63,60,75,-1,1,0,0,0,nil,nil,nil
4/28 18:51:54.744  SPELL_CAST_SUCCESS,Player-4755-0178F576,"Atreas-Dreadmist",0x514,0x0,Creature-0-4457-249-1045-10184-000028665C,"Onyxia",0x10a48,0x0,75,"Auto Shot",0x1,Player-4755-0178F576,0000000000000000,100,100,0,0,0,-1,0,0,0,0.87,-171.31,0,4.4625,66
4/28 18:51:54.763  SWING_DAMAGE,Player-4755-01A6B139,"Sakatan-Dreadmist",0x514,0x0,Creature-0-4457-249-1045-10184-000028665C,"Onyxia",0x10a48,0x0,Player-4755-01A6B139,0000000000000000,100,100,0,0,0,-1,0,0,0,-3.73,-188.38,0,5.5299,69,166,229,-1,1,0,0,0,nil,1,nil
4/28 18:51:54.795  SWING_DAMAGE,Pet-0-4457-249-1045-2850-01001956F9,"Kratos",0x1114,0x0,Creature-0-4457-249-1045-10184-000028665C,"Onyxia",0x10a48,0x0,Pet-0-4457-249-1045-2850-01001956F9,Player-4755-0178F576,26,100,0,0,0,-1,0,0,0,8.87,-177.97,0,4.7559,66,66,83,-1,1,0,0,0,nil,nil,nil
4/28 18:51:54.847  SPELL_PERIODIC_HEAL,Player-4755-0210153A,"Hapuseneb-Dreadmist",0x514,0x0,Player-4755-01AC9FD9,"Alexinho-Dreadmist",0x514,0x0,10929,"Renew",0x2,Player-4755-01AC9FD9,0000000000000000,69,100,0,0,0,-1,0,0,0,3.31,-193.87,0,6.1383,66,293,293,0,0,nil
4/28 18:51:54.947  SWING_DAMAGE,Pet-0-4457-249-1045-7432-01002D8BC6,"Cat",0x1114,0x0,Creature-0-4457-249-1045-10184-000028665C,"Onyxia",0x10a48,0x0,Pet-0-4457-249-1045-7432-01002D8BC6,Player-4755-01E83279,5,100,0,0,0,-1,0,0,0,-13.33,-193.99,0,5.9144,71,79,168,-1,1,0,0,0,nil,1,nil
4/28 18:51:55.087  SPELL_PERIODIC_DAMAGE,Player-4755-0160BD13,"Mafkees-Dreadmist",0x514,0x0,Creature-0-4457-249-1045-10184-000028665C,"Onyxia",0x10a48,0x0,12721,"Deep Wound",0x1,Creature-0-4457-249-1045-10184-000028665C,0000000000000000,23,100,0,0,0,-1,0,0,0,9.96,-202.99,0,0.2893,63,89,89,-1,1,0,0,0,nil,nil,nil
4/28 18:51:55.103  SPELL_CAST_SUCCESS,Player-4755-0210153A,"Hapuseneb-Dreadmist",0x514,0x0,Player-4755-01ED7A64,"Sperzieboon-Dreadmist",0x514,0x0,6064,"Heal",0x2,Player-4755-0210153A,0000000000000000,100,100,0,0,0,-1,0,0,0,6.28,-238.83,0,1.6179,66
4/28 18:51:55.103  SPELL_CAST_START,Player-4755-0210153A,"Hapuseneb-Dreadmist",0x514,0x0,0000000000000000,nil,0x80000000,0x80000000,6064,"Heal",0x2
4/28 18:51:55.103  SPELL_CAST_START,Player-4755-01804B95,"Moymoy-Dreadmist",0x514,0x0,0000000000000000,nil,0x80000000,0x80000000,939,"Healing Wave",0x8
4/28 18:51:55.103  SWING_DAMAGE,Player-4755-01AC9FD9,"Alexinho-Dreadmist",0x514,0x0,Creature-0-4457-249-1045-10184-000028665C,"Onyxia",0x10a48,0x0,Player-4755-01AC9FD9,0000000000000000,69,100,0,0,0,-1,0,0,0,4.02,-193.89,0,6.0121,66,561,349,-1,1,0,0,0,1,nil,nil
4/28 18:51:55.144  UNIT_DIED,0000000000000000,nil,0x80000000,0x80000000,Creature-0-4457-249-1045-11262-0000A86CC2,"Onyxian Whelp",0xa48,0x0
4/28 18:51:55.162  SPELL_AURA_APPLIED,Player-4755-01733879,"Hocwar-Dreadmist",0x40514,0x0,Player-4755-01733879,"Hocwar-Dreadmist",0x40514,0x0,12970,"Flurry",0x1,BUFF
4/28 18:51:55.162  SPELL_AURA_REMOVED_DOSE,Player-4755-0178F416,"Eltorero-Dreadmist",0x514,0x0,Player-4755-0178F416,"Eltorero-Dreadmist",0x514,0x0,23888,"Bloodthirst",0x1,BUFF,4
4/28 18:51:55.163  SPELL_HEAL,Player-4755-0178F416,"Eltorero-Dreadmist",0x514,0x0,Player-4755-0178F416,"Eltorero-Dreadmist",0x514,0x0,23891,"Bloodthirst",0x1,Player-4755-0178F416,0000000000000000,72,100,0,0,0,-1,0,0,0,10.27,-216.70,0,1.7118,65,20,20,0,0,nil
4/28 18:51:55.163  SWING_DAMAGE_LANDED,Player-4755-01A6B139,"Sakatan-Dreadmist",0x514,0x0,Creature-0-4457-249-1045-10184-000028665C,"Onyxia",0x10a48,0x0,Creature-0-4457-249-1045-10184-000028665C,0000000000000000,23,100,0,0,0,-1,0,0,0,9.96,-202.99,0,0.2893,63,166,229,-1,1,0,0,0,nil,1,nil
4/28 18:51:55.163  SWING_DAMAGE_LANDED,Pet-0-4457-249-1045-2850-01001956F9,"Kratos",0x1114,0x0,Creature-0-4457-249-1045-10184-000028665C,"Onyxia",0x10a48,0x0,Creature-0-4457-249-1045-10184-000028665C,0000000000000000,23,100,0,0,0,-1,0,0,0,9.96,-202.99,0,0.2893,63,66,83,-1,1,0,0,0,nil,nil,nil
4/28 18:51:55.163  SWING_DAMAGE_LANDED,Pet-0-4457-249-1045-7432-01002D8BC6,"Cat",0x1114,0x0,Creature-0-4457-249-1045-10184-000028665C,"Onyxia",0x10a48,0x0,Creature-0-4457-249-1045-10184-000028665C,0000000000000000,23,100,0,0,0,-1,0,0,0,9.96,-202.99,0,0.2893,63,79,168,-1,1,0,0,0,nil,1,nil
4/28 18:51:55.163  SPELL_HEAL,Player-4755-0210153A,"Hapuseneb-Dreadmist",0x514,0x0,Player-4755-01ED7A64,"Sperzieboon-Dreadmist",0x514,0x0,6064,"Heal",0x2,Player-4755-01ED7A64,0000000000000000,88,100,0,0,0,-1,0,0,0,15.74,-233.06,0,1.5594,67,1325,1325,0,0,nil
4/28 18:51:55.163  SWING_DAMAGE_LANDED,Player-4755-01AC9FD9,"Alexinho-Dreadmist",0x514,0x0,Creature-0-4457-249-1045-10184-000028665C,"Onyxia",0x10a48,0x0,Creature-0-4457-249-1045-10184-000028665C,0000000000000000,23,100,0,0,0,-1,0,0,0,9.96,-202.99,0,0.2893,63,561,349,-1,1,0,0,0,1,nil,nil
4/28 18:51:55.163  SWING_DAMAGE,Player-4755-01637B0A,"Pindle-Dreadmist",0x514,0x0,Creature-0-4457-249-1045-11262-0000286D35,"Onyxian Whelp",0xa48,0x0,Player-4755-01637B0A,0000000000000000,19,100,0,0,0,-1,0,0,0,-17.63,-174.29,0,3.0311,65,74,118,-1,1,0,0,0,nil,nil,nil
4/28 18:51:55.185  SPELL_AURA_REMOVED,Player-4755-0210153A,"Hapuseneb-Dreadmist",0x514,0x0,Player-4755-01F21AE6,"Blahu-Dreadmist",0x40514,0x0,15359,"Inspiration",0x2,BUFF
4/28 18:51:55.205  SWING_DAMAGE,Player-4755-01AC9FD9,"Alexinho-Dreadmist",0x514,0x0,Creature-0-4457-249-1045-10184-000028665C,"Onyxia",0x10a48,0x0,Player-4755-01AC9FD9,0000000000000000,69,100,0,0,0,-1,0,0,0,4.02,-193.89,0,5.9995,66,145,183,-1,1,0,0,0,nil,nil,nil
4/28 18:51:55.326  SPELL_CAST_SUCCESS,Player-4755-01840577,"Raggèn-Dreadmist",0x514,0x0,Creature-0-4457-249-1045-10184-000028665C,"Onyxia",0x10a48,0x0,17364,"Stormstrike",0x1,Player-4755-01840577,0000000000000000,100,100,0,0,0,-1,0,0,0,13.64,-212.53,0,1.8918,67
4/28 18:51:55.341  SPELL_CAST_SUCCESS,Player-4755-01AC9FD9,"Alexinho-Dreadmist",0x514,0x0,Creature-0-4457-249-1045-10184-000028665C,"Onyxia",0x10a48,0x0,11294,"Sinister Strike",0x1,Player-4755-01AC9FD9,0000000000000000,69,100,0,0,0,-1,0,0,0,4.02,-193.89,0,5.5566,66
4/28 18:51:55.341  SWING_DAMAGE,Player-4755-0178F416,"Eltorero-Dreadmist",0x514,0x0,Creature-0-4457-249-1045-10184-000028665C,"Onyxia",0x10a48,0x0,Player-4755-0178F416,0000000000000000,72,100,0,0,0,-1,0,0,0,10.27,-216.70,0,1.7118,65,208,264,-1,1,0,0,0,nil,nil,nil
4/28 18:51:55.341  SPELL_PERIODIC_ENERGIZE,Player-4755-01ED7A64,"Sperzieboon-Dreadmist",0x514,0x0,Player-4755-01ED7A64,"Sperzieboon-Dreadmist",0x514,0x0,15604,"Second Wind",0x40,Player-4755-01ED7A64,0000000000000000,88,100,0,0,0,-1,0,0,0,15.74,-233.06,0,1.5594,67,30.0000,0.0000,0,7261
4/28 18:51:55.400  SWING_DAMAGE,Player-4755-01733879,"Hocwar-Dreadmist",0x40514,0x0,Creature-0-4457-249-1045-10184-000028665C,"Onyxia",0x10a48,0x0,Player-4755-01733879,0000000000000000,74,100,0,0,0,-1,0,0,0,6.29,-195.84,0,4.8233,71,101,158,-1,1,0,0,0,nil,1,nil
4/28 18:51:55.432  SWING_DAMAGE,Player-4755-01A6B139,"Sakatan-Dreadmist",0x514,0x0,Creature-0-4457-249-1045-10184-000028665C,"Onyxia",0x10a48,0x0,Player-4755-01A6B139,0000000000000000,100,100,0,0,0,-1,0,0,0,0.13,-185.90,0,5.3257,69,118,157,-1,1,0,0,0,nil,1,nil
4/28 18:51:55.466  RANGE_DAMAGE,Player-4755-020BD78D,"Lonehunter-Dreadmist",0x514,0x0,Creature-0-4457-249-1045-10184-000028665C,"Onyxia",0x10a48,0x0,75,"Auto Shot",0x1,Creature-0-4457-249-1045-10184-000028665C,0000000000000000,23,100,0,0,0,-1,0,0,0,9.96,-202.99,0,0.2893,63,389,493,-1,1,0,0,0,nil,nil,nil
4/28 18:51:55.531  SWING_DAMAGE,Creature-0-4457-249-1045-11262-0000286D35,"Onyxian Whelp",0xa48,0x0,Player-4755-01637B0A,"Pindle-Dreadmist",0x514,0x0,Creature-0-4457-249-1045-11262-0000286D35,0000000000000000,94,100,0,0,0,-1,0,0,0,-18.34,-175.03,0,0.0000,56,305,416,-1,1,0,0,0,nil,nil,nil
4/28 18:51:55.554  SWING_DAMAGE_LANDED,Player-4755-01637B0A,"Pindle-Dreadmist",0x514,0x0,Creature-0-4457-249-1045-11262-0000286D35,"Onyxian Whelp",0xa48,0x0,Creature-0-4457-249-1045-11262-0000286D35,0000000000000000,91,100,0,0,0,-1,0,0,0,-18.20,-175.03,0,0.0000,56,74,118,-1,1,0,0,0,nil,nil,nil
4/28 18:51:55.554  SWING_DAMAGE_LANDED,Player-4755-01AC9FD9,"Alexinho-Dreadmist",0x514,0x0,Creature-0-4457-249-1045-10184-000028665C,"Onyxia",0x10a48,0x0,Creature-0-4457-249-1045-10184-000028665C,0000000000000000,23,100,0,0,0,-1,0,0,0,9.96,-202.99,0,0.2893,63,145,183,-1,1,0,0,0,nil,nil,nil
4/28 18:51:55.554  SPELL_DAMAGE,Player-4755-01840577,"Raggèn-Dreadmist",0x514,0x0,Creature-0-4457-249-1045-10184-000028665C,"Onyxia",0x10a48,0x0,17364,"Stormstrike",0x1,Creature-0-4457-249-1045-10184-000028665C,0000000000000000,23,100,0,0,0,-1,0,0,0,9.96,-202.99,0,0.2893,63,382,484,-1,1,0,0,0,nil,nil,nil
4/28 18:51:55.554  SPELL_AURA_APPLIED,Player-4755-01840577,"Raggèn-Dreadmist",0x514,0x0,Creature-0-4457-249-1045-10184-000028665C,"Onyxia",0x10a48,0x0,17364,"Stormstrike",0x1,DEBUFF
4/28 18:51:55.554  SPELL_DAMAGE,Player-4755-01AC9FD9,"Alexinho-Dreadmist",0x514,0x0,Creature-0-4457-249-1045-10184-000028665C,"Onyxia",0x10a48,0x0,11294,"Sinister Strike",0x1,Creature-0-4457-249-1045-10184-000028665C,0000000000000000,23,100,0,0,0,-1,0,0,0,9.96,-202.99,0,0.2893,63,350,445,-1,1,0,0,0,nil,nil,nil
4/28 18:51:55.554  SWING_DAMAGE_LANDED,Player-4755-0178F416,"Eltorero-Dreadmist",0x514,0x0,Creature-0-4457-249-1045-10184-000028665C,"Onyxia",0x10a48,0x0,Creature-0-4457-249-1045-10184-000028665C,0000000000000000,23,100,0,0,0,-1,0,0,0,9.96,-202.99,0,0.2893,63,208,264,-1,1,0,0,0,nil,nil,nil
4/28 18:51:55.554  SWING_DAMAGE_LANDED,Player-4755-01733879,"Hocwar-Dreadmist",0x40514,0x0,Creature-0-4457-249-1045-10184-000028665C,"Onyxia",0x10a48,0x0,Creature-0-4457-249-1045-10184-000028665C,0000000000000000,23,100,0,0,0,-1,0,0,0,9.96,-202.99,0,0.2893,63,101,158,-1,1,0,0,0,nil,1,nil
4/28 18:51:55.554  SWING_DAMAGE_LANDED,Player-4755-01A6B139,"Sakatan-Dreadmist",0x514,0x0,Creature-0-4457-249-1045-10184-000028665C,"Onyxia",0x10a48,0x0,Creature-0-4457-249-1045-10184-000028665C,0000000000000000,23,100,0,0,0,-1,0,0,0,9.96,-202.99,0,0.2893,63,118,157,-1,1,0,0,0,nil,1,nil
4/28 18:51:55.554  SWING_DAMAGE_LANDED,Creature-0-4457-249-1045-11262-0000286D35,"Onyxian Whelp",0xa48,0x0,Player-4755-01637B0A,"Pindle-Dreadmist",0x514,0x0,Player-4755-01637B0A,0000000000000000,12,100,0,0,0,-1,0,0,0,-15.87,-174.38,0,3.1057,65,305,416,-1,1,0,0,0,nil,nil,nil
4/28 18:51:55.554  SPELL_CAST_START,Player-4755-01F36B30,"Rectumqeef-Dreadmist",0x514,0x0,0000000000000000,nil,0x80000000,0x80000000,5019,"Shoot",0x1
4/28 18:51:55.575  RANGE_DAMAGE,Player-4755-0178F576,"Atreas-Dreadmist",0x514,0x0,Creature-0-4457-249-1045-10184-000028665C,"Onyxia",0x10a48,0x0,75,"Auto Shot",0x1,Creature-0-4457-249-1045-10184-000028665C,0000000000000000,23,100,0,0,0,-1,0,0,0,9.96,-202.99,0,0.2893,63,380,481,-1,1,0,0,0,nil,nil,nil
4/28 18:51:55.589  SPELL_CAST_SUCCESS,Player-4755-01637B0A,"Pindle-Dreadmist",0x514,0x0,Creature-0-4457-249-1045-11262-0000286D35,"Onyxian Whelp",0xa48,0x0,11294,"Sinister Strike",0x1,Player-4755-01637B0A,0000000000000000,12,100,0,0,0,-1,0,0,0,-15.72,-174.38,0,3.1233,65
4/28 18:51:55.712  SWING_MISSED,Player-4755-01F21AE6,"Blahu-Dreadmist",0x40514,0x0,Creature-0-4457-249-1045-10184-000028665C,"Onyxia",0x10a48,0x0,PARRY,1
4/28 18:51:55.760  SPELL_CAST_SUCCESS,Player-4755-01F21AE6,"Blahu-Dreadmist",0x40514,0x0,Creature-0-4457-249-1045-10184-000028665C,"Onyxia",0x10a48,0x0,11597,"Sunder Armor",0x1,Player-4755-01F21AE6,0000000000000000,100,100,0,0,0,-1,0,0,0,14.94,-208.55,0,1.6353,70
4/28 18:51:55.760  SPELL_MISSED,Player-4755-01F21AE6,"Blahu-Dreadmist",0x40514,0x0,Creature-0-4457-249-1045-10184-000028665C,"Onyxia",0x10a48,0x0,11597,"Sunder Armor",0x1,DODGE,nil
4/28 18:51:55.775  SPELL_PERIODIC_ENERGIZE,Creature-0-4457-249-1045-7416-0000286D2B,"Mana Spring Totem IV",0x2114,0x0,Player-4755-01840577,"Raggèn-Dreadmist",0x514,0x0,10494,"Mana Spring",0x8,Player-4755-01840577,0000000000000000,100,100,0,0,0,-1,0,0,0,13.64,-212.53,0,1.8918,67,10.0000,0.0000,0,3790
4/28 18:51:55.775  SPELL_AURA_APPLIED,Player-4755-01733879,"Hocwar-Dreadmist",0x40514,0x0,Player-4755-01733879,"Hocwar-Dreadmist",0x40514,0x0,1719,"Recklessness",0x1,BUFF
4/28 18:51:55.775  SPELL_CAST_SUCCESS,Player-4755-01733879,"Hocwar-Dreadmist",0x40514,0x0,0000000000000000,nil,0x80000000,0x80000000,1719,"Recklessness",0x1,Player-4755-01733879,0000000000000000,74,100,0,0,0,-1,0,0,0,6.29,-195.84,0,4.8233,71
4/28 18:51:55.775  SPELL_CAST_SUCCESS,Player-4755-01617EEE,"Fenix-Dreadmist",0x512,0x0,Player-4755-01733879,"Hocwar-Dreadmist",0x40514,0x0,9474,"Flash Heal",0x2,Player-4755-01617EEE,0000000000000000,87,100,0,0,0,-1,0,0,0,21.87,-175.54,0,5.0993,66
4/28 18:51:55.775  SPELL_AURA_REMOVED,Player-4755-01614AC7,"Mirrimazduur-Dreadmist",0x512,0x0,Player-4755-01614AC7,"Mirrimazduur-Dreadmist",0x512,0x0,7744,"Will of the Forsaken",0x1,BUFF
4/28 18:51:55.809  SPELL_CAST_SUCCESS,Player-4755-016296D3,"Nivl-Dreadmist",0x514,0x0,Player-4755-01FA8DD8,"Roackerita-Dreadmist",0x514,0x0,1064,"Chain Heal",0x8,Player-4755-016296D3,0000000000000000,100,100,0,0,0,-1,0,0,0,-0.59,-171.08,0,1.2932,69
4/28 18:51:55.809  SPELL_CAST_START,Player-4755-016296D3,"Nivl-Dreadmist",0x514,0x0,0000000000000000,nil,0x80000000,0x80000000,1064,"Chain Heal",0x8
4/28 18:51:55.809  SWING_MISSED,Pet-0-4457-249-1045-2850-01001956F9,"Kratos",0x1114,0x0,Creature-0-4457-249-1045-10184-000028665C,"Onyxia",0x10a48,0x0,PARRY,nil
4/28 18:51:55.826  SPELL_CAST_START,Player-4755-020BD78D,"Lonehunter-Dreadmist",0x514,0x0,0000000000000000,nil,0x80000000,0x80000000,75,"Auto Shot",0x1
4/28 18:51:55.842  SWING_MISSED,Player-4755-01733879,"Hocwar-Dreadmist",0x40514,0x0,Creature-0-4457-249-1045-10184-000028665C,"Onyxia",0x10a48,0x0,MISS,nil
4/28 18:51:55.891  SPELL_PERIODIC_DAMAGE,Player-4755-0178F416,"Eltorero-Dreadmist",0x514,0x0,Creature-0-4457-249-1045-10184-000028665C,"Onyxia",0x10a48,0x0,12721,"Deep Wound",0x1,Creature-0-4457-249-1045-10184-000028665C,0000000000000000,23,100,0,0,0,-1,0,0,0,9.96,-202.99,0,0.2893,63,37,36,-1,1,0,0,0,nil,nil,nil
4/28 18:51:55.938  SPELL_CAST_SUCCESS,Player-4755-0160BD13,"Mafkees-Dreadmist",0x514,0x0,0000000000000000,nil,0x80000000,0x80000000,11581,"Thunder Clap",0x1,Player-4755-0160BD13,0000000000000000,100,100,0,0,0,-1,0,0,0,9.06,-213.76,0,1.2551,64
4/28 18:51:55.938  SPELL_MISSED,Player-4755-0160BD13,"Mafkees-Dreadmist",0x514,0x0,Creature-0-4457-249-1045-10184-000028665C,"Onyxia",0x10a48,0x0,11581,"Thunder Clap",0x1,RESIST,nil,0
4/28 18:51:55.938  SPELL_EXTRA_ATTACKS,Player-4755-01AC9FD9,"Alexinho-Dreadmist",0x514,0x0,Player-4755-01AC9FD9,"Alexinho-Dreadmist",0x514,0x0,15601,"Hand of Justice",0x1,1
4/28 18:51:55.938  SPELL_AURA_REMOVED_DOSE,Player-4755-0178F416,"Eltorero-Dreadmist",0x514,0x0,Player-4755-0178F416,"Eltorero-Dreadmist",0x514,0x0,23888,"Bloodthirst",0x1,BUFF,3
4/28 18:51:55.938  SPELL_HEAL,Player-4755-0178F416,"Eltorero-Dreadmist",0x514,0x0,Player-4755-0178F416,"Eltorero-Dreadmist",0x514,0x0,23891,"Bloodthirst",0x1,Player-4755-0178F416,0000000000000000,72,100,0,0,0,-1,0,0,0,10.27,-216.70,0,1.7118,65,20,20,0,0,nil
4/28 18:51:55.938  SPELL_AURA_REMOVED,Player-4755-0178F416,"Eltorero-Dreadmist",0x514,0x0,Player-4755-0178F416,"Eltorero-Dreadmist",0x514,0x0,12970,"Flurry",0x1,BUFF
4/28 18:51:55.938  SPELL_AURA_REMOVED_DOSE,Player-4755-01733879,"Hocwar-Dreadmist",0x40514,0x0,Player-4755-01733879,"Hocwar-Dreadmist",0x40514,0x0,12970,"Flurry",0x1,BUFF,2
4/28 18:51:55.938  SPELL_DAMAGE,Player-4755-01637B0A,"Pindle-Dreadmist",0x514,0x0,Creature-0-4457-249-1045-11262-0000286D35,"Onyxian Whelp",0xa48,0x0,11294,"Sinister Strike",0x1,Creature-0-4457-249-1045-11262-0000286D35,0000000000000000,85,100,0,0,0,-1,0,0,0,-15.71,-175.02,0,0.0047,56,159,255,-1,1,0,0,0,nil,nil,nil
4/28 18:51:55.938  SPELL_HEAL,Player-4755-01617EEE,"Fenix-Dreadmist",0x512,0x0,Player-4755-01733879,"Hocwar-Dreadmist",0x40514,0x0,9474,"Flash Heal",0x2,Player-4755-01733879,0000000000000000,94,100,0,0,0,-1,0,0,0,6.29,-195.84,0,4.8233,71,1246,1246,0,0,1
4/28 18:51:55.938  SPELL_HEAL,Player-4755-016296D3,"Nivl-Dreadmist",0x514,0x0,Pet-0-4457-249-1045-2850-01001956F9,"Kratos",0x1114,0x0,1064,"Chain Heal",0x8,Pet-0-4457-249-1045-2850-01001956F9,Player-4755-0178F576,32,100,0,0,0,-1,0,0,0,8.87,-177.97,0,4.7559,66,290,290,0,0,nil
4/28 18:51:55.938  SPELL_HEAL,Player-4755-016296D3,"Nivl-Dreadmist",0x514,0x0,Player-4755-01802FE5,"Angrybat-Dreadmist",0x514,0x0,1064,"Chain Heal",0x8,Player-4755-01802FE5,0000000000000000,100,100,0,0,0,-1,0,0,0,-1.13,-175.39,0,5.0954,66,427,427,357,0,nil
4/28 18:51:55.938  SPELL_HEAL,Player-4755-016296D3,"Nivl-Dreadmist",0x514,0x0,Player-4755-01FA8DD8,"Roackerita-Dreadmist",0x514,0x0,1064,"Chain Heal",0x8,Player-4755-01FA8DD8,0000000000000000,52,100,0,0,0,-1,0,0,0,-5.52,-170.52,0,3.0910,69,678,678,0,0,nil
4/28 18:51:55.964  SWING_DAMAGE,Player-4755-01AC9FD9,"Alexinho-Dreadmist",0x514,0x0,Creature-0-4457-249-1045-10184-000028665C,"Onyxia",0x10a48,0x0,Player-4755-01AC9FD9,0000000000000000,69,100,0,0,0,-1,0,0,0,6.38,-195.96,0,5.2165,66,306,388,-1,1,0,0,0,nil,nil,nil
4/28 18:51:55.964  SPELL_CAST_SUCCESS,Player-4755-01A6B139,"Sakatan-Dreadmist",0x514,0x0,Creature-0-4457-249-1045-10184-000028665C,"Onyxia",0x10a48,0x0,11281,"Backstab",0x1,Player-4755-01A6B139,0000000000000000,100,100,0,0,0,-1,0,0,0,1.86,-187.88,0,5.2786,69
4/28 18:51:55.984  SWING_MISSED,Player-4755-01637B0A,"Pindle-Dreadmist",0x514,0x0,Creature-0-4457-249-1045-11262-0000286D35,"Onyxian Whelp",0xa48,0x0,MISS,nil
4/28 18:51:55.984  SPELL_PERIODIC_HEAL,Player-4755-02045EF4,"Necrosini-Dreadmist",0x512,0x0,Player-4755-0220BD00,"Krikoff-Dreadmist",0x40514,0x0,10929,"Renew",0x2,Player-4755-0220BD00,0000000000000000,91,100,0,0,0,-1,0,0,0,25.64,-199.75,0,3.4126,68,253,253,0,0,nil
4/28 18:51:55.984  SPELL_AURA_REMOVED,Player-4755-02045EF4,"Necrosini-Dreadmist",0x512,0x0,Player-4755-0220BD00,"Krikoff-Dreadmist",0x40514,0x0,10929,"Renew",0x2,BUFF
4/28 18:51:56.002  SPELL_CAST_START,Player-4755-015FEBD5,"Sauvage-Dreadmist",0x514,0x0,0000000000000000,nil,0x80000000,0x80000000,10181,"Frostbolt",0x10
4/28 18:51:56.034  SWING_DAMAGE,Creature-0-4457-249-1045-10184-000028665C,"Onyxia",0x10a48,0x0,Player-4755-0220BD00,"Krikoff-Dreadmist",0x40514,0x0,Creature-0-4457-249-1045-10184-000028665C,0000000000000000,23,100,0,0,0,-1,0,0,0,9.96,-202.99,0,0.2893,63,652,1226,-1,1,0,0,0,nil,nil,1
4/28 18:51:56.034  SWING_DAMAGE,Player-4755-0220BD00,"Krikoff-Dreadmist",0x40514,0x0,Creature-0-4457-249-1045-10184-000028665C,"Onyxia",0x10a48,0x0,Player-4755-0220BD00,0000000000000000,91,100,0,0,0,-1,0,0,0,25.64,-199.75,0,3.4126,68,292,185,-1,1,0,0,0,1,nil,nil
4/28 18:51:56.049  SPELL_CAST_SUCCESS,Player-4755-01F36B30,"Rectumqeef-Dreadmist",0x514,0x0,Creature-0-4457-249-1045-10184-000028665C,"Onyxia",0x10a48,0x0,5019,"Shoot",0x1,Player-4755-01F36B30,0000000000000000,100,100,0,0,0,-1,0,0,0,13.50,-173.68,0,4.5714,66
4/28 18:51:56.068  SPELL_PERIODIC_ENERGIZE,Creature-0-4457-249-1045-11101-0000286D32,"Mana Tide Totem III",0x2114,0x0,Player-4755-01FA8DD8,"Roackerita-Dreadmist",0x514,0x0,17360,"Mana Tide",0x8,Player-4755-01FA8DD8,0000000000000000,52,100,0,0,0,-1,0,0,0,-5.52,-170.52,0,3.0910,69,290.0000,0.0000,0,6736
4/28 18:51:56.068  SPELL_PERIODIC_ENERGIZE,Creature-0-4457-249-1045-11101-0000286D32,"Mana Tide Totem III",0x2114,0x0,Player-4755-01804B95,"Moymoy-Dreadmist",0x514,0x0,17360,"Mana Tide",0x8,Player-4755-01804B95,0000000000000000,82,100,0,0,0,-1,0,0,0,12.50,-178.35,0,4.9266,66,290.0000,0.0000,0,5366
4/28 18:51:56.098  SWING_DAMAGE,Pet-0-4457-249-1045-7432-01002D8BC6,"Cat",0x1114,0x0,Creature-0-4457-249-1045-10184-000028665C,"Onyxia",0x10a48,0x0,Pet-0-4457-249-1045-7432-01002D8BC6,Player-4755-01E83279,5,100,0,0,0,-1,0,0,0,-13.33,-193.99,0,5.9144,71,75,165,-1,1,0,0,0,nil,1,nil
4/28 18:51:56.098  SPELL_AURA_APPLIED,Player-4755-01637B0A,"Pindle-Dreadmist",0x514,0x0,Player-4755-01637B0A,"Pindle-Dreadmist",0x514,0x0,5277,"Evasion",0x1,BUFF
4/28 18:51:56.098  SPELL_CAST_SUCCESS,Player-4755-01637B0A,"Pindle-Dreadmist",0x514,0x0,0000000000000000,nil,0x80000000,0x80000000,5277,"Evasion",0x1,Player-4755-01637B0A,0000000000000000,12,100,0,0,0,-1,0,0,0,-13.60,-175.10,0,3.5691,65
4/28 18:51:56.131  SPELL_PERIODIC_DAMAGE,Player-4755-01614AC7,"Mirrimazduur-Dreadmist",0x512,0x0,Creature-0-4457-249-1045-10184-000028665C,"Onyxia",0x10a48,0x0,11672,"Corruption",0x20,Creature-0-4457-249-1045-10184-000028665C,0000000000000000,23,100,0,0,0,-1,0,0,0,9.96,-202.99,0,0.2893,63,239,188,-1,32,0,0,0,nil,nil,nil
4/28 18:51:56.161  SPELL_CAST_SUCCESS,Player-4755-020BD78D,"Lonehunter-Dreadmist",0x514,0x0,Creature-0-4457-249-1045-10184-000028665C,"Onyxia",0x10a48,0x0,75,"Auto Shot",0x1,Player-4755-020BD78D,0000000000000000,98,100,0,0,0,-1,0,0,0,4.98,-250.25,0,1.3468,70
4/28 18:51:56.193  SWING_DAMAGE,Player-4755-01A6B139,"Sakatan-Dreadmist",0x514,0x0,Creature-0-4457-249-1045-10184-000028665C,"Onyxia",0x10a48,0x0,Player-4755-01A6B139,0000000000000000,100,100,0,0,0,-1,0,0,0,1.86,-187.88,0,5.2786,69,325,202,-1,1,0,0,0,1,nil,nil
4/28 18:51:56.224  SPELL_CAST_START,Player-4755-020BD78D,"Lonehunter-Dreadmist",0x514,0x0,0000000000000000,nil,0x80000000,0x80000000,20904,"Aimed Shot",0x1
4/28 18:51:56.224  SWING_DAMAGE,Player-4755-01637B0A,"Pindle-Dreadmist",0x514,0x0,Creature-0-4457-249-1045-11262-0000286D35,"Onyxian Whelp",0xa48,0x0,Player-4755-01637B0A,0000000000000000,12,100,0,0,0,-1,0,0,0,-13.07,-175.30,0,3.5691,65,123,96,-1,1,0,0,0,1,nil,nil
4/28 18:51:56.241  SPELL_AURA_REMOVED,Player-4755-0160BD13,"Mafkees-Dreadmist",0x514,0x0,Player-4755-0160BD13,"Mafkees-Dreadmist",0x514,0x0,2457,"Battle Stance",0x1,BUFF
4/28 18:51:56.241  SPELL_AURA_APPLIED,Player-4755-0160BD13,"Mafkees-Dreadmist",0x514,0x0,Player-4755-0160BD13,"Mafkees-Dreadmist",0x514,0x0,2458,"Berserker Stance",0x1,BUFF
4/28 18:51:56.241  SPELL_CAST_SUCCESS,Player-4755-0160BD13,"Mafkees-Dreadmist",0x514,0x0,0000000000000000,nil,0x80000000,0x80000000,2458,"Berserker Stance",0x1,Player-4755-0160BD13,0000000000000000,100,100,0,0,0,-1,0,0,0,9.06,-213.76,0,1.2865,64
4/28 18:51:56.340  SPELL_CAST_SUCCESS,Pet-0-4457-249-1045-2850-01001956F9,"Kratos",0x1114,0x0,Creature-0-4457-249-1045-10184-000028665C,"Onyxia",0x10a48,0x0,17261,"Bite",0x1,Pet-0-4457-249-1045-2850-01001956F9,Player-4755-0178F576,32,100,0,0,0,-1,0,0,0,8.87,-177.97,0,4.7559,66
4/28 18:51:56.364  SPELL_AURA_REMOVED_DOSE,Player-4755-01733879,"Hocwar-Dreadmist",0x40514,0x0,Player-4755-01733879,"Hocwar-Dreadmist",0x40514,0x0,12970,"Flurry",0x1,BUFF,1
4/28 18:51:56.364  SWING_DAMAGE_LANDED,Player-4755-01AC9FD9,"Alexinho-Dreadmist",0x514,0x0,Creature-0-4457-249-1045-10184-000028665C,"Onyxia",0x10a48,0x0,Creature-0-4457-249-1045-10184-000028665C,0000000000000000,23,100,0,0,0,-1,0,0,0,9.96,-202.99,0,0.2893,63,306,388,-1,1,0,0,0,nil,nil,nil
4/28 18:51:56.364  SPELL_DAMAGE,Player-4755-01A6B139,"Sakatan-Dreadmist",0x514,0x0,Creature-0-4457-249-1045-10184-000028665C,"Onyxia",0x10a48,0x0,11281,"Backstab",0x1,Creature-0-4457-249-1045-10184-000028665C,0000000000000000,22,100,0,0,0,-1,0,0,0,9.96,-202.99,0,0.2893,63,517,656,-1,1,0,0,0,nil,nil,nil
4/28 18:51:56.364  SWING_DAMAGE_LANDED,Creature-0-4457-249-1045-10184-000028665C,"Onyxia",0x10a48,0x0,Player-4755-0220BD00,"Krikoff-Dreadmist",0x40514,0x0,Player-4755-0220BD00,0000000000000000,81,100,0,0,0,-1,0,0,0,25.64,-199.75,0,3.4126,68,652,1226,-1,1,0,0,0,nil,nil,1
4/28 18:51:56.364  SWING_DAMAGE_LANDED,Player-4755-0220BD00,"Krikoff-Dreadmist",0x40514,0x0,Creature-0-4457-249-1045-10184-000028665C,"Onyxia",0x10a48,0x0,Creature-0-4457-249-1045-10184-000028665C,0000000000000000,22,100,0,0,0,-1,0,0,0,9.96,-202.99,0,0.2893,63,292,185,-1,1,0,0,0,1,nil,nil
4/28 18:51:56.364  SWING_DAMAGE_LANDED,Pet-0-4457-249-1045-7432-01002D8BC6,"Cat",0x1114,0x0,Creature-0-4457-249-1045-10184-000028665C,"Onyxia",0x10a48,0x0,Creature-0-4457-249-1045-10184-000028665C,0000000000000000,22,100,0,0,0,-1,0,0,0,9.96,-202.99,0,0.2893,63,75,165,-1,1,0,0,0,nil,1,nil
4/28 18:51:56.364  SWING_DAMAGE_LANDED,Player-4755-01A6B139,"Sakatan-Dreadmist",0x514,0x0,Creature-0-4457-249-1045-10184-000028665C,"Onyxia",0x10a48,0x0,Creature-0-4457-249-1045-10184-000028665C,0000000000000000,22,100,0,0,0,-1,0,0,0,9.96,-202.99,0,0.2893,63,325,202,-1,1,0,0,0,1,nil,nil
4/28 18:51:56.364  SWING_DAMAGE_LANDED,Player-4755-01637B0A,"Pindle-Dreadmist",0x514,0x0,Creature-0-4457-249-1045-11262-0000286D35,"Onyxian Whelp",0xa48,0x0,Creature-0-4457-249-1045-11262-0000286D35,0000000000000000,81,100,0,0,0,-1,0,0,0,-13.57,-175.79,0,6.0467,56,123,96,-1,1,0,0,0,1,nil,nil
4/28 18:51:56.364  SPELL_DAMAGE,Player-4755-01637B0A,"Pindle-Dreadmist",0x514,0x0,Creature-0-4457-249-1045-11262-0000286D35,"Onyxian Whelp",0xa48,0x0,11337,"Instant Poison VI",0x8,Creature-0-4457-249-1045-11262-0000286D35,0000000000000000,76,100,0,0,0,-1,0,0,0,-13.57,-175.79,0,6.0467,56,142,141,-1,8,0,0,0,nil,nil,nil
4/28 18:51:56.364  SPELL_DAMAGE,Pet-0-4457-249-1045-2850-01001956F9,"Kratos",0x1114,0x0,Creature-0-4457-249-1045-10184-000028665C,"Onyxia",0x10a48,0x0,17261,"Bite",0x1,Creature-0-4457-249-1045-10184-000028665C,0000000000000000,22,100,0,0,0,-1,0,0,0,9.96,-202.99,0,0.2893,63,113,143,-1,1,0,0,0,nil,nil,nil
4/28 18:51:56.364  SPELL_PERIODIC_ENERGIZE,Player-4755-01ED7A64,"Sperzieboon-Dreadmist",0x514,0x0,Player-4755-01ED7A64,"Sperzieboon-Dreadmist",0x514,0x0,15604,"Second Wind",0x40,Player-4755-01ED7A64,0000000000000000,88,100,0,0,0,-1,0,0,0,15.74,-233.06,0,3.3462,67,30.0000,0.0000,0,7261
4/28 18:51:56.364  SPELL_AURA_REMOVED,Player-4755-01ED7A64,"Sperzieboon-Dreadmist",0x514,0x0,Player-4755-01ED7A64,"Sperzieboon-Dreadmist",0x514,0x0,15604,"Second Wind",0x40,BUFF
4/28 18:51:56.364  SWING_DAMAGE,Player-4755-01AC9FD9,"Alexinho-Dreadmist",0x514,0x0,Creature-0-4457-249-1045-10184-000028665C,"Onyxia",0x10a48,0x0,Player-4755-01AC9FD9,0000000000000000,69,100,0,0,0,-1,0,0,0,6.33,-195.57,0,4.8395,66,123,174,-1,1,0,0,0,nil,1,nil
4/28 18:51:56.401  SPELL_CAST_SUCCESS,Player-4755-01F21AE6,"Blahu-Dreadmist",0x40514,0x0,Creature-0-4457-249-1045-10184-000028665C,"Onyxia",0x10a48,0x0,11567,"Heroic Strike",0x1,Player-4755-01F21AE6,0000000000000000,100,100,0,0,0,-1,0,0,0,14.94,-208.55,0,1.6353,70
4/28 18:51:56.401  SPELL_MISSED,Player-4755-01F21AE6,"Blahu-Dreadmist",0x40514,0x0,Creature-0-4457-249-1045-10184-000028665C,"Onyxia",0x10a48,0x0,11567,"Heroic Strike",0x1,MISS,nil
4/28 18:51:56.432  SWING_DAMAGE,Player-4755-01733879,"Hocwar-Dreadmist",0x40514,0x0,Creature-0-4457-249-1045-10184-000028665C,"Onyxia",0x10a48,0x0,Player-4755-01733879,0000000000000000,94,100,0,0,0,-1,0,0,0,6.29,-195.84,0,4.8233,71,195,124,-1,1,0,0,0,1,nil,nil
4/28 18:51:56.526  SPELL_AURA_REMOVED,Player-4755-0178F416,"Eltorero-Dreadmist",0x514,0x0,Player-4755-0178F416,"Eltorero-Dreadmist",0x514,0x0,16624,"Thorium Shield Spike",0x1,BUFF
4/28 18:51:56.526  SPELL_CAST_START,Player-4755-01617EEE,"Fenix-Dreadmist",0x512,0x0,0000000000000000,nil,0x80000000,0x80000000,9474,"Flash Heal",0x2
4/28 18:51:56.648  SWING_DAMAGE,Player-4755-01840577,"Raggèn-Dreadmist",0x514,0x0,Creature-0-4457-249-1045-10184-000028665C,"Onyxia",0x10a48,0x0,Player-4755-01840577,0000000000000000,100,100,0,0,0,-1,0,0,0,13.64,-212.53,0,1.8918,67,279,428,-1,1,0,0,0,nil,1,nil
4/28 18:51:56.648  SPELL_CAST_SUCCESS,Player-4755-0163DD9D,"Kaspais-Dreadmist",0x514,0x0,Creature-0-4457-249-1045-10184-000028665C,"Onyxia",0x10a48,0x0,10181,"Frostbolt",0x10,Player-4755-0163DD9D,0000000000000000,100,100,0,0,0,-1,0,0,0,13.75,-172.65,0,4.2121,66
4/28 18:51:56.664  SPELL_CAST_START,Player-4755-0163DD9D,"Kaspais-Dreadmist",0x514,0x0,0000000000000000,nil,0x80000000,0x80000000,10181,"Frostbolt",0x10
4/28 18:51:56.664  SPELL_AURA_REMOVED,Player-4755-016DF694,"Ashalan-Dreadmist",0x514,0x0,Player-4755-016DF694,"Ashalan-Dreadmist",0x514,0x0,20007,"Holy Strength",0x2,BUFF
4/28 18:51:56.664  SPELL_CAST_START,Player-4755-01802FE5,"Angrybat-Dreadmist",0x514,0x0,0000000000000000,nil,0x80000000,0x80000000,10181,"Frostbolt",0x10
4/28 18:51:56.768  SPELL_AURA_APPLIED,Player-4755-01617EEE,"Fenix-Dreadmist",0x512,0x0,Player-4755-01733879,"Hocwar-Dreadmist",0x40514,0x0,15359,"Inspiration",0x2,BUFF
4/28 18:51:56.768  DAMAGE_SHIELD_MISSED,Player-4755-0220BD00,"Krikoff-Dreadmist",0x40514,0x0,Creature-0-4457-249-1045-10184-000028665C,"Onyxia",0x10a48,0x0,11771,"Fire Shield",0x4,IMMUNE,nil
4/28 18:51:56.768  SPELL_AURA_APPLIED,Player-4755-0220BD00,"Krikoff-Dreadmist",0x40514,0x0,Player-4755-0220BD00,"Krikoff-Dreadmist",0x40514,0x0,12970,"Flurry",0x1,BUFF
4/28 18:51:56.768  SWING_DAMAGE_LANDED,Player-4755-01AC9FD9,"Alexinho-Dreadmist",0x514,0x0,Creature-0-4457-249-1045-10184-000028665C,"Onyxia",0x10a48,0x0,Creature-0-4457-249-1045-10184-000028665C,0000000000000000,22,100,0,0,0,-1,0,0,0,9.96,-202.99,0,0.2893,63,123,174,-1,1,0,0,0,nil,1,nil
4/28 18:51:56.768  SWING_DAMAGE_LANDED,Player-4755-01733879,"Hocwar-Dreadmist",0x40514,0x0,Creature-0-4457-249-1045-10184-000028665C,"Onyxia",0x10a48,0x0,Creature-0-4457-249-1045-10184-000028665C,0000000000000000,22,100,0,0,0,-1,0,0,0,9.96,-202.99,0,0.2893,63,195,124,-1,1,0,0,0,1,nil,nil
4/28 18:51:56.768  SWING_DAMAGE_LANDED,Player-4755-01840577,"Raggèn-Dreadmist",0x514,0x0,Creature-0-4457-249-1045-10184-000028665C,"Onyxia",0x10a48,0x0,Creature-0-4457-249-1045-10184-000028665C,0000000000000000,22,100,0,0,0,-1,0,0,0,9.96,-202.99,0,0.2893,63,279,428,-1,1,0,0,0,nil,1,nil
4/28 18:51:56.768  SPELL_CAST_SUCCESS,Player-4755-01614AC7,"Mirrimazduur-Dreadmist",0x512,0x0,Creature-0-4457-249-1045-10184-000028665C,"Onyxia",0x10a48,0x0,11661,"Shadow Bolt",0x20,Player-4755-01614AC7,0000000000000000,100,100,0,0,0,-1,0,0,0,7.69,-173.03,0,4.6600,68
4/28 18:51:56.768  SPELL_CAST_START,Player-4755-01614AC7,"Mirrimazduur-Dreadmist",0x512,0x0,0000000000000000,nil,0x80000000,0x80000000,11661,"Shadow Bolt",0x20
4/28 18:51:56.792  SWING_MISSED,Player-4755-01A6B139,"Sakatan-Dreadmist",0x514,0x0,Creature-0-4457-249-1045-10184-000028665C,"Onyxia",0x10a48,0x0,MISS,1
4/28 18:51:56.809  SWING_DAMAGE,Pet-0-4457-249-1045-2850-01001956F9,"Kratos",0x1114,0x0,Creature-0-4457-249-1045-10184-000028665C,"Onyxia",0x10a48,0x0,Pet-0-4457-249-1045-2850-01001956F9,Player-4755-0178F576,32,100,0,0,0,-1,0,0,0,8.87,-177.97,0,4.7559,66,67,85,-1,1,0,0,0,nil,nil,nil
4/28 18:51:56.840  SPELL_CAST_START,Player-4755-0178F576,"Atreas-Dreadmist",0x514,0x0,0000000000000000,nil,0x80000000,0x80000000,75,"Auto Shot",0x1
4/28 18:51:56.858  SPELL_CAST_SUCCESS,Player-4755-01BC57A3,"Saintis-Dreadmist",0x511,0x0,Player-4755-01733879,"Hocwar-Dreadmist",0x40514,0x0,6063,"Heal",0x2,Player-4755-01BC57A3,0000000000000000,100,100,0,0,0,-1,0,0,0,21.09,-229.73,0,1.9402,68
4/28 18:51:56.880  SPELL_AURA_REMOVED,Player-4755-01A6B139,"Sakatan-Dreadmist",0x514,0x0,Player-4755-01A6B139,"Sakatan-Dreadmist",0x514,0x0,6774,"Slice and Dice",0x1,BUFF
4/28 18:51:57.023  SPELL_MISSED,Player-4755-01733879,"Hocwar-Dreadmist",0x40514,0x0,Creature-0-4457-249-1045-10184-000028665C,"Onyxia",0x10a48,0x0,23267,"Firebolt",0x4,IMMUNE,nil
4/28 18:51:57.023  SWING_DAMAGE,Player-4755-01733879,"Hocwar-Dreadmist",0x40514,0x0,Creature-0-4457-249-1045-10184-000028665C,"Onyxia",0x10a48,0x0,Player-4755-01733879,0000000000000000,94,100,0,0,0,-1,0,0,0,6.23,-195.34,0,4.8233,71,377,238,-1,1,0,0,0,1,nil,nil
4/28 18:51:57.054  SPELL_CAST_START,Player-4755-01F36B30,"Rectumqeef-Dreadmist",0x514,0x0,0000000000000000,nil,0x80000000,0x80000000,5019,"Shoot",0x1
4/28 18:51:57.142  SWING_DAMAGE,Player-4755-0160BD13,"Mafkees-Dreadmist",0x514,0x0,Creature-0-4457-249-1045-10184-000028665C,"Onyxia",0x10a48,0x0,Player-4755-0160BD13,0000000000000000,100,100,0,0,0,-1,0,0,0,8.30,-212.30,0,1.3140,64,465,590,-1,1,0,0,0,nil,nil,nil
4/28 18:51:57.162  UNIT_DIED,0000000000000000,nil,0x80000000,0x80000000,Creature-0-4457-249-1045-11262-0000286CC5,"Onyxian Whelp",0xa48,0x0
4/28 18:51:57.162  UNIT_DIED,0000000000000000,nil,0x80000000,0x80000000,Creature-0-4457-249-1045-11262-0000A86CC5,"Onyxian Whelp",0xa48,0x0
4/28 18:51:57.162  SPELL_ENERGIZE,Player-4755-0220BD00,"Krikoff-Dreadmist",0x40514,0x0,Player-4755-0220BD00,"Krikoff-Dreadmist",0x40514,0x0,12964,"Unbridled Wrath",0x1,Player-4755-0220BD00,0000000000000000,81,100,0,0,0,-1,0,0,0,25.64,-199.75,0,3.4126,68,1.0000,0.0000,1,1000
4/28 18:51:57.162  SPELL_AURA_APPLIED_DOSE,Player-4755-01733879,"Hocwar-Dreadmist",0x40514,0x0,Player-4755-01733879,"Hocwar-Dreadmist",0x40514,0x0,12970,"Flurry",0x1,BUFF,3
4/28 18:51:57.162  SWING_DAMAGE_LANDED,Pet-0-4457-249-1045-2850-01001956F9,"Kratos",0x1114,0x0,Creature-0-4457-249-1045-10184-000028665C,"Onyxia",0x10a48,0x0,Creature-0-4457-249-1045-10184-000028665C,0000000000000000,22,100,0,0,0,-1,0,0,0,9.96,-202.99,0,0.2893,63,67,85,-1,1,0,0,0,nil,nil,nil
4/28 18:51:57.164  SPELL_HEAL,Player-4755-01BC57A3,"Saintis-Dreadmist",0x511,0x0,Player-4755-01733879,"Hocwar-Dreadmist",0x40514,0x0,6063,"Heal",0x2,Player-4755-01733879,0000000000000000,100,100,0,0,0,-1,0,0,0,6.23,-195.34,0,4.8233,71,1200,1200,821,0,nil
4/28 18:51:57.164  SWING_DAMAGE_LANDED,Player-4755-01733879,"Hocwar-Dreadmist",0x40514,0x0,Creature-0-4457-249-1045-10184-000028665C,"Onyxia",0x10a48,0x0,Creature-0-4457-249-1045-10184-000028665C,0000000000000000,22,100,0,0,0,-1,0,0,0,9.96,-202.99,0,0.2893,63,377,238,-1,1,0,0,0,1,nil,nil
4/28 18:51:57.164  SWING_DAMAGE_LANDED,Player-4755-0160BD13,"Mafkees-Dreadmist",0x514,0x0,Creature-0-4457-249-1045-10184-000028665C,"Onyxia",0x10a48,0x0,Creature-0-4457-249-1045-10184-000028665C,0000000000000000,22,100,0,0,0,-1,0,0,0,9.96,-202.99,0,0.2893,63,465,590,-1,1,0,0,0,nil,nil,nil
4/28 18:51:57.197  SPELL_AURA_REMOVED,Player-4755-016DF694,"Ashalan-Dreadmist",0x514,0x0,Player-4755-016DF694,"Ashalan-Dreadmist",0x514,0x0,16280,"Flurry",0x1,BUFF
4/28 18:51:57.228  SPELL_CAST_START,Player-4755-02045EF4,"Necrosini-Dreadmist",0x512,0x0,0000000000000000,nil,0x80000000,0x80000000,6064,"Heal",0x2
4/28 18:51:57.228  SPELL_CAST_SUCCESS,Player-4755-0220BD00,"Krikoff-Dreadmist",0x40514,0x0,Creature-0-4457-249-1045-10184-000028665C,"Onyxia",0x10a48,0x0,11567,"Heroic Strike",0x1,Player-4755-0220BD00,0000000000000000,81,100,0,0,0,-1,0,0,0,25.64,-199.75,0,3.4126,68
4/28 18:51:57.228  SPELL_MISSED,Player-4755-0220BD00,"Krikoff-Dreadmist",0x40514,0x0,Creature-0-4457-249-1045-10184-000028665C,"Onyxia",0x10a48,0x0,11567,"Heroic Strike",0x1,PARRY,nil
4/28 18:51:57.228  SPELL_AURA_REMOVED_DOSE,Player-4755-0220BD00,"Krikoff-Dreadmist",0x40514,0x0,Player-4755-0220BD00,"Krikoff-Dreadmist",0x40514,0x0,12970,"Flurry",0x1,BUFF,2
4/28 18:51:57.262  SPELL_CAST_SUCCESS,Player-4755-01F21AE6,"Blahu-Dreadmist",0x40514,0x0,Creature-0-4457-249-1045-10184-000028665C,"Onyxia",0x10a48,0x0,11597,"Sunder Armor",0x1,Player-4755-01F21AE6,0000000000000000,100,100,0,0,0,-1,0,0,0,14.94,-208.55,0,1.6143,70
4/28 18:51:57.262  SPELL_MISSED,Player-4755-01F21AE6,"Blahu-Dreadmist",0x40514,0x0,Creature-0-4457-249-1045-10184-000028665C,"Onyxia",0x10a48,0x0,11597,"Sunder Armor",0x1,PARRY,nil
4/28 18:51:57.262  SWING_DAMAGE,Pet-0-4457-249-1045-7432-01002D8BC6,"Cat",0x1114,0x0,Creature-0-4457-249-1045-10184-000028665C,"Onyxia",0x10a48,0x0,Pet-0-4457-249-1045-7432-01002D8BC6,Player-4755-01E83279,5,100,0,0,0,-1,0,0,0,-13.33,-193.99,0,5.9144,71,122,155,-1,1,0,0,0,nil,nil,nil
4/28 18:51:57.277  SPELL_CAST_SUCCESS,Player-4755-0178F576,"Atreas-Dreadmist",0x514,0x0,Creature-0-4457-249-1045-10184-000028665C,"Onyxia",0x10a48,0x0,75,"Auto Shot",0x1,Player-4755-0178F576,0000000000000000,100,100,0,0,0,-1,0,0,0,0.87,-171.31,0,4.9918,66
4/28 18:51:57.277  SPELL_AURA_APPLIED,Player-4755-0178F576,"Atreas-Dreadmist",0x514,0x0,Player-4755-0178F576,"Atreas-Dreadmist",0x514,0x0,6150,"Quick Shots",0x1,BUFF
4/28 18:51:57.277  SPELL_CAST_START,Player-4755-0178F576,"Atreas-Dreadmist",0x514,0x0,0000000000000000,nil,0x80000000,0x80000000,20904,"Aimed Shot",0x1
4/28 18:51:57.277  SPELL_AURA_REMOVED,Player-4755-01F21AE6,"Blahu-Dreadmist",0x40514,0x0,Player-4755-01F21AE6,"Blahu-Dreadmist",0x40514,0x0,20007,"Holy Strength",0x2,BUFF
4/28 18:51:57.298  SPELL_HEAL,Player-4755-01637B0A,"Pindle-Dreadmist",0x514,0x0,Player-4755-01637B0A,"Pindle-Dreadmist",0x514,0x0,17534,"Healing Potion",0x1,Player-4755-01637B0A,0000000000000000,46,100,0,0,0,-1,0,0,0,-8.55,-176.95,0,3.5710,65,1419,1419,0,0,nil
4/28 18:51:57.298  SPELL_CAST_SUCCESS,Player-4755-01637B0A,"Pindle-Dreadmist",0x514,0x0,0000000000000000,nil,0x80000000,0x80000000,17534,"Healing Potion",0x1,Player-4755-01637B0A,0000000000000000,46,100,0,0,0,-1,0,0,0,-8.55,-176.95,0,3.5710,65
4/28 18:51:57.298  SPELL_HEAL,Player-4755-01637B0A,"Pindle-Dreadmist",0x514,0x0,Player-4755-01637B0A,"Pindle-Dreadmist",0x514,0x0,15700,"Whipper Root Tuber",0x1,Player-4755-01637B0A,0000000000000000,65,100,0,0,0,-1,0,0,0,-8.55,-176.95,0,3.5710,65,792,792,0,0,nil
4/28 18:51:57.298  SPELL_CAST_SUCCESS,Player-4755-01637B0A,"Pindle-Dreadmist",0x514,0x0,0000000000000000,nil,0x80000000,0x80000000,15700,"Whipper Root Tuber",0x1,Player-4755-01637B0A,0000000000000000,65,100,0,0,0,-1,0,0,0,-8.55,-176.95,0,3.5710,65
4/28 18:51:57.376  RANGE_DAMAGE,Player-4755-020BD78D,"Lonehunter-Dreadmist",0x514,0x0,Creature-0-4457-249-1045-10184-000028665C,"Onyxia",0x10a48,0x0,75,"Auto Shot",0x1,Creature-0-4457-249-1045-10184-000028665C,0000000000000000,22,100,0,0,0,-1,0,0,0,9.96,-202.99,0,0.2893,63,859,463,-1,1,0,0,0,1,nil,nil
4/28 18:51:57.472  SWING_DAMAGE,Player-4755-01733879,"Hocwar-Dreadmist",0x40514,0x0,Creature-0-4457-249-1045-10184-000028665C,"Onyxia",0x10a48,0x0,Player-4755-01733879,0000000000000000,100,100,0,0,0,-1,0,0,0,6.23,-195.34,0,4.8233,71,83,130,-1,1,0,0,0,nil,1,nil
4/28 18:51:57.472  SPELL_CAST_SUCCESS,Player-4755-01840577,"Raggèn-Dreadmist",0x514,0x0,Creature-0-4457-249-1045-10184-000028665C,"Onyxia",0x10a48,0x0,10473,"Frost Shock",0x10,Player-4755-01840577,0000000000000000,100,100,0,0,0,-1,0,0,0,13.64,-212.53,0,1.8918,67
4/28 18:51:57.490  SPELL_CAST_SUCCESS,Player-4755-01733879,"Hocwar-Dreadmist",0x40514,0x0,Creature-0-4457-249-1045-10184-000028665C,"Onyxia",0x10a48,0x0,23881,"Bloodthirst",0x1,Player-4755-01733879,0000000000000000,100,100,0,0,0,-1,0,0,0,6.23,-195.34,0,4.8233,71
4/28 18:51:57.490  SPELL_AURA_APPLIED,Player-4755-01733879,"Hocwar-Dreadmist",0x40514,0x0,Player-4755-01733879,"Hocwar-Dreadmist",0x40514,0x0,10610,"Windfury Totem",0x8,BUFF
4/28 18:51:57.490  SPELL_EXTRA_ATTACKS,Player-4755-01733879,"Hocwar-Dreadmist",0x40514,0x0,Player-4755-01733879,"Hocwar-Dreadmist",0x40514,0x0,10610,"Windfury Totem",0x8,1
4/28 18:51:57.508  SWING_DAMAGE,Player-4755-01733879,"Hocwar-Dreadmist",0x40514,0x0,Creature-0-4457-249-1045-10184-000028665C,"Onyxia",0x10a48,0x0,Player-4755-01733879,0000000000000000,100,100,0,0,0,-1,0,0,0,6.23,-195.34,0,4.8233,71,538,341,-1,1,0,0,0,1,nil,nil
4/28 18:51:57.508  SWING_MISSED,Player-4755-01AC9FD9,"Alexinho-Dreadmist",0x514,0x0,Creature-0-4457-249-1045-10184-000028665C,"Onyxia",0x10a48,0x0,MISS,1
4/28 18:51:57.508  SWING_MISSED,Player-4755-01F21AE6,"Blahu-Dreadmist",0x40514,0x0,Creature-0-4457-249-1045-10184-000028665C,"Onyxia",0x10a48,0x0,MISS,1
4/28 18:51:57.525  SWING_MISSED,Creature-0-4457-249-1045-11262-0000286D35,"Onyxian Whelp",0xa48,0x0,Player-4755-01637B0A,"Pindle-Dreadmist",0x514,0x0,DODGE,nil
4/28 18:51:57.543  RANGE_DAMAGE,Player-4755-01F36B30,"Rectumqeef-Dreadmist",0x514,0x0,Creature-0-4457-249-1045-10184-000028665C,"Onyxia",0x10a48,0x0,5019,"Shoot",0x1,Creature-0-4457-249-1045-10184-000028665C,0000000000000000,22,100,0,0,0,-1,0,0,0,9.96,-202.99,0,0.2893,63,106,84,-1,64,0,0,0,nil,nil,nil
4/28 18:51:57.557  SPELL_CAST_SUCCESS,Player-4755-01F36B30,"Rectumqeef-Dreadmist",0x514,0x0,Creature-0-4457-249-1045-10184-000028665C,"Onyxia",0x10a48,0x0,5019,"Shoot",0x1,Player-4755-01F36B30,0000000000000000,100,100,0,0,0,-1,0,0,0,13.50,-173.68,0,4.3829,66
4/28 18:51:57.577  SPELL_ENERGIZE,Player-4755-01733879,"Hocwar-Dreadmist",0x40514,0x0,Player-4755-01733879,"Hocwar-Dreadmist",0x40514,0x0,12964,"Unbridled Wrath",0x1,Player-4755-01733879,0000000000000000,100,100,0,0,0,-1,0,0,0,6.23,-195.34,0,4.8233,71,1.0000,0.0000,1,1000
4/28 18:51:57.577  SPELL_AURA_REMOVED_DOSE,Player-4755-01733879,"Hocwar-Dreadmist",0x40514,0x0,Player-4755-01733879,"Hocwar-Dreadmist",0x40514,0x0,10610,"Windfury Totem",0x8,BUFF,1
4/28 18:51:57.577  SPELL_AURA_REMOVED_DOSE,Player-4755-01733879,"Hocwar-Dreadmist",0x40514,0x0,Player-4755-01733879,"Hocwar-Dreadmist",0x40514,0x0,12970,"Flurry",0x1,BUFF,2
4/28 18:51:57.577  SPELL_AURA_APPLIED_DOSE,Player-4755-01733879,"Hocwar-Dreadmist",0x40514,0x0,Player-4755-01733879,"Hocwar-Dreadmist",0x40514,0x0,12970,"Flurry",0x1,BUFF,3
4/28 18:51:57.577  SPELL_AURA_REMOVED_DOSE,Player-4755-0160BD13,"Mafkees-Dreadmist",0x514,0x0,Player-4755-0160BD13,"Mafkees-Dreadmist",0x514,0x0,23888,"Bloodthirst",0x1,BUFF,2
4/28 18:51:57.577  SPELL_HEAL,Player-4755-0160BD13,"Mafkees-Dreadmist",0x514,0x0,Player-4755-0160BD13,"Mafkees-Dreadmist",0x514,0x0,23891,"Bloodthirst",0x1,Player-4755-0160BD13,0000000000000000,100,100,0,0,0,-1,0,0,0,8.56,-211.26,0,1.3415,64,20,20,20,0,nil
4/28 18:51:57.577  SWING_DAMAGE_LANDED,Pet-0-4457-249-1045-7432-01002D8BC6,"Cat",0x1114,0x0,Creature-0-4457-249-1045-10184-000028665C,"Onyxia",0x10a48,0x0,Creature-0-4457-249-1045-10184-000028665C,0000000000000000,22,100,0,0,0,-1,0,0,0,9.96,-202.99,0,0.2893,63,122,155,-1,1,0,0,0,nil,nil,nil
4/28 18:51:57.577  SWING_DAMAGE,Creature-0-4457-249-1045-11262-0001286D35,"Onyxian Whelp",0xa48,0x0,Player-4755-01637B0A,"Pindle-Dreadmist",0x514,0x0,Creature-0-4457-249-1045-11262-0001286D35,0000000000000000,100,100,0,0,0,-1,0,0,0,-1.83,-176.68,0,6.1506,56,608,415,-1,1,0,0,0,1,nil,nil
4/28 18:51:57.577  SWING_DAMAGE,Creature-0-4457-249-1045-11262-0000A86D35,"Onyxian Whelp",0xa48,0x0,Player-4755-01637B0A,"Pindle-Dreadmist",0x514,0x0,Creature-0-4457-249-1045-11262-0000A86D35,0000000000000000,100,100,0,0,0,-1,0,0,0,-1.79,-176.65,0,6.1413,57,331,450,-1,1,0,0,0,nil,nil,nil
4/28 18:51:57.577  SWING_DAMAGE,Creature-0-4457-249-1045-11262-0000286D36,"Onyxian Whelp",0xa48,0x0,Player-4755-01637B0A,"Pindle-Dreadmist",0x514,0x0,Creature-0-4457-249-1045-11262-0000286D36,0000000000000000,100,100,0,0,0,-1,0,0,0,-2.34,-176.51,0,6.1506,56,277,378,-1,1,0,0,0,nil,nil,nil
4/28 18:51:57.577  SWING_DAMAGE,Creature-0-4457-249-1045-11262-0000286D37,"Onyxian Whelp",0xa48,0x0,Player-4755-01637B0A,"Pindle-Dreadmist",0x514,0x0,Creature-0-4457-249-1045-11262-0000286D37,0000000000000000,100,100,0,0,0,-1,0,0,0,-1.76,-176.83,0,6.1588,56,319,436,-1,1,0,0,0,nil,nil,nil
4/28 18:51:57.577  SWING_DAMAGE_LANDED,Player-4755-01733879,"Hocwar-Dreadmist",0x40514,0x0,Creature-0-4457-249-1045-10184-000028665C,"Onyxia",0x10a48,0x0,Creature-0-4457-249-1045-10184-000028665C,0000000000000000,22,100,0,0,0,-1,0,0,0,9.96,-202.99,0,0.2893,63,83,130,-1,1,0,0,0,nil,1,nil
4/28 18:51:57.577  SPELL_DAMAGE,Player-4755-01840577,"Raggèn-Dreadmist",0x514,0x0,Creature-0-4457-249-1045-10184-000028665C,"Onyxia",0x10a48,0x0,10473,"Frost Shock",0x10,Creature-0-4457-249-1045-10184-000028665C,0000000000000000,22,100,0,0,0,-1,0,0,0,9.96,-202.99,0,0.2893,63,682,538,-1,16,0,0,0,nil,nil,nil
4/28 18:51:57.577  SPELL_DAMAGE,Player-4755-01733879,"Hocwar-Dreadmist",0x40514,0x0,Creature-0-4457-249-1045-10184-000028665C,"Onyxia",0x10a48,0x0,23881,"Bloodthirst",0x1,Creature-0-4457-249-1045-10184-000028665C,0000000000000000,22,100,0,0,0,-1,0,0,0,9.96,-202.99,0,0.2893,63,728,462,-1,1,0,0,0,1,nil,nil
4/28 18:51:57.577  SPELL_AURA_APPLIED,Player-4755-01733879,"Hocwar-Dreadmist",0x40514,0x0,Player-4755-01733879,"Hocwar-Dreadmist",0x40514,0x0,23885,"Bloodthirst",0x1,BUFF
4/28 18:51:57.577  SWING_DAMAGE_LANDED,Player-4755-01733879,"Hocwar-Dreadmist",0x40514,0x0,Creature-0-4457-249-1045-10184-000028665C,"Onyxia",0x10a48,0x0,Creature-0-4457-249-1045-10184-000028665C,0000000000000000,22,100,0,0,0,-1,0,0,0,9.96,-202.99,0,0.2893,63,538,341,-1,1,0,0,0,1,nil,nil
4/28 18:51:57.577  SPELL_AURA_APPLIED,Pet-0-4457-249-1045-416-01001C47E2,"Ababis",0x1114,0x0,Player-4755-0220BD00,"Krikoff-Dreadmist",0x40514,0x0,11767,"Blood Pact",0x20,BUFF
4/28 18:51:57.602  SWING_DAMAGE,Creature-0-4457-249-1045-10184-000028665C,"Onyxia",0x10a48,0x0,Player-4755-0220BD00,"Krikoff-Dreadmist",0x40514,0x0,Creature-0-4457-249-1045-10184-000028665C,0000000000000000,22,100,0,0,0,-1,0,0,0,9.96,-202.99,0,0.2893,63,560,1579,-1,1,0,0,0,nil,nil,nil
4/28 18:51:57.602  SPELL_CAST_SUCCESS,Player-4755-0210153A,"Hapuseneb-Dreadmist",0x514,0x0,Player-4755-015FEBD5,"Sauvage-Dreadmist",0x514,0x0,6064,"Heal",0x2,Player-4755-0210153A,0000000000000000,100,100,0,0,0,-1,0,0,0,6.28,-238.83,0,1.6179,66
4/28 18:51:57.602  SPELL_CAST_SUCCESS,Player-4755-01804B95,"Moymoy-Dreadmist",0x514,0x0,Player-4755-0220BD00,"Krikoff-Dreadmist",0x40514,0x0,939,"Healing Wave",0x8,Player-4755-01804B95,0000000000000000,82,100,0,0,0,-1,0,0,0,12.50,-178.35,0,4.9266,66
4/28 18:51:57.602  SPELL_CAST_START,Player-4755-01804B95,"Moymoy-Dreadmist",0x514,0x0,0000000000000000,nil,0x80000000,0x80000000,10468,"Lesser Healing Wave",0x8
4/28 18:51:57.602  SPELL_CAST_SUCCESS,Player-4755-01E83279,"Nlmasters-Dreadmist",0x514,0x8,Creature-0-4457-249-1045-10184-000028665C,"Onyxia",0x10a48,0x0,20904,"Aimed Shot",0x1,Player-4755-01E83279,0000000000000000,100,100,0,0,0,-1,0,0,0,15.93,-247.88,0,1.7030,71
4/28 18:51:57.619  SWING_DAMAGE,Player-4755-01AC9FD9,"Alexinho-Dreadmist",0x514,0x0,Creature-0-4457-249-1045-10184-000028665C,"Onyxia",0x10a48,0x0,Player-4755-01AC9FD9,0000000000000000,69,100,0,0,0,-1,0,0,0,6.15,-194.17,0,4.8395,66,573,356,-1,1,0,0,0,1,nil,nil
4/28 18:51:57.736  SPELL_CAST_START,Player-4755-01E83279,"Nlmasters-Dreadmist",0x514,0x8,0000000000000000,nil,0x80000000,0x80000000,75,"Auto Shot",0x1
4/28 18:51:57.752  SPELL_DAMAGE,Player-4755-0163DD9D,"Kaspais-Dreadmist",0x514,0x0,Creature-0-4457-249-1045-10184-000028665C,"Onyxia",0x10a48,0x0,10181,"Frostbolt",0x10,Creature-0-4457-249-1045-10184-000028665C,0000000000000000,22,100,0,0,0,-1,0,0,0,9.96,-202.99,0,0.2893,63,1063,839,-1,16,0,0,0,nil,nil,nil
4/28 18:51:57.768  SPELL_CAST_START,Player-4755-016296D3,"Nivl-Dreadmist",0x514,0x0,0000000000000000,nil,0x80000000,0x80000000,10623,"Chain Heal",0x8
4/28 18:51:57.768  SPELL_PERIODIC_ENERGIZE,Player-4755-01802FE5,"Angrybat-Dreadmist",0x514,0x0,Player-4755-01802FE5,"Angrybat-Dreadmist",0x514,0x0,18194,"Mana Regeneration",0x1,Player-4755-01802FE5,0000000000000000,100,100,0,0,0,-1,0,0,0,-1.13,-175.39,0,5.0640,66,8.0000,0.0000,0,6033
4/28 18:51:57.768  SPELL_PERIODIC_ENERGIZE,Creature-0-4457-249-1045-7416-0000286D2B,"Mana Spring Totem IV",0x2114,0x0,Player-4755-01840577,"Raggèn-Dreadmist",0x514,0x0,10494,"Mana Spring",0x8,Player-4755-01840577,0000000000000000,100,100,0,0,0,-1,0,0,0,13.64,-212.53,0,1.8918,67,10.0000,0.0000,0,3790
4/28 18:51:57.815  SPELL_AURA_REMOVED,Player-4755-020BD78D,"Lonehunter-Dreadmist",0x514,0x0,Player-4755-020BD78D,"Lonehunter-Dreadmist",0x514,0x0,6150,"Quick Shots",0x1,BUFF
4/28 18:51:57.815  SWING_MISSED,Pet-0-4457-249-1045-2850-01001956F9,"Kratos",0x1114,0x0,Creature-0-4457-249-1045-10184-000028665C,"Onyxia",0x10a48,0x0,PARRY,nil
4/28 18:51:57.848  SWING_DAMAGE,Player-4755-01A6B139,"Sakatan-Dreadmist",0x514,0x0,Creature-0-4457-249-1045-10184-000028665C,"Onyxia",0x10a48,0x0,Player-4755-01A6B139,0000000000000000,100,100,0,0,0,-1,0,0,0,2.89,-188.47,0,5.2786,69,156,197,-1,1,0,0,0,nil,nil,nil
4/28 18:51:57.848  SPELL_PERIODIC_HEAL,Player-4755-0210153A,"Hapuseneb-Dreadmist",0x514,0x0,Player-4755-01AC9FD9,"Alexinho-Dreadmist",0x514,0x0,10929,"Renew",0x2,Player-4755-01AC9FD9,0000000000000000,75,100,0,0,0,-1,0,0,0,6.15,-194.17,0,4.8395,66,293,293,0,0,nil
4/28 18:51:57.896  SPELL_CAST_SUCCESS,Player-4755-0160BD13,"Mafkees-Dreadmist",0x514,0x0,0000000000000000,nil,0x80000000,0x80000000,1680,"Whirlwind",0x1,Player-4755-0160BD13,0000000000000000,100,100,0,0,0,-1,0,0,0,8.56,-211.26,0,1.3493,64
4/28 18:51:57.931  SPELL_AURA_REMOVED,Player-4755-01637B0A,"Pindle-Dreadmist",0x514,0x0,Player-4755-01637B0A,"Pindle-Dreadmist",0x514,0x0,20007,"Holy Strength",0x2,BUFF
4/28 18:51:57.931  SPELL_CAST_SUCCESS,Player-4755-01617EEE,"Fenix-Dreadmist",0x512,0x0,Player-4755-0178F416,"Eltorero-Dreadmist",0x514,0x0,9474,"Flash Heal",0x2,Player-4755-01617EEE,0000000000000000,87,100,0,0,0,-1,0,0,0,21.87,-175.54,0,5.0993,66
4/28 18:51:57.931  SPELL_CAST_START,Player-4755-01617EEE,"Fenix-Dreadmist",0x512,0x0,0000000000000000,nil,0x80000000,0x80000000,9474,"Flash Heal",0x2
4/28 18:51:57.971  SPELL_ENERGIZE,Player-4755-01733879,"Hocwar-Dreadmist",0x40514,0x0,Player-4755-01733879,"Hocwar-Dreadmist",0x40514,0x0,12964,"Unbridled Wrath",0x1,Player-4755-01733879,0000000000000000,100,100,0,0,0,-1,0,0,0,6.23,-195.34,0,4.8233,71,1.0000,0.0000,1,1000
4/28 18:51:57.971  SWING_DAMAGE_LANDED,Creature-0-4457-249-1045-11262-0001286D35,"Onyxian Whelp",0xa48,0x0,Player-4755-01637B0A,"Pindle-Dreadmist",0x514,0x0,Player-4755-01637B0A,0000000000000000,50,100,0,0,0,-1,0,0,0,-5.72,-178.00,0,3.5710,65,608,415,-1,1,0,0,0,1,nil,nil
4/28 18:51:57.971  SWING_DAMAGE_LANDED,Creature-0-4457-249-1045-11262-0000A86D35,"Onyxian Whelp",0xa48,0x0,Player-4755-01637B0A,"Pindle-Dreadmist",0x514,0x0,Player-4755-01637B0A,0000000000000000,42,100,0,0,0,-1,0,0,0,-5.72,-178.00,0,3.5710,65,331,450,-1,1,0,0,0,nil,nil,nil
4/28 18:51:57.971  SWING_DAMAGE_LANDED,Creature-0-4457-249-1045-11262-0000286D36,"Onyxian Whelp",0xa48,0x0,Player-4755-01637B0A,"Pindle-Dreadmist",0x514,0x0,Player-4755-01637B0A,0000000000000000,36,100,0,0,0,-1,0,0,0,-5.72,-178.00,0,3.5710,65,277,378,-1,1,0,0,0,nil,nil,nil
4/28 18:51:57.971  SWING_DAMAGE_LANDED,Creature-0-4457-249-1045-11262-0000286D37,"Onyxian Whelp",0xa48,0x0,Player-4755-01637B0A,"Pindle-Dreadmist",0x514,0x0,Player-4755-01637B0A,0000000000000000,28,100,0,0,0,-1,0,0,0,-5.72,-178.00,0,3.5710,65,319,436,-1,1,0,0,0,nil,nil,nil
4/28 18:51:57.971  SPELL_AURA_REMOVED_DOSE,Player-4755-01733879,"Hocwar-Dreadmist",0x40514,0x0,Player-4755-01733879,"Hocwar-Dreadmist",0x40514,0x0,23885,"Bloodthirst",0x1,BUFF,4
4/28 18:51:57.971  SPELL_AURA_REMOVED_DOSE,Player-4755-01733879,"Hocwar-Dreadmist",0x40514,0x0,Player-4755-01733879,"Hocwar-Dreadmist",0x40514,0x0,12970,"Flurry",0x1,BUFF,2
4/28 18:51:57.971  SPELL_HEAL,Player-4755-01733879,"Hocwar-Dreadmist",0x40514,0x0,Player-4755-01733879,"Hocwar-Dreadmist",0x40514,0x0,23880,"Bloodthirst",0x1,Player-4755-01733879,0000000000000000,100,100,0,0,0,-1,0,0,0,6.23,-195.34,0,4.8233,71,10,10,10,0,nil
4/28 18:51:57.971  SPELL_AURA_REMOVED,Player-4755-01733879,"Hocwar-Dreadmist",0x40514,0x0,Player-4755-01733879,"Hocwar-Dreadmist",0x40514,0x0,10610,"Windfury Totem",0x8,BUFF
4/28 18:51:57.971  SPELL_AURA_REMOVED_DOSE,Player-4755-01733879,"Hocwar-Dreadmist",0x40514,0x0,Player-4755-01733879,"Hocwar-Dreadmist",0x40514,0x0,23885,"Bloodthirst",0x1,BUFF,3
4/28 18:51:57.991  SPELL_AURA_APPLIED_DOSE,Player-4755-01733879,"Hocwar-Dreadmist",0x40514,0x0,Player-4755-01733879,"Hocwar-Dreadmist",0x40514,0x0,12970,"Flurry",0x1,BUFF,3
4/28 18:51:57.992  SPELL_HEAL,Player-4755-01733879,"Hocwar-Dreadmist",0x40514,0x0,Player-4755-01733879,"Hocwar-Dreadmist",0x40514,0x0,23880,"Bloodthirst",0x1,Player-4755-01733879,0000000000000000,100,100,0,0,0,-1,0,0,0,6.23,-195.34,0,4.8233,71,10,10,10,0,nil
4/28 18:51:57.992  SPELL_AURA_REMOVED_DOSE,Player-4755-01733879,"Hocwar-Dreadmist",0x40514,0x0,Player-4755-01733879,"Hocwar-Dreadmist",0x40514,0x0,23885,"Bloodthirst",0x1,BUFF,2
4/28 18:51:57.992  SPELL_AURA_REMOVED_DOSE,Player-4755-01733879,"Hocwar-Dreadmist",0x40514,0x0,Player-4755-01733879,"Hocwar-Dreadmist",0x40514,0x0,12970,"Flurry",0x1,BUFF,2
4/28 18:51:57.992  SPELL_AURA_APPLIED_DOSE,Player-4755-01733879,"Hocwar-Dreadmist",0x40514,0x0,Player-4755-01733879,"Hocwar-Dreadmist",0x40514,0x0,12970,"Flurry",0x1,BUFF,3
4/28 18:51:57.992  SPELL_HEAL,Player-4755-01733879,"Hocwar-Dreadmist",0x40514,0x0,Player-4755-01733879,"Hocwar-Dreadmist",0x40514,0x0,23880,"Bloodthirst",0x1,Player-4755-01733879,0000000000000000,100,100,0,0,0,-1,0,0,0,6.23,-195.34,0,4.8233,71,10,10,10,0,nil
4/28 18:51:57.992  SWING_DAMAGE_LANDED,Creature-0-4457-249-1045-10184-000028665C,"Onyxia",0x10a48,0x0,Player-4755-0220BD00,"Krikoff-Dreadmist",0x40514,0x0,Player-4755-0220BD00,0000000000000000,67,100,0,0,0,-1,0,0,0,25.64,-199.75,0,3.4126,68,560,1579,-1,1,0,0,0,nil,nil,nil
4/28 18:51:57.992  SPELL_HEAL,Player-4755-0210153A,"Hapuseneb-Dreadmist",0x514,0x0,Player-4755-015FEBD5,"Sauvage-Dreadmist",0x514,0x0,6064,"Heal",0x2,Player-4755-015FEBD5,0000000000000000,96,100,0,0,0,-1,0,0,0,-6.63,-238.12,0,0.9715,64,1317,1317,0,0,nil
4/28 18:51:57.992  SPELL_HEAL,Player-4755-01804B95,"Moymoy-Dreadmist",0x514,0x0,Player-4755-0220BD00,"Krikoff-Dreadmist",0x40514,0x0,939,"Healing Wave",0x8,Player-4755-0220BD00,0000000000000000,82,100,0,0,0,-1,0,0,0,25.64,-199.75,0,3.4126,68,998,998,0,0,nil
4/28 18:51:57.992  SWING_DAMAGE_LANDED,Player-4755-01AC9FD9,"Alexinho-Dreadmist",0x514,0x0,Creature-0-4457-249-1045-10184-000028665C,"Onyxia",0x10a48,0x0,Creature-0-4457-249-1045-10184-000028665C,0000000000000000,22,100,0,0,0,-1,0,0,0,9.96,-202.99,0,0.2893,63,573,356,-1,1,0,0,0,1,nil,nil
4/28 18:51:57.992  SWING_DAMAGE_LANDED,Player-4755-01A6B139,"Sakatan-Dreadmist",0x514,0x0,Creature-0-4457-249-1045-10184-000028665C,"Onyxia",0x10a48,0x0,Creature-0-4457-249-1045-10184-000028665C,0000000000000000,22,100,0,0,0,-1,0,0,0,9.96,-202.99,0,0.2893,63,156,197,-1,1,0,0,0,nil,nil,nil
4/28 18:51:57.992  SPELL_DAMAGE,Player-4755-0160BD13,"Mafkees-Dreadmist",0x514,0x0,Creature-0-4457-249-1045-10184-000028665C,"Onyxia",0x10a48,0x0,1680,"Whirlwind",0x1,Creature-0-4457-249-1045-10184-000028665C,0000000000000000,22,100,0,0,0,-1,0,0,0,9.96,-202.99,0,0.2893,63,427,541,-1,1,0,0,0,nil,nil,nil
4/28 18:51:57.992  SPELL_HEAL,Player-4755-01617EEE,"Fenix-Dreadmist",0x512,0x0,Player-4755-0178F416,"Eltorero-Dreadmist",0x514,0x0,9474,"Flash Heal",0x2,Player-4755-0178F416,0000000000000000,90,100,0,0,0,-1,0,0,0,10.27,-216.70,0,1.7118,67,796,796,0,0,nil
4/28 18:51:57.992  SPELL_AURA_APPLIED,Player-4755-0178F576,"Atreas-Dreadmist",0x514,0x0,Player-4755-0160BD13,"Mafkees-Dreadmist",0x514,0x0,20906,"Trueshot Aura",0x40,BUFF
4/28 18:51:58.081  SPELL_CAST_START,Player-4755-01ED7A64,"Sperzieboon-Dreadmist",0x514,0x0,0000000000000000,nil,0x80000000,0x80000000,6063,"Heal",0x2
4/28 18:51:58.098  SPELL_PERIODIC_DAMAGE,Player-4755-0160BD13,"Mafkees-Dreadmist",0x514,0x0,Creature-0-4457-249-1045-10184-000028665C,"Onyxia",0x10a48,0x0,12721,"Deep Wound",0x1,Creature-0-4457-249-1045-10184-000028665C,0000000000000000,22,100,0,0,0,-1,0,0,0,9.96,-202.99,0,0.2893,63,89,89,-1,1,0,0,0,nil,nil,nil
4/28 18:51:58.098  RANGE_DAMAGE,Player-4755-0178F576,"Atreas-Dreadmist",0x514,0x0,Creature-0-4457-249-1045-10184-000028665C,"Onyxia",0x10a48,0x0,75,"Auto Shot",0x1,Creature-0-4457-249-1045-10184-000028665C,0000000000000000,22,100,0,0,0,-1,0,0,0,9.96,-202.99,0,0.2893,63,381,484,-1,1,0,0,0,nil,nil,nil
4/28 18:51:58.178  SPELL_CAST_SUCCESS,Player-4755-01E83279,"Nlmasters-Dreadmist",0x514,0x8,Creature-0-4457-249-1045-10184-000028665C,"Onyxia",0x10a48,0x0,75,"Auto Shot",0x1,Player-4755-01E83279,0000000000000000,100,100,0,0,0,-1,0,0,0,15.93,-247.88,0,1.7030,71
4/28 18:51:58.291  SPELL_MISSED,Player-4755-01614AC7,"Mirrimazduur-Dreadmist",0x512,0x0,Creature-0-4457-249-1045-10184-000028665C,"Onyxia",0x10a48,0x0,11661,"Shadow Bolt",0x20,RESIST,nil,0
4/28 18:51:58.291  SWING_DAMAGE,Player-4755-0220BD00,"Krikoff-Dreadmist",0x40514,0x0,Creature-0-4457-249-1045-10184-000028665C,"Onyxia",0x10a48,0x0,Player-4755-0220BD00,0000000000000000,82,100,0,0,0,-1,0,0,0,25.64,-199.75,0,3.4126,68,113,201,-1,1,0,46,0,nil,nil,nil
4/28 18:51:58.291  SPELL_CAST_SUCCESS,Player-4755-01802FE5,"Angrybat-Dreadmist",0x514,0x0,0000000000000000,nil,0x80000000,0x80000000,122,"Frost Nova",0x10,Player-4755-01802FE5,0000000000000000,100,100,0,0,0,-1,0,0,0,-1.76,-175.98,0,3.8898,66
4/28 18:51:58.317  SPELL_CAST_SUCCESS,Player-4755-01637B0A,"Pindle-Dreadmist",0x514,0x0,Creature-0-4457-249-1045-11262-0000286D35,"Onyxian Whelp",0xa48,0x0,11294,"Sinister Strike",0x1,Player-4755-01637B0A,0000000000000000,28,100,0,0,0,-1,0,0,0,-4.56,-179.00,0,2.7974,65
4/28 18:51:58.369  SPELL_CAST_SUCCESS,Pet-0-4457-249-1045-7432-01002D8BC6,"Cat",0x1114,0x0,Creature-0-4457-249-1045-10184-000028665C,"Onyxia",0x10a48,0x0,3009,"Claw",0x1,Pet-0-4457-249-1045-7432-01002D8BC6,Player-4755-01E83279,5,100,0,0,0,-1,0,0,0,-13.33,-193.99,0,5.9144,71
4/28 18:51:58.408  DAMAGE_SHIELD_MISSED,Player-4755-0220BD00,"Krikoff-Dreadmist",0x40514,0x0,Creature-0-4457-249-1045-10184-000028665C,"Onyxia",0x10a48,0x0,11771,"Fire Shield",0x4,IMMUNE,nil
4/28 18:51:58.408  SPELL_ENERGIZE,Player-4755-0220BD00,"Krikoff-Dreadmist",0x40514,0x0,Player-4755-0220BD00,"Krikoff-Dreadmist",0x40514,0x0,29478,"Battlegear of Might",0x1,Player-4755-0220BD00,0000000000000000,82,100,0,0,0,-1,0,0,0,25.64,-199.75,0,3.4126,68,1.0000,0.0000,1,1000
4/28 18:51:58.408  SPELL_AURA_REMOVED_DOSE,Player-4755-0160BD13,"Mafkees-Dreadmist",0x514,0x0,Player-4755-0160BD13,"Mafkees-Dreadmist",0x514,0x0,23888,"Bloodthirst",0x1,BUFF,1
4/28 18:51:58.408  SPELL_HEAL,Player-4755-0160BD13,"Mafkees-Dreadmist",0x514,0x0,Player-4755-0160BD13,"Mafkees-Dreadmist",0x514,0x0,23891,"Bloodthirst",0x1,Player-4755-0160BD13,0000000000000000,100,100,0,0,0,-1,0,0,0,8.56,-211.26,0,1.3768,64,20,20,20,0,nil
4/28 18:51:58.408  SWING_DAMAGE_LANDED,Player-4755-0220BD00,"Krikoff-Dreadmist",0x40514,0x0,Creature-0-4457-249-1045-10184-000028665C,"Onyxia",0x10a48,0x0,Creature-0-4457-249-1045-10184-000028665C,0000000000000000,22,100,0,0,0,-1,0,0,0,9.96,-202.99,0,0.2893,63,113,201,-1,1,0,0,0,nil,nil,nil
4/28 18:51:58.408  SPELL_DAMAGE,Player-4755-01802FE5,"Angrybat-Dreadmist",0x514,0x0,Creature-0-4457-249-1045-11262-0001286D35,"Onyxian Whelp",0xa48,0x0,122,"Frost Nova",0x10,Creature-0-4457-249-1045-11262-0001286D35,0000000000000000,99,100,0,0,0,-1,0,0,0,4.51,-177.53,0,4.0064,56,33,32,-1,16,0,0,0,nil,nil,nil
4/28 18:51:58.408  SPELL_DAMAGE,Player-4755-01802FE5,"Angrybat-Dreadmist",0x514,0x0,Creature-0-4457-249-1045-11262-0000A86D35,"Onyxian Whelp",0xa48,0x0,122,"Frost Nova",0x10,Creature-0-4457-249-1045-11262-0000A86D35,0000000000000000,99,100,0,0,0,-1,0,0,0,4.48,-177.52,0,4.0207,57,34,33,-1,16,0,0,0,nil,nil,nil
4/28 18:51:58.408  SPELL_DAMAGE,Player-4755-01802FE5,"Angrybat-Dreadmist",0x514,0x0,Creature-0-4457-249-1045-11262-0000286D37,"Onyxian Whelp",0xa48,0x0,122,"Frost Nova",0x10,Creature-0-4457-249-1045-11262-0000286D37,0000000000000000,99,100,0,0,0,-1,0,0,0,4.58,-177.50,0,4.0280,56,32,31,-1,16,0,0,0,nil,nil,nil
4/28 18:51:58.408  SPELL_DAMAGE,Player-4755-01802FE5,"Angrybat-Dreadmist",0x514,0x0,Creature-0-4457-249-1045-11262-0000286D36,"Onyxian Whelp",0xa48,0x0,122,"Frost Nova",0x10,Creature-0-4457-249-1045-11262-0000286D36,0000000000000000,98,100,0,0,0,-1,0,0,0,3.96,-177.38,0,4.0325,56,64,31,-1,16,0,0,0,1,nil,nil
4/28 18:51:58.408  SPELL_DAMAGE,Player-4755-01802FE5,"Angrybat-Dreadmist",0x514,0x0,Creature-0-4457-249-1045-10184-000028665C,"Onyxia",0x10a48,0x0,122,"Frost Nova",0x10,Creature-0-4457-249-1045-10184-000028665C,0000000000000000,22,100,0,0,0,-1,0,0,0,9.96,-202.99,0,0.2893,63,42,33,-1,16,0,0,0,nil,nil,nil
4/28 18:51:58.408  SPELL_DAMAGE,Player-4755-01802FE5,"Angrybat-Dreadmist",0x514,0x0,Creature-0-4457-249-1045-11262-0000286D35,"Onyxian Whelp",0xa48,0x0,122,"Frost Nova",0x10,Creature-0-4457-249-1045-11262-0000286D35,0000000000000000,74,100,0,0,0,-1,0,0,0,-5.39,-178.33,0,5.3237,56,32,32,-1,16,0,0,0,nil,nil,nil
4/28 18:51:58.408  SPELL_AURA_APPLIED,Player-4755-01802FE5,"Angrybat-Dreadmist",0x514,0x0,Creature-0-4457-249-1045-11262-0000286D35,"Onyxian Whelp",0xa48,0x0,122,"Frost Nova",0x10,DEBUFF
4/28 18:51:58.408  SPELL_AURA_APPLIED,Player-4755-01802FE5,"Angrybat-Dreadmist",0x514,0x0,Creature-0-4457-249-1045-11262-0000286D36,"Onyxian Whelp",0xa48,0x0,122,"Frost Nova",0x10,DEBUFF
4/28 18:51:58.408  SPELL_AURA_APPLIED,Player-4755-01802FE5,"Angrybat-Dreadmist",0x514,0x0,Creature-0-4457-249-1045-11262-0000286D37,"Onyxian Whelp",0xa48,0x0,122,"Frost Nova",0x10,DEBUFF
4/28 18:51:58.413  SPELL_AURA_APPLIED,Player-4755-01802FE5,"Angrybat-Dreadmist",0x514,0x0,Creature-0-4457-249-1045-11262-0000A86D35,"Onyxian Whelp",0xa48,0x0,122,"Frost Nova",0x10,DEBUFF
4/28 18:51:58.413  SPELL_AURA_APPLIED,Player-4755-01802FE5,"Angrybat-Dreadmist",0x514,0x0,Creature-0-4457-249-1045-11262-0001286D35,"Onyxian Whelp",0xa48,0x0,122,"Frost Nova",0x10,DEBUFF
4/28 18:51:58.413  SPELL_DAMAGE,Player-4755-01637B0A,"Pindle-Dreadmist",0x514,0x0,Creature-0-4457-249-1045-11262-0000286D35,"Onyxian Whelp",0xa48,0x0,11294,"Sinister Strike",0x1,Creature-0-4457-249-1045-11262-0000286D35,0000000000000000,68,100,0,0,0,-1,0,0,0,-5.39,-178.33,0,5.3237,56,165,265,-1,1,0,0,0,nil,nil,nil
4/28 18:51:58.413  SPELL_DAMAGE,Pet-0-4457-249-1045-7432-01002D8BC6,"Cat",0x1114,0x0,Creature-0-4457-249-1045-10184-000028665C,"Onyxia",0x10a48,0x0,3009,"Claw",0x1,Creature-0-4457-249-1045-10184-000028665C,0000000000000000,22,100,0,0,0,-1,0,0,0,9.96,-202.99,0,0.2893,63,89,113,-1,1,0,0,0,nil,nil,nil
4/28 18:51:58.433  SPELL_CAST_SUCCESS,Player-4755-0178F416,"Eltorero-Dreadmist",0x514,0x0,0000000000000000,nil,0x80000000,0x80000000,11556,"Demoralizing Shout",0x1,Player-4755-0178F416,0000000000000000,90,100,0,0,0,-1,0,0,0,10.27,-216.70,0,1.7118,67
4/28 18:51:58.450  SWING_DAMAGE,Pet-0-4457-249-1045-7432-01002D8BC6,"Cat",0x1114,0x0,Creature-0-4457-249-1045-10184-000028665C,"Onyxia",0x10a48,0x0,Pet-0-4457-249-1045-7432-01002D8BC6,Player-4755-01E83279,5,100,0,0,0,-1,0,0,0,-13.33,-193.99,0,5.9144,71,221,140,-1,1,0,0,0,1,nil,nil
4/28 18:51:58.531  SPELL_CAST_SUCCESS,Player-4755-0220BD00,"Krikoff-Dreadmist",0x40514,0x0,Creature-0-4457-249-1045-10184-000028665C,"Onyxia",0x10a48,0x0,23894,"Bloodthirst",0x1,Player-4755-0220BD00,0000000000000000,82,100,0,0,0,-1,0,0,0,25.64,-199.75,0,3.4126,68
4/28 18:51:58.531  SPELL_CAST_SUCCESS,Player-4755-01AC9FD9,"Alexinho-Dreadmist",0x514,0x0,Creature-0-4457-249-1045-10184-000028665C,"Onyxia",0x10a48,0x0,11294,"Sinister Strike",0x1,Player-4755-01AC9FD9,0000000000000000,75,100,0,0,0,-1,0,0,0,6.09,-193.73,0,4.8395,66
4/28 18:51:58.548  SWING_DAMAGE,Player-4755-01733879,"Hocwar-Dreadmist",0x40514,0x0,Creature-0-4457-249-1045-10184-000028665C,"Onyxia",0x10a48,0x0,Player-4755-01733879,0000000000000000,100,100,0,0,0,-1,0,0,0,6.23,-195.34,0,4.8233,71,248,157,-1,1,0,0,0,1,nil,nil
4/28 18:51:58.548  SPELL_CAST_SUCCESS,Player-4755-015FEBD5,"Sauvage-Dreadmist",0x514,0x0,Creature-0-4457-249-1045-10184-000028665C,"Onyxia",0x10a48,0x0,10181,"Frostbolt",0x10,Player-4755-015FEBD5,0000000000000000,96,100,0,0,0,-1,0,0,0,-6.63,-238.12,0,0.9715,64
4/28 18:51:58.548  SPELL_AURA_REMOVED,Player-4755-015FEBD5,"Sauvage-Dreadmist",0x514,0x0,Player-4755-015FEBD5,"Sauvage-Dreadmist",0x514,0x0,12536,"Clearcasting",0x40,BUFF
4/28 18:51:58.548  SPELL_AURA_REMOVED,Player-4755-01840577,"Raggèn-Dreadmist",0x514,0x0,Creature-0-4457-249-1045-10184-000028665C,"Onyxia",0x10a48,0x0,23605,"Spell Vulnerability",0x1,DEBUFF
4/28 18:51:58.548  SWING_DAMAGE,Player-4755-01A6B139,"Sakatan-Dreadmist",0x514,0x0,Creature-0-4457-249-1045-10184-000028665C,"Onyxia",0x10a48,0x0,Player-4755-01A6B139,0000000000000000,100,100,0,0,0,-1,0,0,0,2.62,-188.06,0,5.2904,69,117,154,-1,1,0,0,0,nil,1,nil
4/28 18:51:58.554  SPELL_CAST_START,Player-4755-01BC57A3,"Saintis-Dreadmist",0x511,0x0,0000000000000000,nil,0x80000000,0x80000000,2055,"Heal",0x2
4/28 18:51:58.578  SPELL_CAST_START,Player-4755-01F36B30,"Rectumqeef-Dreadmist",0x514,0x0,0000000000000000,nil,0x80000000,0x80000000,5019,"Shoot",0x1
4/28 18:51:58.578  SPELL_CAST_START,Player-4755-01E83279,"Nlmasters-Dreadmist",0x514,0x8,0000000000000000,nil,0x80000000,0x80000000,2643,"Multi-Shot",0x1
4/28 18:51:58.578  SPELL_CAST_SUCCESS,Player-4755-020BD78D,"Lonehunter-Dreadmist",0x514,0x0,Creature-0-4457-249-1045-10184-000028665C,"Onyxia",0x10a48,0x0,20904,"Aimed Shot",0x1,Player-4755-020BD78D,0000000000000000,99,100,0,0,0,-1,0,0,0,4.98,-250.25,0,1.4658,70
4/28 18:51:58.599  SPELL_CAST_START,Player-4755-016296D3,"Nivl-Dreadmist",0x514,0x0,0000000000000000,nil,0x80000000,0x80000000,1064,"Chain Heal",0x8
4/28 18:51:58.686  SWING_DAMAGE,Player-4755-01733879,"Hocwar-Dreadmist",0x40514,0x0,Creature-0-4457-249-1045-10184-000028665C,"Onyxia",0x10a48,0x0,Player-4755-01733879,0000000000000000,100,100,0,0,0,-1,0,0,0,6.23,-195.34,0,4.8233,71,446,283,-1,1,0,0,0,1,nil,nil
4/28 18:51:58.686  SWING_DAMAGE,Player-4755-01AC9FD9,"Alexinho-Dreadmist",0x514,0x0,Creature-0-4457-249-1045-10184-000028665C,"Onyxia",0x10a48,0x0,Player-4755-01AC9FD9,0000000000000000,75,100,0,0,0,-1,0,0,0,6.09,-193.73,0,4.8395,66,274,170,-1,1,0,0,0,1,nil,nil
4/28 18:51:58.686  SPELL_PERIODIC_HEAL,Player-4755-0220BD00,"Krikoff-Dreadmist",0x40514,0x0,Player-4755-0220BD00,"Krikoff-Dreadmist",0x40514,0x0,24427,"Diamond Flask",0x8,Player-4755-0220BD00,0000000000000000,82,100,0,0,0,-1,0,0,0,25.64,-199.75,0,3.4126,68,9,9,0,0,nil
4/28 18:51:58.686  SWING_DAMAGE,Player-4755-01637B0A,"Pindle-Dreadmist",0x514,0x0,Creature-0-4457-249-1045-11262-0000286D35,"Onyxian Whelp",0xa48,0x0,Player-4755-01637B0A,0000000000000000,28,100,0,0,0,-1,0,0,0,-4.27,-180.59,0,1.3483,65,120,191,-1,1,0,0,0,nil,nil,nil
4/28 18:51:58.739  SPELL_DAMAGE,Player-4755-01E83279,"Nlmasters-Dreadmist",0x514,0x8,Creature-0-4457-249-1045-10184-000028665C,"Onyxia",0x10a48,0x0,20904,"Aimed Shot",0x1,Creature-0-4457-249-1045-10184-000028665C,0000000000000000,22,100,0,0,0,-1,0,0,0,9.96,-202.99,0,0.2893,63,825,1046,-1,1,0,0,0,nil,nil,nil
4/28 18:51:58.782  SPELL_AURA_REMOVED_DOSE,Player-4755-0220BD00,"Krikoff-Dreadmist",0x40514,0x0,Player-4755-0220BD00,"Krikoff-Dreadmist",0x40514,0x0,12970,"Flurry",0x1,BUFF,1
4/28 18:51:58.807  SPELL_AURA_REFRESH,Player-4755-0178F416,"Eltorero-Dreadmist",0x514,0x0,Creature-0-4457-249-1045-10184-000028665C,"Onyxia",0x10a48,0x0,11556,"Demoralizing Shout",0x1,DEBUFF
4/28 18:51:58.807  SWING_DAMAGE_LANDED,Pet-0-4457-249-1045-7432-01002D8BC6,"Cat",0x1114,0x0,Creature-0-4457-249-1045-10184-000028665C,"Onyxia",0x10a48,0x0,Creature-0-4457-249-1045-10184-000028665C,0000000000000000,22,100,0,0,0,-1,0,0,0,9.96,-202.99,0,0.2893,63,221,140,-1,1,0,0,0,1,nil,nil
4/28 18:51:58.807  SPELL_DAMAGE,Player-4755-0220BD00,"Krikoff-Dreadmist",0x40514,0x0,Creature-0-4457-249-1045-10184-000028665C,"Onyxia",0x10a48,0x0,23894,"Bloodthirst",0x1,Creature-0-4457-249-1045-10184-000028665C,0000000000000000,22,100,0,0,0,-1,0,0,0,9.96,-202.99,0,0.2893,63,408,517,-1,1,0,0,0,nil,nil,nil
4/28 18:51:58.807  SPELL_AURA_APPLIED,Player-4755-0220BD00,"Krikoff-Dreadmist",0x40514,0x0,Player-4755-0220BD00,"Krikoff-Dreadmist",0x40514,0x0,23888,"Bloodthirst",0x1,BUFF
4/28 18:51:58.807  SPELL_DAMAGE,Player-4755-01AC9FD9,"Alexinho-Dreadmist",0x514,0x0,Creature-0-4457-249-1045-10184-000028665C,"Onyxia",0x10a48,0x0,11294,"Sinister Strike",0x1,Creature-0-4457-249-1045-10184-000028665C,0000000000000000,21,100,0,0,0,-1,0,0,0,9.96,-202.99,0,0.2893,63,883,476,-1,1,0,0,0,1,nil,nil
4/28 18:51:58.807  SWING_DAMAGE_LANDED,Player-4755-01733879,"Hocwar-Dreadmist",0x40514,0x0,Creature-0-4457-249-1045-10184-000028665C,"Onyxia",0x10a48,0x0,Creature-0-4457-249-1045-10184-000028665C,0000000000000000,21,100,0,0,0,-1,0,0,0,9.96,-202.99,0,0.2893,63,248,157,-1,1,0,0,0,1,nil,nil
4/28 18:51:58.807  SWING_DAMAGE_LANDED,Player-4755-01A6B139,"Sakatan-Dreadmist",0x514,0x0,Creature-0-4457-249-1045-10184-000028665C,"Onyxia",0x10a48,0x0,Creature-0-4457-249-1045-10184-000028665C,0000000000000000,21,100,0,0,0,-1,0,0,0,9.96,-202.99,0,0.2893,63,117,154,-1,1,0,0,0,nil,1,nil
4/28 18:51:58.807  SWING_DAMAGE_LANDED,Player-4755-01733879,"Hocwar-Dreadmist",0x40514,0x0,Creature-0-4457-249-1045-10184-000028665C,"Onyxia",0x10a48,0x0,Creature-0-4457-249-1045-10184-000028665C,0000000000000000,21,100,0,0,0,-1,0,0,0,9.96,-202.99,0,0.2893,63,446,283,-1,1,0,0,0,1,nil,nil
4/28 18:51:58.807  SWING_DAMAGE_LANDED,Player-4755-01AC9FD9,"Alexinho-Dreadmist",0x514,0x0,Creature-0-4457-249-1045-10184-000028665C,"Onyxia",0x10a48,0x0,Creature-0-4457-249-1045-10184-000028665C,0000000000000000,21,100,0,0,0,-1,0,0,0,9.96,-202.99,0,0.2893,63,274,170,-1,1,0,0,0,1,nil,nil
4/28 18:51:58.807  SWING_DAMAGE_LANDED,Player-4755-01637B0A,"Pindle-Dreadmist",0x514,0x0,Creature-0-4457-249-1045-11262-0000286D35,"Onyxian Whelp",0xa48,0x0,Creature-0-4457-249-1045-11262-0000286D35,0000000000000000,64,100,0,0,0,-1,0,0,0,-5.39,-178.33,0,5.3237,56,120,191,-1,1,0,0,0,nil,nil,nil
4/28 18:51:58.807  SPELL_CAST_START,Player-4755-020BD78D,"Lonehunter-Dreadmist",0x514,0x0,0000000000000000,nil,0x80000000,0x80000000,75,"Auto Shot",0x1
4/28 18:51:58.807  SPELL_AURA_REMOVED,Player-4755-01617EEE,"Fenix-Dreadmist",0x512,0x0,Player-4755-0220BD00,"Krikoff-Dreadmist",0x40514,0x0,15359,"Inspiration",0x2,BUFF
4/28 18:51:58.829  SWING_MISSED,Pet-0-4457-249-1045-2850-01001956F9,"Kratos",0x1114,0x0,Creature-0-4457-249-1045-10184-000028665C,"Onyxia",0x10a48,0x0,PARRY,nil
4/28 18:51:58.896  SPELL_PERIODIC_DAMAGE,Player-4755-0178F416,"Eltorero-Dreadmist",0x514,0x0,Creature-0-4457-249-1045-10184-000028665C,"Onyxia",0x10a48,0x0,12721,"Deep Wound",0x1,Creature-0-4457-249-1045-10184-000028665C,0000000000000000,21,100,0,0,0,-1,0,0,0,9.96,-202.99,0,0.2893,63,37,36,-1,1,0,0,0,nil,nil,nil
4/28 18:51:58.913  SPELL_CAST_SUCCESS,Creature-0-4457-249-1045-10184-000028665C,"Onyxia",0x10a48,0x0,Player-4755-0220BD00,"Krikoff-Dreadmist",0x40514,0x0,19983,"Cleave",0x1,Creature-0-4457-249-1045-10184-000028665C,0000000000000000,21,100,0,0,0,-1,0,0,0,9.96,-202.99,0,0.2893,63
4/28 18:51:58.963  SPELL_AURA_REMOVED,Player-4755-01AC9FD9,"Alexinho-Dreadmist",0x514,0x0,Player-4755-01AC9FD9,"Alexinho-Dreadmist",0x514,0x0,20007,"Holy Strength",0x2,BUFF
4/28 18:51:58.984  SPELL_CAST_SUCCESS,Player-4755-01733879,"Hocwar-Dreadmist",0x40514,0x0,0000000000000000,nil,0x80000000,0x80000000,1680,"Whirlwind",0x1,Player-4755-01733879,0000000000000000,100,100,0,0,0,-1,0,0,0,6.23,-195.34,0,4.5759,71
4/28 18:51:59.000  SPELL_CAST_SUCCESS,Player-4755-01E83279,"Nlmasters-Dreadmist",0x514,0x8,Creature-0-4457-249-1045-10184-000028665C,"Onyxia",0x10a48,0x0,2643,"Multi-Shot",0x1,Player-4755-01E83279,0000000000000000,100,100,0,0,0,-1,0,0,0,15.93,-247.88,0,1.7030,71
4/28 18:51:59.000  SWING_DAMAGE,Player-4755-01F21AE6,"Blahu-Dreadmist",0x40514,0x0,Creature-0-4457-249-1045-10184-000028665C,"Onyxia",0x10a48,0x0,Player-4755-01F21AE6,0000000000000000,100,100,0,0,0,-1,0,0,0,14.94,-208.55,0,1.6222,70,171,348,-1,1,0,0,0,nil,1,nil
4/28 18:51:59.033  RANGE_DAMAGE,Player-4755-01F36B30,"Rectumqeef-Dreadmist",0x514,0x0,Creature-0-4457-249-1045-10184-000028665C,"Onyxia",0x10a48,0x0,5019,"Shoot",0x1,Creature-0-4457-249-1045-10184-000028665C,0000000000000000,21,100,0,0,0,-1,0,0,0,9.96,-202.99,0,0.2893,63,114,90,-1,64,0,0,0,nil,nil,nil
4/28 18:51:59.064  SPELL_CAST_SUCCESS,Player-4755-01F36B30,"Rectumqeef-Dreadmist",0x514,0x0,Creature-0-4457-249-1045-10184-000028665C,"Onyxia",0x10a48,0x0,5019,"Shoot",0x1,Player-4755-01F36B30,0000000000000000,100,100,0,0,0,-1,0,0,0,13.50,-173.68,0,4.0451,66
4/28 18:51:59.064  SPELL_PERIODIC_ENERGIZE,Creature-0-4457-249-1045-11101-0000286D32,"Mana Tide Totem III",0x2114,0x0,Player-4755-01804B95,"Moymoy-Dreadmist",0x514,0x0,17360,"Mana Tide",0x8,Player-4755-01804B95,0000000000000000,82,100,0,0,0,-1,0,0,0,12.50,-178.35,0,4.9266,66,290.0000,0.0000,0,5366
4/28 18:51:59.064  SPELL_PERIODIC_ENERGIZE,Creature-0-4457-249-1045-11101-0000286D32,"Mana Tide Totem III",0x2114,0x0,Player-4755-01FA8DD8,"Roackerita-Dreadmist",0x514,0x0,17360,"Mana Tide",0x8,Player-4755-01FA8DD8,0000000000000000,52,100,0,0,0,-1,0,0,0,-3.96,-170.96,0,6.2160,69,290.0000,0.0000,0,6736
4/28 18:51:59.101  SPELL_PERIODIC_ENERGIZE,Player-4755-01BC57A3,"Saintis-Dreadmist",0x511,0x0,Player-4755-01BC57A3,"Saintis-Dreadmist",0x511,0x0,18194,"Mana Regeneration",0x1,Player-4755-01BC57A3,0000000000000000,100,100,0,0,0,-1,0,0,0,19.99,-220.59,0,1.9402,68,8.0000,0.0000,0,7212
4/28 18:51:59.101  SPELL_CAST_SUCCESS,Player-4755-01804B95,"Moymoy-Dreadmist",0x514,0x0,Player-4755-01637B0A,"Pindle-Dreadmist",0x514,0x0,10468,"Lesser Healing Wave",0x8,Player-4755-01804B95,0000000000000000,82,100,0,0,0,-1,0,0,0,12.50,-178.35,0,4.9266,66
4/28 18:51:59.134  SPELL_PERIODIC_DAMAGE,Player-4755-01614AC7,"Mirrimazduur-Dreadmist",0x512,0x0,Creature-0-4457-249-1045-10184-000028665C,"Onyxia",0x10a48,0x0,11672,"Corruption",0x20,Creature-0-4457-249-1045-10184-000028665C,0000000000000000,21,100,0,0,0,-1,0,0,0,9.96,-202.99,0,0.2893,63,208,188,-1,32,0,0,0,nil,nil,nil
4/28 18:51:59.164  SPELL_CAST_SUCCESS,Player-4755-0163DD9D,"Kaspais-Dreadmist",0x514,0x0,Creature-0-4457-249-1045-10184-000028665C,"Onyxia",0x10a48,0x0,10181,"Frostbolt",0x10,Player-4755-0163DD9D,0000000000000000,100,100,0,0,0,-1,0,0,0,13.75,-172.65,0,4.5223,66
4/28 18:51:59.164  SPELL_CAST_START,Player-4755-0163DD9D,"Kaspais-Dreadmist",0x514,0x0,0000000000000000,nil,0x80000000,0x80000000,10181,"Frostbolt",0x10
4/28 18:51:59.164  SPELL_AURA_APPLIED,Player-4755-01FA8DD8,"Roackerita-Dreadmist",0x514,0x0,Player-4755-01FA8DD8,"Roackerita-Dreadmist",0x514,0x0,10899,"Power Word: Shield",0x2,BUFF
4/28 18:51:59.164  SPELL_CAST_SUCCESS,Player-4755-01FA8DD8,"Roackerita-Dreadmist",0x514,0x0,Player-4755-01FA8DD8,"Roackerita-Dreadmist",0x514,0x0,10899,"Power Word: Shield",0x2,Player-4755-01FA8DD8,0000000000000000,52,100,0,0,0,-1,0,0,0,-3.20,-171.01,0,6.2160,69
4/28 18:51:59.186  SPELL_ENERGIZE,Player-4755-0220BD00,"Krikoff-Dreadmist",0x40514,0x0,Player-4755-0220BD00,"Krikoff-Dreadmist",0x40514,0x0,12964,"Unbridled Wrath",0x1,Player-4755-0220BD00,0000000000000000,82,100,0,0,0,-1,0,0,0,25.64,-199.75,0,3.4126,68,1.0000,0.0000,1,1000
4/28 18:51:59.186  SPELL_AURA_APPLIED,Player-4755-01802FE5,"Angrybat-Dreadmist",0x514,0x0,Creature-0-4457-249-1045-11262-0001286D35,"Onyxian Whelp",0xa48,0x0,12579,"Winter's Chill",0x10,DEBUFF
4/28 18:51:59.186  SPELL_AURA_APPLIED,Player-4755-01802FE5,"Angrybat-Dreadmist",0x514,0x0,Creature-0-4457-249-1045-11262-0000A86D35,"Onyxian Whelp",0xa48,0x0,12579,"Winter's Chill",0x10,DEBUFF
4/28 18:51:59.186  SPELL_AURA_APPLIED,Player-4755-01802FE5,"Angrybat-Dreadmist",0x514,0x0,Creature-0-4457-249-1045-11262-0000286D37,"Onyxian Whelp",0xa48,0x0,12579,"Winter's Chill",0x10,DEBUFF
4/28 18:51:59.186  SPELL_AURA_APPLIED,Player-4755-01802FE5,"Angrybat-Dreadmist",0x514,0x0,Creature-0-4457-249-1045-11262-0000286D36,"Onyxian Whelp",0xa48,0x0,12579,"Winter's Chill",0x10,DEBUFF
4/28 18:51:59.186  SPELL_AURA_APPLIED_DOSE,Player-4755-01802FE5,"Angrybat-Dreadmist",0x514,0x0,Creature-0-4457-249-1045-10184-000028665C,"Onyxia",0x10a48,0x0,12579,"Winter's Chill",0x10,DEBUFF,3
4/28 18:51:59.186  SPELL_AURA_APPLIED,Player-4755-01802FE5,"Angrybat-Dreadmist",0x514,0x0,Creature-0-4457-249-1045-11262-0000286D35,"Onyxian Whelp",0xa48,0x0,12579,"Winter's Chill",0x10,DEBUFF
4/28 18:51:59.186  SPELL_AURA_REFRESH,Pet-0-4457-249-1045-7432-01002D8BC6,"Cat",0x1114,0x0,Pet-0-4457-249-1045-7432-01002D8BC6,"Cat",0x1114,0x0,19615,"Frenzy Effect",0x1,BUFF
4/28 18:51:59.186  SPELL_AURA_REMOVED_DOSE,Player-4755-0220BD00,"Krikoff-Dreadmist",0x40514,0x0,Player-4755-0220BD00,"Krikoff-Dreadmist",0x40514,0x0,23888,"Bloodthirst",0x1,BUFF,4
4/28 18:51:59.186  SPELL_HEAL,Player-4755-0220BD00,"Krikoff-Dreadmist",0x40514,0x0,Player-4755-0220BD00,"Krikoff-Dreadmist",0x40514,0x0,23891,"Bloodthirst",0x1,Player-4755-0220BD00,0000000000000000,83,100,0,0,0,-1,0,0,0,25.64,-199.75,0,3.4126,68,20,20,0,0,nil
4/28 18:51:59.186  SPELL_AURA_REMOVED_DOSE,Player-4755-01733879,"Hocwar-Dreadmist",0x40514,0x0,Player-4755-01733879,"Hocwar-Dreadmist",0x40514,0x0,23885,"Bloodthirst",0x1,BUFF,1
4/28 18:51:59.186  SPELL_AURA_REMOVED_DOSE,Player-4755-01733879,"Hocwar-Dreadmist",0x40514,0x0,Player-4755-01733879,"Hocwar-Dreadmist",0x40514,0x0,12970,"Flurry",0x1,BUFF,2
4/28 18:51:59.186  SPELL_AURA_APPLIED_DOSE,Player-4755-01733879,"Hocwar-Dreadmist",0x40514,0x0,Player-4755-01733879,"Hocwar-Dreadmist",0x40514,0x0,12970,"Flurry",0x1,BUFF,3
4/28 18:51:59.186  SPELL_HEAL,Player-4755-01733879,"Hocwar-Dreadmist",0x40514,0x0,Player-4755-01733879,"Hocwar-Dreadmist",0x40514,0x0,23880,"Bloodthirst",0x1,Player-4755-01733879,0000000000000000,100,100,0,0,0,-1,0,0,0,6.23,-195.34,0,4.3128,71,10,10,10,0,nil
4/28 18:51:59.186  SPELL_AURA_REMOVED_DOSE,Player-4755-01733879,"Hocwar-Dreadmist",0x40514,0x0,Player-4755-01733879,"Hocwar-Dreadmist",0x40514,0x0,12970,"Flurry",0x1,BUFF,2
4/28 18:51:59.186  SPELL_AURA_APPLIED_DOSE,Player-4755-01733879,"Hocwar-Dreadmist",0x40514,0x0,Player-4755-01733879,"Hocwar-Dreadmist",0x40514,0x0,12970,"Flurry",0x1,BUFF,3
4/28 18:51:59.186  SPELL_HEAL,Player-4755-01733879,"Hocwar-Dreadmist",0x40514,0x0,Player-4755-01733879,"Hocwar-Dreadmist",0x40514,0x0,23880,"Bloodthirst",0x1,Player-4755-01733879,0000000000000000,100,100,0,0,0,-1,0,0,0,6.23,-195.34,0,4.3128,71,10,10,10,0,nil
4/28 18:51:59.186  SPELL_AURA_REMOVED,Player-4755-01733879,"Hocwar-Dreadmist",0x40514,0x0,Player-4755-01733879,"Hocwar-Dreadmist",0x40514,0x0,23885,"Bloodthirst",0x1,BUFF
4/28 18:51:59.186  SPELL_DAMAGE,Creature-0-4457-249-1045-10184-000028665C,"Onyxia",0x10a48,0x0,Player-4755-0220BD00,"Krikoff-Dreadmist",0x40514,0x0,19983,"Cleave",0x1,Player-4755-0220BD00,0000000000000000,72,100,0,0,0,-1,0,0,0,25.64,-199.75,0,3.4126,68,689,1771,-1,1,0,0,0,nil,nil,nil
4/28 18:51:59.186  SPELL_DAMAGE,Player-4755-01733879,"Hocwar-Dreadmist",0x40514,0x0,Creature-0-4457-249-1045-10184-000028665C,"Onyxia",0x10a48,0x0,1680,"Whirlwind",0x1,Creature-0-4457-249-1045-10184-000028665C,0000000000000000,21,100,0,0,0,-1,0,0,0,9.96,-202.99,0,0.2893,63,446,282,-1,1,0,0,0,1,nil,nil
4/28 18:51:59.186  SWING_DAMAGE_LANDED,Player-4755-01F21AE6,"Blahu-Dreadmist",0x40514,0x0,Creature-0-4457-249-1045-10184-000028665C,"Onyxia",0x10a48,0x0,Creature-0-4457-249-1045-10184-000028665C,0000000000000000,21,100,0,0,0,-1,0,0,0,9.96,-202.99,0,0.2893,63,171,348,-1,1,0,0,0,nil,1,nil
4/28 18:51:59.186  SPELL_HEAL,Player-4755-01804B95,"Moymoy-Dreadmist",0x514,0x0,Player-4755-01637B0A,"Pindle-Dreadmist",0x514,0x0,10468,"Lesser Healing Wave",0x8,Player-4755-01637B0A,0000000000000000,57,100,0,0,0,-1,0,0,0,-1.44,-182.09,0,0.5590,65,1211,1211,0,0,nil
4/28 18:51:59.186  SPELL_AURA_APPLIED,Player-4755-01FA8DD8,"Roackerita-Dreadmist",0x514,0x0,Player-4755-01FA8DD8,"Roackerita-Dreadmist",0x514,0x0,6788,"Weakened Soul",0x2,DEBUFF
4/28 18:51:59.231  SPELL_CAST_SUCCESS,Player-4755-020BD78D,"Lonehunter-Dreadmist",0x514,0x0,Creature-0-4457-249-1045-10184-000028665C,"Onyxia",0x10a48,0x0,75,"Auto Shot",0x1,Player-4755-020BD78D,0000000000000000,99,100,0,0,0,-1,0,0,0,4.98,-250.25,0,1.4658,70
4/28 18:51:59.231  SPELL_CAST_START,Player-4755-020BD78D,"Lonehunter-Dreadmist",0x514,0x0,0000000000000000,nil,0x80000000,0x80000000,14290,"Multi-Shot",0x1
4/28 18:51:59.264  SPELL_CAST_SUCCESS,Player-4755-01614AC7,"Mirrimazduur-Dreadmist",0x512,0x0,Creature-0-4457-249-1045-10184-000028665C,"Onyxia",0x10a48,0x0,11661,"Shadow Bolt",0x20,Player-4755-01614AC7,0000000000000000,100,100,0,0,0,-1,0,0,0,7.69,-173.03,0,4.6600,68
4/28 18:51:59.264  SPELL_CAST_START,Player-4755-01614AC7,"Mirrimazduur-Dreadmist",0x512,0x0,0000000000000000,nil,0x80000000,0x80000000,11661,"Shadow Bolt",0x20
4/28 18:51:59.302  SWING_DAMAGE,Player-4755-01AC9FD9,"Alexinho-Dreadmist",0x514,0x0,Creature-0-4457-249-1045-10184-000028665C,"Onyxia",0x10a48,0x0,Player-4755-01AC9FD9,0000000000000000,75,100,0,0,0,-1,0,0,0,6.03,-193.26,0,4.8395,66,265,406,-1,1,0,0,0,nil,1,nil
4/28 18:51:59.320  RANGE_DAMAGE,Player-4755-01E83279,"Nlmasters-Dreadmist",0x514,0x8,Creature-0-4457-249-1045-10184-000028665C,"Onyxia",0x10a48,0x0,75,"Auto Shot",0x1,Creature-0-4457-249-1045-10184-000028665C,0000000000000000,21,100,0,0,0,-1,0,0,0,9.96,-202.99,0,0.2893,63,365,462,-1,1,0,0,0,nil,nil,nil
4/28 18:51:59.320  SPELL_CAST_SUCCESS,Player-4755-0220BD00,"Krikoff-Dreadmist",0x40514,0x0,Creature-0-4457-249-1045-10184-000028665C,"Onyxia",0x10a48,0x0,11567,"Heroic Strike",0x1,Player-4755-0220BD00,0000000000000000,72,100,0,0,0,-1,0,0,0,25.64,-199.75,0,3.4126,68
4/28 18:51:59.320  SPELL_AURA_REMOVED,Player-4755-0220BD00,"Krikoff-Dreadmist",0x40514,0x0,Player-4755-0220BD00,"Krikoff-Dreadmist",0x40514,0x0,12970,"Flurry",0x1,BUFF
4/28 18:51:59.320  SPELL_AURA_APPLIED,Player-4755-0220BD00,"Krikoff-Dreadmist",0x40514,0x0,Player-4755-0220BD00,"Krikoff-Dreadmist",0x40514,0x0,10610,"Windfury Totem",0x8,BUFF
4/28 18:51:59.320  SPELL_EXTRA_ATTACKS,Player-4755-0220BD00,"Krikoff-Dreadmist",0x40514,0x0,Player-4755-0220BD00,"Krikoff-Dreadmist",0x40514,0x0,10610,"Windfury Totem",0x8,1
4/28 18:51:59.320  SWING_DAMAGE,Player-4755-01F21AE6,"Blahu-Dreadmist",0x40514,0x0,Creature-0-4457-249-1045-10184-000028665C,"Onyxia",0x10a48,0x0,Player-4755-01F21AE6,0000000000000000,100,100,0,0,0,-1,0,0,0,14.94,-208.55,0,1.6327,70,61,136,-1,1,0,46,0,nil,nil,nil
4/28 18:51:59.320  SPELL_AURA_REFRESH,Player-4755-01637B0A,"Pindle-Dreadmist",0x514,0x0,Player-4755-01637B0A,"Pindle-Dreadmist",0x514,0x0,6774,"Slice and Dice",0x1,BUFF
4/28 18:51:59.320  SPELL_CAST_SUCCESS,Player-4755-01637B0A,"Pindle-Dreadmist",0x514,0x0,Creature-0-4457-249-1045-11262-0000286D35,"Onyxian Whelp",0xa48,0x0,6774,"Slice and Dice",0x1,Player-4755-01637B0A,0000000000000000,57,100,0,0,0,-1,0,0,0,-0.98,-183.01,0,0.4530,65
4/28 18:51:59.342  SPELL_CAST_SUCCESS,Player-4755-01617EEE,"Fenix-Dreadmist",0x512,0x0,Player-4755-0220BD00,"Krikoff-Dreadmist",0x40514,0x0,9474,"Flash Heal",0x2,Player-4755-01617EEE,0000000000000000,87,100,0,0,0,-1,0,0,0,21.87,-175.54,0,5.0993,66
4/28 18:51:59.342  SWING_DAMAGE,Player-4755-0220BD00,"Krikoff-Dreadmist",0x40514,0x0,Creature-0-4457-249-1045-10184-000028665C,"Onyxia",0x10a48,0x0,Player-4755-0220BD00,0000000000000000,72,100,0,0,0,-1,0,0,0,25.64,-199.75,0,3.4126,68,262,388,-1,1,0,0,0,nil,1,nil
4/28 18:51:59.390  SPELL_AURA_APPLIED,Player-4755-0160BD13,"Mafkees-Dreadmist",0x514,0x0,Player-4755-0160BD13,"Mafkees-Dreadmist",0x514,0x0,18499,"Berserker Rage",0x1,BUFF
4/28 18:51:59.390  SPELL_CAST_SUCCESS,Player-4755-0160BD13,"Mafkees-Dreadmist",0x514,0x0,0000000000000000,nil,0x80000000,0x80000000,18499,"Berserker Rage",0x1,Player-4755-0160BD13,0000000000000000,100,100,0,0,0,-1,0,0,0,8.45,-212.15,0,1.4553,64
4/28 18:51:59.583  SWING_DAMAGE,Pet-0-4457-249-1045-7432-01002D8BC6,"Cat",0x1114,0x0,Creature-0-4457-249-1045-10184-000028665C,"Onyxia",0x10a48,0x0,Pet-0-4457-249-1045-7432-01002D8BC6,Player-4755-01E83279,5,100,0,0,0,-1,0,0,0,-13.33,-193.99,0,5.9144,71,133,168,-1,1,0,0,0,nil,nil,nil
4/28 18:51:59.605  UNIT_DESTROYED,0000000000000000,nil,0x80000000,0x80000000,Creature-0-4457-249-1045-11101-0000286D32,"Mana Tide Totem III",0x2114,0x0
4/28 18:51:59.605  SPELL_ENERGIZE,Player-4755-01733879,"Hocwar-Dreadmist",0x40514,0x0,Player-4755-01733879,"Hocwar-Dreadmist",0x40514,0x0,12964,"Unbridled Wrath",0x1,Player-4755-01733879,0000000000000000,100,100,0,0,0,-1,0,0,0,5.46,-193.05,0,3.1151,71,1.0000,0.0000,1,1000
4/28 18:51:59.605  DAMAGE_SHIELD_MISSED,Player-4755-0220BD00,"Krikoff-Dreadmist",0x40514,0x0,Creature-0-4457-249-1045-10184-000028665C,"Onyxia",0x10a48,0x0,11771,"Fire Shield",0x4,IMMUNE,nil
4/28 18:51:59.605  SPELL_ENERGIZE,Player-4755-0220BD00,"Krikoff-Dreadmist",0x40514,0x0,Player-4755-0220BD00,"Krikoff-Dreadmist",0x40514,0x0,29478,"Battlegear of Might",0x1,Player-4755-0220BD00,0000000000000000,72,100,0,0,0,-1,0,0,0,25.64,-199.75,0,3.4126,68,1.0000,0.0000,1,1000
4/28 18:51:59.605  SPELL_AURA_REFRESH,Player-4755-01733879,"Hocwar-Dreadmist",0x40514,0x0,Player-4755-01733879,"Hocwar-Dreadmist",0x40514,0x0,12970,"Flurry",0x1,BUFF
4/28 18:51:59.605  SWING_DAMAGE_LANDED,Player-4755-01AC9FD9,"Alexinho-Dreadmist",0x514,0x0,Creature-0-4457-249-1045-10184-000028665C,"Onyxia",0x10a48,0x0,Creature-0-4457-249-1045-10184-000028665C,0000000000000000,21,100,0,0,0,-1,0,0,0,9.96,-202.99,0,0.2893,63,265,406,-1,1,0,0,0,nil,1,nil
4/28 18:51:59.605  SPELL_DAMAGE,Player-4755-0220BD00,"Krikoff-Dreadmist",0x40514,0x0,Creature-0-4457-249-1045-10184-000028665C,"Onyxia",0x10a48,0x0,11567,"Heroic Strike",0x1,Creature-0-4457-249-1045-10184-000028665C,0000000000000000,21,100,0,0,0,-1,0,0,0,9.96,-202.99,0,0.2893,63,372,472,-1,1,0,0,0,nil,nil,nil
4/28 18:51:59.605  SWING_DAMAGE_LANDED,Player-4755-01F21AE6,"Blahu-Dreadmist",0x40514,0x0,Creature-0-4457-249-1045-10184-000028665C,"Onyxia",0x10a48,0x0,Creature-0-4457-249-1045-10184-000028665C,0000000000000000,21,100,0,0,0,-1,0,0,0,9.96,-202.99,0,0.2893,63,61,136,-1,1,0,0,0,nil,nil,nil
4/28 18:51:59.605  SPELL_ENERGIZE,Player-4755-01637B0A,"Pindle-Dreadmist",0x514,0x0,Player-4755-01637B0A,"Pindle-Dreadmist",0x514,0x0,14181,"Relentless Strikes Effect",0x1,Player-4755-01637B0A,0000000000000000,57,100,0,0,0,-1,0,0,0,-0.13,-184.92,0,0.4298,65,25.0000,0.0000,3,100
4/28 18:51:59.605  SPELL_HEAL,Player-4755-01617EEE,"Fenix-Dreadmist",0x512,0x0,Player-4755-0220BD00,"Krikoff-Dreadmist",0x40514,0x0,9474,"Flash Heal",0x2,Player-4755-0220BD00,0000000000000000,85,100,0,0,0,-1,0,0,0,25.64,-199.75,0,3.4126,68,820,820,0,0,nil
4/28 18:51:59.605  SWING_DAMAGE_LANDED,Player-4755-0220BD00,"Krikoff-Dreadmist",0x40514,0x0,Creature-0-4457-249-1045-10184-000028665C,"Onyxia",0x10a48,0x0,Creature-0-4457-249-1045-10184-000028665C,0000000000000000,21,100,0,0,0,-1,0,0,0,9.96,-202.99,0,0.2893,63,262,388,-1,1,0,0,0,nil,1,nil
4/28 18:51:59.605  SWING_DAMAGE_LANDED,Pet-0-4457-249-1045-7432-01002D8BC6,"Cat",0x1114,0x0,Creature-0-4457-249-1045-10184-000028665C,"Onyxia",0x10a48,0x0,Creature-0-4457-249-1045-10184-000028665C,0000000000000000,21,100,0,0,0,-1,0,0,0,9.96,-202.99,0,0.2893,63,133,168,-1,1,0,0,0,nil,nil,nil
4/28 18:51:59.605  SWING_MISSED,Creature-0-4457-249-1045-11262-0001286D35,"Onyxian Whelp",0xa48,0x0,Player-4755-01802FE5,"Angrybat-Dreadmist",0x514,0x0,MISS,nil
4/28 18:51:59.605  SWING_DAMAGE,Creature-0-4457-249-1045-11262-0000A86D35,"Onyxian Whelp",0xa48,0x0,Player-4755-01802FE5,"Angrybat-Dreadmist",0x514,0x0,Creature-0-4457-249-1045-11262-0000A86D35,0000000000000000,99,100,0,0,0,-1,0,0,0,4.48,-177.52,0,4.0207,57,374,423,-1,1,0,0,0,nil,nil,nil
4/28 18:51:59.605  SWING_DAMAGE,Creature-0-4457-249-1045-11262-0000286D36,"Onyxian Whelp",0xa48,0x0,Player-4755-01802FE5,"Angrybat-Dreadmist",0x514,0x0,Creature-0-4457-249-1045-11262-0000286D36,0000000000000000,98,100,0,0,0,-1,0,0,0,3.96,-177.38,0,4.0325,56,392,443,-1,1,0,0,0,nil,nil,nil
4/28 18:51:59.605  SWING_MISSED,Creature-0-4457-249-1045-11262-0000286D37,"Onyxian Whelp",0xa48,0x0,Player-4755-01802FE5,"Angrybat-Dreadmist",0x514,0x0,MISS,nil
4/28 18:51:59.628  SPELL_CAST_SUCCESS,Player-4755-0178F576,"Atreas-Dreadmist",0x514,0x0,Creature-0-4457-249-1045-10184-000028665C,"Onyxia",0x10a48,0x0,20904,"Aimed Shot",0x1,Player-4755-0178F576,0000000000000000,100,100,0,0,0,-1,0,0,0,0.87,-171.31,0,4.9918,66
4/28 18:51:59.675  SPELL_CAST_SUCCESS,Player-4755-020BD78D,"Lonehunter-Dreadmist",0x514,0x0,Creature-0-4457-249-1045-10184-000028665C,"Onyxia",0x10a48,0x0,14290,"Multi-Shot",0x1,Player-4755-020BD78D,0000000000000000,99,100,0,0,0,-1,0,0,0,4.98,-250.25,0,1.4658,70
4/28 18:51:59.721  SWING_DAMAGE,Player-4755-01A6B139,"Sakatan-Dreadmist",0x514,0x0,Creature-0-4457-249-1045-10184-000028665C,"Onyxia",0x10a48,0x0,Player-4755-01A6B139,0000000000000000,100,100,0,0,0,-1,0,0,0,2.86,-188.40,0,5.3885,69,177,241,-1,1,0,0,0,nil,1,nil
4/28 18:51:59.737  SPELL_CAST_SUCCESS,Player-4755-02045EF4,"Necrosini-Dreadmist",0x512,0x0,Player-4755-01637B0A,"Pindle-Dreadmist",0x514,0x0,6064,"Heal",0x2,Player-4755-02045EF4,0000000000000000,66,100,0,0,0,-1,0,0,0,11.63,-185.48,0,3.7616,69
4/28 18:51:59.768  SPELL_DAMAGE,Player-4755-020BD78D,"Lonehunter-Dreadmist",0x514,0x0,Creature-0-4457-249-1045-10184-000028665C,"Onyxia",0x10a48,0x0,20904,"Aimed Shot",0x1,Creature-0-4457-249-1045-10184-000028665C,0000000000000000,21,100,0,0,0,-1,0,0,0,9.96,-202.99,0,0.2893,63,850,1079,-1,1,0,0,0,nil,nil,nil
4/28 18:51:59.784  SPELL_PERIODIC_ENERGIZE,Creature-0-4457-249-1045-7416-0000286D2B,"Mana Spring Totem IV",0x2114,0x0,Player-4755-01840577,"Raggèn-Dreadmist",0x514,0x0,10494,"Mana Spring",0x8,Player-4755-01840577,0000000000000000,100,100,0,0,0,-1,0,0,0,14.15,-212.36,0,1.9547,67,10.0000,0.0000,0,3790
4/28 18:51:59.802  SPELL_AURA_REMOVED,Player-4755-01A6B139,"Sakatan-Dreadmist",0x514,0x0,Player-4755-01A6B139,"Sakatan-Dreadmist",0x514,0x0,20007,"Holy Strength",0x2,BUFF
4/28 18:51:59.833  SWING_DAMAGE,Pet-0-4457-249-1045-2850-01001956F9,"Kratos",0x1114,0x0,Creature-0-4457-249-1045-10184-000028665C,"Onyxia",0x10a48,0x0,Pet-0-4457-249-1045-2850-01001956F9,Player-4755-0178F576,32,100,0,0,0,-1,0,0,0,8.87,-177.97,0,4.7559,66,39,82,-1,1,0,0,0,nil,1,nil
4/28 18:51:59.849  SWING_DAMAGE,Player-4755-01AC9FD9,"Alexinho-Dreadmist",0x514,0x0,Creature-0-4457-249-1045-10184-000028665C,"Onyxia",0x10a48,0x0,Player-4755-01AC9FD9,0000000000000000,75,100,0,0,0,-1,0,0,0,6.03,-193.26,0,4.8395,66,110,173,-1,1,0,0,0,nil,1,nil
4/28 18:51:59.849  SPELL_CAST_SUCCESS,Player-4755-01A6B139,"Sakatan-Dreadmist",0x514,0x0,Creature-0-4457-249-1045-10184-000028665C,"Onyxia",0x10a48,0x0,11300,"Eviscerate",0x1,Player-4755-01A6B139,0000000000000000,100,100,0,0,0,-1,0,0,0,2.86,-188.40,0,5.3885,69
4/28 18:51:59.866  SPELL_CAST_START,Player-4755-0178F576,"Atreas-Dreadmist",0x514,0x0,0000000000000000,nil,0x80000000,0x80000000,75,"Auto Shot",0x1
4/28 18:51:59.914  SPELL_DAMAGE,Player-4755-015FEBD5,"Sauvage-Dreadmist",0x514,0x0,Creature-0-4457-249-1045-10184-000028665C,"Onyxia",0x10a48,0x0,10181,"Frostbolt",0x10,Creature-0-4457-249-1045-10184-000028665C,0000000000000000,21,100,0,0,0,-1,0,0,0,9.96,-202.99,0,0.2893,63,1060,837,-1,16,0,0,0,nil,nil,nil
4/28 18:51:59.948  SPELL_CAST_START,Player-4755-01804B95,"Moymoy-Dreadmist",0x514,0x0,0000000000000000,nil,0x80000000,0x80000000,1064,"Chain Heal",0x8
4/28 18:51:59.999  SPELL_CAST_START,Player-4755-0210153A,"Hapuseneb-Dreadmist",0x514,0x0,0000000000000000,nil,0x80000000,0x80000000,2053,"Lesser Heal",0x2
4/28 18:51:59.999  SPELL_AURA_REMOVED_DOSE,Player-4755-0220BD00,"Krikoff-Dreadmist",0x40514,0x0,Player-4755-0220BD00,"Krikoff-Dreadmist",0x40514,0x0,23888,"Bloodthirst",0x1,BUFF,3
4/28 18:51:59.999  SPELL_HEAL,Player-4755-0220BD00,"Krikoff-Dreadmist",0x40514,0x0,Player-4755-0220BD00,"Krikoff-Dreadmist",0x40514,0x0,23891,"Bloodthirst",0x1,Player-4755-0220BD00,0000000000000000,85,100,0,0,0,-1,0,0,0,25.64,-199.75,0,3.4126,68,20,20,0,0,nil
4/28 18:51:59.999  SPELL_AURA_REMOVED_DOSE,Player-4755-0220BD00,"Krikoff-Dreadmist",0x40514,0x0,Player-4755-0220BD00,"Krikoff-Dreadmist",0x40514,0x0,23888,"Bloodthirst",0x1,BUFF,2
4/28 18:51:59.999  SPELL_AURA_REMOVED_DOSE,Player-4755-0220BD00,"Krikoff-Dreadmist",0x40514,0x0,Player-4755-0220BD00,"Krikoff-Dreadmist",0x40514,0x0,10610,"Windfury Totem",0x8,BUFF,1
4/28 18:51:59.999  SPELL_HEAL,Player-4755-0220BD00,"Krikoff-Dreadmist",0x40514,0x0,Player-4755-0220BD00,"Krikoff-Dreadmist",0x40514,0x0,23891,"Bloodthirst",0x1,Player-4755-0220BD00,0000000000000000,85,100,0,0,0,-1,0,0,0,25.64,-199.75,0,3.4126,68,20,20,0,0,nil
4/28 18:51:59.999  SWING_DAMAGE_LANDED,Creature-0-4457-249-1045-11262-0000A86D35,"Onyxian Whelp",0xa48,0x0,Player-4755-01802FE5,"Angrybat-Dreadmist",0x514,0x0,Player-4755-01802FE5,0000000000000000,89,100,0,0,0,-1,0,0,0,-1.87,-177.18,0,3.7838,66,374,423,-1,1,0,0,0,nil,nil,nil
4/28 18:51:59.999  SWING_DAMAGE_LANDED,Creature-0-4457-249-1045-11262-0000286D36,"Onyxian Whelp",0xa48,0x0,Player-4755-01802FE5,"Angrybat-Dreadmist",0x514,0x0,Player-4755-01802FE5,0000000000000000,77,100,0,0,0,-1,0,0,0,-1.87,-177.18,0,3.7838,66,392,443,-1,1,0,0,0,nil,nil,nil
4/28 18:51:59.999  SWING_DAMAGE_LANDED,Player-4755-01A6B139,"Sakatan-Dreadmist",0x514,0x0,Creature-0-4457-249-1045-10184-000028665C,"Onyxia",0x10a48,0x0,Creature-0-4457-249-1045-10184-000028665C,0000000000000000,21,100,0,0,0,-1,0,0,0,9.96,-202.99,0,0.2893,63,177,241,-1,1,0,0,0,nil,1,nil
4/28 18:51:59.999  SPELL_HEAL,Player-4755-02045EF4,"Necrosini-Dreadmist",0x512,0x0,Player-4755-01637B0A,"Pindle-Dreadmist",0x514,0x0,6064,"Heal",0x2,Player-4755-01637B0A,0000000000000000,84,100,0,0,0,-1,0,0,0,2.29,-184.65,0,1.3464,65,1155,1155,0,0,nil
4/28 18:51:59.999  SWING_DAMAGE_LANDED,Pet-0-4457-249-1045-2850-01001956F9,"Kratos",0x1114,0x0,Creature-0-4457-249-1045-10184-000028665C,"Onyxia",0x10a48,0x0,Creature-0-4457-249-1045-10184-000028665C,0000000000000000,21,100,0,0,0,-1,0,0,0,9.96,-202.99,0,0.2893,63,39,82,-1,1,0,0,0,nil,1,nil
4/28 18:51:59.999  SWING_DAMAGE_LANDED,Player-4755-01AC9FD9,"Alexinho-Dreadmist",0x514,0x0,Creature-0-4457-249-1045-10184-000028665C,"Onyxia",0x10a48,0x0,Creature-0-4457-249-1045-10184-000028665C,0000000000000000,21,100,0,0,0,-1,0,0,0,9.96,-202.99,0,0.2893,63,110,173,-1,1,0,0,0,nil,1,nil
4/28 18:51:59.999  SPELL_DAMAGE,Player-4755-01A6B139,"Sakatan-Dreadmist",0x514,0x0,Creature-0-4457-249-1045-10184-000028665C,"Onyxia",0x10a48,0x0,11300,"Eviscerate",0x1,Creature-0-4457-249-1045-10184-000028665C,0000000000000000,21,100,0,0,0,-1,0,0,0,9.96,-202.99,0,0.2893,63,741,941,-1,1,0,0,0,nil,nil,nil
4/28 18:51:59.999  SPELL_ENERGIZE,Player-4755-01A6B139,"Sakatan-Dreadmist",0x514,0x0,Player-4755-01A6B139,"Sakatan-Dreadmist",0x514,0x0,14181,"Relentless Strikes Effect",0x1,Player-4755-01A6B139,0000000000000000,100,100,0,0,0,-1,0,0,0,2.86,-188.40,0,5.3925,69,25.0000,0.0000,3,100
4/28 18:51:59.999  SWING_DAMAGE,Creature-0-4457-249-1045-11262-0000286D35,"Onyxian Whelp",0xa48,0x0,Player-4755-01802FE5,"Angrybat-Dreadmist",0x514,0x0,Creature-0-4457-249-1045-11262-0000286D35,0000000000000000,64,100,0,0,0,-1,0,0,0,-5.39,-178.33,0,5.3237,56,411,465,-1,1,0,0,0,nil,nil,nil
4/28 18:51:59.999  SPELL_CAST_SUCCESS,Player-4755-01802FE5,"Angrybat-Dreadmist",0x514,0x0,0000000000000000,nil,0x80000000,0x80000000,10202,"Arcane Explosion",0x40,Player-4755-01802FE5,0000000000000000,77,100,0,0,0,-1,0,0,0,-1.87,-177.18,0,3.7838,66
4/28 18:52:00.046  SWING_DAMAGE,Player-4755-01840577,"Raggèn-Dreadmist",0x514,0x0,Creature-0-4457-249-1045-10184-000028665C,"Onyxia",0x10a48,0x0,Player-4755-01840577,0000000000000000,100,100,0,0,0,-1,0,0,0,13.56,-212.56,0,1.8918,67,265,407,-1,1,0,0,0,nil,1,nil
4/28 18:52:00.066  SPELL_CAST_START,Player-4755-01617EEE,"Fenix-Dreadmist",0x512,0x0,0000000000000000,nil,0x80000000,0x80000000,9474,"Flash Heal",0x2
4/28 18:52:00.066  SPELL_CAST_START,Player-4755-01F36B30,"Rectumqeef-Dreadmist",0x514,0x0,0000000000000000,nil,0x80000000,0x80000000,5019,"Shoot",0x1
4/28 18:52:00.167  SPELL_CAST_FAILED,Player-4755-01BC57A3,"Saintis-Dreadmist",0x511,0x0,0000000000000000,nil,0x80000000,0x80000000,2055,"Heal",0x2,"Interrupted"
4/28 18:52:00.216  SPELL_CAST_SUCCESS,Player-4755-0178F576,"Atreas-Dreadmist",0x514,0x0,Creature-0-4457-249-1045-10184-000028665C,"Onyxia",0x10a48,0x0,75,"Auto Shot",0x1,Player-4755-0178F576,0000000000000000,100,100,0,0,0,-1,0,0,0,0.87,-171.31,0,4.9918,66
4/28 18:52:00.216  SPELL_CAST_START,Player-4755-0178F576,"Atreas-Dreadmist",0x514,0x0,0000000000000000,nil,0x80000000,0x80000000,14290,"Multi-Shot",0x1
4/28 18:52:00.232  SWING_DAMAGE,Player-4755-0178F416,"Eltorero-Dreadmist",0x514,0x0,Creature-0-4457-249-1045-10184-000028665C,"Onyxia",0x10a48,0x0,Player-4755-0178F416,0000000000000000,90,100,0,0,0,-1,0,0,0,10.27,-216.70,0,1.7118,67,930,590,-1,1,0,0,0,1,nil,nil
4/28 18:52:00.263  SPELL_DAMAGE,Player-4755-0163DD9D,"Kaspais-Dreadmist",0x514,0x0,Creature-0-4457-249-1045-10184-000028665C,"Onyxia",0x10a48,0x0,10181,"Frostbolt",0x10,Creature-0-4457-249-1045-10184-000028665C,0000000000000000,21,100,0,0,0,-1,0,0,0,9.96,-202.99,0,0.2893,63,924,839,-1,16,0,0,0,nil,nil,nil
4/28 18:52:00.263  SPELL_AURA_APPLIED,Player-4755-01637B0A,"Pindle-Dreadmist",0x514,0x0,Player-4755-01637B0A,"Pindle-Dreadmist",0x514,0x0,10610,"Windfury Totem",0x8,BUFF
4/28 18:52:00.263  SPELL_EXTRA_ATTACKS,Player-4755-01637B0A,"Pindle-Dreadmist",0x514,0x0,Player-4755-01637B0A,"Pindle-Dreadmist",0x514,0x0,10610,"Windfury Totem",0x8,1
4/28 18:52:00.263  SWING_DAMAGE,Player-4755-01637B0A,"Pindle-Dreadmist",0x514,0x0,Creature-0-4457-249-1045-10184-000028665C,"Onyxia",0x10a48,0x0,Player-4755-01637B0A,0000000000000000,84,100,0,0,0,-1,0,0,0,3.35,-185.60,0,5.5856,65,279,173,-1,1,0,0,0,1,nil,nil
4/28 18:52:00.263  SPELL_CAST_START,Player-4755-01E83279,"Nlmasters-Dreadmist",0x514,0x8,0000000000000000,nil,0x80000000,0x80000000,75,"Auto Shot",0x1
4/28 18:52:00.263  SWING_DAMAGE,Player-4755-01637B0A,"Pindle-Dreadmist",0x514,0x0,Creature-0-4457-249-1045-10184-000028665C,"Onyxia",0x10a48,0x0,Player-4755-01637B0A,0000000000000000,84,100,0,0,0,-1,0,0,0,3.35,-185.60,0,5.5856,65,192,251,-1,1,0,0,0,nil,1,nil
4/28 18:52:00.316  SWING_DAMAGE,Player-4755-01A6B139,"Sakatan-Dreadmist",0x514,0x0,Creature-0-4457-249-1045-10184-000028665C,"Onyxia",0x10a48,0x0,Player-4755-01A6B139,0000000000000000,100,100,0,0,0,-1,0,0,0,2.86,-188.40,0,5.3925,69,118,148,-1,1,0,0,0,nil,nil,nil
4/28 18:52:00.316  SPELL_AURA_REMOVED,Player-4755-0178F416,"Eltorero-Dreadmist",0x514,0x0,Player-4755-0178F416,"Eltorero-Dreadmist",0x514,0x0,18499,"Berserker Rage",0x1,BUFF
4/28 18:52:00.316  SPELL_CAST_START,Player-4755-015FEBD5,"Sauvage-Dreadmist",0x514,0x0,0000000000000000,nil,0x80000000,0x80000000,10181,"Frostbolt",0x10
4/28 18:52:00.408  SPELL_ENERGIZE,Player-4755-0220BD00,"Krikoff-Dreadmist",0x40514,0x0,Player-4755-0220BD00,"Krikoff-Dreadmist",0x40514,0x0,12964,"Unbridled Wrath",0x1,Player-4755-0220BD00,0000000000000000,85,100,0,0,0,-1,0,0,0,25.64,-199.75,0,3.4126,68,1.0000,0.0000,1,1000
4/28 18:52:00.408  SWING_DAMAGE_LANDED,Creature-0-4457-249-1045-11262-0000286D35,"Onyxian Whelp",0xa48,0x0,Player-4755-01802FE5,"Angrybat-Dreadmist",0x514,0x0,Player-4755-01802FE5,0000000000000000,64,100,0,0,0,-1,0,0,0,-2.07,-176.64,0,5.0797,66,411,465,-1,1,0,0,0,nil,nil,nil
4/28 18:52:00.408  SPELL_DAMAGE,Player-4755-01802FE5,"Angrybat-Dreadmist",0x514,0x0,Creature-0-4457-249-1045-11262-0001286D35,"Onyxian Whelp",0xa48,0x0,10202,"Arcane Explosion",0x40,Creature-0-4457-249-1045-11262-0001286D35,0000000000000000,87,100,0,0,0,-1,0,0,0,4.51,-177.53,0,0.9845,56,318,318,-1,64,0,0,0,nil,nil,nil
4/28 18:52:00.408  SPELL_DAMAGE,Player-4755-01802FE5,"Angrybat-Dreadmist",0x514,0x0,Creature-0-4457-249-1045-11262-0000A86D35,"Onyxian Whelp",0xa48,0x0,10202,"Arcane Explosion",0x40,Creature-0-4457-249-1045-11262-0000A86D35,0000000000000000,88,100,0,0,0,-1,0,0,0,4.48,-177.52,0,0.9828,57,309,308,-1,64,0,0,0,nil,nil,nil
4/28 18:52:00.408  SPELL_AURA_REMOVED,Player-4755-01802FE5,"Angrybat-Dreadmist",0x514,0x0,Creature-0-4457-249-1045-11262-0000286D37,"Onyxian Whelp",0xa48,0x0,122,"Frost Nova",0x10,DEBUFF
4/28 18:52:00.408  SPELL_DAMAGE,Player-4755-01802FE5,"Angrybat-Dreadmist",0x514,0x0,Creature-0-4457-249-1045-11262-0000286D37,"Onyxian Whelp",0xa48,0x0,10202,"Arcane Explosion",0x40,Creature-0-4457-249-1045-11262-0000286D37,0000000000000000,82,100,0,0,0,-1,0,0,0,4.58,-177.50,0,1.0044,56,463,308,-1,64,0,0,0,1,nil,nil
4/28 18:52:00.408  SPELL_DAMAGE,Player-4755-01802FE5,"Angrybat-Dreadmist",0x514,0x0,Creature-0-4457-249-1045-11262-0000286D36,"Onyxian Whelp",0xa48,0x0,10202,"Arcane Explosion",0x40,Creature-0-4457-249-1045-11262-0000286D36,0000000000000000,86,100,0,0,0,-1,0,0,0,3.96,-177.38,0,0.9009,56,309,308,-1,64,0,0,0,nil,nil,nil
4/28 18:52:00.408  SPELL_DAMAGE,Player-4755-01802FE5,"Angrybat-Dreadmist",0x514,0x0,Creature-0-4457-249-1045-10184-000028665C,"Onyxia",0x10a48,0x0,10202,"Arcane Explosion",0x40,Creature-0-4457-249-1045-10184-000028665C,0000000000000000,21,100,0,0,0,-1,0,0,0,9.96,-202.99,0,0.2893,63,345,313,-1,64,0,0,0,nil,nil,nil
4/28 18:52:00.408  SPELL_DAMAGE,Player-4755-01802FE5,"Angrybat-Dreadmist",0x514,0x0,Creature-0-4457-249-1045-11262-0000286D39,"Onyxian Whelp",0xa48,0x0,10202,"Arcane Explosion",0x40,Creature-0-4457-249-1045-11262-0000286D39,0000000000000000,89,100,0,0,0,-1,0,0,0,-0.86,-180.34,0,0.1297,57,315,314,-1,64,0,0,0,nil,nil,nil
4/28 18:52:00.408  SPELL_DAMAGE,Player-4755-01802FE5,"Angrybat-Dreadmist",0x514,0x0,Creature-0-4457-249-1045-11262-0000286D35,"Onyxian Whelp",0xa48,0x0,10202,"Arcane Explosion",0x40,Creature-0-4457-249-1045-11262-0000286D35,0000000000000000,52,100,0,0,0,-1,0,0,0,-5.39,-178.33,0,5.3237,56,315,315,-1,64,0,0,0,nil,nil,nil
4/28 18:52:00.408  SWING_DAMAGE_LANDED,Player-4755-01840577,"Raggèn-Dreadmist",0x514,0x0,Creature-0-4457-249-1045-10184-000028665C,"Onyxia",0x10a48,0x0,Creature-0-4457-249-1045-10184-000028665C,0000000000000000,21,100,0,0,0,-1,0,0,0,9.96,-202.99,0,0.2893,63,265,407,-1,1,0,0,0,nil,1,nil
4/28 18:52:00.408  SWING_DAMAGE_LANDED,Player-4755-0178F416,"Eltorero-Dreadmist",0x514,0x0,Creature-0-4457-249-1045-10184-000028665C,"Onyxia",0x10a48,0x0,Creature-0-4457-249-1045-10184-000028665C,0000000000000000,21,100,0,0,0,-1,0,0,0,9.96,-202.99,0,0.2893,63,930,590,-1,1,0,0,0,1,nil,nil
4/28 18:52:00.408  SWING_DAMAGE_LANDED,Player-4755-01637B0A,"Pindle-Dreadmist",0x514,0x0,Creature-0-4457-249-1045-10184-000028665C,"Onyxia",0x10a48,0x0,Creature-0-4457-249-1045-10184-000028665C,0000000000000000,21,100,0,0,0,-1,0,0,0,9.96,-202.99,0,0.2893,63,279,173,-1,1,0,0,0,1,nil,nil
4/28 18:52:00.408  SWING_DAMAGE_LANDED,Player-4755-01637B0A,"Pindle-Dreadmist",0x514,0x0,Creature-0-4457-249-1045-10184-000028665C,"Onyxia",0x10a48,0x0,Creature-0-4457-249-1045-10184-000028665C,0000000000000000,21,100,0,0,0,-1,0,0,0,9.96,-202.99,0,0.2893,63,192,251,-1,1,0,0,0,nil,1,nil
4/28 18:52:00.408  SWING_DAMAGE_LANDED,Player-4755-01A6B139,"Sakatan-Dreadmist",0x514,0x0,Creature-0-4457-249-1045-10184-000028665C,"Onyxia",0x10a48,0x0,Creature-0-4457-249-1045-10184-000028665C,0000000000000000,21,100,0,0,0,-1,0,0,0,9.96,-202.99,0,0.2893,63,118,148,-1,1,0,0,0,nil,nil,nil
4/28 18:52:00.429  RANGE_DAMAGE,Player-4755-020BD78D,"Lonehunter-Dreadmist",0x514,0x0,Creature-0-4457-249-1045-10184-000028665C,"Onyxia",0x10a48,0x0,75,"Auto Shot",0x1,Creature-0-4457-249-1045-10184-000028665C,0000000000000000,21,100,0,0,0,-1,0,0,0,9.96,-202.99,0,0.2893,63,367,465,-1,1,0,0,0,nil,nil,nil
4/28 18:52:00.445  SPELL_DAMAGE,Player-4755-0178F576,"Atreas-Dreadmist",0x514,0x0,Creature-0-4457-249-1045-10184-000028665C,"Onyxia",0x10a48,0x0,20904,"Aimed Shot",0x1,Creature-0-4457-249-1045-10184-000028665C,0000000000000000,21,100,0,0,0,-1,0,0,0,9.96,-202.99,0,0.2893,63,910,1154,-1,1,0,0,0,nil,nil,nil
4/28 18:52:00.506  SPELL_DAMAGE,Player-4755-01E83279,"Nlmasters-Dreadmist",0x514,0x8,Creature-0-4457-249-1045-10184-000028665C,"Onyxia",0x10a48,0x0,2643,"Multi-Shot",0x1,Creature-0-4457-249-1045-10184-000028665C,0000000000000000,20,100,0,0,0,-1,0,0,0,9.96,-202.99,0,0.2893,63,352,446,-1,1,0,0,0,nil,nil,nil
4/28 18:52:00.538  RANGE_DAMAGE,Player-4755-01F36B30,"Rectumqeef-Dreadmist",0x514,0x0,Creature-0-4457-249-1045-10184-000028665C,"Onyxia",0x10a48,0x0,5019,"Shoot",0x1,Creature-0-4457-249-1045-10184-000028665C,0000000000000000,20,100,0,0,0,-1,0,0,0,9.96,-202.99,0,0.2893,63,91,82,-1,64,0,0,0,nil,nil,nil
4/28 18:52:00.554  SPELL_AURA_APPLIED,Player-4755-0160BD13,"Mafkees-Dreadmist",0x514,0x0,Player-4755-0160BD13,"Mafkees-Dreadmist",0x514,0x0,10610,"Windfury Totem",0x8,BUFF
4/28 18:52:00.554  SPELL_EXTRA_ATTACKS,Player-4755-0160BD13,"Mafkees-Dreadmist",0x514,0x0,Player-4755-0160BD13,"Mafkees-Dreadmist",0x514,0x0,10610,"Windfury Totem",0x8,1
4/28 18:52:00.554  SWING_DAMAGE,Player-4755-0160BD13,"Mafkees-Dreadmist",0x514,0x0,Creature-0-4457-249-1045-10184-000028665C,"Onyxia",0x10a48,0x0,Player-4755-0160BD13,0000000000000000,100,100,0,0,0,-1,0,0,0,7.76,-211.42,0,1.3336,64,403,628,-1,1,0,0,0,nil,1,nil
4/28 18:52:00.554  SPELL_CAST_SUCCESS,Player-4755-0178F576,"Atreas-Dreadmist",0x514,0x0,Creature-0-4457-249-1045-10184-000028665C,"Onyxia",0x10a48,0x0,14290,"Multi-Shot",0x1,Player-4755-0178F576,0000000000000000,100,100,0,0,0,-1,0,0,0,0.87,-171.31,0,4.9918,66
4/28 18:52:00.554  SWING_DAMAGE,Player-4755-0160BD13,"Mafkees-Dreadmist",0x514,0x0,Creature-0-4457-249-1045-10184-000028665C,"Onyxia",0x10a48,0x0,Player-4755-0160BD13,0000000000000000,100,100,0,0,0,-1,0,0,0,7.76,-211.42,0,1.3336,64,517,656,-1,1,0,0,0,nil,nil,nil
4/28 18:52:00.572  SPELL_CAST_SUCCESS,Player-4755-01F36B30,"Rectumqeef-Dreadmist",0x514,0x0,Creature-0-4457-249-1045-10184-000028665C,"Onyxia",0x10a48,0x0,5019,"Shoot",0x1,Player-4755-01F36B30,0000000000000000,100,100,0,0,0,-1,0,0,0,13.50,-173.68,0,4.4025,66
4/28 18:52:00.604  SPELL_HEAL,Player-4755-01ED7A64,"Sperzieboon-Dreadmist",0x514,0x0,Player-4755-01ED7A64,"Sperzieboon-Dreadmist",0x514,0x0,6063,"Heal",0x2,Player-4755-01ED7A64,0000000000000000,100,100,0,0,0,-1,0,0,0,15.74,-233.06,0,1.7165,67,1212,1212,731,0,nil
4/28 18:52:00.604  SPELL_CAST_SUCCESS,Player-4755-01ED7A64,"Sperzieboon-Dreadmist",0x514,0x0,Player-4755-01ED7A64,"Sperzieboon-Dreadmist",0x514,0x0,6063,"Heal",0x2,Player-4755-01ED7A64,0000000000000000,100,100,0,0,0,-1,0,0,0,15.74,-233.06,0,1.7165,67
4/28 18:52:00.622  SPELL_CAST_START,Player-4755-01BC57A3,"Saintis-Dreadmist",0x511,0x0,0000000000000000,nil,0x80000000,0x80000000,2055,"Heal",0x2
4/28 18:52:00.640  SPELL_CAST_SUCCESS,Player-4755-0178F416,"Eltorero-Dreadmist",0x514,0x0,Creature-0-4457-249-1045-10184-000028665C,"Onyxia",0x10a48,0x0,23894,"Bloodthirst",0x1,Player-4755-0178F416,0000000000000000,90,100,0,0,0,-1,0,0,0,10.27,-216.70,0,1.7118,67
4/28 18:52:00.672  SWING_DAMAGE,Player-4755-0220BD00,"Krikoff-Dreadmist",0x40514,0x0,Creature-0-4457-249-1045-10184-000028665C,"Onyxia",0x10a48,0x0,Player-4755-0220BD00,0000000000000000,85,100,0,0,0,-1,0,0,0,25.64,-199.75,0,3.4126,68,377,239,-1,1,0,0,0,1,nil,nil
4/28 18:52:00.711  SPELL_CAST_SUCCESS,Player-4755-01E83279,"Nlmasters-Dreadmist",0x514,0x8,Creature-0-4457-249-1045-10184-000028665C,"Onyxia",0x10a48,0x0,75,"Auto Shot",0x1,Player-4755-01E83279,0000000000000000,100,100,0,0,0,-1,0,0,0,15.93,-247.88,0,1.7030,71
4/28 18:52:00.731  SWING_DAMAGE,Pet-0-4457-249-1045-7432-01002D8BC6,"Cat",0x1114,0x0,Creature-0-4457-249-1045-10184-000028665C,"Onyxia",0x10a48,0x0,Pet-0-4457-249-1045-7432-01002D8BC6,Player-4755-01E83279,5,100,0,0,0,-1,0,0,0,-13.33,-193.99,0,5.9144,71,76,151,-1,1,0,0,0,nil,1,nil
4/28 18:52:00.770  SPELL_DAMAGE,Player-4755-01614AC7,"Mirrimazduur-Dreadmist",0x512,0x0,Creature-0-4457-249-1045-10184-000028665C,"Onyxia",0x10a48,0x0,11661,"Shadow Bolt",0x20,Creature-0-4457-249-1045-10184-000028665C,0000000000000000,20,100,0,0,0,-1,0,0,0,9.96,-202.99,0,0.2893,63,942,856,-1,32,0,0,0,nil,nil,nil
4/28 18:52:00.806  SWING_DAMAGE,Player-4755-01637B0A,"Pindle-Dreadmist",0x514,0x0,Creature-0-4457-249-1045-10184-000028665C,"Onyxia",0x10a48,0x0,Player-4755-01637B0A,0000000000000000,84,100,0,0,0,-1,0,0,0,4.84,-188.80,0,5.7878,65,218,135,-1,1,0,0,0,1,nil,nil
4/28 18:52:00.829  SPELL_AURA_REMOVED_DOSE,Player-4755-0178F416,"Eltorero-Dreadmist",0x514,0x0,Player-4755-0178F416,"Eltorero-Dreadmist",0x514,0x0,23888,"Bloodthirst",0x1,BUFF,2
4/28 18:52:00.829  SPELL_AURA_APPLIED,Player-4755-0178F416,"Eltorero-Dreadmist",0x514,0x0,Player-4755-0178F416,"Eltorero-Dreadmist",0x514,0x0,12970,"Flurry",0x1,BUFF
4/28 18:52:00.829  SPELL_HEAL,Player-4755-0178F416,"Eltorero-Dreadmist",0x514,0x0,Player-4755-0178F416,"Eltorero-Dreadmist",0x514,0x0,23891,"Bloodthirst",0x1,Player-4755-0178F416,0000000000000000,91,100,0,0,0,-1,0,0,0,10.27,-216.70,0,1.7118,67,20,20,0,0,nil
4/28 18:52:00.829  SPELL_AURA_REMOVED_DOSE,Player-4755-01637B0A,"Pindle-Dreadmist",0x514,0x0,Player-4755-01637B0A,"Pindle-Dreadmist",0x514,0x0,10610,"Windfury Totem",0x8,BUFF,1
4/28 18:52:00.829  SPELL_AURA_REMOVED,Player-4755-01637B0A,"Pindle-Dreadmist",0x514,0x0,Player-4755-01637B0A,"Pindle-Dreadmist",0x514,0x0,10610,"Windfury Totem",0x8,BUFF
4/28 18:52:00.829  SWING_DAMAGE_LANDED,Player-4755-0160BD13,"Mafkees-Dreadmist",0x514,0x0,Creature-0-4457-249-1045-10184-000028665C,"Onyxia",0x10a48,0x0,Creature-0-4457-249-1045-10184-000028665C,0000000000000000,20,100,0,0,0,-1,0,0,0,9.96,-202.99,0,0.2893,63,403,628,-1,1,0,0,0,nil,1,nil
4/28 18:52:00.829  SWING_DAMAGE_LANDED,Player-4755-0160BD13,"Mafkees-Dreadmist",0x514,0x0,Creature-0-4457-249-1045-10184-000028665C,"Onyxia",0x10a48,0x0,Creature-0-4457-249-1045-10184-000028665C,0000000000000000,20,100,0,0,0,-1,0,0,0,9.96,-202.99,0,0.2893,63,517,656,-1,1,0,0,0,nil,nil,nil
4/28 18:52:00.829  SPELL_DAMAGE,Player-4755-0178F416,"Eltorero-Dreadmist",0x514,0x0,Creature-0-4457-249-1045-10184-000028665C,"Onyxia",0x10a48,0x0,23894,"Bloodthirst",0x1,Creature-0-4457-249-1045-10184-000028665C,0000000000000000,20,100,0,0,0,-1,0,0,0,9.96,-202.99,0,0.2893,63,933,538,-1,1,0,0,0,1,nil,nil
4/28 18:52:00.829  SPELL_AURA_APPLIED_DOSE,Player-4755-0178F416,"Eltorero-Dreadmist",0x514,0x0,Player-4755-0178F416,"Eltorero-Dreadmist",0x514,0x0,23888,"Bloodthirst",0x1,BUFF,5
4/28 18:52:00.829  SWING_DAMAGE_LANDED,Player-4755-0220BD00,"Krikoff-Dreadmist",0x40514,0x0,Creature-0-4457-249-1045-10184-000028665C,"Onyxia",0x10a48,0x0,Creature-0-4457-249-1045-10184-000028665C,0000000000000000,20,100,0,0,0,-1,0,0,0,9.96,-202.99,0,0.2893,63,377,239,-1,1,0,0,0,1,nil,nil
4/28 18:52:00.829  SWING_DAMAGE_LANDED,Pet-0-4457-249-1045-7432-01002D8BC6,"Cat",0x1114,0x0,Creature-0-4457-249-1045-10184-000028665C,"Onyxia",0x10a48,0x0,Creature-0-4457-249-1045-10184-000028665C,0000000000000000,20,100,0,0,0,-1,0,0,0,9.96,-202.99,0,0.2893,63,76,151,-1,1,0,0,0,nil,1,nil
4/28 18:52:00.829  SWING_DAMAGE_LANDED,Player-4755-01637B0A,"Pindle-Dreadmist",0x514,0x0,Creature-0-4457-249-1045-10184-000028665C,"Onyxia",0x10a48,0x0,Creature-0-4457-249-1045-10184-000028665C,0000000000000000,20,100,0,0,0,-1,0,0,0,9.96,-202.99,0,0.2893,63,218,135,-1,1,0,0,0,1,nil,nil
4/28 18:52:00.829  SPELL_AURA_REMOVED,Player-4755-0220BD00,"Krikoff-Dreadmist",0x40514,0x0,Player-4755-0220BD00,"Krikoff-Dreadmist",0x40514,0x0,10610,"Windfury Totem",0x8,BUFF
4/28 18:52:00.829  SWING_DAMAGE,Pet-0-4457-249-1045-2850-01001956F9,"Kratos",0x1114,0x0,Creature-0-4457-249-1045-10184-000028665C,"Onyxia",0x10a48,0x0,Pet-0-4457-249-1045-2850-01001956F9,Player-4755-0178F576,32,100,0,0,0,-1,0,0,0,8.87,-177.97,0,4.7559,66,46,86,-1,1,0,0,0,nil,1,nil
4/28 18:52:00.856  SPELL_PERIODIC_HEAL,Player-4755-0210153A,"Hapuseneb-Dreadmist",0x514,0x0,Player-4755-01AC9FD9,"Alexinho-Dreadmist",0x514,0x0,10929,"Renew",0x2,Player-4755-01AC9FD9,0000000000000000,82,100,0,0,0,-1,0,0,0,6.03,-193.26,0,4.8395,66,293,293,0,0,nil
4/28 18:52:00.856  SPELL_AURA_REMOVED,Player-4755-0210153A,"Hapuseneb-Dreadmist",0x514,0x0,Player-4755-01AC9FD9,"Alexinho-Dreadmist",0x514,0x0,10929,"Renew",0x2,BUFF
4/28 18:52:00.880  SPELL_DAMAGE,Player-4755-0178F576,"Atreas-Dreadmist",0x514,0x0,Creature-0-4457-249-1045-11262-0000286D35,"Onyxian Whelp",0xa48,0x0,14290,"Multi-Shot",0x1,Creature-0-4457-249-1045-11262-0000286D35,0000000000000000,10,100,0,0,0,-1,0,0,0,-5.39,-178.33,0,5.3237,56,1133,766,-1,1,0,0,0,1,nil,nil
4/28 18:52:00.880  SPELL_DAMAGE,Player-4755-0178F576,"Atreas-Dreadmist",0x514,0x0,Creature-0-4457-249-1045-11262-0000286D39,"Onyxian Whelp",0xa48,0x0,14290,"Multi-Shot",0x1,Creature-0-4457-249-1045-11262-0000286D39,0000000000000000,72,100,0,0,0,-1,0,0,0,2.77,-179.87,0,0.1297,57,461,746,-1,1,0,0,0,nil,nil,nil
4/28 18:52:00.919  SPELL_CAST_SUCCESS,Player-4755-01733879,"Hocwar-Dreadmist",0x40514,0x0,0000000000000000,nil,0x80000000,0x80000000,11556,"Demoralizing Shout",0x1,Player-4755-01733879,0000000000000000,100,100,0,0,0,-1,0,0,0,1.32,-184.70,0,1.6385,71
4/28 18:52:00.937  SPELL_AURA_REMOVED,Player-4755-01733879,"Hocwar-Dreadmist",0x40514,0x0,Player-4755-01733879,"Hocwar-Dreadmist",0x40514,0x0,26635,"Berserking",0x1,BUFF
4/28 18:52:00.974  SWING_MISSED,Player-4755-01733879,"Hocwar-Dreadmist",0x40514,0x0,Creature-0-4457-249-1045-11262-0000286D39,"Onyxian Whelp",0xa48,0x0,MISS,nil
4/28 18:52:00.974  SPELL_AURA_APPLIED,Player-4755-01AC9FD9,"Alexinho-Dreadmist",0x514,0x0,Player-4755-01AC9FD9,"Alexinho-Dreadmist",0x514,0x0,10610,"Windfury Totem",0x8,BUFF
4/28 18:52:00.974  SPELL_EXTRA_ATTACKS,Player-4755-01AC9FD9,"Alexinho-Dreadmist",0x514,0x0,Player-4755-01AC9FD9,"Alexinho-Dreadmist",0x514,0x0,10610,"Windfury Totem",0x8,1
4/28 18:52:00.974  SWING_DAMAGE,Player-4755-01AC9FD9,"Alexinho-Dreadmist",0x514,0x0,Creature-0-4457-249-1045-10184-000028665C,"Onyxia",0x10a48,0x0,Player-4755-01AC9FD9,0000000000000000,82,100,0,0,0,-1,0,0,0,6.03,-193.26,0,4.8395,66,621,386,-1,1,0,0,0,1,nil,nil
4/28 18:52:00.974  SWING_MISSED,Player-4755-01733879,"Hocwar-Dreadmist",0x40514,0x0,Creature-0-4457-249-1045-11262-0000286D39,"Onyxian Whelp",0xa48,0x0,MISS,1
4/28 18:52:00.995  SWING_DAMAGE,Player-4755-01AC9FD9,"Alexinho-Dreadmist",0x514,0x0,Creature-0-4457-249-1045-10184-000028665C,"Onyxia",0x10a48,0x0,Player-4755-01AC9FD9,0000000000000000,82,100,0,0,0,-1,0,0,0,6.03,-193.26,0,4.8395,66,680,423,-1,1,0,0,0,1,nil,nil
4/28 18:52:01.013  SWING_DAMAGE,Player-4755-01AC9FD9,"Alexinho-Dreadmist",0x514,0x0,Creature-0-4457-249-1045-10184-000028665C,"Onyxia",0x10a48,0x0,Player-4755-01AC9FD9,0000000000000000,82,100,0,0,0,-1,0,0,0,6.03,-193.26,0,4.8395,66,142,208,-1,1,0,0,0,nil,1,nil
4/28 18:52:01.047  RANGE_DAMAGE,Player-4755-0178F576,"Atreas-Dreadmist",0x514,0x0,Creature-0-4457-249-1045-10184-000028665C,"Onyxia",0x10a48,0x0,75,"Auto Shot",0x1,Creature-0-4457-249-1045-10184-000028665C,0000000000000000,20,100,0,0,0,-1,0,0,0,9.96,-202.99,0,0.2893,63,412,522,-1,1,0,0,0,nil,nil,nil
4/28 18:52:01.084  SPELL_PERIODIC_DAMAGE,Player-4755-0160BD13,"Mafkees-Dreadmist",0x514,0x0,Creature-0-4457-249-1045-10184-000028665C,"Onyxia",0x10a48,0x0,12721,"Deep Wound",0x1,Creature-0-4457-249-1045-10184-000028665C,0000000000000000,20,100,0,0,0,-1,0,0,0,9.96,-202.99,0,0.2893,63,89,89,-1,1,0,0,0,nil,nil,nil
4/28 18:52:01.084  SPELL_AURA_REMOVED,Player-4755-0160BD13,"Mafkees-Dreadmist",0x514,0x0,Creature-0-4457-249-1045-10184-000028665C,"Onyxia",0x10a48,0x0,12721,"Deep Wound",0x1,DEBUFF
4/28 18:52:01.103  SPELL_CAST_SUCCESS,Player-4755-016296D3,"Nivl-Dreadmist",0x514,0x0,Player-4755-01FA8DD8,"Roackerita-Dreadmist",0x514,0x0,1064,"Chain Heal",0x8,Player-4755-016296D3,0000000000000000,100,100,0,0,0,-1,0,0,0,-0.63,-171.21,0,1.2932,69
4/28 18:52:01.120  SWING_DAMAGE,Creature-0-4457-249-1045-10184-000028665C,"Onyxia",0x10a48,0x0,Player-4755-0220BD00,"Krikoff-Dreadmist",0x40514,0x0,Creature-0-4457-249-1045-10184-000028665C,0000000000000000,20,100,0,0,0,-1,0,0,0,9.96,-202.99,0,0.2893,63,673,1732,-1,1,0,0,0,nil,nil,nil
4/28 18:52:01.136  SWING_MISSED,Player-4755-01F21AE6,"Blahu-Dreadmist",0x40514,0x0,Creature-0-4457-249-1045-10184-000028665C,"Onyxia",0x10a48,0x0,DODGE,1
4/28 18:52:01.236  SPELL_AURA_REFRESH,Player-4755-0178F416,"Eltorero-Dreadmist",0x514,0x0,Creature-0-4457-249-1045-10184-000028665C,"Onyxia",0x10a48,0x0,12721,"Deep Wound",0x1,DEBUFF
4/28 18:52:01.236  SPELL_AURA_REMOVED_DOSE,Player-4755-0160BD13,"Mafkees-Dreadmist",0x514,0x0,Player-4755-0160BD13,"Mafkees-Dreadmist",0x514,0x0,10610,"Windfury Totem",0x8,BUFF,1
4/28 18:52:01.236  SPELL_HEAL,Player-4755-0160BD13,"Mafkees-Dreadmist",0x514,0x0,Player-4755-0160BD13,"Mafkees-Dreadmist",0x514,0x0,23891,"Bloodthirst",0x1,Player-4755-0160BD13,0000000000000000,100,100,0,0,0,-1,0,0,0,7.79,-211.30,0,1.3689,64,20,20,20,0,nil
4/28 18:52:01.236  SPELL_AURA_REMOVED,Player-4755-0160BD13,"Mafkees-Dreadmist",0x514,0x0,Player-4755-0160BD13,"Mafkees-Dreadmist",0x514,0x0,23888,"Bloodthirst",0x1,BUFF
4/28 18:52:01.236  SPELL_AURA_REMOVED,Player-4755-0160BD13,"Mafkees-Dreadmist",0x514,0x0,Player-4755-0160BD13,"Mafkees-Dreadmist",0x514,0x0,10610,"Windfury Totem",0x8,BUFF
4/28 18:52:01.236  SPELL_AURA_REMOVED_DOSE,Player-4755-0178F416,"Eltorero-Dreadmist",0x514,0x0,Player-4755-0178F416,"Eltorero-Dreadmist",0x514,0x0,23888,"Bloodthirst",0x1,BUFF,4
4/28 18:52:01.236  SPELL_AURA_REFRESH,Player-4755-0178F416,"Eltorero-Dreadmist",0x514,0x0,Player-4755-0178F416,"Eltorero-Dreadmist",0x514,0x0,12970,"Flurry",0x1,BUFF
4/28 18:52:01.236  SPELL_HEAL,Player-4755-0178F416,"Eltorero-Dreadmist",0x514,0x0,Player-4755-0178F416,"Eltorero-Dreadmist",0x514,0x0,23891,"Bloodthirst",0x1,Player-4755-0178F416,0000000000000000,91,100,0,0,0,-1,0,0,0,10.27,-216.70,0,1.7118,67,20,20,0,0,nil
4/28 18:52:01.236  SPELL_AURA_REMOVED_DOSE,Player-4755-0220BD00,"Krikoff-Dreadmist",0x40514,0x0,Player-4755-0220BD00,"Krikoff-Dreadmist",0x40514,0x0,23888,"Bloodthirst",0x1,BUFF,1
4/28 18:52:01.236  SPELL_AURA_APPLIED,Player-4755-0220BD00,"Krikoff-Dreadmist",0x40514,0x0,Player-4755-0220BD00,"Krikoff-Dreadmist",0x40514,0x0,12970,"Flurry",0x1,BUFF
4/28 18:52:01.236  SPELL_HEAL,Player-4755-0220BD00,"Krikoff-Dreadmist",0x40514,0x0,Player-4755-0220BD00,"Krikoff-Dreadmist",0x40514,0x0,23891,"Bloodthirst",0x1,Player-4755-0220BD00,0000000000000000,86,100,0,0,0,-1,0,0,0,25.64,-199.75,0,3.4126,68,20,20,0,0,nil
4/28 18:52:01.236  SWING_DAMAGE_LANDED,Pet-0-4457-249-1045-2850-01001956F9,"Kratos",0x1114,0x0,Creature-0-4457-249-1045-10184-000028665C,"Onyxia",0x10a48,0x0,Creature-0-4457-249-1045-10184-000028665C,0000000000000000,20,100,0,0,0,-1,0,0,0,9.96,-202.99,0,0.2893,63,46,86,-1,1,0,0,0,nil,1,nil
4/28 18:52:01.236  SPELL_AURA_APPLIED,Player-4755-01733879,"Hocwar-Dreadmist",0x40514,0x0,Creature-0-4457-249-1045-11262-0000286D35,"Onyxian Whelp",0xa48,0x0,11556,"Demoralizing Shout",0x1,DEBUFF
4/28 18:52:01.236  SPELL_AURA_APPLIED,Player-4755-01733879,"Hocwar-Dreadmist",0x40514,0x0,Creature-0-4457-249-1045-11262-0000286D36,"Onyxian Whelp",0xa48,0x0,11556,"Demoralizing Shout",0x1,DEBUFF
4/28 18:52:01.236  SPELL_AURA_APPLIED,Player-4755-01733879,"Hocwar-Dreadmist",0x40514,0x0,Creature-0-4457-249-1045-11262-0000286D37,"Onyxian Whelp",0xa48,0x0,11556,"Demoralizing Shout",0x1,DEBUFF
4/28 18:52:01.236  SPELL_AURA_APPLIED,Player-4755-01733879,"Hocwar-Dreadmist",0x40514,0x0,Creature-0-4457-249-1045-11262-0000286D39,"Onyxian Whelp",0xa48,0x0,11556,"Demoralizing Shout",0x1,DEBUFF
4/28 18:52:01.236  SPELL_AURA_APPLIED,Player-4755-01733879,"Hocwar-Dreadmist",0x40514,0x0,Creature-0-4457-249-1045-11262-0000A86D35,"Onyxian Whelp",0xa48,0x0,11556,"Demoralizing Shout",0x1,DEBUFF
4/28 18:52:01.236  SPELL_AURA_APPLIED,Player-4755-01733879,"Hocwar-Dreadmist",0x40514,0x0,Creature-0-4457-249-1045-11262-0001286D35,"Onyxian Whelp",0xa48,0x0,11556,"Demoralizing Shout",0x1,DEBUFF
4/28 18:52:01.236  SWING_DAMAGE_LANDED,Player-4755-01AC9FD9,"Alexinho-Dreadmist",0x514,0x0,Creature-0-4457-249-1045-10184-000028665C,"Onyxia",0x10a48,0x0,Creature-0-4457-249-1045-10184-000028665C,0000000000000000,20,100,0,0,0,-1,0,0,0,9.96,-202.99,0,0.2893,63,621,386,-1,1,0,0,0,1,nil,nil
4/28 18:52:01.236  SWING_DAMAGE_LANDED,Player-4755-01AC9FD9,"Alexinho-Dreadmist",0x514,0x0,Creature-0-4457-249-1045-10184-000028665C,"Onyxia",0x10a48,0x0,Creature-0-4457-249-1045-10184-000028665C,0000000000000000,20,100,0,0,0,-1,0,0,0,9.96,-202.99,0,0.2893,63,680,423,-1,1,0,0,0,1,nil,nil
4/28 18:52:01.236  SWING_DAMAGE_LANDED,Player-4755-01AC9FD9,"Alexinho-Dreadmist",0x514,0x0,Creature-0-4457-249-1045-10184-000028665C,"Onyxia",0x10a48,0x0,Creature-0-4457-249-1045-10184-000028665C,0000000000000000,20,100,0,0,0,-1,0,0,0,9.96,-202.99,0,0.2893,63,142,208,-1,1,0,0,0,nil,1,nil
4/28 18:52:01.236  SPELL_HEAL,Player-4755-016296D3,"Nivl-Dreadmist",0x514,0x0,Player-4755-02045EF4,"Necrosini-Dreadmist",0x512,0x0,1064,"Chain Heal",0x8,Player-4755-02045EF4,0000000000000000,72,100,0,0,0,-1,0,0,0,11.63,-185.48,0,3.7616,69,290,290,0,0,nil
4/28 18:52:01.236  SPELL_HEAL,Player-4755-016296D3,"Nivl-Dreadmist",0x514,0x0,Player-4755-01804B95,"Moymoy-Dreadmist",0x514,0x0,1064,"Chain Heal",0x8,Player-4755-01804B95,0000000000000000,93,100,0,0,0,-1,0,0,0,12.50,-178.35,0,4.9266,66,422,422,0,0,nil
4/28 18:52:01.236  SPELL_HEAL,Player-4755-016296D3,"Nivl-Dreadmist",0x514,0x0,Player-4755-01FA8DD8,"Roackerita-Dreadmist",0x514,0x0,1064,"Chain Heal",0x8,Player-4755-01FA8DD8,0000000000000000,70,100,0,0,0,-1,0,0,0,11.57,-175.51,0,5.9450,69,694,694,0,0,nil
4/28 18:52:01.236  SWING_DAMAGE_LANDED,Creature-0-4457-249-1045-10184-000028665C,"Onyxia",0x10a48,0x0,Player-4755-0220BD00,"Krikoff-Dreadmist",0x40514,0x0,Player-4755-0220BD00,0000000000000000,75,100,0,0,0,-1,0,0,0,25.64,-199.75,0,3.4126,68,673,1732,-1,1,0,0,0,nil,nil,nil
4/28 18:52:01.236  SPELL_CAST_START,Player-4755-02045EF4,"Necrosini-Dreadmist",0x512,0x0,0000000000000000,nil,0x80000000,0x80000000,6064,"Heal",0x2
4/28 18:52:01.262  SPELL_DAMAGE,Player-4755-020BD78D,"Lonehunter-Dreadmist",0x514,0x0,Creature-0-4457-249-1045-10184-000028665C,"Onyxia",0x10a48,0x0,14290,"Multi-Shot",0x1,Creature-0-4457-249-1045-10184-000028665C,0000000000000000,20,100,0,0,0,-1,0,0,0,9.96,-202.99,0,0.2893,63,522,661,-1,1,0,0,0,nil,nil,nil
4/28 18:52:01.333  SPELL_CAST_START,Player-4755-020BD78D,"Lonehunter-Dreadmist",0x514,0x0,0000000000000000,nil,0x80000000,0x80000000,75,"Auto Shot",0x1
4/28 18:52:01.365  SPELL_DAMAGE,Player-4755-01E83279,"Nlmasters-Dreadmist",0x514,0x8,Creature-0-4457-249-1045-11262-0000286D37,"Onyxian Whelp",0xa48,0x0,2643,"Multi-Shot",0x1,Creature-0-4457-249-1045-11262-0000286D37,0000000000000000,71,100,0,0,0,-1,0,0,0,5.85,-177.74,0,6.0918,56,281,452,-1,1,0,0,0,nil,nil,nil
4/28 18:52:01.365  SPELL_DAMAGE,Player-4755-01E83279,"Nlmasters-Dreadmist",0x514,0x8,Creature-0-4457-249-1045-11262-0001286D35,"Onyxian Whelp",0xa48,0x0,2643,"Multi-Shot",0x1,Creature-0-4457-249-1045-11262-0001286D35,0000000000000000,78,100,0,0,0,-1,0,0,0,4.51,-177.53,0,0.9845,56,244,392,-1,1,0,0,0,nil,nil,nil
4/28 18:52:01.468  SPELL_CAST_SUCCESS,Player-4755-01617EEE,"Fenix-Dreadmist",0x512,0x0,Player-4755-01637B0A,"Pindle-Dreadmist",0x514,0x0,9474,"Flash Heal",0x2,Player-4755-01617EEE,0000000000000000,88,100,0,0,0,-1,0,0,0,21.87,-175.54,0,5.0993,66
4/28 18:52:01.517  SPELL_CAST_SUCCESS,Player-4755-01802FE5,"Angrybat-Dreadmist",0x514,0x0,0000000000000000,nil,0x80000000,0x80000000,10202,"Arcane Explosion",0x40,Player-4755-01802FE5,0000000000000000,64,100,0,0,0,-1,0,0,0,-2.17,-175.40,0,5.5941,66
4/28 18:52:01.566  SPELL_CAST_START,Player-4755-01F36B30,"Rectumqeef-Dreadmist",0x514,0x0,0000000000000000,nil,0x80000000,0x80000000,5019,"Shoot",0x1
4/28 18:52:01.587  SWING_DAMAGE,Player-4755-01A6B139,"Sakatan-Dreadmist",0x514,0x0,Creature-0-4457-249-1045-10184-000028665C,"Onyxia",0x10a48,0x0,Player-4755-01A6B139,0000000000000000,100,100,0,0,0,-1,0,0,0,2.59,-188.09,0,5.4200,69,147,194,-1,1,0,0,0,nil,1,nil
4/28 18:52:01.628  SWING_DAMAGE,Creature-0-4457-249-1045-11262-0001286D35,"Onyxian Whelp",0xa48,0x0,Player-4755-01733879,"Hocwar-Dreadmist",0x40514,0x0,Creature-0-4457-249-1045-11262-0001286D35,0000000000000000,78,100,0,0,0,-1,0,0,0,4.51,-177.53,0,0.9845,56,210,318,-1,1,0,0,0,nil,nil,nil
4/28 18:52:01.628  SPELL_ENERGIZE,Player-4755-0160BD13,"Mafkees-Dreadmist",0x514,0x0,Player-4755-0160BD13,"Mafkees-Dreadmist",0x514,0x0,12964,"Unbridled Wrath",0x1,Player-4755-0160BD13,0000000000000000,100,100,0,0,0,-1,0,0,0,8.39,-211.40,0,1.4043,64,1.0000,0.0000,1,1000
4/28 18:52:01.628  SPELL_AURA_REFRESH,Player-4755-0178F416,"Eltorero-Dreadmist",0x514,0x0,Creature-0-4457-249-1045-10184-000028665C,"Onyxia",0x10a48,0x0,12721,"Deep Wound",0x1,DEBUFF
4/28 18:52:01.628  SPELL_ENERGIZE,Player-4755-0220BD00,"Krikoff-Dreadmist",0x40514,0x0,Player-4755-0220BD00,"Krikoff-Dreadmist",0x40514,0x0,12964,"Unbridled Wrath",0x1,Player-4755-0220BD00,0000000000000000,75,100,0,0,0,-1,0,0,0,25.64,-199.75,0,3.4126,68,1.0000,0.0000,1,1000
4/28 18:52:01.628  SPELL_AURA_REMOVED_DOSE,Player-4755-01733879,"Hocwar-Dreadmist",0x40514,0x0,Player-4755-01733879,"Hocwar-Dreadmist",0x40514,0x0,12970,"Flurry",0x1,BUFF,2
4/28 18:52:01.628  SPELL_AURA_REMOVED_DOSE,Player-4755-01AC9FD9,"Alexinho-Dreadmist",0x514,0x0,Player-4755-01AC9FD9,"Alexinho-Dreadmist",0x514,0x0,10610,"Windfury Totem",0x8,BUFF,1
4/28 18:52:01.628  SPELL_AURA_REMOVED_DOSE,Player-4755-01733879,"Hocwar-Dreadmist",0x40514,0x0,Player-4755-01733879,"Hocwar-Dreadmist",0x40514,0x0,12970,"Flurry",0x1,BUFF,1
4/28 18:52:01.628  SPELL_AURA_REMOVED,Player-4755-01AC9FD9,"Alexinho-Dreadmist",0x514,0x0,Player-4755-01AC9FD9,"Alexinho-Dreadmist",0x514,0x0,10610,"Windfury Totem",0x8,BUFF
4/28 18:52:01.628  DAMAGE_SHIELD_MISSED,Player-4755-0220BD00,"Krikoff-Dreadmist",0x40514,0x0,Creature-0-4457-249-1045-10184-000028665C,"Onyxia",0x10a48,0x0,11771,"Fire Shield",0x4,IMMUNE,nil
4/28 18:52:01.628  SPELL_HEAL,Player-4755-01617EEE,"Fenix-Dreadmist",0x512,0x0,Player-4755-01637B0A,"Pindle-Dreadmist",0x514,0x0,9474,"Flash Heal",0x2,Player-4755-01637B0A,0000000000000000,100,100,0,0,0,-1,0,0,0,5.77,-182.74,0,1.5329,65,814,814,150,0,nil
4/28 18:52:01.628  SPELL_DAMAGE,Player-4755-01802FE5,"Angrybat-Dreadmist",0x514,0x0,Creature-0-4457-249-1045-11262-0001286D35,"Onyxian Whelp",0xa48,0x0,10202,"Arcane Explosion",0x40,Creature-0-4457-249-1045-11262-0001286D35,0000000000000000,66,100,0,0,0,-1,0,0,0,4.51,-177.53,0,0.9845,56,323,323,-1,64,0,0,0,nil,nil,nil
4/28 18:52:01.628  SPELL_DAMAGE,Player-4755-01802FE5,"Angrybat-Dreadmist",0x514,0x0,Creature-0-4457-249-1045-11262-0000A86D35,"Onyxian Whelp",0xa48,0x0,10202,"Arcane Explosion",0x40,Creature-0-4457-249-1045-11262-0000A86D35,0000000000000000,77,100,0,0,0,-1,0,0,0,4.48,-177.52,0,0.9828,57,305,304,-1,64,0,0,0,nil,nil,nil
4/28 18:52:01.628  SPELL_DAMAGE,Player-4755-01802FE5,"Angrybat-Dreadmist",0x514,0x0,Creature-0-4457-249-1045-11262-0000286D39,"Onyxian Whelp",0xa48,0x0,10202,"Arcane Explosion",0x40,Creature-0-4457-249-1045-11262-0000286D39,0000000000000000,61,100,0,0,0,-1,0,0,0,3.81,-176.60,0,2.0817,57,320,320,-1,64,0,0,0,nil,nil,nil
4/28 18:52:01.628  SPELL_DAMAGE,Player-4755-01802FE5,"Angrybat-Dreadmist",0x514,0x0,Creature-0-4457-249-1045-11262-0000286D37,"Onyxian Whelp",0xa48,0x0,10202,"Arcane Explosion",0x40,Creature-0-4457-249-1045-11262-0000286D37,0000000000000000,53,100,0,0,0,-1,0,0,0,8.02,-177.83,0,0.0000,56,481,320,-1,64,0,0,0,1,nil,nil
4/28 18:52:01.628  SPELL_DAMAGE,Player-4755-01802FE5,"Angrybat-Dreadmist",0x514,0x0,Creature-0-4457-249-1045-11262-0000286D36,"Onyxian Whelp",0xa48,0x0,10202,"Arcane Explosion",0x40,Creature-0-4457-249-1045-11262-0000286D36,0000000000000000,69,100,0,0,0,-1,0,0,0,3.96,-177.38,0,0.9009,56,465,309,-1,64,0,0,0,1,nil,nil
4/28 18:52:01.628  SPELL_DAMAGE,Player-4755-01802FE5,"Angrybat-Dreadmist",0x514,0x0,Creature-0-4457-249-1045-10184-000028665C,"Onyxia",0x10a48,0x0,10202,"Arcane Explosion",0x40,Creature-0-4457-249-1045-10184-000028665C,0000000000000000,20,100,0,0,0,-1,0,0,0,9.96,-202.99,0,0.2893,63,176,319,-1,64,160,0,0,nil,nil,nil
4/28 18:52:01.628  SPELL_AURA_REMOVED,Player-4755-01802FE5,"Angrybat-Dreadmist",0x514,0x0,Creature-0-4457-249-1045-11262-0000286D35,"Onyxian Whelp",0xa48,0x0,122,"Frost Nova",0x10,DEBUFF
4/28 18:52:01.628  SPELL_AURA_REMOVED,Player-4755-01802FE5,"Angrybat-Dreadmist",0x514,0x0,Creature-0-4457-249-1045-11262-0000286D35,"Onyxian Whelp",0xa48,0x0,12579,"Winter's Chill",0x10,DEBUFF
4/28 18:52:01.628  SPELL_AURA_REMOVED,Player-4755-01733879,"Hocwar-Dreadmist",0x40514,0x0,Creature-0-4457-249-1045-11262-0000286D35,"Onyxian Whelp",0xa48,0x0,11556,"Demoralizing Shout",0x1,DEBUFF
4/28 18:52:01.628  SPELL_DAMAGE,Player-4755-01802FE5,"Angrybat-Dreadmist",0x514,0x0,Creature-0-4457-249-1045-11262-0000286D35,"Onyxian Whelp",0xa48,0x0,10202,"Arcane Explosion",0x40,Creature-0-4457-249-1045-11262-0000286D35,0000000000000000,0,100,0,0,0,-1,0,0,0,-5.39,-178.33,0,0.6012,56,310,309,33,64,0,0,0,nil,nil,nil
4/28 18:52:01.628  SWING_DAMAGE_LANDED,Player-4755-01A6B139,"Sakatan-Dreadmist",0x514,0x0,Creature-0-4457-249-1045-10184-000028665C,"Onyxia",0x10a48,0x0,Creature-0-4457-249-1045-10184-000028665C,0000000000000000,20,100,0,0,0,-1,0,0,0,9.96,-202.99,0,0.2893,63,147,194,-1,1,0,0,0,nil,1,nil
4/28 18:52:01.628  SWING_MISSED,Creature-0-4457-249-1045-11262-0000A86D35,"Onyxian Whelp",0xa48,0x0,Player-4755-01733879,"Hocwar-Dreadmist",0x40514,0x0,PARRY,nil
4/28 18:52:01.632  SWING_DAMAGE,Creature-0-4457-249-1045-11262-0000286D36,"Onyxian Whelp",0xa48,0x0,Player-4755-01733879,"Hocwar-Dreadmist",0x40514,0x0,Creature-0-4457-249-1045-11262-0000286D36,0000000000000000,69,100,0,0,0,-1,0,0,0,3.96,-177.38,0,0.9009,56,198,300,-1,1,0,0,0,nil,nil,nil
4/28 18:52:01.632  SWING_MISSED,Player-4755-01F21AE6,"Blahu-Dreadmist",0x40514,0x0,Creature-0-4457-249-1045-10184-000028665C,"Onyxia",0x10a48,0x0,MISS,nil
4/28 18:52:01.650  SPELL_DAMAGE,Player-4755-0178F576,"Atreas-Dreadmist",0x514,0x0,Creature-0-4457-249-1045-10184-000028665C,"Onyxia",0x10a48,0x0,14290,"Multi-Shot",0x1,Creature-0-4457-249-1045-10184-000028665C,0000000000000000,20,100,0,0,0,-1,0,0,0,9.96,-202.99,0,0.2893,63,604,766,-1,1,0,0,0,nil,nil,nil
4/28 18:52:01.667  SWING_DAMAGE,Player-4755-01637B0A,"Pindle-Dreadmist",0x514,0x0,Creature-0-4457-249-1045-11262-0000286D39,"Onyxian Whelp",0xa48,0x0,Player-4755-01637B0A,0000000000000000,100,100,0,0,0,-1,0,0,0,5.78,-182.43,0,1.5329,65,125,202,-1,1,0,0,0,nil,nil,nil
4/28 18:52:01.667  SPELL_CAST_SUCCESS,Player-4755-0163DD9D,"Kaspais-Dreadmist",0x514,0x0,Creature-0-4457-249-1045-10184-000028665C,"Onyxia",0x10a48,0x0,10181,"Frostbolt",0x10,Player-4755-0163DD9D,0000000000000000,100,100,0,0,0,-1,0,0,0,13.75,-172.65,0,4.4948,66
4/28 18:52:01.768  SPELL_CAST_SUCCESS,Player-4755-020BD78D,"Lonehunter-Dreadmist",0x514,0x0,Creature-0-4457-249-1045-10184-000028665C,"Onyxia",0x10a48,0x0,75,"Auto Shot",0x1,Player-4755-020BD78D,0000000000000000,99,100,0,0,0,-1,0,0,0,4.98,-250.25,0,1.4658,70
4/28 18:52:01.768  SPELL_CAST_SUCCESS,Player-4755-01614AC7,"Mirrimazduur-Dreadmist",0x512,0x0,Creature-0-4457-249-1045-10184-000028665C,"Onyxia",0x10a48,0x0,11661,"Shadow Bolt",0x20,Player-4755-01614AC7,0000000000000000,100,100,0,0,0,-1,0,0,0,7.69,-173.03,0,4.6600,68
4/28 18:52:01.785  SPELL_CAST_START,Player-4755-01614AC7,"Mirrimazduur-Dreadmist",0x512,0x0,0000000000000000,nil,0x80000000,0x80000000,11661,"Shadow Bolt",0x20
4/28 18:52:01.785  SPELL_PERIODIC_ENERGIZE,Creature-0-4457-249-1045-7416-0000286D2B,"Mana Spring Totem IV",0x2114,0x0,Player-4755-01840577,"Raggèn-Dreadmist",0x514,0x0,10494,"Mana Spring",0x8,Player-4755-01840577,0000000000000000,100,100,0,0,0,-1,0,0,0,13.56,-212.56,0,1.8683,67,10.0000,0.0000,0,3790
4/28 18:52:01.817  SPELL_CAST_START,Player-4755-0178F576,"Atreas-Dreadmist",0x514,0x0,0000000000000000,nil,0x80000000,0x80000000,75,"Auto Shot",0x1
4/28 18:52:01.847  SWING_MISSED,Pet-0-4457-249-1045-2850-01001956F9,"Kratos",0x1114,0x0,Creature-0-4457-249-1045-10184-000028665C,"Onyxia",0x10a48,0x0,PARRY,nil
4/28 18:52:01.847  RANGE_DAMAGE,Player-4755-01E83279,"Nlmasters-Dreadmist",0x514,0x8,Creature-0-4457-249-1045-10184-000028665C,"Onyxia",0x10a48,0x0,75,"Auto Shot",0x1,Creature-0-4457-249-1045-10184-000028665C,0000000000000000,20,100,0,0,0,-1,0,0,0,9.96,-202.99,0,0.2893,63,804,455,-1,1,0,0,0,1,nil,nil
4/28 18:52:01.847  SWING_DAMAGE,Player-4755-0220BD00,"Krikoff-Dreadmist",0x40514,0x0,Creature-0-4457-249-1045-10184-000028665C,"Onyxia",0x10a48,0x0,Player-4755-0220BD00,0000000000000000,75,100,0,0,0,-1,0,0,0,25.64,-199.75,0,3.4126,68,224,332,-1,1,0,0,0,nil,1,nil
4/28 18:52:01.893  SWING_DAMAGE,Pet-0-4457-249-1045-7432-01002D8BC6,"Cat",0x1114,0x0,Creature-0-4457-249-1045-10184-000028665C,"Onyxia",0x10a48,0x0,Pet-0-4457-249-1045-7432-01002D8BC6,Player-4755-01E83279,5,100,0,0,0,-1,0,0,0,-13.33,-193.99,0,5.9144,71,84,146,-1,1,0,0,0,nil,1,nil
4/28 18:52:02.022  SPELL_AURA_APPLIED,Pet-0-4457-249-1045-2850-01001956F9,"Kratos",0x1114,0x0,Pet-0-4457-249-1045-2850-01001956F9,"Kratos",0x1114,0x0,23110,"Dash",0x1,BUFF
4/28 18:52:02.023  SPELL_CAST_SUCCESS,Pet-0-4457-249-1045-2850-01001956F9,"Kratos",0x1114,0x0,0000000000000000,nil,0x80000000,0x80000000,23110,"Dash",0x1,Pet-0-4457-249-1045-2850-01001956F9,Player-4755-0178F576,32,100,0,0,0,-1,0,0,0,8.87,-177.97,0,4.7559,66
4/28 18:52:02.023  UNIT_DIED,0000000000000000,nil,0x80000000,0x80000000,Creature-0-4457-249-1045-11262-0000286D35,"Onyxian Whelp",0xa48,0x0
4/28 18:52:02.023  SWING_DAMAGE_LANDED,Creature-0-4457-249-1045-11262-0001286D35,"Onyxian Whelp",0xa48,0x0,Player-4755-01733879,"Hocwar-Dreadmist",0x40514,0x0,Player-4755-01733879,0000000000000000,97,100,0,0,0,-1,0,0,0,4.28,-179.10,0,0.7668,71,210,318,-1,1,0,0,0,nil,nil,nil
4/28 18:52:02.023  SPELL_AURA_APPLIED,Player-4755-01802FE5,"Angrybat-Dreadmist",0x514,0x0,Player-4755-01802FE5,"Angrybat-Dreadmist",0x514,0x0,12536,"Clearcasting",0x40,BUFF
4/28 18:52:02.023  SWING_DAMAGE_LANDED,Creature-0-4457-249-1045-11262-0000286D36,"Onyxian Whelp",0xa48,0x0,Player-4755-01733879,"Hocwar-Dreadmist",0x40514,0x0,Player-4755-01733879,0000000000000000,93,100,0,0,0,-1,0,0,0,4.28,-179.10,0,0.7668,71,198,300,-1,1,0,0,0,nil,nil,nil
4/28 18:52:02.023  SWING_DAMAGE_LANDED,Player-4755-01637B0A,"Pindle-Dreadmist",0x514,0x0,Creature-0-4457-249-1045-11262-0000286D39,"Onyxian Whelp",0xa48,0x0,Creature-0-4457-249-1045-11262-0000286D39,0000000000000000,56,100,0,0,0,-1,0,0,0,2.55,-174.35,0,2.0748,57,125,202,-1,1,0,0,0,nil,nil,nil
4/28 18:52:02.023  SWING_DAMAGE_LANDED,Player-4755-0220BD00,"Krikoff-Dreadmist",0x40514,0x0,Creature-0-4457-249-1045-10184-000028665C,"Onyxia",0x10a48,0x0,Creature-0-4457-249-1045-10184-000028665C,0000000000000000,20,100,0,0,0,-1,0,0,0,9.96,-202.99,0,0.2893,63,224,332,-1,1,0,0,0,nil,1,nil
4/28 18:52:02.023  SWING_DAMAGE_LANDED,Pet-0-4457-249-1045-7432-01002D8BC6,"Cat",0x1114,0x0,Creature-0-4457-249-1045-10184-000028665C,"Onyxia",0x10a48,0x0,Creature-0-4457-249-1045-10184-000028665C,0000000000000000,20,100,0,0,0,-1,0,0,0,9.96,-202.99,0,0.2893,63,84,146,-1,1,0,0,0,nil,1,nil
4/28 18:52:02.049  RANGE_DAMAGE,Player-4755-01F36B30,"Rectumqeef-Dreadmist",0x514,0x0,Creature-0-4457-249-1045-10184-000028665C,"Onyxia",0x10a48,0x0,5019,"Shoot",0x1,Creature-0-4457-249-1045-10184-000028665C,0000000000000000,20,100,0,0,0,-1,0,0,0,9.96,-202.99,0,0.2893,63,85,77,-1,64,0,0,0,nil,nil,nil
4/28 18:52:02.080  SWING_MISSED,Player-4755-01A6B139,"Sakatan-Dreadmist",0x514,0x0,Creature-0-4457-249-1045-10184-000028665C,"Onyxia",0x10a48,0x0,DODGE,1
4/28 18:52:02.080  SPELL_AURA_REMOVED,Player-4755-0220BD00,"Krikoff-Dreadmist",0x40514,0x0,Player-4755-0220BD00,"Krikoff-Dreadmist",0x40514,0x0,71,"Defensive Stance",0x1,BUFF
4/28 18:52:02.080  SPELL_AURA_APPLIED,Player-4755-0220BD00,"Krikoff-Dreadmist",0x40514,0x0,Player-4755-0220BD00,"Krikoff-Dreadmist",0x40514,0x0,2458,"Berserker Stance",0x1,BUFF
4/28 18:52:02.080  SPELL_CAST_SUCCESS,Player-4755-0220BD00,"Krikoff-Dreadmist",0x40514,0x0,0000000000000000,nil,0x80000000,0x80000000,2458,"Berserker Stance",0x1,Player-4755-0220BD00,0000000000000000,75,100,0,0,0,-1,0,0,0,25.64,-199.75,0,3.4126,68
4/28 18:52:02.098  SPELL_DAMAGE,Player-4755-020BD78D,"Lonehunter-Dreadmist",0x514,0x0,Creature-0-4457-249-1045-11262-0000286D37,"Onyxian Whelp",0xa48,0x0,14290,"Multi-Shot",0x1,Creature-0-4457-249-1045-11262-0000286D37,0000000000000000,16,100,0,0,0,-1,0,0,0,8.25,-177.62,0,2.5592,56,1007,689,-1,1,0,0,0,1,nil,nil
4/28 18:52:02.098  SPELL_DAMAGE,Player-4755-020BD78D,"Lonehunter-Dreadmist",0x514,0x0,Creature-0-4457-249-1045-11262-0001286D35,"Onyxian Whelp",0xa48,0x0,14290,"Multi-Shot",0x1,Creature-0-4457-249-1045-11262-0001286D35,0000000000000000,50,100,0,0,0,-1,0,0,0,4.51,-177.53,0,0.9845,56,439,705,-1,1,0,0,0,nil,nil,nil
4/28 18:52:02.129  SPELL_PERIODIC_DAMAGE,Player-4755-01614AC7,"Mirrimazduur-Dreadmist",0x512,0x0,Creature-0-4457-249-1045-10184-000028665C,"Onyxia",0x10a48,0x0,11672,"Corruption",0x20,Creature-0-4457-249-1045-10184-000028665C,0000000000000000,20,100,0,0,0,-1,0,0,0,9.96,-202.99,0,0.2893,63,208,188,-1,32,0,0,0,nil,nil,nil
4/28 18:52:02.158  SPELL_CAST_SUCCESS,Player-4755-0178F576,"Atreas-Dreadmist",0x514,0x0,Creature-0-4457-249-1045-10184-000028665C,"Onyxia",0x10a48,0x0,75,"Auto Shot",0x1,Player-4755-0178F576,0000000000000000,100,100,0,0,0,-1,0,0,0,0.87,-171.31,0,4.9918,66
4/28 18:52:02.158  SWING_DAMAGE,Player-4755-01AC9FD9,"Alexinho-Dreadmist",0x514,0x0,Creature-0-4457-249-1045-10184-000028665C,"Onyxia",0x10a48,0x0,Player-4755-01AC9FD9,0000000000000000,82,100,0,0,0,-1,0,0,0,6.03,-193.26,0,4.8395,66,249,155,-1,1,0,0,0,1,nil,nil
4/28 18:52:02.268  SPELL_CAST_SUCCESS,Player-4755-0160BD13,"Mafkees-Dreadmist",0x514,0x0,Creature-0-4457-249-1045-10184-000028665C,"Onyxia",0x10a48,0x0,23894,"Bloodthirst",0x1,Player-4755-0160BD13,0000000000000000,100,100,0,0,0,-1,0,0,0,7.69,-211.29,0,1.4004,64
4/28 18:52:02.318  SPELL_CAST_START,Player-4755-01FA8DD8,"Roackerita-Dreadmist",0x514,0x0,0000000000000000,nil,0x80000000,0x80000000,9474,"Flash Heal",0x2
4/28 18:52:02.407  SWING_DAMAGE,Creature-0-4457-249-1045-11262-0000286D39,"Onyxian Whelp",0xa48,0x0,Player-4755-0178F576,"Atreas-Dreadmist",0x514,0x0,Creature-0-4457-249-1045-11262-0000286D39,0000000000000000,56,100,0,0,0,-1,0,0,0,2.55,-174.35,0,2.0748,57,221,360,-1,1,0,0,0,nil,nil,nil
4/28 18:52:02.442  SPELL_AURA_REMOVED_DOSE,Player-4755-0220BD00,"Krikoff-Dreadmist",0x40514,0x0,Player-4755-0220BD00,"Krikoff-Dreadmist",0x40514,0x0,12970,"Flurry",0x1,BUFF,2
4/28 18:52:02.442  SPELL_HEAL,Player-4755-0220BD00,"Krikoff-Dreadmist",0x40514,0x0,Player-4755-0220BD00,"Krikoff-Dreadmist",0x40514,0x0,23891,"Bloodthirst",0x1,Player-4755-0220BD00,0000000000000000,75,100,0,0,0,-1,0,0,0,25.64,-199.75,0,3.4126,68,20,20,0,0,nil
4/28 18:52:02.442  SPELL_AURA_REMOVED,Player-4755-0220BD00,"Krikoff-Dreadmist",0x40514,0x0,Player-4755-0220BD00,"Krikoff-Dreadmist",0x40514,0x0,23888,"Bloodthirst",0x1,BUFF
4/28 18:52:02.442  SWING_DAMAGE_LANDED,Player-4755-01AC9FD9,"Alexinho-Dreadmist",0x514,0x0,Creature-0-4457-249-1045-10184-000028665C,"Onyxia",0x10a48,0x0,Creature-0-4457-249-1045-10184-000028665C,0000000000000000,20,100,0,0,0,-1,0,0,0,9.96,-202.99,0,0.2893,63,249,155,-1,1,0,0,0,1,nil,nil
4/28 18:52:02.442  SPELL_DAMAGE,Player-4755-0160BD13,"Mafkees-Dreadmist",0x514,0x0,Creature-0-4457-249-1045-10184-000028665C,"Onyxia",0x10a48,0x0,23894,"Bloodthirst",0x1,Creature-0-4457-249-1045-10184-000028665C,0000000000000000,20,100,0,0,0,-1,0,0,0,9.96,-202.99,0,0.2893,63,496,630,-1,1,0,0,0,nil,nil,nil
4/28 18:52:02.442  SPELL_AURA_APPLIED,Player-4755-0160BD13,"Mafkees-Dreadmist",0x514,0x0,Player-4755-0160BD13,"Mafkees-Dreadmist",0x514,0x0,23888,"Bloodthirst",0x1,BUFF
4/28 18:52:02.442  SWING_DAMAGE_LANDED,Creature-0-4457-249-1045-11262-0000286D39,"Onyxian Whelp",0xa48,0x0,Player-4755-0178F576,"Atreas-Dreadmist",0x514,0x0,Player-4755-0178F576,0000000000000000,95,100,0,0,0,-1,0,0,0,0.87,-171.31,0,4.9918,66,221,360,-1,1,0,0,0,nil,nil,nil
4/28 18:52:02.461  SWING_DAMAGE,Creature-0-4457-249-1045-10184-000028665C,"Onyxia",0x10a48,0x0,Player-4755-0220BD00,"Krikoff-Dreadmist",0x40514,0x0,Creature-0-4457-249-1045-10184-000028665C,0000000000000000,20,100,0,0,0,-1,0,0,0,9.96,-202.99,0,0.2893,63,1234,1297,-1,1,0,0,0,1,nil,nil
4/28 18:52:02.461  SPELL_CAST_SUCCESS,Player-4755-01804B95,"Moymoy-Dreadmist",0x514,0x0,Player-4755-01637B0A,"Pindle-Dreadmist",0x514,0x0,1064,"Chain Heal",0x8,Player-4755-01804B95,0000000000000000,93,100,0,0,0,-1,0,0,0,12.50,-178.35,0,4.9266,66
4/28 18:52:02.461  SPELL_CAST_START,Player-4755-01804B95,"Moymoy-Dreadmist",0x514,0x0,0000000000000000,nil,0x80000000,0x80000000,1064,"Chain Heal",0x8
4/28 18:52:02.491  SPELL_CAST_SUCCESS,Player-4755-0210153A,"Hapuseneb-Dreadmist",0x514,0x0,Player-4755-01ED7A64,"Sperzieboon-Dreadmist",0x514,0x0,2053,"Lesser Heal",0x2,Player-4755-0210153A,0000000000000000,100,100,0,0,0,-1,0,0,0,6.28,-238.83,0,1.6179,66
4/28 18:52:02.537  SPELL_AURA_APPLIED,Player-4755-01733879,"Hocwar-Dreadmist",0x40514,0x0,Player-4755-01733879,"Hocwar-Dreadmist",0x40514,0x0,18499,"Berserker Rage",0x1,BUFF
4/28 18:52:02.537  SPELL_CAST_SUCCESS,Player-4755-01733879,"Hocwar-Dreadmist",0x40514,0x0,0000000000000000,nil,0x80000000,0x80000000,18499,"Berserker Rage",0x1,Player-4755-01733879,0000000000000000,93,100,0,0,0,-1,0,0,0,5.16,-178.25,0,0.7668,71
4/28 18:52:02.602  SPELL_CAST_START,Player-4755-0210153A,"Hapuseneb-Dreadmist",0x514,0x0,0000000000000000,nil,0x80000000,0x80000000,2053,"Lesser Heal",0x2
4/28 18:52:02.618  SPELL_CAST_SUCCESS,Player-4755-01AC9FD9,"Alexinho-Dreadmist",0x514,0x0,Creature-0-4457-249-1045-10184-000028665C,"Onyxia",0x10a48,0x0,11294,"Sinister Strike",0x1,Player-4755-01AC9FD9,0000000000000000,82,100,0,0,0,-1,0,0,0,5.99,-192.91,0,4.8395,66
4/28 18:52:02.664  SWING_DAMAGE,Player-4755-01AC9FD9,"Alexinho-Dreadmist",0x514,0x0,Creature-0-4457-249-1045-10184-000028665C,"Onyxia",0x10a48,0x0,Player-4755-01AC9FD9,0000000000000000,82,100,0,0,0,-1,0,0,0,5.96,-192.66,0,4.8395,66,266,401,-1,1,0,0,0,nil,1,nil
4/28 18:52:02.679  SPELL_AURA_APPLIED,Player-4755-01637B0A,"Pindle-Dreadmist",0x514,0x0,Player-4755-01637B0A,"Pindle-Dreadmist",0x514,0x0,20007,"Holy Strength",0x2,BUFF
4/28 18:52:02.679  SPELL_HEAL,Player-4755-01637B0A,"Pindle-Dreadmist",0x514,0x0,Player-4755-01637B0A,"Pindle-Dreadmist",0x514,0x0,20007,"Holy Strength",0x2,Player-4755-01637B0A,0000000000000000,100,100,0,0,0,-1,0,0,0,9.74,-176.88,0,1.8628,65,119,119,119,0,nil
4/28 18:52:02.679  SWING_DAMAGE,Player-4755-01637B0A,"Pindle-Dreadmist",0x514,0x0,Creature-0-4457-249-1045-11262-0000286D37,"Onyxian Whelp",0xa48,0x0,Player-4755-01637B0A,0000000000000000,100,100,0,0,0,-1,0,0,0,9.74,-176.88,0,1.8628,65,69,110,-1,1,0,0,0,nil,nil,nil
4/28 18:52:02.710  SPELL_AURA_REMOVED,Player-4755-01AC9FD9,"Alexinho-Dreadmist",0x514,0x0,Player-4755-01AC9FD9,"Alexinho-Dreadmist",0x514,0x0,13877,"Blade Flurry",0x1,BUFF
4/28 18:52:02.728  SPELL_CAST_SUCCESS,Player-4755-0163DD9D,"Kaspais-Dreadmist",0x514,0x0,0000000000000000,nil,0x80000000,0x80000000,122,"Frost Nova",0x10,Player-4755-0163DD9D,0000000000000000,100,100,0,0,0,-1,0,0,0,8.93,-174.93,0,3.3835,66
4/28 18:52:02.728  SPELL_MISSED,Player-4755-0163DD9D,"Kaspais-Dreadmist",0x514,0x0,Creature-0-4457-249-1045-11262-0000A86D35,"Onyxian Whelp",0xa48,0x0,122,"Frost Nova",0x10,RESIST,nil,0
4/28 18:52:02.761  SPELL_DAMAGE,Player-4755-0163DD9D,"Kaspais-Dreadmist",0x514,0x0,Creature-0-4457-249-1045-10184-000028665C,"Onyxia",0x10a48,0x0,10181,"Frostbolt",0x10,Creature-0-4457-249-1045-10184-000028665C,0000000000000000,20,100,0,0,0,-1,0,0,0,9.96,-202.99,0,0.2893,63,936,850,-1,16,0,0,0,nil,nil,nil
4/28 18:52:02.776  SPELL_PERIODIC_ENERGIZE,Player-4755-01802FE5,"Angrybat-Dreadmist",0x514,0x0,Player-4755-01802FE5,"Angrybat-Dreadmist",0x514,0x0,18194,"Mana Regeneration",0x1,Player-4755-01802FE5,0000000000000000,64,100,0,0,0,-1,0,0,0,-2.67,-176.85,0,5.4488,66,8.0000,0.0000,0,6033
4/28 18:52:02.790  SPELL_CAST_START,Player-4755-01E83279,"Nlmasters-Dreadmist",0x514,0x8,0000000000000000,nil,0x80000000,0x80000000,75,"Auto Shot",0x1
4/28 18:52:02.823  SPELL_ENERGIZE,Player-4755-0220BD00,"Krikoff-Dreadmist",0x40514,0x0,Player-4755-0220BD00,"Krikoff-Dreadmist",0x40514,0x0,12964,"Unbridled Wrath",0x1,Player-4755-0220BD00,0000000000000000,75,100,0,0,0,-1,0,0,0,25.64,-199.75,0,3.4126,68,1.0000,0.0000,1,1000
4/28 18:52:02.823  SPELL_AURA_REMOVED_DOSE,Player-4755-0160BD13,"Mafkees-Dreadmist",0x514,0x0,Player-4755-0160BD13,"Mafkees-Dreadmist",0x514,0x0,23888,"Bloodthirst",0x1,BUFF,4
4/28 18:52:02.823  SPELL_HEAL,Player-4755-0160BD13,"Mafkees-Dreadmist",0x514,0x0,Player-4755-0160BD13,"Mafkees-Dreadmist",0x514,0x0,23891,"Bloodthirst",0x1,Player-4755-0160BD13,0000000000000000,100,100,0,0,0,-1,0,0,0,7.09,-211.44,0,1.3729,64,20,20,20,0,nil
4/28 18:52:02.823  SPELL_AURA_APPLIED,Player-4755-0220BD00,"Krikoff-Dreadmist",0x40514,0x0,Player-4755-0220BD00,"Krikoff-Dreadmist",0x40514,0x0,14204,"Enrage",0x1,BUFF
4/28 18:52:02.823  SWING_DAMAGE_LANDED,Creature-0-4457-249-1045-10184-000028665C,"Onyxia",0x10a48,0x0,Player-4755-0220BD00,"Krikoff-Dreadmist",0x40514,0x0,Player-4755-0220BD00,0000000000000000,56,100,0,0,0,-1,0,0,0,25.64,-199.75,0,3.4126,68,1234,1297,-1,1,0,0,0,1,nil,nil
4/28 18:52:02.823  SPELL_HEAL,Player-4755-01804B95,"Moymoy-Dreadmist",0x514,0x0,Player-4755-01AC9FD9,"Alexinho-Dreadmist",0x514,0x0,1064,"Chain Heal",0x8,Player-4755-01AC9FD9,0000000000000000,86,100,0,0,0,-1,0,0,0,5.96,-192.66,0,4.8395,66,183,183,0,0,nil
4/28 18:52:02.823  SPELL_HEAL,Player-4755-01804B95,"Moymoy-Dreadmist",0x514,0x0,Player-4755-02045EF4,"Necrosini-Dreadmist",0x512,0x0,1064,"Chain Heal",0x8,Player-4755-02045EF4,0000000000000000,80,100,0,0,0,-1,0,0,0,11.63,-185.48,0,3.0391,69,377,377,0,0,nil
4/28 18:52:02.823  SPELL_HEAL,Player-4755-01804B95,"Moymoy-Dreadmist",0x514,0x0,Player-4755-01637B0A,"Pindle-Dreadmist",0x514,0x0,1064,"Chain Heal",0x8,Player-4755-01637B0A,0000000000000000,100,100,0,0,0,-1,0,0,0,9.41,-176.02,0,3.2117,65,747,747,747,0,nil
4/28 18:52:02.823  SPELL_HEAL,Player-4755-0210153A,"Hapuseneb-Dreadmist",0x514,0x0,Player-4755-01ED7A64,"Sperzieboon-Dreadmist",0x514,0x0,2053,"Lesser Heal",0x2,Player-4755-01ED7A64,0000000000000000,100,100,0,0,0,-1,0,0,0,15.53,-231.54,0,1.7126,67,423,423,423,0,nil
4/28 18:52:02.823  SPELL_DAMAGE,Player-4755-01AC9FD9,"Alexinho-Dreadmist",0x514,0x0,Creature-0-4457-249-1045-10184-000028665C,"Onyxia",0x10a48,0x0,11294,"Sinister Strike",0x1,Creature-0-4457-249-1045-10184-000028665C,0000000000000000,20,100,0,0,0,-1,0,0,0,9.96,-202.99,0,0.2893,63,329,417,-1,1,0,0,0,nil,nil,nil
4/28 18:52:02.823  SWING_DAMAGE_LANDED,Player-4755-01AC9FD9,"Alexinho-Dreadmist",0x514,0x0,Creature-0-4457-249-1045-10184-000028665C,"Onyxia",0x10a48,0x0,Creature-0-4457-249-1045-10184-000028665C,0000000000000000,20,100,0,0,0,-1,0,0,0,9.96,-202.99,0,0.2893,63,266,401,-1,1,0,0,0,nil,1,nil
4/28 18:52:02.823  SWING_DAMAGE_LANDED,Player-4755-01637B0A,"Pindle-Dreadmist",0x514,0x0,Creature-0-4457-249-1045-11262-0000286D37,"Onyxian Whelp",0xa48,0x0,Creature-0-4457-249-1045-11262-0000286D37,0000000000000000,14,100,0,0,0,-1,0,0,0,5.69,-179.72,0,4.6600,56,69,110,-1,1,0,0,0,nil,nil,nil
4/28 18:52:02.823  SPELL_DAMAGE,Player-4755-0163DD9D,"Kaspais-Dreadmist",0x514,0x0,Creature-0-4457-249-1045-11262-0001286D35,"Onyxian Whelp",0xa48,0x0,122,"Frost Nova",0x10,Creature-0-4457-249-1045-11262-0001286D35,0000000000000000,49,100,0,0,0,-1,0,0,0,4.51,-177.53,0,0.9845,56,32,32,-1,16,0,0,0,nil,nil,nil
4/28 18:52:02.823  SPELL_DAMAGE,Player-4755-0163DD9D,"Kaspais-Dreadmist",0x514,0x0,Creature-0-4457-249-1045-11262-0000286D39,"Onyxian Whelp",0xa48,0x0,122,"Frost Nova",0x10,Creature-0-4457-249-1045-11262-0000286D39,0000000000000000,55,100,0,0,0,-1,0,0,0,2.55,-174.35,0,2.0748,57,32,32,-1,16,0,0,0,nil,nil,nil
4/28 18:52:02.823  SPELL_DAMAGE,Player-4755-0163DD9D,"Kaspais-Dreadmist",0x514,0x0,Creature-0-4457-249-1045-11262-0000286D37,"Onyxian Whelp",0xa48,0x0,122,"Frost Nova",0x10,Creature-0-4457-249-1045-11262-0000286D37,0000000000000000,12,100,0,0,0,-1,0,0,0,5.69,-179.72,0,4.6600,56,33,32,-1,16,0,0,0,nil,nil,nil
4/28 18:52:02.823  SPELL_DAMAGE,Player-4755-0163DD9D,"Kaspais-Dreadmist",0x514,0x0,Creature-0-4457-249-1045-11262-0000286D36,"Onyxian Whelp",0xa48,0x0,122,"Frost Nova",0x10,Creature-0-4457-249-1045-11262-0000286D36,0000000000000000,68,100,0,0,0,-1,0,0,0,3.96,-177.38,0,0.9009,56,32,32,-1,16,0,0,0,nil,nil,nil
4/28 18:52:02.823  SPELL_DAMAGE,Player-4755-0163DD9D,"Kaspais-Dreadmist",0x514,0x0,Creature-0-4457-249-1045-10184-000028665C,"Onyxia",0x10a48,0x0,122,"Frost Nova",0x10,Creature-0-4457-249-1045-10184-000028665C,0000000000000000,20,100,0,0,0,-1,0,0,0,9.96,-202.99,0,0.2893,63,36,32,-1,16,0,0,0,nil,nil,nil
4/28 18:52:02.823  SPELL_AURA_REMOVED,Player-4755-01802FE5,"Angrybat-Dreadmist",0x514,0x0,Creature-0-4457-249-1045-11262-0000286D36,"Onyxian Whelp",0xa48,0x0,122,"Frost Nova",0x10,DEBUFF
4/28 18:52:02.823  SPELL_AURA_APPLIED,Player-4755-0163DD9D,"Kaspais-Dreadmist",0x514,0x0,Creature-0-4457-249-1045-11262-0000286D36,"Onyxian Whelp",0xa48,0x0,122,"Frost Nova",0x10,DEBUFF
4/28 18:52:02.823  SPELL_AURA_APPLIED,Player-4755-0163DD9D,"Kaspais-Dreadmist",0x514,0x0,Creature-0-4457-249-1045-11262-0000286D37,"Onyxian Whelp",0xa48,0x0,122,"Frost Nova",0x10,DEBUFF
4/28 18:52:02.823  SPELL_AURA_APPLIED,Player-4755-0163DD9D,"Kaspais-Dreadmist",0x514,0x0,Creature-0-4457-249-1045-11262-0000286D39,"Onyxian Whelp",0xa48,0x0,122,"Frost Nova",0x10,DEBUFF
4/28 18:52:02.823  SPELL_AURA_REMOVED,Player-4755-01802FE5,"Angrybat-Dreadmist",0x514,0x0,Creature-0-4457-249-1045-11262-0001286D35,"Onyxian Whelp",0xa48,0x0,122,"Frost Nova",0x10,DEBUFF
4/28 18:52:02.823  SPELL_AURA_APPLIED,Player-4755-0163DD9D,"Kaspais-Dreadmist",0x514,0x0,Creature-0-4457-249-1045-11262-0001286D35,"Onyxian Whelp",0xa48,0x0,122,"Frost Nova",0x10,DEBUFF
4/28 18:52:02.823  SPELL_AURA_APPLIED,Player-4755-0163DD9D,"Kaspais-Dreadmist",0x514,0x0,Player-4755-0163DD9D,"Kaspais-Dreadmist",0x514,0x0,12536,"Clearcasting",0x40,BUFF
4/28 18:52:02.823  SWING_DAMAGE,Creature-0-4457-249-1045-11262-0000286D37,"Onyxian Whelp",0xa48,0x0,Player-4755-01733879,"Hocwar-Dreadmist",0x40514,0x0,Creature-0-4457-249-1045-11262-0000286D37,0000000000000000,12,100,0,0,0,-1,0,0,0,5.69,-179.72,0,4.6600,56,235,357,-1,1,0,0,0,nil,nil,nil
4/28 18:52:02.823  SPELL_CAST_SUCCESS,Player-4755-015FEBD5,"Sauvage-Dreadmist",0x514,0x0,Creature-0-4457-249-1045-10184-000028665C,"Onyxia",0x10a48,0x0,10181,"Frostbolt",0x10,Player-4755-015FEBD5,0000000000000000,96,100,0,0,0,-1,0,0,0,-8.33,-235.99,0,1.5919,64
4/28 18:52:02.848  SWING_DAMAGE,Pet-0-4457-249-1045-2850-01001956F9,"Kratos",0x1114,0x0,Creature-0-4457-249-1045-10184-000028665C,"Onyxia",0x10a48,0x0,Pet-0-4457-249-1045-2850-01001956F9,Player-4755-0178F576,32,100,0,0,0,-1,0,0,0,8.87,-177.97,0,4.7559,66,61,77,-1,1,0,0,0,nil,nil,nil
4/28 18:52:02.848  SPELL_AURA_APPLIED,Player-4755-0220BD00,"Krikoff-Dreadmist",0x40514,0x0,Player-4755-0220BD00,"Krikoff-Dreadmist",0x40514,0x0,18499,"Berserker Rage",0x1,BUFF
4/28 18:52:02.848  SPELL_CAST_SUCCESS,Player-4755-0220BD00,"Krikoff-Dreadmist",0x40514,0x0,0000000000000000,nil,0x80000000,0x80000000,18499,"Berserker Rage",0x1,Player-4755-0220BD00,0000000000000000,56,100,0,0,0,-1,0,0,0,25.64,-199.75,0,3.4126,68
4/28 18:52:02.883  SPELL_AURA_APPLIED,Player-4755-0220BD00,"Krikoff-Dreadmist",0x40514,0x0,Player-4755-0220BD00,"Krikoff-Dreadmist",0x40514,0x0,20007,"Holy Strength",0x2,BUFF
4/28 18:52:02.883  SPELL_HEAL,Player-4755-0220BD00,"Krikoff-Dreadmist",0x40514,0x0,Player-4755-0220BD00,"Krikoff-Dreadmist",0x40514,0x0,20007,"Holy Strength",0x2,Player-4755-0220BD00,0000000000000000,58,100,0,0,0,-1,0,0,0,25.64,-199.75,0,3.4126,68,119,119,0,0,nil
4/28 18:52:02.883  SWING_DAMAGE,Player-4755-0220BD00,"Krikoff-Dreadmist",0x40514,0x0,Creature-0-4457-249-1045-10184-000028665C,"Onyxia",0x10a48,0x0,Player-4755-0220BD00,0000000000000000,58,100,0,0,0,-1,0,0,0,25.64,-199.75,0,3.4126,68,171,275,-1,1,0,46,0,nil,nil,nil
4/28 18:52:02.919  SPELL_AURA_REMOVED,Player-4755-0163DD9D,"Kaspais-Dreadmist",0x514,0x0,Player-4755-0163DD9D,"Kaspais-Dreadmist",0x514,0x0,11196,"Recently Bandaged",0x1,DEBUFF
4/28 18:52:02.935  SWING_MISSED,Player-4755-01F21AE6,"Blahu-Dreadmist",0x40514,0x0,Creature-0-4457-249-1045-10184-000028665C,"Onyxia",0x10a48,0x0,PARRY,1
4/28 18:52:02.950  RANGE_DAMAGE,Player-4755-020BD78D,"Lonehunter-Dreadmist",0x514,0x0,Creature-0-4457-249-1045-10184-000028665C,"Onyxia",0x10a48,0x0,75,"Auto Shot",0x1,Creature-0-4457-249-1045-10184-000028665C,0000000000000000,19,100,0,0,0,-1,0,0,0,9.96,-202.99,0,0.2893,63,408,517,-1,1,0,0,0,nil,nil,nil
4/28 18:52:02.979  RANGE_DAMAGE,Player-4755-0178F576,"Atreas-Dreadmist",0x514,0x0,Creature-0-4457-249-1045-10184-000028665C,"Onyxia",0x10a48,0x0,75,"Auto Shot",0x1,Creature-0-4457-249-1045-10184-000028665C,0000000000000000,19,100,0,0,0,-1,0,0,0,9.96,-202.99,0,0.2893,63,359,456,-1,1,0,0,0,nil,nil,nil
4/28 18:52:03.015  SPELL_CAST_SUCCESS,Player-4755-01802FE5,"Angrybat-Dreadmist",0x514,0x0,0000000000000000,nil,0x80000000,0x80000000,10202,"Arcane Explosion",0x40,Player-4755-01802FE5,0000000000000000,64,100,0,0,0,-1,0,0,0,-2.20,-178.60,0,4.9462,66
4/28 18:52:03.015  SPELL_AURA_REMOVED,Player-4755-01802FE5,"Angrybat-Dreadmist",0x514,0x0,Player-4755-01802FE5,"Angrybat-Dreadmist",0x514,0x0,12536,"Clearcasting",0x40,BUFF
4/28 18:52:03.063  SWING_DAMAGE,Player-4755-01637B0A,"Pindle-Dreadmist",0x514,0x0,Creature-0-4457-249-1045-11262-0000286D37,"Onyxian Whelp",0xa48,0x0,Player-4755-01637B0A,0000000000000000,100,100,0,0,0,-1,0,0,0,7.67,-175.47,0,3.8498,65,223,176,-1,1,0,0,0,1,nil,nil
4/28 18:52:03.063  SWING_DAMAGE,Pet-0-4457-249-1045-7432-01002D8BC6,"Cat",0x1114,0x0,Creature-0-4457-249-1045-10184-000028665C,"Onyxia",0x10a48,0x0,Pet-0-4457-249-1045-7432-01002D8BC6,Player-4755-01E83279,5,100,0,0,0,-1,0,0,0,-13.33,-193.99,0,5.9144,71,94,159,-1,1,0,0,0,nil,1,nil
4/28 18:52:03.110  SPELL_CAST_SUCCESS,Player-4755-01BC57A3,"Saintis-Dreadmist",0x511,0x0,Player-4755-02045EF4,"Necrosini-Dreadmist",0x512,0x0,2055,"Heal",0x2,Player-4755-01BC57A3,0000000000000000,100,100,0,0,0,-1,0,0,0,19.63,-219.65,0,1.9402,68
4/28 18:52:03.110  SPELL_CAST_START,Player-4755-01ED7A64,"Sperzieboon-Dreadmist",0x514,0x0,0000000000000000,nil,0x80000000,0x80000000,6063,"Heal",0x2
4/28 18:52:03.221  SWING_DAMAGE,Player-4755-0178F416,"Eltorero-Dreadmist",0x514,0x0,Creature-0-4457-249-1045-10184-000028665C,"Onyxia",0x10a48,0x0,Player-4755-0178F416,0000000000000000,91,100,0,0,0,-1,0,0,0,10.27,-216.70,0,1.7118,67,1061,673,-1,1,0,0,0,1,nil,nil
4/28 18:52:03.221  SPELL_CAST_SUCCESS,Player-4755-01637B0A,"Pindle-Dreadmist",0x514,0x0,Creature-0-4457-249-1045-11262-0000286D37,"Onyxian Whelp",0xa48,0x0,11281,"Backstab",0x1,Player-4755-01637B0A,0000000000000000,100,100,0,0,0,-1,0,0,0,6.49,-175.49,0,3.9559,65
4/28 18:52:03.221  SPELL_AURA_APPLIED,Player-4755-01637B0A,"Pindle-Dreadmist",0x514,0x0,Player-4755-01637B0A,"Pindle-Dreadmist",0x514,0x0,10610,"Windfury Totem",0x8,BUFF
4/28 18:52:03.221  SPELL_EXTRA_ATTACKS,Player-4755-01637B0A,"Pindle-Dreadmist",0x514,0x0,Player-4755-01637B0A,"Pindle-Dreadmist",0x514,0x0,10610,"Windfury Totem",0x8,1
4/28 18:52:03.221  SPELL_CAST_SUCCESS,Pet-0-4457-249-1045-7432-01002D8BC6,"Cat",0x1114,0x0,Creature-0-4457-249-1045-10184-000028665C,"Onyxia",0x10a48,0x0,17261,"Bite",0x1,Pet-0-4457-249-1045-7432-01002D8BC6,Player-4755-01E83279,5,100,0,0,0,-1,0,0,0,-13.33,-193.99,0,5.9144,71
4/28 18:52:03.245  DAMAGE_SHIELD_MISSED,Player-4755-0220BD00,"Krikoff-Dreadmist",0x40514,0x0,Creature-0-4457-249-1045-10184-000028665C,"Onyxia",0x10a48,0x0,11771,"Fire Shield",0x4,IMMUNE,nil
4/28 18:52:03.245  SPELL_AURA_REMOVED_DOSE,Player-4755-01637B0A,"Pindle-Dreadmist",0x514,0x0,Player-4755-01637B0A,"Pindle-Dreadmist",0x514,0x0,10610,"Windfury Totem",0x8,BUFF,1
4/28 18:52:03.245  SWING_DAMAGE_LANDED,Creature-0-4457-249-1045-11262-0000286D37,"Onyxian Whelp",0xa48,0x0,Player-4755-01733879,"Hocwar-Dreadmist",0x40514,0x0,Player-4755-01733879,0000000000000000,90,100,0,0,0,-1,0,0,0,3.45,-179.90,0,0.7668,71,235,357,-1,1,0,0,0,nil,nil,nil
4/28 18:52:03.245  SWING_DAMAGE_LANDED,Pet-0-4457-249-1045-2850-01001956F9,"Kratos",0x1114,0x0,Creature-0-4457-249-1045-10184-000028665C,"Onyxia",0x10a48,0x0,Creature-0-4457-249-1045-10184-000028665C,0000000000000000,19,100,0,0,0,-1,0,0,0,9.96,-202.99,0,0.2893,63,61,77,-1,1,0,0,0,nil,nil,nil
4/28 18:52:03.245  SWING_DAMAGE_LANDED,Player-4755-0220BD00,"Krikoff-Dreadmist",0x40514,0x0,Creature-0-4457-249-1045-10184-000028665C,"Onyxia",0x10a48,0x0,Creature-0-4457-249-1045-10184-000028665C,0000000000000000,19,100,0,0,0,-1,0,0,0,9.96,-202.99,0,0.2893,63,171,275,-1,1,0,0,0,nil,nil,nil
4/28 18:52:03.245  SPELL_DAMAGE,Player-4755-01802FE5,"Angrybat-Dreadmist",0x514,0x0,Creature-0-4457-249-1045-11262-0001286D35,"Onyxian Whelp",0xa48,0x0,10202,"Arcane Explosion",0x40,Creature-0-4457-249-1045-11262-0001286D35,0000000000000000,37,100,0,0,0,-1,0,0,0,4.51,-177.53,0,0.2697,56,314,313,-1,64,0,0,0,nil,nil,nil
4/28 18:52:03.245  SPELL_AURA_REMOVED,Player-4755-01802FE5,"Angrybat-Dreadmist",0x514,0x0,Creature-0-4457-249-1045-11262-0000A86D35,"Onyxian Whelp",0xa48,0x0,122,"Frost Nova",0x10,DEBUFF
4/28 18:52:03.245  SPELL_DAMAGE,Player-4755-01802FE5,"Angrybat-Dreadmist",0x514,0x0,Creature-0-4457-249-1045-11262-0000A86D35,"Onyxian Whelp",0xa48,0x0,10202,"Arcane Explosion",0x40,Creature-0-4457-249-1045-11262-0000A86D35,0000000000000000,66,100,0,0,0,-1,0,0,0,4.48,-177.52,0,0.8883,57,306,306,-1,64,0,0,0,nil,nil,nil
4/28 18:52:03.245  SPELL_DAMAGE,Player-4755-01802FE5,"Angrybat-Dreadmist",0x514,0x0,Creature-0-4457-249-1045-11262-0000286D39,"Onyxian Whelp",0xa48,0x0,10202,"Arcane Explosion",0x40,Creature-0-4457-249-1045-11262-0000286D39,0000000000000000,44,100,0,0,0,-1,0,0,0,2.55,-174.35,0,2.0748,57,313,312,-1,64,0,0,0,nil,nil,nil
4/28 18:52:03.245  SPELL_DAMAGE,Player-4755-01802FE5,"Angrybat-Dreadmist",0x514,0x0,Creature-0-4457-249-1045-11262-0000286D37,"Onyxian Whelp",0xa48,0x0,10202,"Arcane Explosion",0x40,Creature-0-4457-249-1045-11262-0000286D37,0000000000000000,1,100,0,0,0,-1,0,0,0,5.69,-179.72,0,4.6600,56,305,304,-1,64,0,0,0,nil,nil,nil
4/28 18:52:03.245  SPELL_DAMAGE,Player-4755-01802FE5,"Angrybat-Dreadmist",0x514,0x0,Creature-0-4457-249-1045-11262-0000286D36,"Onyxian Whelp",0xa48,0x0,10202,"Arcane Explosion",0x40,Creature-0-4457-249-1045-11262-0000286D36,0000000000000000,56,100,0,0,0,-1,0,0,0,3.96,-177.38,0,5.6437,56,306,305,-1,64,0,0,0,nil,nil,nil
4/28 18:52:03.245  SPELL_DAMAGE,Player-4755-01802FE5,"Angrybat-Dreadmist",0x514,0x0,Creature-0-4457-249-1045-10184-000028665C,"Onyxia",0x10a48,0x0,10202,"Arcane Explosion",0x40,Creature-0-4457-249-1045-10184-000028665C,0000000000000000,19,100,0,0,0,-1,0,0,0,9.96,-202.99,0,0.2893,63,351,319,-1,64,0,0,0,nil,nil,nil
4/28 18:52:03.245  SPELL_AURA_REMOVED,Player-4755-01733879,"Hocwar-Dreadmist",0x40514,0x0,Creature-0-4457-249-1045-11262-0000286D37,"Onyxian Whelp",0xa48,0x0,11556,"Demoralizing Shout",0x1,DEBUFF
4/28 18:52:03.245  SPELL_AURA_REMOVED,Player-4755-01802FE5,"Angrybat-Dreadmist",0x514,0x0,Creature-0-4457-249-1045-11262-0000286D37,"Onyxian Whelp",0xa48,0x0,12579,"Winter's Chill",0x10,DEBUFF
4/28 18:52:03.245  SPELL_AURA_REMOVED,Player-4755-0163DD9D,"Kaspais-Dreadmist",0x514,0x0,Creature-0-4457-249-1045-11262-0000286D37,"Onyxian Whelp",0xa48,0x0,122,"Frost Nova",0x10,DEBUFF
4/28 18:52:03.245  SWING_DAMAGE_LANDED,Player-4755-01637B0A,"Pindle-Dreadmist",0x514,0x0,Creature-0-4457-249-1045-11262-0000286D37,"Onyxian Whelp",0xa48,0x0,Creature-0-4457-249-1045-11262-0000286D37,0000000000000000,0,100,0,0,0,-1,0,0,0,5.69,-179.72,0,1.4168,56,223,176,195,1,0,0,0,1,nil,nil
4/28 18:52:03.245  SWING_DAMAGE_LANDED,Pet-0-4457-249-1045-7432-01002D8BC6,"Cat",0x1114,0x0,Creature-0-4457-249-1045-10184-000028665C,"Onyxia",0x10a48,0x0,Creature-0-4457-249-1045-10184-000028665C,0000000000000000,19,100,0,0,0,-1,0,0,0,9.96,-202.99,0,0.2893,63,94,159,-1,1,0,0,0,nil,1,nil
4/28 18:52:03.245  SPELL_HEAL,Player-4755-01BC57A3,"Saintis-Dreadmist",0x511,0x0,Player-4755-02045EF4,"Necrosini-Dreadmist",0x512,0x0,2055,"Heal",0x2,Player-4755-02045EF4,0000000000000000,100,100,0,0,0,-1,0,0,0,11.63,-185.48,0,3.0391,69,1086,1086,88,0,nil
4/28 18:52:03.245  SWING_DAMAGE_LANDED,Player-4755-0178F416,"Eltorero-Dreadmist",0x514,0x0,Creature-0-4457-249-1045-10184-000028665C,"Onyxia",0x10a48,0x0,Creature-0-4457-249-1045-10184-000028665C,0000000000000000,19,100,0,0,0,-1,0,0,0,9.96,-202.99,0,0.2893,63,1061,673,-1,1,0,0,0,1,nil,nil
4/28 18:52:03.245  SPELL_DAMAGE,Pet-0-4457-249-1045-7432-01002D8BC6,"Cat",0x1114,0x0,Creature-0-4457-249-1045-10184-000028665C,"Onyxia",0x10a48,0x0,17261,"Bite",0x1,Creature-0-4457-249-1045-10184-000028665C,0000000000000000,19,100,0,0,0,-1,0,0,0,9.96,-202.99,0,0.2893,63,190,240,-1,1,0,0,0,nil,nil,nil
4/28 18:52:03.245  SPELL_CAST_SUCCESS,Player-4755-01E83279,"Nlmasters-Dreadmist",0x514,0x8,Creature-0-4457-249-1045-10184-000028665C,"Onyxia",0x10a48,0x0,75,"Auto Shot",0x1,Player-4755-01E83279,0000000000000000,100,100,0,0,0,-1,0,0,0,15.93,-247.88,0,1.7030,71
4/28 18:52:03.274  SPELL_AURA_APPLIED,Player-4755-01733879,"Hocwar-Dreadmist",0x40514,0x0,Player-4755-01733879,"Hocwar-Dreadmist",0x40514,0x0,10610,"Windfury Totem",0x8,BUFF
4/28 18:52:03.274  SPELL_EXTRA_ATTACKS,Player-4755-01733879,"Hocwar-Dreadmist",0x40514,0x0,Player-4755-01733879,"Hocwar-Dreadmist",0x40514,0x0,10610,"Windfury Totem",0x8,1
4/28 18:52:03.274  SWING_DAMAGE,Player-4755-01733879,"Hocwar-Dreadmist",0x40514,0x0,Creature-0-4457-249-1045-11262-0000A86D35,"Onyxian Whelp",0xa48,0x0,Player-4755-01733879,0000000000000000,90,100,0,0,0,-1,0,0,0,3.45,-179.90,0,0.7668,71,362,292,-1,1,0,0,0,1,nil,nil
4/28 18:52:03.274  SWING_DAMAGE,Player-4755-01733879,"Hocwar-Dreadmist",0x40514,0x0,Creature-0-4457-249-1045-11262-0000A86D35,"Onyxian Whelp",0xa48,0x0,Player-4755-01733879,0000000000000000,90,100,0,0,0,-1,0,0,0,3.45,-179.90,0,0.7668,71,156,319,-1,1,0,41,0,nil,nil,nil
4/28 18:52:03.293  SPELL_DAMAGE,Player-4755-01614AC7,"Mirrimazduur-Dreadmist",0x512,0x0,Creature-0-4457-249-1045-10184-000028665C,"Onyxia",0x10a48,0x0,11661,"Shadow Bolt",0x20,Creature-0-4457-249-1045-10184-000028665C,0000000000000000,19,100,0,0,0,-1,0,0,0,9.96,-202.99,0,0.2893,63,960,872,-1,32,0,0,0,nil,nil,nil
4/28 18:52:03.402  SPELL_CAST_SUCCESS,Player-4755-01A6B139,"Sakatan-Dreadmist",0x514,0x0,Creature-0-4457-249-1045-10184-000028665C,"Onyxia",0x10a48,0x0,11281,"Backstab",0x1,Player-4755-01A6B139,0000000000000000,100,100,0,0,0,-1,0,0,0,2.83,-188.35,0,5.4631,69
4/28 18:52:03.444  SWING_DAMAGE,Player-4755-01AC9FD9,"Alexinho-Dreadmist",0x514,0x0,Creature-0-4457-249-1045-10184-000028665C,"Onyxia",0x10a48,0x0,Player-4755-01AC9FD9,0000000000000000,86,100,0,0,0,-1,0,0,0,5.85,-191.85,0,4.8395,66,135,171,-1,1,0,0,0,nil,nil,nil
4/28 18:52:03.445  SPELL_CAST_SUCCESS,Player-4755-01F21AE6,"Blahu-Dreadmist",0x40514,0x0,Creature-0-4457-249-1045-10184-000028665C,"Onyxia",0x10a48,0x0,23894,"Bloodthirst",0x1,Player-4755-01F21AE6,0000000000000000,100,100,0,0,0,-1,0,0,0,14.94,-208.55,0,1.7426,70
4/28 18:52:03.445  SPELL_MISSED,Player-4755-01F21AE6,"Blahu-Dreadmist",0x40514,0x0,Creature-0-4457-249-1045-10184-000028665C,"Onyxia",0x10a48,0x0,23894,"Bloodthirst",0x1,PARRY,nil
4/28 18:52:03.445  SWING_DAMAGE,Player-4755-01840577,"Raggèn-Dreadmist",0x514,0x0,Creature-0-4457-249-1045-10184-000028665C,"Onyxia",0x10a48,0x0,Player-4755-01840577,0000000000000000,100,100,0,0,0,-1,0,0,0,13.56,-212.56,0,1.8683,67,329,466,-1,1,0,0,0,nil,1,nil
4/28 18:52:03.445  SWING_DAMAGE,Player-4755-01A6B139,"Sakatan-Dreadmist",0x514,0x0,Creature-0-4457-249-1045-10184-000028665C,"Onyxia",0x10a48,0x0,Player-4755-01A6B139,0000000000000000,100,100,0,0,0,-1,0,0,0,2.83,-188.35,0,5.4631,69,160,218,-1,1,0,0,0,nil,1,nil
4/28 18:52:03.488  SPELL_AURA_REMOVED,Player-4755-0220BD00,"Krikoff-Dreadmist",0x40514,0x0,Player-4755-0220BD00,"Krikoff-Dreadmist",0x40514,0x0,2458,"Berserker Stance",0x1,BUFF
4/28 18:52:03.488  SPELL_AURA_APPLIED,Player-4755-0220BD00,"Krikoff-Dreadmist",0x40514,0x0,Player-4755-0220BD00,"Krikoff-Dreadmist",0x40514,0x0,71,"Defensive Stance",0x1,BUFF
4/28 18:52:03.488  SPELL_CAST_SUCCESS,Player-4755-0220BD00,"Krikoff-Dreadmist",0x40514,0x0,0000000000000000,nil,0x80000000,0x80000000,71,"Defensive Stance",0x1,Player-4755-0220BD00,0000000000000000,58,100,0,0,0,-1,0,0,0,25.64,-199.75,0,3.4126,68
4/28 18:52:03.601  SPELL_CAST_SUCCESS,Player-4755-01F36B30,"Rectumqeef-Dreadmist",0x514,0x0,0000000000000000,nil,0x80000000,0x80000000,11678,"Rain of Fire",0x4,Player-4755-01F36B30,0000000000000000,100,100,0,0,0,-1,0,0,0,12.96,-174.95,0,3.5896,66
4/28 18:52:03.601  SPELL_CAST_START,Player-4755-01BC57A3,"Saintis-Dreadmist",0x511,0x0,0000000000000000,nil,0x80000000,0x80000000,6063,"Heal",0x2
4/28 18:52:03.622  SWING_MISSED,Creature-0-4457-249-1045-11262-0001286D35,"Onyxian Whelp",0xa48,0x0,Player-4755-01637B0A,"Pindle-Dreadmist",0x514,0x0,DODGE,nil
4/28 18:52:03.622  UNIT_DIED,0000000000000000,nil,0x80000000,0x80000000,Creature-0-4457-249-1045-11262-0000286D37,"Onyxian Whelp",0xa48,0x0
4/28 18:52:03.643  SPELL_AURA_REMOVED_DOSE,Player-4755-0220BD00,"Krikoff-Dreadmist",0x40514,0x0,Player-4755-0220BD00,"Krikoff-Dreadmist",0x40514,0x0,14204,"Enrage",0x1,BUFF,11
4/28 18:52:03.643  SPELL_AURA_REMOVED_DOSE,Player-4755-0220BD00,"Krikoff-Dreadmist",0x40514,0x0,Player-4755-0220BD00,"Krikoff-Dreadmist",0x40514,0x0,12970,"Flurry",0x1,BUFF,1
4/28 18:52:03.643  SPELL_AURA_REMOVED,Player-4755-01637B0A,"Pindle-Dreadmist",0x514,0x0,Player-4755-01637B0A,"Pindle-Dreadmist",0x514,0x0,10610,"Windfury Totem",0x8,BUFF
4/28 18:52:03.643  SPELL_AURA_REMOVED_DOSE,Player-4755-0178F416,"Eltorero-Dreadmist",0x514,0x0,Player-4755-0178F416,"Eltorero-Dreadmist",0x514,0x0,23888,"Bloodthirst",0x1,BUFF,3
4/28 18:52:03.643  SPELL_AURA_REMOVED_DOSE,Player-4755-0178F416,"Eltorero-Dreadmist",0x514,0x0,Player-4755-0178F416,"Eltorero-Dreadmist",0x514,0x0,12970,"Flurry",0x1,BUFF,2
4/28 18:52:03.643  SPELL_AURA_APPLIED_DOSE,Player-4755-0178F416,"Eltorero-Dreadmist",0x514,0x0,Player-4755-0178F416,"Eltorero-Dreadmist",0x514,0x0,12970,"Flurry",0x1,BUFF,3
4/28 18:52:03.643  SPELL_HEAL,Player-4755-0178F416,"Eltorero-Dreadmist",0x514,0x0,Player-4755-0178F416,"Eltorero-Dreadmist",0x514,0x0,23891,"Bloodthirst",0x1,Player-4755-0178F416,0000000000000000,91,100,0,0,0,-1,0,0,0,10.27,-216.70,0,1.7118,67,20,20,0,0,nil
4/28 18:52:03.643  SWING_DAMAGE_LANDED,Player-4755-01733879,"Hocwar-Dreadmist",0x40514,0x0,Creature-0-4457-249-1045-11262-0000A86D35,"Onyxian Whelp",0xa48,0x0,Creature-0-4457-249-1045-11262-0000A86D35,0000000000000000,53,100,0,0,0,-1,0,0,0,4.30,-177.53,0,3.2245,57,362,292,-1,1,0,0,0,1,nil,nil
4/28 18:52:03.643  SWING_DAMAGE_LANDED,Player-4755-01733879,"Hocwar-Dreadmist",0x40514,0x0,Creature-0-4457-249-1045-11262-0000A86D35,"Onyxian Whelp",0xa48,0x0,Creature-0-4457-249-1045-11262-0000A86D35,0000000000000000,47,100,0,0,0,-1,0,0,0,4.30,-177.53,0,3.2245,57,156,319,-1,1,0,0,0,nil,nil,nil
4/28 18:52:03.643  SPELL_DAMAGE,Player-4755-01A6B139,"Sakatan-Dreadmist",0x514,0x0,Creature-0-4457-249-1045-10184-000028665C,"Onyxia",0x10a48,0x0,11281,"Backstab",0x1,Creature-0-4457-249-1045-10184-000028665C,0000000000000000,19,100,0,0,0,-1,0,0,0,9.96,-202.99,0,0.2893,63,1082,600,-1,1,0,0,0,1,nil,nil
4/28 18:52:03.643  SWING_DAMAGE_LANDED,Player-4755-01AC9FD9,"Alexinho-Dreadmist",0x514,0x0,Creature-0-4457-249-1045-10184-000028665C,"Onyxia",0x10a48,0x0,Creature-0-4457-249-1045-10184-000028665C,0000000000000000,19,100,0,0,0,-1,0,0,0,9.96,-202.99,0,0.2893,63,135,171,-1,1,0,0,0,nil,nil,nil
4/28 18:52:03.643  SWING_DAMAGE_LANDED,Player-4755-01840577,"Raggèn-Dreadmist",0x514,0x0,Creature-0-4457-249-1045-10184-000028665C,"Onyxia",0x10a48,0x0,Creature-0-4457-249-1045-10184-000028665C,0000000000000000,19,100,0,0,0,-1,0,0,0,9.96,-202.99,0,0.2893,63,329,466,-1,1,0,0,0,nil,1,nil
4/28 18:52:03.643  SWING_DAMAGE_LANDED,Player-4755-01A6B139,"Sakatan-Dreadmist",0x514,0x0,Creature-0-4457-249-1045-10184-000028665C,"Onyxia",0x10a48,0x0,Creature-0-4457-249-1045-10184-000028665C,0000000000000000,19,100,0,0,0,-1,0,0,0,9.96,-202.99,0,0.2893,63,160,218,-1,1,0,0,0,nil,1,nil
4/28 18:52:03.643  SPELL_AURA_APPLIED,Player-4755-01F36B30,"Rectumqeef-Dreadmist",0x514,0x0,Creature-0-4457-249-1045-11262-0000286D36,"Onyxian Whelp",0xa48,0x0,11678,"Rain of Fire",0x4,DEBUFF
4/28 18:52:03.643  SPELL_AURA_APPLIED,Player-4755-01F36B30,"Rectumqeef-Dreadmist",0x514,0x0,Creature-0-4457-249-1045-11262-0000286D39,"Onyxian Whelp",0xa48,0x0,11678,"Rain of Fire",0x4,DEBUFF
4/28 18:52:03.643  SPELL_AURA_APPLIED,Player-4755-01F36B30,"Rectumqeef-Dreadmist",0x514,0x0,Creature-0-4457-249-1045-11262-0000A86D35,"Onyxian Whelp",0xa48,0x0,11678,"Rain of Fire",0x4,DEBUFF
4/28 18:52:03.643  SPELL_AURA_APPLIED,Player-4755-01F36B30,"Rectumqeef-Dreadmist",0x514,0x0,Creature-0-4457-249-1045-11262-0001286D35,"Onyxian Whelp",0xa48,0x0,11678,"Rain of Fire",0x4,DEBUFF
4/28 18:52:03.643  SWING_MISSED,Creature-0-4457-249-1045-11262-0000286D36,"Onyxian Whelp",0xa48,0x0,Player-4755-01637B0A,"Pindle-Dreadmist",0x514,0x0,DODGE,nil
4/28 18:52:03.664  SPELL_CAST_START,Player-4755-015FEBD5,"Sauvage-Dreadmist",0x514,0x0,0000000000000000,nil,0x80000000,0x80000000,10181,"Frostbolt",0x10
4/28 18:52:03.682  SPELL_PERIODIC_HEAL,Player-4755-0220BD00,"Krikoff-Dreadmist",0x40514,0x0,Player-4755-0220BD00,"Krikoff-Dreadmist",0x40514,0x0,24427,"Diamond Flask",0x8,Player-4755-0220BD00,0000000000000000,58,100,0,0,0,-1,0,0,0,25.64,-199.75,0,3.4126,68,9,9,0,0,nil
4/28 18:52:03.682  SPELL_AURA_REMOVED,Player-4755-01FA8DD8,"Roackerita-Dreadmist",0x514,0x0,Player-4755-01A6B139,"Sakatan-Dreadmist",0x514,0x0,15359,"Inspiration",0x2,BUFF
4/28 18:52:03.682  SPELL_CAST_START,Player-4755-016296D3,"Nivl-Dreadmist",0x514,0x0,0000000000000000,nil,0x80000000,0x80000000,1064,"Chain Heal",0x8
4/28 18:52:03.698  SPELL_CAST_START,Player-4755-01E83279,"Nlmasters-Dreadmist",0x514,0x8,0000000000000000,nil,0x80000000,0x80000000,20904,"Aimed Shot",0x1
4/28 18:52:03.761  SWING_DAMAGE,Creature-0-4457-249-1045-10184-000028665C,"Onyxia",0x10a48,0x0,Player-4755-0220BD00,"Krikoff-Dreadmist",0x40514,0x0,Creature-0-4457-249-1045-10184-000028665C,0000000000000000,19,100,0,0,0,-1,0,0,0,9.96,-202.99,0,0.2893,63,616,1585,-1,1,0,0,0,nil,nil,nil
4/28 18:52:03.776  SPELL_CAST_START,Player-4755-0178F576,"Atreas-Dreadmist",0x514,0x0,0000000000000000,nil,0x80000000,0x80000000,75,"Auto Shot",0x1
4/28 18:52:03.776  SPELL_PERIODIC_ENERGIZE,Creature-0-4457-249-1045-7416-0000286D2B,"Mana Spring Totem IV",0x2114,0x0,Player-4755-01840577,"Raggèn-Dreadmist",0x514,0x0,10494,"Mana Spring",0x8,Player-4755-01840577,0000000000000000,100,100,0,0,0,-1,0,0,0,13.56,-212.56,0,1.8683,67,10.0000,0.0000,0,3790
4/28 18:52:03.776  SPELL_AURA_APPLIED,Player-4755-0160BD13,"Mafkees-Dreadmist",0x514,0x0,Player-4755-0160BD13,"Mafkees-Dreadmist",0x514,0x0,29131,"Bloodrage",0x1,BUFF
4/28 18:52:03.776  SPELL_CAST_SUCCESS,Player-4755-0160BD13,"Mafkees-Dreadmist",0x514,0x0,0000000000000000,nil,0x80000000,0x80000000,2687,"Bloodrage",0x1,Player-4755-0160BD13,0000000000000000,100,100,0,0,0,-1,0,0,0,6.54,-212.55,0,1.6085,64
4/28 18:52:03.833  SPELL_HEAL,Player-4755-01FA8DD8,"Roackerita-Dreadmist",0x514,0x0,Player-4755-01FA8DD8,"Roackerita-Dreadmist",0x514,0x0,9474,"Flash Heal",0x2,Player-4755-01FA8DD8,0000000000000000,91,100,0,0,0,-1,0,0,0,19.33,-178.24,0,5.4424,69,818,818,0,0,nil
4/28 18:52:03.833  SPELL_CAST_SUCCESS,Player-4755-01FA8DD8,"Roackerita-Dreadmist",0x514,0x0,Player-4755-01FA8DD8,"Roackerita-Dreadmist",0x514,0x0,9474,"Flash Heal",0x2,Player-4755-01FA8DD8,0000000000000000,91,100,0,0,0,-1,0,0,0,19.33,-178.24,0,5.4424,69
4/28 18:52:03.851  SWING_MISSED,Pet-0-4457-249-1045-2850-01001956F9,"Kratos",0x1114,0x0,Creature-0-4457-249-1045-10184-000028665C,"Onyxia",0x10a48,0x0,PARRY,nil
4/28 18:52:03.869  SWING_DAMAGE,Player-4755-01A6B139,"Sakatan-Dreadmist",0x514,0x0,Creature-0-4457-249-1045-10184-000028665C,"Onyxia",0x10a48,0x0,Player-4755-01A6B139,0000000000000000,100,100,0,0,0,-1,0,0,0,2.83,-188.35,0,5.4631,69,116,161,-1,1,0,0,0,nil,1,nil
4/28 18:52:03.869  SPELL_CAST_START,Player-4755-020BD78D,"Lonehunter-Dreadmist",0x514,0x0,0000000000000000,nil,0x80000000,0x80000000,75,"Auto Shot",0x1
4/28 18:52:03.869  SWING_DAMAGE,Player-4755-01733879,"Hocwar-Dreadmist",0x40514,0x0,Creature-0-4457-249-1045-11262-0000A86D35,"Onyxian Whelp",0xa48,0x0,Player-4755-01733879,0000000000000000,90,100,0,0,0,-1,0,0,0,2.52,-179.61,0,0.7668,71,227,183,-1,1,0,0,0,1,nil,nil
4/28 18:52:03.929  SWING_DAMAGE,Player-4755-0220BD00,"Krikoff-Dreadmist",0x40514,0x0,Creature-0-4457-249-1045-10184-000028665C,"Onyxia",0x10a48,0x0,Player-4755-0220BD00,0000000000000000,58,100,0,0,0,-1,0,0,0,25.64,-199.75,0,3.4126,68,305,473,-1,1,0,0,0,nil,1,nil
4/28 18:52:03.961  SWING_DAMAGE,Player-4755-0160BD13,"Mafkees-Dreadmist",0x514,0x0,Creature-0-4457-249-1045-10184-000028665C,"Onyxia",0x10a48,0x0,Player-4755-0160BD13,0000000000000000,93,100,0,0,0,-1,0,0,0,6.54,-212.55,0,1.9266,64,397,577,-1,1,0,0,0,nil,1,nil
4/28 18:52:04.042  SPELL_AURA_REFRESH,Player-4755-0178F416,"Eltorero-Dreadmist",0x514,0x0,Creature-0-4457-249-1045-10184-000028665C,"Onyxia",0x10a48,0x0,12721,"Deep Wound",0x1,DEBUFF
4/28 18:52:04.042  SPELL_AURA_REMOVED_DOSE,Player-4755-01733879,"Hocwar-Dreadmist",0x40514,0x0,Player-4755-01733879,"Hocwar-Dreadmist",0x40514,0x0,10610,"Windfury Totem",0x8,BUFF,1
4/28 18:52:04.042  SPELL_AURA_APPLIED_DOSE,Player-4755-01733879,"Hocwar-Dreadmist",0x40514,0x0,Player-4755-01733879,"Hocwar-Dreadmist",0x40514,0x0,12970,"Flurry",0x1,BUFF,3
4/28 18:52:04.042  SPELL_AURA_REMOVED_DOSE,Player-4755-01733879,"Hocwar-Dreadmist",0x40514,0x0,Player-4755-01733879,"Hocwar-Dreadmist",0x40514,0x0,12970,"Flurry",0x1,BUFF,2
4/28 18:52:04.042  SPELL_AURA_REMOVED,Player-4755-01733879,"Hocwar-Dreadmist",0x40514,0x0,Player-4755-01733879,"Hocwar-Dreadmist",0x40514,0x0,10610,"Windfury Totem",0x8,BUFF
4/28 18:52:04.042  SWING_DAMAGE_LANDED,Creature-0-4457-249-1045-10184-000028665C,"Onyxia",0x10a48,0x0,Player-4755-0220BD00,"Krikoff-Dreadmist",0x40514,0x0,Player-4755-0220BD00,0000000000000000,49,100,0,0,0,-1,0,0,0,25.64,-199.75,0,3.4126,68,616,1585,-1,1,0,0,0,nil,nil,nil
4/28 18:52:04.042  SPELL_ENERGIZE,Player-4755-0160BD13,"Mafkees-Dreadmist",0x514,0x0,Player-4755-0160BD13,"Mafkees-Dreadmist",0x514,0x0,2687,"Bloodrage",0x1,Player-4755-0160BD13,0000000000000000,93,100,0,0,0,-1,0,0,0,6.54,-212.55,0,2.5981,64,10.0000,0.0000,1,1000
4/28 18:52:04.042  SWING_DAMAGE_LANDED,Player-4755-01A6B139,"Sakatan-Dreadmist",0x514,0x0,Creature-0-4457-249-1045-10184-000028665C,"Onyxia",0x10a48,0x0,Creature-0-4457-249-1045-10184-000028665C,0000000000000000,19,100,0,0,0,-1,0,0,0,9.96,-202.99,0,0.2893,63,116,161,-1,1,0,0,0,nil,1,nil
4/28 18:52:04.042  SWING_DAMAGE_LANDED,Player-4755-01733879,"Hocwar-Dreadmist",0x40514,0x0,Creature-0-4457-249-1045-11262-0000A86D35,"Onyxian Whelp",0xa48,0x0,Creature-0-4457-249-1045-11262-0000A86D35,0000000000000000,39,100,0,0,0,-1,0,0,0,1.18,-177.80,0,3.9501,57,227,183,-1,1,0,0,0,1,nil,nil
4/28 18:52:04.042  SWING_DAMAGE_LANDED,Player-4755-0220BD00,"Krikoff-Dreadmist",0x40514,0x0,Creature-0-4457-249-1045-10184-000028665C,"Onyxia",0x10a48,0x0,Creature-0-4457-249-1045-10184-000028665C,0000000000000000,19,100,0,0,0,-1,0,0,0,9.96,-202.99,0,0.2893,63,305,473,-1,1,0,0,0,nil,1,nil
4/28 18:52:04.042  SWING_DAMAGE_LANDED,Player-4755-0160BD13,"Mafkees-Dreadmist",0x514,0x0,Creature-0-4457-249-1045-10184-000028665C,"Onyxia",0x10a48,0x0,Creature-0-4457-249-1045-10184-000028665C,0000000000000000,19,100,0,0,0,-1,0,0,0,9.96,-202.99,0,0.2893,63,397,577,-1,1,0,0,0,nil,1,nil
4/28 18:52:04.079  SPELL_CAST_SUCCESS,Player-4755-01733879,"Hocwar-Dreadmist",0x40514,0x0,Creature-0-4457-249-1045-11262-0000A86D35,"Onyxian Whelp",0xa48,0x0,23881,"Bloodthirst",0x1,Player-4755-01733879,0000000000000000,90,100,0,0,0,-1,0,0,0,2.52,-179.61,0,0.7353,71
4/28 18:52:04.079  SPELL_AURA_APPLIED,Player-4755-01733879,"Hocwar-Dreadmist",0x40514,0x0,Player-4755-01733879,"Hocwar-Dreadmist",0x40514,0x0,10610,"Windfury Totem",0x8,BUFF
4/28 18:52:04.079  SPELL_EXTRA_ATTACKS,Player-4755-01733879,"Hocwar-Dreadmist",0x40514,0x0,Player-4755-01733879,"Hocwar-Dreadmist",0x40514,0x0,10610,"Windfury Totem",0x8,1
4/28 18:52:04.098  SPELL_PERIODIC_ENERGIZE,Player-4755-01BC57A3,"Saintis-Dreadmist",0x511,0x0,Player-4755-01BC57A3,"Saintis-Dreadmist",0x511,0x0,18194,"Mana Regeneration",0x1,Player-4755-01BC57A3,0000000000000000,100,100,0,0,0,-1,0,0,0,19.63,-219.65,0,1.9402,68,8.0000,0.0000,0,7212
4/28 18:52:04.115  SPELL_CAST_SUCCESS,Player-4755-0178F576,"Atreas-Dreadmist",0x514,0x0,Creature-0-4457-249-1045-10184-000028665C,"Onyxia",0x10a48,0x0,75,"Auto Shot",0x1,Player-4755-0178F576,0000000000000000,95,100,0,0,0,-1,0,0,0,0.87,-171.31,0,4.9918,66
4/28 18:52:04.147  SWING_DAMAGE,Creature-0-4457-249-1045-11262-0000A86D35,"Onyxian Whelp",0xa48,0x0,Player-4755-01802FE5,"Angrybat-Dreadmist",0x514,0x0,Creature-0-4457-249-1045-11262-0000A86D35,0000000000000000,39,100,0,0,0,-1,0,0,0,1.03,-177.95,0,3.5787,57,276,311,-1,1,0,0,0,nil,nil,nil
4/28 18:52:04.179  SPELL_DAMAGE,Player-4755-015FEBD5,"Sauvage-Dreadmist",0x514,0x0,Creature-0-4457-249-1045-10184-000028665C,"Onyxia",0x10a48,0x0,10181,"Frostbolt",0x10,Creature-0-4457-249-1045-10184-000028665C,0000000000000000,19,100,0,0,0,-1,0,0,0,9.96,-202.99,0,0.2893,63,899,817,-1,16,0,0,0,nil,nil,nil
4/28 18:52:04.198  SPELL_AURA_REMOVED,Player-4755-0160BD13,"Mafkees-Dreadmist",0x514,0x0,Player-4755-0160BD13,"Mafkees-Dreadmist",0x514,0x0,20007,"Holy Strength",0x2,BUFF
4/28 18:52:04.198  SPELL_CAST_SUCCESS,Player-4755-01840577,"Raggèn-Dreadmist",0x514,0x0,Creature-0-4457-249-1045-10184-000028665C,"Onyxia",0x10a48,0x0,10473,"Frost Shock",0x10,Player-4755-01840577,0000000000000000,100,100,0,0,0,-1,0,0,0,13.56,-212.56,0,1.8683,67
4/28 18:52:04.215  SWING_DAMAGE,Pet-0-4457-249-1045-7432-01002D8BC6,"Cat",0x1114,0x0,Creature-0-4457-249-1045-10184-000028665C,"Onyxia",0x10a48,0x0,Pet-0-4457-249-1045-7432-01002D8BC6,Player-4755-01E83279,5,100,0,0,0,-1,0,0,0,-13.33,-193.99,0,5.9144,71,82,141,-1,1,0,0,0,nil,1,nil
4/28 18:52:04.232  SWING_DAMAGE,Player-4755-01F21AE6,"Blahu-Dreadmist",0x40514,0x0,Creature-0-4457-249-1045-10184-000028665C,"Onyxia",0x10a48,0x0,Player-4755-01F21AE6,0000000000000000,100,100,0,0,0,-1,0,0,0,14.94,-208.55,0,1.7426,70,180,335,-1,1,0,0,0,nil,1,nil
4/28 18:52:04.278  SPELL_CAST_SUCCESS,Player-4755-01614AC7,"Mirrimazduur-Dreadmist",0x512,0x0,Creature-0-4457-249-1045-10184-000028665C,"Onyxia",0x10a48,0x0,11661,"Shadow Bolt",0x20,Player-4755-01614AC7,0000000000000000,100,100,0,0,0,-1,0,0,0,7.69,-173.03,0,4.6600,68
4/28 18:52:04.278  SPELL_CAST_START,Player-4755-01614AC7,"Mirrimazduur-Dreadmist",0x512,0x0,0000000000000000,nil,0x80000000,0x80000000,11661,"Shadow Bolt",0x20
4/28 18:52:04.278  SPELL_CAST_SUCCESS,Player-4755-0163DD9D,"Kaspais-Dreadmist",0x514,0x0,0000000000000000,nil,0x80000000,0x80000000,10161,"Cone of Cold",0x10,Player-4755-0163DD9D,0000000000000000,100,100,0,0,0,-1,0,0,0,11.56,-177.53,0,3.0747,66
4/28 18:52:04.300  SPELL_AURA_REMOVED,Player-4755-0163DD9D,"Kaspais-Dreadmist",0x514,0x0,Player-4755-0163DD9D,"Kaspais-Dreadmist",0x514,0x0,12536,"Clearcasting",0x40,BUFF
4/28 18:52:04.300  SPELL_CAST_SUCCESS,Player-4755-020BD78D,"Lonehunter-Dreadmist",0x514,0x0,Creature-0-4457-249-1045-10184-000028665C,"Onyxia",0x10a48,0x0,75,"Auto Shot",0x1,Player-4755-020BD78D,0000000000000000,99,100,0,0,0,-1,0,0,0,4.98,-250.25,0,1.4658,70
4/28 18:52:04.363  RANGE_DAMAGE,Player-4755-01E83279,"Nlmasters-Dreadmist",0x514,0x8,Creature-0-4457-249-1045-10184-000028665C,"Onyxia",0x10a48,0x0,75,"Auto Shot",0x1,Creature-0-4457-249-1045-10184-000028665C,0000000000000000,19,100,0,0,0,-1,0,0,0,9.96,-202.99,0,0.2893,63,715,404,-1,1,0,0,0,1,nil,nil
4/28 18:52:04.432  SWING_MISSED,Creature-0-4457-249-1045-11262-0000286D39,"Onyxian Whelp",0xa48,0x0,Player-4755-0178F576,"Atreas-Dreadmist",0x514,0x0,DODGE,nil
4/28 18:52:04.450  SPELL_ENERGIZE,Player-4755-01733879,"Hocwar-Dreadmist",0x40514,0x0,Player-4755-01733879,"Hocwar-Dreadmist",0x40514,0x0,12964,"Unbridled Wrath",0x1,Player-4755-01733879,0000000000000000,90,100,0,0,0,-1,0,0,0,2.52,-179.61,0,0.6175,71,1.0000,0.0000,1,1000
4/28 18:52:04.450  DAMAGE_SHIELD_MISSED,Player-4755-0220BD00,"Krikoff-Dreadmist",0x40514,0x0,Creature-0-4457-249-1045-10184-000028665C,"Onyxia",0x10a48,0x0,11771,"Fire Shield",0x4,IMMUNE,nil
4/28 18:52:04.450  SPELL_AURA_REMOVED_DOSE,Player-4755-01733879,"Hocwar-Dreadmist",0x40514,0x0,Player-4755-01733879,"Hocwar-Dreadmist",0x40514,0x0,10610,"Windfury Totem",0x8,BUFF,1
4/28 18:52:04.450  SPELL_AURA_REMOVED_DOSE,Player-4755-01733879,"Hocwar-Dreadmist",0x40514,0x0,Player-4755-01733879,"Hocwar-Dreadmist",0x40514,0x0,12970,"Flurry",0x1,BUFF,1
4/28 18:52:04.450  SPELL_AURA_APPLIED_DOSE,Player-4755-01733879,"Hocwar-Dreadmist",0x40514,0x0,Player-4755-01733879,"Hocwar-Dreadmist",0x40514,0x0,12970,"Flurry",0x1,BUFF,3
4/28 18:52:04.450  SPELL_AURA_REMOVED_DOSE,Player-4755-0220BD00,"Krikoff-Dreadmist",0x40514,0x0,Player-4755-0220BD00,"Krikoff-Dreadmist",0x40514,0x0,14204,"Enrage",0x1,BUFF,10
4/28 18:52:04.450  SPELL_AURA_REMOVED,Player-4755-0220BD00,"Krikoff-Dreadmist",0x40514,0x0,Player-4755-0220BD00,"Krikoff-Dreadmist",0x40514,0x0,12970,"Flurry",0x1,BUFF
4/28 18:52:04.450  SPELL_AURA_REMOVED_DOSE,Player-4755-0160BD13,"Mafkees-Dreadmist",0x514,0x0,Player-4755-0160BD13,"Mafkees-Dreadmist",0x514,0x0,23888,"Bloodthirst",0x1,BUFF,3
4/28 18:52:04.450  SPELL_HEAL,Player-4755-0160BD13,"Mafkees-Dreadmist",0x514,0x0,Player-4755-0160BD13,"Mafkees-Dreadmist",0x514,0x0,23891,"Bloodthirst",0x1,Player-4755-0160BD13,0000000000000000,93,100,0,0,0,-1,0,0,0,4.40,-213.57,0,2.2093,64,20,20,0,0,nil
4/28 18:52:04.450  SPELL_DAMAGE,Player-4755-01733879,"Hocwar-Dreadmist",0x40514,0x0,Creature-0-4457-249-1045-11262-0000A86D35,"Onyxian Whelp",0xa48,0x0,23881,"Bloodthirst",0x1,Creature-0-4457-249-1045-11262-0000A86D35,0000000000000000,18,100,0,0,0,-1,0,0,0,0.91,-177.93,0,2.9659,57,571,462,-1,1,0,0,0,1,nil,nil
4/28 18:52:04.450  SPELL_AURA_APPLIED,Player-4755-01733879,"Hocwar-Dreadmist",0x40514,0x0,Player-4755-01733879,"Hocwar-Dreadmist",0x40514,0x0,23885,"Bloodthirst",0x1,BUFF
4/28 18:52:04.450  SWING_DAMAGE_LANDED,Creature-0-4457-249-1045-11262-0000A86D35,"Onyxian Whelp",0xa48,0x0,Player-4755-01802FE5,"Angrybat-Dreadmist",0x514,0x0,Player-4755-01802FE5,0000000000000000,56,100,0,0,0,-1,0,0,0,-2.14,-178.94,0,5.9318,66,276,311,-1,1,0,0,0,nil,nil,nil
4/28 18:52:04.450  SPELL_AURA_APPLIED,Player-4755-015FEBD5,"Sauvage-Dreadmist",0x514,0x0,Player-4755-015FEBD5,"Sauvage-Dreadmist",0x514,0x0,12536,"Clearcasting",0x40,BUFF
4/28 18:52:04.450  SPELL_DAMAGE,Player-4755-01840577,"Raggèn-Dreadmist",0x514,0x0,Creature-0-4457-249-1045-10184-000028665C,"Onyxia",0x10a48,0x0,10473,"Frost Shock",0x10,Creature-0-4457-249-1045-10184-000028665C,0000000000000000,19,100,0,0,0,-1,0,0,0,9.96,-202.99,0,0.2893,63,582,529,-1,16,0,0,0,nil,nil,nil
4/28 18:52:04.450  SWING_DAMAGE_LANDED,Pet-0-4457-249-1045-7432-01002D8BC6,"Cat",0x1114,0x0,Creature-0-4457-249-1045-10184-000028665C,"Onyxia",0x10a48,0x0,Creature-0-4457-249-1045-10184-000028665C,0000000000000000,19,100,0,0,0,-1,0,0,0,9.96,-202.99,0,0.2893,63,82,141,-1,1,0,0,0,nil,1,nil
4/28 18:52:04.450  SWING_DAMAGE_LANDED,Player-4755-01F21AE6,"Blahu-Dreadmist",0x40514,0x0,Creature-0-4457-249-1045-10184-000028665C,"Onyxia",0x10a48,0x0,Creature-0-4457-249-1045-10184-000028665C,0000000000000000,19,100,0,0,0,-1,0,0,0,9.96,-202.99,0,0.2893,63,180,335,-1,1,0,0,0,nil,1,nil
4/28 18:52:04.450  SPELL_AURA_APPLIED,Player-4755-0163DD9D,"Kaspais-Dreadmist",0x514,0x0,Creature-0-4457-249-1045-11262-0000286D36,"Onyxian Whelp",0xa48,0x0,10161,"Cone of Cold",0x10,DEBUFF
4/28 18:52:04.450  SPELL_AURA_APPLIED,Player-4755-0163DD9D,"Kaspais-Dreadmist",0x514,0x0,Creature-0-4457-249-1045-11262-0000286D39,"Onyxian Whelp",0xa48,0x0,10161,"Cone of Cold",0x10,DEBUFF
4/28 18:52:04.450  SPELL_AURA_APPLIED,Player-4755-0163DD9D,"Kaspais-Dreadmist",0x514,0x0,Creature-0-4457-249-1045-11262-0000A86D35,"Onyxian Whelp",0xa48,0x0,10161,"Cone of Cold",0x10,DEBUFF
4/28 18:52:04.450  SPELL_AURA_APPLIED,Player-4755-0163DD9D,"Kaspais-Dreadmist",0x514,0x0,Creature-0-4457-249-1045-11262-0001286D35,"Onyxian Whelp",0xa48,0x0,10161,"Cone of Cold",0x10,DEBUFF
4/28 18:52:04.450  SPELL_DAMAGE,Player-4755-0163DD9D,"Kaspais-Dreadmist",0x514,0x0,Creature-0-4457-249-1045-11262-0001286D35,"Onyxian Whelp",0xa48,0x0,10161,"Cone of Cold",0x10,Creature-0-4457-249-1045-11262-0001286D35,0000000000000000,20,100,0,0,0,-1,0,0,0,4.51,-177.53,0,0.2697,56,448,448,-1,16,0,0,0,nil,nil,nil
4/28 18:52:04.450  SPELL_DAMAGE,Player-4755-0163DD9D,"Kaspais-Dreadmist",0x514,0x0,Creature-0-4457-249-1045-11262-0000A86D35,"Onyxian Whelp",0xa48,0x0,10161,"Cone of Cold",0x10,Creature-0-4457-249-1045-11262-0000A86D35,0000000000000000,2,100,0,0,0,-1,0,0,0,0.91,-177.93,0,2.9659,57,458,457,-1,16,0,0,0,nil,nil,nil
4/28 18:52:04.450  SPELL_AURA_REMOVED,Player-4755-0163DD9D,"Kaspais-Dreadmist",0x514,0x0,Creature-0-4457-249-1045-11262-0000286D39,"Onyxian Whelp",0xa48,0x0,122,"Frost Nova",0x10,DEBUFF
4/28 18:52:04.450  SPELL_DAMAGE,Player-4755-0163DD9D,"Kaspais-Dreadmist",0x514,0x0,Creature-0-4457-249-1045-11262-0000286D39,"Onyxian Whelp",0xa48,0x0,10161,"Cone of Cold",0x10,Creature-0-4457-249-1045-11262-0000286D39,0000000000000000,13,100,0,0,0,-1,0,0,0,2.55,-174.35,0,2.0748,57,854,426,-1,16,0,0,0,1,nil,nil
4/28 18:52:04.450  SPELL_DAMAGE,Player-4755-0163DD9D,"Kaspais-Dreadmist",0x514,0x0,Creature-0-4457-249-1045-11262-0000286D36,"Onyxian Whelp",0xa48,0x0,10161,"Cone of Cold",0x10,Creature-0-4457-249-1045-11262-0000286D36,0000000000000000,40,100,0,0,0,-1,0,0,0,3.96,-177.38,0,5.6437,56,437,437,-1,16,0,0,0,nil,nil,nil
4/28 18:52:04.531  SPELL_CAST_SUCCESS,Player-4755-01802FE5,"Angrybat-Dreadmist",0x514,0x0,0000000000000000,nil,0x80000000,0x80000000,10202,"Arcane Explosion",0x40,Player-4755-01802FE5,0000000000000000,56,100,0,0,0,-1,0,0,0,-2.47,-178.82,0,5.9318,66
4/28 18:52:04.547  SPELL_AURA_REMOVED,Player-4755-01733879,"Hocwar-Dreadmist",0x40514,0x0,Player-4755-01733879,"Hocwar-Dreadmist",0x40514,0x0,23885,"Bloodthirst",0x1,BUFF
4/28 18:52:04.547  SPELL_CAST_SUCCESS,Player-4755-0178F576,"Atreas-Dreadmist",0x514,0x0,0000000000000000,nil,0x80000000,0x80000000,17531,"Restore Mana",0x1,Player-4755-0178F576,0000000000000000,95,100,0,0,0,-1,0,0,0,0.87,-171.31,0,4.9918,66
4/28 18:52:04.649  SWING_DAMAGE,Player-4755-01AC9FD9,"Alexinho-Dreadmist",0x514,0x0,Creature-0-4457-249-1045-10184-000028665C,"Onyxia",0x10a48,0x0,Player-4755-01AC9FD9,0000000000000000,86,100,0,0,0,-1,0,0,0,6.17,-191.70,0,5.1167,66,302,382,-1,1,0,0,0,nil,nil,nil
4/28 18:52:04.665  SPELL_CAST_SUCCESS,Player-4755-01733879,"Hocwar-Dreadmist",0x40514,0x0,Creature-0-4457-249-1045-11262-0000A86D35,"Onyxian Whelp",0xa48,0x0,20569,"Cleave",0x1,Player-4755-01733879,0000000000000000,90,100,0,0,0,-1,0,0,0,2.52,-179.61,0,1.8977,71
4/28 18:52:04.665  SPELL_AURA_REMOVED_DOSE,Player-4755-01733879,"Hocwar-Dreadmist",0x40514,0x0,Player-4755-01733879,"Hocwar-Dreadmist",0x40514,0x0,12970,"Flurry",0x1,BUFF,2
4/28 18:52:04.665  SPELL_AURA_REMOVED,Player-4755-01733879,"Hocwar-Dreadmist",0x40514,0x0,Player-4755-01733879,"Hocwar-Dreadmist",0x40514,0x0,10610,"Windfury Totem",0x8,BUFF
4/28 18:52:04.665  SWING_MISSED,Player-4755-01733879,"Hocwar-Dreadmist",0x40514,0x0,Creature-0-4457-249-1045-11262-0000A86D35,"Onyxian Whelp",0xa48,0x0,DODGE,nil
4/28 18:52:04.729  SWING_DAMAGE,Player-4755-01F21AE6,"Blahu-Dreadmist",0x40514,0x0,Creature-0-4457-249-1045-10184-000028665C,"Onyxia",0x10a48,0x0,Player-4755-01F21AE6,0000000000000000,100,100,0,0,0,-1,0,0,0,14.94,-208.55,0,1.7426,70,51,122,-1,1,0,46,0,nil,nil,nil
4/28 18:52:04.777  SPELL_PERIODIC_ENERGIZE,Player-4755-0160BD13,"Mafkees-Dreadmist",0x514,0x0,Player-4755-0160BD13,"Mafkees-Dreadmist",0x514,0x0,29131,"Bloodrage",0x1,Player-4755-0160BD13,0000000000000000,93,100,0,0,0,-1,0,0,0,2.04,-213.11,0,1.4671,64,1.0000,0.0000,1,1000
4/28 18:52:04.828  SWING_DAMAGE,Player-4755-01AC9FD9,"Alexinho-Dreadmist",0x514,0x0,Creature-0-4457-249-1045-10184-000028665C,"Onyxia",0x10a48,0x0,Player-4755-01AC9FD9,0000000000000000,86,100,0,0,0,-1,0,0,0,6.17,-191.70,0,5.1167,66,104,162,-1,1,0,0,0,nil,1,nil
4/28 18:52:04.867  SPELL_ENERGIZE,Player-4755-01733879,"Hocwar-Dreadmist",0x40514,0x0,Player-4755-01733879,"Hocwar-Dreadmist",0x40514,0x0,12964,"Unbridled Wrath",0x1,Player-4755-01733879,0000000000000000,90,100,0,0,0,-1,0,0,0,2.52,-179.61,0,1.9331,71,1.0000,0.0000,1,1000
4/28 18:52:04.867  SPELL_AURA_APPLIED_DOSE,Player-4755-01733879,"Hocwar-Dreadmist",0x40514,0x0,Player-4755-01733879,"Hocwar-Dreadmist",0x40514,0x0,12970,"Flurry",0x1,BUFF,3
4/28 18:52:04.867  SPELL_DAMAGE,Player-4755-01802FE5,"Angrybat-Dreadmist",0x514,0x0,Creature-0-4457-249-1045-11262-0001286D35,"Onyxian Whelp",0xa48,0x0,10202,"Arcane Explosion",0x40,Creature-0-4457-249-1045-11262-0001286D35,0000000000000000,9,100,0,0,0,-1,0,0,0,4.51,-177.53,0,0.2697,56,318,317,-1,64,0,0,0,nil,nil,nil
4/28 18:52:04.867  SPELL_AURA_REMOVED,Player-4755-01F36B30,"Rectumqeef-Dreadmist",0x514,0x0,Creature-0-4457-249-1045-11262-0000A86D35,"Onyxian Whelp",0xa48,0x0,11678,"Rain of Fire",0x4,DEBUFF
4/28 18:52:04.867  SPELL_AURA_REMOVED,Player-4755-01802FE5,"Angrybat-Dreadmist",0x514,0x0,Creature-0-4457-249-1045-11262-0000A86D35,"Onyxian Whelp",0xa48,0x0,12579,"Winter's Chill",0x10,DEBUFF
4/28 18:52:04.867  SPELL_AURA_REMOVED,Player-4755-01733879,"Hocwar-Dreadmist",0x40514,0x0,Creature-0-4457-249-1045-11262-0000A86D35,"Onyxian Whelp",0xa48,0x0,11556,"Demoralizing Shout",0x1,DEBUFF
4/28 18:52:04.867  SPELL_AURA_REMOVED,Player-4755-0163DD9D,"Kaspais-Dreadmist",0x514,0x0,Creature-0-4457-249-1045-11262-0000A86D35,"Onyxian Whelp",0xa48,0x0,10161,"Cone of Cold",0x10,DEBUFF
4/28 18:52:04.867  SPELL_DAMAGE,Player-4755-01802FE5,"Angrybat-Dreadmist",0x514,0x0,Creature-0-4457-249-1045-11262-0000A86D35,"Onyxian Whelp",0xa48,0x0,10202,"Arcane Explosion",0x40,Creature-0-4457-249-1045-11262-0000A86D35,0000000000000000,0,100,0,0,0,-1,0,0,0,-0.73,-177.64,0,5.7199,57,311,310,255,64,0,0,0,nil,nil,nil
4/28 18:52:04.867  SPELL_DAMAGE,Player-4755-01802FE5,"Angrybat-Dreadmist",0x514,0x0,Creature-0-4457-249-1045-11262-0000286D39,"Onyxian Whelp",0xa48,0x0,10202,"Arcane Explosion",0x40,Creature-0-4457-249-1045-11262-0000286D39,0000000000000000,2,100,0,0,0,-1,0,0,0,2.60,-174.36,0,5.9993,57,310,310,-1,64,0,0,0,nil,nil,nil
4/28 18:52:04.867  SPELL_AURA_REMOVED,Player-4755-0163DD9D,"Kaspais-Dreadmist",0x514,0x0,Creature-0-4457-249-1045-11262-0000286D36,"Onyxian Whelp",0xa48,0x0,122,"Frost Nova",0x10,DEBUFF
4/28 18:52:04.867  SPELL_DAMAGE,Player-4755-01802FE5,"Angrybat-Dreadmist",0x514,0x0,Creature-0-4457-249-1045-11262-0000286D36,"Onyxian Whelp",0xa48,0x0,10202,"Arcane Explosion",0x40,Creature-0-4457-249-1045-11262-0000286D36,0000000000000000,23,100,0,0,0,-1,0,0,0,3.96,-177.38,0,4.3401,56,478,318,-1,64,0,0,0,1,nil,nil
4/28 18:52:04.867  SPELL_DAMAGE,Player-4755-01802FE5,"Angrybat-Dreadmist",0x514,0x0,Creature-0-4457-249-1045-10184-000028665C,"Onyxia",0x10a48,0x0,10202,"Arcane Explosion",0x40,Creature-0-4457-249-1045-10184-000028665C,0000000000000000,19,100,0,0,0,-1,0,0,0,9.96,-202.99,0,0.2893,63,339,307,-1,64,0,0,0,nil,nil,nil
4/28 18:52:04.867  SPELL_ENERGIZE,Player-4755-0178F576,"Atreas-Dreadmist",0x514,0x0,Player-4755-0178F576,"Atreas-Dreadmist",0x514,0x0,17531,"Restore Mana",0x1,Player-4755-0178F576,0000000000000000,95,100,0,0,0,-1,0,0,0,0.87,-171.31,0,4.9918,66,1970.0000,0.0000,0,3765
4/28 18:52:04.867  SWING_DAMAGE_LANDED,Player-4755-01AC9FD9,"Alexinho-Dreadmist",0x514,0x0,Creature-0-4457-249-1045-10184-000028665C,"Onyxia",0x10a48,0x0,Creature-0-4457-249-1045-10184-000028665C,0000000000000000,19,100,0,0,0,-1,0,0,0,9.96,-202.99,0,0.2893,63,302,382,-1,1,0,0,0,nil,nil,nil
4/28 18:52:04.867  SPELL_DAMAGE,Player-4755-01733879,"Hocwar-Dreadmist",0x40514,0x0,Creature-0-4457-249-1045-11262-0000286D36,"Onyxian Whelp",0xa48,0x0,20569,"Cleave",0x1,Creature-0-4457-249-1045-11262-0000286D36,0000000000000000,16,100,0,0,0,-1,0,0,0,3.96,-177.38,0,4.3401,56,187,364,-1,1,0,40,0,nil,nil,nil
4/28 18:52:04.867  SWING_DAMAGE_LANDED,Player-4755-01F21AE6,"Blahu-Dreadmist",0x40514,0x0,Creature-0-4457-249-1045-10184-000028665C,"Onyxia",0x10a48,0x0,Creature-0-4457-249-1045-10184-000028665C,0000000000000000,19,100,0,0,0,-1,0,0,0,9.96,-202.99,0,0.2893,63,51,122,-1,1,0,0,0,nil,nil,nil
4/28 18:52:04.867  SWING_DAMAGE_LANDED,Player-4755-01AC9FD9,"Alexinho-Dreadmist",0x514,0x0,Creature-0-4457-249-1045-10184-000028665C,"Onyxia",0x10a48,0x0,Creature-0-4457-249-1045-10184-000028665C,0000000000000000,19,100,0,0,0,-1,0,0,0,9.96,-202.99,0,0.2893,63,104,162,-1,1,0,0,0,nil,1,nil
4/28 18:52:04.867  SWING_DAMAGE,Pet-0-4457-249-1045-2850-01001956F9,"Kratos",0x1114,0x0,Creature-0-4457-249-1045-10184-000028665C,"Onyxia",0x10a48,0x0,Pet-0-4457-249-1045-2850-01001956F9,Player-4755-0178F576,32,100,0,0,0,-1,0,0,0,8.87,-177.97,0,4.7559,66,121,76,-1,1,0,0,0,1,nil,nil
4/28 18:52:04.936  SWING_MISSED,Player-4755-01637B0A,"Pindle-Dreadmist",0x514,0x0,Creature-0-4457-249-1045-11262-0000286D36,"Onyxian Whelp",0xa48,0x0,MISS,nil
4/28 18:52:04.954  RANGE_DAMAGE,Player-4755-0178F576,"Atreas-Dreadmist",0x514,0x0,Creature-0-4457-249-1045-10184-000028665C,"Onyxia",0x10a48,0x0,75,"Auto Shot",0x1,Creature-0-4457-249-1045-10184-000028665C,0000000000000000,19,100,0,0,0,-1,0,0,0,9.96,-202.99,0,0.2893,63,355,450,-1,1,0,0,0,nil,nil,nil
4/28 18:52:04.954  SPELL_CAST_SUCCESS,Player-4755-01804B95,"Moymoy-Dreadmist",0x514,0x0,Player-4755-01802FE5,"Angrybat-Dreadmist",0x514,0x0,1064,"Chain Heal",0x8,Player-4755-01804B95,0000000000000000,93,100,0,0,0,-1,0,0,0,12.50,-178.35,0,4.9266,66
4/28 18:52:04.954  SPELL_CAST_START,Player-4755-01804B95,"Moymoy-Dreadmist",0x514,0x0,0000000000000000,nil,0x80000000,0x80000000,10396,"Healing Wave",0x8
4/28 18:52:05.088  SWING_DAMAGE,Creature-0-4457-249-1045-10184-000028665C,"Onyxia",0x10a48,0x0,Player-4755-0220BD00,"Krikoff-Dreadmist",0x40514,0x0,Creature-0-4457-249-1045-10184-000028665C,0000000000000000,19,100,0,0,0,-1,0,0,0,9.96,-202.99,0,0.2893,63,501,1289,-1,1,0,0,0,nil,nil,nil
4/28 18:52:05.105  SPELL_CAST_SUCCESS,Player-4755-0210153A,"Hapuseneb-Dreadmist",0x514,0x0,Player-4755-015FEBD5,"Sauvage-Dreadmist",0x514,0x0,2053,"Lesser Heal",0x2,Player-4755-0210153A,0000000000000000,100,100,0,0,0,-1,0,0,0,6.28,-238.83,0,1.6179,66
4/28 18:52:05.121  SWING_MISSED,Player-4755-0220BD00,"Krikoff-Dreadmist",0x40514,0x0,Creature-0-4457-249-1045-10184-000028665C,"Onyxia",0x10a48,0x0,PARRY,1
4/28 18:52:05.140  SPELL_PERIODIC_DAMAGE,Player-4755-01614AC7,"Mirrimazduur-Dreadmist",0x512,0x0,Creature-0-4457-249-1045-10184-000028665C,"Onyxia",0x10a48,0x0,11672,"Corruption",0x20,Creature-0-4457-249-1045-10184-000028665C,0000000000000000,19,100,0,0,0,-1,0,0,0,9.96,-202.99,0,0.2893,63,208,188,-1,32,0,0,0,nil,nil,nil
4/28 18:52:05.239  SPELL_CAST_START,Creature-0-4457-249-1045-10184-000028665C,"Onyxia",0x10a48,0x0,0000000000000000,nil,0x80000000,0x80000000,18435,"Flame Breath",0x4
4/28 18:52:05.239  UNIT_DIED,0000000000000000,nil,0x80000000,0x80000000,Creature-0-4457-249-1045-11262-0000A86D35,"Onyxian Whelp",0xa48,0x0
4/28 18:52:05.258  SPELL_AURA_APPLIED,Player-4755-01802FE5,"Angrybat-Dreadmist",0x514,0x0,Player-4755-01802FE5,"Angrybat-Dreadmist",0x514,0x0,12536,"Clearcasting",0x40,BUFF
4/28 18:52:05.258  SPELL_AURA_REMOVED_DOSE,Player-4755-01733879,"Hocwar-Dreadmist",0x40514,0x0,Player-4755-01733879,"Hocwar-Dreadmist",0x40514,0x0,12970,"Flurry",0x1,BUFF,2
4/28 18:52:05.258  SWING_DAMAGE_LANDED,Pet-0-4457-249-1045-2850-01001956F9,"Kratos",0x1114,0x0,Creature-0-4457-249-1045-10184-000028665C,"Onyxia",0x10a48,0x0,Creature-0-4457-249-1045-10184-000028665C,0000000000000000,19,100,0,0,0,-1,0,0,0,9.96,-202.99,0,0.2039,63,121,76,-1,1,0,0,0,1,nil,nil
4/28 18:52:05.258  SPELL_HEAL,Player-4755-01804B95,"Moymoy-Dreadmist",0x514,0x0,Player-4755-0178F576,"Atreas-Dreadmist",0x514,0x0,1064,"Chain Heal",0x8,Player-4755-0178F576,0000000000000000,99,100,0,0,0,-1,0,0,0,0.87,-171.31,0,4.9918,66,181,181,0,0,nil
4/28 18:52:05.258  SPELL_HEAL,Player-4755-01804B95,"Moymoy-Dreadmist",0x514,0x0,Player-4755-01733879,"Hocwar-Dreadmist",0x40514,0x0,1064,"Chain Heal",0x8,Player-4755-01733879,0000000000000000,96,100,0,0,0,-1,0,0,0,0.78,-180.64,0,1.9331,71,367,367,0,0,nil
4/28 18:52:05.258  SPELL_HEAL,Player-4755-01804B95,"Moymoy-Dreadmist",0x514,0x0,Player-4755-01802FE5,"Angrybat-Dreadmist",0x514,0x0,1064,"Chain Heal",0x8,Player-4755-01802FE5,0000000000000000,79,100,0,0,0,-1,0,0,0,-3.92,-176.20,0,5.9318,66,765,765,0,0,nil
4/28 18:52:05.258  SWING_DAMAGE_LANDED,Creature-0-4457-249-1045-10184-000028665C,"Onyxia",0x10a48,0x0,Player-4755-0220BD00,"Krikoff-Dreadmist",0x40514,0x0,Player-4755-0220BD00,0000000000000000,41,100,0,0,0,-1,0,0,0,25.64,-199.75,0,3.4126,68,501,1289,-1,1,0,0,0,nil,nil,nil
4/28 18:52:05.258  SPELL_HEAL,Player-4755-0210153A,"Hapuseneb-Dreadmist",0x514,0x0,Player-4755-015FEBD5,"Sauvage-Dreadmist",0x514,0x0,2053,"Lesser Heal",0x2,Player-4755-015FEBD5,0000000000000000,100,100,0,0,0,-1,0,0,0,-8.33,-235.99,0,1.0343,64,412,412,253,0,nil
4/28 18:52:05.258  SPELL_CAST_START,Player-4755-0210153A,"Hapuseneb-Dreadmist",0x514,0x0,0000000000000000,nil,0x80000000,0x80000000,2053,"Lesser Heal",0x2
4/28 18:52:05.299  SPELL_AURA_REMOVED,Player-4755-01804B95,"Moymoy-Dreadmist",0x514,0x0,Player-4755-01617EEE,"Fenix-Dreadmist",0x512,0x0,16237,"Ancestral Fortitude",0x2,BUFF
4/28 18:52:05.315  SWING_DAMAGE,Player-4755-01A6B139,"Sakatan-Dreadmist",0x514,0x0,Creature-0-4457-249-1045-10184-000028665C,"Onyxia",0x10a48,0x0,Player-4755-01A6B139,0000000000000000,100,100,0,0,0,-1,0,0,0,2.83,-188.35,0,5.4631,69,172,220,-1,1,0,0,0,nil,1,nil
4/28 18:52:05.373  SWING_DAMAGE,Pet-0-4457-249-1045-7432-01002D8BC6,"Cat",0x1114,0x0,Creature-0-4457-249-1045-10184-000028665C,"Onyxia",0x10a48,0x0,Pet-0-4457-249-1045-7432-01002D8BC6,Player-4755-01E83279,5,100,0,0,0,-1,0,0,0,-13.33,-193.99,0,5.9144,71,109,137,-1,1,0,0,0,nil,nil,nil
4/28 18:52:05.472  SWING_DAMAGE,Player-4755-01637B0A,"Pindle-Dreadmist",0x514,0x0,Creature-0-4457-249-1045-11262-0000286D36,"Onyxian Whelp",0xa48,0x0,Player-4755-01637B0A,0000000000000000,100,100,0,0,0,-1,0,0,0,2.74,-178.65,0,0.1094,65,132,104,-1,1,0,0,0,1,nil,nil
4/28 18:52:05.490  RANGE_DAMAGE,Player-4755-020BD78D,"Lonehunter-Dreadmist",0x514,0x0,Creature-0-4457-249-1045-10184-000028665C,"Onyxia",0x10a48,0x0,75,"Auto Shot",0x1,Creature-0-4457-249-1045-10184-000028665C,0000000000000000,19,100,0,0,0,-1,0,0,0,9.96,-202.99,0,0.2039,63,397,502,-1,1,0,0,0,nil,nil,nil
4/28 18:52:05.633  SPELL_CAST_SUCCESS,Player-4755-01ED7A64,"Sperzieboon-Dreadmist",0x514,0x0,Player-4755-0220BD00,"Krikoff-Dreadmist",0x40514,0x0,6063,"Heal",0x2,Player-4755-01ED7A64,0000000000000000,100,100,0,0,0,-1,0,0,0,15.53,-231.54,0,1.7126,67
4/28 18:52:05.633  SPELL_CAST_START,Player-4755-0178F576,"Atreas-Dreadmist",0x514,0x0,0000000000000000,nil,0x80000000,0x80000000,20904,"Aimed Shot",0x1
4/28 18:52:05.633  SWING_MISSED,Creature-0-4457-249-1045-11262-0001286D35,"Onyxian Whelp",0xa48,0x0,Player-4755-01637B0A,"Pindle-Dreadmist",0x514,0x0,PARRY,nil
4/28 18:52:05.633  SWING_DAMAGE,Player-4755-01A6B139,"Sakatan-Dreadmist",0x514,0x0,Creature-0-4457-249-1045-10184-000028665C,"Onyxia",0x10a48,0x0,Player-4755-01A6B139,0000000000000000,100,100,0,0,0,-1,0,0,0,2.83,-188.35,0,5.4631,69,199,124,-1,1,0,0,0,1,nil,nil
4/28 18:52:05.652  SPELL_AURA_REMOVED,Player-4755-01F36B30,"Rectumqeef-Dreadmist",0x514,0x0,Creature-0-4457-249-1045-11262-0001286D35,"Onyxian Whelp",0xa48,0x0,11678,"Rain of Fire",0x4,DEBUFF
4/28 18:52:05.652  SPELL_AURA_REMOVED,Player-4755-01802FE5,"Angrybat-Dreadmist",0x514,0x0,Creature-0-4457-249-1045-11262-0001286D35,"Onyxian Whelp",0xa48,0x0,12579,"Winter's Chill",0x10,DEBUFF
4/28 18:52:05.652  SPELL_AURA_REMOVED,Player-4755-01733879,"Hocwar-Dreadmist",0x40514,0x0,Creature-0-4457-249-1045-11262-0001286D35,"Onyxian Whelp",0xa48,0x0,11556,"Demoralizing Shout",0x1,DEBUFF
4/28 18:52:05.652  SPELL_AURA_REMOVED,Player-4755-0163DD9D,"Kaspais-Dreadmist",0x514,0x0,Creature-0-4457-249-1045-11262-0001286D35,"Onyxian Whelp",0xa48,0x0,122,"Frost Nova",0x10,DEBUFF
4/28 18:52:05.652  SPELL_AURA_REMOVED,Player-4755-0163DD9D,"Kaspais-Dreadmist",0x514,0x0,Creature-0-4457-249-1045-11262-0001286D35,"Onyxian Whelp",0xa48,0x0,10161,"Cone of Cold",0x10,DEBUFF
4/28 18:52:05.652  SPELL_PERIODIC_DAMAGE,Player-4755-01F36B30,"Rectumqeef-Dreadmist",0x514,0x0,Creature-0-4457-249-1045-11262-0001286D35,"Onyxian Whelp",0xa48,0x0,11678,"Rain of Fire",0x4,Creature-0-4457-249-1045-11262-0001286D35,0000000000000000,0,100,0,0,0,-1,0,0,0,4.51,-177.53,0,3.6494,56,258,258,28,4,0,0,0,nil,nil,nil
4/28 18:52:05.652  SPELL_AURA_REMOVED,Player-4755-01733879,"Hocwar-Dreadmist",0x40514,0x0,Creature-0-4457-249-1045-11262-0000286D39,"Onyxian Whelp",0xa48,0x0,11556,"Demoralizing Shout",0x1,DEBUFF
4/28 18:52:05.652  SPELL_AURA_REMOVED,Player-4755-01F36B30,"Rectumqeef-Dreadmist",0x514,0x0,Creature-0-4457-249-1045-11262-0000286D39,"Onyxian Whelp",0xa48,0x0,11678,"Rain of Fire",0x4,DEBUFF
4/28 18:52:05.652  SPELL_AURA_REMOVED,Player-4755-0163DD9D,"Kaspais-Dreadmist",0x514,0x0,Creature-0-4457-249-1045-11262-0000286D39,"Onyxian Whelp",0xa48,0x0,10161,"Cone of Cold",0x10,DEBUFF
4/28 18:52:05.652  SPELL_PERIODIC_DAMAGE,Player-4755-01F36B30,"Rectumqeef-Dreadmist",0x514,0x0,Creature-0-4457-249-1045-11262-0000286D39,"Onyxian Whelp",0xa48,0x0,11678,"Rain of Fire",0x4,Creature-0-4457-249-1045-11262-0000286D39,0000000000000000,0,100,0,0,0,-1,0,0,0,3.62,-174.73,0,5.9993,57,259,258,205,4,0,0,0,nil,nil,nil
4/28 18:52:05.652  SPELL_PERIODIC_DAMAGE,Player-4755-01F36B30,"Rectumqeef-Dreadmist",0x514,0x0,Creature-0-4457-249-1045-11262-0000286D36,"Onyxian Whelp",0xa48,0x0,11678,"Rain of Fire",0x4,Creature-0-4457-249-1045-11262-0000286D36,0000000000000000,6,100,0,0,0,-1,0,0,0,2.86,-176.86,0,2.7011,56,259,258,-1,4,0,0,0,nil,nil,nil
4/28 18:52:05.652  UNIT_DIED,0000000000000000,nil,0x80000000,0x80000000,Creature-0-4457-249-1045-11262-0001286D35,"Onyxian Whelp",0xa48,0x0
4/28 18:52:05.652  UNIT_DIED,0000000000000000,nil,0x80000000,0x80000000,Creature-0-4457-249-1045-11262-0000286D39,"Onyxian Whelp",0xa48,0x0
4/28 18:52:05.652  SPELL_ENERGIZE,Player-4755-01733879,"Hocwar-Dreadmist",0x40514,0x0,Player-4755-01733879,"Hocwar-Dreadmist",0x40514,0x0,12964,"Unbridled Wrath",0x1,Player-4755-01733879,0000000000000000,96,100,0,0,0,-1,0,0,0,-0.52,-178.92,0,1.4860,71,1.0000,0.0000,1,1000
4/28 18:52:05.652  DAMAGE_SHIELD_MISSED,Player-4755-0220BD00,"Krikoff-Dreadmist",0x40514,0x0,Creature-0-4457-249-1045-10184-000028665C,"Onyxia",0x10a48,0x0,11771,"Fire Shield",0x4,IMMUNE,nil
4/28 18:52:05.652  SPELL_AURA_REMOVED_DOSE,Player-4755-0220BD00,"Krikoff-Dreadmist",0x40514,0x0,Player-4755-0220BD00,"Krikoff-Dreadmist",0x40514,0x0,14204,"Enrage",0x1,BUFF,9
4/28 18:52:05.652  SWING_DAMAGE_LANDED,Player-4755-01A6B139,"Sakatan-Dreadmist",0x514,0x0,Creature-0-4457-249-1045-10184-000028665C,"Onyxia",0x10a48,0x0,Creature-0-4457-249-1045-10184-000028665C,0000000000000000,19,100,0,0,0,-1,0,0,0,9.96,-202.99,0,0.2039,63,172,220,-1,1,0,0,0,nil,1,nil
4/28 18:52:05.652  SWING_DAMAGE_LANDED,Pet-0-4457-249-1045-7432-01002D8BC6,"Cat",0x1114,0x0,Creature-0-4457-249-1045-10184-000028665C,"Onyxia",0x10a48,0x0,Creature-0-4457-249-1045-10184-000028665C,0000000000000000,19,100,0,0,0,-1,0,0,0,9.96,-202.99,0,0.2039,63,109,137,-1,1,0,0,0,nil,nil,nil
4/28 18:52:05.679  SWING_DAMAGE_LANDED,Player-4755-01637B0A,"Pindle-Dreadmist",0x514,0x0,Creature-0-4457-249-1045-11262-0000286D36,"Onyxian Whelp",0xa48,0x0,Creature-0-4457-249-1045-11262-0000286D36,0000000000000000,1,100,0,0,0,-1,0,0,0,2.86,-176.86,0,2.7011,56,132,104,-1,1,0,0,0,1,nil,nil
4/28 18:52:05.679  SPELL_AURA_REMOVED,Player-4755-01F36B30,"Rectumqeef-Dreadmist",0x514,0x0,Creature-0-4457-249-1045-11262-0000286D36,"Onyxian Whelp",0xa48,0x0,11678,"Rain of Fire",0x4,DEBUFF
4/28 18:52:05.679  SPELL_AURA_REMOVED,Player-4755-01802FE5,"Angrybat-Dreadmist",0x514,0x0,Creature-0-4457-249-1045-11262-0000286D36,"Onyxian Whelp",0xa48,0x0,12579,"Winter's Chill",0x10,DEBUFF
4/28 18:52:05.679  SPELL_AURA_REMOVED,Player-4755-01733879,"Hocwar-Dreadmist",0x40514,0x0,Creature-0-4457-249-1045-11262-0000286D36,"Onyxian Whelp",0xa48,0x0,11556,"Demoralizing Shout",0x1,DEBUFF
4/28 18:52:05.679  SPELL_AURA_REMOVED,Player-4755-0163DD9D,"Kaspais-Dreadmist",0x514,0x0,Creature-0-4457-249-1045-11262-0000286D36,"Onyxian Whelp",0xa48,0x0,10161,"Cone of Cold",0x10,DEBUFF
4/28 18:52:05.679  SPELL_DAMAGE,Player-4755-01637B0A,"Pindle-Dreadmist",0x514,0x0,Creature-0-4457-249-1045-11262-0000286D36,"Onyxian Whelp",0xa48,0x0,11337,"Instant Poison VI",0x8,Creature-0-4457-249-1045-11262-0000286D36,0000000000000000,0,100,0,0,0,-1,0,0,0,2.86,-176.86,0,2.7782,56,123,122,93,8,0,0,0,nil,nil,nil
4/28 18:52:05.679  SPELL_HEAL,Player-4755-01ED7A64,"Sperzieboon-Dreadmist",0x514,0x0,Player-4755-0220BD00,"Krikoff-Dreadmist",0x40514,0x0,6063,"Heal",0x2,Player-4755-0220BD00,0000000000000000,59,100,0,0,0,-1,0,0,0,25.64,-199.75,0,3.4126,68,1187,1187,0,0,nil
4/28 18:52:05.679  SWING_DAMAGE_LANDED,Player-4755-01A6B139,"Sakatan-Dreadmist",0x514,0x0,Creature-0-4457-249-1045-10184-000028665C,"Onyxia",0x10a48,0x0,Creature-0-4457-249-1045-10184-000028665C,0000000000000000,19,100,0,0,0,-1,0,0,0,9.96,-202.99,0,0.2039,63,199,124,-1,1,0,0,0,1,nil,nil
4/28 18:52:05.679  SPELL_AURA_REMOVED_DOSE,Player-4755-01840577,"Raggèn-Dreadmist",0x514,0x0,Creature-0-4457-249-1045-10184-000028665C,"Onyxia",0x10a48,0x0,17364,"Stormstrike",0x1,DEBUFF,1
4/28 18:52:05.679  SPELL_DAMAGE,Player-4755-01A6B139,"Sakatan-Dreadmist",0x514,0x0,Creature-0-4457-249-1045-10184-000028665C,"Onyxia",0x10a48,0x0,11337,"Instant Poison VI",0x8,Creature-0-4457-249-1045-10184-000028665C,0000000000000000,18,100,0,0,0,-1,0,0,0,9.96,-202.99,0,0.2039,63,143,119,-1,8,0,0,0,nil,nil,nil
4/28 18:52:05.785  SPELL_PERIODIC_ENERGIZE,Creature-0-4457-249-1045-7416-0000286D2B,"Mana Spring Totem IV",0x2114,0x0,Player-4755-01840577,"Raggèn-Dreadmist",0x514,0x0,10494,"Mana Spring",0x8,Player-4755-01840577,0000000000000000,100,100,0,0,0,-1,0,0,0,10.51,-204.31,0,1.8369,67,10.0000,0.0000,0,3790
4/28 18:52:05.785  SPELL_PERIODIC_ENERGIZE,Player-4755-0160BD13,"Mafkees-Dreadmist",0x514,0x0,Player-4755-0160BD13,"Mafkees-Dreadmist",0x514,0x0,29131,"Bloodrage",0x1,Player-4755-0160BD13,0000000000000000,93,100,0,0,0,-1,0,0,0,-0.79,-216.92,0,4.3613,64,1.0000,0.0000,1,1000
4/28 18:52:05.785  SPELL_DAMAGE,Player-4755-01614AC7,"Mirrimazduur-Dreadmist",0x512,0x0,Creature-0-4457-249-1045-10184-000028665C,"Onyxia",0x10a48,0x0,11661,"Shadow Bolt",0x20,Creature-0-4457-249-1045-10184-000028665C,0000000000000000,18,100,0,0,0,-1,0,0,0,9.96,-202.99,0,0.2039,63,704,852,-1,32,213,0,0,nil,nil,nil
4/28 18:52:05.802  SPELL_CAST_SUCCESS,Player-4755-0163DD9D,"Kaspais-Dreadmist",0x514,0x0,0000000000000000,nil,0x80000000,0x80000000,10202,"Arcane Explosion",0x40,Player-4755-0163DD9D,0000000000000000,100,100,0,0,0,-1,0,0,0,10.35,-175.51,0,2.8730,66
4/28 18:52:05.819  SPELL_CAST_SUCCESS,Player-4755-0220BD00,"Krikoff-Dreadmist",0x40514,0x0,Creature-0-4457-249-1045-10184-000028665C,"Onyxia",0x10a48,0x0,23894,"Bloodthirst",0x1,Player-4755-0220BD00,0000000000000000,59,100,0,0,0,-1,0,0,0,25.64,-199.75,0,3.4126,68
4/28 18:52:05.835  SPELL_CAST_START,Player-4755-01FA8DD8,"Roackerita-Dreadmist",0x514,0x0,0000000000000000,nil,0x80000000,0x80000000,9474,"Flash Heal",0x2
4/28 18:52:05.870  SWING_DAMAGE,Pet-0-4457-249-1045-2850-01001956F9,"Kratos",0x1114,0x0,Creature-0-4457-249-1045-10184-000028665C,"Onyxia",0x10a48,0x0,Pet-0-4457-249-1045-2850-01001956F9,Player-4755-0178F576,32,100,0,0,0,-1,0,0,0,8.87,-177.97,0,4.7559,66,43,78,-1,1,0,0,0,nil,1,nil
4/28 18:52:05.889  SPELL_AURA_REMOVED,Player-4755-01E83279,"Nlmasters-Dreadmist",0x514,0x8,Pet-0-4457-249-1045-7432-01002D8BC6,"Cat",0x1114,0x0,19574,"Bestial Wrath",0x1,BUFF
4/28 18:52:06.042  SPELL_CAST_SUCCESS,Player-4755-01802FE5,"Angrybat-Dreadmist",0x514,0x0,0000000000000000,nil,0x80000000,0x80000000,10202,"Arcane Explosion",0x40,Player-4755-01802FE5,0000000000000000,79,100,0,0,0,-1,0,0,0,-2.91,-174.68,0,5.9318,66
4/28 18:52:06.042  SPELL_AURA_REMOVED,Player-4755-01802FE5,"Angrybat-Dreadmist",0x514,0x0,Player-4755-01802FE5,"Angrybat-Dreadmist",0x514,0x0,12536,"Clearcasting",0x40,BUFF
4/28 18:52:06.058  SPELL_CAST_START,Player-4755-020BD78D,"Lonehunter-Dreadmist",0x514,0x0,0000000000000000,nil,0x80000000,0x80000000,20904,"Aimed Shot",0x1
4/28 18:52:06.058  UNIT_DIED,0000000000000000,nil,0x80000000,0x80000000,Creature-0-4457-249-1045-11262-0000286D36,"Onyxian Whelp",0xa48,0x0
4/28 18:52:06.087  SPELL_DAMAGE,Player-4755-0178F416,"Eltorero-Dreadmist",0x514,0x0,Creature-0-4457-249-1045-10184-000028665C,"Onyxia",0x10a48,0x0,20647,"Execute",0x1,Creature-0-4457-249-1045-10184-000028665C,0000000000000000,18,100,0,0,0,-1,0,0,0,9.96,-202.99,0,0.2039,63,1231,1563,-1,1,0,0,0,nil,nil,nil
4/28 18:52:06.087  SPELL_DAMAGE,Player-4755-0163DD9D,"Kaspais-Dreadmist",0x514,0x0,Creature-0-4457-249-1045-10184-000028665C,"Onyxia",0x10a48,0x0,10202,"Arcane Explosion",0x40,Creature-0-4457-249-1045-10184-000028665C,0000000000000000,18,100,0,0,0,-1,0,0,0,9.96,-202.99,0,0.2039,63,345,314,-1,64,0,0,0,nil,nil,nil
4/28 18:52:06.087  SPELL_DAMAGE,Player-4755-0220BD00,"Krikoff-Dreadmist",0x40514,0x0,Creature-0-4457-249-1045-10184-000028665C,"Onyxia",0x10a48,0x0,23894,"Bloodthirst",0x1,Creature-0-4457-249-1045-10184-000028665C,0000000000000000,18,100,0,0,0,-1,0,0,0,9.96,-202.99,0,0.2039,63,589,748,-1,1,0,0,0,nil,nil,nil
4/28 18:52:06.087  SPELL_AURA_APPLIED,Player-4755-0220BD00,"Krikoff-Dreadmist",0x40514,0x0,Player-4755-0220BD00,"Krikoff-Dreadmist",0x40514,0x0,23888,"Bloodthirst",0x1,BUFF
4/28 18:52:06.087  SWING_DAMAGE_LANDED,Pet-0-4457-249-1045-2850-01001956F9,"Kratos",0x1114,0x0,Creature-0-4457-249-1045-10184-000028665C,"Onyxia",0x10a48,0x0,Creature-0-4457-249-1045-10184-000028665C,0000000000000000,18,100,0,0,0,-1,0,0,0,9.96,-202.99,0,0.2039,63,43,78,-1,1,0,0,0,nil,1,nil
4/28 18:52:06.087  SPELL_DAMAGE,Player-4755-01802FE5,"Angrybat-Dreadmist",0x514,0x0,Creature-0-4457-249-1045-10184-000028665C,"Onyxia",0x10a48,0x0,10202,"Arcane Explosion",0x40,Creature-0-4457-249-1045-10184-000028665C,0000000000000000,18,100,0,0,0,-1,0,0,0,9.96,-202.99,0,0.2039,63,335,304,-1,64,0,0,0,nil,nil,nil
4/28 18:52:06.087  SWING_DAMAGE,Player-4755-0178F416,"Eltorero-Dreadmist",0x514,0x0,Creature-0-4457-249-1045-10184-000028665C,"Onyxia",0x10a48,0x0,Player-4755-0178F416,0000000000000000,91,100,0,0,0,-1,0,0,0,10.27,-216.70,0,1.8610,67,529,672,-1,1,0,0,0,nil,nil,nil
4/28 18:52:06.125  SPELL_CAST_SUCCESS,Player-4755-01BC57A3,"Saintis-Dreadmist",0x511,0x0,Pet-0-4457-249-1045-2850-01001956F9,"Kratos",0x1114,0x0,6063,"Heal",0x2,Player-4755-01BC57A3,0000000000000000,100,100,0,0,0,-1,0,0,0,19.63,-219.65,0,1.9402,68
4/28 18:52:06.125  SPELL_CAST_START,Player-4755-01BC57A3,"Saintis-Dreadmist",0x511,0x0,0000000000000000,nil,0x80000000,0x80000000,6063,"Heal",0x2
4/28 18:52:06.146  SPELL_CAST_START,Player-4755-02045EF4,"Necrosini-Dreadmist",0x512,0x0,0000000000000000,nil,0x80000000,0x80000000,6064,"Heal",0x2
4/28 18:52:06.161  SPELL_CAST_SUCCESS,Player-4755-015FEBD5,"Sauvage-Dreadmist",0x514,0x0,Creature-0-4457-249-1045-10184-000028665C,"Onyxia",0x10a48,0x0,10181,"Frostbolt",0x10,Player-4755-015FEBD5,0000000000000000,100,100,0,0,0,-1,0,0,0,-8.33,-235.99,0,1.0343,64
4/28 18:52:06.161  SPELL_AURA_REMOVED,Player-4755-015FEBD5,"Sauvage-Dreadmist",0x514,0x0,Player-4755-015FEBD5,"Sauvage-Dreadmist",0x514,0x0,12536,"Clearcasting",0x40,BUFF
4/28 18:52:06.161  SPELL_CAST_START,Player-4755-015FEBD5,"Sauvage-Dreadmist",0x514,0x0,0000000000000000,nil,0x80000000,0x80000000,10181,"Frostbolt",0x10
4/28 18:52:06.194  SPELL_CAST_SUCCESS,Player-4755-016296D3,"Nivl-Dreadmist",0x514,0x0,Player-4755-01617EEE,"Fenix-Dreadmist",0x512,0x0,1064,"Chain Heal",0x8,Player-4755-016296D3,0000000000000000,100,100,0,0,0,-1,0,0,0,-0.97,-172.39,0,1.2932,69
4/28 18:52:06.209  SWING_DAMAGE,Player-4755-01AC9FD9,"Alexinho-Dreadmist",0x514,0x0,Creature-0-4457-249-1045-10184-000028665C,"Onyxia",0x10a48,0x0,Player-4755-01AC9FD9,0000000000000000,86,100,0,0,0,-1,0,0,0,6.06,-190.96,0,4.8528,66,128,162,-1,1,0,0,0,nil,nil,nil
4/28 18:52:06.444  SPELL_CAST_START,Player-4755-01ED7A64,"Sperzieboon-Dreadmist",0x514,0x0,0000000000000000,nil,0x80000000,0x80000000,6063,"Heal",0x2
4/28 18:52:06.476  SPELL_AURA_REMOVED_DOSE,Player-4755-0178F416,"Eltorero-Dreadmist",0x514,0x0,Player-4755-0178F416,"Eltorero-Dreadmist",0x514,0x0,23888,"Bloodthirst",0x1,BUFF,2
4/28 18:52:06.476  SPELL_HEAL,Player-4755-0178F416,"Eltorero-Dreadmist",0x514,0x0,Player-4755-0178F416,"Eltorero-Dreadmist",0x514,0x0,23891,"Bloodthirst",0x1,Player-4755-0178F416,0000000000000000,92,100,0,0,0,-1,0,0,0,10.27,-216.70,0,1.7982,67,20,20,0,0,nil
4/28 18:52:06.476  SPELL_AURA_REMOVED_DOSE,Player-4755-0220BD00,"Krikoff-Dreadmist",0x40514,0x0,Player-4755-0220BD00,"Krikoff-Dreadmist",0x40514,0x0,14204,"Enrage",0x1,BUFF,8
4/28 18:52:06.476  SPELL_AURA_REMOVED_DOSE,Player-4755-0220BD00,"Krikoff-Dreadmist",0x40514,0x0,Player-4755-0220BD00,"Krikoff-Dreadmist",0x40514,0x0,23888,"Bloodthirst",0x1,BUFF,4
4/28 18:52:06.476  SPELL_HEAL,Player-4755-0220BD00,"Krikoff-Dreadmist",0x40514,0x0,Player-4755-0220BD00,"Krikoff-Dreadmist",0x40514,0x0,23891,"Bloodthirst",0x1,Player-4755-0220BD00,0000000000000000,60,100,0,0,0,-1,0,0,0,25.64,-199.75,0,3.4126,68,20,20,0,0,nil
4/28 18:52:06.476  SWING_DAMAGE_LANDED,Player-4755-0178F416,"Eltorero-Dreadmist",0x514,0x0,Creature-0-4457-249-1045-10184-000028665C,"Onyxia",0x10a48,0x0,Creature-0-4457-249-1045-10184-000028665C,0000000000000000,18,100,0,0,0,-1,0,0,0,9.96,-202.99,0,0.2039,63,529,672,-1,1,0,0,0,nil,nil,nil
4/28 18:52:06.476  SPELL_HEAL,Player-4755-01BC57A3,"Saintis-Dreadmist",0x511,0x0,Pet-0-4457-249-1045-2850-01001956F9,"Kratos",0x1114,0x0,6063,"Heal",0x2,Pet-0-4457-249-1045-2850-01001956F9,Player-4755-0178F576,57,100,0,0,0,-1,0,0,0,8.87,-177.97,0,4.7559,66,1243,1243,0,0,nil
4/28 18:52:06.476  SPELL_HEAL,Player-4755-016296D3,"Nivl-Dreadmist",0x514,0x0,Player-4755-01804B95,"Moymoy-Dreadmist",0x514,0x0,1064,"Chain Heal",0x8,Player-4755-01804B95,0000000000000000,99,100,0,0,0,-1,0,0,0,12.50,-178.35,0,5.2407,66,275,275,0,0,nil
4/28 18:52:06.476  SPELL_HEAL,Player-4755-016296D3,"Nivl-Dreadmist",0x514,0x0,Player-4755-01FA8DD8,"Roackerita-Dreadmist",0x514,0x0,1064,"Chain Heal",0x8,Player-4755-01FA8DD8,0000000000000000,100,100,0,0,0,-1,0,0,0,19.33,-178.24,0,5.4424,69,424,424,66,0,nil
4/28 18:52:06.476  SPELL_HEAL,Player-4755-016296D3,"Nivl-Dreadmist",0x514,0x0,Player-4755-01617EEE,"Fenix-Dreadmist",0x512,0x0,1064,"Chain Heal",0x8,Player-4755-01617EEE,0000000000000000,100,100,0,0,0,-1,0,0,0,21.87,-175.54,0,4.6783,66,672,672,157,0,nil
4/28 18:52:06.476  SWING_DAMAGE_LANDED,Player-4755-01AC9FD9,"Alexinho-Dreadmist",0x514,0x0,Creature-0-4457-249-1045-10184-000028665C,"Onyxia",0x10a48,0x0,Creature-0-4457-249-1045-10184-000028665C,0000000000000000,18,100,0,0,0,-1,0,0,0,9.96,-202.99,0,0.2039,63,128,162,-1,1,0,0,0,nil,nil,nil
4/28 18:52:06.498  SWING_DAMAGE,Player-4755-0220BD00,"Krikoff-Dreadmist",0x40514,0x0,Creature-0-4457-249-1045-10184-000028665C,"Onyxia",0x10a48,0x0,Player-4755-0220BD00,0000000000000000,60,100,0,0,0,-1,0,0,0,25.64,-199.75,0,3.4126,68,364,460,-1,1,0,0,0,nil,nil,nil
4/28 18:52:06.514  SPELL_AURA_APPLIED,Player-4755-01733879,"Hocwar-Dreadmist",0x40514,0x0,Player-4755-01733879,"Hocwar-Dreadmist",0x40514,0x0,10610,"Windfury Totem",0x8,BUFF
4/28 18:52:06.514  SPELL_EXTRA_ATTACKS,Player-4755-01733879,"Hocwar-Dreadmist",0x40514,0x0,Player-4755-01733879,"Hocwar-Dreadmist",0x40514,0x0,10610,"Windfury Totem",0x8,1
4/28 18:52:06.514  SWING_DAMAGE,Player-4755-01733879,"Hocwar-Dreadmist",0x40514,0x0,Creature-0-4457-249-1045-10184-000028665C,"Onyxia",0x10a48,0x0,Player-4755-01733879,0000000000000000,96,100,0,0,0,-1,0,0,0,1.09,-183.82,0,4.8626,71,462,293,-1,1,0,0,0,1,nil,nil
4/28 18:52:06.531  SWING_DAMAGE,Pet-0-4457-249-1045-7432-01002D8BC6,"Cat",0x1114,0x0,Creature-0-4457-249-1045-10184-000028665C,"Onyxia",0x10a48,0x0,Pet-0-4457-249-1045-7432-01002D8BC6,Player-4755-01E83279,5,100,0,0,0,-1,0,0,0,-13.33,-193.99,0,5.9144,71,84,106,-1,1,0,0,0,nil,nil,nil
4/28 18:52:06.531  SWING_DAMAGE,Player-4755-01733879,"Hocwar-Dreadmist",0x40514,0x0,Creature-0-4457-249-1045-10184-000028665C,"Onyxia",0x10a48,0x0,Player-4755-01733879,0000000000000000,96,100,0,0,0,-1,0,0,0,1.11,-183.95,0,4.8626,71,464,294,-1,1,0,0,0,1,nil,nil
4/28 18:52:06.546  SWING_DAMAGE,Player-4755-01F21AE6,"Blahu-Dreadmist",0x40514,0x0,Creature-0-4457-249-1045-10184-000028665C,"Onyxia",0x10a48,0x0,Player-4755-01F21AE6,0000000000000000,100,100,0,0,0,-1,0,0,0,10.99,-209.23,0,1.7295,70,100,127,-1,1,0,0,0,nil,nil,nil
4/28 18:52:06.561  SPELL_CAST_SUCCESS,Player-4755-01AC9FD9,"Alexinho-Dreadmist",0x514,0x0,Creature-0-4457-249-1045-10184-000028665C,"Onyxia",0x10a48,0x0,11300,"Eviscerate",0x1,Player-4755-01AC9FD9,0000000000000000,86,100,0,0,0,-1,0,0,0,5.98,-190.41,0,4.8528,66
4/28 18:52:06.652  SWING_DAMAGE,Player-4755-01AC9FD9,"Alexinho-Dreadmist",0x514,0x0,Creature-0-4457-249-1045-10184-000028665C,"Onyxia",0x10a48,0x0,Player-4755-01AC9FD9,0000000000000000,86,100,0,0,0,-1,0,0,0,5.98,-190.41,0,4.8528,66,634,394,-1,1,0,0,0,1,nil,nil
4/28 18:52:06.712  SWING_DAMAGE,Player-4755-01637B0A,"Pindle-Dreadmist",0x514,0x0,Creature-0-4457-249-1045-10184-000028665C,"Onyxia",0x10a48,0x0,Player-4755-01637B0A,0000000000000000,100,100,0,0,0,-1,0,0,0,2.69,-179.84,0,4.8414,65,140,193,-1,1,0,0,0,nil,1,nil
4/28 18:52:06.764  SPELL_MISSED,Player-4755-01637B0A,"Pindle-Dreadmist",0x514,0x0,Creature-0-4457-249-1045-10184-000028665C,"Onyxia",0x10a48,0x0,11337,"Instant Poison VI",0x8,RESIST,nil,0
4/28 18:52:06.764  SWING_DAMAGE,Player-4755-01637B0A,"Pindle-Dreadmist",0x514,0x0,Creature-0-4457-249-1045-10184-000028665C,"Onyxia",0x10a48,0x0,Player-4755-01637B0A,0000000000000000,100,100,0,0,0,-1,0,0,0,2.73,-180.23,0,4.8335,65,77,100,-1,1,0,0,0,nil,1,nil
4/28 18:52:06.764  SPELL_CAST_SUCCESS,Player-4755-01E83279,"Nlmasters-Dreadmist",0x514,0x8,Creature-0-4457-249-1045-10184-000028665C,"Onyxia",0x10a48,0x0,20904,"Aimed Shot",0x1,Player-4755-01E83279,0000000000000000,100,100,0,0,0,-1,0,0,0,15.93,-247.88,0,1.7030,71
4/28 18:52:06.784  SPELL_PERIODIC_ENERGIZE,Player-4755-0160BD13,"Mafkees-Dreadmist",0x514,0x0,Player-4755-0160BD13,"Mafkees-Dreadmist",0x514,0x0,29131,"Bloodrage",0x1,Player-4755-0160BD13,0000000000000000,93,100,0,0,0,-1,0,0,0,1.23,-223.80,0,4.5145,64,1.0000,0.0000,1,1000
4/28 18:52:06.784  SPELL_CAST_SUCCESS,Player-4755-01614AC7,"Mirrimazduur-Dreadmist",0x512,0x0,Creature-0-4457-249-1045-10184-000028665C,"Onyxia",0x10a48,0x0,11661,"Shadow Bolt",0x20,Player-4755-01614AC7,0000000000000000,100,100,0,0,0,-1,0,0,0,7.69,-173.03,0,4.6600,68
4/28 18:52:06.784  SPELL_CAST_START,Player-4755-01614AC7,"Mirrimazduur-Dreadmist",0x512,0x0,0000000000000000,nil,0x80000000,0x80000000,11661,"Shadow Bolt",0x20
4/28 18:52:06.841  SPELL_CAST_SUCCESS,Player-4755-01F21AE6,"Blahu-Dreadmist",0x40514,0x0,Creature-0-4457-249-1045-10184-000028665C,"Onyxia",0x10a48,0x0,11567,"Heroic Strike",0x1,Player-4755-01F21AE6,0000000000000000,100,100,0,0,0,-1,0,0,0,10.99,-209.23,0,1.7295,70
4/28 18:52:06.859  SPELL_CAST_START,Player-4755-01E83279,"Nlmasters-Dreadmist",0x514,0x8,0000000000000000,nil,0x80000000,0x80000000,75,"Auto Shot",0x1
4/28 18:52:06.877  SPELL_CAST_SUCCESS,Pet-0-4457-249-1045-2850-01001956F9,"Kratos",0x1114,0x0,Creature-0-4457-249-1045-10184-000028665C,"Onyxia",0x10a48,0x0,3009,"Claw",0x1,Pet-0-4457-249-1045-2850-01001956F9,Player-4755-0178F576,57,100,0,0,0,-1,0,0,0,8.87,-177.97,0,4.7559,66
4/28 18:52:06.877  SPELL_AURA_REMOVED_DOSE,Player-4755-0178F416,"Eltorero-Dreadmist",0x514,0x0,Player-4755-0178F416,"Eltorero-Dreadmist",0x514,0x0,23888,"Bloodthirst",0x1,BUFF,1
4/28 18:52:06.877  SPELL_AURA_REMOVED_DOSE,Player-4755-0178F416,"Eltorero-Dreadmist",0x514,0x0,Player-4755-0178F416,"Eltorero-Dreadmist",0x514,0x0,12970,"Flurry",0x1,BUFF,2
4/28 18:52:06.877  SPELL_HEAL,Player-4755-0178F416,"Eltorero-Dreadmist",0x514,0x0,Player-4755-0178F416,"Eltorero-Dreadmist",0x514,0x0,23891,"Bloodthirst",0x1,Player-4755-0178F416,0000000000000000,92,100,0,0,0,-1,0,0,0,10.27,-216.70,0,1.7982,67,20,20,0,0,nil
4/28 18:52:06.877  SWING_DAMAGE_LANDED,Player-4755-0220BD00,"Krikoff-Dreadmist",0x40514,0x0,Creature-0-4457-249-1045-10184-000028665C,"Onyxia",0x10a48,0x0,Creature-0-4457-249-1045-10184-000028665C,0000000000000000,18,100,0,0,0,-1,0,0,0,9.96,-202.99,0,0.2039,63,364,460,-1,1,0,0,0,nil,nil,nil
4/28 18:52:06.877  SWING_DAMAGE_LANDED,Player-4755-01733879,"Hocwar-Dreadmist",0x40514,0x0,Creature-0-4457-249-1045-10184-000028665C,"Onyxia",0x10a48,0x0,Creature-0-4457-249-1045-10184-000028665C,0000000000000000,18,100,0,0,0,-1,0,0,0,9.96,-202.99,0,0.2039,63,462,293,-1,1,0,0,0,1,nil,nil
4/28 18:52:06.877  SWING_DAMAGE_LANDED,Pet-0-4457-249-1045-7432-01002D8BC6,"Cat",0x1114,0x0,Creature-0-4457-249-1045-10184-000028665C,"Onyxia",0x10a48,0x0,Creature-0-4457-249-1045-10184-000028665C,0000000000000000,18,100,0,0,0,-1,0,0,0,9.96,-202.99,0,0.2039,63,84,106,-1,1,0,0,0,nil,nil,nil
4/28 18:52:06.877  SWING_DAMAGE_LANDED,Player-4755-01733879,"Hocwar-Dreadmist",0x40514,0x0,Creature-0-4457-249-1045-10184-000028665C,"Onyxia",0x10a48,0x0,Creature-0-4457-249-1045-10184-000028665C,0000000000000000,18,100,0,0,0,-1,0,0,0,9.96,-202.99,0,0.2039,63,464,294,-1,1,0,0,0,1,nil,nil
4/28 18:52:06.877  SWING_DAMAGE_LANDED,Player-4755-01F21AE6,"Blahu-Dreadmist",0x40514,0x0,Creature-0-4457-249-1045-10184-000028665C,"Onyxia",0x10a48,0x0,Creature-0-4457-249-1045-10184-000028665C,0000000000000000,18,100,0,0,0,-1,0,0,0,9.96,-202.99,0,0.2039,63,100,127,-1,1,0,0,0,nil,nil,nil
4/28 18:52:06.877  SPELL_DAMAGE,Player-4755-01AC9FD9,"Alexinho-Dreadmist",0x514,0x0,Creature-0-4457-249-1045-10184-000028665C,"Onyxia",0x10a48,0x0,11300,"Eviscerate",0x1,Creature-0-4457-249-1045-10184-000028665C,0000000000000000,18,100,0,0,0,-1,0,0,0,9.96,-202.99,0,0.2039,63,852,1080,-1,1,0,0,0,nil,nil,nil
4/28 18:52:06.877  SPELL_ENERGIZE,Player-4755-01AC9FD9,"Alexinho-Dreadmist",0x514,0x0,Player-4755-01AC9FD9,"Alexinho-Dreadmist",0x514,0x0,14181,"Relentless Strikes Effect",0x1,Player-4755-01AC9FD9,0000000000000000,86,100,0,0,0,-1,0,0,0,6.13,-191.44,0,4.8528,66,25.0000,0.0000,3,100
4/28 18:52:06.877  SWING_DAMAGE_LANDED,Player-4755-01AC9FD9,"Alexinho-Dreadmist",0x514,0x0,Creature-0-4457-249-1045-10184-000028665C,"Onyxia",0x10a48,0x0,Creature-0-4457-249-1045-10184-000028665C,0000000000000000,18,100,0,0,0,-1,0,0,0,9.96,-202.99,0,0.2039,63,634,394,-1,1,0,0,0,1,nil,nil
4/28 18:52:06.877  SWING_DAMAGE_LANDED,Player-4755-01637B0A,"Pindle-Dreadmist",0x514,0x0,Creature-0-4457-249-1045-10184-000028665C,"Onyxia",0x10a48,0x0,Creature-0-4457-249-1045-10184-000028665C,0000000000000000,18,100,0,0,0,-1,0,0,0,9.96,-202.99,0,0.2039,63,140,193,-1,1,0,0,0,nil,1,nil
4/28 18:52:06.877  SWING_DAMAGE_LANDED,Player-4755-01637B0A,"Pindle-Dreadmist",0x514,0x0,Creature-0-4457-249-1045-10184-000028665C,"Onyxia",0x10a48,0x0,Creature-0-4457-249-1045-10184-000028665C,0000000000000000,18,100,0,0,0,-1,0,0,0,9.96,-202.99,0,0.2039,63,77,100,-1,1,0,0,0,nil,1,nil
4/28 18:52:06.877  SPELL_DAMAGE,Player-4755-01F21AE6,"Blahu-Dreadmist",0x40514,0x0,Creature-0-4457-249-1045-10184-000028665C,"Onyxia",0x10a48,0x0,11567,"Heroic Strike",0x1,Creature-0-4457-249-1045-10184-000028665C,0000000000000000,18,100,0,0,0,-1,0,0,0,9.96,-202.99,0,0.2039,63,329,417,-1,1,0,0,0,nil,nil,nil
4/28 18:52:06.877  SPELL_DAMAGE,Pet-0-4457-249-1045-2850-01001956F9,"Kratos",0x1114,0x0,Creature-0-4457-249-1045-10184-000028665C,"Onyxia",0x10a48,0x0,3009,"Claw",0x1,Creature-0-4457-249-1045-10184-000028665C,0000000000000000,18,100,0,0,0,-1,0,0,0,9.96,-202.99,0,0.2039,63,74,94,-1,1,0,0,0,nil,nil,nil
4/28 18:52:06.882  SWING_DAMAGE,Pet-0-4457-249-1045-2850-01001956F9,"Kratos",0x1114,0x0,Creature-0-4457-249-1045-10184-000028665C,"Onyxia",0x10a48,0x0,Pet-0-4457-249-1045-2850-01001956F9,Player-4755-0178F576,57,100,0,0,0,-1,0,0,0,8.87,-177.97,0,4.7559,66,44,80,-1,1,0,0,0,nil,1,nil
4/28 18:52:06.948  SPELL_CAST_SUCCESS,Player-4755-01637B0A,"Pindle-Dreadmist",0x514,0x0,Creature-0-4457-249-1045-10184-000028665C,"Onyxia",0x10a48,0x0,11294,"Sinister Strike",0x1,Player-4755-01637B0A,0000000000000000,100,100,0,0,0,-1,0,0,0,2.89,-181.58,0,4.8316,65
4/28 18:52:07.044  SPELL_PERIODIC_DAMAGE,Player-4755-0178F416,"Eltorero-Dreadmist",0x514,0x0,Creature-0-4457-249-1045-10184-000028665C,"Onyxia",0x10a48,0x0,12721,"Deep Wound",0x1,Creature-0-4457-249-1045-10184-000028665C,0000000000000000,18,100,0,0,0,-1,0,0,0,9.96,-202.99,0,0.2039,63,93,93,-1,1,0,0,0,nil,nil,nil
4/28 18:52:07.172  SPELL_CAST_SUCCESS,Player-4755-01F21AE6,"Blahu-Dreadmist",0x40514,0x0,Creature-0-4457-249-1045-10184-000028665C,"Onyxia",0x10a48,0x0,11574,"Rend",0x1,Player-4755-01F21AE6,0000000000000000,100,100,0,0,0,-1,0,0,0,10.99,-209.23,0,1.7164,70
4/28 18:52:07.172  SPELL_AURA_APPLIED,Player-4755-01F21AE6,"Blahu-Dreadmist",0x40514,0x0,Player-4755-01F21AE6,"Blahu-Dreadmist",0x40514,0x0,10610,"Windfury Totem",0x8,BUFF
4/28 18:52:07.172  SPELL_EXTRA_ATTACKS,Player-4755-01F21AE6,"Blahu-Dreadmist",0x40514,0x0,Player-4755-01F21AE6,"Blahu-Dreadmist",0x40514,0x0,10610,"Windfury Totem",0x8,1
4/28 18:52:07.172  SPELL_AURA_APPLIED,Player-4755-01617EEE,"Fenix-Dreadmist",0x512,0x0,Player-4755-01617EEE,"Fenix-Dreadmist",0x512,0x0,14751,"Inner Focus",0x1,BUFF
4/28 18:52:07.172  SPELL_CAST_SUCCESS,Player-4755-01617EEE,"Fenix-Dreadmist",0x512,0x0,0000000000000000,nil,0x80000000,0x80000000,14751,"Inner Focus",0x1,Player-4755-01617EEE,0000000000000000,100,100,0,0,0,-1,0,0,0,21.87,-175.54,0,4.6783,66
4/28 18:52:07.172  SWING_DAMAGE,Player-4755-01F21AE6,"Blahu-Dreadmist",0x40514,0x0,Creature-0-4457-249-1045-10184-000028665C,"Onyxia",0x10a48,0x0,Player-4755-01F21AE6,0000000000000000,100,100,0,0,0,-1,0,0,0,10.99,-209.23,0,1.7164,70,537,340,-1,1,0,0,0,1,nil,nil
4/28 18:52:07.192  SWING_DAMAGE,Player-4755-01A6B139,"Sakatan-Dreadmist",0x514,0x0,Creature-0-4457-249-1045-10184-000028665C,"Onyxia",0x10a48,0x0,Player-4755-01A6B139,0000000000000000,100,100,0,0,0,-1,0,0,0,2.83,-188.35,0,5.4631,69,146,199,-1,1,0,0,0,nil,1,nil
4/28 18:52:07.192  SPELL_AURA_REMOVED,Pet-0-4457-249-1045-7432-01002D8BC6,"Cat",0x1114,0x0,Pet-0-4457-249-1045-7432-01002D8BC6,"Cat",0x1114,0x0,19615,"Frenzy Effect",0x1,BUFF
4/28 18:52:07.240  SPELL_CAST_SUCCESS,Creature-0-4457-249-1045-10184-000028665C,"Onyxia",0x10a48,0x0,0000000000000000,nil,0x80000000,0x80000000,18435,"Flame Breath",0x4,Creature-0-4457-249-1045-10184-000028665C,0000000000000000,18,100,0,0,0,-1,0,0,0,9.96,-202.99,0,0.2039,63
4/28 18:52:07.274  SPELL_AURA_REMOVED_DOSE,Player-4755-0220BD00,"Krikoff-Dreadmist",0x40514,0x0,Player-4755-0220BD00,"Krikoff-Dreadmist",0x40514,0x0,14204,"Enrage",0x1,BUFF,7
4/28 18:52:07.274  SPELL_AURA_REMOVED_DOSE,Player-4755-0220BD00,"Krikoff-Dreadmist",0x40514,0x0,Player-4755-0220BD00,"Krikoff-Dreadmist",0x40514,0x0,23888,"Bloodthirst",0x1,BUFF,3
4/28 18:52:07.274  SPELL_HEAL,Player-4755-0220BD00,"Krikoff-Dreadmist",0x40514,0x0,Player-4755-0220BD00,"Krikoff-Dreadmist",0x40514,0x0,23891,"Bloodthirst",0x1,Player-4755-0220BD00,0000000000000000,60,100,0,0,0,-1,0,0,0,25.64,-199.75,0,3.4126,68,20,20,0,0,nil
4/28 18:52:07.274  SPELL_AURA_REMOVED_DOSE,Player-4755-01733879,"Hocwar-Dreadmist",0x40514,0x0,Player-4755-01733879,"Hocwar-Dreadmist",0x40514,0x0,10610,"Windfury Totem",0x8,BUFF,1
4/28 18:52:07.274  SPELL_AURA_REMOVED_DOSE,Player-4755-01733879,"Hocwar-Dreadmist",0x40514,0x0,Player-4755-01733879,"Hocwar-Dreadmist",0x40514,0x0,12970,"Flurry",0x1,BUFF,1
4/28 18:52:07.274  SPELL_AURA_APPLIED_DOSE,Player-4755-01733879,"Hocwar-Dreadmist",0x40514,0x0,Player-4755-01733879,"Hocwar-Dreadmist",0x40514,0x0,12970,"Flurry",0x1,BUFF,3
4/28 18:52:07.274  SPELL_AURA_REMOVED_DOSE,Player-4755-01733879,"Hocwar-Dreadmist",0x40514,0x0,Player-4755-01733879,"Hocwar-Dreadmist",0x40514,0x0,12970,"Flurry",0x1,BUFF,2
4/28 18:52:07.274  SPELL_AURA_APPLIED_DOSE,Player-4755-01733879,"Hocwar-Dreadmist",0x40514,0x0,Player-4755-01733879,"Hocwar-Dreadmist",0x40514,0x0,12970,"Flurry",0x1,BUFF,3
4/28 18:52:07.300  SPELL_AURA_REMOVED,Player-4755-01733879,"Hocwar-Dreadmist",0x40514,0x0,Player-4755-01733879,"Hocwar-Dreadmist",0x40514,0x0,10610,"Windfury Totem",0x8,BUFF
4/28 18:52:07.300  SPELL_AURA_REMOVED_DOSE,Player-4755-01F21AE6,"Blahu-Dreadmist",0x40514,0x0,Player-4755-01F21AE6,"Blahu-Dreadmist",0x40514,0x0,10610,"Windfury Totem",0x8,BUFF,1
4/28 18:52:07.300  SWING_DAMAGE_LANDED,Pet-0-4457-249-1045-2850-01001956F9,"Kratos",0x1114,0x0,Creature-0-4457-249-1045-10184-000028665C,"Onyxia",0x10a48,0x0,Creature-0-4457-249-1045-10184-000028665C,0000000000000000,18,100,0,0,0,-1,0,0,0,9.96,-202.99,0,0.2039,63,44,80,-1,1,0,0,0,nil,1,nil
4/28 18:52:07.300  SPELL_DAMAGE,Player-4755-01637B0A,"Pindle-Dreadmist",0x514,0x0,Creature-0-4457-249-1045-10184-000028665C,"Onyxia",0x10a48,0x0,11294,"Sinister Strike",0x1,Creature-0-4457-249-1045-10184-000028665C,0000000000000000,18,100,0,0,0,-1,0,0,0,9.96,-202.99,0,0.2039,63,220,278,-1,1,0,0,0,nil,nil,nil
4/28 18:52:07.300  SPELL_AURA_APPLIED,Player-4755-01F21AE6,"Blahu-Dreadmist",0x40514,0x0,Creature-0-4457-249-1045-10184-000028665C,"Onyxia",0x10a48,0x0,11574,"Rend",0x1,DEBUFF
4/28 18:52:07.300  SWING_DAMAGE_LANDED,Player-4755-01F21AE6,"Blahu-Dreadmist",0x40514,0x0,Creature-0-4457-249-1045-10184-000028665C,"Onyxia",0x10a48,0x0,Creature-0-4457-249-1045-10184-000028665C,0000000000000000,18,100,0,0,0,-1,0,0,0,9.96,-202.99,0,0.2039,63,537,340,-1,1,0,0,0,1,nil,nil
4/28 18:52:07.300  SWING_DAMAGE_LANDED,Player-4755-01A6B139,"Sakatan-Dreadmist",0x514,0x0,Creature-0-4457-249-1045-10184-000028665C,"Onyxia",0x10a48,0x0,Creature-0-4457-249-1045-10184-000028665C,0000000000000000,18,100,0,0,0,-1,0,0,0,9.96,-202.99,0,0.2039,63,146,199,-1,1,0,0,0,nil,1,nil
4/28 18:52:07.300  SPELL_DAMAGE,Creature-0-4457-249-1045-10184-000028665C,"Onyxia",0x10a48,0x0,Player-4755-0220BD00,"Krikoff-Dreadmist",0x40514,0x0,18435,"Flame Breath",0x4,Player-4755-0220BD00,0000000000000000,12,100,0,0,0,-1,0,0,0,25.64,-199.75,0,3.4126,68,3079,3421,-1,4,0,0,0,nil,nil,nil
4/28 18:52:07.300  SPELL_ABSORBED,Creature-0-4457-249-1045-10184-000028665C,"Onyxia",0x10a48,0x0,Player-4755-01FA8DD8,"Roackerita-Dreadmist",0x514,0x0,18435,"Flame Breath",0x4,Player-4755-01FA8DD8,"Roackerita-Dreadmist",0x514,0x0,10899,"Power Word: Shield",0x2,795,3242
4/28 18:52:07.300  SPELL_AURA_REMOVED,Player-4755-01FA8DD8,"Roackerita-Dreadmist",0x514,0x0,Player-4755-01FA8DD8,"Roackerita-Dreadmist",0x514,0x0,10899,"Power Word: Shield",0x2,BUFF
4/28 18:52:07.300  SPELL_DAMAGE,Creature-0-4457-249-1045-10184-000028665C,"Onyxia",0x10a48,0x0,Player-4755-01FA8DD8,"Roackerita-Dreadmist",0x514,0x0,18435,"Flame Breath",0x4,Player-4755-01FA8DD8,0000000000000000,37,100,0,0,0,-1,0,0,0,19.33,-178.24,0,5.4424,69,2447,3242,-1,4,0,0,795,nil,nil,nil
4/28 18:52:07.300  SPELL_DAMAGE,Creature-0-4457-249-1045-10184-000028665C,"Onyxia",0x10a48,0x0,Player-4755-01617EEE,"Fenix-Dreadmist",0x512,0x0,18435,"Flame Breath",0x4,Player-4755-01617EEE,0000000000000000,19,100,0,0,0,-1,0,0,0,21.87,-175.54,0,4.6783,66,3438,3509,-1,4,0,0,0,nil,nil,nil
4/28 18:52:07.300  SPELL_CAST_SUCCESS,Player-4755-01E83279,"Nlmasters-Dreadmist",0x514,0x8,Creature-0-4457-249-1045-10184-000028665C,"Onyxia",0x10a48,0x0,75,"Auto Shot",0x1,Player-4755-01E83279,0000000000000000,100,100,0,0,0,-1,0,0,0,15.93,-247.88,0,1.7030,71
4/28 18:52:07.374  SWING_DAMAGE,Player-4755-0160BD13,"Mafkees-Dreadmist",0x514,0x0,Creature-0-4457-249-1045-10184-000028665C,"Onyxia",0x10a48,0x0,Player-4755-0160BD13,0000000000000000,93,100,0,0,0,-1,0,0,0,3.63,-220.81,0,1.0862,64,432,548,-1,1,0,0,0,nil,nil,nil
4/28 18:52:07.390  SWING_DAMAGE,Player-4755-01A6B139,"Sakatan-Dreadmist",0x514,0x0,Creature-0-4457-249-1045-10184-000028665C,"Onyxia",0x10a48,0x0,Player-4755-01A6B139,0000000000000000,100,100,0,0,0,-1,0,0,0,2.83,-188.35,0,5.4631,69,103,138,-1,1,0,0,0,nil,1,nil
4/28 18:52:07.457  SPELL_CAST_SUCCESS,Player-4755-01804B95,"Moymoy-Dreadmist",0x514,0x0,Player-4755-0220BD00,"Krikoff-Dreadmist",0x40514,0x0,10396,"Healing Wave",0x8,Player-4755-01804B95,0000000000000000,99,100,0,0,0,-1,0,0,0,12.50,-178.35,0,4.4314,66
4/28 18:52:07.523  SPELL_DAMAGE,Player-4755-015FEBD5,"Sauvage-Dreadmist",0x514,0x0,Creature-0-4457-249-1045-10184-000028665C,"Onyxia",0x10a48,0x0,10181,"Frostbolt",0x10,Creature-0-4457-249-1045-10184-000028665C,0000000000000000,18,100,0,0,0,-1,0,0,0,9.96,-202.99,0,0.2039,63,1851,841,-1,16,0,0,0,1,nil,nil
4/28 18:52:07.555  SPELL_AURA_REMOVED,Player-4755-01840577,"Raggèn-Dreadmist",0x514,0x0,Creature-0-4457-249-1045-10184-000028665C,"Onyxia",0x10a48,0x0,17364,"Stormstrike",0x1,DEBUFF
4/28 18:52:07.618  SPELL_AURA_APPLIED,Player-4755-01AC9FD9,"Alexinho-Dreadmist",0x514,0x0,Player-4755-01AC9FD9,"Alexinho-Dreadmist",0x514,0x0,20007,"Holy Strength",0x2,BUFF
4/28 18:52:07.618  SPELL_HEAL,Player-4755-01AC9FD9,"Alexinho-Dreadmist",0x514,0x0,Player-4755-01AC9FD9,"Alexinho-Dreadmist",0x514,0x0,20007,"Holy Strength",0x2,Player-4755-01AC9FD9,0000000000000000,88,100,0,0,0,-1,0,0,0,6.03,-190.74,0,4.8528,66,119,119,0,0,nil
4/28 18:52:07.618  SWING_DAMAGE,Player-4755-01AC9FD9,"Alexinho-Dreadmist",0x514,0x0,Creature-0-4457-249-1045-10184-000028665C,"Onyxia",0x10a48,0x0,Player-4755-01AC9FD9,0000000000000000,88,100,0,0,0,-1,0,0,0,6.03,-190.74,0,4.8528,66,116,168,-1,1,0,0,0,nil,1,nil
4/28 18:52:07.635  SWING_DAMAGE,Player-4755-01733879,"Hocwar-Dreadmist",0x40514,0x0,Creature-0-4457-249-1045-10184-000028665C,"Onyxia",0x10a48,0x0,Player-4755-01733879,0000000000000000,96,100,0,0,0,-1,0,0,0,3.99,-191.03,0,5.2749,71,91,140,-1,1,0,0,0,nil,1,nil
4/28 18:52:07.655  SPELL_CAST_START,Player-4755-01804B95,"Moymoy-Dreadmist",0x514,0x0,0000000000000000,nil,0x80000000,0x80000000,939,"Healing Wave",0x8
4/28 18:52:07.672  SPELL_AURA_REMOVED,Player-4755-020BD78D,"Lonehunter-Dreadmist",0x514,0x0,Player-4755-01840577,"Raggèn-Dreadmist",0x514,0x0,20906,"Trueshot Aura",0x40,BUFF
4/28 18:52:07.672  SPELL_CAST_SUCCESS,Creature-0-4457-249-1045-10184-000028665C,"Onyxia",0x10a48,0x0,0000000000000000,nil,0x80000000,0x80000000,15847,"Tail Sweep",0x1,Creature-0-4457-249-1045-10184-000028665C,0000000000000000,18,100,0,0,0,-1,0,0,0,9.96,-202.99,0,0.2039,63
4/28 18:52:07.672  SPELL_ENERGIZE,Player-4755-0220BD00,"Krikoff-Dreadmist",0x40514,0x0,Player-4755-0220BD00,"Krikoff-Dreadmist",0x40514,0x0,12964,"Unbridled Wrath",0x1,Player-4755-0220BD00,0000000000000000,12,100,0,0,0,-1,0,0,0,25.64,-199.75,0,3.4126,68,0.0000,1.0000,1,1000
4/28 18:52:07.672  SPELL_ENERGIZE,Player-4755-01733879,"Hocwar-Dreadmist",0x40514,0x0,Player-4755-01733879,"Hocwar-Dreadmist",0x40514,0x0,12964,"Unbridled Wrath",0x1,Player-4755-01733879,0000000000000000,96,100,0,0,0,-1,0,0,0,4.14,-191.26,0,5.2749,71,1.0000,0.0000,1,1000
4/28 18:52:07.672  SPELL_ENERGIZE,Player-4755-01F21AE6,"Blahu-Dreadmist",0x40514,0x0,Player-4755-01F21AE6,"Blahu-Dreadmist",0x40514,0x0,12964,"Unbridled Wrath",0x1,Player-4755-01F21AE6,0000000000000000,100,100,0,0,0,-1,0,0,0,10.99,-209.23,0,1.7164,70,1.0000,0.0000,1,1000
4/28 18:52:07.672  SPELL_AURA_APPLIED,Player-4755-01F21AE6,"Blahu-Dreadmist",0x40514,0x0,Player-4755-01F21AE6,"Blahu-Dreadmist",0x40514,0x0,21887,"Warrior's Wrath",0x1,BUFF
4/28 18:52:07.672  SPELL_ENERGIZE,Player-4755-01F21AE6,"Blahu-Dreadmist",0x40514,0x0,Player-4755-01F21AE6,"Blahu-Dreadmist",0x40514,0x0,12964,"Unbridled Wrath",0x1,Player-4755-01F21AE6,0000000000000000,100,100,0,0,0,-1,0,0,0,10.99,-209.23,0,1.7164,70,1.0000,0.0000,1,1000
4/28 18:52:07.672  SPELL_AURA_REMOVED,Player-4755-01F21AE6,"Blahu-Dreadmist",0x40514,0x0,Player-4755-01F21AE6,"Blahu-Dreadmist",0x40514,0x0,21887,"Warrior's Wrath",0x1,BUFF
4/28 18:52:07.672  SPELL_AURA_APPLIED,Player-4755-01F21AE6,"Blahu-Dreadmist",0x40514,0x0,Player-4755-01F21AE6,"Blahu-Dreadmist",0x40514,0x0,12970,"Flurry",0x1,BUFF
4/28 18:52:07.697  SPELL_AURA_REMOVED,Player-4755-01F21AE6,"Blahu-Dreadmist",0x40514,0x0,Player-4755-01F21AE6,"Blahu-Dreadmist",0x40514,0x0,10610,"Windfury Totem",0x8,BUFF
4/28 18:52:07.697  SWING_DAMAGE_LANDED,Player-4755-0160BD13,"Mafkees-Dreadmist",0x514,0x0,Creature-0-4457-249-1045-10184-000028665C,"Onyxia",0x10a48,0x0,Creature-0-4457-249-1045-10184-000028665C,0000000000000000,18,100,0,0,0,-1,0,0,0,9.96,-202.99,0,0.2039,63,432,548,-1,1,0,0,0,nil,nil,nil
4/28 18:52:07.697  SWING_DAMAGE_LANDED,Player-4755-01A6B139,"Sakatan-Dreadmist",0x514,0x0,Creature-0-4457-249-1045-10184-000028665C,"Onyxia",0x10a48,0x0,Creature-0-4457-249-1045-10184-000028665C,0000000000000000,18,100,0,0,0,-1,0,0,0,9.96,-202.99,0,0.2039,63,103,138,-1,1,0,0,0,nil,1,nil
4/28 18:52:07.697  SPELL_HEAL,Player-4755-01804B95,"Moymoy-Dreadmist",0x514,0x0,Player-4755-0220BD00,"Krikoff-Dreadmist",0x40514,0x0,10396,"Healing Wave",0x8,Player-4755-0220BD00,0000000000000000,49,100,0,0,0,-1,0,0,0,25.64,-199.75,0,3.4126,68,2378,2378,0,0,nil
4/28 18:52:07.697  SPELL_AURA_APPLIED,Player-4755-015FEBD5,"Sauvage-Dreadmist",0x514,0x0,Player-4755-015FEBD5,"Sauvage-Dreadmist",0x514,0x0,12536,"Clearcasting",0x40,BUFF
4/28 18:52:07.697  SWING_DAMAGE_LANDED,Player-4755-01AC9FD9,"Alexinho-Dreadmist",0x514,0x0,Creature-0-4457-249-1045-10184-000028665C,"Onyxia",0x10a48,0x0,Creature-0-4457-249-1045-10184-000028665C,0000000000000000,17,100,0,0,0,-1,0,0,0,9.96,-202.99,0,0.2039,63,116,168,-1,1,0,0,0,nil,1,nil
4/28 18:52:07.697  SWING_DAMAGE_LANDED,Player-4755-01733879,"Hocwar-Dreadmist",0x40514,0x0,Creature-0-4457-249-1045-10184-000028665C,"Onyxia",0x10a48,0x0,Creature-0-4457-249-1045-10184-000028665C,0000000000000000,17,100,0,0,0,-1,0,0,0,9.96,-202.99,0,0.2039,63,91,140,-1,1,0,0,0,nil,1,nil
4/28 18:52:07.697  SPELL_DAMAGE,Creature-0-4457-249-1045-10184-000028665C,"Onyxia",0x10a48,0x0,Player-4755-0160BD13,"Mafkees-Dreadmist",0x514,0x0,15847,"Tail Sweep",0x1,Player-4755-0160BD13,0000000000000000,82,100,0,0,0,-1,0,0,0,3.74,-218.42,0,1.6870,64,546,667,-1,1,0,0,0,nil,nil,nil
4/28 18:52:07.697  SPELL_AURA_REMOVED,Player-4755-01FA8DD8,"Roackerita-Dreadmist",0x514,0x0,Pet-0-4457-249-1045-7432-01002D8BC6,"Cat",0x1114,0x0,21564,"Prayer of Fortitude",0x2,BUFF
4/28 18:52:07.697  SPELL_AURA_REMOVED,Player-4755-01BC57A3,"Saintis-Dreadmist",0x511,0x0,Pet-0-4457-249-1045-7432-01002D8BC6,"Cat",0x1114,0x0,27681,"Prayer of Spirit",0x2,BUFF
4/28 18:52:07.697  SPELL_AURA_REMOVED,Pet-0-4457-249-1045-7432-01002D8BC6,"Cat",0x1114,0x0,Pet-0-4457-249-1045-7432-01002D8BC6,"Cat",0x1114,0x0,23110,"Dash",0x1,BUFF
4/28 18:52:07.697  SPELL_DAMAGE,Creature-0-4457-249-1045-10184-000028665C,"Onyxia",0x10a48,0x0,Pet-0-4457-249-1045-7432-01002D8BC6,"Cat",0x1114,0x0,15847,"Tail Sweep",0x1,Pet-0-4457-249-1045-7432-01002D8BC6,Player-4755-01E83279,0,100,0,0,0,-1,0,0,0,-13.33,-193.99,0,5.9144,71,531,718,300,1,0,0,0,nil,nil,nil
4/28 18:52:07.697  SPELL_DAMAGE,Creature-0-4457-249-1045-10184-000028665C,"Onyxia",0x10a48,0x0,Player-4755-016DF694,"Ashalan-Dreadmist",0x514,0x0,15847,"Tail Sweep",0x1,Player-4755-016DF694,0000000000000000,85,100,0,0,0,-1,0,0,0,-7.60,-188.07,0,2.6311,67,649,800,-1,1,0,0,0,nil,nil,nil
4/28 18:52:07.754  SPELL_MISSED,Player-4755-01733879,"Hocwar-Dreadmist",0x40514,0x0,Creature-0-4457-249-1045-10184-000028665C,"Onyxia",0x10a48,0x0,23267,"Firebolt",0x4,IMMUNE,nil
4/28 18:52:07.754  SPELL_AURA_APPLIED,Player-4755-01733879,"Hocwar-Dreadmist",0x40514,0x0,Player-4755-01733879,"Hocwar-Dreadmist",0x40514,0x0,20007,"Holy Strength",0x2,BUFF
4/28 18:52:07.754  SPELL_HEAL,Player-4755-01733879,"Hocwar-Dreadmist",0x40514,0x0,Player-4755-01733879,"Hocwar-Dreadmist",0x40514,0x0,20007,"Holy Strength",0x2,Player-4755-01733879,0000000000000000,98,100,0,0,0,-1,0,0,0,4.21,-191.92,0,5.1061,71,111,111,0,0,nil
4/28 18:52:07.788  SPELL_CAST_SUCCESS,Player-4755-0210153A,"Hapuseneb-Dreadmist",0x514,0x0,Player-4755-0160BD13,"Mafkees-Dreadmist",0x514,0x0,2053,"Lesser Heal",0x2,Player-4755-0210153A,0000000000000000,100,100,0,0,0,-1,0,0,0,6.28,-238.83,0,1.6179,66
4/28 18:52:07.788  SPELL_PERIODIC_ENERGIZE,Player-4755-01802FE5,"Angrybat-Dreadmist",0x514,0x0,Player-4755-01802FE5,"Angrybat-Dreadmist",0x514,0x0,18194,"Mana Regeneration",0x1,Player-4755-01802FE5,0000000000000000,79,100,0,0,0,-1,0,0,0,-1.55,-177.25,0,5.1386,66,8.0000,0.0000,0,6033
4/28 18:52:07.788  SPELL_PERIODIC_ENERGIZE,Player-4755-0160BD13,"Mafkees-Dreadmist",0x514,0x0,Player-4755-0160BD13,"Mafkees-Dreadmist",0x514,0x0,29131,"Bloodrage",0x1,Player-4755-0160BD13,0000000000000000,82,100,0,0,0,-1,0,0,0,4.04,-218.08,0,1.7420,64,1.0000,0.0000,1,1000
4/28 18:52:07.835  SWING_DAMAGE,Player-4755-0220BD00,"Krikoff-Dreadmist",0x40514,0x0,Creature-0-4457-249-1045-10184-000028665C,"Onyxia",0x10a48,0x0,Player-4755-0220BD00,0000000000000000,49,100,0,0,0,-1,0,0,0,25.64,-199.75,0,3.4126,68,173,258,-1,1,0,0,0,nil,1,nil
4/28 18:52:07.835  SWING_MISSED,Player-4755-01637B0A,"Pindle-Dreadmist",0x514,0x0,Creature-0-4457-249-1045-10184-000028665C,"Onyxia",0x10a48,0x0,DODGE,1
4/28 18:52:07.851  SPELL_CAST_START,Player-4755-01802FE5,"Angrybat-Dreadmist",0x514,0x0,0000000000000000,nil,0x80000000,0x80000000,10181,"Frostbolt",0x10
4/28 18:52:07.884  SWING_DAMAGE,Pet-0-4457-249-1045-2850-01001956F9,"Kratos",0x1114,0x0,Creature-0-4457-249-1045-10184-000028665C,"Onyxia",0x10a48,0x0,Pet-0-4457-249-1045-2850-01001956F9,Player-4755-0178F576,57,100,0,0,0,-1,0,0,0,8.87,-177.97,0,4.7559,66,129,82,-1,1,0,0,0,1,nil,nil
4/28 18:52:07.884  SPELL_DAMAGE,Player-4755-01E83279,"Nlmasters-Dreadmist",0x514,0x8,Creature-0-4457-249-1045-10184-000028665C,"Onyxia",0x10a48,0x0,20904,"Aimed Shot",0x1,Creature-0-4457-249-1045-10184-000028665C,0000000000000000,17,100,0,0,0,-1,0,0,0,9.96,-202.99,0,0.2039,63,827,1050,-1,1,0,0,0,nil,nil,nil
4/28 18:52:07.884  SPELL_AURA_APPLIED,Player-4755-0178F416,"Eltorero-Dreadmist",0x514,0x0,Player-4755-0178F416,"Eltorero-Dreadmist",0x514,0x0,12328,"Death Wish",0x1,DEBUFF
4/28 18:52:07.884  SPELL_CAST_SUCCESS,Player-4755-0178F416,"Eltorero-Dreadmist",0x514,0x0,0000000000000000,nil,0x80000000,0x80000000,12328,"Death Wish",0x1,Player-4755-0178F416,0000000000000000,92,100,0,0,0,-1,0,0,0,10.27,-216.70,0,1.7196,67
4/28 18:52:07.916  SWING_DAMAGE,Player-4755-01733879,"Hocwar-Dreadmist",0x40514,0x0,Creature-0-4457-249-1045-10184-000028665C,"Onyxia",0x10a48,0x0,Player-4755-01733879,0000000000000000,98,100,0,0,0,-1,0,0,0,4.68,-193.06,0,5.1061,71,223,318,-1,1,0,0,0,nil,1,nil
4/28 18:52:07.932  SPELL_CAST_START,Player-4755-0163DD9D,"Kaspais-Dreadmist",0x514,0x0,0000000000000000,nil,0x80000000,0x80000000,10181,"Frostbolt",0x10
4/28 18:52:07.982  SPELL_CAST_SUCCESS,Player-4755-0178F576,"Atreas-Dreadmist",0x514,0x0,Creature-0-4457-249-1045-10184-000028665C,"Onyxia",0x10a48,0x0,20904,"Aimed Shot",0x1,Player-4755-0178F576,0000000000000000,99,100,0,0,0,-1,0,0,0,0.87,-171.31,0,4.9918,66
4/28 18:52:08.079  UNIT_DIED,0000000000000000,nil,0x80000000,0x80000000,Pet-0-4457-249-1045-7432-01002D8BC6,"Cat",0x1114,0x0
4/28 18:52:08.099  SPELL_AURA_REMOVED_DOSE,Player-4755-0160BD13,"Mafkees-Dreadmist",0x514,0x0,Player-4755-0160BD13,"Mafkees-Dreadmist",0x514,0x0,23888,"Bloodthirst",0x1,BUFF,2
4/28 18:52:08.099  SPELL_HEAL,Player-4755-0160BD13,"Mafkees-Dreadmist",0x514,0x0,Player-4755-0160BD13,"Mafkees-Dreadmist",0x514,0x0,23891,"Bloodthirst",0x1,Player-4755-0160BD13,0000000000000000,82,100,0,0,0,-1,0,0,0,0.54,-226.70,0,1.6399,64,20,20,0,0,nil
4/28 18:52:08.099  SPELL_AURA_REMOVED_DOSE,Player-4755-01733879,"Hocwar-Dreadmist",0x40514,0x0,Player-4755-01733879,"Hocwar-Dreadmist",0x40514,0x0,12970,"Flurry",0x1,BUFF,2
4/28 18:52:08.099  SPELL_DAMAGE,Player-4755-01733879,"Hocwar-Dreadmist",0x40514,0x0,Creature-0-4457-249-1045-10184-000028665C,"Onyxia",0x10a48,0x0,20647,"Execute",0x1,Creature-0-4457-249-1045-10184-000028665C,0000000000000000,17,100,0,0,0,-1,0,0,0,9.96,-202.99,0,0.2039,63,2607,1654,-1,1,0,0,0,1,nil,nil
4/28 18:52:08.099  SPELL_HEAL,Player-4755-0210153A,"Hapuseneb-Dreadmist",0x514,0x0,Player-4755-0160BD13,"Mafkees-Dreadmist",0x514,0x0,2053,"Lesser Heal",0x2,Player-4755-0160BD13,0000000000000000,91,100,0,0,0,-1,0,0,0,0.54,-226.70,0,1.6399,64,428,428,0,0,nil
4/28 18:52:08.101  SWING_DAMAGE_LANDED,Player-4755-0220BD00,"Krikoff-Dreadmist",0x40514,0x0,Creature-0-4457-249-1045-10184-000028665C,"Onyxia",0x10a48,0x0,Creature-0-4457-249-1045-10184-000028665C,0000000000000000,17,100,0,0,0,-1,0,0,0,9.96,-202.99,0,0.2039,63,173,258,-1,1,0,0,0,nil,1,nil
4/28 18:52:08.101  SWING_DAMAGE_LANDED,Pet-0-4457-249-1045-2850-01001956F9,"Kratos",0x1114,0x0,Creature-0-4457-249-1045-10184-000028665C,"Onyxia",0x10a48,0x0,Creature-0-4457-249-1045-10184-000028665C,0000000000000000,17,100,0,0,0,-1,0,0,0,9.96,-202.99,0,0.2039,63,129,82,-1,1,0,0,0,1,nil,nil
4/28 18:52:08.101  SWING_DAMAGE_LANDED,Player-4755-01733879,"Hocwar-Dreadmist",0x40514,0x0,Creature-0-4457-249-1045-10184-000028665C,"Onyxia",0x10a48,0x0,Creature-0-4457-249-1045-10184-000028665C,0000000000000000,17,100,0,0,0,-1,0,0,0,9.96,-202.99,0,0.2039,63,223,318,-1,1,0,0,0,nil,1,nil
4/28 18:52:08.101  SPELL_AURA_APPLIED,Pet-0-4457-249-1045-416-01001C47E2,"Ababis",0x1114,0x0,Player-4755-01840577,"Raggèn-Dreadmist",0x514,0x0,11767,"Blood Pact",0x20,BUFF
4/28 18:52:08.101  SWING_DAMAGE,Player-4755-01637B0A,"Pindle-Dreadmist",0x514,0x0,Creature-0-4457-249-1045-10184-000028665C,"Onyxia",0x10a48,0x0,Player-4755-01637B0A,0000000000000000,100,100,0,0,0,-1,0,0,0,4.51,-190.16,0,4.9985,65,338,210,-1,1,0,0,0,1,nil,nil
4/28 18:52:08.119  SPELL_CAST_FAILED,Player-4755-01BC57A3,"Saintis-Dreadmist",0x511,0x0,0000000000000000,nil,0x80000000,0x80000000,6063,"Heal",0x2,"Interrupted"
4/28 18:52:08.136  SPELL_PERIODIC_DAMAGE,Player-4755-01614AC7,"Mirrimazduur-Dreadmist",0x512,0x0,Creature-0-4457-249-1045-10184-000028665C,"Onyxia",0x10a48,0x0,11672,"Corruption",0x20,Creature-0-4457-249-1045-10184-000028665C,0000000000000000,17,100,0,0,0,-1,0,0,0,9.96,-202.99,0,0.2039,63,208,188,-1,32,0,0,0,nil,nil,nil
4/28 18:52:08.199  SWING_DAMAGE,Player-4755-01F21AE6,"Blahu-Dreadmist",0x40514,0x0,Creature-0-4457-249-1045-10184-000028665C,"Onyxia",0x10a48,0x0,Player-4755-01F21AE6,0000000000000000,100,100,0,0,0,-1,0,0,0,10.99,-209.23,0,1.7086,70,114,143,-1,1,0,0,0,nil,nil,nil
4/28 18:52:08.257  SPELL_CAST_START,Player-4755-0178F576,"Atreas-Dreadmist",0x514,0x0,0000000000000000,nil,0x80000000,0x80000000,75,"Auto Shot",0x1
4/28 18:52:08.288  SPELL_DAMAGE,Player-4755-01614AC7,"Mirrimazduur-Dreadmist",0x512,0x0,Creature-0-4457-249-1045-10184-000028665C,"Onyxia",0x10a48,0x0,11661,"Shadow Bolt",0x20,Creature-0-4457-249-1045-10184-000028665C,0000000000000000,17,100,0,0,0,-1,0,0,0,9.96,-202.99,0,0.2039,63,975,885,-1,32,0,0,0,nil,nil,nil
4/28 18:52:08.335  SPELL_CAST_SUCCESS,Player-4755-01FA8DD8,"Roackerita-Dreadmist",0x514,0x0,Player-4755-01804B95,"Moymoy-Dreadmist",0x514,0x0,9474,"Flash Heal",0x2,Player-4755-01FA8DD8,0000000000000000,37,100,0,0,0,-1,0,0,0,19.33,-178.24,0,5.4424,69
4/28 18:52:08.418  RANGE_DAMAGE,Player-4755-01E83279,"Nlmasters-Dreadmist",0x514,0x8,Creature-0-4457-249-1045-10184-000028665C,"Onyxia",0x10a48,0x0,75,"Auto Shot",0x1,Creature-0-4457-249-1045-10184-000028665C,0000000000000000,17,100,0,0,0,-1,0,0,0,9.96,-202.99,0,0.2039,63,354,449,-1,1,0,0,0,nil,nil,nil
4/28 18:52:08.485  SPELL_ENERGIZE,Player-4755-0160BD13,"Mafkees-Dreadmist",0x514,0x0,Player-4755-0160BD13,"Mafkees-Dreadmist",0x514,0x0,12964,"Unbridled Wrath",0x1,Player-4755-0160BD13,0000000000000000,91,100,0,0,0,-1,0,0,0,-3.81,-237.43,0,1.3100,64,1.0000,0.0000,1,1000
4/28 18:52:08.485  SPELL_AURA_APPLIED_DOSE,Player-4755-01733879,"Hocwar-Dreadmist",0x40514,0x0,Player-4755-01733879,"Hocwar-Dreadmist",0x40514,0x0,12970,"Flurry",0x1,BUFF,3
4/28 18:52:08.485  SPELL_AURA_REMOVED_DOSE,Player-4755-0220BD00,"Krikoff-Dreadmist",0x40514,0x0,Player-4755-0220BD00,"Krikoff-Dreadmist",0x40514,0x0,14204,"Enrage",0x1,BUFF,6
4/28 18:52:08.485  SPELL_AURA_REMOVED_DOSE,Player-4755-0220BD00,"Krikoff-Dreadmist",0x40514,0x0,Player-4755-0220BD00,"Krikoff-Dreadmist",0x40514,0x0,23888,"Bloodthirst",0x1,BUFF,2
4/28 18:52:08.485  SPELL_HEAL,Player-4755-0220BD00,"Krikoff-Dreadmist",0x40514,0x0,Player-4755-0220BD00,"Krikoff-Dreadmist",0x40514,0x0,23891,"Bloodthirst",0x1,Player-4755-0220BD00,0000000000000000,49,100,0,0,0,-1,0,0,0,25.64,-199.75,0,3.4126,68,20,20,0,0,nil
4/28 18:52:08.485  SPELL_AURA_REMOVED_DOSE,Player-4755-01733879,"Hocwar-Dreadmist",0x40514,0x0,Player-4755-01733879,"Hocwar-Dreadmist",0x40514,0x0,12970,"Flurry",0x1,BUFF,2
4/28 18:52:08.485  SWING_DAMAGE_LANDED,Player-4755-01637B0A,"Pindle-Dreadmist",0x514,0x0,Creature-0-4457-249-1045-10184-000028665C,"Onyxia",0x10a48,0x0,Creature-0-4457-249-1045-10184-000028665C,0000000000000000,17,100,0,0,0,-1,0,0,0,9.96,-202.99,0,0.2039,63,338,210,-1,1,0,0,0,1,nil,nil
4/28 18:52:08.485  SWING_DAMAGE_LANDED,Player-4755-01F21AE6,"Blahu-Dreadmist",0x40514,0x0,Creature-0-4457-249-1045-10184-000028665C,"Onyxia",0x10a48,0x0,Creature-0-4457-249-1045-10184-000028665C,0000000000000000,17,100,0,0,0,-1,0,0,0,9.96,-202.99,0,0.2039,63,114,143,-1,1,0,0,0,nil,nil,nil
4/28 18:52:08.485  SPELL_HEAL,Player-4755-01FA8DD8,"Roackerita-Dreadmist",0x514,0x0,Player-4755-01804B95,"Moymoy-Dreadmist",0x514,0x0,9474,"Flash Heal",0x2,Player-4755-01804B95,0000000000000000,100,100,0,0,0,-1,0,0,0,12.50,-178.35,0,4.5021,66,1251,1251,1229,0,1
4/28 18:52:08.485  SPELL_CAST_START,Player-4755-01617EEE,"Fenix-Dreadmist",0x512,0x0,0000000000000000,nil,0x80000000,0x80000000,10963,"Greater Heal",0x2
4/28 18:52:08.549  SPELL_MISSED,Player-4755-0160BD13,"Mafkees-Dreadmist",0x514,0x0,Creature-0-4457-249-1045-10184-000028665C,"Onyxia",0x10a48,0x0,20615,"Intercept Stun",0x1,IMMUNE,nil
4/28 18:52:08.549  SPELL_CAST_SUCCESS,Player-4755-0160BD13,"Mafkees-Dreadmist",0x514,0x0,Creature-0-4457-249-1045-10184-000028665C,"Onyxia",0x10a48,0x0,20617,"Intercept",0x1,Player-4755-0160BD13,0000000000000000,91,100,0,0,0,-1,0,0,0,-4.83,-239.93,0,1.2983,64
4/28 18:52:08.567  SPELL_AURA_REMOVED,Player-4755-0160BD13,"Mafkees-Dreadmist",0x514,0x0,Creature-0-4457-249-1045-10184-000028665C,"Onyxia",0x10a48,0x0,11581,"Thunder Clap",0x1,DEBUFF
4/28 18:52:08.616  SPELL_CAST_SUCCESS,Player-4755-0178F576,"Atreas-Dreadmist",0x514,0x0,Creature-0-4457-249-1045-10184-000028665C,"Onyxia",0x10a48,0x0,75,"Auto Shot",0x1,Player-4755-0178F576,0000000000000000,99,100,0,0,0,-1,0,0,0,0.87,-171.31,0,4.9918,66
4/28 18:52:08.645  SPELL_CAST_SUCCESS,Player-4755-02045EF4,"Necrosini-Dreadmist",0x512,0x0,Player-4755-0220BD00,"Krikoff-Dreadmist",0x40514,0x0,6064,"Heal",0x2,Player-4755-02045EF4,0000000000000000,100,100,0,0,0,-1,0,0,0,10.57,-185.37,0,3.3258,69
4/28 18:52:08.661  SPELL_CAST_START,Player-4755-01FA8DD8,"Roackerita-Dreadmist",0x514,0x0,0000000000000000,nil,0x80000000,0x80000000,9474,"Flash Heal",0x2
4/28 18:52:08.677  SPELL_CAST_SUCCESS,Player-4755-015FEBD5,"Sauvage-Dreadmist",0x514,0x0,Creature-0-4457-249-1045-10184-000028665C,"Onyxia",0x10a48,0x0,10181,"Frostbolt",0x10,Player-4755-015FEBD5,0000000000000000,100,100,0,0,0,-1,0,0,0,-8.33,-235.99,0,1.0343,64
4/28 18:52:08.677  SPELL_AURA_REMOVED,Player-4755-015FEBD5,"Sauvage-Dreadmist",0x514,0x0,Player-4755-015FEBD5,"Sauvage-Dreadmist",0x514,0x0,12536,"Clearcasting",0x40,BUFF
4/28 18:52:08.677  SPELL_CAST_START,Player-4755-015FEBD5,"Sauvage-Dreadmist",0x514,0x0,0000000000000000,nil,0x80000000,0x80000000,10181,"Frostbolt",0x10
4/28 18:52:08.677  SPELL_PERIODIC_HEAL,Player-4755-0220BD00,"Krikoff-Dreadmist",0x40514,0x0,Player-4755-0220BD00,"Krikoff-Dreadmist",0x40514,0x0,24427,"Diamond Flask",0x8,Player-4755-0220BD00,0000000000000000,50,100,0,0,0,-1,0,0,0,25.64,-199.75,0,3.4126,68,9,9,0,0,nil
4/28 18:52:08.679  SPELL_AURA_REMOVED,Player-4755-0220BD00,"Krikoff-Dreadmist",0x40514,0x0,Player-4755-0220BD00,"Krikoff-Dreadmist",0x40514,0x0,24427,"Diamond Flask",0x8,BUFF
4/28 18:52:08.760  SPELL_CAST_SUCCESS,Player-4755-01614AC7,"Mirrimazduur-Dreadmist",0x512,0x0,0000000000000000,nil,0x80000000,0x80000000,11689,"Life Tap",0x20,Player-4755-01614AC7,0000000000000000,83,100,0,0,0,-1,0,0,0,10.90,-173.16,0,4.6718,68
4/28 18:52:08.774  SPELL_PERIODIC_ENERGIZE,Player-4755-0160BD13,"Mafkees-Dreadmist",0x514,0x0,Player-4755-0160BD13,"Mafkees-Dreadmist",0x514,0x0,29131,"Bloodrage",0x1,Player-4755-0160BD13,0000000000000000,91,100,0,0,0,-1,0,0,0,-3.47,-236.99,0,1.1382,64,1.0000,0.0000,1,1000
4/28 18:52:08.808  SPELL_DAMAGE,Player-4755-0178F576,"Atreas-Dreadmist",0x514,0x0,Creature-0-4457-249-1045-10184-000028665C,"Onyxia",0x10a48,0x0,20904,"Aimed Shot",0x1,Creature-0-4457-249-1045-10184-000028665C,0000000000000000,17,100,0,0,0,-1,0,0,0,9.96,-202.99,0,0.2039,63,855,1085,-1,1,0,0,0,nil,nil,nil
4/28 18:52:08.822  SPELL_AURA_REMOVED,Player-4755-0178F416,"Eltorero-Dreadmist",0x514,0x0,Player-4755-0178F416,"Eltorero-Dreadmist",0x514,0x0,23888,"Bloodthirst",0x1,BUFF
4/28 18:52:08.871  SWING_MISSED,Player-4755-01840577,"Raggèn-Dreadmist",0x514,0x0,Creature-0-4457-249-1045-10184-000028665C,"Onyxia",0x10a48,0x0,PARRY,nil
4/28 18:52:08.871  SPELL_AURA_REMOVED,Player-4755-0178F576,"Atreas-Dreadmist",0x514,0x0,Player-4755-0160BD13,"Mafkees-Dreadmist",0x514,0x0,20906,"Trueshot Aura",0x40,BUFF
4/28 18:52:08.894  SPELL_AURA_REMOVED_DOSE,Player-4755-01F21AE6,"Blahu-Dreadmist",0x40514,0x0,Player-4755-01F21AE6,"Blahu-Dreadmist",0x40514,0x0,12970,"Flurry",0x1,BUFF,2
4/28 18:52:08.894  SPELL_HEAL,Player-4755-02045EF4,"Necrosini-Dreadmist",0x512,0x0,Player-4755-0220BD00,"Krikoff-Dreadmist",0x40514,0x0,6064,"Heal",0x2,Player-4755-0220BD00,0000000000000000,67,100,0,0,0,-1,0,0,0,25.64,-199.75,0,3.4126,68,1134,1134,0,0,nil
4/28 18:52:08.894  SPELL_ENERGIZE,Player-4755-01614AC7,"Mirrimazduur-Dreadmist",0x512,0x0,Player-4755-01614AC7,"Mirrimazduur-Dreadmist",0x512,0x0,31818,"Life Tap",0x20,Player-4755-01614AC7,0000000000000000,83,100,0,0,0,-1,0,0,0,10.90,-173.16,0,4.6718,68,855.0000,0.0000,0,5098
4/28 18:52:08.894  SWING_MISSED,Player-4755-01733879,"Hocwar-Dreadmist",0x40514,0x0,Creature-0-4457-249-1045-10184-000028665C,"Onyxia",0x10a48,0x0,MISS,1
4/28 18:52:08.894  SWING_DAMAGE,Pet-0-4457-249-1045-2850-01001956F9,"Kratos",0x1114,0x0,Creature-0-4457-249-1045-10184-000028665C,"Onyxia",0x10a48,0x0,Pet-0-4457-249-1045-2850-01001956F9,Player-4755-0178F576,57,100,0,0,0,-1,0,0,0,8.87,-177.97,0,4.7559,66,33,72,-1,1,0,0,0,nil,1,nil
4/28 18:52:08.894  SWING_DAMAGE,Player-4755-01637B0A,"Pindle-Dreadmist",0x514,0x0,Creature-0-4457-249-1045-10184-000028665C,"Onyxia",0x10a48,0x0,Player-4755-01637B0A,0000000000000000,100,100,0,0,0,-1,0,0,0,5.40,-195.54,0,5.2675,65,75,95,-1,1,0,0,0,nil,nil,nil
4/28 18:52:08.925  SWING_DAMAGE,Player-4755-0178F416,"Eltorero-Dreadmist",0x514,0x0,Creature-0-4457-249-1045-10184-000028665C,"Onyxia",0x10a48,0x0,Player-4755-0178F416,0000000000000000,92,100,0,0,0,-1,0,0,0,10.27,-216.70,0,1.6568,67,351,673,-1,1,0,0,0,nil,1,nil
4/28 18:52:08.942  SPELL_CAST_SUCCESS,Player-4755-01ED7A64,"Sperzieboon-Dreadmist",0x514,0x0,Player-4755-0220BD00,"Krikoff-Dreadmist",0x40514,0x0,6063,"Heal",0x2,Player-4755-01ED7A64,0000000000000000,100,100,0,0,0,-1,0,0,0,15.53,-231.54,0,1.7126,67
4/28 18:52:09.054  SWING_DAMAGE,Player-4755-01A6B139,"Sakatan-Dreadmist",0x514,0x0,Creature-0-4457-249-1045-10184-000028665C,"Onyxia",0x10a48,0x0,Player-4755-01A6B139,0000000000000000,100,100,0,0,0,-1,0,0,0,2.83,-188.35,0,5.4631,69,169,213,-1,1,0,0,0,nil,nil,nil
4/28 18:52:09.091  SPELL_PERIODIC_ENERGIZE,Player-4755-01BC57A3,"Saintis-Dreadmist",0x511,0x0,Player-4755-01BC57A3,"Saintis-Dreadmist",0x511,0x0,18194,"Mana Regeneration",0x1,Player-4755-01BC57A3,0000000000000000,100,100,0,0,0,-1,0,0,0,19.63,-219.65,0,1.9402,68,8.0000,0.0000,0,7212
4/28 18:52:09.107  SPELL_CAST_SUCCESS,Player-4755-020BD78D,"Lonehunter-Dreadmist",0x514,0x0,Creature-0-4457-249-1045-10184-000028665C,"Onyxia",0x10a48,0x0,20904,"Aimed Shot",0x1,Player-4755-020BD78D,0000000000000000,99,100,0,0,0,-1,0,0,0,4.98,-250.25,0,1.4658,70
4/28 18:52:09.172  SWING_DAMAGE,Player-4755-01A6B139,"Sakatan-Dreadmist",0x514,0x0,Creature-0-4457-249-1045-10184-000028665C,"Onyxia",0x10a48,0x0,Player-4755-01A6B139,0000000000000000,100,100,0,0,0,-1,0,0,0,2.83,-188.35,0,5.4631,69,223,138,-1,1,0,0,0,1,nil,nil
4/28 18:52:09.191  SPELL_CAST_SUCCESS,Player-4755-0220BD00,"Krikoff-Dreadmist",0x40514,0x0,Creature-0-4457-249-1045-10184-000028665C,"Onyxia",0x10a48,0x0,11567,"Heroic Strike",0x1,Player-4755-0220BD00,0000000000000000,67,100,0,0,0,-1,0,0,0,25.64,-199.75,0,3.4126,68
4/28 18:52:09.280  SWING_DAMAGE,Creature-0-4457-249-1045-10184-000028665C,"Onyxia",0x10a48,0x0,Player-4755-0220BD00,"Krikoff-Dreadmist",0x40514,0x0,Creature-0-4457-249-1045-10184-000028665C,0000000000000000,17,100,0,0,0,-1,0,0,0,9.96,-202.99,0,0.2039,63,624,1605,-1,1,0,0,0,nil,nil,nil
4/28 18:52:09.280  SPELL_AURA_REMOVED,Player-4755-0178F576,"Atreas-Dreadmist",0x514,0x0,Player-4755-0178F576,"Atreas-Dreadmist",0x514,0x0,6150,"Quick Shots",0x1,BUFF
4/28 18:52:09.302  SPELL_AURA_APPLIED,Player-4755-01FA8DD8,"Roackerita-Dreadmist",0x514,0x0,Player-4755-01804B95,"Moymoy-Dreadmist",0x514,0x0,15359,"Inspiration",0x2,BUFF
4/28 18:52:09.302  SWING_DAMAGE_LANDED,Pet-0-4457-249-1045-2850-01001956F9,"Kratos",0x1114,0x0,Creature-0-4457-249-1045-10184-000028665C,"Onyxia",0x10a48,0x0,Creature-0-4457-249-1045-10184-000028665C,0000000000000000,17,100,0,0,0,-1,0,0,0,9.96,-202.99,0,0.2039,63,33,72,-1,1,0,0,0,nil,1,nil
4/28 18:52:09.302  SWING_DAMAGE_LANDED,Player-4755-01637B0A,"Pindle-Dreadmist",0x514,0x0,Creature-0-4457-249-1045-10184-000028665C,"Onyxia",0x10a48,0x0,Creature-0-4457-249-1045-10184-000028665C,0000000000000000,17,100,0,0,0,-1,0,0,0,9.96,-202.99,0,0.2039,63,75,95,-1,1,0,0,0,nil,nil,nil
4/28 18:52:09.302  SWING_DAMAGE_LANDED,Player-4755-0178F416,"Eltorero-Dreadmist",0x514,0x0,Creature-0-4457-249-1045-10184-000028665C,"Onyxia",0x10a48,0x0,Creature-0-4457-249-1045-10184-000028665C,0000000000000000,17,100,0,0,0,-1,0,0,0,9.96,-202.99,0,0.2039,63,351,673,-1,1,0,0,0,nil,1,nil
4/28 18:52:09.302  SPELL_HEAL,Player-4755-01ED7A64,"Sperzieboon-Dreadmist",0x514,0x0,Player-4755-0220BD00,"Krikoff-Dreadmist",0x40514,0x0,6063,"Heal",0x2,Player-4755-0220BD00,0000000000000000,85,100,0,0,0,-1,0,0,0,25.64,-199.75,0,3.4126,68,1165,1165,0,0,nil
4/28 18:52:09.302  SWING_DAMAGE_LANDED,Player-4755-01A6B139,"Sakatan-Dreadmist",0x514,0x0,Creature-0-4457-249-1045-10184-000028665C,"Onyxia",0x10a48,0x0,Creature-0-4457-249-1045-10184-000028665C,0000000000000000,17,100,0,0,0,-1,0,0,0,9.96,-202.99,0,0.2039,63,169,213,-1,1,0,0,0,nil,nil,nil
4/28 18:52:09.302  SWING_DAMAGE_LANDED,Player-4755-01A6B139,"Sakatan-Dreadmist",0x514,0x0,Creature-0-4457-249-1045-10184-000028665C,"Onyxia",0x10a48,0x0,Creature-0-4457-249-1045-10184-000028665C,0000000000000000,17,100,0,0,0,-1,0,0,0,9.96,-202.99,0,0.2039,63,223,138,-1,1,0,0,0,1,nil,nil
4/28 18:52:09.304  SPELL_DAMAGE,Player-4755-01A6B139,"Sakatan-Dreadmist",0x514,0x0,Creature-0-4457-249-1045-10184-000028665C,"Onyxia",0x10a48,0x0,11337,"Instant Poison VI",0x8,Creature-0-4457-249-1045-10184-000028665C,0000000000000000,17,100,0,0,0,-1,0,0,0,9.96,-202.99,0,0.2039,63,118,118,-1,8,0,0,0,nil,nil,nil
4/28 18:52:09.304  SPELL_DAMAGE,Player-4755-0220BD00,"Krikoff-Dreadmist",0x40514,0x0,Creature-0-4457-249-1045-10184-000028665C,"Onyxia",0x10a48,0x0,11567,"Heroic Strike",0x1,Creature-0-4457-249-1045-10184-000028665C,0000000000000000,17,100,0,0,0,-1,0,0,0,9.96,-202.99,0,0.2039,63,443,561,-1,1,0,0,0,nil,nil,nil
4/28 18:52:09.304  SWING_DAMAGE_LANDED,Creature-0-4457-249-1045-10184-000028665C,"Onyxia",0x10a48,0x0,Player-4755-0220BD00,"Krikoff-Dreadmist",0x40514,0x0,Player-4755-0220BD00,0000000000000000,76,100,0,0,0,-1,0,0,0,25.64,-199.75,0,3.4126,68,624,1605,-1,1,0,0,0,nil,nil,nil
4/28 18:52:09.304  SPELL_CAST_START,Player-4755-01BC57A3,"Saintis-Dreadmist",0x511,0x0,0000000000000000,nil,0x80000000,0x80000000,6063,"Heal",0x2
4/28 18:52:09.304  SPELL_CAST_SUCCESS,Player-4755-01F21AE6,"Blahu-Dreadmist",0x40514,0x0,Creature-0-4457-249-1045-10184-000028665C,"Onyxia",0x10a48,0x0,11567,"Heroic Strike",0x1,Player-4755-01F21AE6,0000000000000000,100,100,0,0,0,-1,0,0,0,11.90,-209.11,0,1.6641,70
4/28 18:52:09.304  SPELL_MISSED,Player-4755-01F21AE6,"Blahu-Dreadmist",0x40514,0x0,Creature-0-4457-249-1045-10184-000028665C,"Onyxia",0x10a48,0x0,11567,"Heroic Strike",0x1,MISS,nil
4/28 18:52:09.304  SPELL_AURA_REMOVED_DOSE,Player-4755-01F21AE6,"Blahu-Dreadmist",0x40514,0x0,Player-4755-01F21AE6,"Blahu-Dreadmist",0x40514,0x0,12970,"Flurry",0x1,BUFF,1
4/28 18:52:09.304  SWING_MISSED,Player-4755-01733879,"Hocwar-Dreadmist",0x40514,0x0,Creature-0-4457-249-1045-10184-000028665C,"Onyxia",0x10a48,0x0,MISS,nil
4/28 18:52:09.388  SPELL_CAST_START,Player-4755-01E83279,"Nlmasters-Dreadmist",0x514,0x8,0000000000000000,nil,0x80000000,0x80000000,75,"Auto Shot",0x1
4/28 18:52:09.404  SPELL_AURA_REMOVED,Player-4755-0160BD13,"Mafkees-Dreadmist",0x514,0x0,Player-4755-0160BD13,"Mafkees-Dreadmist",0x514,0x0,18499,"Berserker Rage",0x1,BUFF
4/28 18:52:09.419  SPELL_CAST_START,Player-4755-020BD78D,"Lonehunter-Dreadmist",0x514,0x0,0000000000000000,nil,0x80000000,0x80000000,75,"Auto Shot",0x1
4/28 18:52:09.434  RANGE_DAMAGE,Player-4755-0178F576,"Atreas-Dreadmist",0x514,0x0,Creature-0-4457-249-1045-10184-000028665C,"Onyxia",0x10a48,0x0,75,"Auto Shot",0x1,Creature-0-4457-249-1045-10184-000028665C,0000000000000000,17,100,0,0,0,-1,0,0,0,9.96,-202.99,0,0.2039,63,399,505,-1,1,0,0,0,nil,nil,nil
4/28 18:52:09.449  SPELL_CAST_SUCCESS,Player-4755-01F21AE6,"Blahu-Dreadmist",0x40514,0x0,Creature-0-4457-249-1045-10184-000028665C,"Onyxia",0x10a48,0x0,11597,"Sunder Armor",0x1,Player-4755-01F21AE6,0000000000000000,100,100,0,0,0,-1,0,0,0,11.90,-209.11,0,1.6641,70
4/28 18:52:09.449  SPELL_MISSED,Player-4755-01F21AE6,"Blahu-Dreadmist",0x40514,0x0,Creature-0-4457-249-1045-10184-000028665C,"Onyxia",0x10a48,0x0,11597,"Sunder Armor",0x1,PARRY,nil
4/28 18:52:09.489  SWING_DAMAGE,Player-4755-01637B0A,"Pindle-Dreadmist",0x514,0x0,Creature-0-4457-249-1045-10184-000028665C,"Onyxia",0x10a48,0x0,Player-4755-01637B0A,0000000000000000,100,100,0,0,0,-1,0,0,0,6.14,-196.59,0,5.3657,65,149,189,-1,1,0,0,0,nil,nil,nil
4/28 18:52:09.508  SPELL_CAST_SUCCESS,Player-4755-01A6B139,"Sakatan-Dreadmist",0x514,0x0,Creature-0-4457-249-1045-10184-000028665C,"Onyxia",0x10a48,0x0,11281,"Backstab",0x1,Player-4755-01A6B139,0000000000000000,100,100,0,0,0,-1,0,0,0,2.83,-188.35,0,5.4631,69
4/28 18:52:09.573  SPELL_CAST_SUCCESS,Player-4755-0160BD13,"Mafkees-Dreadmist",0x514,0x0,Creature-0-4457-249-1045-10184-000028665C,"Onyxia",0x10a48,0x0,23894,"Bloodthirst",0x1,Player-4755-0160BD13,0000000000000000,91,100,0,0,0,-1,0,0,0,1.81,-223.38,0,1.1840,64
4/28 18:52:09.573  SPELL_AURA_APPLIED,Player-4755-0160BD13,"Mafkees-Dreadmist",0x514,0x0,Player-4755-0160BD13,"Mafkees-Dreadmist",0x514,0x0,10610,"Windfury Totem",0x8,BUFF
4/28 18:52:09.573  SPELL_EXTRA_ATTACKS,Player-4755-0160BD13,"Mafkees-Dreadmist",0x514,0x0,Player-4755-0160BD13,"Mafkees-Dreadmist",0x514,0x0,10610,"Windfury Totem",0x8,1
4/28 18:52:09.573  SWING_DAMAGE,Player-4755-01F21AE6,"Blahu-Dreadmist",0x40514,0x0,Creature-0-4457-249-1045-10184-000028665C,"Onyxia",0x10a48,0x0,Player-4755-01F21AE6,0000000000000000,100,100,0,0,0,-1,0,0,0,11.90,-209.11,0,1.6615,70,82,124,-1,1,0,0,0,nil,1,nil
4/28 18:52:09.573  SWING_DAMAGE,Player-4755-0160BD13,"Mafkees-Dreadmist",0x514,0x0,Creature-0-4457-249-1045-10184-000028665C,"Onyxia",0x10a48,0x0,Player-4755-0160BD13,0000000000000000,91,100,0,0,0,-1,0,0,0,1.81,-223.38,0,1.1840,64,869,551,-1,1,0,0,0,1,nil,nil
4/28 18:52:09.657  SWING_MISSED,Player-4755-01AC9FD9,"Alexinho-Dreadmist",0x514,0x0,Creature-0-4457-249-1045-10184-000028665C,"Onyxia",0x10a48,0x0,DODGE,nil
4/28 18:52:09.693  SPELL_AURA_REMOVED_DOSE,Player-4755-01733879,"Hocwar-Dreadmist",0x40514,0x0,Player-4755-01733879,"Hocwar-Dreadmist",0x40514,0x0,12970,"Flurry",0x1,BUFF,1
4/28 18:52:09.693  SPELL_AURA_REMOVED_DOSE,Player-4755-0178F416,"Eltorero-Dreadmist",0x514,0x0,Player-4755-0178F416,"Eltorero-Dreadmist",0x514,0x0,12970,"Flurry",0x1,BUFF,1
4/28 18:52:09.693  SPELL_AURA_REMOVED_DOSE,Player-4755-0220BD00,"Krikoff-Dreadmist",0x40514,0x0,Player-4755-0220BD00,"Krikoff-Dreadmist",0x40514,0x0,14204,"Enrage",0x1,BUFF,5
4/28 18:52:09.694  SPELL_AURA_REMOVED_DOSE,Player-4755-0220BD00,"Krikoff-Dreadmist",0x40514,0x0,Player-4755-0220BD00,"Krikoff-Dreadmist",0x40514,0x0,23888,"Bloodthirst",0x1,BUFF,1
4/28 18:52:09.694  SPELL_HEAL,Player-4755-0220BD00,"Krikoff-Dreadmist",0x40514,0x0,Player-4755-0220BD00,"Krikoff-Dreadmist",0x40514,0x0,23891,"Bloodthirst",0x1,Player-4755-0220BD00,0000000000000000,76,100,0,0,0,-1,0,0,0,25.64,-199.75,0,3.4126,68,20,20,0,0,nil
4/28 18:52:09.694  DAMAGE_SHIELD_MISSED,Player-4755-0220BD00,"Krikoff-Dreadmist",0x40514,0x0,Creature-0-4457-249-1045-10184-000028665C,"Onyxia",0x10a48,0x0,11771,"Fire Shield",0x4,IMMUNE,nil
4/28 18:52:09.694  SWING_DAMAGE_LANDED,Player-4755-01637B0A,"Pindle-Dreadmist",0x514,0x0,Creature-0-4457-249-1045-10184-000028665C,"Onyxia",0x10a48,0x0,Creature-0-4457-249-1045-10184-000028665C,0000000000000000,17,100,0,0,0,-1,0,0,0,9.96,-202.99,0,0.2039,63,149,189,-1,1,0,0,0,nil,nil,nil
4/28 18:52:09.694  SPELL_DAMAGE,Player-4755-01A6B139,"Sakatan-Dreadmist",0x514,0x0,Creature-0-4457-249-1045-10184-000028665C,"Onyxia",0x10a48,0x0,11281,"Backstab",0x1,Creature-0-4457-249-1045-10184-000028665C,0000000000000000,17,100,0,0,0,-1,0,0,0,9.96,-202.99,0,0.2039,63,480,610,-1,1,0,0,0,nil,nil,nil
4/28 18:52:09.694  SPELL_DAMAGE,Player-4755-0160BD13,"Mafkees-Dreadmist",0x514,0x0,Creature-0-4457-249-1045-10184-000028665C,"Onyxia",0x10a48,0x0,23894,"Bloodthirst",0x1,Creature-0-4457-249-1045-10184-000028665C,0000000000000000,17,100,0,0,0,-1,0,0,0,9.96,-202.99,0,0.2039,63,388,492,-1,1,0,0,0,nil,nil,nil
4/28 18:52:09.694  SPELL_AURA_APPLIED_DOSE,Player-4755-0160BD13,"Mafkees-Dreadmist",0x514,0x0,Player-4755-0160BD13,"Mafkees-Dreadmist",0x514,0x0,23888,"Bloodthirst",0x1,BUFF,5
4/28 18:52:09.694  SWING_DAMAGE_LANDED,Player-4755-01F21AE6,"Blahu-Dreadmist",0x40514,0x0,Creature-0-4457-249-1045-10184-000028665C,"Onyxia",0x10a48,0x0,Creature-0-4457-249-1045-10184-000028665C,0000000000000000,17,100,0,0,0,-1,0,0,0,9.96,-202.99,0,0.2039,63,82,124,-1,1,0,0,0,nil,1,nil
4/28 18:52:09.694  SWING_DAMAGE_LANDED,Player-4755-0160BD13,"Mafkees-Dreadmist",0x514,0x0,Creature-0-4457-249-1045-10184-000028665C,"Onyxia",0x10a48,0x0,Creature-0-4457-249-1045-10184-000028665C,0000000000000000,17,100,0,0,0,-1,0,0,0,9.96,-202.99,0,0.2039,63,869,551,-1,1,0,0,0,1,nil,nil
4/28 18:52:09.781  SPELL_PERIODIC_ENERGIZE,Player-4755-0160BD13,"Mafkees-Dreadmist",0x514,0x0,Player-4755-0160BD13,"Mafkees-Dreadmist",0x514,0x0,29131,"Bloodrage",0x1,Player-4755-0160BD13,0000000000000000,91,100,0,0,0,-1,0,0,0,2.14,-222.55,0,1.2315,64,1.0000,0.0000,1,1000
4/28 18:52:09.832  SPELL_CAST_SUCCESS,Player-4755-01E83279,"Nlmasters-Dreadmist",0x514,0x8,Creature-0-4457-249-1045-10184-000028665C,"Onyxia",0x10a48,0x0,75,"Auto Shot",0x1,Player-4755-01E83279,0000000000000000,100,100,0,0,0,-1,0,0,0,15.93,-247.88,0,1.7030,71
4/28 18:52:09.864  SPELL_CAST_SUCCESS,Player-4755-020BD78D,"Lonehunter-Dreadmist",0x514,0x0,Creature-0-4457-249-1045-10184-000028665C,"Onyxia",0x10a48,0x0,75,"Auto Shot",0x1,Player-4755-020BD78D,0000000000000000,99,100,0,0,0,-1,0,0,0,4.98,-250.25,0,1.4658,70
4/28 18:52:09.864  SPELL_CAST_START,Player-4755-020BD78D,"Lonehunter-Dreadmist",0x514,0x0,0000000000000000,nil,0x80000000,0x80000000,14290,"Multi-Shot",0x1
4/28 18:52:09.882  SWING_MISSED,Pet-0-4457-249-1045-2850-01001956F9,"Kratos",0x1114,0x0,Creature-0-4457-249-1045-10184-000028665C,"Onyxia",0x10a48,0x0,PARRY,nil
4/28 18:52:09.993  SWING_DAMAGE,Player-4755-01637B0A,"Pindle-Dreadmist",0x514,0x0,Creature-0-4457-249-1045-10184-000028665C,"Onyxia",0x10a48,0x0,Player-4755-01637B0A,0000000000000000,100,100,0,0,0,-1,0,0,0,6.14,-196.59,0,5.3598,65,173,107,-1,1,0,0,0,1,nil,nil
4/28 18:52:10.008  SWING_MISSED,Player-4755-01AC9FD9,"Alexinho-Dreadmist",0x514,0x0,Creature-0-4457-249-1045-10184-000028665C,"Onyxia",0x10a48,0x0,MISS,1
4/28 18:52:10.025  SPELL_DAMAGE,Player-4755-015FEBD5,"Sauvage-Dreadmist",0x514,0x0,Creature-0-4457-249-1045-10184-000028665C,"Onyxia",0x10a48,0x0,10181,"Frostbolt",0x10,Creature-0-4457-249-1045-10184-000028665C,0000000000000000,16,100,0,0,0,-1,0,0,0,9.96,-202.99,0,0.2039,63,895,813,-1,16,0,0,0,nil,nil,nil
4/28 18:52:10.041  SPELL_PERIODIC_DAMAGE,Player-4755-0178F416,"Eltorero-Dreadmist",0x514,0x0,Creature-0-4457-249-1045-10184-000028665C,"Onyxia",0x10a48,0x0,12721,"Deep Wound",0x1,Creature-0-4457-249-1045-10184-000028665C,0000000000000000,16,100,0,0,0,-1,0,0,0,9.96,-202.99,0,0.2039,63,93,93,-1,1,0,0,0,nil,nil,nil
4/28 18:52:10.107  SPELL_AURA_REMOVED,Player-4755-01F21AE6,"Blahu-Dreadmist",0x40514,0x0,Player-4755-01F21AE6,"Blahu-Dreadmist",0x40514,0x0,12970,"Flurry",0x1,BUFF
4/28 18:52:10.107  SPELL_AURA_REMOVED,Player-4755-01733879,"Hocwar-Dreadmist",0x40514,0x0,Player-4755-01733879,"Hocwar-Dreadmist",0x40514,0x0,12970,"Flurry",0x1,BUFF
4/28 18:52:10.107  SPELL_AURA_REMOVED_DOSE,Player-4755-0160BD13,"Mafkees-Dreadmist",0x514,0x0,Player-4755-0160BD13,"Mafkees-Dreadmist",0x514,0x0,23888,"Bloodthirst",0x1,BUFF,4
4/28 18:52:10.107  SPELL_HEAL,Player-4755-0160BD13,"Mafkees-Dreadmist",0x514,0x0,Player-4755-0160BD13,"Mafkees-Dreadmist",0x514,0x0,23891,"Bloodthirst",0x1,Player-4755-0160BD13,0000000000000000,92,100,0,0,0,-1,0,0,0,2.07,-222.12,0,1.2158,64,20,20,0,0,nil
4/28 18:52:10.107  SPELL_AURA_REMOVED_DOSE,Player-4755-0160BD13,"Mafkees-Dreadmist",0x514,0x0,Player-4755-0160BD13,"Mafkees-Dreadmist",0x514,0x0,23888,"Bloodthirst",0x1,BUFF,3
4/28 18:52:10.107  SPELL_AURA_REMOVED_DOSE,Player-4755-0160BD13,"Mafkees-Dreadmist",0x514,0x0,Player-4755-0160BD13,"Mafkees-Dreadmist",0x514,0x0,10610,"Windfury Totem",0x8,BUFF,1
4/28 18:52:10.107  SPELL_AURA_APPLIED,Player-4755-0160BD13,"Mafkees-Dreadmist",0x514,0x0,Player-4755-0160BD13,"Mafkees-Dreadmist",0x514,0x0,12970,"Flurry",0x1,BUFF
4/28 18:52:10.107  SPELL_HEAL,Player-4755-0160BD13,"Mafkees-Dreadmist",0x514,0x0,Player-4755-0160BD13,"Mafkees-Dreadmist",0x514,0x0,23891,"Bloodthirst",0x1,Player-4755-0160BD13,0000000000000000,92,100,0,0,0,-1,0,0,0,2.07,-222.12,0,1.2158,64,20,20,0,0,nil
4/28 18:52:10.107  SPELL_DAMAGE,Player-4755-0178F416,"Eltorero-Dreadmist",0x514,0x0,Creature-0-4457-249-1045-10184-000028665C,"Onyxia",0x10a48,0x0,20647,"Execute",0x1,Creature-0-4457-249-1045-10184-000028665C,0000000000000000,16,100,0,0,0,-1,0,0,0,9.96,-202.99,0,0.2039,63,719,912,-1,1,0,0,0,nil,nil,nil
4/28 18:52:10.107  SWING_DAMAGE_LANDED,Player-4755-01637B0A,"Pindle-Dreadmist",0x514,0x0,Creature-0-4457-249-1045-10184-000028665C,"Onyxia",0x10a48,0x0,Creature-0-4457-249-1045-10184-000028665C,0000000000000000,16,100,0,0,0,-1,0,0,0,9.96,-202.99,0,0.2039,63,173,107,-1,1,0,0,0,1,nil,nil
4/28 18:52:10.107  SPELL_CAST_START,Player-4755-0178F576,"Atreas-Dreadmist",0x514,0x0,0000000000000000,nil,0x80000000,0x80000000,75,"Auto Shot",0x1
4/28 18:52:10.126  SWING_DAMAGE,Player-4755-01733879,"Hocwar-Dreadmist",0x40514,0x0,Creature-0-4457-249-1045-10184-000028665C,"Onyxia",0x10a48,0x0,Player-4755-01733879,0000000000000000,98,100,0,0,0,-1,0,0,0,7.33,-194.48,0,4.8233,71,105,157,-1,1,0,0,0,nil,1,nil
4/28 18:52:10.159  SPELL_CAST_SUCCESS,Player-4755-01804B95,"Moymoy-Dreadmist",0x514,0x0,Player-4755-0220BD00,"Krikoff-Dreadmist",0x40514,0x0,939,"Healing Wave",0x8,Player-4755-01804B95,0000000000000000,100,100,0,0,0,-1,0,0,0,12.50,-178.35,0,4.5021,66
4/28 18:52:10.159  SPELL_CAST_SUCCESS,Player-4755-01FA8DD8,"Roackerita-Dreadmist",0x514,0x0,Player-4755-0220BD00,"Krikoff-Dreadmist",0x40514,0x0,9474,"Flash Heal",0x2,Player-4755-01FA8DD8,0000000000000000,37,100,0,0,0,-1,0,0,0,19.33,-178.24,0,5.4424,69
4/28 18:52:10.256  SPELL_CAST_FAILED,Player-4755-01BC57A3,"Saintis-Dreadmist",0x511,0x0,0000000000000000,nil,0x80000000,0x80000000,6063,"Heal",0x2,"Interrupted"
4/28 18:52:10.257  SPELL_CAST_SUCCESS,Player-4755-01AC9FD9,"Alexinho-Dreadmist",0x514,0x0,Creature-0-4457-249-1045-10184-000028665C,"Onyxia",0x10a48,0x0,11294,"Sinister Strike",0x1,Player-4755-01AC9FD9,0000000000000000,88,100,0,0,0,-1,0,0,0,9.32,-187.00,0,5.4301,66
4/28 18:52:10.257  SPELL_MISSED,Player-4755-01AC9FD9,"Alexinho-Dreadmist",0x514,0x0,Creature-0-4457-249-1045-10184-000028665C,"Onyxia",0x10a48,0x0,11294,"Sinister Strike",0x1,PARRY,nil
4/28 18:52:10.257  SPELL_CAST_START,Player-4755-01614AC7,"Mirrimazduur-Dreadmist",0x512,0x0,0000000000000000,nil,0x80000000,0x80000000,11661,"Shadow Bolt",0x20
4/28 18:52:10.290  SPELL_PERIODIC_DAMAGE,Player-4755-01F21AE6,"Blahu-Dreadmist",0x40514,0x0,Creature-0-4457-249-1045-10184-000028665C,"Onyxia",0x10a48,0x0,11574,"Rend",0x1,Creature-0-4457-249-1045-10184-000028665C,0000000000000000,16,100,0,0,0,-1,0,0,0,9.96,-202.99,0,0.2039,63,19,18,-1,1,0,0,0,nil,nil,nil
4/28 18:52:10.290  SWING_DAMAGE,Creature-0-4457-249-1045-10184-000028665C,"Onyxia",0x10a48,0x0,Player-4755-0220BD00,"Krikoff-Dreadmist",0x40514,0x0,Creature-0-4457-249-1045-10184-000028665C,0000000000000000,16,100,0,0,0,-1,0,0,0,9.96,-202.99,0,0.2039,63,876,1501,-1,1,0,0,0,nil,nil,1
4/28 18:52:10.305  SPELL_CAST_SUCCESS,Player-4755-020BD78D,"Lonehunter-Dreadmist",0x514,0x0,Creature-0-4457-249-1045-10184-000028665C,"Onyxia",0x10a48,0x0,14290,"Multi-Shot",0x1,Player-4755-020BD78D,0000000000000000,99,100,0,0,0,-1,0,0,0,4.98,-250.25,0,1.4658,70
4/28 18:52:10.305  SPELL_DAMAGE,Player-4755-020BD78D,"Lonehunter-Dreadmist",0x514,0x0,Creature-0-4457-249-1045-10184-000028665C,"Onyxia",0x10a48,0x0,20904,"Aimed Shot",0x1,Creature-0-4457-249-1045-10184-000028665C,0000000000000000,16,100,0,0,0,-1,0,0,0,9.96,-202.99,0,0.2039,63,896,1137,-1,1,0,0,0,nil,nil,nil
4/28 18:52:10.369  SPELL_CAST_SUCCESS,Player-4755-01802FE5,"Angrybat-Dreadmist",0x514,0x0,Creature-0-4457-249-1045-10184-000028665C,"Onyxia",0x10a48,0x0,10181,"Frostbolt",0x10,Player-4755-01802FE5,0000000000000000,79,100,0,0,0,-1,0,0,0,-1.55,-177.25,0,5.1386,66
4/28 18:52:10.369  SPELL_CAST_START,Player-4755-01802FE5,"Angrybat-Dreadmist",0x514,0x0,0000000000000000,nil,0x80000000,0x80000000,10181,"Frostbolt",0x10
4/28 18:52:10.426  SPELL_CAST_START,Player-4755-01BC57A3,"Saintis-Dreadmist",0x511,0x0,0000000000000000,nil,0x80000000,0x80000000,6063,"Heal",0x2
4/28 18:52:10.443  SPELL_CAST_SUCCESS,Player-4755-0163DD9D,"Kaspais-Dreadmist",0x514,0x0,Creature-0-4457-249-1045-10184-000028665C,"Onyxia",0x10a48,0x0,10181,"Frostbolt",0x10,Player-4755-0163DD9D,0000000000000000,100,100,0,0,0,-1,0,0,0,11.51,-177.19,0,4.6873,66
4/28 18:52:10.443  SPELL_CAST_START,Player-4755-0163DD9D,"Kaspais-Dreadmist",0x514,0x0,0000000000000000,nil,0x80000000,0x80000000,10181,"Frostbolt",0x10
4/28 18:52:10.443  SPELL_CAST_START,Player-4755-01F36B30,"Rectumqeef-Dreadmist",0x514,0x0,0000000000000000,nil,0x80000000,0x80000000,11672,"Corruption",0x20
4/28 18:52:10.443  SPELL_CAST_SUCCESS,Player-4755-01F36B30,"Rectumqeef-Dreadmist",0x514,0x0,Creature-0-4457-249-1045-10184-000028665C,"Onyxia",0x10a48,0x0,11672,"Corruption",0x20,Player-4755-01F36B30,0000000000000000,100,100,0,0,0,-1,0,0,0,12.86,-175.99,0,4.6185,66
4/28 18:52:10.515  SPELL_AURA_APPLIED,Player-4755-0160BD13,"Mafkees-Dreadmist",0x514,0x0,Creature-0-4457-249-1045-10184-000028665C,"Onyxia",0x10a48,0x0,12721,"Deep Wound",0x1,DEBUFF
4/28 18:52:10.515  SWING_DAMAGE_LANDED,Player-4755-01733879,"Hocwar-Dreadmist",0x40514,0x0,Creature-0-4457-249-1045-10184-000028665C,"Onyxia",0x10a48,0x0,Creature-0-4457-249-1045-10184-000028665C,0000000000000000,16,100,0,0,0,-1,0,0,0,9.96,-202.99,0,0.2039,63,105,157,-1,1,0,0,0,nil,1,nil
4/28 18:52:10.515  SPELL_HEAL,Player-4755-01804B95,"Moymoy-Dreadmist",0x514,0x0,Player-4755-0220BD00,"Krikoff-Dreadmist",0x40514,0x0,939,"Healing Wave",0x8,Player-4755-0220BD00,0000000000000000,91,100,0,0,0,-1,0,0,0,25.64,-199.75,0,3.4126,68,942,942,0,0,nil
4/28 18:52:10.515  SPELL_HEAL,Player-4755-01FA8DD8,"Roackerita-Dreadmist",0x514,0x0,Player-4755-0220BD00,"Krikoff-Dreadmist",0x40514,0x0,9474,"Flash Heal",0x2,Player-4755-0220BD00,0000000000000000,100,100,0,0,0,-1,0,0,0,25.64,-199.75,0,3.4126,68,816,816,207,0,nil
4/28 18:52:10.515  SWING_DAMAGE_LANDED,Creature-0-4457-249-1045-10184-000028665C,"Onyxia",0x10a48,0x0,Player-4755-0220BD00,"Krikoff-Dreadmist",0x40514,0x0,Player-4755-0220BD00,0000000000000000,86,100,0,0,0,-1,0,0,0,25.64,-199.75,0,3.4126,68,876,1501,-1,1,0,0,0,nil,nil,1
4/28 18:52:10.515  SPELL_AURA_APPLIED,Player-4755-01F36B30,"Rectumqeef-Dreadmist",0x514,0x0,Creature-0-4457-249-1045-10184-000028665C,"Onyxia",0x10a48,0x0,11672,"Corruption",0x20,DEBUFF
4/28 18:52:10.545  SWING_DAMAGE,Player-4755-0220BD00,"Krikoff-Dreadmist",0x40514,0x0,Creature-0-4457-249-1045-10184-000028665C,"Onyxia",0x10a48,0x0,Player-4755-0220BD00,0000000000000000,86,100,0,0,0,-1,0,0,0,25.64,-199.75,0,3.4126,68,391,248,-1,1,0,0,0,1,nil,nil
4/28 18:52:10.545  SPELL_CAST_SUCCESS,Player-4755-0178F576,"Atreas-Dreadmist",0x514,0x0,Creature-0-4457-249-1045-10184-000028665C,"Onyxia",0x10a48,0x0,75,"Auto Shot",0x1,Player-4755-0178F576,0000000000000000,99,100,0,0,0,-1,0,0,0,0.87,-171.31,0,4.9918,66
4/28 18:52:10.616  SPELL_CAST_START,Player-4755-01E83279,"Nlmasters-Dreadmist",0x514,0x8,0000000000000000,nil,0x80000000,0x80000000,2643,"Multi-Shot",0x1
4/28 18:52:10.672  SPELL_CAST_SUCCESS,Player-4755-02045EF4,"Necrosini-Dreadmist",0x512,0x0,Player-4755-0220BD00,"Krikoff-Dreadmist",0x40514,0x0,10929,"Renew",0x2,Player-4755-02045EF4,0000000000000000,100,100,0,0,0,-1,0,0,0,10.57,-185.37,0,3.3925,69
4/28 18:52:10.770  SPELL_PERIODIC_ENERGIZE,Player-4755-0160BD13,"Mafkees-Dreadmist",0x514,0x0,Player-4755-0160BD13,"Mafkees-Dreadmist",0x514,0x0,29131,"Bloodrage",0x1,Player-4755-0160BD13,0000000000000000,92,100,0,0,0,-1,0,0,0,5.90,-219.23,0,1.3057,64,1.0000,0.0000,1,1000
4/28 18:52:10.786  SPELL_AURA_REMOVED,Player-4755-01733879,"Hocwar-Dreadmist",0x40514,0x0,Player-4755-01733879,"Hocwar-Dreadmist",0x40514,0x0,1719,"Recklessness",0x1,BUFF
4/28 18:52:10.862  SWING_DAMAGE,Player-4755-01637B0A,"Pindle-Dreadmist",0x514,0x0,Creature-0-4457-249-1045-10184-000028665C,"Onyxia",0x10a48,0x0,Player-4755-01637B0A,0000000000000000,100,100,0,0,0,-1,0,0,0,6.14,-196.59,0,5.4187,65,282,175,-1,1,0,0,0,1,nil,nil
4/28 18:52:10.879  SPELL_MISSED,Player-4755-01733879,"Hocwar-Dreadmist",0x40514,0x0,Creature-0-4457-249-1045-10184-000028665C,"Onyxia",0x10a48,0x0,23267,"Firebolt",0x4,IMMUNE,nil
4/28 18:52:10.879  SPELL_AURA_APPLIED,Player-4755-01733879,"Hocwar-Dreadmist",0x40514,0x0,Player-4755-01733879,"Hocwar-Dreadmist",0x40514,0x0,10610,"Windfury Totem",0x8,BUFF
4/28 18:52:10.879  SPELL_EXTRA_ATTACKS,Player-4755-01733879,"Hocwar-Dreadmist",0x40514,0x0,Player-4755-01733879,"Hocwar-Dreadmist",0x40514,0x0,10610,"Windfury Totem",0x8,1
4/28 18:52:10.879  SWING_DAMAGE,Player-4755-01733879,"Hocwar-Dreadmist",0x40514,0x0,Creature-0-4457-249-1045-10184-000028665C,"Onyxia",0x10a48,0x0,Player-4755-01733879,0000000000000000,98,100,0,0,0,-1,0,0,0,7.04,-194.51,0,4.9765,71,183,282,-1,1,0,0,0,nil,1,nil
4/28 18:52:10.879  SPELL_CAST_START,Player-4755-0178F576,"Atreas-Dreadmist",0x514,0x0,0000000000000000,nil,0x80000000,0x80000000,14290,"Multi-Shot",0x1
4/28 18:52:10.901  SWING_MISSED,Pet-0-4457-249-1045-2850-01001956F9,"Kratos",0x1114,0x0,Creature-0-4457-249-1045-10184-000028665C,"Onyxia",0x10a48,0x0,PARRY,nil
4/28 18:52:10.901  SWING_DAMAGE,Player-4755-01733879,"Hocwar-Dreadmist",0x40514,0x0,Creature-0-4457-249-1045-10184-000028665C,"Onyxia",0x10a48,0x0,Player-4755-01733879,0000000000000000,98,100,0,0,0,-1,0,0,0,7.04,-194.51,0,4.9765,71,246,348,-1,1,0,0,0,nil,1,nil
4/28 18:52:10.901  SPELL_AURA_REMOVED_DOSE,Player-4755-01733879,"Hocwar-Dreadmist",0x40514,0x0,Player-4755-01733879,"Hocwar-Dreadmist",0x40514,0x0,10610,"Windfury Totem",0x8,BUFF,1
4/28 18:52:10.901  DAMAGE_SHIELD_MISSED,Player-4755-0220BD00,"Krikoff-Dreadmist",0x40514,0x0,Creature-0-4457-249-1045-10184-000028665C,"Onyxia",0x10a48,0x0,11771,"Fire Shield",0x4,IMMUNE,nil
4/28 18:52:10.901  SPELL_ENERGIZE,Player-4755-0220BD00,"Krikoff-Dreadmist",0x40514,0x0,Player-4755-0220BD00,"Krikoff-Dreadmist",0x40514,0x0,29478,"Battlegear of Might",0x1,Player-4755-0220BD00,0000000000000000,86,100,0,0,0,-1,0,0,0,25.64,-199.75,0,3.4126,68,0.0000,1.0000,1,1000
4/28 18:52:10.901  SWING_DAMAGE_LANDED,Player-4755-0220BD00,"Krikoff-Dreadmist",0x40514,0x0,Creature-0-4457-249-1045-10184-000028665C,"Onyxia",0x10a48,0x0,Creature-0-4457-249-1045-10184-000028665C,0000000000000000,16,100,0,0,0,-1,0,0,0,9.96,-202.99,0,0.2039,63,391,248,-1,1,0,0,0,1,nil,nil
4/28 18:52:10.901  SPELL_AURA_APPLIED,Player-4755-02045EF4,"Necrosini-Dreadmist",0x512,0x0,Player-4755-0220BD00,"Krikoff-Dreadmist",0x40514,0x0,10929,"Renew",0x2,BUFF
4/28 18:52:10.901  SWING_DAMAGE_LANDED,Player-4755-01637B0A,"Pindle-Dreadmist",0x514,0x0,Creature-0-4457-249-1045-10184-000028665C,"Onyxia",0x10a48,0x0,Creature-0-4457-249-1045-10184-000028665C,0000000000000000,16,100,0,0,0,-1,0,0,0,9.96,-202.99,0,0.2039,63,282,175,-1,1,0,0,0,1,nil,nil
4/28 18:52:10.901  SWING_DAMAGE_LANDED,Player-4755-01733879,"Hocwar-Dreadmist",0x40514,0x0,Creature-0-4457-249-1045-10184-000028665C,"Onyxia",0x10a48,0x0,Creature-0-4457-249-1045-10184-000028665C,0000000000000000,16,100,0,0,0,-1,0,0,0,9.96,-202.99,0,0.2039,63,183,282,-1,1,0,0,0,nil,1,nil
4/28 18:52:10.901  SWING_DAMAGE_LANDED,Player-4755-01733879,"Hocwar-Dreadmist",0x40514,0x0,Creature-0-4457-249-1045-10184-000028665C,"Onyxia",0x10a48,0x0,Creature-0-4457-249-1045-10184-000028665C,0000000000000000,16,100,0,0,0,-1,0,0,0,9.96,-202.99,0,0.2039,63,246,348,-1,1,0,0,0,nil,1,nil
4/28 18:52:10.922  SWING_DAMAGE,Player-4755-01A6B139,"Sakatan-Dreadmist",0x514,0x0,Creature-0-4457-249-1045-10184-000028665C,"Onyxia",0x10a48,0x0,Player-4755-01A6B139,0000000000000000,100,100,0,0,0,-1,0,0,0,2.83,-188.35,0,5.4631,69,136,178,-1,1,0,0,0,nil,1,nil
4/28 18:52:10.922  SWING_DAMAGE,Player-4755-01A6B139,"Sakatan-Dreadmist",0x514,0x0,Creature-0-4457-249-1045-10184-000028665C,"Onyxia",0x10a48,0x0,Player-4755-01A6B139,0000000000000000,100,100,0,0,0,-1,0,0,0,2.83,-188.35,0,5.4631,69,239,148,-1,1,0,0,0,1,nil,nil
4/28 18:52:10.969  RANGE_DAMAGE,Player-4755-01E83279,"Nlmasters-Dreadmist",0x514,0x8,Creature-0-4457-249-1045-10184-000028665C,"Onyxia",0x10a48,0x0,75,"Auto Shot",0x1,Creature-0-4457-249-1045-10184-000028665C,0000000000000000,16,100,0,0,0,-1,0,0,0,9.96,-202.99,0,0.2039,63,820,464,-1,1,0,0,0,1,nil,nil
4/28 18:52:10.969  SPELL_CAST_SUCCESS,Player-4755-01F21AE6,"Blahu-Dreadmist",0x40514,0x0,Creature-0-4457-249-1045-10184-000028665C,"Onyxia",0x10a48,0x0,23894,"Bloodthirst",0x1,Player-4755-01F21AE6,0000000000000000,100,100,0,0,0,-1,0,0,0,12.49,-209.10,0,1.5803,70
4/28 18:52:10.987  SPELL_CAST_SUCCESS,Player-4755-01617EEE,"Fenix-Dreadmist",0x512,0x0,Player-4755-0220BD00,"Krikoff-Dreadmist",0x40514,0x0,10963,"Greater Heal",0x2,Player-4755-01617EEE,0000000000000000,19,100,0,0,0,-1,0,0,0,21.87,-175.54,0,4.6783,66
4/28 18:52:10.987  SPELL_AURA_REMOVED,Player-4755-01617EEE,"Fenix-Dreadmist",0x512,0x0,Player-4755-01617EEE,"Fenix-Dreadmist",0x512,0x0,14751,"Inner Focus",0x1,BUFF
4/28 18:52:10.987  SPELL_AURA_APPLIED,Player-4755-01ED7A64,"Sperzieboon-Dreadmist",0x514,0x0,Player-4755-01ED7A64,"Sperzieboon-Dreadmist",0x514,0x0,14751,"Inner Focus",0x1,BUFF
4/28 18:52:10.987  SPELL_CAST_SUCCESS,Player-4755-01ED7A64,"Sperzieboon-Dreadmist",0x514,0x0,0000000000000000,nil,0x80000000,0x80000000,14751,"Inner Focus",0x1,Player-4755-01ED7A64,0000000000000000,100,100,0,0,0,-1,0,0,0,15.53,-231.54,0,1.7126,67
4/28 18:52:11.060  SPELL_CAST_SUCCESS,Player-4755-01E83279,"Nlmasters-Dreadmist",0x514,0x8,Creature-0-4457-249-1045-10184-000028665C,"Onyxia",0x10a48,0x0,2643,"Multi-Shot",0x1,Player-4755-01E83279,0000000000000000,100,100,0,0,0,-1,0,0,0,15.93,-247.88,0,1.7030,71
4/28 18:52:11.060  RANGE_DAMAGE,Player-4755-020BD78D,"Lonehunter-Dreadmist",0x514,0x0,Creature-0-4457-249-1045-10184-000028665C,"Onyxia",0x10a48,0x0,75,"Auto Shot",0x1,Creature-0-4457-249-1045-10184-000028665C,0000000000000000,16,100,0,0,0,-1,0,0,0,9.96,-202.99,0,0.2039,63,394,500,-1,1,0,0,0,nil,nil,nil
4/28 18:52:11.076  SWING_MISSED,Player-4755-01637B0A,"Pindle-Dreadmist",0x514,0x0,Creature-0-4457-249-1045-10184-000028665C,"Onyxia",0x10a48,0x0,MISS,1
4/28 18:52:11.076  SPELL_AURA_REMOVED,Player-4755-0160BD13,"Mafkees-Dreadmist",0x514,0x0,Player-4755-0160BD13,"Mafkees-Dreadmist",0x514,0x0,10610,"Windfury Totem",0x8,BUFF
4/28 18:52:11.109  SPELL_AURA_REMOVED,Player-4755-01637B0A,"Pindle-Dreadmist",0x514,0x0,Player-4755-01637B0A,"Pindle-Dreadmist",0x514,0x0,5277,"Evasion",0x1,BUFF
4/28 18:52:11.109  SPELL_CAST_START,Player-4755-0210153A,"Hapuseneb-Dreadmist",0x514,0x0,0000000000000000,nil,0x80000000,0x80000000,6064,"Heal",0x2
4/28 18:52:11.126  SPELL_PERIODIC_DAMAGE,Player-4755-01614AC7,"Mirrimazduur-Dreadmist",0x512,0x0,Creature-0-4457-249-1045-10184-000028665C,"Onyxia",0x10a48,0x0,11672,"Corruption",0x20,Creature-0-4457-249-1045-10184-000028665C,0000000000000000,16,100,0,0,0,-1,0,0,0,9.96,-202.99,0,0.2039,63,208,188,-1,32,0,0,0,nil,nil,nil
4/28 18:52:11.126  SPELL_AURA_REMOVED,Player-4755-01614AC7,"Mirrimazduur-Dreadmist",0x512,0x0,Creature-0-4457-249-1045-10184-000028665C,"Onyxia",0x10a48,0x0,11672,"Corruption",0x20,DEBUFF
4/28 18:52:11.160  SPELL_MISSED,Player-4755-01733879,"Hocwar-Dreadmist",0x40514,0x0,Creature-0-4457-249-1045-10184-000028665C,"Onyxia",0x10a48,0x0,23267,"Firebolt",0x4,IMMUNE,nil
4/28 18:52:11.177  SPELL_CAST_SUCCESS,Player-4755-015FEBD5,"Sauvage-Dreadmist",0x514,0x0,Creature-0-4457-249-1045-10184-000028665C,"Onyxia",0x10a48,0x0,10181,"Frostbolt",0x10,Player-4755-015FEBD5,0000000000000000,100,100,0,0,0,-1,0,0,0,-8.33,-235.99,0,1.0343,64
4/28 18:52:11.241  SWING_DAMAGE,Player-4755-01F21AE6,"Blahu-Dreadmist",0x40514,0x0,Creature-0-4457-249-1045-10184-000028665C,"Onyxia",0x10a48,0x0,Player-4755-01F21AE6,0000000000000000,100,100,0,0,0,-1,0,0,0,12.96,-209.10,0,1.5803,70,88,125,-1,1,0,0,0,nil,1,nil
4/28 18:52:11.257  SPELL_CAST_SUCCESS,Player-4755-01AC9FD9,"Alexinho-Dreadmist",0x514,0x0,Creature-0-4457-249-1045-10184-000028665C,"Onyxia",0x10a48,0x0,11294,"Sinister Strike",0x1,Player-4755-01AC9FD9,0000000000000000,88,100,0,0,0,-1,0,0,0,10.82,-192.29,0,4.8411,66
4/28 18:52:11.257  SPELL_AURA_APPLIED,Player-4755-01AC9FD9,"Alexinho-Dreadmist",0x514,0x0,Player-4755-01AC9FD9,"Alexinho-Dreadmist",0x514,0x0,10610,"Windfury Totem",0x8,BUFF
4/28 18:52:11.257  SPELL_EXTRA_ATTACKS,Player-4755-01AC9FD9,"Alexinho-Dreadmist",0x514,0x0,Player-4755-01AC9FD9,"Alexinho-Dreadmist",0x514,0x0,10610,"Windfury Totem",0x8,1
4/28 18:52:11.257  SWING_DAMAGE,Player-4755-01AC9FD9,"Alexinho-Dreadmist",0x514,0x0,Creature-0-4457-249-1045-10184-000028665C,"Onyxia",0x10a48,0x0,Player-4755-01AC9FD9,0000000000000000,88,100,0,0,0,-1,0,0,0,10.82,-192.29,0,4.8411,66,275,431,-1,1,0,0,0,nil,1,nil
4/28 18:52:11.310  UNIT_DIED,0000000000000000,nil,0x80000000,0x80000000,Player-4755-020BD78D,"Lonehunter-Dreadmist",0x514,0x0
4/28 18:52:11.310  SPELL_ENERGIZE,Player-4755-01733879,"Hocwar-Dreadmist",0x40514,0x0,Player-4755-01733879,"Hocwar-Dreadmist",0x40514,0x0,12964,"Unbridled Wrath",0x1,Player-4755-01733879,0000000000000000,98,100,0,0,0,-1,0,0,0,7.04,-194.51,0,4.9765,71,1.0000,0.0000,1,1000
4/28 18:52:11.310  SPELL_AURA_REMOVED_DOSE,Player-4755-0220BD00,"Krikoff-Dreadmist",0x40514,0x0,Player-4755-0220BD00,"Krikoff-Dreadmist",0x40514,0x0,14204,"Enrage",0x1,BUFF,4
4/28 18:52:11.310  SPELL_AURA_APPLIED,Player-4755-0220BD00,"Krikoff-Dreadmist",0x40514,0x0,Player-4755-0220BD00,"Krikoff-Dreadmist",0x40514,0x0,12970,"Flurry",0x1,BUFF
4/28 18:52:11.310  SPELL_HEAL,Player-4755-0220BD00,"Krikoff-Dreadmist",0x40514,0x0,Player-4755-0220BD00,"Krikoff-Dreadmist",0x40514,0x0,23891,"Bloodthirst",0x1,Player-4755-0220BD00,0000000000000000,87,100,0,0,0,-1,0,0,0,25.64,-199.75,0,3.4126,68,20,20,0,0,nil
4/28 18:52:11.310  SPELL_AURA_REMOVED,Player-4755-0220BD00,"Krikoff-Dreadmist",0x40514,0x0,Player-4755-0220BD00,"Krikoff-Dreadmist",0x40514,0x0,23888,"Bloodthirst",0x1,BUFF
4/28 18:52:11.310  SPELL_AURA_REMOVED,Player-4755-01733879,"Hocwar-Dreadmist",0x40514,0x0,Player-4755-01733879,"Hocwar-Dreadmist",0x40514,0x0,10610,"Windfury Totem",0x8,BUFF
4/28 18:52:11.310  SWING_DAMAGE_LANDED,Player-4755-01A6B139,"Sakatan-Dreadmist",0x514,0x0,Creature-0-4457-249-1045-10184-000028665C,"Onyxia",0x10a48,0x0,Creature-0-4457-249-1045-10184-000028665C,0000000000000000,16,100,0,0,0,-1,0,0,0,9.96,-202.99,0,0.2039,63,136,178,-1,1,0,0,0,nil,1,nil
4/28 18:52:11.310  SWING_DAMAGE_LANDED,Player-4755-01A6B139,"Sakatan-Dreadmist",0x514,0x0,Creature-0-4457-249-1045-10184-000028665C,"Onyxia",0x10a48,0x0,Creature-0-4457-249-1045-10184-000028665C,0000000000000000,16,100,0,0,0,-1,0,0,0,9.96,-202.99,0,0.2039,63,239,148,-1,1,0,0,0,1,nil,nil
4/28 18:52:11.310  SPELL_DAMAGE,Player-4755-01A6B139,"Sakatan-Dreadmist",0x514,0x0,Creature-0-4457-249-1045-10184-000028665C,"Onyxia",0x10a48,0x0,11337,"Instant Poison VI",0x8,Creature-0-4457-249-1045-10184-000028665C,0000000000000000,16,100,0,0,0,-1,0,0,0,9.96,-202.99,0,0.2039,63,138,137,-1,8,0,0,0,nil,nil,nil
4/28 18:52:11.310  SPELL_DAMAGE,Player-4755-01F21AE6,"Blahu-Dreadmist",0x40514,0x0,Creature-0-4457-249-1045-10184-000028665C,"Onyxia",0x10a48,0x0,23894,"Bloodthirst",0x1,Creature-0-4457-249-1045-10184-000028665C,0000000000000000,16,100,0,0,0,-1,0,0,0,9.96,-202.99,0,0.2039,63,378,479,-1,1,0,0,0,nil,nil,nil
4/28 18:52:11.310  SPELL_AURA_APPLIED,Player-4755-01F21AE6,"Blahu-Dreadmist",0x40514,0x0,Player-4755-01F21AE6,"Blahu-Dreadmist",0x40514,0x0,23888,"Bloodthirst",0x1,BUFF
4/28 18:52:11.310  SPELL_HEAL,Player-4755-01617EEE,"Fenix-Dreadmist",0x512,0x0,Player-4755-0220BD00,"Krikoff-Dreadmist",0x40514,0x0,10963,"Greater Heal",0x2,Player-4755-0220BD00,0000000000000000,100,100,0,0,0,-1,0,0,0,25.64,-199.75,0,3.4126,68,1918,1918,1062,0,nil
4/28 18:52:11.310  SPELL_DAMAGE,Player-4755-01733879,"Hocwar-Dreadmist",0x40514,0x0,Creature-0-4457-249-1045-10184-000028665C,"Onyxia",0x10a48,0x0,20647,"Execute",0x1,Creature-0-4457-249-1045-10184-000028665C,0000000000000000,16,100,0,0,0,-1,0,0,0,9.96,-202.99,0,0.2039,63,602,763,-1,1,0,0,0,nil,nil,nil
4/28 18:52:11.310  SWING_DAMAGE_LANDED,Player-4755-01F21AE6,"Blahu-Dreadmist",0x40514,0x0,Creature-0-4457-249-1045-10184-000028665C,"Onyxia",0x10a48,0x0,Creature-0-4457-249-1045-10184-000028665C,0000000000000000,16,100,0,0,0,-1,0,0,0,9.96,-202.99,0,0.2039,63,88,125,-1,1,0,0,0,nil,1,nil
4/28 18:52:11.310  SPELL_DAMAGE,Player-4755-01AC9FD9,"Alexinho-Dreadmist",0x514,0x0,Creature-0-4457-249-1045-10184-000028665C,"Onyxia",0x10a48,0x0,11294,"Sinister Strike",0x1,Creature-0-4457-249-1045-10184-000028665C,0000000000000000,16,100,0,0,0,-1,0,0,0,9.96,-202.99,0,0.2039,63,337,428,-1,1,0,0,0,nil,nil,nil
4/28 18:52:11.310  SWING_DAMAGE_LANDED,Player-4755-01AC9FD9,"Alexinho-Dreadmist",0x514,0x0,Creature-0-4457-249-1045-10184-000028665C,"Onyxia",0x10a48,0x0,Creature-0-4457-249-1045-10184-000028665C,0000000000000000,16,100,0,0,0,-1,0,0,0,9.96,-202.99,0,0.2039,63,275,431,-1,1,0,0,0,nil,1,nil
4/28 18:52:11.310  SPELL_CAST_SUCCESS,Player-4755-0178F576,"Atreas-Dreadmist",0x514,0x0,Creature-0-4457-249-1045-10184-000028665C,"Onyxia",0x10a48,0x0,14290,"Multi-Shot",0x1,Player-4755-0178F576,0000000000000000,100,100,0,0,0,-1,0,0,0,0.87,-171.31,0,4.9918,66
4/28 18:52:11.334  SPELL_CAST_START,Player-4755-01ED7A64,"Sperzieboon-Dreadmist",0x514,0x0,0000000000000000,nil,0x80000000,0x80000000,10965,"Greater Heal",0x2
4/28 18:52:11.369  SPELL_DAMAGE,Player-4755-01802FE5,"Angrybat-Dreadmist",0x514,0x0,Creature-0-4457-249-1045-10184-000028665C,"Onyxia",0x10a48,0x0,10181,"Frostbolt",0x10,Creature-0-4457-249-1045-10184-000028665C,0000000000000000,16,100,0,0,0,-1,0,0,0,9.96,-202.99,0,0.2039,63,979,889,-1,16,0,0,0,nil,nil,nil
4/28 18:52:11.369  SPELL_DAMAGE,Player-4755-0163DD9D,"Kaspais-Dreadmist",0x514,0x0,Creature-0-4457-249-1045-10184-000028665C,"Onyxia",0x10a48,0x0,10181,"Frostbolt",0x10,Creature-0-4457-249-1045-10184-000028665C,0000000000000000,16,100,0,0,0,-1,0,0,0,9.96,-202.99,0,0.2039,63,1898,862,-1,16,0,0,0,1,nil,nil
4/28 18:52:11.369  RANGE_DAMAGE,Player-4755-0178F576,"Atreas-Dreadmist",0x514,0x0,Creature-0-4457-249-1045-10184-000028665C,"Onyxia",0x10a48,0x0,75,"Auto Shot",0x1,Creature-0-4457-249-1045-10184-000028665C,0000000000000000,16,100,0,0,0,-1,0,0,0,9.96,-202.99,0,0.2039,63,393,498,-1,1,0,0,0,nil,nil,nil
4/28 18:52:11.402  SWING_DAMAGE,Player-4755-01AC9FD9,"Alexinho-Dreadmist",0x514,0x0,Creature-0-4457-249-1045-10184-000028665C,"Onyxia",0x10a48,0x0,Player-4755-01AC9FD9,0000000000000000,88,100,0,0,0,-1,0,0,0,10.82,-192.29,0,4.8034,66,327,203,-1,1,0,0,0,1,nil,nil
4/28 18:52:11.468  SPELL_CAST_START,Player-4755-015FEBD5,"Sauvage-Dreadmist",0x514,0x0,0000000000000000,nil,0x80000000,0x80000000,10181,"Frostbolt",0x10
4/28 18:52:11.468  SPELL_AURA_APPLIED,Player-4755-01A6B139,"Sakatan-Dreadmist",0x514,0x0,Player-4755-01A6B139,"Sakatan-Dreadmist",0x514,0x0,6774,"Slice and Dice",0x1,BUFF
4/28 18:52:11.468  SPELL_CAST_SUCCESS,Player-4755-01A6B139,"Sakatan-Dreadmist",0x514,0x0,Creature-0-4457-249-1045-10184-000028665C,"Onyxia",0x10a48,0x0,6774,"Slice and Dice",0x1,Player-4755-01A6B139,0000000000000000,100,100,0,0,0,-1,0,0,0,2.83,-188.35,0,5.4631,69
4/28 18:52:11.487  SPELL_AURA_APPLIED,Player-4755-0160BD13,"Mafkees-Dreadmist",0x514,0x0,Player-4755-0160BD13,"Mafkees-Dreadmist",0x514,0x0,1719,"Recklessness",0x1,BUFF
4/28 18:52:11.487  SPELL_CAST_SUCCESS,Player-4755-0160BD13,"Mafkees-Dreadmist",0x514,0x0,0000000000000000,nil,0x80000000,0x80000000,1719,"Recklessness",0x1,Player-4755-0160BD13,0000000000000000,92,100,0,0,0,-1,0,0,0,10.17,-215.96,0,1.4710,64
4/28 18:52:11.508  SWING_MISSED,Creature-0-4457-249-1045-10184-000028665C,"Onyxia",0x10a48,0x0,Player-4755-0220BD00,"Krikoff-Dreadmist",0x40514,0x0,MISS,nil
4/28 18:52:11.670  SWING_MISSED,Player-4755-01F21AE6,"Blahu-Dreadmist",0x40514,0x0,Creature-0-4457-249-1045-10184-000028665C,"Onyxia",0x10a48,0x0,DODGE,nil
4/28 18:52:11.721  SPELL_AURA_REMOVED_DOSE,Player-4755-01F21AE6,"Blahu-Dreadmist",0x40514,0x0,Player-4755-01F21AE6,"Blahu-Dreadmist",0x40514,0x0,23888,"Bloodthirst",0x1,BUFF,4
4/28 18:52:11.721  SPELL_HEAL,Player-4755-01F21AE6,"Blahu-Dreadmist",0x40514,0x0,Player-4755-01F21AE6,"Blahu-Dreadmist",0x40514,0x0,23891,"Bloodthirst",0x1,Player-4755-01F21AE6,0000000000000000,100,100,0,0,0,-1,0,0,0,12.96,-209.10,0,1.6039,70,20,20,20,0,nil
4/28 18:52:11.721  SPELL_AURA_REMOVED_DOSE,Player-4755-01F21AE6,"Blahu-Dreadmist",0x40514,0x0,Player-4755-01F21AE6,"Blahu-Dreadmist",0x40514,0x0,23888,"Bloodthirst",0x1,BUFF,3
4/28 18:52:11.721  SPELL_HEAL,Player-4755-01F21AE6,"Blahu-Dreadmist",0x40514,0x0,Player-4755-01F21AE6,"Blahu-Dreadmist",0x40514,0x0,23891,"Bloodthirst",0x1,Player-4755-01F21AE6,0000000000000000,100,100,0,0,0,-1,0,0,0,12.96,-209.10,0,1.6039,70,20,20,20,0,nil
4/28 18:52:11.721  SPELL_AURA_REMOVED_DOSE,Player-4755-01AC9FD9,"Alexinho-Dreadmist",0x514,0x0,Player-4755-01AC9FD9,"Alexinho-Dreadmist",0x514,0x0,10610,"Windfury Totem",0x8,BUFF,1
4/28 18:52:11.721  SWING_DAMAGE_LANDED,Player-4755-01AC9FD9,"Alexinho-Dreadmist",0x514,0x0,Creature-0-4457-249-1045-10184-000028665C,"Onyxia",0x10a48,0x0,Creature-0-4457-249-1045-10184-000028665C,0000000000000000,15,100,0,0,0,-1,0,0,0,9.96,-202.99,0,0.2039,63,327,203,-1,1,0,0,0,1,nil,nil
4/28 18:52:11.745  SWING_DAMAGE,Player-4755-01733879,"Hocwar-Dreadmist",0x40514,0x0,Creature-0-4457-249-1045-10184-000028665C,"Onyxia",0x10a48,0x0,Player-4755-01733879,0000000000000000,98,100,0,0,0,-1,0,0,0,7.04,-194.51,0,4.9765,71,102,151,-1,1,0,0,0,nil,1,nil
4/28 18:52:11.762  SPELL_AURA_REMOVED,Player-4755-01617EEE,"Fenix-Dreadmist",0x512,0x0,Player-4755-01733879,"Hocwar-Dreadmist",0x40514,0x0,15359,"Inspiration",0x2,BUFF
4/28 18:52:11.762  SPELL_CAST_SUCCESS,Player-4755-0220BD00,"Krikoff-Dreadmist",0x40514,0x0,Creature-0-4457-249-1045-10184-000028665C,"Onyxia",0x10a48,0x0,11567,"Heroic Strike",0x1,Player-4755-0220BD00,0000000000000000,100,100,0,0,0,-1,0,0,0,25.64,-199.75,0,3.4126,68
4/28 18:52:11.762  SPELL_AURA_REMOVED_DOSE,Player-4755-0220BD00,"Krikoff-Dreadmist",0x40514,0x0,Player-4755-0220BD00,"Krikoff-Dreadmist",0x40514,0x0,12970,"Flurry",0x1,BUFF,2
4/28 18:52:11.762  SWING_DAMAGE,Player-4755-0178F416,"Eltorero-Dreadmist",0x514,0x0,Creature-0-4457-249-1045-10184-000028665C,"Onyxia",0x10a48,0x0,Player-4755-0178F416,0000000000000000,92,100,0,0,0,-1,0,0,0,10.27,-216.70,0,1.6568,67,1073,681,-1,1,0,0,0,1,nil,nil
4/28 18:52:11.780  SPELL_PERIODIC_ENERGIZE,Player-4755-0160BD13,"Mafkees-Dreadmist",0x514,0x0,Player-4755-0160BD13,"Mafkees-Dreadmist",0x514,0x0,29131,"Bloodrage",0x1,Player-4755-0160BD13,0000000000000000,92,100,0,0,0,-1,0,0,0,11.94,-214.68,0,1.4946,64,1.0000,0.0000,1,1000
4/28 18:52:11.890  SPELL_DAMAGE,Player-4755-020BD78D,"Lonehunter-Dreadmist",0x514,0x0,Creature-0-4457-249-1045-10184-000028665C,"Onyxia",0x10a48,0x0,14290,"Multi-Shot",0x1,Creature-0-4457-249-1045-10184-000028665C,0000000000000000,15,100,0,0,0,-1,0,0,0,9.96,-202.99,0,0.2039,63,572,725,-1,1,0,0,0,nil,nil,nil
4/28 18:52:11.890  SWING_DAMAGE,Pet-0-4457-249-1045-2850-01001956F9,"Kratos",0x1114,0x0,Creature-0-4457-249-1045-10184-000028665C,"Onyxia",0x10a48,0x0,Pet-0-4457-249-1045-2850-01001956F9,Player-4755-0178F576,57,100,0,0,0,-1,0,0,0,8.87,-177.97,0,4.7559,66,38,73,-1,1,0,0,0,nil,1,nil
4/28 18:52:11.890  SPELL_CAST_START,Player-4755-01804B95,"Moymoy-Dreadmist",0x514,0x0,0000000000000000,nil,0x80000000,0x80000000,939,"Healing Wave",0x8
4/28 18:52:11.921  SPELL_CAST_START,Player-4755-01E83279,"Nlmasters-Dreadmist",0x514,0x8,0000000000000000,nil,0x80000000,0x80000000,75,"Auto Shot",0x1
4/28 18:52:11.952  SPELL_CAST_START,Player-4755-01F36B30,"Rectumqeef-Dreadmist",0x514,0x0,0000000000000000,nil,0x80000000,0x80000000,11661,"Shadow Bolt",0x20
4/28 18:52:11.952  SPELL_CAST_SUCCESS,Player-4755-0220BD00,"Krikoff-Dreadmist",0x40514,0x0,Creature-0-4457-249-1045-10184-000028665C,"Onyxia",0x10a48,0x0,23894,"Bloodthirst",0x1,Player-4755-0220BD00,0000000000000000,100,100,0,0,0,-1,0,0,0,25.64,-199.75,0,3.4126,68
4/28 18:52:12.021  SPELL_CAST_START,Player-4755-01FA8DD8,"Roackerita-Dreadmist",0x514,0x0,0000000000000000,nil,0x80000000,0x80000000,9474,"Flash Heal",0x2
4/28 18:52:12.133  SPELL_AURA_APPLIED_DOSE,Player-4755-01802FE5,"Angrybat-Dreadmist",0x514,0x0,Creature-0-4457-249-1045-10184-000028665C,"Onyxia",0x10a48,0x0,12579,"Winter's Chill",0x10,DEBUFF,4
4/28 18:52:12.133  SPELL_AURA_REMOVED,Player-4755-01AC9FD9,"Alexinho-Dreadmist",0x514,0x0,Player-4755-01AC9FD9,"Alexinho-Dreadmist",0x514,0x0,10610,"Windfury Totem",0x8,BUFF
4/28 18:52:12.133  SWING_DAMAGE_LANDED,Player-4755-01733879,"Hocwar-Dreadmist",0x40514,0x0,Creature-0-4457-249-1045-10184-000028665C,"Onyxia",0x10a48,0x0,Creature-0-4457-249-1045-10184-000028665C,0000000000000000,15,100,0,0,0,-1,0,0,0,9.96,-202.99,0,0.2039,63,102,151,-1,1,0,0,0,nil,1,nil
4/28 18:52:12.133  SPELL_DAMAGE,Player-4755-0220BD00,"Krikoff-Dreadmist",0x40514,0x0,Creature-0-4457-249-1045-10184-000028665C,"Onyxia",0x10a48,0x0,11567,"Heroic Strike",0x1,Creature-0-4457-249-1045-10184-000028665C,0000000000000000,15,100,0,0,0,-1,0,0,0,9.96,-202.99,0,0.2039,63,458,581,-1,1,0,0,0,nil,nil,nil
4/28 18:52:12.133  SWING_DAMAGE_LANDED,Player-4755-0178F416,"Eltorero-Dreadmist",0x514,0x0,Creature-0-4457-249-1045-10184-000028665C,"Onyxia",0x10a48,0x0,Creature-0-4457-249-1045-10184-000028665C,0000000000000000,15,100,0,0,0,-1,0,0,0,9.96,-202.99,0,0.2039,63,1073,681,-1,1,0,0,0,1,nil,nil
4/28 18:52:12.133  SWING_DAMAGE_LANDED,Pet-0-4457-249-1045-2850-01001956F9,"Kratos",0x1114,0x0,Creature-0-4457-249-1045-10184-000028665C,"Onyxia",0x10a48,0x0,Creature-0-4457-249-1045-10184-000028665C,0000000000000000,15,100,0,0,0,-1,0,0,0,9.96,-202.99,0,0.2039,63,38,73,-1,1,0,0,0,nil,1,nil
4/28 18:52:12.133  SPELL_DAMAGE,Player-4755-0220BD00,"Krikoff-Dreadmist",0x40514,0x0,Creature-0-4457-249-1045-10184-000028665C,"Onyxia",0x10a48,0x0,23894,"Bloodthirst",0x1,Creature-0-4457-249-1045-10184-000028665C,0000000000000000,15,100,0,0,0,-1,0,0,0,9.96,-202.99,0,0.2039,63,530,672,-1,1,0,0,0,nil,nil,nil
4/28 18:52:12.133  SPELL_AURA_APPLIED,Player-4755-0220BD00,"Krikoff-Dreadmist",0x40514,0x0,Player-4755-0220BD00,"Krikoff-Dreadmist",0x40514,0x0,23888,"Bloodthirst",0x1,BUFF
4/28 18:52:12.168  SWING_DAMAGE,Player-4755-01637B0A,"Pindle-Dreadmist",0x514,0x0,Creature-0-4457-249-1045-10184-000028665C,"Onyxia",0x10a48,0x0,Player-4755-01637B0A,0000000000000000,100,100,0,0,0,-1,0,0,0,7.26,-195.69,0,5.2086,65,179,111,-1,1,0,0,0,1,nil,nil
4/28 18:52:12.263  SWING_DAMAGE,Player-4755-01637B0A,"Pindle-Dreadmist",0x514,0x0,Creature-0-4457-249-1045-10184-000028665C,"Onyxia",0x10a48,0x0,Player-4755-01637B0A,0000000000000000,100,100,0,0,0,-1,0,0,0,7.26,-195.69,0,5.2086,65,314,195,-1,1,0,0,0,1,nil,nil
4/28 18:52:12.263  SWING_DAMAGE,Player-4755-01840577,"Raggèn-Dreadmist",0x514,0x0,Creature-0-4457-249-1045-10184-000028665C,"Onyxia",0x10a48,0x0,Player-4755-01840577,0000000000000000,91,100,0,0,0,-1,0,0,0,9.37,-195.06,0,4.8331,67,318,404,-1,1,0,0,0,nil,nil,nil
4/28 18:52:12.313  SWING_DAMAGE,Player-4755-0160BD13,"Mafkees-Dreadmist",0x514,0x0,Creature-0-4457-249-1045-10184-000028665C,"Onyxia",0x10a48,0x0,Player-4755-0160BD13,0000000000000000,92,100,0,0,0,-1,0,0,0,7.92,-214.85,0,1.6831,64,352,515,-1,1,0,0,0,nil,1,nil
4/28 18:52:12.359  SPELL_CAST_SUCCESS,Player-4755-01E83279,"Nlmasters-Dreadmist",0x514,0x8,Creature-0-4457-249-1045-10184-000028665C,"Onyxia",0x10a48,0x0,75,"Auto Shot",0x1,Player-4755-01E83279,0000000000000000,100,100,0,0,0,-1,0,0,0,15.93,-247.88,0,1.7030,71
4/28 18:52:12.412  SWING_DAMAGE,Player-4755-01A6B139,"Sakatan-Dreadmist",0x514,0x0,Creature-0-4457-249-1045-10184-000028665C,"Onyxia",0x10a48,0x0,Player-4755-01A6B139,0000000000000000,100,100,0,0,0,-1,0,0,0,2.83,-188.35,0,5.4631,69,234,146,-1,1,0,0,0,1,nil,nil
4/28 18:52:12.429  SPELL_DAMAGE,Player-4755-0178F576,"Atreas-Dreadmist",0x514,0x0,Creature-0-4457-249-1045-10184-000028665C,"Onyxia",0x10a48,0x0,14290,"Multi-Shot",0x1,Creature-0-4457-249-1045-10184-000028665C,0000000000000000,15,100,0,0,0,-1,0,0,0,9.96,-202.99,0,0.2039,63,612,776,-1,1,0,0,0,nil,nil,nil
4/28 18:52:12.463  SPELL_CAST_SUCCESS,Player-4755-01F21AE6,"Blahu-Dreadmist",0x40514,0x0,Creature-0-4457-249-1045-10184-000028665C,"Onyxia",0x10a48,0x0,11597,"Sunder Armor",0x1,Player-4755-01F21AE6,0000000000000000,100,100,0,0,0,-1,0,0,0,12.96,-209.10,0,1.7033,70
4/28 18:52:12.500  SWING_DAMAGE,Player-4755-01A6B139,"Sakatan-Dreadmist",0x514,0x0,Creature-0-4457-249-1045-10184-000028665C,"Onyxia",0x10a48,0x0,Player-4755-01A6B139,0000000000000000,100,100,0,0,0,-1,0,0,0,2.83,-188.35,0,5.4631,69,152,207,-1,1,0,0,0,nil,1,nil
4/28 18:52:12.517  SPELL_CAST_SUCCESS,Pet-0-4457-249-1045-2850-01001956F9,"Kratos",0x1114,0x0,Creature-0-4457-249-1045-10184-000028665C,"Onyxia",0x10a48,0x0,17261,"Bite",0x1,Pet-0-4457-249-1045-2850-01001956F9,Player-4755-0178F576,57,100,0,0,0,-1,0,0,0,8.87,-177.97,0,4.7559,66
4/28 18:52:12.517  SPELL_AURA_REMOVED_DOSE,Player-4755-0220BD00,"Krikoff-Dreadmist",0x40514,0x0,Player-4755-0220BD00,"Krikoff-Dreadmist",0x40514,0x0,14204,"Enrage",0x1,BUFF,3
4/28 18:52:12.517  SPELL_AURA_REMOVED_DOSE,Player-4755-0220BD00,"Krikoff-Dreadmist",0x40514,0x0,Player-4755-0220BD00,"Krikoff-Dreadmist",0x40514,0x0,23888,"Bloodthirst",0x1,BUFF,4
4/28 18:52:12.517  SPELL_HEAL,Player-4755-0220BD00,"Krikoff-Dreadmist",0x40514,0x0,Player-4755-0220BD00,"Krikoff-Dreadmist",0x40514,0x0,23891,"Bloodthirst",0x1,Player-4755-0220BD00,0000000000000000,100,100,0,0,0,-1,0,0,0,25.64,-199.75,0,3.4126,68,20,20,20,0,nil
4/28 18:52:12.542  SPELL_AURA_APPLIED_DOSE,Player-4755-0178F416,"Eltorero-Dreadmist",0x514,0x0,Player-4755-0178F416,"Eltorero-Dreadmist",0x514,0x0,12970,"Flurry",0x1,BUFF,3
4/28 18:52:12.542  SPELL_AURA_REMOVED_DOSE,Player-4755-0220BD00,"Krikoff-Dreadmist",0x40514,0x0,Player-4755-0220BD00,"Krikoff-Dreadmist",0x40514,0x0,14204,"Enrage",0x1,BUFF,2
4/28 18:52:12.542  SPELL_AURA_REMOVED_DOSE,Player-4755-0220BD00,"Krikoff-Dreadmist",0x40514,0x0,Player-4755-0220BD00,"Krikoff-Dreadmist",0x40514,0x0,23888,"Bloodthirst",0x1,BUFF,3
4/28 18:52:12.542  SPELL_HEAL,Player-4755-0220BD00,"Krikoff-Dreadmist",0x40514,0x0,Player-4755-0220BD00,"Krikoff-Dreadmist",0x40514,0x0,23891,"Bloodthirst",0x1,Player-4755-0220BD00,0000000000000000,100,100,0,0,0,-1,0,0,0,25.64,-199.75,0,3.4126,68,20,20,20,0,nil
4/28 18:52:12.542  SWING_DAMAGE_LANDED,Player-4755-01637B0A,"Pindle-Dreadmist",0x514,0x0,Creature-0-4457-249-1045-10184-000028665C,"Onyxia",0x10a48,0x0,Creature-0-4457-249-1045-10184-000028665C,0000000000000000,15,100,0,0,0,-1,0,0,0,9.96,-202.99,0,0.2039,63,179,111,-1,1,0,0,0,1,nil,nil
4/28 18:52:12.542  SWING_DAMAGE_LANDED,Player-4755-01637B0A,"Pindle-Dreadmist",0x514,0x0,Creature-0-4457-249-1045-10184-000028665C,"Onyxia",0x10a48,0x0,Creature-0-4457-249-1045-10184-000028665C,0000000000000000,15,100,0,0,0,-1,0,0,0,9.96,-202.99,0,0.2039,63,314,195,-1,1,0,0,0,1,nil,nil
4/28 18:52:12.542  SWING_DAMAGE_LANDED,Player-4755-01840577,"Raggèn-Dreadmist",0x514,0x0,Creature-0-4457-249-1045-10184-000028665C,"Onyxia",0x10a48,0x0,Creature-0-4457-249-1045-10184-000028665C,0000000000000000,15,100,0,0,0,-1,0,0,0,9.96,-202.99,0,0.2039,63,318,404,-1,1,0,0,0,nil,nil,nil
4/28 18:52:12.542  SWING_DAMAGE_LANDED,Player-4755-0160BD13,"Mafkees-Dreadmist",0x514,0x0,Creature-0-4457-249-1045-10184-000028665C,"Onyxia",0x10a48,0x0,Creature-0-4457-249-1045-10184-000028665C,0000000000000000,15,100,0,0,0,-1,0,0,0,9.96,-202.99,0,0.2039,63,352,515,-1,1,0,0,0,nil,1,nil
4/28 18:52:12.542  SPELL_DAMAGE,Player-4755-0178F416,"Eltorero-Dreadmist",0x514,0x0,Creature-0-4457-249-1045-10184-000028665C,"Onyxia",0x10a48,0x0,20647,"Execute",0x1,Creature-0-4457-249-1045-10184-000028665C,0000000000000000,15,100,0,0,0,-1,0,0,0,9.96,-202.99,0,0.2039,63,957,1214,-1,1,0,0,0,nil,nil,nil
4/28 18:52:12.542  SWING_DAMAGE_LANDED,Player-4755-01A6B139,"Sakatan-Dreadmist",0x514,0x0,Creature-0-4457-249-1045-10184-000028665C,"Onyxia",0x10a48,0x0,Creature-0-4457-249-1045-10184-000028665C,0000000000000000,15,100,0,0,0,-1,0,0,0,9.96,-202.99,0,0.2039,63,234,146,-1,1,0,0,0,1,nil,nil
4/28 18:52:12.542  SWING_DAMAGE_LANDED,Player-4755-01A6B139,"Sakatan-Dreadmist",0x514,0x0,Creature-0-4457-249-1045-10184-000028665C,"Onyxia",0x10a48,0x0,Creature-0-4457-249-1045-10184-000028665C,0000000000000000,15,100,0,0,0,-1,0,0,0,9.96,-202.99,0,0.2039,63,152,207,-1,1,0,0,0,nil,1,nil
4/28 18:52:12.542  SPELL_DAMAGE,Pet-0-4457-249-1045-2850-01001956F9,"Kratos",0x1114,0x0,Creature-0-4457-249-1045-10184-000028665C,"Onyxia",0x10a48,0x0,17261,"Bite",0x1,Creature-0-4457-249-1045-10184-000028665C,0000000000000000,15,100,0,0,0,-1,0,0,0,9.96,-202.99,0,0.2039,63,122,155,-1,1,0,0,0,nil,nil,nil
4/28 18:52:12.542  SPELL_DAMAGE,Player-4755-015FEBD5,"Sauvage-Dreadmist",0x514,0x0,Creature-0-4457-249-1045-10184-000028665C,"Onyxia",0x10a48,0x0,10181,"Frostbolt",0x10,Creature-0-4457-249-1045-10184-000028665C,0000000000000000,15,100,0,0,0,-1,0,0,0,9.96,-202.99,0,0.2039,63,911,828,-1,16,0,0,0,nil,nil,nil
4/28 18:52:12.542  SPELL_AURA_REMOVED,Player-4755-01733879,"Hocwar-Dreadmist",0x40514,0x0,Player-4755-01733879,"Hocwar-Dreadmist",0x40514,0x0,18499,"Berserker Rage",0x1,BUFF
4/28 18:52:12.567  SPELL_DAMAGE,Player-4755-01E83279,"Nlmasters-Dreadmist",0x514,0x8,Creature-0-4457-249-1045-10184-000028665C,"Onyxia",0x10a48,0x0,2643,"Multi-Shot",0x1,Creature-0-4457-249-1045-10184-000028665C,0000000000000000,15,100,0,0,0,-1,0,0,0,9.96,-202.99,0,0.2039,63,368,466,-1,1,0,0,0,nil,nil,nil
4/28 18:52:12.639  SPELL_CAST_START,Player-4755-0178F576,"Atreas-Dreadmist",0x514,0x0,0000000000000000,nil,0x80000000,0x80000000,75,"Auto Shot",0x1
4/28 18:52:12.702  SWING_DAMAGE,Player-4755-01733879,"Hocwar-Dreadmist",0x40514,0x0,Creature-0-4457-249-1045-10184-000028665C,"Onyxia",0x10a48,0x0,Player-4755-01733879,0000000000000000,98,100,0,0,0,-1,0,0,0,7.04,-194.51,0,4.9765,71,440,279,-1,1,0,0,0,1,nil,nil
4/28 18:52:12.702  SPELL_CAST_SUCCESS,Player-4755-01AC9FD9,"Alexinho-Dreadmist",0x514,0x0,Creature-0-4457-249-1045-10184-000028665C,"Onyxia",0x10a48,0x0,11294,"Sinister Strike",0x1,Player-4755-01AC9FD9,0000000000000000,88,100,0,0,0,-1,0,0,0,10.68,-193.61,0,4.6863,66
4/28 18:52:12.770  SPELL_CAST_START,Player-4755-01617EEE,"Fenix-Dreadmist",0x512,0x0,0000000000000000,nil,0x80000000,0x80000000,6064,"Heal",0x2
4/28 18:52:12.770  SPELL_CAST_SUCCESS,Player-4755-01614AC7,"Mirrimazduur-Dreadmist",0x512,0x0,Creature-0-4457-249-1045-10184-000028665C,"Onyxia",0x10a48,0x0,11661,"Shadow Bolt",0x20,Player-4755-01614AC7,0000000000000000,84,100,0,0,0,-1,0,0,0,8.73,-173.03,0,4.6521,68
4/28 18:52:12.770  SPELL_PERIODIC_ENERGIZE,Player-4755-01802FE5,"Angrybat-Dreadmist",0x514,0x0,Player-4755-01802FE5,"Angrybat-Dreadmist",0x514,0x0,18194,"Mana Regeneration",0x1,Player-4755-01802FE5,0000000000000000,79,100,0,0,0,-1,0,0,0,-1.55,-177.25,0,5.1386,66,8.0000,0.0000,0,6033
4/28 18:52:12.770  SPELL_PERIODIC_ENERGIZE,Player-4755-0160BD13,"Mafkees-Dreadmist",0x514,0x0,Player-4755-0160BD13,"Mafkees-Dreadmist",0x514,0x0,29131,"Bloodrage",0x1,Player-4755-0160BD13,0000000000000000,92,100,0,0,0,-1,0,0,0,5.54,-215.39,0,1.3375,64,1.0000,0.0000,1,1000
4/28 18:52:12.786  SWING_DAMAGE,Player-4755-01AC9FD9,"Alexinho-Dreadmist",0x514,0x0,Creature-0-4457-249-1045-10184-000028665C,"Onyxia",0x10a48,0x0,Player-4755-01AC9FD9,0000000000000000,88,100,0,0,0,-1,0,0,0,10.68,-193.61,0,4.6863,66,117,168,-1,1,0,0,0,nil,1,nil
4/28 18:52:12.786  SWING_DAMAGE,Player-4755-0220BD00,"Krikoff-Dreadmist",0x40514,0x0,Creature-0-4457-249-1045-10184-000028665C,"Onyxia",0x10a48,0x0,Player-4755-0220BD00,0000000000000000,100,100,0,0,0,-1,0,0,0,25.64,-199.75,0,3.4126,68,219,277,-1,1,0,0,0,nil,nil,nil
4/28 18:52:12.848  SPELL_AURA_REMOVED,Player-4755-0220BD00,"Krikoff-Dreadmist",0x40514,0x0,Player-4755-0220BD00,"Krikoff-Dreadmist",0x40514,0x0,18499,"Berserker Rage",0x1,BUFF
4/28 18:52:12.865  SPELL_CAST_SUCCESS,Player-4755-01802FE5,"Angrybat-Dreadmist",0x514,0x0,Creature-0-4457-249-1045-10184-000028665C,"Onyxia",0x10a48,0x0,10181,"Frostbolt",0x10,Player-4755-01802FE5,0000000000000000,79,100,0,0,0,-1,0,0,0,-1.55,-177.25,0,5.1386,66
4/28 18:52:12.866  SPELL_CAST_START,Player-4755-01802FE5,"Angrybat-Dreadmist",0x514,0x0,0000000000000000,nil,0x80000000,0x80000000,10181,"Frostbolt",0x10
4/28 18:52:12.897  SWING_DAMAGE,Pet-0-4457-249-1045-2850-01001956F9,"Kratos",0x1114,0x0,Creature-0-4457-249-1045-10184-000028665C,"Onyxia",0x10a48,0x0,Pet-0-4457-249-1045-2850-01001956F9,Player-4755-0178F576,57,100,0,0,0,-1,0,0,0,8.87,-177.97,0,4.7559,66,41,80,-1,1,0,0,0,nil,1,nil
4/28 18:52:12.929  SPELL_ENERGIZE,Player-4755-0220BD00,"Krikoff-Dreadmist",0x40514,0x0,Player-4755-0220BD00,"Krikoff-Dreadmist",0x40514,0x0,12964,"Unbridled Wrath",0x1,Player-4755-0220BD00,0000000000000000,100,100,0,0,0,-1,0,0,0,25.64,-199.75,0,3.4126,68,1.0000,0.0000,1,1000
4/28 18:52:12.929  SPELL_AURA_REFRESH,Player-4755-0178F416,"Eltorero-Dreadmist",0x514,0x0,Creature-0-4457-249-1045-10184-000028665C,"Onyxia",0x10a48,0x0,12721,"Deep Wound",0x1,DEBUFF
4/28 18:52:12.929  SPELL_AURA_REMOVED_DOSE,Player-4755-0160BD13,"Mafkees-Dreadmist",0x514,0x0,Player-4755-0160BD13,"Mafkees-Dreadmist",0x514,0x0,23888,"Bloodthirst",0x1,BUFF,2
4/28 18:52:12.929  SPELL_AURA_REMOVED_DOSE,Player-4755-0160BD13,"Mafkees-Dreadmist",0x514,0x0,Player-4755-0160BD13,"Mafkees-Dreadmist",0x514,0x0,12970,"Flurry",0x1,BUFF,2
4/28 18:52:12.929  SPELL_HEAL,Player-4755-0160BD13,"Mafkees-Dreadmist",0x514,0x0,Player-4755-0160BD13,"Mafkees-Dreadmist",0x514,0x0,23891,"Bloodthirst",0x1,Player-4755-0160BD13,0000000000000000,93,100,0,0,0,-1,0,0,0,5.29,-214.48,0,1.2276,64,20,20,0,0,nil
4/28 18:52:12.929  SWING_DAMAGE_LANDED,Player-4755-01733879,"Hocwar-Dreadmist",0x40514,0x0,Creature-0-4457-249-1045-10184-000028665C,"Onyxia",0x10a48,0x0,Creature-0-4457-249-1045-10184-000028665C,0000000000000000,15,100,0,0,0,-1,0,0,0,9.96,-202.99,0,0.2039,63,440,279,-1,1,0,0,0,1,nil,nil
4/28 18:52:12.929  SPELL_DAMAGE,Player-4755-01AC9FD9,"Alexinho-Dreadmist",0x514,0x0,Creature-0-4457-249-1045-10184-000028665C,"Onyxia",0x10a48,0x0,11294,"Sinister Strike",0x1,Creature-0-4457-249-1045-10184-000028665C,0000000000000000,15,100,0,0,0,-1,0,0,0,9.96,-202.99,0,0.2039,63,382,484,-1,1,0,0,0,nil,nil,nil
4/28 18:52:12.929  SWING_DAMAGE_LANDED,Player-4755-01AC9FD9,"Alexinho-Dreadmist",0x514,0x0,Creature-0-4457-249-1045-10184-000028665C,"Onyxia",0x10a48,0x0,Creature-0-4457-249-1045-10184-000028665C,0000000000000000,15,100,0,0,0,-1,0,0,0,9.96,-202.99,0,0.2039,63,117,168,-1,1,0,0,0,nil,1,nil
4/28 18:52:12.929  SPELL_DAMAGE,Player-4755-01AC9FD9,"Alexinho-Dreadmist",0x514,0x0,Creature-0-4457-249-1045-10184-000028665C,"Onyxia",0x10a48,0x0,11337,"Instant Poison VI",0x8,Creature-0-4457-249-1045-10184-000028665C,0000000000000000,15,100,0,0,0,-1,0,0,0,9.96,-202.99,0,0.2039,63,67,133,-1,8,67,0,0,nil,nil,nil
4/28 18:52:12.929  SWING_DAMAGE_LANDED,Player-4755-0220BD00,"Krikoff-Dreadmist",0x40514,0x0,Creature-0-4457-249-1045-10184-000028665C,"Onyxia",0x10a48,0x0,Creature-0-4457-249-1045-10184-000028665C,0000000000000000,15,100,0,0,0,-1,0,0,0,9.96,-202.99,0,0.2039,63,219,277,-1,1,0,0,0,nil,nil,nil
4/28 18:52:12.929  SWING_DAMAGE_LANDED,Pet-0-4457-249-1045-2850-01001956F9,"Kratos",0x1114,0x0,Creature-0-4457-249-1045-10184-000028665C,"Onyxia",0x10a48,0x0,Creature-0-4457-249-1045-10184-000028665C,0000000000000000,15,100,0,0,0,-1,0,0,0,9.96,-202.99,0,0.2039,63,41,80,-1,1,0,0,0,nil,1,nil
4/28 18:52:12.929  SPELL_CAST_SUCCESS,Player-4755-01BC57A3,"Saintis-Dreadmist",0x511,0x0,Pet-0-4457-249-1045-2850-01001956F9,"Kratos",0x1114,0x0,6063,"Heal",0x2,Player-4755-01BC57A3,0000000000000000,100,100,0,0,0,-1,0,0,0,19.19,-218.52,0,1.9402,68
4/28 18:52:12.953  SPELL_CAST_SUCCESS,Player-4755-0163DD9D,"Kaspais-Dreadmist",0x514,0x0,Creature-0-4457-249-1045-10184-000028665C,"Onyxia",0x10a48,0x0,10181,"Frostbolt",0x10,Player-4755-0163DD9D,0000000000000000,100,100,0,0,0,-1,0,0,0,11.51,-177.19,0,4.8129,66
4/28 18:52:12.953  SPELL_CAST_START,Player-4755-0163DD9D,"Kaspais-Dreadmist",0x514,0x0,0000000000000000,nil,0x80000000,0x80000000,10181,"Frostbolt",0x10
4/28 18:52:13.045  SWING_MISSED,Player-4755-01F21AE6,"Blahu-Dreadmist",0x40514,0x0,Creature-0-4457-249-1045-10184-000028665C,"Onyxia",0x10a48,0x0,PARRY,1
4/28 18:52:13.045  SPELL_CAST_START,Player-4755-01BC57A3,"Saintis-Dreadmist",0x511,0x0,0000000000000000,nil,0x80000000,0x80000000,6063,"Heal",0x2
4/28 18:52:13.045  SPELL_CAST_SUCCESS,Player-4755-01637B0A,"Pindle-Dreadmist",0x514,0x0,Creature-0-4457-249-1045-10184-000028665C,"Onyxia",0x10a48,0x0,11281,"Backstab",0x1,Player-4755-01637B0A,0000000000000000,100,100,0,0,0,-1,0,0,0,7.61,-196.52,0,5.2793,65
4/28 18:52:13.066  SPELL_MISSED,Player-4755-01733879,"Hocwar-Dreadmist",0x40514,0x0,Creature-0-4457-249-1045-10184-000028665C,"Onyxia",0x10a48,0x0,23267,"Firebolt",0x4,IMMUNE,nil
4/28 18:52:13.066  SPELL_CAST_SUCCESS,Player-4755-0178F576,"Atreas-Dreadmist",0x514,0x0,Creature-0-4457-249-1045-10184-000028665C,"Onyxia",0x10a48,0x0,75,"Auto Shot",0x1,Player-4755-0178F576,0000000000000000,100,100,0,0,0,-1,0,0,0,0.87,-171.31,0,4.9918,66
4/28 18:52:13.119  SPELL_AURA_APPLIED,Player-4755-0178F576,"Atreas-Dreadmist",0x514,0x0,Player-4755-0178F576,"Atreas-Dreadmist",0x514,0x0,24352,"Devilsaur Fury",0x1,BUFF
4/28 18:52:13.119  SPELL_CAST_SUCCESS,Player-4755-0178F576,"Atreas-Dreadmist",0x514,0x0,0000000000000000,nil,0x80000000,0x80000000,24352,"Devilsaur Fury",0x1,Player-4755-0178F576,0000000000000000,100,100,0,0,0,-1,0,0,0,0.87,-171.31,0,4.9918,66
4/28 18:52:13.178  SPELL_CAST_SUCCESS,Player-4755-01840577,"Raggèn-Dreadmist",0x514,0x0,Creature-0-4457-249-1045-10184-000028665C,"Onyxia",0x10a48,0x0,10473,"Frost Shock",0x10,Player-4755-01840577,0000000000000000,91,100,0,0,0,-1,0,0,0,9.37,-195.06,0,4.8331,67
4/28 18:52:13.246  SWING_DAMAGE,Player-4755-01637B0A,"Pindle-Dreadmist",0x514,0x0,Creature-0-4457-249-1045-10184-000028665C,"Onyxia",0x10a48,0x0,Player-4755-01637B0A,0000000000000000,100,100,0,0,0,-1,0,0,0,7.61,-196.52,0,5.3107,65,175,109,-1,1,0,0,0,1,nil,nil
4/28 18:52:13.262  SWING_MISSED,Player-4755-01AC9FD9,"Alexinho-Dreadmist",0x514,0x0,Creature-0-4457-249-1045-10184-000028665C,"Onyxia",0x10a48,0x0,MISS,nil
4/28 18:52:13.279  SPELL_PERIODIC_DAMAGE,Player-4755-01F21AE6,"Blahu-Dreadmist",0x40514,0x0,Creature-0-4457-249-1045-10184-000028665C,"Onyxia",0x10a48,0x0,11574,"Rend",0x1,Creature-0-4457-249-1045-10184-000028665C,0000000000000000,15,100,0,0,0,-1,0,0,0,9.96,-202.99,0,0.2039,63,19,18,-1,1,0,0,0,nil,nil,nil
4/28 18:52:13.322  SPELL_AURA_APPLIED,Player-4755-01F21AE6,"Blahu-Dreadmist",0x40514,0x0,Player-4755-01F21AE6,"Blahu-Dreadmist",0x40514,0x0,21887,"Warrior's Wrath",0x1,BUFF
4/28 18:52:13.322  SPELL_AURA_APPLIED,Player-4755-01733879,"Hocwar-Dreadmist",0x40514,0x0,Player-4755-01733879,"Hocwar-Dreadmist",0x40514,0x0,12970,"Flurry",0x1,BUFF
4/28 18:52:13.322  SPELL_AURA_REMOVED_DOSE,Player-4755-0220BD00,"Krikoff-Dreadmist",0x40514,0x0,Player-4755-0220BD00,"Krikoff-Dreadmist",0x40514,0x0,12970,"Flurry",0x1,BUFF,1
4/28 18:52:13.322  SPELL_AURA_REMOVED_DOSE,Player-4755-0220BD00,"Krikoff-Dreadmist",0x40514,0x0,Player-4755-0220BD00,"Krikoff-Dreadmist",0x40514,0x0,14204,"Enrage",0x1,BUFF,1
4/28 18:52:13.322  SPELL_AURA_REMOVED_DOSE,Player-4755-0220BD00,"Krikoff-Dreadmist",0x40514,0x0,Player-4755-0220BD00,"Krikoff-Dreadmist",0x40514,0x0,23888,"Bloodthirst",0x1,BUFF,2
4/28 18:52:13.347  SPELL_HEAL,Player-4755-0220BD00,"Krikoff-Dreadmist",0x40514,0x0,Player-4755-0220BD00,"Krikoff-Dreadmist",0x40514,0x0,23891,"Bloodthirst",0x1,Player-4755-0220BD00,0000000000000000,100,100,0,0,0,-1,0,0,0,25.64,-199.75,0,3.4126,68,20,20,20,0,nil
4/28 18:52:13.347  SPELL_HEAL,Player-4755-01BC57A3,"Saintis-Dreadmist",0x511,0x0,Pet-0-4457-249-1045-2850-01001956F9,"Kratos",0x1114,0x0,6063,"Heal",0x2,Pet-0-4457-249-1045-2850-01001956F9,Player-4755-0178F576,83,100,0,0,0,-1,0,0,0,8.87,-177.97,0,4.7559,66,1272,1272,0,0,nil
4/28 18:52:13.347  SPELL_DAMAGE,Player-4755-0160BD13,"Mafkees-Dreadmist",0x514,0x0,Creature-0-4457-249-1045-10184-000028665C,"Onyxia",0x10a48,0x0,20647,"Execute",0x1,Creature-0-4457-249-1045-10184-000028665C,0000000000000000,14,100,0,0,0,-1,0,0,0,9.96,-202.99,0,0.2039,63,2830,1632,-1,1,0,0,0,1,nil,nil
4/28 18:52:13.347  SPELL_DAMAGE,Player-4755-0160BD13,"Mafkees-Dreadmist",0x514,0x0,Creature-0-4457-249-1045-10184-000028665C,"Onyxia",0x10a48,0x0,21140,"Fatal Wound",0x1,Creature-0-4457-249-1045-10184-000028665C,0000000000000000,14,100,0,0,0,-1,0,0,0,9.96,-202.99,0,0.2039,63,386,244,-1,1,0,0,0,1,nil,nil
4/28 18:52:13.347  SPELL_DAMAGE,Player-4755-01637B0A,"Pindle-Dreadmist",0x514,0x0,Creature-0-4457-249-1045-10184-000028665C,"Onyxia",0x10a48,0x0,11281,"Backstab",0x1,Creature-0-4457-249-1045-10184-000028665C,0000000000000000,14,100,0,0,0,-1,0,0,0,9.96,-202.99,0,0.2039,63,1074,595,-1,1,0,0,0,1,nil,nil
4/28 18:52:13.347  SPELL_DAMAGE,Player-4755-01733879,"Hocwar-Dreadmist",0x40514,0x0,Creature-0-4457-249-1045-10184-000028665C,"Onyxia",0x10a48,0x0,20647,"Execute",0x1,Creature-0-4457-249-1045-10184-000028665C,0000000000000000,14,100,0,0,0,-1,0,0,0,9.96,-202.99,0,0.2039,63,605,766,-1,1,0,0,0,nil,nil,nil
4/28 18:52:13.347  SPELL_DAMAGE,Player-4755-01840577,"Raggèn-Dreadmist",0x514,0x0,Creature-0-4457-249-1045-10184-000028665C,"Onyxia",0x10a48,0x0,10473,"Frost Shock",0x10,Creature-0-4457-249-1045-10184-000028665C,0000000000000000,14,100,0,0,0,-1,0,0,0,9.96,-202.99,0,0.2039,63,598,543,-1,16,0,0,0,nil,nil,nil
4/28 18:52:13.347  SWING_DAMAGE_LANDED,Player-4755-01637B0A,"Pindle-Dreadmist",0x514,0x0,Creature-0-4457-249-1045-10184-000028665C,"Onyxia",0x10a48,0x0,Creature-0-4457-249-1045-10184-000028665C,0000000000000000,14,100,0,0,0,-1,0,0,0,9.96,-202.99,0,0.2039,63,175,109,-1,1,0,0,0,1,nil,nil
4/28 18:52:13.347  SWING_MISSED,Player-4755-01733879,"Hocwar-Dreadmist",0x40514,0x0,Creature-0-4457-249-1045-10184-000028665C,"Onyxia",0x10a48,0x0,MISS,1
4/28 18:52:13.441  SWING_DAMAGE,Creature-0-4457-249-1045-10184-000028665C,"Onyxia",0x10a48,0x0,Player-4755-0220BD00,"Krikoff-Dreadmist",0x40514,0x0,Creature-0-4457-249-1045-10184-000028665C,0000000000000000,14,100,0,0,0,-1,0,0,0,9.96,-202.99,0,0.2039,63,1292,1660,-1,1,0,0,0,1,nil,nil
4/28 18:52:13.489  RANGE_DAMAGE,Player-4755-01E83279,"Nlmasters-Dreadmist",0x514,0x8,Creature-0-4457-249-1045-10184-000028665C,"Onyxia",0x10a48,0x0,75,"Auto Shot",0x1,Creature-0-4457-249-1045-10184-000028665C,0000000000000000,14,100,0,0,0,-1,0,0,0,9.96,-202.99,0,0.2039,63,325,411,-1,1,0,0,0,nil,nil,nil
4/28 18:52:13.511  SPELL_PERIODIC_DAMAGE,Player-4755-0160BD13,"Mafkees-Dreadmist",0x514,0x0,Creature-0-4457-249-1045-10184-000028665C,"Onyxia",0x10a48,0x0,12721,"Deep Wound",0x1,Creature-0-4457-249-1045-10184-000028665C,0000000000000000,14,100,0,0,0,-1,0,0,0,9.96,-202.99,0,0.2039,63,90,89,-1,1,0,0,0,nil,nil,nil
4/28 18:52:13.511  SPELL_PERIODIC_DAMAGE,Player-4755-01F36B30,"Rectumqeef-Dreadmist",0x514,0x0,Creature-0-4457-249-1045-10184-000028665C,"Onyxia",0x10a48,0x0,11672,"Corruption",0x20,Creature-0-4457-249-1045-10184-000028665C,0000000000000000,14,100,0,0,0,-1,0,0,0,9.96,-202.99,0,0.2039,63,168,203,-1,32,51,0,0,nil,nil,nil
4/28 18:52:13.530  SPELL_HEAL,Player-4755-01FA8DD8,"Roackerita-Dreadmist",0x514,0x0,Player-4755-01FA8DD8,"Roackerita-Dreadmist",0x514,0x0,9474,"Flash Heal",0x2,Player-4755-01FA8DD8,0000000000000000,57,100,0,0,0,-1,0,0,0,19.33,-178.24,0,5.4424,69,764,764,0,0,nil
4/28 18:52:13.530  SPELL_CAST_SUCCESS,Player-4755-01FA8DD8,"Roackerita-Dreadmist",0x514,0x0,Player-4755-01FA8DD8,"Roackerita-Dreadmist",0x514,0x0,9474,"Flash Heal",0x2,Player-4755-01FA8DD8,0000000000000000,57,100,0,0,0,-1,0,0,0,19.33,-178.24,0,5.4424,69
4/28 18:52:13.616  SPELL_CAST_SUCCESS,Player-4755-0210153A,"Hapuseneb-Dreadmist",0x514,0x0,Player-4755-0220BD00,"Krikoff-Dreadmist",0x40514,0x0,6064,"Heal",0x2,Player-4755-0210153A,0000000000000000,100,100,0,0,0,-1,0,0,0,9.74,-229.91,0,1.6179,66
4/28 18:52:13.648  SWING_DAMAGE,Player-4755-01637B0A,"Pindle-Dreadmist",0x514,0x0,Creature-0-4457-249-1045-10184-000028665C,"Onyxia",0x10a48,0x0,Player-4755-01637B0A,0000000000000000,100,100,0,0,0,-1,0,0,0,7.61,-196.52,0,5.3401,65,165,229,-1,1,0,0,0,nil,1,nil
4/28 18:52:13.648  SPELL_CAST_START,Player-4755-0210153A,"Hapuseneb-Dreadmist",0x514,0x0,0000000000000000,nil,0x80000000,0x80000000,2053,"Lesser Heal",0x2
4/28 18:52:13.723  SPELL_CAST_SUCCESS,Creature-0-4457-249-1045-10184-000028665C,"Onyxia",0x10a48,0x0,Player-4755-0220BD00,"Krikoff-Dreadmist",0x40514,0x0,19633,"Knock Away",0x1,Creature-0-4457-249-1045-10184-000028665C,0000000000000000,14,100,0,0,0,-1,0,0,0,9.96,-202.99,0,0.2039,63
4/28 18:52:13.723  SPELL_MISSED,Creature-0-4457-249-1045-10184-000028665C,"Onyxia",0x10a48,0x0,Player-4755-0220BD00,"Krikoff-Dreadmist",0x40514,0x0,19633,"Knock Away",0x1,DODGE,nil
4/28 18:52:13.747  SPELL_AURA_REMOVED_DOSE,Player-4755-0160BD13,"Mafkees-Dreadmist",0x514,0x0,Player-4755-0160BD13,"Mafkees-Dreadmist",0x514,0x0,23888,"Bloodthirst",0x1,BUFF,1
4/28 18:52:13.747  SPELL_AURA_APPLIED_DOSE,Player-4755-0160BD13,"Mafkees-Dreadmist",0x514,0x0,Player-4755-0160BD13,"Mafkees-Dreadmist",0x514,0x0,12970,"Flurry",0x1,BUFF,3
4/28 18:52:13.747  SPELL_HEAL,Player-4755-0160BD13,"Mafkees-Dreadmist",0x514,0x0,Player-4755-0160BD13,"Mafkees-Dreadmist",0x514,0x0,23891,"Bloodthirst",0x1,Player-4755-0160BD13,0000000000000000,93,100,0,0,0,-1,0,0,0,4.27,-214.64,0,1.1451,64,20,20,0,0,nil
4/28 18:52:13.747  SPELL_AURA_APPLIED_DOSE,Player-4755-0220BD00,"Krikoff-Dreadmist",0x40514,0x0,Player-4755-0220BD00,"Krikoff-Dreadmist",0x40514,0x0,14204,"Enrage",0x1,BUFF,12
4/28 18:52:13.747  SWING_DAMAGE_LANDED,Creature-0-4457-249-1045-10184-000028665C,"Onyxia",0x10a48,0x0,Player-4755-0220BD00,"Krikoff-Dreadmist",0x40514,0x0,Player-4755-0220BD00,0000000000000000,80,100,0,0,0,-1,0,0,0,25.64,-199.75,0,3.4126,68,1292,1660,-1,1,0,0,0,1,nil,nil
4/28 18:52:13.747  SPELL_HEAL,Player-4755-0210153A,"Hapuseneb-Dreadmist",0x514,0x0,Player-4755-0220BD00,"Krikoff-Dreadmist",0x40514,0x0,6064,"Heal",0x2,Player-4755-0220BD00,0000000000000000,100,100,0,0,0,-1,0,0,0,25.64,-199.75,0,3.4126,68,1323,1323,31,0,nil
4/28 18:52:13.747  SWING_DAMAGE_LANDED,Player-4755-01637B0A,"Pindle-Dreadmist",0x514,0x0,Creature-0-4457-249-1045-10184-000028665C,"Onyxia",0x10a48,0x0,Creature-0-4457-249-1045-10184-000028665C,0000000000000000,14,100,0,0,0,-1,0,0,0,9.96,-202.99,0,0.2039,63,165,229,-1,1,0,0,0,nil,1,nil
4/28 18:52:13.747  SPELL_AURA_APPLIED,Player-4755-0178F576,"Atreas-Dreadmist",0x514,0x0,Player-4755-0160BD13,"Mafkees-Dreadmist",0x514,0x0,20906,"Trueshot Aura",0x40,BUFF
4/28 18:52:13.767  SWING_DAMAGE,Player-4755-01A6B139,"Sakatan-Dreadmist",0x514,0x0,Creature-0-4457-249-1045-10184-000028665C,"Onyxia",0x10a48,0x0,Player-4755-01A6B139,0000000000000000,100,100,0,0,0,-1,0,0,0,2.83,-188.35,0,5.4631,69,241,149,-1,1,0,0,0,1,nil,nil
4/28 18:52:13.783  SPELL_PERIODIC_ENERGIZE,Player-4755-0160BD13,"Mafkees-Dreadmist",0x514,0x0,Player-4755-0160BD13,"Mafkees-Dreadmist",0x514,0x0,29131,"Bloodrage",0x1,Player-4755-0160BD13,0000000000000000,93,100,0,0,0,-1,0,0,0,4.00,-214.51,0,1.1451,64,1.0000,0.0000,1,1000
4/28 18:52:13.783  SPELL_AURA_REMOVED,Player-4755-0160BD13,"Mafkees-Dreadmist",0x514,0x0,Player-4755-0160BD13,"Mafkees-Dreadmist",0x514,0x0,29131,"Bloodrage",0x1,BUFF
4/28 18:52:13.863  SPELL_CAST_SUCCESS,Player-4755-0220BD00,"Krikoff-Dreadmist",0x40514,0x0,Creature-0-4457-249-1045-10184-000028665C,"Onyxia",0x10a48,0x0,11567,"Heroic Strike",0x1,Player-4755-0220BD00,0000000000000000,100,100,0,0,0,-1,0,0,0,25.64,-199.75,0,3.4126,68
4/28 18:52:13.863  SPELL_AURA_REMOVED,Player-4755-0220BD00,"Krikoff-Dreadmist",0x40514,0x0,Player-4755-0220BD00,"Krikoff-Dreadmist",0x40514,0x0,12970,"Flurry",0x1,BUFF
4/28 18:52:13.863  SPELL_DAMAGE,Player-4755-01802FE5,"Angrybat-Dreadmist",0x514,0x0,Creature-0-4457-249-1045-10184-000028665C,"Onyxia",0x10a48,0x0,10181,"Frostbolt",0x10,Creature-0-4457-249-1045-10184-000028665C,0000000000000000,14,100,0,0,0,-1,0,0,0,9.96,-202.99,0,0.2039,63,976,886,-1,16,0,0,0,nil,nil,nil
4/28 18:52:13.881  SPELL_DAMAGE,Player-4755-0163DD9D,"Kaspais-Dreadmist",0x514,0x0,Creature-0-4457-249-1045-10184-000028665C,"Onyxia",0x10a48,0x0,10181,"Frostbolt",0x10,Creature-0-4457-249-1045-10184-000028665C,0000000000000000,14,100,0,0,0,-1,0,0,0,9.96,-202.99,0,0.2039,63,924,839,-1,16,0,0,0,nil,nil,nil
4/28 18:52:13.881  SPELL_CAST_START,Player-4755-01804B95,"Moymoy-Dreadmist",0x514,0x0,0000000000000000,nil,0x80000000,0x80000000,939,"Healing Wave",0x8
4/28 18:52:13.896  RANGE_DAMAGE,Player-4755-0178F576,"Atreas-Dreadmist",0x514,0x0,Creature-0-4457-249-1045-10184-000028665C,"Onyxia",0x10a48,0x0,75,"Auto Shot",0x1,Creature-0-4457-249-1045-10184-000028665C,0000000000000000,14,100,0,0,0,-1,0,0,0,9.96,-202.99,0,0.2039,63,366,464,-1,1,0,0,0,nil,nil,nil
4/28 18:52:13.912  SWING_DAMAGE,Pet-0-4457-249-1045-2850-01001956F9,"Kratos",0x1114,0x0,Creature-0-4457-249-1045-10184-000028665C,"Onyxia",0x10a48,0x0,Pet-0-4457-249-1045-2850-01001956F9,Player-4755-0178F576,83,100,0,0,0,-1,0,0,0,8.87,-177.97,0,4.7559,66,38,79,-1,1,0,0,0,nil,1,nil
4/28 18:52:13.928  SPELL_PERIODIC_HEAL,Player-4755-02045EF4,"Necrosini-Dreadmist",0x512,0x0,Player-4755-0220BD00,"Krikoff-Dreadmist",0x40514,0x0,10929,"Renew",0x2,Player-4755-0220BD00,0000000000000000,100,100,0,0,0,-1,0,0,0,25.64,-199.75,0,3.4126,68,253,253,253,0,nil
4/28 18:52:13.928  SPELL_CAST_START,Player-4755-01ED7A64,"Sperzieboon-Dreadmist",0x514,0x0,0000000000000000,nil,0x80000000,0x80000000,10965,"Greater Heal",0x2
4/28 18:52:13.928  SWING_DAMAGE,Player-4755-01A6B139,"Sakatan-Dreadmist",0x514,0x0,Creature-0-4457-249-1045-10184-000028665C,"Onyxia",0x10a48,0x0,Player-4755-01A6B139,0000000000000000,100,100,0,0,0,-1,0,0,0,2.83,-188.35,0,5.4631,69,160,212,-1,1,0,0,0,nil,1,nil
4/28 18:52:13.975  SPELL_CAST_SUCCESS,Player-4755-015FEBD5,"Sauvage-Dreadmist",0x514,0x0,Creature-0-4457-249-1045-10184-000028665C,"Onyxia",0x10a48,0x0,10181,"Frostbolt",0x10,Player-4755-015FEBD5,0000000000000000,100,100,0,0,0,-1,0,0,0,-8.33,-235.99,0,1.0304,64
4/28 18:52:13.975  SPELL_CAST_START,Player-4755-015FEBD5,"Sauvage-Dreadmist",0x514,0x0,0000000000000000,nil,0x80000000,0x80000000,10181,"Frostbolt",0x10
4/28 18:52:14.102  SPELL_PERIODIC_ENERGIZE,Player-4755-01BC57A3,"Saintis-Dreadmist",0x511,0x0,Player-4755-01BC57A3,"Saintis-Dreadmist",0x511,0x0,18194,"Mana Regeneration",0x1,Player-4755-01BC57A3,0000000000000000,100,100,0,0,0,-1,0,0,0,19.19,-218.52,0,1.9402,68,8.0000,0.0000,0,7212
4/28 18:52:14.142  SPELL_AURA_REFRESH,Player-4755-0160BD13,"Mafkees-Dreadmist",0x514,0x0,Creature-0-4457-249-1045-10184-000028665C,"Onyxia",0x10a48,0x0,12721,"Deep Wound",0x1,DEBUFF
4/28 18:52:14.142  SPELL_AURA_REMOVED_DOSE,Player-4755-01733879,"Hocwar-Dreadmist",0x40514,0x0,Player-4755-01733879,"Hocwar-Dreadmist",0x40514,0x0,12970,"Flurry",0x1,BUFF,2
4/28 18:52:14.142  DAMAGE_SHIELD_MISSED,Player-4755-0220BD00,"Krikoff-Dreadmist",0x40514,0x0,Creature-0-4457-249-1045-10184-000028665C,"Onyxia",0x10a48,0x0,11771,"Fire Shield",0x4,IMMUNE,nil
4/28 18:52:14.142  SWING_DAMAGE_LANDED,Player-4755-01A6B139,"Sakatan-Dreadmist",0x514,0x0,Creature-0-4457-249-1045-10184-000028665C,"Onyxia",0x10a48,0x0,Creature-0-4457-249-1045-10184-000028665C,0000000000000000,14,100,0,0,0,-1,0,0,0,9.96,-202.99,0,0.2039,63,241,149,-1,1,0,0,0,1,nil,nil
4/28 18:52:14.142  SPELL_DAMAGE,Player-4755-01A6B139,"Sakatan-Dreadmist",0x514,0x0,Creature-0-4457-249-1045-10184-000028665C,"Onyxia",0x10a48,0x0,11337,"Instant Poison VI",0x8,Creature-0-4457-249-1045-10184-000028665C,0000000000000000,14,100,0,0,0,-1,0,0,0,9.96,-202.99,0,0.2039,63,89,118,-1,8,30,0,0,nil,nil,nil
4/28 18:52:14.142  SPELL_DAMAGE,Player-4755-0220BD00,"Krikoff-Dreadmist",0x40514,0x0,Creature-0-4457-249-1045-10184-000028665C,"Onyxia",0x10a48,0x0,11567,"Heroic Strike",0x1,Creature-0-4457-249-1045-10184-000028665C,0000000000000000,14,100,0,0,0,-1,0,0,0,9.96,-202.99,0,0.2039,63,452,572,-1,1,0,0,0,nil,nil,nil
4/28 18:52:14.142  SWING_DAMAGE_LANDED,Pet-0-4457-249-1045-2850-01001956F9,"Kratos",0x1114,0x0,Creature-0-4457-249-1045-10184-000028665C,"Onyxia",0x10a48,0x0,Creature-0-4457-249-1045-10184-000028665C,0000000000000000,14,100,0,0,0,-1,0,0,0,9.96,-202.99,0,0.2039,63,38,79,-1,1,0,0,0,nil,1,nil
4/28 18:52:14.142  SWING_DAMAGE_LANDED,Player-4755-01A6B139,"Sakatan-Dreadmist",0x514,0x0,Creature-0-4457-249-1045-10184-000028665C,"Onyxia",0x10a48,0x0,Creature-0-4457-249-1045-10184-000028665C,0000000000000000,14,100,0,0,0,-1,0,0,0,9.96,-202.99,0,0.2039,63,160,212,-1,1,0,0,0,nil,1,nil
4/28 18:52:14.190  SWING_DAMAGE,Player-4755-01AC9FD9,"Alexinho-Dreadmist",0x514,0x0,Creature-0-4457-249-1045-10184-000028665C,"Onyxia",0x10a48,0x0,Player-4755-01AC9FD9,0000000000000000,88,100,0,0,0,-1,0,0,0,10.68,-193.61,0,4.5952,66,265,165,-1,1,0,0,0,1,nil,nil
4/28 18:52:14.190  SPELL_AURA_REMOVED,Player-4755-01FA8DD8,"Roackerita-Dreadmist",0x514,0x0,Player-4755-01FA8DD8,"Roackerita-Dreadmist",0x514,0x0,6788,"Weakened Soul",0x2,DEBUFF
4/28 18:52:14.220  SWING_MISSED,Player-4755-01733879,"Hocwar-Dreadmist",0x40514,0x0,Creature-0-4457-249-1045-10184-000028665C,"Onyxia",0x10a48,0x0,MISS,nil
4/28 18:52:14.249  SPELL_CAST_START,Player-4755-01614AC7,"Mirrimazduur-Dreadmist",0x512,0x0,0000000000000000,nil,0x80000000,0x80000000,11672,"Corruption",0x20
4/28 18:52:14.249  SPELL_CAST_SUCCESS,Player-4755-01614AC7,"Mirrimazduur-Dreadmist",0x512,0x0,Creature-0-4457-249-1045-10184-000028665C,"Onyxia",0x10a48,0x0,11672,"Corruption",0x20,Player-4755-01614AC7,0000000000000000,84,100,0,0,0,-1,0,0,0,8.73,-173.03,0,4.6521,68
4/28 18:52:14.279  SPELL_DAMAGE,Player-4755-01614AC7,"Mirrimazduur-Dreadmist",0x512,0x0,Creature-0-4457-249-1045-10184-000028665C,"Onyxia",0x10a48,0x0,11661,"Shadow Bolt",0x20,Creature-0-4457-249-1045-10184-000028665C,0000000000000000,14,100,0,0,0,-1,0,0,0,9.96,-202.99,0,0.2039,63,979,890,-1,32,0,0,0,nil,nil,nil
4/28 18:52:14.279  SWING_MISSED,Player-4755-01F21AE6,"Blahu-Dreadmist",0x40514,0x0,Creature-0-4457-249-1045-10184-000028665C,"Onyxia",0x10a48,0x0,DODGE,nil
4/28 18:52:14.294  SPELL_CAST_SUCCESS,Player-4755-0220BD00,"Krikoff-Dreadmist",0x40514,0x0,Creature-0-4457-249-1045-10184-000028665C,"Onyxia",0x10a48,0x0,11601,"Revenge",0x1,Player-4755-0220BD00,0000000000000000,100,100,0,0,0,-1,0,0,0,25.64,-199.75,0,3.4126,68
4/28 18:52:14.294  SPELL_MISSED,Player-4755-0220BD00,"Krikoff-Dreadmist",0x40514,0x0,Creature-0-4457-249-1045-10184-000028665C,"Onyxia",0x10a48,0x0,11601,"Revenge",0x1,DODGE,nil
4/28 18:52:14.324  SWING_DAMAGE,Player-4755-01637B0A,"Pindle-Dreadmist",0x514,0x0,Creature-0-4457-249-1045-10184-000028665C,"Onyxia",0x10a48,0x0,Player-4755-01637B0A,0000000000000000,100,100,0,0,0,-1,0,0,0,7.61,-196.52,0,5.3401,65,155,96,-1,1,0,0,0,1,nil,nil
4/28 18:52:14.445  SPELL_CAST_START,Player-4755-01E83279,"Nlmasters-Dreadmist",0x514,0x8,0000000000000000,nil,0x80000000,0x80000000,75,"Auto Shot",0x1
4/28 18:52:14.445  SPELL_CAST_SUCCESS,Player-4755-01F36B30,"Rectumqeef-Dreadmist",0x514,0x0,Creature-0-4457-249-1045-10184-000028665C,"Onyxia",0x10a48,0x0,11661,"Shadow Bolt",0x20,Player-4755-01F36B30,0000000000000000,100,100,0,0,0,-1,0,0,0,12.86,-175.99,0,4.6617,66
4/28 18:52:14.461  SPELL_CAST_START,Player-4755-01F36B30,"Rectumqeef-Dreadmist",0x514,0x0,0000000000000000,nil,0x80000000,0x80000000,11661,"Shadow Bolt",0x20
4/28 18:52:14.491  SPELL_CAST_START,Player-4755-01FA8DD8,"Roackerita-Dreadmist",0x514,0x0,0000000000000000,nil,0x80000000,0x80000000,9474,"Flash Heal",0x2
4/28 18:52:14.539  SPELL_AURA_REMOVED_DOSE,Player-4755-0220BD00,"Krikoff-Dreadmist",0x40514,0x0,Player-4755-0220BD00,"Krikoff-Dreadmist",0x40514,0x0,14204,"Enrage",0x1,BUFF,11
4/28 18:52:14.539  SPELL_AURA_REMOVED_DOSE,Player-4755-0220BD00,"Krikoff-Dreadmist",0x40514,0x0,Player-4755-0220BD00,"Krikoff-Dreadmist",0x40514,0x0,23888,"Bloodthirst",0x1,BUFF,1
4/28 18:52:14.539  SPELL_HEAL,Player-4755-0220BD00,"Krikoff-Dreadmist",0x40514,0x0,Player-4755-0220BD00,"Krikoff-Dreadmist",0x40514,0x0,23891,"Bloodthirst",0x1,Player-4755-0220BD00,0000000000000000,100,100,0,0,0,-1,0,0,0,25.64,-199.75,0,3.4126,68,20,20,20,0,nil
4/28 18:52:14.539  SPELL_AURA_APPLIED_DOSE,Player-4755-01802FE5,"Angrybat-Dreadmist",0x514,0x0,Creature-0-4457-249-1045-10184-000028665C,"Onyxia",0x10a48,0x0,12579,"Winter's Chill",0x10,DEBUFF,5
4/28 18:52:14.539  SWING_DAMAGE_LANDED,Player-4755-01AC9FD9,"Alexinho-Dreadmist",0x514,0x0,Creature-0-4457-249-1045-10184-000028665C,"Onyxia",0x10a48,0x0,Creature-0-4457-249-1045-10184-000028665C,0000000000000000,14,100,0,0,0,-1,0,0,0,9.96,-202.99,0,0.2039,63,265,165,-1,1,0,0,0,1,nil,nil
4/28 18:52:14.539  SPELL_AURA_APPLIED,Player-4755-01614AC7,"Mirrimazduur-Dreadmist",0x512,0x0,Creature-0-4457-249-1045-10184-000028665C,"Onyxia",0x10a48,0x0,11672,"Corruption",0x20,DEBUFF
4/28 18:52:14.539  SWING_DAMAGE_LANDED,Player-4755-01637B0A,"Pindle-Dreadmist",0x514,0x0,Creature-0-4457-249-1045-10184-000028665C,"Onyxia",0x10a48,0x0,Creature-0-4457-249-1045-10184-000028665C,0000000000000000,14,100,0,0,0,-1,0,0,0,9.96,-202.99,0,0.2039,63,155,96,-1,1,0,0,0,1,nil,nil
4/28 18:52:14.574  SWING_DAMAGE,Player-4755-01733879,"Hocwar-Dreadmist",0x40514,0x0,Creature-0-4457-249-1045-10184-000028665C,"Onyxia",0x10a48,0x0,Player-4755-01733879,0000000000000000,98,100,0,0,0,-1,0,0,0,6.95,-194.55,0,5.0550,71,231,146,-1,1,0,0,0,1,nil,nil
4/28 18:52:14.640  SPELL_AURA_APPLIED,Player-4755-0178F416,"Eltorero-Dreadmist",0x514,0x0,Player-4755-0178F416,"Eltorero-Dreadmist",0x514,0x0,20007,"Holy Strength",0x2,BUFF
4/28 18:52:14.640  SPELL_HEAL,Player-4755-0178F416,"Eltorero-Dreadmist",0x514,0x0,Player-4755-0178F416,"Eltorero-Dreadmist",0x514,0x0,20007,"Holy Strength",0x2,Player-4755-0178F416,0000000000000000,95,100,0,0,0,-1,0,0,0,10.27,-216.70,0,1.6568,67,117,117,0,0,nil
4/28 18:52:14.640  SWING_DAMAGE,Player-4755-0178F416,"Eltorero-Dreadmist",0x514,0x0,Creature-0-4457-249-1045-10184-000028665C,"Onyxia",0x10a48,0x0,Player-4755-0178F416,0000000000000000,95,100,0,0,0,-1,0,0,0,10.27,-216.70,0,1.6568,67,1114,706,-1,1,0,0,0,1,nil,nil
4/28 18:52:14.851  SWING_DAMAGE,Player-4755-01F21AE6,"Blahu-Dreadmist",0x40514,0x0,Creature-0-4457-249-1045-10184-000028665C,"Onyxia",0x10a48,0x0,Player-4755-01F21AE6,0000000000000000,100,100,0,0,0,-1,0,0,0,12.96,-209.10,0,1.7033,70,189,120,-1,1,0,0,0,1,nil,nil
4/28 18:52:14.894  SPELL_CAST_SUCCESS,Player-4755-01E83279,"Nlmasters-Dreadmist",0x514,0x8,Creature-0-4457-249-1045-10184-000028665C,"Onyxia",0x10a48,0x0,75,"Auto Shot",0x1,Player-4755-01E83279,0000000000000000,100,100,0,0,0,-1,0,0,0,15.93,-247.88,0,1.7030,71
4/28 18:52:14.909  SWING_DAMAGE,Pet-0-4457-249-1045-2850-01001956F9,"Kratos",0x1114,0x0,Creature-0-4457-249-1045-10184-000028665C,"Onyxia",0x10a48,0x0,Pet-0-4457-249-1045-2850-01001956F9,Player-4755-0178F576,83,100,0,0,0,-1,0,0,0,8.87,-177.97,0,4.7559,66,65,82,-1,1,0,0,0,nil,nil,nil
4/28 18:52:14.925  SPELL_CAST_START,Creature-0-4457-249-1045-10184-000028665C,"Onyxia",0x10a48,0x0,0000000000000000,nil,0x80000000,0x80000000,18431,"Bellowing Roar",0x1
4/28 18:52:14.943  SPELL_AURA_REMOVED_DOSE,Player-4755-01733879,"Hocwar-Dreadmist",0x40514,0x0,Player-4755-01733879,"Hocwar-Dreadmist",0x40514,0x0,12970,"Flurry",0x1,BUFF,1
4/28 18:52:14.943  SPELL_AURA_REMOVED_DOSE,Player-4755-0220BD00,"Krikoff-Dreadmist",0x40514,0x0,Player-4755-0220BD00,"Krikoff-Dreadmist",0x40514,0x0,14204,"Enrage",0x1,BUFF,10
4/28 18:52:14.943  SWING_DAMAGE_LANDED,Player-4755-01733879,"Hocwar-Dreadmist",0x40514,0x0,Creature-0-4457-249-1045-10184-000028665C,"Onyxia",0x10a48,0x0,Creature-0-4457-249-1045-10184-000028665C,0000000000000000,14,100,0,0,0,-1,0,0,0,9.96,-202.99,0,0.2039,63,231,146,-1,1,0,0,0,1,nil,nil
4/28 18:52:14.943  SWING_DAMAGE_LANDED,Player-4755-0178F416,"Eltorero-Dreadmist",0x514,0x0,Creature-0-4457-249-1045-10184-000028665C,"Onyxia",0x10a48,0x0,Creature-0-4457-249-1045-10184-000028665C,0000000000000000,14,100,0,0,0,-1,0,0,0,9.96,-202.99,0,0.2039,63,1114,706,-1,1,0,0,0,1,nil,nil
4/28 18:52:14.943  SWING_DAMAGE_LANDED,Player-4755-01F21AE6,"Blahu-Dreadmist",0x40514,0x0,Creature-0-4457-249-1045-10184-000028665C,"Onyxia",0x10a48,0x0,Creature-0-4457-249-1045-10184-000028665C,0000000000000000,14,100,0,0,0,-1,0,0,0,9.96,-202.99,0,0.2039,63,189,120,-1,1,0,0,0,1,nil,nil
4/28 18:52:14.943  SWING_DAMAGE_LANDED,Pet-0-4457-249-1045-2850-01001956F9,"Kratos",0x1114,0x0,Creature-0-4457-249-1045-10184-000028665C,"Onyxia",0x10a48,0x0,Creature-0-4457-249-1045-10184-000028665C,0000000000000000,14,100,0,0,0,-1,0,0,0,9.96,-202.99,0,0.2039,63,65,82,-1,1,0,0,0,nil,nil,nil
4/28 18:52:14.943  SWING_DAMAGE,Player-4755-0160BD13,"Mafkees-Dreadmist",0x514,0x0,Creature-0-4457-249-1045-10184-000028665C,"Onyxia",0x10a48,0x0,Player-4755-0160BD13,0000000000000000,93,100,0,0,0,-1,0,0,0,4.92,-213.22,0,1.1765,64,880,558,-1,1,0,0,0,1,nil,nil
4/28 18:52:14.990  SPELL_CAST_START,Player-4755-0178F576,"Atreas-Dreadmist",0x514,0x0,0000000000000000,nil,0x80000000,0x80000000,20904,"Aimed Shot",0x1
4/28 18:52:15.036  SWING_DAMAGE,Player-4755-01637B0A,"Pindle-Dreadmist",0x514,0x0,Creature-0-4457-249-1045-10184-000028665C,"Onyxia",0x10a48,0x0,Player-4755-01637B0A,0000000000000000,100,100,0,0,0,-1,0,0,0,7.61,-196.52,0,5.3460,65,326,203,-1,1,0,0,0,1,nil,nil
4/28 18:52:15.124  SWING_DAMAGE,Player-4755-01A6B139,"Sakatan-Dreadmist",0x514,0x0,Creature-0-4457-249-1045-10184-000028665C,"Onyxia",0x10a48,0x0,Player-4755-01A6B139,0000000000000000,100,100,0,0,0,-1,0,0,0,2.83,-188.35,0,5.4631,69,198,122,-1,1,0,0,0,1,nil,nil
4/28 18:52:15.183  SWING_DAMAGE,Player-4755-0220BD00,"Krikoff-Dreadmist",0x40514,0x0,Creature-0-4457-249-1045-10184-000028665C,"Onyxia",0x10a48,0x0,Player-4755-0220BD00,0000000000000000,100,100,0,0,0,-1,0,0,0,25.64,-199.75,0,3.4126,68,192,242,-1,1,0,0,0,nil,nil,nil
4/28 18:52:15.226  SPELL_CAST_START,Player-4755-01ED7A64,"Sperzieboon-Dreadmist",0x514,0x0,0000000000000000,nil,0x80000000,0x80000000,10965,"Greater Heal",0x2
4/28 18:52:15.255  SPELL_HEAL,Player-4755-01617EEE,"Fenix-Dreadmist",0x512,0x0,Player-4755-01617EEE,"Fenix-Dreadmist",0x512,0x0,6064,"Heal",0x2,Player-4755-01617EEE,0000000000000000,54,100,0,0,0,-1,0,0,0,21.87,-175.54,0,4.6783,66,1438,1438,0,0,nil
4/28 18:52:15.255  SPELL_CAST_SUCCESS,Player-4755-01617EEE,"Fenix-Dreadmist",0x512,0x0,Player-4755-01617EEE,"Fenix-Dreadmist",0x512,0x0,6064,"Heal",0x2,Player-4755-01617EEE,0000000000000000,54,100,0,0,0,-1,0,0,0,21.87,-175.54,0,4.6783,66
4/28 18:52:15.270  SWING_DAMAGE,Player-4755-01AC9FD9,"Alexinho-Dreadmist",0x514,0x0,Creature-0-4457-249-1045-10184-000028665C,"Onyxia",0x10a48,0x0,Player-4755-01AC9FD9,0000000000000000,88,100,0,0,0,-1,0,0,0,10.68,-193.61,0,4.8937,66,258,395,-1,1,0,0,0,nil,1,nil
4/28 18:52:15.270  SPELL_CAST_START,Player-4755-020BD78D,"Lonehunter-Dreadmist",0x514,0x0,0000000000000000,nil,0x80000000,0x80000000,75,"Auto Shot",0x1
4/28 18:52:15.326  SPELL_DAMAGE,Player-4755-015FEBD5,"Sauvage-Dreadmist",0x514,0x0,Creature-0-4457-249-1045-10184-000028665C,"Onyxia",0x10a48,0x0,10181,"Frostbolt",0x10,Creature-0-4457-249-1045-10184-000028665C,0000000000000000,13,100,0,0,0,-1,0,0,0,9.96,-202.99,0,0.2039,63,917,833,-1,16,0,0,0,nil,nil,nil
4/28 18:52:15.345  SPELL_AURA_APPLIED_DOSE,Player-4755-01733879,"Hocwar-Dreadmist",0x40514,0x0,Player-4755-01733879,"Hocwar-Dreadmist",0x40514,0x0,12970,"Flurry",0x1,BUFF,3
4/28 18:52:15.345  SPELL_AURA_REMOVED_DOSE,Player-4755-0178F416,"Eltorero-Dreadmist",0x514,0x0,Player-4755-0178F416,"Eltorero-Dreadmist",0x514,0x0,12970,"Flurry",0x1,BUFF,2
4/28 18:52:15.345  SPELL_AURA_APPLIED_DOSE,Player-4755-0178F416,"Eltorero-Dreadmist",0x514,0x0,Player-4755-0178F416,"Eltorero-Dreadmist",0x514,0x0,12970,"Flurry",0x1,BUFF,3
4/28 18:52:15.345  SPELL_AURA_REMOVED_DOSE,Player-4755-01F21AE6,"Blahu-Dreadmist",0x40514,0x0,Player-4755-01F21AE6,"Blahu-Dreadmist",0x40514,0x0,23888,"Bloodthirst",0x1,BUFF,2
4/28 18:52:15.345  SPELL_AURA_APPLIED,Player-4755-01F21AE6,"Blahu-Dreadmist",0x40514,0x0,Player-4755-01F21AE6,"Blahu-Dreadmist",0x40514,0x0,12970,"Flurry",0x1,BUFF
4/28 18:52:15.345  SPELL_HEAL,Player-4755-01F21AE6,"Blahu-Dreadmist",0x40514,0x0,Player-4755-01F21AE6,"Blahu-Dreadmist",0x40514,0x0,23891,"Bloodthirst",0x1,Player-4755-01F21AE6,0000000000000000,100,100,0,0,0,-1,0,0,0,11.83,-209.23,0,1.6719,70,20,20,20,0,nil
4/28 18:52:15.345  SWING_DAMAGE_LANDED,Player-4755-0160BD13,"Mafkees-Dreadmist",0x514,0x0,Creature-0-4457-249-1045-10184-000028665C,"Onyxia",0x10a48,0x0,Creature-0-4457-249-1045-10184-000028665C,0000000000000000,13,100,0,0,0,-1,0,0,0,9.96,-202.99,0,0.2039,63,880,558,-1,1,0,0,0,1,nil,nil
4/28 18:52:15.345  SWING_DAMAGE_LANDED,Player-4755-01637B0A,"Pindle-Dreadmist",0x514,0x0,Creature-0-4457-249-1045-10184-000028665C,"Onyxia",0x10a48,0x0,Creature-0-4457-249-1045-10184-000028665C,0000000000000000,13,100,0,0,0,-1,0,0,0,9.96,-202.99,0,0.2039,63,326,203,-1,1,0,0,0,1,nil,nil
4/28 18:52:15.345  SWING_DAMAGE_LANDED,Player-4755-01A6B139,"Sakatan-Dreadmist",0x514,0x0,Creature-0-4457-249-1045-10184-000028665C,"Onyxia",0x10a48,0x0,Creature-0-4457-249-1045-10184-000028665C,0000000000000000,13,100,0,0,0,-1,0,0,0,9.96,-202.99,0,0.2039,63,198,122,-1,1,0,0,0,1,nil,nil
4/28 18:52:15.345  SWING_DAMAGE_LANDED,Player-4755-0220BD00,"Krikoff-Dreadmist",0x40514,0x0,Creature-0-4457-249-1045-10184-000028665C,"Onyxia",0x10a48,0x0,Creature-0-4457-249-1045-10184-000028665C,0000000000000000,13,100,0,0,0,-1,0,0,0,9.96,-202.99,0,0.2039,63,192,242,-1,1,0,0,0,nil,nil,nil
4/28 18:52:15.345  SWING_DAMAGE_LANDED,Player-4755-01AC9FD9,"Alexinho-Dreadmist",0x514,0x0,Creature-0-4457-249-1045-10184-000028665C,"Onyxia",0x10a48,0x0,Creature-0-4457-249-1045-10184-000028665C,0000000000000000,13,100,0,0,0,-1,0,0,0,9.96,-202.99,0,0.2039,63,258,395,-1,1,0,0,0,nil,1,nil
4/28 18:52:15.367  SPELL_CAST_SUCCESS,Player-4755-01802FE5,"Angrybat-Dreadmist",0x514,0x0,Creature-0-4457-249-1045-10184-000028665C,"Onyxia",0x10a48,0x0,10181,"Frostbolt",0x10,Player-4755-01802FE5,0000000000000000,79,100,0,0,0,-1,0,0,0,-1.55,-177.25,0,5.1386,66
4/28 18:52:15.367  SPELL_CAST_START,Player-4755-01802FE5,"Angrybat-Dreadmist",0x514,0x0,0000000000000000,nil,0x80000000,0x80000000,10181,"Frostbolt",0x10
4/28 18:52:15.367  SWING_DAMAGE,Player-4755-01A6B139,"Sakatan-Dreadmist",0x514,0x0,Creature-0-4457-249-1045-10184-000028665C,"Onyxia",0x10a48,0x0,Player-4755-01A6B139,0000000000000000,100,100,0,0,0,-1,0,0,0,2.83,-188.35,0,5.4631,69,171,217,-1,1,0,0,0,nil,nil,nil
4/28 18:52:15.412  SWING_DAMAGE,Player-4755-01637B0A,"Pindle-Dreadmist",0x514,0x0,Creature-0-4457-249-1045-10184-000028665C,"Onyxia",0x10a48,0x0,Player-4755-01637B0A,0000000000000000,100,100,0,0,0,-1,0,0,0,7.61,-196.52,0,5.3283,65,72,96,-1,1,0,0,0,nil,1,nil
4/28 18:52:15.443  SPELL_CAST_SUCCESS,Player-4755-0163DD9D,"Kaspais-Dreadmist",0x514,0x0,Creature-0-4457-249-1045-10184-000028665C,"Onyxia",0x10a48,0x0,10181,"Frostbolt",0x10,Player-4755-0163DD9D,0000000000000000,100,100,0,0,0,-1,0,0,0,11.51,-177.19,0,4.7187,66
4/28 18:52:15.443  SPELL_CAST_START,Player-4755-0163DD9D,"Kaspais-Dreadmist",0x514,0x0,0000000000000000,nil,0x80000000,0x80000000,10181,"Frostbolt",0x10
4/28 18:52:15.505  SPELL_AURA_REFRESH,Player-4755-0178F416,"Eltorero-Dreadmist",0x514,0x0,Player-4755-0178F416,"Eltorero-Dreadmist",0x514,0x0,20007,"Holy Strength",0x2,BUFF
4/28 18:52:15.505  SPELL_HEAL,Player-4755-0178F416,"Eltorero-Dreadmist",0x514,0x0,Player-4755-0178F416,"Eltorero-Dreadmist",0x514,0x0,20007,"Holy Strength",0x2,Player-4755-0178F416,0000000000000000,97,100,0,0,0,-1,0,0,0,10.27,-216.70,0,1.6568,67,95,95,0,0,nil
4/28 18:52:15.540  SPELL_CAST_SUCCESS,Player-4755-01BC57A3,"Saintis-Dreadmist",0x511,0x0,Player-4755-01FA8DD8,"Roackerita-Dreadmist",0x514,0x0,6063,"Heal",0x2,Player-4755-01BC57A3,0000000000000000,100,100,0,0,0,-1,0,0,0,19.19,-218.52,0,1.9402,68
4/28 18:52:15.589  SWING_DAMAGE,Player-4755-01AC9FD9,"Alexinho-Dreadmist",0x514,0x0,Creature-0-4457-249-1045-10184-000028665C,"Onyxia",0x10a48,0x0,Player-4755-01AC9FD9,0000000000000000,88,100,0,0,0,-1,0,0,0,10.68,-193.61,0,4.6706,66,287,178,-1,1,0,0,0,1,nil,nil
4/28 18:52:15.620  SWING_MISSED,Player-4755-01733879,"Hocwar-Dreadmist",0x40514,0x0,Creature-0-4457-249-1045-10184-000028665C,"Onyxia",0x10a48,0x0,MISS,nil
4/28 18:52:15.671  SWING_DAMAGE,Player-4755-01840577,"Raggèn-Dreadmist",0x514,0x0,Creature-0-4457-249-1045-10184-000028665C,"Onyxia",0x10a48,0x0,Player-4755-01840577,0000000000000000,91,100,0,0,0,-1,0,0,0,9.30,-194.70,0,4.9156,67,347,441,-1,1,0,0,0,nil,nil,nil
4/28 18:52:15.728  SPELL_CAST_SUCCESS,Player-4755-020BD78D,"Lonehunter-Dreadmist",0x514,0x0,Creature-0-4457-249-1045-10184-000028665C,"Onyxia",0x10a48,0x0,75,"Auto Shot",0x1,Player-4755-020BD78D,0000000000000000,100,100,0,0,0,-1,0,0,0,5.13,-248.80,0,1.4658,71
4/28 18:52:15.765  SPELL_AURA_REFRESH,Player-4755-0178F416,"Eltorero-Dreadmist",0x514,0x0,Creature-0-4457-249-1045-10184-000028665C,"Onyxia",0x10a48,0x0,12721,"Deep Wound",0x1,DEBUFF
4/28 18:52:15.765  SPELL_AURA_REMOVED_DOSE,Player-4755-0160BD13,"Mafkees-Dreadmist",0x514,0x0,Player-4755-0160BD13,"Mafkees-Dreadmist",0x514,0x0,12970,"Flurry",0x1,BUFF,2
4/28 18:52:15.765  SPELL_AURA_APPLIED_DOSE,Player-4755-0160BD13,"Mafkees-Dreadmist",0x514,0x0,Player-4755-0160BD13,"Mafkees-Dreadmist",0x514,0x0,12970,"Flurry",0x1,BUFF,3
4/28 18:52:15.765  SPELL_HEAL,Player-4755-0160BD13,"Mafkees-Dreadmist",0x514,0x0,Player-4755-0160BD13,"Mafkees-Dreadmist",0x514,0x0,23891,"Bloodthirst",0x1,Player-4755-0160BD13,0000000000000000,93,100,0,0,0,-1,0,0,0,5.40,-212.21,0,1.1687,64,20,20,0,0,nil
4/28 18:52:15.765  SPELL_AURA_REMOVED,Player-4755-0160BD13,"Mafkees-Dreadmist",0x514,0x0,Player-4755-0160BD13,"Mafkees-Dreadmist",0x514,0x0,23888,"Bloodthirst",0x1,BUFF
4/28 18:52:15.765  SPELL_AURA_REMOVED_DOSE,Player-4755-0220BD00,"Krikoff-Dreadmist",0x40514,0x0,Player-4755-0220BD00,"Krikoff-Dreadmist",0x40514,0x0,14204,"Enrage",0x1,BUFF,9
4/28 18:52:15.765  SPELL_HEAL,Player-4755-0220BD00,"Krikoff-Dreadmist",0x40514,0x0,Player-4755-0220BD00,"Krikoff-Dreadmist",0x40514,0x0,23891,"Bloodthirst",0x1,Player-4755-0220BD00,0000000000000000,100,100,0,0,0,-1,0,0,0,25.64,-199.75,0,3.4126,68,20,20,20,0,nil
4/28 18:52:15.765  SPELL_AURA_REMOVED,Player-4755-0220BD00,"Krikoff-Dreadmist",0x40514,0x0,Player-4755-0220BD00,"Krikoff-Dreadmist",0x40514,0x0,23888,"Bloodthirst",0x1,BUFF
4/28 18:52:15.765  SWING_DAMAGE_LANDED,Player-4755-01A6B139,"Sakatan-Dreadmist",0x514,0x0,Creature-0-4457-249-1045-10184-000028665C,"Onyxia",0x10a48,0x0,Creature-0-4457-249-1045-10184-000028665C,0000000000000000,13,100,0,0,0,-1,0,0,0,9.96,-202.99,0,0.2039,63,171,217,-1,1,0,0,0,nil,nil,nil
4/28 18:52:15.765  SWING_DAMAGE_LANDED,Player-4755-01637B0A,"Pindle-Dreadmist",0x514,0x0,Creature-0-4457-249-1045-10184-000028665C,"Onyxia",0x10a48,0x0,Creature-0-4457-249-1045-10184-000028665C,0000000000000000,13,100,0,0,0,-1,0,0,0,9.96,-202.99,0,0.2039,63,72,96,-1,1,0,0,0,nil,1,nil
4/28 18:52:15.765  SPELL_DAMAGE,Player-4755-01637B0A,"Pindle-Dreadmist",0x514,0x0,Creature-0-4457-249-1045-10184-000028665C,"Onyxia",0x10a48,0x0,11337,"Instant Poison VI",0x8,Creature-0-4457-249-1045-10184-000028665C,0000000000000000,13,100,0,0,0,-1,0,0,0,9.96,-202.99,0,0.2039,63,61,120,-1,8,60,0,0,nil,nil,nil
4/28 18:52:15.765  SPELL_DAMAGE,Player-4755-0178F416,"Eltorero-Dreadmist",0x514,0x0,Creature-0-4457-249-1045-10184-000028665C,"Onyxia",0x10a48,0x0,20647,"Execute",0x1,Creature-0-4457-249-1045-10184-000028665C,0000000000000000,13,100,0,0,0,-1,0,0,0,9.96,-202.99,0,0.2039,63,975,1238,-1,1,0,0,0,nil,nil,nil
4/28 18:52:15.765  SPELL_HEAL,Player-4755-01BC57A3,"Saintis-Dreadmist",0x511,0x0,Player-4755-01FA8DD8,"Roackerita-Dreadmist",0x514,0x0,6063,"Heal",0x2,Player-4755-01FA8DD8,0000000000000000,89,100,0,0,0,-1,0,0,0,19.33,-178.24,0,5.4424,69,1248,1248,0,0,nil
4/28 18:52:15.765  SWING_DAMAGE_LANDED,Player-4755-01AC9FD9,"Alexinho-Dreadmist",0x514,0x0,Creature-0-4457-249-1045-10184-000028665C,"Onyxia",0x10a48,0x0,Creature-0-4457-249-1045-10184-000028665C,0000000000000000,13,100,0,0,0,-1,0,0,0,9.96,-202.99,0,0.2039,63,287,178,-1,1,0,0,0,1,nil,nil
4/28 18:52:15.765  SPELL_DAMAGE,Player-4755-01AC9FD9,"Alexinho-Dreadmist",0x514,0x0,Creature-0-4457-249-1045-10184-000028665C,"Onyxia",0x10a48,0x0,11337,"Instant Poison VI",0x8,Creature-0-4457-249-1045-10184-000028665C,0000000000000000,13,100,0,0,0,-1,0,0,0,9.96,-202.99,0,0.2039,63,145,144,-1,8,0,0,0,nil,nil,nil
4/28 18:52:15.765  SWING_DAMAGE_LANDED,Player-4755-01840577,"Raggèn-Dreadmist",0x514,0x0,Creature-0-4457-249-1045-10184-000028665C,"Onyxia",0x10a48,0x0,Creature-0-4457-249-1045-10184-000028665C,0000000000000000,13,100,0,0,0,-1,0,0,0,9.96,-202.99,0,0.2039,63,347,441,-1,1,0,0,0,nil,nil,nil
4/28 18:52:15.765  SPELL_CAST_START,Player-4755-01614AC7,"Mirrimazduur-Dreadmist",0x512,0x0,0000000000000000,nil,0x80000000,0x80000000,11661,"Shadow Bolt",0x20
4/28 18:52:15.809  SWING_DAMAGE,Player-4755-01733879,"Hocwar-Dreadmist",0x40514,0x0,Creature-0-4457-249-1045-10184-000028665C,"Onyxia",0x10a48,0x0,Player-4755-01733879,0000000000000000,98,100,0,0,0,-1,0,0,0,5.32,-195.12,0,5.0825,71,115,168,-1,1,0,0,0,nil,1,nil
4/28 18:52:15.826  SPELL_DAMAGE,Player-4755-01F36B30,"Rectumqeef-Dreadmist",0x514,0x0,Creature-0-4457-249-1045-10184-000028665C,"Onyxia",0x10a48,0x0,11661,"Shadow Bolt",0x20,Creature-0-4457-249-1045-10184-000028665C,0000000000000000,13,100,0,0,0,-1,0,0,0,9.96,-202.99,0,0.2039,63,1047,952,-1,32,0,0,0,nil,nil,nil
4/28 18:52:15.905  SWING_DAMAGE,Pet-0-4457-249-1045-2850-01001956F9,"Kratos",0x1114,0x0,Creature-0-4457-249-1045-10184-000028665C,"Onyxia",0x10a48,0x0,Pet-0-4457-249-1045-2850-01001956F9,Player-4755-0178F576,83,100,0,0,0,-1,0,0,0,8.87,-177.97,0,4.7559,66,45,83,-1,1,0,0,0,nil,1,nil
4/28 18:52:15.982  SPELL_CAST_SUCCESS,Player-4755-01FA8DD8,"Roackerita-Dreadmist",0x514,0x0,Player-4755-016DF694,"Ashalan-Dreadmist",0x514,0x0,9474,"Flash Heal",0x2,Player-4755-01FA8DD8,0000000000000000,89,100,0,0,0,-1,0,0,0,19.33,-178.24,0,5.4424,69
4/28 18:52:16.029  RANGE_DAMAGE,Player-4755-01E83279,"Nlmasters-Dreadmist",0x514,0x8,Creature-0-4457-249-1045-10184-000028665C,"Onyxia",0x10a48,0x0,75,"Auto Shot",0x1,Creature-0-4457-249-1045-10184-000028665C,0000000000000000,13,100,0,0,0,-1,0,0,0,9.96,-202.99,0,0.2039,63,326,413,-1,1,0,0,0,nil,nil,nil
4/28 18:52:16.029  SPELL_CAST_SUCCESS,Player-4755-01F21AE6,"Blahu-Dreadmist",0x40514,0x0,Creature-0-4457-249-1045-10184-000028665C,"Onyxia",0x10a48,0x0,11597,"Sunder Armor",0x1,Player-4755-01F21AE6,0000000000000000,100,100,0,0,0,-1,0,0,0,11.83,-209.23,0,1.6641,70
4/28 18:52:16.029  SPELL_MISSED,Player-4755-01F21AE6,"Blahu-Dreadmist",0x40514,0x0,Creature-0-4457-249-1045-10184-000028665C,"Onyxia",0x10a48,0x0,11597,"Sunder Armor",0x1,MISS,nil
4/28 18:52:16.156  SPELL_AURA_REFRESH,Player-4755-0160BD13,"Mafkees-Dreadmist",0x514,0x0,Creature-0-4457-249-1045-10184-000028665C,"Onyxia",0x10a48,0x0,12721,"Deep Wound",0x1,DEBUFF
4/28 18:52:16.156  SPELL_AURA_REMOVED_DOSE,Player-4755-01733879,"Hocwar-Dreadmist",0x40514,0x0,Player-4755-01733879,"Hocwar-Dreadmist",0x40514,0x0,12970,"Flurry",0x1,BUFF,2
4/28 18:52:16.156  SWING_DAMAGE_LANDED,Player-4755-01733879,"Hocwar-Dreadmist",0x40514,0x0,Creature-0-4457-249-1045-10184-000028665C,"Onyxia",0x10a48,0x0,Creature-0-4457-249-1045-10184-000028665C,0000000000000000,13,100,0,0,0,-1,0,0,0,9.96,-202.99,0,0.2039,63,115,168,-1,1,0,0,0,nil,1,nil
4/28 18:52:16.156  SPELL_DAMAGE,Player-4755-0160BD13,"Mafkees-Dreadmist",0x514,0x0,Creature-0-4457-249-1045-10184-000028665C,"Onyxia",0x10a48,0x0,20647,"Execute",0x1,Creature-0-4457-249-1045-10184-000028665C,0000000000000000,13,100,0,0,0,-1,0,0,0,9.96,-202.99,0,0.2039,63,1597,921,-1,1,0,0,0,1,nil,nil
4/28 18:52:16.156  SWING_DAMAGE_LANDED,Pet-0-4457-249-1045-2850-01001956F9,"Kratos",0x1114,0x0,Creature-0-4457-249-1045-10184-000028665C,"Onyxia",0x10a48,0x0,Creature-0-4457-249-1045-10184-000028665C,0000000000000000,13,100,0,0,0,-1,0,0,0,9.96,-202.99,0,0.2039,63,45,83,-1,1,0,0,0,nil,1,nil
4/28 18:52:16.156  SPELL_HEAL,Player-4755-01FA8DD8,"Roackerita-Dreadmist",0x514,0x0,Player-4755-016DF694,"Ashalan-Dreadmist",0x514,0x0,9474,"Flash Heal",0x2,Player-4755-016DF694,0000000000000000,100,100,0,0,0,-1,0,0,0,-7.60,-188.07,0,2.6311,67,757,757,108,0,nil
4/28 18:52:16.174  SPELL_CAST_SUCCESS,Player-4755-0210153A,"Hapuseneb-Dreadmist",0x514,0x0,Player-4755-01AC9FD9,"Alexinho-Dreadmist",0x514,0x0,2053,"Lesser Heal",0x2,Player-4755-0210153A,0000000000000000,100,100,0,0,0,-1,0,0,0,9.74,-229.91,0,1.6179,66
4/28 18:52:16.296  SPELL_PERIODIC_DAMAGE,Player-4755-01F21AE6,"Blahu-Dreadmist",0x40514,0x0,Creature-0-4457-249-1045-10184-000028665C,"Onyxia",0x10a48,0x0,11574,"Rend",0x1,Creature-0-4457-249-1045-10184-000028665C,0000000000000000,13,100,0,0,0,-1,0,0,0,9.96,-202.99,0,0.2039,63,19,18,-1,1,0,0,0,nil,nil,nil
4/28 18:52:16.296  SPELL_CAST_SUCCESS,Player-4755-01840577,"Raggèn-Dreadmist",0x514,0x0,Creature-0-4457-249-1045-10184-000028665C,"Onyxia",0x10a48,0x0,17364,"Stormstrike",0x1,Player-4755-01840577,0000000000000000,91,100,0,0,0,-1,0,0,0,9.30,-194.70,0,4.9156,67
4/28 18:52:16.327  SPELL_CAST_START,Player-4755-0210153A,"Hapuseneb-Dreadmist",0x514,0x0,0000000000000000,nil,0x80000000,0x80000000,2053,"Lesser Heal",0x2
4/28 18:52:16.342  SWING_DAMAGE,Player-4755-01F21AE6,"Blahu-Dreadmist",0x40514,0x0,Creature-0-4457-249-1045-10184-000028665C,"Onyxia",0x10a48,0x0,Player-4755-01F21AE6,0000000000000000,100,100,0,0,0,-1,0,0,0,11.83,-209.23,0,1.6641,70,87,122,-1,1,0,0,0,nil,1,nil
4/28 18:52:16.387  SPELL_DAMAGE,Player-4755-01802FE5,"Angrybat-Dreadmist",0x514,0x0,Creature-0-4457-249-1045-10184-000028665C,"Onyxia",0x10a48,0x0,10181,"Frostbolt",0x10,Creature-0-4457-249-1045-10184-000028665C,0000000000000000,13,100,0,0,0,-1,0,0,0,9.96,-202.99,0,0.2039,63,963,874,-1,16,0,0,0,nil,nil,nil
4/28 18:52:16.387  SPELL_DAMAGE,Player-4755-0163DD9D,"Kaspais-Dreadmist",0x514,0x0,Creature-0-4457-249-1045-10184-000028665C,"Onyxia",0x10a48,0x0,10181,"Frostbolt",0x10,Creature-0-4457-249-1045-10184-000028665C,0000000000000000,13,100,0,0,0,-1,0,0,0,9.96,-202.99,0,0.2039,63,1871,850,-1,16,0,0,0,1,nil,nil
4/28 18:52:16.404  SPELL_CAST_SUCCESS,Player-4755-01804B95,"Moymoy-Dreadmist",0x514,0x0,Player-4755-01FA8DD8,"Roackerita-Dreadmist",0x514,0x0,939,"Healing Wave",0x8,Player-4755-01804B95,0000000000000000,100,100,0,0,0,-1,0,0,0,12.17,-179.92,0,4.5021,66
4/28 18:52:16.419  SWING_DAMAGE,Player-4755-01637B0A,"Pindle-Dreadmist",0x514,0x0,Creature-0-4457-249-1045-10184-000028665C,"Onyxia",0x10a48,0x0,Player-4755-01637B0A,0000000000000000,100,100,0,0,0,-1,0,0,0,8.12,-196.84,0,5.2910,65,331,205,-1,1,0,0,0,1,nil,nil
4/28 18:52:16.435  SPELL_CAST_SUCCESS,Creature-0-4457-249-1045-10184-000028665C,"Onyxia",0x10a48,0x0,0000000000000000,nil,0x80000000,0x80000000,18431,"Bellowing Roar",0x1,Creature-0-4457-249-1045-10184-000028665C,0000000000000000,13,100,0,0,0,-1,0,0,0,9.96,-202.99,0,0.2039,63
4/28 18:52:16.435  SPELL_MISSED,Creature-0-4457-249-1045-10184-000028665C,"Onyxia",0x10a48,0x0,Player-4755-0160BD13,"Mafkees-Dreadmist",0x514,0x0,18431,"Bellowing Roar",0x1,IMMUNE,nil
4/28 18:52:16.435  SPELL_MISSED,Creature-0-4457-249-1045-10184-000028665C,"Onyxia",0x10a48,0x0,Player-4755-01733879,"Hocwar-Dreadmist",0x40514,0x0,18431,"Bellowing Roar",0x1,IMMUNE,nil
4/28 18:52:16.435  SPELL_MISSED,Creature-0-4457-249-1045-10184-000028665C,"Onyxia",0x10a48,0x0,Player-4755-0178F416,"Eltorero-Dreadmist",0x514,0x0,18431,"Bellowing Roar",0x1,IMMUNE,nil
4/28 18:52:16.452  SPELL_CAST_START,Player-4755-01617EEE,"Fenix-Dreadmist",0x512,0x0,0000000000000000,nil,0x80000000,0x80000000,6064,"Heal",0x2
4/28 18:52:16.468  SPELL_CAST_SUCCESS,Player-4755-015FEBD5,"Sauvage-Dreadmist",0x514,0x0,Creature-0-4457-249-1045-10184-000028665C,"Onyxia",0x10a48,0x0,10181,"Frostbolt",0x10,Player-4755-015FEBD5,0000000000000000,100,100,0,0,0,-1,0,0,0,-8.33,-235.99,0,1.0304,64
4/28 18:52:16.468  SPELL_CAST_START,Player-4755-015FEBD5,"Sauvage-Dreadmist",0x514,0x0,0000000000000000,nil,0x80000000,0x80000000,10181,"Frostbolt",0x10
4/28 18:52:16.468  SPELL_CAST_SUCCESS,Player-4755-02045EF4,"Necrosini-Dreadmist",0x512,0x0,Player-4755-0220BD00,"Krikoff-Dreadmist",0x40514,0x0,10901,"Power Word: Shield",0x2,Player-4755-02045EF4,0000000000000000,100,100,0,0,0,-1,0,0,0,10.57,-185.37,0,3.4004,69
4/28 18:52:16.497  SWING_DAMAGE,Player-4755-01637B0A,"Pindle-Dreadmist",0x514,0x0,Creature-0-4457-249-1045-10184-000028665C,"Onyxia",0x10a48,0x0,Player-4755-01637B0A,0000000000000000,100,100,0,0,0,-1,0,0,0,8.12,-196.84,0,5.2910,65,81,104,-1,1,0,0,0,nil,1,nil
4/28 18:52:16.497  SWING_DAMAGE,Player-4755-01A6B139,"Sakatan-Dreadmist",0x514,0x0,Creature-0-4457-249-1045-10184-000028665C,"Onyxia",0x10a48,0x0,Player-4755-01A6B139,0000000000000000,100,100,0,0,0,-1,0,0,0,2.83,-188.35,0,5.4631,69,92,122,-1,1,0,0,0,nil,1,nil
4/28 18:52:16.512  SPELL_PERIODIC_DAMAGE,Player-4755-01F36B30,"Rectumqeef-Dreadmist",0x514,0x0,Creature-0-4457-249-1045-10184-000028665C,"Onyxia",0x10a48,0x0,11672,"Corruption",0x20,Creature-0-4457-249-1045-10184-000028665C,0000000000000000,13,100,0,0,0,-1,0,0,0,9.96,-202.99,0,0.2039,63,168,203,-1,32,51,0,0,nil,nil,nil
4/28 18:52:16.512  SPELL_CAST_SUCCESS,Player-4755-01F21AE6,"Blahu-Dreadmist",0x40514,0x0,Creature-0-4457-249-1045-10184-000028665C,"Onyxia",0x10a48,0x0,11567,"Heroic Strike",0x1,Player-4755-01F21AE6,0000000000000000,100,100,0,0,0,-1,0,0,0,11.83,-209.23,0,1.6641,70
4/28 18:52:16.512  SPELL_AURA_REMOVED_DOSE,Player-4755-01F21AE6,"Blahu-Dreadmist",0x40514,0x0,Player-4755-01F21AE6,"Blahu-Dreadmist",0x40514,0x0,12970,"Flurry",0x1,BUFF,2
4/28 18:52:16.543  SPELL_CAST_SUCCESS,Player-4755-0220BD00,"Krikoff-Dreadmist",0x40514,0x0,Creature-0-4457-249-1045-10184-000028665C,"Onyxia",0x10a48,0x0,11567,"Heroic Strike",0x1,Player-4755-0220BD00,0000000000000000,100,100,0,0,0,-1,0,0,0,25.64,-199.75,0,3.4126,68
4/28 18:52:16.562  SPELL_AURA_REMOVED_DOSE,Player-4755-01733879,"Hocwar-Dreadmist",0x40514,0x0,Player-4755-01733879,"Hocwar-Dreadmist",0x40514,0x0,12970,"Flurry",0x1,BUFF,1
4/28 18:52:16.562  SPELL_AURA_REFRESH,Player-4755-0160BD13,"Mafkees-Dreadmist",0x514,0x0,Player-4755-0160BD13,"Mafkees-Dreadmist",0x514,0x0,12970,"Flurry",0x1,BUFF
4/28 18:52:16.562  SPELL_HEAL,Player-4755-0210153A,"Hapuseneb-Dreadmist",0x514,0x0,Player-4755-01AC9FD9,"Alexinho-Dreadmist",0x514,0x0,2053,"Lesser Heal",0x2,Player-4755-01AC9FD9,0000000000000000,97,100,0,0,0,-1,0,0,0,10.68,-193.61,0,4.6706,66,421,421,0,0,nil
4/28 18:52:16.562  SPELL_DAMAGE,Player-4755-01840577,"Raggèn-Dreadmist",0x514,0x0,Creature-0-4457-249-1045-10184-000028665C,"Onyxia",0x10a48,0x0,17364,"Stormstrike",0x1,Creature-0-4457-249-1045-10184-000028665C,0000000000000000,13,100,0,0,0,-1,0,0,0,9.96,-202.99,0,0.2039,63,326,414,-1,1,0,0,0,nil,nil,nil
4/28 18:52:16.562  SPELL_AURA_APPLIED,Player-4755-01840577,"Raggèn-Dreadmist",0x514,0x0,Creature-0-4457-249-1045-10184-000028665C,"Onyxia",0x10a48,0x0,17364,"Stormstrike",0x1,DEBUFF
4/28 18:52:16.562  SWING_DAMAGE_LANDED,Player-4755-01F21AE6,"Blahu-Dreadmist",0x40514,0x0,Creature-0-4457-249-1045-10184-000028665C,"Onyxia",0x10a48,0x0,Creature-0-4457-249-1045-10184-000028665C,0000000000000000,13,100,0,0,0,-1,0,0,0,9.96,-202.99,0,0.2039,63,87,122,-1,1,0,0,0,nil,1,nil
4/28 18:52:16.581  SPELL_AURA_APPLIED,Player-4755-01802FE5,"Angrybat-Dreadmist",0x514,0x0,Player-4755-01802FE5,"Angrybat-Dreadmist",0x514,0x0,12536,"Clearcasting",0x40,BUFF
4/28 18:52:16.581  SPELL_AURA_APPLIED,Player-4755-0163DD9D,"Kaspais-Dreadmist",0x514,0x0,Player-4755-0163DD9D,"Kaspais-Dreadmist",0x514,0x0,12536,"Clearcasting",0x40,BUFF
4/28 18:52:16.581  SPELL_HEAL,Player-4755-01804B95,"Moymoy-Dreadmist",0x514,0x0,Player-4755-01FA8DD8,"Roackerita-Dreadmist",0x514,0x0,939,"Healing Wave",0x8,Player-4755-01FA8DD8,0000000000000000,100,100,0,0,0,-1,0,0,0,19.33,-178.24,0,5.4424,69,885,885,450,0,nil
4/28 18:52:16.581  SPELL_AURA_APPLIED,Player-4755-01804B95,"Moymoy-Dreadmist",0x514,0x0,Player-4755-01FA8DD8,"Roackerita-Dreadmist",0x514,0x0,29203,"Healing Way",0x2,BUFF
4/28 18:52:16.581  SWING_DAMAGE_LANDED,Player-4755-01637B0A,"Pindle-Dreadmist",0x514,0x0,Creature-0-4457-249-1045-10184-000028665C,"Onyxia",0x10a48,0x0,Creature-0-4457-249-1045-10184-000028665C,0000000000000000,13,100,0,0,0,-1,0,0,0,9.96,-202.99,0,0.2039,63,331,205,-1,1,0,0,0,1,nil,nil
4/28 18:52:16.581  SPELL_AURA_APPLIED,Creature-0-4457-249-1045-10184-000028665C,"Onyxia",0x10a48,0x0,Player-4755-015FEBD5,"Sauvage-Dreadmist",0x514,0x0,18431,"Bellowing Roar",0x1,DEBUFF
4/28 18:52:16.581  SPELL_AURA_APPLIED,Creature-0-4457-249-1045-10184-000028665C,"Onyxia",0x10a48,0x0,Player-4755-016296D3,"Nivl-Dreadmist",0x514,0x0,18431,"Bellowing Roar",0x1,DEBUFF
4/28 18:52:16.581  SPELL_AURA_APPLIED,Creature-0-4457-249-1045-10184-000028665C,"Onyxia",0x10a48,0x0,Player-4755-016DF694,"Ashalan-Dreadmist",0x514,0x0,18431,"Bellowing Roar",0x1,DEBUFF
4/28 18:52:16.581  SPELL_AURA_APPLIED,Creature-0-4457-249-1045-10184-000028665C,"Onyxia",0x10a48,0x0,Player-4755-01802FE5,"Angrybat-Dreadmist",0x514,0x0,18431,"Bellowing Roar",0x1,DEBUFF
4/28 18:52:16.581  SPELL_AURA_APPLIED,Creature-0-4457-249-1045-10184-000028665C,"Onyxia",0x10a48,0x0,Player-4755-01614AC7,"Mirrimazduur-Dreadmist",0x512,0x0,18431,"Bellowing Roar",0x1,DEBUFF
4/28 18:52:16.581  SPELL_AURA_APPLIED,Creature-0-4457-249-1045-10184-000028665C,"Onyxia",0x10a48,0x0,Player-4755-01617EEE,"Fenix-Dreadmist",0x512,0x0,18431,"Bellowing Roar",0x1,DEBUFF
4/28 18:52:16.585  SPELL_AURA_APPLIED,Creature-0-4457-249-1045-10184-000028665C,"Onyxia",0x10a48,0x0,Player-4755-01637B0A,"Pindle-Dreadmist",0x514,0x0,18431,"Bellowing Roar",0x1,DEBUFF
4/28 18:52:16.585  SPELL_AURA_APPLIED,Creature-0-4457-249-1045-10184-000028665C,"Onyxia",0x10a48,0x0,Player-4755-0163DD9D,"Kaspais-Dreadmist",0x514,0x0,18431,"Bellowing Roar",0x1,DEBUFF
4/28 18:52:16.585  SPELL_AURA_APPLIED,Creature-0-4457-249-1045-10184-000028665C,"Onyxia",0x10a48,0x0,Player-4755-0178F576,"Atreas-Dreadmist",0x514,0x0,18431,"Bellowing Roar",0x1,DEBUFF
4/28 18:52:16.585  SPELL_AURA_APPLIED,Creature-0-4457-249-1045-10184-000028665C,"Onyxia",0x10a48,0x0,Player-4755-01804B95,"Moymoy-Dreadmist",0x514,0x0,18431,"Bellowing Roar",0x1,DEBUFF
4/28 18:52:16.585  SPELL_AURA_APPLIED,Creature-0-4457-249-1045-10184-000028665C,"Onyxia",0x10a48,0x0,Player-4755-01840577,"Raggèn-Dreadmist",0x514,0x0,18431,"Bellowing Roar",0x1,DEBUFF
4/28 18:52:16.585  SPELL_AURA_APPLIED,Creature-0-4457-249-1045-10184-000028665C,"Onyxia",0x10a48,0x0,Player-4755-01A6B139,"Sakatan-Dreadmist",0x514,0x0,18431,"Bellowing Roar",0x1,DEBUFF
4/28 18:52:16.585  SPELL_AURA_APPLIED,Creature-0-4457-249-1045-10184-000028665C,"Onyxia",0x10a48,0x0,Player-4755-01AC9FD9,"Alexinho-Dreadmist",0x514,0x0,18431,"Bellowing Roar",0x1,DEBUFF
4/28 18:52:16.585  SPELL_AURA_APPLIED,Creature-0-4457-249-1045-10184-000028665C,"Onyxia",0x10a48,0x0,Player-4755-01BC57A3,"Saintis-Dreadmist",0x511,0x0,18431,"Bellowing Roar",0x1,DEBUFF
4/28 18:52:16.585  SPELL_AURA_APPLIED,Creature-0-4457-249-1045-10184-000028665C,"Onyxia",0x10a48,0x0,Player-4755-01E83279,"Nlmasters-Dreadmist",0x514,0x8,18431,"Bellowing Roar",0x1,DEBUFF
4/28 18:52:16.585  SPELL_AURA_APPLIED,Creature-0-4457-249-1045-10184-000028665C,"Onyxia",0x10a48,0x0,Player-4755-01ED7A64,"Sperzieboon-Dreadmist",0x514,0x0,18431,"Bellowing Roar",0x1,DEBUFF
4/28 18:52:16.585  SPELL_AURA_APPLIED,Creature-0-4457-249-1045-10184-000028665C,"Onyxia",0x10a48,0x0,Player-4755-01F21AE6,"Blahu-Dreadmist",0x40514,0x0,18431,"Bellowing Roar",0x1,DEBUFF
4/28 18:52:16.585  SPELL_AURA_APPLIED,Creature-0-4457-249-1045-10184-000028665C,"Onyxia",0x10a48,0x0,Player-4755-01F36B30,"Rectumqeef-Dreadmist",0x514,0x0,18431,"Bellowing Roar",0x1,DEBUFF
4/28 18:52:16.585  SPELL_AURA_APPLIED,Creature-0-4457-249-1045-10184-000028665C,"Onyxia",0x10a48,0x0,Player-4755-01FA8DD8,"Roackerita-Dreadmist",0x514,0x0,18431,"Bellowing Roar",0x1,DEBUFF
4/28 18:52:16.585  SPELL_AURA_APPLIED,Creature-0-4457-249-1045-10184-000028665C,"Onyxia",0x10a48,0x0,Player-4755-02045EF4,"Necrosini-Dreadmist",0x512,0x0,18431,"Bellowing Roar",0x1,DEBUFF
4/28 18:52:16.585  SPELL_AURA_APPLIED,Creature-0-4457-249-1045-10184-000028665C,"Onyxia",0x10a48,0x0,Player-4755-020BD78D,"Lonehunter-Dreadmist",0x514,0x0,18431,"Bellowing Roar",0x1,DEBUFF
4/28 18:52:16.585  SPELL_AURA_APPLIED,Creature-0-4457-249-1045-10184-000028665C,"Onyxia",0x10a48,0x0,Player-4755-0210153A,"Hapuseneb-Dreadmist",0x514,0x0,18431,"Bellowing Roar",0x1,DEBUFF
4/28 18:52:16.585  SPELL_AURA_APPLIED,Creature-0-4457-249-1045-10184-000028665C,"Onyxia",0x10a48,0x0,Player-4755-0220BD00,"Krikoff-Dreadmist",0x40514,0x0,18431,"Bellowing Roar",0x1,DEBUFF
4/28 18:52:16.585  SPELL_AURA_APPLIED,Creature-0-4457-249-1045-10184-000028665C,"Onyxia",0x10a48,0x0,Pet-0-4457-249-1045-2850-01001956F9,"Kratos",0x1114,0x0,18431,"Bellowing Roar",0x1,DEBUFF
4/28 18:52:16.585  SPELL_AURA_APPLIED,Player-4755-02045EF4,"Necrosini-Dreadmist",0x512,0x0,Player-4755-0220BD00,"Krikoff-Dreadmist",0x40514,0x0,10901,"Power Word: Shield",0x2,BUFF
4/28 18:52:16.585  SWING_DAMAGE_LANDED,Player-4755-01637B0A,"Pindle-Dreadmist",0x514,0x0,Creature-0-4457-249-1045-10184-000028665C,"Onyxia",0x10a48,0x0,Creature-0-4457-249-1045-10184-000028665C,0000000000000000,12,100,0,0,0,-1,0,0,0,9.96,-202.99,0,0.2039,63,81,104,-1,1,0,0,0,nil,1,nil
4/28 18:52:16.585  SPELL_AURA_REMOVED_DOSE,Player-4755-01840577,"Raggèn-Dreadmist",0x514,0x0,Creature-0-4457-249-1045-10184-000028665C,"Onyxia",0x10a48,0x0,17364,"Stormstrike",0x1,DEBUFF,1
4/28 18:52:16.585  SPELL_DAMAGE,Player-4755-01637B0A,"Pindle-Dreadmist",0x514,0x0,Creature-0-4457-249-1045-10184-000028665C,"Onyxia",0x10a48,0x0,11337,"Instant Poison VI",0x8,Creature-0-4457-249-1045-10184-000028665C,0000000000000000,12,100,0,0,0,-1,0,0,0,9.96,-202.99,0,0.2039,63,143,143,-1,8,0,0,0,nil,nil,nil
4/28 18:52:16.585  SWING_DAMAGE_LANDED,Player-4755-01A6B139,"Sakatan-Dreadmist",0x514,0x0,Creature-0-4457-249-1045-10184-000028665C,"Onyxia",0x10a48,0x0,Creature-0-4457-249-1045-10184-000028665C,0000000000000000,12,100,0,0,0,-1,0,0,0,9.96,-202.99,0,0.2039,63,92,122,-1,1,0,0,0,nil,1,nil
4/28 18:52:16.585  SPELL_DAMAGE,Player-4755-01F21AE6,"Blahu-Dreadmist",0x40514,0x0,Creature-0-4457-249-1045-10184-000028665C,"Onyxia",0x10a48,0x0,11567,"Heroic Strike",0x1,Creature-0-4457-249-1045-10184-000028665C,0000000000000000,12,100,0,0,0,-1,0,0,0,9.96,-202.99,0,0.2039,63,373,472,-1,1,0,0,0,nil,nil,nil
4/28 18:52:16.585  SPELL_DAMAGE,Player-4755-0220BD00,"Krikoff-Dreadmist",0x40514,0x0,Creature-0-4457-249-1045-10184-000028665C,"Onyxia",0x10a48,0x0,11567,"Heroic Strike",0x1,Creature-0-4457-249-1045-10184-000028665C,0000000000000000,12,100,0,0,0,-1,0,0,0,9.96,-202.99,0,0.2039,63,451,571,-1,1,0,0,0,nil,nil,nil
4/28 18:52:16.701  SPELL_CAST_FAILED,Player-4755-01BC57A3,"Saintis-Dreadmist",0x511,0x0,0000000000000000,nil,0x80000000,0x80000000,7744,"Will of the Forsaken",0x1,"Not yet recovered"
4/28 18:52:16.877  RANGE_DAMAGE,Player-4755-020BD78D,"Lonehunter-Dreadmist",0x514,0x0,Creature-0-4457-249-1045-10184-000028665C,"Onyxia",0x10a48,0x0,75,"Auto Shot",0x1,Creature-0-4457-249-1045-10184-000028665C,0000000000000000,12,100,0,0,0,-1,0,0,0,9.96,-202.99,0,0.2039,63,366,463,-1,1,0,0,0,nil,nil,nil
4/28 18:52:16.913  SPELL_PERIODIC_HEAL,Player-4755-02045EF4,"Necrosini-Dreadmist",0x512,0x0,Player-4755-0220BD00,"Krikoff-Dreadmist",0x40514,0x0,10929,"Renew",0x2,Player-4755-0220BD00,0000000000000000,100,100,0,0,0,-1,0,0,0,25.64,-199.75,0,3.4126,68,253,253,253,0,nil
4/28 18:52:16.983  SPELL_ENERGIZE,Player-4755-01733879,"Hocwar-Dreadmist",0x40514,0x0,Player-4755-01733879,"Hocwar-Dreadmist",0x40514,0x0,12964,"Unbridled Wrath",0x1,Player-4755-01733879,0000000000000000,98,100,0,0,0,-1,0,0,0,5.22,-193.03,0,5.2514,71,1.0000,0.0000,1,1000
4/28 18:52:16.983  SPELL_AURA_REFRESH,Player-4755-0160BD13,"Mafkees-Dreadmist",0x514,0x0,Creature-0-4457-249-1045-10184-000028665C,"Onyxia",0x10a48,0x0,12721,"Deep Wound",0x1,DEBUFF
4/28 18:52:16.983  SPELL_AURA_REMOVED_DOSE,Player-4755-01F21AE6,"Blahu-Dreadmist",0x40514,0x0,Player-4755-01F21AE6,"Blahu-Dreadmist",0x40514,0x0,12970,"Flurry",0x1,BUFF,1
4/28 18:52:16.983  SPELL_AURA_REMOVED_DOSE,Player-4755-01F21AE6,"Blahu-Dreadmist",0x40514,0x0,Player-4755-01F21AE6,"Blahu-Dreadmist",0x40514,0x0,23888,"Bloodthirst",0x1,BUFF,1
4/28 18:52:16.983  SPELL_HEAL,Player-4755-01F21AE6,"Blahu-Dreadmist",0x40514,0x0,Player-4755-01F21AE6,"Blahu-Dreadmist",0x40514,0x0,23891,"Bloodthirst",0x1,Player-4755-01F21AE6,0000000000000000,100,100,0,0,0,-1,0,0,0,11.83,-209.23,0,1.6641,70,20,20,20,0,nil
4/28 18:52:16.983  SPELL_DAMAGE,GameObject-0-4457-249-1045-176825-0000286659,"Lava Fissure",0x4228,0x0,Player-4755-0178F416,"Eltorero-Dreadmist",0x514,0x0,17731,"Eruption",0x4,Player-4755-0178F416,0000000000000000,64,100,0,0,0,-1,0,0,0,10.27,-216.70,0,1.6568,67,1601,1456,-1,4,0,0,0,nil,nil,nil
4/28 18:52:16.983  SPELL_DAMAGE,GameObject-0-4457-249-1045-176832-0000286659,"Lava Fissure",0x4228,0x0,Player-4755-01AC9FD9,"Alexinho-Dreadmist",0x514,0x0,17731,"Eruption",0x4,Player-4755-01AC9FD9,0000000000000000,62,100,0,0,0,-1,0,0,0,10.68,-193.61,0,4.6706,66,1626,1626,-1,4,0,0,0,nil,nil,nil
4/28 18:52:16.983  SPELL_HEAL,Player-4755-01F21AE6,"Blahu-Dreadmist",0x40514,0x0,Player-4755-01F21AE6,"Blahu-Dreadmist",0x40514,0x0,23891,"Bloodthirst",0x1,Player-4755-01F21AE6,0000000000000000,100,100,0,0,0,-1,0,0,0,11.83,-209.23,0,1.6641,70,20,20,20,0,nil
4/28 18:52:16.983  SPELL_AURA_REMOVED,Player-4755-01F21AE6,"Blahu-Dreadmist",0x40514,0x0,Player-4755-01F21AE6,"Blahu-Dreadmist",0x40514,0x0,23888,"Bloodthirst",0x1,BUFF
4/28 18:52:16.983  SPELL_AURA_REMOVED,Player-4755-01F21AE6,"Blahu-Dreadmist",0x40514,0x0,Player-4755-01F21AE6,"Blahu-Dreadmist",0x40514,0x0,21887,"Warrior's Wrath",0x1,BUFF
4/28 18:52:16.983  SPELL_AURA_REMOVED_DOSE,Player-4755-0220BD00,"Krikoff-Dreadmist",0x40514,0x0,Player-4755-0220BD00,"Krikoff-Dreadmist",0x40514,0x0,14204,"Enrage",0x1,BUFF,8
4/28 18:52:17.007  SPELL_AURA_APPLIED,Player-4755-01733879,"Hocwar-Dreadmist",0x40514,0x0,Player-4755-01733879,"Hocwar-Dreadmist",0x40514,0x0,10610,"Windfury Totem",0x8,BUFF
4/28 18:52:17.007  SPELL_EXTRA_ATTACKS,Player-4755-01733879,"Hocwar-Dreadmist",0x40514,0x0,Player-4755-01733879,"Hocwar-Dreadmist",0x40514,0x0,10610,"Windfury Totem",0x8,1
4/28 18:52:17.007  SWING_DAMAGE,Player-4755-01733879,"Hocwar-Dreadmist",0x40514,0x0,Creature-0-4457-249-1045-10184-000028665C,"Onyxia",0x10a48,0x0,Player-4755-01733879,0000000000000000,98,100,0,0,0,-1,0,0,0,5.16,-192.92,0,5.2514,71,187,273,-1,1,0,0,0,nil,1,nil
4/28 18:52:17.007  SPELL_AURA_REMOVED,Pet-0-4457-249-1045-2850-01001956F9,"Kratos",0x1114,0x0,Pet-0-4457-249-1045-2850-01001956F9,"Kratos",0x1114,0x0,23110,"Dash",0x1,BUFF
4/28 18:52:17.028  SWING_DAMAGE,Player-4755-01733879,"Hocwar-Dreadmist",0x40514,0x0,Creature-0-4457-249-1045-10184-000028665C,"Onyxia",0x10a48,0x0,Player-4755-01733879,0000000000000000,98,100,0,0,0,-1,0,0,0,5.11,-192.84,0,5.2514,71,228,325,-1,1,0,0,0,nil,1,nil
4/28 18:52:17.045  SWING_DAMAGE,Player-4755-01733879,"Hocwar-Dreadmist",0x40514,0x0,Creature-0-4457-249-1045-10184-000028665C,"Onyxia",0x10a48,0x0,Player-4755-01733879,0000000000000000,98,100,0,0,0,-1,0,0,0,5.06,-192.81,0,5.2925,71,126,189,-1,1,0,0,0,nil,1,nil
4/28 18:52:17.385  SPELL_MISSED,GameObject-0-4457-249-1045-176838-0000286659,"Lava Fissure",0x4228,0x0,Player-4755-01614AC7,"Mirrimazduur-Dreadmist",0x512,0x0,17731,"Eruption",0x4,RESIST,nil,0
4/28 18:52:17.385  SPELL_MISSED,GameObject-0-4457-249-1045-176838-0000286659,"Lava Fissure",0x4228,0x0,Player-4755-01804B95,"Moymoy-Dreadmist",0x514,0x0,17731,"Eruption",0x4,RESIST,nil,0
4/28 18:52:17.385  SPELL_DAMAGE,GameObject-0-4457-249-1045-176837-0000286659,"Lava Fissure",0x4228,0x0,Player-4755-02045EF4,"Necrosini-Dreadmist",0x512,0x0,17731,"Eruption",0x4,Player-4755-02045EF4,0000000000000000,69,100,0,0,0,-1,0,0,0,11.29,-182.33,0,1.3406,69,1499,1666,-1,4,0,0,0,nil,nil,nil
4/28 18:52:17.385  SPELL_DAMAGE,GameObject-0-4457-249-1045-176836-0000286659,"Lava Fissure",0x4228,0x0,Player-4755-01A6B139,"Sakatan-Dreadmist",0x514,0x0,17731,"Eruption",0x4,Player-4755-01A6B139,0000000000000000,71,100,0,0,0,-1,0,0,0,-0.01,-187.92,0,2.9925,69,1348,1348,-1,4,0,0,0,nil,nil,nil
4/28 18:52:17.385  SPELL_AURA_APPLIED,Player-4755-02045EF4,"Necrosini-Dreadmist",0x512,0x0,Player-4755-0220BD00,"Krikoff-Dreadmist",0x40514,0x0,6788,"Weakened Soul",0x2,DEBUFF
4/28 18:52:17.385  SWING_DAMAGE_LANDED,Player-4755-01733879,"Hocwar-Dreadmist",0x40514,0x0,Creature-0-4457-249-1045-10184-000028665C,"Onyxia",0x10a48,0x0,Creature-0-4457-249-1045-10184-000028665C,0000000000000000,12,100,0,0,0,-1,0,0,0,9.96,-202.99,0,0.2039,63,187,273,-1,1,0,0,0,nil,1,nil
4/28 18:52:17.385  SWING_DAMAGE_LANDED,Player-4755-01733879,"Hocwar-Dreadmist",0x40514,0x0,Creature-0-4457-249-1045-10184-000028665C,"Onyxia",0x10a48,0x0,Creature-0-4457-249-1045-10184-000028665C,0000000000000000,12,100,0,0,0,-1,0,0,0,9.96,-202.99,0,0.2039,63,228,325,-1,1,0,0,0,nil,1,nil
4/28 18:52:17.385  SWING_DAMAGE_LANDED,Player-4755-01733879,"Hocwar-Dreadmist",0x40514,0x0,Creature-0-4457-249-1045-10184-000028665C,"Onyxia",0x10a48,0x0,Creature-0-4457-249-1045-10184-000028665C,0000000000000000,12,100,0,0,0,-1,0,0,0,9.96,-202.99,0,0.2039,63,126,189,-1,1,0,0,0,nil,1,nil
4/28 18:52:17.385  SPELL_AURA_REMOVED,Creature-0-4457-249-1045-10184-000028665C,"Onyxia",0x10a48,0x0,Player-4755-01802FE5,"Angrybat-Dreadmist",0x514,0x0,18431,"Bellowing Roar",0x1,DEBUFF
4/28 18:52:17.385  SPELL_AURA_REMOVED,Creature-0-4457-249-1045-10184-000028665C,"Onyxia",0x10a48,0x0,Player-4755-01637B0A,"Pindle-Dreadmist",0x514,0x0,18431,"Bellowing Roar",0x1,DEBUFF
4/28 18:52:17.385  SPELL_AURA_REMOVED,Creature-0-4457-249-1045-10184-000028665C,"Onyxia",0x10a48,0x0,Player-4755-016DF694,"Ashalan-Dreadmist",0x514,0x0,18431,"Bellowing Roar",0x1,DEBUFF
4/28 18:52:17.469  SWING_MISSED,Player-4755-0178F416,"Eltorero-Dreadmist",0x514,0x0,Creature-0-4457-249-1045-10184-000028665C,"Onyxia",0x10a48,0x0,DODGE,nil
4/28 18:52:17.550  SPELL_PERIODIC_DAMAGE,Player-4755-01614AC7,"Mirrimazduur-Dreadmist",0x512,0x0,Creature-0-4457-249-1045-10184-000028665C,"Onyxia",0x10a48,0x0,11672,"Corruption",0x20,Creature-0-4457-249-1045-10184-000028665C,0000000000000000,12,100,0,0,0,-1,0,0,0,9.96,-202.99,0,0.2039,63,208,188,-1,32,0,0,0,nil,nil,nil
4/28 18:52:17.565  SWING_DAMAGE,Player-4755-0160BD13,"Mafkees-Dreadmist",0x514,0x0,Creature-0-4457-249-1045-10184-000028665C,"Onyxia",0x10a48,0x0,Player-4755-0160BD13,0000000000000000,93,100,0,0,0,-1,0,0,0,6.08,-211.55,0,1.2197,64,876,556,-1,1,0,0,0,1,nil,nil
4/28 18:52:17.682  SPELL_AURA_REMOVED,Player-4755-01637B0A,"Pindle-Dreadmist",0x514,0x0,Player-4755-01637B0A,"Pindle-Dreadmist",0x514,0x0,20007,"Holy Strength",0x2,BUFF
4/28 18:52:17.772  SPELL_PERIODIC_ENERGIZE,Player-4755-01802FE5,"Angrybat-Dreadmist",0x514,0x0,Player-4755-01802FE5,"Angrybat-Dreadmist",0x514,0x0,18194,"Mana Regeneration",0x1,Player-4755-01802FE5,0000000000000000,79,100,0,0,0,-1,0,0,0,-4.04,-178.30,0,3.5465,66,8.0000,0.0000,0,6033
4/28 18:52:17.795  SPELL_DAMAGE,GameObject-0-4457-249-1045-176838-0000286659,"Lava Fissure",0x4228,0x0,Pet-0-4457-249-1045-2850-01001956F9,"Kratos",0x1114,0x0,17731,"Eruption",0x4,Pet-0-4457-249-1045-2850-01001956F9,Player-4755-0178F576,56,100,0,0,0,-1,0,0,0,13.31,-172.91,0,0.9044,66,1324,1324,-1,4,0,0,0,nil,nil,nil
4/28 18:52:17.795  SPELL_DAMAGE,GameObject-0-4457-249-1045-176838-0000286659,"Lava Fissure",0x4228,0x0,Player-4755-0163DD9D,"Kaspais-Dreadmist",0x514,0x0,17731,"Eruption",0x4,Player-4755-0163DD9D,0000000000000000,52,100,0,0,0,-1,0,0,0,12.31,-172.97,0,6.2068,66,1532,1532,-1,4,0,0,0,nil,nil,nil
4/28 18:52:17.795  SPELL_DAMAGE,GameObject-0-4457-249-1045-176839-0000286659,"Lava Fissure",0x4228,0x0,Player-4755-01802FE5,"Angrybat-Dreadmist",0x514,0x0,17731,"Eruption",0x4,Player-4755-01802FE5,0000000000000000,31,100,0,0,0,-1,0,0,0,-4.04,-178.30,0,3.5465,66,1600,1600,-1,4,0,0,0,nil,nil,nil
4/28 18:52:17.795  SPELL_AURA_REMOVED_DOSE,Player-4755-01733879,"Hocwar-Dreadmist",0x40514,0x0,Player-4755-01733879,"Hocwar-Dreadmist",0x40514,0x0,10610,"Windfury Totem",0x8,BUFF,1
4/28 18:52:17.795  SPELL_AURA_REMOVED,Player-4755-01733879,"Hocwar-Dreadmist",0x40514,0x0,Player-4755-01733879,"Hocwar-Dreadmist",0x40514,0x0,12970,"Flurry",0x1,BUFF
4/28 18:52:17.795  SPELL_AURA_REMOVED,Player-4755-01733879,"Hocwar-Dreadmist",0x40514,0x0,Player-4755-01733879,"Hocwar-Dreadmist",0x40514,0x0,10610,"Windfury Totem",0x8,BUFF
4/28 18:52:17.795  SWING_DAMAGE_LANDED,Player-4755-0160BD13,"Mafkees-Dreadmist",0x514,0x0,Creature-0-4457-249-1045-10184-000028665C,"Onyxia",0x10a48,0x0,Creature-0-4457-249-1045-10184-000028665C,0000000000000000,12,100,0,0,0,-1,0,0,0,9.96,-202.99,0,0.2039,63,876,556,-1,1,0,0,0,1,nil,nil
4/28 18:52:17.795  SPELL_DAMAGE,Player-4755-01733879,"Hocwar-Dreadmist",0x40514,0x0,Creature-0-4457-249-1045-10184-000028665C,"Onyxia",0x10a48,0x0,20647,"Execute",0x1,Creature-0-4457-249-1045-10184-000028665C,0000000000000000,12,100,0,0,0,-1,0,0,0,9.96,-202.99,0,0.2039,63,778,988,-1,1,0,0,0,nil,nil,nil
4/28 18:52:17.795  SPELL_AURA_REMOVED,Creature-0-4457-249-1045-10184-000028665C,"Onyxia",0x10a48,0x0,Player-4755-01AC9FD9,"Alexinho-Dreadmist",0x514,0x0,18431,"Bellowing Roar",0x1,DEBUFF
4/28 18:52:17.795  SPELL_AURA_REMOVED,Creature-0-4457-249-1045-10184-000028665C,"Onyxia",0x10a48,0x0,Pet-0-4457-249-1045-2850-01001956F9,"Kratos",0x1114,0x0,18431,"Bellowing Roar",0x1,DEBUFF
4/28 18:52:17.795  SPELL_AURA_REMOVED,Creature-0-4457-249-1045-10184-000028665C,"Onyxia",0x10a48,0x0,Player-4755-0178F576,"Atreas-Dreadmist",0x514,0x0,18431,"Bellowing Roar",0x1,DEBUFF
4/28 18:52:17.795  SPELL_AURA_REMOVED,Creature-0-4457-249-1045-10184-000028665C,"Onyxia",0x10a48,0x0,Player-4755-016296D3,"Nivl-Dreadmist",0x514,0x0,18431,"Bellowing Roar",0x1,DEBUFF
4/28 18:52:17.830  SPELL_DAMAGE,Player-4755-015FEBD5,"Sauvage-Dreadmist",0x514,0x0,Creature-0-4457-249-1045-10184-000028665C,"Onyxia",0x10a48,0x0,10181,"Frostbolt",0x10,Creature-0-4457-249-1045-10184-000028665C,0000000000000000,12,100,0,0,0,-1,0,0,0,9.96,-202.99,0,0.2039,63,1796,816,-1,16,0,0,0,1,nil,nil
4/28 18:52:17.893  SPELL_AURA_REMOVED,Player-4755-0220BD00,"Krikoff-Dreadmist",0x40514,0x0,Player-4755-0220BD00,"Krikoff-Dreadmist",0x40514,0x0,20007,"Holy Strength",0x2,BUFF
4/28 18:52:18.192  SPELL_MISSED,GameObject-0-4457-249-1045-176812-0000286659,"Lava Fissure",0x4228,0x0,Player-4755-01E83279,"Nlmasters-Dreadmist",0x514,0x8,17731,"Eruption",0x4,RESIST,nil,0
4/28 18:52:18.192  SPELL_DAMAGE,GameObject-0-4457-249-1045-176819-0000286659,"Lava Fissure",0x4228,0x0,Player-4755-0210153A,"Hapuseneb-Dreadmist",0x514,0x0,17731,"Eruption",0x4,Player-4755-0210153A,0000000000000000,57,100,0,0,0,-1,0,0,0,3.60,-236.74,0,3.9800,66,1669,1669,-1,4,0,0,0,nil,nil,nil
4/28 18:52:18.192  SPELL_ENERGIZE,Player-4755-01733879,"Hocwar-Dreadmist",0x40514,0x0,Player-4755-01733879,"Hocwar-Dreadmist",0x40514,0x0,12964,"Unbridled Wrath",0x1,Player-4755-01733879,0000000000000000,98,100,0,0,0,-1,0,0,0,7.10,-193.82,0,5.2592,71,1.0000,0.0000,1,1000
4/28 18:52:18.192  SPELL_AURA_REMOVED_DOSE,Player-4755-0178F416,"Eltorero-Dreadmist",0x514,0x0,Player-4755-0178F416,"Eltorero-Dreadmist",0x514,0x0,12970,"Flurry",0x1,BUFF,2
4/28 18:52:18.192  SPELL_AURA_REMOVED_DOSE,Player-4755-0160BD13,"Mafkees-Dreadmist",0x514,0x0,Player-4755-0160BD13,"Mafkees-Dreadmist",0x514,0x0,12970,"Flurry",0x1,BUFF,2
4/28 18:52:18.192  SPELL_AURA_APPLIED_DOSE,Player-4755-0160BD13,"Mafkees-Dreadmist",0x514,0x0,Player-4755-0160BD13,"Mafkees-Dreadmist",0x514,0x0,12970,"Flurry",0x1,BUFF,3
4/28 18:52:18.194  SPELL_AURA_APPLIED,Player-4755-015FEBD5,"Sauvage-Dreadmist",0x514,0x0,Player-4755-015FEBD5,"Sauvage-Dreadmist",0x514,0x0,12536,"Clearcasting",0x40,BUFF
4/28 18:52:18.210  SPELL_CAST_START,Player-4755-0178F576,"Atreas-Dreadmist",0x514,0x0,0000000000000000,nil,0x80000000,0x80000000,75,"Auto Shot",0x1
4/28 18:52:18.421  SWING_DAMAGE,Player-4755-01733879,"Hocwar-Dreadmist",0x40514,0x0,Creature-0-4457-249-1045-10184-000028665C,"Onyxia",0x10a48,0x0,Player-4755-01733879,0000000000000000,98,100,0,0,0,-1,0,0,0,7.10,-193.82,0,5.2592,71,131,167,-1,1,0,0,0,nil,nil,nil
4/28 18:52:18.452  SWING_MISSED,Creature-0-4457-249-1045-10184-000028665C,"Onyxia",0x10a48,0x0,Player-4755-0220BD00,"Krikoff-Dreadmist",0x40514,0x0,ABSORB,nil,549,1411
4/28 18:52:18.570  SWING_DAMAGE,Player-4755-01AC9FD9,"Alexinho-Dreadmist",0x514,0x0,Creature-0-4457-249-1045-10184-000028665C,"Onyxia",0x10a48,0x0,Player-4755-01AC9FD9,0000000000000000,62,100,0,0,0,-1,0,0,0,9.14,-199.31,0,4.4484,66,239,356,-1,1,0,0,0,nil,1,nil
4/28 18:52:18.570  SPELL_CAST_SUCCESS,Player-4755-01AC9FD9,"Alexinho-Dreadmist",0x514,0x0,Creature-0-4457-249-1045-10184-000028665C,"Onyxia",0x10a48,0x0,11294,"Sinister Strike",0x1,Player-4755-01AC9FD9,0000000000000000,62,100,0,0,0,-1,0,0,0,9.14,-199.31,0,4.4484,66
4/28 18:52:18.602  SPELL_DAMAGE,GameObject-0-4457-249-1045-176815-0000286659,"Lava Fissure",0x4228,0x0,Player-4755-015FEBD5,"Sauvage-Dreadmist",0x514,0x0,17731,"Eruption",0x4,Player-4755-015FEBD5,0000000000000000,60,100,0,0,0,-1,0,0,0,2.39,-241.93,0,5.7743,64,1499,1499,-1,4,0,0,0,nil,nil,nil
4/28 18:52:18.602  SPELL_AURA_REFRESH,Player-4755-0160BD13,"Mafkees-Dreadmist",0x514,0x0,Creature-0-4457-249-1045-10184-000028665C,"Onyxia",0x10a48,0x0,12721,"Deep Wound",0x1,DEBUFF
4/28 18:52:18.602  SPELL_ENERGIZE,Player-4755-0160BD13,"Mafkees-Dreadmist",0x514,0x0,Player-4755-0160BD13,"Mafkees-Dreadmist",0x514,0x0,12964,"Unbridled Wrath",0x1,Player-4755-0160BD13,0000000000000000,93,100,0,0,0,-1,0,0,0,2.58,-210.04,0,0.6150,64,1.0000,0.0000,1,1000
4/28 18:52:18.602  SWING_DAMAGE_LANDED,Player-4755-01733879,"Hocwar-Dreadmist",0x40514,0x0,Creature-0-4457-249-1045-10184-000028665C,"Onyxia",0x10a48,0x0,Creature-0-4457-249-1045-10184-000028665C,0000000000000000,12,100,0,0,0,-1,0,0,0,10.20,-203.14,0,5.7195,63,131,167,-1,1,0,0,0,nil,nil,nil
4/28 18:52:18.602  SPELL_DAMAGE,Player-4755-0160BD13,"Mafkees-Dreadmist",0x514,0x0,Creature-0-4457-249-1045-10184-000028665C,"Onyxia",0x10a48,0x0,20647,"Execute",0x1,Creature-0-4457-249-1045-10184-000028665C,0000000000000000,12,100,0,0,0,-1,0,0,0,10.20,-203.14,0,5.7195,63,1567,904,-1,1,0,0,0,1,nil,nil
4/28 18:52:18.602  SPELL_ABSORBED,Creature-0-4457-249-1045-10184-000028665C,"Onyxia",0x10a48,0x0,Player-4755-0220BD00,"Krikoff-Dreadmist",0x40514,0x0,Player-4755-02045EF4,"Necrosini-Dreadmist",0x512,0x0,10901,"Power Word: Shield",0x2,549,1411
4/28 18:52:18.602  SWING_DAMAGE_LANDED,Creature-0-4457-249-1045-10184-000028665C,"Onyxia",0x10a48,0x0,Player-4755-0220BD00,"Krikoff-Dreadmist",0x40514,0x0,Player-4755-0220BD00,0000000000000000,100,100,0,0,0,-1,0,0,0,30.22,-211.10,0,5.0833,68,0,1411,-1,1,0,0,549,nil,nil,nil
4/28 18:52:18.602  SPELL_AURA_REMOVED,Creature-0-4457-249-1045-10184-000028665C,"Onyxia",0x10a48,0x0,Player-4755-01F21AE6,"Blahu-Dreadmist",0x40514,0x0,18431,"Bellowing Roar",0x1,DEBUFF
4/28 18:52:18.602  SPELL_AURA_REMOVED,Creature-0-4457-249-1045-10184-000028665C,"Onyxia",0x10a48,0x0,Player-4755-0220BD00,"Krikoff-Dreadmist",0x40514,0x0,18431,"Bellowing Roar",0x1,DEBUFF
4/28 18:52:18.602  SPELL_AURA_REMOVED,Creature-0-4457-249-1045-10184-000028665C,"Onyxia",0x10a48,0x0,Player-4755-01840577,"Raggèn-Dreadmist",0x514,0x0,18431,"Bellowing Roar",0x1,DEBUFF
4/28 18:52:18.602  SWING_DAMAGE_LANDED,Player-4755-01AC9FD9,"Alexinho-Dreadmist",0x514,0x0,Creature-0-4457-249-1045-10184-000028665C,"Onyxia",0x10a48,0x0,Creature-0-4457-249-1045-10184-000028665C,0000000000000000,12,100,0,0,0,-1,0,0,0,10.20,-203.14,0,5.7195,63,239,356,-1,1,0,0,0,nil,1,nil
4/28 18:52:18.602  SPELL_DAMAGE,Player-4755-01AC9FD9,"Alexinho-Dreadmist",0x514,0x0,Creature-0-4457-249-1045-10184-000028665C,"Onyxia",0x10a48,0x0,11294,"Sinister Strike",0x1,Creature-0-4457-249-1045-10184-000028665C,0000000000000000,12,100,0,0,0,-1,0,0,0,10.20,-203.14,0,5.7195,63,893,481,-1,1,0,0,0,1,nil,nil
4/28 18:52:18.602  SWING_DAMAGE,Player-4755-01733879,"Hocwar-Dreadmist",0x40514,0x0,Creature-0-4457-249-1045-10184-000028665C,"Onyxia",0x10a48,0x0,Player-4755-01733879,0000000000000000,98,100,0,0,0,-1,0,0,0,7.19,-193.96,0,5.2592,71,205,260,-1,1,0,0,0,nil,nil,nil
4/28 18:52:18.650  SPELL_CAST_SUCCESS,Player-4755-0178F576,"Atreas-Dreadmist",0x514,0x0,Creature-0-4457-249-1045-10184-000028665C,"Onyxia",0x10a48,0x0,75,"Auto Shot",0x1,Player-4755-0178F576,0000000000000000,100,100,0,0,0,-1,0,0,0,0.87,-171.31,0,4.9918,66
4/28 18:52:18.758  SPELL_PERIODIC_DAMAGE,Player-4755-0178F416,"Eltorero-Dreadmist",0x514,0x0,Creature-0-4457-249-1045-10184-000028665C,"Onyxia",0x10a48,0x0,12721,"Deep Wound",0x1,Creature-0-4457-249-1045-10184-000028665C,0000000000000000,12,100,0,0,0,-1,0,0,0,11.06,-203.68,0,5.9138,63,146,146,-1,1,0,0,0,nil,nil,nil
4/28 18:52:18.973  SWING_DAMAGE,Pet-0-4457-249-1045-2850-01001956F9,"Kratos",0x1114,0x0,Creature-0-4457-249-1045-10184-000028665C,"Onyxia",0x10a48,0x0,Pet-0-4457-249-1045-2850-01001956F9,Player-4755-0178F576,56,100,0,0,0,-1,0,0,0,12.58,-178.08,0,4.6531,66,63,78,-1,1,0,0,0,nil,nil,nil
4/28 18:52:18.973  SPELL_CAST_SUCCESS,Pet-0-4457-249-1045-2850-01001956F9,"Kratos",0x1114,0x0,Creature-0-4457-249-1045-10184-000028665C,"Onyxia",0x10a48,0x0,3009,"Claw",0x1,Pet-0-4457-249-1045-2850-01001956F9,Player-4755-0178F576,56,100,0,0,0,-1,0,0,0,12.58,-178.08,0,4.6531,66
4/28 18:52:18.993  SPELL_AURA_REFRESH,Player-4755-0160BD13,"Mafkees-Dreadmist",0x514,0x0,Player-4755-0160BD13,"Mafkees-Dreadmist",0x514,0x0,12970,"Flurry",0x1,BUFF
4/28 18:52:18.993  SWING_DAMAGE_LANDED,Player-4755-01733879,"Hocwar-Dreadmist",0x40514,0x0,Creature-0-4457-249-1045-10184-000028665C,"Onyxia",0x10a48,0x0,Creature-0-4457-249-1045-10184-000028665C,0000000000000000,12,100,0,0,0,-1,0,0,0,11.06,-203.68,0,5.9138,63,205,260,-1,1,0,0,0,nil,nil,nil
4/28 18:52:18.993  SWING_DAMAGE_LANDED,Pet-0-4457-249-1045-2850-01001956F9,"Kratos",0x1114,0x0,Creature-0-4457-249-1045-10184-000028665C,"Onyxia",0x10a48,0x0,Creature-0-4457-249-1045-10184-000028665C,0000000000000000,12,100,0,0,0,-1,0,0,0,11.06,-203.68,0,5.9138,63,63,78,-1,1,0,0,0,nil,nil,nil
4/28 18:52:18.993  SPELL_DAMAGE,Pet-0-4457-249-1045-2850-01001956F9,"Kratos",0x1114,0x0,Creature-0-4457-249-1045-10184-000028665C,"Onyxia",0x10a48,0x0,3009,"Claw",0x1,Creature-0-4457-249-1045-10184-000028665C,0000000000000000,12,100,0,0,0,-1,0,0,0,11.06,-203.68,0,5.9138,63,75,94,-1,1,0,0,0,nil,nil,nil
4/28 18:52:19.092  SPELL_PERIODIC_ENERGIZE,Player-4755-01BC57A3,"Saintis-Dreadmist",0x511,0x0,Player-4755-01BC57A3,"Saintis-Dreadmist",0x511,0x0,18194,"Mana Regeneration",0x1,Player-4755-01BC57A3,0000000000000000,100,100,0,0,0,-1,0,0,0,35.02,-219.74,0,6.2164,68,8.0000,0.0000,0,7212
4/28 18:52:19.266  SPELL_CAST_SUCCESS,Player-4755-0220BD00,"Krikoff-Dreadmist",0x40514,0x0,Creature-0-4457-249-1045-10184-000028665C,"Onyxia",0x10a48,0x0,23894,"Bloodthirst",0x1,Player-4755-0220BD00,0000000000000000,100,100,0,0,0,-1,0,0,0,28.96,-209.33,0,2.1363,68
4/28 18:52:19.266  SPELL_AURA_APPLIED,Player-4755-0220BD00,"Krikoff-Dreadmist",0x40514,0x0,Player-4755-0220BD00,"Krikoff-Dreadmist",0x40514,0x0,10610,"Windfury Totem",0x8,BUFF
4/28 18:52:19.266  SPELL_EXTRA_ATTACKS,Player-4755-0220BD00,"Krikoff-Dreadmist",0x40514,0x0,Player-4755-0220BD00,"Krikoff-Dreadmist",0x40514,0x0,10610,"Windfury Totem",0x8,1
4/28 18:52:19.266  SWING_DAMAGE,Player-4755-0220BD00,"Krikoff-Dreadmist",0x40514,0x0,Creature-0-4457-249-1045-10184-000028665C,"Onyxia",0x10a48,0x0,Player-4755-0220BD00,0000000000000000,100,100,0,0,0,-1,0,0,0,28.96,-209.33,0,2.1363,68,217,336,-1,1,0,0,0,nil,1,nil
4/28 18:52:19.281  SWING_DAMAGE,Player-4755-01AC9FD9,"Alexinho-Dreadmist",0x514,0x0,Creature-0-4457-249-1045-10184-000028665C,"Onyxia",0x10a48,0x0,Player-4755-01AC9FD9,0000000000000000,62,100,0,0,0,-1,0,0,0,9.71,-197.20,0,4.4484,66,146,186,-1,1,0,0,0,nil,nil,nil
4/28 18:52:19.281  SWING_DAMAGE,Player-4755-0220BD00,"Krikoff-Dreadmist",0x40514,0x0,Creature-0-4457-249-1045-10184-000028665C,"Onyxia",0x10a48,0x0,Player-4755-0220BD00,0000000000000000,100,100,0,0,0,-1,0,0,0,28.89,-209.23,0,2.1363,68,697,441,-1,1,0,0,0,1,nil,nil
4/28 18:52:19.281  SPELL_PERIODIC_DAMAGE,Player-4755-01F21AE6,"Blahu-Dreadmist",0x40514,0x0,Creature-0-4457-249-1045-10184-000028665C,"Onyxia",0x10a48,0x0,11574,"Rend",0x1,Creature-0-4457-249-1045-10184-000028665C,0000000000000000,12,100,0,0,0,-1,0,0,0,11.06,-203.68,0,5.9138,63,19,18,-1,1,0,0,0,nil,nil,nil
4/28 18:52:19.335  SPELL_AURA_REMOVED,Player-4755-01733879,"Hocwar-Dreadmist",0x40514,0x0,Player-4755-01733879,"Hocwar-Dreadmist",0x40514,0x0,12328,"Death Wish",0x1,DEBUFF
4/28 18:52:19.394  SPELL_AURA_REFRESH,Player-4755-0160BD13,"Mafkees-Dreadmist",0x514,0x0,Creature-0-4457-249-1045-10184-000028665C,"Onyxia",0x10a48,0x0,12721,"Deep Wound",0x1,DEBUFF
4/28 18:52:19.394  SPELL_DAMAGE,Player-4755-0220BD00,"Krikoff-Dreadmist",0x40514,0x0,Creature-0-4457-249-1045-10184-000028665C,"Onyxia",0x10a48,0x0,23894,"Bloodthirst",0x1,Creature-0-4457-249-1045-10184-000028665C,0000000000000000,12,100,0,0,0,-1,0,0,0,11.06,-203.68,0,5.9138,63,450,571,-1,1,0,0,0,nil,nil,nil
4/28 18:52:19.394  SPELL_AURA_APPLIED,Player-4755-0220BD00,"Krikoff-Dreadmist",0x40514,0x0,Player-4755-0220BD00,"Krikoff-Dreadmist",0x40514,0x0,23888,"Bloodthirst",0x1,BUFF
4/28 18:52:19.394  SWING_DAMAGE_LANDED,Player-4755-0220BD00,"Krikoff-Dreadmist",0x40514,0x0,Creature-0-4457-249-1045-10184-000028665C,"Onyxia",0x10a48,0x0,Creature-0-4457-249-1045-10184-000028665C,0000000000000000,12,100,0,0,0,-1,0,0,0,11.06,-203.68,0,5.9138,63,217,336,-1,1,0,0,0,nil,1,nil
4/28 18:52:19.394  SWING_DAMAGE_LANDED,Player-4755-01AC9FD9,"Alexinho-Dreadmist",0x514,0x0,Creature-0-4457-249-1045-10184-000028665C,"Onyxia",0x10a48,0x0,Creature-0-4457-249-1045-10184-000028665C,0000000000000000,12,100,0,0,0,-1,0,0,0,11.06,-203.68,0,5.9138,63,146,186,-1,1,0,0,0,nil,nil,nil
4/28 18:52:19.394  SWING_DAMAGE_LANDED,Player-4755-0220BD00,"Krikoff-Dreadmist",0x40514,0x0,Creature-0-4457-249-1045-10184-000028665C,"Onyxia",0x10a48,0x0,Creature-0-4457-249-1045-10184-000028665C,0000000000000000,12,100,0,0,0,-1,0,0,0,11.06,-203.68,0,5.9138,63,697,441,-1,1,0,0,0,1,nil,nil
4/28 18:52:19.394  SPELL_AURA_REMOVED,Creature-0-4457-249-1045-10184-000028665C,"Onyxia",0x10a48,0x0,Player-4755-01ED7A64,"Sperzieboon-Dreadmist",0x514,0x0,18431,"Bellowing Roar",0x1,DEBUFF
4/28 18:52:19.394  SPELL_AURA_REMOVED,Creature-0-4457-249-1045-10184-000028665C,"Onyxia",0x10a48,0x0,Player-4755-01FA8DD8,"Roackerita-Dreadmist",0x514,0x0,18431,"Bellowing Roar",0x1,DEBUFF
4/28 18:52:19.394  SPELL_AURA_REMOVED,Creature-0-4457-249-1045-10184-000028665C,"Onyxia",0x10a48,0x0,Player-4755-01804B95,"Moymoy-Dreadmist",0x514,0x0,18431,"Bellowing Roar",0x1,DEBUFF
4/28 18:52:19.415  SPELL_AURA_REMOVED,Player-4755-01AC9FD9,"Alexinho-Dreadmist",0x514,0x0,Player-4755-01AC9FD9,"Alexinho-Dreadmist",0x514,0x0,6774,"Slice and Dice",0x1,BUFF
4/28 18:52:19.472  RANGE_DAMAGE,Player-4755-0178F576,"Atreas-Dreadmist",0x514,0x0,Creature-0-4457-249-1045-10184-000028665C,"Onyxia",0x10a48,0x0,75,"Auto Shot",0x1,Creature-0-4457-249-1045-10184-000028665C,0000000000000000,12,100,0,0,0,-1,0,0,0,11.06,-203.68,0,5.9138,63,431,547,-1,1,0,0,0,nil,nil,nil
4/28 18:52:19.515  SPELL_PERIODIC_DAMAGE,Player-4755-01F36B30,"Rectumqeef-Dreadmist",0x514,0x0,Creature-0-4457-249-1045-10184-000028665C,"Onyxia",0x10a48,0x0,11672,"Corruption",0x20,Creature-0-4457-249-1045-10184-000028665C,0000000000000000,11,100,0,0,0,-1,0,0,0,11.06,-203.68,0,5.9138,63,168,203,-1,32,51,0,0,nil,nil,nil
4/28 18:52:19.569  SPELL_AURA_REMOVED,Creature-0-4457-249-1045-10184-000028665C,"Onyxia",0x10a48,0x0,Player-4755-015FEBD5,"Sauvage-Dreadmist",0x514,0x0,18431,"Bellowing Roar",0x1,DEBUFF
4/28 18:52:19.569  SPELL_AURA_REMOVED,Creature-0-4457-249-1045-10184-000028665C,"Onyxia",0x10a48,0x0,Player-4755-01614AC7,"Mirrimazduur-Dreadmist",0x512,0x0,18431,"Bellowing Roar",0x1,DEBUFF
4/28 18:52:19.569  SPELL_AURA_REMOVED,Creature-0-4457-249-1045-10184-000028665C,"Onyxia",0x10a48,0x0,Player-4755-01617EEE,"Fenix-Dreadmist",0x512,0x0,18431,"Bellowing Roar",0x1,DEBUFF
4/28 18:52:19.569  SPELL_AURA_REMOVED,Creature-0-4457-249-1045-10184-000028665C,"Onyxia",0x10a48,0x0,Player-4755-0163DD9D,"Kaspais-Dreadmist",0x514,0x0,18431,"Bellowing Roar",0x1,DEBUFF
4/28 18:52:19.569  SPELL_AURA_REMOVED,Creature-0-4457-249-1045-10184-000028665C,"Onyxia",0x10a48,0x0,Player-4755-01BC57A3,"Saintis-Dreadmist",0x511,0x0,18431,"Bellowing Roar",0x1,DEBUFF
4/28 18:52:19.569  SPELL_AURA_REMOVED,Creature-0-4457-249-1045-10184-000028665C,"Onyxia",0x10a48,0x0,Player-4755-01A6B139,"Sakatan-Dreadmist",0x514,0x0,18431,"Bellowing Roar",0x1,DEBUFF
4/28 18:52:19.569  SPELL_AURA_REMOVED,Creature-0-4457-249-1045-10184-000028665C,"Onyxia",0x10a48,0x0,Player-4755-01F36B30,"Rectumqeef-Dreadmist",0x514,0x0,18431,"Bellowing Roar",0x1,DEBUFF
4/28 18:52:19.569  SPELL_AURA_REMOVED,Creature-0-4457-249-1045-10184-000028665C,"Onyxia",0x10a48,0x0,Player-4755-01E83279,"Nlmasters-Dreadmist",0x514,0x8,18431,"Bellowing Roar",0x1,DEBUFF
4/28 18:52:19.569  SPELL_AURA_REMOVED,Creature-0-4457-249-1045-10184-000028665C,"Onyxia",0x10a48,0x0,Player-4755-020BD78D,"Lonehunter-Dreadmist",0x514,0x0,18431,"Bellowing Roar",0x1,DEBUFF
4/28 18:52:19.569  SPELL_AURA_REMOVED,Creature-0-4457-249-1045-10184-000028665C,"Onyxia",0x10a48,0x0,Player-4755-0210153A,"Hapuseneb-Dreadmist",0x514,0x0,18431,"Bellowing Roar",0x1,DEBUFF
4/28 18:52:19.569  SPELL_AURA_REMOVED,Creature-0-4457-249-1045-10184-000028665C,"Onyxia",0x10a48,0x0,Player-4755-02045EF4,"Necrosini-Dreadmist",0x512,0x0,18431,"Bellowing Roar",0x1,DEBUFF
4/28 18:52:19.689  SPELL_CAST_SUCCESS,Player-4755-016296D3,"Nivl-Dreadmist",0x514,0x0,Player-4755-01802FE5,"Angrybat-Dreadmist",0x514,0x0,18610,"First Aid",0x1,Player-4755-016296D3,0000000000000000,100,100,0,0,0,-1,0,0,0,-5.79,-169.16,0,2.1116,69
4/28 18:52:19.790  SPELL_CAST_START,Creature-0-4457-249-1045-10184-000028665C,"Onyxia",0x10a48,0x0,0000000000000000,nil,0x80000000,0x80000000,18435,"Flame Breath",0x4
4/28 18:52:19.816  SPELL_AURA_REMOVED_DOSE,Player-4755-0220BD00,"Krikoff-Dreadmist",0x40514,0x0,Player-4755-0220BD00,"Krikoff-Dreadmist",0x40514,0x0,23888,"Bloodthirst",0x1,BUFF,4
4/28 18:52:19.816  SPELL_AURA_REMOVED_DOSE,Player-4755-0220BD00,"Krikoff-Dreadmist",0x40514,0x0,Player-4755-0220BD00,"Krikoff-Dreadmist",0x40514,0x0,14204,"Enrage",0x1,BUFF,7
4/28 18:52:19.816  SPELL_HEAL,Player-4755-0220BD00,"Krikoff-Dreadmist",0x40514,0x0,Player-4755-0220BD00,"Krikoff-Dreadmist",0x40514,0x0,23891,"Bloodthirst",0x1,Player-4755-0220BD00,0000000000000000,100,100,0,0,0,-1,0,0,0,26.86,-205.75,0,2.1088,68,20,20,20,0,nil
4/28 18:52:19.816  SPELL_AURA_REMOVED_DOSE,Player-4755-0220BD00,"Krikoff-Dreadmist",0x40514,0x0,Player-4755-0220BD00,"Krikoff-Dreadmist",0x40514,0x0,23888,"Bloodthirst",0x1,BUFF,3
4/28 18:52:19.816  SPELL_AURA_REMOVED_DOSE,Player-4755-0220BD00,"Krikoff-Dreadmist",0x40514,0x0,Player-4755-0220BD00,"Krikoff-Dreadmist",0x40514,0x0,10610,"Windfury Totem",0x8,BUFF,1
4/28 18:52:19.816  SPELL_AURA_REMOVED_DOSE,Player-4755-0220BD00,"Krikoff-Dreadmist",0x40514,0x0,Player-4755-0220BD00,"Krikoff-Dreadmist",0x40514,0x0,14204,"Enrage",0x1,BUFF,6
4/28 18:52:19.816  SPELL_HEAL,Player-4755-0220BD00,"Krikoff-Dreadmist",0x40514,0x0,Player-4755-0220BD00,"Krikoff-Dreadmist",0x40514,0x0,23891,"Bloodthirst",0x1,Player-4755-0220BD00,0000000000000000,100,100,0,0,0,-1,0,0,0,26.86,-205.75,0,2.1088,68,20,20,20,0,nil
4/28 18:52:19.819  SPELL_AURA_REMOVED_DOSE,Player-4755-0220BD00,"Krikoff-Dreadmist",0x40514,0x0,Player-4755-0220BD00,"Krikoff-Dreadmist",0x40514,0x0,23888,"Bloodthirst",0x1,BUFF,2
4/28 18:52:19.819  SPELL_AURA_REMOVED_DOSE,Player-4755-0220BD00,"Krikoff-Dreadmist",0x40514,0x0,Player-4755-0220BD00,"Krikoff-Dreadmist",0x40514,0x0,14204,"Enrage",0x1,BUFF,5
4/28 18:52:19.819  SPELL_AURA_APPLIED,Player-4755-0220BD00,"Krikoff-Dreadmist",0x40514,0x0,Player-4755-0220BD00,"Krikoff-Dreadmist",0x40514,0x0,12970,"Flurry",0x1,BUFF
4/28 18:52:19.819  SPELL_HEAL,Player-4755-0220BD00,"Krikoff-Dreadmist",0x40514,0x0,Player-4755-0220BD00,"Krikoff-Dreadmist",0x40514,0x0,23891,"Bloodthirst",0x1,Player-4755-0220BD00,0000000000000000,100,100,0,0,0,-1,0,0,0,26.86,-205.75,0,2.1088,68,20,20,20,0,nil
4/28 18:52:19.819  SPELL_AURA_REMOVED,Player-4755-0220BD00,"Krikoff-Dreadmist",0x40514,0x0,Player-4755-0220BD00,"Krikoff-Dreadmist",0x40514,0x0,10610,"Windfury Totem",0x8,BUFF
4/28 18:52:19.819  SPELL_AURA_APPLIED,Player-4755-016296D3,"Nivl-Dreadmist",0x514,0x0,Player-4755-01802FE5,"Angrybat-Dreadmist",0x514,0x0,18610,"First Aid",0x1,BUFF
4/28 18:52:19.894  SPELL_CAST_START,Player-4755-01617EEE,"Fenix-Dreadmist",0x512,0x0,0000000000000000,nil,0x80000000,0x80000000,6064,"Heal",0x2
4/28 18:52:19.908  SPELL_PERIODIC_HEAL,Player-4755-02045EF4,"Necrosini-Dreadmist",0x512,0x0,Player-4755-0220BD00,"Krikoff-Dreadmist",0x40514,0x0,10929,"Renew",0x2,Player-4755-0220BD00,0000000000000000,100,100,0,0,0,-1,0,0,0,26.50,-205.14,0,2.1088,68,253,253,253,0,nil
4/28 18:52:19.927  SPELL_CAST_SUCCESS,Player-4755-01614AC7,"Mirrimazduur-Dreadmist",0x512,0x0,0000000000000000,nil,0x80000000,0x80000000,11689,"Life Tap",0x20,Player-4755-01614AC7,0000000000000000,68,100,0,0,0,-1,0,0,0,1.69,-172.75,0,3.2746,68
4/28 18:52:19.959  SPELL_AURA_APPLIED,Player-4755-0210153A,"Hapuseneb-Dreadmist",0x514,0x0,Player-4755-0210153A,"Hapuseneb-Dreadmist",0x514,0x0,10929,"Renew",0x2,BUFF
4/28 18:52:19.959  SPELL_CAST_SUCCESS,Player-4755-0210153A,"Hapuseneb-Dreadmist",0x514,0x0,Player-4755-0210153A,"Hapuseneb-Dreadmist",0x514,0x0,10929,"Renew",0x2,Player-4755-0210153A,0000000000000000,57,100,0,0,0,-1,0,0,0,-2.68,-243.29,0,3.9464,66
4/28 18:52:19.974  SWING_DAMAGE,Pet-0-4457-249-1045-2850-01001956F9,"Kratos",0x1114,0x0,Creature-0-4457-249-1045-10184-000028665C,"Onyxia",0x10a48,0x0,Pet-0-4457-249-1045-2850-01001956F9,Player-4755-0178F576,56,100,0,0,0,-1,0,0,0,12.54,-178.68,0,4.6531,66,67,84,-1,1,0,0,0,nil,nil,nil
4/28 18:52:20.018  SWING_DAMAGE,Player-4755-01733879,"Hocwar-Dreadmist",0x40514,0x0,Creature-0-4457-249-1045-10184-000028665C,"Onyxia",0x10a48,0x0,Player-4755-01733879,0000000000000000,98,100,0,0,0,-1,0,0,0,11.65,-193.58,0,4.8430,71,79,120,-1,1,0,0,0,nil,1,nil
4/28 18:52:20.032  SPELL_AURA_REFRESH,Player-4755-01637B0A,"Pindle-Dreadmist",0x514,0x0,Player-4755-01637B0A,"Pindle-Dreadmist",0x514,0x0,6774,"Slice and Dice",0x1,BUFF
4/28 18:52:20.032  SPELL_CAST_SUCCESS,Player-4755-01637B0A,"Pindle-Dreadmist",0x514,0x0,Creature-0-4457-249-1045-10184-000028665C,"Onyxia",0x10a48,0x0,6774,"Slice and Dice",0x1,Player-4755-01637B0A,0000000000000000,100,100,0,0,0,-1,0,0,0,12.79,-196.78,0,4.5272,65
4/28 18:52:20.180  SWING_DAMAGE,Player-4755-0160BD13,"Mafkees-Dreadmist",0x514,0x0,Creature-0-4457-249-1045-10184-000028665C,"Onyxia",0x10a48,0x0,Player-4755-0160BD13,0000000000000000,93,100,0,0,0,-1,0,0,0,3.30,-210.66,0,0.6267,64,888,563,-1,1,0,0,0,1,nil,nil
4/28 18:52:20.214  SPELL_AURA_APPLIED,Player-4755-016296D3,"Nivl-Dreadmist",0x514,0x0,Player-4755-01802FE5,"Angrybat-Dreadmist",0x514,0x0,11196,"Recently Bandaged",0x1,DEBUFF
4/28 18:52:20.214  SPELL_ENERGIZE,Player-4755-01614AC7,"Mirrimazduur-Dreadmist",0x512,0x0,Player-4755-01614AC7,"Mirrimazduur-Dreadmist",0x512,0x0,31818,"Life Tap",0x20,Player-4755-01614AC7,0000000000000000,68,100,0,0,0,-1,0,0,0,2.05,-173.31,0,5.2809,68,855.0000,0.0000,0,5098
4/28 18:52:20.214  SWING_DAMAGE_LANDED,Pet-0-4457-249-1045-2850-01001956F9,"Kratos",0x1114,0x0,Creature-0-4457-249-1045-10184-000028665C,"Onyxia",0x10a48,0x0,Creature-0-4457-249-1045-10184-000028665C,0000000000000000,11,100,0,0,0,-1,0,0,0,11.06,-203.68,0,6.0900,63,67,84,-1,1,0,0,0,nil,nil,nil
4/28 18:52:20.214  SWING_DAMAGE_LANDED,Player-4755-01733879,"Hocwar-Dreadmist",0x40514,0x0,Creature-0-4457-249-1045-10184-000028665C,"Onyxia",0x10a48,0x0,Creature-0-4457-249-1045-10184-000028665C,0000000000000000,11,100,0,0,0,-1,0,0,0,11.06,-203.68,0,6.0900,63,79,120,-1,1,0,0,0,nil,1,nil
4/28 18:52:20.214  SWING_DAMAGE_LANDED,Player-4755-0160BD13,"Mafkees-Dreadmist",0x514,0x0,Creature-0-4457-249-1045-10184-000028665C,"Onyxia",0x10a48,0x0,Creature-0-4457-249-1045-10184-000028665C,0000000000000000,11,100,0,0,0,-1,0,0,0,11.06,-203.68,0,6.0900,63,888,563,-1,1,0,0,0,1,nil,nil
4/28 18:52:20.321  SWING_DAMAGE,Player-4755-0178F416,"Eltorero-Dreadmist",0x514,0x0,Creature-0-4457-249-1045-10184-000028665C,"Onyxia",0x10a48,0x0,Player-4755-0178F416,0000000000000000,64,100,0,0,0,-1,0,0,0,9.41,-216.68,0,1.4644,67,589,746,-1,1,0,0,0,nil,nil,nil
4/28 18:52:20.390  SWING_DAMAGE,Player-4755-01840577,"Raggèn-Dreadmist",0x514,0x0,Creature-0-4457-249-1045-10184-000028665C,"Onyxia",0x10a48,0x0,Player-4755-01840577,0000000000000000,91,100,0,0,0,-1,0,0,0,7.66,-194.55,0,5.2282,67,285,443,-1,1,0,0,0,nil,1,nil
4/28 18:52:20.408  SWING_DAMAGE,Player-4755-01733879,"Hocwar-Dreadmist",0x40514,0x0,Creature-0-4457-249-1045-10184-000028665C,"Onyxia",0x10a48,0x0,Player-4755-01733879,0000000000000000,98,100,0,0,0,-1,0,0,0,11.70,-193.57,0,4.8548,71,144,211,-1,1,0,0,0,nil,1,nil
4/28 18:52:20.451  SPELL_CAST_START,Player-4755-0163DD9D,"Kaspais-Dreadmist",0x514,0x0,0000000000000000,nil,0x80000000,0x80000000,10181,"Frostbolt",0x10
4/28 18:52:20.549  SPELL_PERIODIC_DAMAGE,Player-4755-01614AC7,"Mirrimazduur-Dreadmist",0x512,0x0,Creature-0-4457-249-1045-10184-000028665C,"Onyxia",0x10a48,0x0,11672,"Corruption",0x20,Creature-0-4457-249-1045-10184-000028665C,0000000000000000,11,100,0,0,0,-1,0,0,0,11.06,-203.68,0,6.0900,63,208,188,-1,32,0,0,0,nil,nil,nil
4/28 18:52:20.564  SWING_DAMAGE,Player-4755-01F21AE6,"Blahu-Dreadmist",0x40514,0x0,Creature-0-4457-249-1045-10184-000028665C,"Onyxia",0x10a48,0x0,Player-4755-01F21AE6,0000000000000000,100,100,0,0,0,-1,0,0,0,10.46,-208.94,0,0.3682,70,206,357,-1,1,0,0,0,nil,1,nil
4/28 18:52:20.613  SPELL_AURA_REMOVED_DOSE,Player-4755-0160BD13,"Mafkees-Dreadmist",0x514,0x0,Player-4755-0160BD13,"Mafkees-Dreadmist",0x514,0x0,12970,"Flurry",0x1,BUFF,2
4/28 18:52:20.613  SPELL_AURA_APPLIED_DOSE,Player-4755-0160BD13,"Mafkees-Dreadmist",0x514,0x0,Player-4755-0160BD13,"Mafkees-Dreadmist",0x514,0x0,12970,"Flurry",0x1,BUFF,3
4/28 18:52:20.613  SWING_DAMAGE_LANDED,Player-4755-0178F416,"Eltorero-Dreadmist",0x514,0x0,Creature-0-4457-249-1045-10184-000028665C,"Onyxia",0x10a48,0x0,Creature-0-4457-249-1045-10184-000028665C,0000000000000000,11,100,0,0,0,-1,0,0,0,11.06,-203.68,0,6.0900,63,589,746,-1,1,0,0,0,nil,nil,nil
4/28 18:52:20.613  SWING_DAMAGE_LANDED,Player-4755-01840577,"Raggèn-Dreadmist",0x514,0x0,Creature-0-4457-249-1045-10184-000028665C,"Onyxia",0x10a48,0x0,Creature-0-4457-249-1045-10184-000028665C,0000000000000000,11,100,0,0,0,-1,0,0,0,11.06,-203.68,0,6.0900,63,285,443,-1,1,0,0,0,nil,1,nil
4/28 18:52:20.613  SWING_DAMAGE_LANDED,Player-4755-01733879,"Hocwar-Dreadmist",0x40514,0x0,Creature-0-4457-249-1045-10184-000028665C,"Onyxia",0x10a48,0x0,Creature-0-4457-249-1045-10184-000028665C,0000000000000000,11,100,0,0,0,-1,0,0,0,11.06,-203.68,0,6.0900,63,144,211,-1,1,0,0,0,nil,1,nil
4/28 18:52:20.613  SWING_DAMAGE_LANDED,Player-4755-01F21AE6,"Blahu-Dreadmist",0x40514,0x0,Creature-0-4457-249-1045-10184-000028665C,"Onyxia",0x10a48,0x0,Creature-0-4457-249-1045-10184-000028665C,0000000000000000,11,100,0,0,0,-1,0,0,0,11.06,-203.68,0,6.0900,63,206,357,-1,1,0,0,0,nil,1,nil
4/28 18:52:20.613  SWING_DAMAGE,Player-4755-0220BD00,"Krikoff-Dreadmist",0x40514,0x0,Creature-0-4457-249-1045-10184-000028665C,"Onyxia",0x10a48,0x0,Player-4755-0220BD00,0000000000000000,100,100,0,0,0,-1,0,0,0,24.32,-200.82,0,2.4897,68,178,226,-1,1,0,0,0,nil,nil,nil
4/28 18:52:20.734  SPELL_CAST_START,Player-4755-0178F576,"Atreas-Dreadmist",0x514,0x0,0000000000000000,nil,0x80000000,0x80000000,75,"Auto Shot",0x1
4/28 18:52:20.763  SPELL_CAST_SUCCESS,Player-4755-01A6B139,"Sakatan-Dreadmist",0x514,0x0,Creature-0-4457-249-1045-10184-000028665C,"Onyxia",0x10a48,0x0,11281,"Backstab",0x1,Player-4755-01A6B139,0000000000000000,71,100,0,0,0,-1,0,0,0,-8.22,-186.86,0,5.6359,69
4/28 18:52:20.763  SPELL_AURA_APPLIED,Player-4755-0220BD00,"Krikoff-Dreadmist",0x40514,0x0,Player-4755-0220BD00,"Krikoff-Dreadmist",0x40514,0x0,29131,"Bloodrage",0x1,BUFF
4/28 18:52:20.763  SPELL_CAST_SUCCESS,Player-4755-0220BD00,"Krikoff-Dreadmist",0x40514,0x0,0000000000000000,nil,0x80000000,0x80000000,2687,"Bloodrage",0x1,Player-4755-0220BD00,0000000000000000,100,100,0,0,0,-1,0,0,0,24.32,-200.82,0,3.0474,68
4/28 18:52:20.781  SPELL_CAST_SUCCESS,Player-4755-01AC9FD9,"Alexinho-Dreadmist",0x514,0x0,Creature-0-4457-249-1045-10184-000028665C,"Onyxia",0x10a48,0x0,11294,"Sinister Strike",0x1,Player-4755-01AC9FD9,0000000000000000,62,100,0,0,0,-1,0,0,0,10.92,-195.42,0,4.4523,66
4/28 18:52:20.797  SPELL_PERIODIC_HEAL,Player-4755-016296D3,"Nivl-Dreadmist",0x514,0x0,Player-4755-01802FE5,"Angrybat-Dreadmist",0x514,0x0,18610,"First Aid",0x1,Player-4755-01802FE5,0000000000000000,38,100,0,0,0,-1,0,0,0,-4.04,-178.30,0,3.5465,66,250,250,0,0,nil
4/28 18:52:20.825  SPELL_CAST_START,Player-4755-020BD78D,"Lonehunter-Dreadmist",0x514,0x0,0000000000000000,nil,0x80000000,0x80000000,75,"Auto Shot",0x1
4/28 18:52:20.891  SWING_MISSED,Player-4755-01A6B139,"Sakatan-Dreadmist",0x514,0x0,Creature-0-4457-249-1045-10184-000028665C,"Onyxia",0x10a48,0x0,MISS,nil
4/28 18:52:20.940  SWING_DAMAGE,Player-4755-01AC9FD9,"Alexinho-Dreadmist",0x514,0x0,Creature-0-4457-249-1045-10184-000028665C,"Onyxia",0x10a48,0x0,Player-4755-01AC9FD9,0000000000000000,62,100,0,0,0,-1,0,0,0,10.92,-195.42,0,4.4523,66,593,368,-1,1,0,0,0,1,nil,nil
4/28 18:52:20.984  SWING_DAMAGE,Pet-0-4457-249-1045-2850-01001956F9,"Kratos",0x1114,0x0,Creature-0-4457-249-1045-10184-000028665C,"Onyxia",0x10a48,0x0,Pet-0-4457-249-1045-2850-01001956F9,Player-4755-0178F576,56,100,0,0,0,-1,0,0,0,12.54,-178.68,0,4.6531,66,42,75,-1,1,0,0,0,nil,1,nil
4/28 18:52:20.984  SPELL_CAST_START,Player-4755-01804B95,"Moymoy-Dreadmist",0x514,0x0,0000000000000000,nil,0x80000000,0x80000000,1064,"Chain Heal",0x8
4/28 18:52:20.999  SPELL_CAST_START,Player-4755-01ED7A64,"Sperzieboon-Dreadmist",0x514,0x0,0000000000000000,nil,0x80000000,0x80000000,10965,"Greater Heal",0x2
4/28 18:52:20.999  SPELL_AURA_REMOVED,Pet-0-4457-249-1045-416-01001C47E2,"Ababis",0x1114,0x0,Player-4755-0220BD00,"Krikoff-Dreadmist",0x40514,0x0,11767,"Blood Pact",0x20,BUFF
4/28 18:52:21.020  SPELL_AURA_REFRESH,Player-4755-0160BD13,"Mafkees-Dreadmist",0x514,0x0,Creature-0-4457-249-1045-10184-000028665C,"Onyxia",0x10a48,0x0,12721,"Deep Wound",0x1,DEBUFF
4/28 18:52:21.020  SPELL_AURA_REMOVED_DOSE,Player-4755-0178F416,"Eltorero-Dreadmist",0x514,0x0,Player-4755-0178F416,"Eltorero-Dreadmist",0x514,0x0,12970,"Flurry",0x1,BUFF,1
4/28 18:52:21.020  SPELL_AURA_REMOVED,Player-4755-01F21AE6,"Blahu-Dreadmist",0x40514,0x0,Player-4755-01F21AE6,"Blahu-Dreadmist",0x40514,0x0,12970,"Flurry",0x1,BUFF
4/28 18:52:21.020  SWING_DAMAGE_LANDED,Player-4755-0220BD00,"Krikoff-Dreadmist",0x40514,0x0,Creature-0-4457-249-1045-10184-000028665C,"Onyxia",0x10a48,0x0,Creature-0-4457-249-1045-10184-000028665C,0000000000000000,11,100,0,0,0,-1,0,0,0,11.06,-203.68,0,6.0900,63,178,226,-1,1,0,0,0,nil,nil,nil
4/28 18:52:21.020  SPELL_DAMAGE,Player-4755-01A6B139,"Sakatan-Dreadmist",0x514,0x0,Creature-0-4457-249-1045-10184-000028665C,"Onyxia",0x10a48,0x0,11281,"Backstab",0x1,Creature-0-4457-249-1045-10184-000028665C,0000000000000000,11,100,0,0,0,-1,0,0,0,11.06,-203.68,0,6.0900,63,513,651,-1,1,0,0,0,nil,nil,nil
4/28 18:52:21.020  SPELL_ENERGIZE,Player-4755-0220BD00,"Krikoff-Dreadmist",0x40514,0x0,Player-4755-0220BD00,"Krikoff-Dreadmist",0x40514,0x0,2687,"Bloodrage",0x1,Player-4755-0220BD00,0000000000000000,100,100,0,0,0,-1,0,0,0,24.32,-200.82,0,3.2123,68,15.0000,0.0000,1,1000
4/28 18:52:21.020  SPELL_DAMAGE,Player-4755-01AC9FD9,"Alexinho-Dreadmist",0x514,0x0,Creature-0-4457-249-1045-10184-000028665C,"Onyxia",0x10a48,0x0,11294,"Sinister Strike",0x1,Creature-0-4457-249-1045-10184-000028665C,0000000000000000,11,100,0,0,0,-1,0,0,0,11.06,-203.68,0,6.0900,63,774,417,-1,1,0,0,0,1,nil,nil
4/28 18:52:21.020  SWING_DAMAGE_LANDED,Player-4755-01AC9FD9,"Alexinho-Dreadmist",0x514,0x0,Creature-0-4457-249-1045-10184-000028665C,"Onyxia",0x10a48,0x0,Creature-0-4457-249-1045-10184-000028665C,0000000000000000,11,100,0,0,0,-1,0,0,0,11.06,-203.68,0,6.0900,63,593,368,-1,1,0,0,0,1,nil,nil
4/28 18:52:21.020  SWING_DAMAGE_LANDED,Pet-0-4457-249-1045-2850-01001956F9,"Kratos",0x1114,0x0,Creature-0-4457-249-1045-10184-000028665C,"Onyxia",0x10a48,0x0,Creature-0-4457-249-1045-10184-000028665C,0000000000000000,11,100,0,0,0,-1,0,0,0,11.06,-203.68,0,6.0900,63,42,75,-1,1,0,0,0,nil,1,nil
4/28 18:52:21.040  SWING_DAMAGE,Player-4755-01AC9FD9,"Alexinho-Dreadmist",0x514,0x0,Creature-0-4457-249-1045-10184-000028665C,"Onyxia",0x10a48,0x0,Player-4755-01AC9FD9,0000000000000000,62,100,0,0,0,-1,0,0,0,10.92,-195.42,0,4.4523,66,113,169,-1,1,0,0,0,nil,1,nil
4/28 18:52:21.040  SPELL_CAST_START,Player-4755-01F36B30,"Rectumqeef-Dreadmist",0x514,0x0,0000000000000000,nil,0x80000000,0x80000000,11661,"Shadow Bolt",0x20
4/28 18:52:21.058  SPELL_CAST_SUCCESS,Player-4755-01637B0A,"Pindle-Dreadmist",0x514,0x0,Creature-0-4457-249-1045-10184-000028665C,"Onyxia",0x10a48,0x0,11281,"Backstab",0x1,Player-4755-01637B0A,0000000000000000,100,100,0,0,0,-1,0,0,0,9.14,-196.35,0,5.1359,65
4/28 18:52:21.090  SWING_DAMAGE,Player-4755-01637B0A,"Pindle-Dreadmist",0x514,0x0,Creature-0-4457-249-1045-10184-000028665C,"Onyxia",0x10a48,0x0,Player-4755-01637B0A,0000000000000000,100,100,0,0,0,-1,0,0,0,9.14,-196.35,0,5.1968,65,257,160,-1,1,0,0,0,1,nil,nil
4/28 18:52:21.172  SPELL_CAST_START,Player-4755-015FEBD5,"Sauvage-Dreadmist",0x514,0x0,0000000000000000,nil,0x80000000,0x80000000,10181,"Frostbolt",0x10
4/28 18:52:21.172  SPELL_CAST_SUCCESS,Player-4755-0178F576,"Atreas-Dreadmist",0x514,0x0,Creature-0-4457-249-1045-10184-000028665C,"Onyxia",0x10a48,0x0,75,"Auto Shot",0x1,Player-4755-0178F576,0000000000000000,100,100,0,0,0,-1,0,0,0,0.87,-171.31,0,4.9918,66
4/28 18:52:21.267  SWING_DAMAGE,Player-4755-01F21AE6,"Blahu-Dreadmist",0x40514,0x0,Creature-0-4457-249-1045-10184-000028665C,"Onyxia",0x10a48,0x0,Player-4755-01F21AE6,0000000000000000,100,100,0,0,0,-1,0,0,0,14.40,-209.84,0,1.4258,70,87,124,-1,1,0,0,0,nil,1,nil
4/28 18:52:21.267  SPELL_CAST_SUCCESS,Player-4755-020BD78D,"Lonehunter-Dreadmist",0x514,0x0,Creature-0-4457-249-1045-10184-000028665C,"Onyxia",0x10a48,0x0,75,"Auto Shot",0x1,Player-4755-020BD78D,0000000000000000,100,100,0,0,0,-1,0,0,0,-1.01,-253.57,0,1.0260,71
4/28 18:52:21.329  SPELL_CAST_START,Player-4755-0178F576,"Atreas-Dreadmist",0x514,0x0,0000000000000000,nil,0x80000000,0x80000000,14290,"Multi-Shot",0x1
4/28 18:52:21.378  SPELL_CAST_START,Player-4755-020BD78D,"Lonehunter-Dreadmist",0x514,0x0,0000000000000000,nil,0x80000000,0x80000000,20904,"Aimed Shot",0x1
4/28 18:52:21.411  SPELL_AURA_APPLIED,Player-4755-01BC57A3,"Saintis-Dreadmist",0x511,0x0,Player-4755-01BC57A3,"Saintis-Dreadmist",0x511,0x0,10901,"Power Word: Shield",0x2,BUFF
4/28 18:52:21.419  SPELL_CAST_SUCCESS,Player-4755-01BC57A3,"Saintis-Dreadmist",0x511,0x0,Player-4755-01BC57A3,"Saintis-Dreadmist",0x511,0x0,10901,"Power Word: Shield",0x2,Player-4755-01BC57A3,0000000000000000,100,100,0,0,0,-1,0,0,0,23.25,-222.87,0,2.0424,68
4/28 18:52:21.419  SPELL_AURA_REMOVED,Player-4755-020BD78D,"Lonehunter-Dreadmist",0x514,0x0,Player-4755-01F21AE6,"Blahu-Dreadmist",0x40514,0x0,20906,"Trueshot Aura",0x40,BUFF
4/28 18:52:21.419  SPELL_ENERGIZE,Player-4755-01733879,"Hocwar-Dreadmist",0x40514,0x0,Player-4755-01733879,"Hocwar-Dreadmist",0x40514,0x0,12964,"Unbridled Wrath",0x1,Player-4755-01733879,0000000000000000,98,100,0,0,0,-1,0,0,0,9.76,-193.85,0,4.8548,71,1.0000,0.0000,1,1000
4/28 18:52:21.419  SPELL_AURA_REMOVED_DOSE,Player-4755-0220BD00,"Krikoff-Dreadmist",0x40514,0x0,Player-4755-0220BD00,"Krikoff-Dreadmist",0x40514,0x0,12970,"Flurry",0x1,BUFF,2
4/28 18:52:21.419  SPELL_AURA_REMOVED_DOSE,Player-4755-0220BD00,"Krikoff-Dreadmist",0x40514,0x0,Player-4755-0220BD00,"Krikoff-Dreadmist",0x40514,0x0,23888,"Bloodthirst",0x1,BUFF,1
4/28 18:52:21.419  SPELL_AURA_REMOVED_DOSE,Player-4755-0220BD00,"Krikoff-Dreadmist",0x40514,0x0,Player-4755-0220BD00,"Krikoff-Dreadmist",0x40514,0x0,14204,"Enrage",0x1,BUFF,4
4/28 18:52:21.419  SPELL_HEAL,Player-4755-0220BD00,"Krikoff-Dreadmist",0x40514,0x0,Player-4755-0220BD00,"Krikoff-Dreadmist",0x40514,0x0,23891,"Bloodthirst",0x1,Player-4755-0220BD00,0000000000000000,100,100,0,0,0,-1,0,0,0,24.32,-200.82,0,3.3576,68,20,20,20,0,nil
4/28 18:52:21.419  SWING_DAMAGE_LANDED,Player-4755-01AC9FD9,"Alexinho-Dreadmist",0x514,0x0,Creature-0-4457-249-1045-10184-000028665C,"Onyxia",0x10a48,0x0,Creature-0-4457-249-1045-10184-000028665C,0000000000000000,11,100,0,0,0,-1,0,0,0,11.06,-203.68,0,6.0900,63,113,169,-1,1,0,0,0,nil,1,nil
4/28 18:52:21.419  SPELL_DAMAGE,Player-4755-0160BD13,"Mafkees-Dreadmist",0x514,0x0,Creature-0-4457-249-1045-10184-000028665C,"Onyxia",0x10a48,0x0,20647,"Execute",0x1,Creature-0-4457-249-1045-10184-000028665C,0000000000000000,11,100,0,0,0,-1,0,0,0,11.06,-203.68,0,6.0900,63,1591,918,-1,1,0,0,0,1,nil,nil
4/28 18:52:21.419  SPELL_DAMAGE,Player-4755-01637B0A,"Pindle-Dreadmist",0x514,0x0,Creature-0-4457-249-1045-10184-000028665C,"Onyxia",0x10a48,0x0,11281,"Backstab",0x1,Creature-0-4457-249-1045-10184-000028665C,0000000000000000,11,100,0,0,0,-1,0,0,0,11.06,-203.68,0,6.0900,63,1141,632,-1,1,0,0,0,1,nil,nil
4/28 18:52:21.419  SWING_DAMAGE_LANDED,Player-4755-01637B0A,"Pindle-Dreadmist",0x514,0x0,Creature-0-4457-249-1045-10184-000028665C,"Onyxia",0x10a48,0x0,Creature-0-4457-249-1045-10184-000028665C,0000000000000000,11,100,0,0,0,-1,0,0,0,11.06,-203.68,0,6.0900,63,257,160,-1,1,0,0,0,1,nil,nil
4/28 18:52:21.419  SPELL_DAMAGE,Player-4755-01733879,"Hocwar-Dreadmist",0x40514,0x0,Creature-0-4457-249-1045-10184-000028665C,"Onyxia",0x10a48,0x0,20647,"Execute",0x1,Creature-0-4457-249-1045-10184-000028665C,0000000000000000,11,100,0,0,0,-1,0,0,0,11.06,-203.68,0,6.0900,63,522,663,-1,1,0,0,0,nil,nil,nil
4/28 18:52:21.419  SWING_DAMAGE_LANDED,Player-4755-01F21AE6,"Blahu-Dreadmist",0x40514,0x0,Creature-0-4457-249-1045-10184-000028665C,"Onyxia",0x10a48,0x0,Creature-0-4457-249-1045-10184-000028665C,0000000000000000,11,100,0,0,0,-1,0,0,0,11.06,-203.68,0,6.0900,63,87,124,-1,1,0,0,0,nil,1,nil
4/28 18:52:21.419  SPELL_AURA_APPLIED,Player-4755-01BC57A3,"Saintis-Dreadmist",0x511,0x0,Player-4755-01BC57A3,"Saintis-Dreadmist",0x511,0x0,6788,"Weakened Soul",0x2,DEBUFF
4/28 18:52:21.450  SPELL_CAST_START,Player-4755-01614AC7,"Mirrimazduur-Dreadmist",0x512,0x0,0000000000000000,nil,0x80000000,0x80000000,11661,"Shadow Bolt",0x20
4/28 18:52:21.484  SPELL_CAST_SUCCESS,Player-4755-0220BD00,"Krikoff-Dreadmist",0x40514,0x0,Creature-0-4457-249-1045-10184-000028665C,"Onyxia",0x10a48,0x0,11567,"Heroic Strike",0x1,Player-4755-0220BD00,0000000000000000,100,100,0,0,0,-1,0,0,0,24.32,-200.82,0,3.3576,68
4/28 18:52:21.484  SPELL_AURA_REMOVED_DOSE,Player-4755-0220BD00,"Krikoff-Dreadmist",0x40514,0x0,Player-4755-0220BD00,"Krikoff-Dreadmist",0x40514,0x0,12970,"Flurry",0x1,BUFF,1
4/28 18:52:21.484  SPELL_AURA_APPLIED,Player-4755-0220BD00,"Krikoff-Dreadmist",0x40514,0x0,Player-4755-0220BD00,"Krikoff-Dreadmist",0x40514,0x0,10610,"Windfury Totem",0x8,BUFF
4/28 18:52:21.484  SPELL_EXTRA_ATTACKS,Player-4755-0220BD00,"Krikoff-Dreadmist",0x40514,0x0,Player-4755-0220BD00,"Krikoff-Dreadmist",0x40514,0x0,10610,"Windfury Totem",0x8,1
4/28 18:52:21.505  SWING_MISSED,Player-4755-0220BD00,"Krikoff-Dreadmist",0x40514,0x0,Creature-0-4457-249-1045-10184-000028665C,"Onyxia",0x10a48,0x0,MISS,nil
4/28 18:52:21.524  SPELL_CAST_START,Player-4755-01E83279,"Nlmasters-Dreadmist",0x514,0x8,0000000000000000,nil,0x80000000,0x80000000,75,"Auto Shot",0x1
4/28 18:52:21.568  SWING_MISSED,Player-4755-01A6B139,"Sakatan-Dreadmist",0x514,0x0,Creature-0-4457-249-1045-10184-000028665C,"Onyxia",0x10a48,0x0,MISS,1
4/28 18:52:21.633  SWING_MISSED,Player-4755-01733879,"Hocwar-Dreadmist",0x40514,0x0,Creature-0-4457-249-1045-10184-000028665C,"Onyxia",0x10a48,0x0,MISS,1
4/28 18:52:21.633  SWING_MISSED,Player-4755-01637B0A,"Pindle-Dreadmist",0x514,0x0,Creature-0-4457-249-1045-10184-000028665C,"Onyxia",0x10a48,0x0,MISS,1
4/28 18:52:21.754  SPELL_PERIODIC_DAMAGE,Player-4755-0178F416,"Eltorero-Dreadmist",0x514,0x0,Creature-0-4457-249-1045-10184-000028665C,"Onyxia",0x10a48,0x0,12721,"Deep Wound",0x1,Creature-0-4457-249-1045-10184-000028665C,0000000000000000,11,100,0,0,0,-1,0,0,0,11.06,-203.68,0,6.0900,63,146,146,-1,1,0,0,0,nil,nil,nil
4/28 18:52:21.754  SPELL_CAST_SUCCESS,Player-4755-0178F576,"Atreas-Dreadmist",0x514,0x0,Creature-0-4457-249-1045-10184-000028665C,"Onyxia",0x10a48,0x0,14290,"Multi-Shot",0x1,Player-4755-0178F576,0000000000000000,100,100,0,0,0,-1,0,0,0,0.87,-171.31,0,4.9918,66
4/28 18:52:21.754  SPELL_PERIODIC_ENERGIZE,Player-4755-0220BD00,"Krikoff-Dreadmist",0x40514,0x0,Player-4755-0220BD00,"Krikoff-Dreadmist",0x40514,0x0,29131,"Bloodrage",0x1,Player-4755-0220BD00,0000000000000000,100,100,0,0,0,-1,0,0,0,24.32,-200.82,0,3.3458,68,1.0000,0.0000,1,1000
4/28 18:52:21.803  SPELL_CAST_SUCCESS,Creature-0-4457-249-1045-10184-000028665C,"Onyxia",0x10a48,0x0,0000000000000000,nil,0x80000000,0x80000000,18435,"Flame Breath",0x4,Creature-0-4457-249-1045-10184-000028665C,0000000000000000,11,100,0,0,0,-1,0,0,0,11.06,-203.68,0,6.0900,63
4/28 18:52:21.804  SPELL_PERIODIC_HEAL,Player-4755-016296D3,"Nivl-Dreadmist",0x514,0x0,Player-4755-01802FE5,"Angrybat-Dreadmist",0x514,0x0,18610,"First Aid",0x1,Player-4755-01802FE5,0000000000000000,46,100,0,0,0,-1,0,0,0,-3.58,-179.37,0,3.5465,66,250,250,0,0,nil
4/28 18:52:21.822  SPELL_ENERGIZE,Player-4755-0220BD00,"Krikoff-Dreadmist",0x40514,0x0,Player-4755-0220BD00,"Krikoff-Dreadmist",0x40514,0x0,12964,"Unbridled Wrath",0x1,Player-4755-0220BD00,0000000000000000,100,100,0,0,0,-1,0,0,0,24.32,-200.82,0,3.3458,68,1.0000,0.0000,1,1000
4/28 18:52:21.822  SPELL_AURA_REFRESH,Player-4755-0160BD13,"Mafkees-Dreadmist",0x514,0x0,Player-4755-0160BD13,"Mafkees-Dreadmist",0x514,0x0,12970,"Flurry",0x1,BUFF
4/28 18:52:21.822  SPELL_DAMAGE,Player-4755-0220BD00,"Krikoff-Dreadmist",0x40514,0x0,Creature-0-4457-249-1045-10184-000028665C,"Onyxia",0x10a48,0x0,11567,"Heroic Strike",0x1,Creature-0-4457-249-1045-10184-000028665C,0000000000000000,11,100,0,0,0,-1,0,0,0,11.06,-203.68,0,6.0900,63,436,553,-1,1,0,0,0,nil,nil,nil
4/28 18:52:21.822  SPELL_ABSORBED,Creature-0-4457-249-1045-10184-000028665C,"Onyxia",0x10a48,0x0,Player-4755-0220BD00,"Krikoff-Dreadmist",0x40514,0x0,18435,"Flame Breath",0x4,Player-4755-02045EF4,"Necrosini-Dreadmist",0x512,0x0,10901,"Power Word: Shield",0x2,586,3229
4/28 18:52:21.822  SPELL_AURA_REMOVED,Player-4755-02045EF4,"Necrosini-Dreadmist",0x512,0x0,Player-4755-0220BD00,"Krikoff-Dreadmist",0x40514,0x0,10901,"Power Word: Shield",0x2,BUFF
4/28 18:52:21.822  SPELL_DAMAGE,Creature-0-4457-249-1045-10184-000028665C,"Onyxia",0x10a48,0x0,Player-4755-0220BD00,"Krikoff-Dreadmist",0x40514,0x0,18435,"Flame Breath",0x4,Player-4755-0220BD00,0000000000000000,61,100,0,0,0,-1,0,0,0,24.32,-200.82,0,3.3458,68,2320,3229,-1,4,0,0,586,nil,nil,nil
4/28 18:52:21.822  SPELL_DAMAGE,Creature-0-4457-249-1045-10184-000028665C,"Onyxia",0x10a48,0x0,Player-4755-01ED7A64,"Sperzieboon-Dreadmist",0x514,0x0,18435,"Flame Breath",0x4,Player-4755-01ED7A64,0000000000000000,21,100,0,0,0,-1,0,0,0,28.21,-222.64,0,2.1995,67,3083,3083,-1,4,0,0,0,nil,nil,nil
4/28 18:52:21.957  SPELL_CAST_SUCCESS,Player-4755-01E83279,"Nlmasters-Dreadmist",0x514,0x8,Creature-0-4457-249-1045-10184-000028665C,"Onyxia",0x10a48,0x0,75,"Auto Shot",0x1,Player-4755-01E83279,0000000000000000,100,100,0,0,0,-1,0,0,0,4.70,-247.34,0,1.5254,71
4/28 18:52:21.986  SWING_DAMAGE,Pet-0-4457-249-1045-2850-01001956F9,"Kratos",0x1114,0x0,Creature-0-4457-249-1045-10184-000028665C,"Onyxia",0x10a48,0x0,Pet-0-4457-249-1045-2850-01001956F9,Player-4755-0178F576,56,100,0,0,0,-1,0,0,0,12.54,-178.68,0,4.6531,66,60,76,-1,1,0,0,0,nil,nil,nil
4/28 18:52:22.030  RANGE_DAMAGE,Player-4755-0178F576,"Atreas-Dreadmist",0x514,0x0,Creature-0-4457-249-1045-10184-000028665C,"Onyxia",0x10a48,0x0,75,"Auto Shot",0x1,Creature-0-4457-249-1045-10184-000028665C,0000000000000000,11,100,0,0,0,-1,0,0,0,11.06,-203.68,0,6.0900,63,395,500,-1,1,0,0,0,nil,nil,nil
4/28 18:52:22.203  SWING_MISSED,Player-4755-01733879,"Hocwar-Dreadmist",0x40514,0x0,Creature-0-4457-249-1045-10184-000028665C,"Onyxia",0x10a48,0x0,PARRY,nil
4/28 18:52:22.241  SPELL_AURA_REFRESH,Player-4755-0160BD13,"Mafkees-Dreadmist",0x514,0x0,Creature-0-4457-249-1045-10184-000028665C,"Onyxia",0x10a48,0x0,12721,"Deep Wound",0x1,DEBUFF
4/28 18:52:22.241  SPELL_ENERGIZE,Player-4755-01F21AE6,"Blahu-Dreadmist",0x40514,0x0,Player-4755-01F21AE6,"Blahu-Dreadmist",0x40514,0x0,12964,"Unbridled Wrath",0x1,Player-4755-01F21AE6,0000000000000000,100,100,0,0,0,-1,0,0,0,13.85,-208.52,0,2.0960,70,1.0000,0.0000,1,1000
4/28 18:52:22.241  SPELL_AURA_REMOVED_DOSE,Player-4755-0220BD00,"Krikoff-Dreadmist",0x40514,0x0,Player-4755-0220BD00,"Krikoff-Dreadmist",0x40514,0x0,14204,"Enrage",0x1,BUFF,3
4/28 18:52:22.241  SPELL_HEAL,Player-4755-0220BD00,"Krikoff-Dreadmist",0x40514,0x0,Player-4755-0220BD00,"Krikoff-Dreadmist",0x40514,0x0,23891,"Bloodthirst",0x1,Player-4755-0220BD00,0000000000000000,62,100,0,0,0,-1,0,0,0,24.32,-200.82,0,3.3458,68,20,20,0,0,nil
4/28 18:52:22.241  SPELL_AURA_REMOVED,Player-4755-0220BD00,"Krikoff-Dreadmist",0x40514,0x0,Player-4755-0220BD00,"Krikoff-Dreadmist",0x40514,0x0,23888,"Bloodthirst",0x1,BUFF
4/28 18:52:22.241  SPELL_AURA_REMOVED_DOSE,Player-4755-0220BD00,"Krikoff-Dreadmist",0x40514,0x0,Player-4755-0220BD00,"Krikoff-Dreadmist",0x40514,0x0,10610,"Windfury Totem",0x8,BUFF,1
4/28 18:52:22.241  SPELL_AURA_REMOVED_DOSE,Player-4755-0220BD00,"Krikoff-Dreadmist",0x40514,0x0,Player-4755-0220BD00,"Krikoff-Dreadmist",0x40514,0x0,14204,"Enrage",0x1,BUFF,2
4/28 18:52:22.241  SPELL_AURA_REMOVED,Player-4755-0220BD00,"Krikoff-Dreadmist",0x40514,0x0,Player-4755-0220BD00,"Krikoff-Dreadmist",0x40514,0x0,12970,"Flurry",0x1,BUFF
4/28 18:52:22.241  SPELL_ENERGIZE,Player-4755-0220BD00,"Krikoff-Dreadmist",0x40514,0x0,Player-4755-0220BD00,"Krikoff-Dreadmist",0x40514,0x0,29478,"Battlegear of Might",0x1,Player-4755-0220BD00,0000000000000000,62,100,0,0,0,-1,0,0,0,24.32,-200.82,0,3.3458,68,1.0000,0.0000,1,1000
4/28 18:52:22.241  SWING_DAMAGE_LANDED,Pet-0-4457-249-1045-2850-01001956F9,"Kratos",0x1114,0x0,Creature-0-4457-249-1045-10184-000028665C,"Onyxia",0x10a48,0x0,Creature-0-4457-249-1045-10184-000028665C,0000000000000000,11,100,0,0,0,-1,0,0,0,11.06,-203.68,0,6.0900,63,60,76,-1,1,0,0,0,nil,nil,nil
4/28 18:52:22.279  SPELL_CAST_SUCCESS,Player-4755-01FA8DD8,"Roackerita-Dreadmist",0x514,0x0,Player-4755-01617EEE,"Fenix-Dreadmist",0x512,0x0,6078,"Renew",0x2,Player-4755-01FA8DD8,0000000000000000,100,100,0,0,0,-1,0,0,0,17.56,-173.91,0,5.8940,69
4/28 18:52:22.279  SPELL_PERIODIC_DAMAGE,Player-4755-01F21AE6,"Blahu-Dreadmist",0x40514,0x0,Creature-0-4457-249-1045-10184-000028665C,"Onyxia",0x10a48,0x0,11574,"Rend",0x1,Creature-0-4457-249-1045-10184-000028665C,0000000000000000,11,100,0,0,0,-1,0,0,0,11.06,-203.68,0,6.0900,63,19,18,-1,1,0,0,0,nil,nil,nil
4/28 18:52:22.338  SWING_DAMAGE,Player-4755-01A6B139,"Sakatan-Dreadmist",0x514,0x0,Creature-0-4457-249-1045-10184-000028665C,"Onyxia",0x10a48,0x0,Player-4755-01A6B139,0000000000000000,71,100,0,0,0,-1,0,0,0,2.71,-187.55,0,5.3885,69,157,217,-1,1,0,0,0,nil,1,nil
4/28 18:52:22.383  SPELL_HEAL,Player-4755-01617EEE,"Fenix-Dreadmist",0x512,0x0,Player-4755-01617EEE,"Fenix-Dreadmist",0x512,0x0,6064,"Heal",0x2,Player-4755-01617EEE,0000000000000000,100,100,0,0,0,-1,0,0,0,19.14,-173.60,0,2.6581,66,2183,2183,229,0,1
4/28 18:52:22.383  SPELL_CAST_SUCCESS,Player-4755-01617EEE,"Fenix-Dreadmist",0x512,0x0,Player-4755-01617EEE,"Fenix-Dreadmist",0x512,0x0,6064,"Heal",0x2,Player-4755-01617EEE,0000000000000000,100,100,0,0,0,-1,0,0,0,19.14,-173.60,0,2.6581,66
4/28 18:52:22.452  SPELL_CAST_SUCCESS,Player-4755-01F21AE6,"Blahu-Dreadmist",0x40514,0x0,Creature-0-4457-249-1045-10184-000028665C,"Onyxia",0x10a48,0x0,11597,"Sunder Armor",0x1,Player-4755-01F21AE6,0000000000000000,100,100,0,0,0,-1,0,0,0,13.85,-208.52,0,2.0385,70
4/28 18:52:22.452  SPELL_MISSED,Player-4755-01F21AE6,"Blahu-Dreadmist",0x40514,0x0,Creature-0-4457-249-1045-10184-000028665C,"Onyxia",0x10a48,0x0,11597,"Sunder Armor",0x1,PARRY,nil
4/28 18:52:22.485  SPELL_AURA_APPLIED,Player-4755-01637B0A,"Pindle-Dreadmist",0x514,0x0,Player-4755-01637B0A,"Pindle-Dreadmist",0x514,0x0,10610,"Windfury Totem",0x8,BUFF
4/28 18:52:22.485  SPELL_EXTRA_ATTACKS,Player-4755-01637B0A,"Pindle-Dreadmist",0x514,0x0,Player-4755-01637B0A,"Pindle-Dreadmist",0x514,0x0,10610,"Windfury Totem",0x8,1
4/28 18:52:22.485  SWING_DAMAGE,Player-4755-01637B0A,"Pindle-Dreadmist",0x514,0x0,Creature-0-4457-249-1045-10184-000028665C,"Onyxia",0x10a48,0x0,Player-4755-01637B0A,0000000000000000,100,100,0,0,0,-1,0,0,0,7.75,-197.20,0,5.2498,65,330,205,-1,1,0,0,0,1,nil,nil
4/28 18:52:22.485  SWING_DAMAGE,Player-4755-01637B0A,"Pindle-Dreadmist",0x514,0x0,Creature-0-4457-249-1045-10184-000028665C,"Onyxia",0x10a48,0x0,Player-4755-01637B0A,0000000000000000,100,100,0,0,0,-1,0,0,0,7.75,-197.20,0,5.2498,65,158,219,-1,1,0,0,0,nil,1,nil
4/28 18:52:22.518  SPELL_PERIODIC_DAMAGE,Player-4755-01F36B30,"Rectumqeef-Dreadmist",0x514,0x0,Creature-0-4457-249-1045-10184-000028665C,"Onyxia",0x10a48,0x0,11672,"Corruption",0x20,Creature-0-4457-249-1045-10184-000028665C,0000000000000000,11,100,0,0,0,-1,0,0,0,11.06,-203.68,0,6.0900,63,168,203,-1,32,51,0,0,nil,nil,nil
4/28 18:52:22.550  RANGE_DAMAGE,Player-4755-020BD78D,"Lonehunter-Dreadmist",0x514,0x0,Creature-0-4457-249-1045-10184-000028665C,"Onyxia",0x10a48,0x0,75,"Auto Shot",0x1,Creature-0-4457-249-1045-10184-000028665C,0000000000000000,11,100,0,0,0,-1,0,0,0,11.06,-203.68,0,6.0900,63,947,510,-1,1,0,0,0,1,nil,nil
4/28 18:52:22.623  SPELL_AURA_REMOVED,Player-4755-01AC9FD9,"Alexinho-Dreadmist",0x514,0x0,Player-4755-01AC9FD9,"Alexinho-Dreadmist",0x514,0x0,20007,"Holy Strength",0x2,BUFF
4/28 18:52:22.658  SPELL_AURA_APPLIED,Player-4755-01FA8DD8,"Roackerita-Dreadmist",0x514,0x0,Player-4755-01617EEE,"Fenix-Dreadmist",0x512,0x0,6078,"Renew",0x2,BUFF
4/28 18:52:22.658  SWING_DAMAGE_LANDED,Player-4755-01A6B139,"Sakatan-Dreadmist",0x514,0x0,Creature-0-4457-249-1045-10184-000028665C,"Onyxia",0x10a48,0x0,Creature-0-4457-249-1045-10184-000028665C,0000000000000000,11,100,0,0,0,-1,0,0,0,11.06,-203.68,0,6.0900,63,157,217,-1,1,0,0,0,nil,1,nil
4/28 18:52:22.658  SPELL_AURA_APPLIED,Player-4755-01617EEE,"Fenix-Dreadmist",0x512,0x0,Player-4755-01617EEE,"Fenix-Dreadmist",0x512,0x0,15359,"Inspiration",0x2,BUFF
4/28 18:52:22.658  SWING_DAMAGE_LANDED,Player-4755-01637B0A,"Pindle-Dreadmist",0x514,0x0,Creature-0-4457-249-1045-10184-000028665C,"Onyxia",0x10a48,0x0,Creature-0-4457-249-1045-10184-000028665C,0000000000000000,10,100,0,0,0,-1,0,0,0,11.06,-203.68,0,6.0900,63,330,205,-1,1,0,0,0,1,nil,nil
4/28 18:52:22.658  SWING_DAMAGE_LANDED,Player-4755-01637B0A,"Pindle-Dreadmist",0x514,0x0,Creature-0-4457-249-1045-10184-000028665C,"Onyxia",0x10a48,0x0,Creature-0-4457-249-1045-10184-000028665C,0000000000000000,10,100,0,0,0,-1,0,0,0,11.06,-203.68,0,6.0900,63,158,219,-1,1,0,0,0,nil,1,nil
4/28 18:52:22.723  SWING_DAMAGE,Player-4755-01637B0A,"Pindle-Dreadmist",0x514,0x0,Creature-0-4457-249-1045-10184-000028665C,"Onyxia",0x10a48,0x0,Player-4755-01637B0A,0000000000000000,100,100,0,0,0,-1,0,0,0,7.75,-197.20,0,5.2694,65,182,113,-1,1,0,0,0,1,nil,nil
4/28 18:52:22.745  SPELL_AURA_REMOVED,Player-4755-01733879,"Hocwar-Dreadmist",0x40514,0x0,Player-4755-01733879,"Hocwar-Dreadmist",0x40514,0x0,20007,"Holy Strength",0x2,BUFF
4/28 18:52:22.761  SPELL_PERIODIC_ENERGIZE,Player-4755-0220BD00,"Krikoff-Dreadmist",0x40514,0x0,Player-4755-0220BD00,"Krikoff-Dreadmist",0x40514,0x0,29131,"Bloodrage",0x1,Player-4755-0220BD00,0000000000000000,62,100,0,0,0,-1,0,0,0,24.32,-200.82,0,3.3458,68,1.0000,0.0000,1,1000
4/28 18:52:22.776  SPELL_PERIODIC_ENERGIZE,Player-4755-01802FE5,"Angrybat-Dreadmist",0x514,0x0,Player-4755-01802FE5,"Angrybat-Dreadmist",0x514,0x0,18194,"Mana Regeneration",0x1,Player-4755-01802FE5,0000000000000000,46,100,0,0,0,-1,0,0,0,-0.53,-185.02,0,3.5465,66,8.0000,0.0000,0,6033
4/28 18:52:22.792  SWING_DAMAGE,Player-4755-0160BD13,"Mafkees-Dreadmist",0x514,0x0,Creature-0-4457-249-1045-10184-000028665C,"Onyxia",0x10a48,0x0,Player-4755-0160BD13,0000000000000000,93,100,0,0,0,-1,0,0,0,6.02,-212.98,0,1.4043,64,865,549,-1,1,0,0,0,1,nil,nil
4/28 18:52:22.807  SPELL_PERIODIC_HEAL,Player-4755-016296D3,"Nivl-Dreadmist",0x514,0x0,Player-4755-01802FE5,"Angrybat-Dreadmist",0x514,0x0,18610,"First Aid",0x1,Player-4755-01802FE5,0000000000000000,53,100,0,0,0,-1,0,0,0,-0.40,-184.96,0,3.5465,66,250,250,0,0,nil
4/28 18:52:22.838  SWING_MISSED,Player-4755-01AC9FD9,"Alexinho-Dreadmist",0x514,0x0,Creature-0-4457-249-1045-10184-000028665C,"Onyxia",0x10a48,0x0,MISS,1
4/28 18:52:22.838  SWING_MISSED,Player-4755-0220BD00,"Krikoff-Dreadmist",0x40514,0x0,Creature-0-4457-249-1045-10184-000028665C,"Onyxia",0x10a48,0x0,PARRY,1
4/28 18:52:22.866  SWING_DAMAGE,Creature-0-4457-249-1045-10184-000028665C,"Onyxia",0x10a48,0x0,Player-4755-0220BD00,"Krikoff-Dreadmist",0x40514,0x0,Creature-0-4457-249-1045-10184-000028665C,0000000000000000,10,100,0,0,0,-1,0,0,0,11.06,-203.68,0,6.0900,63,613,1574,-1,1,0,0,0,nil,nil,nil
4/28 18:52:22.915  SPELL_DAMAGE,Player-4755-0178F576,"Atreas-Dreadmist",0x514,0x0,Creature-0-4457-249-1045-10184-000028665C,"Onyxia",0x10a48,0x0,14290,"Multi-Shot",0x1,Creature-0-4457-249-1045-10184-000028665C,0000000000000000,10,100,0,0,0,-1,0,0,0,11.06,-203.68,0,6.0900,63,653,829,-1,1,0,0,0,nil,nil,nil
4/28 18:52:22.915  SPELL_PERIODIC_HEAL,Player-4755-02045EF4,"Necrosini-Dreadmist",0x512,0x0,Player-4755-0220BD00,"Krikoff-Dreadmist",0x40514,0x0,10929,"Renew",0x2,Player-4755-0220BD00,0000000000000000,66,100,0,0,0,-1,0,0,0,24.32,-200.82,0,3.3458,68,253,253,0,0,nil
4/28 18:52:22.930  SWING_DAMAGE,Player-4755-01A6B139,"Sakatan-Dreadmist",0x514,0x0,Creature-0-4457-249-1045-10184-000028665C,"Onyxia",0x10a48,0x0,Player-4755-01A6B139,0000000000000000,71,100,0,0,0,-1,0,0,0,3.10,-188.04,0,5.3885,69,100,127,-1,1,0,0,0,nil,nil,nil
4/28 18:52:22.952  SPELL_PERIODIC_HEAL,Player-4755-0210153A,"Hapuseneb-Dreadmist",0x514,0x0,Player-4755-0210153A,"Hapuseneb-Dreadmist",0x514,0x0,10929,"Renew",0x2,Player-4755-0210153A,0000000000000000,64,100,0,0,0,-1,0,0,0,6.76,-231.12,0,1.3430,66,292,292,0,0,nil
4/28 18:52:22.967  SPELL_CAST_SUCCESS,Player-4755-0163DD9D,"Kaspais-Dreadmist",0x514,0x0,Creature-0-4457-249-1045-10184-000028665C,"Onyxia",0x10a48,0x0,10181,"Frostbolt",0x10,Player-4755-0163DD9D,0000000000000000,52,100,0,0,0,-1,0,0,0,13.30,-175.81,0,4.8915,66
4/28 18:52:22.967  SPELL_AURA_REMOVED,Player-4755-0163DD9D,"Kaspais-Dreadmist",0x514,0x0,Player-4755-0163DD9D,"Kaspais-Dreadmist",0x514,0x0,12536,"Clearcasting",0x40,BUFF
4/28 18:52:22.967  SPELL_CAST_START,Player-4755-0163DD9D,"Kaspais-Dreadmist",0x514,0x0,0000000000000000,nil,0x80000000,0x80000000,10181,"Frostbolt",0x10
4/28 18:52:22.986  SPELL_AURA_REMOVED,Player-4755-0220BD00,"Krikoff-Dreadmist",0x40514,0x0,Player-4755-0220BD00,"Krikoff-Dreadmist",0x40514,0x0,10610,"Windfury Totem",0x8,BUFF
4/28 18:52:22.986  SWING_DAMAGE,Pet-0-4457-249-1045-2850-01001956F9,"Kratos",0x1114,0x0,Creature-0-4457-249-1045-10184-000028665C,"Onyxia",0x10a48,0x0,Pet-0-4457-249-1045-2850-01001956F9,Player-4755-0178F576,56,100,0,0,0,-1,0,0,0,12.54,-178.68,0,4.6531,66,65,82,-1,1,0,0,0,nil,nil,nil
4/28 18:52:23.017  SPELL_PERIODIC_ENERGIZE,Creature-0-4457-249-1045-7416-0000286D2B,"Mana Spring Totem IV",0x2114,0x0,Player-4755-01840577,"Raggèn-Dreadmist",0x514,0x0,10494,"Mana Spring",0x8,Player-4755-01840577,0000000000000000,91,100,0,0,0,-1,0,0,0,9.09,-194.46,0,5.0004,67,10.0000,0.0000,0,3790
4/28 18:52:23.032  SPELL_CAST_SUCCESS,Pet-0-4457-249-1045-2850-01001956F9,"Kratos",0x1114,0x0,Creature-0-4457-249-1045-10184-000028665C,"Onyxia",0x10a48,0x0,3009,"Claw",0x1,Pet-0-4457-249-1045-2850-01001956F9,Player-4755-0178F576,56,100,0,0,0,-1,0,0,0,12.54,-178.68,0,4.6531,66
4/28 18:52:23.032  SPELL_MISSED,Pet-0-4457-249-1045-2850-01001956F9,"Kratos",0x1114,0x0,Creature-0-4457-249-1045-10184-000028665C,"Onyxia",0x10a48,0x0,3009,"Claw",0x1,MISS,nil
4/28 18:52:23.053  SPELL_AURA_REMOVED_DOSE,Player-4755-01637B0A,"Pindle-Dreadmist",0x514,0x0,Player-4755-01637B0A,"Pindle-Dreadmist",0x514,0x0,10610,"Windfury Totem",0x8,BUFF,1
4/28 18:52:23.054  SPELL_AURA_REMOVED,Player-4755-01637B0A,"Pindle-Dreadmist",0x514,0x0,Player-4755-01637B0A,"Pindle-Dreadmist",0x514,0x0,10610,"Windfury Totem",0x8,BUFF
4/28 18:52:23.054  SWING_DAMAGE_LANDED,Player-4755-01637B0A,"Pindle-Dreadmist",0x514,0x0,Creature-0-4457-249-1045-10184-000028665C,"Onyxia",0x10a48,0x0,Creature-0-4457-249-1045-10184-000028665C,0000000000000000,10,100,0,0,0,-1,0,0,0,11.06,-203.68,0,6.0900,63,182,113,-1,1,0,0,0,1,nil,nil
4/28 18:52:23.054  SWING_DAMAGE_LANDED,Player-4755-0160BD13,"Mafkees-Dreadmist",0x514,0x0,Creature-0-4457-249-1045-10184-000028665C,"Onyxia",0x10a48,0x0,Creature-0-4457-249-1045-10184-000028665C,0000000000000000,10,100,0,0,0,-1,0,0,0,11.06,-203.68,0,6.0900,63,865,549,-1,1,0,0,0,1,nil,nil
4/28 18:52:23.054  SWING_DAMAGE_LANDED,Creature-0-4457-249-1045-10184-000028665C,"Onyxia",0x10a48,0x0,Player-4755-0220BD00,"Krikoff-Dreadmist",0x40514,0x0,Player-4755-0220BD00,0000000000000000,56,100,0,0,0,-1,0,0,0,24.32,-200.82,0,3.3458,68,613,1574,-1,1,0,0,0,nil,nil,nil
4/28 18:52:23.054  SWING_DAMAGE_LANDED,Player-4755-01A6B139,"Sakatan-Dreadmist",0x514,0x0,Creature-0-4457-249-1045-10184-000028665C,"Onyxia",0x10a48,0x0,Creature-0-4457-249-1045-10184-000028665C,0000000000000000,10,100,0,0,0,-1,0,0,0,11.06,-203.68,0,6.0900,63,100,127,-1,1,0,0,0,nil,nil,nil
4/28 18:52:23.054  SWING_DAMAGE_LANDED,Pet-0-4457-249-1045-2850-01001956F9,"Kratos",0x1114,0x0,Creature-0-4457-249-1045-10184-000028665C,"Onyxia",0x10a48,0x0,Creature-0-4457-249-1045-10184-000028665C,0000000000000000,10,100,0,0,0,-1,0,0,0,11.06,-203.68,0,6.0900,63,65,82,-1,1,0,0,0,nil,nil,nil
4/28 18:52:23.054  SPELL_CAST_SUCCESS,Player-4755-01F21AE6,"Blahu-Dreadmist",0x40514,0x0,Creature-0-4457-249-1045-10184-000028665C,"Onyxia",0x10a48,0x0,11567,"Heroic Strike",0x1,Player-4755-01F21AE6,0000000000000000,100,100,0,0,0,-1,0,0,0,12.56,-209.13,0,2.0227,70
4/28 18:52:23.054  SPELL_MISSED,Player-4755-01F21AE6,"Blahu-Dreadmist",0x40514,0x0,Creature-0-4457-249-1045-10184-000028665C,"Onyxia",0x10a48,0x0,11567,"Heroic Strike",0x1,PARRY,nil
4/28 18:52:23.069  RANGE_DAMAGE,Player-4755-01E83279,"Nlmasters-Dreadmist",0x514,0x8,Creature-0-4457-249-1045-10184-000028665C,"Onyxia",0x10a48,0x0,75,"Auto Shot",0x1,Creature-0-4457-249-1045-10184-000028665C,0000000000000000,10,100,0,0,0,-1,0,0,0,11.06,-203.68,0,6.0900,63,367,466,-1,1,0,0,0,nil,nil,nil
4/28 18:52:23.069  SWING_DAMAGE,Player-4755-01F21AE6,"Blahu-Dreadmist",0x40514,0x0,Creature-0-4457-249-1045-10184-000028665C,"Onyxia",0x10a48,0x0,Player-4755-01F21AE6,0000000000000000,100,100,0,0,0,-1,0,0,0,12.56,-209.13,0,2.0227,70,75,114,-1,1,0,0,0,nil,1,nil
4/28 18:52:23.160  SPELL_CAST_START,Player-4755-01BC57A3,"Saintis-Dreadmist",0x511,0x0,0000000000000000,nil,0x80000000,0x80000000,10917,"Flash Heal",0x2
4/28 18:52:23.177  SWING_DAMAGE,Player-4755-0178F416,"Eltorero-Dreadmist",0x514,0x0,Creature-0-4457-249-1045-10184-000028665C,"Onyxia",0x10a48,0x0,Player-4755-0178F416,0000000000000000,64,100,0,0,0,-1,0,0,0,9.15,-217.37,0,1.4644,67,1383,877,-1,1,0,0,0,1,nil,nil
4/28 18:52:23.235  SWING_DAMAGE,Player-4755-01733879,"Hocwar-Dreadmist",0x40514,0x0,Creature-0-4457-249-1045-10184-000028665C,"Onyxia",0x10a48,0x0,Player-4755-01733879,0000000000000000,98,100,0,0,0,-1,0,0,0,10.53,-193.76,0,5.0393,71,47,117,-1,1,0,46,0,nil,nil,nil
4/28 18:52:23.265  SPELL_CAST_START,Player-4755-0178F576,"Atreas-Dreadmist",0x514,0x0,0000000000000000,nil,0x80000000,0x80000000,75,"Auto Shot",0x1
4/28 18:52:23.449  SPELL_AURA_REMOVED_DOSE,Player-4755-0160BD13,"Mafkees-Dreadmist",0x514,0x0,Player-4755-0160BD13,"Mafkees-Dreadmist",0x514,0x0,12970,"Flurry",0x1,BUFF,2
4/28 18:52:23.449  SPELL_AURA_APPLIED_DOSE,Player-4755-0160BD13,"Mafkees-Dreadmist",0x514,0x0,Player-4755-0160BD13,"Mafkees-Dreadmist",0x514,0x0,12970,"Flurry",0x1,BUFF,3
4/28 18:52:23.449  SPELL_AURA_REMOVED_DOSE,Player-4755-0220BD00,"Krikoff-Dreadmist",0x40514,0x0,Player-4755-0220BD00,"Krikoff-Dreadmist",0x40514,0x0,14204,"Enrage",0x1,BUFF,1
4/28 18:52:23.449  DAMAGE_SHIELD_MISSED,Player-4755-0220BD00,"Krikoff-Dreadmist",0x40514,0x0,Creature-0-4457-249-1045-10184-000028665C,"Onyxia",0x10a48,0x0,11771,"Fire Shield",0x4,IMMUNE,nil
4/28 18:52:23.449  SPELL_ENERGIZE,Player-4755-0220BD00,"Krikoff-Dreadmist",0x40514,0x0,Player-4755-0220BD00,"Krikoff-Dreadmist",0x40514,0x0,29478,"Battlegear of Might",0x1,Player-4755-0220BD00,0000000000000000,56,100,0,0,0,-1,0,0,0,24.32,-200.82,0,3.3458,68,0.0000,1.0000,1,1000
4/28 18:52:23.449  SWING_DAMAGE_LANDED,Player-4755-01F21AE6,"Blahu-Dreadmist",0x40514,0x0,Creature-0-4457-249-1045-10184-000028665C,"Onyxia",0x10a48,0x0,Creature-0-4457-249-1045-10184-000028665C,0000000000000000,10,100,0,0,0,-1,0,0,0,11.06,-203.68,0,6.0900,63,75,114,-1,1,0,0,0,nil,1,nil
4/28 18:52:23.449  SWING_DAMAGE_LANDED,Player-4755-0178F416,"Eltorero-Dreadmist",0x514,0x0,Creature-0-4457-249-1045-10184-000028665C,"Onyxia",0x10a48,0x0,Creature-0-4457-249-1045-10184-000028665C,0000000000000000,10,100,0,0,0,-1,0,0,0,11.06,-203.68,0,6.0900,63,1383,877,-1,1,0,0,0,1,nil,nil
4/28 18:52:23.449  SWING_DAMAGE_LANDED,Player-4755-01733879,"Hocwar-Dreadmist",0x40514,0x0,Creature-0-4457-249-1045-10184-000028665C,"Onyxia",0x10a48,0x0,Creature-0-4457-249-1045-10184-000028665C,0000000000000000,10,100,0,0,0,-1,0,0,0,11.06,-203.68,0,6.0900,63,47,117,-1,1,0,0,0,nil,nil,nil
4/28 18:52:23.485  SPELL_CAST_SUCCESS,Player-4755-01804B95,"Moymoy-Dreadmist",0x514,0x0,Player-4755-01802FE5,"Angrybat-Dreadmist",0x514,0x0,1064,"Chain Heal",0x8,Player-4755-01804B95,0000000000000000,100,100,0,0,0,-1,0,0,0,14.29,-177.73,0,4.7722,66
4/28 18:52:23.485  SPELL_CAST_START,Player-4755-01804B95,"Moymoy-Dreadmist",0x514,0x0,0000000000000000,nil,0x80000000,0x80000000,939,"Healing Wave",0x8
4/28 18:52:23.534  SPELL_AURA_APPLIED,Player-4755-01AC9FD9,"Alexinho-Dreadmist",0x514,0x0,Player-4755-01AC9FD9,"Alexinho-Dreadmist",0x514,0x0,10610,"Windfury Totem",0x8,BUFF
4/28 18:52:23.534  SPELL_EXTRA_ATTACKS,Player-4755-01AC9FD9,"Alexinho-Dreadmist",0x514,0x0,Player-4755-01AC9FD9,"Alexinho-Dreadmist",0x514,0x0,10610,"Windfury Totem",0x8,1
4/28 18:52:23.534  SWING_DAMAGE,Player-4755-01AC9FD9,"Alexinho-Dreadmist",0x514,0x0,Creature-0-4457-249-1045-10184-000028665C,"Onyxia",0x10a48,0x0,Player-4755-01AC9FD9,0000000000000000,62,100,0,0,0,-1,0,0,0,10.92,-195.42,0,4.7193,66,257,370,-1,1,0,0,0,nil,1,nil
4/28 18:52:23.534  SWING_DAMAGE,Player-4755-01AC9FD9,"Alexinho-Dreadmist",0x514,0x0,Creature-0-4457-249-1045-10184-000028665C,"Onyxia",0x10a48,0x0,Player-4755-01AC9FD9,0000000000000000,62,100,0,0,0,-1,0,0,0,10.92,-195.42,0,4.7193,66,285,422,-1,1,0,0,0,nil,1,nil
4/28 18:52:23.534  SPELL_CAST_SUCCESS,Player-4755-01F36B30,"Rectumqeef-Dreadmist",0x514,0x0,Creature-0-4457-249-1045-10184-000028665C,"Onyxia",0x10a48,0x0,11661,"Shadow Bolt",0x20,Player-4755-01F36B30,0000000000000000,100,100,0,0,0,-1,0,0,0,11.24,-173.92,0,4.7049,66
4/28 18:52:23.534  SPELL_CAST_START,Player-4755-01F36B30,"Rectumqeef-Dreadmist",0x514,0x0,0000000000000000,nil,0x80000000,0x80000000,11661,"Shadow Bolt",0x20
4/28 18:52:23.534  SPELL_PERIODIC_DAMAGE,Player-4755-01614AC7,"Mirrimazduur-Dreadmist",0x512,0x0,Creature-0-4457-249-1045-10184-000028665C,"Onyxia",0x10a48,0x0,11672,"Corruption",0x20,Creature-0-4457-249-1045-10184-000028665C,0000000000000000,10,100,0,0,0,-1,0,0,0,11.06,-203.68,0,6.0900,63,208,188,-1,32,0,0,0,nil,nil,nil
4/28 18:52:23.568  SPELL_CAST_SUCCESS,Player-4755-0160BD13,"Mafkees-Dreadmist",0x514,0x0,0000000000000000,nil,0x80000000,0x80000000,20572,"Blood Fury",0x1,Player-4755-0160BD13,0000000000000000,93,100,0,0,0,-1,0,0,0,9.39,-212.21,0,1.5182,64
4/28 18:52:23.634  SPELL_CAST_START,Player-4755-0210153A,"Hapuseneb-Dreadmist",0x514,0x0,0000000000000000,nil,0x80000000,0x80000000,10917,"Flash Heal",0x2
4/28 18:52:23.652  SPELL_CAST_SUCCESS,Player-4755-015FEBD5,"Sauvage-Dreadmist",0x514,0x0,Creature-0-4457-249-1045-10184-000028665C,"Onyxia",0x10a48,0x0,10181,"Frostbolt",0x10,Player-4755-015FEBD5,0000000000000000,60,100,0,0,0,-1,0,0,0,4.67,-239.20,0,1.2503,64
4/28 18:52:23.652  SPELL_AURA_REMOVED,Player-4755-015FEBD5,"Sauvage-Dreadmist",0x514,0x0,Player-4755-015FEBD5,"Sauvage-Dreadmist",0x514,0x0,12536,"Clearcasting",0x40,BUFF
4/28 18:52:23.670  SPELL_CAST_START,Player-4755-015FEBD5,"Sauvage-Dreadmist",0x514,0x0,0000000000000000,nil,0x80000000,0x80000000,10181,"Frostbolt",0x10
4/28 18:52:23.670  SPELL_CAST_SUCCESS,Player-4755-01A6B139,"Sakatan-Dreadmist",0x514,0x0,Creature-0-4457-249-1045-10184-000028665C,"Onyxia",0x10a48,0x0,11281,"Backstab",0x1,Player-4755-01A6B139,0000000000000000,71,100,0,0,0,-1,0,0,0,1.39,-189.59,0,5.5299,69
4/28 18:52:23.702  SPELL_CAST_SUCCESS,Player-4755-0178F576,"Atreas-Dreadmist",0x514,0x0,Creature-0-4457-249-1045-10184-000028665C,"Onyxia",0x10a48,0x0,75,"Auto Shot",0x1,Player-4755-0178F576,0000000000000000,100,100,0,0,0,-1,0,0,0,0.87,-171.31,0,4.9918,66
4/28 18:52:23.772  SWING_DAMAGE,Player-4755-01A6B139,"Sakatan-Dreadmist",0x514,0x0,Creature-0-4457-249-1045-10184-000028665C,"Onyxia",0x10a48,0x0,Player-4755-01A6B139,0000000000000000,71,100,0,0,0,-1,0,0,0,1.39,-189.59,0,5.5299,69,144,184,-1,1,0,0,0,nil,1,nil
4/28 18:52:23.804  SPELL_AURA_APPLIED,Player-4755-01840577,"Raggèn-Dreadmist",0x514,0x0,Player-4755-01840577,"Raggèn-Dreadmist",0x514,0x0,20007,"Holy Strength",0x2,BUFF
4/28 18:52:23.804  SPELL_HEAL,Player-4755-01840577,"Raggèn-Dreadmist",0x514,0x0,Player-4755-01840577,"Raggèn-Dreadmist",0x514,0x0,20007,"Holy Strength",0x2,Player-4755-01840577,0000000000000000,94,100,0,0,0,-1,0,0,0,9.09,-194.46,0,5.0004,67,116,116,0,0,nil
4/28 18:52:23.804  SWING_DAMAGE,Player-4755-01840577,"Raggèn-Dreadmist",0x514,0x0,Creature-0-4457-249-1045-10184-000028665C,"Onyxia",0x10a48,0x0,Player-4755-01840577,0000000000000000,94,100,0,0,0,-1,0,0,0,9.09,-194.46,0,5.0004,67,266,413,-1,1,0,0,0,nil,1,nil
4/28 18:52:23.804  SWING_DAMAGE,Player-4755-01637B0A,"Pindle-Dreadmist",0x514,0x0,Creature-0-4457-249-1045-10184-000028665C,"Onyxia",0x10a48,0x0,Player-4755-01637B0A,0000000000000000,100,100,0,0,0,-1,0,0,0,7.75,-197.20,0,5.3126,65,79,107,-1,1,0,0,0,nil,1,nil
4/28 18:52:23.804  SPELL_PERIODIC_HEAL,Player-4755-016296D3,"Nivl-Dreadmist",0x514,0x0,Player-4755-01802FE5,"Angrybat-Dreadmist",0x514,0x0,18610,"First Aid",0x1,Player-4755-01802FE5,0000000000000000,61,100,0,0,0,-1,0,0,0,2.76,-183.63,0,3.5465,66,250,250,0,0,nil
4/28 18:52:23.859  SPELL_AURA_REFRESH,Player-4755-0160BD13,"Mafkees-Dreadmist",0x514,0x0,Creature-0-4457-249-1045-10184-000028665C,"Onyxia",0x10a48,0x0,12721,"Deep Wound",0x1,DEBUFF
4/28 18:52:23.859  SPELL_ENERGIZE,Player-4755-0160BD13,"Mafkees-Dreadmist",0x514,0x0,Player-4755-0160BD13,"Mafkees-Dreadmist",0x514,0x0,12964,"Unbridled Wrath",0x1,Player-4755-0160BD13,0000000000000000,93,100,0,0,0,-1,0,0,0,8.34,-212.16,0,1.5260,64,1.0000,0.0000,1,1000
4/28 18:52:23.859  SPELL_EXTRA_ATTACKS,Player-4755-0178F416,"Eltorero-Dreadmist",0x514,0x0,Player-4755-0178F416,"Eltorero-Dreadmist",0x514,0x0,15601,"Hand of Justice",0x1,1
4/28 18:52:23.859  SPELL_AURA_APPLIED_DOSE,Player-4755-0178F416,"Eltorero-Dreadmist",0x514,0x0,Player-4755-0178F416,"Eltorero-Dreadmist",0x514,0x0,12970,"Flurry",0x1,BUFF,3
4/28 18:52:23.859  SPELL_HEAL,Player-4755-01804B95,"Moymoy-Dreadmist",0x514,0x0,Player-4755-0163DD9D,"Kaspais-Dreadmist",0x514,0x0,1064,"Chain Heal",0x8,Player-4755-0163DD9D,0000000000000000,57,100,0,0,0,-1,0,0,0,13.30,-175.81,0,4.7737,66,186,186,0,0,nil
4/28 18:52:23.859  SPELL_HEAL,Player-4755-01804B95,"Moymoy-Dreadmist",0x514,0x0,Player-4755-02045EF4,"Necrosini-Dreadmist",0x512,0x0,1064,"Chain Heal",0x8,Player-4755-02045EF4,0000000000000000,81,100,0,0,0,-1,0,0,0,10.71,-186.86,0,4.6916,69,560,560,0,0,1
4/28 18:52:23.859  SPELL_HEAL,Player-4755-01804B95,"Moymoy-Dreadmist",0x514,0x0,Player-4755-01802FE5,"Angrybat-Dreadmist",0x514,0x0,1064,"Chain Heal",0x8,Player-4755-01802FE5,0000000000000000,83,100,0,0,0,-1,0,0,0,2.98,-183.72,0,3.5465,66,738,738,0,0,nil
4/28 18:52:23.859  SWING_DAMAGE_LANDED,Player-4755-01AC9FD9,"Alexinho-Dreadmist",0x514,0x0,Creature-0-4457-249-1045-10184-000028665C,"Onyxia",0x10a48,0x0,Creature-0-4457-249-1045-10184-000028665C,0000000000000000,10,100,0,0,0,-1,0,0,0,11.06,-203.68,0,6.0900,63,257,370,-1,1,0,0,0,nil,1,nil
4/28 18:52:23.859  SWING_DAMAGE_LANDED,Player-4755-01AC9FD9,"Alexinho-Dreadmist",0x514,0x0,Creature-0-4457-249-1045-10184-000028665C,"Onyxia",0x10a48,0x0,Creature-0-4457-249-1045-10184-000028665C,0000000000000000,10,100,0,0,0,-1,0,0,0,11.06,-203.68,0,6.0900,63,285,422,-1,1,0,0,0,nil,1,nil
4/28 18:52:23.859  SPELL_DAMAGE,Player-4755-01A6B139,"Sakatan-Dreadmist",0x514,0x0,Creature-0-4457-249-1045-10184-000028665C,"Onyxia",0x10a48,0x0,11281,"Backstab",0x1,Creature-0-4457-249-1045-10184-000028665C,0000000000000000,10,100,0,0,0,-1,0,0,0,11.06,-203.68,0,6.0900,63,510,647,-1,1,0,0,0,nil,nil,nil
4/28 18:52:23.859  SWING_DAMAGE_LANDED,Player-4755-01A6B139,"Sakatan-Dreadmist",0x514,0x0,Creature-0-4457-249-1045-10184-000028665C,"Onyxia",0x10a48,0x0,Creature-0-4457-249-1045-10184-000028665C,0000000000000000,10,100,0,0,0,-1,0,0,0,11.06,-203.68,0,6.0900,63,144,184,-1,1,0,0,0,nil,1,nil
4/28 18:52:23.859  SWING_DAMAGE_LANDED,Player-4755-01840577,"Raggèn-Dreadmist",0x514,0x0,Creature-0-4457-249-1045-10184-000028665C,"Onyxia",0x10a48,0x0,Creature-0-4457-249-1045-10184-000028665C,0000000000000000,10,100,0,0,0,-1,0,0,0,11.06,-203.68,0,6.0900,63,266,413,-1,1,0,0,0,nil,1,nil
4/28 18:52:23.859  SWING_DAMAGE_LANDED,Player-4755-01637B0A,"Pindle-Dreadmist",0x514,0x0,Creature-0-4457-249-1045-10184-000028665C,"Onyxia",0x10a48,0x0,Creature-0-4457-249-1045-10184-000028665C,0000000000000000,10,100,0,0,0,-1,0,0,0,11.06,-203.68,0,6.0900,63,79,107,-1,1,0,0,0,nil,1,nil
4/28 18:52:23.859  SPELL_AURA_APPLIED,Pet-0-4457-249-1045-416-01001C47E2,"Ababis",0x1114,0x0,Player-4755-0220BD00,"Krikoff-Dreadmist",0x40514,0x0,11767,"Blood Pact",0x20,BUFF
4/28 18:52:23.859  SWING_DAMAGE,Player-4755-0178F416,"Eltorero-Dreadmist",0x514,0x0,Creature-0-4457-249-1045-10184-000028665C,"Onyxia",0x10a48,0x0,Player-4755-0178F416,0000000000000000,64,100,0,0,0,-1,0,0,0,9.15,-217.37,0,1.4644,67,395,813,-1,1,0,0,0,nil,1,nil
4/28 18:52:23.883  SWING_DAMAGE,Player-4755-01637B0A,"Pindle-Dreadmist",0x514,0x0,Creature-0-4457-249-1045-10184-000028665C,"Onyxia",0x10a48,0x0,Player-4755-01637B0A,0000000000000000,100,100,0,0,0,-1,0,0,0,7.75,-197.20,0,5.3126,65,120,161,-1,1,0,0,0,nil,1,nil
4/28 18:52:23.944  SPELL_CAST_SUCCESS,Player-4755-01614AC7,"Mirrimazduur-Dreadmist",0x512,0x0,Creature-0-4457-249-1045-10184-000028665C,"Onyxia",0x10a48,0x0,11661,"Shadow Bolt",0x20,Player-4755-01614AC7,0000000000000000,68,100,0,0,0,-1,0,0,0,7.55,-171.61,0,4.6247,68
4/28 18:52:23.944  SPELL_CAST_START,Player-4755-01614AC7,"Mirrimazduur-Dreadmist",0x512,0x0,0000000000000000,nil,0x80000000,0x80000000,11661,"Shadow Bolt",0x20
4/28 18:52:23.944  SPELL_MISSED,Player-4755-0163DD9D,"Kaspais-Dreadmist",0x514,0x0,Creature-0-4457-249-1045-10184-000028665C,"Onyxia",0x10a48,0x0,10181,"Frostbolt",0x10,RESIST,nil,0
4/28 18:52:23.969  SPELL_CAST_SUCCESS,Player-4755-0220BD00,"Krikoff-Dreadmist",0x40514,0x0,Creature-0-4457-249-1045-10184-000028665C,"Onyxia",0x10a48,0x0,11567,"Heroic Strike",0x1,Player-4755-0220BD00,0000000000000000,52,100,0,0,0,-1,0,0,0,24.32,-200.82,0,3.3458,68
4/28 18:52:23.988  SWING_DAMAGE,Pet-0-4457-249-1045-2850-01001956F9,"Kratos",0x1114,0x0,Creature-0-4457-249-1045-10184-000028665C,"Onyxia",0x10a48,0x0,Pet-0-4457-249-1045-2850-01001956F9,Player-4755-0178F576,56,100,0,0,0,-1,0,0,0,12.54,-178.68,0,4.6531,66,38,75,-1,1,0,0,0,nil,1,nil
4/28 18:52:24.007  SWING_MISSED,Player-4755-01733879,"Hocwar-Dreadmist",0x40514,0x0,Creature-0-4457-249-1045-10184-000028665C,"Onyxia",0x10a48,0x0,PARRY,nil
4/28 18:52:24.023  SPELL_CAST_FAILED,Player-4755-01BC57A3,"Saintis-Dreadmist",0x511,0x0,0000000000000000,nil,0x80000000,0x80000000,10917,"Flash Heal",0x2,"Interrupted"
4/28 18:52:24.043  SPELL_CAST_START,Player-4755-01E83279,"Nlmasters-Dreadmist",0x514,0x8,0000000000000000,nil,0x80000000,0x80000000,75,"Auto Shot",0x1
4/28 18:52:24.077  SPELL_CAST_SUCCESS,Creature-0-4457-249-1045-10184-000028665C,"Onyxia",0x10a48,0x0,Player-4755-0220BD00,"Krikoff-Dreadmist",0x40514,0x0,19983,"Cleave",0x1,Creature-0-4457-249-1045-10184-000028665C,0000000000000000,10,100,0,0,0,-1,0,0,0,11.06,-203.68,0,6.0900,63
4/28 18:52:24.077  SPELL_MISSED,Creature-0-4457-249-1045-10184-000028665C,"Onyxia",0x10a48,0x0,Player-4755-0220BD00,"Krikoff-Dreadmist",0x40514,0x0,19983,"Cleave",0x1,PARRY,nil
4/28 18:52:24.098  SPELL_PERIODIC_ENERGIZE,Player-4755-01BC57A3,"Saintis-Dreadmist",0x511,0x0,Player-4755-01BC57A3,"Saintis-Dreadmist",0x511,0x0,18194,"Mana Regeneration",0x1,Player-4755-01BC57A3,0000000000000000,100,100,0,0,0,-1,0,0,0,18.94,-218.68,0,1.9756,68,8.0000,0.0000,0,7212
4/28 18:52:24.198  SPELL_CAST_START,Player-4755-0178F576,"Atreas-Dreadmist",0x514,0x0,0000000000000000,nil,0x80000000,0x80000000,20904,"Aimed Shot",0x1
4/28 18:52:24.267  SPELL_AURA_REFRESH,Player-4755-0178F416,"Eltorero-Dreadmist",0x514,0x0,Creature-0-4457-249-1045-10184-000028665C,"Onyxia",0x10a48,0x0,12721,"Deep Wound",0x1,DEBUFF
4/28 18:52:24.267  SPELL_AURA_REMOVED_DOSE,Player-4755-01AC9FD9,"Alexinho-Dreadmist",0x514,0x0,Player-4755-01AC9FD9,"Alexinho-Dreadmist",0x514,0x0,10610,"Windfury Totem",0x8,BUFF,1
4/28 18:52:24.267  SPELL_AURA_REMOVED,Player-4755-01AC9FD9,"Alexinho-Dreadmist",0x514,0x0,Player-4755-01AC9FD9,"Alexinho-Dreadmist",0x514,0x0,10610,"Windfury Totem",0x8,BUFF
4/28 18:52:24.267  SWING_DAMAGE_LANDED,Player-4755-0178F416,"Eltorero-Dreadmist",0x514,0x0,Creature-0-4457-249-1045-10184-000028665C,"Onyxia",0x10a48,0x0,Creature-0-4457-249-1045-10184-000028665C,0000000000000000,10,100,0,0,0,-1,0,0,0,11.06,-203.68,0,6.0900,63,395,813,-1,1,0,0,0,nil,1,nil
4/28 18:52:24.267  SWING_DAMAGE_LANDED,Player-4755-01637B0A,"Pindle-Dreadmist",0x514,0x0,Creature-0-4457-249-1045-10184-000028665C,"Onyxia",0x10a48,0x0,Creature-0-4457-249-1045-10184-000028665C,0000000000000000,10,100,0,0,0,-1,0,0,0,11.06,-203.68,0,6.0900,63,120,161,-1,1,0,0,0,nil,1,nil
4/28 18:52:24.267  SPELL_DAMAGE,Player-4755-0178F416,"Eltorero-Dreadmist",0x514,0x0,Creature-0-4457-249-1045-10184-000028665C,"Onyxia",0x10a48,0x0,20647,"Execute",0x1,Creature-0-4457-249-1045-10184-000028665C,0000000000000000,10,100,0,0,0,-1,0,0,0,11.06,-203.68,0,6.0900,63,1886,2393,-1,1,0,0,0,nil,nil,nil
4/28 18:52:24.267  SPELL_DAMAGE,Player-4755-0220BD00,"Krikoff-Dreadmist",0x40514,0x0,Creature-0-4457-249-1045-10184-000028665C,"Onyxia",0x10a48,0x0,11567,"Heroic Strike",0x1,Creature-0-4457-249-1045-10184-000028665C,0000000000000000,10,100,0,0,0,-1,0,0,0,11.06,-203.68,0,6.0900,63,420,533,-1,1,0,0,0,nil,nil,nil
4/28 18:52:24.267  SWING_DAMAGE_LANDED,Pet-0-4457-249-1045-2850-01001956F9,"Kratos",0x1114,0x0,Creature-0-4457-249-1045-10184-000028665C,"Onyxia",0x10a48,0x0,Creature-0-4457-249-1045-10184-000028665C,0000000000000000,10,100,0,0,0,-1,0,0,0,11.06,-203.68,0,6.0900,63,38,75,-1,1,0,0,0,nil,1,nil
4/28 18:52:24.288  SPELL_AURA_REMOVED,Player-4755-01FA8DD8,"Roackerita-Dreadmist",0x514,0x0,Player-4755-01804B95,"Moymoy-Dreadmist",0x514,0x0,15359,"Inspiration",0x2,BUFF
4/28 18:52:24.306  SWING_DAMAGE,Player-4755-01A6B139,"Sakatan-Dreadmist",0x514,0x0,Creature-0-4457-249-1045-10184-000028665C,"Onyxia",0x10a48,0x0,Player-4755-01A6B139,0000000000000000,71,100,0,0,0,-1,0,0,0,1.39,-189.59,0,5.5299,69,94,128,-1,1,0,0,0,nil,1,nil
4/28 18:52:24.339  SPELL_CAST_SUCCESS,Player-4755-01ED7A64,"Sperzieboon-Dreadmist",0x514,0x0,Player-4755-0220BD00,"Krikoff-Dreadmist",0x40514,0x0,10965,"Greater Heal",0x2,Player-4755-01ED7A64,0000000000000000,21,100,0,0,0,-1,0,0,0,28.21,-222.64,0,2.2074,67
4/28 18:52:24.339  SPELL_AURA_REMOVED,Player-4755-01ED7A64,"Sperzieboon-Dreadmist",0x514,0x0,Player-4755-01ED7A64,"Sperzieboon-Dreadmist",0x514,0x0,14751,"Inner Focus",0x1,BUFF
4/28 18:52:24.434  SPELL_CAST_SUCCESS,Player-4755-020BD78D,"Lonehunter-Dreadmist",0x514,0x0,Creature-0-4457-249-1045-10184-000028665C,"Onyxia",0x10a48,0x0,20904,"Aimed Shot",0x1,Player-4755-020BD78D,0000000000000000,100,100,0,0,0,-1,0,0,0,-1.01,-253.57,0,1.3335,71
4/28 18:52:24.434  SPELL_CAST_START,Player-4755-020BD78D,"Lonehunter-Dreadmist",0x514,0x0,0000000000000000,nil,0x80000000,0x80000000,14290,"Multi-Shot",0x1
4/28 18:52:24.483  SPELL_CAST_START,Player-4755-01BC57A3,"Saintis-Dreadmist",0x511,0x0,0000000000000000,nil,0x80000000,0x80000000,9474,"Flash Heal",0x2
4/28 18:52:24.483  SPELL_CAST_SUCCESS,Player-4755-01E83279,"Nlmasters-Dreadmist",0x514,0x8,Creature-0-4457-249-1045-10184-000028665C,"Onyxia",0x10a48,0x0,75,"Auto Shot",0x1,Player-4755-01E83279,0000000000000000,100,100,0,0,0,-1,0,0,0,14.29,-247.14,0,1.6248,71
4/28 18:52:24.522  SPELL_CAST_START,Player-4755-01E83279,"Nlmasters-Dreadmist",0x514,0x8,0000000000000000,nil,0x80000000,0x80000000,14290,"Multi-Shot",0x1
4/28 18:52:24.567  RANGE_DAMAGE,Player-4755-0178F576,"Atreas-Dreadmist",0x514,0x0,Creature-0-4457-249-1045-10184-000028665C,"Onyxia",0x10a48,0x0,75,"Auto Shot",0x1,Creature-0-4457-249-1045-10184-000028665C,0000000000000000,10,100,0,0,0,-1,0,0,0,11.06,-203.68,0,6.0900,63,397,504,-1,1,0,0,0,nil,nil,nil
4/28 18:52:24.657  SWING_DAMAGE,Player-4755-01AC9FD9,"Alexinho-Dreadmist",0x514,0x0,Creature-0-4457-249-1045-10184-000028665C,"Onyxia",0x10a48,0x0,Player-4755-01AC9FD9,0000000000000000,62,100,0,0,0,-1,0,0,0,10.92,-195.42,0,4.7193,66,86,166,-1,1,0,46,0,nil,nil,nil
4/28 18:52:24.657  SPELL_AURA_APPLIED,Player-4755-01804B95,"Moymoy-Dreadmist",0x514,0x0,Player-4755-02045EF4,"Necrosini-Dreadmist",0x512,0x0,16237,"Ancestral Fortitude",0x2,BUFF
4/28 18:52:24.657  SPELL_AURA_REMOVED_DOSE,Player-4755-0178F416,"Eltorero-Dreadmist",0x514,0x0,Player-4755-0178F416,"Eltorero-Dreadmist",0x514,0x0,12970,"Flurry",0x1,BUFF,2
4/28 18:52:24.657  SPELL_AURA_REMOVED,Player-4755-0220BD00,"Krikoff-Dreadmist",0x40514,0x0,Player-4755-0220BD00,"Krikoff-Dreadmist",0x40514,0x0,14204,"Enrage",0x1,BUFF
4/28 18:52:24.657  SWING_DAMAGE_LANDED,Player-4755-01A6B139,"Sakatan-Dreadmist",0x514,0x0,Creature-0-4457-249-1045-10184-000028665C,"Onyxia",0x10a48,0x0,Creature-0-4457-249-1045-10184-000028665C,0000000000000000,10,100,0,0,0,-1,0,0,0,11.06,-203.68,0,6.0900,63,94,128,-1,1,0,0,0,nil,1,nil
4/28 18:52:24.657  SPELL_HEAL,Player-4755-01ED7A64,"Sperzieboon-Dreadmist",0x514,0x0,Player-4755-0220BD00,"Krikoff-Dreadmist",0x40514,0x0,10965,"Greater Heal",0x2,Player-4755-0220BD00,0000000000000000,91,100,0,0,0,-1,0,0,0,24.32,-200.82,0,3.3458,68,2486,2486,0,0,nil
4/28 18:52:24.657  SWING_DAMAGE_LANDED,Player-4755-01AC9FD9,"Alexinho-Dreadmist",0x514,0x0,Creature-0-4457-249-1045-10184-000028665C,"Onyxia",0x10a48,0x0,Creature-0-4457-249-1045-10184-000028665C,0000000000000000,10,100,0,0,0,-1,0,0,0,11.06,-203.68,0,6.0900,63,86,166,-1,1,0,0,0,nil,nil,nil
4/28 18:52:24.657  SPELL_AURA_REMOVED,Player-4755-01840577,"Raggèn-Dreadmist",0x514,0x0,Creature-0-4457-249-1045-10184-000028665C,"Onyxia",0x10a48,0x0,17364,"Stormstrike",0x1,DEBUFF
4/28 18:52:24.657  SPELL_DAMAGE,Player-4755-01AC9FD9,"Alexinho-Dreadmist",0x514,0x0,Creature-0-4457-249-1045-10184-000028665C,"Onyxia",0x10a48,0x0,11337,"Instant Poison VI",0x8,Creature-0-4457-249-1045-10184-000028665C,0000000000000000,10,100,0,0,0,-1,0,0,0,11.06,-203.68,0,6.0900,63,171,142,-1,8,0,0,0,nil,nil,nil
4/28 18:52:24.771  SPELL_PERIODIC_ENERGIZE,Player-4755-0220BD00,"Krikoff-Dreadmist",0x40514,0x0,Player-4755-0220BD00,"Krikoff-Dreadmist",0x40514,0x0,29131,"Bloodrage",0x1,Player-4755-0220BD00,0000000000000000,91,100,0,0,0,-1,0,0,0,24.32,-200.82,0,3.3458,68,1.0000,0.0000,1,1000
4/28 18:52:24.814  SPELL_PERIODIC_HEAL,Player-4755-016296D3,"Nivl-Dreadmist",0x514,0x0,Player-4755-01802FE5,"Angrybat-Dreadmist",0x514,0x0,18610,"First Aid",0x1,Player-4755-01802FE5,0000000000000000,91,100,0,0,0,-1,0,0,0,2.46,-178.71,0,5.2304,66,250,250,0,0,nil
4/28 18:52:24.814  SPELL_CAST_SUCCESS,Player-4755-01AC9FD9,"Alexinho-Dreadmist",0x514,0x0,Creature-0-4457-249-1045-10184-000028665C,"Onyxia",0x10a48,0x0,11294,"Sinister Strike",0x1,Player-4755-01AC9FD9,0000000000000000,62,100,0,0,0,-1,0,0,0,10.92,-195.42,0,4.7193,66
4/28 18:52:24.814  SPELL_MISSED,Player-4755-01AC9FD9,"Alexinho-Dreadmist",0x514,0x0,Creature-0-4457-249-1045-10184-000028665C,"Onyxia",0x10a48,0x0,11294,"Sinister Strike",0x1,PARRY,nil
4/28 18:52:24.844  SWING_DAMAGE,Player-4755-01733879,"Hocwar-Dreadmist",0x40514,0x0,Creature-0-4457-249-1045-10184-000028665C,"Onyxia",0x10a48,0x0,Player-4755-01733879,0000000000000000,98,100,0,0,0,-1,0,0,0,11.52,-193.43,0,5.0393,71,85,131,-1,1,0,0,0,nil,1,nil
4/28 18:52:24.873  SWING_DAMAGE,Player-4755-01F21AE6,"Blahu-Dreadmist",0x40514,0x0,Creature-0-4457-249-1045-10184-000028665C,"Onyxia",0x10a48,0x0,Player-4755-01F21AE6,0000000000000000,100,100,0,0,0,-1,0,0,0,12.56,-209.13,0,1.9704,70,198,125,-1,1,0,0,0,1,nil,nil
4/28 18:52:24.873  SWING_DAMAGE,Player-4755-01637B0A,"Pindle-Dreadmist",0x514,0x0,Creature-0-4457-249-1045-10184-000028665C,"Onyxia",0x10a48,0x0,Player-4755-01637B0A,0000000000000000,100,100,0,0,0,-1,0,0,0,8.02,-197.02,0,5.2891,65,81,104,-1,1,0,0,0,nil,1,nil
4/28 18:52:24.873  SPELL_CAST_SUCCESS,Player-4755-020BD78D,"Lonehunter-Dreadmist",0x514,0x0,Creature-0-4457-249-1045-10184-000028665C,"Onyxia",0x10a48,0x0,14290,"Multi-Shot",0x1,Player-4755-020BD78D,0000000000000000,100,100,0,0,0,-1,0,0,0,-1.01,-253.57,0,1.3335,71
4/28 18:52:24.873  SPELL_CAST_START,Player-4755-020BD78D,"Lonehunter-Dreadmist",0x514,0x0,0000000000000000,nil,0x80000000,0x80000000,75,"Auto Shot",0x1
4/28 18:52:24.954  SPELL_DAMAGE,Player-4755-015FEBD5,"Sauvage-Dreadmist",0x514,0x0,Creature-0-4457-249-1045-10184-000028665C,"Onyxia",0x10a48,0x0,10181,"Frostbolt",0x10,Creature-0-4457-249-1045-10184-000028665C,0000000000000000,10,100,0,0,0,-1,0,0,0,11.06,-203.68,0,6.0900,63,918,834,-1,16,0,0,0,nil,nil,nil
4/28 18:52:24.954  SPELL_CAST_SUCCESS,Player-4755-01E83279,"Nlmasters-Dreadmist",0x514,0x8,Creature-0-4457-249-1045-10184-000028665C,"Onyxia",0x10a48,0x0,14290,"Multi-Shot",0x1,Player-4755-01E83279,0000000000000000,100,100,0,0,0,-1,0,0,0,14.29,-247.14,0,1.6248,71
4/28 18:52:24.977  SPELL_MISSED,Player-4755-01F36B30,"Rectumqeef-Dreadmist",0x514,0x0,Creature-0-4457-249-1045-10184-000028665C,"Onyxia",0x10a48,0x0,11661,"Shadow Bolt",0x20,RESIST,nil,0
4/28 18:52:25.000  SPELL_CAST_START,Player-4755-01802FE5,"Angrybat-Dreadmist",0x514,0x0,0000000000000000,nil,0x80000000,0x80000000,10181,"Frostbolt",0x10
4/28 18:52:25.000  SWING_MISSED,Pet-0-4457-249-1045-2850-01001956F9,"Kratos",0x1114,0x0,Creature-0-4457-249-1045-10184-000028665C,"Onyxia",0x10a48,0x0,PARRY,nil
4/28 18:52:25.035  SPELL_CAST_SUCCESS,Player-4755-0210153A,"Hapuseneb-Dreadmist",0x514,0x0,Player-4755-01ED7A64,"Sperzieboon-Dreadmist",0x514,0x0,10917,"Flash Heal",0x2,Player-4755-0210153A,0000000000000000,64,100,0,0,0,-1,0,0,0,7.11,-229.63,0,1.3430,66
4/28 18:52:25.071  SWING_DAMAGE_LANDED,Player-4755-01733879,"Hocwar-Dreadmist",0x40514,0x0,Creature-0-4457-249-1045-10184-000028665C,"Onyxia",0x10a48,0x0,Creature-0-4457-249-1045-10184-000028665C,0000000000000000,10,100,0,0,0,-1,0,0,0,11.06,-203.68,0,6.0900,63,85,131,-1,1,0,0,0,nil,1,nil
4/28 18:52:25.071  SWING_DAMAGE_LANDED,Player-4755-01F21AE6,"Blahu-Dreadmist",0x40514,0x0,Creature-0-4457-249-1045-10184-000028665C,"Onyxia",0x10a48,0x0,Creature-0-4457-249-1045-10184-000028665C,0000000000000000,10,100,0,0,0,-1,0,0,0,11.06,-203.68,0,6.0900,63,198,125,-1,1,0,0,0,1,nil,nil
4/28 18:52:25.071  SWING_DAMAGE_LANDED,Player-4755-01637B0A,"Pindle-Dreadmist",0x514,0x0,Creature-0-4457-249-1045-10184-000028665C,"Onyxia",0x10a48,0x0,Creature-0-4457-249-1045-10184-000028665C,0000000000000000,10,100,0,0,0,-1,0,0,0,11.06,-203.68,0,6.0900,63,81,104,-1,1,0,0,0,nil,1,nil
4/28 18:52:25.071  SPELL_HEAL,Player-4755-0210153A,"Hapuseneb-Dreadmist",0x514,0x0,Player-4755-01ED7A64,"Sperzieboon-Dreadmist",0x514,0x0,10917,"Flash Heal",0x2,Player-4755-01ED7A64,0000000000000000,53,100,0,0,0,-1,0,0,0,25.63,-224.55,0,2.2074,67,1270,1270,0,0,nil
4/28 18:52:25.071  SWING_DAMAGE,Creature-0-4457-249-1045-10184-000028665C,"Onyxia",0x10a48,0x0,Player-4755-0220BD00,"Krikoff-Dreadmist",0x40514,0x0,Creature-0-4457-249-1045-10184-000028665C,0000000000000000,10,100,0,0,0,-1,0,0,0,11.06,-203.68,0,6.0900,63,511,1314,-1,1,0,0,0,nil,nil,nil
4/28 18:52:25.071  SPELL_AURA_APPLIED,Player-4755-0160BD13,"Mafkees-Dreadmist",0x514,0x0,Player-4755-0160BD13,"Mafkees-Dreadmist",0x514,0x0,12328,"Death Wish",0x1,DEBUFF
4/28 18:52:25.071  SPELL_CAST_SUCCESS,Player-4755-0160BD13,"Mafkees-Dreadmist",0x514,0x0,0000000000000000,nil,0x80000000,0x80000000,12328,"Death Wish",0x1,Player-4755-0160BD13,0000000000000000,93,100,0,0,0,-1,0,0,0,8.16,-210.99,0,1.2354,64
4/28 18:52:25.211  SWING_DAMAGE,Player-4755-01A6B139,"Sakatan-Dreadmist",0x514,0x0,Creature-0-4457-249-1045-10184-000028665C,"Onyxia",0x10a48,0x0,Player-4755-01A6B139,0000000000000000,71,100,0,0,0,-1,0,0,0,0.74,-189.66,0,5.7066,69,139,194,-1,1,0,0,0,nil,1,nil
4/28 18:52:25.274  SPELL_CAST_SUCCESS,Player-4755-0220BD00,"Krikoff-Dreadmist",0x40514,0x0,Creature-0-4457-249-1045-10184-000028665C,"Onyxia",0x10a48,0x0,23894,"Bloodthirst",0x1,Player-4755-0220BD00,0000000000000000,91,100,0,0,0,-1,0,0,0,24.32,-200.82,0,3.3458,68
4/28 18:52:25.274  SPELL_AURA_APPLIED,Player-4755-0220BD00,"Krikoff-Dreadmist",0x40514,0x0,Player-4755-0220BD00,"Krikoff-Dreadmist",0x40514,0x0,10610,"Windfury Totem",0x8,BUFF
4/28 18:52:25.274  SPELL_EXTRA_ATTACKS,Player-4755-0220BD00,"Krikoff-Dreadmist",0x40514,0x0,Player-4755-0220BD00,"Krikoff-Dreadmist",0x40514,0x0,10610,"Windfury Totem",0x8,1
4/28 18:52:25.274  SWING_DAMAGE,Player-4755-01637B0A,"Pindle-Dreadmist",0x514,0x0,Creature-0-4457-249-1045-10184-000028665C,"Onyxia",0x10a48,0x0,Player-4755-01637B0A,0000000000000000,100,100,0,0,0,-1,0,0,0,8.02,-197.02,0,5.2714,65,121,165,-1,1,0,0,0,nil,1,nil
4/28 18:52:25.274  SWING_DAMAGE,Player-4755-0220BD00,"Krikoff-Dreadmist",0x40514,0x0,Creature-0-4457-249-1045-10184-000028665C,"Onyxia",0x10a48,0x0,Player-4755-0220BD00,0000000000000000,91,100,0,0,0,-1,0,0,0,24.32,-200.82,0,3.3458,68,236,352,-1,1,0,0,0,nil,1,nil
4/28 18:52:25.296  SPELL_PERIODIC_DAMAGE,Player-4755-01F21AE6,"Blahu-Dreadmist",0x40514,0x0,Creature-0-4457-249-1045-10184-000028665C,"Onyxia",0x10a48,0x0,11574,"Rend",0x1,Creature-0-4457-249-1045-10184-000028665C,0000000000000000,10,100,0,0,0,-1,0,0,0,11.06,-203.68,0,6.0900,63,19,18,-1,1,0,0,0,nil,nil,nil
4/28 18:52:25.296  SPELL_AURA_APPLIED,Player-4755-01733879,"Hocwar-Dreadmist",0x40514,0x0,Player-4755-01733879,"Hocwar-Dreadmist",0x40514,0x0,10610,"Windfury Totem",0x8,BUFF
4/28 18:52:25.296  SPELL_EXTRA_ATTACKS,Player-4755-01733879,"Hocwar-Dreadmist",0x40514,0x0,Player-4755-01733879,"Hocwar-Dreadmist",0x40514,0x0,10610,"Windfury Totem",0x8,1
4/28 18:52:25.296  SWING_DAMAGE,Player-4755-01733879,"Hocwar-Dreadmist",0x40514,0x0,Creature-0-4457-249-1045-10184-000028665C,"Onyxia",0x10a48,0x0,Player-4755-01733879,0000000000000000,98,100,0,0,0,-1,0,0,0,11.22,-193.53,0,5.0393,71,153,239,-1,1,0,0,0,nil,1,nil
4/28 18:52:25.314  SPELL_CAST_SUCCESS,Player-4755-020BD78D,"Lonehunter-Dreadmist",0x514,0x0,Creature-0-4457-249-1045-10184-000028665C,"Onyxia",0x10a48,0x0,75,"Auto Shot",0x1,Player-4755-020BD78D,0000000000000000,100,100,0,0,0,-1,0,0,0,-1.01,-253.57,0,1.3335,71
4/28 18:52:25.314  SPELL_AURA_APPLIED,Player-4755-020BD78D,"Lonehunter-Dreadmist",0x514,0x0,Player-4755-020BD78D,"Lonehunter-Dreadmist",0x514,0x0,6150,"Quick Shots",0x1,BUFF
4/28 18:52:25.349  SPELL_CAST_START,Player-4755-01FA8DD8,"Roackerita-Dreadmist",0x514,0x0,0000000000000000,nil,0x80000000,0x80000000,9474,"Flash Heal",0x2
4/28 18:52:25.419  SPELL_AURA_APPLIED,Player-4755-0160BD13,"Mafkees-Dreadmist",0x514,0x0,Player-4755-0160BD13,"Mafkees-Dreadmist",0x514,0x0,10610,"Windfury Totem",0x8,BUFF
4/28 18:52:25.419  SPELL_EXTRA_ATTACKS,Player-4755-0160BD13,"Mafkees-Dreadmist",0x514,0x0,Player-4755-0160BD13,"Mafkees-Dreadmist",0x514,0x0,10610,"Windfury Totem",0x8,1
4/28 18:52:25.419  SWING_DAMAGE,Player-4755-0160BD13,"Mafkees-Dreadmist",0x514,0x0,Creature-0-4457-249-1045-10184-000028665C,"Onyxia",0x10a48,0x0,Player-4755-0160BD13,0000000000000000,93,100,0,0,0,-1,0,0,0,7.90,-211.24,0,1.2079,64,1050,666,-1,1,0,0,0,1,nil,nil
4/28 18:52:25.419  SWING_DAMAGE,Player-4755-0160BD13,"Mafkees-Dreadmist",0x514,0x0,Creature-0-4457-249-1045-10184-000028665C,"Onyxia",0x10a48,0x0,Player-4755-0160BD13,0000000000000000,93,100,0,0,0,-1,0,0,0,7.90,-211.24,0,1.2079,64,1288,817,-1,1,0,0,0,1,nil,nil
4/28 18:52:25.456  SPELL_CAST_START,Player-4755-02045EF4,"Necrosini-Dreadmist",0x512,0x0,0000000000000000,nil,0x80000000,0x80000000,2054,"Heal",0x2
4/28 18:52:25.475  SPELL_AURA_REMOVED_DOSE,Player-4755-01733879,"Hocwar-Dreadmist",0x40514,0x0,Player-4755-01733879,"Hocwar-Dreadmist",0x40514,0x0,10610,"Windfury Totem",0x8,BUFF,1
4/28 18:52:25.476  SPELL_AURA_APPLIED,Player-4755-01F21AE6,"Blahu-Dreadmist",0x40514,0x0,Player-4755-01F21AE6,"Blahu-Dreadmist",0x40514,0x0,12970,"Flurry",0x1,BUFF
4/28 18:52:25.476  SWING_DAMAGE_LANDED,Creature-0-4457-249-1045-10184-000028665C,"Onyxia",0x10a48,0x0,Player-4755-0220BD00,"Krikoff-Dreadmist",0x40514,0x0,Player-4755-0220BD00,0000000000000000,83,100,0,0,0,-1,0,0,0,24.32,-200.82,0,3.3458,68,511,1314,-1,1,0,0,0,nil,nil,nil
4/28 18:52:25.476  SWING_DAMAGE_LANDED,Player-4755-01A6B139,"Sakatan-Dreadmist",0x514,0x0,Creature-0-4457-249-1045-10184-000028665C,"Onyxia",0x10a48,0x0,Creature-0-4457-249-1045-10184-000028665C,0000000000000000,10,100,0,0,0,-1,0,0,0,11.06,-203.68,0,6.0900,63,139,194,-1,1,0,0,0,nil,1,nil
4/28 18:52:25.476  SPELL_DAMAGE,Player-4755-0220BD00,"Krikoff-Dreadmist",0x40514,0x0,Creature-0-4457-249-1045-10184-000028665C,"Onyxia",0x10a48,0x0,23894,"Bloodthirst",0x1,Creature-0-4457-249-1045-10184-000028665C,0000000000000000,9,100,0,0,0,-1,0,0,0,11.06,-203.68,0,6.0900,63,360,456,-1,1,0,0,0,nil,nil,nil
4/28 18:52:25.476  SPELL_AURA_APPLIED,Player-4755-0220BD00,"Krikoff-Dreadmist",0x40514,0x0,Player-4755-0220BD00,"Krikoff-Dreadmist",0x40514,0x0,23888,"Bloodthirst",0x1,BUFF
4/28 18:52:25.476  SWING_DAMAGE_LANDED,Player-4755-01637B0A,"Pindle-Dreadmist",0x514,0x0,Creature-0-4457-249-1045-10184-000028665C,"Onyxia",0x10a48,0x0,Creature-0-4457-249-1045-10184-000028665C,0000000000000000,9,100,0,0,0,-1,0,0,0,11.06,-203.68,0,6.0900,63,121,165,-1,1,0,0,0,nil,1,nil
4/28 18:52:25.476  SWING_DAMAGE_LANDED,Player-4755-0220BD00,"Krikoff-Dreadmist",0x40514,0x0,Creature-0-4457-249-1045-10184-000028665C,"Onyxia",0x10a48,0x0,Creature-0-4457-249-1045-10184-000028665C,0000000000000000,9,100,0,0,0,-1,0,0,0,11.06,-203.68,0,6.0900,63,236,352,-1,1,0,0,0,nil,1,nil
4/28 18:52:25.476  SPELL_DAMAGE,Player-4755-01733879,"Hocwar-Dreadmist",0x40514,0x0,Creature-0-4457-249-1045-10184-000028665C,"Onyxia",0x10a48,0x0,20647,"Execute",0x1,Creature-0-4457-249-1045-10184-000028665C,0000000000000000,9,100,0,0,0,-1,0,0,0,11.06,-203.68,0,6.0900,63,453,633,-1,1,0,46,0,nil,nil,nil
4/28 18:52:25.476  SWING_DAMAGE_LANDED,Player-4755-01733879,"Hocwar-Dreadmist",0x40514,0x0,Creature-0-4457-249-1045-10184-000028665C,"Onyxia",0x10a48,0x0,Creature-0-4457-249-1045-10184-000028665C,0000000000000000,9,100,0,0,0,-1,0,0,0,11.06,-203.68,0,6.0900,63,153,239,-1,1,0,0,0,nil,1,nil
4/28 18:52:25.476  SWING_DAMAGE_LANDED,Player-4755-0160BD13,"Mafkees-Dreadmist",0x514,0x0,Creature-0-4457-249-1045-10184-000028665C,"Onyxia",0x10a48,0x0,Creature-0-4457-249-1045-10184-000028665C,0000000000000000,9,100,0,0,0,-1,0,0,0,11.06,-203.68,0,6.0900,63,1050,666,-1,1,0,0,0,1,nil,nil
4/28 18:52:25.476  SWING_DAMAGE_LANDED,Player-4755-0160BD13,"Mafkees-Dreadmist",0x514,0x0,Creature-0-4457-249-1045-10184-000028665C,"Onyxia",0x10a48,0x0,Creature-0-4457-249-1045-10184-000028665C,0000000000000000,9,100,0,0,0,-1,0,0,0,11.06,-203.68,0,6.0900,63,1288,817,-1,1,0,0,0,1,nil,nil
4/28 18:52:25.476  SPELL_CAST_SUCCESS,Player-4755-0163DD9D,"Kaspais-Dreadmist",0x514,0x0,Creature-0-4457-249-1045-10184-000028665C,"Onyxia",0x10a48,0x0,10181,"Frostbolt",0x10,Player-4755-0163DD9D,0000000000000000,57,100,0,0,0,-1,0,0,0,13.30,-175.81,0,4.6127,66
4/28 18:52:25.512  SPELL_AURA_REMOVED,Player-4755-01804B95,"Moymoy-Dreadmist",0x514,0x0,Player-4755-0220BD00,"Krikoff-Dreadmist",0x40514,0x0,29203,"Healing Way",0x2,BUFF
4/28 18:52:25.512  SPELL_PERIODIC_DAMAGE,Player-4755-01F36B30,"Rectumqeef-Dreadmist",0x514,0x0,Creature-0-4457-249-1045-10184-000028665C,"Onyxia",0x10a48,0x0,11672,"Corruption",0x20,Creature-0-4457-249-1045-10184-000028665C,0000000000000000,9,100,0,0,0,-1,0,0,0,11.06,-203.68,0,6.0900,63,168,203,-1,32,51,0,0,nil,nil,nil
4/28 18:52:25.530  SWING_DAMAGE,Player-4755-0220BD00,"Krikoff-Dreadmist",0x40514,0x0,Creature-0-4457-249-1045-10184-000028665C,"Onyxia",0x10a48,0x0,Player-4755-0220BD00,0000000000000000,83,100,0,0,0,-1,0,0,0,24.32,-200.82,0,3.3458,68,171,216,-1,1,0,0,0,nil,nil,nil
4/28 18:52:25.557  SPELL_MISSED,Player-4755-01614AC7,"Mirrimazduur-Dreadmist",0x512,0x0,Creature-0-4457-249-1045-10184-000028665C,"Onyxia",0x10a48,0x0,11661,"Shadow Bolt",0x20,RESIST,nil,0
4/28 18:52:25.557  RANGE_DAMAGE,Player-4755-01E83279,"Nlmasters-Dreadmist",0x514,0x8,Creature-0-4457-249-1045-10184-000028665C,"Onyxia",0x10a48,0x0,75,"Auto Shot",0x1,Creature-0-4457-249-1045-10184-000028665C,0000000000000000,9,100,0,0,0,-1,0,0,0,11.06,-203.68,0,6.0900,63,361,457,-1,1,0,0,0,nil,nil,nil
4/28 18:52:25.618  SPELL_CAST_SUCCESS,Player-4755-01F21AE6,"Blahu-Dreadmist",0x40514,0x0,Creature-0-4457-249-1045-10184-000028665C,"Onyxia",0x10a48,0x0,11567,"Heroic Strike",0x1,Player-4755-01F21AE6,0000000000000000,100,100,0,0,0,-1,0,0,0,12.56,-209.13,0,1.9704,70
4/28 18:52:25.618  SPELL_AURA_REMOVED_DOSE,Player-4755-01F21AE6,"Blahu-Dreadmist",0x40514,0x0,Player-4755-01F21AE6,"Blahu-Dreadmist",0x40514,0x0,12970,"Flurry",0x1,BUFF,2
4/28 18:52:25.618  SPELL_AURA_APPLIED,Player-4755-01F21AE6,"Blahu-Dreadmist",0x40514,0x0,Player-4755-01F21AE6,"Blahu-Dreadmist",0x40514,0x0,10610,"Windfury Totem",0x8,BUFF
4/28 18:52:25.618  SPELL_EXTRA_ATTACKS,Player-4755-01F21AE6,"Blahu-Dreadmist",0x40514,0x0,Player-4755-01F21AE6,"Blahu-Dreadmist",0x40514,0x0,10610,"Windfury Totem",0x8,1
4/28 18:52:25.636  SWING_DAMAGE,Player-4755-01F21AE6,"Blahu-Dreadmist",0x40514,0x0,Creature-0-4457-249-1045-10184-000028665C,"Onyxia",0x10a48,0x0,Player-4755-01F21AE6,0000000000000000,100,100,0,0,0,-1,0,0,0,12.56,-209.13,0,1.9704,70,208,390,-1,1,0,0,0,nil,1,nil
4/28 18:52:25.636  SPELL_PERIODIC_HEAL,Player-4755-01FA8DD8,"Roackerita-Dreadmist",0x514,0x0,Player-4755-01617EEE,"Fenix-Dreadmist",0x512,0x0,6078,"Renew",0x2,Player-4755-01617EEE,0000000000000000,100,100,0,0,0,-1,0,0,0,19.14,-173.60,0,2.6581,66,235,235,235,0,nil
4/28 18:52:25.654  SWING_MISSED,Player-4755-01A6B139,"Sakatan-Dreadmist",0x514,0x0,Creature-0-4457-249-1045-10184-000028665C,"Onyxia",0x10a48,0x0,DODGE,1
4/28 18:52:25.724  SPELL_DAMAGE,Player-4755-020BD78D,"Lonehunter-Dreadmist",0x514,0x0,Creature-0-4457-249-1045-10184-000028665C,"Onyxia",0x10a48,0x0,20904,"Aimed Shot",0x1,Creature-0-4457-249-1045-10184-000028665C,0000000000000000,9,100,0,0,0,-1,0,0,0,11.06,-203.68,0,6.0900,63,856,1086,-1,1,0,0,0,nil,nil,nil
4/28 18:52:25.777  SPELL_PERIODIC_ENERGIZE,Player-4755-0220BD00,"Krikoff-Dreadmist",0x40514,0x0,Player-4755-0220BD00,"Krikoff-Dreadmist",0x40514,0x0,29131,"Bloodrage",0x1,Player-4755-0220BD00,0000000000000000,83,100,0,0,0,-1,0,0,0,24.32,-200.82,0,3.3458,68,1.0000,0.0000,1,1000
4/28 18:52:25.812  SPELL_PERIODIC_HEAL,Player-4755-016296D3,"Nivl-Dreadmist",0x514,0x0,Player-4755-01802FE5,"Angrybat-Dreadmist",0x514,0x0,18610,"First Aid",0x1,Player-4755-01802FE5,0000000000000000,98,100,0,0,0,-1,0,0,0,2.47,-178.61,0,4.7891,66,250,250,0,0,nil
4/28 18:52:25.828  SPELL_CAST_SUCCESS,Player-4755-01AC9FD9,"Alexinho-Dreadmist",0x514,0x0,Creature-0-4457-249-1045-10184-000028665C,"Onyxia",0x10a48,0x0,11294,"Sinister Strike",0x1,Player-4755-01AC9FD9,0000000000000000,62,100,0,0,0,-1,0,0,0,10.92,-195.42,0,4.7193,66
4/28 18:52:25.868  SPELL_CAST_SUCCESS,Player-4755-01BC57A3,"Saintis-Dreadmist",0x511,0x0,Player-4755-015FEBD5,"Sauvage-Dreadmist",0x514,0x0,9474,"Flash Heal",0x2,Player-4755-01BC57A3,0000000000000000,100,100,0,0,0,-1,0,0,0,18.97,-218.75,0,1.9756,68
4/28 18:52:25.891  DAMAGE_SHIELD_MISSED,Player-4755-0220BD00,"Krikoff-Dreadmist",0x40514,0x0,Creature-0-4457-249-1045-10184-000028665C,"Onyxia",0x10a48,0x0,11771,"Fire Shield",0x4,IMMUNE,nil
4/28 18:52:25.891  SPELL_AURA_REMOVED_DOSE,Player-4755-0220BD00,"Krikoff-Dreadmist",0x40514,0x0,Player-4755-0220BD00,"Krikoff-Dreadmist",0x40514,0x0,23888,"Bloodthirst",0x1,BUFF,4
4/28 18:52:25.891  SPELL_HEAL,Player-4755-0220BD00,"Krikoff-Dreadmist",0x40514,0x0,Player-4755-0220BD00,"Krikoff-Dreadmist",0x40514,0x0,23891,"Bloodthirst",0x1,Player-4755-0220BD00,0000000000000000,83,100,0,0,0,-1,0,0,0,24.32,-200.82,0,3.3458,68,20,20,0,0,nil
4/28 18:52:25.891  SPELL_AURA_REMOVED_DOSE,Player-4755-0220BD00,"Krikoff-Dreadmist",0x40514,0x0,Player-4755-0220BD00,"Krikoff-Dreadmist",0x40514,0x0,23888,"Bloodthirst",0x1,BUFF,3
4/28 18:52:25.891  SPELL_AURA_REMOVED_DOSE,Player-4755-0220BD00,"Krikoff-Dreadmist",0x40514,0x0,Player-4755-0220BD00,"Krikoff-Dreadmist",0x40514,0x0,10610,"Windfury Totem",0x8,BUFF,1
4/28 18:52:25.891  SPELL_HEAL,Player-4755-0220BD00,"Krikoff-Dreadmist",0x40514,0x0,Player-4755-0220BD00,"Krikoff-Dreadmist",0x40514,0x0,23891,"Bloodthirst",0x1,Player-4755-0220BD00,0000000000000000,83,100,0,0,0,-1,0,0,0,24.32,-200.82,0,3.3458,68,20,20,0,0,nil
4/28 18:52:25.891  SPELL_AURA_REMOVED,Player-4755-01733879,"Hocwar-Dreadmist",0x40514,0x0,Player-4755-01733879,"Hocwar-Dreadmist",0x40514,0x0,10610,"Windfury Totem",0x8,BUFF
4/28 18:52:25.891  SPELL_AURA_REMOVED_DOSE,Player-4755-0160BD13,"Mafkees-Dreadmist",0x514,0x0,Player-4755-0160BD13,"Mafkees-Dreadmist",0x514,0x0,10610,"Windfury Totem",0x8,BUFF,1
4/28 18:52:25.891  SPELL_AURA_REMOVED_DOSE,Player-4755-0160BD13,"Mafkees-Dreadmist",0x514,0x0,Player-4755-0160BD13,"Mafkees-Dreadmist",0x514,0x0,12970,"Flurry",0x1,BUFF,2
4/28 18:52:25.891  SPELL_AURA_APPLIED_DOSE,Player-4755-0160BD13,"Mafkees-Dreadmist",0x514,0x0,Player-4755-0160BD13,"Mafkees-Dreadmist",0x514,0x0,12970,"Flurry",0x1,BUFF,3
4/28 18:52:25.891  SPELL_AURA_REMOVED_DOSE,Player-4755-0160BD13,"Mafkees-Dreadmist",0x514,0x0,Player-4755-0160BD13,"Mafkees-Dreadmist",0x514,0x0,12970,"Flurry",0x1,BUFF,2
4/28 18:52:25.891  SPELL_AURA_APPLIED_DOSE,Player-4755-0160BD13,"Mafkees-Dreadmist",0x514,0x0,Player-4755-0160BD13,"Mafkees-Dreadmist",0x514,0x0,12970,"Flurry",0x1,BUFF,3
4/28 18:52:25.891  SPELL_AURA_REMOVED,Player-4755-0160BD13,"Mafkees-Dreadmist",0x514,0x0,Player-4755-0160BD13,"Mafkees-Dreadmist",0x514,0x0,10610,"Windfury Totem",0x8,BUFF
4/28 18:52:25.891  SWING_DAMAGE_LANDED,Player-4755-0220BD00,"Krikoff-Dreadmist",0x40514,0x0,Creature-0-4457-249-1045-10184-000028665C,"Onyxia",0x10a48,0x0,Creature-0-4457-249-1045-10184-000028665C,0000000000000000,9,100,0,0,0,-1,0,0,0,11.06,-203.68,0,6.0900,63,171,216,-1,1,0,0,0,nil,nil,nil
4/28 18:52:25.891  SPELL_DAMAGE,Player-4755-01F21AE6,"Blahu-Dreadmist",0x40514,0x0,Creature-0-4457-249-1045-10184-000028665C,"Onyxia",0x10a48,0x0,11567,"Heroic Strike",0x1,Creature-0-4457-249-1045-10184-000028665C,0000000000000000,9,100,0,0,0,-1,0,0,0,11.06,-203.68,0,6.0900,63,360,456,-1,1,0,0,0,nil,nil,nil
4/28 18:52:25.891  SWING_DAMAGE_LANDED,Player-4755-01F21AE6,"Blahu-Dreadmist",0x40514,0x0,Creature-0-4457-249-1045-10184-000028665C,"Onyxia",0x10a48,0x0,Creature-0-4457-249-1045-10184-000028665C,0000000000000000,9,100,0,0,0,-1,0,0,0,11.06,-203.68,0,6.0900,63,208,390,-1,1,0,0,0,nil,1,nil
4/28 18:52:25.891  SPELL_DAMAGE,Player-4755-01AC9FD9,"Alexinho-Dreadmist",0x514,0x0,Creature-0-4457-249-1045-10184-000028665C,"Onyxia",0x10a48,0x0,11294,"Sinister Strike",0x1,Creature-0-4457-249-1045-10184-000028665C,0000000000000000,9,100,0,0,0,-1,0,0,0,11.06,-203.68,0,6.0900,63,378,479,-1,1,0,0,0,nil,nil,nil
4/28 18:52:25.891  SPELL_HEAL,Player-4755-01BC57A3,"Saintis-Dreadmist",0x511,0x0,Player-4755-015FEBD5,"Sauvage-Dreadmist",0x514,0x0,9474,"Flash Heal",0x2,Player-4755-015FEBD5,0000000000000000,81,100,0,0,0,-1,0,0,0,4.67,-239.20,0,1.2503,64,797,797,0,0,nil
4/28 18:52:25.917  SPELL_PERIODIC_HEAL,Player-4755-02045EF4,"Necrosini-Dreadmist",0x512,0x0,Player-4755-0220BD00,"Krikoff-Dreadmist",0x40514,0x0,10929,"Renew",0x2,Player-4755-0220BD00,0000000000000000,87,100,0,0,0,-1,0,0,0,24.32,-200.82,0,3.3458,68,253,253,0,0,nil
4/28 18:52:25.917  SPELL_AURA_REMOVED,Player-4755-02045EF4,"Necrosini-Dreadmist",0x512,0x0,Player-4755-0220BD00,"Krikoff-Dreadmist",0x40514,0x0,10929,"Renew",0x2,BUFF
4/28 18:52:25.950  SPELL_PERIODIC_HEAL,Player-4755-0210153A,"Hapuseneb-Dreadmist",0x514,0x0,Player-4755-0210153A,"Hapuseneb-Dreadmist",0x514,0x0,10929,"Renew",0x2,Player-4755-0210153A,0000000000000000,72,100,0,0,0,-1,0,0,0,7.11,-229.63,0,1.3430,66,293,293,0,0,nil
4/28 18:52:25.950  SWING_DAMAGE,Player-4755-01637B0A,"Pindle-Dreadmist",0x514,0x0,Creature-0-4457-249-1045-10184-000028665C,"Onyxia",0x10a48,0x0,Player-4755-01637B0A,0000000000000000,100,100,0,0,0,-1,0,0,0,8.02,-197.02,0,5.2537,65,150,93,-1,1,0,0,0,1,nil,nil
4/28 18:52:25.994  SPELL_CAST_SUCCESS,Player-4755-01804B95,"Moymoy-Dreadmist",0x514,0x0,Player-4755-0220BD00,"Krikoff-Dreadmist",0x40514,0x0,939,"Healing Wave",0x8,Player-4755-01804B95,0000000000000000,100,100,0,0,0,-1,0,0,0,14.29,-177.73,0,4.7722,66
4/28 18:52:26.010  SWING_DAMAGE,Pet-0-4457-249-1045-2850-01001956F9,"Kratos",0x1114,0x0,Creature-0-4457-249-1045-10184-000028665C,"Onyxia",0x10a48,0x0,Pet-0-4457-249-1045-2850-01001956F9,Player-4755-0178F576,56,100,0,0,0,-1,0,0,0,12.54,-178.68,0,4.6531,66,44,84,-1,1,0,0,0,nil,1,nil
4/28 18:52:26.043  SPELL_CAST_SUCCESS,Player-4755-01F36B30,"Rectumqeef-Dreadmist",0x514,0x0,Creature-0-4457-249-1045-10184-000028665C,"Onyxia",0x10a48,0x0,11661,"Shadow Bolt",0x20,Player-4755-01F36B30,0000000000000000,100,100,0,0,0,-1,0,0,0,11.24,-173.92,0,4.7049,66
4/28 18:52:26.079  SPELL_CAST_START,Player-4755-01BC57A3,"Saintis-Dreadmist",0x511,0x0,0000000000000000,nil,0x80000000,0x80000000,10917,"Flash Heal",0x2
4/28 18:52:26.111  SPELL_CAST_START,Player-4755-0210153A,"Hapuseneb-Dreadmist",0x514,0x0,0000000000000000,nil,0x80000000,0x80000000,10917,"Flash Heal",0x2
4/28 18:52:26.142  SWING_DAMAGE,Player-4755-01AC9FD9,"Alexinho-Dreadmist",0x514,0x0,Creature-0-4457-249-1045-10184-000028665C,"Onyxia",0x10a48,0x0,Player-4755-01AC9FD9,0000000000000000,62,100,0,0,0,-1,0,0,0,10.92,-195.42,0,4.7193,66,231,359,-1,1,0,0,0,nil,1,nil
4/28 18:52:26.176  SPELL_CAST_SUCCESS,Player-4755-015FEBD5,"Sauvage-Dreadmist",0x514,0x0,Creature-0-4457-249-1045-10184-000028665C,"Onyxia",0x10a48,0x0,10181,"Frostbolt",0x10,Player-4755-015FEBD5,0000000000000000,81,100,0,0,0,-1,0,0,0,4.67,-239.20,0,1.2503,64
4/28 18:52:26.176  SPELL_CAST_START,Player-4755-015FEBD5,"Sauvage-Dreadmist",0x514,0x0,0000000000000000,nil,0x80000000,0x80000000,10181,"Frostbolt",0x10
4/28 18:52:26.209  SPELL_CAST_START,Player-4755-01804B95,"Moymoy-Dreadmist",0x514,0x0,0000000000000000,nil,0x80000000,0x80000000,331,"Healing Wave",0x8
4/28 18:52:26.243  SPELL_CAST_SUCCESS,Player-4755-01F21AE6,"Blahu-Dreadmist",0x40514,0x0,Creature-0-4457-249-1045-10184-000028665C,"Onyxia",0x10a48,0x0,11597,"Sunder Armor",0x1,Player-4755-01F21AE6,0000000000000000,100,100,0,0,0,-1,0,0,0,12.56,-209.13,0,1.9704,70
4/28 18:52:26.279  SPELL_AURA_REFRESH,Player-4755-0160BD13,"Mafkees-Dreadmist",0x514,0x0,Creature-0-4457-249-1045-10184-000028665C,"Onyxia",0x10a48,0x0,12721,"Deep Wound",0x1,DEBUFF
4/28 18:52:26.279  SPELL_AURA_REFRESH,Player-4755-0160BD13,"Mafkees-Dreadmist",0x514,0x0,Creature-0-4457-249-1045-10184-000028665C,"Onyxia",0x10a48,0x0,12721,"Deep Wound",0x1,DEBUFF
4/28 18:52:26.279  SPELL_AURA_REMOVED_DOSE,Player-4755-0220BD00,"Krikoff-Dreadmist",0x40514,0x0,Player-4755-0220BD00,"Krikoff-Dreadmist",0x40514,0x0,23888,"Bloodthirst",0x1,BUFF,2
4/28 18:52:26.279  SPELL_HEAL,Player-4755-0220BD00,"Krikoff-Dreadmist",0x40514,0x0,Player-4755-0220BD00,"Krikoff-Dreadmist",0x40514,0x0,23891,"Bloodthirst",0x1,Player-4755-0220BD00,0000000000000000,88,100,0,0,0,-1,0,0,0,24.32,-200.82,0,3.3458,68,20,20,0,0,nil
4/28 18:52:26.279  SPELL_AURA_REMOVED,Player-4755-0220BD00,"Krikoff-Dreadmist",0x40514,0x0,Player-4755-0220BD00,"Krikoff-Dreadmist",0x40514,0x0,10610,"Windfury Totem",0x8,BUFF
4/28 18:52:26.279  SPELL_AURA_REMOVED_DOSE,Player-4755-01F21AE6,"Blahu-Dreadmist",0x40514,0x0,Player-4755-01F21AE6,"Blahu-Dreadmist",0x40514,0x0,10610,"Windfury Totem",0x8,BUFF,1
4/28 18:52:26.279  SPELL_AURA_REMOVED_DOSE,Player-4755-01F21AE6,"Blahu-Dreadmist",0x40514,0x0,Player-4755-01F21AE6,"Blahu-Dreadmist",0x40514,0x0,12970,"Flurry",0x1,BUFF,1
4/28 18:52:26.279  SWING_DAMAGE_LANDED,Player-4755-01637B0A,"Pindle-Dreadmist",0x514,0x0,Creature-0-4457-249-1045-10184-000028665C,"Onyxia",0x10a48,0x0,Creature-0-4457-249-1045-10184-000028665C,0000000000000000,9,100,0,0,0,-1,0,0,0,11.06,-203.68,0,6.0900,63,150,93,-1,1,0,0,0,1,nil,nil
4/28 18:52:26.279  SPELL_HEAL,Player-4755-01804B95,"Moymoy-Dreadmist",0x514,0x0,Player-4755-0220BD00,"Krikoff-Dreadmist",0x40514,0x0,939,"Healing Wave",0x8,Player-4755-0220BD00,0000000000000000,100,100,0,0,0,-1,0,0,0,24.32,-200.82,0,3.3458,68,867,867,75,0,nil
4/28 18:52:26.279  SPELL_AURA_APPLIED,Player-4755-01804B95,"Moymoy-Dreadmist",0x514,0x0,Player-4755-0220BD00,"Krikoff-Dreadmist",0x40514,0x0,29203,"Healing Way",0x2,BUFF
4/28 18:52:26.279  SWING_DAMAGE_LANDED,Pet-0-4457-249-1045-2850-01001956F9,"Kratos",0x1114,0x0,Creature-0-4457-249-1045-10184-000028665C,"Onyxia",0x10a48,0x0,Creature-0-4457-249-1045-10184-000028665C,0000000000000000,9,100,0,0,0,-1,0,0,0,11.06,-203.68,0,6.0900,63,44,84,-1,1,0,0,0,nil,1,nil
4/28 18:52:26.279  SWING_DAMAGE_LANDED,Player-4755-01AC9FD9,"Alexinho-Dreadmist",0x514,0x0,Creature-0-4457-249-1045-10184-000028665C,"Onyxia",0x10a48,0x0,Creature-0-4457-249-1045-10184-000028665C,0000000000000000,9,100,0,0,0,-1,0,0,0,11.06,-203.68,0,6.0900,63,231,359,-1,1,0,0,0,nil,1,nil
4/28 18:52:26.303  SPELL_CAST_START,Player-4755-01F36B30,"Rectumqeef-Dreadmist",0x514,0x0,0000000000000000,nil,0x80000000,0x80000000,11661,"Shadow Bolt",0x20
4/28 18:52:26.303  SPELL_CAST_START,Player-4755-0163DD9D,"Kaspais-Dreadmist",0x514,0x0,0000000000000000,nil,0x80000000,0x80000000,10181,"Frostbolt",0x10
4/28 18:52:26.390  SWING_MISSED,Player-4755-01F21AE6,"Blahu-Dreadmist",0x40514,0x0,Creature-0-4457-249-1045-10184-000028665C,"Onyxia",0x10a48,0x0,PARRY,1
4/28 18:52:26.425  SPELL_DAMAGE,Player-4755-01E83279,"Nlmasters-Dreadmist",0x514,0x8,Creature-0-4457-249-1045-10184-000028665C,"Onyxia",0x10a48,0x0,14290,"Multi-Shot",0x1,Creature-0-4457-249-1045-10184-000028665C,0000000000000000,9,100,0,0,0,-1,0,0,0,11.06,-203.68,0,6.0900,63,457,579,-1,1,0,0,0,nil,nil,nil
4/28 18:52:26.441  SPELL_CAST_SUCCESS,Player-4755-01614AC7,"Mirrimazduur-Dreadmist",0x512,0x0,Creature-0-4457-249-1045-10184-000028665C,"Onyxia",0x10a48,0x0,11661,"Shadow Bolt",0x20,Player-4755-01614AC7,0000000000000000,68,100,0,0,0,-1,0,0,0,7.55,-171.61,0,4.6247,68
4/28 18:52:26.441  SPELL_CAST_START,Player-4755-01614AC7,"Mirrimazduur-Dreadmist",0x512,0x0,0000000000000000,nil,0x80000000,0x80000000,11661,"Shadow Bolt",0x20
4/28 18:52:26.441  SWING_DAMAGE,Player-4755-01733879,"Hocwar-Dreadmist",0x40514,0x0,Creature-0-4457-249-1045-10184-000028665C,"Onyxia",0x10a48,0x0,Player-4755-01733879,0000000000000000,98,100,0,0,0,-1,0,0,0,10.67,-193.71,0,5.0393,71,87,132,-1,1,0,0,0,nil,1,nil
4/28 18:52:26.441  SPELL_AURA_APPLIED,Player-4755-01637B0A,"Pindle-Dreadmist",0x514,0x0,Player-4755-01637B0A,"Pindle-Dreadmist",0x514,0x0,13877,"Blade Flurry",0x1,BUFF
4/28 18:52:26.441  SPELL_CAST_SUCCESS,Player-4755-01637B0A,"Pindle-Dreadmist",0x514,0x0,0000000000000000,nil,0x80000000,0x80000000,13877,"Blade Flurry",0x1,Player-4755-01637B0A,0000000000000000,100,100,0,0,0,-1,0,0,0,8.02,-197.02,0,5.2734,65
4/28 18:52:26.458  SWING_DAMAGE,Player-4755-01AC9FD9,"Alexinho-Dreadmist",0x514,0x0,Creature-0-4457-249-1045-10184-000028665C,"Onyxia",0x10a48,0x0,Player-4755-01AC9FD9,0000000000000000,62,100,0,0,0,-1,0,0,0,10.92,-195.42,0,4.7193,66,106,162,-1,1,0,0,0,nil,1,nil
4/28 18:52:26.479  SPELL_DAMAGE,Player-4755-0163DD9D,"Kaspais-Dreadmist",0x514,0x0,Creature-0-4457-249-1045-10184-000028665C,"Onyxia",0x10a48,0x0,10181,"Frostbolt",0x10,Creature-0-4457-249-1045-10184-000028665C,0000000000000000,9,100,0,0,0,-1,0,0,0,11.06,-203.68,0,6.0900,63,1867,848,-1,16,0,0,0,1,nil,nil
4/28 18:52:26.496  SPELL_AURA_REMOVED,Player-4755-0160BD13,"Mafkees-Dreadmist",0x514,0x0,Player-4755-0160BD13,"Mafkees-Dreadmist",0x514,0x0,1719,"Recklessness",0x1,BUFF
4/28 18:52:26.533  SPELL_PERIODIC_DAMAGE,Player-4755-01614AC7,"Mirrimazduur-Dreadmist",0x512,0x0,Creature-0-4457-249-1045-10184-000028665C,"Onyxia",0x10a48,0x0,11672,"Corruption",0x20,Creature-0-4457-249-1045-10184-000028665C,0000000000000000,9,100,0,0,0,-1,0,0,0,11.06,-203.68,0,6.0900,63,208,188,-1,32,0,0,0,nil,nil,nil
4/28 18:52:26.580  SPELL_CAST_START,Player-4755-01E83279,"Nlmasters-Dreadmist",0x514,0x8,0000000000000000,nil,0x80000000,0x80000000,75,"Auto Shot",0x1
4/28 18:52:26.580  SPELL_AURA_APPLIED,Player-4755-0160BD13,"Mafkees-Dreadmist",0x514,0x0,Player-4755-0160BD13,"Mafkees-Dreadmist",0x514,0x0,20007,"Holy Strength",0x2,BUFF
4/28 18:52:26.580  SPELL_HEAL,Player-4755-0160BD13,"Mafkees-Dreadmist",0x514,0x0,Player-4755-0160BD13,"Mafkees-Dreadmist",0x514,0x0,20007,"Holy Strength",0x2,Player-4755-0160BD13,0000000000000000,94,100,0,0,0,-1,0,0,0,8.94,-211.53,0,1.3061,64,44,44,0,0,nil
4/28 18:52:26.580  SPELL_DAMAGE,Player-4755-020BD78D,"Lonehunter-Dreadmist",0x514,0x0,Creature-0-4457-249-1045-10184-000028665C,"Onyxia",0x10a48,0x0,14290,"Multi-Shot",0x1,Creature-0-4457-249-1045-10184-000028665C,0000000000000000,9,100,0,0,0,-1,0,0,0,11.06,-203.68,0,6.0900,63,556,705,-1,1,0,0,0,nil,nil,nil
4/28 18:52:26.598  RANGE_DAMAGE,Player-4755-020BD78D,"Lonehunter-Dreadmist",0x514,0x0,Creature-0-4457-249-1045-10184-000028665C,"Onyxia",0x10a48,0x0,75,"Auto Shot",0x1,Creature-0-4457-249-1045-10184-000028665C,0000000000000000,9,100,0,0,0,-1,0,0,0,11.06,-203.68,0,6.0900,63,963,519,-1,1,0,0,0,1,nil,nil
4/28 18:52:26.631  SWING_DAMAGE,Player-4755-01637B0A,"Pindle-Dreadmist",0x514,0x0,Creature-0-4457-249-1045-10184-000028665C,"Onyxia",0x10a48,0x0,Player-4755-01637B0A,0000000000000000,100,100,0,0,0,-1,0,0,0,8.02,-197.02,0,5.2734,65,270,167,-1,1,0,0,0,1,nil,nil
4/28 18:52:26.647  SWING_DAMAGE,Player-4755-01A6B139,"Sakatan-Dreadmist",0x514,0x0,Creature-0-4457-249-1045-10184-000028665C,"Onyxia",0x10a48,0x0,Player-4755-01A6B139,0000000000000000,71,100,0,0,0,-1,0,0,0,0.38,-189.45,0,5.7577,69,309,192,-1,1,0,0,0,1,nil,nil
4/28 18:52:26.702  SWING_DAMAGE_LANDED,Player-4755-01733879,"Hocwar-Dreadmist",0x40514,0x0,Creature-0-4457-249-1045-10184-000028665C,"Onyxia",0x10a48,0x0,Creature-0-4457-249-1045-10184-000028665C,0000000000000000,9,100,0,0,0,-1,0,0,0,11.06,-203.68,0,6.0900,63,87,132,-1,1,0,0,0,nil,1,nil
4/28 18:52:26.702  SWING_DAMAGE_LANDED,Player-4755-01AC9FD9,"Alexinho-Dreadmist",0x514,0x0,Creature-0-4457-249-1045-10184-000028665C,"Onyxia",0x10a48,0x0,Creature-0-4457-249-1045-10184-000028665C,0000000000000000,9,100,0,0,0,-1,0,0,0,11.06,-203.68,0,6.0900,63,106,162,-1,1,0,0,0,nil,1,nil
4/28 18:52:26.702  SPELL_DAMAGE,Player-4755-0160BD13,"Mafkees-Dreadmist",0x514,0x0,Creature-0-4457-249-1045-10184-000028665C,"Onyxia",0x10a48,0x0,20647,"Execute",0x1,Creature-0-4457-249-1045-10184-000028665C,0000000000000000,8,100,0,0,0,-1,0,0,0,11.06,-203.68,0,6.0900,63,1825,2317,-1,1,0,0,0,nil,nil,nil
4/28 18:52:26.702  SWING_DAMAGE_LANDED,Player-4755-01637B0A,"Pindle-Dreadmist",0x514,0x0,Creature-0-4457-249-1045-10184-000028665C,"Onyxia",0x10a48,0x0,Creature-0-4457-249-1045-10184-000028665C,0000000000000000,8,100,0,0,0,-1,0,0,0,11.06,-203.68,0,6.0900,63,270,167,-1,1,0,0,0,1,nil,nil
4/28 18:52:26.702  SWING_DAMAGE_LANDED,Player-4755-01A6B139,"Sakatan-Dreadmist",0x514,0x0,Creature-0-4457-249-1045-10184-000028665C,"Onyxia",0x10a48,0x0,Creature-0-4457-249-1045-10184-000028665C,0000000000000000,8,100,0,0,0,-1,0,0,0,11.06,-203.68,0,6.0900,63,309,192,-1,1,0,0,0,1,nil,nil
4/28 18:52:26.720  SWING_DAMAGE,Player-4755-0178F416,"Eltorero-Dreadmist",0x514,0x0,Creature-0-4457-249-1045-10184-000028665C,"Onyxia",0x10a48,0x0,Player-4755-0178F416,0000000000000000,64,100,0,0,0,-1,0,0,0,9.15,-217.37,0,1.4644,67,1158,735,-1,1,0,0,0,1,nil,nil
4/28 18:52:26.771  SPELL_PERIODIC_ENERGIZE,Player-4755-0220BD00,"Krikoff-Dreadmist",0x40514,0x0,Player-4755-0220BD00,"Krikoff-Dreadmist",0x40514,0x0,29131,"Bloodrage",0x1,Player-4755-0220BD00,0000000000000000,100,100,0,0,0,-1,0,0,0,24.32,-200.82,0,3.3458,68,1.0000,0.0000,1,1000
4/28 18:52:26.790  SWING_DAMAGE,Creature-0-4457-249-1045-10184-000028665C,"Onyxia",0x10a48,0x0,Player-4755-0220BD00,"Krikoff-Dreadmist",0x40514,0x0,Creature-0-4457-249-1045-10184-000028665C,0000000000000000,8,100,0,0,0,-1,0,0,0,11.06,-203.68,0,6.0900,63,577,1482,-1,1,0,0,0,nil,nil,nil
4/28 18:52:26.821  SPELL_PERIODIC_HEAL,Player-4755-016296D3,"Nivl-Dreadmist",0x514,0x0,Player-4755-01802FE5,"Angrybat-Dreadmist",0x514,0x0,18610,"First Aid",0x1,Player-4755-01802FE5,0000000000000000,100,100,0,0,0,-1,0,0,0,2.47,-178.61,0,4.7969,66,250,250,200,0,nil
4/28 18:52:26.837  SPELL_CAST_SUCCESS,Player-4755-0220BD00,"Krikoff-Dreadmist",0x40514,0x0,Creature-0-4457-249-1045-10184-000028665C,"Onyxia",0x10a48,0x0,11601,"Revenge",0x1,Player-4755-0220BD00,0000000000000000,100,100,0,0,0,-1,0,0,0,24.32,-200.82,0,3.3458,68
4/28 18:52:26.837  SPELL_AURA_APPLIED,Player-4755-0220BD00,"Krikoff-Dreadmist",0x40514,0x0,Player-4755-0220BD00,"Krikoff-Dreadmist",0x40514,0x0,10610,"Windfury Totem",0x8,BUFF
4/28 18:52:26.837  SPELL_EXTRA_ATTACKS,Player-4755-0220BD00,"Krikoff-Dreadmist",0x40514,0x0,Player-4755-0220BD00,"Krikoff-Dreadmist",0x40514,0x0,10610,"Windfury Totem",0x8,1
4/28 18:52:26.855  SPELL_CAST_SUCCESS,Player-4755-0220BD00,"Krikoff-Dreadmist",0x40514,0x0,Creature-0-4457-249-1045-10184-000028665C,"Onyxia",0x10a48,0x0,11567,"Heroic Strike",0x1,Player-4755-0220BD00,0000000000000000,100,100,0,0,0,-1,0,0,0,24.32,-200.82,0,3.3458,68
4/28 18:52:26.855  SPELL_AURA_REMOVED_DOSE,Player-4755-0220BD00,"Krikoff-Dreadmist",0x40514,0x0,Player-4755-0220BD00,"Krikoff-Dreadmist",0x40514,0x0,10610,"Windfury Totem",0x8,BUFF,1
4/28 18:52:26.855  SPELL_CAST_SUCCESS,Player-4755-01FA8DD8,"Roackerita-Dreadmist",0x514,0x0,Player-4755-0163DD9D,"Kaspais-Dreadmist",0x514,0x0,9474,"Flash Heal",0x2,Player-4755-01FA8DD8,0000000000000000,100,100,0,0,0,-1,0,0,0,17.56,-173.91,0,5.8940,69
4/28 18:52:26.937  SWING_MISSED,Player-4755-01637B0A,"Pindle-Dreadmist",0x514,0x0,Creature-0-4457-249-1045-10184-000028665C,"Onyxia",0x10a48,0x0,MISS,1
4/28 18:52:26.969  SPELL_AURA_REMOVED,Player-4755-0163DD9D,"Kaspais-Dreadmist",0x514,0x0,Player-4755-0163DD9D,"Kaspais-Dreadmist",0x514,0x0,10193,"Mana Shield",0x40,BUFF
4/28 18:52:27.019  SWING_MISSED,Pet-0-4457-249-1045-2850-01001956F9,"Kratos",0x1114,0x0,Creature-0-4457-249-1045-10184-000028665C,"Onyxia",0x10a48,0x0,PARRY,nil
4/28 18:52:27.019  SPELL_CAST_SUCCESS,Player-4755-01E83279,"Nlmasters-Dreadmist",0x514,0x8,Creature-0-4457-249-1045-10184-000028665C,"Onyxia",0x10a48,0x0,75,"Auto Shot",0x1,Player-4755-01E83279,0000000000000000,100,100,0,0,0,-1,0,0,0,14.29,-247.14,0,1.6248,71
4/28 18:52:27.036  SWING_MISSED,Player-4755-01A6B139,"Sakatan-Dreadmist",0x514,0x0,Creature-0-4457-249-1045-10184-000028665C,"Onyxia",0x10a48,0x0,DODGE,1
4/28 18:52:27.112  SPELL_AURA_APPLIED,Player-4755-01F21AE6,"Blahu-Dreadmist",0x40514,0x0,Player-4755-01F21AE6,"Blahu-Dreadmist",0x40514,0x0,21887,"Warrior's Wrath",0x1,BUFF
4/28 18:52:27.112  SPELL_AURA_REMOVED,Player-4755-01F21AE6,"Blahu-Dreadmist",0x40514,0x0,Player-4755-01F21AE6,"Blahu-Dreadmist",0x40514,0x0,12970,"Flurry",0x1,BUFF
4/28 18:52:27.112  SPELL_AURA_REMOVED,Player-4755-01F21AE6,"Blahu-Dreadmist",0x40514,0x0,Player-4755-01F21AE6,"Blahu-Dreadmist",0x40514,0x0,10610,"Windfury Totem",0x8,BUFF
4/28 18:52:27.112  SWING_DAMAGE_LANDED,Player-4755-0178F416,"Eltorero-Dreadmist",0x514,0x0,Creature-0-4457-249-1045-10184-000028665C,"Onyxia",0x10a48,0x0,Creature-0-4457-249-1045-10184-000028665C,0000000000000000,8,100,0,0,0,-1,0,0,0,11.06,-203.68,0,6.0900,63,1158,735,-1,1,0,0,0,1,nil,nil
4/28 18:52:27.112  SWING_DAMAGE_LANDED,Creature-0-4457-249-1045-10184-000028665C,"Onyxia",0x10a48,0x0,Player-4755-0220BD00,"Krikoff-Dreadmist",0x40514,0x0,Player-4755-0220BD00,0000000000000000,91,100,0,0,0,-1,0,0,0,24.32,-200.82,0,3.3458,68,577,1482,-1,1,0,0,0,nil,nil,nil
4/28 18:52:27.112  SPELL_DAMAGE,Player-4755-0220BD00,"Krikoff-Dreadmist",0x40514,0x0,Creature-0-4457-249-1045-10184-000028665C,"Onyxia",0x10a48,0x0,11601,"Revenge",0x1,Creature-0-4457-249-1045-10184-000028665C,0000000000000000,8,100,0,0,0,-1,0,0,0,11.06,-203.68,0,6.0900,63,46,58,-1,1,0,0,0,nil,nil,nil
4/28 18:52:27.112  SPELL_DAMAGE,Player-4755-0220BD00,"Krikoff-Dreadmist",0x40514,0x0,Creature-0-4457-249-1045-10184-000028665C,"Onyxia",0x10a48,0x0,11567,"Heroic Strike",0x1,Creature-0-4457-249-1045-10184-000028665C,0000000000000000,8,100,0,0,0,-1,0,0,0,11.06,-203.68,0,6.0900,63,357,453,-1,1,0,0,0,nil,nil,nil
4/28 18:52:27.112  SPELL_HEAL,Player-4755-01FA8DD8,"Roackerita-Dreadmist",0x514,0x0,Player-4755-0163DD9D,"Kaspais-Dreadmist",0x514,0x0,9474,"Flash Heal",0x2,Player-4755-0163DD9D,0000000000000000,83,100,0,0,0,-1,0,0,0,8.42,-174.44,0,4.9150,66,811,811,0,0,nil
4/28 18:52:27.112  SPELL_AURA_REMOVED,Player-4755-016296D3,"Nivl-Dreadmist",0x514,0x0,Player-4755-01802FE5,"Angrybat-Dreadmist",0x514,0x0,18610,"First Aid",0x1,BUFF
4/28 18:52:27.112  SWING_MISSED,Player-4755-01733879,"Hocwar-Dreadmist",0x40514,0x0,Creature-0-4457-249-1045-10184-000028665C,"Onyxia",0x10a48,0x0,MISS,nil
4/28 18:52:27.132  SPELL_CAST_START,Player-4755-01ED7A64,"Sperzieboon-Dreadmist",0x514,0x0,0000000000000000,nil,0x80000000,0x80000000,6063,"Heal",0x2
4/28 18:52:27.193  SWING_MISSED,Player-4755-01840577,"Raggèn-Dreadmist",0x514,0x0,Creature-0-4457-249-1045-10184-000028665C,"Onyxia",0x10a48,0x0,DODGE,nil
4/28 18:52:27.226  SPELL_CAST_SUCCESS,Player-4755-01804B95,"Moymoy-Dreadmist",0x514,0x0,Player-4755-0220BD00,"Krikoff-Dreadmist",0x40514,0x0,331,"Healing Wave",0x8,Player-4755-01804B95,0000000000000000,100,100,0,0,0,-1,0,0,0,14.29,-177.73,0,4.7722,66
4/28 18:52:27.226  SPELL_CAST_START,Player-4755-01FA8DD8,"Roackerita-Dreadmist",0x514,0x0,0000000000000000,nil,0x80000000,0x80000000,9474,"Flash Heal",0x2
4/28 18:52:27.242  SPELL_CAST_SUCCESS,Player-4755-0178F576,"Atreas-Dreadmist",0x514,0x0,Creature-0-4457-249-1045-10184-000028665C,"Onyxia",0x10a48,0x0,20904,"Aimed Shot",0x1,Player-4755-0178F576,0000000000000000,100,100,0,0,0,-1,0,0,0,0.87,-171.31,0,5.0172,66
4/28 18:52:27.258  SPELL_PERIODIC_DAMAGE,Player-4755-0178F416,"Eltorero-Dreadmist",0x514,0x0,Creature-0-4457-249-1045-10184-000028665C,"Onyxia",0x10a48,0x0,12721,"Deep Wound",0x1,Creature-0-4457-249-1045-10184-000028665C,0000000000000000,8,100,0,0,0,-1,0,0,0,11.06,-203.68,0,6.0900,63,146,146,-1,1,0,0,0,nil,nil,nil
4/28 18:52:27.310  SPELL_CAST_START,Player-4755-0178F576,"Atreas-Dreadmist",0x514,0x0,0000000000000000,nil,0x80000000,0x80000000,75,"Auto Shot",0x1
4/28 18:52:27.401  SPELL_CAST_START,Player-4755-020BD78D,"Lonehunter-Dreadmist",0x514,0x0,0000000000000000,nil,0x80000000,0x80000000,75,"Auto Shot",0x1
4/28 18:52:27.470  SPELL_CAST_SUCCESS,Player-4755-01BC57A3,"Saintis-Dreadmist",0x511,0x0,Player-4755-01ED7A64,"Sperzieboon-Dreadmist",0x514,0x0,10917,"Flash Heal",0x2,Player-4755-01BC57A3,0000000000000000,100,100,0,0,0,-1,0,0,0,18.97,-218.75,0,1.9756,68
4/28 18:52:27.489  SPELL_DAMAGE,Player-4755-015FEBD5,"Sauvage-Dreadmist",0x514,0x0,Creature-0-4457-249-1045-10184-000028665C,"Onyxia",0x10a48,0x0,10181,"Frostbolt",0x10,Creature-0-4457-249-1045-10184-000028665C,0000000000000000,8,100,0,0,0,-1,0,0,0,11.06,-203.68,0,6.0900,63,905,822,-1,16,0,0,0,nil,nil,nil
4/28 18:52:27.503  SPELL_CAST_SUCCESS,Player-4755-01802FE5,"Angrybat-Dreadmist",0x514,0x0,Creature-0-4457-249-1045-10184-000028665C,"Onyxia",0x10a48,0x0,10181,"Frostbolt",0x10,Player-4755-01802FE5,0000000000000000,100,100,0,0,0,-1,0,0,0,2.47,-178.61,0,5.0365,66
4/28 18:52:27.503  SPELL_AURA_REMOVED,Player-4755-01802FE5,"Angrybat-Dreadmist",0x514,0x0,Player-4755-01802FE5,"Angrybat-Dreadmist",0x514,0x0,12536,"Clearcasting",0x40,BUFF
4/28 18:52:27.508  SPELL_AURA_REMOVED_DOSE,Player-4755-0178F416,"Eltorero-Dreadmist",0x514,0x0,Player-4755-0178F416,"Eltorero-Dreadmist",0x514,0x0,12970,"Flurry",0x1,BUFF,1
4/28 18:52:27.508  SPELL_AURA_APPLIED_DOSE,Player-4755-0178F416,"Eltorero-Dreadmist",0x514,0x0,Player-4755-0178F416,"Eltorero-Dreadmist",0x514,0x0,12970,"Flurry",0x1,BUFF,3
4/28 18:52:27.508  DAMAGE_SHIELD_MISSED,Player-4755-0220BD00,"Krikoff-Dreadmist",0x40514,0x0,Creature-0-4457-249-1045-10184-000028665C,"Onyxia",0x10a48,0x0,11771,"Fire Shield",0x4,IMMUNE,nil
4/28 18:52:27.508  SPELL_AURA_REMOVED_DOSE,Player-4755-0220BD00,"Krikoff-Dreadmist",0x40514,0x0,Player-4755-0220BD00,"Krikoff-Dreadmist",0x40514,0x0,23888,"Bloodthirst",0x1,BUFF,1
4/28 18:52:27.508  SPELL_HEAL,Player-4755-0220BD00,"Krikoff-Dreadmist",0x40514,0x0,Player-4755-0220BD00,"Krikoff-Dreadmist",0x40514,0x0,23891,"Bloodthirst",0x1,Player-4755-0220BD00,0000000000000000,91,100,0,0,0,-1,0,0,0,24.32,-200.82,0,3.3458,68,20,20,0,0,nil
4/28 18:52:27.508  SPELL_HEAL,Player-4755-0220BD00,"Krikoff-Dreadmist",0x40514,0x0,Player-4755-0220BD00,"Krikoff-Dreadmist",0x40514,0x0,23891,"Bloodthirst",0x1,Player-4755-0220BD00,0000000000000000,92,100,0,0,0,-1,0,0,0,24.32,-200.82,0,3.3458,68,20,20,0,0,nil
4/28 18:52:27.508  SPELL_AURA_REMOVED,Player-4755-0220BD00,"Krikoff-Dreadmist",0x40514,0x0,Player-4755-0220BD00,"Krikoff-Dreadmist",0x40514,0x0,23888,"Bloodthirst",0x1,BUFF
4/28 18:52:27.530  SPELL_HEAL,Player-4755-01804B95,"Moymoy-Dreadmist",0x514,0x0,Player-4755-0220BD00,"Krikoff-Dreadmist",0x40514,0x0,331,"Healing Wave",0x8,Player-4755-0220BD00,0000000000000000,93,100,0,0,0,-1,0,0,0,24.32,-200.82,0,3.3458,68,106,106,0,0,nil
4/28 18:52:27.530  SPELL_AURA_APPLIED_DOSE,Player-4755-01804B95,"Moymoy-Dreadmist",0x514,0x0,Player-4755-0220BD00,"Krikoff-Dreadmist",0x40514,0x0,29203,"Healing Way",0x2,BUFF,2
4/28 18:52:27.530  SPELL_HEAL,Player-4755-01BC57A3,"Saintis-Dreadmist",0x511,0x0,Player-4755-01ED7A64,"Sperzieboon-Dreadmist",0x514,0x0,10917,"Flash Heal",0x2,Player-4755-01ED7A64,0000000000000000,84,100,0,0,0,-1,0,0,0,11.91,-228.70,0,1.6105,67,1202,1202,0,0,nil
4/28 18:52:27.530  SPELL_DAMAGE,Player-4755-0220BD00,"Krikoff-Dreadmist",0x40514,0x0,Creature-0-4457-249-1045-10184-000028665C,"Onyxia",0x10a48,0x0,18104,"Wrath",0x8,Creature-0-4457-249-1045-10184-000028665C,0000000000000000,8,100,0,0,0,-1,0,0,0,11.06,-203.68,0,6.0900,63,96,96,-1,8,0,0,0,nil,nil,nil
4/28 18:52:27.530  SPELL_CAST_SUCCESS,Player-4755-0210153A,"Hapuseneb-Dreadmist",0x514,0x0,Player-4755-015FEBD5,"Sauvage-Dreadmist",0x514,0x0,10917,"Flash Heal",0x2,Player-4755-0210153A,0000000000000000,72,100,0,0,0,-1,0,0,0,7.11,-229.63,0,1.3430,66
4/28 18:52:27.530  SPELL_CAST_START,Player-4755-01802FE5,"Angrybat-Dreadmist",0x514,0x0,0000000000000000,nil,0x80000000,0x80000000,10181,"Frostbolt",0x10
4/28 18:52:27.549  SPELL_DAMAGE,Player-4755-01F36B30,"Rectumqeef-Dreadmist",0x514,0x0,Creature-0-4457-249-1045-10184-000028665C,"Onyxia",0x10a48,0x0,11661,"Shadow Bolt",0x20,Creature-0-4457-249-1045-10184-000028665C,0000000000000000,8,100,0,0,0,-1,0,0,0,11.06,-203.68,0,6.0900,63,1031,937,-1,32,0,0,0,nil,nil,nil
4/28 18:52:27.716  SPELL_CAST_START,Player-4755-01804B95,"Moymoy-Dreadmist",0x514,0x0,0000000000000000,nil,0x80000000,0x80000000,331,"Healing Wave",0x8
4/28 18:52:27.754  SPELL_CAST_SUCCESS,Player-4755-020BD78D,"Lonehunter-Dreadmist",0x514,0x0,Creature-0-4457-249-1045-10184-000028665C,"Onyxia",0x10a48,0x0,75,"Auto Shot",0x1,Player-4755-020BD78D,0000000000000000,100,100,0,0,0,-1,0,0,0,-1.01,-253.57,0,1.3335,71
4/28 18:52:27.754  SPELL_CAST_SUCCESS,Player-4755-0178F576,"Atreas-Dreadmist",0x514,0x0,Creature-0-4457-249-1045-10184-000028665C,"Onyxia",0x10a48,0x0,75,"Auto Shot",0x1,Player-4755-0178F576,0000000000000000,100,100,0,0,0,-1,0,0,0,0.87,-171.31,0,5.0172,66
4/28 18:52:27.754  SPELL_PERIODIC_ENERGIZE,Player-4755-0220BD00,"Krikoff-Dreadmist",0x40514,0x0,Player-4755-0220BD00,"Krikoff-Dreadmist",0x40514,0x0,29131,"Bloodrage",0x1,Player-4755-0220BD00,0000000000000000,93,100,0,0,0,-1,0,0,0,24.32,-200.82,0,3.3458,68,1.0000,0.0000,1,1000
4/28 18:52:27.771  SPELL_PERIODIC_ENERGIZE,Player-4755-01802FE5,"Angrybat-Dreadmist",0x514,0x0,Player-4755-01802FE5,"Angrybat-Dreadmist",0x514,0x0,18194,"Mana Regeneration",0x1,Player-4755-01802FE5,0000000000000000,100,100,0,0,0,-1,0,0,0,2.47,-178.61,0,5.0365,66,8.0000,0.0000,0,6033
4/28 18:52:27.788  SWING_DAMAGE,Player-4755-01637B0A,"Pindle-Dreadmist",0x514,0x0,Creature-0-4457-249-1045-10184-000028665C,"Onyxia",0x10a48,0x0,Player-4755-01637B0A,0000000000000000,100,100,0,0,0,-1,0,0,0,8.02,-197.02,0,5.2714,65,163,206,-1,1,0,0,0,nil,nil,nil
4/28 18:52:27.789  SWING_DAMAGE,Player-4755-01F21AE6,"Blahu-Dreadmist",0x40514,0x0,Creature-0-4457-249-1045-10184-000028665C,"Onyxia",0x10a48,0x0,Player-4755-01F21AE6,0000000000000000,100,100,0,0,0,-1,0,0,0,12.56,-209.13,0,1.9704,70,147,310,-1,1,0,0,0,nil,1,nil
4/28 18:52:27.850  SWING_MISSED,Player-4755-01637B0A,"Pindle-Dreadmist",0x514,0x0,Creature-0-4457-249-1045-10184-000028665C,"Onyxia",0x10a48,0x0,MISS,1
4/28 18:52:27.896  SPELL_CAST_SUCCESS,Pet-0-4457-249-1045-2850-01001956F9,"Kratos",0x1114,0x0,Creature-0-4457-249-1045-10184-000028665C,"Onyxia",0x10a48,0x0,3009,"Claw",0x1,Pet-0-4457-249-1045-2850-01001956F9,Player-4755-0178F576,56,100,0,0,0,-1,0,0,0,12.54,-178.68,0,4.6531,66
4/28 18:52:27.916  SPELL_AURA_REFRESH,Player-4755-0178F416,"Eltorero-Dreadmist",0x514,0x0,Creature-0-4457-249-1045-10184-000028665C,"Onyxia",0x10a48,0x0,12721,"Deep Wound",0x1,DEBUFF
4/28 18:52:27.916  SPELL_HEAL,Player-4755-0210153A,"Hapuseneb-Dreadmist",0x514,0x0,Player-4755-015FEBD5,"Sauvage-Dreadmist",0x514,0x0,10917,"Flash Heal",0x2,Player-4755-015FEBD5,0000000000000000,100,100,0,0,0,-1,0,0,0,4.67,-239.20,0,1.2503,64,1772,1772,1070,0,1
4/28 18:52:27.916  SWING_DAMAGE_LANDED,Player-4755-01637B0A,"Pindle-Dreadmist",0x514,0x0,Creature-0-4457-249-1045-10184-000028665C,"Onyxia",0x10a48,0x0,Creature-0-4457-249-1045-10184-000028665C,0000000000000000,8,100,0,0,0,-1,0,0,0,11.06,-203.68,0,6.0900,63,163,206,-1,1,0,0,0,nil,nil,nil
4/28 18:52:27.916  SWING_DAMAGE_LANDED,Player-4755-01F21AE6,"Blahu-Dreadmist",0x40514,0x0,Creature-0-4457-249-1045-10184-000028665C,"Onyxia",0x10a48,0x0,Creature-0-4457-249-1045-10184-000028665C,0000000000000000,8,100,0,0,0,-1,0,0,0,11.06,-203.68,0,6.0900,63,147,310,-1,1,0,0,0,nil,1,nil
4/28 18:52:27.916  SPELL_DAMAGE,Pet-0-4457-249-1045-2850-01001956F9,"Kratos",0x1114,0x0,Creature-0-4457-249-1045-10184-000028665C,"Onyxia",0x10a48,0x0,3009,"Claw",0x1,Creature-0-4457-249-1045-10184-000028665C,0000000000000000,8,100,0,0,0,-1,0,0,0,11.06,-203.68,0,6.0900,63,68,85,-1,1,0,0,0,nil,nil,nil
4/28 18:52:27.948  SPELL_CAST_SUCCESS,Player-4755-02045EF4,"Necrosini-Dreadmist",0x512,0x0,Player-4755-0220BD00,"Krikoff-Dreadmist",0x40514,0x0,2054,"Heal",0x2,Player-4755-02045EF4,0000000000000000,81,100,0,0,0,-1,0,0,0,10.71,-186.86,0,4.6916,69
4/28 18:52:27.978  SWING_MISSED,Player-4755-01F21AE6,"Blahu-Dreadmist",0x40514,0x0,Creature-0-4457-249-1045-10184-000028665C,"Onyxia",0x10a48,0x0,PARRY,1
4/28 18:52:27.993  SWING_DAMAGE,Creature-0-4457-249-1045-10184-000028665C,"Onyxia",0x10a48,0x0,Player-4755-0220BD00,"Krikoff-Dreadmist",0x40514,0x0,Creature-0-4457-249-1045-10184-000028665C,0000000000000000,8,100,0,0,0,-1,0,0,0,11.06,-203.68,0,6.0900,63,821,1407,-1,1,0,0,0,nil,nil,1
4/28 18:52:28.025  SWING_DAMAGE,Pet-0-4457-249-1045-2850-01001956F9,"Kratos",0x1114,0x0,Creature-0-4457-249-1045-10184-000028665C,"Onyxia",0x10a48,0x0,Pet-0-4457-249-1045-2850-01001956F9,Player-4755-0178F576,56,100,0,0,0,-1,0,0,0,12.54,-178.68,0,4.6531,66,38,77,-1,1,0,0,0,nil,1,nil
4/28 18:52:28.059  SPELL_AURA_APPLIED,Player-4755-0160BD13,"Mafkees-Dreadmist",0x514,0x0,Player-4755-0160BD13,"Mafkees-Dreadmist",0x514,0x0,10610,"Windfury Totem",0x8,BUFF
4/28 18:52:28.059  SPELL_EXTRA_ATTACKS,Player-4755-0160BD13,"Mafkees-Dreadmist",0x514,0x0,Player-4755-0160BD13,"Mafkees-Dreadmist",0x514,0x0,10610,"Windfury Totem",0x8,1
4/28 18:52:28.059  SWING_DAMAGE,Player-4755-0160BD13,"Mafkees-Dreadmist",0x514,0x0,Creature-0-4457-249-1045-10184-000028665C,"Onyxia",0x10a48,0x0,Player-4755-0160BD13,0000000000000000,94,100,0,0,0,-1,0,0,0,8.00,-211.02,0,1.1215,64,1273,808,-1,1,0,0,0,1,nil,nil
4/28 18:52:28.059  SWING_DAMAGE,Player-4755-01733879,"Hocwar-Dreadmist",0x40514,0x0,Creature-0-4457-249-1045-10184-000028665C,"Onyxia",0x10a48,0x0,Player-4755-01733879,0000000000000000,98,100,0,0,0,-1,0,0,0,9.53,-194.10,0,5.0393,71,74,113,-1,1,0,0,0,nil,1,nil
4/28 18:52:28.059  SWING_DAMAGE,Player-4755-0160BD13,"Mafkees-Dreadmist",0x514,0x0,Creature-0-4457-249-1045-10184-000028665C,"Onyxia",0x10a48,0x0,Player-4755-0160BD13,0000000000000000,94,100,0,0,0,-1,0,0,0,8.00,-211.02,0,1.1215,64,704,893,-1,1,0,0,0,nil,nil,nil
4/28 18:52:28.059  SPELL_DAMAGE,Player-4755-01614AC7,"Mirrimazduur-Dreadmist",0x512,0x0,Creature-0-4457-249-1045-10184-000028665C,"Onyxia",0x10a48,0x0,11661,"Shadow Bolt",0x20,Creature-0-4457-249-1045-10184-000028665C,0000000000000000,8,100,0,0,0,-1,0,0,0,11.06,-203.68,0,6.0900,63,1922,873,-1,32,0,0,0,1,nil,nil
4/28 18:52:28.076  SWING_DAMAGE,Player-4755-01A6B139,"Sakatan-Dreadmist",0x514,0x0,Creature-0-4457-249-1045-10184-000028665C,"Onyxia",0x10a48,0x0,Player-4755-01A6B139,0000000000000000,71,100,0,0,0,-1,0,0,0,0.38,-189.45,0,5.7577,69,145,189,-1,1,0,0,0,nil,1,nil
4/28 18:52:28.104  SPELL_DAMAGE,Player-4755-0178F576,"Atreas-Dreadmist",0x514,0x0,Creature-0-4457-249-1045-10184-000028665C,"Onyxia",0x10a48,0x0,20904,"Aimed Shot",0x1,Creature-0-4457-249-1045-10184-000028665C,0000000000000000,8,100,0,0,0,-1,0,0,0,11.06,-203.68,0,6.0900,63,888,1126,-1,1,0,0,0,nil,nil,nil
4/28 18:52:28.117  RANGE_DAMAGE,Player-4755-01E83279,"Nlmasters-Dreadmist",0x514,0x8,Creature-0-4457-249-1045-10184-000028665C,"Onyxia",0x10a48,0x0,75,"Auto Shot",0x1,Creature-0-4457-249-1045-10184-000028665C,0000000000000000,8,100,0,0,0,-1,0,0,0,11.06,-203.68,0,6.0900,63,371,470,-1,1,0,0,0,nil,nil,nil
4/28 18:52:28.249  SWING_MISSED,Player-4755-0220BD00,"Krikoff-Dreadmist",0x40514,0x0,Creature-0-4457-249-1045-10184-000028665C,"Onyxia",0x10a48,0x0,PARRY,1
4/28 18:52:28.249  SWING_DAMAGE,Player-4755-01AC9FD9,"Alexinho-Dreadmist",0x514,0x0,Creature-0-4457-249-1045-10184-000028665C,"Onyxia",0x10a48,0x0,Player-4755-01AC9FD9,0000000000000000,62,100,0,0,0,-1,0,0,0,10.92,-195.42,0,4.7193,66,265,164,-1,1,0,0,0,1,nil,nil
4/28 18:52:28.278  SPELL_PERIODIC_DAMAGE,Player-4755-01F21AE6,"Blahu-Dreadmist",0x40514,0x0,Creature-0-4457-249-1045-10184-000028665C,"Onyxia",0x10a48,0x0,11574,"Rend",0x1,Creature-0-4457-249-1045-10184-000028665C,0000000000000000,8,100,0,0,0,-1,0,0,0,11.06,-203.68,0,6.0900,63,19,18,-1,1,0,0,0,nil,nil,nil
4/28 18:52:28.278  SPELL_AURA_REMOVED,Player-4755-01F21AE6,"Blahu-Dreadmist",0x40514,0x0,Creature-0-4457-249-1045-10184-000028665C,"Onyxia",0x10a48,0x0,11574,"Rend",0x1,DEBUFF
4/28 18:52:28.327  SPELL_HEAL,Player-4755-02045EF4,"Necrosini-Dreadmist",0x512,0x0,Player-4755-0220BD00,"Krikoff-Dreadmist",0x40514,0x0,2054,"Heal",0x2,Player-4755-0220BD00,0000000000000000,100,100,0,0,0,-1,0,0,0,24.32,-200.82,0,3.3458,68,659,659,228,0,nil
4/28 18:52:28.327  SWING_DAMAGE_LANDED,Creature-0-4457-249-1045-10184-000028665C,"Onyxia",0x10a48,0x0,Player-4755-0220BD00,"Krikoff-Dreadmist",0x40514,0x0,Player-4755-0220BD00,0000000000000000,87,100,0,0,0,-1,0,0,0,24.32,-200.82,0,3.3458,68,821,1407,-1,1,0,0,0,nil,nil,1
4/28 18:52:28.327  SWING_DAMAGE_LANDED,Pet-0-4457-249-1045-2850-01001956F9,"Kratos",0x1114,0x0,Creature-0-4457-249-1045-10184-000028665C,"Onyxia",0x10a48,0x0,Creature-0-4457-249-1045-10184-000028665C,0000000000000000,8,100,0,0,0,-1,0,0,0,11.06,-203.68,0,6.0900,63,38,77,-1,1,0,0,0,nil,1,nil
4/28 18:52:28.327  SWING_DAMAGE_LANDED,Player-4755-0160BD13,"Mafkees-Dreadmist",0x514,0x0,Creature-0-4457-249-1045-10184-000028665C,"Onyxia",0x10a48,0x0,Creature-0-4457-249-1045-10184-000028665C,0000000000000000,8,100,0,0,0,-1,0,0,0,11.06,-203.68,0,6.0900,63,1273,808,-1,1,0,0,0,1,nil,nil
4/28 18:52:28.327  SPELL_DAMAGE,Player-4755-0160BD13,"Mafkees-Dreadmist",0x514,0x0,Creature-0-4457-249-1045-10184-000028665C,"Onyxia",0x10a48,0x0,21140,"Fatal Wound",0x1,Creature-0-4457-249-1045-10184-000028665C,0000000000000000,8,100,0,0,0,-1,0,0,0,11.06,-203.68,0,6.0900,63,231,293,-1,1,0,0,0,nil,nil,nil
4/28 18:52:28.327  SWING_DAMAGE_LANDED,Player-4755-01733879,"Hocwar-Dreadmist",0x40514,0x0,Creature-0-4457-249-1045-10184-000028665C,"Onyxia",0x10a48,0x0,Creature-0-4457-249-1045-10184-000028665C,0000000000000000,8,100,0,0,0,-1,0,0,0,11.06,-203.68,0,6.0900,63,74,113,-1,1,0,0,0,nil,1,nil
4/28 18:52:28.327  SWING_DAMAGE_LANDED,Player-4755-0160BD13,"Mafkees-Dreadmist",0x514,0x0,Creature-0-4457-249-1045-10184-000028665C,"Onyxia",0x10a48,0x0,Creature-0-4457-249-1045-10184-000028665C,0000000000000000,7,100,0,0,0,-1,0,0,0,11.06,-203.68,0,6.0900,63,704,893,-1,1,0,0,0,nil,nil,nil
4/28 18:52:28.327  SPELL_MISSED,Player-4755-01614AC7,"Mirrimazduur-Dreadmist",0x512,0x0,Creature-0-4457-249-1045-10184-000028665C,"Onyxia",0x10a48,0x0,17800,"Shadow Vulnerability",0x20,RESIST,nil,0
4/28 18:52:28.327  SWING_DAMAGE_LANDED,Player-4755-01A6B139,"Sakatan-Dreadmist",0x514,0x0,Creature-0-4457-249-1045-10184-000028665C,"Onyxia",0x10a48,0x0,Creature-0-4457-249-1045-10184-000028665C,0000000000000000,7,100,0,0,0,-1,0,0,0,11.06,-203.68,0,6.0900,63,145,189,-1,1,0,0,0,nil,1,nil
4/28 18:52:28.327  SWING_DAMAGE_LANDED,Player-4755-01AC9FD9,"Alexinho-Dreadmist",0x514,0x0,Creature-0-4457-249-1045-10184-000028665C,"Onyxia",0x10a48,0x0,Creature-0-4457-249-1045-10184-000028665C,0000000000000000,7,100,0,0,0,-1,0,0,0,11.06,-203.68,0,6.0900,63,265,164,-1,1,0,0,0,1,nil,nil
4/28 18:52:28.327  SPELL_CAST_START,Player-4755-016296D3,"Nivl-Dreadmist",0x514,0x0,0000000000000000,nil,0x80000000,0x80000000,10623,"Chain Heal",0x8
4/28 18:52:28.343  SPELL_AURA_REMOVED,Player-4755-0220BD00,"Krikoff-Dreadmist",0x40514,0x0,Player-4755-0220BD00,"Krikoff-Dreadmist",0x40514,0x0,10610,"Windfury Totem",0x8,BUFF
4/28 18:52:28.393  SWING_DAMAGE,Player-4755-01A6B139,"Sakatan-Dreadmist",0x514,0x0,Creature-0-4457-249-1045-10184-000028665C,"Onyxia",0x10a48,0x0,Player-4755-01A6B139,0000000000000000,71,100,0,0,0,-1,0,0,0,0.87,-188.60,0,5.7577,69,97,125,-1,1,0,0,0,nil,1,nil
4/28 18:52:28.409  SPELL_CAST_START,Player-4755-01BC57A3,"Saintis-Dreadmist",0x511,0x0,0000000000000000,nil,0x80000000,0x80000000,9474,"Flash Heal",0x2
4/28 18:52:28.442  SPELL_DAMAGE,Player-4755-01802FE5,"Angrybat-Dreadmist",0x514,0x0,Creature-0-4457-249-1045-10184-000028665C,"Onyxia",0x10a48,0x0,10181,"Frostbolt",0x10,Creature-0-4457-249-1045-10184-000028665C,0000000000000000,7,100,0,0,0,-1,0,0,0,11.06,-203.68,0,6.0900,63,953,866,-1,16,0,0,0,nil,nil,nil
4/28 18:52:28.507  SPELL_PERIODIC_DAMAGE,Player-4755-01F36B30,"Rectumqeef-Dreadmist",0x514,0x0,Creature-0-4457-249-1045-10184-000028665C,"Onyxia",0x10a48,0x0,11672,"Corruption",0x20,Creature-0-4457-249-1045-10184-000028665C,0000000000000000,7,100,0,0,0,-1,0,0,0,11.06,-203.68,0,6.0900,63,168,203,-1,32,51,0,0,nil,nil,nil
4/28 18:52:28.507  SPELL_AURA_REMOVED,Player-4755-01F36B30,"Rectumqeef-Dreadmist",0x514,0x0,Creature-0-4457-249-1045-10184-000028665C,"Onyxia",0x10a48,0x0,11672,"Corruption",0x20,DEBUFF
4/28 18:52:28.541  SPELL_AURA_APPLIED,Player-4755-01F21AE6,"Blahu-Dreadmist",0x40514,0x0,Player-4755-01F21AE6,"Blahu-Dreadmist",0x40514,0x0,29131,"Bloodrage",0x1,BUFF
4/28 18:52:28.541  SPELL_CAST_SUCCESS,Player-4755-01F21AE6,"Blahu-Dreadmist",0x40514,0x0,0000000000000000,nil,0x80000000,0x80000000,2687,"Bloodrage",0x1,Player-4755-01F21AE6,0000000000000000,100,100,0,0,0,-1,0,0,0,12.56,-209.13,0,1.9704,70
4/28 18:52:28.604  RANGE_DAMAGE,Player-4755-0178F576,"Atreas-Dreadmist",0x514,0x0,Creature-0-4457-249-1045-10184-000028665C,"Onyxia",0x10a48,0x0,75,"Auto Shot",0x1,Creature-0-4457-249-1045-10184-000028665C,0000000000000000,7,100,0,0,0,-1,0,0,0,11.06,-203.68,0,6.0900,63,958,511,-1,1,0,0,0,1,nil,nil
4/28 18:52:28.635  SPELL_PERIODIC_HEAL,Player-4755-01FA8DD8,"Roackerita-Dreadmist",0x514,0x0,Player-4755-01617EEE,"Fenix-Dreadmist",0x512,0x0,6078,"Renew",0x2,Player-4755-01617EEE,0000000000000000,100,100,0,0,0,-1,0,0,0,20.50,-180.95,0,4.7176,66,236,236,236,0,nil
4/28 18:52:28.698  SPELL_CAST_SUCCESS,Player-4755-015FEBD5,"Sauvage-Dreadmist",0x514,0x0,Creature-0-4457-249-1045-10184-000028665C,"Onyxia",0x10a48,0x0,10181,"Frostbolt",0x10,Player-4755-015FEBD5,0000000000000000,100,100,0,0,0,-1,0,0,0,4.67,-239.20,0,1.2503,64
4/28 18:52:28.698  SPELL_CAST_START,Player-4755-015FEBD5,"Sauvage-Dreadmist",0x514,0x0,0000000000000000,nil,0x80000000,0x80000000,10181,"Frostbolt",0x10
4/28 18:52:28.715  SPELL_CAST_SUCCESS,Player-4755-01804B95,"Moymoy-Dreadmist",0x514,0x0,Player-4755-0220BD00,"Krikoff-Dreadmist",0x40514,0x0,331,"Healing Wave",0x8,Player-4755-01804B95,0000000000000000,100,100,0,0,0,-1,0,0,0,14.29,-177.73,0,4.7722,66
4/28 18:52:28.715  SPELL_AURA_APPLIED,Player-4755-0210153A,"Hapuseneb-Dreadmist",0x514,0x0,Player-4755-015FEBD5,"Sauvage-Dreadmist",0x514,0x0,15359,"Inspiration",0x2,BUFF
4/28 18:52:28.715  DAMAGE_SHIELD_MISSED,Player-4755-0220BD00,"Krikoff-Dreadmist",0x40514,0x0,Creature-0-4457-249-1045-10184-000028665C,"Onyxia",0x10a48,0x0,11771,"Fire Shield",0x4,IMMUNE,nil
4/28 18:52:28.715  SPELL_AURA_REMOVED_DOSE,Player-4755-0160BD13,"Mafkees-Dreadmist",0x514,0x0,Player-4755-0160BD13,"Mafkees-Dreadmist",0x514,0x0,10610,"Windfury Totem",0x8,BUFF,1
4/28 18:52:28.715  SPELL_AURA_REMOVED_DOSE,Player-4755-0160BD13,"Mafkees-Dreadmist",0x514,0x0,Player-4755-0160BD13,"Mafkees-Dreadmist",0x514,0x0,12970,"Flurry",0x1,BUFF,2
4/28 18:52:28.715  SPELL_AURA_APPLIED_DOSE,Player-4755-0160BD13,"Mafkees-Dreadmist",0x514,0x0,Player-4755-0160BD13,"Mafkees-Dreadmist",0x514,0x0,12970,"Flurry",0x1,BUFF,3
4/28 18:52:28.715  SPELL_AURA_REMOVED_DOSE,Player-4755-0160BD13,"Mafkees-Dreadmist",0x514,0x0,Player-4755-0160BD13,"Mafkees-Dreadmist",0x514,0x0,12970,"Flurry",0x1,BUFF,2
4/28 18:52:28.715  SPELL_AURA_REMOVED,Player-4755-0160BD13,"Mafkees-Dreadmist",0x514,0x0,Player-4755-0160BD13,"Mafkees-Dreadmist",0x514,0x0,10610,"Windfury Totem",0x8,BUFF
4/28 18:52:28.715  SWING_DAMAGE_LANDED,Player-4755-01A6B139,"Sakatan-Dreadmist",0x514,0x0,Creature-0-4457-249-1045-10184-000028665C,"Onyxia",0x10a48,0x0,Creature-0-4457-249-1045-10184-000028665C,0000000000000000,7,100,0,0,0,-1,0,0,0,11.06,-203.68,0,6.0900,63,97,125,-1,1,0,0,0,nil,1,nil
4/28 18:52:28.715  SPELL_ENERGIZE,Player-4755-01F21AE6,"Blahu-Dreadmist",0x40514,0x0,Player-4755-01F21AE6,"Blahu-Dreadmist",0x40514,0x0,2687,"Bloodrage",0x1,Player-4755-01F21AE6,0000000000000000,95,100,0,0,0,-1,0,0,0,12.56,-209.13,0,1.9704,70,10.0000,0.0000,1,1000
4/28 18:52:28.715  SPELL_HEAL,Player-4755-01804B95,"Moymoy-Dreadmist",0x514,0x0,Player-4755-0220BD00,"Krikoff-Dreadmist",0x40514,0x0,331,"Healing Wave",0x8,Player-4755-0220BD00,0000000000000000,90,100,0,0,0,-1,0,0,0,24.32,-200.82,0,3.3458,68,175,175,0,0,1
4/28 18:52:28.715  SPELL_AURA_APPLIED_DOSE,Player-4755-01804B95,"Moymoy-Dreadmist",0x514,0x0,Player-4755-0220BD00,"Krikoff-Dreadmist",0x40514,0x0,29203,"Healing Way",0x2,BUFF,3
4/28 18:52:28.715  SPELL_CAST_SUCCESS,Player-4755-01FA8DD8,"Roackerita-Dreadmist",0x514,0x0,Player-4755-0220BD00,"Krikoff-Dreadmist",0x40514,0x0,9474,"Flash Heal",0x2,Player-4755-01FA8DD8,0000000000000000,100,100,0,0,0,-1,0,0,0,17.56,-173.91,0,5.8940,69
4/28 18:52:28.741  SWING_DAMAGE,Player-4755-01637B0A,"Pindle-Dreadmist",0x514,0x0,Creature-0-4457-249-1045-10184-000028665C,"Onyxia",0x10a48,0x0,Player-4755-01637B0A,0000000000000000,100,100,0,0,0,-1,0,0,0,8.41,-196.77,0,5.2577,65,79,106,-1,1,0,0,0,nil,1,nil
4/28 18:52:28.745  SPELL_AURA_APPLIED,Player-4755-01AC9FD9,"Alexinho-Dreadmist",0x514,0x0,Player-4755-01AC9FD9,"Alexinho-Dreadmist",0x514,0x0,10610,"Windfury Totem",0x8,BUFF
4/28 18:52:28.745  SPELL_EXTRA_ATTACKS,Player-4755-01AC9FD9,"Alexinho-Dreadmist",0x514,0x0,Player-4755-01AC9FD9,"Alexinho-Dreadmist",0x514,0x0,10610,"Windfury Totem",0x8,1
4/28 18:52:28.745  SWING_DAMAGE,Player-4755-01AC9FD9,"Alexinho-Dreadmist",0x514,0x0,Creature-0-4457-249-1045-10184-000028665C,"Onyxia",0x10a48,0x0,Player-4755-01AC9FD9,0000000000000000,62,100,0,0,0,-1,0,0,0,10.92,-195.42,0,4.7193,66,582,362,-1,1,0,0,0,1,nil,nil
4/28 18:52:28.763  SPELL_PERIODIC_ENERGIZE,Player-4755-0220BD00,"Krikoff-Dreadmist",0x40514,0x0,Player-4755-0220BD00,"Krikoff-Dreadmist",0x40514,0x0,29131,"Bloodrage",0x1,Player-4755-0220BD00,0000000000000000,90,100,0,0,0,-1,0,0,0,24.32,-200.82,0,3.3458,68,1.0000,0.0000,1,1000
4/28 18:52:28.763  SWING_MISSED,Player-4755-01AC9FD9,"Alexinho-Dreadmist",0x514,0x0,Creature-0-4457-249-1045-10184-000028665C,"Onyxia",0x10a48,0x0,PARRY,nil
4/28 18:52:28.800  SPELL_AURA_REMOVED,Player-4755-0178F416,"Eltorero-Dreadmist",0x514,0x0,Creature-0-4457-249-1045-10184-000028665C,"Onyxia",0x10a48,0x0,11556,"Demoralizing Shout",0x1,DEBUFF
4/28 18:52:28.839  SPELL_CAST_SUCCESS,Player-4755-01F36B30,"Rectumqeef-Dreadmist",0x514,0x0,Creature-0-4457-249-1045-10184-000028665C,"Onyxia",0x10a48,0x0,11661,"Shadow Bolt",0x20,Player-4755-01F36B30,0000000000000000,100,100,0,0,0,-1,0,0,0,11.24,-173.92,0,4.7049,66
4/28 18:52:28.839  SPELL_CAST_SUCCESS,Player-4755-0163DD9D,"Kaspais-Dreadmist",0x514,0x0,Creature-0-4457-249-1045-10184-000028665C,"Onyxia",0x10a48,0x0,10181,"Frostbolt",0x10,Player-4755-0163DD9D,0000000000000000,83,100,0,0,0,-1,0,0,0,8.42,-174.44,0,4.9229,66
4/28 18:52:28.839  SPELL_CAST_START,Player-4755-0163DD9D,"Kaspais-Dreadmist",0x514,0x0,0000000000000000,nil,0x80000000,0x80000000,10181,"Frostbolt",0x10
4/28 18:52:28.874  SPELL_AURA_REMOVED,Player-4755-01A6B139,"Sakatan-Dreadmist",0x514,0x0,Player-4755-01A6B139,"Sakatan-Dreadmist",0x514,0x0,6774,"Slice and Dice",0x1,BUFF
4/28 18:52:28.909  SWING_MISSED,Player-4755-01733879,"Hocwar-Dreadmist",0x40514,0x0,Creature-0-4457-249-1045-10184-000028665C,"Onyxia",0x10a48,0x0,PARRY,nil
4/28 18:52:28.943  SPELL_AURA_APPLIED,Player-4755-01637B0A,"Pindle-Dreadmist",0x514,0x0,Player-4755-01637B0A,"Pindle-Dreadmist",0x514,0x0,10610,"Windfury Totem",0x8,BUFF
4/28 18:52:28.943  SPELL_EXTRA_ATTACKS,Player-4755-01637B0A,"Pindle-Dreadmist",0x514,0x0,Player-4755-01637B0A,"Pindle-Dreadmist",0x514,0x0,10610,"Windfury Totem",0x8,1
4/28 18:52:28.943  SWING_DAMAGE,Player-4755-01637B0A,"Pindle-Dreadmist",0x514,0x0,Creature-0-4457-249-1045-10184-000028665C,"Onyxia",0x10a48,0x0,Player-4755-01637B0A,0000000000000000,100,100,0,0,0,-1,0,0,0,8.02,-197.01,0,5.2616,65,343,213,-1,1,0,0,0,1,nil,nil
4/28 18:52:28.943  SPELL_CAST_SUCCESS,Player-4755-01614AC7,"Mirrimazduur-Dreadmist",0x512,0x0,Creature-0-4457-249-1045-10184-000028665C,"Onyxia",0x10a48,0x0,11661,"Shadow Bolt",0x20,Player-4755-01614AC7,0000000000000000,68,100,0,0,0,-1,0,0,0,7.55,-171.61,0,4.6247,68
4/28 18:52:28.943  SPELL_CAST_START,Player-4755-01614AC7,"Mirrimazduur-Dreadmist",0x512,0x0,0000000000000000,nil,0x80000000,0x80000000,11661,"Shadow Bolt",0x20
4/28 18:52:28.960  SPELL_PERIODIC_HEAL,Player-4755-0210153A,"Hapuseneb-Dreadmist",0x514,0x0,Player-4755-0210153A,"Hapuseneb-Dreadmist",0x514,0x0,10929,"Renew",0x2,Player-4755-0210153A,0000000000000000,79,100,0,0,0,-1,0,0,0,9.81,-229.29,0,1.3430,66,293,293,0,0,nil
4/28 18:52:28.960  SWING_DAMAGE,Player-4755-01637B0A,"Pindle-Dreadmist",0x514,0x0,Creature-0-4457-249-1045-10184-000028665C,"Onyxia",0x10a48,0x0,Player-4755-01637B0A,0000000000000000,100,100,0,0,0,-1,0,0,0,7.93,-197.07,0,5.2694,65,341,211,-1,1,0,0,0,1,nil,nil
4/28 18:52:28.978  SPELL_CAST_SUCCESS,Player-4755-01AC9FD9,"Alexinho-Dreadmist",0x514,0x0,Creature-0-4457-249-1045-10184-000028665C,"Onyxia",0x10a48,0x0,11300,"Eviscerate",0x1,Player-4755-01AC9FD9,0000000000000000,62,100,0,0,0,-1,0,0,0,10.92,-195.42,0,4.7193,66
4/28 18:52:29.015  SWING_DAMAGE,Pet-0-4457-249-1045-2850-01001956F9,"Kratos",0x1114,0x0,Creature-0-4457-249-1045-10184-000028665C,"Onyxia",0x10a48,0x0,Pet-0-4457-249-1045-2850-01001956F9,Player-4755-0178F576,56,100,0,0,0,-1,0,0,0,12.54,-178.68,0,4.6531,66,47,81,-1,1,0,0,0,nil,1,nil
4/28 18:52:29.047  RANGE_DAMAGE,Player-4755-020BD78D,"Lonehunter-Dreadmist",0x514,0x0,Creature-0-4457-249-1045-10184-000028665C,"Onyxia",0x10a48,0x0,75,"Auto Shot",0x1,Creature-0-4457-249-1045-10184-000028665C,0000000000000000,7,100,0,0,0,-1,0,0,0,11.06,-203.68,0,6.0900,63,381,483,-1,1,0,0,0,nil,nil,nil
4/28 18:52:29.111  SPELL_PERIODIC_ENERGIZE,Player-4755-01BC57A3,"Saintis-Dreadmist",0x511,0x0,Player-4755-01BC57A3,"Saintis-Dreadmist",0x511,0x0,18194,"Mana Regeneration",0x1,Player-4755-01BC57A3,0000000000000000,100,100,0,0,0,-1,0,0,0,18.97,-218.75,0,1.9756,68,8.0000,0.0000,0,7212
4/28 18:52:29.111  SPELL_CAST_START,Player-4755-01E83279,"Nlmasters-Dreadmist",0x514,0x8,0000000000000000,nil,0x80000000,0x80000000,75,"Auto Shot",0x1
4/28 18:52:29.111  SPELL_CAST_START,Player-4755-02045EF4,"Necrosini-Dreadmist",0x512,0x0,0000000000000000,nil,0x80000000,0x80000000,2054,"Heal",0x2
4/28 18:52:29.133  SPELL_AURA_REFRESH,Player-4755-0160BD13,"Mafkees-Dreadmist",0x514,0x0,Creature-0-4457-249-1045-10184-000028665C,"Onyxia",0x10a48,0x0,12721,"Deep Wound",0x1,DEBUFF
4/28 18:52:29.133  SPELL_ENERGIZE,Player-4755-0160BD13,"Mafkees-Dreadmist",0x514,0x0,Player-4755-0160BD13,"Mafkees-Dreadmist",0x514,0x0,12964,"Unbridled Wrath",0x1,Player-4755-0160BD13,0000000000000000,94,100,0,0,0,-1,0,0,0,8.29,-211.16,0,1.0783,64,1.0000,0.0000,1,1000
4/28 18:52:29.133  SPELL_ENERGIZE,Player-4755-0160BD13,"Mafkees-Dreadmist",0x514,0x0,Player-4755-0160BD13,"Mafkees-Dreadmist",0x514,0x0,12964,"Unbridled Wrath",0x1,Player-4755-0160BD13,0000000000000000,94,100,0,0,0,-1,0,0,0,8.29,-211.16,0,1.0783,64,1.0000,0.0000,1,1000
4/28 18:52:29.133  SPELL_HEAL,Player-4755-01FA8DD8,"Roackerita-Dreadmist",0x514,0x0,Player-4755-0220BD00,"Krikoff-Dreadmist",0x40514,0x0,9474,"Flash Heal",0x2,Player-4755-0220BD00,0000000000000000,100,100,0,0,0,-1,0,0,0,24.32,-200.82,0,3.3458,68,1213,1213,567,0,1
4/28 18:52:29.133  SWING_DAMAGE_LANDED,Player-4755-01637B0A,"Pindle-Dreadmist",0x514,0x0,Creature-0-4457-249-1045-10184-000028665C,"Onyxia",0x10a48,0x0,Creature-0-4457-249-1045-10184-000028665C,0000000000000000,7,100,0,0,0,-1,0,0,0,11.06,-203.68,0,6.0900,63,79,106,-1,1,0,0,0,nil,1,nil
4/28 18:52:29.133  SWING_DAMAGE_LANDED,Player-4755-01AC9FD9,"Alexinho-Dreadmist",0x514,0x0,Creature-0-4457-249-1045-10184-000028665C,"Onyxia",0x10a48,0x0,Creature-0-4457-249-1045-10184-000028665C,0000000000000000,7,100,0,0,0,-1,0,0,0,11.06,-203.68,0,6.0900,63,582,362,-1,1,0,0,0,1,nil,nil
4/28 18:52:29.133  SPELL_DAMAGE,Player-4755-0160BD13,"Mafkees-Dreadmist",0x514,0x0,Creature-0-4457-249-1045-10184-000028665C,"Onyxia",0x10a48,0x0,20647,"Execute",0x1,Creature-0-4457-249-1045-10184-000028665C,0000000000000000,7,100,0,0,0,-1,0,0,0,11.06,-203.68,0,6.0900,63,1373,1742,-1,1,0,0,0,nil,nil,nil
4/28 18:52:29.133  SWING_DAMAGE_LANDED,Player-4755-01637B0A,"Pindle-Dreadmist",0x514,0x0,Creature-0-4457-249-1045-10184-000028665C,"Onyxia",0x10a48,0x0,Creature-0-4457-249-1045-10184-000028665C,0000000000000000,7,100,0,0,0,-1,0,0,0,11.06,-203.68,0,6.0900,63,343,213,-1,1,0,0,0,1,nil,nil
4/28 18:52:29.133  SWING_DAMAGE_LANDED,Player-4755-01637B0A,"Pindle-Dreadmist",0x514,0x0,Creature-0-4457-249-1045-10184-000028665C,"Onyxia",0x10a48,0x0,Creature-0-4457-249-1045-10184-000028665C,0000000000000000,7,100,0,0,0,-1,0,0,0,11.06,-203.68,0,6.0900,63,341,211,-1,1,0,0,0,1,nil,nil
4/28 18:52:29.133  SPELL_DAMAGE,Player-4755-01AC9FD9,"Alexinho-Dreadmist",0x514,0x0,Creature-0-4457-249-1045-10184-000028665C,"Onyxia",0x10a48,0x0,11300,"Eviscerate",0x1,Creature-0-4457-249-1045-10184-000028665C,0000000000000000,7,100,0,0,0,-1,0,0,0,11.06,-203.68,0,6.0900,63,1904,1184,-1,1,0,0,0,1,nil,nil
4/28 18:52:29.133  SPELL_ENERGIZE,Player-4755-01AC9FD9,"Alexinho-Dreadmist",0x514,0x0,Player-4755-01AC9FD9,"Alexinho-Dreadmist",0x514,0x0,14181,"Relentless Strikes Effect",0x1,Player-4755-01AC9FD9,0000000000000000,62,100,0,0,0,-1,0,0,0,10.92,-195.42,0,4.7193,66,25.0000,0.0000,3,100
4/28 18:52:29.133  SWING_DAMAGE_LANDED,Pet-0-4457-249-1045-2850-01001956F9,"Kratos",0x1114,0x0,Creature-0-4457-249-1045-10184-000028665C,"Onyxia",0x10a48,0x0,Creature-0-4457-249-1045-10184-000028665C,0000000000000000,7,100,0,0,0,-1,0,0,0,11.06,-203.68,0,6.0900,63,47,81,-1,1,0,0,0,nil,1,nil
4/28 18:52:29.166  SWING_MISSED,Creature-0-4457-249-1045-10184-000028665C,"Onyxia",0x10a48,0x0,Player-4755-0220BD00,"Krikoff-Dreadmist",0x40514,0x0,MISS,nil
4/28 18:52:29.223  SPELL_CAST_SUCCESS,Player-4755-01637B0A,"Pindle-Dreadmist",0x514,0x0,Creature-0-4457-249-1045-10184-000028665C,"Onyxia",0x10a48,0x0,11281,"Backstab",0x1,Player-4755-01637B0A,0000000000000000,100,100,0,0,0,-1,0,0,0,7.93,-197.07,0,5.3067,65
4/28 18:52:29.355  SPELL_CAST_START,Player-4755-01F36B30,"Rectumqeef-Dreadmist",0x514,0x0,0000000000000000,nil,0x80000000,0x80000000,11672,"Corruption",0x20
4/28 18:52:29.355  SPELL_CAST_SUCCESS,Player-4755-01F36B30,"Rectumqeef-Dreadmist",0x514,0x0,Creature-0-4457-249-1045-10184-000028665C,"Onyxia",0x10a48,0x0,11672,"Corruption",0x20,Player-4755-01F36B30,0000000000000000,100,100,0,0,0,-1,0,0,0,11.24,-173.92,0,4.7049,66
4/28 18:52:29.355  SPELL_MISSED,Player-4755-01F36B30,"Rectumqeef-Dreadmist",0x514,0x0,Creature-0-4457-249-1045-10184-000028665C,"Onyxia",0x10a48,0x0,11672,"Corruption",0x20,RESIST,nil,0
4/28 18:52:29.371  SPELL_CAST_START,Player-4755-020BD78D,"Lonehunter-Dreadmist",0x514,0x0,0000000000000000,nil,0x80000000,0x80000000,75,"Auto Shot",0x1
4/28 18:52:29.545  SPELL_AURA_APPLIED,Player-4755-01804B95,"Moymoy-Dreadmist",0x514,0x0,Player-4755-0220BD00,"Krikoff-Dreadmist",0x40514,0x0,16237,"Ancestral Fortitude",0x2,BUFF
4/28 18:52:29.545  SPELL_AURA_REMOVED_DOSE,Player-4755-01637B0A,"Pindle-Dreadmist",0x514,0x0,Player-4755-01637B0A,"Pindle-Dreadmist",0x514,0x0,10610,"Windfury Totem",0x8,BUFF,1
4/28 18:52:29.545  SPELL_AURA_REMOVED_DOSE,Player-4755-01AC9FD9,"Alexinho-Dreadmist",0x514,0x0,Player-4755-01AC9FD9,"Alexinho-Dreadmist",0x514,0x0,10610,"Windfury Totem",0x8,BUFF,1
4/28 18:52:29.545  SPELL_AURA_REMOVED,Player-4755-01AC9FD9,"Alexinho-Dreadmist",0x514,0x0,Player-4755-01AC9FD9,"Alexinho-Dreadmist",0x514,0x0,10610,"Windfury Totem",0x8,BUFF
4/28 18:52:29.545  SPELL_EXTRA_ATTACKS,Player-4755-0160BD13,"Mafkees-Dreadmist",0x514,0x0,Player-4755-0160BD13,"Mafkees-Dreadmist",0x514,0x0,15601,"Hand of Justice",0x1,1
4/28 18:52:29.545  SPELL_AURA_REMOVED,Player-4755-01637B0A,"Pindle-Dreadmist",0x514,0x0,Player-4755-01637B0A,"Pindle-Dreadmist",0x514,0x0,10610,"Windfury Totem",0x8,BUFF
4/28 18:52:29.545  SPELL_DAMAGE,Player-4755-01637B0A,"Pindle-Dreadmist",0x514,0x0,Creature-0-4457-249-1045-10184-000028665C,"Onyxia",0x10a48,0x0,11281,"Backstab",0x1,Creature-0-4457-249-1045-10184-000028665C,0000000000000000,7,100,0,0,0,-1,0,0,0,11.06,-203.68,0,6.0900,63,520,659,-1,1,0,0,0,nil,nil,nil
4/28 18:52:29.545  SPELL_PERIODIC_ENERGIZE,Player-4755-01F21AE6,"Blahu-Dreadmist",0x40514,0x0,Player-4755-01F21AE6,"Blahu-Dreadmist",0x40514,0x0,29131,"Bloodrage",0x1,Player-4755-01F21AE6,0000000000000000,95,100,0,0,0,-1,0,0,0,12.56,-209.13,0,1.9704,70,1.0000,0.0000,1,1000
4/28 18:52:29.545  SPELL_PERIODIC_DAMAGE,Player-4755-01614AC7,"Mirrimazduur-Dreadmist",0x512,0x0,Creature-0-4457-249-1045-10184-000028665C,"Onyxia",0x10a48,0x0,11672,"Corruption",0x20,Creature-0-4457-249-1045-10184-000028665C,0000000000000000,7,100,0,0,0,-1,0,0,0,11.06,-203.68,0,6.0900,63,208,188,-1,32,0,0,0,nil,nil,nil
4/28 18:52:29.545  SPELL_CAST_SUCCESS,Player-4755-01E83279,"Nlmasters-Dreadmist",0x514,0x8,Creature-0-4457-249-1045-10184-000028665C,"Onyxia",0x10a48,0x0,75,"Auto Shot",0x1,Player-4755-01E83279,0000000000000000,100,100,0,0,0,-1,0,0,0,12.20,-247.13,0,1.5432,71
4/28 18:52:29.545  SPELL_CAST_SUCCESS,Player-4755-0220BD00,"Krikoff-Dreadmist",0x40514,0x0,Creature-0-4457-249-1045-10184-000028665C,"Onyxia",0x10a48,0x0,11567,"Heroic Strike",0x1,Player-4755-0220BD00,0000000000000000,100,100,0,0,0,-1,0,0,0,24.32,-200.82,0,3.3458,68
4/28 18:52:29.545  SWING_MISSED,Player-4755-0160BD13,"Mafkees-Dreadmist",0x514,0x0,Creature-0-4457-249-1045-10184-000028665C,"Onyxia",0x10a48,0x0,DODGE,nil
4/28 18:52:29.568  SWING_DAMAGE,Player-4755-0178F416,"Eltorero-Dreadmist",0x514,0x0,Creature-0-4457-249-1045-10184-000028665C,"Onyxia",0x10a48,0x0,Player-4755-0178F416,0000000000000000,64,100,0,0,0,-1,0,0,0,8.46,-217.30,0,1.4722,67,581,737,-1,1,0,0,0,nil,nil,nil
4/28 18:52:29.638  SPELL_HEAL,Player-4755-01ED7A64,"Sperzieboon-Dreadmist",0x514,0x0,Player-4755-01ED7A64,"Sperzieboon-Dreadmist",0x514,0x0,6063,"Heal",0x2,Player-4755-01ED7A64,0000000000000000,100,100,0,0,0,-1,0,0,0,11.91,-228.70,0,1.5751,67,1221,1221,610,0,nil
4/28 18:52:29.638  SPELL_CAST_SUCCESS,Player-4755-01ED7A64,"Sperzieboon-Dreadmist",0x514,0x0,Player-4755-01ED7A64,"Sperzieboon-Dreadmist",0x514,0x0,6063,"Heal",0x2,Player-4755-01ED7A64,0000000000000000,100,100,0,0,0,-1,0,0,0,11.91,-228.70,0,1.5751,67
4/28 18:52:29.638  SWING_MISSED,Player-4755-01637B0A,"Pindle-Dreadmist",0x514,0x0,Creature-0-4457-249-1045-10184-000028665C,"Onyxia",0x10a48,0x0,MISS,1
4/28 18:52:29.655  SWING_DAMAGE,Player-4755-01733879,"Hocwar-Dreadmist",0x40514,0x0,Creature-0-4457-249-1045-10184-000028665C,"Onyxia",0x10a48,0x0,Player-4755-01733879,0000000000000000,98,100,0,0,0,-1,0,0,0,10.54,-193.76,0,5.0393,71,79,116,-1,1,0,0,0,nil,1,nil
4/28 18:52:29.671  SPELL_CAST_SUCCESS,Player-4755-01804B95,"Moymoy-Dreadmist",0x514,0x0,0000000000000000,nil,0x80000000,0x80000000,8143,"Tremor Totem",0x8,Player-4755-01804B95,0000000000000000,100,100,0,0,0,-1,0,0,0,14.43,-180.06,0,4.7722,66
4/28 18:52:29.671  SPELL_SUMMON,Player-4755-01804B95,"Moymoy-Dreadmist",0x514,0x0,Creature-0-4457-249-1045-5913-0000286D5D,"Tremor Totem",0xa28,0x0,8143,"Tremor Totem",0x8
4/28 18:52:29.701  SPELL_CAST_SUCCESS,Player-4755-020BD78D,"Lonehunter-Dreadmist",0x514,0x0,Creature-0-4457-249-1045-10184-000028665C,"Onyxia",0x10a48,0x0,75,"Auto Shot",0x1,Player-4755-020BD78D,0000000000000000,100,100,0,0,0,-1,0,0,0,-1.01,-253.57,0,1.3335,71
4/28 18:52:29.701  SWING_DAMAGE,Player-4755-01A6B139,"Sakatan-Dreadmist",0x514,0x0,Creature-0-4457-249-1045-10184-000028665C,"Onyxia",0x10a48,0x0,Player-4755-01A6B139,0000000000000000,71,100,0,0,0,-1,0,0,0,2.03,-188.38,0,5.5063,69,162,222,-1,1,0,0,0,nil,1,nil
4/28 18:52:29.763  SPELL_PERIODIC_ENERGIZE,Player-4755-0220BD00,"Krikoff-Dreadmist",0x40514,0x0,Player-4755-0220BD00,"Krikoff-Dreadmist",0x40514,0x0,29131,"Bloodrage",0x1,Player-4755-0220BD00,0000000000000000,100,100,0,0,0,-1,0,0,0,24.32,-200.82,0,3.3458,68,1.0000,0.0000,1,1000
4/28 18:52:29.763  SPELL_CAST_START,Player-4755-01FA8DD8,"Roackerita-Dreadmist",0x514,0x0,0000000000000000,nil,0x80000000,0x80000000,9474,"Flash Heal",0x2
4/28 18:52:29.778  SPELL_CAST_SUCCESS,Player-4755-01A6B139,"Sakatan-Dreadmist",0x514,0x0,Creature-0-4457-249-1045-10184-000028665C,"Onyxia",0x10a48,0x0,11281,"Backstab",0x1,Player-4755-01A6B139,0000000000000000,71,100,0,0,0,-1,0,0,0,2.03,-188.38,0,5.5063,69
4/28 18:52:29.793  SWING_MISSED,Player-4755-01F21AE6,"Blahu-Dreadmist",0x40514,0x0,Creature-0-4457-249-1045-10184-000028665C,"Onyxia",0x10a48,0x0,PARRY,1
4/28 18:52:29.809  SPELL_CAST_START,Player-4755-0210153A,"Hapuseneb-Dreadmist",0x514,0x0,0000000000000000,nil,0x80000000,0x80000000,6064,"Heal",0x2
4/28 18:52:29.827  SPELL_CAST_SUCCESS,Player-4755-01BC57A3,"Saintis-Dreadmist",0x511,0x0,Player-4755-01AC9FD9,"Alexinho-Dreadmist",0x514,0x0,9474,"Flash Heal",0x2,Player-4755-01BC57A3,0000000000000000,100,100,0,0,0,-1,0,0,0,18.97,-218.75,0,1.9756,68
4/28 18:52:29.843  SPELL_CAST_START,Player-4755-0178F576,"Atreas-Dreadmist",0x514,0x0,0000000000000000,nil,0x80000000,0x80000000,75,"Auto Shot",0x1
4/28 18:52:29.874  SPELL_DAMAGE,Player-4755-0163DD9D,"Kaspais-Dreadmist",0x514,0x0,Creature-0-4457-249-1045-10184-000028665C,"Onyxia",0x10a48,0x0,10181,"Frostbolt",0x10,Creature-0-4457-249-1045-10184-000028665C,0000000000000000,7,100,0,0,0,-1,0,0,0,11.06,-203.68,0,6.0900,63,919,835,-1,16,0,0,0,nil,nil,nil
4/28 18:52:29.892  SPELL_CAST_START,Player-4755-01BC57A3,"Saintis-Dreadmist",0x511,0x0,0000000000000000,nil,0x80000000,0x80000000,9474,"Flash Heal",0x2
4/28 18:52:29.949  SPELL_DAMAGE,Player-4755-0220BD00,"Krikoff-Dreadmist",0x40514,0x0,Creature-0-4457-249-1045-10184-000028665C,"Onyxia",0x10a48,0x0,11567,"Heroic Strike",0x1,Creature-0-4457-249-1045-10184-000028665C,0000000000000000,7,100,0,0,0,-1,0,0,0,11.06,-203.68,0,6.0900,63,662,420,-1,1,0,0,0,1,nil,nil
4/28 18:52:29.949  SWING_DAMAGE_LANDED,Player-4755-0178F416,"Eltorero-Dreadmist",0x514,0x0,Creature-0-4457-249-1045-10184-000028665C,"Onyxia",0x10a48,0x0,Creature-0-4457-249-1045-10184-000028665C,0000000000000000,6,100,0,0,0,-1,0,0,0,11.06,-203.68,0,6.0900,63,581,737,-1,1,0,0,0,nil,nil,nil
4/28 18:52:29.949  SWING_DAMAGE_LANDED,Player-4755-01733879,"Hocwar-Dreadmist",0x40514,0x0,Creature-0-4457-249-1045-10184-000028665C,"Onyxia",0x10a48,0x0,Creature-0-4457-249-1045-10184-000028665C,0000000000000000,6,100,0,0,0,-1,0,0,0,11.06,-203.68,0,6.0900,63,79,116,-1,1,0,0,0,nil,1,nil
4/28 18:52:29.949  SWING_DAMAGE_LANDED,Player-4755-01A6B139,"Sakatan-Dreadmist",0x514,0x0,Creature-0-4457-249-1045-10184-000028665C,"Onyxia",0x10a48,0x0,Creature-0-4457-249-1045-10184-000028665C,0000000000000000,6,100,0,0,0,-1,0,0,0,11.06,-203.68,0,6.0900,63,162,222,-1,1,0,0,0,nil,1,nil
4/28 18:52:29.949  SPELL_DAMAGE,Player-4755-01A6B139,"Sakatan-Dreadmist",0x514,0x0,Creature-0-4457-249-1045-10184-000028665C,"Onyxia",0x10a48,0x0,11281,"Backstab",0x1,Creature-0-4457-249-1045-10184-000028665C,0000000000000000,6,100,0,0,0,-1,0,0,0,11.06,-203.68,0,6.0900,63,1058,586,-1,1,0,0,0,1,nil,nil
4/28 18:52:29.949  SPELL_HEAL,Player-4755-01BC57A3,"Saintis-Dreadmist",0x511,0x0,Player-4755-01AC9FD9,"Alexinho-Dreadmist",0x514,0x0,9474,"Flash Heal",0x2,Player-4755-01AC9FD9,0000000000000000,79,100,0,0,0,-1,0,0,0,10.92,-195.42,0,4.7193,66,762,762,0,0,nil
4/28 18:52:29.949  SPELL_DAMAGE,Player-4755-0178F416,"Eltorero-Dreadmist",0x514,0x0,Creature-0-4457-249-1045-10184-000028665C,"Onyxia",0x10a48,0x0,20647,"Execute",0x1,Creature-0-4457-249-1045-10184-000028665C,0000000000000000,6,100,0,0,0,-1,0,0,0,11.06,-203.68,0,6.0900,63,2821,1627,-1,1,0,0,0,1,nil,nil
4/28 18:52:30.012  SPELL_CAST_SUCCESS,Player-4755-01F21AE6,"Blahu-Dreadmist",0x40514,0x0,Creature-0-4457-249-1045-10184-000028665C,"Onyxia",0x10a48,0x0,23894,"Bloodthirst",0x1,Player-4755-01F21AE6,0000000000000000,95,100,0,0,0,-1,0,0,0,12.56,-209.13,0,1.9704,70
4/28 18:52:30.012  SWING_DAMAGE,Player-4755-01A6B139,"Sakatan-Dreadmist",0x514,0x0,Creature-0-4457-249-1045-10184-000028665C,"Onyxia",0x10a48,0x0,Player-4755-01A6B139,0000000000000000,71,100,0,0,0,-1,0,0,0,2.03,-188.38,0,5.5063,69,102,138,-1,1,0,0,0,nil,1,nil
4/28 18:52:30.027  SWING_DAMAGE,Pet-0-4457-249-1045-2850-01001956F9,"Kratos",0x1114,0x0,Creature-0-4457-249-1045-10184-000028665C,"Onyxia",0x10a48,0x0,Pet-0-4457-249-1045-2850-01001956F9,Player-4755-0178F576,56,100,0,0,0,-1,0,0,0,12.54,-178.68,0,4.6531,66,66,83,-1,1,0,0,0,nil,nil,nil
4/28 18:52:30.027  SPELL_CAST_SUCCESS,Player-4755-01802FE5,"Angrybat-Dreadmist",0x514,0x0,Creature-0-4457-249-1045-10184-000028665C,"Onyxia",0x10a48,0x0,10181,"Frostbolt",0x10,Player-4755-01802FE5,0000000000000000,100,100,0,0,0,-1,0,0,0,2.47,-178.61,0,5.0365,66
4/28 18:52:30.027  SPELL_CAST_START,Player-4755-01802FE5,"Angrybat-Dreadmist",0x514,0x0,0000000000000000,nil,0x80000000,0x80000000,10181,"Frostbolt",0x10
4/28 18:52:30.049  SPELL_MISSED,Player-4755-015FEBD5,"Sauvage-Dreadmist",0x514,0x0,Creature-0-4457-249-1045-10184-000028665C,"Onyxia",0x10a48,0x0,10181,"Frostbolt",0x10,RESIST,nil,0
4/28 18:52:30.058  SWING_DAMAGE,Player-4755-01AC9FD9,"Alexinho-Dreadmist",0x514,0x0,Creature-0-4457-249-1045-10184-000028665C,"Onyxia",0x10a48,0x0,Player-4755-01AC9FD9,0000000000000000,79,100,0,0,0,-1,0,0,0,10.92,-195.42,0,4.7193,66,274,170,-1,1,0,0,0,1,nil,nil
4/28 18:52:30.119  SWING_MISSED,Player-4755-01637B0A,"Pindle-Dreadmist",0x514,0x0,Creature-0-4457-249-1045-10184-000028665C,"Onyxia",0x10a48,0x0,DODGE,nil
4/28 18:52:30.196  SPELL_CAST_START,Player-4755-01ED7A64,"Sperzieboon-Dreadmist",0x514,0x0,0000000000000000,nil,0x80000000,0x80000000,6063,"Heal",0x2
4/28 18:52:30.286  SPELL_CAST_SUCCESS,Player-4755-01733879,"Hocwar-Dreadmist",0x40514,0x0,0000000000000000,nil,0x80000000,0x80000000,11556,"Demoralizing Shout",0x1,Player-4755-01733879,0000000000000000,98,100,0,0,0,-1,0,0,0,10.54,-193.76,0,5.0393,71
4/28 18:52:30.286  SPELL_CAST_SUCCESS,Player-4755-0178F576,"Atreas-Dreadmist",0x514,0x0,Creature-0-4457-249-1045-10184-000028665C,"Onyxia",0x10a48,0x0,75,"Auto Shot",0x1,Player-4755-0178F576,0000000000000000,100,100,0,0,0,-1,0,0,0,0.87,-171.31,0,5.0172,66
4/28 18:52:30.304  SPELL_DAMAGE,Player-4755-01F36B30,"Rectumqeef-Dreadmist",0x514,0x0,Creature-0-4457-249-1045-10184-000028665C,"Onyxia",0x10a48,0x0,11661,"Shadow Bolt",0x20,Creature-0-4457-249-1045-10184-000028665C,0000000000000000,6,100,0,0,0,-1,0,0,0,11.06,-203.68,0,6.0900,63,1053,957,-1,32,0,0,0,nil,nil,nil
4/28 18:52:30.361  SPELL_AURA_APPLIED,Player-4755-0220BD00,"Krikoff-Dreadmist",0x40514,0x0,Player-4755-0220BD00,"Krikoff-Dreadmist",0x40514,0x0,12970,"Flurry",0x1,BUFF
4/28 18:52:30.361  SPELL_AURA_REMOVED_DOSE,Player-4755-0160BD13,"Mafkees-Dreadmist",0x514,0x0,Player-4755-0160BD13,"Mafkees-Dreadmist",0x514,0x0,12970,"Flurry",0x1,BUFF,1
4/28 18:52:30.361  SPELL_AURA_REMOVED_DOSE,Player-4755-0178F416,"Eltorero-Dreadmist",0x514,0x0,Player-4755-0178F416,"Eltorero-Dreadmist",0x514,0x0,12970,"Flurry",0x1,BUFF,2
4/28 18:52:30.361  SPELL_AURA_APPLIED_DOSE,Player-4755-0178F416,"Eltorero-Dreadmist",0x514,0x0,Player-4755-0178F416,"Eltorero-Dreadmist",0x514,0x0,12970,"Flurry",0x1,BUFF,3
4/28 18:52:30.361  SPELL_DAMAGE,Player-4755-01F21AE6,"Blahu-Dreadmist",0x40514,0x0,Creature-0-4457-249-1045-10184-000028665C,"Onyxia",0x10a48,0x0,23894,"Bloodthirst",0x1,Creature-0-4457-249-1045-10184-000028665C,0000000000000000,6,100,0,0,0,-1,0,0,0,11.06,-203.68,0,6.0900,63,346,439,-1,1,0,0,0,nil,nil,nil
4/28 18:52:30.361  SPELL_AURA_APPLIED,Player-4755-01F21AE6,"Blahu-Dreadmist",0x40514,0x0,Player-4755-01F21AE6,"Blahu-Dreadmist",0x40514,0x0,23888,"Bloodthirst",0x1,BUFF
4/28 18:52:30.361  SWING_DAMAGE_LANDED,Player-4755-01A6B139,"Sakatan-Dreadmist",0x514,0x0,Creature-0-4457-249-1045-10184-000028665C,"Onyxia",0x10a48,0x0,Creature-0-4457-249-1045-10184-000028665C,0000000000000000,6,100,0,0,0,-1,0,0,0,11.06,-203.68,0,6.0900,63,102,138,-1,1,0,0,0,nil,1,nil
4/28 18:52:30.361  SWING_DAMAGE_LANDED,Pet-0-4457-249-1045-2850-01001956F9,"Kratos",0x1114,0x0,Creature-0-4457-249-1045-10184-000028665C,"Onyxia",0x10a48,0x0,Creature-0-4457-249-1045-10184-000028665C,0000000000000000,6,100,0,0,0,-1,0,0,0,11.06,-203.68,0,6.0900,63,66,83,-1,1,0,0,0,nil,nil,nil
4/28 18:52:30.361  SWING_DAMAGE_LANDED,Player-4755-01AC9FD9,"Alexinho-Dreadmist",0x514,0x0,Creature-0-4457-249-1045-10184-000028665C,"Onyxia",0x10a48,0x0,Creature-0-4457-249-1045-10184-000028665C,0000000000000000,6,100,0,0,0,-1,0,0,0,11.06,-203.68,0,6.0900,63,274,170,-1,1,0,0,0,1,nil,nil
4/28 18:52:30.361  SPELL_AURA_APPLIED,Player-4755-01733879,"Hocwar-Dreadmist",0x40514,0x0,Creature-0-4457-249-1045-10184-000028665C,"Onyxia",0x10a48,0x0,11556,"Demoralizing Shout",0x1,DEBUFF
4/28 18:52:30.361  SWING_MISSED,Creature-0-4457-249-1045-10184-000028665C,"Onyxia",0x10a48,0x0,Player-4755-0220BD00,"Krikoff-Dreadmist",0x40514,0x0,PARRY,nil
4/28 18:52:30.404  SWING_DAMAGE,Player-4755-01F21AE6,"Blahu-Dreadmist",0x40514,0x0,Creature-0-4457-249-1045-10184-000028665C,"Onyxia",0x10a48,0x0,Player-4755-01F21AE6,0000000000000000,95,100,0,0,0,-1,0,0,0,12.56,-209.13,0,1.9704,70,193,304,-1,1,0,46,0,nil,nil,nil
4/28 18:52:30.509  SPELL_AURA_REMOVED,Player-4755-0178F416,"Eltorero-Dreadmist",0x514,0x0,Player-4755-0178F416,"Eltorero-Dreadmist",0x514,0x0,20007,"Holy Strength",0x2,BUFF
4/28 18:52:30.542  SWING_DAMAGE,Player-4755-01637B0A,"Pindle-Dreadmist",0x514,0x0,Creature-0-4457-249-1045-10184-000028665C,"Onyxia",0x10a48,0x0,Player-4755-01637B0A,0000000000000000,100,100,0,0,0,-1,0,0,0,8.82,-197.27,0,5.2596,65,66,86,-1,1,0,0,0,nil,1,nil
4/28 18:52:30.542  SPELL_PERIODIC_ENERGIZE,Player-4755-01F21AE6,"Blahu-Dreadmist",0x40514,0x0,Player-4755-01F21AE6,"Blahu-Dreadmist",0x40514,0x0,29131,"Bloodrage",0x1,Player-4755-01F21AE6,0000000000000000,95,100,0,0,0,-1,0,0,0,12.56,-209.13,0,1.9704,70,1.0000,0.0000,1,1000
4/28 18:52:30.558  SPELL_DAMAGE,Player-4755-01614AC7,"Mirrimazduur-Dreadmist",0x512,0x0,Creature-0-4457-249-1045-10184-000028665C,"Onyxia",0x10a48,0x0,11661,"Shadow Bolt",0x20,Creature-0-4457-249-1045-10184-000028665C,0000000000000000,6,100,0,0,0,-1,0,0,0,11.06,-203.68,0,6.0900,63,976,887,-1,32,0,0,0,nil,nil,nil
4/28 18:52:30.596  SWING_MISSED,Player-4755-01840577,"Raggèn-Dreadmist",0x514,0x0,Creature-0-4457-249-1045-10184-000028665C,"Onyxia",0x10a48,0x0,PARRY,nil
4/28 18:52:30.596  SPELL_AURA_APPLIED,Player-4755-0160BD13,"Mafkees-Dreadmist",0x514,0x0,Player-4755-0160BD13,"Mafkees-Dreadmist",0x514,0x0,10610,"Windfury Totem",0x8,BUFF
4/28 18:52:30.596  SPELL_EXTRA_ATTACKS,Player-4755-0160BD13,"Mafkees-Dreadmist",0x514,0x0,Player-4755-0160BD13,"Mafkees-Dreadmist",0x514,0x0,10610,"Windfury Totem",0x8,1
4/28 18:52:30.615  SWING_DAMAGE,Player-4755-0160BD13,"Mafkees-Dreadmist",0x514,0x0,Creature-0-4457-249-1045-10184-000028665C,"Onyxia",0x10a48,0x0,Player-4755-0160BD13,0000000000000000,94,100,0,0,0,-1,0,0,0,10.53,-211.68,0,1.3493,64,691,877,-1,1,0,0,0,nil,nil,nil
4/28 18:52:30.634  RANGE_DAMAGE,Player-4755-01E83279,"Nlmasters-Dreadmist",0x514,0x8,Creature-0-4457-249-1045-10184-000028665C,"Onyxia",0x10a48,0x0,75,"Auto Shot",0x1,Creature-0-4457-249-1045-10184-000028665C,0000000000000000,6,100,0,0,0,-1,0,0,0,11.06,-203.68,0,6.0900,63,715,405,-1,1,0,0,0,1,nil,nil
4/28 18:52:30.717  SWING_DAMAGE,Player-4755-01733879,"Hocwar-Dreadmist",0x40514,0x0,Creature-0-4457-249-1045-10184-000028665C,"Onyxia",0x10a48,0x0,Player-4755-01733879,0000000000000000,98,100,0,0,0,-1,0,0,0,10.54,-193.76,0,5.0393,71,128,200,-1,1,0,0,0,nil,1,nil
4/28 18:52:30.766  SPELL_AURA_REFRESH,Player-4755-0178F416,"Eltorero-Dreadmist",0x514,0x0,Creature-0-4457-249-1045-10184-000028665C,"Onyxia",0x10a48,0x0,12721,"Deep Wound",0x1,DEBUFF
4/28 18:52:30.766  SPELL_AURA_REMOVED_DOSE,Player-4755-01F21AE6,"Blahu-Dreadmist",0x40514,0x0,Player-4755-01F21AE6,"Blahu-Dreadmist",0x40514,0x0,23888,"Bloodthirst",0x1,BUFF,4
4/28 18:52:30.766  SPELL_HEAL,Player-4755-01F21AE6,"Blahu-Dreadmist",0x40514,0x0,Player-4755-01F21AE6,"Blahu-Dreadmist",0x40514,0x0,23891,"Bloodthirst",0x1,Player-4755-01F21AE6,0000000000000000,96,100,0,0,0,-1,0,0,0,12.56,-209.13,0,1.9704,70,20,20,0,0,nil
4/28 18:52:30.766  SPELL_AURA_REMOVED,Player-4755-01F21AE6,"Blahu-Dreadmist",0x40514,0x0,Player-4755-01F21AE6,"Blahu-Dreadmist",0x40514,0x0,21887,"Warrior's Wrath",0x1,BUFF
4/28 18:52:30.766  SWING_DAMAGE_LANDED,Player-4755-01F21AE6,"Blahu-Dreadmist",0x40514,0x0,Creature-0-4457-249-1045-10184-000028665C,"Onyxia",0x10a48,0x0,Creature-0-4457-249-1045-10184-000028665C,0000000000000000,6,100,0,0,0,-1,0,0,0,11.06,-203.68,0,6.0900,63,193,304,-1,1,0,0,0,nil,nil,nil
4/28 18:52:30.766  SWING_DAMAGE_LANDED,Player-4755-01637B0A,"Pindle-Dreadmist",0x514,0x0,Creature-0-4457-249-1045-10184-000028665C,"Onyxia",0x10a48,0x0,Creature-0-4457-249-1045-10184-000028665C,0000000000000000,6,100,0,0,0,-1,0,0,0,11.06,-203.68,0,6.0900,63,66,86,-1,1,0,0,0,nil,1,nil
4/28 18:52:30.766  SPELL_DAMAGE,Player-4755-0160BD13,"Mafkees-Dreadmist",0x514,0x0,Creature-0-4457-249-1045-10184-000028665C,"Onyxia",0x10a48,0x0,20647,"Execute",0x1,Creature-0-4457-249-1045-10184-000028665C,0000000000000000,6,100,0,0,0,-1,0,0,0,11.06,-203.68,0,6.0900,63,1623,936,-1,1,0,0,0,1,nil,nil
4/28 18:52:30.766  SWING_DAMAGE_LANDED,Player-4755-0160BD13,"Mafkees-Dreadmist",0x514,0x0,Creature-0-4457-249-1045-10184-000028665C,"Onyxia",0x10a48,0x0,Creature-0-4457-249-1045-10184-000028665C,0000000000000000,6,100,0,0,0,-1,0,0,0,11.06,-203.68,0,6.0900,63,691,877,-1,1,0,0,0,nil,nil,nil
4/28 18:52:30.766  SWING_DAMAGE_LANDED,Player-4755-01733879,"Hocwar-Dreadmist",0x40514,0x0,Creature-0-4457-249-1045-10184-000028665C,"Onyxia",0x10a48,0x0,Creature-0-4457-249-1045-10184-000028665C,0000000000000000,6,100,0,0,0,-1,0,0,0,11.06,-203.68,0,6.0900,63,128,200,-1,1,0,0,0,nil,1,nil
4/28 18:52:30.766  SPELL_PERIODIC_ENERGIZE,Player-4755-0220BD00,"Krikoff-Dreadmist",0x40514,0x0,Player-4755-0220BD00,"Krikoff-Dreadmist",0x40514,0x0,29131,"Bloodrage",0x1,Player-4755-0220BD00,0000000000000000,100,100,0,0,0,-1,0,0,0,24.32,-200.82,0,3.3458,68,1.0000,0.0000,1,1000
4/28 18:52:30.766  SPELL_AURA_REMOVED,Player-4755-0220BD00,"Krikoff-Dreadmist",0x40514,0x0,Player-4755-0220BD00,"Krikoff-Dreadmist",0x40514,0x0,29131,"Bloodrage",0x1,BUFF
4/28 18:52:30.818  SWING_DAMAGE,Player-4755-0220BD00,"Krikoff-Dreadmist",0x40514,0x0,Creature-0-4457-249-1045-10184-000028665C,"Onyxia",0x10a48,0x0,Player-4755-0220BD00,0000000000000000,100,100,0,0,0,-1,0,0,0,24.32,-200.82,0,3.3458,68,135,171,-1,1,0,0,0,nil,nil,nil
4/28 18:52:30.833  SPELL_CAST_SUCCESS,Player-4755-016296D3,"Nivl-Dreadmist",0x514,0x0,Player-4755-01AC9FD9,"Alexinho-Dreadmist",0x514,0x0,10623,"Chain Heal",0x8,Player-4755-016296D3,0000000000000000,100,100,0,0,0,-1,0,0,0,-0.17,-172.81,0,5.7084,69
4/28 18:52:30.863  SPELL_CAST_START,Player-4755-01F36B30,"Rectumqeef-Dreadmist",0x514,0x0,0000000000000000,nil,0x80000000,0x80000000,11672,"Corruption",0x20
4/28 18:52:30.863  SPELL_CAST_SUCCESS,Player-4755-01F36B30,"Rectumqeef-Dreadmist",0x514,0x0,Creature-0-4457-249-1045-10184-000028665C,"Onyxia",0x10a48,0x0,11672,"Corruption",0x20,Player-4755-01F36B30,0000000000000000,100,100,0,0,0,-1,0,0,0,11.24,-173.92,0,4.7049,66
4/28 18:52:30.987  SPELL_CAST_SUCCESS,Player-4755-0220BD00,"Krikoff-Dreadmist",0x40514,0x0,Creature-0-4457-249-1045-10184-000028665C,"Onyxia",0x10a48,0x0,11567,"Heroic Strike",0x1,Player-4755-0220BD00,0000000000000000,100,100,0,0,0,-1,0,0,0,24.32,-200.82,0,3.3458,68
4/28 18:52:30.987  SPELL_MISSED,Player-4755-0220BD00,"Krikoff-Dreadmist",0x40514,0x0,Creature-0-4457-249-1045-10184-000028665C,"Onyxia",0x10a48,0x0,11567,"Heroic Strike",0x1,PARRY,nil
4/28 18:52:30.987  SPELL_AURA_REMOVED_DOSE,Player-4755-0220BD00,"Krikoff-Dreadmist",0x40514,0x0,Player-4755-0220BD00,"Krikoff-Dreadmist",0x40514,0x0,12970,"Flurry",0x1,BUFF,2
4/28 18:52:30.987  SPELL_DAMAGE,Player-4755-01802FE5,"Angrybat-Dreadmist",0x514,0x0,Creature-0-4457-249-1045-10184-000028665C,"Onyxia",0x10a48,0x0,10181,"Frostbolt",0x10,Creature-0-4457-249-1045-10184-000028665C,0000000000000000,5,100,0,0,0,-1,0,0,0,11.06,-203.68,0,6.0900,63,969,880,-1,16,0,0,0,nil,nil,nil
4/28 18:52:30.987  RANGE_DAMAGE,Player-4755-020BD78D,"Lonehunter-Dreadmist",0x514,0x0,Creature-0-4457-249-1045-10184-000028665C,"Onyxia",0x10a48,0x0,75,"Auto Shot",0x1,Creature-0-4457-249-1045-10184-000028665C,0000000000000000,5,100,0,0,0,-1,0,0,0,11.06,-203.68,0,6.0900,63,411,521,-1,1,0,0,0,nil,nil,nil
4/28 18:52:31.022  SWING_DAMAGE,Pet-0-4457-249-1045-2850-01001956F9,"Kratos",0x1114,0x0,Creature-0-4457-249-1045-10184-000028665C,"Onyxia",0x10a48,0x0,Pet-0-4457-249-1045-2850-01001956F9,Player-4755-0178F576,56,100,0,0,0,-1,0,0,0,12.54,-178.68,0,4.6531,66,37,85,-1,1,0,0,0,nil,1,nil
4/28 18:52:31.041  SPELL_CAST_SUCCESS,Player-4755-01AC9FD9,"Alexinho-Dreadmist",0x514,0x0,Creature-0-4457-249-1045-10184-000028665C,"Onyxia",0x10a48,0x0,11294,"Sinister Strike",0x1,Player-4755-01AC9FD9,0000000000000000,79,100,0,0,0,-1,0,0,0,10.92,-195.42,0,4.7193,66
4/28 18:52:31.139  RANGE_DAMAGE,Player-4755-0178F576,"Atreas-Dreadmist",0x514,0x0,Creature-0-4457-249-1045-10184-000028665C,"Onyxia",0x10a48,0x0,75,"Auto Shot",0x1,Creature-0-4457-249-1045-10184-000028665C,0000000000000000,5,100,0,0,0,-1,0,0,0,11.06,-203.68,0,6.0900,63,426,541,-1,1,0,0,0,nil,nil,nil
4/28 18:52:31.158  SPELL_AURA_REMOVED_DOSE,Player-4755-01F21AE6,"Blahu-Dreadmist",0x40514,0x0,Player-4755-01F21AE6,"Blahu-Dreadmist",0x40514,0x0,23888,"Bloodthirst",0x1,BUFF,3
4/28 18:52:31.158  SPELL_HEAL,Player-4755-01F21AE6,"Blahu-Dreadmist",0x40514,0x0,Player-4755-01F21AE6,"Blahu-Dreadmist",0x40514,0x0,23891,"Bloodthirst",0x1,Player-4755-01F21AE6,0000000000000000,96,100,0,0,0,-1,0,0,0,12.56,-209.13,0,1.9704,70,20,20,0,0,nil
4/28 18:52:31.180  SPELL_AURA_APPLIED_DOSE,Player-4755-0160BD13,"Mafkees-Dreadmist",0x514,0x0,Player-4755-0160BD13,"Mafkees-Dreadmist",0x514,0x0,12970,"Flurry",0x1,BUFF,3
4/28 18:52:31.180  SPELL_AURA_REMOVED_DOSE,Player-4755-0160BD13,"Mafkees-Dreadmist",0x514,0x0,Player-4755-0160BD13,"Mafkees-Dreadmist",0x514,0x0,10610,"Windfury Totem",0x8,BUFF,1
4/28 18:52:31.180  SPELL_AURA_REMOVED_DOSE,Player-4755-0160BD13,"Mafkees-Dreadmist",0x514,0x0,Player-4755-0160BD13,"Mafkees-Dreadmist",0x514,0x0,12970,"Flurry",0x1,BUFF,2
4/28 18:52:31.180  SWING_DAMAGE_LANDED,Player-4755-0220BD00,"Krikoff-Dreadmist",0x40514,0x0,Creature-0-4457-249-1045-10184-000028665C,"Onyxia",0x10a48,0x0,Creature-0-4457-249-1045-10184-000028665C,0000000000000000,5,100,0,0,0,-1,0,0,0,11.06,-203.68,0,6.0900,63,135,171,-1,1,0,0,0,nil,nil,nil
4/28 18:52:31.180  SPELL_HEAL,Player-4755-016296D3,"Nivl-Dreadmist",0x514,0x0,Player-4755-01A6B139,"Sakatan-Dreadmist",0x514,0x0,10623,"Chain Heal",0x8,Player-4755-01A6B139,0000000000000000,80,100,0,0,0,-1,0,0,0,2.56,-188.48,0,5.5063,69,392,392,0,0,nil
4/28 18:52:31.180  SPELL_HEAL,Player-4755-016296D3,"Nivl-Dreadmist",0x514,0x0,Player-4755-02045EF4,"Necrosini-Dreadmist",0x512,0x0,10623,"Chain Heal",0x8,Player-4755-02045EF4,0000000000000000,99,100,0,0,0,-1,0,0,0,10.71,-186.86,0,4.6916,69,907,907,0,0,1
4/28 18:52:31.180  SPELL_HEAL,Player-4755-016296D3,"Nivl-Dreadmist",0x514,0x0,Player-4755-01AC9FD9,"Alexinho-Dreadmist",0x514,0x0,10623,"Chain Heal",0x8,Player-4755-01AC9FD9,0000000000000000,99,100,0,0,0,-1,0,0,0,10.92,-195.42,0,4.7193,66,953,953,0,0,nil
4/28 18:52:31.180  SPELL_AURA_APPLIED,Player-4755-01F36B30,"Rectumqeef-Dreadmist",0x514,0x0,Creature-0-4457-249-1045-10184-000028665C,"Onyxia",0x10a48,0x0,11672,"Corruption",0x20,DEBUFF
4/28 18:52:31.180  SWING_DAMAGE_LANDED,Pet-0-4457-249-1045-2850-01001956F9,"Kratos",0x1114,0x0,Creature-0-4457-249-1045-10184-000028665C,"Onyxia",0x10a48,0x0,Creature-0-4457-249-1045-10184-000028665C,0000000000000000,5,100,0,0,0,-1,0,0,0,11.06,-203.68,0,6.0900,63,37,85,-1,1,0,0,0,nil,1,nil
4/28 18:52:31.180  SPELL_DAMAGE,Player-4755-01AC9FD9,"Alexinho-Dreadmist",0x514,0x0,Creature-0-4457-249-1045-10184-000028665C,"Onyxia",0x10a48,0x0,11294,"Sinister Strike",0x1,Creature-0-4457-249-1045-10184-000028665C,0000000000000000,5,100,0,0,0,-1,0,0,0,11.06,-203.68,0,6.0900,63,321,407,-1,1,0,0,0,nil,nil,nil
4/28 18:52:31.180  SPELL_AURA_APPLIED,Player-4755-0178F416,"Eltorero-Dreadmist",0x514,0x0,Player-4755-0178F416,"Eltorero-Dreadmist",0x514,0x0,29131,"Bloodrage",0x1,BUFF
4/28 18:52:31.180  SPELL_CAST_SUCCESS,Player-4755-0178F416,"Eltorero-Dreadmist",0x514,0x0,0000000000000000,nil,0x80000000,0x80000000,2687,"Bloodrage",0x1,Player-4755-0178F416,0000000000000000,64,100,0,0,0,-1,0,0,0,8.55,-216.36,0,1.4722,67
4/28 18:52:31.202  SPELL_CAST_SUCCESS,Player-4755-015FEBD5,"Sauvage-Dreadmist",0x514,0x0,Creature-0-4457-249-1045-10184-000028665C,"Onyxia",0x10a48,0x0,10181,"Frostbolt",0x10,Player-4755-015FEBD5,0000000000000000,100,100,0,0,0,-1,0,0,0,4.67,-239.20,0,1.2503,64
4/28 18:52:31.202  SPELL_CAST_START,Player-4755-015FEBD5,"Sauvage-Dreadmist",0x514,0x0,0000000000000000,nil,0x80000000,0x80000000,10181,"Frostbolt",0x10
4/28 18:52:31.202  SPELL_CAST_START,Player-4755-01617EEE,"Fenix-Dreadmist",0x512,0x0,0000000000000000,nil,0x80000000,0x80000000,10963,"Greater Heal",0x2
4/28 18:52:31.252  SWING_MISSED,Player-4755-01733879,"Hocwar-Dreadmist",0x40514,0x0,Creature-0-4457-249-1045-10184-000028665C,"Onyxia",0x10a48,0x0,PARRY,1
4/28 18:52:31.268  SPELL_CAST_SUCCESS,Player-4755-01FA8DD8,"Roackerita-Dreadmist",0x514,0x0,Player-4755-01A6B139,"Sakatan-Dreadmist",0x514,0x0,9474,"Flash Heal",0x2,Player-4755-01FA8DD8,0000000000000000,100,100,0,0,0,-1,0,0,0,17.56,-173.91,0,5.8940,69
4/28 18:52:31.268  SPELL_AURA_APPLIED,Player-4755-01637B0A,"Pindle-Dreadmist",0x514,0x0,Player-4755-01637B0A,"Pindle-Dreadmist",0x514,0x0,10610,"Windfury Totem",0x8,BUFF
4/28 18:52:31.268  SPELL_EXTRA_ATTACKS,Player-4755-01637B0A,"Pindle-Dreadmist",0x514,0x0,Player-4755-01637B0A,"Pindle-Dreadmist",0x514,0x0,10610,"Windfury Totem",0x8,1
4/28 18:52:31.268  SWING_DAMAGE,Player-4755-01637B0A,"Pindle-Dreadmist",0x514,0x0,Creature-0-4457-249-1045-10184-000028665C,"Onyxia",0x10a48,0x0,Player-4755-01637B0A,0000000000000000,100,100,0,0,0,-1,0,0,0,8.82,-197.27,0,5.2655,65,141,181,-1,1,0,0,0,nil,1,nil
4/28 18:52:31.268  SPELL_CAST_SUCCESS,Player-4755-0220BD00,"Krikoff-Dreadmist",0x40514,0x0,Creature-0-4457-249-1045-10184-000028665C,"Onyxia",0x10a48,0x0,23894,"Bloodthirst",0x1,Player-4755-0220BD00,0000000000000000,100,100,0,0,0,-1,0,0,0,24.32,-200.82,0,3.3458,68
4/28 18:52:31.286  SWING_MISSED,Player-4755-01637B0A,"Pindle-Dreadmist",0x514,0x0,Creature-0-4457-249-1045-10184-000028665C,"Onyxia",0x10a48,0x0,MISS,nil
4/28 18:52:31.288  SPELL_CAST_SUCCESS,Player-4755-01BC57A3,"Saintis-Dreadmist",0x511,0x0,Player-4755-0178F416,"Eltorero-Dreadmist",0x514,0x0,9474,"Flash Heal",0x2,Player-4755-01BC57A3,0000000000000000,100,100,0,0,0,-1,0,0,0,18.97,-218.75,0,1.9756,68
4/28 18:52:31.308  SPELL_CAST_START,Player-4755-020BD78D,"Lonehunter-Dreadmist",0x514,0x0,0000000000000000,nil,0x80000000,0x80000000,75,"Auto Shot",0x1
4/28 18:52:31.326  SPELL_CAST_SUCCESS,Player-4755-0163DD9D,"Kaspais-Dreadmist",0x514,0x0,Creature-0-4457-249-1045-10184-000028665C,"Onyxia",0x10a48,0x0,10181,"Frostbolt",0x10,Player-4755-0163DD9D,0000000000000000,83,100,0,0,0,-1,0,0,0,8.42,-174.44,0,4.9229,66
4/28 18:52:31.326  SPELL_CAST_START,Player-4755-0163DD9D,"Kaspais-Dreadmist",0x514,0x0,0000000000000000,nil,0x80000000,0x80000000,10181,"Frostbolt",0x10
4/28 18:52:31.361  SWING_DAMAGE,Player-4755-01AC9FD9,"Alexinho-Dreadmist",0x514,0x0,Creature-0-4457-249-1045-10184-000028665C,"Onyxia",0x10a48,0x0,Player-4755-01AC9FD9,0000000000000000,99,100,0,0,0,-1,0,0,0,10.92,-195.42,0,4.7193,66,257,388,-1,1,0,0,0,nil,1,nil
4/28 18:52:31.394  SWING_MISSED,Creature-0-4457-249-1045-10184-000028665C,"Onyxia",0x10a48,0x0,Player-4755-0220BD00,"Krikoff-Dreadmist",0x40514,0x0,PARRY,nil
4/28 18:52:31.427  SWING_DAMAGE,Player-4755-01637B0A,"Pindle-Dreadmist",0x514,0x0,Creature-0-4457-249-1045-10184-000028665C,"Onyxia",0x10a48,0x0,Player-4755-01637B0A,0000000000000000,100,100,0,0,0,-1,0,0,0,8.82,-197.27,0,5.2655,65,217,135,-1,1,0,0,0,1,nil,nil
4/28 18:52:31.457  SPELL_CAST_SUCCESS,Player-4755-01614AC7,"Mirrimazduur-Dreadmist",0x512,0x0,Creature-0-4457-249-1045-10184-000028665C,"Onyxia",0x10a48,0x0,11661,"Shadow Bolt",0x20,Player-4755-01614AC7,0000000000000000,69,100,0,0,0,-1,0,0,0,7.55,-171.61,0,4.6247,68
4/28 18:52:31.457  SPELL_CAST_SUCCESS,Player-4755-01614AC7,"Mirrimazduur-Dreadmist",0x512,0x0,0000000000000000,nil,0x80000000,0x80000000,11689,"Life Tap",0x20,Player-4755-01614AC7,0000000000000000,52,100,0,0,0,-1,0,0,0,7.55,-171.61,0,4.6247,68
4/28 18:52:31.517  SPELL_CAST_START,Player-4755-01ED7A64,"Sperzieboon-Dreadmist",0x514,0x0,0000000000000000,nil,0x80000000,0x80000000,6063,"Heal",0x2
4/28 18:52:31.549  SPELL_PERIODIC_ENERGIZE,Player-4755-01F21AE6,"Blahu-Dreadmist",0x40514,0x0,Player-4755-01F21AE6,"Blahu-Dreadmist",0x40514,0x0,29131,"Bloodrage",0x1,Player-4755-01F21AE6,0000000000000000,96,100,0,0,0,-1,0,0,0,12.56,-209.13,0,1.9704,70,1.0000,0.0000,1,1000
4/28 18:52:31.587  SPELL_ENERGIZE,Player-4755-01F21AE6,"Blahu-Dreadmist",0x40514,0x0,Player-4755-01F21AE6,"Blahu-Dreadmist",0x40514,0x0,12964,"Unbridled Wrath",0x1,Player-4755-01F21AE6,0000000000000000,96,100,0,0,0,-1,0,0,0,12.56,-209.13,0,1.9704,70,1.0000,0.0000,1,1000
4/28 18:52:31.587  SPELL_AURA_REFRESH,Player-4755-0160BD13,"Mafkees-Dreadmist",0x514,0x0,Creature-0-4457-249-1045-10184-000028665C,"Onyxia",0x10a48,0x0,12721,"Deep Wound",0x1,DEBUFF
4/28 18:52:31.587  SPELL_ENERGIZE,Player-4755-0160BD13,"Mafkees-Dreadmist",0x514,0x0,Player-4755-0160BD13,"Mafkees-Dreadmist",0x514,0x0,12964,"Unbridled Wrath",0x1,Player-4755-0160BD13,0000000000000000,94,100,0,0,0,-1,0,0,0,9.42,-211.31,0,1.4396,64,1.0000,0.0000,1,1000
4/28 18:52:31.587  SPELL_AURA_REMOVED_DOSE,Player-4755-0220BD00,"Krikoff-Dreadmist",0x40514,0x0,Player-4755-0220BD00,"Krikoff-Dreadmist",0x40514,0x0,12970,"Flurry",0x1,BUFF,1
4/28 18:52:31.587  SPELL_ENERGIZE,Player-4755-0178F416,"Eltorero-Dreadmist",0x514,0x0,Player-4755-0178F416,"Eltorero-Dreadmist",0x514,0x0,2687,"Bloodrage",0x1,Player-4755-0178F416,0000000000000000,57,100,0,0,0,-1,0,0,0,8.55,-216.36,0,1.4722,67,10.0000,0.0000,1,1000
4/28 18:52:31.587  SPELL_HEAL,Player-4755-01FA8DD8,"Roackerita-Dreadmist",0x514,0x0,Player-4755-01A6B139,"Sakatan-Dreadmist",0x514,0x0,9474,"Flash Heal",0x2,Player-4755-01A6B139,0000000000000000,96,100,0,0,0,-1,0,0,0,2.56,-188.48,0,5.5063,69,759,759,0,0,nil
4/28 18:52:31.587  SWING_DAMAGE_LANDED,Player-4755-01637B0A,"Pindle-Dreadmist",0x514,0x0,Creature-0-4457-249-1045-10184-000028665C,"Onyxia",0x10a48,0x0,Creature-0-4457-249-1045-10184-000028665C,0000000000000000,5,100,0,0,0,-1,0,0,0,11.06,-203.68,0,6.0900,63,141,181,-1,1,0,0,0,nil,1,nil
4/28 18:52:31.587  SPELL_DAMAGE,Player-4755-0220BD00,"Krikoff-Dreadmist",0x40514,0x0,Creature-0-4457-249-1045-10184-000028665C,"Onyxia",0x10a48,0x0,23894,"Bloodthirst",0x1,Creature-0-4457-249-1045-10184-000028665C,0000000000000000,5,100,0,0,0,-1,0,0,0,11.06,-203.68,0,6.0900,63,360,456,-1,1,0,0,0,nil,nil,nil
4/28 18:52:31.587  SPELL_AURA_APPLIED,Player-4755-0220BD00,"Krikoff-Dreadmist",0x40514,0x0,Player-4755-0220BD00,"Krikoff-Dreadmist",0x40514,0x0,23888,"Bloodthirst",0x1,BUFF
4/28 18:52:31.587  SPELL_HEAL,Player-4755-01BC57A3,"Saintis-Dreadmist",0x511,0x0,Player-4755-0178F416,"Eltorero-Dreadmist",0x514,0x0,9474,"Flash Heal",0x2,Player-4755-0178F416,0000000000000000,73,100,0,0,0,-1,0,0,0,8.55,-216.36,0,1.4722,67,798,798,0,0,nil
4/28 18:52:31.587  SWING_DAMAGE_LANDED,Player-4755-01AC9FD9,"Alexinho-Dreadmist",0x514,0x0,Creature-0-4457-249-1045-10184-000028665C,"Onyxia",0x10a48,0x0,Creature-0-4457-249-1045-10184-000028665C,0000000000000000,5,100,0,0,0,-1,0,0,0,11.06,-203.68,0,6.0900,63,257,388,-1,1,0,0,0,nil,1,nil
4/28 18:52:31.587  SWING_DAMAGE_LANDED,Player-4755-01637B0A,"Pindle-Dreadmist",0x514,0x0,Creature-0-4457-249-1045-10184-000028665C,"Onyxia",0x10a48,0x0,Creature-0-4457-249-1045-10184-000028665C,0000000000000000,5,100,0,0,0,-1,0,0,0,11.06,-203.68,0,6.0900,63,217,135,-1,1,0,0,0,1,nil,nil
4/28 18:52:31.587  SPELL_DAMAGE,Player-4755-01637B0A,"Pindle-Dreadmist",0x514,0x0,Creature-0-4457-249-1045-10184-000028665C,"Onyxia",0x10a48,0x0,11337,"Instant Poison VI",0x8,Creature-0-4457-249-1045-10184-000028665C,0000000000000000,5,100,0,0,0,-1,0,0,0,11.06,-203.68,0,6.0900,63,148,147,-1,8,0,0,0,nil,nil,nil
4/28 18:52:31.587  SPELL_ENERGIZE,Player-4755-01614AC7,"Mirrimazduur-Dreadmist",0x512,0x0,Player-4755-01614AC7,"Mirrimazduur-Dreadmist",0x512,0x0,31818,"Life Tap",0x20,Player-4755-01614AC7,0000000000000000,52,100,0,0,0,-1,0,0,0,7.55,-171.61,0,4.6247,68,856.0000,0.0000,0,5098
4/28 18:52:31.587  SPELL_AURA_REMOVED,Player-4755-01804B95,"Moymoy-Dreadmist",0x514,0x0,Player-4755-01FA8DD8,"Roackerita-Dreadmist",0x514,0x0,29203,"Healing Way",0x2,BUFF
4/28 18:52:31.587  SWING_DAMAGE,Player-4755-01A6B139,"Sakatan-Dreadmist",0x514,0x0,Creature-0-4457-249-1045-10184-000028665C,"Onyxia",0x10a48,0x0,Player-4755-01A6B139,0000000000000000,96,100,0,0,0,-1,0,0,0,2.56,-188.48,0,5.5063,69,145,189,-1,1,0,0,0,nil,1,nil
4/28 18:52:31.587  SWING_DAMAGE,Player-4755-01F21AE6,"Blahu-Dreadmist",0x40514,0x0,Creature-0-4457-249-1045-10184-000028665C,"Onyxia",0x10a48,0x0,Player-4755-01F21AE6,0000000000000000,96,100,0,0,0,-1,0,0,0,12.56,-209.13,0,1.9704,70,78,122,-1,1,0,0,0,nil,1,nil
4/28 18:52:31.610  SPELL_CAST_SUCCESS,Player-4755-02045EF4,"Necrosini-Dreadmist",0x512,0x0,Player-4755-0220BD00,"Krikoff-Dreadmist",0x40514,0x0,2054,"Heal",0x2,Player-4755-02045EF4,0000000000000000,99,100,0,0,0,-1,0,0,0,10.71,-186.86,0,4.6916,69
4/28 18:52:31.644  SPELL_CAST_START,Player-4755-01E83279,"Nlmasters-Dreadmist",0x514,0x8,0000000000000000,nil,0x80000000,0x80000000,75,"Auto Shot",0x1
4/28 18:52:31.644  SPELL_PERIODIC_HEAL,Player-4755-01FA8DD8,"Roackerita-Dreadmist",0x514,0x0,Player-4755-01617EEE,"Fenix-Dreadmist",0x512,0x0,6078,"Renew",0x2,Player-4755-01617EEE,0000000000000000,100,100,0,0,0,-1,0,0,0,20.50,-180.95,0,4.7176,66,235,235,235,0,nil
4/28 18:52:31.644  SPELL_CAST_SUCCESS,Player-4755-020BD78D,"Lonehunter-Dreadmist",0x514,0x0,Creature-0-4457-249-1045-10184-000028665C,"Onyxia",0x10a48,0x0,75,"Auto Shot",0x1,Player-4755-020BD78D,0000000000000000,100,100,0,0,0,-1,0,0,0,-1.01,-253.57,0,1.3335,71
4/28 18:52:31.644  SPELL_CAST_START,Player-4755-020BD78D,"Lonehunter-Dreadmist",0x514,0x0,0000000000000000,nil,0x80000000,0x80000000,20904,"Aimed Shot",0x1
4/28 18:52:31.648  SPELL_CAST_START,Player-4755-01BC57A3,"Saintis-Dreadmist",0x511,0x0,0000000000000000,nil,0x80000000,0x80000000,2061,"Flash Heal",0x2
4/28 18:52:31.665  SPELL_CAST_START,Player-4755-016296D3,"Nivl-Dreadmist",0x514,0x0,0000000000000000,nil,0x80000000,0x80000000,1064,"Chain Heal",0x8
4/28 18:52:31.775  SWING_MISSED,Player-4755-01A6B139,"Sakatan-Dreadmist",0x514,0x0,Creature-0-4457-249-1045-10184-000028665C,"Onyxia",0x10a48,0x0,MISS,1
4/28 18:52:31.856  SWING_DAMAGE,Player-4755-01AC9FD9,"Alexinho-Dreadmist",0x514,0x0,Creature-0-4457-249-1045-10184-000028665C,"Onyxia",0x10a48,0x0,Player-4755-01AC9FD9,0000000000000000,99,100,0,0,0,-1,0,0,0,10.92,-195.42,0,4.7193,66,90,172,-1,1,0,46,0,nil,nil,nil
4/28 18:52:31.952  SPELL_PERIODIC_HEAL,Player-4755-0210153A,"Hapuseneb-Dreadmist",0x514,0x0,Player-4755-0210153A,"Hapuseneb-Dreadmist",0x514,0x0,10929,"Renew",0x2,Player-4755-0210153A,0000000000000000,87,100,0,0,0,-1,0,0,0,9.92,-228.78,0,1.3430,66,293,293,0,0,nil
4/28 18:52:31.984  SPELL_CAST_SUCCESS,Creature-0-4457-249-1045-10184-000028665C,"Onyxia",0x10a48,0x0,0000000000000000,nil,0x80000000,0x80000000,15847,"Tail Sweep",0x1,Creature-0-4457-249-1045-10184-000028665C,0000000000000000,5,100,0,0,0,-1,0,0,0,11.06,-203.68,0,6.0900,63
4/28 18:52:31.984  SPELL_ENERGIZE,Player-4755-0220BD00,"Krikoff-Dreadmist",0x40514,0x0,Player-4755-0220BD00,"Krikoff-Dreadmist",0x40514,0x0,12964,"Unbridled Wrath",0x1,Player-4755-0220BD00,0000000000000000,100,100,0,0,0,-1,0,0,0,24.32,-200.82,0,3.3458,68,1.0000,0.0000,1,1000
4/28 18:52:31.984  SPELL_AURA_REMOVED_DOSE,Player-4755-01637B0A,"Pindle-Dreadmist",0x514,0x0,Player-4755-01637B0A,"Pindle-Dreadmist",0x514,0x0,10610,"Windfury Totem",0x8,BUFF,1
4/28 18:52:31.984  SPELL_AURA_REMOVED_DOSE,Player-4755-0220BD00,"Krikoff-Dreadmist",0x40514,0x0,Player-4755-0220BD00,"Krikoff-Dreadmist",0x40514,0x0,23888,"Bloodthirst",0x1,BUFF,4
4/28 18:52:31.984  SPELL_HEAL,Player-4755-0220BD00,"Krikoff-Dreadmist",0x40514,0x0,Player-4755-0220BD00,"Krikoff-Dreadmist",0x40514,0x0,23891,"Bloodthirst",0x1,Player-4755-0220BD00,0000000000000000,100,100,0,0,0,-1,0,0,0,24.32,-200.82,0,3.3458,68,20,20,20,0,nil
4/28 18:52:31.984  SPELL_AURA_REMOVED,Player-4755-01637B0A,"Pindle-Dreadmist",0x514,0x0,Player-4755-01637B0A,"Pindle-Dreadmist",0x514,0x0,10610,"Windfury Totem",0x8,BUFF
4/28 18:52:31.984  SWING_DAMAGE_LANDED,Player-4755-01A6B139,"Sakatan-Dreadmist",0x514,0x0,Creature-0-4457-249-1045-10184-000028665C,"Onyxia",0x10a48,0x0,Creature-0-4457-249-1045-10184-000028665C,0000000000000000,5,100,0,0,0,-1,0,0,0,11.06,-203.68,0,6.0900,63,145,189,-1,1,0,0,0,nil,1,nil
4/28 18:52:31.984  SWING_DAMAGE_LANDED,Player-4755-01F21AE6,"Blahu-Dreadmist",0x40514,0x0,Creature-0-4457-249-1045-10184-000028665C,"Onyxia",0x10a48,0x0,Creature-0-4457-249-1045-10184-000028665C,0000000000000000,5,100,0,0,0,-1,0,0,0,11.06,-203.68,0,6.0900,63,78,122,-1,1,0,0,0,nil,1,nil
4/28 18:52:31.984  SPELL_HEAL,Player-4755-02045EF4,"Necrosini-Dreadmist",0x512,0x0,Player-4755-0220BD00,"Krikoff-Dreadmist",0x40514,0x0,2054,"Heal",0x2,Player-4755-0220BD00,0000000000000000,100,100,0,0,0,-1,0,0,0,24.32,-200.82,0,3.3458,68,684,684,684,0,nil
4/28 18:52:31.984  SPELL_DAMAGE,Player-4755-0178F416,"Eltorero-Dreadmist",0x514,0x0,Creature-0-4457-249-1045-10184-000028665C,"Onyxia",0x10a48,0x0,20647,"Execute",0x1,Creature-0-4457-249-1045-10184-000028665C,0000000000000000,5,100,0,0,0,-1,0,0,0,11.06,-203.68,0,6.0900,63,593,752,-1,1,0,0,0,nil,nil,nil
4/28 18:52:31.984  SWING_DAMAGE_LANDED,Player-4755-01AC9FD9,"Alexinho-Dreadmist",0x514,0x0,Creature-0-4457-249-1045-10184-000028665C,"Onyxia",0x10a48,0x0,Creature-0-4457-249-1045-10184-000028665C,0000000000000000,5,100,0,0,0,-1,0,0,0,11.06,-203.68,0,6.0900,63,90,172,-1,1,0,0,0,nil,nil,nil
4/28 18:52:31.984  SPELL_DAMAGE,Creature-0-4457-249-1045-10184-000028665C,"Onyxia",0x10a48,0x0,Player-4755-016DF694,"Ashalan-Dreadmist",0x514,0x0,15847,"Tail Sweep",0x1,Player-4755-016DF694,0000000000000000,85,100,0,0,0,-1,0,0,0,-7.60,-188.07,0,2.6311,67,679,836,-1,1,0,0,0,nil,nil,nil
4/28 18:52:32.045  SWING_DAMAGE,Pet-0-4457-249-1045-2850-01001956F9,"Kratos",0x1114,0x0,Creature-0-4457-249-1045-10184-000028665C,"Onyxia",0x10a48,0x0,Pet-0-4457-249-1045-2850-01001956F9,Player-4755-0178F576,56,100,0,0,0,-1,0,0,0,12.54,-178.68,0,4.6531,66,40,78,-1,1,0,0,0,nil,1,nil
4/28 18:52:32.077  SPELL_CAST_SUCCESS,Player-4755-01E83279,"Nlmasters-Dreadmist",0x514,0x8,Creature-0-4457-249-1045-10184-000028665C,"Onyxia",0x10a48,0x0,75,"Auto Shot",0x1,Player-4755-01E83279,0000000000000000,100,100,0,0,0,-1,0,0,0,12.20,-247.13,0,1.5432,71
4/28 18:52:32.109  SPELL_AURA_REMOVED,Player-4755-0160BD13,"Mafkees-Dreadmist",0x514,0x0,Player-4755-0160BD13,"Mafkees-Dreadmist",0x514,0x0,10610,"Windfury Totem",0x8,BUFF
4/28 18:52:32.129  SPELL_AURA_APPLIED,Player-4755-0160BD13,"Mafkees-Dreadmist",0x514,0x0,Player-4755-0160BD13,"Mafkees-Dreadmist",0x514,0x0,18499,"Berserker Rage",0x1,BUFF
4/28 18:52:32.129  SPELL_CAST_SUCCESS,Player-4755-0160BD13,"Mafkees-Dreadmist",0x514,0x0,0000000000000000,nil,0x80000000,0x80000000,18499,"Berserker Rage",0x1,Player-4755-0160BD13,0000000000000000,94,100,0,0,0,-1,0,0,0,9.71,-210.58,0,1.4043,64
4/28 18:52:32.165  SPELL_PERIODIC_ENERGIZE,Player-4755-0178F416,"Eltorero-Dreadmist",0x514,0x0,Player-4755-0178F416,"Eltorero-Dreadmist",0x514,0x0,29131,"Bloodrage",0x1,Player-4755-0178F416,0000000000000000,73,100,0,0,0,-1,0,0,0,8.55,-216.36,0,1.4722,67,1.0000,0.0000,1,1000
4/28 18:52:32.236  SPELL_CAST_SUCCESS,Player-4755-0220BD00,"Krikoff-Dreadmist",0x40514,0x0,Creature-0-4457-249-1045-10184-000028665C,"Onyxia",0x10a48,0x0,11567,"Heroic Strike",0x1,Player-4755-0220BD00,0000000000000000,100,100,0,0,0,-1,0,0,0,24.32,-200.82,0,3.3458,68
4/28 18:52:32.236  SPELL_AURA_REMOVED,Player-4755-0220BD00,"Krikoff-Dreadmist",0x40514,0x0,Player-4755-0220BD00,"Krikoff-Dreadmist",0x40514,0x0,12970,"Flurry",0x1,BUFF
4/28 18:52:32.300  SPELL_CAST_SUCCESS,Player-4755-0210153A,"Hapuseneb-Dreadmist",0x514,0x0,Player-4755-0178F416,"Eltorero-Dreadmist",0x514,0x0,6064,"Heal",0x2,Player-4755-0210153A,0000000000000000,87,100,0,0,0,-1,0,0,0,9.92,-228.78,0,1.3430,66
4/28 18:52:32.331  SWING_MISSED,Player-4755-01637B0A,"Pindle-Dreadmist",0x514,0x0,Creature-0-4457-249-1045-10184-000028665C,"Onyxia",0x10a48,0x0,MISS,1
4/28 18:52:32.346  SPELL_AURA_APPLIED,Player-4755-01A6B139,"Sakatan-Dreadmist",0x514,0x0,Player-4755-01A6B139,"Sakatan-Dreadmist",0x514,0x0,6774,"Slice and Dice",0x1,BUFF
4/28 18:52:32.346  SPELL_CAST_SUCCESS,Player-4755-01A6B139,"Sakatan-Dreadmist",0x514,0x0,Creature-0-4457-249-1045-10184-000028665C,"Onyxia",0x10a48,0x0,6774,"Slice and Dice",0x1,Player-4755-01A6B139,0000000000000000,96,100,0,0,0,-1,0,0,0,2.56,-188.48,0,5.5063,69
4/28 18:52:32.382  UNIT_DESTROYED,0000000000000000,nil,0x80000000,0x80000000,Creature-0-4457-249-1045-7402-0000286D29,"Searing Totem VI",0x2114,0x0
4/28 18:52:32.382  SPELL_AURA_REMOVED_DOSE,Player-4755-01F21AE6,"Blahu-Dreadmist",0x40514,0x0,Player-4755-01F21AE6,"Blahu-Dreadmist",0x40514,0x0,23888,"Bloodthirst",0x1,BUFF,2
4/28 18:52:32.382  SPELL_HEAL,Player-4755-01F21AE6,"Blahu-Dreadmist",0x40514,0x0,Player-4755-01F21AE6,"Blahu-Dreadmist",0x40514,0x0,23891,"Bloodthirst",0x1,Player-4755-01F21AE6,0000000000000000,96,100,0,0,0,-1,0,0,0,13.33,-208.81,0,1.9704,70,20,20,0,0,nil
4/28 18:52:32.382  SWING_DAMAGE_LANDED,Pet-0-4457-249-1045-2850-01001956F9,"Kratos",0x1114,0x0,Creature-0-4457-249-1045-10184-000028665C,"Onyxia",0x10a48,0x0,Creature-0-4457-249-1045-10184-000028665C,0000000000000000,5,100,0,0,0,-1,0,0,0,11.06,-203.68,0,6.0900,63,40,78,-1,1,0,0,0,nil,1,nil
4/28 18:52:32.382  SPELL_DAMAGE,Player-4755-0220BD00,"Krikoff-Dreadmist",0x40514,0x0,Creature-0-4457-249-1045-10184-000028665C,"Onyxia",0x10a48,0x0,11567,"Heroic Strike",0x1,Creature-0-4457-249-1045-10184-000028665C,0000000000000000,5,100,0,0,0,-1,0,0,0,11.06,-203.68,0,6.0900,63,316,400,-1,1,0,0,0,nil,nil,nil
4/28 18:52:32.382  SPELL_HEAL,Player-4755-0210153A,"Hapuseneb-Dreadmist",0x514,0x0,Player-4755-0178F416,"Eltorero-Dreadmist",0x514,0x0,6064,"Heal",0x2,Player-4755-0178F416,0000000000000000,100,100,0,0,0,-1,0,0,0,8.55,-216.36,0,1.4722,67,1972,1972,662,0,1
4/28 18:52:32.382  SPELL_DAMAGE,Player-4755-0163DD9D,"Kaspais-Dreadmist",0x514,0x0,Creature-0-4457-249-1045-10184-000028665C,"Onyxia",0x10a48,0x0,10181,"Frostbolt",0x10,Creature-0-4457-249-1045-10184-000028665C,0000000000000000,5,100,0,0,0,-1,0,0,0,11.06,-203.68,0,6.0900,63,921,836,-1,16,0,0,0,nil,nil,nil
4/28 18:52:32.382  SPELL_AURA_REMOVED,Player-4755-02045EF4,"Necrosini-Dreadmist",0x512,0x0,Player-4755-0220BD00,"Krikoff-Dreadmist",0x40514,0x0,6788,"Weakened Soul",0x2,DEBUFF
4/28 18:52:32.411  SWING_DAMAGE,Player-4755-0178F416,"Eltorero-Dreadmist",0x514,0x0,Creature-0-4457-249-1045-10184-000028665C,"Onyxia",0x10a48,0x0,Player-4755-0178F416,0000000000000000,100,100,0,0,0,-1,0,0,0,8.55,-216.36,0,1.4722,67,376,755,-1,1,0,0,0,nil,1,nil
4/28 18:52:32.447  SWING_DAMAGE,Player-4755-01637B0A,"Pindle-Dreadmist",0x514,0x0,Creature-0-4457-249-1045-10184-000028665C,"Onyxia",0x10a48,0x0,Player-4755-01637B0A,0000000000000000,100,100,0,0,0,-1,0,0,0,8.82,-197.27,0,5.2891,65,349,216,-1,1,0,0,0,1,nil,nil
4/28 18:52:32.499  SPELL_CAST_START,Player-4755-02045EF4,"Necrosini-Dreadmist",0x512,0x0,0000000000000000,nil,0x80000000,0x80000000,2054,"Heal",0x2
4/28 18:52:32.499  SPELL_DAMAGE,Player-4755-015FEBD5,"Sauvage-Dreadmist",0x514,0x0,Creature-0-4457-249-1045-10184-000028665C,"Onyxia",0x10a48,0x0,10181,"Frostbolt",0x10,Creature-0-4457-249-1045-10184-000028665C,0000000000000000,5,100,0,0,0,-1,0,0,0,11.06,-203.68,0,6.0900,63,889,808,-1,16,0,0,0,nil,nil,nil
4/28 18:52:32.533  SPELL_AURA_APPLIED,Player-4755-01733879,"Hocwar-Dreadmist",0x40514,0x0,Player-4755-01733879,"Hocwar-Dreadmist",0x40514,0x0,10610,"Windfury Totem",0x8,BUFF
4/28 18:52:32.533  SPELL_EXTRA_ATTACKS,Player-4755-01733879,"Hocwar-Dreadmist",0x40514,0x0,Player-4755-01733879,"Hocwar-Dreadmist",0x40514,0x0,10610,"Windfury Totem",0x8,1
4/28 18:52:32.533  SWING_DAMAGE,Player-4755-01733879,"Hocwar-Dreadmist",0x40514,0x0,Creature-0-4457-249-1045-10184-000028665C,"Onyxia",0x10a48,0x0,Player-4755-01733879,0000000000000000,98,100,0,0,0,-1,0,0,0,9.95,-193.96,0,5.0393,71,138,234,-1,1,0,46,0,nil,nil,nil
4/28 18:52:32.533  SPELL_CAST_SUCCESS,Player-4755-01802FE5,"Angrybat-Dreadmist",0x514,0x0,Creature-0-4457-249-1045-10184-000028665C,"Onyxia",0x10a48,0x0,10181,"Frostbolt",0x10,Player-4755-01802FE5,0000000000000000,100,100,0,0,0,-1,0,0,0,2.47,-178.61,0,5.0365,66
4/28 18:52:32.533  SPELL_CAST_START,Player-4755-01802FE5,"Angrybat-Dreadmist",0x514,0x0,0000000000000000,nil,0x80000000,0x80000000,10181,"Frostbolt",0x10
4/28 18:52:32.533  SPELL_PERIODIC_ENERGIZE,Player-4755-01F21AE6,"Blahu-Dreadmist",0x40514,0x0,Player-4755-01F21AE6,"Blahu-Dreadmist",0x40514,0x0,29131,"Bloodrage",0x1,Player-4755-01F21AE6,0000000000000000,96,100,0,0,0,-1,0,0,0,13.33,-208.81,0,1.9704,70,1.0000,0.0000,1,1000
4/28 18:52:32.533  SPELL_PERIODIC_DAMAGE,Player-4755-01614AC7,"Mirrimazduur-Dreadmist",0x512,0x0,Creature-0-4457-249-1045-10184-000028665C,"Onyxia",0x10a48,0x0,11672,"Corruption",0x20,Creature-0-4457-249-1045-10184-000028665C,0000000000000000,5,100,0,0,0,-1,0,0,0,11.06,-203.68,0,6.0900,63,208,188,-1,32,0,0,0,nil,nil,nil
4/28 18:52:32.533  SPELL_AURA_REMOVED,Player-4755-01614AC7,"Mirrimazduur-Dreadmist",0x512,0x0,Creature-0-4457-249-1045-10184-000028665C,"Onyxia",0x10a48,0x0,11672,"Corruption",0x20,DEBUFF
4/28 18:52:32.533  SWING_DAMAGE,Player-4755-01733879,"Hocwar-Dreadmist",0x40514,0x0,Creature-0-4457-249-1045-10184-000028665C,"Onyxia",0x10a48,0x0,Player-4755-01733879,0000000000000000,98,100,0,0,0,-1,0,0,0,9.95,-193.96,0,5.0393,71,173,245,-1,1,0,0,0,nil,1,nil
4/28 18:52:32.629  SPELL_CAST_START,Player-4755-01FA8DD8,"Roackerita-Dreadmist",0x514,0x0,0000000000000000,nil,0x80000000,0x80000000,9474,"Flash Heal",0x2
4/28 18:52:32.659  SPELL_AURA_REMOVED,Player-4755-01F21AE6,"Blahu-Dreadmist",0x40514,0x0,Player-4755-01F21AE6,"Blahu-Dreadmist",0x40514,0x0,71,"Defensive Stance",0x1,BUFF
4/28 18:52:32.659  SPELL_AURA_APPLIED,Player-4755-01F21AE6,"Blahu-Dreadmist",0x40514,0x0,Player-4755-01F21AE6,"Blahu-Dreadmist",0x40514,0x0,2458,"Berserker Stance",0x1,BUFF
4/28 18:52:32.676  SPELL_CAST_SUCCESS,Player-4755-01F21AE6,"Blahu-Dreadmist",0x40514,0x0,0000000000000000,nil,0x80000000,0x80000000,2458,"Berserker Stance",0x1,Player-4755-01F21AE6,0000000000000000,96,100,0,0,0,-1,0,0,0,13.33,-208.81,0,1.9704,70
4/28 18:52:32.709  SPELL_CAST_START,Player-4755-0210153A,"Hapuseneb-Dreadmist",0x514,0x0,0000000000000000,nil,0x80000000,0x80000000,6064,"Heal",0x2
4/28 18:52:32.723  SPELL_CAST_START,Player-4755-0178F576,"Atreas-Dreadmist",0x514,0x0,0000000000000000,nil,0x80000000,0x80000000,75,"Auto Shot",0x1
4/28 18:52:32.768  SPELL_PERIODIC_ENERGIZE,Player-4755-01802FE5,"Angrybat-Dreadmist",0x514,0x0,Player-4755-01802FE5,"Angrybat-Dreadmist",0x514,0x0,18194,"Mana Regeneration",0x1,Player-4755-01802FE5,0000000000000000,100,100,0,0,0,-1,0,0,0,2.47,-178.61,0,5.0365,66,8.0000,0.0000,0,6033
4/28 18:52:32.784  SPELL_CAST_SUCCESS,Player-4755-0220BD00,"Krikoff-Dreadmist",0x40514,0x0,Creature-0-4457-249-1045-10184-000028665C,"Onyxia",0x10a48,0x0,11601,"Revenge",0x1,Player-4755-0220BD00,0000000000000000,100,100,0,0,0,-1,0,0,0,24.32,-200.82,0,3.3458,68
4/28 18:52:32.803  SPELL_AURA_REMOVED_DOSE,Player-4755-0220BD00,"Krikoff-Dreadmist",0x40514,0x0,Player-4755-0220BD00,"Krikoff-Dreadmist",0x40514,0x0,23888,"Bloodthirst",0x1,BUFF,3
4/28 18:52:32.804  SPELL_HEAL,Player-4755-0220BD00,"Krikoff-Dreadmist",0x40514,0x0,Player-4755-0220BD00,"Krikoff-Dreadmist",0x40514,0x0,23891,"Bloodthirst",0x1,Player-4755-0220BD00,0000000000000000,100,100,0,0,0,-1,0,0,0,24.32,-200.82,0,3.3458,68,20,20,20,0,nil
4/28 18:52:32.804  SWING_DAMAGE_LANDED,Player-4755-0178F416,"Eltorero-Dreadmist",0x514,0x0,Creature-0-4457-249-1045-10184-000028665C,"Onyxia",0x10a48,0x0,Creature-0-4457-249-1045-10184-000028665C,0000000000000000,5,100,0,0,0,-1,0,0,0,11.06,-203.68,0,6.0900,63,376,755,-1,1,0,0,0,nil,1,nil
4/28 18:52:32.804  SWING_DAMAGE_LANDED,Player-4755-01637B0A,"Pindle-Dreadmist",0x514,0x0,Creature-0-4457-249-1045-10184-000028665C,"Onyxia",0x10a48,0x0,Creature-0-4457-249-1045-10184-000028665C,0000000000000000,5,100,0,0,0,-1,0,0,0,11.06,-203.68,0,6.0900,63,349,216,-1,1,0,0,0,1,nil,nil
4/28 18:52:32.804  SWING_DAMAGE_LANDED,Player-4755-01733879,"Hocwar-Dreadmist",0x40514,0x0,Creature-0-4457-249-1045-10184-000028665C,"Onyxia",0x10a48,0x0,Creature-0-4457-249-1045-10184-000028665C,0000000000000000,5,100,0,0,0,-1,0,0,0,11.06,-203.68,0,6.0900,63,138,234,-1,1,0,0,0,nil,nil,nil
4/28 18:52:32.804  SWING_DAMAGE_LANDED,Player-4755-01733879,"Hocwar-Dreadmist",0x40514,0x0,Creature-0-4457-249-1045-10184-000028665C,"Onyxia",0x10a48,0x0,Creature-0-4457-249-1045-10184-000028665C,0000000000000000,5,100,0,0,0,-1,0,0,0,11.06,-203.68,0,6.0900,63,173,245,-1,1,0,0,0,nil,1,nil
4/28 18:52:32.804  SPELL_DAMAGE,Player-4755-0220BD00,"Krikoff-Dreadmist",0x40514,0x0,Creature-0-4457-249-1045-10184-000028665C,"Onyxia",0x10a48,0x0,11601,"Revenge",0x1,Creature-0-4457-249-1045-10184-000028665C,0000000000000000,5,100,0,0,0,-1,0,0,0,11.06,-203.68,0,6.0900,63,49,61,-1,1,0,0,0,nil,nil,nil
4/28 18:52:32.858  SWING_MISSED,Player-4755-01733879,"Hocwar-Dreadmist",0x40514,0x0,Creature-0-4457-249-1045-10184-000028665C,"Onyxia",0x10a48,0x0,PARRY,1
4/28 18:52:32.936  RANGE_DAMAGE,Player-4755-020BD78D,"Lonehunter-Dreadmist",0x514,0x0,Creature-0-4457-249-1045-10184-000028665C,"Onyxia",0x10a48,0x0,75,"Auto Shot",0x1,Creature-0-4457-249-1045-10184-000028665C,0000000000000000,5,100,0,0,0,-1,0,0,0,11.06,-203.68,0,6.0900,63,416,528,-1,1,0,0,0,nil,nil,nil
4/28 18:52:32.953  SPELL_CAST_START,Player-4755-01614AC7,"Mirrimazduur-Dreadmist",0x512,0x0,0000000000000000,nil,0x80000000,0x80000000,11672,"Corruption",0x20
4/28 18:52:32.953  SPELL_CAST_SUCCESS,Player-4755-01614AC7,"Mirrimazduur-Dreadmist",0x512,0x0,Creature-0-4457-249-1045-10184-000028665C,"Onyxia",0x10a48,0x0,11672,"Corruption",0x20,Player-4755-01614AC7,0000000000000000,52,100,0,0,0,-1,0,0,0,8.29,-171.67,0,4.6247,68
4/28 18:52:33.003  SWING_MISSED,Player-4755-01F21AE6,"Blahu-Dreadmist",0x40514,0x0,Creature-0-4457-249-1045-10184-000028665C,"Onyxia",0x10a48,0x0,PARRY,nil
4/28 18:52:33.040  SWING_MISSED,Pet-0-4457-249-1045-2850-01001956F9,"Kratos",0x1114,0x0,Creature-0-4457-249-1045-10184-000028665C,"Onyxia",0x10a48,0x0,DODGE,nil
4/28 18:52:33.040  SPELL_CAST_SUCCESS,Player-4755-01F36B30,"Rectumqeef-Dreadmist",0x514,0x0,0000000000000000,nil,0x80000000,0x80000000,11689,"Life Tap",0x20,Player-4755-01F36B30,0000000000000000,82,100,0,0,0,-1,0,0,0,11.24,-173.92,0,4.7049,66
4/28 18:52:33.040  SPELL_CAST_SUCCESS,Player-4755-01BC57A3,"Saintis-Dreadmist",0x511,0x0,Player-4755-0210153A,"Hapuseneb-Dreadmist",0x514,0x0,2061,"Flash Heal",0x2,Player-4755-01BC57A3,0000000000000000,100,100,0,0,0,-1,0,0,0,18.97,-218.75,0,1.9756,68
4/28 18:52:33.040  SPELL_AURA_APPLIED,Player-4755-01733879,"Hocwar-Dreadmist",0x40514,0x0,Player-4755-01733879,"Hocwar-Dreadmist",0x40514,0x0,20007,"Holy Strength",0x2,BUFF
4/28 18:52:33.040  SPELL_HEAL,Player-4755-01733879,"Hocwar-Dreadmist",0x40514,0x0,Player-4755-01733879,"Hocwar-Dreadmist",0x40514,0x0,20007,"Holy Strength",0x2,Player-4755-01733879,0000000000000000,100,100,0,0,0,-1,0,0,0,9.95,-193.96,0,5.0393,71,102,102,9,0,nil
4/28 18:52:33.064  SPELL_AURA_APPLIED,Player-4755-01F21AE6,"Blahu-Dreadmist",0x40514,0x0,Player-4755-01F21AE6,"Blahu-Dreadmist",0x40514,0x0,18499,"Berserker Rage",0x1,BUFF
4/28 18:52:33.064  SPELL_CAST_SUCCESS,Player-4755-01F21AE6,"Blahu-Dreadmist",0x40514,0x0,0000000000000000,nil,0x80000000,0x80000000,18499,"Berserker Rage",0x1,Player-4755-01F21AE6,0000000000000000,96,100,0,0,0,-1,0,0,0,13.33,-208.81,0,1.9704,70
4/28 18:52:33.064  SPELL_DAMAGE,Player-4755-01614AC7,"Mirrimazduur-Dreadmist",0x512,0x0,Creature-0-4457-249-1045-10184-000028665C,"Onyxia",0x10a48,0x0,11661,"Shadow Bolt",0x20,Creature-0-4457-249-1045-10184-000028665C,0000000000000000,5,100,0,0,0,-1,0,0,0,11.06,-203.68,0,6.0900,63,1884,856,-1,32,0,0,0,1,nil,nil
4/28 18:52:33.086  SWING_DAMAGE,Player-4755-0220BD00,"Krikoff-Dreadmist",0x40514,0x0,Creature-0-4457-249-1045-10184-000028665C,"Onyxia",0x10a48,0x0,Player-4755-0220BD00,0000000000000000,100,100,0,0,0,-1,0,0,0,24.32,-200.82,0,3.3458,68,128,186,-1,1,0,0,0,nil,1,nil
4/28 18:52:33.124  SPELL_AURA_REMOVED,Player-4755-0178F576,"Atreas-Dreadmist",0x514,0x0,Player-4755-0178F576,"Atreas-Dreadmist",0x514,0x0,24352,"Devilsaur Fury",0x1,BUFF
4/28 18:52:33.166  SPELL_CAST_SUCCESS,Player-4755-0178F576,"Atreas-Dreadmist",0x514,0x0,Creature-0-4457-249-1045-10184-000028665C,"Onyxia",0x10a48,0x0,75,"Auto Shot",0x1,Player-4755-0178F576,0000000000000000,100,100,0,0,0,-1,0,0,0,0.87,-171.31,0,5.0172,66
4/28 18:52:33.166  RANGE_DAMAGE,Player-4755-01E83279,"Nlmasters-Dreadmist",0x514,0x8,Creature-0-4457-249-1045-10184-000028665C,"Onyxia",0x10a48,0x0,75,"Auto Shot",0x1,Creature-0-4457-249-1045-10184-000028665C,0000000000000000,5,100,0,0,0,-1,0,0,0,11.06,-203.68,0,6.0900,63,362,460,-1,1,0,0,0,nil,nil,nil
4/28 18:52:33.181  SPELL_PERIODIC_ENERGIZE,Player-4755-0178F416,"Eltorero-Dreadmist",0x514,0x0,Player-4755-0178F416,"Eltorero-Dreadmist",0x514,0x0,29131,"Bloodrage",0x1,Player-4755-0178F416,0000000000000000,100,100,0,0,0,-1,0,0,0,8.55,-216.36,0,1.4722,67,1.0000,0.0000,1,1000
4/28 18:52:33.205  SPELL_ENERGIZE,Player-4755-0220BD00,"Krikoff-Dreadmist",0x40514,0x0,Player-4755-0220BD00,"Krikoff-Dreadmist",0x40514,0x0,12964,"Unbridled Wrath",0x1,Player-4755-0220BD00,0000000000000000,100,100,0,0,0,-1,0,0,0,24.32,-200.82,0,3.3458,68,1.0000,0.0000,1,1000
4/28 18:52:33.205  SPELL_AURA_APPLIED,Player-4755-0210153A,"Hapuseneb-Dreadmist",0x514,0x0,Player-4755-0178F416,"Eltorero-Dreadmist",0x514,0x0,15359,"Inspiration",0x2,BUFF
4/28 18:52:33.205  SPELL_AURA_REMOVED_DOSE,Player-4755-0178F416,"Eltorero-Dreadmist",0x514,0x0,Player-4755-0178F416,"Eltorero-Dreadmist",0x514,0x0,12970,"Flurry",0x1,BUFF,2
4/28 18:52:33.205  SPELL_AURA_REMOVED_DOSE,Player-4755-01733879,"Hocwar-Dreadmist",0x40514,0x0,Player-4755-01733879,"Hocwar-Dreadmist",0x40514,0x0,10610,"Windfury Totem",0x8,BUFF,1
4/28 18:52:33.205  SPELL_AURA_REMOVED,Player-4755-01733879,"Hocwar-Dreadmist",0x40514,0x0,Player-4755-01733879,"Hocwar-Dreadmist",0x40514,0x0,10610,"Windfury Totem",0x8,BUFF
4/28 18:52:33.205  SPELL_AURA_REMOVED_DOSE,Player-4755-0220BD00,"Krikoff-Dreadmist",0x40514,0x0,Player-4755-0220BD00,"Krikoff-Dreadmist",0x40514,0x0,23888,"Bloodthirst",0x1,BUFF,2
4/28 18:52:33.205  SPELL_HEAL,Player-4755-0220BD00,"Krikoff-Dreadmist",0x40514,0x0,Player-4755-0220BD00,"Krikoff-Dreadmist",0x40514,0x0,23891,"Bloodthirst",0x1,Player-4755-0220BD00,0000000000000000,100,100,0,0,0,-1,0,0,0,24.32,-200.82,0,3.3458,68,20,20,20,0,nil
4/28 18:52:33.205  SPELL_AURA_APPLIED,Player-4755-01614AC7,"Mirrimazduur-Dreadmist",0x512,0x0,Creature-0-4457-249-1045-10184-000028665C,"Onyxia",0x10a48,0x0,11672,"Corruption",0x20,DEBUFF
4/28 18:52:33.205  SPELL_ENERGIZE,Player-4755-01F36B30,"Rectumqeef-Dreadmist",0x514,0x0,Player-4755-01F36B30,"Rectumqeef-Dreadmist",0x514,0x0,31818,"Life Tap",0x20,Player-4755-01F36B30,0000000000000000,82,100,0,0,0,-1,0,0,0,11.24,-173.92,0,4.7049,66,936.0000,0.0000,0,5218
4/28 18:52:33.205  SPELL_HEAL,Player-4755-01BC57A3,"Saintis-Dreadmist",0x511,0x0,Player-4755-0210153A,"Hapuseneb-Dreadmist",0x514,0x0,2061,"Flash Heal",0x2,Player-4755-0210153A,0000000000000000,100,100,0,0,0,-1,0,0,0,9.92,-228.78,0,1.3430,66,536,536,38,0,nil
4/28 18:52:33.205  SPELL_DAMAGE,Player-4755-01733879,"Hocwar-Dreadmist",0x40514,0x0,Creature-0-4457-249-1045-10184-000028665C,"Onyxia",0x10a48,0x0,20647,"Execute",0x1,Creature-0-4457-249-1045-10184-000028665C,0000000000000000,5,100,0,0,0,-1,0,0,0,11.06,-203.68,0,6.0900,63,599,760,-1,1,0,0,0,nil,nil,nil
4/28 18:52:33.205  SPELL_MISSED,Player-4755-01614AC7,"Mirrimazduur-Dreadmist",0x512,0x0,Creature-0-4457-249-1045-10184-000028665C,"Onyxia",0x10a48,0x0,17800,"Shadow Vulnerability",0x20,RESIST,nil,0
4/28 18:52:33.205  SWING_DAMAGE_LANDED,Player-4755-0220BD00,"Krikoff-Dreadmist",0x40514,0x0,Creature-0-4457-249-1045-10184-000028665C,"Onyxia",0x10a48,0x0,Creature-0-4457-249-1045-10184-000028665C,0000000000000000,5,100,0,0,0,-1,0,0,0,11.06,-203.68,0,6.0900,63,128,186,-1,1,0,0,0,nil,1,nil
4/28 18:52:33.205  SWING_DAMAGE,Player-4755-01A6B139,"Sakatan-Dreadmist",0x514,0x0,Creature-0-4457-249-1045-10184-000028665C,"Onyxia",0x10a48,0x0,Player-4755-01A6B139,0000000000000000,96,100,0,0,0,-1,0,0,0,2.56,-188.48,0,5.5063,69,354,220,-1,1,0,0,0,1,nil,nil
4/28 18:52:33.233  SWING_DAMAGE,Player-4755-0160BD13,"Mafkees-Dreadmist",0x514,0x0,Creature-0-4457-249-1045-10184-000028665C,"Onyxia",0x10a48,0x0,Player-4755-0160BD13,0000000000000000,94,100,0,0,0,-1,0,0,0,6.73,-208.06,0,1.2708,64,506,798,-1,1,0,0,0,nil,1,nil
4/28 18:52:33.233  SWING_MISSED,Player-4755-01637B0A,"Pindle-Dreadmist",0x514,0x0,Creature-0-4457-249-1045-10184-000028665C,"Onyxia",0x10a48,0x0,MISS,1
4/28 18:52:33.249  SPELL_CAST_START,Player-4755-0178F576,"Atreas-Dreadmist",0x514,0x0,0000000000000000,nil,0x80000000,0x80000000,14290,"Multi-Shot",0x1
4/28 18:52:33.249  SPELL_CAST_START,Player-4755-01BC57A3,"Saintis-Dreadmist",0x511,0x0,0000000000000000,nil,0x80000000,0x80000000,2061,"Flash Heal",0x2
4/28 18:52:33.270  SWING_MISSED,Creature-0-4457-249-1045-10184-000028665C,"Onyxia",0x10a48,0x0,Player-4755-0220BD00,"Krikoff-Dreadmist",0x40514,0x0,MISS,nil
4/28 18:52:33.284  SWING_DAMAGE,Player-4755-01A6B139,"Sakatan-Dreadmist",0x514,0x0,Creature-0-4457-249-1045-10184-000028665C,"Onyxia",0x10a48,0x0,Player-4755-01A6B139,0000000000000000,96,100,0,0,0,-1,0,0,0,2.56,-188.48,0,5.5063,69,110,151,-1,1,0,0,0,nil,1,nil
4/28 18:52:33.299  SPELL_CAST_START,Player-4755-01804B95,"Moymoy-Dreadmist",0x514,0x0,0000000000000000,nil,0x80000000,0x80000000,939,"Healing Wave",0x8
4/28 18:52:33.409  SWING_DAMAGE,Player-4755-01F21AE6,"Blahu-Dreadmist",0x40514,0x0,Creature-0-4457-249-1045-10184-000028665C,"Onyxia",0x10a48,0x0,Player-4755-01F21AE6,0000000000000000,96,100,0,0,0,-1,0,0,0,13.33,-208.81,0,1.9704,70,209,132,-1,1,0,0,0,1,nil,nil
4/28 18:52:33.479  SPELL_DAMAGE,Player-4755-01802FE5,"Angrybat-Dreadmist",0x514,0x0,Creature-0-4457-249-1045-10184-000028665C,"Onyxia",0x10a48,0x0,10181,"Frostbolt",0x10,Creature-0-4457-249-1045-10184-000028665C,0000000000000000,4,100,0,0,0,-1,0,0,0,11.06,-203.68,0,6.0900,63,968,880,-1,16,0,0,0,nil,nil,nil
4/28 18:52:33.542  SPELL_PERIODIC_ENERGIZE,Player-4755-01F21AE6,"Blahu-Dreadmist",0x40514,0x0,Player-4755-01F21AE6,"Blahu-Dreadmist",0x40514,0x0,29131,"Bloodrage",0x1,Player-4755-01F21AE6,0000000000000000,96,100,0,0,0,-1,0,0,0,13.33,-208.81,0,1.9704,70,1.0000,0.0000,1,1000
4/28 18:52:33.590  SPELL_AURA_APPLIED,Pet-0-4457-249-1045-2850-01001956F9,"Kratos",0x1114,0x0,Pet-0-4457-249-1045-2850-01001956F9,"Kratos",0x1114,0x0,23110,"Dash",0x1,BUFF
4/28 18:52:33.590  SPELL_CAST_SUCCESS,Pet-0-4457-249-1045-2850-01001956F9,"Kratos",0x1114,0x0,0000000000000000,nil,0x80000000,0x80000000,23110,"Dash",0x1,Pet-0-4457-249-1045-2850-01001956F9,Player-4755-0178F576,56,100,0,0,0,-1,0,0,0,12.54,-178.68,0,4.6531,66
4/28 18:52:33.608  SPELL_ENERGIZE,Player-4755-01733879,"Hocwar-Dreadmist",0x40514,0x0,Player-4755-01733879,"Hocwar-Dreadmist",0x40514,0x0,12964,"Unbridled Wrath",0x1,Player-4755-01733879,0000000000000000,100,100,0,0,0,-1,0,0,0,9.95,-193.96,0,5.0393,71,1.0000,0.0000,1,1000
4/28 18:52:33.608  SPELL_ENERGIZE,Player-4755-01733879,"Hocwar-Dreadmist",0x40514,0x0,Player-4755-01733879,"Hocwar-Dreadmist",0x40514,0x0,12964,"Unbridled Wrath",0x1,Player-4755-01733879,0000000000000000,100,100,0,0,0,-1,0,0,0,9.95,-193.96,0,5.0393,71,1.0000,0.0000,1,1000
4/28 18:52:33.608  SPELL_AURA_REMOVED_DOSE,Player-4755-0220BD00,"Krikoff-Dreadmist",0x40514,0x0,Player-4755-0220BD00,"Krikoff-Dreadmist",0x40514,0x0,23888,"Bloodthirst",0x1,BUFF,1
4/28 18:52:33.608  SPELL_HEAL,Player-4755-0220BD00,"Krikoff-Dreadmist",0x40514,0x0,Player-4755-0220BD00,"Krikoff-Dreadmist",0x40514,0x0,23891,"Bloodthirst",0x1,Player-4755-0220BD00,0000000000000000,100,100,0,0,0,-1,0,0,0,24.32,-200.82,0,3.3458,68,20,20,20,0,nil
4/28 18:52:33.608  SWING_DAMAGE_LANDED,Player-4755-01A6B139,"Sakatan-Dreadmist",0x514,0x0,Creature-0-4457-249-1045-10184-000028665C,"Onyxia",0x10a48,0x0,Creature-0-4457-249-1045-10184-000028665C,0000000000000000,4,100,0,0,0,-1,0,0,0,11.06,-203.68,0,6.0900,63,354,220,-1,1,0,0,0,1,nil,nil
4/28 18:52:33.608  SWING_DAMAGE_LANDED,Player-4755-0160BD13,"Mafkees-Dreadmist",0x514,0x0,Creature-0-4457-249-1045-10184-000028665C,"Onyxia",0x10a48,0x0,Creature-0-4457-249-1045-10184-000028665C,0000000000000000,4,100,0,0,0,-1,0,0,0,11.06,-203.68,0,6.0900,63,506,798,-1,1,0,0,0,nil,1,nil
4/28 18:52:33.608  SPELL_DAMAGE,Player-4755-0160BD13,"Mafkees-Dreadmist",0x514,0x0,Creature-0-4457-249-1045-10184-000028665C,"Onyxia",0x10a48,0x0,21140,"Fatal Wound",0x1,Creature-0-4457-249-1045-10184-000028665C,0000000000000000,4,100,0,0,0,-1,0,0,0,11.06,-203.68,0,6.0900,63,232,293,-1,1,0,0,0,nil,nil,nil
4/28 18:52:33.608  SWING_DAMAGE_LANDED,Player-4755-01A6B139,"Sakatan-Dreadmist",0x514,0x0,Creature-0-4457-249-1045-10184-000028665C,"Onyxia",0x10a48,0x0,Creature-0-4457-249-1045-10184-000028665C,0000000000000000,4,100,0,0,0,-1,0,0,0,11.06,-203.68,0,6.0900,63,110,151,-1,1,0,0,0,nil,1,nil
4/28 18:52:33.608  SWING_DAMAGE_LANDED,Player-4755-01F21AE6,"Blahu-Dreadmist",0x40514,0x0,Creature-0-4457-249-1045-10184-000028665C,"Onyxia",0x10a48,0x0,Creature-0-4457-249-1045-10184-000028665C,0000000000000000,4,100,0,0,0,-1,0,0,0,11.06,-203.68,0,6.0900,63,209,132,-1,1,0,0,0,1,nil,nil
4/28 18:52:33.608  SWING_DAMAGE,Player-4755-01637B0A,"Pindle-Dreadmist",0x514,0x0,Creature-0-4457-249-1045-10184-000028665C,"Onyxia",0x10a48,0x0,Player-4755-01637B0A,0000000000000000,100,100,0,0,0,-1,0,0,0,8.82,-197.27,0,5.2891,65,147,194,-1,1,0,0,0,nil,1,nil
4/28 18:52:33.628  SPELL_CAST_START,Player-4755-016296D3,"Nivl-Dreadmist",0x514,0x0,0000000000000000,nil,0x80000000,0x80000000,1064,"Chain Heal",0x8
4/28 18:52:33.663  SWING_DAMAGE,Player-4755-01AC9FD9,"Alexinho-Dreadmist",0x514,0x0,Creature-0-4457-249-1045-10184-000028665C,"Onyxia",0x10a48,0x0,Player-4755-01AC9FD9,0000000000000000,99,100,0,0,0,-1,0,0,0,10.92,-195.42,0,4.7193,66,107,158,-1,1,0,0,0,nil,1,nil
4/28 18:52:33.697  SPELL_CAST_SUCCESS,Player-4755-0178F576,"Atreas-Dreadmist",0x514,0x0,Creature-0-4457-249-1045-10184-000028665C,"Onyxia",0x10a48,0x0,14290,"Multi-Shot",0x1,Player-4755-0178F576,0000000000000000,100,100,0,0,0,-1,0,0,0,0.87,-171.31,0,5.0172,66
4/28 18:52:33.713  SPELL_CAST_SUCCESS,Player-4755-015FEBD5,"Sauvage-Dreadmist",0x514,0x0,Creature-0-4457-249-1045-10184-000028665C,"Onyxia",0x10a48,0x0,10181,"Frostbolt",0x10,Player-4755-015FEBD5,0000000000000000,100,100,0,0,0,-1,0,0,0,4.67,-239.20,0,1.2503,64
4/28 18:52:33.713  SPELL_AURA_APPLIED,Player-4755-01AC9FD9,"Alexinho-Dreadmist",0x514,0x0,Player-4755-01AC9FD9,"Alexinho-Dreadmist",0x514,0x0,6774,"Slice and Dice",0x1,BUFF
4/28 18:52:33.713  SPELL_CAST_SUCCESS,Player-4755-01AC9FD9,"Alexinho-Dreadmist",0x514,0x0,Creature-0-4457-249-1045-10184-000028665C,"Onyxia",0x10a48,0x0,6774,"Slice and Dice",0x1,Player-4755-01AC9FD9,0000000000000000,99,100,0,0,0,-1,0,0,0,10.92,-195.42,0,4.7193,66
4/28 18:52:33.713  SPELL_CAST_SUCCESS,Player-4755-01617EEE,"Fenix-Dreadmist",0x512,0x0,Player-4755-0178F416,"Eltorero-Dreadmist",0x514,0x0,10963,"Greater Heal",0x2,Player-4755-01617EEE,0000000000000000,100,100,0,0,0,-1,0,0,0,20.50,-180.95,0,4.7176,66
4/28 18:52:33.732  SPELL_AURA_REMOVED,Player-4755-01F21AE6,"Blahu-Dreadmist",0x40514,0x0,Player-4755-01F21AE6,"Blahu-Dreadmist",0x40514,0x0,2458,"Berserker Stance",0x1,BUFF
4/28 18:52:33.732  SPELL_AURA_APPLIED,Player-4755-01F21AE6,"Blahu-Dreadmist",0x40514,0x0,Player-4755-01F21AE6,"Blahu-Dreadmist",0x40514,0x0,71,"Defensive Stance",0x1,BUFF
4/28 18:52:33.732  SPELL_CAST_SUCCESS,Player-4755-01F21AE6,"Blahu-Dreadmist",0x40514,0x0,0000000000000000,nil,0x80000000,0x80000000,71,"Defensive Stance",0x1,Player-4755-01F21AE6,0000000000000000,96,100,0,0,0,-1,0,0,0,13.33,-208.81,0,1.9704,70
4/28 18:52:33.772  SPELL_PERIODIC_DAMAGE,Player-4755-0178F416,"Eltorero-Dreadmist",0x514,0x0,Creature-0-4457-249-1045-10184-000028665C,"Onyxia",0x10a48,0x0,12721,"Deep Wound",0x1,Creature-0-4457-249-1045-10184-000028665C,0000000000000000,4,100,0,0,0,-1,0,0,0,11.06,-203.68,0,6.0900,63,146,146,-1,1,0,0,0,nil,nil,nil
4/28 18:52:33.847  SPELL_CAST_SUCCESS,Player-4755-0163DD9D,"Kaspais-Dreadmist",0x514,0x0,Creature-0-4457-249-1045-10184-000028665C,"Onyxia",0x10a48,0x0,10181,"Frostbolt",0x10,Player-4755-0163DD9D,0000000000000000,83,100,0,0,0,-1,0,0,0,8.42,-174.44,0,4.9229,66
4/28 18:52:33.847  SPELL_CAST_START,Player-4755-0163DD9D,"Kaspais-Dreadmist",0x514,0x0,0000000000000000,nil,0x80000000,0x80000000,10181,"Frostbolt",0x10
4/28 18:52:33.892  SPELL_CAST_SUCCESS,Player-4755-015FEBD5,"Sauvage-Dreadmist",0x514,0x0,Creature-0-4457-249-1045-10184-000028665C,"Onyxia",0x10a48,0x0,10199,"Fire Blast",0x4,Player-4755-015FEBD5,0000000000000000,100,100,0,0,0,-1,0,0,0,4.67,-239.20,0,1.2503,64
4/28 18:52:33.892  SPELL_MISSED,Player-4755-015FEBD5,"Sauvage-Dreadmist",0x514,0x0,Creature-0-4457-249-1045-10184-000028665C,"Onyxia",0x10a48,0x0,10199,"Fire Blast",0x4,IMMUNE,nil
4/28 18:52:33.892  SWING_MISSED,Player-4755-01AC9FD9,"Alexinho-Dreadmist",0x514,0x0,Creature-0-4457-249-1045-10184-000028665C,"Onyxia",0x10a48,0x0,MISS,nil
4/28 18:52:33.992  SPELL_CAST_SUCCESS,Player-4755-020BD78D,"Lonehunter-Dreadmist",0x514,0x0,Creature-0-4457-249-1045-10184-000028665C,"Onyxia",0x10a48,0x0,20904,"Aimed Shot",0x1,Player-4755-020BD78D,0000000000000000,100,100,0,0,0,-1,0,0,0,-1.01,-253.57,0,1.3335,71
4/28 18:52:34.014  SPELL_ENERGIZE,Player-4755-0220BD00,"Krikoff-Dreadmist",0x40514,0x0,Player-4755-0220BD00,"Krikoff-Dreadmist",0x40514,0x0,12964,"Unbridled Wrath",0x1,Player-4755-0220BD00,0000000000000000,100,100,0,0,0,-1,0,0,0,24.32,-200.82,0,3.3458,68,1.0000,0.0000,1,1000
4/28 18:52:34.014  SPELL_AURA_REMOVED_DOSE,Player-4755-0160BD13,"Mafkees-Dreadmist",0x514,0x0,Player-4755-0160BD13,"Mafkees-Dreadmist",0x514,0x0,12970,"Flurry",0x1,BUFF,1
4/28 18:52:34.014  SPELL_AURA_REMOVED_DOSE,Player-4755-01F21AE6,"Blahu-Dreadmist",0x40514,0x0,Player-4755-01F21AE6,"Blahu-Dreadmist",0x40514,0x0,23888,"Bloodthirst",0x1,BUFF,1
4/28 18:52:34.014  SPELL_AURA_APPLIED,Player-4755-01F21AE6,"Blahu-Dreadmist",0x40514,0x0,Player-4755-01F21AE6,"Blahu-Dreadmist",0x40514,0x0,12970,"Flurry",0x1,BUFF
4/28 18:52:34.014  SPELL_HEAL,Player-4755-01F21AE6,"Blahu-Dreadmist",0x40514,0x0,Player-4755-01F21AE6,"Blahu-Dreadmist",0x40514,0x0,23891,"Bloodthirst",0x1,Player-4755-01F21AE6,0000000000000000,96,100,0,0,0,-1,0,0,0,13.33,-208.81,0,1.9704,70,20,20,0,0,nil
4/28 18:52:34.014  SWING_DAMAGE_LANDED,Player-4755-01637B0A,"Pindle-Dreadmist",0x514,0x0,Creature-0-4457-249-1045-10184-000028665C,"Onyxia",0x10a48,0x0,Creature-0-4457-249-1045-10184-000028665C,0000000000000000,4,100,0,0,0,-1,0,0,0,11.06,-203.68,0,6.0900,63,147,194,-1,1,0,0,0,nil,1,nil
4/28 18:52:34.014  SWING_DAMAGE_LANDED,Player-4755-01AC9FD9,"Alexinho-Dreadmist",0x514,0x0,Creature-0-4457-249-1045-10184-000028665C,"Onyxia",0x10a48,0x0,Creature-0-4457-249-1045-10184-000028665C,0000000000000000,4,100,0,0,0,-1,0,0,0,11.06,-203.68,0,6.0900,63,107,158,-1,1,0,0,0,nil,1,nil
4/28 18:52:34.014  SPELL_HEAL,Player-4755-01617EEE,"Fenix-Dreadmist",0x512,0x0,Player-4755-0178F416,"Eltorero-Dreadmist",0x514,0x0,10963,"Greater Heal",0x2,Player-4755-0178F416,0000000000000000,100,100,0,0,0,-1,0,0,0,8.55,-216.36,0,1.4722,67,1969,1969,1969,0,nil
4/28 18:52:34.014  SPELL_DAMAGE,Player-4755-0160BD13,"Mafkees-Dreadmist",0x514,0x0,Creature-0-4457-249-1045-10184-000028665C,"Onyxia",0x10a48,0x0,20647,"Execute",0x1,Creature-0-4457-249-1045-10184-000028665C,0000000000000000,4,100,0,0,0,-1,0,0,0,11.06,-203.68,0,6.0900,63,1550,894,-1,1,0,0,0,1,nil,nil
4/28 18:52:34.014  SWING_MISSED,Player-4755-01840577,"Raggèn-Dreadmist",0x514,0x0,Creature-0-4457-249-1045-10184-000028665C,"Onyxia",0x10a48,0x0,DODGE,nil
4/28 18:52:34.014  RANGE_DAMAGE,Player-4755-0178F576,"Atreas-Dreadmist",0x514,0x0,Creature-0-4457-249-1045-10184-000028665C,"Onyxia",0x10a48,0x0,75,"Auto Shot",0x1,Creature-0-4457-249-1045-10184-000028665C,0000000000000000,4,100,0,0,0,-1,0,0,0,11.06,-203.68,0,6.0900,63,359,456,-1,1,0,0,0,nil,nil,nil
4/28 18:52:34.035  SPELL_CAST_SUCCESS,Player-4755-01ED7A64,"Sperzieboon-Dreadmist",0x514,0x0,Player-4755-02045EF4,"Necrosini-Dreadmist",0x512,0x0,6063,"Heal",0x2,Player-4755-01ED7A64,0000000000000000,100,100,0,0,0,-1,0,0,0,11.91,-229.55,0,1.5751,67
4/28 18:52:34.035  SPELL_CAST_START,Player-4755-01ED7A64,"Sperzieboon-Dreadmist",0x514,0x0,0000000000000000,nil,0x80000000,0x80000000,6063,"Heal",0x2
4/28 18:52:34.035  SWING_DAMAGE,Pet-0-4457-249-1045-2850-01001956F9,"Kratos",0x1114,0x0,Creature-0-4457-249-1045-10184-000028665C,"Onyxia",0x10a48,0x0,Pet-0-4457-249-1045-2850-01001956F9,Player-4755-0178F576,56,100,0,0,0,-1,0,0,0,12.54,-178.68,0,4.6531,66,50,85,-1,1,0,0,0,nil,1,nil
4/28 18:52:34.106  SPELL_PERIODIC_ENERGIZE,Player-4755-01BC57A3,"Saintis-Dreadmist",0x511,0x0,Player-4755-01BC57A3,"Saintis-Dreadmist",0x511,0x0,18194,"Mana Regeneration",0x1,Player-4755-01BC57A3,0000000000000000,100,100,0,0,0,-1,0,0,0,18.97,-218.75,0,1.9756,68,8.0000,0.0000,0,7212
4/28 18:52:34.138  SWING_DAMAGE,Player-4755-01637B0A,"Pindle-Dreadmist",0x514,0x0,Creature-0-4457-249-1045-10184-000028665C,"Onyxia",0x10a48,0x0,Player-4755-01637B0A,0000000000000000,100,100,0,0,0,-1,0,0,0,8.82,-197.27,0,5.2675,65,175,108,-1,1,0,0,0,1,nil,nil
4/28 18:52:34.138  SPELL_CAST_SUCCESS,Player-4755-01FA8DD8,"Roackerita-Dreadmist",0x514,0x0,Player-4755-01614AC7,"Mirrimazduur-Dreadmist",0x512,0x0,9474,"Flash Heal",0x2,Player-4755-01FA8DD8,0000000000000000,100,100,0,0,0,-1,0,0,0,17.56,-173.91,0,5.8940,69
4/28 18:52:34.173  SPELL_CAST_START,Player-4755-01E83279,"Nlmasters-Dreadmist",0x514,0x8,0000000000000000,nil,0x80000000,0x80000000,75,"Auto Shot",0x1
4/28 18:52:34.173  SPELL_PERIODIC_DAMAGE,Player-4755-01F36B30,"Rectumqeef-Dreadmist",0x514,0x0,Creature-0-4457-249-1045-10184-000028665C,"Onyxia",0x10a48,0x0,11672,"Corruption",0x20,Creature-0-4457-249-1045-10184-000028665C,0000000000000000,4,100,0,0,0,-1,0,0,0,11.06,-203.68,0,6.0900,63,224,203,-1,32,0,0,0,nil,nil,nil
4/28 18:52:34.173  SPELL_PERIODIC_ENERGIZE,Player-4755-0178F416,"Eltorero-Dreadmist",0x514,0x0,Player-4755-0178F416,"Eltorero-Dreadmist",0x514,0x0,29131,"Bloodrage",0x1,Player-4755-0178F416,0000000000000000,100,100,0,0,0,-1,0,0,0,8.55,-216.36,0,1.4722,67,1.0000,0.0000,1,1000
4/28 18:52:34.251  SPELL_CAST_START,Player-4755-020BD78D,"Lonehunter-Dreadmist",0x514,0x0,0000000000000000,nil,0x80000000,0x80000000,75,"Auto Shot",0x1
4/28 18:52:34.353  SWING_MISSED,Player-4755-01733879,"Hocwar-Dreadmist",0x40514,0x0,Creature-0-4457-249-1045-10184-000028665C,"Onyxia",0x10a48,0x0,PARRY,nil
4/28 18:52:34.407  SPELL_AURA_APPLIED_DOSE,Player-4755-0160BD13,"Mafkees-Dreadmist",0x514,0x0,Player-4755-0160BD13,"Mafkees-Dreadmist",0x514,0x0,12970,"Flurry",0x1,BUFF,3
4/28 18:52:34.407  SPELL_HEAL,Player-4755-01ED7A64,"Sperzieboon-Dreadmist",0x514,0x0,Player-4755-02045EF4,"Necrosini-Dreadmist",0x512,0x0,6063,"Heal",0x2,Player-4755-02045EF4,0000000000000000,100,100,0,0,0,-1,0,0,0,10.71,-186.86,0,4.6916,69,1194,1194,1162,0,nil
4/28 18:52:34.407  SWING_DAMAGE_LANDED,Pet-0-4457-249-1045-2850-01001956F9,"Kratos",0x1114,0x0,Creature-0-4457-249-1045-10184-000028665C,"Onyxia",0x10a48,0x0,Creature-0-4457-249-1045-10184-000028665C,0000000000000000,4,100,0,0,0,-1,0,0,0,11.06,-203.68,0,6.0900,63,50,85,-1,1,0,0,0,nil,1,nil
4/28 18:52:34.407  SWING_DAMAGE_LANDED,Player-4755-01637B0A,"Pindle-Dreadmist",0x514,0x0,Creature-0-4457-249-1045-10184-000028665C,"Onyxia",0x10a48,0x0,Creature-0-4457-249-1045-10184-000028665C,0000000000000000,4,100,0,0,0,-1,0,0,0,11.06,-203.68,0,6.0900,63,175,108,-1,1,0,0,0,1,nil,nil
4/28 18:52:34.407  SPELL_HEAL,Player-4755-01FA8DD8,"Roackerita-Dreadmist",0x514,0x0,Player-4755-01614AC7,"Mirrimazduur-Dreadmist",0x512,0x0,9474,"Flash Heal",0x2,Player-4755-01614AC7,0000000000000000,70,100,0,0,0,-1,0,0,0,8.29,-171.67,0,4.6129,68,765,765,0,0,nil
4/28 18:52:34.426  SPELL_AURA_APPLIED,Player-4755-01733879,"Hocwar-Dreadmist",0x40514,0x0,Player-4755-01733879,"Hocwar-Dreadmist",0x40514,0x0,29131,"Bloodrage",0x1,BUFF
4/28 18:52:34.426  SPELL_CAST_SUCCESS,Player-4755-01733879,"Hocwar-Dreadmist",0x40514,0x0,0000000000000000,nil,0x80000000,0x80000000,2687,"Bloodrage",0x1,Player-4755-01733879,0000000000000000,100,100,0,0,0,-1,0,0,0,9.95,-193.96,0,5.0393,71
4/28 18:52:34.459  SPELL_CAST_START,Player-4755-01614AC7,"Mirrimazduur-Dreadmist",0x512,0x0,0000000000000000,nil,0x80000000,0x80000000,11661,"Shadow Bolt",0x20
4/28 18:52:34.459  SWING_DAMAGE,Player-4755-01733879,"Hocwar-Dreadmist",0x40514,0x0,Creature-0-4457-249-1045-10184-000028665C,"Onyxia",0x10a48,0x0,Player-4755-01733879,0000000000000000,95,100,0,0,0,-1,0,0,0,9.95,-193.96,0,5.0393,71,85,134,-1,1,0,0,0,nil,1,nil
4/28 18:52:34.544  SPELL_CAST_SUCCESS,Player-4755-01F36B30,"Rectumqeef-Dreadmist",0x514,0x0,0000000000000000,nil,0x80000000,0x80000000,11689,"Life Tap",0x20,Player-4755-01F36B30,0000000000000000,65,100,0,0,0,-1,0,0,0,11.24,-173.92,0,4.7049,66
4/28 18:52:34.544  SPELL_PERIODIC_ENERGIZE,Player-4755-01F21AE6,"Blahu-Dreadmist",0x40514,0x0,Player-4755-01F21AE6,"Blahu-Dreadmist",0x40514,0x0,29131,"Bloodrage",0x1,Player-4755-01F21AE6,0000000000000000,96,100,0,0,0,-1,0,0,0,13.33,-208.81,0,1.9704,70,1.0000,0.0000,1,1000
4/28 18:52:34.576  SPELL_PERIODIC_DAMAGE,Player-4755-0160BD13,"Mafkees-Dreadmist",0x514,0x0,Creature-0-4457-249-1045-10184-000028665C,"Onyxia",0x10a48,0x0,12721,"Deep Wound",0x1,Creature-0-4457-249-1045-10184-000028665C,0000000000000000,4,100,0,0,0,-1,0,0,0,11.06,-203.68,0,6.0900,63,155,154,-1,1,0,0,0,nil,nil,nil
4/28 18:52:34.608  SPELL_CAST_SUCCESS,Player-4755-020BD78D,"Lonehunter-Dreadmist",0x514,0x0,Creature-0-4457-249-1045-10184-000028665C,"Onyxia",0x10a48,0x0,75,"Auto Shot",0x1,Player-4755-020BD78D,0000000000000000,100,100,0,0,0,-1,0,0,0,-1.01,-253.57,0,1.3335,71
4/28 18:52:34.608  SPELL_CAST_SUCCESS,Player-4755-01E83279,"Nlmasters-Dreadmist",0x514,0x8,Creature-0-4457-249-1045-10184-000028665C,"Onyxia",0x10a48,0x0,75,"Auto Shot",0x1,Player-4755-01E83279,0000000000000000,100,100,0,0,0,-1,0,0,0,12.20,-247.13,0,1.5432,71
4/28 18:52:34.623  SWING_DAMAGE,Player-4755-01A6B139,"Sakatan-Dreadmist",0x514,0x0,Creature-0-4457-249-1045-10184-000028665C,"Onyxia",0x10a48,0x0,Player-4755-01A6B139,0000000000000000,96,100,0,0,0,-1,0,0,0,2.56,-188.48,0,5.5063,69,97,132,-1,1,0,0,0,nil,1,nil
4/28 18:52:34.623  SWING_DAMAGE,Player-4755-01A6B139,"Sakatan-Dreadmist",0x514,0x0,Creature-0-4457-249-1045-10184-000028665C,"Onyxia",0x10a48,0x0,Player-4755-01A6B139,0000000000000000,96,100,0,0,0,-1,0,0,0,2.56,-188.48,0,5.5063,69,160,217,-1,1,0,0,0,nil,1,nil
4/28 18:52:34.638  SPELL_PERIODIC_HEAL,Player-4755-01FA8DD8,"Roackerita-Dreadmist",0x514,0x0,Player-4755-01617EEE,"Fenix-Dreadmist",0x512,0x0,6078,"Renew",0x2,Player-4755-01617EEE,0000000000000000,100,100,0,0,0,-1,0,0,0,20.50,-180.95,0,4.7176,66,235,235,235,0,nil
4/28 18:52:34.638  SPELL_CAST_SUCCESS,Player-4755-01BC57A3,"Saintis-Dreadmist",0x511,0x0,Player-4755-016DF694,"Ashalan-Dreadmist",0x514,0x0,2061,"Flash Heal",0x2,Player-4755-01BC57A3,0000000000000000,100,100,0,0,0,-1,0,0,0,18.97,-218.75,0,1.9756,68
4/28 18:52:34.747  SWING_DAMAGE,Creature-0-4457-249-1045-10184-000028665C,"Onyxia",0x10a48,0x0,Player-4755-0220BD00,"Krikoff-Dreadmist",0x40514,0x0,Creature-0-4457-249-1045-10184-000028665C,0000000000000000,4,100,0,0,0,-1,0,0,0,11.06,-203.68,0,6.0900,63,922,1732,-1,1,0,0,0,nil,nil,1
4/28 18:52:34.761  SPELL_CAST_SUCCESS,Player-4755-01FA8DD8,"Roackerita-Dreadmist",0x514,0x0,Player-4755-01614AC7,"Mirrimazduur-Dreadmist",0x512,0x0,10901,"Power Word: Shield",0x2,Player-4755-01FA8DD8,0000000000000000,100,100,0,0,0,-1,0,0,0,17.56,-173.91,0,5.8940,69
4/28 18:52:34.761  SPELL_AURA_APPLIED,Player-4755-01637B0A,"Pindle-Dreadmist",0x514,0x0,Player-4755-01637B0A,"Pindle-Dreadmist",0x514,0x0,10610,"Windfury Totem",0x8,BUFF
4/28 18:52:34.761  SPELL_EXTRA_ATTACKS,Player-4755-01637B0A,"Pindle-Dreadmist",0x514,0x0,Player-4755-01637B0A,"Pindle-Dreadmist",0x514,0x0,10610,"Windfury Totem",0x8,1
4/28 18:52:34.761  SWING_DAMAGE,Player-4755-01637B0A,"Pindle-Dreadmist",0x514,0x0,Creature-0-4457-249-1045-10184-000028665C,"Onyxia",0x10a48,0x0,Player-4755-01637B0A,0000000000000000,100,100,0,0,0,-1,0,0,0,8.82,-197.27,0,5.2910,65,121,162,-1,1,0,0,0,nil,1,nil
4/28 18:52:34.761  SWING_DAMAGE,Player-4755-01637B0A,"Pindle-Dreadmist",0x514,0x0,Creature-0-4457-249-1045-10184-000028665C,"Onyxia",0x10a48,0x0,Player-4755-01637B0A,0000000000000000,100,100,0,0,0,-1,0,0,0,8.82,-197.27,0,5.2910,65,409,254,-1,1,0,0,0,1,nil,nil
4/28 18:52:34.797  SPELL_AURA_REFRESH,Player-4755-0160BD13,"Mafkees-Dreadmist",0x514,0x0,Creature-0-4457-249-1045-10184-000028665C,"Onyxia",0x10a48,0x0,12721,"Deep Wound",0x1,DEBUFF
4/28 18:52:34.797  SPELL_AURA_REMOVED_DOSE,Player-4755-01637B0A,"Pindle-Dreadmist",0x514,0x0,Player-4755-01637B0A,"Pindle-Dreadmist",0x514,0x0,10610,"Windfury Totem",0x8,BUFF,1
4/28 18:52:34.797  SPELL_ENERGIZE,Player-4755-01733879,"Hocwar-Dreadmist",0x40514,0x0,Player-4755-01733879,"Hocwar-Dreadmist",0x40514,0x0,2687,"Bloodrage",0x1,Player-4755-01733879,0000000000000000,95,100,0,0,0,-1,0,0,0,9.95,-193.96,0,5.0393,71,15.0000,0.0000,1,1000
4/28 18:52:34.797  SWING_DAMAGE_LANDED,Player-4755-01733879,"Hocwar-Dreadmist",0x40514,0x0,Creature-0-4457-249-1045-10184-000028665C,"Onyxia",0x10a48,0x0,Creature-0-4457-249-1045-10184-000028665C,0000000000000000,4,100,0,0,0,-1,0,0,0,11.06,-203.68,0,6.0900,63,85,134,-1,1,0,0,0,nil,1,nil
4/28 18:52:34.797  SPELL_ENERGIZE,Player-4755-01F36B30,"Rectumqeef-Dreadmist",0x514,0x0,Player-4755-01F36B30,"Rectumqeef-Dreadmist",0x514,0x0,31818,"Life Tap",0x20,Player-4755-01F36B30,0000000000000000,65,100,0,0,0,-1,0,0,0,11.24,-173.92,0,4.7049,66,935.0000,0.0000,0,5218
4/28 18:52:34.815  SWING_DAMAGE_LANDED,Player-4755-01A6B139,"Sakatan-Dreadmist",0x514,0x0,Creature-0-4457-249-1045-10184-000028665C,"Onyxia",0x10a48,0x0,Creature-0-4457-249-1045-10184-000028665C,0000000000000000,4,100,0,0,0,-1,0,0,0,11.06,-203.68,0,6.0900,63,97,132,-1,1,0,0,0,nil,1,nil
4/28 18:52:34.815  SWING_DAMAGE_LANDED,Player-4755-01A6B139,"Sakatan-Dreadmist",0x514,0x0,Creature-0-4457-249-1045-10184-000028665C,"Onyxia",0x10a48,0x0,Creature-0-4457-249-1045-10184-000028665C,0000000000000000,4,100,0,0,0,-1,0,0,0,11.06,-203.68,0,6.0900,63,160,217,-1,1,0,0,0,nil,1,nil
4/28 18:52:34.815  SPELL_HEAL,Player-4755-01BC57A3,"Saintis-Dreadmist",0x511,0x0,Player-4755-016DF694,"Ashalan-Dreadmist",0x514,0x0,2061,"Flash Heal",0x2,Player-4755-016DF694,0000000000000000,97,100,0,0,0,-1,0,0,0,-7.60,-188.07,0,2.6311,67,537,537,0,0,nil
4/28 18:52:34.815  SWING_DAMAGE_LANDED,Creature-0-4457-249-1045-10184-000028665C,"Onyxia",0x10a48,0x0,Player-4755-0220BD00,"Krikoff-Dreadmist",0x40514,0x0,Player-4755-0220BD00,0000000000000000,86,100,0,0,0,-1,0,0,0,24.32,-200.82,0,3.3458,68,922,1732,-1,1,0,0,0,nil,nil,1
4/28 18:52:34.815  SPELL_AURA_APPLIED,Player-4755-01FA8DD8,"Roackerita-Dreadmist",0x514,0x0,Player-4755-01614AC7,"Mirrimazduur-Dreadmist",0x512,0x0,10901,"Power Word: Shield",0x2,BUFF
4/28 18:52:34.815  SWING_DAMAGE_LANDED,Player-4755-01637B0A,"Pindle-Dreadmist",0x514,0x0,Creature-0-4457-249-1045-10184-000028665C,"Onyxia",0x10a48,0x0,Creature-0-4457-249-1045-10184-000028665C,0000000000000000,4,100,0,0,0,-1,0,0,0,11.06,-203.68,0,6.0900,63,121,162,-1,1,0,0,0,nil,1,nil
4/28 18:52:34.815  SWING_DAMAGE_LANDED,Player-4755-01637B0A,"Pindle-Dreadmist",0x514,0x0,Creature-0-4457-249-1045-10184-000028665C,"Onyxia",0x10a48,0x0,Creature-0-4457-249-1045-10184-000028665C,0000000000000000,4,100,0,0,0,-1,0,0,0,11.06,-203.68,0,6.0900,63,409,254,-1,1,0,0,0,1,nil,nil
4/28 18:52:34.838  SPELL_DAMAGE,Player-4755-0178F576,"Atreas-Dreadmist",0x514,0x0,Creature-0-4457-249-1045-10184-000028665C,"Onyxia",0x10a48,0x0,14290,"Multi-Shot",0x1,Creature-0-4457-249-1045-10184-000028665C,0000000000000000,4,100,0,0,0,-1,0,0,0,11.06,-203.68,0,6.0900,63,612,776,-1,1,0,0,0,nil,nil,nil
4/28 18:52:34.838  SPELL_CAST_START,Player-4755-01BC57A3,"Saintis-Dreadmist",0x511,0x0,0000000000000000,nil,0x80000000,0x80000000,10917,"Flash Heal",0x2
4/28 18:52:34.889  SPELL_CAST_START,Player-4755-020BD78D,"Lonehunter-Dreadmist",0x514,0x0,0000000000000000,nil,0x80000000,0x80000000,14290,"Multi-Shot",0x1
4/28 18:52:34.889  SPELL_DAMAGE,Player-4755-0163DD9D,"Kaspais-Dreadmist",0x514,0x0,Creature-0-4457-249-1045-10184-000028665C,"Onyxia",0x10a48,0x0,10181,"Frostbolt",0x10,Creature-0-4457-249-1045-10184-000028665C,0000000000000000,4,100,0,0,0,-1,0,0,0,11.06,-203.68,0,6.0900,63,944,858,-1,16,0,0,0,nil,nil,nil
4/28 18:52:34.934  SWING_MISSED,Player-4755-01F21AE6,"Blahu-Dreadmist",0x40514,0x0,Creature-0-4457-249-1045-10184-000028665C,"Onyxia",0x10a48,0x0,MISS,1
4/28 18:52:34.950  SPELL_CAST_SUCCESS,Player-4755-0220BD00,"Krikoff-Dreadmist",0x40514,0x0,Creature-0-4457-249-1045-10184-000028665C,"Onyxia",0x10a48,0x0,11567,"Heroic Strike",0x1,Player-4755-0220BD00,0000000000000000,86,100,0,0,0,-1,0,0,0,24.32,-200.82,0,3.3458,68
4/28 18:52:34.950  SPELL_MISSED,Player-4755-0220BD00,"Krikoff-Dreadmist",0x40514,0x0,Creature-0-4457-249-1045-10184-000028665C,"Onyxia",0x10a48,0x0,11567,"Heroic Strike",0x1,PARRY,nil
4/28 18:52:34.950  SPELL_PERIODIC_HEAL,Player-4755-0210153A,"Hapuseneb-Dreadmist",0x514,0x0,Player-4755-0210153A,"Hapuseneb-Dreadmist",0x514,0x0,10929,"Renew",0x2,Player-4755-0210153A,0000000000000000,100,100,0,0,0,-1,0,0,0,9.41,-228.66,0,1.3430,66,293,293,293,0,nil
4/28 18:52:34.950  SPELL_AURA_REMOVED,Player-4755-0210153A,"Hapuseneb-Dreadmist",0x514,0x0,Player-4755-0210153A,"Hapuseneb-Dreadmist",0x514,0x0,10929,"Renew",0x2,BUFF
4/28 18:52:34.982  SPELL_CAST_SUCCESS,Player-4755-02045EF4,"Necrosini-Dreadmist",0x512,0x0,Player-4755-0220BD00,"Krikoff-Dreadmist",0x40514,0x0,2054,"Heal",0x2,Player-4755-02045EF4,0000000000000000,100,100,0,0,0,-1,0,0,0,10.71,-186.86,0,4.6916,69
4/28 18:52:34.982  SPELL_DAMAGE,Player-4755-015FEBD5,"Sauvage-Dreadmist",0x514,0x0,Creature-0-4457-249-1045-10184-000028665C,"Onyxia",0x10a48,0x0,10181,"Frostbolt",0x10,Creature-0-4457-249-1045-10184-000028665C,0000000000000000,4,100,0,0,0,-1,0,0,0,11.06,-203.68,0,6.0900,63,891,810,-1,16,0,0,0,nil,nil,nil
4/28 18:52:35.003  SPELL_CAST_START,Player-4755-01E83279,"Nlmasters-Dreadmist",0x514,0x8,0000000000000000,nil,0x80000000,0x80000000,2643,"Multi-Shot",0x1
4/28 18:52:35.051  SWING_DAMAGE,Pet-0-4457-249-1045-2850-01001956F9,"Kratos",0x1114,0x0,Creature-0-4457-249-1045-10184-000028665C,"Onyxia",0x10a48,0x0,Pet-0-4457-249-1045-2850-01001956F9,Player-4755-0178F576,56,100,0,0,0,-1,0,0,0,12.54,-178.68,0,4.6531,66,35,73,-1,1,0,0,0,nil,1,nil
4/28 18:52:35.051  SWING_DAMAGE,Player-4755-01637B0A,"Pindle-Dreadmist",0x514,0x0,Creature-0-4457-249-1045-10184-000028665C,"Onyxia",0x10a48,0x0,Player-4755-01637B0A,0000000000000000,100,100,0,0,0,-1,0,0,0,8.82,-197.27,0,5.2812,65,100,130,-1,1,0,0,0,nil,1,nil
4/28 18:52:35.051  SPELL_CAST_SUCCESS,Player-4755-01802FE5,"Angrybat-Dreadmist",0x514,0x0,Creature-0-4457-249-1045-10184-000028665C,"Onyxia",0x10a48,0x0,10181,"Frostbolt",0x10,Player-4755-01802FE5,0000000000000000,100,100,0,0,0,-1,0,0,0,2.47,-178.61,0,5.0365,66
4/28 18:52:35.051  SPELL_CAST_START,Player-4755-01802FE5,"Angrybat-Dreadmist",0x514,0x0,0000000000000000,nil,0x80000000,0x80000000,10181,"Frostbolt",0x10
4/28 18:52:35.067  SWING_DAMAGE,Player-4755-01AC9FD9,"Alexinho-Dreadmist",0x514,0x0,Creature-0-4457-249-1045-10184-000028665C,"Onyxia",0x10a48,0x0,Player-4755-01AC9FD9,0000000000000000,99,100,0,0,0,-1,0,0,0,10.92,-195.42,0,4.7193,66,114,161,-1,1,0,0,0,nil,1,nil
4/28 18:52:35.170  SPELL_PERIODIC_ENERGIZE,Player-4755-0178F416,"Eltorero-Dreadmist",0x514,0x0,Player-4755-0178F416,"Eltorero-Dreadmist",0x514,0x0,29131,"Bloodrage",0x1,Player-4755-0178F416,0000000000000000,100,100,0,0,0,-1,0,0,0,8.49,-216.95,0,1.4722,67,1.0000,0.0000,1,1000
4/28 18:52:35.219  DAMAGE_SHIELD_MISSED,Player-4755-0220BD00,"Krikoff-Dreadmist",0x40514,0x0,Creature-0-4457-249-1045-10184-000028665C,"Onyxia",0x10a48,0x0,11771,"Fire Shield",0x4,IMMUNE,nil
4/28 18:52:35.219  SPELL_ENERGIZE,Player-4755-0220BD00,"Krikoff-Dreadmist",0x40514,0x0,Player-4755-0220BD00,"Krikoff-Dreadmist",0x40514,0x0,29478,"Battlegear of Might",0x1,Player-4755-0220BD00,0000000000000000,86,100,0,0,0,-1,0,0,0,24.32,-200.82,0,3.3458,68,1.0000,0.0000,1,1000
4/28 18:52:35.219  SPELL_AURA_REMOVED,Player-4755-01637B0A,"Pindle-Dreadmist",0x514,0x0,Player-4755-01637B0A,"Pindle-Dreadmist",0x514,0x0,10610,"Windfury Totem",0x8,BUFF
4/28 18:52:35.219  SPELL_HEAL,Player-4755-02045EF4,"Necrosini-Dreadmist",0x512,0x0,Player-4755-0220BD00,"Krikoff-Dreadmist",0x40514,0x0,2054,"Heal",0x2,Player-4755-0220BD00,0000000000000000,96,100,0,0,0,-1,0,0,0,24.32,-200.82,0,3.3458,68,661,661,0,0,nil
4/28 18:52:35.219  SPELL_DAMAGE,Player-4755-01733879,"Hocwar-Dreadmist",0x40514,0x0,Creature-0-4457-249-1045-10184-000028665C,"Onyxia",0x10a48,0x0,20647,"Execute",0x1,Creature-0-4457-249-1045-10184-000028665C,0000000000000000,4,100,0,0,0,-1,0,0,0,11.06,-203.68,0,6.0900,63,558,766,-1,1,0,46,0,nil,nil,nil
4/28 18:52:35.219  SWING_DAMAGE_LANDED,Pet-0-4457-249-1045-2850-01001956F9,"Kratos",0x1114,0x0,Creature-0-4457-249-1045-10184-000028665C,"Onyxia",0x10a48,0x0,Creature-0-4457-249-1045-10184-000028665C,0000000000000000,4,100,0,0,0,-1,0,0,0,11.06,-203.68,0,6.0900,63,35,73,-1,1,0,0,0,nil,1,nil
4/28 18:52:35.219  SWING_DAMAGE_LANDED,Player-4755-01637B0A,"Pindle-Dreadmist",0x514,0x0,Creature-0-4457-249-1045-10184-000028665C,"Onyxia",0x10a48,0x0,Creature-0-4457-249-1045-10184-000028665C,0000000000000000,4,100,0,0,0,-1,0,0,0,11.06,-203.68,0,6.0900,63,100,130,-1,1,0,0,0,nil,1,nil
4/28 18:52:35.219  SWING_DAMAGE_LANDED,Player-4755-01AC9FD9,"Alexinho-Dreadmist",0x514,0x0,Creature-0-4457-249-1045-10184-000028665C,"Onyxia",0x10a48,0x0,Creature-0-4457-249-1045-10184-000028665C,0000000000000000,4,100,0,0,0,-1,0,0,0,11.06,-203.68,0,6.0900,63,114,161,-1,1,0,0,0,nil,1,nil
4/28 18:52:35.219  SPELL_CAST_SUCCESS,Player-4755-020BD78D,"Lonehunter-Dreadmist",0x514,0x0,Creature-0-4457-249-1045-10184-000028665C,"Onyxia",0x10a48,0x0,14290,"Multi-Shot",0x1,Player-4755-020BD78D,0000000000000000,100,100,0,0,0,-1,0,0,0,-1.01,-253.57,0,1.3335,71
4/28 18:52:35.219  SWING_DAMAGE,Creature-0-4457-249-1045-10184-000028665C,"Onyxia",0x10a48,0x0,Player-4755-0220BD00,"Krikoff-Dreadmist",0x40514,0x0,Creature-0-4457-249-1045-10184-000028665C,0000000000000000,4,100,0,0,0,-1,0,0,0,11.06,-203.68,0,6.0900,63,491,1385,-1,1,0,0,0,nil,nil,nil
4/28 18:52:35.238  SWING_MISSED,Player-4755-01F21AE6,"Blahu-Dreadmist",0x40514,0x0,Creature-0-4457-249-1045-10184-000028665C,"Onyxia",0x10a48,0x0,DODGE,nil
4/28 18:52:35.253  SPELL_CAST_START,Player-4755-0178F576,"Atreas-Dreadmist",0x514,0x0,0000000000000000,nil,0x80000000,0x80000000,75,"Auto Shot",0x1
4/28 18:52:35.283  SPELL_DAMAGE,Player-4755-020BD78D,"Lonehunter-Dreadmist",0x514,0x0,Creature-0-4457-249-1045-10184-000028665C,"Onyxia",0x10a48,0x0,20904,"Aimed Shot",0x1,Creature-0-4457-249-1045-10184-000028665C,0000000000000000,4,100,0,0,0,-1,0,0,0,11.06,-203.68,0,6.0900,63,866,1099,-1,1,0,0,0,nil,nil,nil
4/28 18:52:35.301  SPELL_CAST_SUCCESS,Player-4755-0210153A,"Hapuseneb-Dreadmist",0x514,0x0,Player-4755-0160BD13,"Mafkees-Dreadmist",0x514,0x0,10929,"Renew",0x2,Player-4755-0210153A,0000000000000000,100,100,0,0,0,-1,0,0,0,9.41,-228.66,0,1.3430,66
4/28 18:52:35.363  SPELL_CAST_START,Player-4755-01804B95,"Moymoy-Dreadmist",0x514,0x0,0000000000000000,nil,0x80000000,0x80000000,939,"Healing Wave",0x8
4/28 18:52:35.380  SPELL_CAST_SUCCESS,Player-4755-01637B0A,"Pindle-Dreadmist",0x514,0x0,Creature-0-4457-249-1045-10184-000028665C,"Onyxia",0x10a48,0x0,11281,"Backstab",0x1,Player-4755-01637B0A,0000000000000000,100,100,0,0,0,-1,0,0,0,8.82,-197.27,0,5.2812,65
4/28 18:52:35.396  SPELL_CAST_START,Player-4755-015FEBD5,"Sauvage-Dreadmist",0x514,0x0,0000000000000000,nil,0x80000000,0x80000000,10181,"Frostbolt",0x10
4/28 18:52:35.432  SPELL_PERIODIC_ENERGIZE,Player-4755-01733879,"Hocwar-Dreadmist",0x40514,0x0,Player-4755-01733879,"Hocwar-Dreadmist",0x40514,0x0,29131,"Bloodrage",0x1,Player-4755-01733879,0000000000000000,95,100,0,0,0,-1,0,0,0,9.95,-193.96,0,5.0393,71,1.0000,0.0000,1,1000
4/28 18:52:35.432  SPELL_CAST_SUCCESS,Player-4755-01E83279,"Nlmasters-Dreadmist",0x514,0x8,Creature-0-4457-249-1045-10184-000028665C,"Onyxia",0x10a48,0x0,2643,"Multi-Shot",0x1,Player-4755-01E83279,0000000000000000,100,100,0,0,0,-1,0,0,0,12.20,-247.13,0,1.5432,71
4/28 18:52:35.468  SPELL_AURA_REMOVED,Player-4755-01F21AE6,"Blahu-Dreadmist",0x40514,0x0,Player-4755-01F21AE6,"Blahu-Dreadmist",0x40514,0x0,71,"Defensive Stance",0x1,BUFF
4/28 18:52:35.468  SPELL_AURA_APPLIED,Player-4755-01F21AE6,"Blahu-Dreadmist",0x40514,0x0,Player-4755-01F21AE6,"Blahu-Dreadmist",0x40514,0x0,2457,"Battle Stance",0x1,BUFF
4/28 18:52:35.468  SPELL_CAST_SUCCESS,Player-4755-01F21AE6,"Blahu-Dreadmist",0x40514,0x0,0000000000000000,nil,0x80000000,0x80000000,2457,"Battle Stance",0x1,Player-4755-01F21AE6,0000000000000000,96,100,0,0,0,-1,0,0,0,13.33,-208.81,0,1.9704,70
4/28 18:52:35.538  SPELL_PERIODIC_ENERGIZE,Player-4755-01F21AE6,"Blahu-Dreadmist",0x40514,0x0,Player-4755-01F21AE6,"Blahu-Dreadmist",0x40514,0x0,29131,"Bloodrage",0x1,Player-4755-01F21AE6,0000000000000000,96,100,0,0,0,-1,0,0,0,13.33,-208.81,0,1.9704,70,1.0000,0.0000,1,1000
4/28 18:52:35.623  SPELL_ENERGIZE,Player-4755-01733879,"Hocwar-Dreadmist",0x40514,0x0,Player-4755-01733879,"Hocwar-Dreadmist",0x40514,0x0,12964,"Unbridled Wrath",0x1,Player-4755-01733879,0000000000000000,95,100,0,0,0,-1,0,0,0,9.95,-193.96,0,5.0393,71,1.0000,0.0000,1,1000
4/28 18:52:35.623  SPELL_AURA_APPLIED,Player-4755-01FA8DD8,"Roackerita-Dreadmist",0x514,0x0,Player-4755-01614AC7,"Mirrimazduur-Dreadmist",0x512,0x0,6788,"Weakened Soul",0x2,DEBUFF
4/28 18:52:35.623  SPELL_AURA_REMOVED_DOSE,Player-4755-01F21AE6,"Blahu-Dreadmist",0x40514,0x0,Player-4755-01F21AE6,"Blahu-Dreadmist",0x40514,0x0,12970,"Flurry",0x1,BUFF,2
4/28 18:52:35.623  SWING_DAMAGE_LANDED,Creature-0-4457-249-1045-10184-000028665C,"Onyxia",0x10a48,0x0,Player-4755-0220BD00,"Krikoff-Dreadmist",0x40514,0x0,Player-4755-0220BD00,0000000000000000,88,100,0,0,0,-1,0,0,0,24.32,-200.82,0,3.3458,68,491,1385,-1,1,0,0,0,nil,nil,nil
4/28 18:52:35.623  SPELL_AURA_APPLIED,Player-4755-0210153A,"Hapuseneb-Dreadmist",0x514,0x0,Player-4755-0160BD13,"Mafkees-Dreadmist",0x514,0x0,10929,"Renew",0x2,BUFF
4/28 18:52:35.623  SPELL_DAMAGE,Player-4755-01637B0A,"Pindle-Dreadmist",0x514,0x0,Creature-0-4457-249-1045-10184-000028665C,"Onyxia",0x10a48,0x0,11281,"Backstab",0x1,Creature-0-4457-249-1045-10184-000028665C,0000000000000000,3,100,0,0,0,-1,0,0,0,11.06,-203.68,0,6.0900,63,1036,574,-1,1,0,0,0,1,nil,nil
4/28 18:52:35.696  SPELL_CAST_SUCCESS,Player-4755-0178F576,"Atreas-Dreadmist",0x514,0x0,Creature-0-4457-249-1045-10184-000028665C,"Onyxia",0x10a48,0x0,75,"Auto Shot",0x1,Player-4755-0178F576,0000000000000000,100,100,0,0,0,-1,0,0,0,0.87,-171.31,0,5.0172,66
4/28 18:52:35.711  RANGE_DAMAGE,Player-4755-01E83279,"Nlmasters-Dreadmist",0x514,0x8,Creature-0-4457-249-1045-10184-000028665C,"Onyxia",0x10a48,0x0,75,"Auto Shot",0x1,Creature-0-4457-249-1045-10184-000028665C,0000000000000000,3,100,0,0,0,-1,0,0,0,11.06,-203.68,0,6.0900,63,355,450,-1,1,0,0,0,nil,nil,nil
4/28 18:52:35.796  SWING_DAMAGE,Player-4755-0220BD00,"Krikoff-Dreadmist",0x40514,0x0,Creature-0-4457-249-1045-10184-000028665C,"Onyxia",0x10a48,0x0,Player-4755-0220BD00,0000000000000000,88,100,0,0,0,-1,0,0,0,24.32,-200.82,0,3.3458,68,136,201,-1,1,0,0,0,nil,1,nil
4/28 18:52:35.855  SWING_DAMAGE,Player-4755-0160BD13,"Mafkees-Dreadmist",0x514,0x0,Creature-0-4457-249-1045-10184-000028665C,"Onyxia",0x10a48,0x0,Player-4755-0160BD13,0000000000000000,94,100,0,0,0,-1,0,0,0,6.35,-195.49,0,5.3077,64,602,763,-1,1,0,0,0,nil,nil,nil
4/28 18:52:35.871  RANGE_DAMAGE,Player-4755-020BD78D,"Lonehunter-Dreadmist",0x514,0x0,Creature-0-4457-249-1045-10184-000028665C,"Onyxia",0x10a48,0x0,75,"Auto Shot",0x1,Creature-0-4457-249-1045-10184-000028665C,0000000000000000,3,100,0,0,0,-1,0,0,0,11.06,-203.68,0,6.0900,63,943,508,-1,1,0,0,0,1,nil,nil
4/28 18:52:35.916  SWING_MISSED,Player-4755-01AC9FD9,"Alexinho-Dreadmist",0x514,0x0,Creature-0-4457-249-1045-10184-000028665C,"Onyxia",0x10a48,0x0,MISS,nil
4/28 18:52:35.916  SWING_DAMAGE,Player-4755-01637B0A,"Pindle-Dreadmist",0x514,0x0,Creature-0-4457-249-1045-10184-000028665C,"Onyxia",0x10a48,0x0,Player-4755-01637B0A,0000000000000000,100,100,0,0,0,-1,0,0,0,8.82,-197.27,0,5.2812,65,132,175,-1,1,0,0,0,nil,1,nil
4/28 18:52:35.949  SWING_DAMAGE,Player-4755-01637B0A,"Pindle-Dreadmist",0x514,0x0,Creature-0-4457-249-1045-10184-000028665C,"Onyxia",0x10a48,0x0,Player-4755-01637B0A,0000000000000000,100,100,0,0,0,-1,0,0,0,8.82,-197.27,0,5.2812,65,85,107,-1,1,0,0,0,nil,nil,nil
4/28 18:52:35.993  SPELL_DAMAGE,Player-4755-01802FE5,"Angrybat-Dreadmist",0x514,0x0,Creature-0-4457-249-1045-10184-000028665C,"Onyxia",0x10a48,0x0,10181,"Frostbolt",0x10,Creature-0-4457-249-1045-10184-000028665C,0000000000000000,3,100,0,0,0,-1,0,0,0,11.06,-203.68,0,6.0900,63,988,898,-1,16,0,0,0,nil,nil,nil
4/28 18:52:35.993  SWING_DAMAGE,Player-4755-01A6B139,"Sakatan-Dreadmist",0x514,0x0,Creature-0-4457-249-1045-10184-000028665C,"Onyxia",0x10a48,0x0,Player-4755-01A6B139,0000000000000000,96,100,0,0,0,-1,0,0,0,2.56,-188.48,0,5.5063,69,113,144,-1,1,0,0,0,nil,nil,nil
4/28 18:52:36.012  DAMAGE_SHIELD_MISSED,Player-4755-0220BD00,"Krikoff-Dreadmist",0x40514,0x0,Creature-0-4457-249-1045-10184-000028665C,"Onyxia",0x10a48,0x0,11771,"Fire Shield",0x4,IMMUNE,nil
4/28 18:52:36.012  SPELL_AURA_REMOVED_DOSE,Player-4755-01F21AE6,"Blahu-Dreadmist",0x40514,0x0,Player-4755-01F21AE6,"Blahu-Dreadmist",0x40514,0x0,12970,"Flurry",0x1,BUFF,1
4/28 18:52:36.012  SWING_DAMAGE_LANDED,Player-4755-0220BD00,"Krikoff-Dreadmist",0x40514,0x0,Creature-0-4457-249-1045-10184-000028665C,"Onyxia",0x10a48,0x0,Creature-0-4457-249-1045-10184-000028665C,0000000000000000,3,100,0,0,0,-1,0,0,0,11.06,-203.68,0,6.0900,63,136,201,-1,1,0,0,0,nil,1,nil
4/28 18:52:36.012  SWING_DAMAGE_LANDED,Player-4755-0160BD13,"Mafkees-Dreadmist",0x514,0x0,Creature-0-4457-249-1045-10184-000028665C,"Onyxia",0x10a48,0x0,Creature-0-4457-249-1045-10184-000028665C,0000000000000000,3,100,0,0,0,-1,0,0,0,11.06,-203.68,0,6.0900,63,602,763,-1,1,0,0,0,nil,nil,nil
4/28 18:52:36.012  SWING_DAMAGE_LANDED,Player-4755-01637B0A,"Pindle-Dreadmist",0x514,0x0,Creature-0-4457-249-1045-10184-000028665C,"Onyxia",0x10a48,0x0,Creature-0-4457-249-1045-10184-000028665C,0000000000000000,3,100,0,0,0,-1,0,0,0,11.06,-203.68,0,6.0900,63,132,175,-1,1,0,0,0,nil,1,nil
4/28 18:52:36.012  SWING_DAMAGE_LANDED,Player-4755-01637B0A,"Pindle-Dreadmist",0x514,0x0,Creature-0-4457-249-1045-10184-000028665C,"Onyxia",0x10a48,0x0,Creature-0-4457-249-1045-10184-000028665C,0000000000000000,3,100,0,0,0,-1,0,0,0,11.06,-203.68,0,6.0900,63,85,107,-1,1,0,0,0,nil,nil,nil
4/28 18:52:36.012  SWING_DAMAGE_LANDED,Player-4755-01A6B139,"Sakatan-Dreadmist",0x514,0x0,Creature-0-4457-249-1045-10184-000028665C,"Onyxia",0x10a48,0x0,Creature-0-4457-249-1045-10184-000028665C,0000000000000000,3,100,0,0,0,-1,0,0,0,11.06,-203.68,0,6.0900,63,113,144,-1,1,0,0,0,nil,nil,nil
4/28 18:52:36.048  SWING_DAMAGE,Pet-0-4457-249-1045-2850-01001956F9,"Kratos",0x1114,0x0,Creature-0-4457-249-1045-10184-000028665C,"Onyxia",0x10a48,0x0,Pet-0-4457-249-1045-2850-01001956F9,Player-4755-0178F576,56,100,0,0,0,-1,0,0,0,12.54,-178.68,0,4.6531,66,37,73,-1,1,0,0,0,nil,1,nil
4/28 18:52:36.048  SPELL_CAST_START,Player-4755-01F36B30,"Rectumqeef-Dreadmist",0x514,0x0,0000000000000000,nil,0x80000000,0x80000000,11661,"Shadow Bolt",0x20
4/28 18:52:36.064  SWING_MISSED,Player-4755-01733879,"Hocwar-Dreadmist",0x40514,0x0,Creature-0-4457-249-1045-10184-000028665C,"Onyxia",0x10a48,0x0,MISS,1
4/28 18:52:36.064  SWING_DAMAGE,Player-4755-01A6B139,"Sakatan-Dreadmist",0x514,0x0,Creature-0-4457-249-1045-10184-000028665C,"Onyxia",0x10a48,0x0,Player-4755-01A6B139,0000000000000000,96,100,0,0,0,-1,0,0,0,2.56,-188.48,0,5.5063,69,151,191,-1,1,0,0,0,nil,nil,nil
4/28 18:52:36.152  SPELL_CAST_SUCCESS,Player-4755-016296D3,"Nivl-Dreadmist",0x514,0x0,Player-4755-01840577,"Raggèn-Dreadmist",0x514,0x0,1064,"Chain Heal",0x8,Player-4755-016296D3,0000000000000000,100,100,0,0,0,-1,0,0,0,-0.11,-172.84,0,5.7084,69
4/28 18:52:36.152  SWING_MISSED,Player-4755-01733879,"Hocwar-Dreadmist",0x40514,0x0,Creature-0-4457-249-1045-10184-000028665C,"Onyxia",0x10a48,0x0,MISS,nil
4/28 18:52:36.183  SPELL_PERIODIC_ENERGIZE,Player-4755-0178F416,"Eltorero-Dreadmist",0x514,0x0,Player-4755-0178F416,"Eltorero-Dreadmist",0x514,0x0,29131,"Bloodrage",0x1,Player-4755-0178F416,0000000000000000,100,100,0,0,0,-1,0,0,0,9.49,-216.41,0,1.4722,67,1.0000,0.0000,1,1000
4/28 18:52:36.215  SPELL_CAST_START,Player-4755-020BD78D,"Lonehunter-Dreadmist",0x514,0x0,0000000000000000,nil,0x80000000,0x80000000,75,"Auto Shot",0x1
4/28 18:52:36.215  SPELL_PERIODIC_DAMAGE,Player-4755-01614AC7,"Mirrimazduur-Dreadmist",0x512,0x0,Creature-0-4457-249-1045-10184-000028665C,"Onyxia",0x10a48,0x0,11672,"Corruption",0x20,Creature-0-4457-249-1045-10184-000028665C,0000000000000000,3,100,0,0,0,-1,0,0,0,11.06,-203.68,0,6.0900,63,207,188,-1,32,0,0,0,nil,nil,nil
4/28 18:52:36.251  SPELL_CAST_SUCCESS,Player-4755-01BC57A3,"Saintis-Dreadmist",0x511,0x0,Pet-0-4457-249-1045-2850-01001956F9,"Kratos",0x1114,0x0,10917,"Flash Heal",0x2,Player-4755-01BC57A3,0000000000000000,100,100,0,0,0,-1,0,0,0,18.97,-218.75,0,1.9756,68
4/28 18:52:36.290  SPELL_CAST_START,Player-4755-01FA8DD8,"Roackerita-Dreadmist",0x514,0x0,0000000000000000,nil,0x80000000,0x80000000,9474,"Flash Heal",0x2
4/28 18:52:36.329  SWING_MISSED,Player-4755-01F21AE6,"Blahu-Dreadmist",0x40514,0x0,Creature-0-4457-249-1045-10184-000028665C,"Onyxia",0x10a48,0x0,MISS,1
4/28 18:52:36.362  SPELL_CAST_SUCCESS,Player-4755-0163DD9D,"Kaspais-Dreadmist",0x514,0x0,Creature-0-4457-249-1045-10184-000028665C,"Onyxia",0x10a48,0x0,10181,"Frostbolt",0x10,Player-4755-0163DD9D,0000000000000000,83,100,0,0,0,-1,0,0,0,8.42,-174.44,0,4.9307,66
4/28 18:52:36.362  SPELL_CAST_START,Player-4755-0163DD9D,"Kaspais-Dreadmist",0x514,0x0,0000000000000000,nil,0x80000000,0x80000000,10181,"Frostbolt",0x10
4/28 18:52:36.423  SPELL_HEAL,Player-4755-0220BD00,"Krikoff-Dreadmist",0x40514,0x0,Player-4755-0220BD00,"Krikoff-Dreadmist",0x40514,0x0,23891,"Bloodthirst",0x1,Player-4755-0220BD00,0000000000000000,89,100,0,0,0,-1,0,0,0,24.32,-200.82,0,3.3458,68,20,20,0,0,nil
4/28 18:52:36.423  SPELL_AURA_REMOVED,Player-4755-0220BD00,"Krikoff-Dreadmist",0x40514,0x0,Player-4755-0220BD00,"Krikoff-Dreadmist",0x40514,0x0,23888,"Bloodthirst",0x1,BUFF
4/28 18:52:36.423  SPELL_AURA_REMOVED_DOSE,Player-4755-0160BD13,"Mafkees-Dreadmist",0x514,0x0,Player-4755-0160BD13,"Mafkees-Dreadmist",0x514,0x0,12970,"Flurry",0x1,BUFF,2
4/28 18:52:36.423  SWING_DAMAGE_LANDED,Pet-0-4457-249-1045-2850-01001956F9,"Kratos",0x1114,0x0,Creature-0-4457-249-1045-10184-000028665C,"Onyxia",0x10a48,0x0,Creature-0-4457-249-1045-10184-000028665C,0000000000000000,3,100,0,0,0,-1,0,0,0,11.06,-203.68,0,6.0900,63,37,73,-1,1,0,0,0,nil,1,nil
4/28 18:52:36.423  SWING_DAMAGE_LANDED,Player-4755-01A6B139,"Sakatan-Dreadmist",0x514,0x0,Creature-0-4457-249-1045-10184-000028665C,"Onyxia",0x10a48,0x0,Creature-0-4457-249-1045-10184-000028665C,0000000000000000,3,100,0,0,0,-1,0,0,0,11.06,-203.68,0,6.0900,63,151,191,-1,1,0,0,0,nil,nil,nil
4/28 18:52:36.423  SPELL_HEAL,Player-4755-016296D3,"Nivl-Dreadmist",0x514,0x0,Player-4755-0160BD13,"Mafkees-Dreadmist",0x514,0x0,1064,"Chain Heal",0x8,Player-4755-0160BD13,0000000000000000,97,100,0,0,0,-1,0,0,0,6.53,-195.90,0,5.2449,64,138,138,0,0,nil
4/28 18:52:36.423  SPELL_HEAL,Player-4755-016296D3,"Nivl-Dreadmist",0x514,0x0,Player-4755-01733879,"Hocwar-Dreadmist",0x40514,0x0,1064,"Chain Heal",0x8,Player-4755-01733879,0000000000000000,100,100,0,0,0,-1,0,0,0,9.58,-194.08,0,5.0393,71,430,430,97,0,nil
4/28 18:52:36.423  SPELL_HEAL,Player-4755-016296D3,"Nivl-Dreadmist",0x514,0x0,Player-4755-01840577,"Raggèn-Dreadmist",0x514,0x0,1064,"Chain Heal",0x8,Player-4755-01840577,0000000000000000,100,100,0,0,0,-1,0,0,0,8.69,-194.36,0,5.0476,67,660,660,356,0,nil
4/28 18:52:36.423  SPELL_HEAL,Player-4755-01BC57A3,"Saintis-Dreadmist",0x511,0x0,Pet-0-4457-249-1045-2850-01001956F9,"Kratos",0x1114,0x0,10917,"Flash Heal",0x2,Pet-0-4457-249-1045-2850-01001956F9,Player-4755-0178F576,81,100,0,0,0,-1,0,0,0,12.54,-178.68,0,4.6531,66,1193,1193,0,0,nil
4/28 18:52:36.423  SPELL_AURA_REMOVED,Player-4755-01BC57A3,"Saintis-Dreadmist",0x511,0x0,Player-4755-01BC57A3,"Saintis-Dreadmist",0x511,0x0,6788,"Weakened Soul",0x2,DEBUFF
4/28 18:52:36.423  SPELL_PERIODIC_ENERGIZE,Player-4755-01733879,"Hocwar-Dreadmist",0x40514,0x0,Player-4755-01733879,"Hocwar-Dreadmist",0x40514,0x0,29131,"Bloodrage",0x1,Player-4755-01733879,0000000000000000,100,100,0,0,0,-1,0,0,0,9.58,-194.08,0,5.0393,71,1.0000,0.0000,1,1000
4/28 18:52:36.462  SWING_MISSED,Player-4755-01AC9FD9,"Alexinho-Dreadmist",0x514,0x0,Creature-0-4457-249-1045-10184-000028665C,"Onyxia",0x10a48,0x0,PARRY,1
4/28 18:52:36.523  SPELL_CAST_SUCCESS,Player-4755-01ED7A64,"Sperzieboon-Dreadmist",0x514,0x0,Player-4755-0220BD00,"Krikoff-Dreadmist",0x40514,0x0,6063,"Heal",0x2,Player-4755-01ED7A64,0000000000000000,100,100,0,0,0,-1,0,0,0,11.91,-229.55,0,1.5751,67
4/28 18:52:36.538  SPELL_PERIODIC_ENERGIZE,Player-4755-01F21AE6,"Blahu-Dreadmist",0x40514,0x0,Player-4755-01F21AE6,"Blahu-Dreadmist",0x40514,0x0,29131,"Bloodrage",0x1,Player-4755-01F21AE6,0000000000000000,96,100,0,0,0,-1,0,0,0,14.16,-208.46,0,1.9704,70,1.0000,0.0000,1,1000
4/28 18:52:36.538  SPELL_CAST_SUCCESS,Player-4755-020BD78D,"Lonehunter-Dreadmist",0x514,0x0,Creature-0-4457-249-1045-10184-000028665C,"Onyxia",0x10a48,0x0,75,"Auto Shot",0x1,Player-4755-020BD78D,0000000000000000,100,100,0,0,0,-1,0,0,0,-1.01,-253.57,0,1.3335,71
4/28 18:52:36.538  RANGE_DAMAGE,Player-4755-0178F576,"Atreas-Dreadmist",0x514,0x0,Creature-0-4457-249-1045-10184-000028665C,"Onyxia",0x10a48,0x0,75,"Auto Shot",0x1,Creature-0-4457-249-1045-10184-000028665C,0000000000000000,3,100,0,0,0,-1,0,0,0,11.06,-203.68,0,6.0900,63,408,518,-1,1,0,0,0,nil,nil,nil
4/28 18:52:36.630  SPELL_AURA_APPLIED,Player-4755-0178F416,"Eltorero-Dreadmist",0x514,0x0,Player-4755-0178F416,"Eltorero-Dreadmist",0x514,0x0,10610,"Windfury Totem",0x8,BUFF
4/28 18:52:36.630  SPELL_EXTRA_ATTACKS,Player-4755-0178F416,"Eltorero-Dreadmist",0x514,0x0,Player-4755-0178F416,"Eltorero-Dreadmist",0x514,0x0,10610,"Windfury Totem",0x8,1
4/28 18:52:36.630  SWING_DAMAGE,Player-4755-0178F416,"Eltorero-Dreadmist",0x514,0x0,Creature-0-4457-249-1045-10184-000028665C,"Onyxia",0x10a48,0x0,Player-4755-0178F416,0000000000000000,100,100,0,0,0,-1,0,0,0,8.87,-216.35,0,1.4722,67,608,772,-1,1,0,0,0,nil,nil,nil
4/28 18:52:36.649  SWING_DAMAGE,Player-4755-0178F416,"Eltorero-Dreadmist",0x514,0x0,Creature-0-4457-249-1045-10184-000028665C,"Onyxia",0x10a48,0x0,Player-4755-0178F416,0000000000000000,100,100,0,0,0,-1,0,0,0,8.87,-216.35,0,1.4722,67,678,860,-1,1,0,0,0,nil,nil,nil
4/28 18:52:36.720  SPELL_CAST_START,Player-4755-01E83279,"Nlmasters-Dreadmist",0x514,0x8,0000000000000000,nil,0x80000000,0x80000000,75,"Auto Shot",0x1
4/28 18:52:36.765  SPELL_PERIODIC_DAMAGE,Player-4755-0178F416,"Eltorero-Dreadmist",0x514,0x0,Creature-0-4457-249-1045-10184-000028665C,"Onyxia",0x10a48,0x0,12721,"Deep Wound",0x1,Creature-0-4457-249-1045-10184-000028665C,0000000000000000,3,100,0,0,0,-1,0,0,0,11.06,-203.68,0,6.0900,63,146,146,-1,1,0,0,0,nil,nil,nil
4/28 18:52:36.836  SPELL_AURA_REMOVED,Player-4755-01F21AE6,"Blahu-Dreadmist",0x40514,0x0,Player-4755-01F21AE6,"Blahu-Dreadmist",0x40514,0x0,12970,"Flurry",0x1,BUFF
4/28 18:52:36.836  SPELL_HEAL,Player-4755-01ED7A64,"Sperzieboon-Dreadmist",0x514,0x0,Player-4755-0220BD00,"Krikoff-Dreadmist",0x40514,0x0,6063,"Heal",0x2,Player-4755-0220BD00,0000000000000000,100,100,0,0,0,-1,0,0,0,24.32,-200.82,0,3.3458,68,1200,1200,468,0,nil
4/28 18:52:36.836  SPELL_DAMAGE,Player-4755-0160BD13,"Mafkees-Dreadmist",0x514,0x0,Creature-0-4457-249-1045-10184-000028665C,"Onyxia",0x10a48,0x0,20647,"Execute",0x1,Creature-0-4457-249-1045-10184-000028665C,0000000000000000,3,100,0,0,0,-1,0,0,0,11.06,-203.68,0,6.0900,63,726,921,-1,1,0,0,0,nil,nil,nil
4/28 18:52:36.836  SPELL_DAMAGE,Player-4755-0178F416,"Eltorero-Dreadmist",0x514,0x0,Creature-0-4457-249-1045-10184-000028665C,"Onyxia",0x10a48,0x0,20647,"Execute",0x1,Creature-0-4457-249-1045-10184-000028665C,0000000000000000,3,100,0,0,0,-1,0,0,0,11.06,-203.68,0,6.0900,63,1574,908,-1,1,0,0,0,1,nil,nil
4/28 18:52:36.836  SWING_DAMAGE_LANDED,Player-4755-0178F416,"Eltorero-Dreadmist",0x514,0x0,Creature-0-4457-249-1045-10184-000028665C,"Onyxia",0x10a48,0x0,Creature-0-4457-249-1045-10184-000028665C,0000000000000000,3,100,0,0,0,-1,0,0,0,11.06,-203.68,0,6.0900,63,608,772,-1,1,0,0,0,nil,nil,nil
4/28 18:52:36.836  SWING_DAMAGE_LANDED,Player-4755-0178F416,"Eltorero-Dreadmist",0x514,0x0,Creature-0-4457-249-1045-10184-000028665C,"Onyxia",0x10a48,0x0,Creature-0-4457-249-1045-10184-000028665C,0000000000000000,3,100,0,0,0,-1,0,0,0,11.06,-203.68,0,6.0900,63,678,860,-1,1,0,0,0,nil,nil,nil
4/28 18:52:36.855  SWING_DAMAGE,Player-4755-01637B0A,"Pindle-Dreadmist",0x514,0x0,Creature-0-4457-249-1045-10184-000028665C,"Onyxia",0x10a48,0x0,Player-4755-01637B0A,0000000000000000,100,100,0,0,0,-1,0,0,0,8.82,-197.27,0,5.2871,65,68,89,-1,1,0,0,0,nil,1,nil
4/28 18:52:36.855  SPELL_CAST_SUCCESS,Creature-0-4457-249-1045-10184-000028665C,"Onyxia",0x10a48,0x0,Player-4755-0220BD00,"Krikoff-Dreadmist",0x40514,0x0,19983,"Cleave",0x1,Creature-0-4457-249-1045-10184-000028665C,0000000000000000,3,100,0,0,0,-1,0,0,0,11.06,-203.68,0,6.0900,63
4/28 18:52:36.855  SPELL_CAST_START,Player-4755-01ED7A64,"Sperzieboon-Dreadmist",0x514,0x0,0000000000000000,nil,0x80000000,0x80000000,6063,"Heal",0x2
4/28 18:52:36.891  SPELL_DAMAGE,Player-4755-01E83279,"Nlmasters-Dreadmist",0x514,0x8,Creature-0-4457-249-1045-10184-000028665C,"Onyxia",0x10a48,0x0,2643,"Multi-Shot",0x1,Creature-0-4457-249-1045-10184-000028665C,0000000000000000,3,100,0,0,0,-1,0,0,0,11.06,-203.68,0,6.0900,63,338,429,-1,1,0,0,0,nil,nil,nil
4/28 18:52:36.936  SPELL_DAMAGE,Player-4755-020BD78D,"Lonehunter-Dreadmist",0x514,0x0,Creature-0-4457-249-1045-10184-000028665C,"Onyxia",0x10a48,0x0,14290,"Multi-Shot",0x1,Creature-0-4457-249-1045-10184-000028665C,0000000000000000,3,100,0,0,0,-1,0,0,0,11.06,-203.68,0,6.0900,63,1235,666,-1,1,0,0,0,1,nil,nil
4/28 18:52:36.953  SPELL_CAST_SUCCESS,Player-4755-01614AC7,"Mirrimazduur-Dreadmist",0x512,0x0,Creature-0-4457-249-1045-10184-000028665C,"Onyxia",0x10a48,0x0,11661,"Shadow Bolt",0x20,Player-4755-01614AC7,0000000000000000,70,100,0,0,0,-1,0,0,0,8.29,-171.67,0,4.6129,68
4/28 18:52:36.953  SPELL_CAST_START,Player-4755-01614AC7,"Mirrimazduur-Dreadmist",0x512,0x0,0000000000000000,nil,0x80000000,0x80000000,11661,"Shadow Bolt",0x20
4/28 18:52:36.984  SPELL_CAST_START,Player-4755-0210153A,"Hapuseneb-Dreadmist",0x514,0x0,0000000000000000,nil,0x80000000,0x80000000,6064,"Heal",0x2
4/28 18:52:37.050  SWING_DAMAGE,Pet-0-4457-249-1045-2850-01001956F9,"Kratos",0x1114,0x0,Creature-0-4457-249-1045-10184-000028665C,"Onyxia",0x10a48,0x0,Pet-0-4457-249-1045-2850-01001956F9,Player-4755-0178F576,81,100,0,0,0,-1,0,0,0,12.54,-178.68,0,4.6531,66,60,76,-1,1,0,0,0,nil,nil,nil
4/28 18:52:37.050  SPELL_CAST_SUCCESS,Player-4755-01AC9FD9,"Alexinho-Dreadmist",0x514,0x0,Creature-0-4457-249-1045-10184-000028665C,"Onyxia",0x10a48,0x0,11294,"Sinister Strike",0x1,Player-4755-01AC9FD9,0000000000000000,99,100,0,0,0,-1,0,0,0,10.92,-195.42,0,4.7193,66
4/28 18:52:37.050  SPELL_AURA_APPLIED,Player-4755-01AC9FD9,"Alexinho-Dreadmist",0x514,0x0,Player-4755-01AC9FD9,"Alexinho-Dreadmist",0x514,0x0,10610,"Windfury Totem",0x8,BUFF
4/28 18:52:37.050  SPELL_EXTRA_ATTACKS,Player-4755-01AC9FD9,"Alexinho-Dreadmist",0x514,0x0,Player-4755-01AC9FD9,"Alexinho-Dreadmist",0x514,0x0,10610,"Windfury Totem",0x8,1
4/28 18:52:37.069  SWING_DAMAGE,Player-4755-01AC9FD9,"Alexinho-Dreadmist",0x514,0x0,Creature-0-4457-249-1045-10184-000028665C,"Onyxia",0x10a48,0x0,Player-4755-01AC9FD9,0000000000000000,99,100,0,0,0,-1,0,0,0,10.92,-195.42,0,4.7193,66,692,430,-1,1,0,0,0,1,nil,nil
4/28 18:52:37.085  SWING_MISSED,Player-4755-01637B0A,"Pindle-Dreadmist",0x514,0x0,Creature-0-4457-249-1045-10184-000028665C,"Onyxia",0x10a48,0x0,MISS,nil
4/28 18:52:37.150  SPELL_CAST_SUCCESS,Player-4755-01E83279,"Nlmasters-Dreadmist",0x514,0x8,Creature-0-4457-249-1045-10184-000028665C,"Onyxia",0x10a48,0x0,75,"Auto Shot",0x1,Player-4755-01E83279,0000000000000000,100,100,0,0,0,-1,0,0,0,12.20,-247.13,0,1.5432,71
4/28 18:52:37.164  SPELL_PERIODIC_DAMAGE,Player-4755-01F36B30,"Rectumqeef-Dreadmist",0x514,0x0,Creature-0-4457-249-1045-10184-000028665C,"Onyxia",0x10a48,0x0,11672,"Corruption",0x20,Creature-0-4457-249-1045-10184-000028665C,0000000000000000,3,100,0,0,0,-1,0,0,0,11.06,-203.68,0,6.0900,63,224,203,-1,32,0,0,0,nil,nil,nil
4/28 18:52:37.164  SPELL_PERIODIC_ENERGIZE,Player-4755-0178F416,"Eltorero-Dreadmist",0x514,0x0,Player-4755-0178F416,"Eltorero-Dreadmist",0x514,0x0,29131,"Bloodrage",0x1,Player-4755-0178F416,0000000000000000,100,100,0,0,0,-1,0,0,0,8.87,-216.35,0,1.4722,67,1.0000,0.0000,1,1000
4/28 18:52:37.248  SPELL_AURA_REMOVED_DOSE,Player-4755-01AC9FD9,"Alexinho-Dreadmist",0x514,0x0,Player-4755-01AC9FD9,"Alexinho-Dreadmist",0x514,0x0,10610,"Windfury Totem",0x8,BUFF,1
4/28 18:52:37.248  SPELL_AURA_APPLIED_DOSE,Player-4755-0178F416,"Eltorero-Dreadmist",0x514,0x0,Player-4755-0178F416,"Eltorero-Dreadmist",0x514,0x0,12970,"Flurry",0x1,BUFF,3
4/28 18:52:37.248  SPELL_AURA_REMOVED_DOSE,Player-4755-0178F416,"Eltorero-Dreadmist",0x514,0x0,Player-4755-0178F416,"Eltorero-Dreadmist",0x514,0x0,10610,"Windfury Totem",0x8,BUFF,1
4/28 18:52:37.248  SPELL_AURA_REMOVED_DOSE,Player-4755-0178F416,"Eltorero-Dreadmist",0x514,0x0,Player-4755-0178F416,"Eltorero-Dreadmist",0x514,0x0,12970,"Flurry",0x1,BUFF,2
4/28 18:52:37.248  SPELL_AURA_REMOVED_DOSE,Player-4755-0178F416,"Eltorero-Dreadmist",0x514,0x0,Player-4755-0178F416,"Eltorero-Dreadmist",0x514,0x0,12970,"Flurry",0x1,BUFF,1
4/28 18:52:37.248  SPELL_AURA_REMOVED,Player-4755-0178F416,"Eltorero-Dreadmist",0x514,0x0,Player-4755-0178F416,"Eltorero-Dreadmist",0x514,0x0,10610,"Windfury Totem",0x8,BUFF
4/28 18:52:37.248  SWING_DAMAGE_LANDED,Player-4755-01637B0A,"Pindle-Dreadmist",0x514,0x0,Creature-0-4457-249-1045-10184-000028665C,"Onyxia",0x10a48,0x0,Creature-0-4457-249-1045-10184-000028665C,0000000000000000,3,100,0,0,0,-1,0,0,0,11.06,-203.68,0,6.0900,63,68,89,-1,1,0,0,0,nil,1,nil
4/28 18:52:37.248  SPELL_DAMAGE,Creature-0-4457-249-1045-10184-000028665C,"Onyxia",0x10a48,0x0,Player-4755-0220BD00,"Krikoff-Dreadmist",0x40514,0x0,19983,"Cleave",0x1,Player-4755-0220BD00,0000000000000000,89,100,0,0,0,-1,0,0,0,24.32,-200.82,0,3.3458,68,715,2012,-1,1,0,0,0,nil,nil,nil
4/28 18:52:37.248  SWING_DAMAGE_LANDED,Pet-0-4457-249-1045-2850-01001956F9,"Kratos",0x1114,0x0,Creature-0-4457-249-1045-10184-000028665C,"Onyxia",0x10a48,0x0,Creature-0-4457-249-1045-10184-000028665C,0000000000000000,3,100,0,0,0,-1,0,0,0,11.06,-203.68,0,6.0900,63,60,76,-1,1,0,0,0,nil,nil,nil
4/28 18:52:37.248  SPELL_DAMAGE,Player-4755-01AC9FD9,"Alexinho-Dreadmist",0x514,0x0,Creature-0-4457-249-1045-10184-000028665C,"Onyxia",0x10a48,0x0,11294,"Sinister Strike",0x1,Creature-0-4457-249-1045-10184-000028665C,0000000000000000,3,100,0,0,0,-1,0,0,0,11.06,-203.68,0,6.0900,63,368,467,-1,1,0,0,0,nil,nil,nil
4/28 18:52:37.248  SWING_DAMAGE_LANDED,Player-4755-01AC9FD9,"Alexinho-Dreadmist",0x514,0x0,Creature-0-4457-249-1045-10184-000028665C,"Onyxia",0x10a48,0x0,Creature-0-4457-249-1045-10184-000028665C,0000000000000000,3,100,0,0,0,-1,0,0,0,11.06,-203.68,0,6.0900,63,692,430,-1,1,0,0,0,1,nil,nil
4/28 18:52:37.316  SPELL_AURA_REMOVED,Player-4755-020BD78D,"Lonehunter-Dreadmist",0x514,0x0,Player-4755-020BD78D,"Lonehunter-Dreadmist",0x514,0x0,6150,"Quick Shots",0x1,BUFF
4/28 18:52:37.316  SPELL_CAST_START,Player-4755-01BC57A3,"Saintis-Dreadmist",0x511,0x0,0000000000000000,nil,0x80000000,0x80000000,2061,"Flash Heal",0x2
4/28 18:52:37.351  SWING_DAMAGE,Player-4755-01F21AE6,"Blahu-Dreadmist",0x40514,0x0,Creature-0-4457-249-1045-10184-000028665C,"Onyxia",0x10a48,0x0,Player-4755-01F21AE6,0000000000000000,96,100,0,0,0,-1,0,0,0,14.16,-208.46,0,1.9704,70,212,373,-1,1,0,0,0,nil,1,nil
4/28 18:52:37.351  SWING_MISSED,Player-4755-01A6B139,"Sakatan-Dreadmist",0x514,0x0,Creature-0-4457-249-1045-10184-000028665C,"Onyxia",0x10a48,0x0,MISS,1
4/28 18:52:37.398  SWING_DAMAGE,Player-4755-01840577,"Raggèn-Dreadmist",0x514,0x0,Creature-0-4457-249-1045-10184-000028665C,"Onyxia",0x10a48,0x0,Player-4755-01840577,0000000000000000,100,100,0,0,0,-1,0,0,0,9.39,-194.15,0,4.9847,67,313,459,-1,1,0,0,0,nil,1,nil
4/28 18:52:37.398  SPELL_DAMAGE,Player-4755-0163DD9D,"Kaspais-Dreadmist",0x514,0x0,Creature-0-4457-249-1045-10184-000028665C,"Onyxia",0x10a48,0x0,10181,"Frostbolt",0x10,Creature-0-4457-249-1045-10184-000028665C,0000000000000000,2,100,0,0,0,-1,0,0,0,11.06,-203.68,0,6.0900,63,956,869,-1,16,0,0,0,nil,nil,nil
4/28 18:52:37.431  SPELL_PERIODIC_ENERGIZE,Player-4755-01733879,"Hocwar-Dreadmist",0x40514,0x0,Player-4755-01733879,"Hocwar-Dreadmist",0x40514,0x0,29131,"Bloodrage",0x1,Player-4755-01733879,0000000000000000,100,100,0,0,0,-1,0,0,0,9.58,-194.08,0,5.0393,71,1.0000,0.0000,1,1000
4/28 18:52:37.431  SPELL_AURA_REMOVED,Player-4755-01637B0A,"Pindle-Dreadmist",0x514,0x0,Player-4755-01637B0A,"Pindle-Dreadmist",0x514,0x0,6774,"Slice and Dice",0x1,BUFF
4/28 18:52:37.501  SWING_DAMAGE,Player-4755-01A6B139,"Sakatan-Dreadmist",0x514,0x0,Creature-0-4457-249-1045-10184-000028665C,"Onyxia",0x10a48,0x0,Player-4755-01A6B139,0000000000000000,96,100,0,0,0,-1,0,0,0,2.56,-188.48,0,5.5063,69,145,183,-1,1,0,0,0,nil,nil,nil
4/28 18:52:37.537  SPELL_PERIODIC_ENERGIZE,Player-4755-01F21AE6,"Blahu-Dreadmist",0x40514,0x0,Player-4755-01F21AE6,"Blahu-Dreadmist",0x40514,0x0,29131,"Bloodrage",0x1,Player-4755-01F21AE6,0000000000000000,96,100,0,0,0,-1,0,0,0,14.16,-208.46,0,1.9704,70,1.0000,0.0000,1,1000
4/28 18:52:37.537  SPELL_CAST_SUCCESS,Player-4755-01802FE5,"Angrybat-Dreadmist",0x514,0x0,Creature-0-4457-249-1045-10184-000028665C,"Onyxia",0x10a48,0x0,10181,"Frostbolt",0x10,Player-4755-01802FE5,0000000000000000,100,100,0,0,0,-1,0,0,0,2.47,-178.61,0,5.0365,66
4/28 18:52:37.537  SPELL_CAST_START,Player-4755-01802FE5,"Angrybat-Dreadmist",0x514,0x0,0000000000000000,nil,0x80000000,0x80000000,10181,"Frostbolt",0x10
4/28 18:52:37.537  SPELL_CAST_SUCCESS,Player-4755-0220BD00,"Krikoff-Dreadmist",0x40514,0x0,Creature-0-4457-249-1045-10184-000028665C,"Onyxia",0x10a48,0x0,23894,"Bloodthirst",0x1,Player-4755-0220BD00,0000000000000000,89,100,0,0,0,-1,0,0,0,24.32,-200.82,0,3.3458,68
4/28 18:52:37.604  SPELL_CAST_START,Player-4755-016296D3,"Nivl-Dreadmist",0x514,0x0,0000000000000000,nil,0x80000000,0x80000000,1064,"Chain Heal",0x8
4/28 18:52:37.637  SPELL_PERIODIC_HEAL,Player-4755-01FA8DD8,"Roackerita-Dreadmist",0x514,0x0,Player-4755-01617EEE,"Fenix-Dreadmist",0x512,0x0,6078,"Renew",0x2,Player-4755-01617EEE,0000000000000000,100,100,0,0,0,-1,0,0,0,24.21,-178.89,0,5.1927,66,235,235,235,0,nil
4/28 18:52:37.637  SPELL_AURA_REMOVED,Player-4755-01FA8DD8,"Roackerita-Dreadmist",0x514,0x0,Player-4755-01617EEE,"Fenix-Dreadmist",0x512,0x0,6078,"Renew",0x2,BUFF
4/28 18:52:37.637  SPELL_AURA_REMOVED,Player-4755-01617EEE,"Fenix-Dreadmist",0x512,0x0,Player-4755-01617EEE,"Fenix-Dreadmist",0x512,0x0,15359,"Inspiration",0x2,BUFF
4/28 18:52:37.657  SPELL_AURA_REFRESH,Player-4755-0178F416,"Eltorero-Dreadmist",0x514,0x0,Creature-0-4457-249-1045-10184-000028665C,"Onyxia",0x10a48,0x0,12721,"Deep Wound",0x1,DEBUFF
4/28 18:52:37.657  DAMAGE_SHIELD_MISSED,Player-4755-0220BD00,"Krikoff-Dreadmist",0x40514,0x0,Creature-0-4457-249-1045-10184-000028665C,"Onyxia",0x10a48,0x0,11771,"Fire Shield",0x4,IMMUNE,nil
4/28 18:52:37.657  SPELL_ENERGIZE,Player-4755-0220BD00,"Krikoff-Dreadmist",0x40514,0x0,Player-4755-0220BD00,"Krikoff-Dreadmist",0x40514,0x0,29478,"Battlegear of Might",0x1,Player-4755-0220BD00,0000000000000000,89,100,0,0,0,-1,0,0,0,24.32,-200.82,0,3.3458,68,1.0000,0.0000,1,1000
4/28 18:52:37.657  SPELL_AURA_REMOVED,Player-4755-01AC9FD9,"Alexinho-Dreadmist",0x514,0x0,Player-4755-01AC9FD9,"Alexinho-Dreadmist",0x514,0x0,10610,"Windfury Totem",0x8,BUFF
4/28 18:52:37.657  SWING_DAMAGE_LANDED,Player-4755-01F21AE6,"Blahu-Dreadmist",0x40514,0x0,Creature-0-4457-249-1045-10184-000028665C,"Onyxia",0x10a48,0x0,Creature-0-4457-249-1045-10184-000028665C,0000000000000000,2,100,0,0,0,-1,0,0,0,11.06,-203.68,0,6.0900,63,212,373,-1,1,0,0,0,nil,1,nil
4/28 18:52:37.657  SWING_DAMAGE_LANDED,Player-4755-01840577,"Raggèn-Dreadmist",0x514,0x0,Creature-0-4457-249-1045-10184-000028665C,"Onyxia",0x10a48,0x0,Creature-0-4457-249-1045-10184-000028665C,0000000000000000,2,100,0,0,0,-1,0,0,0,11.06,-203.68,0,6.0900,63,313,459,-1,1,0,0,0,nil,1,nil
4/28 18:52:37.657  SPELL_AURA_APPLIED,Player-4755-0163DD9D,"Kaspais-Dreadmist",0x514,0x0,Player-4755-0163DD9D,"Kaspais-Dreadmist",0x514,0x0,12536,"Clearcasting",0x40,BUFF
4/28 18:52:37.657  SWING_DAMAGE_LANDED,Player-4755-01A6B139,"Sakatan-Dreadmist",0x514,0x0,Creature-0-4457-249-1045-10184-000028665C,"Onyxia",0x10a48,0x0,Creature-0-4457-249-1045-10184-000028665C,0000000000000000,2,100,0,0,0,-1,0,0,0,11.06,-203.68,0,6.0900,63,145,183,-1,1,0,0,0,nil,nil,nil
4/28 18:52:37.657  SPELL_DAMAGE,Player-4755-0220BD00,"Krikoff-Dreadmist",0x40514,0x0,Creature-0-4457-249-1045-10184-000028665C,"Onyxia",0x10a48,0x0,23894,"Bloodthirst",0x1,Creature-0-4457-249-1045-10184-000028665C,0000000000000000,2,100,0,0,0,-1,0,0,0,11.06,-203.68,0,6.0900,63,360,456,-1,1,0,0,0,nil,nil,nil
4/28 18:52:37.657  SPELL_AURA_APPLIED,Player-4755-0220BD00,"Krikoff-Dreadmist",0x40514,0x0,Player-4755-0220BD00,"Krikoff-Dreadmist",0x40514,0x0,23888,"Bloodthirst",0x1,BUFF
4/28 18:52:37.657  SPELL_CAST_SUCCESS,Player-4755-0220BD00,"Krikoff-Dreadmist",0x40514,0x0,Creature-0-4457-249-1045-10184-000028665C,"Onyxia",0x10a48,0x0,11567,"Heroic Strike",0x1,Player-4755-0220BD00,0000000000000000,89,100,0,0,0,-1,0,0,0,24.32,-200.82,0,3.3458,68
4/28 18:52:37.657  SPELL_AURA_APPLIED,Player-4755-0220BD00,"Krikoff-Dreadmist",0x40514,0x0,Player-4755-0220BD00,"Krikoff-Dreadmist",0x40514,0x0,10610,"Windfury Totem",0x8,BUFF
4/28 18:52:37.657  SPELL_EXTRA_ATTACKS,Player-4755-0220BD00,"Krikoff-Dreadmist",0x40514,0x0,Player-4755-0220BD00,"Krikoff-Dreadmist",0x40514,0x0,10610,"Windfury Totem",0x8,1
4/28 18:52:37.681  SWING_MISSED,Player-4755-01733879,"Hocwar-Dreadmist",0x40514,0x0,Creature-0-4457-249-1045-10184-000028665C,"Onyxia",0x10a48,0x0,MISS,1
4/28 18:52:37.681  SWING_MISSED,Player-4755-0220BD00,"Krikoff-Dreadmist",0x40514,0x0,Creature-0-4457-249-1045-10184-000028665C,"Onyxia",0x10a48,0x0,PARRY,nil
4/28 18:52:37.774  SPELL_PERIODIC_ENERGIZE,Player-4755-01802FE5,"Angrybat-Dreadmist",0x514,0x0,Player-4755-01802FE5,"Angrybat-Dreadmist",0x514,0x0,18194,"Mana Regeneration",0x1,Player-4755-01802FE5,0000000000000000,100,100,0,0,0,-1,0,0,0,2.47,-178.61,0,5.0365,66,8.0000,0.0000,0,6033
4/28 18:52:37.789  SPELL_CAST_SUCCESS,Player-4755-01FA8DD8,"Roackerita-Dreadmist",0x514,0x0,Player-4755-01614AC7,"Mirrimazduur-Dreadmist",0x512,0x0,9474,"Flash Heal",0x2,Player-4755-01FA8DD8,0000000000000000,100,100,0,0,0,-1,0,0,0,17.56,-173.91,0,5.8940,69
4/28 18:52:37.789  SPELL_CAST_START,Player-4755-0178F576,"Atreas-Dreadmist",0x514,0x0,0000000000000000,nil,0x80000000,0x80000000,75,"Auto Shot",0x1
4/28 18:52:37.806  SPELL_PERIODIC_DAMAGE,Player-4755-0160BD13,"Mafkees-Dreadmist",0x514,0x0,Creature-0-4457-249-1045-10184-000028665C,"Onyxia",0x10a48,0x0,12721,"Deep Wound",0x1,Creature-0-4457-249-1045-10184-000028665C,0000000000000000,2,100,0,0,0,-1,0,0,0,11.06,-203.68,0,6.0900,63,138,138,-1,1,0,0,0,nil,nil,nil
4/28 18:52:37.826  RANGE_DAMAGE,Player-4755-020BD78D,"Lonehunter-Dreadmist",0x514,0x0,Creature-0-4457-249-1045-10184-000028665C,"Onyxia",0x10a48,0x0,75,"Auto Shot",0x1,Creature-0-4457-249-1045-10184-000028665C,0000000000000000,2,100,0,0,0,-1,0,0,0,11.06,-203.68,0,6.0900,63,392,498,-1,1,0,0,0,nil,nil,nil
4/28 18:52:37.843  SWING_DAMAGE,Player-4755-01AC9FD9,"Alexinho-Dreadmist",0x514,0x0,Creature-0-4457-249-1045-10184-000028665C,"Onyxia",0x10a48,0x0,Player-4755-01AC9FD9,0000000000000000,99,100,0,0,0,-1,0,0,0,10.92,-195.42,0,4.7193,66,267,166,-1,1,0,0,0,1,nil,nil
4/28 18:52:37.843  SWING_DAMAGE,Player-4755-01637B0A,"Pindle-Dreadmist",0x514,0x0,Creature-0-4457-249-1045-10184-000028665C,"Onyxia",0x10a48,0x0,Player-4755-01637B0A,0000000000000000,100,100,0,0,0,-1,0,0,0,8.82,-197.27,0,5.2930,65,80,103,-1,1,0,0,0,nil,1,nil
4/28 18:52:37.857  SPELL_CAST_FAILED,Player-4755-01BC57A3,"Saintis-Dreadmist",0x511,0x0,0000000000000000,nil,0x80000000,0x80000000,2061,"Flash Heal",0x2,"Interrupted"
4/28 18:52:37.875  SPELL_CAST_SUCCESS,Player-4755-01804B95,"Moymoy-Dreadmist",0x514,0x0,Player-4755-0220BD00,"Krikoff-Dreadmist",0x40514,0x0,939,"Healing Wave",0x8,Player-4755-01804B95,0000000000000000,100,100,0,0,0,-1,0,0,0,14.34,-179.60,0,4.8861,66
4/28 18:52:37.875  SPELL_CAST_START,Player-4755-01804B95,"Moymoy-Dreadmist",0x514,0x0,0000000000000000,nil,0x80000000,0x80000000,939,"Healing Wave",0x8
4/28 18:52:37.875  SPELL_AURA_REMOVED,Player-4755-0178F416,"Eltorero-Dreadmist",0x514,0x0,Player-4755-0178F416,"Eltorero-Dreadmist",0x514,0x0,12328,"Death Wish",0x1,DEBUFF
4/28 18:52:37.909  SPELL_CAST_SUCCESS,Player-4755-015FEBD5,"Sauvage-Dreadmist",0x514,0x0,Creature-0-4457-249-1045-10184-000028665C,"Onyxia",0x10a48,0x0,10181,"Frostbolt",0x10,Player-4755-015FEBD5,0000000000000000,100,100,0,0,0,-1,0,0,0,4.67,-239.20,0,1.2503,64
4/28 18:52:37.909  SPELL_CAST_SUCCESS,Player-4755-01A6B139,"Sakatan-Dreadmist",0x514,0x0,Creature-0-4457-249-1045-10184-000028665C,"Onyxia",0x10a48,0x0,11281,"Backstab",0x1,Player-4755-01A6B139,0000000000000000,96,100,0,0,0,-1,0,0,0,2.56,-188.48,0,5.5063,69
4/28 18:52:37.954  SWING_DAMAGE,Player-4755-01733879,"Hocwar-Dreadmist",0x40514,0x0,Creature-0-4457-249-1045-10184-000028665C,"Onyxia",0x10a48,0x0,Player-4755-01733879,0000000000000000,100,100,0,0,0,-1,0,0,0,9.58,-194.08,0,5.0393,71,402,255,-1,1,0,0,0,1,nil,nil
4/28 18:52:37.968  SWING_MISSED,Player-4755-01F21AE6,"Blahu-Dreadmist",0x40514,0x0,Creature-0-4457-249-1045-10184-000028665C,"Onyxia",0x10a48,0x0,PARRY,1
4/28 18:52:38.009  SPELL_CAST_START,Player-4755-015FEBD5,"Sauvage-Dreadmist",0x514,0x0,0000000000000000,nil,0x80000000,0x80000000,10181,"Frostbolt",0x10
4/28 18:52:38.068  SPELL_HEAL,Player-4755-01F21AE6,"Blahu-Dreadmist",0x40514,0x0,Player-4755-01F21AE6,"Blahu-Dreadmist",0x40514,0x0,23891,"Bloodthirst",0x1,Player-4755-01F21AE6,0000000000000000,97,100,0,0,0,-1,0,0,0,14.13,-208.38,0,1.9704,70,20,20,0,0,nil
4/28 18:52:38.068  SPELL_AURA_REMOVED,Player-4755-01F21AE6,"Blahu-Dreadmist",0x40514,0x0,Player-4755-01F21AE6,"Blahu-Dreadmist",0x40514,0x0,23888,"Bloodthirst",0x1,BUFF
4/28 18:52:38.068  SPELL_AURA_REMOVED_DOSE,Player-4755-0220BD00,"Krikoff-Dreadmist",0x40514,0x0,Player-4755-0220BD00,"Krikoff-Dreadmist",0x40514,0x0,23888,"Bloodthirst",0x1,BUFF,4
4/28 18:52:38.070  SPELL_HEAL,Player-4755-0220BD00,"Krikoff-Dreadmist",0x40514,0x0,Player-4755-0220BD00,"Krikoff-Dreadmist",0x40514,0x0,23891,"Bloodthirst",0x1,Player-4755-0220BD00,0000000000000000,89,100,0,0,0,-1,0,0,0,24.32,-200.82,0,3.3458,68,20,20,0,0,nil
4/28 18:52:38.070  SPELL_DAMAGE,Player-4755-0220BD00,"Krikoff-Dreadmist",0x40514,0x0,Creature-0-4457-249-1045-10184-000028665C,"Onyxia",0x10a48,0x0,11567,"Heroic Strike",0x1,Creature-0-4457-249-1045-10184-000028665C,0000000000000000,2,100,0,0,0,-1,0,0,0,11.06,-203.68,0,6.0900,63,276,408,-1,1,0,46,0,nil,nil,nil
4/28 18:52:38.070  SPELL_HEAL,Player-4755-01FA8DD8,"Roackerita-Dreadmist",0x514,0x0,Player-4755-01614AC7,"Mirrimazduur-Dreadmist",0x512,0x0,9474,"Flash Heal",0x2,Player-4755-01614AC7,0000000000000000,89,100,0,0,0,-1,0,0,0,8.29,-171.67,0,4.6129,68,804,804,0,0,nil
4/28 18:52:38.070  SWING_DAMAGE_LANDED,Player-4755-01AC9FD9,"Alexinho-Dreadmist",0x514,0x0,Creature-0-4457-249-1045-10184-000028665C,"Onyxia",0x10a48,0x0,Creature-0-4457-249-1045-10184-000028665C,0000000000000000,2,100,0,0,0,-1,0,0,0,11.06,-203.68,0,6.0900,63,267,166,-1,1,0,0,0,1,nil,nil
4/28 18:52:38.070  SWING_DAMAGE_LANDED,Player-4755-01637B0A,"Pindle-Dreadmist",0x514,0x0,Creature-0-4457-249-1045-10184-000028665C,"Onyxia",0x10a48,0x0,Creature-0-4457-249-1045-10184-000028665C,0000000000000000,2,100,0,0,0,-1,0,0,0,11.06,-203.68,0,6.0900,63,80,103,-1,1,0,0,0,nil,1,nil
4/28 18:52:38.070  SPELL_HEAL,Player-4755-01804B95,"Moymoy-Dreadmist",0x514,0x0,Player-4755-0220BD00,"Krikoff-Dreadmist",0x40514,0x0,939,"Healing Wave",0x8,Player-4755-0220BD00,0000000000000000,100,100,0,0,0,-1,0,0,0,24.32,-200.82,0,3.3458,68,956,956,261,0,nil
4/28 18:52:38.070  SPELL_DAMAGE,Player-4755-01A6B139,"Sakatan-Dreadmist",0x514,0x0,Creature-0-4457-249-1045-10184-000028665C,"Onyxia",0x10a48,0x0,11281,"Backstab",0x1,Creature-0-4457-249-1045-10184-000028665C,0000000000000000,2,100,0,0,0,-1,0,0,0,11.06,-203.68,0,6.0900,63,1032,571,-1,1,0,0,0,1,nil,nil
4/28 18:52:38.070  SWING_DAMAGE_LANDED,Player-4755-01733879,"Hocwar-Dreadmist",0x40514,0x0,Creature-0-4457-249-1045-10184-000028665C,"Onyxia",0x10a48,0x0,Creature-0-4457-249-1045-10184-000028665C,0000000000000000,2,100,0,0,0,-1,0,0,0,11.06,-203.68,0,6.0900,63,402,255,-1,1,0,0,0,1,nil,nil
4/28 18:52:38.070  SWING_DAMAGE,Pet-0-4457-249-1045-2850-01001956F9,"Kratos",0x1114,0x0,Creature-0-4457-249-1045-10184-000028665C,"Onyxia",0x10a48,0x0,Pet-0-4457-249-1045-2850-01001956F9,Player-4755-0178F576,81,100,0,0,0,-1,0,0,0,12.54,-178.68,0,4.6531,66,37,75,-1,1,0,0,0,nil,1,nil
4/28 18:52:38.090  SWING_DAMAGE,Creature-0-4457-249-1045-10184-000028665C,"Onyxia",0x10a48,0x0,Player-4755-0220BD00,"Krikoff-Dreadmist",0x40514,0x0,Creature-0-4457-249-1045-10184-000028665C,0000000000000000,2,100,0,0,0,-1,0,0,0,11.06,-203.68,0,6.0900,63,613,1728,-1,1,0,0,0,nil,nil,nil
4/28 18:52:38.158  SPELL_CAST_START,Player-4755-020BD78D,"Lonehunter-Dreadmist",0x514,0x0,0000000000000000,nil,0x80000000,0x80000000,75,"Auto Shot",0x1
4/28 18:52:38.172  SPELL_PERIODIC_ENERGIZE,Player-4755-0178F416,"Eltorero-Dreadmist",0x514,0x0,Player-4755-0178F416,"Eltorero-Dreadmist",0x514,0x0,29131,"Bloodrage",0x1,Player-4755-0178F416,0000000000000000,100,100,0,0,0,-1,0,0,0,8.87,-216.35,0,1.4722,67,1.0000,0.0000,1,1000
4/28 18:52:38.229  SPELL_CAST_SUCCESS,Player-4755-0178F576,"Atreas-Dreadmist",0x514,0x0,Creature-0-4457-249-1045-10184-000028665C,"Onyxia",0x10a48,0x0,75,"Auto Shot",0x1,Player-4755-0178F576,0000000000000000,100,100,0,0,0,-1,0,0,0,0.87,-171.31,0,5.0172,66
4/28 18:52:38.244  RANGE_DAMAGE,Player-4755-01E83279,"Nlmasters-Dreadmist",0x514,0x8,Creature-0-4457-249-1045-10184-000028665C,"Onyxia",0x10a48,0x0,75,"Auto Shot",0x1,Creature-0-4457-249-1045-10184-000028665C,0000000000000000,2,100,0,0,0,-1,0,0,0,11.06,-203.68,0,6.0900,63,814,461,-1,1,0,0,0,1,nil,nil
4/28 18:52:38.425  SPELL_PERIODIC_ENERGIZE,Player-4755-01733879,"Hocwar-Dreadmist",0x40514,0x0,Player-4755-01733879,"Hocwar-Dreadmist",0x40514,0x0,29131,"Bloodrage",0x1,Player-4755-01733879,0000000000000000,100,100,0,0,0,-1,0,0,0,9.58,-194.08,0,5.0158,71,1.0000,0.0000,1,1000
4/28 18:52:38.442  SPELL_CAST_SUCCESS,Pet-0-4457-249-1045-2850-01001956F9,"Kratos",0x1114,0x0,Creature-0-4457-249-1045-10184-000028665C,"Onyxia",0x10a48,0x0,17261,"Bite",0x1,Pet-0-4457-249-1045-2850-01001956F9,Player-4755-0178F576,81,100,0,0,0,-1,0,0,0,12.54,-178.68,0,4.6531,66
4/28 18:52:38.461  SPELL_AURA_REMOVED_DOSE,Player-4755-0220BD00,"Krikoff-Dreadmist",0x40514,0x0,Player-4755-0220BD00,"Krikoff-Dreadmist",0x40514,0x0,23888,"Bloodthirst",0x1,BUFF,3
4/28 18:52:38.461  SPELL_HEAL,Player-4755-0220BD00,"Krikoff-Dreadmist",0x40514,0x0,Player-4755-0220BD00,"Krikoff-Dreadmist",0x40514,0x0,23891,"Bloodthirst",0x1,Player-4755-0220BD00,0000000000000000,100,100,0,0,0,-1,0,0,0,24.32,-200.82,0,3.3458,68,20,20,20,0,nil
4/28 18:52:38.461  SPELL_AURA_REMOVED_DOSE,Player-4755-0220BD00,"Krikoff-Dreadmist",0x40514,0x0,Player-4755-0220BD00,"Krikoff-Dreadmist",0x40514,0x0,10610,"Windfury Totem",0x8,BUFF,1
4/28 18:52:38.461  SPELL_AURA_APPLIED,Player-4755-01733879,"Hocwar-Dreadmist",0x40514,0x0,Player-4755-01733879,"Hocwar-Dreadmist",0x40514,0x0,12970,"Flurry",0x1,BUFF
4/28 18:52:38.461  SWING_DAMAGE_LANDED,Pet-0-4457-249-1045-2850-01001956F9,"Kratos",0x1114,0x0,Creature-0-4457-249-1045-10184-000028665C,"Onyxia",0x10a48,0x0,Creature-0-4457-249-1045-10184-000028665C,0000000000000000,2,100,0,0,0,-1,0,0,0,11.06,-203.68,0,6.0900,63,37,75,-1,1,0,0,0,nil,1,nil
4/28 18:52:38.461  SWING_DAMAGE_LANDED,Creature-0-4457-249-1045-10184-000028665C,"Onyxia",0x10a48,0x0,Player-4755-0220BD00,"Krikoff-Dreadmist",0x40514,0x0,Player-4755-0220BD00,0000000000000000,90,100,0,0,0,-1,0,0,0,24.32,-200.82,0,3.3458,68,613,1728,-1,1,0,0,0,nil,nil,nil
4/28 18:52:38.461  SPELL_DAMAGE,Player-4755-01733879,"Hocwar-Dreadmist",0x40514,0x0,Creature-0-4457-249-1045-10184-000028665C,"Onyxia",0x10a48,0x0,20647,"Execute",0x1,Creature-0-4457-249-1045-10184-000028665C,0000000000000000,2,100,0,0,0,-1,0,0,0,11.06,-203.68,0,6.0900,63,498,631,-1,1,0,0,0,nil,nil,nil
4/28 18:52:38.461  SPELL_DAMAGE,Pet-0-4457-249-1045-2850-01001956F9,"Kratos",0x1114,0x0,Creature-0-4457-249-1045-10184-000028665C,"Onyxia",0x10a48,0x0,17261,"Bite",0x1,Creature-0-4457-249-1045-10184-000028665C,0000000000000000,2,100,0,0,0,-1,0,0,0,11.06,-203.68,0,6.0900,63,60,135,-1,1,0,46,0,nil,nil,nil
4/28 18:52:38.461  SPELL_AURA_APPLIED,Player-4755-0160BD13,"Mafkees-Dreadmist",0x514,0x0,Player-4755-0160BD13,"Mafkees-Dreadmist",0x514,0x0,10610,"Windfury Totem",0x8,BUFF
4/28 18:52:38.481  SPELL_EXTRA_ATTACKS,Player-4755-0160BD13,"Mafkees-Dreadmist",0x514,0x0,Player-4755-0160BD13,"Mafkees-Dreadmist",0x514,0x0,10610,"Windfury Totem",0x8,1
4/28 18:52:38.481  SWING_DAMAGE,Player-4755-0160BD13,"Mafkees-Dreadmist",0x514,0x0,Creature-0-4457-249-1045-10184-000028665C,"Onyxia",0x10a48,0x0,Player-4755-0160BD13,0000000000000000,97,100,0,0,0,-1,0,0,0,7.27,-194.49,0,5.3666,64,478,740,-1,1,0,0,0,nil,1,nil
4/28 18:52:38.481  SWING_DAMAGE,Player-4755-01637B0A,"Pindle-Dreadmist",0x514,0x0,Creature-0-4457-249-1045-10184-000028665C,"Onyxia",0x10a48,0x0,Player-4755-01637B0A,0000000000000000,100,100,0,0,0,-1,0,0,0,8.82,-197.27,0,5.2007,65,168,213,-1,1,0,0,0,nil,nil,nil
4/28 18:52:38.481  SWING_DAMAGE,Player-4755-0160BD13,"Mafkees-Dreadmist",0x514,0x0,Creature-0-4457-249-1045-10184-000028665C,"Onyxia",0x10a48,0x0,Player-4755-0160BD13,0000000000000000,97,100,0,0,0,-1,0,0,0,7.27,-194.49,0,5.3666,64,589,899,-1,1,0,0,0,nil,1,nil
4/28 18:52:38.496  SPELL_DAMAGE,Player-4755-01802FE5,"Angrybat-Dreadmist",0x514,0x0,Creature-0-4457-249-1045-10184-000028665C,"Onyxia",0x10a48,0x0,10181,"Frostbolt",0x10,Creature-0-4457-249-1045-10184-000028665C,0000000000000000,2,100,0,0,0,-1,0,0,0,11.06,-203.68,0,6.0900,63,983,894,-1,16,0,0,0,nil,nil,nil
4/28 18:52:38.496  SWING_DAMAGE,Player-4755-0220BD00,"Krikoff-Dreadmist",0x40514,0x0,Creature-0-4457-249-1045-10184-000028665C,"Onyxia",0x10a48,0x0,Player-4755-0220BD00,0000000000000000,90,100,0,0,0,-1,0,0,0,24.32,-200.82,0,3.3458,68,165,234,-1,1,0,0,0,nil,1,nil
4/28 18:52:38.538  SPELL_PERIODIC_ENERGIZE,Player-4755-01F21AE6,"Blahu-Dreadmist",0x40514,0x0,Player-4755-01F21AE6,"Blahu-Dreadmist",0x40514,0x0,29131,"Bloodrage",0x1,Player-4755-01F21AE6,0000000000000000,97,100,0,0,0,-1,0,0,0,14.75,-207.39,0,1.9704,70,1.0000,0.0000,1,1000
4/28 18:52:38.538  SPELL_AURA_REMOVED,Player-4755-01F21AE6,"Blahu-Dreadmist",0x40514,0x0,Player-4755-01F21AE6,"Blahu-Dreadmist",0x40514,0x0,29131,"Bloodrage",0x1,BUFF
4/28 18:52:38.554  SPELL_CAST_SUCCESS,Player-4755-01F36B30,"Rectumqeef-Dreadmist",0x514,0x0,Creature-0-4457-249-1045-10184-000028665C,"Onyxia",0x10a48,0x0,11661,"Shadow Bolt",0x20,Player-4755-01F36B30,0000000000000000,65,100,0,0,0,-1,0,0,0,11.24,-173.92,0,4.7049,66
4/28 18:52:38.581  SPELL_CAST_START,Player-4755-01F36B30,"Rectumqeef-Dreadmist",0x514,0x0,0000000000000000,nil,0x80000000,0x80000000,11661,"Shadow Bolt",0x20
4/28 18:52:38.581  SPELL_DAMAGE,Player-4755-01614AC7,"Mirrimazduur-Dreadmist",0x512,0x0,Creature-0-4457-249-1045-10184-000028665C,"Onyxia",0x10a48,0x0,11661,"Shadow Bolt",0x20,Creature-0-4457-249-1045-10184-000028665C,0000000000000000,2,100,0,0,0,-1,0,0,0,11.06,-203.68,0,6.0900,63,958,870,-1,32,0,0,0,nil,nil,nil
4/28 18:52:38.597  SPELL_CAST_SUCCESS,Player-4755-020BD78D,"Lonehunter-Dreadmist",0x514,0x0,Creature-0-4457-249-1045-10184-000028665C,"Onyxia",0x10a48,0x0,75,"Auto Shot",0x1,Player-4755-020BD78D,0000000000000000,100,100,0,0,0,-1,0,0,0,-1.01,-253.57,0,1.3335,71
4/28 18:52:38.629  SPELL_PERIODIC_HEAL,Player-4755-0210153A,"Hapuseneb-Dreadmist",0x514,0x0,Player-4755-0160BD13,"Mafkees-Dreadmist",0x514,0x0,10929,"Renew",0x2,Player-4755-0160BD13,0000000000000000,100,100,0,0,0,-1,0,0,0,6.39,-195.15,0,5.3548,64,146,146,12,0,nil
4/28 18:52:38.714  SWING_MISSED,Player-4755-01A6B139,"Sakatan-Dreadmist",0x514,0x0,Creature-0-4457-249-1045-10184-000028665C,"Onyxia",0x10a48,0x0,MISS,1
4/28 18:52:38.788  SPELL_AURA_REMOVED,Player-4755-01840577,"Raggèn-Dreadmist",0x514,0x0,Player-4755-01840577,"Raggèn-Dreadmist",0x514,0x0,20007,"Holy Strength",0x2,BUFF
4/28 18:52:38.868  SPELL_ENERGIZE,Player-4755-01733879,"Hocwar-Dreadmist",0x40514,0x0,Player-4755-01733879,"Hocwar-Dreadmist",0x40514,0x0,12964,"Unbridled Wrath",0x1,Player-4755-01733879,0000000000000000,100,100,0,0,0,-1,0,0,0,9.58,-194.08,0,5.0001,71,1.0000,0.0000,1,1000
4/28 18:52:38.868  DAMAGE_SHIELD_MISSED,Player-4755-0220BD00,"Krikoff-Dreadmist",0x40514,0x0,Creature-0-4457-249-1045-10184-000028665C,"Onyxia",0x10a48,0x0,11771,"Fire Shield",0x4,IMMUNE,nil
4/28 18:52:38.868  SWING_DAMAGE_LANDED,Player-4755-0160BD13,"Mafkees-Dreadmist",0x514,0x0,Creature-0-4457-249-1045-10184-000028665C,"Onyxia",0x10a48,0x0,Creature-0-4457-249-1045-10184-000028665C,0000000000000000,2,100,0,0,0,-1,0,0,0,11.06,-203.68,0,6.0900,63,478,740,-1,1,0,0,0,nil,1,nil
4/28 18:52:38.868  SWING_DAMAGE_LANDED,Player-4755-01637B0A,"Pindle-Dreadmist",0x514,0x0,Creature-0-4457-249-1045-10184-000028665C,"Onyxia",0x10a48,0x0,Creature-0-4457-249-1045-10184-000028665C,0000000000000000,2,100,0,0,0,-1,0,0,0,11.06,-203.68,0,6.0900,63,168,213,-1,1,0,0,0,nil,nil,nil
4/28 18:52:38.868  SWING_DAMAGE_LANDED,Player-4755-0160BD13,"Mafkees-Dreadmist",0x514,0x0,Creature-0-4457-249-1045-10184-000028665C,"Onyxia",0x10a48,0x0,Creature-0-4457-249-1045-10184-000028665C,0000000000000000,2,100,0,0,0,-1,0,0,0,11.06,-203.68,0,6.0900,63,589,899,-1,1,0,0,0,nil,1,nil
4/28 18:52:38.868  SWING_DAMAGE_LANDED,Player-4755-0220BD00,"Krikoff-Dreadmist",0x40514,0x0,Creature-0-4457-249-1045-10184-000028665C,"Onyxia",0x10a48,0x0,Creature-0-4457-249-1045-10184-000028665C,0000000000000000,2,100,0,0,0,-1,0,0,0,11.06,-203.68,0,6.0900,63,165,234,-1,1,0,0,0,nil,1,nil
4/28 18:52:38.868  SPELL_CAST_SUCCESS,Player-4755-0163DD9D,"Kaspais-Dreadmist",0x514,0x0,Creature-0-4457-249-1045-10184-000028665C,"Onyxia",0x10a48,0x0,10181,"Frostbolt",0x10,Player-4755-0163DD9D,0000000000000000,83,100,0,0,0,-1,0,0,0,8.42,-174.44,0,4.9307,66
4/28 18:52:38.868  SPELL_AURA_REMOVED,Player-4755-0163DD9D,"Kaspais-Dreadmist",0x514,0x0,Player-4755-0163DD9D,"Kaspais-Dreadmist",0x514,0x0,12536,"Clearcasting",0x40,BUFF
4/28 18:52:38.868  SPELL_CAST_START,Player-4755-0163DD9D,"Kaspais-Dreadmist",0x514,0x0,0000000000000000,nil,0x80000000,0x80000000,10181,"Frostbolt",0x10
4/28 18:52:38.950  SWING_DAMAGE,Player-4755-01A6B139,"Sakatan-Dreadmist",0x514,0x0,Creature-0-4457-249-1045-10184-000028665C,"Onyxia",0x10a48,0x0,Player-4755-01A6B139,0000000000000000,96,100,0,0,0,-1,0,0,0,2.56,-188.48,0,5.5063,69,352,218,-1,1,0,0,0,1,nil,nil
4/28 18:52:39.027  SWING_DAMAGE,Player-4755-01637B0A,"Pindle-Dreadmist",0x514,0x0,Creature-0-4457-249-1045-10184-000028665C,"Onyxia",0x10a48,0x0,Player-4755-01637B0A,0000000000000000,100,100,0,0,0,-1,0,0,0,8.82,-197.27,0,5.2007,65,169,104,-1,1,0,0,0,1,nil,nil
4/28 18:52:39.058  SWING_MISSED,Pet-0-4457-249-1045-2850-01001956F9,"Kratos",0x1114,0x0,Creature-0-4457-249-1045-10184-000028665C,"Onyxia",0x10a48,0x0,PARRY,nil
4/28 18:52:39.075  SWING_DAMAGE,Player-4755-01AC9FD9,"Alexinho-Dreadmist",0x514,0x0,Creature-0-4457-249-1045-10184-000028665C,"Onyxia",0x10a48,0x0,Player-4755-01AC9FD9,0000000000000000,99,100,0,0,0,-1,0,0,0,10.92,-195.42,0,4.7193,66,250,397,-1,1,0,0,0,nil,1,nil
4/28 18:52:39.089  SWING_DAMAGE,Player-4755-01733879,"Hocwar-Dreadmist",0x40514,0x0,Creature-0-4457-249-1045-10184-000028665C,"Onyxia",0x10a48,0x0,Player-4755-01733879,0000000000000000,100,100,0,0,0,-1,0,0,0,9.58,-194.08,0,4.8979,71,221,140,-1,1,0,0,0,1,nil,nil
4/28 18:52:39.089  RANGE_DAMAGE,Player-4755-0178F576,"Atreas-Dreadmist",0x514,0x0,Creature-0-4457-249-1045-10184-000028665C,"Onyxia",0x10a48,0x0,75,"Auto Shot",0x1,Creature-0-4457-249-1045-10184-000028665C,0000000000000000,2,100,0,0,0,-1,0,0,0,11.06,-203.68,0,6.0900,63,373,474,-1,1,0,0,0,nil,nil,nil
4/28 18:52:39.089  SPELL_PERIODIC_ENERGIZE,Player-4755-01BC57A3,"Saintis-Dreadmist",0x511,0x0,Player-4755-01BC57A3,"Saintis-Dreadmist",0x511,0x0,18194,"Mana Regeneration",0x1,Player-4755-01BC57A3,0000000000000000,100,100,0,0,0,-1,0,0,0,18.51,-218.95,0,1.9756,68,8.0000,0.0000,0,7212
4/28 18:52:39.164  SPELL_AURA_REMOVED,Player-4755-0220BD00,"Krikoff-Dreadmist",0x40514,0x0,Player-4755-0220BD00,"Krikoff-Dreadmist",0x40514,0x0,10610,"Windfury Totem",0x8,BUFF
4/28 18:52:39.164  SPELL_PERIODIC_ENERGIZE,Player-4755-0178F416,"Eltorero-Dreadmist",0x514,0x0,Player-4755-0178F416,"Eltorero-Dreadmist",0x514,0x0,29131,"Bloodrage",0x1,Player-4755-0178F416,0000000000000000,100,100,0,0,0,-1,0,0,0,8.87,-216.35,0,1.4722,67,1.0000,0.0000,1,1000
4/28 18:52:39.164  SPELL_MISSED,Player-4755-0160BD13,"Mafkees-Dreadmist",0x514,0x0,Creature-0-4457-249-1045-10184-000028665C,"Onyxia",0x10a48,0x0,20647,"Execute",0x1,DODGE,nil
4/28 18:52:39.199  SPELL_DAMAGE,Player-4755-015FEBD5,"Sauvage-Dreadmist",0x514,0x0,Creature-0-4457-249-1045-10184-000028665C,"Onyxia",0x10a48,0x0,10181,"Frostbolt",0x10,Creature-0-4457-249-1045-10184-000028665C,0000000000000000,2,100,0,0,0,-1,0,0,0,11.06,-203.68,0,6.0900,63,888,807,-1,16,0,0,0,nil,nil,nil
4/28 18:52:39.199  SPELL_PERIODIC_DAMAGE,Player-4755-01614AC7,"Mirrimazduur-Dreadmist",0x512,0x0,Creature-0-4457-249-1045-10184-000028665C,"Onyxia",0x10a48,0x0,11672,"Corruption",0x20,Creature-0-4457-249-1045-10184-000028665C,0000000000000000,2,100,0,0,0,-1,0,0,0,11.06,-203.68,0,6.0900,63,207,188,-1,32,0,0,0,nil,nil,nil
4/28 18:52:39.229  SWING_MISSED,Player-4755-01AC9FD9,"Alexinho-Dreadmist",0x514,0x0,Creature-0-4457-249-1045-10184-000028665C,"Onyxia",0x10a48,0x0,PARRY,1
4/28 18:52:39.244  SPELL_CAST_START,Player-4755-01E83279,"Nlmasters-Dreadmist",0x514,0x8,0000000000000000,nil,0x80000000,0x80000000,75,"Auto Shot",0x1
4/28 18:52:39.261  SPELL_AURA_REMOVED_DOSE,Player-4755-0160BD13,"Mafkees-Dreadmist",0x514,0x0,Player-4755-0160BD13,"Mafkees-Dreadmist",0x514,0x0,10610,"Windfury Totem",0x8,BUFF,1
4/28 18:52:39.261  SPELL_AURA_REMOVED_DOSE,Player-4755-0160BD13,"Mafkees-Dreadmist",0x514,0x0,Player-4755-0160BD13,"Mafkees-Dreadmist",0x514,0x0,12970,"Flurry",0x1,BUFF,1
4/28 18:52:39.280  SPELL_AURA_REMOVED,Player-4755-0160BD13,"Mafkees-Dreadmist",0x514,0x0,Player-4755-0160BD13,"Mafkees-Dreadmist",0x514,0x0,12970,"Flurry",0x1,BUFF
4/28 18:52:39.280  SPELL_AURA_REMOVED,Player-4755-0160BD13,"Mafkees-Dreadmist",0x514,0x0,Player-4755-0160BD13,"Mafkees-Dreadmist",0x514,0x0,10610,"Windfury Totem",0x8,BUFF
4/28 18:52:39.280  SPELL_AURA_REMOVED_DOSE,Player-4755-0220BD00,"Krikoff-Dreadmist",0x40514,0x0,Player-4755-0220BD00,"Krikoff-Dreadmist",0x40514,0x0,23888,"Bloodthirst",0x1,BUFF,2
4/28 18:52:39.280  SPELL_HEAL,Player-4755-0220BD00,"Krikoff-Dreadmist",0x40514,0x0,Player-4755-0220BD00,"Krikoff-Dreadmist",0x40514,0x0,23891,"Bloodthirst",0x1,Player-4755-0220BD00,0000000000000000,91,100,0,0,0,-1,0,0,0,24.32,-200.82,0,3.3458,68,20,20,0,0,nil
4/28 18:52:39.280  SWING_DAMAGE_LANDED,Player-4755-01A6B139,"Sakatan-Dreadmist",0x514,0x0,Creature-0-4457-249-1045-10184-000028665C,"Onyxia",0x10a48,0x0,Creature-0-4457-249-1045-10184-000028665C,0000000000000000,1,100,0,0,0,-1,0,0,0,11.06,-203.68,0,6.0900,63,352,218,-1,1,0,0,0,1,nil,nil
4/28 18:52:39.280  SWING_DAMAGE_LANDED,Player-4755-01637B0A,"Pindle-Dreadmist",0x514,0x0,Creature-0-4457-249-1045-10184-000028665C,"Onyxia",0x10a48,0x0,Creature-0-4457-249-1045-10184-000028665C,0000000000000000,1,100,0,0,0,-1,0,0,0,11.06,-203.68,0,6.0900,63,169,104,-1,1,0,0,0,1,nil,nil
4/28 18:52:39.280  SWING_DAMAGE_LANDED,Player-4755-01AC9FD9,"Alexinho-Dreadmist",0x514,0x0,Creature-0-4457-249-1045-10184-000028665C,"Onyxia",0x10a48,0x0,Creature-0-4457-249-1045-10184-000028665C,0000000000000000,1,100,0,0,0,-1,0,0,0,11.06,-203.68,0,6.0900,63,250,397,-1,1,0,0,0,nil,1,nil
4/28 18:52:39.280  SWING_DAMAGE_LANDED,Player-4755-01733879,"Hocwar-Dreadmist",0x40514,0x0,Creature-0-4457-249-1045-10184-000028665C,"Onyxia",0x10a48,0x0,Creature-0-4457-249-1045-10184-000028665C,0000000000000000,1,100,0,0,0,-1,0,0,0,11.06,-203.68,0,6.0900,63,221,140,-1,1,0,0,0,1,nil,nil
4/28 18:52:39.280  SWING_DAMAGE,Creature-0-4457-249-1045-10184-000028665C,"Onyxia",0x10a48,0x0,Player-4755-0220BD00,"Krikoff-Dreadmist",0x40514,0x0,Creature-0-4457-249-1045-10184-000028665C,0000000000000000,1,100,0,0,0,-1,0,0,0,11.06,-203.68,0,6.0900,63,828,1557,-1,1,0,0,0,nil,nil,1
4/28 18:52:39.315  SPELL_CAST_START,Player-4755-01FA8DD8,"Roackerita-Dreadmist",0x514,0x0,0000000000000000,nil,0x80000000,0x80000000,9474,"Flash Heal",0x2
4/28 18:52:39.374  SPELL_CAST_SUCCESS,Player-4755-01ED7A64,"Sperzieboon-Dreadmist",0x514,0x0,Player-4755-0220BD00,"Krikoff-Dreadmist",0x40514,0x0,6063,"Heal",0x2,Player-4755-01ED7A64,0000000000000000,100,100,0,0,0,-1,0,0,0,11.91,-229.55,0,1.6026,67
4/28 18:52:39.403  SPELL_AURA_APPLIED,Player-4755-01637B0A,"Pindle-Dreadmist",0x514,0x0,Player-4755-01637B0A,"Pindle-Dreadmist",0x514,0x0,6774,"Slice and Dice",0x1,BUFF
4/28 18:52:39.403  SPELL_CAST_SUCCESS,Player-4755-01637B0A,"Pindle-Dreadmist",0x514,0x0,Creature-0-4457-249-1045-10184-000028665C,"Onyxia",0x10a48,0x0,6774,"Slice and Dice",0x1,Player-4755-01637B0A,0000000000000000,100,100,0,0,0,-1,0,0,0,8.82,-197.27,0,5.2007,65
4/28 18:52:39.433  SPELL_PERIODIC_ENERGIZE,Player-4755-01733879,"Hocwar-Dreadmist",0x40514,0x0,Player-4755-01733879,"Hocwar-Dreadmist",0x40514,0x0,29131,"Bloodrage",0x1,Player-4755-01733879,0000000000000000,100,100,0,0,0,-1,0,0,0,10.66,-193.84,0,4.9411,71,1.0000,0.0000,1,1000
4/28 18:52:39.463  SWING_MISSED,Player-4755-01733879,"Hocwar-Dreadmist",0x40514,0x0,Creature-0-4457-249-1045-10184-000028665C,"Onyxia",0x10a48,0x0,PARRY,nil
4/28 18:52:39.479  SPELL_CAST_SUCCESS,Player-4755-01614AC7,"Mirrimazduur-Dreadmist",0x512,0x0,Creature-0-4457-249-1045-10184-000028665C,"Onyxia",0x10a48,0x0,11661,"Shadow Bolt",0x20,Player-4755-01614AC7,0000000000000000,89,100,0,0,0,-1,0,0,0,8.29,-171.67,0,4.6129,68
4/28 18:52:39.479  SPELL_CAST_SUCCESS,Player-4755-01614AC7,"Mirrimazduur-Dreadmist",0x512,0x0,0000000000000000,nil,0x80000000,0x80000000,11689,"Life Tap",0x20,Player-4755-01614AC7,0000000000000000,73,100,0,0,0,-1,0,0,0,8.29,-171.67,0,4.6129,68
4/28 18:52:39.495  SPELL_CAST_SUCCESS,Player-4755-0210153A,"Hapuseneb-Dreadmist",0x514,0x0,Player-4755-0220BD00,"Krikoff-Dreadmist",0x40514,0x0,6064,"Heal",0x2,Player-4755-0210153A,0000000000000000,100,100,0,0,0,-1,0,0,0,9.41,-228.66,0,1.3430,66
4/28 18:52:39.495  SWING_DAMAGE,Player-4755-0178F416,"Eltorero-Dreadmist",0x514,0x0,Creature-0-4457-249-1045-10184-000028665C,"Onyxia",0x10a48,0x0,Player-4755-0178F416,0000000000000000,100,100,0,0,0,-1,0,0,0,8.87,-216.35,0,1.4722,67,925,586,-1,1,0,0,0,1,nil,nil
4/28 18:52:39.531  SPELL_CAST_START,Player-4755-01ED7A64,"Sperzieboon-Dreadmist",0x514,0x0,0000000000000000,nil,0x80000000,0x80000000,6063,"Heal",0x2
4/28 18:52:39.672  UNIT_DESTROYED,0000000000000000,nil,0x80000000,0x80000000,Creature-0-4457-249-1045-7416-0000286D2B,"Mana Spring Totem IV",0x2114,0x0
4/28 18:52:39.672  SPELL_ENERGIZE,Player-4755-0160BD13,"Mafkees-Dreadmist",0x514,0x0,Player-4755-0160BD13,"Mafkees-Dreadmist",0x514,0x0,12964,"Unbridled Wrath",0x1,Player-4755-0160BD13,0000000000000000,100,100,0,0,0,-1,0,0,0,6.70,-196.33,0,5.1546,64,1.0000,0.0000,1,1000
4/28 18:52:39.672  SPELL_ENERGIZE,Player-4755-0220BD00,"Krikoff-Dreadmist",0x40514,0x0,Player-4755-0220BD00,"Krikoff-Dreadmist",0x40514,0x0,12964,"Unbridled Wrath",0x1,Player-4755-0220BD00,0000000000000000,91,100,0,0,0,-1,0,0,0,24.32,-200.82,0,3.3458,68,1.0000,0.0000,1,1000
4/28 18:52:39.672  SPELL_AURA_REMOVED_DOSE,Player-4755-01733879,"Hocwar-Dreadmist",0x40514,0x0,Player-4755-01733879,"Hocwar-Dreadmist",0x40514,0x0,12970,"Flurry",0x1,BUFF,2
4/28 18:52:39.672  SPELL_AURA_APPLIED_DOSE,Player-4755-01733879,"Hocwar-Dreadmist",0x40514,0x0,Player-4755-01733879,"Hocwar-Dreadmist",0x40514,0x0,12970,"Flurry",0x1,BUFF,3
4/28 18:52:39.672  SWING_DAMAGE_LANDED,Creature-0-4457-249-1045-10184-000028665C,"Onyxia",0x10a48,0x0,Player-4755-0220BD00,"Krikoff-Dreadmist",0x40514,0x0,Player-4755-0220BD00,0000000000000000,78,100,0,0,0,-1,0,0,0,24.32,-200.82,0,3.3458,68,828,1557,-1,1,0,0,0,nil,nil,1
4/28 18:52:39.672  SPELL_HEAL,Player-4755-01ED7A64,"Sperzieboon-Dreadmist",0x514,0x0,Player-4755-0220BD00,"Krikoff-Dreadmist",0x40514,0x0,6063,"Heal",0x2,Player-4755-0220BD00,0000000000000000,100,100,0,0,0,-1,0,0,0,24.32,-200.82,0,3.3458,68,1732,1732,311,0,1
4/28 18:52:39.672  SPELL_ENERGIZE,Player-4755-01614AC7,"Mirrimazduur-Dreadmist",0x512,0x0,Player-4755-01614AC7,"Mirrimazduur-Dreadmist",0x512,0x0,31818,"Life Tap",0x20,Player-4755-01614AC7,0000000000000000,73,100,0,0,0,-1,0,0,0,8.29,-171.67,0,4.6129,68,856.0000,0.0000,0,5098
4/28 18:52:39.672  SPELL_HEAL,Player-4755-0210153A,"Hapuseneb-Dreadmist",0x514,0x0,Player-4755-0220BD00,"Krikoff-Dreadmist",0x40514,0x0,6064,"Heal",0x2,Player-4755-0220BD00,0000000000000000,100,100,0,0,0,-1,0,0,0,24.32,-200.82,0,3.3458,68,2053,2053,2053,0,1
4/28 18:52:39.672  SWING_DAMAGE_LANDED,Player-4755-0178F416,"Eltorero-Dreadmist",0x514,0x0,Creature-0-4457-249-1045-10184-000028665C,"Onyxia",0x10a48,0x0,Creature-0-4457-249-1045-10184-000028665C,0000000000000000,1,100,0,0,0,-1,0,0,0,11.06,-203.68,0,6.0900,63,925,586,-1,1,0,0,0,1,nil,nil
4/28 18:52:39.672  SPELL_AURA_REMOVED,Player-4755-01804B95,"Moymoy-Dreadmist",0x514,0x0,Player-4755-02045EF4,"Necrosini-Dreadmist",0x512,0x0,16237,"Ancestral Fortitude",0x2,BUFF
4/28 18:52:39.696  SPELL_CAST_SUCCESS,Player-4755-01E83279,"Nlmasters-Dreadmist",0x514,0x8,Creature-0-4457-249-1045-10184-000028665C,"Onyxia",0x10a48,0x0,75,"Auto Shot",0x1,Player-4755-01E83279,0000000000000000,100,100,0,0,0,-1,0,0,0,12.20,-247.13,0,1.5432,71
4/28 18:52:39.785  SWING_MISSED,Player-4755-01F21AE6,"Blahu-Dreadmist",0x40514,0x0,Creature-0-4457-249-1045-10184-000028665C,"Onyxia",0x10a48,0x0,MISS,1
4/28 18:52:39.845  SWING_MISSED,Player-4755-01637B0A,"Pindle-Dreadmist",0x514,0x0,Creature-0-4457-249-1045-10184-000028665C,"Onyxia",0x10a48,0x0,MISS,nil
4/28 18:52:39.893  RANGE_DAMAGE,Player-4755-020BD78D,"Lonehunter-Dreadmist",0x514,0x0,Creature-0-4457-249-1045-10184-000028665C,"Onyxia",0x10a48,0x0,75,"Auto Shot",0x1,Creature-0-4457-249-1045-10184-000028665C,0000000000000000,1,100,0,0,0,-1,0,0,0,11.06,-203.68,0,6.0900,63,926,499,-1,1,0,0,0,1,nil,nil
4/28 18:52:39.922  SPELL_DAMAGE,Player-4755-0163DD9D,"Kaspais-Dreadmist",0x514,0x0,Creature-0-4457-249-1045-10184-000028665C,"Onyxia",0x10a48,0x0,10181,"Frostbolt",0x10,Creature-0-4457-249-1045-10184-000028665C,0000000000000000,1,100,0,0,0,-1,0,0,0,11.06,-203.68,0,6.0900,63,1894,860,-1,16,0,0,0,1,nil,nil
4/28 18:52:39.922  SPELL_CAST_SUCCESS,Player-4755-0178F576,"Atreas-Dreadmist",0x514,0x0,Creature-0-4457-249-1045-10184-000028665C,"Onyxia",0x10a48,0x0,14287,"Arcane Shot",0x40,Player-4755-0178F576,0000000000000000,100,100,0,0,0,-1,0,0,0,0.87,-171.31,0,5.0172,66
4/28 18:52:39.958  SWING_MISSED,Player-4755-01F21AE6,"Blahu-Dreadmist",0x40514,0x0,Creature-0-4457-249-1045-10184-000028665C,"Onyxia",0x10a48,0x0,PARRY,nil
4/28 18:52:39.975  SPELL_CAST_START,Player-4755-01BC57A3,"Saintis-Dreadmist",0x511,0x0,0000000000000000,nil,0x80000000,0x80000000,5019,"Shoot",0x1
4/28 18:52:39.990  SPELL_CAST_START,Player-4755-020BD78D,"Lonehunter-Dreadmist",0x514,0x0,0000000000000000,nil,0x80000000,0x80000000,20904,"Aimed Shot",0x1
4/28 18:52:40.004  SWING_DAMAGE,Player-4755-01637B0A,"Pindle-Dreadmist",0x514,0x0,Creature-0-4457-249-1045-10184-000028665C,"Onyxia",0x10a48,0x0,Player-4755-01637B0A,0000000000000000,100,100,0,0,0,-1,0,0,0,8.82,-197.27,0,5.2007,65,76,104,-1,1,0,0,0,nil,1,nil
4/28 18:52:40.047  SPELL_CAST_SUCCESS,Player-4755-01802FE5,"Angrybat-Dreadmist",0x514,0x0,Creature-0-4457-249-1045-10184-000028665C,"Onyxia",0x10a48,0x0,10181,"Frostbolt",0x10,Player-4755-01802FE5,0000000000000000,100,100,0,0,0,-1,0,0,0,2.47,-178.61,0,5.0365,66
4/28 18:52:40.047  SPELL_DAMAGE,Player-4755-01F36B30,"Rectumqeef-Dreadmist",0x514,0x0,Creature-0-4457-249-1045-10184-000028665C,"Onyxia",0x10a48,0x0,11661,"Shadow Bolt",0x20,Creature-0-4457-249-1045-10184-000028665C,0000000000000000,1,100,0,0,0,-1,0,0,0,11.06,-203.68,0,6.0900,63,760,921,-1,32,230,0,0,nil,nil,nil
4/28 18:52:40.082  DAMAGE_SHIELD_MISSED,Player-4755-0220BD00,"Krikoff-Dreadmist",0x40514,0x0,Creature-0-4457-249-1045-10184-000028665C,"Onyxia",0x10a48,0x0,11771,"Fire Shield",0x4,IMMUNE,nil
4/28 18:52:40.082  SPELL_AURA_REMOVED_DOSE,Player-4755-01733879,"Hocwar-Dreadmist",0x40514,0x0,Player-4755-01733879,"Hocwar-Dreadmist",0x40514,0x0,12970,"Flurry",0x1,BUFF,2
4/28 18:52:40.082  SPELL_AURA_APPLIED_DOSE,Player-4755-0178F416,"Eltorero-Dreadmist",0x514,0x0,Player-4755-0178F416,"Eltorero-Dreadmist",0x514,0x0,12970,"Flurry",0x1,BUFF,3
4/28 18:52:40.082  SPELL_DAMAGE,Player-4755-0178F416,"Eltorero-Dreadmist",0x514,0x0,Creature-0-4457-249-1045-10184-000028665C,"Onyxia",0x10a48,0x0,20647,"Execute",0x1,Creature-0-4457-249-1045-10184-000028665C,0000000000000000,1,100,0,0,0,-1,0,0,0,11.06,-203.68,0,6.0900,63,775,984,-1,1,0,0,0,nil,nil,nil
4/28 18:52:40.082  SPELL_DAMAGE,Player-4755-01733879,"Hocwar-Dreadmist",0x40514,0x0,Creature-0-4457-249-1045-10184-000028665C,"Onyxia",0x10a48,0x0,20647,"Execute",0x1,Creature-0-4457-249-1045-10184-000028665C,0000000000000000,1,100,0,0,0,-1,0,0,0,11.06,-203.68,0,6.0900,63,481,610,-1,1,0,0,0,nil,nil,nil
4/28 18:52:40.082  SWING_DAMAGE_LANDED,Player-4755-01637B0A,"Pindle-Dreadmist",0x514,0x0,Creature-0-4457-249-1045-10184-000028665C,"Onyxia",0x10a48,0x0,Creature-0-4457-249-1045-10184-000028665C,0000000000000000,1,100,0,0,0,-1,0,0,0,11.06,-203.68,0,6.0900,63,76,104,-1,1,0,0,0,nil,1,nil
4/28 18:52:40.082  SWING_DAMAGE,Pet-0-4457-249-1045-2850-01001956F9,"Kratos",0x1114,0x0,Creature-0-4457-249-1045-10184-000028665C,"Onyxia",0x10a48,0x0,Pet-0-4457-249-1045-2850-01001956F9,Player-4755-0178F576,81,100,0,0,0,-1,0,0,0,12.54,-178.68,0,4.6531,66,38,85,-1,1,0,0,0,nil,1,nil
4/28 18:52:40.082  SWING_DAMAGE,Player-4755-01A6B139,"Sakatan-Dreadmist",0x514,0x0,Creature-0-4457-249-1045-10184-000028665C,"Onyxia",0x10a48,0x0,Player-4755-01A6B139,0000000000000000,96,100,0,0,0,-1,0,0,0,2.56,-188.48,0,5.5063,69,115,152,-1,1,0,0,0,nil,1,nil
4/28 18:52:40.103  SPELL_CAST_START,Player-4755-01802FE5,"Angrybat-Dreadmist",0x514,0x0,0000000000000000,nil,0x80000000,0x80000000,10181,"Frostbolt",0x10
4/28 18:52:40.103  SPELL_CAST_SUCCESS,Player-4755-01840577,"Raggèn-Dreadmist",0x514,0x0,Creature-0-4457-249-1045-10184-000028665C,"Onyxia",0x10a48,0x0,17364,"Stormstrike",0x1,Player-4755-01840577,0000000000000000,100,100,0,0,0,-1,0,0,0,9.39,-194.15,0,4.9847,67
4/28 18:52:40.103  SPELL_AURA_APPLIED,Player-4755-01840577,"Raggèn-Dreadmist",0x514,0x0,Player-4755-01840577,"Raggèn-Dreadmist",0x514,0x0,16361,"Windfury Weapon",0x8,BUFF
4/28 18:52:40.103  SPELL_EXTRA_ATTACKS,Player-4755-01840577,"Raggèn-Dreadmist",0x514,0x0,Player-4755-01840577,"Raggèn-Dreadmist",0x514,0x0,16361,"Windfury Weapon",0x8,2
4/28 18:52:40.103  SPELL_CAST_SUCCESS,Player-4755-016296D3,"Nivl-Dreadmist",0x514,0x0,Player-4755-01F36B30,"Rectumqeef-Dreadmist",0x514,0x0,1064,"Chain Heal",0x8,Player-4755-016296D3,0000000000000000,100,100,0,0,0,-1,0,0,0,-0.11,-172.84,0,5.7084,69
4/28 18:52:40.103  SWING_DAMAGE,Player-4755-01840577,"Raggèn-Dreadmist",0x514,0x0,Creature-0-4457-249-1045-10184-000028665C,"Onyxia",0x10a48,0x0,Player-4755-01840577,0000000000000000,100,100,0,0,0,-1,0,0,0,9.39,-194.15,0,4.9847,67,397,599,-1,1,0,0,0,nil,1,nil
4/28 18:52:40.103  SWING_MISSED,Player-4755-01840577,"Raggèn-Dreadmist",0x514,0x0,Creature-0-4457-249-1045-10184-000028665C,"Onyxia",0x10a48,0x0,PARRY,nil
4/28 18:52:40.179  SPELL_PERIODIC_DAMAGE,Player-4755-01F36B30,"Rectumqeef-Dreadmist",0x514,0x0,Creature-0-4457-249-1045-10184-000028665C,"Onyxia",0x10a48,0x0,11672,"Corruption",0x20,Creature-0-4457-249-1045-10184-000028665C,0000000000000000,1,100,0,0,0,-1,0,0,0,11.06,-203.68,0,6.0900,63,224,203,-1,32,0,0,0,nil,nil,nil
4/28 18:52:40.179  SPELL_PERIODIC_ENERGIZE,Player-4755-0178F416,"Eltorero-Dreadmist",0x514,0x0,Player-4755-0178F416,"Eltorero-Dreadmist",0x514,0x0,29131,"Bloodrage",0x1,Player-4755-0178F416,0000000000000000,100,100,0,0,0,-1,0,0,0,8.87,-216.35,0,1.4722,67,1.0000,0.0000,1,1000
4/28 18:52:40.325  SWING_DAMAGE,Player-4755-01733879,"Hocwar-Dreadmist",0x40514,0x0,Creature-0-4457-249-1045-10184-000028665C,"Onyxia",0x10a48,0x0,Player-4755-01733879,0000000000000000,100,100,0,0,0,-1,0,0,0,10.66,-193.84,0,4.9411,71,86,128,-1,1,0,0,0,nil,1,nil
4/28 18:52:40.325  SPELL_CAST_START,Player-4755-0178F576,"Atreas-Dreadmist",0x514,0x0,0000000000000000,nil,0x80000000,0x80000000,75,"Auto Shot",0x1
4/28 18:52:40.371  SWING_DAMAGE,Creature-0-4457-249-1045-10184-000028665C,"Onyxia",0x10a48,0x0,Player-4755-0220BD00,"Krikoff-Dreadmist",0x40514,0x0,Creature-0-4457-249-1045-10184-000028665C,0000000000000000,1,100,0,0,0,-1,0,0,0,11.06,-203.68,0,6.0900,63,652,1837,-1,1,0,0,0,nil,nil,nil
4/28 18:52:40.387  SPELL_CAST_SUCCESS,Player-4755-0220BD00,"Krikoff-Dreadmist",0x40514,0x0,Creature-0-4457-249-1045-10184-000028665C,"Onyxia",0x10a48,0x0,11567,"Heroic Strike",0x1,Player-4755-0220BD00,0000000000000000,100,100,0,0,0,-1,0,0,0,24.32,-200.82,0,3.3458,68
4/28 18:52:40.387  SPELL_CAST_SUCCESS,Player-4755-01804B95,"Moymoy-Dreadmist",0x514,0x0,Player-4755-0220BD00,"Krikoff-Dreadmist",0x40514,0x0,939,"Healing Wave",0x8,Player-4755-01804B95,0000000000000000,100,100,0,0,0,-1,0,0,0,14.34,-179.60,0,4.8861,66
4/28 18:52:40.387  SWING_DAMAGE,Player-4755-01A6B139,"Sakatan-Dreadmist",0x514,0x0,Creature-0-4457-249-1045-10184-000028665C,"Onyxia",0x10a48,0x0,Player-4755-01A6B139,0000000000000000,96,100,0,0,0,-1,0,0,0,2.56,-188.48,0,5.5063,69,152,193,-1,1,0,0,0,nil,nil,nil
4/28 18:52:40.433  SPELL_PERIODIC_ENERGIZE,Player-4755-01733879,"Hocwar-Dreadmist",0x40514,0x0,Player-4755-01733879,"Hocwar-Dreadmist",0x40514,0x0,29131,"Bloodrage",0x1,Player-4755-01733879,0000000000000000,100,100,0,0,0,-1,0,0,0,10.66,-193.84,0,4.9411,71,1.0000,0.0000,1,1000
4/28 18:52:40.484  SPELL_AURA_REMOVED,Player-4755-01804B95,"Moymoy-Dreadmist",0x514,0x0,Player-4755-0220BD00,"Krikoff-Dreadmist",0x40514,0x0,16237,"Ancestral Fortitude",0x2,BUFF
4/28 18:52:40.484  SPELL_AURA_APPLIED,Player-4755-01ED7A64,"Sperzieboon-Dreadmist",0x514,0x0,Player-4755-0220BD00,"Krikoff-Dreadmist",0x40514,0x0,15359,"Inspiration",0x2,BUFF
4/28 18:52:40.484  SPELL_AURA_REMOVED,Player-4755-01ED7A64,"Sperzieboon-Dreadmist",0x514,0x0,Player-4755-0220BD00,"Krikoff-Dreadmist",0x40514,0x0,15359,"Inspiration",0x2,BUFF
4/28 18:52:40.484  SPELL_AURA_APPLIED,Player-4755-0210153A,"Hapuseneb-Dreadmist",0x514,0x0,Player-4755-0220BD00,"Krikoff-Dreadmist",0x40514,0x0,15359,"Inspiration",0x2,BUFF
4/28 18:52:40.484  SPELL_AURA_REFRESH,Player-4755-0178F416,"Eltorero-Dreadmist",0x514,0x0,Creature-0-4457-249-1045-10184-000028665C,"Onyxia",0x10a48,0x0,12721,"Deep Wound",0x1,DEBUFF
4/28 18:52:40.484  SWING_DAMAGE_LANDED,Pet-0-4457-249-1045-2850-01001956F9,"Kratos",0x1114,0x0,Creature-0-4457-249-1045-10184-000028665C,"Onyxia",0x10a48,0x0,Creature-0-4457-249-1045-10184-000028665C,0000000000000000,1,100,0,0,0,-1,0,0,0,11.06,-203.68,0,6.0900,63,38,85,-1,1,0,0,0,nil,1,nil
4/28 18:52:40.484  SWING_DAMAGE_LANDED,Player-4755-01A6B139,"Sakatan-Dreadmist",0x514,0x0,Creature-0-4457-249-1045-10184-000028665C,"Onyxia",0x10a48,0x0,Creature-0-4457-249-1045-10184-000028665C,0000000000000000,1,100,0,0,0,-1,0,0,0,11.06,-203.68,0,6.0900,63,115,152,-1,1,0,0,0,nil,1,nil
4/28 18:52:40.484  SPELL_DAMAGE,Player-4755-01A6B139,"Sakatan-Dreadmist",0x514,0x0,Creature-0-4457-249-1045-10184-000028665C,"Onyxia",0x10a48,0x0,11337,"Instant Poison VI",0x8,Creature-0-4457-249-1045-10184-000028665C,0000000000000000,1,100,0,0,0,-1,0,0,0,11.06,-203.68,0,6.0900,63,117,117,-1,8,0,0,0,nil,nil,nil
4/28 18:52:40.484  SPELL_DAMAGE,Player-4755-01840577,"Raggèn-Dreadmist",0x514,0x0,Creature-0-4457-249-1045-10184-000028665C,"Onyxia",0x10a48,0x0,17364,"Stormstrike",0x1,Creature-0-4457-249-1045-10184-000028665C,0000000000000000,1,100,0,0,0,-1,0,0,0,11.06,-203.68,0,6.0900,63,324,410,-1,1,0,0,0,nil,nil,nil
4/28 18:52:40.484  SPELL_AURA_APPLIED,Player-4755-01840577,"Raggèn-Dreadmist",0x514,0x0,Creature-0-4457-249-1045-10184-000028665C,"Onyxia",0x10a48,0x0,17364,"Stormstrike",0x1,DEBUFF
4/28 18:52:40.484  SPELL_HEAL,Player-4755-016296D3,"Nivl-Dreadmist",0x514,0x0,Player-4755-0163DD9D,"Kaspais-Dreadmist",0x514,0x0,1064,"Chain Heal",0x8,Player-4755-0163DD9D,0000000000000000,92,100,0,0,0,-1,0,0,0,8.42,-174.44,0,4.9307,66,282,282,0,0,nil
4/28 18:52:40.484  SPELL_HEAL,Player-4755-016296D3,"Nivl-Dreadmist",0x514,0x0,Player-4755-01614AC7,"Mirrimazduur-Dreadmist",0x512,0x0,1064,"Chain Heal",0x8,Player-4755-01614AC7,0000000000000000,83,100,0,0,0,-1,0,0,0,8.29,-171.67,0,4.6129,68,449,449,0,0,nil
4/28 18:52:40.484  SPELL_HEAL,Player-4755-016296D3,"Nivl-Dreadmist",0x514,0x0,Player-4755-01F36B30,"Rectumqeef-Dreadmist",0x514,0x0,1064,"Chain Heal",0x8,Player-4755-01F36B30,0000000000000000,80,100,0,0,0,-1,0,0,0,11.24,-173.92,0,4.7049,66,657,657,0,0,nil
4/28 18:52:40.484  SWING_DAMAGE_LANDED,Player-4755-01840577,"Raggèn-Dreadmist",0x514,0x0,Creature-0-4457-249-1045-10184-000028665C,"Onyxia",0x10a48,0x0,Creature-0-4457-249-1045-10184-000028665C,0000000000000000,1,100,0,0,0,-1,0,0,0,11.06,-203.68,0,6.0900,63,397,599,-1,1,0,0,0,nil,1,nil
4/28 18:52:40.484  SWING_DAMAGE_LANDED,Player-4755-01733879,"Hocwar-Dreadmist",0x40514,0x0,Creature-0-4457-249-1045-10184-000028665C,"Onyxia",0x10a48,0x0,Creature-0-4457-249-1045-10184-000028665C,0000000000000000,1,100,0,0,0,-1,0,0,0,11.06,-203.68,0,6.0900,63,86,128,-1,1,0,0,0,nil,1,nil
4/28 18:52:40.484  SWING_DAMAGE_LANDED,Creature-0-4457-249-1045-10184-000028665C,"Onyxia",0x10a48,0x0,Player-4755-0220BD00,"Krikoff-Dreadmist",0x40514,0x0,Player-4755-0220BD00,0000000000000000,90,100,0,0,0,-1,0,0,0,24.32,-200.82,0,3.3458,68,652,1837,-1,1,0,0,0,nil,nil,nil
4/28 18:52:40.484  SPELL_DAMAGE,Player-4755-0220BD00,"Krikoff-Dreadmist",0x40514,0x0,Creature-0-4457-249-1045-10184-000028665C,"Onyxia",0x10a48,0x0,11567,"Heroic Strike",0x1,Creature-0-4457-249-1045-10184-000028665C,0000000000000000,1,100,0,0,0,-1,0,0,0,11.06,-203.68,0,6.0900,63,323,409,-1,1,0,0,0,nil,nil,nil
4/28 18:52:40.484  SPELL_HEAL,Player-4755-01804B95,"Moymoy-Dreadmist",0x514,0x0,Player-4755-0220BD00,"Krikoff-Dreadmist",0x40514,0x0,939,"Healing Wave",0x8,Player-4755-0220BD00,0000000000000000,100,100,0,0,0,-1,0,0,0,24.32,-200.82,0,3.3458,68,968,968,316,0,nil
4/28 18:52:40.484  SWING_DAMAGE_LANDED,Player-4755-01A6B139,"Sakatan-Dreadmist",0x514,0x0,Creature-0-4457-249-1045-10184-000028665C,"Onyxia",0x10a48,0x0,Creature-0-4457-249-1045-10184-000028665C,0000000000000000,1,100,0,0,0,-1,0,0,0,11.06,-203.68,0,6.0900,63,152,193,-1,1,0,0,0,nil,nil,nil
4/28 18:52:40.484  SPELL_CAST_SUCCESS,Player-4755-01BC57A3,"Saintis-Dreadmist",0x511,0x0,Creature-0-4457-249-1045-10184-000028665C,"Onyxia",0x10a48,0x0,5019,"Shoot",0x1,Player-4755-01BC57A3,0000000000000000,100,100,0,0,0,-1,0,0,0,18.51,-218.95,0,1.9756,68
4/28 18:52:40.509  SPELL_CAST_SUCCESS,Player-4755-015FEBD5,"Sauvage-Dreadmist",0x514,0x0,Creature-0-4457-249-1045-10184-000028665C,"Onyxia",0x10a48,0x0,10181,"Frostbolt",0x10,Player-4755-015FEBD5,0000000000000000,100,100,0,0,0,-1,0,0,0,4.67,-239.20,0,1.2503,64
4/28 18:52:40.631  SWING_DAMAGE,Player-4755-01AC9FD9,"Alexinho-Dreadmist",0x514,0x0,Creature-0-4457-249-1045-10184-000028665C,"Onyxia",0x10a48,0x0,Player-4755-01AC9FD9,0000000000000000,99,100,0,0,0,-1,0,0,0,10.92,-195.42,0,4.7193,66,272,169,-1,1,0,0,0,1,nil,nil
4/28 18:52:40.675  SPELL_CAST_START,Player-4755-015FEBD5,"Sauvage-Dreadmist",0x514,0x0,0000000000000000,nil,0x80000000,0x80000000,10181,"Frostbolt",0x10
4/28 18:52:40.675  SPELL_CAST_START,Player-4755-01804B95,"Moymoy-Dreadmist",0x514,0x0,0000000000000000,nil,0x80000000,0x80000000,939,"Healing Wave",0x8
4/28 18:52:40.749  SPELL_CAST_SUCCESS,Player-4755-0178F576,"Atreas-Dreadmist",0x514,0x0,Creature-0-4457-249-1045-10184-000028665C,"Onyxia",0x10a48,0x0,75,"Auto Shot",0x1,Player-4755-0178F576,0000000000000000,100,100,0,0,0,-1,0,0,0,0.87,-171.31,0,5.0172,66
4/28 18:52:40.766  RANGE_DAMAGE,Player-4755-01E83279,"Nlmasters-Dreadmist",0x514,0x8,Creature-0-4457-249-1045-10184-000028665C,"Onyxia",0x10a48,0x0,75,"Auto Shot",0x1,Creature-0-4457-249-1045-10184-000028665C,0000000000000000,1,100,0,0,0,-1,0,0,0,11.06,-203.68,0,6.0900,63,349,442,-1,1,0,0,0,nil,nil,nil
4/28 18:52:40.783  SPELL_DAMAGE,Player-4755-0178F576,"Atreas-Dreadmist",0x514,0x0,Creature-0-4457-249-1045-10184-000028665C,"Onyxia",0x10a48,0x0,14287,"Arcane Shot",0x40,Creature-0-4457-249-1045-10184-000028665C,0000000000000000,1,100,0,0,0,-1,0,0,0,11.06,-203.68,0,6.0900,63,518,197,-1,64,0,0,0,1,nil,nil
4/28 18:52:40.783  SPELL_AURA_APPLIED,Player-4755-0160BD13,"Mafkees-Dreadmist",0x514,0x0,Player-4755-0160BD13,"Mafkees-Dreadmist",0x514,0x0,10610,"Windfury Totem",0x8,BUFF
4/28 18:52:40.783  SPELL_EXTRA_ATTACKS,Player-4755-0160BD13,"Mafkees-Dreadmist",0x514,0x0,Player-4755-0160BD13,"Mafkees-Dreadmist",0x514,0x0,10610,"Windfury Totem",0x8,1
4/28 18:52:40.801  SWING_DAMAGE,Player-4755-0160BD13,"Mafkees-Dreadmist",0x514,0x0,Creature-0-4457-249-1045-10184-000028665C,"Onyxia",0x10a48,0x0,Player-4755-0160BD13,0000000000000000,100,100,0,0,0,-1,0,0,0,5.08,-197.15,0,5.4334,64,541,807,-1,1,0,0,0,nil,1,nil
4/28 18:52:40.819  SPELL_PERIODIC_DAMAGE,Player-4755-0160BD13,"Mafkees-Dreadmist",0x514,0x0,Creature-0-4457-249-1045-10184-000028665C,"Onyxia",0x10a48,0x0,12721,"Deep Wound",0x1,Creature-0-4457-249-1045-10184-000028665C,0000000000000000,1,100,0,0,0,-1,0,0,0,11.06,-203.68,0,6.0900,63,138,138,-1,1,0,0,0,nil,nil,nil
4/28 18:52:40.819  SPELL_CAST_SUCCESS,Player-4755-01FA8DD8,"Roackerita-Dreadmist",0x514,0x0,Player-4755-01F21AE6,"Blahu-Dreadmist",0x40514,0x0,9474,"Flash Heal",0x2,Player-4755-01FA8DD8,0000000000000000,100,100,0,0,0,-1,0,0,0,17.56,-173.91,0,5.8940,69
4/28 18:52:40.838  SWING_MISSED,Player-4755-01733879,"Hocwar-Dreadmist",0x40514,0x0,Creature-0-4457-249-1045-10184-000028665C,"Onyxia",0x10a48,0x0,PARRY,nil
4/28 18:52:40.900  SPELL_AURA_REMOVED_DOSE,Player-4755-01840577,"Raggèn-Dreadmist",0x514,0x0,Player-4755-01840577,"Raggèn-Dreadmist",0x514,0x0,16361,"Windfury Weapon",0x8,BUFF,2
4/28 18:52:40.900  SPELL_AURA_REMOVED_DOSE,Player-4755-01840577,"Raggèn-Dreadmist",0x514,0x0,Player-4755-01840577,"Raggèn-Dreadmist",0x514,0x0,16361,"Windfury Weapon",0x8,BUFF,1
4/28 18:52:40.900  SPELL_AURA_REMOVED_DOSE,Player-4755-01733879,"Hocwar-Dreadmist",0x40514,0x0,Player-4755-01733879,"Hocwar-Dreadmist",0x40514,0x0,12970,"Flurry",0x1,BUFF,1
4/28 18:52:40.900  DAMAGE_SHIELD_MISSED,Player-4755-0220BD00,"Krikoff-Dreadmist",0x40514,0x0,Creature-0-4457-249-1045-10184-000028665C,"Onyxia",0x10a48,0x0,11771,"Fire Shield",0x4,IMMUNE,nil
4/28 18:52:40.900  SPELL_AURA_REMOVED_DOSE,Player-4755-0220BD00,"Krikoff-Dreadmist",0x40514,0x0,Player-4755-0220BD00,"Krikoff-Dreadmist",0x40514,0x0,23888,"Bloodthirst",0x1,BUFF,1
4/28 18:52:40.900  SPELL_HEAL,Player-4755-0220BD00,"Krikoff-Dreadmist",0x40514,0x0,Player-4755-0220BD00,"Krikoff-Dreadmist",0x40514,0x0,23891,"Bloodthirst",0x1,Player-4755-0220BD00,0000000000000000,100,100,0,0,0,-1,0,0,0,24.32,-200.82,0,3.3458,68,20,20,20,0,nil
4/28 18:52:40.900  SWING_DAMAGE_LANDED,Player-4755-01AC9FD9,"Alexinho-Dreadmist",0x514,0x0,Creature-0-4457-249-1045-10184-000028665C,"Onyxia",0x10a48,0x0,Creature-0-4457-249-1045-10184-000028665C,0000000000000000,1,100,0,0,0,-1,0,0,0,11.06,-203.68,0,6.0900,63,272,169,-1,1,0,0,0,1,nil,nil
4/28 18:52:40.900  SPELL_DAMAGE,Player-4755-0160BD13,"Mafkees-Dreadmist",0x514,0x0,Creature-0-4457-249-1045-10184-000028665C,"Onyxia",0x10a48,0x0,20647,"Execute",0x1,Creature-0-4457-249-1045-10184-000028665C,0000000000000000,1,100,0,0,0,-1,0,0,0,11.06,-203.68,0,6.0900,63,822,1042,-1,1,0,0,0,nil,nil,nil
4/28 18:52:40.900  SWING_DAMAGE_LANDED,Player-4755-0160BD13,"Mafkees-Dreadmist",0x514,0x0,Creature-0-4457-249-1045-10184-000028665C,"Onyxia",0x10a48,0x0,Creature-0-4457-249-1045-10184-000028665C,0000000000000000,0,100,0,0,0,-1,0,0,0,11.06,-203.68,0,6.0900,63,541,807,-1,1,0,0,0,nil,1,nil
4/28 18:52:40.900  SPELL_HEAL,Player-4755-01FA8DD8,"Roackerita-Dreadmist",0x514,0x0,Player-4755-01F21AE6,"Blahu-Dreadmist",0x40514,0x0,9474,"Flash Heal",0x2,Player-4755-01F21AE6,0000000000000000,100,100,0,0,0,-1,0,0,0,13.91,-207.74,0,1.9704,70,767,767,529,0,nil
4/28 18:52:40.900  SPELL_CAST_SUCCESS,Player-4755-01617EEE,"Fenix-Dreadmist",0x512,0x0,0000000000000000,nil,0x80000000,0x80000000,17530,"Restore Mana",0x1,Player-4755-01617EEE,0000000000000000,100,100,0,0,0,-1,0,0,0,24.88,-179.93,0,4.5778,66
4/28 18:52:40.900  SWING_DAMAGE,Player-4755-01637B0A,"Pindle-Dreadmist",0x514,0x0,Creature-0-4457-249-1045-10184-000028665C,"Onyxia",0x10a48,0x0,Player-4755-01637B0A,0000000000000000,100,100,0,0,0,-1,0,0,0,8.82,-197.27,0,5.2007,65,163,101,-1,1,0,0,0,1,nil,nil
4/28 18:52:40.900  SPELL_CAST_START,Player-4755-016296D3,"Nivl-Dreadmist",0x514,0x0,0000000000000000,nil,0x80000000,0x80000000,1064,"Chain Heal",0x8
4/28 18:52:40.979  SPELL_CAST_START,Player-4755-01614AC7,"Mirrimazduur-Dreadmist",0x512,0x0,0000000000000000,nil,0x80000000,0x80000000,11661,"Shadow Bolt",0x20
4/28 18:52:40.995  SPELL_DAMAGE,Player-4755-01802FE5,"Angrybat-Dreadmist",0x514,0x0,Creature-0-4457-249-1045-10184-000028665C,"Onyxia",0x10a48,0x0,10181,"Frostbolt",0x10,Creature-0-4457-249-1045-10184-000028665C,0000000000000000,0,100,0,0,0,-1,0,0,0,11.06,-203.68,0,6.0900,63,952,865,-1,16,0,0,0,nil,nil,nil
4/28 18:52:41.010  SWING_DAMAGE,Player-4755-01637B0A,"Pindle-Dreadmist",0x514,0x0,Creature-0-4457-249-1045-10184-000028665C,"Onyxia",0x10a48,0x0,Player-4755-01637B0A,0000000000000000,100,100,0,0,0,-1,0,0,0,8.82,-197.27,0,5.2007,65,138,182,-1,1,0,0,0,nil,1,nil
4/28 18:52:41.079  SPELL_CAST_SUCCESS,Player-4755-01F36B30,"Rectumqeef-Dreadmist",0x514,0x0,Creature-0-4457-249-1045-10184-000028665C,"Onyxia",0x10a48,0x0,11661,"Shadow Bolt",0x20,Player-4755-01F36B30,0000000000000000,80,100,0,0,0,-1,0,0,0,11.24,-173.92,0,4.7049,66
4/28 18:52:41.079  SPELL_CAST_START,Player-4755-01F36B30,"Rectumqeef-Dreadmist",0x514,0x0,0000000000000000,nil,0x80000000,0x80000000,11661,"Shadow Bolt",0x20
4/28 18:52:41.079  SWING_DAMAGE,Player-4755-01AC9FD9,"Alexinho-Dreadmist",0x514,0x0,Creature-0-4457-249-1045-10184-000028665C,"Onyxia",0x10a48,0x0,Player-4755-01AC9FD9,0000000000000000,99,100,0,0,0,-1,0,0,0,10.92,-195.42,0,4.7193,66,277,391,-1,1,0,0,0,nil,1,nil
4/28 18:52:41.079  SWING_DAMAGE,Pet-0-4457-249-1045-2850-01001956F9,"Kratos",0x1114,0x0,Creature-0-4457-249-1045-10184-000028665C,"Onyxia",0x10a48,0x0,Pet-0-4457-249-1045-2850-01001956F9,Player-4755-0178F576,81,100,0,0,0,-1,0,0,0,12.54,-178.68,0,4.6531,66,46,76,-1,1,0,0,0,nil,1,nil
4/28 18:52:41.079  SPELL_DAMAGE,Player-4755-01614AC7,"Mirrimazduur-Dreadmist",0x512,0x0,Creature-0-4457-249-1045-10184-000028665C,"Onyxia",0x10a48,0x0,11661,"Shadow Bolt",0x20,Creature-0-4457-249-1045-10184-000028665C,0000000000000000,0,100,0,0,0,-1,0,0,0,11.06,-203.68,0,6.0900,63,952,865,-1,32,0,0,0,nil,nil,nil
4/28 18:52:41.117  SPELL_CAST_SUCCESS,Player-4755-01AC9FD9,"Alexinho-Dreadmist",0x514,0x0,Creature-0-4457-249-1045-10184-000028665C,"Onyxia",0x10a48,0x0,11294,"Sinister Strike",0x1,Player-4755-01AC9FD9,0000000000000000,99,100,0,0,0,-1,0,0,0,10.92,-195.42,0,4.7193,66
4/28 18:52:41.182  SPELL_PERIODIC_ENERGIZE,Player-4755-0178F416,"Eltorero-Dreadmist",0x514,0x0,Player-4755-0178F416,"Eltorero-Dreadmist",0x514,0x0,29131,"Bloodrage",0x1,Player-4755-0178F416,0000000000000000,100,100,0,0,0,-1,0,0,0,8.87,-216.35,0,1.4722,67,1.0000,0.0000,1,1000
4/28 18:52:41.182  SPELL_AURA_REMOVED,Player-4755-0178F416,"Eltorero-Dreadmist",0x514,0x0,Player-4755-0178F416,"Eltorero-Dreadmist",0x514,0x0,29131,"Bloodrage",0x1,BUFF
4/28 18:52:41.199  SWING_DAMAGE,Player-4755-0220BD00,"Krikoff-Dreadmist",0x40514,0x0,Creature-0-4457-249-1045-10184-000028665C,"Onyxia",0x10a48,0x0,Player-4755-0220BD00,0000000000000000,100,100,0,0,0,-1,0,0,0,24.32,-200.82,0,3.3458,68,112,175,-1,1,0,0,0,nil,1,nil
4/28 18:52:41.298  SPELL_ENERGIZE,Player-4755-01733879,"Hocwar-Dreadmist",0x40514,0x0,Player-4755-01733879,"Hocwar-Dreadmist",0x40514,0x0,12964,"Unbridled Wrath",0x1,Player-4755-01733879,0000000000000000,100,100,0,0,0,-1,0,0,0,10.66,-193.84,0,4.9411,71,1.0000,0.0000,1,1000
4/28 18:52:41.298  SPELL_ENERGIZE,Player-4755-0220BD00,"Krikoff-Dreadmist",0x40514,0x0,Player-4755-0220BD00,"Krikoff-Dreadmist",0x40514,0x0,12964,"Unbridled Wrath",0x1,Player-4755-0220BD00,0000000000000000,100,100,0,0,0,-1,0,0,0,24.32,-200.82,0,3.3458,68,1.0000,0.0000,1,1000
4/28 18:52:41.298  SPELL_AURA_REMOVED_DOSE,Player-4755-0160BD13,"Mafkees-Dreadmist",0x514,0x0,Player-4755-0160BD13,"Mafkees-Dreadmist",0x514,0x0,10610,"Windfury Totem",0x8,BUFF,1
4/28 18:52:41.298  SPELL_AURA_REMOVED,Player-4755-01733879,"Hocwar-Dreadmist",0x40514,0x0,Player-4755-01733879,"Hocwar-Dreadmist",0x40514,0x0,12970,"Flurry",0x1,BUFF
4/28 18:52:41.298  SPELL_ENERGIZE,Player-4755-01617EEE,"Fenix-Dreadmist",0x512,0x0,Player-4755-01617EEE,"Fenix-Dreadmist",0x512,0x0,17530,"Restore Mana",0x1,Player-4755-01617EEE,0000000000000000,100,100,0,0,0,-1,0,0,0,24.88,-179.93,0,4.5778,66,1194.0000,0.0000,0,5746
4/28 18:52:41.298  SWING_DAMAGE_LANDED,Player-4755-01637B0A,"Pindle-Dreadmist",0x514,0x0,Creature-0-4457-249-1045-10184-000028665C,"Onyxia",0x10a48,0x0,Creature-0-4457-249-1045-10184-000028665C,0000000000000000,0,100,0,0,0,-1,0,0,0,11.06,-203.68,0,6.0900,63,163,101,-1,1,0,0,0,1,nil,nil
4/28 18:52:41.298  SPELL_DAMAGE,Player-4755-01F21AE6,"Blahu-Dreadmist",0x40514,0x0,Creature-0-4457-249-1045-10184-000028665C,"Onyxia",0x10a48,0x0,20647,"Execute",0x1,Creature-0-4457-249-1045-10184-000028665C,0000000000000000,0,100,0,0,0,-1,0,0,0,11.06,-203.68,0,6.0900,63,580,736,-1,1,0,0,0,nil,nil,nil
4/28 18:52:41.298  SWING_DAMAGE_LANDED,Player-4755-01637B0A,"Pindle-Dreadmist",0x514,0x0,Creature-0-4457-249-1045-10184-000028665C,"Onyxia",0x10a48,0x0,Creature-0-4457-249-1045-10184-000028665C,0000000000000000,0,100,0,0,0,-1,0,0,0,11.06,-203.68,0,6.0900,63,138,182,-1,1,0,0,0,nil,1,nil
4/28 18:52:41.298  SWING_DAMAGE_LANDED,Player-4755-01AC9FD9,"Alexinho-Dreadmist",0x514,0x0,Creature-0-4457-249-1045-10184-000028665C,"Onyxia",0x10a48,0x0,Creature-0-4457-249-1045-10184-000028665C,0000000000000000,0,100,0,0,0,-1,0,0,0,11.06,-203.68,0,6.0900,63,277,391,-1,1,0,0,0,nil,1,nil
4/28 18:52:41.298  SWING_DAMAGE_LANDED,Pet-0-4457-249-1045-2850-01001956F9,"Kratos",0x1114,0x0,Creature-0-4457-249-1045-10184-000028665C,"Onyxia",0x10a48,0x0,Creature-0-4457-249-1045-10184-000028665C,0000000000000000,0,100,0,0,0,-1,0,0,0,11.06,-203.68,0,6.0900,63,46,76,-1,1,0,0,0,nil,1,nil
4/28 18:52:41.298  SPELL_DAMAGE,Player-4755-01AC9FD9,"Alexinho-Dreadmist",0x514,0x0,Creature-0-4457-249-1045-10184-000028665C,"Onyxia",0x10a48,0x0,11294,"Sinister Strike",0x1,Creature-0-4457-249-1045-10184-000028665C,0000000000000000,0,100,0,0,0,-1,0,0,0,11.06,-203.68,0,6.0900,63,310,394,-1,1,0,0,0,nil,nil,nil
4/28 18:52:41.298  SWING_DAMAGE_LANDED,Player-4755-0220BD00,"Krikoff-Dreadmist",0x40514,0x0,Creature-0-4457-249-1045-10184-000028665C,"Onyxia",0x10a48,0x0,Creature-0-4457-249-1045-10184-000028665C,0000000000000000,0,100,0,0,0,-1,0,0,0,11.06,-203.68,0,6.0900,63,112,175,-1,1,0,0,0,nil,1,nil
4/28 18:52:41.310  RANGE_MISSED,Player-4755-01BC57A3,"Saintis-Dreadmist",0x511,0x0,Creature-0-4457-249-1045-10184-000028665C,"Onyxia",0x10a48,0x0,5019,"Shoot",0x1,IMMUNE,nil
4/28 18:52:41.365  SPELL_CAST_SUCCESS,Player-4755-0163DD9D,"Kaspais-Dreadmist",0x514,0x0,Creature-0-4457-249-1045-10184-000028665C,"Onyxia",0x10a48,0x0,10181,"Frostbolt",0x10,Player-4755-0163DD9D,0000000000000000,92,100,0,0,0,-1,0,0,0,8.42,-174.44,0,4.9307,66
4/28 18:52:41.365  SPELL_CAST_START,Player-4755-0163DD9D,"Kaspais-Dreadmist",0x514,0x0,0000000000000000,nil,0x80000000,0x80000000,10181,"Frostbolt",0x10
4/28 18:52:41.428  SPELL_PERIODIC_ENERGIZE,Player-4755-01733879,"Hocwar-Dreadmist",0x40514,0x0,Player-4755-01733879,"Hocwar-Dreadmist",0x40514,0x0,29131,"Bloodrage",0x1,Player-4755-01733879,0000000000000000,100,100,0,0,0,-1,0,0,0,10.66,-193.84,0,4.9411,71,1.0000,0.0000,1,1000
4/28 18:52:41.428  SWING_MISSED,Player-4755-01A6B139,"Sakatan-Dreadmist",0x514,0x0,Creature-0-4457-249-1045-10184-000028665C,"Onyxia",0x10a48,0x0,MISS,1
4/28 18:52:41.444  SPELL_AURA_REMOVED,Player-4755-01637B0A,"Pindle-Dreadmist",0x514,0x0,Player-4755-01637B0A,"Pindle-Dreadmist",0x514,0x0,13877,"Blade Flurry",0x1,BUFF
4/28 18:52:41.566  SWING_DAMAGE,Creature-0-4457-249-1045-10184-000028665C,"Onyxia",0x10a48,0x0,Player-4755-0220BD00,"Krikoff-Dreadmist",0x40514,0x0,Creature-0-4457-249-1045-10184-000028665C,0000000000000000,0,100,0,0,0,-1,0,0,0,11.06,-203.68,0,6.0900,63,620,1746,-1,1,0,0,0,nil,nil,nil
4/28 18:52:41.581  SWING_MISSED,Player-4755-01F21AE6,"Blahu-Dreadmist",0x40514,0x0,Creature-0-4457-249-1045-10184-000028665C,"Onyxia",0x10a48,0x0,PARRY,1
4/28 18:52:41.581  SPELL_AURA_REMOVED,Player-4755-0160BD13,"Mafkees-Dreadmist",0x514,0x0,Player-4755-0160BD13,"Mafkees-Dreadmist",0x514,0x0,20007,"Holy Strength",0x2,BUFF
4/28 18:52:41.581  SPELL_AURA_REMOVED,Player-4755-01840577,"Raggèn-Dreadmist",0x514,0x0,Player-4755-01840577,"Raggèn-Dreadmist",0x514,0x0,16361,"Windfury Weapon",0x8,BUFF
4/28 18:52:41.616  RANGE_DAMAGE,Player-4755-0178F576,"Atreas-Dreadmist",0x514,0x0,Creature-0-4457-249-1045-10184-000028665C,"Onyxia",0x10a48,0x0,75,"Auto Shot",0x1,Creature-0-4457-249-1045-10184-000028665C,0000000000000000,0,100,0,0,0,-1,0,0,0,11.06,-203.68,0,6.0900,63,382,485,-1,1,0,0,0,nil,nil,nil
4/28 18:52:41.633  SPELL_PERIODIC_HEAL,Player-4755-0210153A,"Hapuseneb-Dreadmist",0x514,0x0,Player-4755-0160BD13,"Mafkees-Dreadmist",0x514,0x0,10929,"Renew",0x2,Player-4755-0160BD13,0000000000000000,100,100,0,0,0,-1,0,0,0,7.24,-195.71,0,5.1821,64,146,146,146,0,nil
4/28 18:52:41.633  SWING_DAMAGE,Player-4755-01733879,"Hocwar-Dreadmist",0x40514,0x0,Creature-0-4457-249-1045-10184-000028665C,"Onyxia",0x10a48,0x0,Player-4755-01733879,0000000000000000,100,100,0,0,0,-1,0,0,0,10.66,-193.84,0,4.9411,71,230,146,-1,1,0,0,0,1,nil,nil
4/28 18:52:41.698  SPELL_ENERGIZE,Player-4755-0160BD13,"Mafkees-Dreadmist",0x514,0x0,Player-4755-0160BD13,"Mafkees-Dreadmist",0x514,0x0,12964,"Unbridled Wrath",0x1,Player-4755-0160BD13,0000000000000000,100,100,0,0,0,-1,0,0,0,6.82,-195.92,0,5.1821,64,1.0000,0.0000,1,1000
4/28 18:52:41.698  SPELL_EXTRA_ATTACKS,Player-4755-01637B0A,"Pindle-Dreadmist",0x514,0x0,Player-4755-01637B0A,"Pindle-Dreadmist",0x514,0x0,15601,"Hand of Justice",0x1,1
4/28 18:52:41.698  SPELL_HEAL,Player-4755-0220BD00,"Krikoff-Dreadmist",0x40514,0x0,Player-4755-0220BD00,"Krikoff-Dreadmist",0x40514,0x0,23891,"Bloodthirst",0x1,Player-4755-0220BD00,0000000000000000,100,100,0,0,0,-1,0,0,0,24.32,-200.82,0,3.3458,68,20,20,20,0,nil
4/28 18:52:41.698  SPELL_AURA_REMOVED,Player-4755-0220BD00,"Krikoff-Dreadmist",0x40514,0x0,Player-4755-0220BD00,"Krikoff-Dreadmist",0x40514,0x0,23888,"Bloodthirst",0x1,BUFF
4/28 18:52:41.698  SWING_DAMAGE_LANDED,Creature-0-4457-249-1045-10184-000028665C,"Onyxia",0x10a48,0x0,Player-4755-0220BD00,"Krikoff-Dreadmist",0x40514,0x0,Player-4755-0220BD00,0000000000000000,90,100,0,0,0,-1,0,0,0,24.32,-200.82,0,3.3458,68,620,1746,-1,1,0,0,0,nil,nil,nil
4/28 18:52:41.698  SWING_DAMAGE_LANDED,Player-4755-01733879,"Hocwar-Dreadmist",0x40514,0x0,Creature-0-4457-249-1045-10184-000028665C,"Onyxia",0x10a48,0x0,Creature-0-4457-249-1045-10184-000028665C,0000000000000000,0,100,0,0,0,-1,0,0,0,11.06,-203.68,0,6.0900,63,230,146,-1,1,0,0,0,1,nil,nil
4/28 18:52:41.698  SPELL_CAST_START,Player-4755-020BD78D,"Lonehunter-Dreadmist",0x514,0x0,0000000000000000,nil,0x80000000,0x80000000,75,"Auto Shot",0x1
4/28 18:52:41.718  SWING_DAMAGE,Player-4755-01637B0A,"Pindle-Dreadmist",0x514,0x0,Creature-0-4457-249-1045-10184-000028665C,"Onyxia",0x10a48,0x0,Player-4755-01637B0A,0000000000000000,100,100,0,0,0,-1,0,0,0,8.82,-197.27,0,5.2125,65,139,187,-1,1,0,0,0,nil,1,nil
4/28 18:52:41.768  SPELL_CAST_START,Player-4755-01617EEE,"Fenix-Dreadmist",0x512,0x0,0000000000000000,nil,0x80000000,0x80000000,6064,"Heal",0x2
4/28 18:52:41.768  SPELL_CAST_START,Player-4755-01E83279,"Nlmasters-Dreadmist",0x514,0x8,0000000000000000,nil,0x80000000,0x80000000,75,"Auto Shot",0x1
4/28 18:52:41.799  SPELL_AURA_REMOVED,Player-4755-01614AC7,"Mirrimazduur-Dreadmist",0x512,0x0,Creature-0-4457-249-1045-10184-000028665C,"Onyxia",0x10a48,0x0,11672,"Corruption",0x20,DEBUFF
4/28 18:52:41.799  SPELL_AURA_REMOVED,Player-4755-0160BD13,"Mafkees-Dreadmist",0x514,0x0,Creature-0-4457-249-1045-10184-000028665C,"Onyxia",0x10a48,0x0,11597,"Sunder Armor",0x1,DEBUFF
4/28 18:52:41.799  SPELL_AURA_REMOVED,Player-4755-01802FE5,"Angrybat-Dreadmist",0x514,0x0,Creature-0-4457-249-1045-10184-000028665C,"Onyxia",0x10a48,0x0,12579,"Winter's Chill",0x10,DEBUFF
4/28 18:52:41.799  SPELL_AURA_REMOVED,Player-4755-01733879,"Hocwar-Dreadmist",0x40514,0x0,Creature-0-4457-249-1045-10184-000028665C,"Onyxia",0x10a48,0x0,11556,"Demoralizing Shout",0x1,DEBUFF
4/28 18:52:41.799  SPELL_AURA_REMOVED,Player-4755-01F36B30,"Rectumqeef-Dreadmist",0x514,0x0,Creature-0-4457-249-1045-10184-000028665C,"Onyxia",0x10a48,0x0,17937,"Curse of Shadow",0x20,DEBUFF
4/28 18:52:41.799  SPELL_AURA_REMOVED,Player-4755-0160BD13,"Mafkees-Dreadmist",0x514,0x0,Creature-0-4457-249-1045-10184-000028665C,"Onyxia",0x10a48,0x0,12721,"Deep Wound",0x1,DEBUFF
4/28 18:52:41.799  SPELL_AURA_REMOVED,Player-4755-01F36B30,"Rectumqeef-Dreadmist",0x514,0x0,Creature-0-4457-249-1045-10184-000028665C,"Onyxia",0x10a48,0x0,11672,"Corruption",0x20,DEBUFF
4/28 18:52:41.799  SPELL_AURA_REMOVED,Player-4755-01614AC7,"Mirrimazduur-Dreadmist",0x512,0x0,Creature-0-4457-249-1045-10184-000028665C,"Onyxia",0x10a48,0x0,11722,"Curse of the Elements",0x20,DEBUFF
4/28 18:52:41.799  SPELL_AURA_REMOVED,Player-4755-0178F416,"Eltorero-Dreadmist",0x514,0x0,Creature-0-4457-249-1045-10184-000028665C,"Onyxia",0x10a48,0x0,12721,"Deep Wound",0x1,DEBUFF
4/28 18:52:41.799  SPELL_AURA_REMOVED,Player-4755-01840577,"Raggèn-Dreadmist",0x514,0x0,Creature-0-4457-249-1045-10184-000028665C,"Onyxia",0x10a48,0x0,17364,"Stormstrike",0x1,DEBUFF
4/28 18:52:41.799  SPELL_DAMAGE,Player-4755-015FEBD5,"Sauvage-Dreadmist",0x514,0x0,Creature-0-4457-249-1045-10184-000028665C,"Onyxia",0x10a48,0x0,10181,"Frostbolt",0x10,Creature-0-4457-249-1045-10184-000028665C,0000000000000000,0,100,0,0,0,-1,0,0,0,11.06,-203.68,0,0.2128,63,1771,805,442,16,0,0,0,1,nil,nil
4/28 18:52:42.028  SPELL_CAST_SUCCESS,Player-4755-01ED7A64,"Sperzieboon-Dreadmist",0x514,0x0,Player-4755-0220BD00,"Krikoff-Dreadmist",0x40514,0x0,6063,"Heal",0x2,Player-4755-01ED7A64,0000000000000000,100,100,0,0,0,-1,0,0,0,11.91,-229.55,0,1.6655,67
4/28 18:52:42.094  UNIT_DIED,0000000000000000,nil,0x80000000,0x80000000,Creature-0-4457-249-1045-10184-000028665C,"Onyxia",0x10a48,0x0
4/28 18:52:42.117  SPELL_ENERGIZE,Player-4755-0220BD00,"Krikoff-Dreadmist",0x40514,0x0,Player-4755-0220BD00,"Krikoff-Dreadmist",0x40514,0x0,29478,"Battlegear of Might",0x1,Player-4755-0220BD00,0000000000000000,90,100,0,0,0,-1,0,0,0,24.32,-200.82,0,3.3458,68,1.0000,0.0000,1,1000
4/28 18:52:42.117  SPELL_AURA_APPLIED,Player-4755-01733879,"Hocwar-Dreadmist",0x40514,0x0,Player-4755-01733879,"Hocwar-Dreadmist",0x40514,0x0,12970,"Flurry",0x1,BUFF
4/28 18:52:42.117  SWING_DAMAGE_LANDED,Player-4755-01637B0A,"Pindle-Dreadmist",0x514,0x0,Creature-0-4457-249-1045-10184-000028665C,"Onyxia",0xa48,0x0,Creature-0-4457-249-1045-10184-000028665C,0000000000000000,0,100,0,0,0,-1,0,0,0,11.06,-203.68,0,0.2128,63,139,187,-1,1,0,0,0,nil,1,nil
4/28 18:52:42.133  ENCOUNTER_END,1084,"Onyxia",9,40,1
